[22-Apr-2025 15:32:42 Europe/Berlin] Connected to database. Tables found: favorites, feedback, matches, news, newsletter, notifications, subscriptions, users
[22-Apr-2025 15:32:42 Europe/Berlin] Executing SQL: CREATE TABLE IF NOT EXISTS users (
                id INT AUTO_INCREMENT PRIMARY KEY,
                username VARCHAR(50) NOT NULL UNIQUE,
                password VARCHAR(255) NOT NULL,
                email VARCHAR(100) NOT NULL UNIQUE,
                account_type ENUM('user', 'admin') DEFAULT 'user',
                created_at TIMESTAMP DEFAULT CURRENT_TIMESTAMP
            )
[22-Apr-2025 15:32:42 Europe/Berlin] With params: []
[22-Apr-2025 15:32:42 Europe/Berlin] Query executed successfully. Found 0 rows
[22-Apr-2025 15:32:42 Europe/Berlin] Users table created or already exists
[22-Apr-2025 15:32:42 Europe/Berlin] Users table structure: [{"Field":"id","Type":"int(11)","Null":"NO","Key":"PRI","Default":null,"Extra":"auto_increment"},{"Field":"username","Type":"varchar(50)","Null":"NO","Key":"","Default":null,"Extra":""},{"Field":"email","Type":"varchar(100)","Null":"NO","Key":"UNI","Default":null,"Extra":""},{"Field":"password","Type":"varchar(255)","Null":"NO","Key":"","Default":null,"Extra":""},{"Field":"role","Type":"enum('user','admin')","Null":"YES","Key":"","Default":"user","Extra":""},{"Field":"verification_code","Type":"varchar(100)","Null":"YES","Key":"","Default":null,"Extra":""},{"Field":"is_verified","Type":"tinyint(1)","Null":"YES","Key":"","Default":"0","Extra":""},{"Field":"created_at","Type":"timestamp","Null":"NO","Key":"","Default":"current_timestamp()","Extra":""},{"Field":"favorite_sport","Type":"varchar(50)","Null":"YES","Key":"","Default":null,"Extra":""},{"Field":"favorite_team","Type":"varchar(50)","Null":"YES","Key":"","Default":null,"Extra":""},{"Field":"account_type","Type":"enum('user','admin')","Null":"YES","Key":"","Default":"user","Extra":""}]
[22-Apr-2025 15:32:42 Europe/Berlin] Number of users in database: 13
[22-Apr-2025 15:32:42 Europe/Berlin] All tables initialized successfully
[22-Apr-2025 15:32:42 Europe/Berlin] API Request received: /sportsync/backend/match.php
[22-Apr-2025 15:32:42 Europe/Berlin] GET parameters: Array
(
)

[22-Apr-2025 15:32:45 Europe/Berlin] Connected to database. Tables found: favorites, feedback, matches, news, newsletter, notifications, subscriptions, users
[22-Apr-2025 15:32:45 Europe/Berlin] Executing SQL: CREATE TABLE IF NOT EXISTS users (
                id INT AUTO_INCREMENT PRIMARY KEY,
                username VARCHAR(50) NOT NULL UNIQUE,
                password VARCHAR(255) NOT NULL,
                email VARCHAR(100) NOT NULL UNIQUE,
                account_type ENUM('user', 'admin') DEFAULT 'user',
                created_at TIMESTAMP DEFAULT CURRENT_TIMESTAMP
            )
[22-Apr-2025 15:32:45 Europe/Berlin] With params: []
[22-Apr-2025 15:32:45 Europe/Berlin] Query executed successfully. Found 0 rows
[22-Apr-2025 15:32:45 Europe/Berlin] Users table created or already exists
[22-Apr-2025 15:32:45 Europe/Berlin] Users table structure: [{"Field":"id","Type":"int(11)","Null":"NO","Key":"PRI","Default":null,"Extra":"auto_increment"},{"Field":"username","Type":"varchar(50)","Null":"NO","Key":"","Default":null,"Extra":""},{"Field":"email","Type":"varchar(100)","Null":"NO","Key":"UNI","Default":null,"Extra":""},{"Field":"password","Type":"varchar(255)","Null":"NO","Key":"","Default":null,"Extra":""},{"Field":"role","Type":"enum('user','admin')","Null":"YES","Key":"","Default":"user","Extra":""},{"Field":"verification_code","Type":"varchar(100)","Null":"YES","Key":"","Default":null,"Extra":""},{"Field":"is_verified","Type":"tinyint(1)","Null":"YES","Key":"","Default":"0","Extra":""},{"Field":"created_at","Type":"timestamp","Null":"NO","Key":"","Default":"current_timestamp()","Extra":""},{"Field":"favorite_sport","Type":"varchar(50)","Null":"YES","Key":"","Default":null,"Extra":""},{"Field":"favorite_team","Type":"varchar(50)","Null":"YES","Key":"","Default":null,"Extra":""},{"Field":"account_type","Type":"enum('user','admin')","Null":"YES","Key":"","Default":"user","Extra":""}]
[22-Apr-2025 15:32:45 Europe/Berlin] Number of users in database: 13
[22-Apr-2025 15:32:45 Europe/Berlin] All tables initialized successfully
[22-Apr-2025 15:32:45 Europe/Berlin] API Request received: /sportsync/backend/match.php
[22-Apr-2025 15:32:45 Europe/Berlin] GET parameters: Array
(
)

[22-Apr-2025 15:32:49 Europe/Berlin] Connected to database. Tables found: favorites, feedback, matches, news, newsletter, notifications, subscriptions, users
[22-Apr-2025 15:32:49 Europe/Berlin] Executing SQL: CREATE TABLE IF NOT EXISTS users (
                id INT AUTO_INCREMENT PRIMARY KEY,
                username VARCHAR(50) NOT NULL UNIQUE,
                password VARCHAR(255) NOT NULL,
                email VARCHAR(100) NOT NULL UNIQUE,
                account_type ENUM('user', 'admin') DEFAULT 'user',
                created_at TIMESTAMP DEFAULT CURRENT_TIMESTAMP
            )
[22-Apr-2025 15:32:49 Europe/Berlin] With params: []
[22-Apr-2025 15:32:49 Europe/Berlin] Query executed successfully. Found 0 rows
[22-Apr-2025 15:32:49 Europe/Berlin] Users table created or already exists
[22-Apr-2025 15:32:49 Europe/Berlin] Users table structure: [{"Field":"id","Type":"int(11)","Null":"NO","Key":"PRI","Default":null,"Extra":"auto_increment"},{"Field":"username","Type":"varchar(50)","Null":"NO","Key":"","Default":null,"Extra":""},{"Field":"email","Type":"varchar(100)","Null":"NO","Key":"UNI","Default":null,"Extra":""},{"Field":"password","Type":"varchar(255)","Null":"NO","Key":"","Default":null,"Extra":""},{"Field":"role","Type":"enum('user','admin')","Null":"YES","Key":"","Default":"user","Extra":""},{"Field":"verification_code","Type":"varchar(100)","Null":"YES","Key":"","Default":null,"Extra":""},{"Field":"is_verified","Type":"tinyint(1)","Null":"YES","Key":"","Default":"0","Extra":""},{"Field":"created_at","Type":"timestamp","Null":"NO","Key":"","Default":"current_timestamp()","Extra":""},{"Field":"favorite_sport","Type":"varchar(50)","Null":"YES","Key":"","Default":null,"Extra":""},{"Field":"favorite_team","Type":"varchar(50)","Null":"YES","Key":"","Default":null,"Extra":""},{"Field":"account_type","Type":"enum('user','admin')","Null":"YES","Key":"","Default":"user","Extra":""}]
[22-Apr-2025 15:32:49 Europe/Berlin] Number of users in database: 13
[22-Apr-2025 15:32:49 Europe/Berlin] All tables initialized successfully
[22-Apr-2025 15:32:49 Europe/Berlin] Connected to database. Tables found: favorites, feedback, matches, news, newsletter, notifications, subscriptions, users
[22-Apr-2025 15:32:49 Europe/Berlin] Executing SQL: CREATE TABLE IF NOT EXISTS users (
                id INT AUTO_INCREMENT PRIMARY KEY,
                username VARCHAR(50) NOT NULL UNIQUE,
                password VARCHAR(255) NOT NULL,
                email VARCHAR(100) NOT NULL UNIQUE,
                account_type ENUM('user', 'admin') DEFAULT 'user',
                created_at TIMESTAMP DEFAULT CURRENT_TIMESTAMP
            )
[22-Apr-2025 15:32:49 Europe/Berlin] With params: []
[22-Apr-2025 15:32:49 Europe/Berlin] Query executed successfully. Found 0 rows
[22-Apr-2025 15:32:49 Europe/Berlin] Users table created or already exists
[22-Apr-2025 15:32:49 Europe/Berlin] Users table structure: [{"Field":"id","Type":"int(11)","Null":"NO","Key":"PRI","Default":null,"Extra":"auto_increment"},{"Field":"username","Type":"varchar(50)","Null":"NO","Key":"","Default":null,"Extra":""},{"Field":"email","Type":"varchar(100)","Null":"NO","Key":"UNI","Default":null,"Extra":""},{"Field":"password","Type":"varchar(255)","Null":"NO","Key":"","Default":null,"Extra":""},{"Field":"role","Type":"enum('user','admin')","Null":"YES","Key":"","Default":"user","Extra":""},{"Field":"verification_code","Type":"varchar(100)","Null":"YES","Key":"","Default":null,"Extra":""},{"Field":"is_verified","Type":"tinyint(1)","Null":"YES","Key":"","Default":"0","Extra":""},{"Field":"created_at","Type":"timestamp","Null":"NO","Key":"","Default":"current_timestamp()","Extra":""},{"Field":"favorite_sport","Type":"varchar(50)","Null":"YES","Key":"","Default":null,"Extra":""},{"Field":"favorite_team","Type":"varchar(50)","Null":"YES","Key":"","Default":null,"Extra":""},{"Field":"account_type","Type":"enum('user','admin')","Null":"YES","Key":"","Default":"user","Extra":""}]
[22-Apr-2025 15:32:49 Europe/Berlin] Number of users in database: 13
[22-Apr-2025 15:32:49 Europe/Berlin] All tables initialized successfully
[22-Apr-2025 15:32:49 Europe/Berlin] Database tables initialized successfully
[22-Apr-2025 15:32:49 Europe/Berlin] Executing SQL: SELECT * FROM users WHERE id = :id
[22-Apr-2025 15:32:49 Europe/Berlin] With params: {":id":12}
[22-Apr-2025 15:32:49 Europe/Berlin] Query executed successfully. Found 1 rows
[22-Apr-2025 15:32:49 Europe/Berlin] User loaded from session: varunpndey
[22-Apr-2025 15:32:49 Europe/Berlin] Header - Session status: 2
[22-Apr-2025 15:32:49 Europe/Berlin] Header - Session data: {"user_id":12,"username":"varunpndey","email":"va@gmail.com","account_type":"admin"}
[22-Apr-2025 15:32:49 Europe/Berlin] Header - After session start - Status: 2
[22-Apr-2025 15:32:49 Europe/Berlin] Header - After session start - Data: {"user_id":12,"username":"varunpndey","email":"va@gmail.com","account_type":"admin"}
[22-Apr-2025 15:32:49 Europe/Berlin] Header - Is logged in: Yes
[22-Apr-2025 15:32:49 Europe/Berlin] Executing SQL: SELECT * FROM matches WHERE sport = :sport ORDER BY match_time DESC
[22-Apr-2025 15:32:49 Europe/Berlin] With params: {":sport":"cricket"}
[22-Apr-2025 15:32:49 Europe/Berlin] Query executed successfully. Found 6 rows
[22-Apr-2025 15:32:49 Europe/Berlin] Executing SQL: SELECT * FROM matches WHERE sport = :sport AND status = :status
[22-Apr-2025 15:32:49 Europe/Berlin] With params: {":sport":"cricket",":status":"live"}
[22-Apr-2025 15:32:49 Europe/Berlin] Query executed successfully. Found 1 rows
[22-Apr-2025 15:32:49 Europe/Berlin] Executing SQL: SELECT COUNT(*) as count FROM favorites 
                    WHERE user_id = :user_id AND match_id = :match_id
[22-Apr-2025 15:32:49 Europe/Berlin] With params: {":user_id":12,":match_id":14}
[22-Apr-2025 15:32:49 Europe/Berlin] Query executed successfully. Found 1 rows
[22-Apr-2025 15:32:49 Europe/Berlin] Executing SQL: SELECT COUNT(*) as count FROM favorites 
                    WHERE user_id = :user_id AND match_id = :match_id
[22-Apr-2025 15:32:49 Europe/Berlin] With params: {":user_id":12,":match_id":15}
[22-Apr-2025 15:32:49 Europe/Berlin] Query executed successfully. Found 1 rows
[22-Apr-2025 15:32:49 Europe/Berlin] Executing SQL: SELECT COUNT(*) as count FROM favorites 
                    WHERE user_id = :user_id AND match_id = :match_id
[22-Apr-2025 15:32:49 Europe/Berlin] With params: {":user_id":12,":match_id":16}
[22-Apr-2025 15:32:49 Europe/Berlin] Query executed successfully. Found 1 rows
[22-Apr-2025 15:32:49 Europe/Berlin] Executing SQL: SELECT COUNT(*) as count FROM favorites 
                    WHERE user_id = :user_id AND match_id = :match_id
[22-Apr-2025 15:32:49 Europe/Berlin] With params: {":user_id":12,":match_id":12}
[22-Apr-2025 15:32:49 Europe/Berlin] Query executed successfully. Found 1 rows
[22-Apr-2025 15:32:49 Europe/Berlin] Executing SQL: SELECT COUNT(*) as count FROM favorites 
                    WHERE user_id = :user_id AND match_id = :match_id
[22-Apr-2025 15:32:49 Europe/Berlin] With params: {":user_id":12,":match_id":11}
[22-Apr-2025 15:32:49 Europe/Berlin] Query executed successfully. Found 1 rows
[22-Apr-2025 15:32:49 Europe/Berlin] Executing SQL: SELECT COUNT(*) as count FROM favorites 
                    WHERE user_id = :user_id AND match_id = :match_id
[22-Apr-2025 15:32:49 Europe/Berlin] With params: {":user_id":12,":match_id":13}
[22-Apr-2025 15:32:49 Europe/Berlin] Query executed successfully. Found 1 rows
[22-Apr-2025 15:32:50 Europe/Berlin] Connected to database. Tables found: favorites, feedback, matches, news, newsletter, notifications, subscriptions, users
[22-Apr-2025 15:32:50 Europe/Berlin] Executing SQL: CREATE TABLE IF NOT EXISTS users (
                id INT AUTO_INCREMENT PRIMARY KEY,
                username VARCHAR(50) NOT NULL UNIQUE,
                password VARCHAR(255) NOT NULL,
                email VARCHAR(100) NOT NULL UNIQUE,
                account_type ENUM('user', 'admin') DEFAULT 'user',
                created_at TIMESTAMP DEFAULT CURRENT_TIMESTAMP
            )
[22-Apr-2025 15:32:50 Europe/Berlin] With params: []
[22-Apr-2025 15:32:50 Europe/Berlin] Query executed successfully. Found 0 rows
[22-Apr-2025 15:32:50 Europe/Berlin] Users table created or already exists
[22-Apr-2025 15:32:50 Europe/Berlin] Users table structure: [{"Field":"id","Type":"int(11)","Null":"NO","Key":"PRI","Default":null,"Extra":"auto_increment"},{"Field":"username","Type":"varchar(50)","Null":"NO","Key":"","Default":null,"Extra":""},{"Field":"email","Type":"varchar(100)","Null":"NO","Key":"UNI","Default":null,"Extra":""},{"Field":"password","Type":"varchar(255)","Null":"NO","Key":"","Default":null,"Extra":""},{"Field":"role","Type":"enum('user','admin')","Null":"YES","Key":"","Default":"user","Extra":""},{"Field":"verification_code","Type":"varchar(100)","Null":"YES","Key":"","Default":null,"Extra":""},{"Field":"is_verified","Type":"tinyint(1)","Null":"YES","Key":"","Default":"0","Extra":""},{"Field":"created_at","Type":"timestamp","Null":"NO","Key":"","Default":"current_timestamp()","Extra":""},{"Field":"favorite_sport","Type":"varchar(50)","Null":"YES","Key":"","Default":null,"Extra":""},{"Field":"favorite_team","Type":"varchar(50)","Null":"YES","Key":"","Default":null,"Extra":""},{"Field":"account_type","Type":"enum('user','admin')","Null":"YES","Key":"","Default":"user","Extra":""}]
[22-Apr-2025 15:32:50 Europe/Berlin] Number of users in database: 13
[22-Apr-2025 15:32:50 Europe/Berlin] All tables initialized successfully
[22-Apr-2025 15:32:50 Europe/Berlin] API Request received: /sportsync/backend/match.php
[22-Apr-2025 15:32:50 Europe/Berlin] GET parameters: Array
(
)

[22-Apr-2025 15:32:53 Europe/Berlin] Connected to database. Tables found: favorites, feedback, matches, news, newsletter, notifications, subscriptions, users
[22-Apr-2025 15:32:53 Europe/Berlin] Executing SQL: CREATE TABLE IF NOT EXISTS users (
                id INT AUTO_INCREMENT PRIMARY KEY,
                username VARCHAR(50) NOT NULL UNIQUE,
                password VARCHAR(255) NOT NULL,
                email VARCHAR(100) NOT NULL UNIQUE,
                account_type ENUM('user', 'admin') DEFAULT 'user',
                created_at TIMESTAMP DEFAULT CURRENT_TIMESTAMP
            )
[22-Apr-2025 15:32:53 Europe/Berlin] With params: []
[22-Apr-2025 15:32:53 Europe/Berlin] Query executed successfully. Found 0 rows
[22-Apr-2025 15:32:53 Europe/Berlin] Users table created or already exists
[22-Apr-2025 15:32:53 Europe/Berlin] Users table structure: [{"Field":"id","Type":"int(11)","Null":"NO","Key":"PRI","Default":null,"Extra":"auto_increment"},{"Field":"username","Type":"varchar(50)","Null":"NO","Key":"","Default":null,"Extra":""},{"Field":"email","Type":"varchar(100)","Null":"NO","Key":"UNI","Default":null,"Extra":""},{"Field":"password","Type":"varchar(255)","Null":"NO","Key":"","Default":null,"Extra":""},{"Field":"role","Type":"enum('user','admin')","Null":"YES","Key":"","Default":"user","Extra":""},{"Field":"verification_code","Type":"varchar(100)","Null":"YES","Key":"","Default":null,"Extra":""},{"Field":"is_verified","Type":"tinyint(1)","Null":"YES","Key":"","Default":"0","Extra":""},{"Field":"created_at","Type":"timestamp","Null":"NO","Key":"","Default":"current_timestamp()","Extra":""},{"Field":"favorite_sport","Type":"varchar(50)","Null":"YES","Key":"","Default":null,"Extra":""},{"Field":"favorite_team","Type":"varchar(50)","Null":"YES","Key":"","Default":null,"Extra":""},{"Field":"account_type","Type":"enum('user','admin')","Null":"YES","Key":"","Default":"user","Extra":""}]
[22-Apr-2025 15:32:53 Europe/Berlin] Number of users in database: 13
[22-Apr-2025 15:32:53 Europe/Berlin] All tables initialized successfully
[22-Apr-2025 15:32:53 Europe/Berlin] API Request received: /sportsync/backend/match.php
[22-Apr-2025 15:32:53 Europe/Berlin] GET parameters: Array
(
)

[22-Apr-2025 15:32:56 Europe/Berlin] Connected to database. Tables found: favorites, feedback, matches, news, newsletter, notifications, subscriptions, users
[22-Apr-2025 15:32:56 Europe/Berlin] Executing SQL: CREATE TABLE IF NOT EXISTS users (
                id INT AUTO_INCREMENT PRIMARY KEY,
                username VARCHAR(50) NOT NULL UNIQUE,
                password VARCHAR(255) NOT NULL,
                email VARCHAR(100) NOT NULL UNIQUE,
                account_type ENUM('user', 'admin') DEFAULT 'user',
                created_at TIMESTAMP DEFAULT CURRENT_TIMESTAMP
            )
[22-Apr-2025 15:32:56 Europe/Berlin] With params: []
[22-Apr-2025 15:32:56 Europe/Berlin] Query executed successfully. Found 0 rows
[22-Apr-2025 15:32:56 Europe/Berlin] Users table created or already exists
[22-Apr-2025 15:32:56 Europe/Berlin] Users table structure: [{"Field":"id","Type":"int(11)","Null":"NO","Key":"PRI","Default":null,"Extra":"auto_increment"},{"Field":"username","Type":"varchar(50)","Null":"NO","Key":"","Default":null,"Extra":""},{"Field":"email","Type":"varchar(100)","Null":"NO","Key":"UNI","Default":null,"Extra":""},{"Field":"password","Type":"varchar(255)","Null":"NO","Key":"","Default":null,"Extra":""},{"Field":"role","Type":"enum('user','admin')","Null":"YES","Key":"","Default":"user","Extra":""},{"Field":"verification_code","Type":"varchar(100)","Null":"YES","Key":"","Default":null,"Extra":""},{"Field":"is_verified","Type":"tinyint(1)","Null":"YES","Key":"","Default":"0","Extra":""},{"Field":"created_at","Type":"timestamp","Null":"NO","Key":"","Default":"current_timestamp()","Extra":""},{"Field":"favorite_sport","Type":"varchar(50)","Null":"YES","Key":"","Default":null,"Extra":""},{"Field":"favorite_team","Type":"varchar(50)","Null":"YES","Key":"","Default":null,"Extra":""},{"Field":"account_type","Type":"enum('user','admin')","Null":"YES","Key":"","Default":"user","Extra":""}]
[22-Apr-2025 15:32:56 Europe/Berlin] Number of users in database: 13
[22-Apr-2025 15:32:56 Europe/Berlin] All tables initialized successfully
[22-Apr-2025 15:32:56 Europe/Berlin] Connected to database. Tables found: favorites, feedback, matches, news, newsletter, notifications, subscriptions, users
[22-Apr-2025 15:32:56 Europe/Berlin] Executing SQL: CREATE TABLE IF NOT EXISTS users (
                id INT AUTO_INCREMENT PRIMARY KEY,
                username VARCHAR(50) NOT NULL UNIQUE,
                password VARCHAR(255) NOT NULL,
                email VARCHAR(100) NOT NULL UNIQUE,
                account_type ENUM('user', 'admin') DEFAULT 'user',
                created_at TIMESTAMP DEFAULT CURRENT_TIMESTAMP
            )
[22-Apr-2025 15:32:56 Europe/Berlin] With params: []
[22-Apr-2025 15:32:56 Europe/Berlin] Query executed successfully. Found 0 rows
[22-Apr-2025 15:32:56 Europe/Berlin] Users table created or already exists
[22-Apr-2025 15:32:56 Europe/Berlin] Users table structure: [{"Field":"id","Type":"int(11)","Null":"NO","Key":"PRI","Default":null,"Extra":"auto_increment"},{"Field":"username","Type":"varchar(50)","Null":"NO","Key":"","Default":null,"Extra":""},{"Field":"email","Type":"varchar(100)","Null":"NO","Key":"UNI","Default":null,"Extra":""},{"Field":"password","Type":"varchar(255)","Null":"NO","Key":"","Default":null,"Extra":""},{"Field":"role","Type":"enum('user','admin')","Null":"YES","Key":"","Default":"user","Extra":""},{"Field":"verification_code","Type":"varchar(100)","Null":"YES","Key":"","Default":null,"Extra":""},{"Field":"is_verified","Type":"tinyint(1)","Null":"YES","Key":"","Default":"0","Extra":""},{"Field":"created_at","Type":"timestamp","Null":"NO","Key":"","Default":"current_timestamp()","Extra":""},{"Field":"favorite_sport","Type":"varchar(50)","Null":"YES","Key":"","Default":null,"Extra":""},{"Field":"favorite_team","Type":"varchar(50)","Null":"YES","Key":"","Default":null,"Extra":""},{"Field":"account_type","Type":"enum('user','admin')","Null":"YES","Key":"","Default":"user","Extra":""}]
[22-Apr-2025 15:32:56 Europe/Berlin] Number of users in database: 13
[22-Apr-2025 15:32:56 Europe/Berlin] All tables initialized successfully
[22-Apr-2025 15:32:56 Europe/Berlin] Database tables initialized successfully
[22-Apr-2025 15:32:56 Europe/Berlin] Executing SQL: SELECT * FROM users WHERE id = :id
[22-Apr-2025 15:32:56 Europe/Berlin] With params: {":id":12}
[22-Apr-2025 15:32:56 Europe/Berlin] Query executed successfully. Found 1 rows
[22-Apr-2025 15:32:56 Europe/Berlin] User loaded from session: varunpndey
[22-Apr-2025 15:32:56 Europe/Berlin] Header - Session status: 2
[22-Apr-2025 15:32:56 Europe/Berlin] Header - Session data: {"user_id":12,"username":"varunpndey","email":"va@gmail.com","account_type":"admin"}
[22-Apr-2025 15:32:56 Europe/Berlin] Header - After session start - Status: 2
[22-Apr-2025 15:32:56 Europe/Berlin] Header - After session start - Data: {"user_id":12,"username":"varunpndey","email":"va@gmail.com","account_type":"admin"}
[22-Apr-2025 15:32:56 Europe/Berlin] Header - Is logged in: Yes
[22-Apr-2025 15:32:56 Europe/Berlin] Executing SQL: SELECT * FROM matches WHERE sport = :sport ORDER BY match_time DESC
[22-Apr-2025 15:32:56 Europe/Berlin] With params: {":sport":"cricket"}
[22-Apr-2025 15:32:56 Europe/Berlin] Query executed successfully. Found 6 rows
[22-Apr-2025 15:32:56 Europe/Berlin] Executing SQL: SELECT * FROM matches WHERE sport = :sport AND status = :status
[22-Apr-2025 15:32:56 Europe/Berlin] With params: {":sport":"cricket",":status":"live"}
[22-Apr-2025 15:32:56 Europe/Berlin] Query executed successfully. Found 1 rows
[22-Apr-2025 15:32:56 Europe/Berlin] Executing SQL: SELECT COUNT(*) as count FROM favorites 
                    WHERE user_id = :user_id AND match_id = :match_id
[22-Apr-2025 15:32:56 Europe/Berlin] With params: {":user_id":12,":match_id":14}
[22-Apr-2025 15:32:56 Europe/Berlin] Query executed successfully. Found 1 rows
[22-Apr-2025 15:32:56 Europe/Berlin] Executing SQL: SELECT COUNT(*) as count FROM favorites 
                    WHERE user_id = :user_id AND match_id = :match_id
[22-Apr-2025 15:32:56 Europe/Berlin] With params: {":user_id":12,":match_id":15}
[22-Apr-2025 15:32:56 Europe/Berlin] Query executed successfully. Found 1 rows
[22-Apr-2025 15:32:56 Europe/Berlin] Executing SQL: SELECT COUNT(*) as count FROM favorites 
                    WHERE user_id = :user_id AND match_id = :match_id
[22-Apr-2025 15:32:56 Europe/Berlin] With params: {":user_id":12,":match_id":16}
[22-Apr-2025 15:32:56 Europe/Berlin] Query executed successfully. Found 1 rows
[22-Apr-2025 15:32:56 Europe/Berlin] Executing SQL: SELECT COUNT(*) as count FROM favorites 
                    WHERE user_id = :user_id AND match_id = :match_id
[22-Apr-2025 15:32:56 Europe/Berlin] With params: {":user_id":12,":match_id":12}
[22-Apr-2025 15:32:56 Europe/Berlin] Query executed successfully. Found 1 rows
[22-Apr-2025 15:32:56 Europe/Berlin] Executing SQL: SELECT COUNT(*) as count FROM favorites 
                    WHERE user_id = :user_id AND match_id = :match_id
[22-Apr-2025 15:32:56 Europe/Berlin] With params: {":user_id":12,":match_id":11}
[22-Apr-2025 15:32:56 Europe/Berlin] Query executed successfully. Found 1 rows
[22-Apr-2025 15:32:56 Europe/Berlin] Executing SQL: SELECT COUNT(*) as count FROM favorites 
                    WHERE user_id = :user_id AND match_id = :match_id
[22-Apr-2025 15:32:56 Europe/Berlin] With params: {":user_id":12,":match_id":13}
[22-Apr-2025 15:32:56 Europe/Berlin] Query executed successfully. Found 1 rows
[22-Apr-2025 15:32:57 Europe/Berlin] Connected to database. Tables found: favorites, feedback, matches, news, newsletter, notifications, subscriptions, users
[22-Apr-2025 15:32:57 Europe/Berlin] Executing SQL: CREATE TABLE IF NOT EXISTS users (
                id INT AUTO_INCREMENT PRIMARY KEY,
                username VARCHAR(50) NOT NULL UNIQUE,
                password VARCHAR(255) NOT NULL,
                email VARCHAR(100) NOT NULL UNIQUE,
                account_type ENUM('user', 'admin') DEFAULT 'user',
                created_at TIMESTAMP DEFAULT CURRENT_TIMESTAMP
            )
[22-Apr-2025 15:32:57 Europe/Berlin] With params: []
[22-Apr-2025 15:32:57 Europe/Berlin] Query executed successfully. Found 0 rows
[22-Apr-2025 15:32:57 Europe/Berlin] Users table created or already exists
[22-Apr-2025 15:32:57 Europe/Berlin] Users table structure: [{"Field":"id","Type":"int(11)","Null":"NO","Key":"PRI","Default":null,"Extra":"auto_increment"},{"Field":"username","Type":"varchar(50)","Null":"NO","Key":"","Default":null,"Extra":""},{"Field":"email","Type":"varchar(100)","Null":"NO","Key":"UNI","Default":null,"Extra":""},{"Field":"password","Type":"varchar(255)","Null":"NO","Key":"","Default":null,"Extra":""},{"Field":"role","Type":"enum('user','admin')","Null":"YES","Key":"","Default":"user","Extra":""},{"Field":"verification_code","Type":"varchar(100)","Null":"YES","Key":"","Default":null,"Extra":""},{"Field":"is_verified","Type":"tinyint(1)","Null":"YES","Key":"","Default":"0","Extra":""},{"Field":"created_at","Type":"timestamp","Null":"NO","Key":"","Default":"current_timestamp()","Extra":""},{"Field":"favorite_sport","Type":"varchar(50)","Null":"YES","Key":"","Default":null,"Extra":""},{"Field":"favorite_team","Type":"varchar(50)","Null":"YES","Key":"","Default":null,"Extra":""},{"Field":"account_type","Type":"enum('user','admin')","Null":"YES","Key":"","Default":"user","Extra":""}]
[22-Apr-2025 15:32:57 Europe/Berlin] Number of users in database: 13
[22-Apr-2025 15:32:57 Europe/Berlin] All tables initialized successfully
[22-Apr-2025 15:32:57 Europe/Berlin] API Request received: /sportsync/backend/match.php
[22-Apr-2025 15:32:57 Europe/Berlin] GET parameters: Array
(
)

[22-Apr-2025 15:33:12 Europe/Berlin] Connected to database. Tables found: favorites, feedback, matches, news, newsletter, notifications, subscriptions, users
[22-Apr-2025 15:33:12 Europe/Berlin] Executing SQL: CREATE TABLE IF NOT EXISTS users (
                id INT AUTO_INCREMENT PRIMARY KEY,
                username VARCHAR(50) NOT NULL UNIQUE,
                password VARCHAR(255) NOT NULL,
                email VARCHAR(100) NOT NULL UNIQUE,
                account_type ENUM('user', 'admin') DEFAULT 'user',
                created_at TIMESTAMP DEFAULT CURRENT_TIMESTAMP
            )
[22-Apr-2025 15:33:12 Europe/Berlin] With params: []
[22-Apr-2025 15:33:12 Europe/Berlin] Query executed successfully. Found 0 rows
[22-Apr-2025 15:33:12 Europe/Berlin] Users table created or already exists
[22-Apr-2025 15:33:12 Europe/Berlin] Users table structure: [{"Field":"id","Type":"int(11)","Null":"NO","Key":"PRI","Default":null,"Extra":"auto_increment"},{"Field":"username","Type":"varchar(50)","Null":"NO","Key":"","Default":null,"Extra":""},{"Field":"email","Type":"varchar(100)","Null":"NO","Key":"UNI","Default":null,"Extra":""},{"Field":"password","Type":"varchar(255)","Null":"NO","Key":"","Default":null,"Extra":""},{"Field":"role","Type":"enum('user','admin')","Null":"YES","Key":"","Default":"user","Extra":""},{"Field":"verification_code","Type":"varchar(100)","Null":"YES","Key":"","Default":null,"Extra":""},{"Field":"is_verified","Type":"tinyint(1)","Null":"YES","Key":"","Default":"0","Extra":""},{"Field":"created_at","Type":"timestamp","Null":"NO","Key":"","Default":"current_timestamp()","Extra":""},{"Field":"favorite_sport","Type":"varchar(50)","Null":"YES","Key":"","Default":null,"Extra":""},{"Field":"favorite_team","Type":"varchar(50)","Null":"YES","Key":"","Default":null,"Extra":""},{"Field":"account_type","Type":"enum('user','admin')","Null":"YES","Key":"","Default":"user","Extra":""}]
[22-Apr-2025 15:33:12 Europe/Berlin] Number of users in database: 13
[22-Apr-2025 15:33:12 Europe/Berlin] All tables initialized successfully
[22-Apr-2025 15:33:12 Europe/Berlin] API Request received: /sportsync/backend/match.php
[22-Apr-2025 15:33:12 Europe/Berlin] GET parameters: Array
(
)

[22-Apr-2025 15:33:27 Europe/Berlin] Connected to database. Tables found: favorites, feedback, matches, news, newsletter, notifications, subscriptions, users
[22-Apr-2025 15:33:27 Europe/Berlin] Executing SQL: CREATE TABLE IF NOT EXISTS users (
                id INT AUTO_INCREMENT PRIMARY KEY,
                username VARCHAR(50) NOT NULL UNIQUE,
                password VARCHAR(255) NOT NULL,
                email VARCHAR(100) NOT NULL UNIQUE,
                account_type ENUM('user', 'admin') DEFAULT 'user',
                created_at TIMESTAMP DEFAULT CURRENT_TIMESTAMP
            )
[22-Apr-2025 15:33:27 Europe/Berlin] With params: []
[22-Apr-2025 15:33:27 Europe/Berlin] Query executed successfully. Found 0 rows
[22-Apr-2025 15:33:27 Europe/Berlin] Users table created or already exists
[22-Apr-2025 15:33:27 Europe/Berlin] Users table structure: [{"Field":"id","Type":"int(11)","Null":"NO","Key":"PRI","Default":null,"Extra":"auto_increment"},{"Field":"username","Type":"varchar(50)","Null":"NO","Key":"","Default":null,"Extra":""},{"Field":"email","Type":"varchar(100)","Null":"NO","Key":"UNI","Default":null,"Extra":""},{"Field":"password","Type":"varchar(255)","Null":"NO","Key":"","Default":null,"Extra":""},{"Field":"role","Type":"enum('user','admin')","Null":"YES","Key":"","Default":"user","Extra":""},{"Field":"verification_code","Type":"varchar(100)","Null":"YES","Key":"","Default":null,"Extra":""},{"Field":"is_verified","Type":"tinyint(1)","Null":"YES","Key":"","Default":"0","Extra":""},{"Field":"created_at","Type":"timestamp","Null":"NO","Key":"","Default":"current_timestamp()","Extra":""},{"Field":"favorite_sport","Type":"varchar(50)","Null":"YES","Key":"","Default":null,"Extra":""},{"Field":"favorite_team","Type":"varchar(50)","Null":"YES","Key":"","Default":null,"Extra":""},{"Field":"account_type","Type":"enum('user','admin')","Null":"YES","Key":"","Default":"user","Extra":""}]
[22-Apr-2025 15:33:27 Europe/Berlin] Number of users in database: 13
[22-Apr-2025 15:33:27 Europe/Berlin] All tables initialized successfully
[22-Apr-2025 15:33:27 Europe/Berlin] API Request received: /sportsync/backend/match.php?action=fetch_matches&sport=cricket&all=true
[22-Apr-2025 15:33:27 Europe/Berlin] GET parameters: Array
(
    [action] => fetch_matches
    [sport] => cricket
    [all] => true
)

[22-Apr-2025 15:33:27 Europe/Berlin] Executing SQL: SELECT * FROM matches WHERE sport = :sport ORDER BY match_time DESC
[22-Apr-2025 15:33:27 Europe/Berlin] With params: {":sport":"cricket"}
[22-Apr-2025 15:33:27 Europe/Berlin] Query executed successfully. Found 6 rows
[22-Apr-2025 15:33:57 Europe/Berlin] Connected to database. Tables found: favorites, feedback, matches, news, newsletter, notifications, subscriptions, users
[22-Apr-2025 15:33:57 Europe/Berlin] Executing SQL: CREATE TABLE IF NOT EXISTS users (
                id INT AUTO_INCREMENT PRIMARY KEY,
                username VARCHAR(50) NOT NULL UNIQUE,
                password VARCHAR(255) NOT NULL,
                email VARCHAR(100) NOT NULL UNIQUE,
                account_type ENUM('user', 'admin') DEFAULT 'user',
                created_at TIMESTAMP DEFAULT CURRENT_TIMESTAMP
            )
[22-Apr-2025 15:33:57 Europe/Berlin] With params: []
[22-Apr-2025 15:33:57 Europe/Berlin] Query executed successfully. Found 0 rows
[22-Apr-2025 15:33:57 Europe/Berlin] Users table created or already exists
[22-Apr-2025 15:33:57 Europe/Berlin] Users table structure: [{"Field":"id","Type":"int(11)","Null":"NO","Key":"PRI","Default":null,"Extra":"auto_increment"},{"Field":"username","Type":"varchar(50)","Null":"NO","Key":"","Default":null,"Extra":""},{"Field":"email","Type":"varchar(100)","Null":"NO","Key":"UNI","Default":null,"Extra":""},{"Field":"password","Type":"varchar(255)","Null":"NO","Key":"","Default":null,"Extra":""},{"Field":"role","Type":"enum('user','admin')","Null":"YES","Key":"","Default":"user","Extra":""},{"Field":"verification_code","Type":"varchar(100)","Null":"YES","Key":"","Default":null,"Extra":""},{"Field":"is_verified","Type":"tinyint(1)","Null":"YES","Key":"","Default":"0","Extra":""},{"Field":"created_at","Type":"timestamp","Null":"NO","Key":"","Default":"current_timestamp()","Extra":""},{"Field":"favorite_sport","Type":"varchar(50)","Null":"YES","Key":"","Default":null,"Extra":""},{"Field":"favorite_team","Type":"varchar(50)","Null":"YES","Key":"","Default":null,"Extra":""},{"Field":"account_type","Type":"enum('user','admin')","Null":"YES","Key":"","Default":"user","Extra":""}]
[22-Apr-2025 15:33:57 Europe/Berlin] Number of users in database: 13
[22-Apr-2025 15:33:57 Europe/Berlin] All tables initialized successfully
[22-Apr-2025 15:33:57 Europe/Berlin] API Request received: /sportsync/backend/match.php?action=fetch_matches&sport=cricket&all=true
[22-Apr-2025 15:33:57 Europe/Berlin] GET parameters: Array
(
    [action] => fetch_matches
    [sport] => cricket
    [all] => true
)

[22-Apr-2025 15:33:57 Europe/Berlin] Executing SQL: SELECT * FROM matches WHERE sport = :sport ORDER BY match_time DESC
[22-Apr-2025 15:33:57 Europe/Berlin] With params: {":sport":"cricket"}
[22-Apr-2025 15:33:57 Europe/Berlin] Query executed successfully. Found 6 rows
[22-Apr-2025 15:34:09 Europe/Berlin] Connected to database. Tables found: favorites, feedback, matches, news, newsletter, notifications, subscriptions, users
[22-Apr-2025 15:34:09 Europe/Berlin] Executing SQL: CREATE TABLE IF NOT EXISTS users (
                id INT AUTO_INCREMENT PRIMARY KEY,
                username VARCHAR(50) NOT NULL UNIQUE,
                password VARCHAR(255) NOT NULL,
                email VARCHAR(100) NOT NULL UNIQUE,
                account_type ENUM('user', 'admin') DEFAULT 'user',
                created_at TIMESTAMP DEFAULT CURRENT_TIMESTAMP
            )
[22-Apr-2025 15:34:09 Europe/Berlin] With params: []
[22-Apr-2025 15:34:09 Europe/Berlin] Query executed successfully. Found 0 rows
[22-Apr-2025 15:34:09 Europe/Berlin] Users table created or already exists
[22-Apr-2025 15:34:09 Europe/Berlin] Users table structure: [{"Field":"id","Type":"int(11)","Null":"NO","Key":"PRI","Default":null,"Extra":"auto_increment"},{"Field":"username","Type":"varchar(50)","Null":"NO","Key":"","Default":null,"Extra":""},{"Field":"email","Type":"varchar(100)","Null":"NO","Key":"UNI","Default":null,"Extra":""},{"Field":"password","Type":"varchar(255)","Null":"NO","Key":"","Default":null,"Extra":""},{"Field":"role","Type":"enum('user','admin')","Null":"YES","Key":"","Default":"user","Extra":""},{"Field":"verification_code","Type":"varchar(100)","Null":"YES","Key":"","Default":null,"Extra":""},{"Field":"is_verified","Type":"tinyint(1)","Null":"YES","Key":"","Default":"0","Extra":""},{"Field":"created_at","Type":"timestamp","Null":"NO","Key":"","Default":"current_timestamp()","Extra":""},{"Field":"favorite_sport","Type":"varchar(50)","Null":"YES","Key":"","Default":null,"Extra":""},{"Field":"favorite_team","Type":"varchar(50)","Null":"YES","Key":"","Default":null,"Extra":""},{"Field":"account_type","Type":"enum('user','admin')","Null":"YES","Key":"","Default":"user","Extra":""}]
[22-Apr-2025 15:34:09 Europe/Berlin] Number of users in database: 13
[22-Apr-2025 15:34:09 Europe/Berlin] All tables initialized successfully
[22-Apr-2025 15:34:09 Europe/Berlin] Connected to database. Tables found: favorites, feedback, matches, news, newsletter, notifications, subscriptions, users
[22-Apr-2025 15:34:09 Europe/Berlin] Executing SQL: CREATE TABLE IF NOT EXISTS users (
                id INT AUTO_INCREMENT PRIMARY KEY,
                username VARCHAR(50) NOT NULL UNIQUE,
                password VARCHAR(255) NOT NULL,
                email VARCHAR(100) NOT NULL UNIQUE,
                account_type ENUM('user', 'admin') DEFAULT 'user',
                created_at TIMESTAMP DEFAULT CURRENT_TIMESTAMP
            )
[22-Apr-2025 15:34:09 Europe/Berlin] With params: []
[22-Apr-2025 15:34:09 Europe/Berlin] Query executed successfully. Found 0 rows
[22-Apr-2025 15:34:09 Europe/Berlin] Users table created or already exists
[22-Apr-2025 15:34:09 Europe/Berlin] Users table structure: [{"Field":"id","Type":"int(11)","Null":"NO","Key":"PRI","Default":null,"Extra":"auto_increment"},{"Field":"username","Type":"varchar(50)","Null":"NO","Key":"","Default":null,"Extra":""},{"Field":"email","Type":"varchar(100)","Null":"NO","Key":"UNI","Default":null,"Extra":""},{"Field":"password","Type":"varchar(255)","Null":"NO","Key":"","Default":null,"Extra":""},{"Field":"role","Type":"enum('user','admin')","Null":"YES","Key":"","Default":"user","Extra":""},{"Field":"verification_code","Type":"varchar(100)","Null":"YES","Key":"","Default":null,"Extra":""},{"Field":"is_verified","Type":"tinyint(1)","Null":"YES","Key":"","Default":"0","Extra":""},{"Field":"created_at","Type":"timestamp","Null":"NO","Key":"","Default":"current_timestamp()","Extra":""},{"Field":"favorite_sport","Type":"varchar(50)","Null":"YES","Key":"","Default":null,"Extra":""},{"Field":"favorite_team","Type":"varchar(50)","Null":"YES","Key":"","Default":null,"Extra":""},{"Field":"account_type","Type":"enum('user','admin')","Null":"YES","Key":"","Default":"user","Extra":""}]
[22-Apr-2025 15:34:09 Europe/Berlin] Number of users in database: 13
[22-Apr-2025 15:34:09 Europe/Berlin] All tables initialized successfully
[22-Apr-2025 15:34:09 Europe/Berlin] Database tables initialized successfully
[22-Apr-2025 15:34:09 Europe/Berlin] Executing SQL: SELECT * FROM users WHERE id = :id
[22-Apr-2025 15:34:09 Europe/Berlin] With params: {":id":12}
[22-Apr-2025 15:34:09 Europe/Berlin] Query executed successfully. Found 1 rows
[22-Apr-2025 15:34:09 Europe/Berlin] User loaded from session: varunpndey
[22-Apr-2025 15:34:09 Europe/Berlin] Header - Session status: 2
[22-Apr-2025 15:34:09 Europe/Berlin] Header - Session data: {"user_id":12,"username":"varunpndey","email":"va@gmail.com","account_type":"admin"}
[22-Apr-2025 15:34:09 Europe/Berlin] Header - After session start - Status: 2
[22-Apr-2025 15:34:09 Europe/Berlin] Header - After session start - Data: {"user_id":12,"username":"varunpndey","email":"va@gmail.com","account_type":"admin"}
[22-Apr-2025 15:34:09 Europe/Berlin] Header - Is logged in: Yes
[22-Apr-2025 15:34:09 Europe/Berlin] Executing SQL: SELECT * FROM matches WHERE sport = :sport ORDER BY match_time DESC
[22-Apr-2025 15:34:09 Europe/Berlin] With params: {":sport":"cricket"}
[22-Apr-2025 15:34:09 Europe/Berlin] Query executed successfully. Found 6 rows
[22-Apr-2025 15:34:09 Europe/Berlin] Executing SQL: SELECT * FROM matches WHERE sport = :sport AND status = :status
[22-Apr-2025 15:34:09 Europe/Berlin] With params: {":sport":"cricket",":status":"live"}
[22-Apr-2025 15:34:09 Europe/Berlin] Query executed successfully. Found 1 rows
[22-Apr-2025 15:34:09 Europe/Berlin] Executing SQL: SELECT COUNT(*) as count FROM favorites 
                    WHERE user_id = :user_id AND match_id = :match_id
[22-Apr-2025 15:34:09 Europe/Berlin] With params: {":user_id":12,":match_id":14}
[22-Apr-2025 15:34:09 Europe/Berlin] Query executed successfully. Found 1 rows
[22-Apr-2025 15:34:09 Europe/Berlin] Executing SQL: SELECT COUNT(*) as count FROM favorites 
                    WHERE user_id = :user_id AND match_id = :match_id
[22-Apr-2025 15:34:09 Europe/Berlin] With params: {":user_id":12,":match_id":15}
[22-Apr-2025 15:34:09 Europe/Berlin] Query executed successfully. Found 1 rows
[22-Apr-2025 15:34:09 Europe/Berlin] Executing SQL: SELECT COUNT(*) as count FROM favorites 
                    WHERE user_id = :user_id AND match_id = :match_id
[22-Apr-2025 15:34:09 Europe/Berlin] With params: {":user_id":12,":match_id":16}
[22-Apr-2025 15:34:09 Europe/Berlin] Query executed successfully. Found 1 rows
[22-Apr-2025 15:34:09 Europe/Berlin] Executing SQL: SELECT COUNT(*) as count FROM favorites 
                    WHERE user_id = :user_id AND match_id = :match_id
[22-Apr-2025 15:34:09 Europe/Berlin] With params: {":user_id":12,":match_id":12}
[22-Apr-2025 15:34:09 Europe/Berlin] Query executed successfully. Found 1 rows
[22-Apr-2025 15:34:09 Europe/Berlin] Executing SQL: SELECT COUNT(*) as count FROM favorites 
                    WHERE user_id = :user_id AND match_id = :match_id
[22-Apr-2025 15:34:09 Europe/Berlin] With params: {":user_id":12,":match_id":11}
[22-Apr-2025 15:34:09 Europe/Berlin] Query executed successfully. Found 1 rows
[22-Apr-2025 15:34:09 Europe/Berlin] Executing SQL: SELECT COUNT(*) as count FROM favorites 
                    WHERE user_id = :user_id AND match_id = :match_id
[22-Apr-2025 15:34:09 Europe/Berlin] With params: {":user_id":12,":match_id":13}
[22-Apr-2025 15:34:09 Europe/Berlin] Query executed successfully. Found 1 rows
[22-Apr-2025 15:34:12 Europe/Berlin] Connected to database. Tables found: favorites, feedback, matches, news, newsletter, notifications, subscriptions, users
[22-Apr-2025 15:34:12 Europe/Berlin] Executing SQL: CREATE TABLE IF NOT EXISTS users (
                id INT AUTO_INCREMENT PRIMARY KEY,
                username VARCHAR(50) NOT NULL UNIQUE,
                password VARCHAR(255) NOT NULL,
                email VARCHAR(100) NOT NULL UNIQUE,
                account_type ENUM('user', 'admin') DEFAULT 'user',
                created_at TIMESTAMP DEFAULT CURRENT_TIMESTAMP
            )
[22-Apr-2025 15:34:12 Europe/Berlin] With params: []
[22-Apr-2025 15:34:12 Europe/Berlin] Query executed successfully. Found 0 rows
[22-Apr-2025 15:34:12 Europe/Berlin] Users table created or already exists
[22-Apr-2025 15:34:12 Europe/Berlin] Users table structure: [{"Field":"id","Type":"int(11)","Null":"NO","Key":"PRI","Default":null,"Extra":"auto_increment"},{"Field":"username","Type":"varchar(50)","Null":"NO","Key":"","Default":null,"Extra":""},{"Field":"email","Type":"varchar(100)","Null":"NO","Key":"UNI","Default":null,"Extra":""},{"Field":"password","Type":"varchar(255)","Null":"NO","Key":"","Default":null,"Extra":""},{"Field":"role","Type":"enum('user','admin')","Null":"YES","Key":"","Default":"user","Extra":""},{"Field":"verification_code","Type":"varchar(100)","Null":"YES","Key":"","Default":null,"Extra":""},{"Field":"is_verified","Type":"tinyint(1)","Null":"YES","Key":"","Default":"0","Extra":""},{"Field":"created_at","Type":"timestamp","Null":"NO","Key":"","Default":"current_timestamp()","Extra":""},{"Field":"favorite_sport","Type":"varchar(50)","Null":"YES","Key":"","Default":null,"Extra":""},{"Field":"favorite_team","Type":"varchar(50)","Null":"YES","Key":"","Default":null,"Extra":""},{"Field":"account_type","Type":"enum('user','admin')","Null":"YES","Key":"","Default":"user","Extra":""}]
[22-Apr-2025 15:34:12 Europe/Berlin] Number of users in database: 13
[22-Apr-2025 15:34:12 Europe/Berlin] All tables initialized successfully
[22-Apr-2025 15:34:12 Europe/Berlin] API Request received: /sportsync/backend/match.php
[22-Apr-2025 15:34:12 Europe/Berlin] GET parameters: Array
(
)

[22-Apr-2025 15:34:40 Europe/Berlin] Connected to database. Tables found: favorites, feedback, matches, news, newsletter, notifications, subscriptions, users
[22-Apr-2025 15:34:40 Europe/Berlin] Executing SQL: CREATE TABLE IF NOT EXISTS users (
                id INT AUTO_INCREMENT PRIMARY KEY,
                username VARCHAR(50) NOT NULL UNIQUE,
                password VARCHAR(255) NOT NULL,
                email VARCHAR(100) NOT NULL UNIQUE,
                account_type ENUM('user', 'admin') DEFAULT 'user',
                created_at TIMESTAMP DEFAULT CURRENT_TIMESTAMP
            )
[22-Apr-2025 15:34:40 Europe/Berlin] With params: []
[22-Apr-2025 15:34:40 Europe/Berlin] Query executed successfully. Found 0 rows
[22-Apr-2025 15:34:40 Europe/Berlin] Users table created or already exists
[22-Apr-2025 15:34:40 Europe/Berlin] Users table structure: [{"Field":"id","Type":"int(11)","Null":"NO","Key":"PRI","Default":null,"Extra":"auto_increment"},{"Field":"username","Type":"varchar(50)","Null":"NO","Key":"","Default":null,"Extra":""},{"Field":"email","Type":"varchar(100)","Null":"NO","Key":"UNI","Default":null,"Extra":""},{"Field":"password","Type":"varchar(255)","Null":"NO","Key":"","Default":null,"Extra":""},{"Field":"role","Type":"enum('user','admin')","Null":"YES","Key":"","Default":"user","Extra":""},{"Field":"verification_code","Type":"varchar(100)","Null":"YES","Key":"","Default":null,"Extra":""},{"Field":"is_verified","Type":"tinyint(1)","Null":"YES","Key":"","Default":"0","Extra":""},{"Field":"created_at","Type":"timestamp","Null":"NO","Key":"","Default":"current_timestamp()","Extra":""},{"Field":"favorite_sport","Type":"varchar(50)","Null":"YES","Key":"","Default":null,"Extra":""},{"Field":"favorite_team","Type":"varchar(50)","Null":"YES","Key":"","Default":null,"Extra":""},{"Field":"account_type","Type":"enum('user','admin')","Null":"YES","Key":"","Default":"user","Extra":""}]
[22-Apr-2025 15:34:40 Europe/Berlin] Number of users in database: 13
[22-Apr-2025 15:34:40 Europe/Berlin] All tables initialized successfully
[22-Apr-2025 15:34:40 Europe/Berlin] API Request received: /sportsync/backend/match.php?action=fetch_matches&sport=cricket&all=true
[22-Apr-2025 15:34:40 Europe/Berlin] GET parameters: Array
(
    [action] => fetch_matches
    [sport] => cricket
    [all] => true
)

[22-Apr-2025 15:34:40 Europe/Berlin] Executing SQL: SELECT * FROM matches WHERE sport = :sport ORDER BY match_time DESC
[22-Apr-2025 15:34:40 Europe/Berlin] With params: {":sport":"cricket"}
[22-Apr-2025 15:34:40 Europe/Berlin] Query executed successfully. Found 6 rows
[22-Apr-2025 15:35:02 Europe/Berlin] Connected to database. Tables found: favorites, feedback, matches, news, newsletter, notifications, subscriptions, users
[22-Apr-2025 15:35:02 Europe/Berlin] Executing SQL: CREATE TABLE IF NOT EXISTS users (
                id INT AUTO_INCREMENT PRIMARY KEY,
                username VARCHAR(50) NOT NULL UNIQUE,
                password VARCHAR(255) NOT NULL,
                email VARCHAR(100) NOT NULL UNIQUE,
                account_type ENUM('user', 'admin') DEFAULT 'user',
                created_at TIMESTAMP DEFAULT CURRENT_TIMESTAMP
            )
[22-Apr-2025 15:35:02 Europe/Berlin] With params: []
[22-Apr-2025 15:35:02 Europe/Berlin] Query executed successfully. Found 0 rows
[22-Apr-2025 15:35:02 Europe/Berlin] Users table created or already exists
[22-Apr-2025 15:35:02 Europe/Berlin] Users table structure: [{"Field":"id","Type":"int(11)","Null":"NO","Key":"PRI","Default":null,"Extra":"auto_increment"},{"Field":"username","Type":"varchar(50)","Null":"NO","Key":"","Default":null,"Extra":""},{"Field":"email","Type":"varchar(100)","Null":"NO","Key":"UNI","Default":null,"Extra":""},{"Field":"password","Type":"varchar(255)","Null":"NO","Key":"","Default":null,"Extra":""},{"Field":"role","Type":"enum('user','admin')","Null":"YES","Key":"","Default":"user","Extra":""},{"Field":"verification_code","Type":"varchar(100)","Null":"YES","Key":"","Default":null,"Extra":""},{"Field":"is_verified","Type":"tinyint(1)","Null":"YES","Key":"","Default":"0","Extra":""},{"Field":"created_at","Type":"timestamp","Null":"NO","Key":"","Default":"current_timestamp()","Extra":""},{"Field":"favorite_sport","Type":"varchar(50)","Null":"YES","Key":"","Default":null,"Extra":""},{"Field":"favorite_team","Type":"varchar(50)","Null":"YES","Key":"","Default":null,"Extra":""},{"Field":"account_type","Type":"enum('user','admin')","Null":"YES","Key":"","Default":"user","Extra":""}]
[22-Apr-2025 15:35:02 Europe/Berlin] Number of users in database: 13
[22-Apr-2025 15:35:02 Europe/Berlin] All tables initialized successfully
[22-Apr-2025 15:35:02 Europe/Berlin] API Request received: /sportsync/backend/match.php
[22-Apr-2025 15:35:02 Europe/Berlin] GET parameters: Array
(
)

[22-Apr-2025 15:35:07 Europe/Berlin] Connected to database. Tables found: favorites, feedback, matches, news, newsletter, notifications, subscriptions, users
[22-Apr-2025 15:35:07 Europe/Berlin] Executing SQL: CREATE TABLE IF NOT EXISTS users (
                id INT AUTO_INCREMENT PRIMARY KEY,
                username VARCHAR(50) NOT NULL UNIQUE,
                password VARCHAR(255) NOT NULL,
                email VARCHAR(100) NOT NULL UNIQUE,
                account_type ENUM('user', 'admin') DEFAULT 'user',
                created_at TIMESTAMP DEFAULT CURRENT_TIMESTAMP
            )
[22-Apr-2025 15:35:07 Europe/Berlin] With params: []
[22-Apr-2025 15:35:07 Europe/Berlin] Query executed successfully. Found 0 rows
[22-Apr-2025 15:35:07 Europe/Berlin] Users table created or already exists
[22-Apr-2025 15:35:07 Europe/Berlin] Users table structure: [{"Field":"id","Type":"int(11)","Null":"NO","Key":"PRI","Default":null,"Extra":"auto_increment"},{"Field":"username","Type":"varchar(50)","Null":"NO","Key":"","Default":null,"Extra":""},{"Field":"email","Type":"varchar(100)","Null":"NO","Key":"UNI","Default":null,"Extra":""},{"Field":"password","Type":"varchar(255)","Null":"NO","Key":"","Default":null,"Extra":""},{"Field":"role","Type":"enum('user','admin')","Null":"YES","Key":"","Default":"user","Extra":""},{"Field":"verification_code","Type":"varchar(100)","Null":"YES","Key":"","Default":null,"Extra":""},{"Field":"is_verified","Type":"tinyint(1)","Null":"YES","Key":"","Default":"0","Extra":""},{"Field":"created_at","Type":"timestamp","Null":"NO","Key":"","Default":"current_timestamp()","Extra":""},{"Field":"favorite_sport","Type":"varchar(50)","Null":"YES","Key":"","Default":null,"Extra":""},{"Field":"favorite_team","Type":"varchar(50)","Null":"YES","Key":"","Default":null,"Extra":""},{"Field":"account_type","Type":"enum('user','admin')","Null":"YES","Key":"","Default":"user","Extra":""}]
[22-Apr-2025 15:35:07 Europe/Berlin] Number of users in database: 13
[22-Apr-2025 15:35:07 Europe/Berlin] All tables initialized successfully
[22-Apr-2025 15:35:07 Europe/Berlin] Connected to database. Tables found: favorites, feedback, matches, news, newsletter, notifications, subscriptions, users
[22-Apr-2025 15:35:07 Europe/Berlin] Executing SQL: CREATE TABLE IF NOT EXISTS users (
                id INT AUTO_INCREMENT PRIMARY KEY,
                username VARCHAR(50) NOT NULL UNIQUE,
                password VARCHAR(255) NOT NULL,
                email VARCHAR(100) NOT NULL UNIQUE,
                account_type ENUM('user', 'admin') DEFAULT 'user',
                created_at TIMESTAMP DEFAULT CURRENT_TIMESTAMP
            )
[22-Apr-2025 15:35:07 Europe/Berlin] With params: []
[22-Apr-2025 15:35:07 Europe/Berlin] Query executed successfully. Found 0 rows
[22-Apr-2025 15:35:07 Europe/Berlin] Users table created or already exists
[22-Apr-2025 15:35:07 Europe/Berlin] Users table structure: [{"Field":"id","Type":"int(11)","Null":"NO","Key":"PRI","Default":null,"Extra":"auto_increment"},{"Field":"username","Type":"varchar(50)","Null":"NO","Key":"","Default":null,"Extra":""},{"Field":"email","Type":"varchar(100)","Null":"NO","Key":"UNI","Default":null,"Extra":""},{"Field":"password","Type":"varchar(255)","Null":"NO","Key":"","Default":null,"Extra":""},{"Field":"role","Type":"enum('user','admin')","Null":"YES","Key":"","Default":"user","Extra":""},{"Field":"verification_code","Type":"varchar(100)","Null":"YES","Key":"","Default":null,"Extra":""},{"Field":"is_verified","Type":"tinyint(1)","Null":"YES","Key":"","Default":"0","Extra":""},{"Field":"created_at","Type":"timestamp","Null":"NO","Key":"","Default":"current_timestamp()","Extra":""},{"Field":"favorite_sport","Type":"varchar(50)","Null":"YES","Key":"","Default":null,"Extra":""},{"Field":"favorite_team","Type":"varchar(50)","Null":"YES","Key":"","Default":null,"Extra":""},{"Field":"account_type","Type":"enum('user','admin')","Null":"YES","Key":"","Default":"user","Extra":""}]
[22-Apr-2025 15:35:07 Europe/Berlin] Number of users in database: 13
[22-Apr-2025 15:35:07 Europe/Berlin] All tables initialized successfully
[22-Apr-2025 15:35:07 Europe/Berlin] Database tables initialized successfully
[22-Apr-2025 15:35:07 Europe/Berlin] Executing SQL: SELECT * FROM users WHERE id = :id
[22-Apr-2025 15:35:07 Europe/Berlin] With params: {":id":12}
[22-Apr-2025 15:35:07 Europe/Berlin] Query executed successfully. Found 1 rows
[22-Apr-2025 15:35:07 Europe/Berlin] User loaded from session: varunpndey
[22-Apr-2025 15:35:07 Europe/Berlin] Header - Session status: 2
[22-Apr-2025 15:35:07 Europe/Berlin] Header - Session data: {"user_id":12,"username":"varunpndey","email":"va@gmail.com","account_type":"admin"}
[22-Apr-2025 15:35:07 Europe/Berlin] Header - After session start - Status: 2
[22-Apr-2025 15:35:07 Europe/Berlin] Header - After session start - Data: {"user_id":12,"username":"varunpndey","email":"va@gmail.com","account_type":"admin"}
[22-Apr-2025 15:35:07 Europe/Berlin] Header - Is logged in: Yes
[22-Apr-2025 15:35:07 Europe/Berlin] Executing SQL: SELECT * FROM matches WHERE sport = :sport ORDER BY match_time DESC
[22-Apr-2025 15:35:07 Europe/Berlin] With params: {":sport":"cricket"}
[22-Apr-2025 15:35:07 Europe/Berlin] Query executed successfully. Found 6 rows
[22-Apr-2025 15:35:07 Europe/Berlin] Executing SQL: SELECT * FROM matches WHERE sport = :sport AND status = :status
[22-Apr-2025 15:35:07 Europe/Berlin] With params: {":sport":"cricket",":status":"live"}
[22-Apr-2025 15:35:07 Europe/Berlin] Query executed successfully. Found 1 rows
[22-Apr-2025 15:35:07 Europe/Berlin] Executing SQL: SELECT COUNT(*) as count FROM favorites 
                    WHERE user_id = :user_id AND match_id = :match_id
[22-Apr-2025 15:35:07 Europe/Berlin] With params: {":user_id":12,":match_id":14}
[22-Apr-2025 15:35:07 Europe/Berlin] Query executed successfully. Found 1 rows
[22-Apr-2025 15:35:07 Europe/Berlin] Executing SQL: SELECT COUNT(*) as count FROM favorites 
                    WHERE user_id = :user_id AND match_id = :match_id
[22-Apr-2025 15:35:07 Europe/Berlin] With params: {":user_id":12,":match_id":15}
[22-Apr-2025 15:35:07 Europe/Berlin] Query executed successfully. Found 1 rows
[22-Apr-2025 15:35:07 Europe/Berlin] Executing SQL: SELECT COUNT(*) as count FROM favorites 
                    WHERE user_id = :user_id AND match_id = :match_id
[22-Apr-2025 15:35:07 Europe/Berlin] With params: {":user_id":12,":match_id":16}
[22-Apr-2025 15:35:07 Europe/Berlin] Query executed successfully. Found 1 rows
[22-Apr-2025 15:35:07 Europe/Berlin] Executing SQL: SELECT COUNT(*) as count FROM favorites 
                    WHERE user_id = :user_id AND match_id = :match_id
[22-Apr-2025 15:35:07 Europe/Berlin] With params: {":user_id":12,":match_id":12}
[22-Apr-2025 15:35:07 Europe/Berlin] Query executed successfully. Found 1 rows
[22-Apr-2025 15:35:07 Europe/Berlin] Executing SQL: SELECT COUNT(*) as count FROM favorites 
                    WHERE user_id = :user_id AND match_id = :match_id
[22-Apr-2025 15:35:07 Europe/Berlin] With params: {":user_id":12,":match_id":11}
[22-Apr-2025 15:35:07 Europe/Berlin] Query executed successfully. Found 1 rows
[22-Apr-2025 15:35:07 Europe/Berlin] Executing SQL: SELECT COUNT(*) as count FROM favorites 
                    WHERE user_id = :user_id AND match_id = :match_id
[22-Apr-2025 15:35:07 Europe/Berlin] With params: {":user_id":12,":match_id":13}
[22-Apr-2025 15:35:07 Europe/Berlin] Query executed successfully. Found 1 rows
[22-Apr-2025 15:35:08 Europe/Berlin] Connected to database. Tables found: favorites, feedback, matches, news, newsletter, notifications, subscriptions, users
[22-Apr-2025 15:35:08 Europe/Berlin] Executing SQL: CREATE TABLE IF NOT EXISTS users (
                id INT AUTO_INCREMENT PRIMARY KEY,
                username VARCHAR(50) NOT NULL UNIQUE,
                password VARCHAR(255) NOT NULL,
                email VARCHAR(100) NOT NULL UNIQUE,
                account_type ENUM('user', 'admin') DEFAULT 'user',
                created_at TIMESTAMP DEFAULT CURRENT_TIMESTAMP
            )
[22-Apr-2025 15:35:08 Europe/Berlin] With params: []
[22-Apr-2025 15:35:08 Europe/Berlin] Query executed successfully. Found 0 rows
[22-Apr-2025 15:35:08 Europe/Berlin] Users table created or already exists
[22-Apr-2025 15:35:08 Europe/Berlin] Users table structure: [{"Field":"id","Type":"int(11)","Null":"NO","Key":"PRI","Default":null,"Extra":"auto_increment"},{"Field":"username","Type":"varchar(50)","Null":"NO","Key":"","Default":null,"Extra":""},{"Field":"email","Type":"varchar(100)","Null":"NO","Key":"UNI","Default":null,"Extra":""},{"Field":"password","Type":"varchar(255)","Null":"NO","Key":"","Default":null,"Extra":""},{"Field":"role","Type":"enum('user','admin')","Null":"YES","Key":"","Default":"user","Extra":""},{"Field":"verification_code","Type":"varchar(100)","Null":"YES","Key":"","Default":null,"Extra":""},{"Field":"is_verified","Type":"tinyint(1)","Null":"YES","Key":"","Default":"0","Extra":""},{"Field":"created_at","Type":"timestamp","Null":"NO","Key":"","Default":"current_timestamp()","Extra":""},{"Field":"favorite_sport","Type":"varchar(50)","Null":"YES","Key":"","Default":null,"Extra":""},{"Field":"favorite_team","Type":"varchar(50)","Null":"YES","Key":"","Default":null,"Extra":""},{"Field":"account_type","Type":"enum('user','admin')","Null":"YES","Key":"","Default":"user","Extra":""}]
[22-Apr-2025 15:35:08 Europe/Berlin] Number of users in database: 13
[22-Apr-2025 15:35:08 Europe/Berlin] All tables initialized successfully
[22-Apr-2025 15:35:08 Europe/Berlin] API Request received: /sportsync/backend/match.php
[22-Apr-2025 15:35:08 Europe/Berlin] GET parameters: Array
(
)

[22-Apr-2025 15:35:37 Europe/Berlin] Connected to database. Tables found: favorites, feedback, matches, news, newsletter, notifications, subscriptions, users
[22-Apr-2025 15:35:37 Europe/Berlin] Executing SQL: CREATE TABLE IF NOT EXISTS users (
                id INT AUTO_INCREMENT PRIMARY KEY,
                username VARCHAR(50) NOT NULL UNIQUE,
                password VARCHAR(255) NOT NULL,
                email VARCHAR(100) NOT NULL UNIQUE,
                account_type ENUM('user', 'admin') DEFAULT 'user',
                created_at TIMESTAMP DEFAULT CURRENT_TIMESTAMP
            )
[22-Apr-2025 15:35:37 Europe/Berlin] With params: []
[22-Apr-2025 15:35:37 Europe/Berlin] Query executed successfully. Found 0 rows
[22-Apr-2025 15:35:37 Europe/Berlin] Users table created or already exists
[22-Apr-2025 15:35:37 Europe/Berlin] Users table structure: [{"Field":"id","Type":"int(11)","Null":"NO","Key":"PRI","Default":null,"Extra":"auto_increment"},{"Field":"username","Type":"varchar(50)","Null":"NO","Key":"","Default":null,"Extra":""},{"Field":"email","Type":"varchar(100)","Null":"NO","Key":"UNI","Default":null,"Extra":""},{"Field":"password","Type":"varchar(255)","Null":"NO","Key":"","Default":null,"Extra":""},{"Field":"role","Type":"enum('user','admin')","Null":"YES","Key":"","Default":"user","Extra":""},{"Field":"verification_code","Type":"varchar(100)","Null":"YES","Key":"","Default":null,"Extra":""},{"Field":"is_verified","Type":"tinyint(1)","Null":"YES","Key":"","Default":"0","Extra":""},{"Field":"created_at","Type":"timestamp","Null":"NO","Key":"","Default":"current_timestamp()","Extra":""},{"Field":"favorite_sport","Type":"varchar(50)","Null":"YES","Key":"","Default":null,"Extra":""},{"Field":"favorite_team","Type":"varchar(50)","Null":"YES","Key":"","Default":null,"Extra":""},{"Field":"account_type","Type":"enum('user','admin')","Null":"YES","Key":"","Default":"user","Extra":""}]
[22-Apr-2025 15:35:37 Europe/Berlin] Number of users in database: 13
[22-Apr-2025 15:35:37 Europe/Berlin] All tables initialized successfully
[22-Apr-2025 15:35:37 Europe/Berlin] API Request received: /sportsync/backend/match.php?action=fetch_matches&sport=cricket&all=true
[22-Apr-2025 15:35:37 Europe/Berlin] GET parameters: Array
(
    [action] => fetch_matches
    [sport] => cricket
    [all] => true
)

[22-Apr-2025 15:35:37 Europe/Berlin] Executing SQL: SELECT * FROM matches WHERE sport = :sport ORDER BY match_time DESC
[22-Apr-2025 15:35:37 Europe/Berlin] With params: {":sport":"cricket"}
[22-Apr-2025 15:35:37 Europe/Berlin] Query executed successfully. Found 6 rows
[22-Apr-2025 15:36:07 Europe/Berlin] Connected to database. Tables found: favorites, feedback, matches, news, newsletter, notifications, subscriptions, users
[22-Apr-2025 15:36:07 Europe/Berlin] Executing SQL: CREATE TABLE IF NOT EXISTS users (
                id INT AUTO_INCREMENT PRIMARY KEY,
                username VARCHAR(50) NOT NULL UNIQUE,
                password VARCHAR(255) NOT NULL,
                email VARCHAR(100) NOT NULL UNIQUE,
                account_type ENUM('user', 'admin') DEFAULT 'user',
                created_at TIMESTAMP DEFAULT CURRENT_TIMESTAMP
            )
[22-Apr-2025 15:36:07 Europe/Berlin] With params: []
[22-Apr-2025 15:36:07 Europe/Berlin] Query executed successfully. Found 0 rows
[22-Apr-2025 15:36:07 Europe/Berlin] Users table created or already exists
[22-Apr-2025 15:36:07 Europe/Berlin] Users table structure: [{"Field":"id","Type":"int(11)","Null":"NO","Key":"PRI","Default":null,"Extra":"auto_increment"},{"Field":"username","Type":"varchar(50)","Null":"NO","Key":"","Default":null,"Extra":""},{"Field":"email","Type":"varchar(100)","Null":"NO","Key":"UNI","Default":null,"Extra":""},{"Field":"password","Type":"varchar(255)","Null":"NO","Key":"","Default":null,"Extra":""},{"Field":"role","Type":"enum('user','admin')","Null":"YES","Key":"","Default":"user","Extra":""},{"Field":"verification_code","Type":"varchar(100)","Null":"YES","Key":"","Default":null,"Extra":""},{"Field":"is_verified","Type":"tinyint(1)","Null":"YES","Key":"","Default":"0","Extra":""},{"Field":"created_at","Type":"timestamp","Null":"NO","Key":"","Default":"current_timestamp()","Extra":""},{"Field":"favorite_sport","Type":"varchar(50)","Null":"YES","Key":"","Default":null,"Extra":""},{"Field":"favorite_team","Type":"varchar(50)","Null":"YES","Key":"","Default":null,"Extra":""},{"Field":"account_type","Type":"enum('user','admin')","Null":"YES","Key":"","Default":"user","Extra":""}]
[22-Apr-2025 15:36:07 Europe/Berlin] Number of users in database: 13
[22-Apr-2025 15:36:07 Europe/Berlin] All tables initialized successfully
[22-Apr-2025 15:36:07 Europe/Berlin] API Request received: /sportsync/backend/match.php?action=fetch_matches&sport=cricket&all=true
[22-Apr-2025 15:36:07 Europe/Berlin] GET parameters: Array
(
    [action] => fetch_matches
    [sport] => cricket
    [all] => true
)

[22-Apr-2025 15:36:07 Europe/Berlin] Executing SQL: SELECT * FROM matches WHERE sport = :sport ORDER BY match_time DESC
[22-Apr-2025 15:36:07 Europe/Berlin] With params: {":sport":"cricket"}
[22-Apr-2025 15:36:07 Europe/Berlin] Query executed successfully. Found 6 rows
[22-Apr-2025 15:36:37 Europe/Berlin] Connected to database. Tables found: favorites, feedback, matches, news, newsletter, notifications, subscriptions, users
[22-Apr-2025 15:36:37 Europe/Berlin] Executing SQL: CREATE TABLE IF NOT EXISTS users (
                id INT AUTO_INCREMENT PRIMARY KEY,
                username VARCHAR(50) NOT NULL UNIQUE,
                password VARCHAR(255) NOT NULL,
                email VARCHAR(100) NOT NULL UNIQUE,
                account_type ENUM('user', 'admin') DEFAULT 'user',
                created_at TIMESTAMP DEFAULT CURRENT_TIMESTAMP
            )
[22-Apr-2025 15:36:37 Europe/Berlin] With params: []
[22-Apr-2025 15:36:37 Europe/Berlin] Query executed successfully. Found 0 rows
[22-Apr-2025 15:36:37 Europe/Berlin] Users table created or already exists
[22-Apr-2025 15:36:37 Europe/Berlin] Users table structure: [{"Field":"id","Type":"int(11)","Null":"NO","Key":"PRI","Default":null,"Extra":"auto_increment"},{"Field":"username","Type":"varchar(50)","Null":"NO","Key":"","Default":null,"Extra":""},{"Field":"email","Type":"varchar(100)","Null":"NO","Key":"UNI","Default":null,"Extra":""},{"Field":"password","Type":"varchar(255)","Null":"NO","Key":"","Default":null,"Extra":""},{"Field":"role","Type":"enum('user','admin')","Null":"YES","Key":"","Default":"user","Extra":""},{"Field":"verification_code","Type":"varchar(100)","Null":"YES","Key":"","Default":null,"Extra":""},{"Field":"is_verified","Type":"tinyint(1)","Null":"YES","Key":"","Default":"0","Extra":""},{"Field":"created_at","Type":"timestamp","Null":"NO","Key":"","Default":"current_timestamp()","Extra":""},{"Field":"favorite_sport","Type":"varchar(50)","Null":"YES","Key":"","Default":null,"Extra":""},{"Field":"favorite_team","Type":"varchar(50)","Null":"YES","Key":"","Default":null,"Extra":""},{"Field":"account_type","Type":"enum('user','admin')","Null":"YES","Key":"","Default":"user","Extra":""}]
[22-Apr-2025 15:36:37 Europe/Berlin] Number of users in database: 13
[22-Apr-2025 15:36:37 Europe/Berlin] All tables initialized successfully
[22-Apr-2025 15:36:37 Europe/Berlin] API Request received: /sportsync/backend/match.php?action=fetch_matches&sport=cricket&all=true
[22-Apr-2025 15:36:37 Europe/Berlin] GET parameters: Array
(
    [action] => fetch_matches
    [sport] => cricket
    [all] => true
)

[22-Apr-2025 15:36:37 Europe/Berlin] Executing SQL: SELECT * FROM matches WHERE sport = :sport ORDER BY match_time DESC
[22-Apr-2025 15:36:37 Europe/Berlin] With params: {":sport":"cricket"}
[22-Apr-2025 15:36:37 Europe/Berlin] Query executed successfully. Found 6 rows
[22-Apr-2025 15:37:05 Europe/Berlin] Connected to database. Tables found: favorites, feedback, matches, news, newsletter, notifications, subscriptions, users
[22-Apr-2025 15:37:05 Europe/Berlin] Executing SQL: CREATE TABLE IF NOT EXISTS users (
                id INT AUTO_INCREMENT PRIMARY KEY,
                username VARCHAR(50) NOT NULL UNIQUE,
                password VARCHAR(255) NOT NULL,
                email VARCHAR(100) NOT NULL UNIQUE,
                account_type ENUM('user', 'admin') DEFAULT 'user',
                created_at TIMESTAMP DEFAULT CURRENT_TIMESTAMP
            )
[22-Apr-2025 15:37:05 Europe/Berlin] With params: []
[22-Apr-2025 15:37:05 Europe/Berlin] Query executed successfully. Found 0 rows
[22-Apr-2025 15:37:05 Europe/Berlin] Users table created or already exists
[22-Apr-2025 15:37:05 Europe/Berlin] Users table structure: [{"Field":"id","Type":"int(11)","Null":"NO","Key":"PRI","Default":null,"Extra":"auto_increment"},{"Field":"username","Type":"varchar(50)","Null":"NO","Key":"","Default":null,"Extra":""},{"Field":"email","Type":"varchar(100)","Null":"NO","Key":"UNI","Default":null,"Extra":""},{"Field":"password","Type":"varchar(255)","Null":"NO","Key":"","Default":null,"Extra":""},{"Field":"role","Type":"enum('user','admin')","Null":"YES","Key":"","Default":"user","Extra":""},{"Field":"verification_code","Type":"varchar(100)","Null":"YES","Key":"","Default":null,"Extra":""},{"Field":"is_verified","Type":"tinyint(1)","Null":"YES","Key":"","Default":"0","Extra":""},{"Field":"created_at","Type":"timestamp","Null":"NO","Key":"","Default":"current_timestamp()","Extra":""},{"Field":"favorite_sport","Type":"varchar(50)","Null":"YES","Key":"","Default":null,"Extra":""},{"Field":"favorite_team","Type":"varchar(50)","Null":"YES","Key":"","Default":null,"Extra":""},{"Field":"account_type","Type":"enum('user','admin')","Null":"YES","Key":"","Default":"user","Extra":""}]
[22-Apr-2025 15:37:05 Europe/Berlin] Number of users in database: 13
[22-Apr-2025 15:37:05 Europe/Berlin] All tables initialized successfully
[22-Apr-2025 15:37:05 Europe/Berlin] Connected to database. Tables found: favorites, feedback, matches, news, newsletter, notifications, subscriptions, users
[22-Apr-2025 15:37:05 Europe/Berlin] Executing SQL: CREATE TABLE IF NOT EXISTS users (
                id INT AUTO_INCREMENT PRIMARY KEY,
                username VARCHAR(50) NOT NULL UNIQUE,
                password VARCHAR(255) NOT NULL,
                email VARCHAR(100) NOT NULL UNIQUE,
                account_type ENUM('user', 'admin') DEFAULT 'user',
                created_at TIMESTAMP DEFAULT CURRENT_TIMESTAMP
            )
[22-Apr-2025 15:37:05 Europe/Berlin] With params: []
[22-Apr-2025 15:37:05 Europe/Berlin] Query executed successfully. Found 0 rows
[22-Apr-2025 15:37:05 Europe/Berlin] Users table created or already exists
[22-Apr-2025 15:37:05 Europe/Berlin] Users table structure: [{"Field":"id","Type":"int(11)","Null":"NO","Key":"PRI","Default":null,"Extra":"auto_increment"},{"Field":"username","Type":"varchar(50)","Null":"NO","Key":"","Default":null,"Extra":""},{"Field":"email","Type":"varchar(100)","Null":"NO","Key":"UNI","Default":null,"Extra":""},{"Field":"password","Type":"varchar(255)","Null":"NO","Key":"","Default":null,"Extra":""},{"Field":"role","Type":"enum('user','admin')","Null":"YES","Key":"","Default":"user","Extra":""},{"Field":"verification_code","Type":"varchar(100)","Null":"YES","Key":"","Default":null,"Extra":""},{"Field":"is_verified","Type":"tinyint(1)","Null":"YES","Key":"","Default":"0","Extra":""},{"Field":"created_at","Type":"timestamp","Null":"NO","Key":"","Default":"current_timestamp()","Extra":""},{"Field":"favorite_sport","Type":"varchar(50)","Null":"YES","Key":"","Default":null,"Extra":""},{"Field":"favorite_team","Type":"varchar(50)","Null":"YES","Key":"","Default":null,"Extra":""},{"Field":"account_type","Type":"enum('user','admin')","Null":"YES","Key":"","Default":"user","Extra":""}]
[22-Apr-2025 15:37:05 Europe/Berlin] Number of users in database: 13
[22-Apr-2025 15:37:05 Europe/Berlin] All tables initialized successfully
[22-Apr-2025 15:37:05 Europe/Berlin] Database tables initialized successfully
[22-Apr-2025 15:37:05 Europe/Berlin] Executing SQL: SELECT * FROM users WHERE id = :id
[22-Apr-2025 15:37:05 Europe/Berlin] With params: {":id":12}
[22-Apr-2025 15:37:05 Europe/Berlin] Query executed successfully. Found 1 rows
[22-Apr-2025 15:37:05 Europe/Berlin] User loaded from session: varunpndey
[22-Apr-2025 15:37:05 Europe/Berlin] Header - Session status: 2
[22-Apr-2025 15:37:05 Europe/Berlin] Header - Session data: {"user_id":12,"username":"varunpndey","email":"va@gmail.com","account_type":"admin"}
[22-Apr-2025 15:37:05 Europe/Berlin] Header - After session start - Status: 2
[22-Apr-2025 15:37:05 Europe/Berlin] Header - After session start - Data: {"user_id":12,"username":"varunpndey","email":"va@gmail.com","account_type":"admin"}
[22-Apr-2025 15:37:05 Europe/Berlin] Header - Is logged in: Yes
[22-Apr-2025 15:37:05 Europe/Berlin] Executing SQL: SELECT * FROM news ORDER BY created_at DESC LIMIT 5
[22-Apr-2025 15:37:05 Europe/Berlin] With params: []
[22-Apr-2025 15:37:05 Europe/Berlin] Query executed successfully. Found 5 rows
[22-Apr-2025 15:37:05 Europe/Berlin] Executing SQL: SELECT * FROM matches WHERE status = 'live'
[22-Apr-2025 15:37:05 Europe/Berlin] With params: []
[22-Apr-2025 15:37:05 Europe/Berlin] Query executed successfully. Found 2 rows
[22-Apr-2025 15:37:05 Europe/Berlin] Executing SQL: SELECT COUNT(*) as count FROM favorites 
                    WHERE user_id = :user_id AND match_id = :match_id
[22-Apr-2025 15:37:05 Europe/Berlin] With params: {":user_id":12,":match_id":11}
[22-Apr-2025 15:37:05 Europe/Berlin] Query executed successfully. Found 1 rows
[22-Apr-2025 15:37:05 Europe/Berlin] Executing SQL: SELECT COUNT(*) as count FROM favorites 
                    WHERE user_id = :user_id AND match_id = :match_id
[22-Apr-2025 15:37:05 Europe/Berlin] With params: {":user_id":12,":match_id":17}
[22-Apr-2025 15:37:05 Europe/Berlin] Query executed successfully. Found 1 rows
[22-Apr-2025 15:37:07 Europe/Berlin] Connected to database. Tables found: favorites, feedback, matches, news, newsletter, notifications, subscriptions, users
[22-Apr-2025 15:37:07 Europe/Berlin] Executing SQL: CREATE TABLE IF NOT EXISTS users (
                id INT AUTO_INCREMENT PRIMARY KEY,
                username VARCHAR(50) NOT NULL UNIQUE,
                password VARCHAR(255) NOT NULL,
                email VARCHAR(100) NOT NULL UNIQUE,
                account_type ENUM('user', 'admin') DEFAULT 'user',
                created_at TIMESTAMP DEFAULT CURRENT_TIMESTAMP
            )
[22-Apr-2025 15:37:07 Europe/Berlin] With params: []
[22-Apr-2025 15:37:07 Europe/Berlin] Query executed successfully. Found 0 rows
[22-Apr-2025 15:37:07 Europe/Berlin] Users table created or already exists
[22-Apr-2025 15:37:07 Europe/Berlin] Users table structure: [{"Field":"id","Type":"int(11)","Null":"NO","Key":"PRI","Default":null,"Extra":"auto_increment"},{"Field":"username","Type":"varchar(50)","Null":"NO","Key":"","Default":null,"Extra":""},{"Field":"email","Type":"varchar(100)","Null":"NO","Key":"UNI","Default":null,"Extra":""},{"Field":"password","Type":"varchar(255)","Null":"NO","Key":"","Default":null,"Extra":""},{"Field":"role","Type":"enum('user','admin')","Null":"YES","Key":"","Default":"user","Extra":""},{"Field":"verification_code","Type":"varchar(100)","Null":"YES","Key":"","Default":null,"Extra":""},{"Field":"is_verified","Type":"tinyint(1)","Null":"YES","Key":"","Default":"0","Extra":""},{"Field":"created_at","Type":"timestamp","Null":"NO","Key":"","Default":"current_timestamp()","Extra":""},{"Field":"favorite_sport","Type":"varchar(50)","Null":"YES","Key":"","Default":null,"Extra":""},{"Field":"favorite_team","Type":"varchar(50)","Null":"YES","Key":"","Default":null,"Extra":""},{"Field":"account_type","Type":"enum('user','admin')","Null":"YES","Key":"","Default":"user","Extra":""}]
[22-Apr-2025 15:37:07 Europe/Berlin] Number of users in database: 13
[22-Apr-2025 15:37:07 Europe/Berlin] All tables initialized successfully
[22-Apr-2025 15:37:07 Europe/Berlin] API Request received: /sportsync/backend/match.php?action=fetch_matches&sport=cricket&all=true
[22-Apr-2025 15:37:07 Europe/Berlin] GET parameters: Array
(
    [action] => fetch_matches
    [sport] => cricket
    [all] => true
)

[22-Apr-2025 15:37:07 Europe/Berlin] Executing SQL: SELECT * FROM matches WHERE sport = :sport ORDER BY match_time DESC
[22-Apr-2025 15:37:07 Europe/Berlin] With params: {":sport":"cricket"}
[22-Apr-2025 15:37:07 Europe/Berlin] Query executed successfully. Found 6 rows
[22-Apr-2025 15:37:37 Europe/Berlin] Connected to database. Tables found: favorites, feedback, matches, news, newsletter, notifications, subscriptions, users
[22-Apr-2025 15:37:37 Europe/Berlin] Executing SQL: CREATE TABLE IF NOT EXISTS users (
                id INT AUTO_INCREMENT PRIMARY KEY,
                username VARCHAR(50) NOT NULL UNIQUE,
                password VARCHAR(255) NOT NULL,
                email VARCHAR(100) NOT NULL UNIQUE,
                account_type ENUM('user', 'admin') DEFAULT 'user',
                created_at TIMESTAMP DEFAULT CURRENT_TIMESTAMP
            )
[22-Apr-2025 15:37:37 Europe/Berlin] With params: []
[22-Apr-2025 15:37:37 Europe/Berlin] Query executed successfully. Found 0 rows
[22-Apr-2025 15:37:37 Europe/Berlin] Users table created or already exists
[22-Apr-2025 15:37:37 Europe/Berlin] Users table structure: [{"Field":"id","Type":"int(11)","Null":"NO","Key":"PRI","Default":null,"Extra":"auto_increment"},{"Field":"username","Type":"varchar(50)","Null":"NO","Key":"","Default":null,"Extra":""},{"Field":"email","Type":"varchar(100)","Null":"NO","Key":"UNI","Default":null,"Extra":""},{"Field":"password","Type":"varchar(255)","Null":"NO","Key":"","Default":null,"Extra":""},{"Field":"role","Type":"enum('user','admin')","Null":"YES","Key":"","Default":"user","Extra":""},{"Field":"verification_code","Type":"varchar(100)","Null":"YES","Key":"","Default":null,"Extra":""},{"Field":"is_verified","Type":"tinyint(1)","Null":"YES","Key":"","Default":"0","Extra":""},{"Field":"created_at","Type":"timestamp","Null":"NO","Key":"","Default":"current_timestamp()","Extra":""},{"Field":"favorite_sport","Type":"varchar(50)","Null":"YES","Key":"","Default":null,"Extra":""},{"Field":"favorite_team","Type":"varchar(50)","Null":"YES","Key":"","Default":null,"Extra":""},{"Field":"account_type","Type":"enum('user','admin')","Null":"YES","Key":"","Default":"user","Extra":""}]
[22-Apr-2025 15:37:37 Europe/Berlin] Number of users in database: 13
[22-Apr-2025 15:37:37 Europe/Berlin] All tables initialized successfully
[22-Apr-2025 15:37:37 Europe/Berlin] API Request received: /sportsync/backend/match.php?action=fetch_matches&sport=cricket&all=true
[22-Apr-2025 15:37:37 Europe/Berlin] GET parameters: Array
(
    [action] => fetch_matches
    [sport] => cricket
    [all] => true
)

[22-Apr-2025 15:37:37 Europe/Berlin] Executing SQL: SELECT * FROM matches WHERE sport = :sport ORDER BY match_time DESC
[22-Apr-2025 15:37:37 Europe/Berlin] With params: {":sport":"cricket"}
[22-Apr-2025 15:37:37 Europe/Berlin] Query executed successfully. Found 6 rows
[22-Apr-2025 15:38:12 Europe/Berlin] Connected to database. Tables found: favorites, feedback, matches, news, newsletter, notifications, subscriptions, users
[22-Apr-2025 15:38:12 Europe/Berlin] Executing SQL: CREATE TABLE IF NOT EXISTS users (
                id INT AUTO_INCREMENT PRIMARY KEY,
                username VARCHAR(50) NOT NULL UNIQUE,
                password VARCHAR(255) NOT NULL,
                email VARCHAR(100) NOT NULL UNIQUE,
                account_type ENUM('user', 'admin') DEFAULT 'user',
                created_at TIMESTAMP DEFAULT CURRENT_TIMESTAMP
            )
[22-Apr-2025 15:38:12 Europe/Berlin] With params: []
[22-Apr-2025 15:38:12 Europe/Berlin] Query executed successfully. Found 0 rows
[22-Apr-2025 15:38:12 Europe/Berlin] Users table created or already exists
[22-Apr-2025 15:38:12 Europe/Berlin] Users table structure: [{"Field":"id","Type":"int(11)","Null":"NO","Key":"PRI","Default":null,"Extra":"auto_increment"},{"Field":"username","Type":"varchar(50)","Null":"NO","Key":"","Default":null,"Extra":""},{"Field":"email","Type":"varchar(100)","Null":"NO","Key":"UNI","Default":null,"Extra":""},{"Field":"password","Type":"varchar(255)","Null":"NO","Key":"","Default":null,"Extra":""},{"Field":"role","Type":"enum('user','admin')","Null":"YES","Key":"","Default":"user","Extra":""},{"Field":"verification_code","Type":"varchar(100)","Null":"YES","Key":"","Default":null,"Extra":""},{"Field":"is_verified","Type":"tinyint(1)","Null":"YES","Key":"","Default":"0","Extra":""},{"Field":"created_at","Type":"timestamp","Null":"NO","Key":"","Default":"current_timestamp()","Extra":""},{"Field":"favorite_sport","Type":"varchar(50)","Null":"YES","Key":"","Default":null,"Extra":""},{"Field":"favorite_team","Type":"varchar(50)","Null":"YES","Key":"","Default":null,"Extra":""},{"Field":"account_type","Type":"enum('user','admin')","Null":"YES","Key":"","Default":"user","Extra":""}]
[22-Apr-2025 15:38:12 Europe/Berlin] Number of users in database: 13
[22-Apr-2025 15:38:12 Europe/Berlin] All tables initialized successfully
[22-Apr-2025 15:38:12 Europe/Berlin] API Request received: /sportsync/backend/match.php?action=fetch_matches&sport=cricket&all=true
[22-Apr-2025 15:38:12 Europe/Berlin] GET parameters: Array
(
    [action] => fetch_matches
    [sport] => cricket
    [all] => true
)

[22-Apr-2025 15:38:12 Europe/Berlin] Executing SQL: SELECT * FROM matches WHERE sport = :sport ORDER BY match_time DESC
[22-Apr-2025 15:38:12 Europe/Berlin] With params: {":sport":"cricket"}
[22-Apr-2025 15:38:12 Europe/Berlin] Query executed successfully. Found 6 rows
[22-Apr-2025 15:39:12 Europe/Berlin] Connected to database. Tables found: favorites, feedback, matches, news, newsletter, notifications, subscriptions, users
[22-Apr-2025 15:39:12 Europe/Berlin] Executing SQL: CREATE TABLE IF NOT EXISTS users (
                id INT AUTO_INCREMENT PRIMARY KEY,
                username VARCHAR(50) NOT NULL UNIQUE,
                password VARCHAR(255) NOT NULL,
                email VARCHAR(100) NOT NULL UNIQUE,
                account_type ENUM('user', 'admin') DEFAULT 'user',
                created_at TIMESTAMP DEFAULT CURRENT_TIMESTAMP
            )
[22-Apr-2025 15:39:12 Europe/Berlin] With params: []
[22-Apr-2025 15:39:12 Europe/Berlin] Query executed successfully. Found 0 rows
[22-Apr-2025 15:39:12 Europe/Berlin] Users table created or already exists
[22-Apr-2025 15:39:12 Europe/Berlin] Users table structure: [{"Field":"id","Type":"int(11)","Null":"NO","Key":"PRI","Default":null,"Extra":"auto_increment"},{"Field":"username","Type":"varchar(50)","Null":"NO","Key":"","Default":null,"Extra":""},{"Field":"email","Type":"varchar(100)","Null":"NO","Key":"UNI","Default":null,"Extra":""},{"Field":"password","Type":"varchar(255)","Null":"NO","Key":"","Default":null,"Extra":""},{"Field":"role","Type":"enum('user','admin')","Null":"YES","Key":"","Default":"user","Extra":""},{"Field":"verification_code","Type":"varchar(100)","Null":"YES","Key":"","Default":null,"Extra":""},{"Field":"is_verified","Type":"tinyint(1)","Null":"YES","Key":"","Default":"0","Extra":""},{"Field":"created_at","Type":"timestamp","Null":"NO","Key":"","Default":"current_timestamp()","Extra":""},{"Field":"favorite_sport","Type":"varchar(50)","Null":"YES","Key":"","Default":null,"Extra":""},{"Field":"favorite_team","Type":"varchar(50)","Null":"YES","Key":"","Default":null,"Extra":""},{"Field":"account_type","Type":"enum('user','admin')","Null":"YES","Key":"","Default":"user","Extra":""}]
[22-Apr-2025 15:39:12 Europe/Berlin] Number of users in database: 13
[22-Apr-2025 15:39:12 Europe/Berlin] All tables initialized successfully
[22-Apr-2025 15:39:12 Europe/Berlin] API Request received: /sportsync/backend/match.php?action=fetch_matches&sport=cricket&all=true
[22-Apr-2025 15:39:12 Europe/Berlin] GET parameters: Array
(
    [action] => fetch_matches
    [sport] => cricket
    [all] => true
)

[22-Apr-2025 15:39:12 Europe/Berlin] Executing SQL: SELECT * FROM matches WHERE sport = :sport ORDER BY match_time DESC
[22-Apr-2025 15:39:12 Europe/Berlin] With params: {":sport":"cricket"}
[22-Apr-2025 15:39:12 Europe/Berlin] Query executed successfully. Found 6 rows
[22-Apr-2025 15:39:55 Europe/Berlin] Connected to database. Tables found: favorites, feedback, matches, news, newsletter, notifications, subscriptions, users
[22-Apr-2025 15:39:55 Europe/Berlin] Executing SQL: CREATE TABLE IF NOT EXISTS users (
                id INT AUTO_INCREMENT PRIMARY KEY,
                username VARCHAR(50) NOT NULL UNIQUE,
                password VARCHAR(255) NOT NULL,
                email VARCHAR(100) NOT NULL UNIQUE,
                account_type ENUM('user', 'admin') DEFAULT 'user',
                created_at TIMESTAMP DEFAULT CURRENT_TIMESTAMP
            )
[22-Apr-2025 15:39:55 Europe/Berlin] With params: []
[22-Apr-2025 15:39:55 Europe/Berlin] Query executed successfully. Found 0 rows
[22-Apr-2025 15:39:55 Europe/Berlin] Users table created or already exists
[22-Apr-2025 15:39:55 Europe/Berlin] Users table structure: [{"Field":"id","Type":"int(11)","Null":"NO","Key":"PRI","Default":null,"Extra":"auto_increment"},{"Field":"username","Type":"varchar(50)","Null":"NO","Key":"","Default":null,"Extra":""},{"Field":"email","Type":"varchar(100)","Null":"NO","Key":"UNI","Default":null,"Extra":""},{"Field":"password","Type":"varchar(255)","Null":"NO","Key":"","Default":null,"Extra":""},{"Field":"role","Type":"enum('user','admin')","Null":"YES","Key":"","Default":"user","Extra":""},{"Field":"verification_code","Type":"varchar(100)","Null":"YES","Key":"","Default":null,"Extra":""},{"Field":"is_verified","Type":"tinyint(1)","Null":"YES","Key":"","Default":"0","Extra":""},{"Field":"created_at","Type":"timestamp","Null":"NO","Key":"","Default":"current_timestamp()","Extra":""},{"Field":"favorite_sport","Type":"varchar(50)","Null":"YES","Key":"","Default":null,"Extra":""},{"Field":"favorite_team","Type":"varchar(50)","Null":"YES","Key":"","Default":null,"Extra":""},{"Field":"account_type","Type":"enum('user','admin')","Null":"YES","Key":"","Default":"user","Extra":""}]
[22-Apr-2025 15:39:55 Europe/Berlin] Number of users in database: 13
[22-Apr-2025 15:39:55 Europe/Berlin] All tables initialized successfully
[22-Apr-2025 15:39:55 Europe/Berlin] API Request received: /sportsync/backend/match.php?action=fetch_matches&sport=cricket&all=true
[22-Apr-2025 15:39:55 Europe/Berlin] GET parameters: Array
(
    [action] => fetch_matches
    [sport] => cricket
    [all] => true
)

[22-Apr-2025 15:39:55 Europe/Berlin] Executing SQL: SELECT * FROM matches WHERE sport = :sport ORDER BY match_time DESC
[22-Apr-2025 15:39:55 Europe/Berlin] With params: {":sport":"cricket"}
[22-Apr-2025 15:39:55 Europe/Berlin] Query executed successfully. Found 6 rows
[22-Apr-2025 15:39:56 Europe/Berlin] Connected to database. Tables found: favorites, feedback, matches, news, newsletter, notifications, subscriptions, users
[22-Apr-2025 15:39:56 Europe/Berlin] Executing SQL: CREATE TABLE IF NOT EXISTS users (
                id INT AUTO_INCREMENT PRIMARY KEY,
                username VARCHAR(50) NOT NULL UNIQUE,
                password VARCHAR(255) NOT NULL,
                email VARCHAR(100) NOT NULL UNIQUE,
                account_type ENUM('user', 'admin') DEFAULT 'user',
                created_at TIMESTAMP DEFAULT CURRENT_TIMESTAMP
            )
[22-Apr-2025 15:39:56 Europe/Berlin] With params: []
[22-Apr-2025 15:39:56 Europe/Berlin] Query executed successfully. Found 0 rows
[22-Apr-2025 15:39:56 Europe/Berlin] Users table created or already exists
[22-Apr-2025 15:39:56 Europe/Berlin] Users table structure: [{"Field":"id","Type":"int(11)","Null":"NO","Key":"PRI","Default":null,"Extra":"auto_increment"},{"Field":"username","Type":"varchar(50)","Null":"NO","Key":"","Default":null,"Extra":""},{"Field":"email","Type":"varchar(100)","Null":"NO","Key":"UNI","Default":null,"Extra":""},{"Field":"password","Type":"varchar(255)","Null":"NO","Key":"","Default":null,"Extra":""},{"Field":"role","Type":"enum('user','admin')","Null":"YES","Key":"","Default":"user","Extra":""},{"Field":"verification_code","Type":"varchar(100)","Null":"YES","Key":"","Default":null,"Extra":""},{"Field":"is_verified","Type":"tinyint(1)","Null":"YES","Key":"","Default":"0","Extra":""},{"Field":"created_at","Type":"timestamp","Null":"NO","Key":"","Default":"current_timestamp()","Extra":""},{"Field":"favorite_sport","Type":"varchar(50)","Null":"YES","Key":"","Default":null,"Extra":""},{"Field":"favorite_team","Type":"varchar(50)","Null":"YES","Key":"","Default":null,"Extra":""},{"Field":"account_type","Type":"enum('user','admin')","Null":"YES","Key":"","Default":"user","Extra":""}]
[22-Apr-2025 15:39:56 Europe/Berlin] Number of users in database: 13
[22-Apr-2025 15:39:56 Europe/Berlin] All tables initialized successfully
[22-Apr-2025 15:39:56 Europe/Berlin] Connected to database. Tables found: favorites, feedback, matches, news, newsletter, notifications, subscriptions, users
[22-Apr-2025 15:39:56 Europe/Berlin] Executing SQL: CREATE TABLE IF NOT EXISTS users (
                id INT AUTO_INCREMENT PRIMARY KEY,
                username VARCHAR(50) NOT NULL UNIQUE,
                password VARCHAR(255) NOT NULL,
                email VARCHAR(100) NOT NULL UNIQUE,
                account_type ENUM('user', 'admin') DEFAULT 'user',
                created_at TIMESTAMP DEFAULT CURRENT_TIMESTAMP
            )
[22-Apr-2025 15:39:56 Europe/Berlin] With params: []
[22-Apr-2025 15:39:56 Europe/Berlin] Query executed successfully. Found 0 rows
[22-Apr-2025 15:39:56 Europe/Berlin] Users table created or already exists
[22-Apr-2025 15:39:56 Europe/Berlin] Users table structure: [{"Field":"id","Type":"int(11)","Null":"NO","Key":"PRI","Default":null,"Extra":"auto_increment"},{"Field":"username","Type":"varchar(50)","Null":"NO","Key":"","Default":null,"Extra":""},{"Field":"email","Type":"varchar(100)","Null":"NO","Key":"UNI","Default":null,"Extra":""},{"Field":"password","Type":"varchar(255)","Null":"NO","Key":"","Default":null,"Extra":""},{"Field":"role","Type":"enum('user','admin')","Null":"YES","Key":"","Default":"user","Extra":""},{"Field":"verification_code","Type":"varchar(100)","Null":"YES","Key":"","Default":null,"Extra":""},{"Field":"is_verified","Type":"tinyint(1)","Null":"YES","Key":"","Default":"0","Extra":""},{"Field":"created_at","Type":"timestamp","Null":"NO","Key":"","Default":"current_timestamp()","Extra":""},{"Field":"favorite_sport","Type":"varchar(50)","Null":"YES","Key":"","Default":null,"Extra":""},{"Field":"favorite_team","Type":"varchar(50)","Null":"YES","Key":"","Default":null,"Extra":""},{"Field":"account_type","Type":"enum('user','admin')","Null":"YES","Key":"","Default":"user","Extra":""}]
[22-Apr-2025 15:39:56 Europe/Berlin] Number of users in database: 13
[22-Apr-2025 15:39:56 Europe/Berlin] All tables initialized successfully
[22-Apr-2025 15:39:56 Europe/Berlin] Database tables initialized successfully
[22-Apr-2025 15:39:56 Europe/Berlin] Executing SQL: SELECT * FROM users WHERE id = :id
[22-Apr-2025 15:39:56 Europe/Berlin] With params: {":id":12}
[22-Apr-2025 15:39:56 Europe/Berlin] Query executed successfully. Found 1 rows
[22-Apr-2025 15:39:56 Europe/Berlin] User loaded from session: varunpndey
[22-Apr-2025 15:39:56 Europe/Berlin] Header - Session status: 2
[22-Apr-2025 15:39:56 Europe/Berlin] Header - Session data: {"user_id":12,"username":"varunpndey","email":"va@gmail.com","account_type":"admin"}
[22-Apr-2025 15:39:56 Europe/Berlin] Header - After session start - Status: 2
[22-Apr-2025 15:39:56 Europe/Berlin] Header - After session start - Data: {"user_id":12,"username":"varunpndey","email":"va@gmail.com","account_type":"admin"}
[22-Apr-2025 15:39:56 Europe/Berlin] Header - Is logged in: Yes
[22-Apr-2025 15:39:56 Europe/Berlin] Executing SQL: SELECT * FROM matches WHERE sport = :sport ORDER BY match_time DESC
[22-Apr-2025 15:39:56 Europe/Berlin] With params: {":sport":"cricket"}
[22-Apr-2025 15:39:56 Europe/Berlin] Query executed successfully. Found 6 rows
[22-Apr-2025 15:39:56 Europe/Berlin] Executing SQL: SELECT * FROM matches WHERE sport = :sport AND status = :status
[22-Apr-2025 15:39:56 Europe/Berlin] With params: {":sport":"cricket",":status":"live"}
[22-Apr-2025 15:39:56 Europe/Berlin] Query executed successfully. Found 1 rows
[22-Apr-2025 15:39:56 Europe/Berlin] Executing SQL: SELECT COUNT(*) as count FROM favorites 
                    WHERE user_id = :user_id AND match_id = :match_id
[22-Apr-2025 15:39:56 Europe/Berlin] With params: {":user_id":12,":match_id":14}
[22-Apr-2025 15:39:56 Europe/Berlin] Query executed successfully. Found 1 rows
[22-Apr-2025 15:39:56 Europe/Berlin] Executing SQL: SELECT COUNT(*) as count FROM favorites 
                    WHERE user_id = :user_id AND match_id = :match_id
[22-Apr-2025 15:39:56 Europe/Berlin] With params: {":user_id":12,":match_id":15}
[22-Apr-2025 15:39:56 Europe/Berlin] Query executed successfully. Found 1 rows
[22-Apr-2025 15:39:56 Europe/Berlin] Executing SQL: SELECT COUNT(*) as count FROM favorites 
                    WHERE user_id = :user_id AND match_id = :match_id
[22-Apr-2025 15:39:56 Europe/Berlin] With params: {":user_id":12,":match_id":16}
[22-Apr-2025 15:39:56 Europe/Berlin] Query executed successfully. Found 1 rows
[22-Apr-2025 15:39:56 Europe/Berlin] Executing SQL: SELECT COUNT(*) as count FROM favorites 
                    WHERE user_id = :user_id AND match_id = :match_id
[22-Apr-2025 15:39:56 Europe/Berlin] With params: {":user_id":12,":match_id":12}
[22-Apr-2025 15:39:56 Europe/Berlin] Query executed successfully. Found 1 rows
[22-Apr-2025 15:39:56 Europe/Berlin] Executing SQL: SELECT COUNT(*) as count FROM favorites 
                    WHERE user_id = :user_id AND match_id = :match_id
[22-Apr-2025 15:39:56 Europe/Berlin] With params: {":user_id":12,":match_id":11}
[22-Apr-2025 15:39:56 Europe/Berlin] Query executed successfully. Found 1 rows
[22-Apr-2025 15:39:56 Europe/Berlin] Executing SQL: SELECT COUNT(*) as count FROM favorites 
                    WHERE user_id = :user_id AND match_id = :match_id
[22-Apr-2025 15:39:56 Europe/Berlin] With params: {":user_id":12,":match_id":13}
[22-Apr-2025 15:39:56 Europe/Berlin] Query executed successfully. Found 1 rows
[22-Apr-2025 15:40:27 Europe/Berlin] Connected to database. Tables found: favorites, feedback, matches, news, newsletter, notifications, subscriptions, users
[22-Apr-2025 15:40:27 Europe/Berlin] Executing SQL: CREATE TABLE IF NOT EXISTS users (
                id INT AUTO_INCREMENT PRIMARY KEY,
                username VARCHAR(50) NOT NULL UNIQUE,
                password VARCHAR(255) NOT NULL,
                email VARCHAR(100) NOT NULL UNIQUE,
                account_type ENUM('user', 'admin') DEFAULT 'user',
                created_at TIMESTAMP DEFAULT CURRENT_TIMESTAMP
            )
[22-Apr-2025 15:40:27 Europe/Berlin] With params: []
[22-Apr-2025 15:40:27 Europe/Berlin] Query executed successfully. Found 0 rows
[22-Apr-2025 15:40:27 Europe/Berlin] Users table created or already exists
[22-Apr-2025 15:40:27 Europe/Berlin] Users table structure: [{"Field":"id","Type":"int(11)","Null":"NO","Key":"PRI","Default":null,"Extra":"auto_increment"},{"Field":"username","Type":"varchar(50)","Null":"NO","Key":"","Default":null,"Extra":""},{"Field":"email","Type":"varchar(100)","Null":"NO","Key":"UNI","Default":null,"Extra":""},{"Field":"password","Type":"varchar(255)","Null":"NO","Key":"","Default":null,"Extra":""},{"Field":"role","Type":"enum('user','admin')","Null":"YES","Key":"","Default":"user","Extra":""},{"Field":"verification_code","Type":"varchar(100)","Null":"YES","Key":"","Default":null,"Extra":""},{"Field":"is_verified","Type":"tinyint(1)","Null":"YES","Key":"","Default":"0","Extra":""},{"Field":"created_at","Type":"timestamp","Null":"NO","Key":"","Default":"current_timestamp()","Extra":""},{"Field":"favorite_sport","Type":"varchar(50)","Null":"YES","Key":"","Default":null,"Extra":""},{"Field":"favorite_team","Type":"varchar(50)","Null":"YES","Key":"","Default":null,"Extra":""},{"Field":"account_type","Type":"enum('user','admin')","Null":"YES","Key":"","Default":"user","Extra":""}]
[22-Apr-2025 15:40:27 Europe/Berlin] Number of users in database: 13
[22-Apr-2025 15:40:27 Europe/Berlin] All tables initialized successfully
[22-Apr-2025 15:40:27 Europe/Berlin] API Request received: /sportsync/backend/match.php?action=fetch_matches&sport=cricket&all=true
[22-Apr-2025 15:40:27 Europe/Berlin] GET parameters: Array
(
    [action] => fetch_matches
    [sport] => cricket
    [all] => true
)

[22-Apr-2025 15:40:27 Europe/Berlin] Executing SQL: SELECT * FROM matches WHERE sport = :sport ORDER BY match_time DESC
[22-Apr-2025 15:40:27 Europe/Berlin] With params: {":sport":"cricket"}
[22-Apr-2025 15:40:27 Europe/Berlin] Query executed successfully. Found 6 rows
[22-Apr-2025 15:40:57 Europe/Berlin] Connected to database. Tables found: favorites, feedback, matches, news, newsletter, notifications, subscriptions, users
[22-Apr-2025 15:40:57 Europe/Berlin] Executing SQL: CREATE TABLE IF NOT EXISTS users (
                id INT AUTO_INCREMENT PRIMARY KEY,
                username VARCHAR(50) NOT NULL UNIQUE,
                password VARCHAR(255) NOT NULL,
                email VARCHAR(100) NOT NULL UNIQUE,
                account_type ENUM('user', 'admin') DEFAULT 'user',
                created_at TIMESTAMP DEFAULT CURRENT_TIMESTAMP
            )
[22-Apr-2025 15:40:57 Europe/Berlin] With params: []
[22-Apr-2025 15:40:57 Europe/Berlin] Query executed successfully. Found 0 rows
[22-Apr-2025 15:40:57 Europe/Berlin] Users table created or already exists
[22-Apr-2025 15:40:57 Europe/Berlin] Users table structure: [{"Field":"id","Type":"int(11)","Null":"NO","Key":"PRI","Default":null,"Extra":"auto_increment"},{"Field":"username","Type":"varchar(50)","Null":"NO","Key":"","Default":null,"Extra":""},{"Field":"email","Type":"varchar(100)","Null":"NO","Key":"UNI","Default":null,"Extra":""},{"Field":"password","Type":"varchar(255)","Null":"NO","Key":"","Default":null,"Extra":""},{"Field":"role","Type":"enum('user','admin')","Null":"YES","Key":"","Default":"user","Extra":""},{"Field":"verification_code","Type":"varchar(100)","Null":"YES","Key":"","Default":null,"Extra":""},{"Field":"is_verified","Type":"tinyint(1)","Null":"YES","Key":"","Default":"0","Extra":""},{"Field":"created_at","Type":"timestamp","Null":"NO","Key":"","Default":"current_timestamp()","Extra":""},{"Field":"favorite_sport","Type":"varchar(50)","Null":"YES","Key":"","Default":null,"Extra":""},{"Field":"favorite_team","Type":"varchar(50)","Null":"YES","Key":"","Default":null,"Extra":""},{"Field":"account_type","Type":"enum('user','admin')","Null":"YES","Key":"","Default":"user","Extra":""}]
[22-Apr-2025 15:40:57 Europe/Berlin] Number of users in database: 13
[22-Apr-2025 15:40:57 Europe/Berlin] All tables initialized successfully
[22-Apr-2025 15:40:57 Europe/Berlin] API Request received: /sportsync/backend/match.php?action=fetch_matches&sport=cricket&all=true
[22-Apr-2025 15:40:57 Europe/Berlin] GET parameters: Array
(
    [action] => fetch_matches
    [sport] => cricket
    [all] => true
)

[22-Apr-2025 15:40:57 Europe/Berlin] Executing SQL: SELECT * FROM matches WHERE sport = :sport ORDER BY match_time DESC
[22-Apr-2025 15:40:57 Europe/Berlin] With params: {":sport":"cricket"}
[22-Apr-2025 15:40:57 Europe/Berlin] Query executed successfully. Found 6 rows
[22-Apr-2025 15:41:26 Europe/Berlin] Connected to database. Tables found: favorites, feedback, matches, news, newsletter, notifications, subscriptions, users
[22-Apr-2025 15:41:26 Europe/Berlin] Executing SQL: CREATE TABLE IF NOT EXISTS users (
                id INT AUTO_INCREMENT PRIMARY KEY,
                username VARCHAR(50) NOT NULL UNIQUE,
                password VARCHAR(255) NOT NULL,
                email VARCHAR(100) NOT NULL UNIQUE,
                account_type ENUM('user', 'admin') DEFAULT 'user',
                created_at TIMESTAMP DEFAULT CURRENT_TIMESTAMP
            )
[22-Apr-2025 15:41:26 Europe/Berlin] With params: []
[22-Apr-2025 15:41:26 Europe/Berlin] Query executed successfully. Found 0 rows
[22-Apr-2025 15:41:26 Europe/Berlin] Users table created or already exists
[22-Apr-2025 15:41:26 Europe/Berlin] Users table structure: [{"Field":"id","Type":"int(11)","Null":"NO","Key":"PRI","Default":null,"Extra":"auto_increment"},{"Field":"username","Type":"varchar(50)","Null":"NO","Key":"","Default":null,"Extra":""},{"Field":"email","Type":"varchar(100)","Null":"NO","Key":"UNI","Default":null,"Extra":""},{"Field":"password","Type":"varchar(255)","Null":"NO","Key":"","Default":null,"Extra":""},{"Field":"role","Type":"enum('user','admin')","Null":"YES","Key":"","Default":"user","Extra":""},{"Field":"verification_code","Type":"varchar(100)","Null":"YES","Key":"","Default":null,"Extra":""},{"Field":"is_verified","Type":"tinyint(1)","Null":"YES","Key":"","Default":"0","Extra":""},{"Field":"created_at","Type":"timestamp","Null":"NO","Key":"","Default":"current_timestamp()","Extra":""},{"Field":"favorite_sport","Type":"varchar(50)","Null":"YES","Key":"","Default":null,"Extra":""},{"Field":"favorite_team","Type":"varchar(50)","Null":"YES","Key":"","Default":null,"Extra":""},{"Field":"account_type","Type":"enum('user','admin')","Null":"YES","Key":"","Default":"user","Extra":""}]
[22-Apr-2025 15:41:26 Europe/Berlin] Number of users in database: 13
[22-Apr-2025 15:41:26 Europe/Berlin] All tables initialized successfully
[22-Apr-2025 15:41:26 Europe/Berlin] Connected to database. Tables found: favorites, feedback, matches, news, newsletter, notifications, subscriptions, users
[22-Apr-2025 15:41:26 Europe/Berlin] Executing SQL: CREATE TABLE IF NOT EXISTS users (
                id INT AUTO_INCREMENT PRIMARY KEY,
                username VARCHAR(50) NOT NULL UNIQUE,
                password VARCHAR(255) NOT NULL,
                email VARCHAR(100) NOT NULL UNIQUE,
                account_type ENUM('user', 'admin') DEFAULT 'user',
                created_at TIMESTAMP DEFAULT CURRENT_TIMESTAMP
            )
[22-Apr-2025 15:41:26 Europe/Berlin] With params: []
[22-Apr-2025 15:41:26 Europe/Berlin] Query executed successfully. Found 0 rows
[22-Apr-2025 15:41:26 Europe/Berlin] Users table created or already exists
[22-Apr-2025 15:41:26 Europe/Berlin] Users table structure: [{"Field":"id","Type":"int(11)","Null":"NO","Key":"PRI","Default":null,"Extra":"auto_increment"},{"Field":"username","Type":"varchar(50)","Null":"NO","Key":"","Default":null,"Extra":""},{"Field":"email","Type":"varchar(100)","Null":"NO","Key":"UNI","Default":null,"Extra":""},{"Field":"password","Type":"varchar(255)","Null":"NO","Key":"","Default":null,"Extra":""},{"Field":"role","Type":"enum('user','admin')","Null":"YES","Key":"","Default":"user","Extra":""},{"Field":"verification_code","Type":"varchar(100)","Null":"YES","Key":"","Default":null,"Extra":""},{"Field":"is_verified","Type":"tinyint(1)","Null":"YES","Key":"","Default":"0","Extra":""},{"Field":"created_at","Type":"timestamp","Null":"NO","Key":"","Default":"current_timestamp()","Extra":""},{"Field":"favorite_sport","Type":"varchar(50)","Null":"YES","Key":"","Default":null,"Extra":""},{"Field":"favorite_team","Type":"varchar(50)","Null":"YES","Key":"","Default":null,"Extra":""},{"Field":"account_type","Type":"enum('user','admin')","Null":"YES","Key":"","Default":"user","Extra":""}]
[22-Apr-2025 15:41:26 Europe/Berlin] Number of users in database: 13
[22-Apr-2025 15:41:26 Europe/Berlin] All tables initialized successfully
[22-Apr-2025 15:41:26 Europe/Berlin] Database tables initialized successfully
[22-Apr-2025 15:41:26 Europe/Berlin] Executing SQL: SELECT * FROM users WHERE id = :id
[22-Apr-2025 15:41:26 Europe/Berlin] With params: {":id":12}
[22-Apr-2025 15:41:26 Europe/Berlin] Query executed successfully. Found 1 rows
[22-Apr-2025 15:41:26 Europe/Berlin] User loaded from session: varunpndey
[22-Apr-2025 15:41:26 Europe/Berlin] Executing SQL: SELECT * FROM users WHERE id = :id
[22-Apr-2025 15:41:26 Europe/Berlin] With params: {":id":12}
[22-Apr-2025 15:41:26 Europe/Berlin] Query executed successfully. Found 1 rows
[22-Apr-2025 15:41:26 Europe/Berlin] Executing SQL: SELECT * FROM news ORDER BY created_at DESC
[22-Apr-2025 15:41:26 Europe/Berlin] With params: []
[22-Apr-2025 15:41:26 Europe/Berlin] Query executed successfully. Found 5 rows
[22-Apr-2025 15:41:26 Europe/Berlin] Executing SQL: SELECT * FROM feedback ORDER BY created_at DESC
[22-Apr-2025 15:41:26 Europe/Berlin] With params: []
[22-Apr-2025 15:41:26 Europe/Berlin] Query executed successfully. Found 10 rows
[22-Apr-2025 15:41:26 Europe/Berlin] Executing SQL: SELECT * FROM matches WHERE status = 'live'
[22-Apr-2025 15:41:26 Europe/Berlin] With params: []
[22-Apr-2025 15:41:26 Europe/Berlin] Query executed successfully. Found 2 rows
[22-Apr-2025 15:41:26 Europe/Berlin] Executing SQL: SELECT * FROM matches WHERE 1=1 ORDER BY match_time DESC
[22-Apr-2025 15:41:26 Europe/Berlin] With params: []
[22-Apr-2025 15:41:26 Europe/Berlin] Query executed successfully. Found 13 rows
[22-Apr-2025 15:41:26 Europe/Berlin] PHP Warning:  Undefined array key "status" in /Applications/XAMPP/xamppfiles/htdocs/sportsync/public/admin.php on line 819
[22-Apr-2025 15:41:26 Europe/Berlin] PHP Warning:  Undefined array key "status" in /Applications/XAMPP/xamppfiles/htdocs/sportsync/public/admin.php on line 820
[22-Apr-2025 15:41:26 Europe/Berlin] PHP Warning:  Undefined array key "status" in /Applications/XAMPP/xamppfiles/htdocs/sportsync/public/admin.php on line 821
[22-Apr-2025 15:41:26 Europe/Berlin] PHP Warning:  Undefined array key "status" in /Applications/XAMPP/xamppfiles/htdocs/sportsync/public/admin.php on line 819
[22-Apr-2025 15:41:26 Europe/Berlin] PHP Warning:  Undefined array key "status" in /Applications/XAMPP/xamppfiles/htdocs/sportsync/public/admin.php on line 820
[22-Apr-2025 15:41:26 Europe/Berlin] PHP Warning:  Undefined array key "status" in /Applications/XAMPP/xamppfiles/htdocs/sportsync/public/admin.php on line 821
[22-Apr-2025 15:41:26 Europe/Berlin] PHP Warning:  Undefined array key "status" in /Applications/XAMPP/xamppfiles/htdocs/sportsync/public/admin.php on line 819
[22-Apr-2025 15:41:26 Europe/Berlin] PHP Warning:  Undefined array key "status" in /Applications/XAMPP/xamppfiles/htdocs/sportsync/public/admin.php on line 820
[22-Apr-2025 15:41:26 Europe/Berlin] PHP Warning:  Undefined array key "status" in /Applications/XAMPP/xamppfiles/htdocs/sportsync/public/admin.php on line 821
[22-Apr-2025 15:41:26 Europe/Berlin] PHP Warning:  Undefined array key "status" in /Applications/XAMPP/xamppfiles/htdocs/sportsync/public/admin.php on line 819
[22-Apr-2025 15:41:26 Europe/Berlin] PHP Warning:  Undefined array key "status" in /Applications/XAMPP/xamppfiles/htdocs/sportsync/public/admin.php on line 820
[22-Apr-2025 15:41:26 Europe/Berlin] PHP Warning:  Undefined array key "status" in /Applications/XAMPP/xamppfiles/htdocs/sportsync/public/admin.php on line 821
[22-Apr-2025 15:41:26 Europe/Berlin] PHP Warning:  Undefined array key "status" in /Applications/XAMPP/xamppfiles/htdocs/sportsync/public/admin.php on line 819
[22-Apr-2025 15:41:26 Europe/Berlin] PHP Warning:  Undefined array key "status" in /Applications/XAMPP/xamppfiles/htdocs/sportsync/public/admin.php on line 820
[22-Apr-2025 15:41:26 Europe/Berlin] PHP Warning:  Undefined array key "status" in /Applications/XAMPP/xamppfiles/htdocs/sportsync/public/admin.php on line 821
[22-Apr-2025 15:41:26 Europe/Berlin] PHP Warning:  Undefined array key "status" in /Applications/XAMPP/xamppfiles/htdocs/sportsync/public/admin.php on line 819
[22-Apr-2025 15:41:26 Europe/Berlin] PHP Warning:  Undefined array key "status" in /Applications/XAMPP/xamppfiles/htdocs/sportsync/public/admin.php on line 820
[22-Apr-2025 15:41:26 Europe/Berlin] PHP Warning:  Undefined array key "status" in /Applications/XAMPP/xamppfiles/htdocs/sportsync/public/admin.php on line 821
[22-Apr-2025 15:41:26 Europe/Berlin] PHP Warning:  Undefined array key "status" in /Applications/XAMPP/xamppfiles/htdocs/sportsync/public/admin.php on line 819
[22-Apr-2025 15:41:26 Europe/Berlin] PHP Warning:  Undefined array key "status" in /Applications/XAMPP/xamppfiles/htdocs/sportsync/public/admin.php on line 820
[22-Apr-2025 15:41:26 Europe/Berlin] PHP Warning:  Undefined array key "status" in /Applications/XAMPP/xamppfiles/htdocs/sportsync/public/admin.php on line 821
[22-Apr-2025 15:41:26 Europe/Berlin] PHP Warning:  Undefined array key "status" in /Applications/XAMPP/xamppfiles/htdocs/sportsync/public/admin.php on line 819
[22-Apr-2025 15:41:26 Europe/Berlin] PHP Warning:  Undefined array key "status" in /Applications/XAMPP/xamppfiles/htdocs/sportsync/public/admin.php on line 820
[22-Apr-2025 15:41:26 Europe/Berlin] PHP Warning:  Undefined array key "status" in /Applications/XAMPP/xamppfiles/htdocs/sportsync/public/admin.php on line 821
[22-Apr-2025 15:41:26 Europe/Berlin] PHP Warning:  Undefined array key "status" in /Applications/XAMPP/xamppfiles/htdocs/sportsync/public/admin.php on line 819
[22-Apr-2025 15:41:26 Europe/Berlin] PHP Warning:  Undefined array key "status" in /Applications/XAMPP/xamppfiles/htdocs/sportsync/public/admin.php on line 820
[22-Apr-2025 15:41:26 Europe/Berlin] PHP Warning:  Undefined array key "status" in /Applications/XAMPP/xamppfiles/htdocs/sportsync/public/admin.php on line 821
[22-Apr-2025 15:41:26 Europe/Berlin] PHP Warning:  Undefined array key "status" in /Applications/XAMPP/xamppfiles/htdocs/sportsync/public/admin.php on line 819
[22-Apr-2025 15:41:26 Europe/Berlin] PHP Warning:  Undefined array key "status" in /Applications/XAMPP/xamppfiles/htdocs/sportsync/public/admin.php on line 820
[22-Apr-2025 15:41:26 Europe/Berlin] PHP Warning:  Undefined array key "status" in /Applications/XAMPP/xamppfiles/htdocs/sportsync/public/admin.php on line 821
[22-Apr-2025 15:41:35 Europe/Berlin] Connected to database. Tables found: favorites, feedback, matches, news, newsletter, notifications, subscriptions, users
[22-Apr-2025 15:41:35 Europe/Berlin] Executing SQL: CREATE TABLE IF NOT EXISTS users (
                id INT AUTO_INCREMENT PRIMARY KEY,
                username VARCHAR(50) NOT NULL UNIQUE,
                password VARCHAR(255) NOT NULL,
                email VARCHAR(100) NOT NULL UNIQUE,
                account_type ENUM('user', 'admin') DEFAULT 'user',
                created_at TIMESTAMP DEFAULT CURRENT_TIMESTAMP
            )
[22-Apr-2025 15:41:35 Europe/Berlin] With params: []
[22-Apr-2025 15:41:35 Europe/Berlin] Query executed successfully. Found 0 rows
[22-Apr-2025 15:41:35 Europe/Berlin] Users table created or already exists
[22-Apr-2025 15:41:35 Europe/Berlin] Users table structure: [{"Field":"id","Type":"int(11)","Null":"NO","Key":"PRI","Default":null,"Extra":"auto_increment"},{"Field":"username","Type":"varchar(50)","Null":"NO","Key":"","Default":null,"Extra":""},{"Field":"email","Type":"varchar(100)","Null":"NO","Key":"UNI","Default":null,"Extra":""},{"Field":"password","Type":"varchar(255)","Null":"NO","Key":"","Default":null,"Extra":""},{"Field":"role","Type":"enum('user','admin')","Null":"YES","Key":"","Default":"user","Extra":""},{"Field":"verification_code","Type":"varchar(100)","Null":"YES","Key":"","Default":null,"Extra":""},{"Field":"is_verified","Type":"tinyint(1)","Null":"YES","Key":"","Default":"0","Extra":""},{"Field":"created_at","Type":"timestamp","Null":"NO","Key":"","Default":"current_timestamp()","Extra":""},{"Field":"favorite_sport","Type":"varchar(50)","Null":"YES","Key":"","Default":null,"Extra":""},{"Field":"favorite_team","Type":"varchar(50)","Null":"YES","Key":"","Default":null,"Extra":""},{"Field":"account_type","Type":"enum('user','admin')","Null":"YES","Key":"","Default":"user","Extra":""}]
[22-Apr-2025 15:41:35 Europe/Berlin] Number of users in database: 13
[22-Apr-2025 15:41:35 Europe/Berlin] All tables initialized successfully
[22-Apr-2025 15:41:38 Europe/Berlin] Connected to database. Tables found: favorites, feedback, matches, news, newsletter, notifications, subscriptions, users
[22-Apr-2025 15:41:38 Europe/Berlin] Executing SQL: CREATE TABLE IF NOT EXISTS users (
                id INT AUTO_INCREMENT PRIMARY KEY,
                username VARCHAR(50) NOT NULL UNIQUE,
                password VARCHAR(255) NOT NULL,
                email VARCHAR(100) NOT NULL UNIQUE,
                account_type ENUM('user', 'admin') DEFAULT 'user',
                created_at TIMESTAMP DEFAULT CURRENT_TIMESTAMP
            )
[22-Apr-2025 15:41:38 Europe/Berlin] With params: []
[22-Apr-2025 15:41:38 Europe/Berlin] Query executed successfully. Found 0 rows
[22-Apr-2025 15:41:38 Europe/Berlin] Users table created or already exists
[22-Apr-2025 15:41:38 Europe/Berlin] Users table structure: [{"Field":"id","Type":"int(11)","Null":"NO","Key":"PRI","Default":null,"Extra":"auto_increment"},{"Field":"username","Type":"varchar(50)","Null":"NO","Key":"","Default":null,"Extra":""},{"Field":"email","Type":"varchar(100)","Null":"NO","Key":"UNI","Default":null,"Extra":""},{"Field":"password","Type":"varchar(255)","Null":"NO","Key":"","Default":null,"Extra":""},{"Field":"role","Type":"enum('user','admin')","Null":"YES","Key":"","Default":"user","Extra":""},{"Field":"verification_code","Type":"varchar(100)","Null":"YES","Key":"","Default":null,"Extra":""},{"Field":"is_verified","Type":"tinyint(1)","Null":"YES","Key":"","Default":"0","Extra":""},{"Field":"created_at","Type":"timestamp","Null":"NO","Key":"","Default":"current_timestamp()","Extra":""},{"Field":"favorite_sport","Type":"varchar(50)","Null":"YES","Key":"","Default":null,"Extra":""},{"Field":"favorite_team","Type":"varchar(50)","Null":"YES","Key":"","Default":null,"Extra":""},{"Field":"account_type","Type":"enum('user','admin')","Null":"YES","Key":"","Default":"user","Extra":""}]
[22-Apr-2025 15:41:38 Europe/Berlin] Number of users in database: 13
[22-Apr-2025 15:41:38 Europe/Berlin] All tables initialized successfully
[22-Apr-2025 15:41:38 Europe/Berlin] Connected to database. Tables found: favorites, feedback, matches, news, newsletter, notifications, subscriptions, users
[22-Apr-2025 15:41:38 Europe/Berlin] Executing SQL: CREATE TABLE IF NOT EXISTS users (
                id INT AUTO_INCREMENT PRIMARY KEY,
                username VARCHAR(50) NOT NULL UNIQUE,
                password VARCHAR(255) NOT NULL,
                email VARCHAR(100) NOT NULL UNIQUE,
                account_type ENUM('user', 'admin') DEFAULT 'user',
                created_at TIMESTAMP DEFAULT CURRENT_TIMESTAMP
            )
[22-Apr-2025 15:41:38 Europe/Berlin] With params: []
[22-Apr-2025 15:41:38 Europe/Berlin] Query executed successfully. Found 0 rows
[22-Apr-2025 15:41:38 Europe/Berlin] Users table created or already exists
[22-Apr-2025 15:41:38 Europe/Berlin] Users table structure: [{"Field":"id","Type":"int(11)","Null":"NO","Key":"PRI","Default":null,"Extra":"auto_increment"},{"Field":"username","Type":"varchar(50)","Null":"NO","Key":"","Default":null,"Extra":""},{"Field":"email","Type":"varchar(100)","Null":"NO","Key":"UNI","Default":null,"Extra":""},{"Field":"password","Type":"varchar(255)","Null":"NO","Key":"","Default":null,"Extra":""},{"Field":"role","Type":"enum('user','admin')","Null":"YES","Key":"","Default":"user","Extra":""},{"Field":"verification_code","Type":"varchar(100)","Null":"YES","Key":"","Default":null,"Extra":""},{"Field":"is_verified","Type":"tinyint(1)","Null":"YES","Key":"","Default":"0","Extra":""},{"Field":"created_at","Type":"timestamp","Null":"NO","Key":"","Default":"current_timestamp()","Extra":""},{"Field":"favorite_sport","Type":"varchar(50)","Null":"YES","Key":"","Default":null,"Extra":""},{"Field":"favorite_team","Type":"varchar(50)","Null":"YES","Key":"","Default":null,"Extra":""},{"Field":"account_type","Type":"enum('user','admin')","Null":"YES","Key":"","Default":"user","Extra":""}]
[22-Apr-2025 15:41:38 Europe/Berlin] Number of users in database: 13
[22-Apr-2025 15:41:38 Europe/Berlin] All tables initialized successfully
[22-Apr-2025 15:41:38 Europe/Berlin] Database tables initialized successfully
[22-Apr-2025 15:41:38 Europe/Berlin] Executing SQL: SELECT * FROM users WHERE id = :id
[22-Apr-2025 15:41:38 Europe/Berlin] With params: {":id":12}
[22-Apr-2025 15:41:38 Europe/Berlin] Query executed successfully. Found 1 rows
[22-Apr-2025 15:41:38 Europe/Berlin] User loaded from session: varunpndey
[22-Apr-2025 15:41:38 Europe/Berlin] Executing SQL: SELECT * FROM users WHERE id = :id
[22-Apr-2025 15:41:38 Europe/Berlin] With params: {":id":12}
[22-Apr-2025 15:41:38 Europe/Berlin] Query executed successfully. Found 1 rows
[22-Apr-2025 15:41:38 Europe/Berlin] Executing SQL: SELECT * FROM news ORDER BY created_at DESC
[22-Apr-2025 15:41:38 Europe/Berlin] With params: []
[22-Apr-2025 15:41:38 Europe/Berlin] Query executed successfully. Found 5 rows
[22-Apr-2025 15:41:38 Europe/Berlin] Executing SQL: SELECT * FROM feedback ORDER BY created_at DESC
[22-Apr-2025 15:41:38 Europe/Berlin] With params: []
[22-Apr-2025 15:41:38 Europe/Berlin] Query executed successfully. Found 10 rows
[22-Apr-2025 15:41:38 Europe/Berlin] Executing SQL: SELECT * FROM matches WHERE status = 'live'
[22-Apr-2025 15:41:38 Europe/Berlin] With params: []
[22-Apr-2025 15:41:38 Europe/Berlin] Query executed successfully. Found 2 rows
[22-Apr-2025 15:41:38 Europe/Berlin] Executing SQL: SELECT * FROM matches WHERE 1=1 ORDER BY match_time DESC
[22-Apr-2025 15:41:38 Europe/Berlin] With params: []
[22-Apr-2025 15:41:38 Europe/Berlin] Query executed successfully. Found 13 rows
[22-Apr-2025 15:41:38 Europe/Berlin] PHP Warning:  Undefined array key "status" in /Applications/XAMPP/xamppfiles/htdocs/sportsync/public/admin.php on line 819
[22-Apr-2025 15:41:38 Europe/Berlin] PHP Warning:  Undefined array key "status" in /Applications/XAMPP/xamppfiles/htdocs/sportsync/public/admin.php on line 820
[22-Apr-2025 15:41:38 Europe/Berlin] PHP Warning:  Undefined array key "status" in /Applications/XAMPP/xamppfiles/htdocs/sportsync/public/admin.php on line 821
[22-Apr-2025 15:41:38 Europe/Berlin] PHP Warning:  Undefined array key "status" in /Applications/XAMPP/xamppfiles/htdocs/sportsync/public/admin.php on line 819
[22-Apr-2025 15:41:38 Europe/Berlin] PHP Warning:  Undefined array key "status" in /Applications/XAMPP/xamppfiles/htdocs/sportsync/public/admin.php on line 820
[22-Apr-2025 15:41:38 Europe/Berlin] PHP Warning:  Undefined array key "status" in /Applications/XAMPP/xamppfiles/htdocs/sportsync/public/admin.php on line 821
[22-Apr-2025 15:41:38 Europe/Berlin] PHP Warning:  Undefined array key "status" in /Applications/XAMPP/xamppfiles/htdocs/sportsync/public/admin.php on line 819
[22-Apr-2025 15:41:38 Europe/Berlin] PHP Warning:  Undefined array key "status" in /Applications/XAMPP/xamppfiles/htdocs/sportsync/public/admin.php on line 820
[22-Apr-2025 15:41:38 Europe/Berlin] PHP Warning:  Undefined array key "status" in /Applications/XAMPP/xamppfiles/htdocs/sportsync/public/admin.php on line 821
[22-Apr-2025 15:41:38 Europe/Berlin] PHP Warning:  Undefined array key "status" in /Applications/XAMPP/xamppfiles/htdocs/sportsync/public/admin.php on line 819
[22-Apr-2025 15:41:38 Europe/Berlin] PHP Warning:  Undefined array key "status" in /Applications/XAMPP/xamppfiles/htdocs/sportsync/public/admin.php on line 820
[22-Apr-2025 15:41:38 Europe/Berlin] PHP Warning:  Undefined array key "status" in /Applications/XAMPP/xamppfiles/htdocs/sportsync/public/admin.php on line 821
[22-Apr-2025 15:41:38 Europe/Berlin] PHP Warning:  Undefined array key "status" in /Applications/XAMPP/xamppfiles/htdocs/sportsync/public/admin.php on line 819
[22-Apr-2025 15:41:38 Europe/Berlin] PHP Warning:  Undefined array key "status" in /Applications/XAMPP/xamppfiles/htdocs/sportsync/public/admin.php on line 820
[22-Apr-2025 15:41:38 Europe/Berlin] PHP Warning:  Undefined array key "status" in /Applications/XAMPP/xamppfiles/htdocs/sportsync/public/admin.php on line 821
[22-Apr-2025 15:41:38 Europe/Berlin] PHP Warning:  Undefined array key "status" in /Applications/XAMPP/xamppfiles/htdocs/sportsync/public/admin.php on line 819
[22-Apr-2025 15:41:38 Europe/Berlin] PHP Warning:  Undefined array key "status" in /Applications/XAMPP/xamppfiles/htdocs/sportsync/public/admin.php on line 820
[22-Apr-2025 15:41:38 Europe/Berlin] PHP Warning:  Undefined array key "status" in /Applications/XAMPP/xamppfiles/htdocs/sportsync/public/admin.php on line 821
[22-Apr-2025 15:41:38 Europe/Berlin] PHP Warning:  Undefined array key "status" in /Applications/XAMPP/xamppfiles/htdocs/sportsync/public/admin.php on line 819
[22-Apr-2025 15:41:38 Europe/Berlin] PHP Warning:  Undefined array key "status" in /Applications/XAMPP/xamppfiles/htdocs/sportsync/public/admin.php on line 820
[22-Apr-2025 15:41:38 Europe/Berlin] PHP Warning:  Undefined array key "status" in /Applications/XAMPP/xamppfiles/htdocs/sportsync/public/admin.php on line 821
[22-Apr-2025 15:41:38 Europe/Berlin] PHP Warning:  Undefined array key "status" in /Applications/XAMPP/xamppfiles/htdocs/sportsync/public/admin.php on line 819
[22-Apr-2025 15:41:38 Europe/Berlin] PHP Warning:  Undefined array key "status" in /Applications/XAMPP/xamppfiles/htdocs/sportsync/public/admin.php on line 820
[22-Apr-2025 15:41:38 Europe/Berlin] PHP Warning:  Undefined array key "status" in /Applications/XAMPP/xamppfiles/htdocs/sportsync/public/admin.php on line 821
[22-Apr-2025 15:41:38 Europe/Berlin] PHP Warning:  Undefined array key "status" in /Applications/XAMPP/xamppfiles/htdocs/sportsync/public/admin.php on line 819
[22-Apr-2025 15:41:38 Europe/Berlin] PHP Warning:  Undefined array key "status" in /Applications/XAMPP/xamppfiles/htdocs/sportsync/public/admin.php on line 820
[22-Apr-2025 15:41:38 Europe/Berlin] PHP Warning:  Undefined array key "status" in /Applications/XAMPP/xamppfiles/htdocs/sportsync/public/admin.php on line 821
[22-Apr-2025 15:41:38 Europe/Berlin] PHP Warning:  Undefined array key "status" in /Applications/XAMPP/xamppfiles/htdocs/sportsync/public/admin.php on line 819
[22-Apr-2025 15:41:38 Europe/Berlin] PHP Warning:  Undefined array key "status" in /Applications/XAMPP/xamppfiles/htdocs/sportsync/public/admin.php on line 820
[22-Apr-2025 15:41:38 Europe/Berlin] PHP Warning:  Undefined array key "status" in /Applications/XAMPP/xamppfiles/htdocs/sportsync/public/admin.php on line 821
[22-Apr-2025 15:42:48 Europe/Berlin] Connected to database. Tables found: favorites, feedback, matches, news, newsletter, notifications, subscriptions, users
[22-Apr-2025 15:42:48 Europe/Berlin] Executing SQL: CREATE TABLE IF NOT EXISTS users (
                id INT AUTO_INCREMENT PRIMARY KEY,
                username VARCHAR(50) NOT NULL UNIQUE,
                password VARCHAR(255) NOT NULL,
                email VARCHAR(100) NOT NULL UNIQUE,
                account_type ENUM('user', 'admin') DEFAULT 'user',
                created_at TIMESTAMP DEFAULT CURRENT_TIMESTAMP
            )
[22-Apr-2025 15:42:48 Europe/Berlin] With params: []
[22-Apr-2025 15:42:48 Europe/Berlin] Query executed successfully. Found 0 rows
[22-Apr-2025 15:42:48 Europe/Berlin] Users table created or already exists
[22-Apr-2025 15:42:48 Europe/Berlin] Users table structure: [{"Field":"id","Type":"int(11)","Null":"NO","Key":"PRI","Default":null,"Extra":"auto_increment"},{"Field":"username","Type":"varchar(50)","Null":"NO","Key":"","Default":null,"Extra":""},{"Field":"email","Type":"varchar(100)","Null":"NO","Key":"UNI","Default":null,"Extra":""},{"Field":"password","Type":"varchar(255)","Null":"NO","Key":"","Default":null,"Extra":""},{"Field":"role","Type":"enum('user','admin')","Null":"YES","Key":"","Default":"user","Extra":""},{"Field":"verification_code","Type":"varchar(100)","Null":"YES","Key":"","Default":null,"Extra":""},{"Field":"is_verified","Type":"tinyint(1)","Null":"YES","Key":"","Default":"0","Extra":""},{"Field":"created_at","Type":"timestamp","Null":"NO","Key":"","Default":"current_timestamp()","Extra":""},{"Field":"favorite_sport","Type":"varchar(50)","Null":"YES","Key":"","Default":null,"Extra":""},{"Field":"favorite_team","Type":"varchar(50)","Null":"YES","Key":"","Default":null,"Extra":""},{"Field":"account_type","Type":"enum('user','admin')","Null":"YES","Key":"","Default":"user","Extra":""}]
[22-Apr-2025 15:42:48 Europe/Berlin] Number of users in database: 13
[22-Apr-2025 15:42:48 Europe/Berlin] All tables initialized successfully
[22-Apr-2025 15:42:48 Europe/Berlin] Connected to database. Tables found: favorites, feedback, matches, news, newsletter, notifications, subscriptions, users
[22-Apr-2025 15:42:48 Europe/Berlin] Executing SQL: CREATE TABLE IF NOT EXISTS users (
                id INT AUTO_INCREMENT PRIMARY KEY,
                username VARCHAR(50) NOT NULL UNIQUE,
                password VARCHAR(255) NOT NULL,
                email VARCHAR(100) NOT NULL UNIQUE,
                account_type ENUM('user', 'admin') DEFAULT 'user',
                created_at TIMESTAMP DEFAULT CURRENT_TIMESTAMP
            )
[22-Apr-2025 15:42:48 Europe/Berlin] With params: []
[22-Apr-2025 15:42:48 Europe/Berlin] Query executed successfully. Found 0 rows
[22-Apr-2025 15:42:48 Europe/Berlin] Users table created or already exists
[22-Apr-2025 15:42:48 Europe/Berlin] Users table structure: [{"Field":"id","Type":"int(11)","Null":"NO","Key":"PRI","Default":null,"Extra":"auto_increment"},{"Field":"username","Type":"varchar(50)","Null":"NO","Key":"","Default":null,"Extra":""},{"Field":"email","Type":"varchar(100)","Null":"NO","Key":"UNI","Default":null,"Extra":""},{"Field":"password","Type":"varchar(255)","Null":"NO","Key":"","Default":null,"Extra":""},{"Field":"role","Type":"enum('user','admin')","Null":"YES","Key":"","Default":"user","Extra":""},{"Field":"verification_code","Type":"varchar(100)","Null":"YES","Key":"","Default":null,"Extra":""},{"Field":"is_verified","Type":"tinyint(1)","Null":"YES","Key":"","Default":"0","Extra":""},{"Field":"created_at","Type":"timestamp","Null":"NO","Key":"","Default":"current_timestamp()","Extra":""},{"Field":"favorite_sport","Type":"varchar(50)","Null":"YES","Key":"","Default":null,"Extra":""},{"Field":"favorite_team","Type":"varchar(50)","Null":"YES","Key":"","Default":null,"Extra":""},{"Field":"account_type","Type":"enum('user','admin')","Null":"YES","Key":"","Default":"user","Extra":""}]
[22-Apr-2025 15:42:48 Europe/Berlin] Number of users in database: 13
[22-Apr-2025 15:42:48 Europe/Berlin] All tables initialized successfully
[22-Apr-2025 15:42:48 Europe/Berlin] Database tables initialized successfully
[22-Apr-2025 15:42:48 Europe/Berlin] Executing SQL: SELECT * FROM users WHERE id = :id
[22-Apr-2025 15:42:48 Europe/Berlin] With params: {":id":12}
[22-Apr-2025 15:42:48 Europe/Berlin] Query executed successfully. Found 1 rows
[22-Apr-2025 15:42:48 Europe/Berlin] User loaded from session: varunpndey
[22-Apr-2025 15:42:48 Europe/Berlin] Executing SQL: SELECT * FROM users WHERE id = :id
[22-Apr-2025 15:42:48 Europe/Berlin] With params: {":id":12}
[22-Apr-2025 15:42:48 Europe/Berlin] Query executed successfully. Found 1 rows
[22-Apr-2025 15:42:48 Europe/Berlin] Executing SQL: SELECT * FROM news ORDER BY created_at DESC
[22-Apr-2025 15:42:48 Europe/Berlin] With params: []
[22-Apr-2025 15:42:48 Europe/Berlin] Query executed successfully. Found 5 rows
[22-Apr-2025 15:42:48 Europe/Berlin] Executing SQL: SELECT * FROM feedback ORDER BY created_at DESC
[22-Apr-2025 15:42:48 Europe/Berlin] With params: []
[22-Apr-2025 15:42:48 Europe/Berlin] Query executed successfully. Found 10 rows
[22-Apr-2025 15:42:48 Europe/Berlin] Executing SQL: SELECT * FROM matches WHERE status = 'live'
[22-Apr-2025 15:42:48 Europe/Berlin] With params: []
[22-Apr-2025 15:42:48 Europe/Berlin] Query executed successfully. Found 2 rows
[22-Apr-2025 15:42:48 Europe/Berlin] Executing SQL: SELECT * FROM matches WHERE 1=1 ORDER BY match_time DESC
[22-Apr-2025 15:42:48 Europe/Berlin] With params: []
[22-Apr-2025 15:42:48 Europe/Berlin] Query executed successfully. Found 13 rows
[22-Apr-2025 15:42:48 Europe/Berlin] PHP Warning:  Undefined array key "status" in /Applications/XAMPP/xamppfiles/htdocs/sportsync/public/admin.php on line 819
[22-Apr-2025 15:42:48 Europe/Berlin] PHP Warning:  Undefined array key "status" in /Applications/XAMPP/xamppfiles/htdocs/sportsync/public/admin.php on line 820
[22-Apr-2025 15:42:48 Europe/Berlin] PHP Warning:  Undefined array key "status" in /Applications/XAMPP/xamppfiles/htdocs/sportsync/public/admin.php on line 821
[22-Apr-2025 15:42:48 Europe/Berlin] PHP Warning:  Undefined array key "status" in /Applications/XAMPP/xamppfiles/htdocs/sportsync/public/admin.php on line 819
[22-Apr-2025 15:42:48 Europe/Berlin] PHP Warning:  Undefined array key "status" in /Applications/XAMPP/xamppfiles/htdocs/sportsync/public/admin.php on line 820
[22-Apr-2025 15:42:48 Europe/Berlin] PHP Warning:  Undefined array key "status" in /Applications/XAMPP/xamppfiles/htdocs/sportsync/public/admin.php on line 821
[22-Apr-2025 15:42:48 Europe/Berlin] PHP Warning:  Undefined array key "status" in /Applications/XAMPP/xamppfiles/htdocs/sportsync/public/admin.php on line 819
[22-Apr-2025 15:42:48 Europe/Berlin] PHP Warning:  Undefined array key "status" in /Applications/XAMPP/xamppfiles/htdocs/sportsync/public/admin.php on line 820
[22-Apr-2025 15:42:48 Europe/Berlin] PHP Warning:  Undefined array key "status" in /Applications/XAMPP/xamppfiles/htdocs/sportsync/public/admin.php on line 821
[22-Apr-2025 15:42:48 Europe/Berlin] PHP Warning:  Undefined array key "status" in /Applications/XAMPP/xamppfiles/htdocs/sportsync/public/admin.php on line 819
[22-Apr-2025 15:42:48 Europe/Berlin] PHP Warning:  Undefined array key "status" in /Applications/XAMPP/xamppfiles/htdocs/sportsync/public/admin.php on line 820
[22-Apr-2025 15:42:48 Europe/Berlin] PHP Warning:  Undefined array key "status" in /Applications/XAMPP/xamppfiles/htdocs/sportsync/public/admin.php on line 821
[22-Apr-2025 15:42:48 Europe/Berlin] PHP Warning:  Undefined array key "status" in /Applications/XAMPP/xamppfiles/htdocs/sportsync/public/admin.php on line 819
[22-Apr-2025 15:42:48 Europe/Berlin] PHP Warning:  Undefined array key "status" in /Applications/XAMPP/xamppfiles/htdocs/sportsync/public/admin.php on line 820
[22-Apr-2025 15:42:48 Europe/Berlin] PHP Warning:  Undefined array key "status" in /Applications/XAMPP/xamppfiles/htdocs/sportsync/public/admin.php on line 821
[22-Apr-2025 15:42:48 Europe/Berlin] PHP Warning:  Undefined array key "status" in /Applications/XAMPP/xamppfiles/htdocs/sportsync/public/admin.php on line 819
[22-Apr-2025 15:42:48 Europe/Berlin] PHP Warning:  Undefined array key "status" in /Applications/XAMPP/xamppfiles/htdocs/sportsync/public/admin.php on line 820
[22-Apr-2025 15:42:48 Europe/Berlin] PHP Warning:  Undefined array key "status" in /Applications/XAMPP/xamppfiles/htdocs/sportsync/public/admin.php on line 821
[22-Apr-2025 15:42:48 Europe/Berlin] PHP Warning:  Undefined array key "status" in /Applications/XAMPP/xamppfiles/htdocs/sportsync/public/admin.php on line 819
[22-Apr-2025 15:42:48 Europe/Berlin] PHP Warning:  Undefined array key "status" in /Applications/XAMPP/xamppfiles/htdocs/sportsync/public/admin.php on line 820
[22-Apr-2025 15:42:48 Europe/Berlin] PHP Warning:  Undefined array key "status" in /Applications/XAMPP/xamppfiles/htdocs/sportsync/public/admin.php on line 821
[22-Apr-2025 15:42:48 Europe/Berlin] PHP Warning:  Undefined array key "status" in /Applications/XAMPP/xamppfiles/htdocs/sportsync/public/admin.php on line 819
[22-Apr-2025 15:42:48 Europe/Berlin] PHP Warning:  Undefined array key "status" in /Applications/XAMPP/xamppfiles/htdocs/sportsync/public/admin.php on line 820
[22-Apr-2025 15:42:48 Europe/Berlin] PHP Warning:  Undefined array key "status" in /Applications/XAMPP/xamppfiles/htdocs/sportsync/public/admin.php on line 821
[22-Apr-2025 15:42:48 Europe/Berlin] PHP Warning:  Undefined array key "status" in /Applications/XAMPP/xamppfiles/htdocs/sportsync/public/admin.php on line 819
[22-Apr-2025 15:42:48 Europe/Berlin] PHP Warning:  Undefined array key "status" in /Applications/XAMPP/xamppfiles/htdocs/sportsync/public/admin.php on line 820
[22-Apr-2025 15:42:48 Europe/Berlin] PHP Warning:  Undefined array key "status" in /Applications/XAMPP/xamppfiles/htdocs/sportsync/public/admin.php on line 821
[22-Apr-2025 15:42:48 Europe/Berlin] PHP Warning:  Undefined array key "status" in /Applications/XAMPP/xamppfiles/htdocs/sportsync/public/admin.php on line 819
[22-Apr-2025 15:42:48 Europe/Berlin] PHP Warning:  Undefined array key "status" in /Applications/XAMPP/xamppfiles/htdocs/sportsync/public/admin.php on line 820
[22-Apr-2025 15:42:48 Europe/Berlin] PHP Warning:  Undefined array key "status" in /Applications/XAMPP/xamppfiles/htdocs/sportsync/public/admin.php on line 821
[22-Apr-2025 15:42:59 Europe/Berlin] Connected to database. Tables found: favorites, feedback, matches, news, newsletter, notifications, subscriptions, users
[22-Apr-2025 15:42:59 Europe/Berlin] Executing SQL: CREATE TABLE IF NOT EXISTS users (
                id INT AUTO_INCREMENT PRIMARY KEY,
                username VARCHAR(50) NOT NULL UNIQUE,
                password VARCHAR(255) NOT NULL,
                email VARCHAR(100) NOT NULL UNIQUE,
                account_type ENUM('user', 'admin') DEFAULT 'user',
                created_at TIMESTAMP DEFAULT CURRENT_TIMESTAMP
            )
[22-Apr-2025 15:42:59 Europe/Berlin] With params: []
[22-Apr-2025 15:42:59 Europe/Berlin] Query executed successfully. Found 0 rows
[22-Apr-2025 15:42:59 Europe/Berlin] Users table created or already exists
[22-Apr-2025 15:42:59 Europe/Berlin] Users table structure: [{"Field":"id","Type":"int(11)","Null":"NO","Key":"PRI","Default":null,"Extra":"auto_increment"},{"Field":"username","Type":"varchar(50)","Null":"NO","Key":"","Default":null,"Extra":""},{"Field":"email","Type":"varchar(100)","Null":"NO","Key":"UNI","Default":null,"Extra":""},{"Field":"password","Type":"varchar(255)","Null":"NO","Key":"","Default":null,"Extra":""},{"Field":"role","Type":"enum('user','admin')","Null":"YES","Key":"","Default":"user","Extra":""},{"Field":"verification_code","Type":"varchar(100)","Null":"YES","Key":"","Default":null,"Extra":""},{"Field":"is_verified","Type":"tinyint(1)","Null":"YES","Key":"","Default":"0","Extra":""},{"Field":"created_at","Type":"timestamp","Null":"NO","Key":"","Default":"current_timestamp()","Extra":""},{"Field":"favorite_sport","Type":"varchar(50)","Null":"YES","Key":"","Default":null,"Extra":""},{"Field":"favorite_team","Type":"varchar(50)","Null":"YES","Key":"","Default":null,"Extra":""},{"Field":"account_type","Type":"enum('user','admin')","Null":"YES","Key":"","Default":"user","Extra":""}]
[22-Apr-2025 15:42:59 Europe/Berlin] Number of users in database: 13
[22-Apr-2025 15:42:59 Europe/Berlin] All tables initialized successfully
[22-Apr-2025 15:42:59 Europe/Berlin] Connected to database. Tables found: favorites, feedback, matches, news, newsletter, notifications, subscriptions, users
[22-Apr-2025 15:42:59 Europe/Berlin] Executing SQL: CREATE TABLE IF NOT EXISTS users (
                id INT AUTO_INCREMENT PRIMARY KEY,
                username VARCHAR(50) NOT NULL UNIQUE,
                password VARCHAR(255) NOT NULL,
                email VARCHAR(100) NOT NULL UNIQUE,
                account_type ENUM('user', 'admin') DEFAULT 'user',
                created_at TIMESTAMP DEFAULT CURRENT_TIMESTAMP
            )
[22-Apr-2025 15:42:59 Europe/Berlin] With params: []
[22-Apr-2025 15:42:59 Europe/Berlin] Query executed successfully. Found 0 rows
[22-Apr-2025 15:42:59 Europe/Berlin] Users table created or already exists
[22-Apr-2025 15:42:59 Europe/Berlin] Users table structure: [{"Field":"id","Type":"int(11)","Null":"NO","Key":"PRI","Default":null,"Extra":"auto_increment"},{"Field":"username","Type":"varchar(50)","Null":"NO","Key":"","Default":null,"Extra":""},{"Field":"email","Type":"varchar(100)","Null":"NO","Key":"UNI","Default":null,"Extra":""},{"Field":"password","Type":"varchar(255)","Null":"NO","Key":"","Default":null,"Extra":""},{"Field":"role","Type":"enum('user','admin')","Null":"YES","Key":"","Default":"user","Extra":""},{"Field":"verification_code","Type":"varchar(100)","Null":"YES","Key":"","Default":null,"Extra":""},{"Field":"is_verified","Type":"tinyint(1)","Null":"YES","Key":"","Default":"0","Extra":""},{"Field":"created_at","Type":"timestamp","Null":"NO","Key":"","Default":"current_timestamp()","Extra":""},{"Field":"favorite_sport","Type":"varchar(50)","Null":"YES","Key":"","Default":null,"Extra":""},{"Field":"favorite_team","Type":"varchar(50)","Null":"YES","Key":"","Default":null,"Extra":""},{"Field":"account_type","Type":"enum('user','admin')","Null":"YES","Key":"","Default":"user","Extra":""}]
[22-Apr-2025 15:42:59 Europe/Berlin] Number of users in database: 13
[22-Apr-2025 15:42:59 Europe/Berlin] All tables initialized successfully
[22-Apr-2025 15:42:59 Europe/Berlin] Database tables initialized successfully
[22-Apr-2025 15:42:59 Europe/Berlin] Executing SQL: SELECT * FROM users WHERE id = :id
[22-Apr-2025 15:42:59 Europe/Berlin] With params: {":id":12}
[22-Apr-2025 15:42:59 Europe/Berlin] Query executed successfully. Found 1 rows
[22-Apr-2025 15:42:59 Europe/Berlin] User loaded from session: varunpndey
[22-Apr-2025 15:42:59 Europe/Berlin] Header - Session status: 2
[22-Apr-2025 15:42:59 Europe/Berlin] Header - Session data: {"user_id":12,"username":"varunpndey","email":"va@gmail.com","account_type":"admin"}
[22-Apr-2025 15:42:59 Europe/Berlin] Header - After session start - Status: 2
[22-Apr-2025 15:42:59 Europe/Berlin] Header - After session start - Data: {"user_id":12,"username":"varunpndey","email":"va@gmail.com","account_type":"admin"}
[22-Apr-2025 15:42:59 Europe/Berlin] Header - Is logged in: Yes
[22-Apr-2025 15:43:16 Europe/Berlin] Connected to database. Tables found: favorites, feedback, matches, news, newsletter, notifications, subscriptions, users
[22-Apr-2025 15:43:16 Europe/Berlin] Executing SQL: CREATE TABLE IF NOT EXISTS users (
                id INT AUTO_INCREMENT PRIMARY KEY,
                username VARCHAR(50) NOT NULL UNIQUE,
                password VARCHAR(255) NOT NULL,
                email VARCHAR(100) NOT NULL UNIQUE,
                account_type ENUM('user', 'admin') DEFAULT 'user',
                created_at TIMESTAMP DEFAULT CURRENT_TIMESTAMP
            )
[22-Apr-2025 15:43:16 Europe/Berlin] With params: []
[22-Apr-2025 15:43:16 Europe/Berlin] Query executed successfully. Found 0 rows
[22-Apr-2025 15:43:16 Europe/Berlin] Users table created or already exists
[22-Apr-2025 15:43:16 Europe/Berlin] Users table structure: [{"Field":"id","Type":"int(11)","Null":"NO","Key":"PRI","Default":null,"Extra":"auto_increment"},{"Field":"username","Type":"varchar(50)","Null":"NO","Key":"","Default":null,"Extra":""},{"Field":"email","Type":"varchar(100)","Null":"NO","Key":"UNI","Default":null,"Extra":""},{"Field":"password","Type":"varchar(255)","Null":"NO","Key":"","Default":null,"Extra":""},{"Field":"role","Type":"enum('user','admin')","Null":"YES","Key":"","Default":"user","Extra":""},{"Field":"verification_code","Type":"varchar(100)","Null":"YES","Key":"","Default":null,"Extra":""},{"Field":"is_verified","Type":"tinyint(1)","Null":"YES","Key":"","Default":"0","Extra":""},{"Field":"created_at","Type":"timestamp","Null":"NO","Key":"","Default":"current_timestamp()","Extra":""},{"Field":"favorite_sport","Type":"varchar(50)","Null":"YES","Key":"","Default":null,"Extra":""},{"Field":"favorite_team","Type":"varchar(50)","Null":"YES","Key":"","Default":null,"Extra":""},{"Field":"account_type","Type":"enum('user','admin')","Null":"YES","Key":"","Default":"user","Extra":""}]
[22-Apr-2025 15:43:16 Europe/Berlin] Number of users in database: 13
[22-Apr-2025 15:43:16 Europe/Berlin] All tables initialized successfully
[22-Apr-2025 15:43:16 Europe/Berlin] Connected to database. Tables found: favorites, feedback, matches, news, newsletter, notifications, subscriptions, users
[22-Apr-2025 15:43:16 Europe/Berlin] Executing SQL: CREATE TABLE IF NOT EXISTS users (
                id INT AUTO_INCREMENT PRIMARY KEY,
                username VARCHAR(50) NOT NULL UNIQUE,
                password VARCHAR(255) NOT NULL,
                email VARCHAR(100) NOT NULL UNIQUE,
                account_type ENUM('user', 'admin') DEFAULT 'user',
                created_at TIMESTAMP DEFAULT CURRENT_TIMESTAMP
            )
[22-Apr-2025 15:43:16 Europe/Berlin] With params: []
[22-Apr-2025 15:43:16 Europe/Berlin] Query executed successfully. Found 0 rows
[22-Apr-2025 15:43:16 Europe/Berlin] Users table created or already exists
[22-Apr-2025 15:43:16 Europe/Berlin] Users table structure: [{"Field":"id","Type":"int(11)","Null":"NO","Key":"PRI","Default":null,"Extra":"auto_increment"},{"Field":"username","Type":"varchar(50)","Null":"NO","Key":"","Default":null,"Extra":""},{"Field":"email","Type":"varchar(100)","Null":"NO","Key":"UNI","Default":null,"Extra":""},{"Field":"password","Type":"varchar(255)","Null":"NO","Key":"","Default":null,"Extra":""},{"Field":"role","Type":"enum('user','admin')","Null":"YES","Key":"","Default":"user","Extra":""},{"Field":"verification_code","Type":"varchar(100)","Null":"YES","Key":"","Default":null,"Extra":""},{"Field":"is_verified","Type":"tinyint(1)","Null":"YES","Key":"","Default":"0","Extra":""},{"Field":"created_at","Type":"timestamp","Null":"NO","Key":"","Default":"current_timestamp()","Extra":""},{"Field":"favorite_sport","Type":"varchar(50)","Null":"YES","Key":"","Default":null,"Extra":""},{"Field":"favorite_team","Type":"varchar(50)","Null":"YES","Key":"","Default":null,"Extra":""},{"Field":"account_type","Type":"enum('user','admin')","Null":"YES","Key":"","Default":"user","Extra":""}]
[22-Apr-2025 15:43:16 Europe/Berlin] Number of users in database: 13
[22-Apr-2025 15:43:16 Europe/Berlin] All tables initialized successfully
[22-Apr-2025 15:43:16 Europe/Berlin] Database tables initialized successfully
[22-Apr-2025 15:43:16 Europe/Berlin] Executing SQL: SELECT * FROM users WHERE id = :id
[22-Apr-2025 15:43:16 Europe/Berlin] With params: {":id":12}
[22-Apr-2025 15:43:16 Europe/Berlin] Query executed successfully. Found 1 rows
[22-Apr-2025 15:43:16 Europe/Berlin] User loaded from session: varunpndey
[22-Apr-2025 15:43:16 Europe/Berlin] PHP Notice:  session_start(): Ignoring session_start() because a session is already active in /Applications/XAMPP/xamppfiles/htdocs/sportsync/public/dashboard.php on line 2
[22-Apr-2025 15:43:16 Europe/Berlin] Executing SQL: SELECT * FROM users WHERE id = :id
[22-Apr-2025 15:43:16 Europe/Berlin] With params: {":id":12}
[22-Apr-2025 15:43:16 Europe/Berlin] Query executed successfully. Found 1 rows
[22-Apr-2025 15:43:16 Europe/Berlin] Header - Session status: 2
[22-Apr-2025 15:43:16 Europe/Berlin] Header - Session data: {"user_id":12,"username":"varunpndey","email":"va@gmail.com","account_type":"admin"}
[22-Apr-2025 15:43:16 Europe/Berlin] Header - After session start - Status: 2
[22-Apr-2025 15:43:16 Europe/Berlin] Header - After session start - Data: {"user_id":12,"username":"varunpndey","email":"va@gmail.com","account_type":"admin"}
[22-Apr-2025 15:43:16 Europe/Berlin] Header - Is logged in: Yes
[22-Apr-2025 15:43:21 Europe/Berlin] Connected to database. Tables found: favorites, feedback, matches, news, newsletter, notifications, subscriptions, users
[22-Apr-2025 15:43:21 Europe/Berlin] Executing SQL: CREATE TABLE IF NOT EXISTS users (
                id INT AUTO_INCREMENT PRIMARY KEY,
                username VARCHAR(50) NOT NULL UNIQUE,
                password VARCHAR(255) NOT NULL,
                email VARCHAR(100) NOT NULL UNIQUE,
                account_type ENUM('user', 'admin') DEFAULT 'user',
                created_at TIMESTAMP DEFAULT CURRENT_TIMESTAMP
            )
[22-Apr-2025 15:43:21 Europe/Berlin] With params: []
[22-Apr-2025 15:43:21 Europe/Berlin] Query executed successfully. Found 0 rows
[22-Apr-2025 15:43:21 Europe/Berlin] Users table created or already exists
[22-Apr-2025 15:43:21 Europe/Berlin] Users table structure: [{"Field":"id","Type":"int(11)","Null":"NO","Key":"PRI","Default":null,"Extra":"auto_increment"},{"Field":"username","Type":"varchar(50)","Null":"NO","Key":"","Default":null,"Extra":""},{"Field":"email","Type":"varchar(100)","Null":"NO","Key":"UNI","Default":null,"Extra":""},{"Field":"password","Type":"varchar(255)","Null":"NO","Key":"","Default":null,"Extra":""},{"Field":"role","Type":"enum('user','admin')","Null":"YES","Key":"","Default":"user","Extra":""},{"Field":"verification_code","Type":"varchar(100)","Null":"YES","Key":"","Default":null,"Extra":""},{"Field":"is_verified","Type":"tinyint(1)","Null":"YES","Key":"","Default":"0","Extra":""},{"Field":"created_at","Type":"timestamp","Null":"NO","Key":"","Default":"current_timestamp()","Extra":""},{"Field":"favorite_sport","Type":"varchar(50)","Null":"YES","Key":"","Default":null,"Extra":""},{"Field":"favorite_team","Type":"varchar(50)","Null":"YES","Key":"","Default":null,"Extra":""},{"Field":"account_type","Type":"enum('user','admin')","Null":"YES","Key":"","Default":"user","Extra":""}]
[22-Apr-2025 15:43:21 Europe/Berlin] Number of users in database: 13
[22-Apr-2025 15:43:21 Europe/Berlin] All tables initialized successfully
[22-Apr-2025 15:43:21 Europe/Berlin] Connected to database. Tables found: favorites, feedback, matches, news, newsletter, notifications, subscriptions, users
[22-Apr-2025 15:43:21 Europe/Berlin] Executing SQL: CREATE TABLE IF NOT EXISTS users (
                id INT AUTO_INCREMENT PRIMARY KEY,
                username VARCHAR(50) NOT NULL UNIQUE,
                password VARCHAR(255) NOT NULL,
                email VARCHAR(100) NOT NULL UNIQUE,
                account_type ENUM('user', 'admin') DEFAULT 'user',
                created_at TIMESTAMP DEFAULT CURRENT_TIMESTAMP
            )
[22-Apr-2025 15:43:21 Europe/Berlin] With params: []
[22-Apr-2025 15:43:21 Europe/Berlin] Query executed successfully. Found 0 rows
[22-Apr-2025 15:43:21 Europe/Berlin] Users table created or already exists
[22-Apr-2025 15:43:21 Europe/Berlin] Users table structure: [{"Field":"id","Type":"int(11)","Null":"NO","Key":"PRI","Default":null,"Extra":"auto_increment"},{"Field":"username","Type":"varchar(50)","Null":"NO","Key":"","Default":null,"Extra":""},{"Field":"email","Type":"varchar(100)","Null":"NO","Key":"UNI","Default":null,"Extra":""},{"Field":"password","Type":"varchar(255)","Null":"NO","Key":"","Default":null,"Extra":""},{"Field":"role","Type":"enum('user','admin')","Null":"YES","Key":"","Default":"user","Extra":""},{"Field":"verification_code","Type":"varchar(100)","Null":"YES","Key":"","Default":null,"Extra":""},{"Field":"is_verified","Type":"tinyint(1)","Null":"YES","Key":"","Default":"0","Extra":""},{"Field":"created_at","Type":"timestamp","Null":"NO","Key":"","Default":"current_timestamp()","Extra":""},{"Field":"favorite_sport","Type":"varchar(50)","Null":"YES","Key":"","Default":null,"Extra":""},{"Field":"favorite_team","Type":"varchar(50)","Null":"YES","Key":"","Default":null,"Extra":""},{"Field":"account_type","Type":"enum('user','admin')","Null":"YES","Key":"","Default":"user","Extra":""}]
[22-Apr-2025 15:43:21 Europe/Berlin] Number of users in database: 13
[22-Apr-2025 15:43:21 Europe/Berlin] All tables initialized successfully
[22-Apr-2025 15:43:21 Europe/Berlin] Database tables initialized successfully
[22-Apr-2025 15:43:21 Europe/Berlin] Executing SQL: SELECT * FROM users WHERE id = :id
[22-Apr-2025 15:43:21 Europe/Berlin] With params: {":id":12}
[22-Apr-2025 15:43:21 Europe/Berlin] Query executed successfully. Found 1 rows
[22-Apr-2025 15:43:21 Europe/Berlin] User loaded from session: varunpndey
[22-Apr-2025 15:43:21 Europe/Berlin] Executing SQL: SELECT * FROM users WHERE id = :id
[22-Apr-2025 15:43:21 Europe/Berlin] With params: {":id":12}
[22-Apr-2025 15:43:21 Europe/Berlin] Query executed successfully. Found 1 rows
[22-Apr-2025 15:43:21 Europe/Berlin] Executing SQL: SELECT * FROM news ORDER BY created_at DESC
[22-Apr-2025 15:43:21 Europe/Berlin] With params: []
[22-Apr-2025 15:43:21 Europe/Berlin] Query executed successfully. Found 5 rows
[22-Apr-2025 15:43:21 Europe/Berlin] Executing SQL: SELECT * FROM feedback ORDER BY created_at DESC
[22-Apr-2025 15:43:21 Europe/Berlin] With params: []
[22-Apr-2025 15:43:21 Europe/Berlin] Query executed successfully. Found 10 rows
[22-Apr-2025 15:43:21 Europe/Berlin] Executing SQL: SELECT * FROM matches WHERE status = 'live'
[22-Apr-2025 15:43:21 Europe/Berlin] With params: []
[22-Apr-2025 15:43:21 Europe/Berlin] Query executed successfully. Found 2 rows
[22-Apr-2025 15:43:21 Europe/Berlin] Executing SQL: SELECT * FROM matches WHERE 1=1 ORDER BY match_time DESC
[22-Apr-2025 15:43:21 Europe/Berlin] With params: []
[22-Apr-2025 15:43:21 Europe/Berlin] Query executed successfully. Found 13 rows
[22-Apr-2025 15:43:21 Europe/Berlin] PHP Warning:  Undefined array key "status" in /Applications/XAMPP/xamppfiles/htdocs/sportsync/public/admin.php on line 819
[22-Apr-2025 15:43:21 Europe/Berlin] PHP Warning:  Undefined array key "status" in /Applications/XAMPP/xamppfiles/htdocs/sportsync/public/admin.php on line 820
[22-Apr-2025 15:43:21 Europe/Berlin] PHP Warning:  Undefined array key "status" in /Applications/XAMPP/xamppfiles/htdocs/sportsync/public/admin.php on line 821
[22-Apr-2025 15:43:21 Europe/Berlin] PHP Warning:  Undefined array key "status" in /Applications/XAMPP/xamppfiles/htdocs/sportsync/public/admin.php on line 819
[22-Apr-2025 15:43:21 Europe/Berlin] PHP Warning:  Undefined array key "status" in /Applications/XAMPP/xamppfiles/htdocs/sportsync/public/admin.php on line 820
[22-Apr-2025 15:43:21 Europe/Berlin] PHP Warning:  Undefined array key "status" in /Applications/XAMPP/xamppfiles/htdocs/sportsync/public/admin.php on line 821
[22-Apr-2025 15:43:21 Europe/Berlin] PHP Warning:  Undefined array key "status" in /Applications/XAMPP/xamppfiles/htdocs/sportsync/public/admin.php on line 819
[22-Apr-2025 15:43:21 Europe/Berlin] PHP Warning:  Undefined array key "status" in /Applications/XAMPP/xamppfiles/htdocs/sportsync/public/admin.php on line 820
[22-Apr-2025 15:43:21 Europe/Berlin] PHP Warning:  Undefined array key "status" in /Applications/XAMPP/xamppfiles/htdocs/sportsync/public/admin.php on line 821
[22-Apr-2025 15:43:21 Europe/Berlin] PHP Warning:  Undefined array key "status" in /Applications/XAMPP/xamppfiles/htdocs/sportsync/public/admin.php on line 819
[22-Apr-2025 15:43:21 Europe/Berlin] PHP Warning:  Undefined array key "status" in /Applications/XAMPP/xamppfiles/htdocs/sportsync/public/admin.php on line 820
[22-Apr-2025 15:43:21 Europe/Berlin] PHP Warning:  Undefined array key "status" in /Applications/XAMPP/xamppfiles/htdocs/sportsync/public/admin.php on line 821
[22-Apr-2025 15:43:21 Europe/Berlin] PHP Warning:  Undefined array key "status" in /Applications/XAMPP/xamppfiles/htdocs/sportsync/public/admin.php on line 819
[22-Apr-2025 15:43:21 Europe/Berlin] PHP Warning:  Undefined array key "status" in /Applications/XAMPP/xamppfiles/htdocs/sportsync/public/admin.php on line 820
[22-Apr-2025 15:43:21 Europe/Berlin] PHP Warning:  Undefined array key "status" in /Applications/XAMPP/xamppfiles/htdocs/sportsync/public/admin.php on line 821
[22-Apr-2025 15:43:21 Europe/Berlin] PHP Warning:  Undefined array key "status" in /Applications/XAMPP/xamppfiles/htdocs/sportsync/public/admin.php on line 819
[22-Apr-2025 15:43:21 Europe/Berlin] PHP Warning:  Undefined array key "status" in /Applications/XAMPP/xamppfiles/htdocs/sportsync/public/admin.php on line 820
[22-Apr-2025 15:43:21 Europe/Berlin] PHP Warning:  Undefined array key "status" in /Applications/XAMPP/xamppfiles/htdocs/sportsync/public/admin.php on line 821
[22-Apr-2025 15:43:21 Europe/Berlin] PHP Warning:  Undefined array key "status" in /Applications/XAMPP/xamppfiles/htdocs/sportsync/public/admin.php on line 819
[22-Apr-2025 15:43:21 Europe/Berlin] PHP Warning:  Undefined array key "status" in /Applications/XAMPP/xamppfiles/htdocs/sportsync/public/admin.php on line 820
[22-Apr-2025 15:43:21 Europe/Berlin] PHP Warning:  Undefined array key "status" in /Applications/XAMPP/xamppfiles/htdocs/sportsync/public/admin.php on line 821
[22-Apr-2025 15:43:21 Europe/Berlin] PHP Warning:  Undefined array key "status" in /Applications/XAMPP/xamppfiles/htdocs/sportsync/public/admin.php on line 819
[22-Apr-2025 15:43:21 Europe/Berlin] PHP Warning:  Undefined array key "status" in /Applications/XAMPP/xamppfiles/htdocs/sportsync/public/admin.php on line 820
[22-Apr-2025 15:43:21 Europe/Berlin] PHP Warning:  Undefined array key "status" in /Applications/XAMPP/xamppfiles/htdocs/sportsync/public/admin.php on line 821
[22-Apr-2025 15:43:21 Europe/Berlin] PHP Warning:  Undefined array key "status" in /Applications/XAMPP/xamppfiles/htdocs/sportsync/public/admin.php on line 819
[22-Apr-2025 15:43:21 Europe/Berlin] PHP Warning:  Undefined array key "status" in /Applications/XAMPP/xamppfiles/htdocs/sportsync/public/admin.php on line 820
[22-Apr-2025 15:43:21 Europe/Berlin] PHP Warning:  Undefined array key "status" in /Applications/XAMPP/xamppfiles/htdocs/sportsync/public/admin.php on line 821
[22-Apr-2025 15:43:21 Europe/Berlin] PHP Warning:  Undefined array key "status" in /Applications/XAMPP/xamppfiles/htdocs/sportsync/public/admin.php on line 819
[22-Apr-2025 15:43:21 Europe/Berlin] PHP Warning:  Undefined array key "status" in /Applications/XAMPP/xamppfiles/htdocs/sportsync/public/admin.php on line 820
[22-Apr-2025 15:43:21 Europe/Berlin] PHP Warning:  Undefined array key "status" in /Applications/XAMPP/xamppfiles/htdocs/sportsync/public/admin.php on line 821
[22-Apr-2025 15:44:12 Europe/Berlin] Connected to database. Tables found: favorites, feedback, matches, news, newsletter, notifications, subscriptions, users
[22-Apr-2025 15:44:12 Europe/Berlin] Executing SQL: CREATE TABLE IF NOT EXISTS users (
                id INT AUTO_INCREMENT PRIMARY KEY,
                username VARCHAR(50) NOT NULL UNIQUE,
                password VARCHAR(255) NOT NULL,
                email VARCHAR(100) NOT NULL UNIQUE,
                account_type ENUM('user', 'admin') DEFAULT 'user',
                created_at TIMESTAMP DEFAULT CURRENT_TIMESTAMP
            )
[22-Apr-2025 15:44:12 Europe/Berlin] With params: []
[22-Apr-2025 15:44:12 Europe/Berlin] Query executed successfully. Found 0 rows
[22-Apr-2025 15:44:12 Europe/Berlin] Users table created or already exists
[22-Apr-2025 15:44:12 Europe/Berlin] Users table structure: [{"Field":"id","Type":"int(11)","Null":"NO","Key":"PRI","Default":null,"Extra":"auto_increment"},{"Field":"username","Type":"varchar(50)","Null":"NO","Key":"","Default":null,"Extra":""},{"Field":"email","Type":"varchar(100)","Null":"NO","Key":"UNI","Default":null,"Extra":""},{"Field":"password","Type":"varchar(255)","Null":"NO","Key":"","Default":null,"Extra":""},{"Field":"role","Type":"enum('user','admin')","Null":"YES","Key":"","Default":"user","Extra":""},{"Field":"verification_code","Type":"varchar(100)","Null":"YES","Key":"","Default":null,"Extra":""},{"Field":"is_verified","Type":"tinyint(1)","Null":"YES","Key":"","Default":"0","Extra":""},{"Field":"created_at","Type":"timestamp","Null":"NO","Key":"","Default":"current_timestamp()","Extra":""},{"Field":"favorite_sport","Type":"varchar(50)","Null":"YES","Key":"","Default":null,"Extra":""},{"Field":"favorite_team","Type":"varchar(50)","Null":"YES","Key":"","Default":null,"Extra":""},{"Field":"account_type","Type":"enum('user','admin')","Null":"YES","Key":"","Default":"user","Extra":""}]
[22-Apr-2025 15:44:12 Europe/Berlin] Number of users in database: 13
[22-Apr-2025 15:44:12 Europe/Berlin] All tables initialized successfully
[22-Apr-2025 15:44:12 Europe/Berlin] API Request received: /sportsync/backend/match.php
[22-Apr-2025 15:44:12 Europe/Berlin] GET parameters: Array
(
)

[22-Apr-2025 15:46:13 Europe/Berlin] Connected to database. Tables found: favorites, feedback, matches, news, newsletter, notifications, subscriptions, users
[22-Apr-2025 15:46:13 Europe/Berlin] Executing SQL: CREATE TABLE IF NOT EXISTS users (
                id INT AUTO_INCREMENT PRIMARY KEY,
                username VARCHAR(50) NOT NULL UNIQUE,
                password VARCHAR(255) NOT NULL,
                email VARCHAR(100) NOT NULL UNIQUE,
                account_type ENUM('user', 'admin') DEFAULT 'user',
                created_at TIMESTAMP DEFAULT CURRENT_TIMESTAMP
            )
[22-Apr-2025 15:46:13 Europe/Berlin] With params: []
[22-Apr-2025 15:46:13 Europe/Berlin] Query executed successfully. Found 0 rows
[22-Apr-2025 15:46:13 Europe/Berlin] Users table created or already exists
[22-Apr-2025 15:46:13 Europe/Berlin] Users table structure: [{"Field":"id","Type":"int(11)","Null":"NO","Key":"PRI","Default":null,"Extra":"auto_increment"},{"Field":"username","Type":"varchar(50)","Null":"NO","Key":"","Default":null,"Extra":""},{"Field":"email","Type":"varchar(100)","Null":"NO","Key":"UNI","Default":null,"Extra":""},{"Field":"password","Type":"varchar(255)","Null":"NO","Key":"","Default":null,"Extra":""},{"Field":"role","Type":"enum('user','admin')","Null":"YES","Key":"","Default":"user","Extra":""},{"Field":"verification_code","Type":"varchar(100)","Null":"YES","Key":"","Default":null,"Extra":""},{"Field":"is_verified","Type":"tinyint(1)","Null":"YES","Key":"","Default":"0","Extra":""},{"Field":"created_at","Type":"timestamp","Null":"NO","Key":"","Default":"current_timestamp()","Extra":""},{"Field":"favorite_sport","Type":"varchar(50)","Null":"YES","Key":"","Default":null,"Extra":""},{"Field":"favorite_team","Type":"varchar(50)","Null":"YES","Key":"","Default":null,"Extra":""},{"Field":"account_type","Type":"enum('user','admin')","Null":"YES","Key":"","Default":"user","Extra":""}]
[22-Apr-2025 15:46:13 Europe/Berlin] Number of users in database: 13
[22-Apr-2025 15:46:13 Europe/Berlin] All tables initialized successfully
[22-Apr-2025 15:46:13 Europe/Berlin] Connected to database. Tables found: favorites, feedback, matches, news, newsletter, notifications, subscriptions, users
[22-Apr-2025 15:46:13 Europe/Berlin] Executing SQL: CREATE TABLE IF NOT EXISTS users (
                id INT AUTO_INCREMENT PRIMARY KEY,
                username VARCHAR(50) NOT NULL UNIQUE,
                password VARCHAR(255) NOT NULL,
                email VARCHAR(100) NOT NULL UNIQUE,
                account_type ENUM('user', 'admin') DEFAULT 'user',
                created_at TIMESTAMP DEFAULT CURRENT_TIMESTAMP
            )
[22-Apr-2025 15:46:13 Europe/Berlin] With params: []
[22-Apr-2025 15:46:13 Europe/Berlin] Query executed successfully. Found 0 rows
[22-Apr-2025 15:46:13 Europe/Berlin] Users table created or already exists
[22-Apr-2025 15:46:13 Europe/Berlin] Users table structure: [{"Field":"id","Type":"int(11)","Null":"NO","Key":"PRI","Default":null,"Extra":"auto_increment"},{"Field":"username","Type":"varchar(50)","Null":"NO","Key":"","Default":null,"Extra":""},{"Field":"email","Type":"varchar(100)","Null":"NO","Key":"UNI","Default":null,"Extra":""},{"Field":"password","Type":"varchar(255)","Null":"NO","Key":"","Default":null,"Extra":""},{"Field":"role","Type":"enum('user','admin')","Null":"YES","Key":"","Default":"user","Extra":""},{"Field":"verification_code","Type":"varchar(100)","Null":"YES","Key":"","Default":null,"Extra":""},{"Field":"is_verified","Type":"tinyint(1)","Null":"YES","Key":"","Default":"0","Extra":""},{"Field":"created_at","Type":"timestamp","Null":"NO","Key":"","Default":"current_timestamp()","Extra":""},{"Field":"favorite_sport","Type":"varchar(50)","Null":"YES","Key":"","Default":null,"Extra":""},{"Field":"favorite_team","Type":"varchar(50)","Null":"YES","Key":"","Default":null,"Extra":""},{"Field":"account_type","Type":"enum('user','admin')","Null":"YES","Key":"","Default":"user","Extra":""}]
[22-Apr-2025 15:46:13 Europe/Berlin] Number of users in database: 13
[22-Apr-2025 15:46:13 Europe/Berlin] All tables initialized successfully
[22-Apr-2025 15:46:13 Europe/Berlin] Database tables initialized successfully
[22-Apr-2025 15:46:13 Europe/Berlin] Executing SQL: SELECT * FROM users WHERE id = :id
[22-Apr-2025 15:46:13 Europe/Berlin] With params: {":id":12}
[22-Apr-2025 15:46:13 Europe/Berlin] Query executed successfully. Found 1 rows
[22-Apr-2025 15:46:13 Europe/Berlin] User loaded from session: varunpndey
[22-Apr-2025 15:46:13 Europe/Berlin] Header - Session status: 2
[22-Apr-2025 15:46:13 Europe/Berlin] Header - Session data: {"user_id":12,"username":"varunpndey","email":"va@gmail.com","account_type":"admin"}
[22-Apr-2025 15:46:13 Europe/Berlin] Header - After session start - Status: 2
[22-Apr-2025 15:46:13 Europe/Berlin] Header - After session start - Data: {"user_id":12,"username":"varunpndey","email":"va@gmail.com","account_type":"admin"}
[22-Apr-2025 15:46:13 Europe/Berlin] Header - Is logged in: Yes
[22-Apr-2025 15:46:13 Europe/Berlin] Executing SQL: SELECT * FROM news ORDER BY created_at DESC LIMIT 5
[22-Apr-2025 15:46:13 Europe/Berlin] With params: []
[22-Apr-2025 15:46:13 Europe/Berlin] Query executed successfully. Found 5 rows
[22-Apr-2025 15:46:13 Europe/Berlin] Executing SQL: SELECT * FROM matches WHERE status = 'live'
[22-Apr-2025 15:46:13 Europe/Berlin] With params: []
[22-Apr-2025 15:46:13 Europe/Berlin] Query executed successfully. Found 2 rows
[22-Apr-2025 15:46:13 Europe/Berlin] Executing SQL: SELECT COUNT(*) as count FROM favorites 
                    WHERE user_id = :user_id AND match_id = :match_id
[22-Apr-2025 15:46:13 Europe/Berlin] With params: {":user_id":12,":match_id":11}
[22-Apr-2025 15:46:13 Europe/Berlin] Query executed successfully. Found 1 rows
[22-Apr-2025 15:46:13 Europe/Berlin] Executing SQL: SELECT COUNT(*) as count FROM favorites 
                    WHERE user_id = :user_id AND match_id = :match_id
[22-Apr-2025 15:46:13 Europe/Berlin] With params: {":user_id":12,":match_id":17}
[22-Apr-2025 15:46:13 Europe/Berlin] Query executed successfully. Found 1 rows
[22-Apr-2025 15:46:22 Europe/Berlin] Connected to database. Tables found: favorites, feedback, matches, news, newsletter, notifications, subscriptions, users
[22-Apr-2025 15:46:22 Europe/Berlin] Executing SQL: CREATE TABLE IF NOT EXISTS users (
                id INT AUTO_INCREMENT PRIMARY KEY,
                username VARCHAR(50) NOT NULL UNIQUE,
                password VARCHAR(255) NOT NULL,
                email VARCHAR(100) NOT NULL UNIQUE,
                account_type ENUM('user', 'admin') DEFAULT 'user',
                created_at TIMESTAMP DEFAULT CURRENT_TIMESTAMP
            )
[22-Apr-2025 15:46:22 Europe/Berlin] With params: []
[22-Apr-2025 15:46:22 Europe/Berlin] Query executed successfully. Found 0 rows
[22-Apr-2025 15:46:22 Europe/Berlin] Users table created or already exists
[22-Apr-2025 15:46:22 Europe/Berlin] Users table structure: [{"Field":"id","Type":"int(11)","Null":"NO","Key":"PRI","Default":null,"Extra":"auto_increment"},{"Field":"username","Type":"varchar(50)","Null":"NO","Key":"","Default":null,"Extra":""},{"Field":"email","Type":"varchar(100)","Null":"NO","Key":"UNI","Default":null,"Extra":""},{"Field":"password","Type":"varchar(255)","Null":"NO","Key":"","Default":null,"Extra":""},{"Field":"role","Type":"enum('user','admin')","Null":"YES","Key":"","Default":"user","Extra":""},{"Field":"verification_code","Type":"varchar(100)","Null":"YES","Key":"","Default":null,"Extra":""},{"Field":"is_verified","Type":"tinyint(1)","Null":"YES","Key":"","Default":"0","Extra":""},{"Field":"created_at","Type":"timestamp","Null":"NO","Key":"","Default":"current_timestamp()","Extra":""},{"Field":"favorite_sport","Type":"varchar(50)","Null":"YES","Key":"","Default":null,"Extra":""},{"Field":"favorite_team","Type":"varchar(50)","Null":"YES","Key":"","Default":null,"Extra":""},{"Field":"account_type","Type":"enum('user','admin')","Null":"YES","Key":"","Default":"user","Extra":""}]
[22-Apr-2025 15:46:22 Europe/Berlin] Number of users in database: 13
[22-Apr-2025 15:46:22 Europe/Berlin] All tables initialized successfully
[22-Apr-2025 15:46:22 Europe/Berlin] Connected to database. Tables found: favorites, feedback, matches, news, newsletter, notifications, subscriptions, users
[22-Apr-2025 15:46:22 Europe/Berlin] Executing SQL: CREATE TABLE IF NOT EXISTS users (
                id INT AUTO_INCREMENT PRIMARY KEY,
                username VARCHAR(50) NOT NULL UNIQUE,
                password VARCHAR(255) NOT NULL,
                email VARCHAR(100) NOT NULL UNIQUE,
                account_type ENUM('user', 'admin') DEFAULT 'user',
                created_at TIMESTAMP DEFAULT CURRENT_TIMESTAMP
            )
[22-Apr-2025 15:46:22 Europe/Berlin] With params: []
[22-Apr-2025 15:46:22 Europe/Berlin] Query executed successfully. Found 0 rows
[22-Apr-2025 15:46:22 Europe/Berlin] Users table created or already exists
[22-Apr-2025 15:46:22 Europe/Berlin] Users table structure: [{"Field":"id","Type":"int(11)","Null":"NO","Key":"PRI","Default":null,"Extra":"auto_increment"},{"Field":"username","Type":"varchar(50)","Null":"NO","Key":"","Default":null,"Extra":""},{"Field":"email","Type":"varchar(100)","Null":"NO","Key":"UNI","Default":null,"Extra":""},{"Field":"password","Type":"varchar(255)","Null":"NO","Key":"","Default":null,"Extra":""},{"Field":"role","Type":"enum('user','admin')","Null":"YES","Key":"","Default":"user","Extra":""},{"Field":"verification_code","Type":"varchar(100)","Null":"YES","Key":"","Default":null,"Extra":""},{"Field":"is_verified","Type":"tinyint(1)","Null":"YES","Key":"","Default":"0","Extra":""},{"Field":"created_at","Type":"timestamp","Null":"NO","Key":"","Default":"current_timestamp()","Extra":""},{"Field":"favorite_sport","Type":"varchar(50)","Null":"YES","Key":"","Default":null,"Extra":""},{"Field":"favorite_team","Type":"varchar(50)","Null":"YES","Key":"","Default":null,"Extra":""},{"Field":"account_type","Type":"enum('user','admin')","Null":"YES","Key":"","Default":"user","Extra":""}]
[22-Apr-2025 15:46:22 Europe/Berlin] Number of users in database: 13
[22-Apr-2025 15:46:22 Europe/Berlin] All tables initialized successfully
[22-Apr-2025 15:46:22 Europe/Berlin] Database tables initialized successfully
[22-Apr-2025 15:46:22 Europe/Berlin] Executing SQL: SELECT * FROM users WHERE id = :id
[22-Apr-2025 15:46:22 Europe/Berlin] With params: {":id":12}
[22-Apr-2025 15:46:22 Europe/Berlin] Query executed successfully. Found 1 rows
[22-Apr-2025 15:46:22 Europe/Berlin] User loaded from session: varunpndey
[22-Apr-2025 15:46:22 Europe/Berlin] Header - Session status: 2
[22-Apr-2025 15:46:22 Europe/Berlin] Header - Session data: {"user_id":12,"username":"varunpndey","email":"va@gmail.com","account_type":"admin"}
[22-Apr-2025 15:46:22 Europe/Berlin] Header - After session start - Status: 2
[22-Apr-2025 15:46:22 Europe/Berlin] Header - After session start - Data: {"user_id":12,"username":"varunpndey","email":"va@gmail.com","account_type":"admin"}
[22-Apr-2025 15:46:22 Europe/Berlin] Header - Is logged in: Yes
[22-Apr-2025 15:46:22 Europe/Berlin] Executing SQL: SELECT * FROM news ORDER BY created_at DESC LIMIT 5
[22-Apr-2025 15:46:22 Europe/Berlin] With params: []
[22-Apr-2025 15:46:22 Europe/Berlin] Query executed successfully. Found 5 rows
[22-Apr-2025 15:46:22 Europe/Berlin] Executing SQL: SELECT * FROM matches WHERE status = 'live'
[22-Apr-2025 15:46:22 Europe/Berlin] With params: []
[22-Apr-2025 15:46:22 Europe/Berlin] Query executed successfully. Found 2 rows
[22-Apr-2025 15:46:22 Europe/Berlin] Executing SQL: SELECT COUNT(*) as count FROM favorites 
                    WHERE user_id = :user_id AND match_id = :match_id
[22-Apr-2025 15:46:22 Europe/Berlin] With params: {":user_id":12,":match_id":11}
[22-Apr-2025 15:46:22 Europe/Berlin] Query executed successfully. Found 1 rows
[22-Apr-2025 15:46:22 Europe/Berlin] Executing SQL: SELECT COUNT(*) as count FROM favorites 
                    WHERE user_id = :user_id AND match_id = :match_id
[22-Apr-2025 15:46:22 Europe/Berlin] With params: {":user_id":12,":match_id":17}
[22-Apr-2025 15:46:22 Europe/Berlin] Query executed successfully. Found 1 rows
[22-Apr-2025 15:46:30 Europe/Berlin] Connected to database. Tables found: favorites, feedback, matches, news, newsletter, notifications, subscriptions, users
[22-Apr-2025 15:46:30 Europe/Berlin] Executing SQL: CREATE TABLE IF NOT EXISTS users (
                id INT AUTO_INCREMENT PRIMARY KEY,
                username VARCHAR(50) NOT NULL UNIQUE,
                password VARCHAR(255) NOT NULL,
                email VARCHAR(100) NOT NULL UNIQUE,
                account_type ENUM('user', 'admin') DEFAULT 'user',
                created_at TIMESTAMP DEFAULT CURRENT_TIMESTAMP
            )
[22-Apr-2025 15:46:30 Europe/Berlin] With params: []
[22-Apr-2025 15:46:30 Europe/Berlin] Query executed successfully. Found 0 rows
[22-Apr-2025 15:46:30 Europe/Berlin] Users table created or already exists
[22-Apr-2025 15:46:30 Europe/Berlin] Users table structure: [{"Field":"id","Type":"int(11)","Null":"NO","Key":"PRI","Default":null,"Extra":"auto_increment"},{"Field":"username","Type":"varchar(50)","Null":"NO","Key":"","Default":null,"Extra":""},{"Field":"email","Type":"varchar(100)","Null":"NO","Key":"UNI","Default":null,"Extra":""},{"Field":"password","Type":"varchar(255)","Null":"NO","Key":"","Default":null,"Extra":""},{"Field":"role","Type":"enum('user','admin')","Null":"YES","Key":"","Default":"user","Extra":""},{"Field":"verification_code","Type":"varchar(100)","Null":"YES","Key":"","Default":null,"Extra":""},{"Field":"is_verified","Type":"tinyint(1)","Null":"YES","Key":"","Default":"0","Extra":""},{"Field":"created_at","Type":"timestamp","Null":"NO","Key":"","Default":"current_timestamp()","Extra":""},{"Field":"favorite_sport","Type":"varchar(50)","Null":"YES","Key":"","Default":null,"Extra":""},{"Field":"favorite_team","Type":"varchar(50)","Null":"YES","Key":"","Default":null,"Extra":""},{"Field":"account_type","Type":"enum('user','admin')","Null":"YES","Key":"","Default":"user","Extra":""}]
[22-Apr-2025 15:46:30 Europe/Berlin] Number of users in database: 13
[22-Apr-2025 15:46:30 Europe/Berlin] All tables initialized successfully
[22-Apr-2025 15:46:30 Europe/Berlin] Connected to database. Tables found: favorites, feedback, matches, news, newsletter, notifications, subscriptions, users
[22-Apr-2025 15:46:30 Europe/Berlin] Executing SQL: CREATE TABLE IF NOT EXISTS users (
                id INT AUTO_INCREMENT PRIMARY KEY,
                username VARCHAR(50) NOT NULL UNIQUE,
                password VARCHAR(255) NOT NULL,
                email VARCHAR(100) NOT NULL UNIQUE,
                account_type ENUM('user', 'admin') DEFAULT 'user',
                created_at TIMESTAMP DEFAULT CURRENT_TIMESTAMP
            )
[22-Apr-2025 15:46:30 Europe/Berlin] With params: []
[22-Apr-2025 15:46:30 Europe/Berlin] Query executed successfully. Found 0 rows
[22-Apr-2025 15:46:30 Europe/Berlin] Users table created or already exists
[22-Apr-2025 15:46:30 Europe/Berlin] Users table structure: [{"Field":"id","Type":"int(11)","Null":"NO","Key":"PRI","Default":null,"Extra":"auto_increment"},{"Field":"username","Type":"varchar(50)","Null":"NO","Key":"","Default":null,"Extra":""},{"Field":"email","Type":"varchar(100)","Null":"NO","Key":"UNI","Default":null,"Extra":""},{"Field":"password","Type":"varchar(255)","Null":"NO","Key":"","Default":null,"Extra":""},{"Field":"role","Type":"enum('user','admin')","Null":"YES","Key":"","Default":"user","Extra":""},{"Field":"verification_code","Type":"varchar(100)","Null":"YES","Key":"","Default":null,"Extra":""},{"Field":"is_verified","Type":"tinyint(1)","Null":"YES","Key":"","Default":"0","Extra":""},{"Field":"created_at","Type":"timestamp","Null":"NO","Key":"","Default":"current_timestamp()","Extra":""},{"Field":"favorite_sport","Type":"varchar(50)","Null":"YES","Key":"","Default":null,"Extra":""},{"Field":"favorite_team","Type":"varchar(50)","Null":"YES","Key":"","Default":null,"Extra":""},{"Field":"account_type","Type":"enum('user','admin')","Null":"YES","Key":"","Default":"user","Extra":""}]
[22-Apr-2025 15:46:30 Europe/Berlin] Number of users in database: 13
[22-Apr-2025 15:46:30 Europe/Berlin] All tables initialized successfully
[22-Apr-2025 15:46:30 Europe/Berlin] Database tables initialized successfully
[22-Apr-2025 15:46:30 Europe/Berlin] Executing SQL: SELECT * FROM users WHERE id = :id
[22-Apr-2025 15:46:30 Europe/Berlin] With params: {":id":12}
[22-Apr-2025 15:46:30 Europe/Berlin] Query executed successfully. Found 1 rows
[22-Apr-2025 15:46:30 Europe/Berlin] User loaded from session: varunpndey
[22-Apr-2025 15:46:30 Europe/Berlin] Header - Session status: 2
[22-Apr-2025 15:46:30 Europe/Berlin] Header - Session data: {"user_id":12,"username":"varunpndey","email":"va@gmail.com","account_type":"admin"}
[22-Apr-2025 15:46:30 Europe/Berlin] Header - After session start - Status: 2
[22-Apr-2025 15:46:30 Europe/Berlin] Header - After session start - Data: {"user_id":12,"username":"varunpndey","email":"va@gmail.com","account_type":"admin"}
[22-Apr-2025 15:46:30 Europe/Berlin] Header - Is logged in: Yes
[22-Apr-2025 15:46:30 Europe/Berlin] Executing SQL: SELECT * FROM matches WHERE sport = :sport ORDER BY match_time DESC
[22-Apr-2025 15:46:30 Europe/Berlin] With params: {":sport":"football"}
[22-Apr-2025 15:46:30 Europe/Berlin] Query executed successfully. Found 7 rows
[22-Apr-2025 15:46:30 Europe/Berlin] Executing SQL: SELECT * FROM matches WHERE sport = :sport AND status = :status
[22-Apr-2025 15:46:30 Europe/Berlin] With params: {":sport":"football",":status":"live"}
[22-Apr-2025 15:46:30 Europe/Berlin] Query executed successfully. Found 1 rows
[22-Apr-2025 15:46:30 Europe/Berlin] Executing SQL: SELECT COUNT(*) as count FROM favorites 
                    WHERE user_id = :user_id AND match_id = :match_id
[22-Apr-2025 15:46:30 Europe/Berlin] With params: {":user_id":12,":match_id":18}
[22-Apr-2025 15:46:30 Europe/Berlin] Query executed successfully. Found 1 rows
[22-Apr-2025 15:46:30 Europe/Berlin] Executing SQL: SELECT COUNT(*) as count FROM favorites 
                    WHERE user_id = :user_id AND match_id = :match_id
[22-Apr-2025 15:46:30 Europe/Berlin] With params: {":user_id":12,":match_id":17}
[22-Apr-2025 15:46:30 Europe/Berlin] Query executed successfully. Found 1 rows
[22-Apr-2025 15:46:30 Europe/Berlin] Executing SQL: SELECT COUNT(*) as count FROM favorites 
                    WHERE user_id = :user_id AND match_id = :match_id
[22-Apr-2025 15:46:30 Europe/Berlin] With params: {":user_id":12,":match_id":19}
[22-Apr-2025 15:46:30 Europe/Berlin] Query executed successfully. Found 1 rows
[22-Apr-2025 15:46:30 Europe/Berlin] Executing SQL: SELECT COUNT(*) as count FROM favorites 
                    WHERE user_id = :user_id AND match_id = :match_id
[22-Apr-2025 15:46:30 Europe/Berlin] With params: {":user_id":12,":match_id":20}
[22-Apr-2025 15:46:30 Europe/Berlin] Query executed successfully. Found 1 rows
[22-Apr-2025 15:46:30 Europe/Berlin] Executing SQL: SELECT COUNT(*) as count FROM favorites 
                    WHERE user_id = :user_id AND match_id = :match_id
[22-Apr-2025 15:46:30 Europe/Berlin] With params: {":user_id":12,":match_id":22}
[22-Apr-2025 15:46:30 Europe/Berlin] Query executed successfully. Found 1 rows
[22-Apr-2025 15:46:30 Europe/Berlin] Executing SQL: SELECT COUNT(*) as count FROM favorites 
                    WHERE user_id = :user_id AND match_id = :match_id
[22-Apr-2025 15:46:31 Europe/Berlin] With params: {":user_id":12,":match_id":21}
[22-Apr-2025 15:46:31 Europe/Berlin] Query executed successfully. Found 1 rows
[22-Apr-2025 15:46:31 Europe/Berlin] Executing SQL: SELECT COUNT(*) as count FROM favorites 
                    WHERE user_id = :user_id AND match_id = :match_id
[22-Apr-2025 15:46:31 Europe/Berlin] With params: {":user_id":12,":match_id":23}
[22-Apr-2025 15:46:31 Europe/Berlin] Query executed successfully. Found 1 rows
[22-Apr-2025 15:47:03 Europe/Berlin] Connected to database. Tables found: favorites, feedback, matches, news, newsletter, notifications, subscriptions, users
[22-Apr-2025 15:47:03 Europe/Berlin] Executing SQL: CREATE TABLE IF NOT EXISTS users (
                id INT AUTO_INCREMENT PRIMARY KEY,
                username VARCHAR(50) NOT NULL UNIQUE,
                password VARCHAR(255) NOT NULL,
                email VARCHAR(100) NOT NULL UNIQUE,
                account_type ENUM('user', 'admin') DEFAULT 'user',
                created_at TIMESTAMP DEFAULT CURRENT_TIMESTAMP
            )
[22-Apr-2025 15:47:03 Europe/Berlin] With params: []
[22-Apr-2025 15:47:03 Europe/Berlin] Query executed successfully. Found 0 rows
[22-Apr-2025 15:47:03 Europe/Berlin] Users table created or already exists
[22-Apr-2025 15:47:03 Europe/Berlin] Users table structure: [{"Field":"id","Type":"int(11)","Null":"NO","Key":"PRI","Default":null,"Extra":"auto_increment"},{"Field":"username","Type":"varchar(50)","Null":"NO","Key":"","Default":null,"Extra":""},{"Field":"email","Type":"varchar(100)","Null":"NO","Key":"UNI","Default":null,"Extra":""},{"Field":"password","Type":"varchar(255)","Null":"NO","Key":"","Default":null,"Extra":""},{"Field":"role","Type":"enum('user','admin')","Null":"YES","Key":"","Default":"user","Extra":""},{"Field":"verification_code","Type":"varchar(100)","Null":"YES","Key":"","Default":null,"Extra":""},{"Field":"is_verified","Type":"tinyint(1)","Null":"YES","Key":"","Default":"0","Extra":""},{"Field":"created_at","Type":"timestamp","Null":"NO","Key":"","Default":"current_timestamp()","Extra":""},{"Field":"favorite_sport","Type":"varchar(50)","Null":"YES","Key":"","Default":null,"Extra":""},{"Field":"favorite_team","Type":"varchar(50)","Null":"YES","Key":"","Default":null,"Extra":""},{"Field":"account_type","Type":"enum('user','admin')","Null":"YES","Key":"","Default":"user","Extra":""}]
[22-Apr-2025 15:47:03 Europe/Berlin] Number of users in database: 13
[22-Apr-2025 15:47:03 Europe/Berlin] All tables initialized successfully
[22-Apr-2025 15:47:03 Europe/Berlin] Connected to database. Tables found: favorites, feedback, matches, news, newsletter, notifications, subscriptions, users
[22-Apr-2025 15:47:03 Europe/Berlin] Executing SQL: CREATE TABLE IF NOT EXISTS users (
                id INT AUTO_INCREMENT PRIMARY KEY,
                username VARCHAR(50) NOT NULL UNIQUE,
                password VARCHAR(255) NOT NULL,
                email VARCHAR(100) NOT NULL UNIQUE,
                account_type ENUM('user', 'admin') DEFAULT 'user',
                created_at TIMESTAMP DEFAULT CURRENT_TIMESTAMP
            )
[22-Apr-2025 15:47:03 Europe/Berlin] With params: []
[22-Apr-2025 15:47:03 Europe/Berlin] Query executed successfully. Found 0 rows
[22-Apr-2025 15:47:03 Europe/Berlin] Users table created or already exists
[22-Apr-2025 15:47:03 Europe/Berlin] Users table structure: [{"Field":"id","Type":"int(11)","Null":"NO","Key":"PRI","Default":null,"Extra":"auto_increment"},{"Field":"username","Type":"varchar(50)","Null":"NO","Key":"","Default":null,"Extra":""},{"Field":"email","Type":"varchar(100)","Null":"NO","Key":"UNI","Default":null,"Extra":""},{"Field":"password","Type":"varchar(255)","Null":"NO","Key":"","Default":null,"Extra":""},{"Field":"role","Type":"enum('user','admin')","Null":"YES","Key":"","Default":"user","Extra":""},{"Field":"verification_code","Type":"varchar(100)","Null":"YES","Key":"","Default":null,"Extra":""},{"Field":"is_verified","Type":"tinyint(1)","Null":"YES","Key":"","Default":"0","Extra":""},{"Field":"created_at","Type":"timestamp","Null":"NO","Key":"","Default":"current_timestamp()","Extra":""},{"Field":"favorite_sport","Type":"varchar(50)","Null":"YES","Key":"","Default":null,"Extra":""},{"Field":"favorite_team","Type":"varchar(50)","Null":"YES","Key":"","Default":null,"Extra":""},{"Field":"account_type","Type":"enum('user','admin')","Null":"YES","Key":"","Default":"user","Extra":""}]
[22-Apr-2025 15:47:03 Europe/Berlin] Number of users in database: 13
[22-Apr-2025 15:47:03 Europe/Berlin] All tables initialized successfully
[22-Apr-2025 15:47:03 Europe/Berlin] Database tables initialized successfully
[22-Apr-2025 15:47:03 Europe/Berlin] Executing SQL: SELECT * FROM users WHERE id = :id
[22-Apr-2025 15:47:03 Europe/Berlin] With params: {":id":12}
[22-Apr-2025 15:47:03 Europe/Berlin] Query executed successfully. Found 1 rows
[22-Apr-2025 15:47:03 Europe/Berlin] User loaded from session: varunpndey
[22-Apr-2025 15:47:03 Europe/Berlin] Header - Session status: 2
[22-Apr-2025 15:47:03 Europe/Berlin] Header - Session data: {"user_id":12,"username":"varunpndey","email":"va@gmail.com","account_type":"admin"}
[22-Apr-2025 15:47:03 Europe/Berlin] Header - After session start - Status: 2
[22-Apr-2025 15:47:03 Europe/Berlin] Header - After session start - Data: {"user_id":12,"username":"varunpndey","email":"va@gmail.com","account_type":"admin"}
[22-Apr-2025 15:47:03 Europe/Berlin] Header - Is logged in: Yes
[22-Apr-2025 15:47:03 Europe/Berlin] Executing SQL: SELECT * FROM news ORDER BY created_at DESC LIMIT 5
[22-Apr-2025 15:47:03 Europe/Berlin] With params: []
[22-Apr-2025 15:47:03 Europe/Berlin] Query executed successfully. Found 5 rows
[22-Apr-2025 15:47:03 Europe/Berlin] Executing SQL: SELECT * FROM matches WHERE status = 'live'
[22-Apr-2025 15:47:03 Europe/Berlin] With params: []
[22-Apr-2025 15:47:03 Europe/Berlin] Query executed successfully. Found 2 rows
[22-Apr-2025 15:47:03 Europe/Berlin] Executing SQL: SELECT COUNT(*) as count FROM favorites 
                    WHERE user_id = :user_id AND match_id = :match_id
[22-Apr-2025 15:47:03 Europe/Berlin] With params: {":user_id":12,":match_id":11}
[22-Apr-2025 15:47:03 Europe/Berlin] Query executed successfully. Found 1 rows
[22-Apr-2025 15:47:03 Europe/Berlin] Executing SQL: SELECT COUNT(*) as count FROM favorites 
                    WHERE user_id = :user_id AND match_id = :match_id
[22-Apr-2025 15:47:03 Europe/Berlin] With params: {":user_id":12,":match_id":17}
[22-Apr-2025 15:47:03 Europe/Berlin] Query executed successfully. Found 1 rows
[22-Apr-2025 15:47:06 Europe/Berlin] Connected to database. Tables found: favorites, feedback, matches, news, newsletter, notifications, subscriptions, users
[22-Apr-2025 15:47:06 Europe/Berlin] Executing SQL: CREATE TABLE IF NOT EXISTS users (
                id INT AUTO_INCREMENT PRIMARY KEY,
                username VARCHAR(50) NOT NULL UNIQUE,
                password VARCHAR(255) NOT NULL,
                email VARCHAR(100) NOT NULL UNIQUE,
                account_type ENUM('user', 'admin') DEFAULT 'user',
                created_at TIMESTAMP DEFAULT CURRENT_TIMESTAMP
            )
[22-Apr-2025 15:47:06 Europe/Berlin] With params: []
[22-Apr-2025 15:47:06 Europe/Berlin] Query executed successfully. Found 0 rows
[22-Apr-2025 15:47:06 Europe/Berlin] Users table created or already exists
[22-Apr-2025 15:47:06 Europe/Berlin] Users table structure: [{"Field":"id","Type":"int(11)","Null":"NO","Key":"PRI","Default":null,"Extra":"auto_increment"},{"Field":"username","Type":"varchar(50)","Null":"NO","Key":"","Default":null,"Extra":""},{"Field":"email","Type":"varchar(100)","Null":"NO","Key":"UNI","Default":null,"Extra":""},{"Field":"password","Type":"varchar(255)","Null":"NO","Key":"","Default":null,"Extra":""},{"Field":"role","Type":"enum('user','admin')","Null":"YES","Key":"","Default":"user","Extra":""},{"Field":"verification_code","Type":"varchar(100)","Null":"YES","Key":"","Default":null,"Extra":""},{"Field":"is_verified","Type":"tinyint(1)","Null":"YES","Key":"","Default":"0","Extra":""},{"Field":"created_at","Type":"timestamp","Null":"NO","Key":"","Default":"current_timestamp()","Extra":""},{"Field":"favorite_sport","Type":"varchar(50)","Null":"YES","Key":"","Default":null,"Extra":""},{"Field":"favorite_team","Type":"varchar(50)","Null":"YES","Key":"","Default":null,"Extra":""},{"Field":"account_type","Type":"enum('user','admin')","Null":"YES","Key":"","Default":"user","Extra":""}]
[22-Apr-2025 15:47:06 Europe/Berlin] Number of users in database: 13
[22-Apr-2025 15:47:06 Europe/Berlin] All tables initialized successfully
[22-Apr-2025 15:47:06 Europe/Berlin] Connected to database. Tables found: favorites, feedback, matches, news, newsletter, notifications, subscriptions, users
[22-Apr-2025 15:47:06 Europe/Berlin] Executing SQL: CREATE TABLE IF NOT EXISTS users (
                id INT AUTO_INCREMENT PRIMARY KEY,
                username VARCHAR(50) NOT NULL UNIQUE,
                password VARCHAR(255) NOT NULL,
                email VARCHAR(100) NOT NULL UNIQUE,
                account_type ENUM('user', 'admin') DEFAULT 'user',
                created_at TIMESTAMP DEFAULT CURRENT_TIMESTAMP
            )
[22-Apr-2025 15:47:06 Europe/Berlin] With params: []
[22-Apr-2025 15:47:06 Europe/Berlin] Query executed successfully. Found 0 rows
[22-Apr-2025 15:47:06 Europe/Berlin] Users table created or already exists
[22-Apr-2025 15:47:06 Europe/Berlin] Users table structure: [{"Field":"id","Type":"int(11)","Null":"NO","Key":"PRI","Default":null,"Extra":"auto_increment"},{"Field":"username","Type":"varchar(50)","Null":"NO","Key":"","Default":null,"Extra":""},{"Field":"email","Type":"varchar(100)","Null":"NO","Key":"UNI","Default":null,"Extra":""},{"Field":"password","Type":"varchar(255)","Null":"NO","Key":"","Default":null,"Extra":""},{"Field":"role","Type":"enum('user','admin')","Null":"YES","Key":"","Default":"user","Extra":""},{"Field":"verification_code","Type":"varchar(100)","Null":"YES","Key":"","Default":null,"Extra":""},{"Field":"is_verified","Type":"tinyint(1)","Null":"YES","Key":"","Default":"0","Extra":""},{"Field":"created_at","Type":"timestamp","Null":"NO","Key":"","Default":"current_timestamp()","Extra":""},{"Field":"favorite_sport","Type":"varchar(50)","Null":"YES","Key":"","Default":null,"Extra":""},{"Field":"favorite_team","Type":"varchar(50)","Null":"YES","Key":"","Default":null,"Extra":""},{"Field":"account_type","Type":"enum('user','admin')","Null":"YES","Key":"","Default":"user","Extra":""}]
[22-Apr-2025 15:47:06 Europe/Berlin] Number of users in database: 13
[22-Apr-2025 15:47:06 Europe/Berlin] All tables initialized successfully
[22-Apr-2025 15:47:06 Europe/Berlin] Database tables initialized successfully
[22-Apr-2025 15:47:06 Europe/Berlin] Executing SQL: SELECT * FROM users WHERE id = :id
[22-Apr-2025 15:47:06 Europe/Berlin] With params: {":id":12}
[22-Apr-2025 15:47:06 Europe/Berlin] Query executed successfully. Found 1 rows
[22-Apr-2025 15:47:06 Europe/Berlin] User loaded from session: varunpndey
[22-Apr-2025 15:47:06 Europe/Berlin] Header - Session status: 2
[22-Apr-2025 15:47:06 Europe/Berlin] Header - Session data: {"user_id":12,"username":"varunpndey","email":"va@gmail.com","account_type":"admin"}
[22-Apr-2025 15:47:06 Europe/Berlin] Header - After session start - Status: 2
[22-Apr-2025 15:47:06 Europe/Berlin] Header - After session start - Data: {"user_id":12,"username":"varunpndey","email":"va@gmail.com","account_type":"admin"}
[22-Apr-2025 15:47:06 Europe/Berlin] Header - Is logged in: Yes
[22-Apr-2025 16:23:56 Europe/Berlin] Connected to database. Tables found: favorites, feedback, matches, news, newsletter, notifications, subscriptions, users
[22-Apr-2025 16:23:56 Europe/Berlin] Executing SQL: CREATE TABLE IF NOT EXISTS users (
                id INT AUTO_INCREMENT PRIMARY KEY,
                username VARCHAR(50) NOT NULL UNIQUE,
                password VARCHAR(255) NOT NULL,
                email VARCHAR(100) NOT NULL UNIQUE,
                account_type ENUM('user', 'admin') DEFAULT 'user',
                created_at TIMESTAMP DEFAULT CURRENT_TIMESTAMP
            )
[22-Apr-2025 16:23:56 Europe/Berlin] With params: []
[22-Apr-2025 16:23:56 Europe/Berlin] Query executed successfully. Found 0 rows
[22-Apr-2025 16:23:56 Europe/Berlin] Users table created or already exists
[22-Apr-2025 16:23:56 Europe/Berlin] Users table structure: [{"Field":"id","Type":"int(11)","Null":"NO","Key":"PRI","Default":null,"Extra":"auto_increment"},{"Field":"username","Type":"varchar(50)","Null":"NO","Key":"","Default":null,"Extra":""},{"Field":"email","Type":"varchar(100)","Null":"NO","Key":"UNI","Default":null,"Extra":""},{"Field":"password","Type":"varchar(255)","Null":"NO","Key":"","Default":null,"Extra":""},{"Field":"role","Type":"enum('user','admin')","Null":"YES","Key":"","Default":"user","Extra":""},{"Field":"verification_code","Type":"varchar(100)","Null":"YES","Key":"","Default":null,"Extra":""},{"Field":"is_verified","Type":"tinyint(1)","Null":"YES","Key":"","Default":"0","Extra":""},{"Field":"created_at","Type":"timestamp","Null":"NO","Key":"","Default":"current_timestamp()","Extra":""},{"Field":"favorite_sport","Type":"varchar(50)","Null":"YES","Key":"","Default":null,"Extra":""},{"Field":"favorite_team","Type":"varchar(50)","Null":"YES","Key":"","Default":null,"Extra":""},{"Field":"account_type","Type":"enum('user','admin')","Null":"YES","Key":"","Default":"user","Extra":""}]
[22-Apr-2025 16:23:56 Europe/Berlin] Number of users in database: 13
[22-Apr-2025 16:23:56 Europe/Berlin] All tables initialized successfully
[22-Apr-2025 16:23:56 Europe/Berlin] Connected to database. Tables found: favorites, feedback, matches, news, newsletter, notifications, subscriptions, users
[22-Apr-2025 16:23:56 Europe/Berlin] Executing SQL: CREATE TABLE IF NOT EXISTS users (
                id INT AUTO_INCREMENT PRIMARY KEY,
                username VARCHAR(50) NOT NULL UNIQUE,
                password VARCHAR(255) NOT NULL,
                email VARCHAR(100) NOT NULL UNIQUE,
                account_type ENUM('user', 'admin') DEFAULT 'user',
                created_at TIMESTAMP DEFAULT CURRENT_TIMESTAMP
            )
[22-Apr-2025 16:23:56 Europe/Berlin] With params: []
[22-Apr-2025 16:23:56 Europe/Berlin] Query executed successfully. Found 0 rows
[22-Apr-2025 16:23:56 Europe/Berlin] Users table created or already exists
[22-Apr-2025 16:23:56 Europe/Berlin] Users table structure: [{"Field":"id","Type":"int(11)","Null":"NO","Key":"PRI","Default":null,"Extra":"auto_increment"},{"Field":"username","Type":"varchar(50)","Null":"NO","Key":"","Default":null,"Extra":""},{"Field":"email","Type":"varchar(100)","Null":"NO","Key":"UNI","Default":null,"Extra":""},{"Field":"password","Type":"varchar(255)","Null":"NO","Key":"","Default":null,"Extra":""},{"Field":"role","Type":"enum('user','admin')","Null":"YES","Key":"","Default":"user","Extra":""},{"Field":"verification_code","Type":"varchar(100)","Null":"YES","Key":"","Default":null,"Extra":""},{"Field":"is_verified","Type":"tinyint(1)","Null":"YES","Key":"","Default":"0","Extra":""},{"Field":"created_at","Type":"timestamp","Null":"NO","Key":"","Default":"current_timestamp()","Extra":""},{"Field":"favorite_sport","Type":"varchar(50)","Null":"YES","Key":"","Default":null,"Extra":""},{"Field":"favorite_team","Type":"varchar(50)","Null":"YES","Key":"","Default":null,"Extra":""},{"Field":"account_type","Type":"enum('user','admin')","Null":"YES","Key":"","Default":"user","Extra":""}]
[22-Apr-2025 16:23:56 Europe/Berlin] Number of users in database: 13
[22-Apr-2025 16:23:56 Europe/Berlin] All tables initialized successfully
[22-Apr-2025 16:23:56 Europe/Berlin] Database tables initialized successfully
[22-Apr-2025 16:23:56 Europe/Berlin] Executing SQL: SELECT * FROM users WHERE id = :id
[22-Apr-2025 16:23:56 Europe/Berlin] With params: {":id":12}
[22-Apr-2025 16:23:56 Europe/Berlin] Query executed successfully. Found 1 rows
[22-Apr-2025 16:23:56 Europe/Berlin] User loaded from session: varunpndey
[22-Apr-2025 16:23:56 Europe/Berlin] Header - Session status: 2
[22-Apr-2025 16:23:56 Europe/Berlin] Header - Session data: {"user_id":12,"username":"varunpndey","email":"va@gmail.com","account_type":"admin"}
[22-Apr-2025 16:23:56 Europe/Berlin] Header - After session start - Status: 2
[22-Apr-2025 16:23:56 Europe/Berlin] Header - After session start - Data: {"user_id":12,"username":"varunpndey","email":"va@gmail.com","account_type":"admin"}
[22-Apr-2025 16:23:56 Europe/Berlin] Header - Is logged in: Yes
[22-Apr-2025 16:23:56 Europe/Berlin] Executing SQL: SELECT * FROM matches WHERE sport = :sport ORDER BY match_time DESC
[22-Apr-2025 16:23:56 Europe/Berlin] With params: {":sport":"football"}
[22-Apr-2025 16:23:56 Europe/Berlin] Query executed successfully. Found 7 rows
[22-Apr-2025 16:23:56 Europe/Berlin] Executing SQL: SELECT * FROM matches WHERE sport = :sport AND status = :status
[22-Apr-2025 16:23:56 Europe/Berlin] With params: {":sport":"football",":status":"live"}
[22-Apr-2025 16:23:56 Europe/Berlin] Query executed successfully. Found 1 rows
[22-Apr-2025 16:23:56 Europe/Berlin] Executing SQL: SELECT COUNT(*) as count FROM favorites 
                    WHERE user_id = :user_id AND match_id = :match_id
[22-Apr-2025 16:23:56 Europe/Berlin] With params: {":user_id":12,":match_id":18}
[22-Apr-2025 16:23:56 Europe/Berlin] Query executed successfully. Found 1 rows
[22-Apr-2025 16:23:56 Europe/Berlin] Executing SQL: SELECT COUNT(*) as count FROM favorites 
                    WHERE user_id = :user_id AND match_id = :match_id
[22-Apr-2025 16:23:56 Europe/Berlin] With params: {":user_id":12,":match_id":17}
[22-Apr-2025 16:23:56 Europe/Berlin] Query executed successfully. Found 1 rows
[22-Apr-2025 16:23:56 Europe/Berlin] Executing SQL: SELECT COUNT(*) as count FROM favorites 
                    WHERE user_id = :user_id AND match_id = :match_id
[22-Apr-2025 16:23:56 Europe/Berlin] With params: {":user_id":12,":match_id":19}
[22-Apr-2025 16:23:56 Europe/Berlin] Query executed successfully. Found 1 rows
[22-Apr-2025 16:23:56 Europe/Berlin] Executing SQL: SELECT COUNT(*) as count FROM favorites 
                    WHERE user_id = :user_id AND match_id = :match_id
[22-Apr-2025 16:23:56 Europe/Berlin] With params: {":user_id":12,":match_id":20}
[22-Apr-2025 16:23:56 Europe/Berlin] Query executed successfully. Found 1 rows
[22-Apr-2025 16:23:56 Europe/Berlin] Executing SQL: SELECT COUNT(*) as count FROM favorites 
                    WHERE user_id = :user_id AND match_id = :match_id
[22-Apr-2025 16:23:56 Europe/Berlin] With params: {":user_id":12,":match_id":22}
[22-Apr-2025 16:23:56 Europe/Berlin] Query executed successfully. Found 1 rows
[22-Apr-2025 16:23:56 Europe/Berlin] Executing SQL: SELECT COUNT(*) as count FROM favorites 
                    WHERE user_id = :user_id AND match_id = :match_id
[22-Apr-2025 16:23:56 Europe/Berlin] With params: {":user_id":12,":match_id":21}
[22-Apr-2025 16:23:56 Europe/Berlin] Query executed successfully. Found 1 rows
[22-Apr-2025 16:23:56 Europe/Berlin] Executing SQL: SELECT COUNT(*) as count FROM favorites 
                    WHERE user_id = :user_id AND match_id = :match_id
[22-Apr-2025 16:23:56 Europe/Berlin] With params: {":user_id":12,":match_id":23}
[22-Apr-2025 16:23:56 Europe/Berlin] Query executed successfully. Found 1 rows
[22-Apr-2025 16:23:58 Europe/Berlin] Connected to database. Tables found: favorites, feedback, matches, news, newsletter, notifications, subscriptions, users
[22-Apr-2025 16:23:58 Europe/Berlin] Executing SQL: CREATE TABLE IF NOT EXISTS users (
                id INT AUTO_INCREMENT PRIMARY KEY,
                username VARCHAR(50) NOT NULL UNIQUE,
                password VARCHAR(255) NOT NULL,
                email VARCHAR(100) NOT NULL UNIQUE,
                account_type ENUM('user', 'admin') DEFAULT 'user',
                created_at TIMESTAMP DEFAULT CURRENT_TIMESTAMP
            )
[22-Apr-2025 16:23:58 Europe/Berlin] With params: []
[22-Apr-2025 16:23:58 Europe/Berlin] Query executed successfully. Found 0 rows
[22-Apr-2025 16:23:58 Europe/Berlin] Users table created or already exists
[22-Apr-2025 16:23:58 Europe/Berlin] Users table structure: [{"Field":"id","Type":"int(11)","Null":"NO","Key":"PRI","Default":null,"Extra":"auto_increment"},{"Field":"username","Type":"varchar(50)","Null":"NO","Key":"","Default":null,"Extra":""},{"Field":"email","Type":"varchar(100)","Null":"NO","Key":"UNI","Default":null,"Extra":""},{"Field":"password","Type":"varchar(255)","Null":"NO","Key":"","Default":null,"Extra":""},{"Field":"role","Type":"enum('user','admin')","Null":"YES","Key":"","Default":"user","Extra":""},{"Field":"verification_code","Type":"varchar(100)","Null":"YES","Key":"","Default":null,"Extra":""},{"Field":"is_verified","Type":"tinyint(1)","Null":"YES","Key":"","Default":"0","Extra":""},{"Field":"created_at","Type":"timestamp","Null":"NO","Key":"","Default":"current_timestamp()","Extra":""},{"Field":"favorite_sport","Type":"varchar(50)","Null":"YES","Key":"","Default":null,"Extra":""},{"Field":"favorite_team","Type":"varchar(50)","Null":"YES","Key":"","Default":null,"Extra":""},{"Field":"account_type","Type":"enum('user','admin')","Null":"YES","Key":"","Default":"user","Extra":""}]
[22-Apr-2025 16:23:58 Europe/Berlin] Number of users in database: 13
[22-Apr-2025 16:23:58 Europe/Berlin] All tables initialized successfully
[22-Apr-2025 16:23:58 Europe/Berlin] Connected to database. Tables found: favorites, feedback, matches, news, newsletter, notifications, subscriptions, users
[22-Apr-2025 16:23:58 Europe/Berlin] Executing SQL: CREATE TABLE IF NOT EXISTS users (
                id INT AUTO_INCREMENT PRIMARY KEY,
                username VARCHAR(50) NOT NULL UNIQUE,
                password VARCHAR(255) NOT NULL,
                email VARCHAR(100) NOT NULL UNIQUE,
                account_type ENUM('user', 'admin') DEFAULT 'user',
                created_at TIMESTAMP DEFAULT CURRENT_TIMESTAMP
            )
[22-Apr-2025 16:23:58 Europe/Berlin] With params: []
[22-Apr-2025 16:23:58 Europe/Berlin] Query executed successfully. Found 0 rows
[22-Apr-2025 16:23:58 Europe/Berlin] Users table created or already exists
[22-Apr-2025 16:23:58 Europe/Berlin] Users table structure: [{"Field":"id","Type":"int(11)","Null":"NO","Key":"PRI","Default":null,"Extra":"auto_increment"},{"Field":"username","Type":"varchar(50)","Null":"NO","Key":"","Default":null,"Extra":""},{"Field":"email","Type":"varchar(100)","Null":"NO","Key":"UNI","Default":null,"Extra":""},{"Field":"password","Type":"varchar(255)","Null":"NO","Key":"","Default":null,"Extra":""},{"Field":"role","Type":"enum('user','admin')","Null":"YES","Key":"","Default":"user","Extra":""},{"Field":"verification_code","Type":"varchar(100)","Null":"YES","Key":"","Default":null,"Extra":""},{"Field":"is_verified","Type":"tinyint(1)","Null":"YES","Key":"","Default":"0","Extra":""},{"Field":"created_at","Type":"timestamp","Null":"NO","Key":"","Default":"current_timestamp()","Extra":""},{"Field":"favorite_sport","Type":"varchar(50)","Null":"YES","Key":"","Default":null,"Extra":""},{"Field":"favorite_team","Type":"varchar(50)","Null":"YES","Key":"","Default":null,"Extra":""},{"Field":"account_type","Type":"enum('user','admin')","Null":"YES","Key":"","Default":"user","Extra":""}]
[22-Apr-2025 16:23:58 Europe/Berlin] Number of users in database: 13
[22-Apr-2025 16:23:58 Europe/Berlin] All tables initialized successfully
[22-Apr-2025 16:23:58 Europe/Berlin] Database tables initialized successfully
[22-Apr-2025 16:23:58 Europe/Berlin] Executing SQL: SELECT * FROM users WHERE id = :id
[22-Apr-2025 16:23:58 Europe/Berlin] With params: {":id":12}
[22-Apr-2025 16:23:58 Europe/Berlin] Query executed successfully. Found 1 rows
[22-Apr-2025 16:23:58 Europe/Berlin] User loaded from session: varunpndey
[22-Apr-2025 16:23:58 Europe/Berlin] Header - Session status: 2
[22-Apr-2025 16:23:58 Europe/Berlin] Header - Session data: {"user_id":12,"username":"varunpndey","email":"va@gmail.com","account_type":"admin"}
[22-Apr-2025 16:23:58 Europe/Berlin] Header - After session start - Status: 2
[22-Apr-2025 16:23:58 Europe/Berlin] Header - After session start - Data: {"user_id":12,"username":"varunpndey","email":"va@gmail.com","account_type":"admin"}
[22-Apr-2025 16:23:58 Europe/Berlin] Header - Is logged in: Yes
[22-Apr-2025 16:23:58 Europe/Berlin] Executing SQL: SELECT * FROM news ORDER BY created_at DESC LIMIT 5
[22-Apr-2025 16:23:58 Europe/Berlin] With params: []
[22-Apr-2025 16:23:58 Europe/Berlin] Query executed successfully. Found 5 rows
[22-Apr-2025 16:23:58 Europe/Berlin] Executing SQL: SELECT * FROM matches WHERE status = 'live'
[22-Apr-2025 16:23:58 Europe/Berlin] With params: []
[22-Apr-2025 16:23:58 Europe/Berlin] Query executed successfully. Found 2 rows
[22-Apr-2025 16:23:58 Europe/Berlin] Executing SQL: SELECT COUNT(*) as count FROM favorites 
                    WHERE user_id = :user_id AND match_id = :match_id
[22-Apr-2025 16:23:58 Europe/Berlin] With params: {":user_id":12,":match_id":11}
[22-Apr-2025 16:23:58 Europe/Berlin] Query executed successfully. Found 1 rows
[22-Apr-2025 16:23:58 Europe/Berlin] Executing SQL: SELECT COUNT(*) as count FROM favorites 
                    WHERE user_id = :user_id AND match_id = :match_id
[22-Apr-2025 16:23:58 Europe/Berlin] With params: {":user_id":12,":match_id":17}
[22-Apr-2025 16:23:58 Europe/Berlin] Query executed successfully. Found 1 rows
[22-Apr-2025 16:27:50 Europe/Berlin] Connected to database. Tables found: favorites, feedback, matches, news, newsletter, notifications, subscriptions, users
[22-Apr-2025 16:27:50 Europe/Berlin] Executing SQL: CREATE TABLE IF NOT EXISTS users (
                id INT AUTO_INCREMENT PRIMARY KEY,
                username VARCHAR(50) NOT NULL UNIQUE,
                password VARCHAR(255) NOT NULL,
                email VARCHAR(100) NOT NULL UNIQUE,
                account_type ENUM('user', 'admin') DEFAULT 'user',
                created_at TIMESTAMP DEFAULT CURRENT_TIMESTAMP
            )
[22-Apr-2025 16:27:50 Europe/Berlin] With params: []
[22-Apr-2025 16:27:50 Europe/Berlin] Query executed successfully. Found 0 rows
[22-Apr-2025 16:27:50 Europe/Berlin] Users table created or already exists
[22-Apr-2025 16:27:50 Europe/Berlin] Users table structure: [{"Field":"id","Type":"int(11)","Null":"NO","Key":"PRI","Default":null,"Extra":"auto_increment"},{"Field":"username","Type":"varchar(50)","Null":"NO","Key":"","Default":null,"Extra":""},{"Field":"email","Type":"varchar(100)","Null":"NO","Key":"UNI","Default":null,"Extra":""},{"Field":"password","Type":"varchar(255)","Null":"NO","Key":"","Default":null,"Extra":""},{"Field":"role","Type":"enum('user','admin')","Null":"YES","Key":"","Default":"user","Extra":""},{"Field":"verification_code","Type":"varchar(100)","Null":"YES","Key":"","Default":null,"Extra":""},{"Field":"is_verified","Type":"tinyint(1)","Null":"YES","Key":"","Default":"0","Extra":""},{"Field":"created_at","Type":"timestamp","Null":"NO","Key":"","Default":"current_timestamp()","Extra":""},{"Field":"favorite_sport","Type":"varchar(50)","Null":"YES","Key":"","Default":null,"Extra":""},{"Field":"favorite_team","Type":"varchar(50)","Null":"YES","Key":"","Default":null,"Extra":""},{"Field":"account_type","Type":"enum('user','admin')","Null":"YES","Key":"","Default":"user","Extra":""}]
[22-Apr-2025 16:27:50 Europe/Berlin] Number of users in database: 13
[22-Apr-2025 16:27:50 Europe/Berlin] All tables initialized successfully
[22-Apr-2025 16:27:50 Europe/Berlin] Connected to database. Tables found: favorites, feedback, matches, news, newsletter, notifications, subscriptions, users
[22-Apr-2025 16:27:50 Europe/Berlin] Executing SQL: CREATE TABLE IF NOT EXISTS users (
                id INT AUTO_INCREMENT PRIMARY KEY,
                username VARCHAR(50) NOT NULL UNIQUE,
                password VARCHAR(255) NOT NULL,
                email VARCHAR(100) NOT NULL UNIQUE,
                account_type ENUM('user', 'admin') DEFAULT 'user',
                created_at TIMESTAMP DEFAULT CURRENT_TIMESTAMP
            )
[22-Apr-2025 16:27:50 Europe/Berlin] With params: []
[22-Apr-2025 16:27:50 Europe/Berlin] Query executed successfully. Found 0 rows
[22-Apr-2025 16:27:50 Europe/Berlin] Users table created or already exists
[22-Apr-2025 16:27:50 Europe/Berlin] Users table structure: [{"Field":"id","Type":"int(11)","Null":"NO","Key":"PRI","Default":null,"Extra":"auto_increment"},{"Field":"username","Type":"varchar(50)","Null":"NO","Key":"","Default":null,"Extra":""},{"Field":"email","Type":"varchar(100)","Null":"NO","Key":"UNI","Default":null,"Extra":""},{"Field":"password","Type":"varchar(255)","Null":"NO","Key":"","Default":null,"Extra":""},{"Field":"role","Type":"enum('user','admin')","Null":"YES","Key":"","Default":"user","Extra":""},{"Field":"verification_code","Type":"varchar(100)","Null":"YES","Key":"","Default":null,"Extra":""},{"Field":"is_verified","Type":"tinyint(1)","Null":"YES","Key":"","Default":"0","Extra":""},{"Field":"created_at","Type":"timestamp","Null":"NO","Key":"","Default":"current_timestamp()","Extra":""},{"Field":"favorite_sport","Type":"varchar(50)","Null":"YES","Key":"","Default":null,"Extra":""},{"Field":"favorite_team","Type":"varchar(50)","Null":"YES","Key":"","Default":null,"Extra":""},{"Field":"account_type","Type":"enum('user','admin')","Null":"YES","Key":"","Default":"user","Extra":""}]
[22-Apr-2025 16:27:50 Europe/Berlin] Number of users in database: 13
[22-Apr-2025 16:27:50 Europe/Berlin] All tables initialized successfully
[22-Apr-2025 16:27:50 Europe/Berlin] Database tables initialized successfully
[22-Apr-2025 16:27:50 Europe/Berlin] Executing SQL: SELECT * FROM users WHERE id = :id
[22-Apr-2025 16:27:50 Europe/Berlin] With params: {":id":12}
[22-Apr-2025 16:27:50 Europe/Berlin] Query executed successfully. Found 1 rows
[22-Apr-2025 16:27:50 Europe/Berlin] User loaded from session: varunpndey
[22-Apr-2025 16:27:50 Europe/Berlin] Header - Session status: 2
[22-Apr-2025 16:27:50 Europe/Berlin] Header - Session data: {"user_id":12,"username":"varunpndey","email":"va@gmail.com","account_type":"admin"}
[22-Apr-2025 16:27:50 Europe/Berlin] Header - After session start - Status: 2
[22-Apr-2025 16:27:50 Europe/Berlin] Header - After session start - Data: {"user_id":12,"username":"varunpndey","email":"va@gmail.com","account_type":"admin"}
[22-Apr-2025 16:27:50 Europe/Berlin] Header - Is logged in: Yes
[22-Apr-2025 16:27:50 Europe/Berlin] Executing SQL: SELECT * FROM news ORDER BY created_at DESC LIMIT 5
[22-Apr-2025 16:27:50 Europe/Berlin] With params: []
[22-Apr-2025 16:27:50 Europe/Berlin] Query executed successfully. Found 5 rows
[22-Apr-2025 16:27:50 Europe/Berlin] Executing SQL: SELECT * FROM matches WHERE status = 'live'
[22-Apr-2025 16:27:50 Europe/Berlin] With params: []
[22-Apr-2025 16:27:50 Europe/Berlin] Query executed successfully. Found 2 rows
[22-Apr-2025 16:27:50 Europe/Berlin] Executing SQL: SELECT COUNT(*) as count FROM favorites 
                    WHERE user_id = :user_id AND match_id = :match_id
[22-Apr-2025 16:27:50 Europe/Berlin] With params: {":user_id":12,":match_id":11}
[22-Apr-2025 16:27:50 Europe/Berlin] Query executed successfully. Found 1 rows
[22-Apr-2025 16:27:50 Europe/Berlin] Executing SQL: SELECT COUNT(*) as count FROM favorites 
                    WHERE user_id = :user_id AND match_id = :match_id
[22-Apr-2025 16:27:50 Europe/Berlin] With params: {":user_id":12,":match_id":17}
[22-Apr-2025 16:27:50 Europe/Berlin] Query executed successfully. Found 1 rows
[22-Apr-2025 16:27:52 Europe/Berlin] Connected to database. Tables found: favorites, feedback, matches, news, newsletter, notifications, subscriptions, users
[22-Apr-2025 16:27:52 Europe/Berlin] Executing SQL: CREATE TABLE IF NOT EXISTS users (
                id INT AUTO_INCREMENT PRIMARY KEY,
                username VARCHAR(50) NOT NULL UNIQUE,
                password VARCHAR(255) NOT NULL,
                email VARCHAR(100) NOT NULL UNIQUE,
                account_type ENUM('user', 'admin') DEFAULT 'user',
                created_at TIMESTAMP DEFAULT CURRENT_TIMESTAMP
            )
[22-Apr-2025 16:27:52 Europe/Berlin] With params: []
[22-Apr-2025 16:27:52 Europe/Berlin] Query executed successfully. Found 0 rows
[22-Apr-2025 16:27:52 Europe/Berlin] Users table created or already exists
[22-Apr-2025 16:27:52 Europe/Berlin] Users table structure: [{"Field":"id","Type":"int(11)","Null":"NO","Key":"PRI","Default":null,"Extra":"auto_increment"},{"Field":"username","Type":"varchar(50)","Null":"NO","Key":"","Default":null,"Extra":""},{"Field":"email","Type":"varchar(100)","Null":"NO","Key":"UNI","Default":null,"Extra":""},{"Field":"password","Type":"varchar(255)","Null":"NO","Key":"","Default":null,"Extra":""},{"Field":"role","Type":"enum('user','admin')","Null":"YES","Key":"","Default":"user","Extra":""},{"Field":"verification_code","Type":"varchar(100)","Null":"YES","Key":"","Default":null,"Extra":""},{"Field":"is_verified","Type":"tinyint(1)","Null":"YES","Key":"","Default":"0","Extra":""},{"Field":"created_at","Type":"timestamp","Null":"NO","Key":"","Default":"current_timestamp()","Extra":""},{"Field":"favorite_sport","Type":"varchar(50)","Null":"YES","Key":"","Default":null,"Extra":""},{"Field":"favorite_team","Type":"varchar(50)","Null":"YES","Key":"","Default":null,"Extra":""},{"Field":"account_type","Type":"enum('user','admin')","Null":"YES","Key":"","Default":"user","Extra":""}]
[22-Apr-2025 16:27:52 Europe/Berlin] Number of users in database: 13
[22-Apr-2025 16:27:52 Europe/Berlin] All tables initialized successfully
[22-Apr-2025 16:27:52 Europe/Berlin] Connected to database. Tables found: favorites, feedback, matches, news, newsletter, notifications, subscriptions, users
[22-Apr-2025 16:27:52 Europe/Berlin] Executing SQL: CREATE TABLE IF NOT EXISTS users (
                id INT AUTO_INCREMENT PRIMARY KEY,
                username VARCHAR(50) NOT NULL UNIQUE,
                password VARCHAR(255) NOT NULL,
                email VARCHAR(100) NOT NULL UNIQUE,
                account_type ENUM('user', 'admin') DEFAULT 'user',
                created_at TIMESTAMP DEFAULT CURRENT_TIMESTAMP
            )
[22-Apr-2025 16:27:52 Europe/Berlin] With params: []
[22-Apr-2025 16:27:52 Europe/Berlin] Query executed successfully. Found 0 rows
[22-Apr-2025 16:27:52 Europe/Berlin] Users table created or already exists
[22-Apr-2025 16:27:52 Europe/Berlin] Users table structure: [{"Field":"id","Type":"int(11)","Null":"NO","Key":"PRI","Default":null,"Extra":"auto_increment"},{"Field":"username","Type":"varchar(50)","Null":"NO","Key":"","Default":null,"Extra":""},{"Field":"email","Type":"varchar(100)","Null":"NO","Key":"UNI","Default":null,"Extra":""},{"Field":"password","Type":"varchar(255)","Null":"NO","Key":"","Default":null,"Extra":""},{"Field":"role","Type":"enum('user','admin')","Null":"YES","Key":"","Default":"user","Extra":""},{"Field":"verification_code","Type":"varchar(100)","Null":"YES","Key":"","Default":null,"Extra":""},{"Field":"is_verified","Type":"tinyint(1)","Null":"YES","Key":"","Default":"0","Extra":""},{"Field":"created_at","Type":"timestamp","Null":"NO","Key":"","Default":"current_timestamp()","Extra":""},{"Field":"favorite_sport","Type":"varchar(50)","Null":"YES","Key":"","Default":null,"Extra":""},{"Field":"favorite_team","Type":"varchar(50)","Null":"YES","Key":"","Default":null,"Extra":""},{"Field":"account_type","Type":"enum('user','admin')","Null":"YES","Key":"","Default":"user","Extra":""}]
[22-Apr-2025 16:27:52 Europe/Berlin] Number of users in database: 13
[22-Apr-2025 16:27:52 Europe/Berlin] All tables initialized successfully
[22-Apr-2025 16:27:52 Europe/Berlin] Database tables initialized successfully
[22-Apr-2025 16:27:52 Europe/Berlin] Executing SQL: SELECT * FROM users WHERE id = :id
[22-Apr-2025 16:27:52 Europe/Berlin] With params: {":id":12}
[22-Apr-2025 16:27:52 Europe/Berlin] Query executed successfully. Found 1 rows
[22-Apr-2025 16:27:52 Europe/Berlin] User loaded from session: varunpndey
[22-Apr-2025 16:27:52 Europe/Berlin] Header - Session status: 2
[22-Apr-2025 16:27:52 Europe/Berlin] Header - Session data: {"user_id":12,"username":"varunpndey","email":"va@gmail.com","account_type":"admin"}
[22-Apr-2025 16:27:52 Europe/Berlin] Header - After session start - Status: 2
[22-Apr-2025 16:27:52 Europe/Berlin] Header - After session start - Data: {"user_id":12,"username":"varunpndey","email":"va@gmail.com","account_type":"admin"}
[22-Apr-2025 16:27:52 Europe/Berlin] Header - Is logged in: Yes
[22-Apr-2025 16:27:52 Europe/Berlin] Executing SQL: SELECT * FROM matches WHERE status = 'live'
[22-Apr-2025 16:27:52 Europe/Berlin] With params: []
[22-Apr-2025 16:27:52 Europe/Berlin] Query executed successfully. Found 2 rows
[22-Apr-2025 16:27:52 Europe/Berlin] Executing SQL: SELECT COUNT(*) as count FROM favorites 
                    WHERE user_id = :user_id AND match_id = :match_id
[22-Apr-2025 16:27:52 Europe/Berlin] With params: {":user_id":12,":match_id":11}
[22-Apr-2025 16:27:52 Europe/Berlin] Query executed successfully. Found 1 rows
[22-Apr-2025 16:27:52 Europe/Berlin] Executing SQL: SELECT COUNT(*) as count FROM favorites 
                    WHERE user_id = :user_id AND match_id = :match_id
[22-Apr-2025 16:27:52 Europe/Berlin] With params: {":user_id":12,":match_id":17}
[22-Apr-2025 16:27:52 Europe/Berlin] Query executed successfully. Found 1 rows
[22-Apr-2025 16:27:53 Europe/Berlin] Connected to database. Tables found: favorites, feedback, matches, news, newsletter, notifications, subscriptions, users
[22-Apr-2025 16:27:53 Europe/Berlin] Executing SQL: CREATE TABLE IF NOT EXISTS users (
                id INT AUTO_INCREMENT PRIMARY KEY,
                username VARCHAR(50) NOT NULL UNIQUE,
                password VARCHAR(255) NOT NULL,
                email VARCHAR(100) NOT NULL UNIQUE,
                account_type ENUM('user', 'admin') DEFAULT 'user',
                created_at TIMESTAMP DEFAULT CURRENT_TIMESTAMP
            )
[22-Apr-2025 16:27:53 Europe/Berlin] With params: []
[22-Apr-2025 16:27:53 Europe/Berlin] Query executed successfully. Found 0 rows
[22-Apr-2025 16:27:53 Europe/Berlin] Users table created or already exists
[22-Apr-2025 16:27:53 Europe/Berlin] Users table structure: [{"Field":"id","Type":"int(11)","Null":"NO","Key":"PRI","Default":null,"Extra":"auto_increment"},{"Field":"username","Type":"varchar(50)","Null":"NO","Key":"","Default":null,"Extra":""},{"Field":"email","Type":"varchar(100)","Null":"NO","Key":"UNI","Default":null,"Extra":""},{"Field":"password","Type":"varchar(255)","Null":"NO","Key":"","Default":null,"Extra":""},{"Field":"role","Type":"enum('user','admin')","Null":"YES","Key":"","Default":"user","Extra":""},{"Field":"verification_code","Type":"varchar(100)","Null":"YES","Key":"","Default":null,"Extra":""},{"Field":"is_verified","Type":"tinyint(1)","Null":"YES","Key":"","Default":"0","Extra":""},{"Field":"created_at","Type":"timestamp","Null":"NO","Key":"","Default":"current_timestamp()","Extra":""},{"Field":"favorite_sport","Type":"varchar(50)","Null":"YES","Key":"","Default":null,"Extra":""},{"Field":"favorite_team","Type":"varchar(50)","Null":"YES","Key":"","Default":null,"Extra":""},{"Field":"account_type","Type":"enum('user','admin')","Null":"YES","Key":"","Default":"user","Extra":""}]
[22-Apr-2025 16:27:53 Europe/Berlin] Number of users in database: 13
[22-Apr-2025 16:27:53 Europe/Berlin] All tables initialized successfully
[22-Apr-2025 16:27:53 Europe/Berlin] API Request received: /sportsync/backend/match.php
[22-Apr-2025 16:27:53 Europe/Berlin] GET parameters: Array
(
)

[22-Apr-2025 16:40:40 Europe/Berlin] Connected to database. Tables found: favorites, feedback, matches, news, newsletter, notifications, subscriptions, users
[22-Apr-2025 16:40:40 Europe/Berlin] Executing SQL: CREATE TABLE IF NOT EXISTS users (
                id INT AUTO_INCREMENT PRIMARY KEY,
                username VARCHAR(50) NOT NULL UNIQUE,
                password VARCHAR(255) NOT NULL,
                email VARCHAR(100) NOT NULL UNIQUE,
                account_type ENUM('user', 'admin') DEFAULT 'user',
                created_at TIMESTAMP DEFAULT CURRENT_TIMESTAMP
            )
[22-Apr-2025 16:40:40 Europe/Berlin] With params: []
[22-Apr-2025 16:40:40 Europe/Berlin] Query executed successfully. Found 0 rows
[22-Apr-2025 16:40:40 Europe/Berlin] Users table created or already exists
[22-Apr-2025 16:40:40 Europe/Berlin] Users table structure: [{"Field":"id","Type":"int(11)","Null":"NO","Key":"PRI","Default":null,"Extra":"auto_increment"},{"Field":"username","Type":"varchar(50)","Null":"NO","Key":"","Default":null,"Extra":""},{"Field":"email","Type":"varchar(100)","Null":"NO","Key":"UNI","Default":null,"Extra":""},{"Field":"password","Type":"varchar(255)","Null":"NO","Key":"","Default":null,"Extra":""},{"Field":"role","Type":"enum('user','admin')","Null":"YES","Key":"","Default":"user","Extra":""},{"Field":"verification_code","Type":"varchar(100)","Null":"YES","Key":"","Default":null,"Extra":""},{"Field":"is_verified","Type":"tinyint(1)","Null":"YES","Key":"","Default":"0","Extra":""},{"Field":"created_at","Type":"timestamp","Null":"NO","Key":"","Default":"current_timestamp()","Extra":""},{"Field":"favorite_sport","Type":"varchar(50)","Null":"YES","Key":"","Default":null,"Extra":""},{"Field":"favorite_team","Type":"varchar(50)","Null":"YES","Key":"","Default":null,"Extra":""},{"Field":"account_type","Type":"enum('user','admin')","Null":"YES","Key":"","Default":"user","Extra":""}]
[22-Apr-2025 16:40:40 Europe/Berlin] Number of users in database: 13
[22-Apr-2025 16:40:40 Europe/Berlin] All tables initialized successfully
[22-Apr-2025 16:40:40 Europe/Berlin] API Request received: /sportsync/backend/match.php
[22-Apr-2025 16:40:40 Europe/Berlin] GET parameters: Array
(
)

[22-Apr-2025 17:02:36 Europe/Berlin] Connected to database. Tables found: favorites, feedback, matches, news, newsletter, notifications, subscriptions, users
[22-Apr-2025 17:02:36 Europe/Berlin] Executing SQL: CREATE TABLE IF NOT EXISTS users (
                id INT AUTO_INCREMENT PRIMARY KEY,
                username VARCHAR(50) NOT NULL UNIQUE,
                password VARCHAR(255) NOT NULL,
                email VARCHAR(100) NOT NULL UNIQUE,
                account_type ENUM('user', 'admin') DEFAULT 'user',
                created_at TIMESTAMP DEFAULT CURRENT_TIMESTAMP
            )
[22-Apr-2025 17:02:36 Europe/Berlin] With params: []
[22-Apr-2025 17:02:36 Europe/Berlin] Query executed successfully. Found 0 rows
[22-Apr-2025 17:02:36 Europe/Berlin] Users table created or already exists
[22-Apr-2025 17:02:36 Europe/Berlin] Users table structure: [{"Field":"id","Type":"int(11)","Null":"NO","Key":"PRI","Default":null,"Extra":"auto_increment"},{"Field":"username","Type":"varchar(50)","Null":"NO","Key":"","Default":null,"Extra":""},{"Field":"email","Type":"varchar(100)","Null":"NO","Key":"UNI","Default":null,"Extra":""},{"Field":"password","Type":"varchar(255)","Null":"NO","Key":"","Default":null,"Extra":""},{"Field":"role","Type":"enum('user','admin')","Null":"YES","Key":"","Default":"user","Extra":""},{"Field":"verification_code","Type":"varchar(100)","Null":"YES","Key":"","Default":null,"Extra":""},{"Field":"is_verified","Type":"tinyint(1)","Null":"YES","Key":"","Default":"0","Extra":""},{"Field":"created_at","Type":"timestamp","Null":"NO","Key":"","Default":"current_timestamp()","Extra":""},{"Field":"favorite_sport","Type":"varchar(50)","Null":"YES","Key":"","Default":null,"Extra":""},{"Field":"favorite_team","Type":"varchar(50)","Null":"YES","Key":"","Default":null,"Extra":""},{"Field":"account_type","Type":"enum('user','admin')","Null":"YES","Key":"","Default":"user","Extra":""}]
[22-Apr-2025 17:02:36 Europe/Berlin] Number of users in database: 13
[22-Apr-2025 17:02:36 Europe/Berlin] All tables initialized successfully
[22-Apr-2025 17:02:36 Europe/Berlin] Connected to database. Tables found: favorites, feedback, matches, news, newsletter, notifications, subscriptions, users
[22-Apr-2025 17:02:36 Europe/Berlin] Executing SQL: CREATE TABLE IF NOT EXISTS users (
                id INT AUTO_INCREMENT PRIMARY KEY,
                username VARCHAR(50) NOT NULL UNIQUE,
                password VARCHAR(255) NOT NULL,
                email VARCHAR(100) NOT NULL UNIQUE,
                account_type ENUM('user', 'admin') DEFAULT 'user',
                created_at TIMESTAMP DEFAULT CURRENT_TIMESTAMP
            )
[22-Apr-2025 17:02:36 Europe/Berlin] With params: []
[22-Apr-2025 17:02:36 Europe/Berlin] Query executed successfully. Found 0 rows
[22-Apr-2025 17:02:36 Europe/Berlin] Users table created or already exists
[22-Apr-2025 17:02:36 Europe/Berlin] Users table structure: [{"Field":"id","Type":"int(11)","Null":"NO","Key":"PRI","Default":null,"Extra":"auto_increment"},{"Field":"username","Type":"varchar(50)","Null":"NO","Key":"","Default":null,"Extra":""},{"Field":"email","Type":"varchar(100)","Null":"NO","Key":"UNI","Default":null,"Extra":""},{"Field":"password","Type":"varchar(255)","Null":"NO","Key":"","Default":null,"Extra":""},{"Field":"role","Type":"enum('user','admin')","Null":"YES","Key":"","Default":"user","Extra":""},{"Field":"verification_code","Type":"varchar(100)","Null":"YES","Key":"","Default":null,"Extra":""},{"Field":"is_verified","Type":"tinyint(1)","Null":"YES","Key":"","Default":"0","Extra":""},{"Field":"created_at","Type":"timestamp","Null":"NO","Key":"","Default":"current_timestamp()","Extra":""},{"Field":"favorite_sport","Type":"varchar(50)","Null":"YES","Key":"","Default":null,"Extra":""},{"Field":"favorite_team","Type":"varchar(50)","Null":"YES","Key":"","Default":null,"Extra":""},{"Field":"account_type","Type":"enum('user','admin')","Null":"YES","Key":"","Default":"user","Extra":""}]
[22-Apr-2025 17:02:36 Europe/Berlin] Number of users in database: 13
[22-Apr-2025 17:02:36 Europe/Berlin] All tables initialized successfully
[22-Apr-2025 17:02:36 Europe/Berlin] Database tables initialized successfully
[22-Apr-2025 17:02:36 Europe/Berlin] Executing SQL: SELECT * FROM users WHERE id = :id
[22-Apr-2025 17:02:36 Europe/Berlin] With params: {":id":12}
[22-Apr-2025 17:02:36 Europe/Berlin] Query executed successfully. Found 1 rows
[22-Apr-2025 17:02:36 Europe/Berlin] User loaded from session: varunpndey
[22-Apr-2025 17:02:36 Europe/Berlin] Header - Session status: 2
[22-Apr-2025 17:02:36 Europe/Berlin] Header - Session data: {"user_id":12,"username":"varunpndey","email":"va@gmail.com","account_type":"admin"}
[22-Apr-2025 17:02:36 Europe/Berlin] Header - After session start - Status: 2
[22-Apr-2025 17:02:36 Europe/Berlin] Header - After session start - Data: {"user_id":12,"username":"varunpndey","email":"va@gmail.com","account_type":"admin"}
[22-Apr-2025 17:02:36 Europe/Berlin] Header - Is logged in: Yes
[22-Apr-2025 17:02:36 Europe/Berlin] Executing SQL: SELECT * FROM news ORDER BY created_at DESC LIMIT 5
[22-Apr-2025 17:02:36 Europe/Berlin] With params: []
[22-Apr-2025 17:02:36 Europe/Berlin] Query executed successfully. Found 5 rows
[22-Apr-2025 17:02:36 Europe/Berlin] Executing SQL: SELECT * FROM matches WHERE status = 'live'
[22-Apr-2025 17:02:36 Europe/Berlin] With params: []
[22-Apr-2025 17:02:36 Europe/Berlin] Query executed successfully. Found 2 rows
[22-Apr-2025 17:02:36 Europe/Berlin] Executing SQL: SELECT COUNT(*) as count FROM favorites 
                    WHERE user_id = :user_id AND match_id = :match_id
[22-Apr-2025 17:02:36 Europe/Berlin] With params: {":user_id":12,":match_id":11}
[22-Apr-2025 17:02:36 Europe/Berlin] Query executed successfully. Found 1 rows
[22-Apr-2025 17:02:36 Europe/Berlin] Executing SQL: SELECT COUNT(*) as count FROM favorites 
                    WHERE user_id = :user_id AND match_id = :match_id
[22-Apr-2025 17:02:36 Europe/Berlin] With params: {":user_id":12,":match_id":17}
[22-Apr-2025 17:02:36 Europe/Berlin] Query executed successfully. Found 1 rows
[22-Apr-2025 17:16:37 Europe/Berlin] Connected to database. Tables found: favorites, feedback, matches, news, newsletter, notifications, subscriptions, users
[22-Apr-2025 17:16:37 Europe/Berlin] Executing SQL: CREATE TABLE IF NOT EXISTS users (
                id INT AUTO_INCREMENT PRIMARY KEY,
                username VARCHAR(50) NOT NULL UNIQUE,
                password VARCHAR(255) NOT NULL,
                email VARCHAR(100) NOT NULL UNIQUE,
                account_type ENUM('user', 'admin') DEFAULT 'user',
                created_at TIMESTAMP DEFAULT CURRENT_TIMESTAMP
            )
[22-Apr-2025 17:16:37 Europe/Berlin] With params: []
[22-Apr-2025 17:16:37 Europe/Berlin] Query executed successfully. Found 0 rows
[22-Apr-2025 17:16:37 Europe/Berlin] Users table created or already exists
[22-Apr-2025 17:16:37 Europe/Berlin] Users table structure: [{"Field":"id","Type":"int(11)","Null":"NO","Key":"PRI","Default":null,"Extra":"auto_increment"},{"Field":"username","Type":"varchar(50)","Null":"NO","Key":"","Default":null,"Extra":""},{"Field":"email","Type":"varchar(100)","Null":"NO","Key":"UNI","Default":null,"Extra":""},{"Field":"password","Type":"varchar(255)","Null":"NO","Key":"","Default":null,"Extra":""},{"Field":"role","Type":"enum('user','admin')","Null":"YES","Key":"","Default":"user","Extra":""},{"Field":"verification_code","Type":"varchar(100)","Null":"YES","Key":"","Default":null,"Extra":""},{"Field":"is_verified","Type":"tinyint(1)","Null":"YES","Key":"","Default":"0","Extra":""},{"Field":"created_at","Type":"timestamp","Null":"NO","Key":"","Default":"current_timestamp()","Extra":""},{"Field":"favorite_sport","Type":"varchar(50)","Null":"YES","Key":"","Default":null,"Extra":""},{"Field":"favorite_team","Type":"varchar(50)","Null":"YES","Key":"","Default":null,"Extra":""},{"Field":"account_type","Type":"enum('user','admin')","Null":"YES","Key":"","Default":"user","Extra":""}]
[22-Apr-2025 17:16:37 Europe/Berlin] Number of users in database: 13
[22-Apr-2025 17:16:37 Europe/Berlin] All tables initialized successfully
[22-Apr-2025 17:16:37 Europe/Berlin] Connected to database. Tables found: favorites, feedback, matches, news, newsletter, notifications, subscriptions, users
[22-Apr-2025 17:16:37 Europe/Berlin] Executing SQL: CREATE TABLE IF NOT EXISTS users (
                id INT AUTO_INCREMENT PRIMARY KEY,
                username VARCHAR(50) NOT NULL UNIQUE,
                password VARCHAR(255) NOT NULL,
                email VARCHAR(100) NOT NULL UNIQUE,
                account_type ENUM('user', 'admin') DEFAULT 'user',
                created_at TIMESTAMP DEFAULT CURRENT_TIMESTAMP
            )
[22-Apr-2025 17:16:37 Europe/Berlin] With params: []
[22-Apr-2025 17:16:37 Europe/Berlin] Query executed successfully. Found 0 rows
[22-Apr-2025 17:16:37 Europe/Berlin] Users table created or already exists
[22-Apr-2025 17:16:37 Europe/Berlin] Users table structure: [{"Field":"id","Type":"int(11)","Null":"NO","Key":"PRI","Default":null,"Extra":"auto_increment"},{"Field":"username","Type":"varchar(50)","Null":"NO","Key":"","Default":null,"Extra":""},{"Field":"email","Type":"varchar(100)","Null":"NO","Key":"UNI","Default":null,"Extra":""},{"Field":"password","Type":"varchar(255)","Null":"NO","Key":"","Default":null,"Extra":""},{"Field":"role","Type":"enum('user','admin')","Null":"YES","Key":"","Default":"user","Extra":""},{"Field":"verification_code","Type":"varchar(100)","Null":"YES","Key":"","Default":null,"Extra":""},{"Field":"is_verified","Type":"tinyint(1)","Null":"YES","Key":"","Default":"0","Extra":""},{"Field":"created_at","Type":"timestamp","Null":"NO","Key":"","Default":"current_timestamp()","Extra":""},{"Field":"favorite_sport","Type":"varchar(50)","Null":"YES","Key":"","Default":null,"Extra":""},{"Field":"favorite_team","Type":"varchar(50)","Null":"YES","Key":"","Default":null,"Extra":""},{"Field":"account_type","Type":"enum('user','admin')","Null":"YES","Key":"","Default":"user","Extra":""}]
[22-Apr-2025 17:16:37 Europe/Berlin] Number of users in database: 13
[22-Apr-2025 17:16:37 Europe/Berlin] All tables initialized successfully
[22-Apr-2025 17:16:37 Europe/Berlin] Database tables initialized successfully
[22-Apr-2025 17:16:37 Europe/Berlin] Executing SQL: SELECT * FROM users WHERE id = :id
[22-Apr-2025 17:16:37 Europe/Berlin] With params: {":id":12}
[22-Apr-2025 17:16:37 Europe/Berlin] Query executed successfully. Found 1 rows
[22-Apr-2025 17:16:37 Europe/Berlin] User loaded from session: varunpndey
[22-Apr-2025 17:16:37 Europe/Berlin] PHP Warning:  session_destroy(): Trying to destroy uninitialized session in /Applications/XAMPP/xamppfiles/htdocs/sportsync/public/logout.php on line 22
[22-Apr-2025 17:16:37 Europe/Berlin] Connected to database. Tables found: favorites, feedback, matches, news, newsletter, notifications, subscriptions, users
[22-Apr-2025 17:16:37 Europe/Berlin] Executing SQL: CREATE TABLE IF NOT EXISTS users (
                id INT AUTO_INCREMENT PRIMARY KEY,
                username VARCHAR(50) NOT NULL UNIQUE,
                password VARCHAR(255) NOT NULL,
                email VARCHAR(100) NOT NULL UNIQUE,
                account_type ENUM('user', 'admin') DEFAULT 'user',
                created_at TIMESTAMP DEFAULT CURRENT_TIMESTAMP
            )
[22-Apr-2025 17:16:37 Europe/Berlin] With params: []
[22-Apr-2025 17:16:37 Europe/Berlin] Query executed successfully. Found 0 rows
[22-Apr-2025 17:16:37 Europe/Berlin] Users table created or already exists
[22-Apr-2025 17:16:37 Europe/Berlin] Users table structure: [{"Field":"id","Type":"int(11)","Null":"NO","Key":"PRI","Default":null,"Extra":"auto_increment"},{"Field":"username","Type":"varchar(50)","Null":"NO","Key":"","Default":null,"Extra":""},{"Field":"email","Type":"varchar(100)","Null":"NO","Key":"UNI","Default":null,"Extra":""},{"Field":"password","Type":"varchar(255)","Null":"NO","Key":"","Default":null,"Extra":""},{"Field":"role","Type":"enum('user','admin')","Null":"YES","Key":"","Default":"user","Extra":""},{"Field":"verification_code","Type":"varchar(100)","Null":"YES","Key":"","Default":null,"Extra":""},{"Field":"is_verified","Type":"tinyint(1)","Null":"YES","Key":"","Default":"0","Extra":""},{"Field":"created_at","Type":"timestamp","Null":"NO","Key":"","Default":"current_timestamp()","Extra":""},{"Field":"favorite_sport","Type":"varchar(50)","Null":"YES","Key":"","Default":null,"Extra":""},{"Field":"favorite_team","Type":"varchar(50)","Null":"YES","Key":"","Default":null,"Extra":""},{"Field":"account_type","Type":"enum('user','admin')","Null":"YES","Key":"","Default":"user","Extra":""}]
[22-Apr-2025 17:16:37 Europe/Berlin] Number of users in database: 13
[22-Apr-2025 17:16:37 Europe/Berlin] All tables initialized successfully
[22-Apr-2025 17:16:37 Europe/Berlin] Connected to database. Tables found: favorites, feedback, matches, news, newsletter, notifications, subscriptions, users
[22-Apr-2025 17:16:37 Europe/Berlin] Executing SQL: CREATE TABLE IF NOT EXISTS users (
                id INT AUTO_INCREMENT PRIMARY KEY,
                username VARCHAR(50) NOT NULL UNIQUE,
                password VARCHAR(255) NOT NULL,
                email VARCHAR(100) NOT NULL UNIQUE,
                account_type ENUM('user', 'admin') DEFAULT 'user',
                created_at TIMESTAMP DEFAULT CURRENT_TIMESTAMP
            )
[22-Apr-2025 17:16:37 Europe/Berlin] With params: []
[22-Apr-2025 17:16:37 Europe/Berlin] Query executed successfully. Found 0 rows
[22-Apr-2025 17:16:37 Europe/Berlin] Users table created or already exists
[22-Apr-2025 17:16:37 Europe/Berlin] Users table structure: [{"Field":"id","Type":"int(11)","Null":"NO","Key":"PRI","Default":null,"Extra":"auto_increment"},{"Field":"username","Type":"varchar(50)","Null":"NO","Key":"","Default":null,"Extra":""},{"Field":"email","Type":"varchar(100)","Null":"NO","Key":"UNI","Default":null,"Extra":""},{"Field":"password","Type":"varchar(255)","Null":"NO","Key":"","Default":null,"Extra":""},{"Field":"role","Type":"enum('user','admin')","Null":"YES","Key":"","Default":"user","Extra":""},{"Field":"verification_code","Type":"varchar(100)","Null":"YES","Key":"","Default":null,"Extra":""},{"Field":"is_verified","Type":"tinyint(1)","Null":"YES","Key":"","Default":"0","Extra":""},{"Field":"created_at","Type":"timestamp","Null":"NO","Key":"","Default":"current_timestamp()","Extra":""},{"Field":"favorite_sport","Type":"varchar(50)","Null":"YES","Key":"","Default":null,"Extra":""},{"Field":"favorite_team","Type":"varchar(50)","Null":"YES","Key":"","Default":null,"Extra":""},{"Field":"account_type","Type":"enum('user','admin')","Null":"YES","Key":"","Default":"user","Extra":""}]
[22-Apr-2025 17:16:37 Europe/Berlin] Number of users in database: 13
[22-Apr-2025 17:16:37 Europe/Berlin] All tables initialized successfully
[22-Apr-2025 17:16:37 Europe/Berlin] Database tables initialized successfully
[22-Apr-2025 17:16:37 Europe/Berlin] Header - Session status: 2
[22-Apr-2025 17:16:37 Europe/Berlin] Header - Session data: []
[22-Apr-2025 17:16:37 Europe/Berlin] Header - After session start - Status: 2
[22-Apr-2025 17:16:37 Europe/Berlin] Header - After session start - Data: []
[22-Apr-2025 17:16:37 Europe/Berlin] Header - Is logged in: No
[22-Apr-2025 17:16:37 Europe/Berlin] Executing SQL: SELECT * FROM news ORDER BY created_at DESC LIMIT 5
[22-Apr-2025 17:16:37 Europe/Berlin] With params: []
[22-Apr-2025 17:16:37 Europe/Berlin] Query executed successfully. Found 5 rows
[22-Apr-2025 17:16:37 Europe/Berlin] Executing SQL: SELECT * FROM matches WHERE status = 'live'
[22-Apr-2025 17:16:37 Europe/Berlin] With params: []
[22-Apr-2025 17:16:37 Europe/Berlin] Query executed successfully. Found 2 rows
[22-Apr-2025 17:16:38 Europe/Berlin] Connected to database. Tables found: favorites, feedback, matches, news, newsletter, notifications, subscriptions, users
[22-Apr-2025 17:16:38 Europe/Berlin] Executing SQL: CREATE TABLE IF NOT EXISTS users (
                id INT AUTO_INCREMENT PRIMARY KEY,
                username VARCHAR(50) NOT NULL UNIQUE,
                password VARCHAR(255) NOT NULL,
                email VARCHAR(100) NOT NULL UNIQUE,
                account_type ENUM('user', 'admin') DEFAULT 'user',
                created_at TIMESTAMP DEFAULT CURRENT_TIMESTAMP
            )
[22-Apr-2025 17:16:38 Europe/Berlin] With params: []
[22-Apr-2025 17:16:38 Europe/Berlin] Query executed successfully. Found 0 rows
[22-Apr-2025 17:16:38 Europe/Berlin] Users table created or already exists
[22-Apr-2025 17:16:38 Europe/Berlin] Users table structure: [{"Field":"id","Type":"int(11)","Null":"NO","Key":"PRI","Default":null,"Extra":"auto_increment"},{"Field":"username","Type":"varchar(50)","Null":"NO","Key":"","Default":null,"Extra":""},{"Field":"email","Type":"varchar(100)","Null":"NO","Key":"UNI","Default":null,"Extra":""},{"Field":"password","Type":"varchar(255)","Null":"NO","Key":"","Default":null,"Extra":""},{"Field":"role","Type":"enum('user','admin')","Null":"YES","Key":"","Default":"user","Extra":""},{"Field":"verification_code","Type":"varchar(100)","Null":"YES","Key":"","Default":null,"Extra":""},{"Field":"is_verified","Type":"tinyint(1)","Null":"YES","Key":"","Default":"0","Extra":""},{"Field":"created_at","Type":"timestamp","Null":"NO","Key":"","Default":"current_timestamp()","Extra":""},{"Field":"favorite_sport","Type":"varchar(50)","Null":"YES","Key":"","Default":null,"Extra":""},{"Field":"favorite_team","Type":"varchar(50)","Null":"YES","Key":"","Default":null,"Extra":""},{"Field":"account_type","Type":"enum('user','admin')","Null":"YES","Key":"","Default":"user","Extra":""}]
[22-Apr-2025 17:16:38 Europe/Berlin] Number of users in database: 13
[22-Apr-2025 17:16:38 Europe/Berlin] All tables initialized successfully
[22-Apr-2025 17:16:38 Europe/Berlin] Connected to database. Tables found: favorites, feedback, matches, news, newsletter, notifications, subscriptions, users
[22-Apr-2025 17:16:38 Europe/Berlin] Executing SQL: CREATE TABLE IF NOT EXISTS users (
                id INT AUTO_INCREMENT PRIMARY KEY,
                username VARCHAR(50) NOT NULL UNIQUE,
                password VARCHAR(255) NOT NULL,
                email VARCHAR(100) NOT NULL UNIQUE,
                account_type ENUM('user', 'admin') DEFAULT 'user',
                created_at TIMESTAMP DEFAULT CURRENT_TIMESTAMP
            )
[22-Apr-2025 17:16:38 Europe/Berlin] With params: []
[22-Apr-2025 17:16:38 Europe/Berlin] Query executed successfully. Found 0 rows
[22-Apr-2025 17:16:38 Europe/Berlin] Users table created or already exists
[22-Apr-2025 17:16:38 Europe/Berlin] Users table structure: [{"Field":"id","Type":"int(11)","Null":"NO","Key":"PRI","Default":null,"Extra":"auto_increment"},{"Field":"username","Type":"varchar(50)","Null":"NO","Key":"","Default":null,"Extra":""},{"Field":"email","Type":"varchar(100)","Null":"NO","Key":"UNI","Default":null,"Extra":""},{"Field":"password","Type":"varchar(255)","Null":"NO","Key":"","Default":null,"Extra":""},{"Field":"role","Type":"enum('user','admin')","Null":"YES","Key":"","Default":"user","Extra":""},{"Field":"verification_code","Type":"varchar(100)","Null":"YES","Key":"","Default":null,"Extra":""},{"Field":"is_verified","Type":"tinyint(1)","Null":"YES","Key":"","Default":"0","Extra":""},{"Field":"created_at","Type":"timestamp","Null":"NO","Key":"","Default":"current_timestamp()","Extra":""},{"Field":"favorite_sport","Type":"varchar(50)","Null":"YES","Key":"","Default":null,"Extra":""},{"Field":"favorite_team","Type":"varchar(50)","Null":"YES","Key":"","Default":null,"Extra":""},{"Field":"account_type","Type":"enum('user','admin')","Null":"YES","Key":"","Default":"user","Extra":""}]
[22-Apr-2025 17:16:38 Europe/Berlin] Number of users in database: 13
[22-Apr-2025 17:16:38 Europe/Berlin] All tables initialized successfully
[22-Apr-2025 17:16:38 Europe/Berlin] Database tables initialized successfully
[22-Apr-2025 17:16:38 Europe/Berlin] Login page - Session status: 2
[22-Apr-2025 17:16:38 Europe/Berlin] Login page - Session data: []
[22-Apr-2025 17:16:38 Europe/Berlin] Header - Session status: 2
[22-Apr-2025 17:16:38 Europe/Berlin] Header - Session data: []
[22-Apr-2025 17:16:38 Europe/Berlin] Header - After session start - Status: 2
[22-Apr-2025 17:16:38 Europe/Berlin] Header - After session start - Data: []
[22-Apr-2025 17:16:38 Europe/Berlin] Header - Is logged in: No
[22-Apr-2025 17:16:38 Europe/Berlin] Login page - Final session status: 2
[22-Apr-2025 17:16:38 Europe/Berlin] Login page - Final session data: []
[22-Apr-2025 17:16:51 Europe/Berlin] Connected to database. Tables found: favorites, feedback, matches, news, newsletter, notifications, subscriptions, users
[22-Apr-2025 17:16:51 Europe/Berlin] Executing SQL: CREATE TABLE IF NOT EXISTS users (
                id INT AUTO_INCREMENT PRIMARY KEY,
                username VARCHAR(50) NOT NULL UNIQUE,
                password VARCHAR(255) NOT NULL,
                email VARCHAR(100) NOT NULL UNIQUE,
                account_type ENUM('user', 'admin') DEFAULT 'user',
                created_at TIMESTAMP DEFAULT CURRENT_TIMESTAMP
            )
[22-Apr-2025 17:16:51 Europe/Berlin] With params: []
[22-Apr-2025 17:16:51 Europe/Berlin] Query executed successfully. Found 0 rows
[22-Apr-2025 17:16:51 Europe/Berlin] Users table created or already exists
[22-Apr-2025 17:16:51 Europe/Berlin] Users table structure: [{"Field":"id","Type":"int(11)","Null":"NO","Key":"PRI","Default":null,"Extra":"auto_increment"},{"Field":"username","Type":"varchar(50)","Null":"NO","Key":"","Default":null,"Extra":""},{"Field":"email","Type":"varchar(100)","Null":"NO","Key":"UNI","Default":null,"Extra":""},{"Field":"password","Type":"varchar(255)","Null":"NO","Key":"","Default":null,"Extra":""},{"Field":"role","Type":"enum('user','admin')","Null":"YES","Key":"","Default":"user","Extra":""},{"Field":"verification_code","Type":"varchar(100)","Null":"YES","Key":"","Default":null,"Extra":""},{"Field":"is_verified","Type":"tinyint(1)","Null":"YES","Key":"","Default":"0","Extra":""},{"Field":"created_at","Type":"timestamp","Null":"NO","Key":"","Default":"current_timestamp()","Extra":""},{"Field":"favorite_sport","Type":"varchar(50)","Null":"YES","Key":"","Default":null,"Extra":""},{"Field":"favorite_team","Type":"varchar(50)","Null":"YES","Key":"","Default":null,"Extra":""},{"Field":"account_type","Type":"enum('user','admin')","Null":"YES","Key":"","Default":"user","Extra":""}]
[22-Apr-2025 17:16:51 Europe/Berlin] Number of users in database: 13
[22-Apr-2025 17:16:51 Europe/Berlin] All tables initialized successfully
[22-Apr-2025 17:16:51 Europe/Berlin] Connected to database. Tables found: favorites, feedback, matches, news, newsletter, notifications, subscriptions, users
[22-Apr-2025 17:16:51 Europe/Berlin] Executing SQL: CREATE TABLE IF NOT EXISTS users (
                id INT AUTO_INCREMENT PRIMARY KEY,
                username VARCHAR(50) NOT NULL UNIQUE,
                password VARCHAR(255) NOT NULL,
                email VARCHAR(100) NOT NULL UNIQUE,
                account_type ENUM('user', 'admin') DEFAULT 'user',
                created_at TIMESTAMP DEFAULT CURRENT_TIMESTAMP
            )
[22-Apr-2025 17:16:51 Europe/Berlin] With params: []
[22-Apr-2025 17:16:51 Europe/Berlin] Query executed successfully. Found 0 rows
[22-Apr-2025 17:16:51 Europe/Berlin] Users table created or already exists
[22-Apr-2025 17:16:51 Europe/Berlin] Users table structure: [{"Field":"id","Type":"int(11)","Null":"NO","Key":"PRI","Default":null,"Extra":"auto_increment"},{"Field":"username","Type":"varchar(50)","Null":"NO","Key":"","Default":null,"Extra":""},{"Field":"email","Type":"varchar(100)","Null":"NO","Key":"UNI","Default":null,"Extra":""},{"Field":"password","Type":"varchar(255)","Null":"NO","Key":"","Default":null,"Extra":""},{"Field":"role","Type":"enum('user','admin')","Null":"YES","Key":"","Default":"user","Extra":""},{"Field":"verification_code","Type":"varchar(100)","Null":"YES","Key":"","Default":null,"Extra":""},{"Field":"is_verified","Type":"tinyint(1)","Null":"YES","Key":"","Default":"0","Extra":""},{"Field":"created_at","Type":"timestamp","Null":"NO","Key":"","Default":"current_timestamp()","Extra":""},{"Field":"favorite_sport","Type":"varchar(50)","Null":"YES","Key":"","Default":null,"Extra":""},{"Field":"favorite_team","Type":"varchar(50)","Null":"YES","Key":"","Default":null,"Extra":""},{"Field":"account_type","Type":"enum('user','admin')","Null":"YES","Key":"","Default":"user","Extra":""}]
[22-Apr-2025 17:16:51 Europe/Berlin] Number of users in database: 13
[22-Apr-2025 17:16:51 Europe/Berlin] All tables initialized successfully
[22-Apr-2025 17:16:51 Europe/Berlin] Database tables initialized successfully
[22-Apr-2025 17:16:51 Europe/Berlin] Login page - Session status: 2
[22-Apr-2025 17:16:51 Europe/Berlin] Login page - Session data: []
[22-Apr-2025 17:16:51 Europe/Berlin] Header - Session status: 2
[22-Apr-2025 17:16:51 Europe/Berlin] Header - Session data: []
[22-Apr-2025 17:16:51 Europe/Berlin] Header - After session start - Status: 2
[22-Apr-2025 17:16:51 Europe/Berlin] Header - After session start - Data: []
[22-Apr-2025 17:16:51 Europe/Berlin] Header - Is logged in: No
[22-Apr-2025 17:16:51 Europe/Berlin] Login attempt - Email: va@gmail.com
[22-Apr-2025 17:16:51 Europe/Berlin] Attempting login for email: va@gmail.com
[22-Apr-2025 17:16:51 Europe/Berlin] Executing query with params: {":email":"va@gmail.com"}
[22-Apr-2025 17:16:51 Europe/Berlin] Executing SQL: SELECT * FROM users WHERE email = :email
[22-Apr-2025 17:16:51 Europe/Berlin] With params: {":email":"va@gmail.com"}
[22-Apr-2025 17:16:51 Europe/Berlin] Query executed successfully. Found 1 rows
[22-Apr-2025 17:16:51 Europe/Berlin] Query result: [{"id":12,"username":"varunpndey","email":"va@gmail.com","password":"$2y$10$MBSXTHnEZF2qi2.37obk3eFA6l\/VdV9TDviLUU0TqJ4jJSeuU\/0Ju","role":"admin","verification_code":null,"is_verified":0,"created_at":"2025-04-20 11:08:14","favorite_sport":null,"favorite_team":null,"account_type":"admin"}]
[22-Apr-2025 17:16:51 Europe/Berlin] User found: {"id":12,"username":"varunpndey","email":"va@gmail.com","password":"$2y$10$MBSXTHnEZF2qi2.37obk3eFA6l\/VdV9TDviLUU0TqJ4jJSeuU\/0Ju","role":"admin","verification_code":null,"is_verified":0,"created_at":"2025-04-20 11:08:14","favorite_sport":null,"favorite_team":null,"account_type":"admin"}
[22-Apr-2025 17:16:51 Europe/Berlin] Session variables set: {"user_id":12,"username":"varunpndey","email":"va@gmail.com","account_type":"admin"}
[22-Apr-2025 17:16:51 Europe/Berlin] Login result: {"success":true}
[22-Apr-2025 17:16:51 Europe/Berlin] Login successful - Session data: {"user_id":12,"username":"varunpndey","email":"va@gmail.com","account_type":"admin"}
[22-Apr-2025 17:16:51 Europe/Berlin] Login successful - Account type: admin
[22-Apr-2025 17:16:51 Europe/Berlin] Login successful - User ID: 12
[22-Apr-2025 17:16:51 Europe/Berlin] Login successful - Username: varunpndey
[22-Apr-2025 17:16:51 Europe/Berlin] Login successful - Redirecting to home
[22-Apr-2025 17:16:51 Europe/Berlin] Connected to database. Tables found: favorites, feedback, matches, news, newsletter, notifications, subscriptions, users
[22-Apr-2025 17:16:51 Europe/Berlin] Executing SQL: CREATE TABLE IF NOT EXISTS users (
                id INT AUTO_INCREMENT PRIMARY KEY,
                username VARCHAR(50) NOT NULL UNIQUE,
                password VARCHAR(255) NOT NULL,
                email VARCHAR(100) NOT NULL UNIQUE,
                account_type ENUM('user', 'admin') DEFAULT 'user',
                created_at TIMESTAMP DEFAULT CURRENT_TIMESTAMP
            )
[22-Apr-2025 17:16:51 Europe/Berlin] With params: []
[22-Apr-2025 17:16:51 Europe/Berlin] Query executed successfully. Found 0 rows
[22-Apr-2025 17:16:51 Europe/Berlin] Users table created or already exists
[22-Apr-2025 17:16:51 Europe/Berlin] Users table structure: [{"Field":"id","Type":"int(11)","Null":"NO","Key":"PRI","Default":null,"Extra":"auto_increment"},{"Field":"username","Type":"varchar(50)","Null":"NO","Key":"","Default":null,"Extra":""},{"Field":"email","Type":"varchar(100)","Null":"NO","Key":"UNI","Default":null,"Extra":""},{"Field":"password","Type":"varchar(255)","Null":"NO","Key":"","Default":null,"Extra":""},{"Field":"role","Type":"enum('user','admin')","Null":"YES","Key":"","Default":"user","Extra":""},{"Field":"verification_code","Type":"varchar(100)","Null":"YES","Key":"","Default":null,"Extra":""},{"Field":"is_verified","Type":"tinyint(1)","Null":"YES","Key":"","Default":"0","Extra":""},{"Field":"created_at","Type":"timestamp","Null":"NO","Key":"","Default":"current_timestamp()","Extra":""},{"Field":"favorite_sport","Type":"varchar(50)","Null":"YES","Key":"","Default":null,"Extra":""},{"Field":"favorite_team","Type":"varchar(50)","Null":"YES","Key":"","Default":null,"Extra":""},{"Field":"account_type","Type":"enum('user','admin')","Null":"YES","Key":"","Default":"user","Extra":""}]
[22-Apr-2025 17:16:51 Europe/Berlin] Number of users in database: 13
[22-Apr-2025 17:16:51 Europe/Berlin] All tables initialized successfully
[22-Apr-2025 17:16:51 Europe/Berlin] Connected to database. Tables found: favorites, feedback, matches, news, newsletter, notifications, subscriptions, users
[22-Apr-2025 17:16:51 Europe/Berlin] Executing SQL: CREATE TABLE IF NOT EXISTS users (
                id INT AUTO_INCREMENT PRIMARY KEY,
                username VARCHAR(50) NOT NULL UNIQUE,
                password VARCHAR(255) NOT NULL,
                email VARCHAR(100) NOT NULL UNIQUE,
                account_type ENUM('user', 'admin') DEFAULT 'user',
                created_at TIMESTAMP DEFAULT CURRENT_TIMESTAMP
            )
[22-Apr-2025 17:16:51 Europe/Berlin] With params: []
[22-Apr-2025 17:16:51 Europe/Berlin] Query executed successfully. Found 0 rows
[22-Apr-2025 17:16:51 Europe/Berlin] Users table created or already exists
[22-Apr-2025 17:16:51 Europe/Berlin] Users table structure: [{"Field":"id","Type":"int(11)","Null":"NO","Key":"PRI","Default":null,"Extra":"auto_increment"},{"Field":"username","Type":"varchar(50)","Null":"NO","Key":"","Default":null,"Extra":""},{"Field":"email","Type":"varchar(100)","Null":"NO","Key":"UNI","Default":null,"Extra":""},{"Field":"password","Type":"varchar(255)","Null":"NO","Key":"","Default":null,"Extra":""},{"Field":"role","Type":"enum('user','admin')","Null":"YES","Key":"","Default":"user","Extra":""},{"Field":"verification_code","Type":"varchar(100)","Null":"YES","Key":"","Default":null,"Extra":""},{"Field":"is_verified","Type":"tinyint(1)","Null":"YES","Key":"","Default":"0","Extra":""},{"Field":"created_at","Type":"timestamp","Null":"NO","Key":"","Default":"current_timestamp()","Extra":""},{"Field":"favorite_sport","Type":"varchar(50)","Null":"YES","Key":"","Default":null,"Extra":""},{"Field":"favorite_team","Type":"varchar(50)","Null":"YES","Key":"","Default":null,"Extra":""},{"Field":"account_type","Type":"enum('user','admin')","Null":"YES","Key":"","Default":"user","Extra":""}]
[22-Apr-2025 17:16:51 Europe/Berlin] Number of users in database: 13
[22-Apr-2025 17:16:51 Europe/Berlin] All tables initialized successfully
[22-Apr-2025 17:16:51 Europe/Berlin] Database tables initialized successfully
[22-Apr-2025 17:16:51 Europe/Berlin] Executing SQL: SELECT * FROM users WHERE id = :id
[22-Apr-2025 17:16:51 Europe/Berlin] With params: {":id":12}
[22-Apr-2025 17:16:51 Europe/Berlin] Query executed successfully. Found 1 rows
[22-Apr-2025 17:16:51 Europe/Berlin] User loaded from session: varunpndey
[22-Apr-2025 17:16:51 Europe/Berlin] Header - Session status: 2
[22-Apr-2025 17:16:51 Europe/Berlin] Header - Session data: {"user_id":12,"username":"varunpndey","email":"va@gmail.com","account_type":"admin"}
[22-Apr-2025 17:16:51 Europe/Berlin] Header - After session start - Status: 2
[22-Apr-2025 17:16:51 Europe/Berlin] Header - After session start - Data: {"user_id":12,"username":"varunpndey","email":"va@gmail.com","account_type":"admin"}
[22-Apr-2025 17:16:51 Europe/Berlin] Header - Is logged in: Yes
[22-Apr-2025 17:16:51 Europe/Berlin] Executing SQL: SELECT * FROM news ORDER BY created_at DESC LIMIT 5
[22-Apr-2025 17:16:51 Europe/Berlin] With params: []
[22-Apr-2025 17:16:51 Europe/Berlin] Query executed successfully. Found 5 rows
[22-Apr-2025 17:16:51 Europe/Berlin] Executing SQL: SELECT * FROM matches WHERE status = 'live'
[22-Apr-2025 17:16:51 Europe/Berlin] With params: []
[22-Apr-2025 17:16:51 Europe/Berlin] Query executed successfully. Found 2 rows
[22-Apr-2025 17:16:51 Europe/Berlin] Executing SQL: SELECT COUNT(*) as count FROM favorites 
                    WHERE user_id = :user_id AND match_id = :match_id
[22-Apr-2025 17:16:51 Europe/Berlin] With params: {":user_id":12,":match_id":11}
[22-Apr-2025 17:16:51 Europe/Berlin] Query executed successfully. Found 1 rows
[22-Apr-2025 17:16:51 Europe/Berlin] Executing SQL: SELECT COUNT(*) as count FROM favorites 
                    WHERE user_id = :user_id AND match_id = :match_id
[22-Apr-2025 17:16:51 Europe/Berlin] With params: {":user_id":12,":match_id":17}
[22-Apr-2025 17:16:51 Europe/Berlin] Query executed successfully. Found 1 rows
[22-Apr-2025 21:13:48 Europe/Berlin] Connected to database. Tables found: favorites, feedback, matches, news, newsletter, notifications, subscriptions, users
[22-Apr-2025 21:13:48 Europe/Berlin] Executing SQL: CREATE TABLE IF NOT EXISTS users (
                id INT AUTO_INCREMENT PRIMARY KEY,
                username VARCHAR(50) NOT NULL UNIQUE,
                password VARCHAR(255) NOT NULL,
                email VARCHAR(100) NOT NULL UNIQUE,
                account_type ENUM('user', 'admin') DEFAULT 'user',
                created_at TIMESTAMP DEFAULT CURRENT_TIMESTAMP
            )
[22-Apr-2025 21:13:48 Europe/Berlin] With params: []
[22-Apr-2025 21:13:48 Europe/Berlin] Query executed successfully. Found 0 rows
[22-Apr-2025 21:13:48 Europe/Berlin] Users table created or already exists
[22-Apr-2025 21:13:48 Europe/Berlin] Users table structure: [{"Field":"id","Type":"int(11)","Null":"NO","Key":"PRI","Default":null,"Extra":"auto_increment"},{"Field":"username","Type":"varchar(50)","Null":"NO","Key":"","Default":null,"Extra":""},{"Field":"email","Type":"varchar(100)","Null":"NO","Key":"UNI","Default":null,"Extra":""},{"Field":"password","Type":"varchar(255)","Null":"NO","Key":"","Default":null,"Extra":""},{"Field":"role","Type":"enum('user','admin')","Null":"YES","Key":"","Default":"user","Extra":""},{"Field":"verification_code","Type":"varchar(100)","Null":"YES","Key":"","Default":null,"Extra":""},{"Field":"is_verified","Type":"tinyint(1)","Null":"YES","Key":"","Default":"0","Extra":""},{"Field":"created_at","Type":"timestamp","Null":"NO","Key":"","Default":"current_timestamp()","Extra":""},{"Field":"favorite_sport","Type":"varchar(50)","Null":"YES","Key":"","Default":null,"Extra":""},{"Field":"favorite_team","Type":"varchar(50)","Null":"YES","Key":"","Default":null,"Extra":""},{"Field":"account_type","Type":"enum('user','admin')","Null":"YES","Key":"","Default":"user","Extra":""}]
[22-Apr-2025 21:13:48 Europe/Berlin] Number of users in database: 13
[22-Apr-2025 21:13:48 Europe/Berlin] All tables initialized successfully
[22-Apr-2025 21:13:48 Europe/Berlin] Connected to database. Tables found: favorites, feedback, matches, news, newsletter, notifications, subscriptions, users
[22-Apr-2025 21:13:48 Europe/Berlin] Executing SQL: CREATE TABLE IF NOT EXISTS users (
                id INT AUTO_INCREMENT PRIMARY KEY,
                username VARCHAR(50) NOT NULL UNIQUE,
                password VARCHAR(255) NOT NULL,
                email VARCHAR(100) NOT NULL UNIQUE,
                account_type ENUM('user', 'admin') DEFAULT 'user',
                created_at TIMESTAMP DEFAULT CURRENT_TIMESTAMP
            )
[22-Apr-2025 21:13:48 Europe/Berlin] With params: []
[22-Apr-2025 21:13:48 Europe/Berlin] Query executed successfully. Found 0 rows
[22-Apr-2025 21:13:48 Europe/Berlin] Users table created or already exists
[22-Apr-2025 21:13:48 Europe/Berlin] Users table structure: [{"Field":"id","Type":"int(11)","Null":"NO","Key":"PRI","Default":null,"Extra":"auto_increment"},{"Field":"username","Type":"varchar(50)","Null":"NO","Key":"","Default":null,"Extra":""},{"Field":"email","Type":"varchar(100)","Null":"NO","Key":"UNI","Default":null,"Extra":""},{"Field":"password","Type":"varchar(255)","Null":"NO","Key":"","Default":null,"Extra":""},{"Field":"role","Type":"enum('user','admin')","Null":"YES","Key":"","Default":"user","Extra":""},{"Field":"verification_code","Type":"varchar(100)","Null":"YES","Key":"","Default":null,"Extra":""},{"Field":"is_verified","Type":"tinyint(1)","Null":"YES","Key":"","Default":"0","Extra":""},{"Field":"created_at","Type":"timestamp","Null":"NO","Key":"","Default":"current_timestamp()","Extra":""},{"Field":"favorite_sport","Type":"varchar(50)","Null":"YES","Key":"","Default":null,"Extra":""},{"Field":"favorite_team","Type":"varchar(50)","Null":"YES","Key":"","Default":null,"Extra":""},{"Field":"account_type","Type":"enum('user','admin')","Null":"YES","Key":"","Default":"user","Extra":""}]
[22-Apr-2025 21:13:48 Europe/Berlin] Number of users in database: 13
[22-Apr-2025 21:13:48 Europe/Berlin] All tables initialized successfully
[22-Apr-2025 21:13:48 Europe/Berlin] Database tables initialized successfully
[22-Apr-2025 21:13:48 Europe/Berlin] Executing SQL: SELECT * FROM users WHERE id = :id
[22-Apr-2025 21:13:48 Europe/Berlin] With params: {":id":12}
[22-Apr-2025 21:13:48 Europe/Berlin] Query executed successfully. Found 1 rows
[22-Apr-2025 21:13:48 Europe/Berlin] User loaded from session: varunpndey
[22-Apr-2025 21:13:48 Europe/Berlin] Executing SQL: SELECT * FROM users WHERE id = :id
[22-Apr-2025 21:13:48 Europe/Berlin] With params: {":id":12}
[22-Apr-2025 21:13:48 Europe/Berlin] Query executed successfully. Found 1 rows
[22-Apr-2025 21:13:48 Europe/Berlin] Executing SQL: SELECT * FROM news ORDER BY created_at DESC
[22-Apr-2025 21:13:48 Europe/Berlin] With params: []
[22-Apr-2025 21:13:48 Europe/Berlin] Query executed successfully. Found 5 rows
[22-Apr-2025 21:13:48 Europe/Berlin] Executing SQL: SELECT * FROM feedback ORDER BY created_at DESC
[22-Apr-2025 21:13:48 Europe/Berlin] With params: []
[22-Apr-2025 21:13:48 Europe/Berlin] Query executed successfully. Found 10 rows
[22-Apr-2025 21:13:48 Europe/Berlin] Executing SQL: SELECT * FROM matches WHERE status = 'live'
[22-Apr-2025 21:13:48 Europe/Berlin] With params: []
[22-Apr-2025 21:13:48 Europe/Berlin] Query executed successfully. Found 2 rows
[22-Apr-2025 21:13:48 Europe/Berlin] Executing SQL: SELECT * FROM matches WHERE 1=1 ORDER BY match_time DESC
[22-Apr-2025 21:13:48 Europe/Berlin] With params: []
[22-Apr-2025 21:13:48 Europe/Berlin] Query executed successfully. Found 13 rows
[22-Apr-2025 21:13:48 Europe/Berlin] PHP Warning:  Undefined array key "status" in /Applications/XAMPP/xamppfiles/htdocs/sportsync/public/admin.php on line 819
[22-Apr-2025 21:13:48 Europe/Berlin] PHP Warning:  Undefined array key "status" in /Applications/XAMPP/xamppfiles/htdocs/sportsync/public/admin.php on line 820
[22-Apr-2025 21:13:48 Europe/Berlin] PHP Warning:  Undefined array key "status" in /Applications/XAMPP/xamppfiles/htdocs/sportsync/public/admin.php on line 821
[22-Apr-2025 21:13:48 Europe/Berlin] PHP Warning:  Undefined array key "status" in /Applications/XAMPP/xamppfiles/htdocs/sportsync/public/admin.php on line 819
[22-Apr-2025 21:13:48 Europe/Berlin] PHP Warning:  Undefined array key "status" in /Applications/XAMPP/xamppfiles/htdocs/sportsync/public/admin.php on line 820
[22-Apr-2025 21:13:48 Europe/Berlin] PHP Warning:  Undefined array key "status" in /Applications/XAMPP/xamppfiles/htdocs/sportsync/public/admin.php on line 821
[22-Apr-2025 21:13:48 Europe/Berlin] PHP Warning:  Undefined array key "status" in /Applications/XAMPP/xamppfiles/htdocs/sportsync/public/admin.php on line 819
[22-Apr-2025 21:13:48 Europe/Berlin] PHP Warning:  Undefined array key "status" in /Applications/XAMPP/xamppfiles/htdocs/sportsync/public/admin.php on line 820
[22-Apr-2025 21:13:48 Europe/Berlin] PHP Warning:  Undefined array key "status" in /Applications/XAMPP/xamppfiles/htdocs/sportsync/public/admin.php on line 821
[22-Apr-2025 21:13:48 Europe/Berlin] PHP Warning:  Undefined array key "status" in /Applications/XAMPP/xamppfiles/htdocs/sportsync/public/admin.php on line 819
[22-Apr-2025 21:13:48 Europe/Berlin] PHP Warning:  Undefined array key "status" in /Applications/XAMPP/xamppfiles/htdocs/sportsync/public/admin.php on line 820
[22-Apr-2025 21:13:48 Europe/Berlin] PHP Warning:  Undefined array key "status" in /Applications/XAMPP/xamppfiles/htdocs/sportsync/public/admin.php on line 821
[22-Apr-2025 21:13:48 Europe/Berlin] PHP Warning:  Undefined array key "status" in /Applications/XAMPP/xamppfiles/htdocs/sportsync/public/admin.php on line 819
[22-Apr-2025 21:13:48 Europe/Berlin] PHP Warning:  Undefined array key "status" in /Applications/XAMPP/xamppfiles/htdocs/sportsync/public/admin.php on line 820
[22-Apr-2025 21:13:48 Europe/Berlin] PHP Warning:  Undefined array key "status" in /Applications/XAMPP/xamppfiles/htdocs/sportsync/public/admin.php on line 821
[22-Apr-2025 21:13:48 Europe/Berlin] PHP Warning:  Undefined array key "status" in /Applications/XAMPP/xamppfiles/htdocs/sportsync/public/admin.php on line 819
[22-Apr-2025 21:13:48 Europe/Berlin] PHP Warning:  Undefined array key "status" in /Applications/XAMPP/xamppfiles/htdocs/sportsync/public/admin.php on line 820
[22-Apr-2025 21:13:48 Europe/Berlin] PHP Warning:  Undefined array key "status" in /Applications/XAMPP/xamppfiles/htdocs/sportsync/public/admin.php on line 821
[22-Apr-2025 21:13:48 Europe/Berlin] PHP Warning:  Undefined array key "status" in /Applications/XAMPP/xamppfiles/htdocs/sportsync/public/admin.php on line 819
[22-Apr-2025 21:13:48 Europe/Berlin] PHP Warning:  Undefined array key "status" in /Applications/XAMPP/xamppfiles/htdocs/sportsync/public/admin.php on line 820
[22-Apr-2025 21:13:48 Europe/Berlin] PHP Warning:  Undefined array key "status" in /Applications/XAMPP/xamppfiles/htdocs/sportsync/public/admin.php on line 821
[22-Apr-2025 21:13:48 Europe/Berlin] PHP Warning:  Undefined array key "status" in /Applications/XAMPP/xamppfiles/htdocs/sportsync/public/admin.php on line 819
[22-Apr-2025 21:13:48 Europe/Berlin] PHP Warning:  Undefined array key "status" in /Applications/XAMPP/xamppfiles/htdocs/sportsync/public/admin.php on line 820
[22-Apr-2025 21:13:48 Europe/Berlin] PHP Warning:  Undefined array key "status" in /Applications/XAMPP/xamppfiles/htdocs/sportsync/public/admin.php on line 821
[22-Apr-2025 21:13:48 Europe/Berlin] PHP Warning:  Undefined array key "status" in /Applications/XAMPP/xamppfiles/htdocs/sportsync/public/admin.php on line 819
[22-Apr-2025 21:13:48 Europe/Berlin] PHP Warning:  Undefined array key "status" in /Applications/XAMPP/xamppfiles/htdocs/sportsync/public/admin.php on line 820
[22-Apr-2025 21:13:48 Europe/Berlin] PHP Warning:  Undefined array key "status" in /Applications/XAMPP/xamppfiles/htdocs/sportsync/public/admin.php on line 821
[22-Apr-2025 21:13:48 Europe/Berlin] PHP Warning:  Undefined array key "status" in /Applications/XAMPP/xamppfiles/htdocs/sportsync/public/admin.php on line 819
[22-Apr-2025 21:13:48 Europe/Berlin] PHP Warning:  Undefined array key "status" in /Applications/XAMPP/xamppfiles/htdocs/sportsync/public/admin.php on line 820
[22-Apr-2025 21:13:48 Europe/Berlin] PHP Warning:  Undefined array key "status" in /Applications/XAMPP/xamppfiles/htdocs/sportsync/public/admin.php on line 821
[22-Apr-2025 22:10:34 Europe/Berlin] Connected to database. Tables found: favorites, feedback, matches, news, newsletter, notifications, subscriptions, users
[22-Apr-2025 22:10:34 Europe/Berlin] Executing SQL: CREATE TABLE IF NOT EXISTS users (
                id INT AUTO_INCREMENT PRIMARY KEY,
                username VARCHAR(50) NOT NULL UNIQUE,
                password VARCHAR(255) NOT NULL,
                email VARCHAR(100) NOT NULL UNIQUE,
                account_type ENUM('user', 'admin') DEFAULT 'user',
                created_at TIMESTAMP DEFAULT CURRENT_TIMESTAMP
            )
[22-Apr-2025 22:10:34 Europe/Berlin] With params: []
[22-Apr-2025 22:10:34 Europe/Berlin] Query executed successfully. Found 0 rows
[22-Apr-2025 22:10:34 Europe/Berlin] Users table created or already exists
[22-Apr-2025 22:10:34 Europe/Berlin] Users table structure: [{"Field":"id","Type":"int(11)","Null":"NO","Key":"PRI","Default":null,"Extra":"auto_increment"},{"Field":"username","Type":"varchar(50)","Null":"NO","Key":"","Default":null,"Extra":""},{"Field":"email","Type":"varchar(100)","Null":"NO","Key":"UNI","Default":null,"Extra":""},{"Field":"password","Type":"varchar(255)","Null":"NO","Key":"","Default":null,"Extra":""},{"Field":"role","Type":"enum('user','admin')","Null":"YES","Key":"","Default":"user","Extra":""},{"Field":"verification_code","Type":"varchar(100)","Null":"YES","Key":"","Default":null,"Extra":""},{"Field":"is_verified","Type":"tinyint(1)","Null":"YES","Key":"","Default":"0","Extra":""},{"Field":"created_at","Type":"timestamp","Null":"NO","Key":"","Default":"current_timestamp()","Extra":""},{"Field":"favorite_sport","Type":"varchar(50)","Null":"YES","Key":"","Default":null,"Extra":""},{"Field":"favorite_team","Type":"varchar(50)","Null":"YES","Key":"","Default":null,"Extra":""},{"Field":"account_type","Type":"enum('user','admin')","Null":"YES","Key":"","Default":"user","Extra":""}]
[22-Apr-2025 22:10:34 Europe/Berlin] Number of users in database: 13
[22-Apr-2025 22:10:34 Europe/Berlin] All tables initialized successfully
[22-Apr-2025 22:10:34 Europe/Berlin] Connected to database. Tables found: favorites, feedback, matches, news, newsletter, notifications, subscriptions, users
[22-Apr-2025 22:10:34 Europe/Berlin] Executing SQL: CREATE TABLE IF NOT EXISTS users (
                id INT AUTO_INCREMENT PRIMARY KEY,
                username VARCHAR(50) NOT NULL UNIQUE,
                password VARCHAR(255) NOT NULL,
                email VARCHAR(100) NOT NULL UNIQUE,
                account_type ENUM('user', 'admin') DEFAULT 'user',
                created_at TIMESTAMP DEFAULT CURRENT_TIMESTAMP
            )
[22-Apr-2025 22:10:34 Europe/Berlin] With params: []
[22-Apr-2025 22:10:34 Europe/Berlin] Query executed successfully. Found 0 rows
[22-Apr-2025 22:10:34 Europe/Berlin] Users table created or already exists
[22-Apr-2025 22:10:34 Europe/Berlin] Users table structure: [{"Field":"id","Type":"int(11)","Null":"NO","Key":"PRI","Default":null,"Extra":"auto_increment"},{"Field":"username","Type":"varchar(50)","Null":"NO","Key":"","Default":null,"Extra":""},{"Field":"email","Type":"varchar(100)","Null":"NO","Key":"UNI","Default":null,"Extra":""},{"Field":"password","Type":"varchar(255)","Null":"NO","Key":"","Default":null,"Extra":""},{"Field":"role","Type":"enum('user','admin')","Null":"YES","Key":"","Default":"user","Extra":""},{"Field":"verification_code","Type":"varchar(100)","Null":"YES","Key":"","Default":null,"Extra":""},{"Field":"is_verified","Type":"tinyint(1)","Null":"YES","Key":"","Default":"0","Extra":""},{"Field":"created_at","Type":"timestamp","Null":"NO","Key":"","Default":"current_timestamp()","Extra":""},{"Field":"favorite_sport","Type":"varchar(50)","Null":"YES","Key":"","Default":null,"Extra":""},{"Field":"favorite_team","Type":"varchar(50)","Null":"YES","Key":"","Default":null,"Extra":""},{"Field":"account_type","Type":"enum('user','admin')","Null":"YES","Key":"","Default":"user","Extra":""}]
[22-Apr-2025 22:10:34 Europe/Berlin] Number of users in database: 13
[22-Apr-2025 22:10:34 Europe/Berlin] All tables initialized successfully
[22-Apr-2025 22:10:34 Europe/Berlin] Database tables initialized successfully
[22-Apr-2025 22:10:34 Europe/Berlin] Executing SQL: SELECT * FROM users WHERE id = :id
[22-Apr-2025 22:10:34 Europe/Berlin] With params: {":id":12}
[22-Apr-2025 22:10:34 Europe/Berlin] Query executed successfully. Found 1 rows
[22-Apr-2025 22:10:34 Europe/Berlin] User loaded from session: varunpndey
[22-Apr-2025 22:10:34 Europe/Berlin] Header - Session status: 2
[22-Apr-2025 22:10:34 Europe/Berlin] Header - Session data: {"user_id":12,"username":"varunpndey","email":"va@gmail.com","account_type":"admin"}
[22-Apr-2025 22:10:34 Europe/Berlin] Header - After session start - Status: 2
[22-Apr-2025 22:10:34 Europe/Berlin] Header - After session start - Data: {"user_id":12,"username":"varunpndey","email":"va@gmail.com","account_type":"admin"}
[22-Apr-2025 22:10:34 Europe/Berlin] Header - Is logged in: Yes
[22-Apr-2025 22:10:34 Europe/Berlin] Executing SQL: SELECT * FROM matches WHERE status = 'live'
[22-Apr-2025 22:10:34 Europe/Berlin] With params: []
[22-Apr-2025 22:10:34 Europe/Berlin] Query executed successfully. Found 2 rows
[22-Apr-2025 22:10:34 Europe/Berlin] Executing SQL: SELECT COUNT(*) as count FROM favorites 
                    WHERE user_id = :user_id AND match_id = :match_id
[22-Apr-2025 22:10:34 Europe/Berlin] With params: {":user_id":12,":match_id":11}
[22-Apr-2025 22:10:34 Europe/Berlin] Query executed successfully. Found 1 rows
[22-Apr-2025 22:10:34 Europe/Berlin] Executing SQL: SELECT COUNT(*) as count FROM favorites 
                    WHERE user_id = :user_id AND match_id = :match_id
[22-Apr-2025 22:10:34 Europe/Berlin] With params: {":user_id":12,":match_id":17}
[22-Apr-2025 22:10:34 Europe/Berlin] Query executed successfully. Found 1 rows
[22-Apr-2025 22:10:38 Europe/Berlin] Connected to database. Tables found: favorites, feedback, matches, news, newsletter, notifications, subscriptions, users
[22-Apr-2025 22:10:38 Europe/Berlin] Executing SQL: CREATE TABLE IF NOT EXISTS users (
                id INT AUTO_INCREMENT PRIMARY KEY,
                username VARCHAR(50) NOT NULL UNIQUE,
                password VARCHAR(255) NOT NULL,
                email VARCHAR(100) NOT NULL UNIQUE,
                account_type ENUM('user', 'admin') DEFAULT 'user',
                created_at TIMESTAMP DEFAULT CURRENT_TIMESTAMP
            )
[22-Apr-2025 22:10:38 Europe/Berlin] With params: []
[22-Apr-2025 22:10:38 Europe/Berlin] Query executed successfully. Found 0 rows
[22-Apr-2025 22:10:38 Europe/Berlin] Users table created or already exists
[22-Apr-2025 22:10:38 Europe/Berlin] Users table structure: [{"Field":"id","Type":"int(11)","Null":"NO","Key":"PRI","Default":null,"Extra":"auto_increment"},{"Field":"username","Type":"varchar(50)","Null":"NO","Key":"","Default":null,"Extra":""},{"Field":"email","Type":"varchar(100)","Null":"NO","Key":"UNI","Default":null,"Extra":""},{"Field":"password","Type":"varchar(255)","Null":"NO","Key":"","Default":null,"Extra":""},{"Field":"role","Type":"enum('user','admin')","Null":"YES","Key":"","Default":"user","Extra":""},{"Field":"verification_code","Type":"varchar(100)","Null":"YES","Key":"","Default":null,"Extra":""},{"Field":"is_verified","Type":"tinyint(1)","Null":"YES","Key":"","Default":"0","Extra":""},{"Field":"created_at","Type":"timestamp","Null":"NO","Key":"","Default":"current_timestamp()","Extra":""},{"Field":"favorite_sport","Type":"varchar(50)","Null":"YES","Key":"","Default":null,"Extra":""},{"Field":"favorite_team","Type":"varchar(50)","Null":"YES","Key":"","Default":null,"Extra":""},{"Field":"account_type","Type":"enum('user','admin')","Null":"YES","Key":"","Default":"user","Extra":""}]
[22-Apr-2025 22:10:38 Europe/Berlin] Number of users in database: 13
[22-Apr-2025 22:10:38 Europe/Berlin] All tables initialized successfully
[22-Apr-2025 22:10:38 Europe/Berlin] Connected to database. Tables found: favorites, feedback, matches, news, newsletter, notifications, subscriptions, users
[22-Apr-2025 22:10:38 Europe/Berlin] Executing SQL: CREATE TABLE IF NOT EXISTS users (
                id INT AUTO_INCREMENT PRIMARY KEY,
                username VARCHAR(50) NOT NULL UNIQUE,
                password VARCHAR(255) NOT NULL,
                email VARCHAR(100) NOT NULL UNIQUE,
                account_type ENUM('user', 'admin') DEFAULT 'user',
                created_at TIMESTAMP DEFAULT CURRENT_TIMESTAMP
            )
[22-Apr-2025 22:10:38 Europe/Berlin] With params: []
[22-Apr-2025 22:10:38 Europe/Berlin] Query executed successfully. Found 0 rows
[22-Apr-2025 22:10:38 Europe/Berlin] Users table created or already exists
[22-Apr-2025 22:10:38 Europe/Berlin] Users table structure: [{"Field":"id","Type":"int(11)","Null":"NO","Key":"PRI","Default":null,"Extra":"auto_increment"},{"Field":"username","Type":"varchar(50)","Null":"NO","Key":"","Default":null,"Extra":""},{"Field":"email","Type":"varchar(100)","Null":"NO","Key":"UNI","Default":null,"Extra":""},{"Field":"password","Type":"varchar(255)","Null":"NO","Key":"","Default":null,"Extra":""},{"Field":"role","Type":"enum('user','admin')","Null":"YES","Key":"","Default":"user","Extra":""},{"Field":"verification_code","Type":"varchar(100)","Null":"YES","Key":"","Default":null,"Extra":""},{"Field":"is_verified","Type":"tinyint(1)","Null":"YES","Key":"","Default":"0","Extra":""},{"Field":"created_at","Type":"timestamp","Null":"NO","Key":"","Default":"current_timestamp()","Extra":""},{"Field":"favorite_sport","Type":"varchar(50)","Null":"YES","Key":"","Default":null,"Extra":""},{"Field":"favorite_team","Type":"varchar(50)","Null":"YES","Key":"","Default":null,"Extra":""},{"Field":"account_type","Type":"enum('user','admin')","Null":"YES","Key":"","Default":"user","Extra":""}]
[22-Apr-2025 22:10:38 Europe/Berlin] Number of users in database: 13
[22-Apr-2025 22:10:38 Europe/Berlin] All tables initialized successfully
[22-Apr-2025 22:10:38 Europe/Berlin] Database tables initialized successfully
[22-Apr-2025 22:10:38 Europe/Berlin] Executing SQL: SELECT * FROM users WHERE id = :id
[22-Apr-2025 22:10:38 Europe/Berlin] With params: {":id":12}
[22-Apr-2025 22:10:38 Europe/Berlin] Query executed successfully. Found 1 rows
[22-Apr-2025 22:10:38 Europe/Berlin] User loaded from session: varunpndey
[22-Apr-2025 22:10:38 Europe/Berlin] Executing SQL: SELECT * FROM users WHERE id = :id
[22-Apr-2025 22:10:38 Europe/Berlin] With params: {":id":12}
[22-Apr-2025 22:10:38 Europe/Berlin] Query executed successfully. Found 1 rows
[22-Apr-2025 22:10:38 Europe/Berlin] Executing SQL: SELECT * FROM news ORDER BY created_at DESC
[22-Apr-2025 22:10:38 Europe/Berlin] With params: []
[22-Apr-2025 22:10:38 Europe/Berlin] Query executed successfully. Found 5 rows
[22-Apr-2025 22:10:38 Europe/Berlin] Executing SQL: SELECT * FROM feedback ORDER BY created_at DESC
[22-Apr-2025 22:10:38 Europe/Berlin] With params: []
[22-Apr-2025 22:10:38 Europe/Berlin] Query executed successfully. Found 10 rows
[22-Apr-2025 22:10:38 Europe/Berlin] Executing SQL: SELECT * FROM matches WHERE status = 'live'
[22-Apr-2025 22:10:38 Europe/Berlin] With params: []
[22-Apr-2025 22:10:38 Europe/Berlin] Query executed successfully. Found 2 rows
[22-Apr-2025 22:10:38 Europe/Berlin] Executing SQL: SELECT * FROM matches WHERE 1=1 ORDER BY match_time DESC
[22-Apr-2025 22:10:38 Europe/Berlin] With params: []
[22-Apr-2025 22:10:38 Europe/Berlin] Query executed successfully. Found 13 rows
[22-Apr-2025 22:10:38 Europe/Berlin] PHP Warning:  Undefined array key "status" in /Applications/XAMPP/xamppfiles/htdocs/sportsync/public/admin.php on line 819
[22-Apr-2025 22:10:38 Europe/Berlin] PHP Warning:  Undefined array key "status" in /Applications/XAMPP/xamppfiles/htdocs/sportsync/public/admin.php on line 820
[22-Apr-2025 22:10:38 Europe/Berlin] PHP Warning:  Undefined array key "status" in /Applications/XAMPP/xamppfiles/htdocs/sportsync/public/admin.php on line 821
[22-Apr-2025 22:10:38 Europe/Berlin] PHP Warning:  Undefined array key "status" in /Applications/XAMPP/xamppfiles/htdocs/sportsync/public/admin.php on line 819
[22-Apr-2025 22:10:38 Europe/Berlin] PHP Warning:  Undefined array key "status" in /Applications/XAMPP/xamppfiles/htdocs/sportsync/public/admin.php on line 820
[22-Apr-2025 22:10:38 Europe/Berlin] PHP Warning:  Undefined array key "status" in /Applications/XAMPP/xamppfiles/htdocs/sportsync/public/admin.php on line 821
[22-Apr-2025 22:10:38 Europe/Berlin] PHP Warning:  Undefined array key "status" in /Applications/XAMPP/xamppfiles/htdocs/sportsync/public/admin.php on line 819
[22-Apr-2025 22:10:38 Europe/Berlin] PHP Warning:  Undefined array key "status" in /Applications/XAMPP/xamppfiles/htdocs/sportsync/public/admin.php on line 820
[22-Apr-2025 22:10:38 Europe/Berlin] PHP Warning:  Undefined array key "status" in /Applications/XAMPP/xamppfiles/htdocs/sportsync/public/admin.php on line 821
[22-Apr-2025 22:10:38 Europe/Berlin] PHP Warning:  Undefined array key "status" in /Applications/XAMPP/xamppfiles/htdocs/sportsync/public/admin.php on line 819
[22-Apr-2025 22:10:38 Europe/Berlin] PHP Warning:  Undefined array key "status" in /Applications/XAMPP/xamppfiles/htdocs/sportsync/public/admin.php on line 820
[22-Apr-2025 22:10:38 Europe/Berlin] PHP Warning:  Undefined array key "status" in /Applications/XAMPP/xamppfiles/htdocs/sportsync/public/admin.php on line 821
[22-Apr-2025 22:10:38 Europe/Berlin] PHP Warning:  Undefined array key "status" in /Applications/XAMPP/xamppfiles/htdocs/sportsync/public/admin.php on line 819
[22-Apr-2025 22:10:38 Europe/Berlin] PHP Warning:  Undefined array key "status" in /Applications/XAMPP/xamppfiles/htdocs/sportsync/public/admin.php on line 820
[22-Apr-2025 22:10:38 Europe/Berlin] PHP Warning:  Undefined array key "status" in /Applications/XAMPP/xamppfiles/htdocs/sportsync/public/admin.php on line 821
[22-Apr-2025 22:10:38 Europe/Berlin] PHP Warning:  Undefined array key "status" in /Applications/XAMPP/xamppfiles/htdocs/sportsync/public/admin.php on line 819
[22-Apr-2025 22:10:38 Europe/Berlin] PHP Warning:  Undefined array key "status" in /Applications/XAMPP/xamppfiles/htdocs/sportsync/public/admin.php on line 820
[22-Apr-2025 22:10:38 Europe/Berlin] PHP Warning:  Undefined array key "status" in /Applications/XAMPP/xamppfiles/htdocs/sportsync/public/admin.php on line 821
[22-Apr-2025 22:10:38 Europe/Berlin] PHP Warning:  Undefined array key "status" in /Applications/XAMPP/xamppfiles/htdocs/sportsync/public/admin.php on line 819
[22-Apr-2025 22:10:38 Europe/Berlin] PHP Warning:  Undefined array key "status" in /Applications/XAMPP/xamppfiles/htdocs/sportsync/public/admin.php on line 820
[22-Apr-2025 22:10:38 Europe/Berlin] PHP Warning:  Undefined array key "status" in /Applications/XAMPP/xamppfiles/htdocs/sportsync/public/admin.php on line 821
[22-Apr-2025 22:10:38 Europe/Berlin] PHP Warning:  Undefined array key "status" in /Applications/XAMPP/xamppfiles/htdocs/sportsync/public/admin.php on line 819
[22-Apr-2025 22:10:38 Europe/Berlin] PHP Warning:  Undefined array key "status" in /Applications/XAMPP/xamppfiles/htdocs/sportsync/public/admin.php on line 820
[22-Apr-2025 22:10:38 Europe/Berlin] PHP Warning:  Undefined array key "status" in /Applications/XAMPP/xamppfiles/htdocs/sportsync/public/admin.php on line 821
[22-Apr-2025 22:10:38 Europe/Berlin] PHP Warning:  Undefined array key "status" in /Applications/XAMPP/xamppfiles/htdocs/sportsync/public/admin.php on line 819
[22-Apr-2025 22:10:38 Europe/Berlin] PHP Warning:  Undefined array key "status" in /Applications/XAMPP/xamppfiles/htdocs/sportsync/public/admin.php on line 820
[22-Apr-2025 22:10:38 Europe/Berlin] PHP Warning:  Undefined array key "status" in /Applications/XAMPP/xamppfiles/htdocs/sportsync/public/admin.php on line 821
[22-Apr-2025 22:10:38 Europe/Berlin] PHP Warning:  Undefined array key "status" in /Applications/XAMPP/xamppfiles/htdocs/sportsync/public/admin.php on line 819
[22-Apr-2025 22:10:38 Europe/Berlin] PHP Warning:  Undefined array key "status" in /Applications/XAMPP/xamppfiles/htdocs/sportsync/public/admin.php on line 820
[22-Apr-2025 22:10:38 Europe/Berlin] PHP Warning:  Undefined array key "status" in /Applications/XAMPP/xamppfiles/htdocs/sportsync/public/admin.php on line 821
[22-Apr-2025 22:10:42 Europe/Berlin] Connected to database. Tables found: favorites, feedback, matches, news, newsletter, notifications, subscriptions, users
[22-Apr-2025 22:10:42 Europe/Berlin] Executing SQL: CREATE TABLE IF NOT EXISTS users (
                id INT AUTO_INCREMENT PRIMARY KEY,
                username VARCHAR(50) NOT NULL UNIQUE,
                password VARCHAR(255) NOT NULL,
                email VARCHAR(100) NOT NULL UNIQUE,
                account_type ENUM('user', 'admin') DEFAULT 'user',
                created_at TIMESTAMP DEFAULT CURRENT_TIMESTAMP
            )
[22-Apr-2025 22:10:42 Europe/Berlin] With params: []
[22-Apr-2025 22:10:42 Europe/Berlin] Query executed successfully. Found 0 rows
[22-Apr-2025 22:10:42 Europe/Berlin] Users table created or already exists
[22-Apr-2025 22:10:42 Europe/Berlin] Users table structure: [{"Field":"id","Type":"int(11)","Null":"NO","Key":"PRI","Default":null,"Extra":"auto_increment"},{"Field":"username","Type":"varchar(50)","Null":"NO","Key":"","Default":null,"Extra":""},{"Field":"email","Type":"varchar(100)","Null":"NO","Key":"UNI","Default":null,"Extra":""},{"Field":"password","Type":"varchar(255)","Null":"NO","Key":"","Default":null,"Extra":""},{"Field":"role","Type":"enum('user','admin')","Null":"YES","Key":"","Default":"user","Extra":""},{"Field":"verification_code","Type":"varchar(100)","Null":"YES","Key":"","Default":null,"Extra":""},{"Field":"is_verified","Type":"tinyint(1)","Null":"YES","Key":"","Default":"0","Extra":""},{"Field":"created_at","Type":"timestamp","Null":"NO","Key":"","Default":"current_timestamp()","Extra":""},{"Field":"favorite_sport","Type":"varchar(50)","Null":"YES","Key":"","Default":null,"Extra":""},{"Field":"favorite_team","Type":"varchar(50)","Null":"YES","Key":"","Default":null,"Extra":""},{"Field":"account_type","Type":"enum('user','admin')","Null":"YES","Key":"","Default":"user","Extra":""}]
[22-Apr-2025 22:10:42 Europe/Berlin] Number of users in database: 13
[22-Apr-2025 22:10:42 Europe/Berlin] All tables initialized successfully
[22-Apr-2025 22:10:43 Europe/Berlin] Connected to database. Tables found: favorites, feedback, matches, news, newsletter, notifications, subscriptions, users
[22-Apr-2025 22:10:43 Europe/Berlin] Executing SQL: CREATE TABLE IF NOT EXISTS users (
                id INT AUTO_INCREMENT PRIMARY KEY,
                username VARCHAR(50) NOT NULL UNIQUE,
                password VARCHAR(255) NOT NULL,
                email VARCHAR(100) NOT NULL UNIQUE,
                account_type ENUM('user', 'admin') DEFAULT 'user',
                created_at TIMESTAMP DEFAULT CURRENT_TIMESTAMP
            )
[22-Apr-2025 22:10:43 Europe/Berlin] With params: []
[22-Apr-2025 22:10:43 Europe/Berlin] Query executed successfully. Found 0 rows
[22-Apr-2025 22:10:43 Europe/Berlin] Users table created or already exists
[22-Apr-2025 22:10:43 Europe/Berlin] Users table structure: [{"Field":"id","Type":"int(11)","Null":"NO","Key":"PRI","Default":null,"Extra":"auto_increment"},{"Field":"username","Type":"varchar(50)","Null":"NO","Key":"","Default":null,"Extra":""},{"Field":"email","Type":"varchar(100)","Null":"NO","Key":"UNI","Default":null,"Extra":""},{"Field":"password","Type":"varchar(255)","Null":"NO","Key":"","Default":null,"Extra":""},{"Field":"role","Type":"enum('user','admin')","Null":"YES","Key":"","Default":"user","Extra":""},{"Field":"verification_code","Type":"varchar(100)","Null":"YES","Key":"","Default":null,"Extra":""},{"Field":"is_verified","Type":"tinyint(1)","Null":"YES","Key":"","Default":"0","Extra":""},{"Field":"created_at","Type":"timestamp","Null":"NO","Key":"","Default":"current_timestamp()","Extra":""},{"Field":"favorite_sport","Type":"varchar(50)","Null":"YES","Key":"","Default":null,"Extra":""},{"Field":"favorite_team","Type":"varchar(50)","Null":"YES","Key":"","Default":null,"Extra":""},{"Field":"account_type","Type":"enum('user','admin')","Null":"YES","Key":"","Default":"user","Extra":""}]
[22-Apr-2025 22:10:43 Europe/Berlin] Number of users in database: 13
[22-Apr-2025 22:10:43 Europe/Berlin] All tables initialized successfully
[22-Apr-2025 22:10:43 Europe/Berlin] Connected to database. Tables found: favorites, feedback, matches, news, newsletter, notifications, subscriptions, users
[22-Apr-2025 22:10:43 Europe/Berlin] Executing SQL: CREATE TABLE IF NOT EXISTS users (
                id INT AUTO_INCREMENT PRIMARY KEY,
                username VARCHAR(50) NOT NULL UNIQUE,
                password VARCHAR(255) NOT NULL,
                email VARCHAR(100) NOT NULL UNIQUE,
                account_type ENUM('user', 'admin') DEFAULT 'user',
                created_at TIMESTAMP DEFAULT CURRENT_TIMESTAMP
            )
[22-Apr-2025 22:10:43 Europe/Berlin] With params: []
[22-Apr-2025 22:10:43 Europe/Berlin] Query executed successfully. Found 0 rows
[22-Apr-2025 22:10:43 Europe/Berlin] Users table created or already exists
[22-Apr-2025 22:10:43 Europe/Berlin] Users table structure: [{"Field":"id","Type":"int(11)","Null":"NO","Key":"PRI","Default":null,"Extra":"auto_increment"},{"Field":"username","Type":"varchar(50)","Null":"NO","Key":"","Default":null,"Extra":""},{"Field":"email","Type":"varchar(100)","Null":"NO","Key":"UNI","Default":null,"Extra":""},{"Field":"password","Type":"varchar(255)","Null":"NO","Key":"","Default":null,"Extra":""},{"Field":"role","Type":"enum('user','admin')","Null":"YES","Key":"","Default":"user","Extra":""},{"Field":"verification_code","Type":"varchar(100)","Null":"YES","Key":"","Default":null,"Extra":""},{"Field":"is_verified","Type":"tinyint(1)","Null":"YES","Key":"","Default":"0","Extra":""},{"Field":"created_at","Type":"timestamp","Null":"NO","Key":"","Default":"current_timestamp()","Extra":""},{"Field":"favorite_sport","Type":"varchar(50)","Null":"YES","Key":"","Default":null,"Extra":""},{"Field":"favorite_team","Type":"varchar(50)","Null":"YES","Key":"","Default":null,"Extra":""},{"Field":"account_type","Type":"enum('user','admin')","Null":"YES","Key":"","Default":"user","Extra":""}]
[22-Apr-2025 22:10:43 Europe/Berlin] Number of users in database: 13
[22-Apr-2025 22:10:43 Europe/Berlin] All tables initialized successfully
[22-Apr-2025 22:10:43 Europe/Berlin] Database tables initialized successfully
[22-Apr-2025 22:10:43 Europe/Berlin] Executing SQL: SELECT * FROM users WHERE id = :id
[22-Apr-2025 22:10:43 Europe/Berlin] With params: {":id":12}
[22-Apr-2025 22:10:43 Europe/Berlin] Query executed successfully. Found 1 rows
[22-Apr-2025 22:10:43 Europe/Berlin] User loaded from session: varunpndey
[22-Apr-2025 22:10:43 Europe/Berlin] Executing SQL: SELECT * FROM users WHERE id = :id
[22-Apr-2025 22:10:43 Europe/Berlin] With params: {":id":12}
[22-Apr-2025 22:10:43 Europe/Berlin] Query executed successfully. Found 1 rows
[22-Apr-2025 22:10:43 Europe/Berlin] Executing SQL: SELECT * FROM news ORDER BY created_at DESC
[22-Apr-2025 22:10:43 Europe/Berlin] With params: []
[22-Apr-2025 22:10:43 Europe/Berlin] Query executed successfully. Found 5 rows
[22-Apr-2025 22:10:43 Europe/Berlin] Executing SQL: SELECT * FROM feedback ORDER BY created_at DESC
[22-Apr-2025 22:10:43 Europe/Berlin] With params: []
[22-Apr-2025 22:10:43 Europe/Berlin] Query executed successfully. Found 10 rows
[22-Apr-2025 22:10:43 Europe/Berlin] Executing SQL: SELECT * FROM matches WHERE status = 'live'
[22-Apr-2025 22:10:43 Europe/Berlin] With params: []
[22-Apr-2025 22:10:43 Europe/Berlin] Query executed successfully. Found 2 rows
[22-Apr-2025 22:10:43 Europe/Berlin] Executing SQL: SELECT * FROM matches WHERE 1=1 ORDER BY match_time DESC
[22-Apr-2025 22:10:43 Europe/Berlin] With params: []
[22-Apr-2025 22:10:43 Europe/Berlin] Query executed successfully. Found 13 rows
[22-Apr-2025 22:10:43 Europe/Berlin] PHP Warning:  Undefined array key "status" in /Applications/XAMPP/xamppfiles/htdocs/sportsync/public/admin.php on line 819
[22-Apr-2025 22:10:43 Europe/Berlin] PHP Warning:  Undefined array key "status" in /Applications/XAMPP/xamppfiles/htdocs/sportsync/public/admin.php on line 820
[22-Apr-2025 22:10:43 Europe/Berlin] PHP Warning:  Undefined array key "status" in /Applications/XAMPP/xamppfiles/htdocs/sportsync/public/admin.php on line 821
[22-Apr-2025 22:10:43 Europe/Berlin] PHP Warning:  Undefined array key "status" in /Applications/XAMPP/xamppfiles/htdocs/sportsync/public/admin.php on line 819
[22-Apr-2025 22:10:43 Europe/Berlin] PHP Warning:  Undefined array key "status" in /Applications/XAMPP/xamppfiles/htdocs/sportsync/public/admin.php on line 820
[22-Apr-2025 22:10:43 Europe/Berlin] PHP Warning:  Undefined array key "status" in /Applications/XAMPP/xamppfiles/htdocs/sportsync/public/admin.php on line 821
[22-Apr-2025 22:10:43 Europe/Berlin] PHP Warning:  Undefined array key "status" in /Applications/XAMPP/xamppfiles/htdocs/sportsync/public/admin.php on line 819
[22-Apr-2025 22:10:43 Europe/Berlin] PHP Warning:  Undefined array key "status" in /Applications/XAMPP/xamppfiles/htdocs/sportsync/public/admin.php on line 820
[22-Apr-2025 22:10:43 Europe/Berlin] PHP Warning:  Undefined array key "status" in /Applications/XAMPP/xamppfiles/htdocs/sportsync/public/admin.php on line 821
[22-Apr-2025 22:10:43 Europe/Berlin] PHP Warning:  Undefined array key "status" in /Applications/XAMPP/xamppfiles/htdocs/sportsync/public/admin.php on line 819
[22-Apr-2025 22:10:43 Europe/Berlin] PHP Warning:  Undefined array key "status" in /Applications/XAMPP/xamppfiles/htdocs/sportsync/public/admin.php on line 820
[22-Apr-2025 22:10:43 Europe/Berlin] PHP Warning:  Undefined array key "status" in /Applications/XAMPP/xamppfiles/htdocs/sportsync/public/admin.php on line 821
[22-Apr-2025 22:10:43 Europe/Berlin] PHP Warning:  Undefined array key "status" in /Applications/XAMPP/xamppfiles/htdocs/sportsync/public/admin.php on line 819
[22-Apr-2025 22:10:43 Europe/Berlin] PHP Warning:  Undefined array key "status" in /Applications/XAMPP/xamppfiles/htdocs/sportsync/public/admin.php on line 820
[22-Apr-2025 22:10:43 Europe/Berlin] PHP Warning:  Undefined array key "status" in /Applications/XAMPP/xamppfiles/htdocs/sportsync/public/admin.php on line 821
[22-Apr-2025 22:10:43 Europe/Berlin] PHP Warning:  Undefined array key "status" in /Applications/XAMPP/xamppfiles/htdocs/sportsync/public/admin.php on line 819
[22-Apr-2025 22:10:43 Europe/Berlin] PHP Warning:  Undefined array key "status" in /Applications/XAMPP/xamppfiles/htdocs/sportsync/public/admin.php on line 820
[22-Apr-2025 22:10:43 Europe/Berlin] PHP Warning:  Undefined array key "status" in /Applications/XAMPP/xamppfiles/htdocs/sportsync/public/admin.php on line 821
[22-Apr-2025 22:10:43 Europe/Berlin] PHP Warning:  Undefined array key "status" in /Applications/XAMPP/xamppfiles/htdocs/sportsync/public/admin.php on line 819
[22-Apr-2025 22:10:43 Europe/Berlin] PHP Warning:  Undefined array key "status" in /Applications/XAMPP/xamppfiles/htdocs/sportsync/public/admin.php on line 820
[22-Apr-2025 22:10:43 Europe/Berlin] PHP Warning:  Undefined array key "status" in /Applications/XAMPP/xamppfiles/htdocs/sportsync/public/admin.php on line 821
[22-Apr-2025 22:10:43 Europe/Berlin] PHP Warning:  Undefined array key "status" in /Applications/XAMPP/xamppfiles/htdocs/sportsync/public/admin.php on line 819
[22-Apr-2025 22:10:43 Europe/Berlin] PHP Warning:  Undefined array key "status" in /Applications/XAMPP/xamppfiles/htdocs/sportsync/public/admin.php on line 820
[22-Apr-2025 22:10:43 Europe/Berlin] PHP Warning:  Undefined array key "status" in /Applications/XAMPP/xamppfiles/htdocs/sportsync/public/admin.php on line 821
[22-Apr-2025 22:10:43 Europe/Berlin] PHP Warning:  Undefined array key "status" in /Applications/XAMPP/xamppfiles/htdocs/sportsync/public/admin.php on line 819
[22-Apr-2025 22:10:43 Europe/Berlin] PHP Warning:  Undefined array key "status" in /Applications/XAMPP/xamppfiles/htdocs/sportsync/public/admin.php on line 820
[22-Apr-2025 22:10:43 Europe/Berlin] PHP Warning:  Undefined array key "status" in /Applications/XAMPP/xamppfiles/htdocs/sportsync/public/admin.php on line 821
[22-Apr-2025 22:10:43 Europe/Berlin] PHP Warning:  Undefined array key "status" in /Applications/XAMPP/xamppfiles/htdocs/sportsync/public/admin.php on line 819
[22-Apr-2025 22:10:43 Europe/Berlin] PHP Warning:  Undefined array key "status" in /Applications/XAMPP/xamppfiles/htdocs/sportsync/public/admin.php on line 820
[22-Apr-2025 22:10:43 Europe/Berlin] PHP Warning:  Undefined array key "status" in /Applications/XAMPP/xamppfiles/htdocs/sportsync/public/admin.php on line 821
[22-Apr-2025 22:11:18 Europe/Berlin] Connected to database. Tables found: favorites, feedback, matches, news, newsletter, notifications, subscriptions, users
[22-Apr-2025 22:11:18 Europe/Berlin] Executing SQL: CREATE TABLE IF NOT EXISTS users (
                id INT AUTO_INCREMENT PRIMARY KEY,
                username VARCHAR(50) NOT NULL UNIQUE,
                password VARCHAR(255) NOT NULL,
                email VARCHAR(100) NOT NULL UNIQUE,
                account_type ENUM('user', 'admin') DEFAULT 'user',
                created_at TIMESTAMP DEFAULT CURRENT_TIMESTAMP
            )
[22-Apr-2025 22:11:18 Europe/Berlin] With params: []
[22-Apr-2025 22:11:18 Europe/Berlin] Query executed successfully. Found 0 rows
[22-Apr-2025 22:11:18 Europe/Berlin] Users table created or already exists
[22-Apr-2025 22:11:18 Europe/Berlin] Users table structure: [{"Field":"id","Type":"int(11)","Null":"NO","Key":"PRI","Default":null,"Extra":"auto_increment"},{"Field":"username","Type":"varchar(50)","Null":"NO","Key":"","Default":null,"Extra":""},{"Field":"email","Type":"varchar(100)","Null":"NO","Key":"UNI","Default":null,"Extra":""},{"Field":"password","Type":"varchar(255)","Null":"NO","Key":"","Default":null,"Extra":""},{"Field":"role","Type":"enum('user','admin')","Null":"YES","Key":"","Default":"user","Extra":""},{"Field":"verification_code","Type":"varchar(100)","Null":"YES","Key":"","Default":null,"Extra":""},{"Field":"is_verified","Type":"tinyint(1)","Null":"YES","Key":"","Default":"0","Extra":""},{"Field":"created_at","Type":"timestamp","Null":"NO","Key":"","Default":"current_timestamp()","Extra":""},{"Field":"favorite_sport","Type":"varchar(50)","Null":"YES","Key":"","Default":null,"Extra":""},{"Field":"favorite_team","Type":"varchar(50)","Null":"YES","Key":"","Default":null,"Extra":""},{"Field":"account_type","Type":"enum('user','admin')","Null":"YES","Key":"","Default":"user","Extra":""}]
[22-Apr-2025 22:11:18 Europe/Berlin] Number of users in database: 13
[22-Apr-2025 22:11:18 Europe/Berlin] All tables initialized successfully
[22-Apr-2025 22:11:18 Europe/Berlin] Connected to database. Tables found: favorites, feedback, matches, news, newsletter, notifications, subscriptions, users
[22-Apr-2025 22:11:18 Europe/Berlin] Executing SQL: CREATE TABLE IF NOT EXISTS users (
                id INT AUTO_INCREMENT PRIMARY KEY,
                username VARCHAR(50) NOT NULL UNIQUE,
                password VARCHAR(255) NOT NULL,
                email VARCHAR(100) NOT NULL UNIQUE,
                account_type ENUM('user', 'admin') DEFAULT 'user',
                created_at TIMESTAMP DEFAULT CURRENT_TIMESTAMP
            )
[22-Apr-2025 22:11:18 Europe/Berlin] With params: []
[22-Apr-2025 22:11:18 Europe/Berlin] Query executed successfully. Found 0 rows
[22-Apr-2025 22:11:18 Europe/Berlin] Users table created or already exists
[22-Apr-2025 22:11:18 Europe/Berlin] Users table structure: [{"Field":"id","Type":"int(11)","Null":"NO","Key":"PRI","Default":null,"Extra":"auto_increment"},{"Field":"username","Type":"varchar(50)","Null":"NO","Key":"","Default":null,"Extra":""},{"Field":"email","Type":"varchar(100)","Null":"NO","Key":"UNI","Default":null,"Extra":""},{"Field":"password","Type":"varchar(255)","Null":"NO","Key":"","Default":null,"Extra":""},{"Field":"role","Type":"enum('user','admin')","Null":"YES","Key":"","Default":"user","Extra":""},{"Field":"verification_code","Type":"varchar(100)","Null":"YES","Key":"","Default":null,"Extra":""},{"Field":"is_verified","Type":"tinyint(1)","Null":"YES","Key":"","Default":"0","Extra":""},{"Field":"created_at","Type":"timestamp","Null":"NO","Key":"","Default":"current_timestamp()","Extra":""},{"Field":"favorite_sport","Type":"varchar(50)","Null":"YES","Key":"","Default":null,"Extra":""},{"Field":"favorite_team","Type":"varchar(50)","Null":"YES","Key":"","Default":null,"Extra":""},{"Field":"account_type","Type":"enum('user','admin')","Null":"YES","Key":"","Default":"user","Extra":""}]
[22-Apr-2025 22:11:18 Europe/Berlin] Number of users in database: 13
[22-Apr-2025 22:11:18 Europe/Berlin] All tables initialized successfully
[22-Apr-2025 22:11:18 Europe/Berlin] Database tables initialized successfully
[22-Apr-2025 22:11:18 Europe/Berlin] Executing SQL: SELECT * FROM users WHERE id = :id
[22-Apr-2025 22:11:18 Europe/Berlin] With params: {":id":12}
[22-Apr-2025 22:11:18 Europe/Berlin] Query executed successfully. Found 1 rows
[22-Apr-2025 22:11:18 Europe/Berlin] User loaded from session: varunpndey
[22-Apr-2025 22:11:18 Europe/Berlin] PHP Warning:  Undefined array key "subscribe_email" in /Applications/XAMPP/xamppfiles/htdocs/sportsync/public/index.php on line 13
[22-Apr-2025 22:11:18 Europe/Berlin] Database error in subscribeNewsletter: SQLSTATE[23000]: Integrity constraint violation: 1048 Column 'email' cannot be null
[22-Apr-2025 22:11:18 Europe/Berlin] Header - Session status: 2
[22-Apr-2025 22:11:18 Europe/Berlin] Header - Session data: {"user_id":12,"username":"varunpndey","email":"va@gmail.com","account_type":"admin"}
[22-Apr-2025 22:11:18 Europe/Berlin] Header - After session start - Status: 2
[22-Apr-2025 22:11:18 Europe/Berlin] Header - After session start - Data: {"user_id":12,"username":"varunpndey","email":"va@gmail.com","account_type":"admin"}
[22-Apr-2025 22:11:18 Europe/Berlin] Header - Is logged in: Yes
[22-Apr-2025 22:11:18 Europe/Berlin] Executing SQL: SELECT * FROM news ORDER BY created_at DESC LIMIT 5
[22-Apr-2025 22:11:18 Europe/Berlin] With params: []
[22-Apr-2025 22:11:18 Europe/Berlin] Query executed successfully. Found 5 rows
[22-Apr-2025 22:11:18 Europe/Berlin] Executing SQL: SELECT * FROM matches WHERE status = 'live'
[22-Apr-2025 22:11:18 Europe/Berlin] With params: []
[22-Apr-2025 22:11:18 Europe/Berlin] Query executed successfully. Found 2 rows
[22-Apr-2025 22:11:18 Europe/Berlin] Executing SQL: SELECT COUNT(*) as count FROM favorites 
                    WHERE user_id = :user_id AND match_id = :match_id
[22-Apr-2025 22:11:18 Europe/Berlin] With params: {":user_id":12,":match_id":11}
[22-Apr-2025 22:11:18 Europe/Berlin] Query executed successfully. Found 1 rows
[22-Apr-2025 22:11:18 Europe/Berlin] Executing SQL: SELECT COUNT(*) as count FROM favorites 
                    WHERE user_id = :user_id AND match_id = :match_id
[22-Apr-2025 22:11:18 Europe/Berlin] With params: {":user_id":12,":match_id":17}
[22-Apr-2025 22:11:18 Europe/Berlin] Query executed successfully. Found 1 rows
[22-Apr-2025 22:11:18 Europe/Berlin] Form submitted with email: varunpndey@outlook.com
[22-Apr-2025 23:51:36 Europe/Berlin] Connected to database. Tables found: favorites, feedback, matches, news, newsletter, notifications, subscriptions, users
[22-Apr-2025 23:51:36 Europe/Berlin] Executing SQL: CREATE TABLE IF NOT EXISTS users (
                id INT AUTO_INCREMENT PRIMARY KEY,
                username VARCHAR(50) NOT NULL UNIQUE,
                password VARCHAR(255) NOT NULL,
                email VARCHAR(100) NOT NULL UNIQUE,
                account_type ENUM('user', 'admin') DEFAULT 'user',
                created_at TIMESTAMP DEFAULT CURRENT_TIMESTAMP
            )
[22-Apr-2025 23:51:36 Europe/Berlin] With params: []
[22-Apr-2025 23:51:36 Europe/Berlin] Query executed successfully. Found 0 rows
[22-Apr-2025 23:51:36 Europe/Berlin] Users table created or already exists
[22-Apr-2025 23:51:36 Europe/Berlin] Users table structure: [{"Field":"id","Type":"int(11)","Null":"NO","Key":"PRI","Default":null,"Extra":"auto_increment"},{"Field":"username","Type":"varchar(50)","Null":"NO","Key":"","Default":null,"Extra":""},{"Field":"email","Type":"varchar(100)","Null":"NO","Key":"UNI","Default":null,"Extra":""},{"Field":"password","Type":"varchar(255)","Null":"NO","Key":"","Default":null,"Extra":""},{"Field":"role","Type":"enum('user','admin')","Null":"YES","Key":"","Default":"user","Extra":""},{"Field":"verification_code","Type":"varchar(100)","Null":"YES","Key":"","Default":null,"Extra":""},{"Field":"is_verified","Type":"tinyint(1)","Null":"YES","Key":"","Default":"0","Extra":""},{"Field":"created_at","Type":"timestamp","Null":"NO","Key":"","Default":"current_timestamp()","Extra":""},{"Field":"favorite_sport","Type":"varchar(50)","Null":"YES","Key":"","Default":null,"Extra":""},{"Field":"favorite_team","Type":"varchar(50)","Null":"YES","Key":"","Default":null,"Extra":""},{"Field":"account_type","Type":"enum('user','admin')","Null":"YES","Key":"","Default":"user","Extra":""}]
[22-Apr-2025 23:51:36 Europe/Berlin] Number of users in database: 13
[22-Apr-2025 23:51:36 Europe/Berlin] All tables initialized successfully
[22-Apr-2025 23:51:36 Europe/Berlin] Connected to database. Tables found: favorites, feedback, matches, news, newsletter, notifications, subscriptions, users
[22-Apr-2025 23:51:36 Europe/Berlin] Executing SQL: CREATE TABLE IF NOT EXISTS users (
                id INT AUTO_INCREMENT PRIMARY KEY,
                username VARCHAR(50) NOT NULL UNIQUE,
                password VARCHAR(255) NOT NULL,
                email VARCHAR(100) NOT NULL UNIQUE,
                account_type ENUM('user', 'admin') DEFAULT 'user',
                created_at TIMESTAMP DEFAULT CURRENT_TIMESTAMP
            )
[22-Apr-2025 23:51:36 Europe/Berlin] With params: []
[22-Apr-2025 23:51:36 Europe/Berlin] Query executed successfully. Found 0 rows
[22-Apr-2025 23:51:36 Europe/Berlin] Users table created or already exists
[22-Apr-2025 23:51:36 Europe/Berlin] Users table structure: [{"Field":"id","Type":"int(11)","Null":"NO","Key":"PRI","Default":null,"Extra":"auto_increment"},{"Field":"username","Type":"varchar(50)","Null":"NO","Key":"","Default":null,"Extra":""},{"Field":"email","Type":"varchar(100)","Null":"NO","Key":"UNI","Default":null,"Extra":""},{"Field":"password","Type":"varchar(255)","Null":"NO","Key":"","Default":null,"Extra":""},{"Field":"role","Type":"enum('user','admin')","Null":"YES","Key":"","Default":"user","Extra":""},{"Field":"verification_code","Type":"varchar(100)","Null":"YES","Key":"","Default":null,"Extra":""},{"Field":"is_verified","Type":"tinyint(1)","Null":"YES","Key":"","Default":"0","Extra":""},{"Field":"created_at","Type":"timestamp","Null":"NO","Key":"","Default":"current_timestamp()","Extra":""},{"Field":"favorite_sport","Type":"varchar(50)","Null":"YES","Key":"","Default":null,"Extra":""},{"Field":"favorite_team","Type":"varchar(50)","Null":"YES","Key":"","Default":null,"Extra":""},{"Field":"account_type","Type":"enum('user','admin')","Null":"YES","Key":"","Default":"user","Extra":""}]
[22-Apr-2025 23:51:36 Europe/Berlin] Number of users in database: 13
[22-Apr-2025 23:51:36 Europe/Berlin] All tables initialized successfully
[22-Apr-2025 23:51:36 Europe/Berlin] Database tables initialized successfully
[22-Apr-2025 23:51:36 Europe/Berlin] Executing SQL: SELECT * FROM users WHERE id = :id
[22-Apr-2025 23:51:36 Europe/Berlin] With params: {":id":12}
[22-Apr-2025 23:51:36 Europe/Berlin] Query executed successfully. Found 1 rows
[22-Apr-2025 23:51:36 Europe/Berlin] User loaded from session: varunpndey
[22-Apr-2025 23:51:36 Europe/Berlin] Header - Session status: 2
[22-Apr-2025 23:51:36 Europe/Berlin] Header - Session data: {"user_id":12,"username":"varunpndey","email":"va@gmail.com","account_type":"admin"}
[22-Apr-2025 23:51:36 Europe/Berlin] Header - After session start - Status: 2
[22-Apr-2025 23:51:36 Europe/Berlin] Header - After session start - Data: {"user_id":12,"username":"varunpndey","email":"va@gmail.com","account_type":"admin"}
[22-Apr-2025 23:51:36 Europe/Berlin] Header - Is logged in: Yes
[22-Apr-2025 23:51:36 Europe/Berlin] Executing SQL: SELECT * FROM news ORDER BY created_at DESC LIMIT 5
[22-Apr-2025 23:51:36 Europe/Berlin] With params: []
[22-Apr-2025 23:51:36 Europe/Berlin] Query executed successfully. Found 5 rows
[22-Apr-2025 23:51:36 Europe/Berlin] Executing SQL: SELECT * FROM matches WHERE status = 'live'
[22-Apr-2025 23:51:36 Europe/Berlin] With params: []
[22-Apr-2025 23:51:36 Europe/Berlin] Query executed successfully. Found 2 rows
[22-Apr-2025 23:51:36 Europe/Berlin] Executing SQL: SELECT COUNT(*) as count FROM favorites 
                    WHERE user_id = :user_id AND match_id = :match_id
[22-Apr-2025 23:51:36 Europe/Berlin] With params: {":user_id":12,":match_id":11}
[22-Apr-2025 23:51:36 Europe/Berlin] Query executed successfully. Found 1 rows
[22-Apr-2025 23:51:36 Europe/Berlin] Executing SQL: SELECT COUNT(*) as count FROM favorites 
                    WHERE user_id = :user_id AND match_id = :match_id
[22-Apr-2025 23:51:36 Europe/Berlin] With params: {":user_id":12,":match_id":17}
[22-Apr-2025 23:51:36 Europe/Berlin] Query executed successfully. Found 1 rows
[22-Apr-2025 23:51:38 Europe/Berlin] Connected to database. Tables found: favorites, feedback, matches, news, newsletter, notifications, subscriptions, users
[22-Apr-2025 23:51:38 Europe/Berlin] Executing SQL: CREATE TABLE IF NOT EXISTS users (
                id INT AUTO_INCREMENT PRIMARY KEY,
                username VARCHAR(50) NOT NULL UNIQUE,
                password VARCHAR(255) NOT NULL,
                email VARCHAR(100) NOT NULL UNIQUE,
                account_type ENUM('user', 'admin') DEFAULT 'user',
                created_at TIMESTAMP DEFAULT CURRENT_TIMESTAMP
            )
[22-Apr-2025 23:51:38 Europe/Berlin] With params: []
[22-Apr-2025 23:51:38 Europe/Berlin] Query executed successfully. Found 0 rows
[22-Apr-2025 23:51:38 Europe/Berlin] Users table created or already exists
[22-Apr-2025 23:51:38 Europe/Berlin] Users table structure: [{"Field":"id","Type":"int(11)","Null":"NO","Key":"PRI","Default":null,"Extra":"auto_increment"},{"Field":"username","Type":"varchar(50)","Null":"NO","Key":"","Default":null,"Extra":""},{"Field":"email","Type":"varchar(100)","Null":"NO","Key":"UNI","Default":null,"Extra":""},{"Field":"password","Type":"varchar(255)","Null":"NO","Key":"","Default":null,"Extra":""},{"Field":"role","Type":"enum('user','admin')","Null":"YES","Key":"","Default":"user","Extra":""},{"Field":"verification_code","Type":"varchar(100)","Null":"YES","Key":"","Default":null,"Extra":""},{"Field":"is_verified","Type":"tinyint(1)","Null":"YES","Key":"","Default":"0","Extra":""},{"Field":"created_at","Type":"timestamp","Null":"NO","Key":"","Default":"current_timestamp()","Extra":""},{"Field":"favorite_sport","Type":"varchar(50)","Null":"YES","Key":"","Default":null,"Extra":""},{"Field":"favorite_team","Type":"varchar(50)","Null":"YES","Key":"","Default":null,"Extra":""},{"Field":"account_type","Type":"enum('user','admin')","Null":"YES","Key":"","Default":"user","Extra":""}]
[22-Apr-2025 23:51:38 Europe/Berlin] Number of users in database: 13
[22-Apr-2025 23:51:38 Europe/Berlin] All tables initialized successfully
[22-Apr-2025 23:51:38 Europe/Berlin] Connected to database. Tables found: favorites, feedback, matches, news, newsletter, notifications, subscriptions, users
[22-Apr-2025 23:51:38 Europe/Berlin] Executing SQL: CREATE TABLE IF NOT EXISTS users (
                id INT AUTO_INCREMENT PRIMARY KEY,
                username VARCHAR(50) NOT NULL UNIQUE,
                password VARCHAR(255) NOT NULL,
                email VARCHAR(100) NOT NULL UNIQUE,
                account_type ENUM('user', 'admin') DEFAULT 'user',
                created_at TIMESTAMP DEFAULT CURRENT_TIMESTAMP
            )
[22-Apr-2025 23:51:38 Europe/Berlin] With params: []
[22-Apr-2025 23:51:38 Europe/Berlin] Query executed successfully. Found 0 rows
[22-Apr-2025 23:51:38 Europe/Berlin] Users table created or already exists
[22-Apr-2025 23:51:38 Europe/Berlin] Users table structure: [{"Field":"id","Type":"int(11)","Null":"NO","Key":"PRI","Default":null,"Extra":"auto_increment"},{"Field":"username","Type":"varchar(50)","Null":"NO","Key":"","Default":null,"Extra":""},{"Field":"email","Type":"varchar(100)","Null":"NO","Key":"UNI","Default":null,"Extra":""},{"Field":"password","Type":"varchar(255)","Null":"NO","Key":"","Default":null,"Extra":""},{"Field":"role","Type":"enum('user','admin')","Null":"YES","Key":"","Default":"user","Extra":""},{"Field":"verification_code","Type":"varchar(100)","Null":"YES","Key":"","Default":null,"Extra":""},{"Field":"is_verified","Type":"tinyint(1)","Null":"YES","Key":"","Default":"0","Extra":""},{"Field":"created_at","Type":"timestamp","Null":"NO","Key":"","Default":"current_timestamp()","Extra":""},{"Field":"favorite_sport","Type":"varchar(50)","Null":"YES","Key":"","Default":null,"Extra":""},{"Field":"favorite_team","Type":"varchar(50)","Null":"YES","Key":"","Default":null,"Extra":""},{"Field":"account_type","Type":"enum('user','admin')","Null":"YES","Key":"","Default":"user","Extra":""}]
[22-Apr-2025 23:51:38 Europe/Berlin] Number of users in database: 13
[22-Apr-2025 23:51:38 Europe/Berlin] All tables initialized successfully
[22-Apr-2025 23:51:38 Europe/Berlin] Database tables initialized successfully
[22-Apr-2025 23:51:38 Europe/Berlin] Executing SQL: SELECT * FROM users WHERE id = :id
[22-Apr-2025 23:51:38 Europe/Berlin] With params: {":id":12}
[22-Apr-2025 23:51:38 Europe/Berlin] Query executed successfully. Found 1 rows
[22-Apr-2025 23:51:38 Europe/Berlin] User loaded from session: varunpndey
[22-Apr-2025 23:51:38 Europe/Berlin] Header - Session status: 2
[22-Apr-2025 23:51:38 Europe/Berlin] Header - Session data: {"user_id":12,"username":"varunpndey","email":"va@gmail.com","account_type":"admin"}
[22-Apr-2025 23:51:38 Europe/Berlin] Header - After session start - Status: 2
[22-Apr-2025 23:51:38 Europe/Berlin] Header - After session start - Data: {"user_id":12,"username":"varunpndey","email":"va@gmail.com","account_type":"admin"}
[22-Apr-2025 23:51:38 Europe/Berlin] Header - Is logged in: Yes
[22-Apr-2025 23:53:04 Europe/Berlin] Connected to database. Tables found: favorites, feedback, matches, news, newsletter, notifications, subscriptions, users
[22-Apr-2025 23:53:04 Europe/Berlin] Executing SQL: CREATE TABLE IF NOT EXISTS users (
                id INT AUTO_INCREMENT PRIMARY KEY,
                username VARCHAR(50) NOT NULL UNIQUE,
                password VARCHAR(255) NOT NULL,
                email VARCHAR(100) NOT NULL UNIQUE,
                account_type ENUM('user', 'admin') DEFAULT 'user',
                created_at TIMESTAMP DEFAULT CURRENT_TIMESTAMP
            )
[22-Apr-2025 23:53:04 Europe/Berlin] With params: []
[22-Apr-2025 23:53:04 Europe/Berlin] Query executed successfully. Found 0 rows
[22-Apr-2025 23:53:04 Europe/Berlin] Users table created or already exists
[22-Apr-2025 23:53:04 Europe/Berlin] Users table structure: [{"Field":"id","Type":"int(11)","Null":"NO","Key":"PRI","Default":null,"Extra":"auto_increment"},{"Field":"username","Type":"varchar(50)","Null":"NO","Key":"","Default":null,"Extra":""},{"Field":"email","Type":"varchar(100)","Null":"NO","Key":"UNI","Default":null,"Extra":""},{"Field":"password","Type":"varchar(255)","Null":"NO","Key":"","Default":null,"Extra":""},{"Field":"role","Type":"enum('user','admin')","Null":"YES","Key":"","Default":"user","Extra":""},{"Field":"verification_code","Type":"varchar(100)","Null":"YES","Key":"","Default":null,"Extra":""},{"Field":"is_verified","Type":"tinyint(1)","Null":"YES","Key":"","Default":"0","Extra":""},{"Field":"created_at","Type":"timestamp","Null":"NO","Key":"","Default":"current_timestamp()","Extra":""},{"Field":"favorite_sport","Type":"varchar(50)","Null":"YES","Key":"","Default":null,"Extra":""},{"Field":"favorite_team","Type":"varchar(50)","Null":"YES","Key":"","Default":null,"Extra":""},{"Field":"account_type","Type":"enum('user','admin')","Null":"YES","Key":"","Default":"user","Extra":""}]
[22-Apr-2025 23:53:04 Europe/Berlin] Number of users in database: 13
[22-Apr-2025 23:53:04 Europe/Berlin] All tables initialized successfully
[22-Apr-2025 23:53:04 Europe/Berlin] Connected to database. Tables found: favorites, feedback, matches, news, newsletter, notifications, subscriptions, users
[22-Apr-2025 23:53:04 Europe/Berlin] Executing SQL: CREATE TABLE IF NOT EXISTS users (
                id INT AUTO_INCREMENT PRIMARY KEY,
                username VARCHAR(50) NOT NULL UNIQUE,
                password VARCHAR(255) NOT NULL,
                email VARCHAR(100) NOT NULL UNIQUE,
                account_type ENUM('user', 'admin') DEFAULT 'user',
                created_at TIMESTAMP DEFAULT CURRENT_TIMESTAMP
            )
[22-Apr-2025 23:53:04 Europe/Berlin] With params: []
[22-Apr-2025 23:53:04 Europe/Berlin] Query executed successfully. Found 0 rows
[22-Apr-2025 23:53:04 Europe/Berlin] Users table created or already exists
[22-Apr-2025 23:53:04 Europe/Berlin] Users table structure: [{"Field":"id","Type":"int(11)","Null":"NO","Key":"PRI","Default":null,"Extra":"auto_increment"},{"Field":"username","Type":"varchar(50)","Null":"NO","Key":"","Default":null,"Extra":""},{"Field":"email","Type":"varchar(100)","Null":"NO","Key":"UNI","Default":null,"Extra":""},{"Field":"password","Type":"varchar(255)","Null":"NO","Key":"","Default":null,"Extra":""},{"Field":"role","Type":"enum('user','admin')","Null":"YES","Key":"","Default":"user","Extra":""},{"Field":"verification_code","Type":"varchar(100)","Null":"YES","Key":"","Default":null,"Extra":""},{"Field":"is_verified","Type":"tinyint(1)","Null":"YES","Key":"","Default":"0","Extra":""},{"Field":"created_at","Type":"timestamp","Null":"NO","Key":"","Default":"current_timestamp()","Extra":""},{"Field":"favorite_sport","Type":"varchar(50)","Null":"YES","Key":"","Default":null,"Extra":""},{"Field":"favorite_team","Type":"varchar(50)","Null":"YES","Key":"","Default":null,"Extra":""},{"Field":"account_type","Type":"enum('user','admin')","Null":"YES","Key":"","Default":"user","Extra":""}]
[22-Apr-2025 23:53:04 Europe/Berlin] Number of users in database: 13
[22-Apr-2025 23:53:04 Europe/Berlin] All tables initialized successfully
[22-Apr-2025 23:53:04 Europe/Berlin] Database tables initialized successfully
[22-Apr-2025 23:53:04 Europe/Berlin] Executing SQL: SELECT * FROM users WHERE id = :id
[22-Apr-2025 23:53:04 Europe/Berlin] With params: {":id":12}
[22-Apr-2025 23:53:04 Europe/Berlin] Query executed successfully. Found 1 rows
[22-Apr-2025 23:53:04 Europe/Berlin] User loaded from session: varunpndey
[22-Apr-2025 23:53:04 Europe/Berlin] Header - Session status: 2
[22-Apr-2025 23:53:04 Europe/Berlin] Header - Session data: {"user_id":12,"username":"varunpndey","email":"va@gmail.com","account_type":"admin"}
[22-Apr-2025 23:53:04 Europe/Berlin] Header - After session start - Status: 2
[22-Apr-2025 23:53:04 Europe/Berlin] Header - After session start - Data: {"user_id":12,"username":"varunpndey","email":"va@gmail.com","account_type":"admin"}
[22-Apr-2025 23:53:04 Europe/Berlin] Header - Is logged in: Yes
[22-Apr-2025 23:53:04 Europe/Berlin] Executing SQL: SELECT * FROM matches WHERE sport = :sport ORDER BY match_time DESC
[22-Apr-2025 23:53:04 Europe/Berlin] With params: {":sport":"football"}
[22-Apr-2025 23:53:04 Europe/Berlin] Query executed successfully. Found 7 rows
[22-Apr-2025 23:53:04 Europe/Berlin] Executing SQL: SELECT * FROM matches WHERE sport = :sport AND status = :status
[22-Apr-2025 23:53:04 Europe/Berlin] With params: {":sport":"football",":status":"live"}
[22-Apr-2025 23:53:04 Europe/Berlin] Query executed successfully. Found 1 rows
[22-Apr-2025 23:53:04 Europe/Berlin] Executing SQL: SELECT COUNT(*) as count FROM favorites 
                    WHERE user_id = :user_id AND match_id = :match_id
[22-Apr-2025 23:53:04 Europe/Berlin] With params: {":user_id":12,":match_id":18}
[22-Apr-2025 23:53:04 Europe/Berlin] Query executed successfully. Found 1 rows
[22-Apr-2025 23:53:04 Europe/Berlin] Executing SQL: SELECT COUNT(*) as count FROM favorites 
                    WHERE user_id = :user_id AND match_id = :match_id
[22-Apr-2025 23:53:04 Europe/Berlin] With params: {":user_id":12,":match_id":17}
[22-Apr-2025 23:53:04 Europe/Berlin] Query executed successfully. Found 1 rows
[22-Apr-2025 23:53:04 Europe/Berlin] Executing SQL: SELECT COUNT(*) as count FROM favorites 
                    WHERE user_id = :user_id AND match_id = :match_id
[22-Apr-2025 23:53:04 Europe/Berlin] With params: {":user_id":12,":match_id":19}
[22-Apr-2025 23:53:04 Europe/Berlin] Query executed successfully. Found 1 rows
[22-Apr-2025 23:53:04 Europe/Berlin] Executing SQL: SELECT COUNT(*) as count FROM favorites 
                    WHERE user_id = :user_id AND match_id = :match_id
[22-Apr-2025 23:53:04 Europe/Berlin] With params: {":user_id":12,":match_id":20}
[22-Apr-2025 23:53:04 Europe/Berlin] Query executed successfully. Found 1 rows
[22-Apr-2025 23:53:04 Europe/Berlin] Executing SQL: SELECT COUNT(*) as count FROM favorites 
                    WHERE user_id = :user_id AND match_id = :match_id
[22-Apr-2025 23:53:04 Europe/Berlin] With params: {":user_id":12,":match_id":22}
[22-Apr-2025 23:53:04 Europe/Berlin] Query executed successfully. Found 1 rows
[22-Apr-2025 23:53:04 Europe/Berlin] Executing SQL: SELECT COUNT(*) as count FROM favorites 
                    WHERE user_id = :user_id AND match_id = :match_id
[22-Apr-2025 23:53:04 Europe/Berlin] With params: {":user_id":12,":match_id":21}
[22-Apr-2025 23:53:04 Europe/Berlin] Query executed successfully. Found 1 rows
[22-Apr-2025 23:53:04 Europe/Berlin] Executing SQL: SELECT COUNT(*) as count FROM favorites 
                    WHERE user_id = :user_id AND match_id = :match_id
[22-Apr-2025 23:53:04 Europe/Berlin] With params: {":user_id":12,":match_id":23}
[22-Apr-2025 23:53:04 Europe/Berlin] Query executed successfully. Found 1 rows
[22-Apr-2025 23:53:05 Europe/Berlin] Connected to database. Tables found: favorites, feedback, matches, news, newsletter, notifications, subscriptions, users
[22-Apr-2025 23:53:05 Europe/Berlin] Executing SQL: CREATE TABLE IF NOT EXISTS users (
                id INT AUTO_INCREMENT PRIMARY KEY,
                username VARCHAR(50) NOT NULL UNIQUE,
                password VARCHAR(255) NOT NULL,
                email VARCHAR(100) NOT NULL UNIQUE,
                account_type ENUM('user', 'admin') DEFAULT 'user',
                created_at TIMESTAMP DEFAULT CURRENT_TIMESTAMP
            )
[22-Apr-2025 23:53:05 Europe/Berlin] With params: []
[22-Apr-2025 23:53:05 Europe/Berlin] Query executed successfully. Found 0 rows
[22-Apr-2025 23:53:05 Europe/Berlin] Users table created or already exists
[22-Apr-2025 23:53:05 Europe/Berlin] Users table structure: [{"Field":"id","Type":"int(11)","Null":"NO","Key":"PRI","Default":null,"Extra":"auto_increment"},{"Field":"username","Type":"varchar(50)","Null":"NO","Key":"","Default":null,"Extra":""},{"Field":"email","Type":"varchar(100)","Null":"NO","Key":"UNI","Default":null,"Extra":""},{"Field":"password","Type":"varchar(255)","Null":"NO","Key":"","Default":null,"Extra":""},{"Field":"role","Type":"enum('user','admin')","Null":"YES","Key":"","Default":"user","Extra":""},{"Field":"verification_code","Type":"varchar(100)","Null":"YES","Key":"","Default":null,"Extra":""},{"Field":"is_verified","Type":"tinyint(1)","Null":"YES","Key":"","Default":"0","Extra":""},{"Field":"created_at","Type":"timestamp","Null":"NO","Key":"","Default":"current_timestamp()","Extra":""},{"Field":"favorite_sport","Type":"varchar(50)","Null":"YES","Key":"","Default":null,"Extra":""},{"Field":"favorite_team","Type":"varchar(50)","Null":"YES","Key":"","Default":null,"Extra":""},{"Field":"account_type","Type":"enum('user','admin')","Null":"YES","Key":"","Default":"user","Extra":""}]
[22-Apr-2025 23:53:05 Europe/Berlin] Number of users in database: 13
[22-Apr-2025 23:53:05 Europe/Berlin] All tables initialized successfully
[22-Apr-2025 23:53:05 Europe/Berlin] API Request received: /sportsync/backend/match.php
[22-Apr-2025 23:53:05 Europe/Berlin] GET parameters: Array
(
)

[22-Apr-2025 23:53:10 Europe/Berlin] Connected to database. Tables found: favorites, feedback, matches, news, newsletter, notifications, subscriptions, users
[22-Apr-2025 23:53:10 Europe/Berlin] Executing SQL: CREATE TABLE IF NOT EXISTS users (
                id INT AUTO_INCREMENT PRIMARY KEY,
                username VARCHAR(50) NOT NULL UNIQUE,
                password VARCHAR(255) NOT NULL,
                email VARCHAR(100) NOT NULL UNIQUE,
                account_type ENUM('user', 'admin') DEFAULT 'user',
                created_at TIMESTAMP DEFAULT CURRENT_TIMESTAMP
            )
[22-Apr-2025 23:53:10 Europe/Berlin] With params: []
[22-Apr-2025 23:53:10 Europe/Berlin] Query executed successfully. Found 0 rows
[22-Apr-2025 23:53:10 Europe/Berlin] Users table created or already exists
[22-Apr-2025 23:53:10 Europe/Berlin] Users table structure: [{"Field":"id","Type":"int(11)","Null":"NO","Key":"PRI","Default":null,"Extra":"auto_increment"},{"Field":"username","Type":"varchar(50)","Null":"NO","Key":"","Default":null,"Extra":""},{"Field":"email","Type":"varchar(100)","Null":"NO","Key":"UNI","Default":null,"Extra":""},{"Field":"password","Type":"varchar(255)","Null":"NO","Key":"","Default":null,"Extra":""},{"Field":"role","Type":"enum('user','admin')","Null":"YES","Key":"","Default":"user","Extra":""},{"Field":"verification_code","Type":"varchar(100)","Null":"YES","Key":"","Default":null,"Extra":""},{"Field":"is_verified","Type":"tinyint(1)","Null":"YES","Key":"","Default":"0","Extra":""},{"Field":"created_at","Type":"timestamp","Null":"NO","Key":"","Default":"current_timestamp()","Extra":""},{"Field":"favorite_sport","Type":"varchar(50)","Null":"YES","Key":"","Default":null,"Extra":""},{"Field":"favorite_team","Type":"varchar(50)","Null":"YES","Key":"","Default":null,"Extra":""},{"Field":"account_type","Type":"enum('user','admin')","Null":"YES","Key":"","Default":"user","Extra":""}]
[22-Apr-2025 23:53:10 Europe/Berlin] Number of users in database: 13
[22-Apr-2025 23:53:10 Europe/Berlin] All tables initialized successfully
[22-Apr-2025 23:53:10 Europe/Berlin] Connected to database. Tables found: favorites, feedback, matches, news, newsletter, notifications, subscriptions, users
[22-Apr-2025 23:53:10 Europe/Berlin] Executing SQL: CREATE TABLE IF NOT EXISTS users (
                id INT AUTO_INCREMENT PRIMARY KEY,
                username VARCHAR(50) NOT NULL UNIQUE,
                password VARCHAR(255) NOT NULL,
                email VARCHAR(100) NOT NULL UNIQUE,
                account_type ENUM('user', 'admin') DEFAULT 'user',
                created_at TIMESTAMP DEFAULT CURRENT_TIMESTAMP
            )
[22-Apr-2025 23:53:10 Europe/Berlin] With params: []
[22-Apr-2025 23:53:10 Europe/Berlin] Query executed successfully. Found 0 rows
[22-Apr-2025 23:53:10 Europe/Berlin] Users table created or already exists
[22-Apr-2025 23:53:10 Europe/Berlin] Users table structure: [{"Field":"id","Type":"int(11)","Null":"NO","Key":"PRI","Default":null,"Extra":"auto_increment"},{"Field":"username","Type":"varchar(50)","Null":"NO","Key":"","Default":null,"Extra":""},{"Field":"email","Type":"varchar(100)","Null":"NO","Key":"UNI","Default":null,"Extra":""},{"Field":"password","Type":"varchar(255)","Null":"NO","Key":"","Default":null,"Extra":""},{"Field":"role","Type":"enum('user','admin')","Null":"YES","Key":"","Default":"user","Extra":""},{"Field":"verification_code","Type":"varchar(100)","Null":"YES","Key":"","Default":null,"Extra":""},{"Field":"is_verified","Type":"tinyint(1)","Null":"YES","Key":"","Default":"0","Extra":""},{"Field":"created_at","Type":"timestamp","Null":"NO","Key":"","Default":"current_timestamp()","Extra":""},{"Field":"favorite_sport","Type":"varchar(50)","Null":"YES","Key":"","Default":null,"Extra":""},{"Field":"favorite_team","Type":"varchar(50)","Null":"YES","Key":"","Default":null,"Extra":""},{"Field":"account_type","Type":"enum('user','admin')","Null":"YES","Key":"","Default":"user","Extra":""}]
[22-Apr-2025 23:53:10 Europe/Berlin] Number of users in database: 13
[22-Apr-2025 23:53:10 Europe/Berlin] All tables initialized successfully
[22-Apr-2025 23:53:10 Europe/Berlin] Database tables initialized successfully
[22-Apr-2025 23:53:10 Europe/Berlin] Executing SQL: SELECT * FROM users WHERE id = :id
[22-Apr-2025 23:53:10 Europe/Berlin] With params: {":id":12}
[22-Apr-2025 23:53:10 Europe/Berlin] Query executed successfully. Found 1 rows
[22-Apr-2025 23:53:10 Europe/Berlin] User loaded from session: varunpndey
[22-Apr-2025 23:53:10 Europe/Berlin] Executing SQL: SELECT * FROM users WHERE id = :id
[22-Apr-2025 23:53:10 Europe/Berlin] With params: {":id":12}
[22-Apr-2025 23:53:10 Europe/Berlin] Query executed successfully. Found 1 rows
[22-Apr-2025 23:53:10 Europe/Berlin] Executing SQL: SELECT * FROM news ORDER BY created_at DESC
[22-Apr-2025 23:53:10 Europe/Berlin] With params: []
[22-Apr-2025 23:53:10 Europe/Berlin] Query executed successfully. Found 5 rows
[22-Apr-2025 23:53:10 Europe/Berlin] Executing SQL: SELECT * FROM feedback ORDER BY created_at DESC
[22-Apr-2025 23:53:10 Europe/Berlin] With params: []
[22-Apr-2025 23:53:10 Europe/Berlin] Query executed successfully. Found 10 rows
[22-Apr-2025 23:53:10 Europe/Berlin] Executing SQL: SELECT * FROM matches WHERE status = 'live'
[22-Apr-2025 23:53:10 Europe/Berlin] With params: []
[22-Apr-2025 23:53:10 Europe/Berlin] Query executed successfully. Found 2 rows
[22-Apr-2025 23:53:10 Europe/Berlin] Executing SQL: SELECT * FROM matches WHERE 1=1 ORDER BY match_time DESC
[22-Apr-2025 23:53:10 Europe/Berlin] With params: []
[22-Apr-2025 23:53:10 Europe/Berlin] Query executed successfully. Found 13 rows
[22-Apr-2025 23:53:10 Europe/Berlin] PHP Warning:  Undefined array key "status" in /Applications/XAMPP/xamppfiles/htdocs/sportsync/public/admin.php on line 819
[22-Apr-2025 23:53:10 Europe/Berlin] PHP Warning:  Undefined array key "status" in /Applications/XAMPP/xamppfiles/htdocs/sportsync/public/admin.php on line 820
[22-Apr-2025 23:53:10 Europe/Berlin] PHP Warning:  Undefined array key "status" in /Applications/XAMPP/xamppfiles/htdocs/sportsync/public/admin.php on line 821
[22-Apr-2025 23:53:10 Europe/Berlin] PHP Warning:  Undefined array key "status" in /Applications/XAMPP/xamppfiles/htdocs/sportsync/public/admin.php on line 819
[22-Apr-2025 23:53:10 Europe/Berlin] PHP Warning:  Undefined array key "status" in /Applications/XAMPP/xamppfiles/htdocs/sportsync/public/admin.php on line 820
[22-Apr-2025 23:53:10 Europe/Berlin] PHP Warning:  Undefined array key "status" in /Applications/XAMPP/xamppfiles/htdocs/sportsync/public/admin.php on line 821
[22-Apr-2025 23:53:10 Europe/Berlin] PHP Warning:  Undefined array key "status" in /Applications/XAMPP/xamppfiles/htdocs/sportsync/public/admin.php on line 819
[22-Apr-2025 23:53:10 Europe/Berlin] PHP Warning:  Undefined array key "status" in /Applications/XAMPP/xamppfiles/htdocs/sportsync/public/admin.php on line 820
[22-Apr-2025 23:53:10 Europe/Berlin] PHP Warning:  Undefined array key "status" in /Applications/XAMPP/xamppfiles/htdocs/sportsync/public/admin.php on line 821
[22-Apr-2025 23:53:10 Europe/Berlin] PHP Warning:  Undefined array key "status" in /Applications/XAMPP/xamppfiles/htdocs/sportsync/public/admin.php on line 819
[22-Apr-2025 23:53:10 Europe/Berlin] PHP Warning:  Undefined array key "status" in /Applications/XAMPP/xamppfiles/htdocs/sportsync/public/admin.php on line 820
[22-Apr-2025 23:53:10 Europe/Berlin] PHP Warning:  Undefined array key "status" in /Applications/XAMPP/xamppfiles/htdocs/sportsync/public/admin.php on line 821
[22-Apr-2025 23:53:10 Europe/Berlin] PHP Warning:  Undefined array key "status" in /Applications/XAMPP/xamppfiles/htdocs/sportsync/public/admin.php on line 819
[22-Apr-2025 23:53:10 Europe/Berlin] PHP Warning:  Undefined array key "status" in /Applications/XAMPP/xamppfiles/htdocs/sportsync/public/admin.php on line 820
[22-Apr-2025 23:53:10 Europe/Berlin] PHP Warning:  Undefined array key "status" in /Applications/XAMPP/xamppfiles/htdocs/sportsync/public/admin.php on line 821
[22-Apr-2025 23:53:10 Europe/Berlin] PHP Warning:  Undefined array key "status" in /Applications/XAMPP/xamppfiles/htdocs/sportsync/public/admin.php on line 819
[22-Apr-2025 23:53:10 Europe/Berlin] PHP Warning:  Undefined array key "status" in /Applications/XAMPP/xamppfiles/htdocs/sportsync/public/admin.php on line 820
[22-Apr-2025 23:53:10 Europe/Berlin] PHP Warning:  Undefined array key "status" in /Applications/XAMPP/xamppfiles/htdocs/sportsync/public/admin.php on line 821
[22-Apr-2025 23:53:10 Europe/Berlin] PHP Warning:  Undefined array key "status" in /Applications/XAMPP/xamppfiles/htdocs/sportsync/public/admin.php on line 819
[22-Apr-2025 23:53:10 Europe/Berlin] PHP Warning:  Undefined array key "status" in /Applications/XAMPP/xamppfiles/htdocs/sportsync/public/admin.php on line 820
[22-Apr-2025 23:53:10 Europe/Berlin] PHP Warning:  Undefined array key "status" in /Applications/XAMPP/xamppfiles/htdocs/sportsync/public/admin.php on line 821
[22-Apr-2025 23:53:10 Europe/Berlin] PHP Warning:  Undefined array key "status" in /Applications/XAMPP/xamppfiles/htdocs/sportsync/public/admin.php on line 819
[22-Apr-2025 23:53:10 Europe/Berlin] PHP Warning:  Undefined array key "status" in /Applications/XAMPP/xamppfiles/htdocs/sportsync/public/admin.php on line 820
[22-Apr-2025 23:53:10 Europe/Berlin] PHP Warning:  Undefined array key "status" in /Applications/XAMPP/xamppfiles/htdocs/sportsync/public/admin.php on line 821
[22-Apr-2025 23:53:10 Europe/Berlin] PHP Warning:  Undefined array key "status" in /Applications/XAMPP/xamppfiles/htdocs/sportsync/public/admin.php on line 819
[22-Apr-2025 23:53:10 Europe/Berlin] PHP Warning:  Undefined array key "status" in /Applications/XAMPP/xamppfiles/htdocs/sportsync/public/admin.php on line 820
[22-Apr-2025 23:53:10 Europe/Berlin] PHP Warning:  Undefined array key "status" in /Applications/XAMPP/xamppfiles/htdocs/sportsync/public/admin.php on line 821
[22-Apr-2025 23:53:10 Europe/Berlin] PHP Warning:  Undefined array key "status" in /Applications/XAMPP/xamppfiles/htdocs/sportsync/public/admin.php on line 819
[22-Apr-2025 23:53:10 Europe/Berlin] PHP Warning:  Undefined array key "status" in /Applications/XAMPP/xamppfiles/htdocs/sportsync/public/admin.php on line 820
[22-Apr-2025 23:53:10 Europe/Berlin] PHP Warning:  Undefined array key "status" in /Applications/XAMPP/xamppfiles/htdocs/sportsync/public/admin.php on line 821
[22-Apr-2025 23:53:15 Europe/Berlin] Connected to database. Tables found: favorites, feedback, matches, news, newsletter, notifications, subscriptions, users
[22-Apr-2025 23:53:15 Europe/Berlin] Executing SQL: CREATE TABLE IF NOT EXISTS users (
                id INT AUTO_INCREMENT PRIMARY KEY,
                username VARCHAR(50) NOT NULL UNIQUE,
                password VARCHAR(255) NOT NULL,
                email VARCHAR(100) NOT NULL UNIQUE,
                account_type ENUM('user', 'admin') DEFAULT 'user',
                created_at TIMESTAMP DEFAULT CURRENT_TIMESTAMP
            )
[22-Apr-2025 23:53:15 Europe/Berlin] With params: []
[22-Apr-2025 23:53:15 Europe/Berlin] Query executed successfully. Found 0 rows
[22-Apr-2025 23:53:15 Europe/Berlin] Users table created or already exists
[22-Apr-2025 23:53:15 Europe/Berlin] Users table structure: [{"Field":"id","Type":"int(11)","Null":"NO","Key":"PRI","Default":null,"Extra":"auto_increment"},{"Field":"username","Type":"varchar(50)","Null":"NO","Key":"","Default":null,"Extra":""},{"Field":"email","Type":"varchar(100)","Null":"NO","Key":"UNI","Default":null,"Extra":""},{"Field":"password","Type":"varchar(255)","Null":"NO","Key":"","Default":null,"Extra":""},{"Field":"role","Type":"enum('user','admin')","Null":"YES","Key":"","Default":"user","Extra":""},{"Field":"verification_code","Type":"varchar(100)","Null":"YES","Key":"","Default":null,"Extra":""},{"Field":"is_verified","Type":"tinyint(1)","Null":"YES","Key":"","Default":"0","Extra":""},{"Field":"created_at","Type":"timestamp","Null":"NO","Key":"","Default":"current_timestamp()","Extra":""},{"Field":"favorite_sport","Type":"varchar(50)","Null":"YES","Key":"","Default":null,"Extra":""},{"Field":"favorite_team","Type":"varchar(50)","Null":"YES","Key":"","Default":null,"Extra":""},{"Field":"account_type","Type":"enum('user','admin')","Null":"YES","Key":"","Default":"user","Extra":""}]
[22-Apr-2025 23:53:15 Europe/Berlin] Number of users in database: 13
[22-Apr-2025 23:53:15 Europe/Berlin] All tables initialized successfully
[22-Apr-2025 23:53:16 Europe/Berlin] Connected to database. Tables found: favorites, feedback, matches, news, newsletter, notifications, subscriptions, users
[22-Apr-2025 23:53:16 Europe/Berlin] Executing SQL: CREATE TABLE IF NOT EXISTS users (
                id INT AUTO_INCREMENT PRIMARY KEY,
                username VARCHAR(50) NOT NULL UNIQUE,
                password VARCHAR(255) NOT NULL,
                email VARCHAR(100) NOT NULL UNIQUE,
                account_type ENUM('user', 'admin') DEFAULT 'user',
                created_at TIMESTAMP DEFAULT CURRENT_TIMESTAMP
            )
[22-Apr-2025 23:53:16 Europe/Berlin] With params: []
[22-Apr-2025 23:53:16 Europe/Berlin] Query executed successfully. Found 0 rows
[22-Apr-2025 23:53:16 Europe/Berlin] Users table created or already exists
[22-Apr-2025 23:53:16 Europe/Berlin] Users table structure: [{"Field":"id","Type":"int(11)","Null":"NO","Key":"PRI","Default":null,"Extra":"auto_increment"},{"Field":"username","Type":"varchar(50)","Null":"NO","Key":"","Default":null,"Extra":""},{"Field":"email","Type":"varchar(100)","Null":"NO","Key":"UNI","Default":null,"Extra":""},{"Field":"password","Type":"varchar(255)","Null":"NO","Key":"","Default":null,"Extra":""},{"Field":"role","Type":"enum('user','admin')","Null":"YES","Key":"","Default":"user","Extra":""},{"Field":"verification_code","Type":"varchar(100)","Null":"YES","Key":"","Default":null,"Extra":""},{"Field":"is_verified","Type":"tinyint(1)","Null":"YES","Key":"","Default":"0","Extra":""},{"Field":"created_at","Type":"timestamp","Null":"NO","Key":"","Default":"current_timestamp()","Extra":""},{"Field":"favorite_sport","Type":"varchar(50)","Null":"YES","Key":"","Default":null,"Extra":""},{"Field":"favorite_team","Type":"varchar(50)","Null":"YES","Key":"","Default":null,"Extra":""},{"Field":"account_type","Type":"enum('user','admin')","Null":"YES","Key":"","Default":"user","Extra":""}]
[22-Apr-2025 23:53:16 Europe/Berlin] Number of users in database: 13
[22-Apr-2025 23:53:16 Europe/Berlin] All tables initialized successfully
[22-Apr-2025 23:53:16 Europe/Berlin] Connected to database. Tables found: favorites, feedback, matches, news, newsletter, notifications, subscriptions, users
[22-Apr-2025 23:53:16 Europe/Berlin] Executing SQL: CREATE TABLE IF NOT EXISTS users (
                id INT AUTO_INCREMENT PRIMARY KEY,
                username VARCHAR(50) NOT NULL UNIQUE,
                password VARCHAR(255) NOT NULL,
                email VARCHAR(100) NOT NULL UNIQUE,
                account_type ENUM('user', 'admin') DEFAULT 'user',
                created_at TIMESTAMP DEFAULT CURRENT_TIMESTAMP
            )
[22-Apr-2025 23:53:16 Europe/Berlin] With params: []
[22-Apr-2025 23:53:16 Europe/Berlin] Query executed successfully. Found 0 rows
[22-Apr-2025 23:53:16 Europe/Berlin] Users table created or already exists
[22-Apr-2025 23:53:16 Europe/Berlin] Users table structure: [{"Field":"id","Type":"int(11)","Null":"NO","Key":"PRI","Default":null,"Extra":"auto_increment"},{"Field":"username","Type":"varchar(50)","Null":"NO","Key":"","Default":null,"Extra":""},{"Field":"email","Type":"varchar(100)","Null":"NO","Key":"UNI","Default":null,"Extra":""},{"Field":"password","Type":"varchar(255)","Null":"NO","Key":"","Default":null,"Extra":""},{"Field":"role","Type":"enum('user','admin')","Null":"YES","Key":"","Default":"user","Extra":""},{"Field":"verification_code","Type":"varchar(100)","Null":"YES","Key":"","Default":null,"Extra":""},{"Field":"is_verified","Type":"tinyint(1)","Null":"YES","Key":"","Default":"0","Extra":""},{"Field":"created_at","Type":"timestamp","Null":"NO","Key":"","Default":"current_timestamp()","Extra":""},{"Field":"favorite_sport","Type":"varchar(50)","Null":"YES","Key":"","Default":null,"Extra":""},{"Field":"favorite_team","Type":"varchar(50)","Null":"YES","Key":"","Default":null,"Extra":""},{"Field":"account_type","Type":"enum('user','admin')","Null":"YES","Key":"","Default":"user","Extra":""}]
[22-Apr-2025 23:53:16 Europe/Berlin] Number of users in database: 13
[22-Apr-2025 23:53:16 Europe/Berlin] All tables initialized successfully
[22-Apr-2025 23:53:16 Europe/Berlin] Database tables initialized successfully
[22-Apr-2025 23:53:16 Europe/Berlin] Executing SQL: SELECT * FROM users WHERE id = :id
[22-Apr-2025 23:53:16 Europe/Berlin] With params: {":id":12}
[22-Apr-2025 23:53:16 Europe/Berlin] Query executed successfully. Found 1 rows
[22-Apr-2025 23:53:16 Europe/Berlin] User loaded from session: varunpndey
[22-Apr-2025 23:53:16 Europe/Berlin] Executing SQL: SELECT * FROM users WHERE id = :id
[22-Apr-2025 23:53:16 Europe/Berlin] With params: {":id":12}
[22-Apr-2025 23:53:16 Europe/Berlin] Query executed successfully. Found 1 rows
[22-Apr-2025 23:53:16 Europe/Berlin] Executing SQL: SELECT * FROM news ORDER BY created_at DESC
[22-Apr-2025 23:53:16 Europe/Berlin] With params: []
[22-Apr-2025 23:53:16 Europe/Berlin] Query executed successfully. Found 5 rows
[22-Apr-2025 23:53:16 Europe/Berlin] Executing SQL: SELECT * FROM feedback ORDER BY created_at DESC
[22-Apr-2025 23:53:16 Europe/Berlin] With params: []
[22-Apr-2025 23:53:16 Europe/Berlin] Query executed successfully. Found 10 rows
[22-Apr-2025 23:53:16 Europe/Berlin] Executing SQL: SELECT * FROM matches WHERE status = 'live'
[22-Apr-2025 23:53:16 Europe/Berlin] With params: []
[22-Apr-2025 23:53:16 Europe/Berlin] Query executed successfully. Found 2 rows
[22-Apr-2025 23:53:16 Europe/Berlin] Executing SQL: SELECT * FROM matches WHERE 1=1 ORDER BY match_time DESC
[22-Apr-2025 23:53:16 Europe/Berlin] With params: []
[22-Apr-2025 23:53:16 Europe/Berlin] Query executed successfully. Found 13 rows
[22-Apr-2025 23:53:16 Europe/Berlin] PHP Warning:  Undefined array key "status" in /Applications/XAMPP/xamppfiles/htdocs/sportsync/public/admin.php on line 819
[22-Apr-2025 23:53:16 Europe/Berlin] PHP Warning:  Undefined array key "status" in /Applications/XAMPP/xamppfiles/htdocs/sportsync/public/admin.php on line 820
[22-Apr-2025 23:53:16 Europe/Berlin] PHP Warning:  Undefined array key "status" in /Applications/XAMPP/xamppfiles/htdocs/sportsync/public/admin.php on line 821
[22-Apr-2025 23:53:16 Europe/Berlin] PHP Warning:  Undefined array key "status" in /Applications/XAMPP/xamppfiles/htdocs/sportsync/public/admin.php on line 819
[22-Apr-2025 23:53:16 Europe/Berlin] PHP Warning:  Undefined array key "status" in /Applications/XAMPP/xamppfiles/htdocs/sportsync/public/admin.php on line 820
[22-Apr-2025 23:53:16 Europe/Berlin] PHP Warning:  Undefined array key "status" in /Applications/XAMPP/xamppfiles/htdocs/sportsync/public/admin.php on line 821
[22-Apr-2025 23:53:16 Europe/Berlin] PHP Warning:  Undefined array key "status" in /Applications/XAMPP/xamppfiles/htdocs/sportsync/public/admin.php on line 819
[22-Apr-2025 23:53:16 Europe/Berlin] PHP Warning:  Undefined array key "status" in /Applications/XAMPP/xamppfiles/htdocs/sportsync/public/admin.php on line 820
[22-Apr-2025 23:53:16 Europe/Berlin] PHP Warning:  Undefined array key "status" in /Applications/XAMPP/xamppfiles/htdocs/sportsync/public/admin.php on line 821
[22-Apr-2025 23:53:16 Europe/Berlin] PHP Warning:  Undefined array key "status" in /Applications/XAMPP/xamppfiles/htdocs/sportsync/public/admin.php on line 819
[22-Apr-2025 23:53:16 Europe/Berlin] PHP Warning:  Undefined array key "status" in /Applications/XAMPP/xamppfiles/htdocs/sportsync/public/admin.php on line 820
[22-Apr-2025 23:53:16 Europe/Berlin] PHP Warning:  Undefined array key "status" in /Applications/XAMPP/xamppfiles/htdocs/sportsync/public/admin.php on line 821
[22-Apr-2025 23:53:16 Europe/Berlin] PHP Warning:  Undefined array key "status" in /Applications/XAMPP/xamppfiles/htdocs/sportsync/public/admin.php on line 819
[22-Apr-2025 23:53:16 Europe/Berlin] PHP Warning:  Undefined array key "status" in /Applications/XAMPP/xamppfiles/htdocs/sportsync/public/admin.php on line 820
[22-Apr-2025 23:53:16 Europe/Berlin] PHP Warning:  Undefined array key "status" in /Applications/XAMPP/xamppfiles/htdocs/sportsync/public/admin.php on line 821
[22-Apr-2025 23:53:16 Europe/Berlin] PHP Warning:  Undefined array key "status" in /Applications/XAMPP/xamppfiles/htdocs/sportsync/public/admin.php on line 819
[22-Apr-2025 23:53:16 Europe/Berlin] PHP Warning:  Undefined array key "status" in /Applications/XAMPP/xamppfiles/htdocs/sportsync/public/admin.php on line 820
[22-Apr-2025 23:53:16 Europe/Berlin] PHP Warning:  Undefined array key "status" in /Applications/XAMPP/xamppfiles/htdocs/sportsync/public/admin.php on line 821
[22-Apr-2025 23:53:16 Europe/Berlin] PHP Warning:  Undefined array key "status" in /Applications/XAMPP/xamppfiles/htdocs/sportsync/public/admin.php on line 819
[22-Apr-2025 23:53:16 Europe/Berlin] PHP Warning:  Undefined array key "status" in /Applications/XAMPP/xamppfiles/htdocs/sportsync/public/admin.php on line 820
[22-Apr-2025 23:53:16 Europe/Berlin] PHP Warning:  Undefined array key "status" in /Applications/XAMPP/xamppfiles/htdocs/sportsync/public/admin.php on line 821
[22-Apr-2025 23:53:16 Europe/Berlin] PHP Warning:  Undefined array key "status" in /Applications/XAMPP/xamppfiles/htdocs/sportsync/public/admin.php on line 819
[22-Apr-2025 23:53:16 Europe/Berlin] PHP Warning:  Undefined array key "status" in /Applications/XAMPP/xamppfiles/htdocs/sportsync/public/admin.php on line 820
[22-Apr-2025 23:53:16 Europe/Berlin] PHP Warning:  Undefined array key "status" in /Applications/XAMPP/xamppfiles/htdocs/sportsync/public/admin.php on line 821
[22-Apr-2025 23:53:16 Europe/Berlin] PHP Warning:  Undefined array key "status" in /Applications/XAMPP/xamppfiles/htdocs/sportsync/public/admin.php on line 819
[22-Apr-2025 23:53:16 Europe/Berlin] PHP Warning:  Undefined array key "status" in /Applications/XAMPP/xamppfiles/htdocs/sportsync/public/admin.php on line 820
[22-Apr-2025 23:53:16 Europe/Berlin] PHP Warning:  Undefined array key "status" in /Applications/XAMPP/xamppfiles/htdocs/sportsync/public/admin.php on line 821
[22-Apr-2025 23:53:16 Europe/Berlin] PHP Warning:  Undefined array key "status" in /Applications/XAMPP/xamppfiles/htdocs/sportsync/public/admin.php on line 819
[22-Apr-2025 23:53:16 Europe/Berlin] PHP Warning:  Undefined array key "status" in /Applications/XAMPP/xamppfiles/htdocs/sportsync/public/admin.php on line 820
[22-Apr-2025 23:53:16 Europe/Berlin] PHP Warning:  Undefined array key "status" in /Applications/XAMPP/xamppfiles/htdocs/sportsync/public/admin.php on line 821
[22-Apr-2025 23:54:13 Europe/Berlin] Connected to database. Tables found: favorites, feedback, matches, news, newsletter, notifications, subscriptions, users
[22-Apr-2025 23:54:13 Europe/Berlin] Executing SQL: CREATE TABLE IF NOT EXISTS users (
                id INT AUTO_INCREMENT PRIMARY KEY,
                username VARCHAR(50) NOT NULL UNIQUE,
                password VARCHAR(255) NOT NULL,
                email VARCHAR(100) NOT NULL UNIQUE,
                account_type ENUM('user', 'admin') DEFAULT 'user',
                created_at TIMESTAMP DEFAULT CURRENT_TIMESTAMP
            )
[22-Apr-2025 23:54:13 Europe/Berlin] With params: []
[22-Apr-2025 23:54:13 Europe/Berlin] Query executed successfully. Found 0 rows
[22-Apr-2025 23:54:13 Europe/Berlin] Users table created or already exists
[22-Apr-2025 23:54:13 Europe/Berlin] Users table structure: [{"Field":"id","Type":"int(11)","Null":"NO","Key":"PRI","Default":null,"Extra":"auto_increment"},{"Field":"username","Type":"varchar(50)","Null":"NO","Key":"","Default":null,"Extra":""},{"Field":"email","Type":"varchar(100)","Null":"NO","Key":"UNI","Default":null,"Extra":""},{"Field":"password","Type":"varchar(255)","Null":"NO","Key":"","Default":null,"Extra":""},{"Field":"role","Type":"enum('user','admin')","Null":"YES","Key":"","Default":"user","Extra":""},{"Field":"verification_code","Type":"varchar(100)","Null":"YES","Key":"","Default":null,"Extra":""},{"Field":"is_verified","Type":"tinyint(1)","Null":"YES","Key":"","Default":"0","Extra":""},{"Field":"created_at","Type":"timestamp","Null":"NO","Key":"","Default":"current_timestamp()","Extra":""},{"Field":"favorite_sport","Type":"varchar(50)","Null":"YES","Key":"","Default":null,"Extra":""},{"Field":"favorite_team","Type":"varchar(50)","Null":"YES","Key":"","Default":null,"Extra":""},{"Field":"account_type","Type":"enum('user','admin')","Null":"YES","Key":"","Default":"user","Extra":""}]
[22-Apr-2025 23:54:13 Europe/Berlin] Number of users in database: 13
[22-Apr-2025 23:54:13 Europe/Berlin] All tables initialized successfully
[22-Apr-2025 23:54:13 Europe/Berlin] Connected to database. Tables found: favorites, feedback, matches, news, newsletter, notifications, subscriptions, users
[22-Apr-2025 23:54:13 Europe/Berlin] Executing SQL: CREATE TABLE IF NOT EXISTS users (
                id INT AUTO_INCREMENT PRIMARY KEY,
                username VARCHAR(50) NOT NULL UNIQUE,
                password VARCHAR(255) NOT NULL,
                email VARCHAR(100) NOT NULL UNIQUE,
                account_type ENUM('user', 'admin') DEFAULT 'user',
                created_at TIMESTAMP DEFAULT CURRENT_TIMESTAMP
            )
[22-Apr-2025 23:54:13 Europe/Berlin] With params: []
[22-Apr-2025 23:54:13 Europe/Berlin] Query executed successfully. Found 0 rows
[22-Apr-2025 23:54:13 Europe/Berlin] Users table created or already exists
[22-Apr-2025 23:54:13 Europe/Berlin] Users table structure: [{"Field":"id","Type":"int(11)","Null":"NO","Key":"PRI","Default":null,"Extra":"auto_increment"},{"Field":"username","Type":"varchar(50)","Null":"NO","Key":"","Default":null,"Extra":""},{"Field":"email","Type":"varchar(100)","Null":"NO","Key":"UNI","Default":null,"Extra":""},{"Field":"password","Type":"varchar(255)","Null":"NO","Key":"","Default":null,"Extra":""},{"Field":"role","Type":"enum('user','admin')","Null":"YES","Key":"","Default":"user","Extra":""},{"Field":"verification_code","Type":"varchar(100)","Null":"YES","Key":"","Default":null,"Extra":""},{"Field":"is_verified","Type":"tinyint(1)","Null":"YES","Key":"","Default":"0","Extra":""},{"Field":"created_at","Type":"timestamp","Null":"NO","Key":"","Default":"current_timestamp()","Extra":""},{"Field":"favorite_sport","Type":"varchar(50)","Null":"YES","Key":"","Default":null,"Extra":""},{"Field":"favorite_team","Type":"varchar(50)","Null":"YES","Key":"","Default":null,"Extra":""},{"Field":"account_type","Type":"enum('user','admin')","Null":"YES","Key":"","Default":"user","Extra":""}]
[22-Apr-2025 23:54:13 Europe/Berlin] Number of users in database: 13
[22-Apr-2025 23:54:13 Europe/Berlin] All tables initialized successfully
[22-Apr-2025 23:54:13 Europe/Berlin] Database tables initialized successfully
[22-Apr-2025 23:54:13 Europe/Berlin] Executing SQL: SELECT * FROM users WHERE id = :id
[22-Apr-2025 23:54:13 Europe/Berlin] With params: {":id":12}
[22-Apr-2025 23:54:13 Europe/Berlin] Query executed successfully. Found 1 rows
[22-Apr-2025 23:54:13 Europe/Berlin] User loaded from session: varunpndey
[22-Apr-2025 23:54:13 Europe/Berlin] Header - Session status: 2
[22-Apr-2025 23:54:13 Europe/Berlin] Header - Session data: {"user_id":12,"username":"varunpndey","email":"va@gmail.com","account_type":"admin"}
[22-Apr-2025 23:54:13 Europe/Berlin] Header - After session start - Status: 2
[22-Apr-2025 23:54:13 Europe/Berlin] Header - After session start - Data: {"user_id":12,"username":"varunpndey","email":"va@gmail.com","account_type":"admin"}
[22-Apr-2025 23:54:13 Europe/Berlin] Header - Is logged in: Yes
[22-Apr-2025 23:54:13 Europe/Berlin] Executing SQL: SELECT * FROM news ORDER BY created_at DESC LIMIT 5
[22-Apr-2025 23:54:13 Europe/Berlin] With params: []
[22-Apr-2025 23:54:13 Europe/Berlin] Query executed successfully. Found 5 rows
[22-Apr-2025 23:54:13 Europe/Berlin] Executing SQL: SELECT * FROM matches WHERE status = 'live'
[22-Apr-2025 23:54:13 Europe/Berlin] With params: []
[22-Apr-2025 23:54:13 Europe/Berlin] Query executed successfully. Found 2 rows
[22-Apr-2025 23:54:13 Europe/Berlin] Executing SQL: SELECT COUNT(*) as count FROM favorites 
                    WHERE user_id = :user_id AND match_id = :match_id
[22-Apr-2025 23:54:13 Europe/Berlin] With params: {":user_id":12,":match_id":11}
[22-Apr-2025 23:54:13 Europe/Berlin] Query executed successfully. Found 1 rows
[22-Apr-2025 23:54:13 Europe/Berlin] Executing SQL: SELECT COUNT(*) as count FROM favorites 
                    WHERE user_id = :user_id AND match_id = :match_id
[22-Apr-2025 23:54:13 Europe/Berlin] With params: {":user_id":12,":match_id":17}
[22-Apr-2025 23:54:13 Europe/Berlin] Query executed successfully. Found 1 rows
[22-Apr-2025 23:54:19 Europe/Berlin] Connected to database. Tables found: favorites, feedback, matches, news, newsletter, notifications, subscriptions, users
[22-Apr-2025 23:54:19 Europe/Berlin] Executing SQL: CREATE TABLE IF NOT EXISTS users (
                id INT AUTO_INCREMENT PRIMARY KEY,
                username VARCHAR(50) NOT NULL UNIQUE,
                password VARCHAR(255) NOT NULL,
                email VARCHAR(100) NOT NULL UNIQUE,
                account_type ENUM('user', 'admin') DEFAULT 'user',
                created_at TIMESTAMP DEFAULT CURRENT_TIMESTAMP
            )
[22-Apr-2025 23:54:19 Europe/Berlin] With params: []
[22-Apr-2025 23:54:19 Europe/Berlin] Query executed successfully. Found 0 rows
[22-Apr-2025 23:54:19 Europe/Berlin] Users table created or already exists
[22-Apr-2025 23:54:19 Europe/Berlin] Users table structure: [{"Field":"id","Type":"int(11)","Null":"NO","Key":"PRI","Default":null,"Extra":"auto_increment"},{"Field":"username","Type":"varchar(50)","Null":"NO","Key":"","Default":null,"Extra":""},{"Field":"email","Type":"varchar(100)","Null":"NO","Key":"UNI","Default":null,"Extra":""},{"Field":"password","Type":"varchar(255)","Null":"NO","Key":"","Default":null,"Extra":""},{"Field":"role","Type":"enum('user','admin')","Null":"YES","Key":"","Default":"user","Extra":""},{"Field":"verification_code","Type":"varchar(100)","Null":"YES","Key":"","Default":null,"Extra":""},{"Field":"is_verified","Type":"tinyint(1)","Null":"YES","Key":"","Default":"0","Extra":""},{"Field":"created_at","Type":"timestamp","Null":"NO","Key":"","Default":"current_timestamp()","Extra":""},{"Field":"favorite_sport","Type":"varchar(50)","Null":"YES","Key":"","Default":null,"Extra":""},{"Field":"favorite_team","Type":"varchar(50)","Null":"YES","Key":"","Default":null,"Extra":""},{"Field":"account_type","Type":"enum('user','admin')","Null":"YES","Key":"","Default":"user","Extra":""}]
[22-Apr-2025 23:54:19 Europe/Berlin] Number of users in database: 13
[22-Apr-2025 23:54:19 Europe/Berlin] All tables initialized successfully
[22-Apr-2025 23:54:19 Europe/Berlin] Connected to database. Tables found: favorites, feedback, matches, news, newsletter, notifications, subscriptions, users
[22-Apr-2025 23:54:19 Europe/Berlin] Executing SQL: CREATE TABLE IF NOT EXISTS users (
                id INT AUTO_INCREMENT PRIMARY KEY,
                username VARCHAR(50) NOT NULL UNIQUE,
                password VARCHAR(255) NOT NULL,
                email VARCHAR(100) NOT NULL UNIQUE,
                account_type ENUM('user', 'admin') DEFAULT 'user',
                created_at TIMESTAMP DEFAULT CURRENT_TIMESTAMP
            )
[22-Apr-2025 23:54:19 Europe/Berlin] With params: []
[22-Apr-2025 23:54:19 Europe/Berlin] Query executed successfully. Found 0 rows
[22-Apr-2025 23:54:19 Europe/Berlin] Users table created or already exists
[22-Apr-2025 23:54:19 Europe/Berlin] Users table structure: [{"Field":"id","Type":"int(11)","Null":"NO","Key":"PRI","Default":null,"Extra":"auto_increment"},{"Field":"username","Type":"varchar(50)","Null":"NO","Key":"","Default":null,"Extra":""},{"Field":"email","Type":"varchar(100)","Null":"NO","Key":"UNI","Default":null,"Extra":""},{"Field":"password","Type":"varchar(255)","Null":"NO","Key":"","Default":null,"Extra":""},{"Field":"role","Type":"enum('user','admin')","Null":"YES","Key":"","Default":"user","Extra":""},{"Field":"verification_code","Type":"varchar(100)","Null":"YES","Key":"","Default":null,"Extra":""},{"Field":"is_verified","Type":"tinyint(1)","Null":"YES","Key":"","Default":"0","Extra":""},{"Field":"created_at","Type":"timestamp","Null":"NO","Key":"","Default":"current_timestamp()","Extra":""},{"Field":"favorite_sport","Type":"varchar(50)","Null":"YES","Key":"","Default":null,"Extra":""},{"Field":"favorite_team","Type":"varchar(50)","Null":"YES","Key":"","Default":null,"Extra":""},{"Field":"account_type","Type":"enum('user','admin')","Null":"YES","Key":"","Default":"user","Extra":""}]
[22-Apr-2025 23:54:19 Europe/Berlin] Number of users in database: 13
[22-Apr-2025 23:54:19 Europe/Berlin] All tables initialized successfully
[22-Apr-2025 23:54:19 Europe/Berlin] Database tables initialized successfully
[22-Apr-2025 23:54:19 Europe/Berlin] Executing SQL: SELECT * FROM users WHERE id = :id
[22-Apr-2025 23:54:19 Europe/Berlin] With params: {":id":12}
[22-Apr-2025 23:54:19 Europe/Berlin] Query executed successfully. Found 1 rows
[22-Apr-2025 23:54:19 Europe/Berlin] User loaded from session: varunpndey
[22-Apr-2025 23:54:19 Europe/Berlin] Header - Session status: 2
[22-Apr-2025 23:54:19 Europe/Berlin] Header - Session data: {"user_id":12,"username":"varunpndey","email":"va@gmail.com","account_type":"admin"}
[22-Apr-2025 23:54:19 Europe/Berlin] Header - After session start - Status: 2
[22-Apr-2025 23:54:19 Europe/Berlin] Header - After session start - Data: {"user_id":12,"username":"varunpndey","email":"va@gmail.com","account_type":"admin"}
[22-Apr-2025 23:54:19 Europe/Berlin] Header - Is logged in: Yes
[22-Apr-2025 23:54:19 Europe/Berlin] Executing SQL: SELECT m.* FROM matches m 
                    INNER JOIN favorites f ON m.id = f.match_id 
                    WHERE f.user_id = :user_id 
                    ORDER BY m.match_time DESC
[22-Apr-2025 23:54:19 Europe/Berlin] With params: {":user_id":12}
[22-Apr-2025 23:54:19 Europe/Berlin] Query executed successfully. Found 7 rows
[22-Apr-2025 23:54:21 Europe/Berlin] Connected to database. Tables found: favorites, feedback, matches, news, newsletter, notifications, subscriptions, users
[22-Apr-2025 23:54:21 Europe/Berlin] Executing SQL: CREATE TABLE IF NOT EXISTS users (
                id INT AUTO_INCREMENT PRIMARY KEY,
                username VARCHAR(50) NOT NULL UNIQUE,
                password VARCHAR(255) NOT NULL,
                email VARCHAR(100) NOT NULL UNIQUE,
                account_type ENUM('user', 'admin') DEFAULT 'user',
                created_at TIMESTAMP DEFAULT CURRENT_TIMESTAMP
            )
[22-Apr-2025 23:54:21 Europe/Berlin] With params: []
[22-Apr-2025 23:54:21 Europe/Berlin] Query executed successfully. Found 0 rows
[22-Apr-2025 23:54:21 Europe/Berlin] Users table created or already exists
[22-Apr-2025 23:54:21 Europe/Berlin] Users table structure: [{"Field":"id","Type":"int(11)","Null":"NO","Key":"PRI","Default":null,"Extra":"auto_increment"},{"Field":"username","Type":"varchar(50)","Null":"NO","Key":"","Default":null,"Extra":""},{"Field":"email","Type":"varchar(100)","Null":"NO","Key":"UNI","Default":null,"Extra":""},{"Field":"password","Type":"varchar(255)","Null":"NO","Key":"","Default":null,"Extra":""},{"Field":"role","Type":"enum('user','admin')","Null":"YES","Key":"","Default":"user","Extra":""},{"Field":"verification_code","Type":"varchar(100)","Null":"YES","Key":"","Default":null,"Extra":""},{"Field":"is_verified","Type":"tinyint(1)","Null":"YES","Key":"","Default":"0","Extra":""},{"Field":"created_at","Type":"timestamp","Null":"NO","Key":"","Default":"current_timestamp()","Extra":""},{"Field":"favorite_sport","Type":"varchar(50)","Null":"YES","Key":"","Default":null,"Extra":""},{"Field":"favorite_team","Type":"varchar(50)","Null":"YES","Key":"","Default":null,"Extra":""},{"Field":"account_type","Type":"enum('user','admin')","Null":"YES","Key":"","Default":"user","Extra":""}]
[22-Apr-2025 23:54:21 Europe/Berlin] Number of users in database: 13
[22-Apr-2025 23:54:21 Europe/Berlin] All tables initialized successfully
[22-Apr-2025 23:54:21 Europe/Berlin] API Request received: /sportsync/backend/match.php
[22-Apr-2025 23:54:21 Europe/Berlin] GET parameters: Array
(
)

[22-Apr-2025 23:54:26 Europe/Berlin] Connected to database. Tables found: favorites, feedback, matches, news, newsletter, notifications, subscriptions, users
[22-Apr-2025 23:54:26 Europe/Berlin] Executing SQL: CREATE TABLE IF NOT EXISTS users (
                id INT AUTO_INCREMENT PRIMARY KEY,
                username VARCHAR(50) NOT NULL UNIQUE,
                password VARCHAR(255) NOT NULL,
                email VARCHAR(100) NOT NULL UNIQUE,
                account_type ENUM('user', 'admin') DEFAULT 'user',
                created_at TIMESTAMP DEFAULT CURRENT_TIMESTAMP
            )
[22-Apr-2025 23:54:26 Europe/Berlin] With params: []
[22-Apr-2025 23:54:26 Europe/Berlin] Query executed successfully. Found 0 rows
[22-Apr-2025 23:54:26 Europe/Berlin] Users table created or already exists
[22-Apr-2025 23:54:26 Europe/Berlin] Users table structure: [{"Field":"id","Type":"int(11)","Null":"NO","Key":"PRI","Default":null,"Extra":"auto_increment"},{"Field":"username","Type":"varchar(50)","Null":"NO","Key":"","Default":null,"Extra":""},{"Field":"email","Type":"varchar(100)","Null":"NO","Key":"UNI","Default":null,"Extra":""},{"Field":"password","Type":"varchar(255)","Null":"NO","Key":"","Default":null,"Extra":""},{"Field":"role","Type":"enum('user','admin')","Null":"YES","Key":"","Default":"user","Extra":""},{"Field":"verification_code","Type":"varchar(100)","Null":"YES","Key":"","Default":null,"Extra":""},{"Field":"is_verified","Type":"tinyint(1)","Null":"YES","Key":"","Default":"0","Extra":""},{"Field":"created_at","Type":"timestamp","Null":"NO","Key":"","Default":"current_timestamp()","Extra":""},{"Field":"favorite_sport","Type":"varchar(50)","Null":"YES","Key":"","Default":null,"Extra":""},{"Field":"favorite_team","Type":"varchar(50)","Null":"YES","Key":"","Default":null,"Extra":""},{"Field":"account_type","Type":"enum('user','admin')","Null":"YES","Key":"","Default":"user","Extra":""}]
[22-Apr-2025 23:54:26 Europe/Berlin] Number of users in database: 13
[22-Apr-2025 23:54:26 Europe/Berlin] All tables initialized successfully
[22-Apr-2025 23:54:26 Europe/Berlin] Connected to database. Tables found: favorites, feedback, matches, news, newsletter, notifications, subscriptions, users
[22-Apr-2025 23:54:26 Europe/Berlin] Executing SQL: CREATE TABLE IF NOT EXISTS users (
                id INT AUTO_INCREMENT PRIMARY KEY,
                username VARCHAR(50) NOT NULL UNIQUE,
                password VARCHAR(255) NOT NULL,
                email VARCHAR(100) NOT NULL UNIQUE,
                account_type ENUM('user', 'admin') DEFAULT 'user',
                created_at TIMESTAMP DEFAULT CURRENT_TIMESTAMP
            )
[22-Apr-2025 23:54:26 Europe/Berlin] With params: []
[22-Apr-2025 23:54:26 Europe/Berlin] Query executed successfully. Found 0 rows
[22-Apr-2025 23:54:26 Europe/Berlin] Users table created or already exists
[22-Apr-2025 23:54:26 Europe/Berlin] Users table structure: [{"Field":"id","Type":"int(11)","Null":"NO","Key":"PRI","Default":null,"Extra":"auto_increment"},{"Field":"username","Type":"varchar(50)","Null":"NO","Key":"","Default":null,"Extra":""},{"Field":"email","Type":"varchar(100)","Null":"NO","Key":"UNI","Default":null,"Extra":""},{"Field":"password","Type":"varchar(255)","Null":"NO","Key":"","Default":null,"Extra":""},{"Field":"role","Type":"enum('user','admin')","Null":"YES","Key":"","Default":"user","Extra":""},{"Field":"verification_code","Type":"varchar(100)","Null":"YES","Key":"","Default":null,"Extra":""},{"Field":"is_verified","Type":"tinyint(1)","Null":"YES","Key":"","Default":"0","Extra":""},{"Field":"created_at","Type":"timestamp","Null":"NO","Key":"","Default":"current_timestamp()","Extra":""},{"Field":"favorite_sport","Type":"varchar(50)","Null":"YES","Key":"","Default":null,"Extra":""},{"Field":"favorite_team","Type":"varchar(50)","Null":"YES","Key":"","Default":null,"Extra":""},{"Field":"account_type","Type":"enum('user','admin')","Null":"YES","Key":"","Default":"user","Extra":""}]
[22-Apr-2025 23:54:26 Europe/Berlin] Number of users in database: 13
[22-Apr-2025 23:54:26 Europe/Berlin] All tables initialized successfully
[22-Apr-2025 23:54:26 Europe/Berlin] Database tables initialized successfully
[22-Apr-2025 23:54:26 Europe/Berlin] Executing SQL: SELECT * FROM users WHERE id = :id
[22-Apr-2025 23:54:26 Europe/Berlin] With params: {":id":12}
[22-Apr-2025 23:54:26 Europe/Berlin] Query executed successfully. Found 1 rows
[22-Apr-2025 23:54:26 Europe/Berlin] User loaded from session: varunpndey
[22-Apr-2025 23:54:26 Europe/Berlin] Executing SQL: SELECT * FROM users WHERE id = :id
[22-Apr-2025 23:54:26 Europe/Berlin] With params: {":id":12}
[22-Apr-2025 23:54:26 Europe/Berlin] Query executed successfully. Found 1 rows
[22-Apr-2025 23:54:26 Europe/Berlin] Executing SQL: SELECT * FROM news ORDER BY created_at DESC
[22-Apr-2025 23:54:26 Europe/Berlin] With params: []
[22-Apr-2025 23:54:26 Europe/Berlin] Query executed successfully. Found 5 rows
[22-Apr-2025 23:54:26 Europe/Berlin] Executing SQL: SELECT * FROM feedback ORDER BY created_at DESC
[22-Apr-2025 23:54:26 Europe/Berlin] With params: []
[22-Apr-2025 23:54:26 Europe/Berlin] Query executed successfully. Found 10 rows
[22-Apr-2025 23:54:26 Europe/Berlin] Executing SQL: SELECT * FROM matches WHERE status = 'live'
[22-Apr-2025 23:54:26 Europe/Berlin] With params: []
[22-Apr-2025 23:54:26 Europe/Berlin] Query executed successfully. Found 2 rows
[22-Apr-2025 23:54:26 Europe/Berlin] Executing SQL: SELECT * FROM matches WHERE 1=1 ORDER BY match_time DESC
[22-Apr-2025 23:54:26 Europe/Berlin] With params: []
[22-Apr-2025 23:54:26 Europe/Berlin] Query executed successfully. Found 13 rows
[22-Apr-2025 23:54:26 Europe/Berlin] PHP Warning:  Undefined array key "status" in /Applications/XAMPP/xamppfiles/htdocs/sportsync/public/admin.php on line 819
[22-Apr-2025 23:54:26 Europe/Berlin] PHP Warning:  Undefined array key "status" in /Applications/XAMPP/xamppfiles/htdocs/sportsync/public/admin.php on line 820
[22-Apr-2025 23:54:26 Europe/Berlin] PHP Warning:  Undefined array key "status" in /Applications/XAMPP/xamppfiles/htdocs/sportsync/public/admin.php on line 821
[22-Apr-2025 23:54:26 Europe/Berlin] PHP Warning:  Undefined array key "status" in /Applications/XAMPP/xamppfiles/htdocs/sportsync/public/admin.php on line 819
[22-Apr-2025 23:54:26 Europe/Berlin] PHP Warning:  Undefined array key "status" in /Applications/XAMPP/xamppfiles/htdocs/sportsync/public/admin.php on line 820
[22-Apr-2025 23:54:26 Europe/Berlin] PHP Warning:  Undefined array key "status" in /Applications/XAMPP/xamppfiles/htdocs/sportsync/public/admin.php on line 821
[22-Apr-2025 23:54:26 Europe/Berlin] PHP Warning:  Undefined array key "status" in /Applications/XAMPP/xamppfiles/htdocs/sportsync/public/admin.php on line 819
[22-Apr-2025 23:54:26 Europe/Berlin] PHP Warning:  Undefined array key "status" in /Applications/XAMPP/xamppfiles/htdocs/sportsync/public/admin.php on line 820
[22-Apr-2025 23:54:26 Europe/Berlin] PHP Warning:  Undefined array key "status" in /Applications/XAMPP/xamppfiles/htdocs/sportsync/public/admin.php on line 821
[22-Apr-2025 23:54:26 Europe/Berlin] PHP Warning:  Undefined array key "status" in /Applications/XAMPP/xamppfiles/htdocs/sportsync/public/admin.php on line 819
[22-Apr-2025 23:54:26 Europe/Berlin] PHP Warning:  Undefined array key "status" in /Applications/XAMPP/xamppfiles/htdocs/sportsync/public/admin.php on line 820
[22-Apr-2025 23:54:26 Europe/Berlin] PHP Warning:  Undefined array key "status" in /Applications/XAMPP/xamppfiles/htdocs/sportsync/public/admin.php on line 821
[22-Apr-2025 23:54:26 Europe/Berlin] PHP Warning:  Undefined array key "status" in /Applications/XAMPP/xamppfiles/htdocs/sportsync/public/admin.php on line 819
[22-Apr-2025 23:54:26 Europe/Berlin] PHP Warning:  Undefined array key "status" in /Applications/XAMPP/xamppfiles/htdocs/sportsync/public/admin.php on line 820
[22-Apr-2025 23:54:26 Europe/Berlin] PHP Warning:  Undefined array key "status" in /Applications/XAMPP/xamppfiles/htdocs/sportsync/public/admin.php on line 821
[22-Apr-2025 23:54:26 Europe/Berlin] PHP Warning:  Undefined array key "status" in /Applications/XAMPP/xamppfiles/htdocs/sportsync/public/admin.php on line 819
[22-Apr-2025 23:54:26 Europe/Berlin] PHP Warning:  Undefined array key "status" in /Applications/XAMPP/xamppfiles/htdocs/sportsync/public/admin.php on line 820
[22-Apr-2025 23:54:26 Europe/Berlin] PHP Warning:  Undefined array key "status" in /Applications/XAMPP/xamppfiles/htdocs/sportsync/public/admin.php on line 821
[22-Apr-2025 23:54:26 Europe/Berlin] PHP Warning:  Undefined array key "status" in /Applications/XAMPP/xamppfiles/htdocs/sportsync/public/admin.php on line 819
[22-Apr-2025 23:54:26 Europe/Berlin] PHP Warning:  Undefined array key "status" in /Applications/XAMPP/xamppfiles/htdocs/sportsync/public/admin.php on line 820
[22-Apr-2025 23:54:26 Europe/Berlin] PHP Warning:  Undefined array key "status" in /Applications/XAMPP/xamppfiles/htdocs/sportsync/public/admin.php on line 821
[22-Apr-2025 23:54:26 Europe/Berlin] PHP Warning:  Undefined array key "status" in /Applications/XAMPP/xamppfiles/htdocs/sportsync/public/admin.php on line 819
[22-Apr-2025 23:54:26 Europe/Berlin] PHP Warning:  Undefined array key "status" in /Applications/XAMPP/xamppfiles/htdocs/sportsync/public/admin.php on line 820
[22-Apr-2025 23:54:26 Europe/Berlin] PHP Warning:  Undefined array key "status" in /Applications/XAMPP/xamppfiles/htdocs/sportsync/public/admin.php on line 821
[22-Apr-2025 23:54:26 Europe/Berlin] PHP Warning:  Undefined array key "status" in /Applications/XAMPP/xamppfiles/htdocs/sportsync/public/admin.php on line 819
[22-Apr-2025 23:54:26 Europe/Berlin] PHP Warning:  Undefined array key "status" in /Applications/XAMPP/xamppfiles/htdocs/sportsync/public/admin.php on line 820
[22-Apr-2025 23:54:26 Europe/Berlin] PHP Warning:  Undefined array key "status" in /Applications/XAMPP/xamppfiles/htdocs/sportsync/public/admin.php on line 821
[22-Apr-2025 23:54:26 Europe/Berlin] PHP Warning:  Undefined array key "status" in /Applications/XAMPP/xamppfiles/htdocs/sportsync/public/admin.php on line 819
[22-Apr-2025 23:54:26 Europe/Berlin] PHP Warning:  Undefined array key "status" in /Applications/XAMPP/xamppfiles/htdocs/sportsync/public/admin.php on line 820
[22-Apr-2025 23:54:26 Europe/Berlin] PHP Warning:  Undefined array key "status" in /Applications/XAMPP/xamppfiles/htdocs/sportsync/public/admin.php on line 821
[22-Apr-2025 23:54:31 Europe/Berlin] Connected to database. Tables found: favorites, feedback, matches, news, newsletter, notifications, subscriptions, users
[22-Apr-2025 23:54:31 Europe/Berlin] Executing SQL: CREATE TABLE IF NOT EXISTS users (
                id INT AUTO_INCREMENT PRIMARY KEY,
                username VARCHAR(50) NOT NULL UNIQUE,
                password VARCHAR(255) NOT NULL,
                email VARCHAR(100) NOT NULL UNIQUE,
                account_type ENUM('user', 'admin') DEFAULT 'user',
                created_at TIMESTAMP DEFAULT CURRENT_TIMESTAMP
            )
[22-Apr-2025 23:54:31 Europe/Berlin] With params: []
[22-Apr-2025 23:54:31 Europe/Berlin] Query executed successfully. Found 0 rows
[22-Apr-2025 23:54:31 Europe/Berlin] Users table created or already exists
[22-Apr-2025 23:54:31 Europe/Berlin] Users table structure: [{"Field":"id","Type":"int(11)","Null":"NO","Key":"PRI","Default":null,"Extra":"auto_increment"},{"Field":"username","Type":"varchar(50)","Null":"NO","Key":"","Default":null,"Extra":""},{"Field":"email","Type":"varchar(100)","Null":"NO","Key":"UNI","Default":null,"Extra":""},{"Field":"password","Type":"varchar(255)","Null":"NO","Key":"","Default":null,"Extra":""},{"Field":"role","Type":"enum('user','admin')","Null":"YES","Key":"","Default":"user","Extra":""},{"Field":"verification_code","Type":"varchar(100)","Null":"YES","Key":"","Default":null,"Extra":""},{"Field":"is_verified","Type":"tinyint(1)","Null":"YES","Key":"","Default":"0","Extra":""},{"Field":"created_at","Type":"timestamp","Null":"NO","Key":"","Default":"current_timestamp()","Extra":""},{"Field":"favorite_sport","Type":"varchar(50)","Null":"YES","Key":"","Default":null,"Extra":""},{"Field":"favorite_team","Type":"varchar(50)","Null":"YES","Key":"","Default":null,"Extra":""},{"Field":"account_type","Type":"enum('user','admin')","Null":"YES","Key":"","Default":"user","Extra":""}]
[22-Apr-2025 23:54:31 Europe/Berlin] Number of users in database: 13
[22-Apr-2025 23:54:31 Europe/Berlin] All tables initialized successfully
[22-Apr-2025 23:54:31 Europe/Berlin] Connected to database. Tables found: favorites, feedback, matches, news, newsletter, notifications, subscriptions, users
[22-Apr-2025 23:54:31 Europe/Berlin] Executing SQL: CREATE TABLE IF NOT EXISTS users (
                id INT AUTO_INCREMENT PRIMARY KEY,
                username VARCHAR(50) NOT NULL UNIQUE,
                password VARCHAR(255) NOT NULL,
                email VARCHAR(100) NOT NULL UNIQUE,
                account_type ENUM('user', 'admin') DEFAULT 'user',
                created_at TIMESTAMP DEFAULT CURRENT_TIMESTAMP
            )
[22-Apr-2025 23:54:31 Europe/Berlin] With params: []
[22-Apr-2025 23:54:31 Europe/Berlin] Query executed successfully. Found 0 rows
[22-Apr-2025 23:54:31 Europe/Berlin] Users table created or already exists
[22-Apr-2025 23:54:31 Europe/Berlin] Users table structure: [{"Field":"id","Type":"int(11)","Null":"NO","Key":"PRI","Default":null,"Extra":"auto_increment"},{"Field":"username","Type":"varchar(50)","Null":"NO","Key":"","Default":null,"Extra":""},{"Field":"email","Type":"varchar(100)","Null":"NO","Key":"UNI","Default":null,"Extra":""},{"Field":"password","Type":"varchar(255)","Null":"NO","Key":"","Default":null,"Extra":""},{"Field":"role","Type":"enum('user','admin')","Null":"YES","Key":"","Default":"user","Extra":""},{"Field":"verification_code","Type":"varchar(100)","Null":"YES","Key":"","Default":null,"Extra":""},{"Field":"is_verified","Type":"tinyint(1)","Null":"YES","Key":"","Default":"0","Extra":""},{"Field":"created_at","Type":"timestamp","Null":"NO","Key":"","Default":"current_timestamp()","Extra":""},{"Field":"favorite_sport","Type":"varchar(50)","Null":"YES","Key":"","Default":null,"Extra":""},{"Field":"favorite_team","Type":"varchar(50)","Null":"YES","Key":"","Default":null,"Extra":""},{"Field":"account_type","Type":"enum('user','admin')","Null":"YES","Key":"","Default":"user","Extra":""}]
[22-Apr-2025 23:54:31 Europe/Berlin] Number of users in database: 13
[22-Apr-2025 23:54:31 Europe/Berlin] All tables initialized successfully
[22-Apr-2025 23:54:31 Europe/Berlin] Connected to database. Tables found: favorites, feedback, matches, news, newsletter, notifications, subscriptions, users
[22-Apr-2025 23:54:31 Europe/Berlin] Executing SQL: CREATE TABLE IF NOT EXISTS users (
                id INT AUTO_INCREMENT PRIMARY KEY,
                username VARCHAR(50) NOT NULL UNIQUE,
                password VARCHAR(255) NOT NULL,
                email VARCHAR(100) NOT NULL UNIQUE,
                account_type ENUM('user', 'admin') DEFAULT 'user',
                created_at TIMESTAMP DEFAULT CURRENT_TIMESTAMP
            )
[22-Apr-2025 23:54:31 Europe/Berlin] With params: []
[22-Apr-2025 23:54:31 Europe/Berlin] Query executed successfully. Found 0 rows
[22-Apr-2025 23:54:31 Europe/Berlin] Users table created or already exists
[22-Apr-2025 23:54:31 Europe/Berlin] Users table structure: [{"Field":"id","Type":"int(11)","Null":"NO","Key":"PRI","Default":null,"Extra":"auto_increment"},{"Field":"username","Type":"varchar(50)","Null":"NO","Key":"","Default":null,"Extra":""},{"Field":"email","Type":"varchar(100)","Null":"NO","Key":"UNI","Default":null,"Extra":""},{"Field":"password","Type":"varchar(255)","Null":"NO","Key":"","Default":null,"Extra":""},{"Field":"role","Type":"enum('user','admin')","Null":"YES","Key":"","Default":"user","Extra":""},{"Field":"verification_code","Type":"varchar(100)","Null":"YES","Key":"","Default":null,"Extra":""},{"Field":"is_verified","Type":"tinyint(1)","Null":"YES","Key":"","Default":"0","Extra":""},{"Field":"created_at","Type":"timestamp","Null":"NO","Key":"","Default":"current_timestamp()","Extra":""},{"Field":"favorite_sport","Type":"varchar(50)","Null":"YES","Key":"","Default":null,"Extra":""},{"Field":"favorite_team","Type":"varchar(50)","Null":"YES","Key":"","Default":null,"Extra":""},{"Field":"account_type","Type":"enum('user','admin')","Null":"YES","Key":"","Default":"user","Extra":""}]
[22-Apr-2025 23:54:31 Europe/Berlin] Number of users in database: 13
[22-Apr-2025 23:54:31 Europe/Berlin] All tables initialized successfully
[22-Apr-2025 23:54:31 Europe/Berlin] Database tables initialized successfully
[22-Apr-2025 23:54:31 Europe/Berlin] Executing SQL: SELECT * FROM users WHERE id = :id
[22-Apr-2025 23:54:31 Europe/Berlin] With params: {":id":12}
[22-Apr-2025 23:54:31 Europe/Berlin] Query executed successfully. Found 1 rows
[22-Apr-2025 23:54:31 Europe/Berlin] User loaded from session: varunpndey
[22-Apr-2025 23:54:31 Europe/Berlin] Executing SQL: SELECT * FROM users WHERE id = :id
[22-Apr-2025 23:54:31 Europe/Berlin] With params: {":id":12}
[22-Apr-2025 23:54:31 Europe/Berlin] Query executed successfully. Found 1 rows
[22-Apr-2025 23:54:31 Europe/Berlin] Executing SQL: SELECT * FROM news ORDER BY created_at DESC
[22-Apr-2025 23:54:31 Europe/Berlin] With params: []
[22-Apr-2025 23:54:31 Europe/Berlin] Query executed successfully. Found 5 rows
[22-Apr-2025 23:54:31 Europe/Berlin] Executing SQL: SELECT * FROM feedback ORDER BY created_at DESC
[22-Apr-2025 23:54:31 Europe/Berlin] With params: []
[22-Apr-2025 23:54:31 Europe/Berlin] Query executed successfully. Found 10 rows
[22-Apr-2025 23:54:31 Europe/Berlin] Executing SQL: SELECT * FROM matches WHERE status = 'live'
[22-Apr-2025 23:54:31 Europe/Berlin] With params: []
[22-Apr-2025 23:54:31 Europe/Berlin] Query executed successfully. Found 2 rows
[22-Apr-2025 23:54:31 Europe/Berlin] Executing SQL: SELECT * FROM matches WHERE 1=1 ORDER BY match_time DESC
[22-Apr-2025 23:54:31 Europe/Berlin] With params: []
[22-Apr-2025 23:54:31 Europe/Berlin] Query executed successfully. Found 13 rows
[22-Apr-2025 23:54:31 Europe/Berlin] PHP Warning:  Undefined array key "status" in /Applications/XAMPP/xamppfiles/htdocs/sportsync/public/admin.php on line 819
[22-Apr-2025 23:54:31 Europe/Berlin] PHP Warning:  Undefined array key "status" in /Applications/XAMPP/xamppfiles/htdocs/sportsync/public/admin.php on line 820
[22-Apr-2025 23:54:31 Europe/Berlin] PHP Warning:  Undefined array key "status" in /Applications/XAMPP/xamppfiles/htdocs/sportsync/public/admin.php on line 821
[22-Apr-2025 23:54:31 Europe/Berlin] PHP Warning:  Undefined array key "status" in /Applications/XAMPP/xamppfiles/htdocs/sportsync/public/admin.php on line 819
[22-Apr-2025 23:54:31 Europe/Berlin] PHP Warning:  Undefined array key "status" in /Applications/XAMPP/xamppfiles/htdocs/sportsync/public/admin.php on line 820
[22-Apr-2025 23:54:31 Europe/Berlin] PHP Warning:  Undefined array key "status" in /Applications/XAMPP/xamppfiles/htdocs/sportsync/public/admin.php on line 821
[22-Apr-2025 23:54:31 Europe/Berlin] PHP Warning:  Undefined array key "status" in /Applications/XAMPP/xamppfiles/htdocs/sportsync/public/admin.php on line 819
[22-Apr-2025 23:54:31 Europe/Berlin] PHP Warning:  Undefined array key "status" in /Applications/XAMPP/xamppfiles/htdocs/sportsync/public/admin.php on line 820
[22-Apr-2025 23:54:31 Europe/Berlin] PHP Warning:  Undefined array key "status" in /Applications/XAMPP/xamppfiles/htdocs/sportsync/public/admin.php on line 821
[22-Apr-2025 23:54:31 Europe/Berlin] PHP Warning:  Undefined array key "status" in /Applications/XAMPP/xamppfiles/htdocs/sportsync/public/admin.php on line 819
[22-Apr-2025 23:54:31 Europe/Berlin] PHP Warning:  Undefined array key "status" in /Applications/XAMPP/xamppfiles/htdocs/sportsync/public/admin.php on line 820
[22-Apr-2025 23:54:31 Europe/Berlin] PHP Warning:  Undefined array key "status" in /Applications/XAMPP/xamppfiles/htdocs/sportsync/public/admin.php on line 821
[22-Apr-2025 23:54:31 Europe/Berlin] PHP Warning:  Undefined array key "status" in /Applications/XAMPP/xamppfiles/htdocs/sportsync/public/admin.php on line 819
[22-Apr-2025 23:54:31 Europe/Berlin] PHP Warning:  Undefined array key "status" in /Applications/XAMPP/xamppfiles/htdocs/sportsync/public/admin.php on line 820
[22-Apr-2025 23:54:31 Europe/Berlin] PHP Warning:  Undefined array key "status" in /Applications/XAMPP/xamppfiles/htdocs/sportsync/public/admin.php on line 821
[22-Apr-2025 23:54:31 Europe/Berlin] PHP Warning:  Undefined array key "status" in /Applications/XAMPP/xamppfiles/htdocs/sportsync/public/admin.php on line 819
[22-Apr-2025 23:54:31 Europe/Berlin] PHP Warning:  Undefined array key "status" in /Applications/XAMPP/xamppfiles/htdocs/sportsync/public/admin.php on line 820
[22-Apr-2025 23:54:31 Europe/Berlin] PHP Warning:  Undefined array key "status" in /Applications/XAMPP/xamppfiles/htdocs/sportsync/public/admin.php on line 821
[22-Apr-2025 23:54:31 Europe/Berlin] PHP Warning:  Undefined array key "status" in /Applications/XAMPP/xamppfiles/htdocs/sportsync/public/admin.php on line 819
[22-Apr-2025 23:54:31 Europe/Berlin] PHP Warning:  Undefined array key "status" in /Applications/XAMPP/xamppfiles/htdocs/sportsync/public/admin.php on line 820
[22-Apr-2025 23:54:31 Europe/Berlin] PHP Warning:  Undefined array key "status" in /Applications/XAMPP/xamppfiles/htdocs/sportsync/public/admin.php on line 821
[22-Apr-2025 23:54:31 Europe/Berlin] PHP Warning:  Undefined array key "status" in /Applications/XAMPP/xamppfiles/htdocs/sportsync/public/admin.php on line 819
[22-Apr-2025 23:54:31 Europe/Berlin] PHP Warning:  Undefined array key "status" in /Applications/XAMPP/xamppfiles/htdocs/sportsync/public/admin.php on line 820
[22-Apr-2025 23:54:31 Europe/Berlin] PHP Warning:  Undefined array key "status" in /Applications/XAMPP/xamppfiles/htdocs/sportsync/public/admin.php on line 821
[22-Apr-2025 23:54:31 Europe/Berlin] PHP Warning:  Undefined array key "status" in /Applications/XAMPP/xamppfiles/htdocs/sportsync/public/admin.php on line 819
[22-Apr-2025 23:54:31 Europe/Berlin] PHP Warning:  Undefined array key "status" in /Applications/XAMPP/xamppfiles/htdocs/sportsync/public/admin.php on line 820
[22-Apr-2025 23:54:31 Europe/Berlin] PHP Warning:  Undefined array key "status" in /Applications/XAMPP/xamppfiles/htdocs/sportsync/public/admin.php on line 821
[22-Apr-2025 23:54:31 Europe/Berlin] PHP Warning:  Undefined array key "status" in /Applications/XAMPP/xamppfiles/htdocs/sportsync/public/admin.php on line 819
[22-Apr-2025 23:54:31 Europe/Berlin] PHP Warning:  Undefined array key "status" in /Applications/XAMPP/xamppfiles/htdocs/sportsync/public/admin.php on line 820
[22-Apr-2025 23:54:31 Europe/Berlin] PHP Warning:  Undefined array key "status" in /Applications/XAMPP/xamppfiles/htdocs/sportsync/public/admin.php on line 821
[22-Apr-2025 23:54:45 Europe/Berlin] Connected to database. Tables found: favorites, feedback, matches, news, newsletter, notifications, subscriptions, users
[22-Apr-2025 23:54:45 Europe/Berlin] Executing SQL: CREATE TABLE IF NOT EXISTS users (
                id INT AUTO_INCREMENT PRIMARY KEY,
                username VARCHAR(50) NOT NULL UNIQUE,
                password VARCHAR(255) NOT NULL,
                email VARCHAR(100) NOT NULL UNIQUE,
                account_type ENUM('user', 'admin') DEFAULT 'user',
                created_at TIMESTAMP DEFAULT CURRENT_TIMESTAMP
            )
[22-Apr-2025 23:54:45 Europe/Berlin] With params: []
[22-Apr-2025 23:54:45 Europe/Berlin] Query executed successfully. Found 0 rows
[22-Apr-2025 23:54:45 Europe/Berlin] Users table created or already exists
[22-Apr-2025 23:54:45 Europe/Berlin] Users table structure: [{"Field":"id","Type":"int(11)","Null":"NO","Key":"PRI","Default":null,"Extra":"auto_increment"},{"Field":"username","Type":"varchar(50)","Null":"NO","Key":"","Default":null,"Extra":""},{"Field":"email","Type":"varchar(100)","Null":"NO","Key":"UNI","Default":null,"Extra":""},{"Field":"password","Type":"varchar(255)","Null":"NO","Key":"","Default":null,"Extra":""},{"Field":"role","Type":"enum('user','admin')","Null":"YES","Key":"","Default":"user","Extra":""},{"Field":"verification_code","Type":"varchar(100)","Null":"YES","Key":"","Default":null,"Extra":""},{"Field":"is_verified","Type":"tinyint(1)","Null":"YES","Key":"","Default":"0","Extra":""},{"Field":"created_at","Type":"timestamp","Null":"NO","Key":"","Default":"current_timestamp()","Extra":""},{"Field":"favorite_sport","Type":"varchar(50)","Null":"YES","Key":"","Default":null,"Extra":""},{"Field":"favorite_team","Type":"varchar(50)","Null":"YES","Key":"","Default":null,"Extra":""},{"Field":"account_type","Type":"enum('user','admin')","Null":"YES","Key":"","Default":"user","Extra":""}]
[22-Apr-2025 23:54:45 Europe/Berlin] Number of users in database: 13
[22-Apr-2025 23:54:45 Europe/Berlin] All tables initialized successfully
[22-Apr-2025 23:54:45 Europe/Berlin] Connected to database. Tables found: favorites, feedback, matches, news, newsletter, notifications, subscriptions, users
[22-Apr-2025 23:54:45 Europe/Berlin] Executing SQL: CREATE TABLE IF NOT EXISTS users (
                id INT AUTO_INCREMENT PRIMARY KEY,
                username VARCHAR(50) NOT NULL UNIQUE,
                password VARCHAR(255) NOT NULL,
                email VARCHAR(100) NOT NULL UNIQUE,
                account_type ENUM('user', 'admin') DEFAULT 'user',
                created_at TIMESTAMP DEFAULT CURRENT_TIMESTAMP
            )
[22-Apr-2025 23:54:45 Europe/Berlin] With params: []
[22-Apr-2025 23:54:45 Europe/Berlin] Query executed successfully. Found 0 rows
[22-Apr-2025 23:54:45 Europe/Berlin] Users table created or already exists
[22-Apr-2025 23:54:45 Europe/Berlin] Users table structure: [{"Field":"id","Type":"int(11)","Null":"NO","Key":"PRI","Default":null,"Extra":"auto_increment"},{"Field":"username","Type":"varchar(50)","Null":"NO","Key":"","Default":null,"Extra":""},{"Field":"email","Type":"varchar(100)","Null":"NO","Key":"UNI","Default":null,"Extra":""},{"Field":"password","Type":"varchar(255)","Null":"NO","Key":"","Default":null,"Extra":""},{"Field":"role","Type":"enum('user','admin')","Null":"YES","Key":"","Default":"user","Extra":""},{"Field":"verification_code","Type":"varchar(100)","Null":"YES","Key":"","Default":null,"Extra":""},{"Field":"is_verified","Type":"tinyint(1)","Null":"YES","Key":"","Default":"0","Extra":""},{"Field":"created_at","Type":"timestamp","Null":"NO","Key":"","Default":"current_timestamp()","Extra":""},{"Field":"favorite_sport","Type":"varchar(50)","Null":"YES","Key":"","Default":null,"Extra":""},{"Field":"favorite_team","Type":"varchar(50)","Null":"YES","Key":"","Default":null,"Extra":""},{"Field":"account_type","Type":"enum('user','admin')","Null":"YES","Key":"","Default":"user","Extra":""}]
[22-Apr-2025 23:54:45 Europe/Berlin] Number of users in database: 13
[22-Apr-2025 23:54:45 Europe/Berlin] All tables initialized successfully
[22-Apr-2025 23:54:45 Europe/Berlin] Database tables initialized successfully
[22-Apr-2025 23:54:45 Europe/Berlin] Executing SQL: SELECT * FROM users WHERE id = :id
[22-Apr-2025 23:54:45 Europe/Berlin] With params: {":id":12}
[22-Apr-2025 23:54:45 Europe/Berlin] Query executed successfully. Found 1 rows
[22-Apr-2025 23:54:45 Europe/Berlin] User loaded from session: varunpndey
[22-Apr-2025 23:54:45 Europe/Berlin] Header - Session status: 2
[22-Apr-2025 23:54:45 Europe/Berlin] Header - Session data: {"user_id":12,"username":"varunpndey","email":"va@gmail.com","account_type":"admin"}
[22-Apr-2025 23:54:45 Europe/Berlin] Header - After session start - Status: 2
[22-Apr-2025 23:54:45 Europe/Berlin] Header - After session start - Data: {"user_id":12,"username":"varunpndey","email":"va@gmail.com","account_type":"admin"}
[22-Apr-2025 23:54:45 Europe/Berlin] Header - Is logged in: Yes
[22-Apr-2025 23:54:45 Europe/Berlin] Executing SQL: SELECT * FROM matches WHERE status = 'live'
[22-Apr-2025 23:54:45 Europe/Berlin] With params: []
[22-Apr-2025 23:54:45 Europe/Berlin] Query executed successfully. Found 2 rows
[22-Apr-2025 23:54:45 Europe/Berlin] Executing SQL: SELECT COUNT(*) as count FROM favorites 
                    WHERE user_id = :user_id AND match_id = :match_id
[22-Apr-2025 23:54:45 Europe/Berlin] With params: {":user_id":12,":match_id":11}
[22-Apr-2025 23:54:45 Europe/Berlin] Query executed successfully. Found 1 rows
[22-Apr-2025 23:54:45 Europe/Berlin] Executing SQL: SELECT COUNT(*) as count FROM favorites 
                    WHERE user_id = :user_id AND match_id = :match_id
[22-Apr-2025 23:54:45 Europe/Berlin] With params: {":user_id":12,":match_id":17}
[22-Apr-2025 23:54:45 Europe/Berlin] Query executed successfully. Found 1 rows
[22-Apr-2025 23:54:46 Europe/Berlin] Connected to database. Tables found: favorites, feedback, matches, news, newsletter, notifications, subscriptions, users
[22-Apr-2025 23:54:46 Europe/Berlin] Executing SQL: CREATE TABLE IF NOT EXISTS users (
                id INT AUTO_INCREMENT PRIMARY KEY,
                username VARCHAR(50) NOT NULL UNIQUE,
                password VARCHAR(255) NOT NULL,
                email VARCHAR(100) NOT NULL UNIQUE,
                account_type ENUM('user', 'admin') DEFAULT 'user',
                created_at TIMESTAMP DEFAULT CURRENT_TIMESTAMP
            )
[22-Apr-2025 23:54:46 Europe/Berlin] With params: []
[22-Apr-2025 23:54:46 Europe/Berlin] Query executed successfully. Found 0 rows
[22-Apr-2025 23:54:46 Europe/Berlin] Users table created or already exists
[22-Apr-2025 23:54:46 Europe/Berlin] Users table structure: [{"Field":"id","Type":"int(11)","Null":"NO","Key":"PRI","Default":null,"Extra":"auto_increment"},{"Field":"username","Type":"varchar(50)","Null":"NO","Key":"","Default":null,"Extra":""},{"Field":"email","Type":"varchar(100)","Null":"NO","Key":"UNI","Default":null,"Extra":""},{"Field":"password","Type":"varchar(255)","Null":"NO","Key":"","Default":null,"Extra":""},{"Field":"role","Type":"enum('user','admin')","Null":"YES","Key":"","Default":"user","Extra":""},{"Field":"verification_code","Type":"varchar(100)","Null":"YES","Key":"","Default":null,"Extra":""},{"Field":"is_verified","Type":"tinyint(1)","Null":"YES","Key":"","Default":"0","Extra":""},{"Field":"created_at","Type":"timestamp","Null":"NO","Key":"","Default":"current_timestamp()","Extra":""},{"Field":"favorite_sport","Type":"varchar(50)","Null":"YES","Key":"","Default":null,"Extra":""},{"Field":"favorite_team","Type":"varchar(50)","Null":"YES","Key":"","Default":null,"Extra":""},{"Field":"account_type","Type":"enum('user','admin')","Null":"YES","Key":"","Default":"user","Extra":""}]
[22-Apr-2025 23:54:46 Europe/Berlin] Number of users in database: 13
[22-Apr-2025 23:54:46 Europe/Berlin] All tables initialized successfully
[22-Apr-2025 23:54:46 Europe/Berlin] Connected to database. Tables found: favorites, feedback, matches, news, newsletter, notifications, subscriptions, users
[22-Apr-2025 23:54:46 Europe/Berlin] Executing SQL: CREATE TABLE IF NOT EXISTS users (
                id INT AUTO_INCREMENT PRIMARY KEY,
                username VARCHAR(50) NOT NULL UNIQUE,
                password VARCHAR(255) NOT NULL,
                email VARCHAR(100) NOT NULL UNIQUE,
                account_type ENUM('user', 'admin') DEFAULT 'user',
                created_at TIMESTAMP DEFAULT CURRENT_TIMESTAMP
            )
[22-Apr-2025 23:54:46 Europe/Berlin] With params: []
[22-Apr-2025 23:54:46 Europe/Berlin] Query executed successfully. Found 0 rows
[22-Apr-2025 23:54:46 Europe/Berlin] Users table created or already exists
[22-Apr-2025 23:54:46 Europe/Berlin] Users table structure: [{"Field":"id","Type":"int(11)","Null":"NO","Key":"PRI","Default":null,"Extra":"auto_increment"},{"Field":"username","Type":"varchar(50)","Null":"NO","Key":"","Default":null,"Extra":""},{"Field":"email","Type":"varchar(100)","Null":"NO","Key":"UNI","Default":null,"Extra":""},{"Field":"password","Type":"varchar(255)","Null":"NO","Key":"","Default":null,"Extra":""},{"Field":"role","Type":"enum('user','admin')","Null":"YES","Key":"","Default":"user","Extra":""},{"Field":"verification_code","Type":"varchar(100)","Null":"YES","Key":"","Default":null,"Extra":""},{"Field":"is_verified","Type":"tinyint(1)","Null":"YES","Key":"","Default":"0","Extra":""},{"Field":"created_at","Type":"timestamp","Null":"NO","Key":"","Default":"current_timestamp()","Extra":""},{"Field":"favorite_sport","Type":"varchar(50)","Null":"YES","Key":"","Default":null,"Extra":""},{"Field":"favorite_team","Type":"varchar(50)","Null":"YES","Key":"","Default":null,"Extra":""},{"Field":"account_type","Type":"enum('user','admin')","Null":"YES","Key":"","Default":"user","Extra":""}]
[22-Apr-2025 23:54:46 Europe/Berlin] Number of users in database: 13
[22-Apr-2025 23:54:46 Europe/Berlin] All tables initialized successfully
[22-Apr-2025 23:54:46 Europe/Berlin] Database tables initialized successfully
[22-Apr-2025 23:54:46 Europe/Berlin] Executing SQL: SELECT * FROM users WHERE id = :id
[22-Apr-2025 23:54:46 Europe/Berlin] With params: {":id":12}
[22-Apr-2025 23:54:46 Europe/Berlin] Query executed successfully. Found 1 rows
[22-Apr-2025 23:54:46 Europe/Berlin] User loaded from session: varunpndey
[22-Apr-2025 23:54:46 Europe/Berlin] Header - Session status: 2
[22-Apr-2025 23:54:46 Europe/Berlin] Header - Session data: {"user_id":12,"username":"varunpndey","email":"va@gmail.com","account_type":"admin"}
[22-Apr-2025 23:54:46 Europe/Berlin] Header - After session start - Status: 2
[22-Apr-2025 23:54:46 Europe/Berlin] Header - After session start - Data: {"user_id":12,"username":"varunpndey","email":"va@gmail.com","account_type":"admin"}
[22-Apr-2025 23:54:46 Europe/Berlin] Header - Is logged in: Yes
[22-Apr-2025 23:54:46 Europe/Berlin] Executing SQL: SELECT * FROM news ORDER BY created_at DESC LIMIT 5
[22-Apr-2025 23:54:46 Europe/Berlin] With params: []
[22-Apr-2025 23:54:46 Europe/Berlin] Query executed successfully. Found 5 rows
[22-Apr-2025 23:54:46 Europe/Berlin] Executing SQL: SELECT * FROM matches WHERE status = 'live'
[22-Apr-2025 23:54:46 Europe/Berlin] With params: []
[22-Apr-2025 23:54:46 Europe/Berlin] Query executed successfully. Found 2 rows
[22-Apr-2025 23:54:46 Europe/Berlin] Executing SQL: SELECT COUNT(*) as count FROM favorites 
                    WHERE user_id = :user_id AND match_id = :match_id
[22-Apr-2025 23:54:46 Europe/Berlin] With params: {":user_id":12,":match_id":11}
[22-Apr-2025 23:54:46 Europe/Berlin] Query executed successfully. Found 1 rows
[22-Apr-2025 23:54:46 Europe/Berlin] Executing SQL: SELECT COUNT(*) as count FROM favorites 
                    WHERE user_id = :user_id AND match_id = :match_id
[22-Apr-2025 23:54:46 Europe/Berlin] With params: {":user_id":12,":match_id":17}
[22-Apr-2025 23:54:46 Europe/Berlin] Query executed successfully. Found 1 rows
[22-Apr-2025 23:55:28 Europe/Berlin] Connected to database. Tables found: favorites, feedback, matches, news, newsletter, notifications, subscriptions, users
[22-Apr-2025 23:55:28 Europe/Berlin] Executing SQL: CREATE TABLE IF NOT EXISTS users (
                id INT AUTO_INCREMENT PRIMARY KEY,
                username VARCHAR(50) NOT NULL UNIQUE,
                password VARCHAR(255) NOT NULL,
                email VARCHAR(100) NOT NULL UNIQUE,
                account_type ENUM('user', 'admin') DEFAULT 'user',
                created_at TIMESTAMP DEFAULT CURRENT_TIMESTAMP
            )
[22-Apr-2025 23:55:28 Europe/Berlin] With params: []
[22-Apr-2025 23:55:28 Europe/Berlin] Query executed successfully. Found 0 rows
[22-Apr-2025 23:55:28 Europe/Berlin] Users table created or already exists
[22-Apr-2025 23:55:28 Europe/Berlin] Users table structure: [{"Field":"id","Type":"int(11)","Null":"NO","Key":"PRI","Default":null,"Extra":"auto_increment"},{"Field":"username","Type":"varchar(50)","Null":"NO","Key":"","Default":null,"Extra":""},{"Field":"email","Type":"varchar(100)","Null":"NO","Key":"UNI","Default":null,"Extra":""},{"Field":"password","Type":"varchar(255)","Null":"NO","Key":"","Default":null,"Extra":""},{"Field":"role","Type":"enum('user','admin')","Null":"YES","Key":"","Default":"user","Extra":""},{"Field":"verification_code","Type":"varchar(100)","Null":"YES","Key":"","Default":null,"Extra":""},{"Field":"is_verified","Type":"tinyint(1)","Null":"YES","Key":"","Default":"0","Extra":""},{"Field":"created_at","Type":"timestamp","Null":"NO","Key":"","Default":"current_timestamp()","Extra":""},{"Field":"favorite_sport","Type":"varchar(50)","Null":"YES","Key":"","Default":null,"Extra":""},{"Field":"favorite_team","Type":"varchar(50)","Null":"YES","Key":"","Default":null,"Extra":""},{"Field":"account_type","Type":"enum('user','admin')","Null":"YES","Key":"","Default":"user","Extra":""}]
[22-Apr-2025 23:55:28 Europe/Berlin] Number of users in database: 13
[22-Apr-2025 23:55:28 Europe/Berlin] All tables initialized successfully
[22-Apr-2025 23:55:28 Europe/Berlin] Connected to database. Tables found: favorites, feedback, matches, news, newsletter, notifications, subscriptions, users
[22-Apr-2025 23:55:28 Europe/Berlin] Executing SQL: CREATE TABLE IF NOT EXISTS users (
                id INT AUTO_INCREMENT PRIMARY KEY,
                username VARCHAR(50) NOT NULL UNIQUE,
                password VARCHAR(255) NOT NULL,
                email VARCHAR(100) NOT NULL UNIQUE,
                account_type ENUM('user', 'admin') DEFAULT 'user',
                created_at TIMESTAMP DEFAULT CURRENT_TIMESTAMP
            )
[22-Apr-2025 23:55:28 Europe/Berlin] With params: []
[22-Apr-2025 23:55:28 Europe/Berlin] Query executed successfully. Found 0 rows
[22-Apr-2025 23:55:28 Europe/Berlin] Users table created or already exists
[22-Apr-2025 23:55:28 Europe/Berlin] Users table structure: [{"Field":"id","Type":"int(11)","Null":"NO","Key":"PRI","Default":null,"Extra":"auto_increment"},{"Field":"username","Type":"varchar(50)","Null":"NO","Key":"","Default":null,"Extra":""},{"Field":"email","Type":"varchar(100)","Null":"NO","Key":"UNI","Default":null,"Extra":""},{"Field":"password","Type":"varchar(255)","Null":"NO","Key":"","Default":null,"Extra":""},{"Field":"role","Type":"enum('user','admin')","Null":"YES","Key":"","Default":"user","Extra":""},{"Field":"verification_code","Type":"varchar(100)","Null":"YES","Key":"","Default":null,"Extra":""},{"Field":"is_verified","Type":"tinyint(1)","Null":"YES","Key":"","Default":"0","Extra":""},{"Field":"created_at","Type":"timestamp","Null":"NO","Key":"","Default":"current_timestamp()","Extra":""},{"Field":"favorite_sport","Type":"varchar(50)","Null":"YES","Key":"","Default":null,"Extra":""},{"Field":"favorite_team","Type":"varchar(50)","Null":"YES","Key":"","Default":null,"Extra":""},{"Field":"account_type","Type":"enum('user','admin')","Null":"YES","Key":"","Default":"user","Extra":""}]
[22-Apr-2025 23:55:28 Europe/Berlin] Number of users in database: 13
[22-Apr-2025 23:55:28 Europe/Berlin] All tables initialized successfully
[22-Apr-2025 23:55:28 Europe/Berlin] Database tables initialized successfully
[22-Apr-2025 23:55:28 Europe/Berlin] Executing SQL: SELECT * FROM users WHERE id = :id
[22-Apr-2025 23:55:28 Europe/Berlin] With params: {":id":12}
[22-Apr-2025 23:55:28 Europe/Berlin] Query executed successfully. Found 1 rows
[22-Apr-2025 23:55:28 Europe/Berlin] User loaded from session: varunpndey
[22-Apr-2025 23:55:28 Europe/Berlin] Header - Session status: 2
[22-Apr-2025 23:55:28 Europe/Berlin] Header - Session data: {"user_id":12,"username":"varunpndey","email":"va@gmail.com","account_type":"admin"}
[22-Apr-2025 23:55:28 Europe/Berlin] Header - After session start - Status: 2
[22-Apr-2025 23:55:28 Europe/Berlin] Header - After session start - Data: {"user_id":12,"username":"varunpndey","email":"va@gmail.com","account_type":"admin"}
[22-Apr-2025 23:55:28 Europe/Berlin] Header - Is logged in: Yes
[22-Apr-2025 23:55:28 Europe/Berlin] Executing SQL: SELECT * FROM news ORDER BY created_at DESC LIMIT 5
[22-Apr-2025 23:55:28 Europe/Berlin] With params: []
[22-Apr-2025 23:55:28 Europe/Berlin] Query executed successfully. Found 5 rows
[22-Apr-2025 23:55:28 Europe/Berlin] Executing SQL: SELECT * FROM matches WHERE status = 'live'
[22-Apr-2025 23:55:28 Europe/Berlin] With params: []
[22-Apr-2025 23:55:28 Europe/Berlin] Query executed successfully. Found 2 rows
[22-Apr-2025 23:55:28 Europe/Berlin] Executing SQL: SELECT COUNT(*) as count FROM favorites 
                    WHERE user_id = :user_id AND match_id = :match_id
[22-Apr-2025 23:55:28 Europe/Berlin] With params: {":user_id":12,":match_id":11}
[22-Apr-2025 23:55:28 Europe/Berlin] Query executed successfully. Found 1 rows
[22-Apr-2025 23:55:28 Europe/Berlin] Executing SQL: SELECT COUNT(*) as count FROM favorites 
                    WHERE user_id = :user_id AND match_id = :match_id
[22-Apr-2025 23:55:28 Europe/Berlin] With params: {":user_id":12,":match_id":17}
[22-Apr-2025 23:55:28 Europe/Berlin] Query executed successfully. Found 1 rows
[22-Apr-2025 23:55:33 Europe/Berlin] Connected to database. Tables found: favorites, feedback, matches, news, newsletter, notifications, subscriptions, users
[22-Apr-2025 23:55:33 Europe/Berlin] Executing SQL: CREATE TABLE IF NOT EXISTS users (
                id INT AUTO_INCREMENT PRIMARY KEY,
                username VARCHAR(50) NOT NULL UNIQUE,
                password VARCHAR(255) NOT NULL,
                email VARCHAR(100) NOT NULL UNIQUE,
                account_type ENUM('user', 'admin') DEFAULT 'user',
                created_at TIMESTAMP DEFAULT CURRENT_TIMESTAMP
            )
[22-Apr-2025 23:55:33 Europe/Berlin] With params: []
[22-Apr-2025 23:55:33 Europe/Berlin] Query executed successfully. Found 0 rows
[22-Apr-2025 23:55:33 Europe/Berlin] Users table created or already exists
[22-Apr-2025 23:55:33 Europe/Berlin] Users table structure: [{"Field":"id","Type":"int(11)","Null":"NO","Key":"PRI","Default":null,"Extra":"auto_increment"},{"Field":"username","Type":"varchar(50)","Null":"NO","Key":"","Default":null,"Extra":""},{"Field":"email","Type":"varchar(100)","Null":"NO","Key":"UNI","Default":null,"Extra":""},{"Field":"password","Type":"varchar(255)","Null":"NO","Key":"","Default":null,"Extra":""},{"Field":"role","Type":"enum('user','admin')","Null":"YES","Key":"","Default":"user","Extra":""},{"Field":"verification_code","Type":"varchar(100)","Null":"YES","Key":"","Default":null,"Extra":""},{"Field":"is_verified","Type":"tinyint(1)","Null":"YES","Key":"","Default":"0","Extra":""},{"Field":"created_at","Type":"timestamp","Null":"NO","Key":"","Default":"current_timestamp()","Extra":""},{"Field":"favorite_sport","Type":"varchar(50)","Null":"YES","Key":"","Default":null,"Extra":""},{"Field":"favorite_team","Type":"varchar(50)","Null":"YES","Key":"","Default":null,"Extra":""},{"Field":"account_type","Type":"enum('user','admin')","Null":"YES","Key":"","Default":"user","Extra":""}]
[22-Apr-2025 23:55:33 Europe/Berlin] Number of users in database: 13
[22-Apr-2025 23:55:33 Europe/Berlin] All tables initialized successfully
[22-Apr-2025 23:55:33 Europe/Berlin] Connected to database. Tables found: favorites, feedback, matches, news, newsletter, notifications, subscriptions, users
[22-Apr-2025 23:55:33 Europe/Berlin] Executing SQL: CREATE TABLE IF NOT EXISTS users (
                id INT AUTO_INCREMENT PRIMARY KEY,
                username VARCHAR(50) NOT NULL UNIQUE,
                password VARCHAR(255) NOT NULL,
                email VARCHAR(100) NOT NULL UNIQUE,
                account_type ENUM('user', 'admin') DEFAULT 'user',
                created_at TIMESTAMP DEFAULT CURRENT_TIMESTAMP
            )
[22-Apr-2025 23:55:33 Europe/Berlin] With params: []
[22-Apr-2025 23:55:33 Europe/Berlin] Query executed successfully. Found 0 rows
[22-Apr-2025 23:55:33 Europe/Berlin] Users table created or already exists
[22-Apr-2025 23:55:33 Europe/Berlin] Users table structure: [{"Field":"id","Type":"int(11)","Null":"NO","Key":"PRI","Default":null,"Extra":"auto_increment"},{"Field":"username","Type":"varchar(50)","Null":"NO","Key":"","Default":null,"Extra":""},{"Field":"email","Type":"varchar(100)","Null":"NO","Key":"UNI","Default":null,"Extra":""},{"Field":"password","Type":"varchar(255)","Null":"NO","Key":"","Default":null,"Extra":""},{"Field":"role","Type":"enum('user','admin')","Null":"YES","Key":"","Default":"user","Extra":""},{"Field":"verification_code","Type":"varchar(100)","Null":"YES","Key":"","Default":null,"Extra":""},{"Field":"is_verified","Type":"tinyint(1)","Null":"YES","Key":"","Default":"0","Extra":""},{"Field":"created_at","Type":"timestamp","Null":"NO","Key":"","Default":"current_timestamp()","Extra":""},{"Field":"favorite_sport","Type":"varchar(50)","Null":"YES","Key":"","Default":null,"Extra":""},{"Field":"favorite_team","Type":"varchar(50)","Null":"YES","Key":"","Default":null,"Extra":""},{"Field":"account_type","Type":"enum('user','admin')","Null":"YES","Key":"","Default":"user","Extra":""}]
[22-Apr-2025 23:55:33 Europe/Berlin] Number of users in database: 13
[22-Apr-2025 23:55:33 Europe/Berlin] All tables initialized successfully
[22-Apr-2025 23:55:33 Europe/Berlin] Database tables initialized successfully
[22-Apr-2025 23:55:33 Europe/Berlin] Executing SQL: SELECT * FROM users WHERE id = :id
[22-Apr-2025 23:55:33 Europe/Berlin] With params: {":id":12}
[22-Apr-2025 23:55:33 Europe/Berlin] Query executed successfully. Found 1 rows
[22-Apr-2025 23:55:33 Europe/Berlin] User loaded from session: varunpndey
[22-Apr-2025 23:55:33 Europe/Berlin] Executing SQL: SELECT * FROM users WHERE id = :id
[22-Apr-2025 23:55:33 Europe/Berlin] With params: {":id":12}
[22-Apr-2025 23:55:33 Europe/Berlin] Query executed successfully. Found 1 rows
[22-Apr-2025 23:55:33 Europe/Berlin] Executing SQL: SELECT * FROM news ORDER BY created_at DESC
[22-Apr-2025 23:55:33 Europe/Berlin] With params: []
[22-Apr-2025 23:55:33 Europe/Berlin] Query executed successfully. Found 5 rows
[22-Apr-2025 23:55:33 Europe/Berlin] Executing SQL: SELECT * FROM feedback ORDER BY created_at DESC
[22-Apr-2025 23:55:33 Europe/Berlin] With params: []
[22-Apr-2025 23:55:33 Europe/Berlin] Query executed successfully. Found 10 rows
[22-Apr-2025 23:55:33 Europe/Berlin] Executing SQL: SELECT * FROM matches WHERE status = 'live'
[22-Apr-2025 23:55:33 Europe/Berlin] With params: []
[22-Apr-2025 23:55:33 Europe/Berlin] Query executed successfully. Found 2 rows
[22-Apr-2025 23:55:33 Europe/Berlin] Executing SQL: SELECT * FROM matches WHERE 1=1 ORDER BY match_time DESC
[22-Apr-2025 23:55:33 Europe/Berlin] With params: []
[22-Apr-2025 23:55:33 Europe/Berlin] Query executed successfully. Found 13 rows
[22-Apr-2025 23:55:33 Europe/Berlin] PHP Warning:  Undefined array key "status" in /Applications/XAMPP/xamppfiles/htdocs/sportsync/public/admin.php on line 819
[22-Apr-2025 23:55:33 Europe/Berlin] PHP Warning:  Undefined array key "status" in /Applications/XAMPP/xamppfiles/htdocs/sportsync/public/admin.php on line 820
[22-Apr-2025 23:55:33 Europe/Berlin] PHP Warning:  Undefined array key "status" in /Applications/XAMPP/xamppfiles/htdocs/sportsync/public/admin.php on line 821
[22-Apr-2025 23:55:33 Europe/Berlin] PHP Warning:  Undefined array key "status" in /Applications/XAMPP/xamppfiles/htdocs/sportsync/public/admin.php on line 819
[22-Apr-2025 23:55:33 Europe/Berlin] PHP Warning:  Undefined array key "status" in /Applications/XAMPP/xamppfiles/htdocs/sportsync/public/admin.php on line 820
[22-Apr-2025 23:55:33 Europe/Berlin] PHP Warning:  Undefined array key "status" in /Applications/XAMPP/xamppfiles/htdocs/sportsync/public/admin.php on line 821
[22-Apr-2025 23:55:33 Europe/Berlin] PHP Warning:  Undefined array key "status" in /Applications/XAMPP/xamppfiles/htdocs/sportsync/public/admin.php on line 819
[22-Apr-2025 23:55:33 Europe/Berlin] PHP Warning:  Undefined array key "status" in /Applications/XAMPP/xamppfiles/htdocs/sportsync/public/admin.php on line 820
[22-Apr-2025 23:55:33 Europe/Berlin] PHP Warning:  Undefined array key "status" in /Applications/XAMPP/xamppfiles/htdocs/sportsync/public/admin.php on line 821
[22-Apr-2025 23:55:33 Europe/Berlin] PHP Warning:  Undefined array key "status" in /Applications/XAMPP/xamppfiles/htdocs/sportsync/public/admin.php on line 819
[22-Apr-2025 23:55:33 Europe/Berlin] PHP Warning:  Undefined array key "status" in /Applications/XAMPP/xamppfiles/htdocs/sportsync/public/admin.php on line 820
[22-Apr-2025 23:55:33 Europe/Berlin] PHP Warning:  Undefined array key "status" in /Applications/XAMPP/xamppfiles/htdocs/sportsync/public/admin.php on line 821
[22-Apr-2025 23:55:33 Europe/Berlin] PHP Warning:  Undefined array key "status" in /Applications/XAMPP/xamppfiles/htdocs/sportsync/public/admin.php on line 819
[22-Apr-2025 23:55:33 Europe/Berlin] PHP Warning:  Undefined array key "status" in /Applications/XAMPP/xamppfiles/htdocs/sportsync/public/admin.php on line 820
[22-Apr-2025 23:55:33 Europe/Berlin] PHP Warning:  Undefined array key "status" in /Applications/XAMPP/xamppfiles/htdocs/sportsync/public/admin.php on line 821
[22-Apr-2025 23:55:33 Europe/Berlin] PHP Warning:  Undefined array key "status" in /Applications/XAMPP/xamppfiles/htdocs/sportsync/public/admin.php on line 819
[22-Apr-2025 23:55:33 Europe/Berlin] PHP Warning:  Undefined array key "status" in /Applications/XAMPP/xamppfiles/htdocs/sportsync/public/admin.php on line 820
[22-Apr-2025 23:55:33 Europe/Berlin] PHP Warning:  Undefined array key "status" in /Applications/XAMPP/xamppfiles/htdocs/sportsync/public/admin.php on line 821
[22-Apr-2025 23:55:33 Europe/Berlin] PHP Warning:  Undefined array key "status" in /Applications/XAMPP/xamppfiles/htdocs/sportsync/public/admin.php on line 819
[22-Apr-2025 23:55:33 Europe/Berlin] PHP Warning:  Undefined array key "status" in /Applications/XAMPP/xamppfiles/htdocs/sportsync/public/admin.php on line 820
[22-Apr-2025 23:55:33 Europe/Berlin] PHP Warning:  Undefined array key "status" in /Applications/XAMPP/xamppfiles/htdocs/sportsync/public/admin.php on line 821
[22-Apr-2025 23:55:33 Europe/Berlin] PHP Warning:  Undefined array key "status" in /Applications/XAMPP/xamppfiles/htdocs/sportsync/public/admin.php on line 819
[22-Apr-2025 23:55:33 Europe/Berlin] PHP Warning:  Undefined array key "status" in /Applications/XAMPP/xamppfiles/htdocs/sportsync/public/admin.php on line 820
[22-Apr-2025 23:55:33 Europe/Berlin] PHP Warning:  Undefined array key "status" in /Applications/XAMPP/xamppfiles/htdocs/sportsync/public/admin.php on line 821
[22-Apr-2025 23:55:33 Europe/Berlin] PHP Warning:  Undefined array key "status" in /Applications/XAMPP/xamppfiles/htdocs/sportsync/public/admin.php on line 819
[22-Apr-2025 23:55:33 Europe/Berlin] PHP Warning:  Undefined array key "status" in /Applications/XAMPP/xamppfiles/htdocs/sportsync/public/admin.php on line 820
[22-Apr-2025 23:55:33 Europe/Berlin] PHP Warning:  Undefined array key "status" in /Applications/XAMPP/xamppfiles/htdocs/sportsync/public/admin.php on line 821
[22-Apr-2025 23:55:33 Europe/Berlin] PHP Warning:  Undefined array key "status" in /Applications/XAMPP/xamppfiles/htdocs/sportsync/public/admin.php on line 819
[22-Apr-2025 23:55:33 Europe/Berlin] PHP Warning:  Undefined array key "status" in /Applications/XAMPP/xamppfiles/htdocs/sportsync/public/admin.php on line 820
[22-Apr-2025 23:55:33 Europe/Berlin] PHP Warning:  Undefined array key "status" in /Applications/XAMPP/xamppfiles/htdocs/sportsync/public/admin.php on line 821
[22-Apr-2025 23:55:36 Europe/Berlin] Connected to database. Tables found: favorites, feedback, matches, news, newsletter, notifications, subscriptions, users
[22-Apr-2025 23:55:36 Europe/Berlin] Executing SQL: CREATE TABLE IF NOT EXISTS users (
                id INT AUTO_INCREMENT PRIMARY KEY,
                username VARCHAR(50) NOT NULL UNIQUE,
                password VARCHAR(255) NOT NULL,
                email VARCHAR(100) NOT NULL UNIQUE,
                account_type ENUM('user', 'admin') DEFAULT 'user',
                created_at TIMESTAMP DEFAULT CURRENT_TIMESTAMP
            )
[22-Apr-2025 23:55:36 Europe/Berlin] With params: []
[22-Apr-2025 23:55:36 Europe/Berlin] Query executed successfully. Found 0 rows
[22-Apr-2025 23:55:36 Europe/Berlin] Users table created or already exists
[22-Apr-2025 23:55:36 Europe/Berlin] Users table structure: [{"Field":"id","Type":"int(11)","Null":"NO","Key":"PRI","Default":null,"Extra":"auto_increment"},{"Field":"username","Type":"varchar(50)","Null":"NO","Key":"","Default":null,"Extra":""},{"Field":"email","Type":"varchar(100)","Null":"NO","Key":"UNI","Default":null,"Extra":""},{"Field":"password","Type":"varchar(255)","Null":"NO","Key":"","Default":null,"Extra":""},{"Field":"role","Type":"enum('user','admin')","Null":"YES","Key":"","Default":"user","Extra":""},{"Field":"verification_code","Type":"varchar(100)","Null":"YES","Key":"","Default":null,"Extra":""},{"Field":"is_verified","Type":"tinyint(1)","Null":"YES","Key":"","Default":"0","Extra":""},{"Field":"created_at","Type":"timestamp","Null":"NO","Key":"","Default":"current_timestamp()","Extra":""},{"Field":"favorite_sport","Type":"varchar(50)","Null":"YES","Key":"","Default":null,"Extra":""},{"Field":"favorite_team","Type":"varchar(50)","Null":"YES","Key":"","Default":null,"Extra":""},{"Field":"account_type","Type":"enum('user','admin')","Null":"YES","Key":"","Default":"user","Extra":""}]
[22-Apr-2025 23:55:36 Europe/Berlin] Number of users in database: 13
[22-Apr-2025 23:55:36 Europe/Berlin] All tables initialized successfully
[22-Apr-2025 23:55:37 Europe/Berlin] Connected to database. Tables found: favorites, feedback, matches, news, newsletter, notifications, subscriptions, users
[22-Apr-2025 23:55:37 Europe/Berlin] Executing SQL: CREATE TABLE IF NOT EXISTS users (
                id INT AUTO_INCREMENT PRIMARY KEY,
                username VARCHAR(50) NOT NULL UNIQUE,
                password VARCHAR(255) NOT NULL,
                email VARCHAR(100) NOT NULL UNIQUE,
                account_type ENUM('user', 'admin') DEFAULT 'user',
                created_at TIMESTAMP DEFAULT CURRENT_TIMESTAMP
            )
[22-Apr-2025 23:55:37 Europe/Berlin] With params: []
[22-Apr-2025 23:55:37 Europe/Berlin] Query executed successfully. Found 0 rows
[22-Apr-2025 23:55:37 Europe/Berlin] Users table created or already exists
[22-Apr-2025 23:55:37 Europe/Berlin] Users table structure: [{"Field":"id","Type":"int(11)","Null":"NO","Key":"PRI","Default":null,"Extra":"auto_increment"},{"Field":"username","Type":"varchar(50)","Null":"NO","Key":"","Default":null,"Extra":""},{"Field":"email","Type":"varchar(100)","Null":"NO","Key":"UNI","Default":null,"Extra":""},{"Field":"password","Type":"varchar(255)","Null":"NO","Key":"","Default":null,"Extra":""},{"Field":"role","Type":"enum('user','admin')","Null":"YES","Key":"","Default":"user","Extra":""},{"Field":"verification_code","Type":"varchar(100)","Null":"YES","Key":"","Default":null,"Extra":""},{"Field":"is_verified","Type":"tinyint(1)","Null":"YES","Key":"","Default":"0","Extra":""},{"Field":"created_at","Type":"timestamp","Null":"NO","Key":"","Default":"current_timestamp()","Extra":""},{"Field":"favorite_sport","Type":"varchar(50)","Null":"YES","Key":"","Default":null,"Extra":""},{"Field":"favorite_team","Type":"varchar(50)","Null":"YES","Key":"","Default":null,"Extra":""},{"Field":"account_type","Type":"enum('user','admin')","Null":"YES","Key":"","Default":"user","Extra":""}]
[22-Apr-2025 23:55:37 Europe/Berlin] Number of users in database: 13
[22-Apr-2025 23:55:37 Europe/Berlin] All tables initialized successfully
[22-Apr-2025 23:55:37 Europe/Berlin] Connected to database. Tables found: favorites, feedback, matches, news, newsletter, notifications, subscriptions, users
[22-Apr-2025 23:55:37 Europe/Berlin] Executing SQL: CREATE TABLE IF NOT EXISTS users (
                id INT AUTO_INCREMENT PRIMARY KEY,
                username VARCHAR(50) NOT NULL UNIQUE,
                password VARCHAR(255) NOT NULL,
                email VARCHAR(100) NOT NULL UNIQUE,
                account_type ENUM('user', 'admin') DEFAULT 'user',
                created_at TIMESTAMP DEFAULT CURRENT_TIMESTAMP
            )
[22-Apr-2025 23:55:37 Europe/Berlin] With params: []
[22-Apr-2025 23:55:37 Europe/Berlin] Query executed successfully. Found 0 rows
[22-Apr-2025 23:55:37 Europe/Berlin] Users table created or already exists
[22-Apr-2025 23:55:37 Europe/Berlin] Users table structure: [{"Field":"id","Type":"int(11)","Null":"NO","Key":"PRI","Default":null,"Extra":"auto_increment"},{"Field":"username","Type":"varchar(50)","Null":"NO","Key":"","Default":null,"Extra":""},{"Field":"email","Type":"varchar(100)","Null":"NO","Key":"UNI","Default":null,"Extra":""},{"Field":"password","Type":"varchar(255)","Null":"NO","Key":"","Default":null,"Extra":""},{"Field":"role","Type":"enum('user','admin')","Null":"YES","Key":"","Default":"user","Extra":""},{"Field":"verification_code","Type":"varchar(100)","Null":"YES","Key":"","Default":null,"Extra":""},{"Field":"is_verified","Type":"tinyint(1)","Null":"YES","Key":"","Default":"0","Extra":""},{"Field":"created_at","Type":"timestamp","Null":"NO","Key":"","Default":"current_timestamp()","Extra":""},{"Field":"favorite_sport","Type":"varchar(50)","Null":"YES","Key":"","Default":null,"Extra":""},{"Field":"favorite_team","Type":"varchar(50)","Null":"YES","Key":"","Default":null,"Extra":""},{"Field":"account_type","Type":"enum('user','admin')","Null":"YES","Key":"","Default":"user","Extra":""}]
[22-Apr-2025 23:55:37 Europe/Berlin] Number of users in database: 13
[22-Apr-2025 23:55:37 Europe/Berlin] All tables initialized successfully
[22-Apr-2025 23:55:37 Europe/Berlin] Database tables initialized successfully
[22-Apr-2025 23:55:37 Europe/Berlin] Executing SQL: SELECT * FROM users WHERE id = :id
[22-Apr-2025 23:55:37 Europe/Berlin] With params: {":id":12}
[22-Apr-2025 23:55:37 Europe/Berlin] Query executed successfully. Found 1 rows
[22-Apr-2025 23:55:37 Europe/Berlin] User loaded from session: varunpndey
[22-Apr-2025 23:55:37 Europe/Berlin] Executing SQL: SELECT * FROM users WHERE id = :id
[22-Apr-2025 23:55:37 Europe/Berlin] With params: {":id":12}
[22-Apr-2025 23:55:37 Europe/Berlin] Query executed successfully. Found 1 rows
[22-Apr-2025 23:55:37 Europe/Berlin] Executing SQL: SELECT * FROM news ORDER BY created_at DESC
[22-Apr-2025 23:55:37 Europe/Berlin] With params: []
[22-Apr-2025 23:55:37 Europe/Berlin] Query executed successfully. Found 5 rows
[22-Apr-2025 23:55:37 Europe/Berlin] Executing SQL: SELECT * FROM feedback ORDER BY created_at DESC
[22-Apr-2025 23:55:37 Europe/Berlin] With params: []
[22-Apr-2025 23:55:37 Europe/Berlin] Query executed successfully. Found 10 rows
[22-Apr-2025 23:55:37 Europe/Berlin] Executing SQL: SELECT * FROM matches WHERE status = 'live'
[22-Apr-2025 23:55:37 Europe/Berlin] With params: []
[22-Apr-2025 23:55:37 Europe/Berlin] Query executed successfully. Found 2 rows
[22-Apr-2025 23:55:37 Europe/Berlin] Executing SQL: SELECT * FROM matches WHERE 1=1 ORDER BY match_time DESC
[22-Apr-2025 23:55:37 Europe/Berlin] With params: []
[22-Apr-2025 23:55:37 Europe/Berlin] Query executed successfully. Found 13 rows
[22-Apr-2025 23:55:37 Europe/Berlin] PHP Warning:  Undefined array key "status" in /Applications/XAMPP/xamppfiles/htdocs/sportsync/public/admin.php on line 819
[22-Apr-2025 23:55:37 Europe/Berlin] PHP Warning:  Undefined array key "status" in /Applications/XAMPP/xamppfiles/htdocs/sportsync/public/admin.php on line 820
[22-Apr-2025 23:55:37 Europe/Berlin] PHP Warning:  Undefined array key "status" in /Applications/XAMPP/xamppfiles/htdocs/sportsync/public/admin.php on line 821
[22-Apr-2025 23:55:37 Europe/Berlin] PHP Warning:  Undefined array key "status" in /Applications/XAMPP/xamppfiles/htdocs/sportsync/public/admin.php on line 819
[22-Apr-2025 23:55:37 Europe/Berlin] PHP Warning:  Undefined array key "status" in /Applications/XAMPP/xamppfiles/htdocs/sportsync/public/admin.php on line 820
[22-Apr-2025 23:55:37 Europe/Berlin] PHP Warning:  Undefined array key "status" in /Applications/XAMPP/xamppfiles/htdocs/sportsync/public/admin.php on line 821
[22-Apr-2025 23:55:37 Europe/Berlin] PHP Warning:  Undefined array key "status" in /Applications/XAMPP/xamppfiles/htdocs/sportsync/public/admin.php on line 819
[22-Apr-2025 23:55:37 Europe/Berlin] PHP Warning:  Undefined array key "status" in /Applications/XAMPP/xamppfiles/htdocs/sportsync/public/admin.php on line 820
[22-Apr-2025 23:55:37 Europe/Berlin] PHP Warning:  Undefined array key "status" in /Applications/XAMPP/xamppfiles/htdocs/sportsync/public/admin.php on line 821
[22-Apr-2025 23:55:37 Europe/Berlin] PHP Warning:  Undefined array key "status" in /Applications/XAMPP/xamppfiles/htdocs/sportsync/public/admin.php on line 819
[22-Apr-2025 23:55:37 Europe/Berlin] PHP Warning:  Undefined array key "status" in /Applications/XAMPP/xamppfiles/htdocs/sportsync/public/admin.php on line 820
[22-Apr-2025 23:55:37 Europe/Berlin] PHP Warning:  Undefined array key "status" in /Applications/XAMPP/xamppfiles/htdocs/sportsync/public/admin.php on line 821
[22-Apr-2025 23:55:37 Europe/Berlin] PHP Warning:  Undefined array key "status" in /Applications/XAMPP/xamppfiles/htdocs/sportsync/public/admin.php on line 819
[22-Apr-2025 23:55:37 Europe/Berlin] PHP Warning:  Undefined array key "status" in /Applications/XAMPP/xamppfiles/htdocs/sportsync/public/admin.php on line 820
[22-Apr-2025 23:55:37 Europe/Berlin] PHP Warning:  Undefined array key "status" in /Applications/XAMPP/xamppfiles/htdocs/sportsync/public/admin.php on line 821
[22-Apr-2025 23:55:37 Europe/Berlin] PHP Warning:  Undefined array key "status" in /Applications/XAMPP/xamppfiles/htdocs/sportsync/public/admin.php on line 819
[22-Apr-2025 23:55:37 Europe/Berlin] PHP Warning:  Undefined array key "status" in /Applications/XAMPP/xamppfiles/htdocs/sportsync/public/admin.php on line 820
[22-Apr-2025 23:55:37 Europe/Berlin] PHP Warning:  Undefined array key "status" in /Applications/XAMPP/xamppfiles/htdocs/sportsync/public/admin.php on line 821
[22-Apr-2025 23:55:37 Europe/Berlin] PHP Warning:  Undefined array key "status" in /Applications/XAMPP/xamppfiles/htdocs/sportsync/public/admin.php on line 819
[22-Apr-2025 23:55:37 Europe/Berlin] PHP Warning:  Undefined array key "status" in /Applications/XAMPP/xamppfiles/htdocs/sportsync/public/admin.php on line 820
[22-Apr-2025 23:55:37 Europe/Berlin] PHP Warning:  Undefined array key "status" in /Applications/XAMPP/xamppfiles/htdocs/sportsync/public/admin.php on line 821
[22-Apr-2025 23:55:37 Europe/Berlin] PHP Warning:  Undefined array key "status" in /Applications/XAMPP/xamppfiles/htdocs/sportsync/public/admin.php on line 819
[22-Apr-2025 23:55:37 Europe/Berlin] PHP Warning:  Undefined array key "status" in /Applications/XAMPP/xamppfiles/htdocs/sportsync/public/admin.php on line 820
[22-Apr-2025 23:55:37 Europe/Berlin] PHP Warning:  Undefined array key "status" in /Applications/XAMPP/xamppfiles/htdocs/sportsync/public/admin.php on line 821
[22-Apr-2025 23:55:37 Europe/Berlin] PHP Warning:  Undefined array key "status" in /Applications/XAMPP/xamppfiles/htdocs/sportsync/public/admin.php on line 819
[22-Apr-2025 23:55:37 Europe/Berlin] PHP Warning:  Undefined array key "status" in /Applications/XAMPP/xamppfiles/htdocs/sportsync/public/admin.php on line 820
[22-Apr-2025 23:55:37 Europe/Berlin] PHP Warning:  Undefined array key "status" in /Applications/XAMPP/xamppfiles/htdocs/sportsync/public/admin.php on line 821
[22-Apr-2025 23:55:37 Europe/Berlin] PHP Warning:  Undefined array key "status" in /Applications/XAMPP/xamppfiles/htdocs/sportsync/public/admin.php on line 819
[22-Apr-2025 23:55:37 Europe/Berlin] PHP Warning:  Undefined array key "status" in /Applications/XAMPP/xamppfiles/htdocs/sportsync/public/admin.php on line 820
[22-Apr-2025 23:55:37 Europe/Berlin] PHP Warning:  Undefined array key "status" in /Applications/XAMPP/xamppfiles/htdocs/sportsync/public/admin.php on line 821
[23-Apr-2025 00:33:40 Europe/Berlin] Connected to database. Tables found: favorites, feedback, matches, news, newsletter, notifications, subscriptions, users
[23-Apr-2025 00:33:40 Europe/Berlin] Executing SQL: CREATE TABLE IF NOT EXISTS users (
                id INT AUTO_INCREMENT PRIMARY KEY,
                username VARCHAR(50) NOT NULL UNIQUE,
                password VARCHAR(255) NOT NULL,
                email VARCHAR(100) NOT NULL UNIQUE,
                account_type ENUM('user', 'admin') DEFAULT 'user',
                created_at TIMESTAMP DEFAULT CURRENT_TIMESTAMP
            )
[23-Apr-2025 00:33:40 Europe/Berlin] With params: []
[23-Apr-2025 00:33:40 Europe/Berlin] Query executed successfully. Found 0 rows
[23-Apr-2025 00:33:40 Europe/Berlin] Users table created or already exists
[23-Apr-2025 00:33:40 Europe/Berlin] Users table structure: [{"Field":"id","Type":"int(11)","Null":"NO","Key":"PRI","Default":null,"Extra":"auto_increment"},{"Field":"username","Type":"varchar(50)","Null":"NO","Key":"","Default":null,"Extra":""},{"Field":"email","Type":"varchar(100)","Null":"NO","Key":"UNI","Default":null,"Extra":""},{"Field":"password","Type":"varchar(255)","Null":"NO","Key":"","Default":null,"Extra":""},{"Field":"role","Type":"enum('user','admin')","Null":"YES","Key":"","Default":"user","Extra":""},{"Field":"verification_code","Type":"varchar(100)","Null":"YES","Key":"","Default":null,"Extra":""},{"Field":"is_verified","Type":"tinyint(1)","Null":"YES","Key":"","Default":"0","Extra":""},{"Field":"created_at","Type":"timestamp","Null":"NO","Key":"","Default":"current_timestamp()","Extra":""},{"Field":"favorite_sport","Type":"varchar(50)","Null":"YES","Key":"","Default":null,"Extra":""},{"Field":"favorite_team","Type":"varchar(50)","Null":"YES","Key":"","Default":null,"Extra":""},{"Field":"account_type","Type":"enum('user','admin')","Null":"YES","Key":"","Default":"user","Extra":""}]
[23-Apr-2025 00:33:40 Europe/Berlin] Number of users in database: 13
[23-Apr-2025 00:33:40 Europe/Berlin] All tables initialized successfully
[23-Apr-2025 00:33:40 Europe/Berlin] Connected to database. Tables found: favorites, feedback, matches, news, newsletter, notifications, subscriptions, users
[23-Apr-2025 00:33:40 Europe/Berlin] Executing SQL: CREATE TABLE IF NOT EXISTS users (
                id INT AUTO_INCREMENT PRIMARY KEY,
                username VARCHAR(50) NOT NULL UNIQUE,
                password VARCHAR(255) NOT NULL,
                email VARCHAR(100) NOT NULL UNIQUE,
                account_type ENUM('user', 'admin') DEFAULT 'user',
                created_at TIMESTAMP DEFAULT CURRENT_TIMESTAMP
            )
[23-Apr-2025 00:33:40 Europe/Berlin] With params: []
[23-Apr-2025 00:33:40 Europe/Berlin] Query executed successfully. Found 0 rows
[23-Apr-2025 00:33:40 Europe/Berlin] Users table created or already exists
[23-Apr-2025 00:33:40 Europe/Berlin] Users table structure: [{"Field":"id","Type":"int(11)","Null":"NO","Key":"PRI","Default":null,"Extra":"auto_increment"},{"Field":"username","Type":"varchar(50)","Null":"NO","Key":"","Default":null,"Extra":""},{"Field":"email","Type":"varchar(100)","Null":"NO","Key":"UNI","Default":null,"Extra":""},{"Field":"password","Type":"varchar(255)","Null":"NO","Key":"","Default":null,"Extra":""},{"Field":"role","Type":"enum('user','admin')","Null":"YES","Key":"","Default":"user","Extra":""},{"Field":"verification_code","Type":"varchar(100)","Null":"YES","Key":"","Default":null,"Extra":""},{"Field":"is_verified","Type":"tinyint(1)","Null":"YES","Key":"","Default":"0","Extra":""},{"Field":"created_at","Type":"timestamp","Null":"NO","Key":"","Default":"current_timestamp()","Extra":""},{"Field":"favorite_sport","Type":"varchar(50)","Null":"YES","Key":"","Default":null,"Extra":""},{"Field":"favorite_team","Type":"varchar(50)","Null":"YES","Key":"","Default":null,"Extra":""},{"Field":"account_type","Type":"enum('user','admin')","Null":"YES","Key":"","Default":"user","Extra":""}]
[23-Apr-2025 00:33:40 Europe/Berlin] Number of users in database: 13
[23-Apr-2025 00:33:40 Europe/Berlin] All tables initialized successfully
[23-Apr-2025 00:33:40 Europe/Berlin] Database tables initialized successfully
[23-Apr-2025 00:33:40 Europe/Berlin] Executing SQL: SELECT * FROM users WHERE id = :id
[23-Apr-2025 00:33:40 Europe/Berlin] With params: {":id":12}
[23-Apr-2025 00:33:40 Europe/Berlin] Query executed successfully. Found 1 rows
[23-Apr-2025 00:33:40 Europe/Berlin] User loaded from session: varunpndey
[23-Apr-2025 00:33:40 Europe/Berlin] Header - Session status: 2
[23-Apr-2025 00:33:40 Europe/Berlin] Header - Session data: {"user_id":12,"username":"varunpndey","email":"va@gmail.com","account_type":"admin"}
[23-Apr-2025 00:33:40 Europe/Berlin] Header - After session start - Status: 2
[23-Apr-2025 00:33:40 Europe/Berlin] Header - After session start - Data: {"user_id":12,"username":"varunpndey","email":"va@gmail.com","account_type":"admin"}
[23-Apr-2025 00:33:40 Europe/Berlin] Header - Is logged in: Yes
[23-Apr-2025 00:33:40 Europe/Berlin] Executing SQL: SELECT * FROM matches WHERE status = 'live'
[23-Apr-2025 00:33:40 Europe/Berlin] With params: []
[23-Apr-2025 00:33:40 Europe/Berlin] Query executed successfully. Found 2 rows
[23-Apr-2025 00:33:40 Europe/Berlin] Executing SQL: SELECT COUNT(*) as count FROM favorites 
                    WHERE user_id = :user_id AND match_id = :match_id
[23-Apr-2025 00:33:40 Europe/Berlin] With params: {":user_id":12,":match_id":11}
[23-Apr-2025 00:33:40 Europe/Berlin] Query executed successfully. Found 1 rows
[23-Apr-2025 00:33:40 Europe/Berlin] Executing SQL: SELECT COUNT(*) as count FROM favorites 
                    WHERE user_id = :user_id AND match_id = :match_id
[23-Apr-2025 00:33:40 Europe/Berlin] With params: {":user_id":12,":match_id":17}
[23-Apr-2025 00:33:40 Europe/Berlin] Query executed successfully. Found 1 rows
[23-Apr-2025 00:34:16 Europe/Berlin] Connected to database. Tables found: favorites, feedback, matches, news, newsletter, notifications, subscriptions, users
[23-Apr-2025 00:34:16 Europe/Berlin] Executing SQL: CREATE TABLE IF NOT EXISTS users (
                id INT AUTO_INCREMENT PRIMARY KEY,
                username VARCHAR(50) NOT NULL UNIQUE,
                password VARCHAR(255) NOT NULL,
                email VARCHAR(100) NOT NULL UNIQUE,
                account_type ENUM('user', 'admin') DEFAULT 'user',
                created_at TIMESTAMP DEFAULT CURRENT_TIMESTAMP
            )
[23-Apr-2025 00:34:16 Europe/Berlin] With params: []
[23-Apr-2025 00:34:16 Europe/Berlin] Query executed successfully. Found 0 rows
[23-Apr-2025 00:34:16 Europe/Berlin] Users table created or already exists
[23-Apr-2025 00:34:16 Europe/Berlin] Users table structure: [{"Field":"id","Type":"int(11)","Null":"NO","Key":"PRI","Default":null,"Extra":"auto_increment"},{"Field":"username","Type":"varchar(50)","Null":"NO","Key":"","Default":null,"Extra":""},{"Field":"email","Type":"varchar(100)","Null":"NO","Key":"UNI","Default":null,"Extra":""},{"Field":"password","Type":"varchar(255)","Null":"NO","Key":"","Default":null,"Extra":""},{"Field":"role","Type":"enum('user','admin')","Null":"YES","Key":"","Default":"user","Extra":""},{"Field":"verification_code","Type":"varchar(100)","Null":"YES","Key":"","Default":null,"Extra":""},{"Field":"is_verified","Type":"tinyint(1)","Null":"YES","Key":"","Default":"0","Extra":""},{"Field":"created_at","Type":"timestamp","Null":"NO","Key":"","Default":"current_timestamp()","Extra":""},{"Field":"favorite_sport","Type":"varchar(50)","Null":"YES","Key":"","Default":null,"Extra":""},{"Field":"favorite_team","Type":"varchar(50)","Null":"YES","Key":"","Default":null,"Extra":""},{"Field":"account_type","Type":"enum('user','admin')","Null":"YES","Key":"","Default":"user","Extra":""}]
[23-Apr-2025 00:34:16 Europe/Berlin] Number of users in database: 13
[23-Apr-2025 00:34:16 Europe/Berlin] All tables initialized successfully
[23-Apr-2025 00:34:16 Europe/Berlin] Connected to database. Tables found: favorites, feedback, matches, news, newsletter, notifications, subscriptions, users
[23-Apr-2025 00:34:16 Europe/Berlin] Executing SQL: CREATE TABLE IF NOT EXISTS users (
                id INT AUTO_INCREMENT PRIMARY KEY,
                username VARCHAR(50) NOT NULL UNIQUE,
                password VARCHAR(255) NOT NULL,
                email VARCHAR(100) NOT NULL UNIQUE,
                account_type ENUM('user', 'admin') DEFAULT 'user',
                created_at TIMESTAMP DEFAULT CURRENT_TIMESTAMP
            )
[23-Apr-2025 00:34:16 Europe/Berlin] With params: []
[23-Apr-2025 00:34:16 Europe/Berlin] Query executed successfully. Found 0 rows
[23-Apr-2025 00:34:16 Europe/Berlin] Users table created or already exists
[23-Apr-2025 00:34:16 Europe/Berlin] Users table structure: [{"Field":"id","Type":"int(11)","Null":"NO","Key":"PRI","Default":null,"Extra":"auto_increment"},{"Field":"username","Type":"varchar(50)","Null":"NO","Key":"","Default":null,"Extra":""},{"Field":"email","Type":"varchar(100)","Null":"NO","Key":"UNI","Default":null,"Extra":""},{"Field":"password","Type":"varchar(255)","Null":"NO","Key":"","Default":null,"Extra":""},{"Field":"role","Type":"enum('user','admin')","Null":"YES","Key":"","Default":"user","Extra":""},{"Field":"verification_code","Type":"varchar(100)","Null":"YES","Key":"","Default":null,"Extra":""},{"Field":"is_verified","Type":"tinyint(1)","Null":"YES","Key":"","Default":"0","Extra":""},{"Field":"created_at","Type":"timestamp","Null":"NO","Key":"","Default":"current_timestamp()","Extra":""},{"Field":"favorite_sport","Type":"varchar(50)","Null":"YES","Key":"","Default":null,"Extra":""},{"Field":"favorite_team","Type":"varchar(50)","Null":"YES","Key":"","Default":null,"Extra":""},{"Field":"account_type","Type":"enum('user','admin')","Null":"YES","Key":"","Default":"user","Extra":""}]
[23-Apr-2025 00:34:16 Europe/Berlin] Number of users in database: 13
[23-Apr-2025 00:34:16 Europe/Berlin] All tables initialized successfully
[23-Apr-2025 00:34:16 Europe/Berlin] Database tables initialized successfully
[23-Apr-2025 00:34:16 Europe/Berlin] Executing SQL: SELECT * FROM users WHERE id = :id
[23-Apr-2025 00:34:16 Europe/Berlin] With params: {":id":12}
[23-Apr-2025 00:34:16 Europe/Berlin] Query executed successfully. Found 1 rows
[23-Apr-2025 00:34:16 Europe/Berlin] User loaded from session: varunpndey
[23-Apr-2025 00:34:16 Europe/Berlin] Header - Session status: 2
[23-Apr-2025 00:34:16 Europe/Berlin] Header - Session data: {"user_id":12,"username":"varunpndey","email":"va@gmail.com","account_type":"admin"}
[23-Apr-2025 00:34:16 Europe/Berlin] Header - After session start - Status: 2
[23-Apr-2025 00:34:16 Europe/Berlin] Header - After session start - Data: {"user_id":12,"username":"varunpndey","email":"va@gmail.com","account_type":"admin"}
[23-Apr-2025 00:34:16 Europe/Berlin] Header - Is logged in: Yes
[23-Apr-2025 00:34:20 Europe/Berlin] Connected to database. Tables found: favorites, feedback, matches, news, newsletter, notifications, subscriptions, users
[23-Apr-2025 00:34:20 Europe/Berlin] Executing SQL: CREATE TABLE IF NOT EXISTS users (
                id INT AUTO_INCREMENT PRIMARY KEY,
                username VARCHAR(50) NOT NULL UNIQUE,
                password VARCHAR(255) NOT NULL,
                email VARCHAR(100) NOT NULL UNIQUE,
                account_type ENUM('user', 'admin') DEFAULT 'user',
                created_at TIMESTAMP DEFAULT CURRENT_TIMESTAMP
            )
[23-Apr-2025 00:34:20 Europe/Berlin] With params: []
[23-Apr-2025 00:34:20 Europe/Berlin] Query executed successfully. Found 0 rows
[23-Apr-2025 00:34:20 Europe/Berlin] Users table created or already exists
[23-Apr-2025 00:34:20 Europe/Berlin] Users table structure: [{"Field":"id","Type":"int(11)","Null":"NO","Key":"PRI","Default":null,"Extra":"auto_increment"},{"Field":"username","Type":"varchar(50)","Null":"NO","Key":"","Default":null,"Extra":""},{"Field":"email","Type":"varchar(100)","Null":"NO","Key":"UNI","Default":null,"Extra":""},{"Field":"password","Type":"varchar(255)","Null":"NO","Key":"","Default":null,"Extra":""},{"Field":"role","Type":"enum('user','admin')","Null":"YES","Key":"","Default":"user","Extra":""},{"Field":"verification_code","Type":"varchar(100)","Null":"YES","Key":"","Default":null,"Extra":""},{"Field":"is_verified","Type":"tinyint(1)","Null":"YES","Key":"","Default":"0","Extra":""},{"Field":"created_at","Type":"timestamp","Null":"NO","Key":"","Default":"current_timestamp()","Extra":""},{"Field":"favorite_sport","Type":"varchar(50)","Null":"YES","Key":"","Default":null,"Extra":""},{"Field":"favorite_team","Type":"varchar(50)","Null":"YES","Key":"","Default":null,"Extra":""},{"Field":"account_type","Type":"enum('user','admin')","Null":"YES","Key":"","Default":"user","Extra":""}]
[23-Apr-2025 00:34:20 Europe/Berlin] Number of users in database: 13
[23-Apr-2025 00:34:20 Europe/Berlin] All tables initialized successfully
[23-Apr-2025 00:34:20 Europe/Berlin] Connected to database. Tables found: favorites, feedback, matches, news, newsletter, notifications, subscriptions, users
[23-Apr-2025 00:34:20 Europe/Berlin] Executing SQL: CREATE TABLE IF NOT EXISTS users (
                id INT AUTO_INCREMENT PRIMARY KEY,
                username VARCHAR(50) NOT NULL UNIQUE,
                password VARCHAR(255) NOT NULL,
                email VARCHAR(100) NOT NULL UNIQUE,
                account_type ENUM('user', 'admin') DEFAULT 'user',
                created_at TIMESTAMP DEFAULT CURRENT_TIMESTAMP
            )
[23-Apr-2025 00:34:20 Europe/Berlin] With params: []
[23-Apr-2025 00:34:20 Europe/Berlin] Query executed successfully. Found 0 rows
[23-Apr-2025 00:34:20 Europe/Berlin] Users table created or already exists
[23-Apr-2025 00:34:20 Europe/Berlin] Users table structure: [{"Field":"id","Type":"int(11)","Null":"NO","Key":"PRI","Default":null,"Extra":"auto_increment"},{"Field":"username","Type":"varchar(50)","Null":"NO","Key":"","Default":null,"Extra":""},{"Field":"email","Type":"varchar(100)","Null":"NO","Key":"UNI","Default":null,"Extra":""},{"Field":"password","Type":"varchar(255)","Null":"NO","Key":"","Default":null,"Extra":""},{"Field":"role","Type":"enum('user','admin')","Null":"YES","Key":"","Default":"user","Extra":""},{"Field":"verification_code","Type":"varchar(100)","Null":"YES","Key":"","Default":null,"Extra":""},{"Field":"is_verified","Type":"tinyint(1)","Null":"YES","Key":"","Default":"0","Extra":""},{"Field":"created_at","Type":"timestamp","Null":"NO","Key":"","Default":"current_timestamp()","Extra":""},{"Field":"favorite_sport","Type":"varchar(50)","Null":"YES","Key":"","Default":null,"Extra":""},{"Field":"favorite_team","Type":"varchar(50)","Null":"YES","Key":"","Default":null,"Extra":""},{"Field":"account_type","Type":"enum('user','admin')","Null":"YES","Key":"","Default":"user","Extra":""}]
[23-Apr-2025 00:34:20 Europe/Berlin] Number of users in database: 13
[23-Apr-2025 00:34:20 Europe/Berlin] All tables initialized successfully
[23-Apr-2025 00:34:20 Europe/Berlin] Database tables initialized successfully
[23-Apr-2025 00:34:20 Europe/Berlin] Executing SQL: SELECT * FROM users WHERE id = :id
[23-Apr-2025 00:34:20 Europe/Berlin] With params: {":id":12}
[23-Apr-2025 00:34:20 Europe/Berlin] Query executed successfully. Found 1 rows
[23-Apr-2025 00:34:20 Europe/Berlin] User loaded from session: varunpndey
[23-Apr-2025 00:34:20 Europe/Berlin] Header - Session status: 2
[23-Apr-2025 00:34:20 Europe/Berlin] Header - Session data: {"user_id":12,"username":"varunpndey","email":"va@gmail.com","account_type":"admin"}
[23-Apr-2025 00:34:20 Europe/Berlin] Header - After session start - Status: 2
[23-Apr-2025 00:34:20 Europe/Berlin] Header - After session start - Data: {"user_id":12,"username":"varunpndey","email":"va@gmail.com","account_type":"admin"}
[23-Apr-2025 00:34:20 Europe/Berlin] Header - Is logged in: Yes
[23-Apr-2025 00:34:20 Europe/Berlin] Executing SQL: SELECT * FROM news ORDER BY created_at DESC LIMIT 5
[23-Apr-2025 00:34:20 Europe/Berlin] With params: []
[23-Apr-2025 00:34:20 Europe/Berlin] Query executed successfully. Found 5 rows
[23-Apr-2025 00:34:20 Europe/Berlin] Executing SQL: SELECT * FROM matches WHERE status = 'live'
[23-Apr-2025 00:34:20 Europe/Berlin] With params: []
[23-Apr-2025 00:34:20 Europe/Berlin] Query executed successfully. Found 2 rows
[23-Apr-2025 00:34:20 Europe/Berlin] Executing SQL: SELECT COUNT(*) as count FROM favorites 
                    WHERE user_id = :user_id AND match_id = :match_id
[23-Apr-2025 00:34:20 Europe/Berlin] With params: {":user_id":12,":match_id":11}
[23-Apr-2025 00:34:20 Europe/Berlin] Query executed successfully. Found 1 rows
[23-Apr-2025 00:34:20 Europe/Berlin] Executing SQL: SELECT COUNT(*) as count FROM favorites 
                    WHERE user_id = :user_id AND match_id = :match_id
[23-Apr-2025 00:34:20 Europe/Berlin] With params: {":user_id":12,":match_id":17}
[23-Apr-2025 00:34:20 Europe/Berlin] Query executed successfully. Found 1 rows
[23-Apr-2025 00:34:22 Europe/Berlin] Connected to database. Tables found: favorites, feedback, matches, news, newsletter, notifications, subscriptions, users
[23-Apr-2025 00:34:22 Europe/Berlin] Executing SQL: CREATE TABLE IF NOT EXISTS users (
                id INT AUTO_INCREMENT PRIMARY KEY,
                username VARCHAR(50) NOT NULL UNIQUE,
                password VARCHAR(255) NOT NULL,
                email VARCHAR(100) NOT NULL UNIQUE,
                account_type ENUM('user', 'admin') DEFAULT 'user',
                created_at TIMESTAMP DEFAULT CURRENT_TIMESTAMP
            )
[23-Apr-2025 00:34:22 Europe/Berlin] With params: []
[23-Apr-2025 00:34:22 Europe/Berlin] Query executed successfully. Found 0 rows
[23-Apr-2025 00:34:22 Europe/Berlin] Users table created or already exists
[23-Apr-2025 00:34:22 Europe/Berlin] Users table structure: [{"Field":"id","Type":"int(11)","Null":"NO","Key":"PRI","Default":null,"Extra":"auto_increment"},{"Field":"username","Type":"varchar(50)","Null":"NO","Key":"","Default":null,"Extra":""},{"Field":"email","Type":"varchar(100)","Null":"NO","Key":"UNI","Default":null,"Extra":""},{"Field":"password","Type":"varchar(255)","Null":"NO","Key":"","Default":null,"Extra":""},{"Field":"role","Type":"enum('user','admin')","Null":"YES","Key":"","Default":"user","Extra":""},{"Field":"verification_code","Type":"varchar(100)","Null":"YES","Key":"","Default":null,"Extra":""},{"Field":"is_verified","Type":"tinyint(1)","Null":"YES","Key":"","Default":"0","Extra":""},{"Field":"created_at","Type":"timestamp","Null":"NO","Key":"","Default":"current_timestamp()","Extra":""},{"Field":"favorite_sport","Type":"varchar(50)","Null":"YES","Key":"","Default":null,"Extra":""},{"Field":"favorite_team","Type":"varchar(50)","Null":"YES","Key":"","Default":null,"Extra":""},{"Field":"account_type","Type":"enum('user','admin')","Null":"YES","Key":"","Default":"user","Extra":""}]
[23-Apr-2025 00:34:22 Europe/Berlin] Number of users in database: 13
[23-Apr-2025 00:34:22 Europe/Berlin] All tables initialized successfully
[23-Apr-2025 00:34:22 Europe/Berlin] Connected to database. Tables found: favorites, feedback, matches, news, newsletter, notifications, subscriptions, users
[23-Apr-2025 00:34:22 Europe/Berlin] Executing SQL: CREATE TABLE IF NOT EXISTS users (
                id INT AUTO_INCREMENT PRIMARY KEY,
                username VARCHAR(50) NOT NULL UNIQUE,
                password VARCHAR(255) NOT NULL,
                email VARCHAR(100) NOT NULL UNIQUE,
                account_type ENUM('user', 'admin') DEFAULT 'user',
                created_at TIMESTAMP DEFAULT CURRENT_TIMESTAMP
            )
[23-Apr-2025 00:34:22 Europe/Berlin] With params: []
[23-Apr-2025 00:34:22 Europe/Berlin] Query executed successfully. Found 0 rows
[23-Apr-2025 00:34:22 Europe/Berlin] Users table created or already exists
[23-Apr-2025 00:34:22 Europe/Berlin] Users table structure: [{"Field":"id","Type":"int(11)","Null":"NO","Key":"PRI","Default":null,"Extra":"auto_increment"},{"Field":"username","Type":"varchar(50)","Null":"NO","Key":"","Default":null,"Extra":""},{"Field":"email","Type":"varchar(100)","Null":"NO","Key":"UNI","Default":null,"Extra":""},{"Field":"password","Type":"varchar(255)","Null":"NO","Key":"","Default":null,"Extra":""},{"Field":"role","Type":"enum('user','admin')","Null":"YES","Key":"","Default":"user","Extra":""},{"Field":"verification_code","Type":"varchar(100)","Null":"YES","Key":"","Default":null,"Extra":""},{"Field":"is_verified","Type":"tinyint(1)","Null":"YES","Key":"","Default":"0","Extra":""},{"Field":"created_at","Type":"timestamp","Null":"NO","Key":"","Default":"current_timestamp()","Extra":""},{"Field":"favorite_sport","Type":"varchar(50)","Null":"YES","Key":"","Default":null,"Extra":""},{"Field":"favorite_team","Type":"varchar(50)","Null":"YES","Key":"","Default":null,"Extra":""},{"Field":"account_type","Type":"enum('user','admin')","Null":"YES","Key":"","Default":"user","Extra":""}]
[23-Apr-2025 00:34:22 Europe/Berlin] Number of users in database: 13
[23-Apr-2025 00:34:22 Europe/Berlin] All tables initialized successfully
[23-Apr-2025 00:34:22 Europe/Berlin] Database tables initialized successfully
[23-Apr-2025 00:34:22 Europe/Berlin] Executing SQL: SELECT * FROM users WHERE id = :id
[23-Apr-2025 00:34:22 Europe/Berlin] With params: {":id":12}
[23-Apr-2025 00:34:22 Europe/Berlin] Query executed successfully. Found 1 rows
[23-Apr-2025 00:34:22 Europe/Berlin] User loaded from session: varunpndey
[23-Apr-2025 00:34:22 Europe/Berlin] Header - Session status: 2
[23-Apr-2025 00:34:22 Europe/Berlin] Header - Session data: {"user_id":12,"username":"varunpndey","email":"va@gmail.com","account_type":"admin"}
[23-Apr-2025 00:34:22 Europe/Berlin] Header - After session start - Status: 2
[23-Apr-2025 00:34:22 Europe/Berlin] Header - After session start - Data: {"user_id":12,"username":"varunpndey","email":"va@gmail.com","account_type":"admin"}
[23-Apr-2025 00:34:22 Europe/Berlin] Header - Is logged in: Yes
[23-Apr-2025 00:34:22 Europe/Berlin] Executing SQL: SELECT * FROM news ORDER BY created_at DESC LIMIT 5
[23-Apr-2025 00:34:22 Europe/Berlin] With params: []
[23-Apr-2025 00:34:22 Europe/Berlin] Query executed successfully. Found 5 rows
[23-Apr-2025 00:34:22 Europe/Berlin] Executing SQL: SELECT * FROM matches WHERE status = 'live'
[23-Apr-2025 00:34:22 Europe/Berlin] With params: []
[23-Apr-2025 00:34:22 Europe/Berlin] Query executed successfully. Found 2 rows
[23-Apr-2025 00:34:22 Europe/Berlin] Executing SQL: SELECT COUNT(*) as count FROM favorites 
                    WHERE user_id = :user_id AND match_id = :match_id
[23-Apr-2025 00:34:22 Europe/Berlin] With params: {":user_id":12,":match_id":11}
[23-Apr-2025 00:34:22 Europe/Berlin] Query executed successfully. Found 1 rows
[23-Apr-2025 00:34:22 Europe/Berlin] Executing SQL: SELECT COUNT(*) as count FROM favorites 
                    WHERE user_id = :user_id AND match_id = :match_id
[23-Apr-2025 00:34:22 Europe/Berlin] With params: {":user_id":12,":match_id":17}
[23-Apr-2025 00:34:22 Europe/Berlin] Query executed successfully. Found 1 rows
[23-Apr-2025 00:34:26 Europe/Berlin] Connected to database. Tables found: favorites, feedback, matches, news, newsletter, notifications, subscriptions, users
[23-Apr-2025 00:34:26 Europe/Berlin] Executing SQL: CREATE TABLE IF NOT EXISTS users (
                id INT AUTO_INCREMENT PRIMARY KEY,
                username VARCHAR(50) NOT NULL UNIQUE,
                password VARCHAR(255) NOT NULL,
                email VARCHAR(100) NOT NULL UNIQUE,
                account_type ENUM('user', 'admin') DEFAULT 'user',
                created_at TIMESTAMP DEFAULT CURRENT_TIMESTAMP
            )
[23-Apr-2025 00:34:26 Europe/Berlin] With params: []
[23-Apr-2025 00:34:26 Europe/Berlin] Query executed successfully. Found 0 rows
[23-Apr-2025 00:34:26 Europe/Berlin] Users table created or already exists
[23-Apr-2025 00:34:26 Europe/Berlin] Users table structure: [{"Field":"id","Type":"int(11)","Null":"NO","Key":"PRI","Default":null,"Extra":"auto_increment"},{"Field":"username","Type":"varchar(50)","Null":"NO","Key":"","Default":null,"Extra":""},{"Field":"email","Type":"varchar(100)","Null":"NO","Key":"UNI","Default":null,"Extra":""},{"Field":"password","Type":"varchar(255)","Null":"NO","Key":"","Default":null,"Extra":""},{"Field":"role","Type":"enum('user','admin')","Null":"YES","Key":"","Default":"user","Extra":""},{"Field":"verification_code","Type":"varchar(100)","Null":"YES","Key":"","Default":null,"Extra":""},{"Field":"is_verified","Type":"tinyint(1)","Null":"YES","Key":"","Default":"0","Extra":""},{"Field":"created_at","Type":"timestamp","Null":"NO","Key":"","Default":"current_timestamp()","Extra":""},{"Field":"favorite_sport","Type":"varchar(50)","Null":"YES","Key":"","Default":null,"Extra":""},{"Field":"favorite_team","Type":"varchar(50)","Null":"YES","Key":"","Default":null,"Extra":""},{"Field":"account_type","Type":"enum('user','admin')","Null":"YES","Key":"","Default":"user","Extra":""}]
[23-Apr-2025 00:34:26 Europe/Berlin] Number of users in database: 13
[23-Apr-2025 00:34:26 Europe/Berlin] All tables initialized successfully
[23-Apr-2025 00:34:26 Europe/Berlin] Connected to database. Tables found: favorites, feedback, matches, news, newsletter, notifications, subscriptions, users
[23-Apr-2025 00:34:26 Europe/Berlin] Executing SQL: CREATE TABLE IF NOT EXISTS users (
                id INT AUTO_INCREMENT PRIMARY KEY,
                username VARCHAR(50) NOT NULL UNIQUE,
                password VARCHAR(255) NOT NULL,
                email VARCHAR(100) NOT NULL UNIQUE,
                account_type ENUM('user', 'admin') DEFAULT 'user',
                created_at TIMESTAMP DEFAULT CURRENT_TIMESTAMP
            )
[23-Apr-2025 00:34:26 Europe/Berlin] With params: []
[23-Apr-2025 00:34:26 Europe/Berlin] Query executed successfully. Found 0 rows
[23-Apr-2025 00:34:26 Europe/Berlin] Users table created or already exists
[23-Apr-2025 00:34:26 Europe/Berlin] Users table structure: [{"Field":"id","Type":"int(11)","Null":"NO","Key":"PRI","Default":null,"Extra":"auto_increment"},{"Field":"username","Type":"varchar(50)","Null":"NO","Key":"","Default":null,"Extra":""},{"Field":"email","Type":"varchar(100)","Null":"NO","Key":"UNI","Default":null,"Extra":""},{"Field":"password","Type":"varchar(255)","Null":"NO","Key":"","Default":null,"Extra":""},{"Field":"role","Type":"enum('user','admin')","Null":"YES","Key":"","Default":"user","Extra":""},{"Field":"verification_code","Type":"varchar(100)","Null":"YES","Key":"","Default":null,"Extra":""},{"Field":"is_verified","Type":"tinyint(1)","Null":"YES","Key":"","Default":"0","Extra":""},{"Field":"created_at","Type":"timestamp","Null":"NO","Key":"","Default":"current_timestamp()","Extra":""},{"Field":"favorite_sport","Type":"varchar(50)","Null":"YES","Key":"","Default":null,"Extra":""},{"Field":"favorite_team","Type":"varchar(50)","Null":"YES","Key":"","Default":null,"Extra":""},{"Field":"account_type","Type":"enum('user','admin')","Null":"YES","Key":"","Default":"user","Extra":""}]
[23-Apr-2025 00:34:26 Europe/Berlin] Number of users in database: 13
[23-Apr-2025 00:34:26 Europe/Berlin] All tables initialized successfully
[23-Apr-2025 00:34:26 Europe/Berlin] Database tables initialized successfully
[23-Apr-2025 00:34:26 Europe/Berlin] Executing SQL: SELECT * FROM users WHERE id = :id
[23-Apr-2025 00:34:26 Europe/Berlin] With params: {":id":12}
[23-Apr-2025 00:34:26 Europe/Berlin] Query executed successfully. Found 1 rows
[23-Apr-2025 00:34:26 Europe/Berlin] User loaded from session: varunpndey
[23-Apr-2025 00:34:26 Europe/Berlin] Executing SQL: SELECT * FROM users WHERE id = :id
[23-Apr-2025 00:34:26 Europe/Berlin] With params: {":id":12}
[23-Apr-2025 00:34:26 Europe/Berlin] Query executed successfully. Found 1 rows
[23-Apr-2025 00:34:26 Europe/Berlin] Executing SQL: SELECT * FROM news ORDER BY created_at DESC
[23-Apr-2025 00:34:26 Europe/Berlin] With params: []
[23-Apr-2025 00:34:26 Europe/Berlin] Query executed successfully. Found 5 rows
[23-Apr-2025 00:34:26 Europe/Berlin] Executing SQL: SELECT * FROM feedback ORDER BY created_at DESC
[23-Apr-2025 00:34:26 Europe/Berlin] With params: []
[23-Apr-2025 00:34:26 Europe/Berlin] Query executed successfully. Found 10 rows
[23-Apr-2025 00:34:26 Europe/Berlin] Executing SQL: SELECT * FROM matches WHERE status = 'live'
[23-Apr-2025 00:34:26 Europe/Berlin] With params: []
[23-Apr-2025 00:34:26 Europe/Berlin] Query executed successfully. Found 2 rows
[23-Apr-2025 00:34:26 Europe/Berlin] Executing SQL: SELECT * FROM matches WHERE 1=1 ORDER BY match_time DESC
[23-Apr-2025 00:34:26 Europe/Berlin] With params: []
[23-Apr-2025 00:34:26 Europe/Berlin] Query executed successfully. Found 13 rows
[23-Apr-2025 00:34:26 Europe/Berlin] PHP Warning:  Undefined array key "status" in /Applications/XAMPP/xamppfiles/htdocs/sportsync/public/admin.php on line 819
[23-Apr-2025 00:34:26 Europe/Berlin] PHP Warning:  Undefined array key "status" in /Applications/XAMPP/xamppfiles/htdocs/sportsync/public/admin.php on line 820
[23-Apr-2025 00:34:26 Europe/Berlin] PHP Warning:  Undefined array key "status" in /Applications/XAMPP/xamppfiles/htdocs/sportsync/public/admin.php on line 821
[23-Apr-2025 00:34:26 Europe/Berlin] PHP Warning:  Undefined array key "status" in /Applications/XAMPP/xamppfiles/htdocs/sportsync/public/admin.php on line 819
[23-Apr-2025 00:34:26 Europe/Berlin] PHP Warning:  Undefined array key "status" in /Applications/XAMPP/xamppfiles/htdocs/sportsync/public/admin.php on line 820
[23-Apr-2025 00:34:26 Europe/Berlin] PHP Warning:  Undefined array key "status" in /Applications/XAMPP/xamppfiles/htdocs/sportsync/public/admin.php on line 821
[23-Apr-2025 00:34:26 Europe/Berlin] PHP Warning:  Undefined array key "status" in /Applications/XAMPP/xamppfiles/htdocs/sportsync/public/admin.php on line 819
[23-Apr-2025 00:34:26 Europe/Berlin] PHP Warning:  Undefined array key "status" in /Applications/XAMPP/xamppfiles/htdocs/sportsync/public/admin.php on line 820
[23-Apr-2025 00:34:26 Europe/Berlin] PHP Warning:  Undefined array key "status" in /Applications/XAMPP/xamppfiles/htdocs/sportsync/public/admin.php on line 821
[23-Apr-2025 00:34:26 Europe/Berlin] PHP Warning:  Undefined array key "status" in /Applications/XAMPP/xamppfiles/htdocs/sportsync/public/admin.php on line 819
[23-Apr-2025 00:34:26 Europe/Berlin] PHP Warning:  Undefined array key "status" in /Applications/XAMPP/xamppfiles/htdocs/sportsync/public/admin.php on line 820
[23-Apr-2025 00:34:26 Europe/Berlin] PHP Warning:  Undefined array key "status" in /Applications/XAMPP/xamppfiles/htdocs/sportsync/public/admin.php on line 821
[23-Apr-2025 00:34:26 Europe/Berlin] PHP Warning:  Undefined array key "status" in /Applications/XAMPP/xamppfiles/htdocs/sportsync/public/admin.php on line 819
[23-Apr-2025 00:34:26 Europe/Berlin] PHP Warning:  Undefined array key "status" in /Applications/XAMPP/xamppfiles/htdocs/sportsync/public/admin.php on line 820
[23-Apr-2025 00:34:26 Europe/Berlin] PHP Warning:  Undefined array key "status" in /Applications/XAMPP/xamppfiles/htdocs/sportsync/public/admin.php on line 821
[23-Apr-2025 00:34:26 Europe/Berlin] PHP Warning:  Undefined array key "status" in /Applications/XAMPP/xamppfiles/htdocs/sportsync/public/admin.php on line 819
[23-Apr-2025 00:34:26 Europe/Berlin] PHP Warning:  Undefined array key "status" in /Applications/XAMPP/xamppfiles/htdocs/sportsync/public/admin.php on line 820
[23-Apr-2025 00:34:26 Europe/Berlin] PHP Warning:  Undefined array key "status" in /Applications/XAMPP/xamppfiles/htdocs/sportsync/public/admin.php on line 821
[23-Apr-2025 00:34:26 Europe/Berlin] PHP Warning:  Undefined array key "status" in /Applications/XAMPP/xamppfiles/htdocs/sportsync/public/admin.php on line 819
[23-Apr-2025 00:34:26 Europe/Berlin] PHP Warning:  Undefined array key "status" in /Applications/XAMPP/xamppfiles/htdocs/sportsync/public/admin.php on line 820
[23-Apr-2025 00:34:26 Europe/Berlin] PHP Warning:  Undefined array key "status" in /Applications/XAMPP/xamppfiles/htdocs/sportsync/public/admin.php on line 821
[23-Apr-2025 00:34:26 Europe/Berlin] PHP Warning:  Undefined array key "status" in /Applications/XAMPP/xamppfiles/htdocs/sportsync/public/admin.php on line 819
[23-Apr-2025 00:34:26 Europe/Berlin] PHP Warning:  Undefined array key "status" in /Applications/XAMPP/xamppfiles/htdocs/sportsync/public/admin.php on line 820
[23-Apr-2025 00:34:26 Europe/Berlin] PHP Warning:  Undefined array key "status" in /Applications/XAMPP/xamppfiles/htdocs/sportsync/public/admin.php on line 821
[23-Apr-2025 00:34:26 Europe/Berlin] PHP Warning:  Undefined array key "status" in /Applications/XAMPP/xamppfiles/htdocs/sportsync/public/admin.php on line 819
[23-Apr-2025 00:34:26 Europe/Berlin] PHP Warning:  Undefined array key "status" in /Applications/XAMPP/xamppfiles/htdocs/sportsync/public/admin.php on line 820
[23-Apr-2025 00:34:26 Europe/Berlin] PHP Warning:  Undefined array key "status" in /Applications/XAMPP/xamppfiles/htdocs/sportsync/public/admin.php on line 821
[23-Apr-2025 00:34:26 Europe/Berlin] PHP Warning:  Undefined array key "status" in /Applications/XAMPP/xamppfiles/htdocs/sportsync/public/admin.php on line 819
[23-Apr-2025 00:34:26 Europe/Berlin] PHP Warning:  Undefined array key "status" in /Applications/XAMPP/xamppfiles/htdocs/sportsync/public/admin.php on line 820
[23-Apr-2025 00:34:26 Europe/Berlin] PHP Warning:  Undefined array key "status" in /Applications/XAMPP/xamppfiles/htdocs/sportsync/public/admin.php on line 821
[23-Apr-2025 00:36:43 Europe/Berlin] Connected to database. Tables found: favorites, feedback, matches, news, newsletter, notifications, subscriptions, users
[23-Apr-2025 00:36:43 Europe/Berlin] Executing SQL: CREATE TABLE IF NOT EXISTS users (
                id INT AUTO_INCREMENT PRIMARY KEY,
                username VARCHAR(50) NOT NULL UNIQUE,
                password VARCHAR(255) NOT NULL,
                email VARCHAR(100) NOT NULL UNIQUE,
                account_type ENUM('user', 'admin') DEFAULT 'user',
                created_at TIMESTAMP DEFAULT CURRENT_TIMESTAMP
            )
[23-Apr-2025 00:36:43 Europe/Berlin] With params: []
[23-Apr-2025 00:36:43 Europe/Berlin] Query executed successfully. Found 0 rows
[23-Apr-2025 00:36:43 Europe/Berlin] Users table created or already exists
[23-Apr-2025 00:36:43 Europe/Berlin] Users table structure: [{"Field":"id","Type":"int(11)","Null":"NO","Key":"PRI","Default":null,"Extra":"auto_increment"},{"Field":"username","Type":"varchar(50)","Null":"NO","Key":"","Default":null,"Extra":""},{"Field":"email","Type":"varchar(100)","Null":"NO","Key":"UNI","Default":null,"Extra":""},{"Field":"password","Type":"varchar(255)","Null":"NO","Key":"","Default":null,"Extra":""},{"Field":"role","Type":"enum('user','admin')","Null":"YES","Key":"","Default":"user","Extra":""},{"Field":"verification_code","Type":"varchar(100)","Null":"YES","Key":"","Default":null,"Extra":""},{"Field":"is_verified","Type":"tinyint(1)","Null":"YES","Key":"","Default":"0","Extra":""},{"Field":"created_at","Type":"timestamp","Null":"NO","Key":"","Default":"current_timestamp()","Extra":""},{"Field":"favorite_sport","Type":"varchar(50)","Null":"YES","Key":"","Default":null,"Extra":""},{"Field":"favorite_team","Type":"varchar(50)","Null":"YES","Key":"","Default":null,"Extra":""},{"Field":"account_type","Type":"enum('user','admin')","Null":"YES","Key":"","Default":"user","Extra":""}]
[23-Apr-2025 00:36:43 Europe/Berlin] Number of users in database: 13
[23-Apr-2025 00:36:43 Europe/Berlin] All tables initialized successfully
[23-Apr-2025 00:36:43 Europe/Berlin] Connected to database. Tables found: favorites, feedback, matches, news, newsletter, notifications, subscriptions, users
[23-Apr-2025 00:36:43 Europe/Berlin] Executing SQL: CREATE TABLE IF NOT EXISTS users (
                id INT AUTO_INCREMENT PRIMARY KEY,
                username VARCHAR(50) NOT NULL UNIQUE,
                password VARCHAR(255) NOT NULL,
                email VARCHAR(100) NOT NULL UNIQUE,
                account_type ENUM('user', 'admin') DEFAULT 'user',
                created_at TIMESTAMP DEFAULT CURRENT_TIMESTAMP
            )
[23-Apr-2025 00:36:43 Europe/Berlin] With params: []
[23-Apr-2025 00:36:43 Europe/Berlin] Query executed successfully. Found 0 rows
[23-Apr-2025 00:36:43 Europe/Berlin] Users table created or already exists
[23-Apr-2025 00:36:43 Europe/Berlin] Users table structure: [{"Field":"id","Type":"int(11)","Null":"NO","Key":"PRI","Default":null,"Extra":"auto_increment"},{"Field":"username","Type":"varchar(50)","Null":"NO","Key":"","Default":null,"Extra":""},{"Field":"email","Type":"varchar(100)","Null":"NO","Key":"UNI","Default":null,"Extra":""},{"Field":"password","Type":"varchar(255)","Null":"NO","Key":"","Default":null,"Extra":""},{"Field":"role","Type":"enum('user','admin')","Null":"YES","Key":"","Default":"user","Extra":""},{"Field":"verification_code","Type":"varchar(100)","Null":"YES","Key":"","Default":null,"Extra":""},{"Field":"is_verified","Type":"tinyint(1)","Null":"YES","Key":"","Default":"0","Extra":""},{"Field":"created_at","Type":"timestamp","Null":"NO","Key":"","Default":"current_timestamp()","Extra":""},{"Field":"favorite_sport","Type":"varchar(50)","Null":"YES","Key":"","Default":null,"Extra":""},{"Field":"favorite_team","Type":"varchar(50)","Null":"YES","Key":"","Default":null,"Extra":""},{"Field":"account_type","Type":"enum('user','admin')","Null":"YES","Key":"","Default":"user","Extra":""}]
[23-Apr-2025 00:36:43 Europe/Berlin] Number of users in database: 13
[23-Apr-2025 00:36:43 Europe/Berlin] All tables initialized successfully
[23-Apr-2025 00:36:43 Europe/Berlin] Database tables initialized successfully
[23-Apr-2025 00:36:43 Europe/Berlin] Executing SQL: SELECT * FROM users WHERE id = :id
[23-Apr-2025 00:36:43 Europe/Berlin] With params: {":id":12}
[23-Apr-2025 00:36:43 Europe/Berlin] Query executed successfully. Found 1 rows
[23-Apr-2025 00:36:43 Europe/Berlin] User loaded from session: varunpndey
[23-Apr-2025 00:36:43 Europe/Berlin] Header - Session status: 2
[23-Apr-2025 00:36:43 Europe/Berlin] Header - Session data: {"user_id":12,"username":"varunpndey","email":"va@gmail.com","account_type":"admin"}
[23-Apr-2025 00:36:43 Europe/Berlin] Header - After session start - Status: 2
[23-Apr-2025 00:36:43 Europe/Berlin] Header - After session start - Data: {"user_id":12,"username":"varunpndey","email":"va@gmail.com","account_type":"admin"}
[23-Apr-2025 00:36:43 Europe/Berlin] Header - Is logged in: Yes
[23-Apr-2025 00:36:43 Europe/Berlin] Executing SQL: SELECT * FROM news ORDER BY created_at DESC LIMIT 5
[23-Apr-2025 00:36:43 Europe/Berlin] With params: []
[23-Apr-2025 00:36:43 Europe/Berlin] Query executed successfully. Found 5 rows
[23-Apr-2025 00:36:43 Europe/Berlin] Executing SQL: SELECT * FROM matches WHERE status = 'live'
[23-Apr-2025 00:36:43 Europe/Berlin] With params: []
[23-Apr-2025 00:36:43 Europe/Berlin] Query executed successfully. Found 2 rows
[23-Apr-2025 00:36:43 Europe/Berlin] Executing SQL: SELECT COUNT(*) as count FROM favorites 
                    WHERE user_id = :user_id AND match_id = :match_id
[23-Apr-2025 00:36:43 Europe/Berlin] With params: {":user_id":12,":match_id":11}
[23-Apr-2025 00:36:43 Europe/Berlin] Query executed successfully. Found 1 rows
[23-Apr-2025 00:36:43 Europe/Berlin] Executing SQL: SELECT COUNT(*) as count FROM favorites 
                    WHERE user_id = :user_id AND match_id = :match_id
[23-Apr-2025 00:36:43 Europe/Berlin] With params: {":user_id":12,":match_id":17}
[23-Apr-2025 00:36:43 Europe/Berlin] Query executed successfully. Found 1 rows
[23-Apr-2025 00:36:45 Europe/Berlin] Connected to database. Tables found: favorites, feedback, matches, news, newsletter, notifications, subscriptions, users
[23-Apr-2025 00:36:45 Europe/Berlin] Executing SQL: CREATE TABLE IF NOT EXISTS users (
                id INT AUTO_INCREMENT PRIMARY KEY,
                username VARCHAR(50) NOT NULL UNIQUE,
                password VARCHAR(255) NOT NULL,
                email VARCHAR(100) NOT NULL UNIQUE,
                account_type ENUM('user', 'admin') DEFAULT 'user',
                created_at TIMESTAMP DEFAULT CURRENT_TIMESTAMP
            )
[23-Apr-2025 00:36:45 Europe/Berlin] With params: []
[23-Apr-2025 00:36:45 Europe/Berlin] Query executed successfully. Found 0 rows
[23-Apr-2025 00:36:45 Europe/Berlin] Users table created or already exists
[23-Apr-2025 00:36:45 Europe/Berlin] Users table structure: [{"Field":"id","Type":"int(11)","Null":"NO","Key":"PRI","Default":null,"Extra":"auto_increment"},{"Field":"username","Type":"varchar(50)","Null":"NO","Key":"","Default":null,"Extra":""},{"Field":"email","Type":"varchar(100)","Null":"NO","Key":"UNI","Default":null,"Extra":""},{"Field":"password","Type":"varchar(255)","Null":"NO","Key":"","Default":null,"Extra":""},{"Field":"role","Type":"enum('user','admin')","Null":"YES","Key":"","Default":"user","Extra":""},{"Field":"verification_code","Type":"varchar(100)","Null":"YES","Key":"","Default":null,"Extra":""},{"Field":"is_verified","Type":"tinyint(1)","Null":"YES","Key":"","Default":"0","Extra":""},{"Field":"created_at","Type":"timestamp","Null":"NO","Key":"","Default":"current_timestamp()","Extra":""},{"Field":"favorite_sport","Type":"varchar(50)","Null":"YES","Key":"","Default":null,"Extra":""},{"Field":"favorite_team","Type":"varchar(50)","Null":"YES","Key":"","Default":null,"Extra":""},{"Field":"account_type","Type":"enum('user','admin')","Null":"YES","Key":"","Default":"user","Extra":""}]
[23-Apr-2025 00:36:45 Europe/Berlin] Number of users in database: 13
[23-Apr-2025 00:36:45 Europe/Berlin] All tables initialized successfully
[23-Apr-2025 00:36:45 Europe/Berlin] Connected to database. Tables found: favorites, feedback, matches, news, newsletter, notifications, subscriptions, users
[23-Apr-2025 00:36:45 Europe/Berlin] Executing SQL: CREATE TABLE IF NOT EXISTS users (
                id INT AUTO_INCREMENT PRIMARY KEY,
                username VARCHAR(50) NOT NULL UNIQUE,
                password VARCHAR(255) NOT NULL,
                email VARCHAR(100) NOT NULL UNIQUE,
                account_type ENUM('user', 'admin') DEFAULT 'user',
                created_at TIMESTAMP DEFAULT CURRENT_TIMESTAMP
            )
[23-Apr-2025 00:36:45 Europe/Berlin] With params: []
[23-Apr-2025 00:36:45 Europe/Berlin] Query executed successfully. Found 0 rows
[23-Apr-2025 00:36:45 Europe/Berlin] Users table created or already exists
[23-Apr-2025 00:36:45 Europe/Berlin] Users table structure: [{"Field":"id","Type":"int(11)","Null":"NO","Key":"PRI","Default":null,"Extra":"auto_increment"},{"Field":"username","Type":"varchar(50)","Null":"NO","Key":"","Default":null,"Extra":""},{"Field":"email","Type":"varchar(100)","Null":"NO","Key":"UNI","Default":null,"Extra":""},{"Field":"password","Type":"varchar(255)","Null":"NO","Key":"","Default":null,"Extra":""},{"Field":"role","Type":"enum('user','admin')","Null":"YES","Key":"","Default":"user","Extra":""},{"Field":"verification_code","Type":"varchar(100)","Null":"YES","Key":"","Default":null,"Extra":""},{"Field":"is_verified","Type":"tinyint(1)","Null":"YES","Key":"","Default":"0","Extra":""},{"Field":"created_at","Type":"timestamp","Null":"NO","Key":"","Default":"current_timestamp()","Extra":""},{"Field":"favorite_sport","Type":"varchar(50)","Null":"YES","Key":"","Default":null,"Extra":""},{"Field":"favorite_team","Type":"varchar(50)","Null":"YES","Key":"","Default":null,"Extra":""},{"Field":"account_type","Type":"enum('user','admin')","Null":"YES","Key":"","Default":"user","Extra":""}]
[23-Apr-2025 00:36:45 Europe/Berlin] Number of users in database: 13
[23-Apr-2025 00:36:45 Europe/Berlin] All tables initialized successfully
[23-Apr-2025 00:36:45 Europe/Berlin] Database tables initialized successfully
[23-Apr-2025 00:36:45 Europe/Berlin] Executing SQL: SELECT * FROM users WHERE id = :id
[23-Apr-2025 00:36:45 Europe/Berlin] With params: {":id":12}
[23-Apr-2025 00:36:45 Europe/Berlin] Query executed successfully. Found 1 rows
[23-Apr-2025 00:36:45 Europe/Berlin] User loaded from session: varunpndey
[23-Apr-2025 00:36:45 Europe/Berlin] PHP Warning:  session_destroy(): Trying to destroy uninitialized session in /Applications/XAMPP/xamppfiles/htdocs/sportsync/public/logout.php on line 22
[23-Apr-2025 00:36:45 Europe/Berlin] Connected to database. Tables found: favorites, feedback, matches, news, newsletter, notifications, subscriptions, users
[23-Apr-2025 00:36:45 Europe/Berlin] Executing SQL: CREATE TABLE IF NOT EXISTS users (
                id INT AUTO_INCREMENT PRIMARY KEY,
                username VARCHAR(50) NOT NULL UNIQUE,
                password VARCHAR(255) NOT NULL,
                email VARCHAR(100) NOT NULL UNIQUE,
                account_type ENUM('user', 'admin') DEFAULT 'user',
                created_at TIMESTAMP DEFAULT CURRENT_TIMESTAMP
            )
[23-Apr-2025 00:36:45 Europe/Berlin] With params: []
[23-Apr-2025 00:36:45 Europe/Berlin] Query executed successfully. Found 0 rows
[23-Apr-2025 00:36:45 Europe/Berlin] Users table created or already exists
[23-Apr-2025 00:36:45 Europe/Berlin] Users table structure: [{"Field":"id","Type":"int(11)","Null":"NO","Key":"PRI","Default":null,"Extra":"auto_increment"},{"Field":"username","Type":"varchar(50)","Null":"NO","Key":"","Default":null,"Extra":""},{"Field":"email","Type":"varchar(100)","Null":"NO","Key":"UNI","Default":null,"Extra":""},{"Field":"password","Type":"varchar(255)","Null":"NO","Key":"","Default":null,"Extra":""},{"Field":"role","Type":"enum('user','admin')","Null":"YES","Key":"","Default":"user","Extra":""},{"Field":"verification_code","Type":"varchar(100)","Null":"YES","Key":"","Default":null,"Extra":""},{"Field":"is_verified","Type":"tinyint(1)","Null":"YES","Key":"","Default":"0","Extra":""},{"Field":"created_at","Type":"timestamp","Null":"NO","Key":"","Default":"current_timestamp()","Extra":""},{"Field":"favorite_sport","Type":"varchar(50)","Null":"YES","Key":"","Default":null,"Extra":""},{"Field":"favorite_team","Type":"varchar(50)","Null":"YES","Key":"","Default":null,"Extra":""},{"Field":"account_type","Type":"enum('user','admin')","Null":"YES","Key":"","Default":"user","Extra":""}]
[23-Apr-2025 00:36:45 Europe/Berlin] Number of users in database: 13
[23-Apr-2025 00:36:45 Europe/Berlin] All tables initialized successfully
[23-Apr-2025 00:36:45 Europe/Berlin] Connected to database. Tables found: favorites, feedback, matches, news, newsletter, notifications, subscriptions, users
[23-Apr-2025 00:36:45 Europe/Berlin] Executing SQL: CREATE TABLE IF NOT EXISTS users (
                id INT AUTO_INCREMENT PRIMARY KEY,
                username VARCHAR(50) NOT NULL UNIQUE,
                password VARCHAR(255) NOT NULL,
                email VARCHAR(100) NOT NULL UNIQUE,
                account_type ENUM('user', 'admin') DEFAULT 'user',
                created_at TIMESTAMP DEFAULT CURRENT_TIMESTAMP
            )
[23-Apr-2025 00:36:45 Europe/Berlin] With params: []
[23-Apr-2025 00:36:45 Europe/Berlin] Query executed successfully. Found 0 rows
[23-Apr-2025 00:36:45 Europe/Berlin] Users table created or already exists
[23-Apr-2025 00:36:45 Europe/Berlin] Users table structure: [{"Field":"id","Type":"int(11)","Null":"NO","Key":"PRI","Default":null,"Extra":"auto_increment"},{"Field":"username","Type":"varchar(50)","Null":"NO","Key":"","Default":null,"Extra":""},{"Field":"email","Type":"varchar(100)","Null":"NO","Key":"UNI","Default":null,"Extra":""},{"Field":"password","Type":"varchar(255)","Null":"NO","Key":"","Default":null,"Extra":""},{"Field":"role","Type":"enum('user','admin')","Null":"YES","Key":"","Default":"user","Extra":""},{"Field":"verification_code","Type":"varchar(100)","Null":"YES","Key":"","Default":null,"Extra":""},{"Field":"is_verified","Type":"tinyint(1)","Null":"YES","Key":"","Default":"0","Extra":""},{"Field":"created_at","Type":"timestamp","Null":"NO","Key":"","Default":"current_timestamp()","Extra":""},{"Field":"favorite_sport","Type":"varchar(50)","Null":"YES","Key":"","Default":null,"Extra":""},{"Field":"favorite_team","Type":"varchar(50)","Null":"YES","Key":"","Default":null,"Extra":""},{"Field":"account_type","Type":"enum('user','admin')","Null":"YES","Key":"","Default":"user","Extra":""}]
[23-Apr-2025 00:36:45 Europe/Berlin] Number of users in database: 13
[23-Apr-2025 00:36:45 Europe/Berlin] All tables initialized successfully
[23-Apr-2025 00:36:45 Europe/Berlin] Database tables initialized successfully
[23-Apr-2025 00:36:45 Europe/Berlin] Header - Session status: 2
[23-Apr-2025 00:36:45 Europe/Berlin] Header - Session data: []
[23-Apr-2025 00:36:45 Europe/Berlin] Header - After session start - Status: 2
[23-Apr-2025 00:36:45 Europe/Berlin] Header - After session start - Data: []
[23-Apr-2025 00:36:45 Europe/Berlin] Header - Is logged in: No
[23-Apr-2025 00:36:45 Europe/Berlin] Executing SQL: SELECT * FROM news ORDER BY created_at DESC LIMIT 5
[23-Apr-2025 00:36:45 Europe/Berlin] With params: []
[23-Apr-2025 00:36:45 Europe/Berlin] Query executed successfully. Found 5 rows
[23-Apr-2025 00:36:45 Europe/Berlin] Executing SQL: SELECT * FROM matches WHERE status = 'live'
[23-Apr-2025 00:36:45 Europe/Berlin] With params: []
[23-Apr-2025 00:36:45 Europe/Berlin] Query executed successfully. Found 2 rows
[23-Apr-2025 00:36:46 Europe/Berlin] Connected to database. Tables found: favorites, feedback, matches, news, newsletter, notifications, subscriptions, users
[23-Apr-2025 00:36:46 Europe/Berlin] Executing SQL: CREATE TABLE IF NOT EXISTS users (
                id INT AUTO_INCREMENT PRIMARY KEY,
                username VARCHAR(50) NOT NULL UNIQUE,
                password VARCHAR(255) NOT NULL,
                email VARCHAR(100) NOT NULL UNIQUE,
                account_type ENUM('user', 'admin') DEFAULT 'user',
                created_at TIMESTAMP DEFAULT CURRENT_TIMESTAMP
            )
[23-Apr-2025 00:36:46 Europe/Berlin] With params: []
[23-Apr-2025 00:36:46 Europe/Berlin] Query executed successfully. Found 0 rows
[23-Apr-2025 00:36:46 Europe/Berlin] Users table created or already exists
[23-Apr-2025 00:36:46 Europe/Berlin] Users table structure: [{"Field":"id","Type":"int(11)","Null":"NO","Key":"PRI","Default":null,"Extra":"auto_increment"},{"Field":"username","Type":"varchar(50)","Null":"NO","Key":"","Default":null,"Extra":""},{"Field":"email","Type":"varchar(100)","Null":"NO","Key":"UNI","Default":null,"Extra":""},{"Field":"password","Type":"varchar(255)","Null":"NO","Key":"","Default":null,"Extra":""},{"Field":"role","Type":"enum('user','admin')","Null":"YES","Key":"","Default":"user","Extra":""},{"Field":"verification_code","Type":"varchar(100)","Null":"YES","Key":"","Default":null,"Extra":""},{"Field":"is_verified","Type":"tinyint(1)","Null":"YES","Key":"","Default":"0","Extra":""},{"Field":"created_at","Type":"timestamp","Null":"NO","Key":"","Default":"current_timestamp()","Extra":""},{"Field":"favorite_sport","Type":"varchar(50)","Null":"YES","Key":"","Default":null,"Extra":""},{"Field":"favorite_team","Type":"varchar(50)","Null":"YES","Key":"","Default":null,"Extra":""},{"Field":"account_type","Type":"enum('user','admin')","Null":"YES","Key":"","Default":"user","Extra":""}]
[23-Apr-2025 00:36:46 Europe/Berlin] Number of users in database: 13
[23-Apr-2025 00:36:46 Europe/Berlin] All tables initialized successfully
[23-Apr-2025 00:36:46 Europe/Berlin] Connected to database. Tables found: favorites, feedback, matches, news, newsletter, notifications, subscriptions, users
[23-Apr-2025 00:36:46 Europe/Berlin] Executing SQL: CREATE TABLE IF NOT EXISTS users (
                id INT AUTO_INCREMENT PRIMARY KEY,
                username VARCHAR(50) NOT NULL UNIQUE,
                password VARCHAR(255) NOT NULL,
                email VARCHAR(100) NOT NULL UNIQUE,
                account_type ENUM('user', 'admin') DEFAULT 'user',
                created_at TIMESTAMP DEFAULT CURRENT_TIMESTAMP
            )
[23-Apr-2025 00:36:46 Europe/Berlin] With params: []
[23-Apr-2025 00:36:46 Europe/Berlin] Query executed successfully. Found 0 rows
[23-Apr-2025 00:36:46 Europe/Berlin] Users table created or already exists
[23-Apr-2025 00:36:46 Europe/Berlin] Users table structure: [{"Field":"id","Type":"int(11)","Null":"NO","Key":"PRI","Default":null,"Extra":"auto_increment"},{"Field":"username","Type":"varchar(50)","Null":"NO","Key":"","Default":null,"Extra":""},{"Field":"email","Type":"varchar(100)","Null":"NO","Key":"UNI","Default":null,"Extra":""},{"Field":"password","Type":"varchar(255)","Null":"NO","Key":"","Default":null,"Extra":""},{"Field":"role","Type":"enum('user','admin')","Null":"YES","Key":"","Default":"user","Extra":""},{"Field":"verification_code","Type":"varchar(100)","Null":"YES","Key":"","Default":null,"Extra":""},{"Field":"is_verified","Type":"tinyint(1)","Null":"YES","Key":"","Default":"0","Extra":""},{"Field":"created_at","Type":"timestamp","Null":"NO","Key":"","Default":"current_timestamp()","Extra":""},{"Field":"favorite_sport","Type":"varchar(50)","Null":"YES","Key":"","Default":null,"Extra":""},{"Field":"favorite_team","Type":"varchar(50)","Null":"YES","Key":"","Default":null,"Extra":""},{"Field":"account_type","Type":"enum('user','admin')","Null":"YES","Key":"","Default":"user","Extra":""}]
[23-Apr-2025 00:36:46 Europe/Berlin] Number of users in database: 13
[23-Apr-2025 00:36:46 Europe/Berlin] All tables initialized successfully
[23-Apr-2025 00:36:46 Europe/Berlin] Database tables initialized successfully
[23-Apr-2025 00:36:46 Europe/Berlin] Login page - Session status: 2
[23-Apr-2025 00:36:46 Europe/Berlin] Login page - Session data: []
[23-Apr-2025 00:36:46 Europe/Berlin] Header - Session status: 2
[23-Apr-2025 00:36:46 Europe/Berlin] Header - Session data: []
[23-Apr-2025 00:36:46 Europe/Berlin] Header - After session start - Status: 2
[23-Apr-2025 00:36:46 Europe/Berlin] Header - After session start - Data: []
[23-Apr-2025 00:36:46 Europe/Berlin] Header - Is logged in: No
[23-Apr-2025 00:36:46 Europe/Berlin] Login page - Final session status: 2
[23-Apr-2025 00:36:46 Europe/Berlin] Login page - Final session data: []
[23-Apr-2025 00:37:01 Europe/Berlin] Connected to database. Tables found: favorites, feedback, matches, news, newsletter, notifications, subscriptions, users
[23-Apr-2025 00:37:01 Europe/Berlin] Executing SQL: CREATE TABLE IF NOT EXISTS users (
                id INT AUTO_INCREMENT PRIMARY KEY,
                username VARCHAR(50) NOT NULL UNIQUE,
                password VARCHAR(255) NOT NULL,
                email VARCHAR(100) NOT NULL UNIQUE,
                account_type ENUM('user', 'admin') DEFAULT 'user',
                created_at TIMESTAMP DEFAULT CURRENT_TIMESTAMP
            )
[23-Apr-2025 00:37:01 Europe/Berlin] With params: []
[23-Apr-2025 00:37:01 Europe/Berlin] Query executed successfully. Found 0 rows
[23-Apr-2025 00:37:01 Europe/Berlin] Users table created or already exists
[23-Apr-2025 00:37:01 Europe/Berlin] Users table structure: [{"Field":"id","Type":"int(11)","Null":"NO","Key":"PRI","Default":null,"Extra":"auto_increment"},{"Field":"username","Type":"varchar(50)","Null":"NO","Key":"","Default":null,"Extra":""},{"Field":"email","Type":"varchar(100)","Null":"NO","Key":"UNI","Default":null,"Extra":""},{"Field":"password","Type":"varchar(255)","Null":"NO","Key":"","Default":null,"Extra":""},{"Field":"role","Type":"enum('user','admin')","Null":"YES","Key":"","Default":"user","Extra":""},{"Field":"verification_code","Type":"varchar(100)","Null":"YES","Key":"","Default":null,"Extra":""},{"Field":"is_verified","Type":"tinyint(1)","Null":"YES","Key":"","Default":"0","Extra":""},{"Field":"created_at","Type":"timestamp","Null":"NO","Key":"","Default":"current_timestamp()","Extra":""},{"Field":"favorite_sport","Type":"varchar(50)","Null":"YES","Key":"","Default":null,"Extra":""},{"Field":"favorite_team","Type":"varchar(50)","Null":"YES","Key":"","Default":null,"Extra":""},{"Field":"account_type","Type":"enum('user','admin')","Null":"YES","Key":"","Default":"user","Extra":""}]
[23-Apr-2025 00:37:01 Europe/Berlin] Number of users in database: 13
[23-Apr-2025 00:37:01 Europe/Berlin] All tables initialized successfully
[23-Apr-2025 00:37:01 Europe/Berlin] Connected to database. Tables found: favorites, feedback, matches, news, newsletter, notifications, subscriptions, users
[23-Apr-2025 00:37:01 Europe/Berlin] Executing SQL: CREATE TABLE IF NOT EXISTS users (
                id INT AUTO_INCREMENT PRIMARY KEY,
                username VARCHAR(50) NOT NULL UNIQUE,
                password VARCHAR(255) NOT NULL,
                email VARCHAR(100) NOT NULL UNIQUE,
                account_type ENUM('user', 'admin') DEFAULT 'user',
                created_at TIMESTAMP DEFAULT CURRENT_TIMESTAMP
            )
[23-Apr-2025 00:37:01 Europe/Berlin] With params: []
[23-Apr-2025 00:37:01 Europe/Berlin] Query executed successfully. Found 0 rows
[23-Apr-2025 00:37:01 Europe/Berlin] Users table created or already exists
[23-Apr-2025 00:37:01 Europe/Berlin] Users table structure: [{"Field":"id","Type":"int(11)","Null":"NO","Key":"PRI","Default":null,"Extra":"auto_increment"},{"Field":"username","Type":"varchar(50)","Null":"NO","Key":"","Default":null,"Extra":""},{"Field":"email","Type":"varchar(100)","Null":"NO","Key":"UNI","Default":null,"Extra":""},{"Field":"password","Type":"varchar(255)","Null":"NO","Key":"","Default":null,"Extra":""},{"Field":"role","Type":"enum('user','admin')","Null":"YES","Key":"","Default":"user","Extra":""},{"Field":"verification_code","Type":"varchar(100)","Null":"YES","Key":"","Default":null,"Extra":""},{"Field":"is_verified","Type":"tinyint(1)","Null":"YES","Key":"","Default":"0","Extra":""},{"Field":"created_at","Type":"timestamp","Null":"NO","Key":"","Default":"current_timestamp()","Extra":""},{"Field":"favorite_sport","Type":"varchar(50)","Null":"YES","Key":"","Default":null,"Extra":""},{"Field":"favorite_team","Type":"varchar(50)","Null":"YES","Key":"","Default":null,"Extra":""},{"Field":"account_type","Type":"enum('user','admin')","Null":"YES","Key":"","Default":"user","Extra":""}]
[23-Apr-2025 00:37:01 Europe/Berlin] Number of users in database: 13
[23-Apr-2025 00:37:01 Europe/Berlin] All tables initialized successfully
[23-Apr-2025 00:37:01 Europe/Berlin] Database tables initialized successfully
[23-Apr-2025 00:37:01 Europe/Berlin] Login page - Session status: 2
[23-Apr-2025 00:37:01 Europe/Berlin] Login page - Session data: []
[23-Apr-2025 00:37:01 Europe/Berlin] Header - Session status: 2
[23-Apr-2025 00:37:01 Europe/Berlin] Header - Session data: []
[23-Apr-2025 00:37:01 Europe/Berlin] Header - After session start - Status: 2
[23-Apr-2025 00:37:01 Europe/Berlin] Header - After session start - Data: []
[23-Apr-2025 00:37:01 Europe/Berlin] Header - Is logged in: No
[23-Apr-2025 00:37:01 Europe/Berlin] Login attempt - Email: va@gmail.com
[23-Apr-2025 00:37:01 Europe/Berlin] Attempting login for email: va@gmail.com
[23-Apr-2025 00:37:01 Europe/Berlin] Executing query with params: {":email":"va@gmail.com"}
[23-Apr-2025 00:37:01 Europe/Berlin] Executing SQL: SELECT * FROM users WHERE email = :email
[23-Apr-2025 00:37:01 Europe/Berlin] With params: {":email":"va@gmail.com"}
[23-Apr-2025 00:37:01 Europe/Berlin] Query executed successfully. Found 1 rows
[23-Apr-2025 00:37:01 Europe/Berlin] Query result: [{"id":12,"username":"varunpndey","email":"va@gmail.com","password":"$2y$10$MBSXTHnEZF2qi2.37obk3eFA6l\/VdV9TDviLUU0TqJ4jJSeuU\/0Ju","role":"admin","verification_code":null,"is_verified":0,"created_at":"2025-04-20 11:08:14","favorite_sport":null,"favorite_team":null,"account_type":"admin"}]
[23-Apr-2025 00:37:01 Europe/Berlin] User found: {"id":12,"username":"varunpndey","email":"va@gmail.com","password":"$2y$10$MBSXTHnEZF2qi2.37obk3eFA6l\/VdV9TDviLUU0TqJ4jJSeuU\/0Ju","role":"admin","verification_code":null,"is_verified":0,"created_at":"2025-04-20 11:08:14","favorite_sport":null,"favorite_team":null,"account_type":"admin"}
[23-Apr-2025 00:37:01 Europe/Berlin] Session variables set: {"user_id":12,"username":"varunpndey","email":"va@gmail.com","account_type":"admin"}
[23-Apr-2025 00:37:01 Europe/Berlin] Login result: {"success":true}
[23-Apr-2025 00:37:01 Europe/Berlin] Login successful - Session data: {"user_id":12,"username":"varunpndey","email":"va@gmail.com","account_type":"admin"}
[23-Apr-2025 00:37:01 Europe/Berlin] Login successful - Account type: admin
[23-Apr-2025 00:37:01 Europe/Berlin] Login successful - User ID: 12
[23-Apr-2025 00:37:01 Europe/Berlin] Login successful - Username: varunpndey
[23-Apr-2025 00:37:01 Europe/Berlin] Login successful - Redirecting to home
[23-Apr-2025 00:37:01 Europe/Berlin] Connected to database. Tables found: favorites, feedback, matches, news, newsletter, notifications, subscriptions, users
[23-Apr-2025 00:37:01 Europe/Berlin] Executing SQL: CREATE TABLE IF NOT EXISTS users (
                id INT AUTO_INCREMENT PRIMARY KEY,
                username VARCHAR(50) NOT NULL UNIQUE,
                password VARCHAR(255) NOT NULL,
                email VARCHAR(100) NOT NULL UNIQUE,
                account_type ENUM('user', 'admin') DEFAULT 'user',
                created_at TIMESTAMP DEFAULT CURRENT_TIMESTAMP
            )
[23-Apr-2025 00:37:01 Europe/Berlin] With params: []
[23-Apr-2025 00:37:01 Europe/Berlin] Query executed successfully. Found 0 rows
[23-Apr-2025 00:37:01 Europe/Berlin] Users table created or already exists
[23-Apr-2025 00:37:01 Europe/Berlin] Users table structure: [{"Field":"id","Type":"int(11)","Null":"NO","Key":"PRI","Default":null,"Extra":"auto_increment"},{"Field":"username","Type":"varchar(50)","Null":"NO","Key":"","Default":null,"Extra":""},{"Field":"email","Type":"varchar(100)","Null":"NO","Key":"UNI","Default":null,"Extra":""},{"Field":"password","Type":"varchar(255)","Null":"NO","Key":"","Default":null,"Extra":""},{"Field":"role","Type":"enum('user','admin')","Null":"YES","Key":"","Default":"user","Extra":""},{"Field":"verification_code","Type":"varchar(100)","Null":"YES","Key":"","Default":null,"Extra":""},{"Field":"is_verified","Type":"tinyint(1)","Null":"YES","Key":"","Default":"0","Extra":""},{"Field":"created_at","Type":"timestamp","Null":"NO","Key":"","Default":"current_timestamp()","Extra":""},{"Field":"favorite_sport","Type":"varchar(50)","Null":"YES","Key":"","Default":null,"Extra":""},{"Field":"favorite_team","Type":"varchar(50)","Null":"YES","Key":"","Default":null,"Extra":""},{"Field":"account_type","Type":"enum('user','admin')","Null":"YES","Key":"","Default":"user","Extra":""}]
[23-Apr-2025 00:37:01 Europe/Berlin] Number of users in database: 13
[23-Apr-2025 00:37:01 Europe/Berlin] All tables initialized successfully
[23-Apr-2025 00:37:01 Europe/Berlin] Connected to database. Tables found: favorites, feedback, matches, news, newsletter, notifications, subscriptions, users
[23-Apr-2025 00:37:01 Europe/Berlin] Executing SQL: CREATE TABLE IF NOT EXISTS users (
                id INT AUTO_INCREMENT PRIMARY KEY,
                username VARCHAR(50) NOT NULL UNIQUE,
                password VARCHAR(255) NOT NULL,
                email VARCHAR(100) NOT NULL UNIQUE,
                account_type ENUM('user', 'admin') DEFAULT 'user',
                created_at TIMESTAMP DEFAULT CURRENT_TIMESTAMP
            )
[23-Apr-2025 00:37:01 Europe/Berlin] With params: []
[23-Apr-2025 00:37:01 Europe/Berlin] Query executed successfully. Found 0 rows
[23-Apr-2025 00:37:01 Europe/Berlin] Users table created or already exists
[23-Apr-2025 00:37:01 Europe/Berlin] Users table structure: [{"Field":"id","Type":"int(11)","Null":"NO","Key":"PRI","Default":null,"Extra":"auto_increment"},{"Field":"username","Type":"varchar(50)","Null":"NO","Key":"","Default":null,"Extra":""},{"Field":"email","Type":"varchar(100)","Null":"NO","Key":"UNI","Default":null,"Extra":""},{"Field":"password","Type":"varchar(255)","Null":"NO","Key":"","Default":null,"Extra":""},{"Field":"role","Type":"enum('user','admin')","Null":"YES","Key":"","Default":"user","Extra":""},{"Field":"verification_code","Type":"varchar(100)","Null":"YES","Key":"","Default":null,"Extra":""},{"Field":"is_verified","Type":"tinyint(1)","Null":"YES","Key":"","Default":"0","Extra":""},{"Field":"created_at","Type":"timestamp","Null":"NO","Key":"","Default":"current_timestamp()","Extra":""},{"Field":"favorite_sport","Type":"varchar(50)","Null":"YES","Key":"","Default":null,"Extra":""},{"Field":"favorite_team","Type":"varchar(50)","Null":"YES","Key":"","Default":null,"Extra":""},{"Field":"account_type","Type":"enum('user','admin')","Null":"YES","Key":"","Default":"user","Extra":""}]
[23-Apr-2025 00:37:01 Europe/Berlin] Number of users in database: 13
[23-Apr-2025 00:37:01 Europe/Berlin] All tables initialized successfully
[23-Apr-2025 00:37:01 Europe/Berlin] Database tables initialized successfully
[23-Apr-2025 00:37:01 Europe/Berlin] Executing SQL: SELECT * FROM users WHERE id = :id
[23-Apr-2025 00:37:01 Europe/Berlin] With params: {":id":12}
[23-Apr-2025 00:37:01 Europe/Berlin] Query executed successfully. Found 1 rows
[23-Apr-2025 00:37:01 Europe/Berlin] User loaded from session: varunpndey
[23-Apr-2025 00:37:01 Europe/Berlin] Header - Session status: 2
[23-Apr-2025 00:37:01 Europe/Berlin] Header - Session data: {"user_id":12,"username":"varunpndey","email":"va@gmail.com","account_type":"admin"}
[23-Apr-2025 00:37:01 Europe/Berlin] Header - After session start - Status: 2
[23-Apr-2025 00:37:01 Europe/Berlin] Header - After session start - Data: {"user_id":12,"username":"varunpndey","email":"va@gmail.com","account_type":"admin"}
[23-Apr-2025 00:37:01 Europe/Berlin] Header - Is logged in: Yes
[23-Apr-2025 00:37:01 Europe/Berlin] Executing SQL: SELECT * FROM news ORDER BY created_at DESC LIMIT 5
[23-Apr-2025 00:37:01 Europe/Berlin] With params: []
[23-Apr-2025 00:37:01 Europe/Berlin] Query executed successfully. Found 5 rows
[23-Apr-2025 00:37:01 Europe/Berlin] Executing SQL: SELECT * FROM matches WHERE status = 'live'
[23-Apr-2025 00:37:01 Europe/Berlin] With params: []
[23-Apr-2025 00:37:01 Europe/Berlin] Query executed successfully. Found 2 rows
[23-Apr-2025 00:37:01 Europe/Berlin] Executing SQL: SELECT COUNT(*) as count FROM favorites 
                    WHERE user_id = :user_id AND match_id = :match_id
[23-Apr-2025 00:37:01 Europe/Berlin] With params: {":user_id":12,":match_id":11}
[23-Apr-2025 00:37:01 Europe/Berlin] Query executed successfully. Found 1 rows
[23-Apr-2025 00:37:01 Europe/Berlin] Executing SQL: SELECT COUNT(*) as count FROM favorites 
                    WHERE user_id = :user_id AND match_id = :match_id
[23-Apr-2025 00:37:01 Europe/Berlin] With params: {":user_id":12,":match_id":17}
[23-Apr-2025 00:37:01 Europe/Berlin] Query executed successfully. Found 1 rows
[23-Apr-2025 00:37:05 Europe/Berlin] Connected to database. Tables found: favorites, feedback, matches, news, newsletter, notifications, subscriptions, users
[23-Apr-2025 00:37:05 Europe/Berlin] Executing SQL: CREATE TABLE IF NOT EXISTS users (
                id INT AUTO_INCREMENT PRIMARY KEY,
                username VARCHAR(50) NOT NULL UNIQUE,
                password VARCHAR(255) NOT NULL,
                email VARCHAR(100) NOT NULL UNIQUE,
                account_type ENUM('user', 'admin') DEFAULT 'user',
                created_at TIMESTAMP DEFAULT CURRENT_TIMESTAMP
            )
[23-Apr-2025 00:37:05 Europe/Berlin] With params: []
[23-Apr-2025 00:37:05 Europe/Berlin] Query executed successfully. Found 0 rows
[23-Apr-2025 00:37:05 Europe/Berlin] Users table created or already exists
[23-Apr-2025 00:37:05 Europe/Berlin] Users table structure: [{"Field":"id","Type":"int(11)","Null":"NO","Key":"PRI","Default":null,"Extra":"auto_increment"},{"Field":"username","Type":"varchar(50)","Null":"NO","Key":"","Default":null,"Extra":""},{"Field":"email","Type":"varchar(100)","Null":"NO","Key":"UNI","Default":null,"Extra":""},{"Field":"password","Type":"varchar(255)","Null":"NO","Key":"","Default":null,"Extra":""},{"Field":"role","Type":"enum('user','admin')","Null":"YES","Key":"","Default":"user","Extra":""},{"Field":"verification_code","Type":"varchar(100)","Null":"YES","Key":"","Default":null,"Extra":""},{"Field":"is_verified","Type":"tinyint(1)","Null":"YES","Key":"","Default":"0","Extra":""},{"Field":"created_at","Type":"timestamp","Null":"NO","Key":"","Default":"current_timestamp()","Extra":""},{"Field":"favorite_sport","Type":"varchar(50)","Null":"YES","Key":"","Default":null,"Extra":""},{"Field":"favorite_team","Type":"varchar(50)","Null":"YES","Key":"","Default":null,"Extra":""},{"Field":"account_type","Type":"enum('user','admin')","Null":"YES","Key":"","Default":"user","Extra":""}]
[23-Apr-2025 00:37:05 Europe/Berlin] Number of users in database: 13
[23-Apr-2025 00:37:05 Europe/Berlin] All tables initialized successfully
[23-Apr-2025 00:37:05 Europe/Berlin] API Request received: /sportsync/backend/match.php
[23-Apr-2025 00:37:05 Europe/Berlin] GET parameters: Array
(
)

[23-Apr-2025 00:37:15 Europe/Berlin] Connected to database. Tables found: favorites, feedback, matches, news, newsletter, notifications, subscriptions, users
[23-Apr-2025 00:37:15 Europe/Berlin] Executing SQL: CREATE TABLE IF NOT EXISTS users (
                id INT AUTO_INCREMENT PRIMARY KEY,
                username VARCHAR(50) NOT NULL UNIQUE,
                password VARCHAR(255) NOT NULL,
                email VARCHAR(100) NOT NULL UNIQUE,
                account_type ENUM('user', 'admin') DEFAULT 'user',
                created_at TIMESTAMP DEFAULT CURRENT_TIMESTAMP
            )
[23-Apr-2025 00:37:15 Europe/Berlin] With params: []
[23-Apr-2025 00:37:15 Europe/Berlin] Query executed successfully. Found 0 rows
[23-Apr-2025 00:37:15 Europe/Berlin] Users table created or already exists
[23-Apr-2025 00:37:15 Europe/Berlin] Users table structure: [{"Field":"id","Type":"int(11)","Null":"NO","Key":"PRI","Default":null,"Extra":"auto_increment"},{"Field":"username","Type":"varchar(50)","Null":"NO","Key":"","Default":null,"Extra":""},{"Field":"email","Type":"varchar(100)","Null":"NO","Key":"UNI","Default":null,"Extra":""},{"Field":"password","Type":"varchar(255)","Null":"NO","Key":"","Default":null,"Extra":""},{"Field":"role","Type":"enum('user','admin')","Null":"YES","Key":"","Default":"user","Extra":""},{"Field":"verification_code","Type":"varchar(100)","Null":"YES","Key":"","Default":null,"Extra":""},{"Field":"is_verified","Type":"tinyint(1)","Null":"YES","Key":"","Default":"0","Extra":""},{"Field":"created_at","Type":"timestamp","Null":"NO","Key":"","Default":"current_timestamp()","Extra":""},{"Field":"favorite_sport","Type":"varchar(50)","Null":"YES","Key":"","Default":null,"Extra":""},{"Field":"favorite_team","Type":"varchar(50)","Null":"YES","Key":"","Default":null,"Extra":""},{"Field":"account_type","Type":"enum('user','admin')","Null":"YES","Key":"","Default":"user","Extra":""}]
[23-Apr-2025 00:37:15 Europe/Berlin] Number of users in database: 13
[23-Apr-2025 00:37:15 Europe/Berlin] All tables initialized successfully
[23-Apr-2025 00:37:15 Europe/Berlin] Connected to database. Tables found: favorites, feedback, matches, news, newsletter, notifications, subscriptions, users
[23-Apr-2025 00:37:15 Europe/Berlin] Executing SQL: CREATE TABLE IF NOT EXISTS users (
                id INT AUTO_INCREMENT PRIMARY KEY,
                username VARCHAR(50) NOT NULL UNIQUE,
                password VARCHAR(255) NOT NULL,
                email VARCHAR(100) NOT NULL UNIQUE,
                account_type ENUM('user', 'admin') DEFAULT 'user',
                created_at TIMESTAMP DEFAULT CURRENT_TIMESTAMP
            )
[23-Apr-2025 00:37:15 Europe/Berlin] With params: []
[23-Apr-2025 00:37:15 Europe/Berlin] Query executed successfully. Found 0 rows
[23-Apr-2025 00:37:15 Europe/Berlin] Users table created or already exists
[23-Apr-2025 00:37:15 Europe/Berlin] Users table structure: [{"Field":"id","Type":"int(11)","Null":"NO","Key":"PRI","Default":null,"Extra":"auto_increment"},{"Field":"username","Type":"varchar(50)","Null":"NO","Key":"","Default":null,"Extra":""},{"Field":"email","Type":"varchar(100)","Null":"NO","Key":"UNI","Default":null,"Extra":""},{"Field":"password","Type":"varchar(255)","Null":"NO","Key":"","Default":null,"Extra":""},{"Field":"role","Type":"enum('user','admin')","Null":"YES","Key":"","Default":"user","Extra":""},{"Field":"verification_code","Type":"varchar(100)","Null":"YES","Key":"","Default":null,"Extra":""},{"Field":"is_verified","Type":"tinyint(1)","Null":"YES","Key":"","Default":"0","Extra":""},{"Field":"created_at","Type":"timestamp","Null":"NO","Key":"","Default":"current_timestamp()","Extra":""},{"Field":"favorite_sport","Type":"varchar(50)","Null":"YES","Key":"","Default":null,"Extra":""},{"Field":"favorite_team","Type":"varchar(50)","Null":"YES","Key":"","Default":null,"Extra":""},{"Field":"account_type","Type":"enum('user','admin')","Null":"YES","Key":"","Default":"user","Extra":""}]
[23-Apr-2025 00:37:15 Europe/Berlin] Number of users in database: 13
[23-Apr-2025 00:37:15 Europe/Berlin] All tables initialized successfully
[23-Apr-2025 00:37:15 Europe/Berlin] Database tables initialized successfully
[23-Apr-2025 00:37:15 Europe/Berlin] Executing SQL: SELECT * FROM users WHERE id = :id
[23-Apr-2025 00:37:15 Europe/Berlin] With params: {":id":12}
[23-Apr-2025 00:37:15 Europe/Berlin] Query executed successfully. Found 1 rows
[23-Apr-2025 00:37:15 Europe/Berlin] User loaded from session: varunpndey
[23-Apr-2025 00:37:15 Europe/Berlin] Header - Session status: 2
[23-Apr-2025 00:37:15 Europe/Berlin] Header - Session data: {"user_id":12,"username":"varunpndey","email":"va@gmail.com","account_type":"admin"}
[23-Apr-2025 00:37:15 Europe/Berlin] Header - After session start - Status: 2
[23-Apr-2025 00:37:15 Europe/Berlin] Header - After session start - Data: {"user_id":12,"username":"varunpndey","email":"va@gmail.com","account_type":"admin"}
[23-Apr-2025 00:37:15 Europe/Berlin] Header - Is logged in: Yes
[23-Apr-2025 00:37:15 Europe/Berlin] Executing SQL: SELECT * FROM news ORDER BY created_at DESC LIMIT 5
[23-Apr-2025 00:37:15 Europe/Berlin] With params: []
[23-Apr-2025 00:37:15 Europe/Berlin] Query executed successfully. Found 5 rows
[23-Apr-2025 00:37:15 Europe/Berlin] Executing SQL: SELECT * FROM matches WHERE status = 'live'
[23-Apr-2025 00:37:15 Europe/Berlin] With params: []
[23-Apr-2025 00:37:15 Europe/Berlin] Query executed successfully. Found 2 rows
[23-Apr-2025 00:37:15 Europe/Berlin] Executing SQL: SELECT COUNT(*) as count FROM favorites 
                    WHERE user_id = :user_id AND match_id = :match_id
[23-Apr-2025 00:37:15 Europe/Berlin] With params: {":user_id":12,":match_id":11}
[23-Apr-2025 00:37:15 Europe/Berlin] Query executed successfully. Found 1 rows
[23-Apr-2025 00:37:15 Europe/Berlin] Executing SQL: SELECT COUNT(*) as count FROM favorites 
                    WHERE user_id = :user_id AND match_id = :match_id
[23-Apr-2025 00:37:15 Europe/Berlin] With params: {":user_id":12,":match_id":17}
[23-Apr-2025 00:37:15 Europe/Berlin] Query executed successfully. Found 1 rows
[23-Apr-2025 00:37:19 Europe/Berlin] Connected to database. Tables found: favorites, feedback, matches, news, newsletter, notifications, subscriptions, users
[23-Apr-2025 00:37:19 Europe/Berlin] Executing SQL: CREATE TABLE IF NOT EXISTS users (
                id INT AUTO_INCREMENT PRIMARY KEY,
                username VARCHAR(50) NOT NULL UNIQUE,
                password VARCHAR(255) NOT NULL,
                email VARCHAR(100) NOT NULL UNIQUE,
                account_type ENUM('user', 'admin') DEFAULT 'user',
                created_at TIMESTAMP DEFAULT CURRENT_TIMESTAMP
            )
[23-Apr-2025 00:37:19 Europe/Berlin] With params: []
[23-Apr-2025 00:37:19 Europe/Berlin] Query executed successfully. Found 0 rows
[23-Apr-2025 00:37:19 Europe/Berlin] Users table created or already exists
[23-Apr-2025 00:37:19 Europe/Berlin] Users table structure: [{"Field":"id","Type":"int(11)","Null":"NO","Key":"PRI","Default":null,"Extra":"auto_increment"},{"Field":"username","Type":"varchar(50)","Null":"NO","Key":"","Default":null,"Extra":""},{"Field":"email","Type":"varchar(100)","Null":"NO","Key":"UNI","Default":null,"Extra":""},{"Field":"password","Type":"varchar(255)","Null":"NO","Key":"","Default":null,"Extra":""},{"Field":"role","Type":"enum('user','admin')","Null":"YES","Key":"","Default":"user","Extra":""},{"Field":"verification_code","Type":"varchar(100)","Null":"YES","Key":"","Default":null,"Extra":""},{"Field":"is_verified","Type":"tinyint(1)","Null":"YES","Key":"","Default":"0","Extra":""},{"Field":"created_at","Type":"timestamp","Null":"NO","Key":"","Default":"current_timestamp()","Extra":""},{"Field":"favorite_sport","Type":"varchar(50)","Null":"YES","Key":"","Default":null,"Extra":""},{"Field":"favorite_team","Type":"varchar(50)","Null":"YES","Key":"","Default":null,"Extra":""},{"Field":"account_type","Type":"enum('user','admin')","Null":"YES","Key":"","Default":"user","Extra":""}]
[23-Apr-2025 00:37:19 Europe/Berlin] Number of users in database: 13
[23-Apr-2025 00:37:19 Europe/Berlin] All tables initialized successfully
[23-Apr-2025 00:37:19 Europe/Berlin] Connected to database. Tables found: favorites, feedback, matches, news, newsletter, notifications, subscriptions, users
[23-Apr-2025 00:37:19 Europe/Berlin] Executing SQL: CREATE TABLE IF NOT EXISTS users (
                id INT AUTO_INCREMENT PRIMARY KEY,
                username VARCHAR(50) NOT NULL UNIQUE,
                password VARCHAR(255) NOT NULL,
                email VARCHAR(100) NOT NULL UNIQUE,
                account_type ENUM('user', 'admin') DEFAULT 'user',
                created_at TIMESTAMP DEFAULT CURRENT_TIMESTAMP
            )
[23-Apr-2025 00:37:19 Europe/Berlin] With params: []
[23-Apr-2025 00:37:19 Europe/Berlin] Query executed successfully. Found 0 rows
[23-Apr-2025 00:37:19 Europe/Berlin] Users table created or already exists
[23-Apr-2025 00:37:19 Europe/Berlin] Users table structure: [{"Field":"id","Type":"int(11)","Null":"NO","Key":"PRI","Default":null,"Extra":"auto_increment"},{"Field":"username","Type":"varchar(50)","Null":"NO","Key":"","Default":null,"Extra":""},{"Field":"email","Type":"varchar(100)","Null":"NO","Key":"UNI","Default":null,"Extra":""},{"Field":"password","Type":"varchar(255)","Null":"NO","Key":"","Default":null,"Extra":""},{"Field":"role","Type":"enum('user','admin')","Null":"YES","Key":"","Default":"user","Extra":""},{"Field":"verification_code","Type":"varchar(100)","Null":"YES","Key":"","Default":null,"Extra":""},{"Field":"is_verified","Type":"tinyint(1)","Null":"YES","Key":"","Default":"0","Extra":""},{"Field":"created_at","Type":"timestamp","Null":"NO","Key":"","Default":"current_timestamp()","Extra":""},{"Field":"favorite_sport","Type":"varchar(50)","Null":"YES","Key":"","Default":null,"Extra":""},{"Field":"favorite_team","Type":"varchar(50)","Null":"YES","Key":"","Default":null,"Extra":""},{"Field":"account_type","Type":"enum('user','admin')","Null":"YES","Key":"","Default":"user","Extra":""}]
[23-Apr-2025 00:37:19 Europe/Berlin] Number of users in database: 13
[23-Apr-2025 00:37:19 Europe/Berlin] All tables initialized successfully
[23-Apr-2025 00:37:19 Europe/Berlin] Database tables initialized successfully
[23-Apr-2025 00:37:19 Europe/Berlin] Executing SQL: SELECT * FROM users WHERE id = :id
[23-Apr-2025 00:37:19 Europe/Berlin] With params: {":id":12}
[23-Apr-2025 00:37:19 Europe/Berlin] Query executed successfully. Found 1 rows
[23-Apr-2025 00:37:19 Europe/Berlin] User loaded from session: varunpndey
[23-Apr-2025 00:37:19 Europe/Berlin] Header - Session status: 2
[23-Apr-2025 00:37:19 Europe/Berlin] Header - Session data: {"user_id":12,"username":"varunpndey","email":"va@gmail.com","account_type":"admin"}
[23-Apr-2025 00:37:19 Europe/Berlin] Header - After session start - Status: 2
[23-Apr-2025 00:37:19 Europe/Berlin] Header - After session start - Data: {"user_id":12,"username":"varunpndey","email":"va@gmail.com","account_type":"admin"}
[23-Apr-2025 00:37:19 Europe/Berlin] Header - Is logged in: Yes
[23-Apr-2025 00:37:19 Europe/Berlin] Executing SQL: SELECT * FROM matches WHERE sport = :sport ORDER BY match_time DESC
[23-Apr-2025 00:37:19 Europe/Berlin] With params: {":sport":"cricket"}
[23-Apr-2025 00:37:19 Europe/Berlin] Query executed successfully. Found 6 rows
[23-Apr-2025 00:37:19 Europe/Berlin] Executing SQL: SELECT * FROM matches WHERE sport = :sport AND status = :status
[23-Apr-2025 00:37:19 Europe/Berlin] With params: {":sport":"cricket",":status":"live"}
[23-Apr-2025 00:37:19 Europe/Berlin] Query executed successfully. Found 1 rows
[23-Apr-2025 00:37:19 Europe/Berlin] Executing SQL: SELECT COUNT(*) as count FROM favorites 
                    WHERE user_id = :user_id AND match_id = :match_id
[23-Apr-2025 00:37:19 Europe/Berlin] With params: {":user_id":12,":match_id":14}
[23-Apr-2025 00:37:19 Europe/Berlin] Query executed successfully. Found 1 rows
[23-Apr-2025 00:37:19 Europe/Berlin] Executing SQL: SELECT COUNT(*) as count FROM favorites 
                    WHERE user_id = :user_id AND match_id = :match_id
[23-Apr-2025 00:37:19 Europe/Berlin] With params: {":user_id":12,":match_id":15}
[23-Apr-2025 00:37:19 Europe/Berlin] Query executed successfully. Found 1 rows
[23-Apr-2025 00:37:19 Europe/Berlin] Executing SQL: SELECT COUNT(*) as count FROM favorites 
                    WHERE user_id = :user_id AND match_id = :match_id
[23-Apr-2025 00:37:19 Europe/Berlin] With params: {":user_id":12,":match_id":16}
[23-Apr-2025 00:37:19 Europe/Berlin] Query executed successfully. Found 1 rows
[23-Apr-2025 00:37:19 Europe/Berlin] Executing SQL: SELECT COUNT(*) as count FROM favorites 
                    WHERE user_id = :user_id AND match_id = :match_id
[23-Apr-2025 00:37:19 Europe/Berlin] With params: {":user_id":12,":match_id":12}
[23-Apr-2025 00:37:19 Europe/Berlin] Query executed successfully. Found 1 rows
[23-Apr-2025 00:37:19 Europe/Berlin] Executing SQL: SELECT COUNT(*) as count FROM favorites 
                    WHERE user_id = :user_id AND match_id = :match_id
[23-Apr-2025 00:37:19 Europe/Berlin] With params: {":user_id":12,":match_id":11}
[23-Apr-2025 00:37:19 Europe/Berlin] Query executed successfully. Found 1 rows
[23-Apr-2025 00:37:19 Europe/Berlin] Executing SQL: SELECT COUNT(*) as count FROM favorites 
                    WHERE user_id = :user_id AND match_id = :match_id
[23-Apr-2025 00:37:19 Europe/Berlin] With params: {":user_id":12,":match_id":13}
[23-Apr-2025 00:37:19 Europe/Berlin] Query executed successfully. Found 1 rows
[23-Apr-2025 00:37:49 Europe/Berlin] Connected to database. Tables found: favorites, feedback, matches, news, newsletter, notifications, subscriptions, users
[23-Apr-2025 00:37:49 Europe/Berlin] Executing SQL: CREATE TABLE IF NOT EXISTS users (
                id INT AUTO_INCREMENT PRIMARY KEY,
                username VARCHAR(50) NOT NULL UNIQUE,
                password VARCHAR(255) NOT NULL,
                email VARCHAR(100) NOT NULL UNIQUE,
                account_type ENUM('user', 'admin') DEFAULT 'user',
                created_at TIMESTAMP DEFAULT CURRENT_TIMESTAMP
            )
[23-Apr-2025 00:37:49 Europe/Berlin] With params: []
[23-Apr-2025 00:37:49 Europe/Berlin] Query executed successfully. Found 0 rows
[23-Apr-2025 00:37:49 Europe/Berlin] Users table created or already exists
[23-Apr-2025 00:37:49 Europe/Berlin] Users table structure: [{"Field":"id","Type":"int(11)","Null":"NO","Key":"PRI","Default":null,"Extra":"auto_increment"},{"Field":"username","Type":"varchar(50)","Null":"NO","Key":"","Default":null,"Extra":""},{"Field":"email","Type":"varchar(100)","Null":"NO","Key":"UNI","Default":null,"Extra":""},{"Field":"password","Type":"varchar(255)","Null":"NO","Key":"","Default":null,"Extra":""},{"Field":"role","Type":"enum('user','admin')","Null":"YES","Key":"","Default":"user","Extra":""},{"Field":"verification_code","Type":"varchar(100)","Null":"YES","Key":"","Default":null,"Extra":""},{"Field":"is_verified","Type":"tinyint(1)","Null":"YES","Key":"","Default":"0","Extra":""},{"Field":"created_at","Type":"timestamp","Null":"NO","Key":"","Default":"current_timestamp()","Extra":""},{"Field":"favorite_sport","Type":"varchar(50)","Null":"YES","Key":"","Default":null,"Extra":""},{"Field":"favorite_team","Type":"varchar(50)","Null":"YES","Key":"","Default":null,"Extra":""},{"Field":"account_type","Type":"enum('user','admin')","Null":"YES","Key":"","Default":"user","Extra":""}]
[23-Apr-2025 00:37:49 Europe/Berlin] Number of users in database: 13
[23-Apr-2025 00:37:49 Europe/Berlin] All tables initialized successfully
[23-Apr-2025 00:37:49 Europe/Berlin] API Request received: /sportsync/backend/match.php?action=fetch_matches&sport=cricket&all=true
[23-Apr-2025 00:37:49 Europe/Berlin] GET parameters: Array
(
    [action] => fetch_matches
    [sport] => cricket
    [all] => true
)

[23-Apr-2025 00:37:49 Europe/Berlin] Executing SQL: SELECT * FROM matches WHERE sport = :sport ORDER BY match_time DESC
[23-Apr-2025 00:37:49 Europe/Berlin] With params: {":sport":"cricket"}
[23-Apr-2025 00:37:49 Europe/Berlin] Query executed successfully. Found 6 rows
[23-Apr-2025 00:38:19 Europe/Berlin] Connected to database. Tables found: favorites, feedback, matches, news, newsletter, notifications, subscriptions, users
[23-Apr-2025 00:38:19 Europe/Berlin] Executing SQL: CREATE TABLE IF NOT EXISTS users (
                id INT AUTO_INCREMENT PRIMARY KEY,
                username VARCHAR(50) NOT NULL UNIQUE,
                password VARCHAR(255) NOT NULL,
                email VARCHAR(100) NOT NULL UNIQUE,
                account_type ENUM('user', 'admin') DEFAULT 'user',
                created_at TIMESTAMP DEFAULT CURRENT_TIMESTAMP
            )
[23-Apr-2025 00:38:19 Europe/Berlin] With params: []
[23-Apr-2025 00:38:19 Europe/Berlin] Query executed successfully. Found 0 rows
[23-Apr-2025 00:38:19 Europe/Berlin] Users table created or already exists
[23-Apr-2025 00:38:19 Europe/Berlin] Users table structure: [{"Field":"id","Type":"int(11)","Null":"NO","Key":"PRI","Default":null,"Extra":"auto_increment"},{"Field":"username","Type":"varchar(50)","Null":"NO","Key":"","Default":null,"Extra":""},{"Field":"email","Type":"varchar(100)","Null":"NO","Key":"UNI","Default":null,"Extra":""},{"Field":"password","Type":"varchar(255)","Null":"NO","Key":"","Default":null,"Extra":""},{"Field":"role","Type":"enum('user','admin')","Null":"YES","Key":"","Default":"user","Extra":""},{"Field":"verification_code","Type":"varchar(100)","Null":"YES","Key":"","Default":null,"Extra":""},{"Field":"is_verified","Type":"tinyint(1)","Null":"YES","Key":"","Default":"0","Extra":""},{"Field":"created_at","Type":"timestamp","Null":"NO","Key":"","Default":"current_timestamp()","Extra":""},{"Field":"favorite_sport","Type":"varchar(50)","Null":"YES","Key":"","Default":null,"Extra":""},{"Field":"favorite_team","Type":"varchar(50)","Null":"YES","Key":"","Default":null,"Extra":""},{"Field":"account_type","Type":"enum('user','admin')","Null":"YES","Key":"","Default":"user","Extra":""}]
[23-Apr-2025 00:38:19 Europe/Berlin] Number of users in database: 13
[23-Apr-2025 00:38:19 Europe/Berlin] All tables initialized successfully
[23-Apr-2025 00:38:19 Europe/Berlin] API Request received: /sportsync/backend/match.php?action=fetch_matches&sport=cricket&all=true
[23-Apr-2025 00:38:19 Europe/Berlin] GET parameters: Array
(
    [action] => fetch_matches
    [sport] => cricket
    [all] => true
)

[23-Apr-2025 00:38:19 Europe/Berlin] Executing SQL: SELECT * FROM matches WHERE sport = :sport ORDER BY match_time DESC
[23-Apr-2025 00:38:19 Europe/Berlin] With params: {":sport":"cricket"}
[23-Apr-2025 00:38:19 Europe/Berlin] Query executed successfully. Found 6 rows
[23-Apr-2025 00:38:49 Europe/Berlin] Connected to database. Tables found: favorites, feedback, matches, news, newsletter, notifications, subscriptions, users
[23-Apr-2025 00:38:49 Europe/Berlin] Executing SQL: CREATE TABLE IF NOT EXISTS users (
                id INT AUTO_INCREMENT PRIMARY KEY,
                username VARCHAR(50) NOT NULL UNIQUE,
                password VARCHAR(255) NOT NULL,
                email VARCHAR(100) NOT NULL UNIQUE,
                account_type ENUM('user', 'admin') DEFAULT 'user',
                created_at TIMESTAMP DEFAULT CURRENT_TIMESTAMP
            )
[23-Apr-2025 00:38:49 Europe/Berlin] With params: []
[23-Apr-2025 00:38:49 Europe/Berlin] Query executed successfully. Found 0 rows
[23-Apr-2025 00:38:49 Europe/Berlin] Users table created or already exists
[23-Apr-2025 00:38:49 Europe/Berlin] Users table structure: [{"Field":"id","Type":"int(11)","Null":"NO","Key":"PRI","Default":null,"Extra":"auto_increment"},{"Field":"username","Type":"varchar(50)","Null":"NO","Key":"","Default":null,"Extra":""},{"Field":"email","Type":"varchar(100)","Null":"NO","Key":"UNI","Default":null,"Extra":""},{"Field":"password","Type":"varchar(255)","Null":"NO","Key":"","Default":null,"Extra":""},{"Field":"role","Type":"enum('user','admin')","Null":"YES","Key":"","Default":"user","Extra":""},{"Field":"verification_code","Type":"varchar(100)","Null":"YES","Key":"","Default":null,"Extra":""},{"Field":"is_verified","Type":"tinyint(1)","Null":"YES","Key":"","Default":"0","Extra":""},{"Field":"created_at","Type":"timestamp","Null":"NO","Key":"","Default":"current_timestamp()","Extra":""},{"Field":"favorite_sport","Type":"varchar(50)","Null":"YES","Key":"","Default":null,"Extra":""},{"Field":"favorite_team","Type":"varchar(50)","Null":"YES","Key":"","Default":null,"Extra":""},{"Field":"account_type","Type":"enum('user','admin')","Null":"YES","Key":"","Default":"user","Extra":""}]
[23-Apr-2025 00:38:49 Europe/Berlin] Number of users in database: 13
[23-Apr-2025 00:38:49 Europe/Berlin] All tables initialized successfully
[23-Apr-2025 00:38:49 Europe/Berlin] API Request received: /sportsync/backend/match.php?action=fetch_matches&sport=cricket&all=true
[23-Apr-2025 00:38:49 Europe/Berlin] GET parameters: Array
(
    [action] => fetch_matches
    [sport] => cricket
    [all] => true
)

[23-Apr-2025 00:38:49 Europe/Berlin] Executing SQL: SELECT * FROM matches WHERE sport = :sport ORDER BY match_time DESC
[23-Apr-2025 00:38:49 Europe/Berlin] With params: {":sport":"cricket"}
[23-Apr-2025 00:38:49 Europe/Berlin] Query executed successfully. Found 6 rows
[23-Apr-2025 00:39:19 Europe/Berlin] Connected to database. Tables found: favorites, feedback, matches, news, newsletter, notifications, subscriptions, users
[23-Apr-2025 00:39:19 Europe/Berlin] Executing SQL: CREATE TABLE IF NOT EXISTS users (
                id INT AUTO_INCREMENT PRIMARY KEY,
                username VARCHAR(50) NOT NULL UNIQUE,
                password VARCHAR(255) NOT NULL,
                email VARCHAR(100) NOT NULL UNIQUE,
                account_type ENUM('user', 'admin') DEFAULT 'user',
                created_at TIMESTAMP DEFAULT CURRENT_TIMESTAMP
            )
[23-Apr-2025 00:39:19 Europe/Berlin] With params: []
[23-Apr-2025 00:39:19 Europe/Berlin] Query executed successfully. Found 0 rows
[23-Apr-2025 00:39:19 Europe/Berlin] Users table created or already exists
[23-Apr-2025 00:39:19 Europe/Berlin] Users table structure: [{"Field":"id","Type":"int(11)","Null":"NO","Key":"PRI","Default":null,"Extra":"auto_increment"},{"Field":"username","Type":"varchar(50)","Null":"NO","Key":"","Default":null,"Extra":""},{"Field":"email","Type":"varchar(100)","Null":"NO","Key":"UNI","Default":null,"Extra":""},{"Field":"password","Type":"varchar(255)","Null":"NO","Key":"","Default":null,"Extra":""},{"Field":"role","Type":"enum('user','admin')","Null":"YES","Key":"","Default":"user","Extra":""},{"Field":"verification_code","Type":"varchar(100)","Null":"YES","Key":"","Default":null,"Extra":""},{"Field":"is_verified","Type":"tinyint(1)","Null":"YES","Key":"","Default":"0","Extra":""},{"Field":"created_at","Type":"timestamp","Null":"NO","Key":"","Default":"current_timestamp()","Extra":""},{"Field":"favorite_sport","Type":"varchar(50)","Null":"YES","Key":"","Default":null,"Extra":""},{"Field":"favorite_team","Type":"varchar(50)","Null":"YES","Key":"","Default":null,"Extra":""},{"Field":"account_type","Type":"enum('user','admin')","Null":"YES","Key":"","Default":"user","Extra":""}]
[23-Apr-2025 00:39:19 Europe/Berlin] Number of users in database: 13
[23-Apr-2025 00:39:19 Europe/Berlin] All tables initialized successfully
[23-Apr-2025 00:39:19 Europe/Berlin] API Request received: /sportsync/backend/match.php?action=fetch_matches&sport=cricket&all=true
[23-Apr-2025 00:39:19 Europe/Berlin] GET parameters: Array
(
    [action] => fetch_matches
    [sport] => cricket
    [all] => true
)

[23-Apr-2025 00:39:19 Europe/Berlin] Executing SQL: SELECT * FROM matches WHERE sport = :sport ORDER BY match_time DESC
[23-Apr-2025 00:39:19 Europe/Berlin] With params: {":sport":"cricket"}
[23-Apr-2025 00:39:19 Europe/Berlin] Query executed successfully. Found 6 rows
[23-Apr-2025 00:39:49 Europe/Berlin] Connected to database. Tables found: favorites, feedback, matches, news, newsletter, notifications, subscriptions, users
[23-Apr-2025 00:39:49 Europe/Berlin] Executing SQL: CREATE TABLE IF NOT EXISTS users (
                id INT AUTO_INCREMENT PRIMARY KEY,
                username VARCHAR(50) NOT NULL UNIQUE,
                password VARCHAR(255) NOT NULL,
                email VARCHAR(100) NOT NULL UNIQUE,
                account_type ENUM('user', 'admin') DEFAULT 'user',
                created_at TIMESTAMP DEFAULT CURRENT_TIMESTAMP
            )
[23-Apr-2025 00:39:49 Europe/Berlin] With params: []
[23-Apr-2025 00:39:49 Europe/Berlin] Query executed successfully. Found 0 rows
[23-Apr-2025 00:39:49 Europe/Berlin] Users table created or already exists
[23-Apr-2025 00:39:49 Europe/Berlin] Users table structure: [{"Field":"id","Type":"int(11)","Null":"NO","Key":"PRI","Default":null,"Extra":"auto_increment"},{"Field":"username","Type":"varchar(50)","Null":"NO","Key":"","Default":null,"Extra":""},{"Field":"email","Type":"varchar(100)","Null":"NO","Key":"UNI","Default":null,"Extra":""},{"Field":"password","Type":"varchar(255)","Null":"NO","Key":"","Default":null,"Extra":""},{"Field":"role","Type":"enum('user','admin')","Null":"YES","Key":"","Default":"user","Extra":""},{"Field":"verification_code","Type":"varchar(100)","Null":"YES","Key":"","Default":null,"Extra":""},{"Field":"is_verified","Type":"tinyint(1)","Null":"YES","Key":"","Default":"0","Extra":""},{"Field":"created_at","Type":"timestamp","Null":"NO","Key":"","Default":"current_timestamp()","Extra":""},{"Field":"favorite_sport","Type":"varchar(50)","Null":"YES","Key":"","Default":null,"Extra":""},{"Field":"favorite_team","Type":"varchar(50)","Null":"YES","Key":"","Default":null,"Extra":""},{"Field":"account_type","Type":"enum('user','admin')","Null":"YES","Key":"","Default":"user","Extra":""}]
[23-Apr-2025 00:39:49 Europe/Berlin] Number of users in database: 13
[23-Apr-2025 00:39:49 Europe/Berlin] All tables initialized successfully
[23-Apr-2025 00:39:49 Europe/Berlin] API Request received: /sportsync/backend/match.php?action=fetch_matches&sport=cricket&all=true
[23-Apr-2025 00:39:49 Europe/Berlin] GET parameters: Array
(
    [action] => fetch_matches
    [sport] => cricket
    [all] => true
)

[23-Apr-2025 00:39:49 Europe/Berlin] Executing SQL: SELECT * FROM matches WHERE sport = :sport ORDER BY match_time DESC
[23-Apr-2025 00:39:49 Europe/Berlin] With params: {":sport":"cricket"}
[23-Apr-2025 00:39:49 Europe/Berlin] Query executed successfully. Found 6 rows
[23-Apr-2025 00:40:50 Europe/Berlin] Connected to database. Tables found: favorites, feedback, matches, news, newsletter, notifications, subscriptions, users
[23-Apr-2025 00:40:50 Europe/Berlin] Executing SQL: CREATE TABLE IF NOT EXISTS users (
                id INT AUTO_INCREMENT PRIMARY KEY,
                username VARCHAR(50) NOT NULL UNIQUE,
                password VARCHAR(255) NOT NULL,
                email VARCHAR(100) NOT NULL UNIQUE,
                account_type ENUM('user', 'admin') DEFAULT 'user',
                created_at TIMESTAMP DEFAULT CURRENT_TIMESTAMP
            )
[23-Apr-2025 00:40:50 Europe/Berlin] With params: []
[23-Apr-2025 00:40:50 Europe/Berlin] Query executed successfully. Found 0 rows
[23-Apr-2025 00:40:50 Europe/Berlin] Users table created or already exists
[23-Apr-2025 00:40:50 Europe/Berlin] Users table structure: [{"Field":"id","Type":"int(11)","Null":"NO","Key":"PRI","Default":null,"Extra":"auto_increment"},{"Field":"username","Type":"varchar(50)","Null":"NO","Key":"","Default":null,"Extra":""},{"Field":"email","Type":"varchar(100)","Null":"NO","Key":"UNI","Default":null,"Extra":""},{"Field":"password","Type":"varchar(255)","Null":"NO","Key":"","Default":null,"Extra":""},{"Field":"role","Type":"enum('user','admin')","Null":"YES","Key":"","Default":"user","Extra":""},{"Field":"verification_code","Type":"varchar(100)","Null":"YES","Key":"","Default":null,"Extra":""},{"Field":"is_verified","Type":"tinyint(1)","Null":"YES","Key":"","Default":"0","Extra":""},{"Field":"created_at","Type":"timestamp","Null":"NO","Key":"","Default":"current_timestamp()","Extra":""},{"Field":"favorite_sport","Type":"varchar(50)","Null":"YES","Key":"","Default":null,"Extra":""},{"Field":"favorite_team","Type":"varchar(50)","Null":"YES","Key":"","Default":null,"Extra":""},{"Field":"account_type","Type":"enum('user','admin')","Null":"YES","Key":"","Default":"user","Extra":""}]
[23-Apr-2025 00:40:50 Europe/Berlin] Number of users in database: 13
[23-Apr-2025 00:40:50 Europe/Berlin] All tables initialized successfully
[23-Apr-2025 00:40:50 Europe/Berlin] API Request received: /sportsync/backend/match.php?action=fetch_matches&sport=cricket&all=true
[23-Apr-2025 00:40:50 Europe/Berlin] GET parameters: Array
(
    [action] => fetch_matches
    [sport] => cricket
    [all] => true
)

[23-Apr-2025 00:40:50 Europe/Berlin] Executing SQL: SELECT * FROM matches WHERE sport = :sport ORDER BY match_time DESC
[23-Apr-2025 00:40:50 Europe/Berlin] With params: {":sport":"cricket"}
[23-Apr-2025 00:40:50 Europe/Berlin] Query executed successfully. Found 6 rows
[23-Apr-2025 00:41:31 Europe/Berlin] Connected to database. Tables found: favorites, feedback, matches, news, newsletter, notifications, subscriptions, users
[23-Apr-2025 00:41:31 Europe/Berlin] Executing SQL: CREATE TABLE IF NOT EXISTS users (
                id INT AUTO_INCREMENT PRIMARY KEY,
                username VARCHAR(50) NOT NULL UNIQUE,
                password VARCHAR(255) NOT NULL,
                email VARCHAR(100) NOT NULL UNIQUE,
                account_type ENUM('user', 'admin') DEFAULT 'user',
                created_at TIMESTAMP DEFAULT CURRENT_TIMESTAMP
            )
[23-Apr-2025 00:41:31 Europe/Berlin] With params: []
[23-Apr-2025 00:41:31 Europe/Berlin] Query executed successfully. Found 0 rows
[23-Apr-2025 00:41:31 Europe/Berlin] Users table created or already exists
[23-Apr-2025 00:41:31 Europe/Berlin] Users table structure: [{"Field":"id","Type":"int(11)","Null":"NO","Key":"PRI","Default":null,"Extra":"auto_increment"},{"Field":"username","Type":"varchar(50)","Null":"NO","Key":"","Default":null,"Extra":""},{"Field":"email","Type":"varchar(100)","Null":"NO","Key":"UNI","Default":null,"Extra":""},{"Field":"password","Type":"varchar(255)","Null":"NO","Key":"","Default":null,"Extra":""},{"Field":"role","Type":"enum('user','admin')","Null":"YES","Key":"","Default":"user","Extra":""},{"Field":"verification_code","Type":"varchar(100)","Null":"YES","Key":"","Default":null,"Extra":""},{"Field":"is_verified","Type":"tinyint(1)","Null":"YES","Key":"","Default":"0","Extra":""},{"Field":"created_at","Type":"timestamp","Null":"NO","Key":"","Default":"current_timestamp()","Extra":""},{"Field":"favorite_sport","Type":"varchar(50)","Null":"YES","Key":"","Default":null,"Extra":""},{"Field":"favorite_team","Type":"varchar(50)","Null":"YES","Key":"","Default":null,"Extra":""},{"Field":"account_type","Type":"enum('user','admin')","Null":"YES","Key":"","Default":"user","Extra":""}]
[23-Apr-2025 00:41:31 Europe/Berlin] Number of users in database: 13
[23-Apr-2025 00:41:31 Europe/Berlin] All tables initialized successfully
[23-Apr-2025 00:41:31 Europe/Berlin] API Request received: /sportsync/backend/match.php?action=fetch_matches&sport=cricket&all=true
[23-Apr-2025 00:41:31 Europe/Berlin] GET parameters: Array
(
    [action] => fetch_matches
    [sport] => cricket
    [all] => true
)

[23-Apr-2025 00:41:31 Europe/Berlin] Executing SQL: SELECT * FROM matches WHERE sport = :sport ORDER BY match_time DESC
[23-Apr-2025 00:41:31 Europe/Berlin] With params: {":sport":"cricket"}
[23-Apr-2025 00:41:31 Europe/Berlin] Query executed successfully. Found 6 rows
[23-Apr-2025 00:41:33 Europe/Berlin] Connected to database. Tables found: favorites, feedback, matches, news, newsletter, notifications, subscriptions, users
[23-Apr-2025 00:41:33 Europe/Berlin] Executing SQL: CREATE TABLE IF NOT EXISTS users (
                id INT AUTO_INCREMENT PRIMARY KEY,
                username VARCHAR(50) NOT NULL UNIQUE,
                password VARCHAR(255) NOT NULL,
                email VARCHAR(100) NOT NULL UNIQUE,
                account_type ENUM('user', 'admin') DEFAULT 'user',
                created_at TIMESTAMP DEFAULT CURRENT_TIMESTAMP
            )
[23-Apr-2025 00:41:33 Europe/Berlin] With params: []
[23-Apr-2025 00:41:33 Europe/Berlin] Query executed successfully. Found 0 rows
[23-Apr-2025 00:41:33 Europe/Berlin] Users table created or already exists
[23-Apr-2025 00:41:33 Europe/Berlin] Users table structure: [{"Field":"id","Type":"int(11)","Null":"NO","Key":"PRI","Default":null,"Extra":"auto_increment"},{"Field":"username","Type":"varchar(50)","Null":"NO","Key":"","Default":null,"Extra":""},{"Field":"email","Type":"varchar(100)","Null":"NO","Key":"UNI","Default":null,"Extra":""},{"Field":"password","Type":"varchar(255)","Null":"NO","Key":"","Default":null,"Extra":""},{"Field":"role","Type":"enum('user','admin')","Null":"YES","Key":"","Default":"user","Extra":""},{"Field":"verification_code","Type":"varchar(100)","Null":"YES","Key":"","Default":null,"Extra":""},{"Field":"is_verified","Type":"tinyint(1)","Null":"YES","Key":"","Default":"0","Extra":""},{"Field":"created_at","Type":"timestamp","Null":"NO","Key":"","Default":"current_timestamp()","Extra":""},{"Field":"favorite_sport","Type":"varchar(50)","Null":"YES","Key":"","Default":null,"Extra":""},{"Field":"favorite_team","Type":"varchar(50)","Null":"YES","Key":"","Default":null,"Extra":""},{"Field":"account_type","Type":"enum('user','admin')","Null":"YES","Key":"","Default":"user","Extra":""}]
[23-Apr-2025 00:41:33 Europe/Berlin] Number of users in database: 13
[23-Apr-2025 00:41:33 Europe/Berlin] All tables initialized successfully
[23-Apr-2025 00:41:33 Europe/Berlin] Connected to database. Tables found: favorites, feedback, matches, news, newsletter, notifications, subscriptions, users
[23-Apr-2025 00:41:33 Europe/Berlin] Executing SQL: CREATE TABLE IF NOT EXISTS users (
                id INT AUTO_INCREMENT PRIMARY KEY,
                username VARCHAR(50) NOT NULL UNIQUE,
                password VARCHAR(255) NOT NULL,
                email VARCHAR(100) NOT NULL UNIQUE,
                account_type ENUM('user', 'admin') DEFAULT 'user',
                created_at TIMESTAMP DEFAULT CURRENT_TIMESTAMP
            )
[23-Apr-2025 00:41:33 Europe/Berlin] With params: []
[23-Apr-2025 00:41:33 Europe/Berlin] Query executed successfully. Found 0 rows
[23-Apr-2025 00:41:33 Europe/Berlin] Users table created or already exists
[23-Apr-2025 00:41:33 Europe/Berlin] Users table structure: [{"Field":"id","Type":"int(11)","Null":"NO","Key":"PRI","Default":null,"Extra":"auto_increment"},{"Field":"username","Type":"varchar(50)","Null":"NO","Key":"","Default":null,"Extra":""},{"Field":"email","Type":"varchar(100)","Null":"NO","Key":"UNI","Default":null,"Extra":""},{"Field":"password","Type":"varchar(255)","Null":"NO","Key":"","Default":null,"Extra":""},{"Field":"role","Type":"enum('user','admin')","Null":"YES","Key":"","Default":"user","Extra":""},{"Field":"verification_code","Type":"varchar(100)","Null":"YES","Key":"","Default":null,"Extra":""},{"Field":"is_verified","Type":"tinyint(1)","Null":"YES","Key":"","Default":"0","Extra":""},{"Field":"created_at","Type":"timestamp","Null":"NO","Key":"","Default":"current_timestamp()","Extra":""},{"Field":"favorite_sport","Type":"varchar(50)","Null":"YES","Key":"","Default":null,"Extra":""},{"Field":"favorite_team","Type":"varchar(50)","Null":"YES","Key":"","Default":null,"Extra":""},{"Field":"account_type","Type":"enum('user','admin')","Null":"YES","Key":"","Default":"user","Extra":""}]
[23-Apr-2025 00:41:33 Europe/Berlin] Number of users in database: 13
[23-Apr-2025 00:41:33 Europe/Berlin] All tables initialized successfully
[23-Apr-2025 00:41:33 Europe/Berlin] Database tables initialized successfully
[23-Apr-2025 00:41:33 Europe/Berlin] Executing SQL: SELECT * FROM users WHERE id = :id
[23-Apr-2025 00:41:33 Europe/Berlin] With params: {":id":12}
[23-Apr-2025 00:41:33 Europe/Berlin] Query executed successfully. Found 1 rows
[23-Apr-2025 00:41:33 Europe/Berlin] User loaded from session: varunpndey
[23-Apr-2025 00:41:33 Europe/Berlin] Header - Session status: 2
[23-Apr-2025 00:41:33 Europe/Berlin] Header - Session data: {"user_id":12,"username":"varunpndey","email":"va@gmail.com","account_type":"admin"}
[23-Apr-2025 00:41:33 Europe/Berlin] Header - After session start - Status: 2
[23-Apr-2025 00:41:33 Europe/Berlin] Header - After session start - Data: {"user_id":12,"username":"varunpndey","email":"va@gmail.com","account_type":"admin"}
[23-Apr-2025 00:41:33 Europe/Berlin] Header - Is logged in: Yes
[23-Apr-2025 00:41:33 Europe/Berlin] Executing SQL: SELECT * FROM matches WHERE sport = :sport ORDER BY match_time DESC
[23-Apr-2025 00:41:33 Europe/Berlin] With params: {":sport":"cricket"}
[23-Apr-2025 00:41:33 Europe/Berlin] Query executed successfully. Found 6 rows
[23-Apr-2025 00:41:33 Europe/Berlin] Executing SQL: SELECT * FROM matches WHERE sport = :sport AND status = :status
[23-Apr-2025 00:41:33 Europe/Berlin] With params: {":sport":"cricket",":status":"live"}
[23-Apr-2025 00:41:33 Europe/Berlin] Query executed successfully. Found 1 rows
[23-Apr-2025 00:41:33 Europe/Berlin] Executing SQL: SELECT COUNT(*) as count FROM favorites 
                    WHERE user_id = :user_id AND match_id = :match_id
[23-Apr-2025 00:41:33 Europe/Berlin] With params: {":user_id":12,":match_id":14}
[23-Apr-2025 00:41:33 Europe/Berlin] Query executed successfully. Found 1 rows
[23-Apr-2025 00:41:33 Europe/Berlin] Executing SQL: SELECT COUNT(*) as count FROM favorites 
                    WHERE user_id = :user_id AND match_id = :match_id
[23-Apr-2025 00:41:33 Europe/Berlin] With params: {":user_id":12,":match_id":15}
[23-Apr-2025 00:41:33 Europe/Berlin] Query executed successfully. Found 1 rows
[23-Apr-2025 00:41:33 Europe/Berlin] Executing SQL: SELECT COUNT(*) as count FROM favorites 
                    WHERE user_id = :user_id AND match_id = :match_id
[23-Apr-2025 00:41:33 Europe/Berlin] With params: {":user_id":12,":match_id":16}
[23-Apr-2025 00:41:33 Europe/Berlin] Query executed successfully. Found 1 rows
[23-Apr-2025 00:41:33 Europe/Berlin] Executing SQL: SELECT COUNT(*) as count FROM favorites 
                    WHERE user_id = :user_id AND match_id = :match_id
[23-Apr-2025 00:41:33 Europe/Berlin] With params: {":user_id":12,":match_id":12}
[23-Apr-2025 00:41:33 Europe/Berlin] Query executed successfully. Found 1 rows
[23-Apr-2025 00:41:33 Europe/Berlin] Executing SQL: SELECT COUNT(*) as count FROM favorites 
                    WHERE user_id = :user_id AND match_id = :match_id
[23-Apr-2025 00:41:33 Europe/Berlin] With params: {":user_id":12,":match_id":11}
[23-Apr-2025 00:41:33 Europe/Berlin] Query executed successfully. Found 1 rows
[23-Apr-2025 00:41:33 Europe/Berlin] Executing SQL: SELECT COUNT(*) as count FROM favorites 
                    WHERE user_id = :user_id AND match_id = :match_id
[23-Apr-2025 00:41:33 Europe/Berlin] With params: {":user_id":12,":match_id":13}
[23-Apr-2025 00:41:33 Europe/Berlin] Query executed successfully. Found 1 rows
[23-Apr-2025 00:41:36 Europe/Berlin] Connected to database. Tables found: favorites, feedback, matches, news, newsletter, notifications, subscriptions, users
[23-Apr-2025 00:41:36 Europe/Berlin] Executing SQL: CREATE TABLE IF NOT EXISTS users (
                id INT AUTO_INCREMENT PRIMARY KEY,
                username VARCHAR(50) NOT NULL UNIQUE,
                password VARCHAR(255) NOT NULL,
                email VARCHAR(100) NOT NULL UNIQUE,
                account_type ENUM('user', 'admin') DEFAULT 'user',
                created_at TIMESTAMP DEFAULT CURRENT_TIMESTAMP
            )
[23-Apr-2025 00:41:36 Europe/Berlin] With params: []
[23-Apr-2025 00:41:36 Europe/Berlin] Query executed successfully. Found 0 rows
[23-Apr-2025 00:41:36 Europe/Berlin] Users table created or already exists
[23-Apr-2025 00:41:36 Europe/Berlin] Users table structure: [{"Field":"id","Type":"int(11)","Null":"NO","Key":"PRI","Default":null,"Extra":"auto_increment"},{"Field":"username","Type":"varchar(50)","Null":"NO","Key":"","Default":null,"Extra":""},{"Field":"email","Type":"varchar(100)","Null":"NO","Key":"UNI","Default":null,"Extra":""},{"Field":"password","Type":"varchar(255)","Null":"NO","Key":"","Default":null,"Extra":""},{"Field":"role","Type":"enum('user','admin')","Null":"YES","Key":"","Default":"user","Extra":""},{"Field":"verification_code","Type":"varchar(100)","Null":"YES","Key":"","Default":null,"Extra":""},{"Field":"is_verified","Type":"tinyint(1)","Null":"YES","Key":"","Default":"0","Extra":""},{"Field":"created_at","Type":"timestamp","Null":"NO","Key":"","Default":"current_timestamp()","Extra":""},{"Field":"favorite_sport","Type":"varchar(50)","Null":"YES","Key":"","Default":null,"Extra":""},{"Field":"favorite_team","Type":"varchar(50)","Null":"YES","Key":"","Default":null,"Extra":""},{"Field":"account_type","Type":"enum('user','admin')","Null":"YES","Key":"","Default":"user","Extra":""}]
[23-Apr-2025 00:41:36 Europe/Berlin] Number of users in database: 13
[23-Apr-2025 00:41:36 Europe/Berlin] All tables initialized successfully
[23-Apr-2025 00:41:36 Europe/Berlin] API Request received: /sportsync/backend/match.php?action=fetch_matches&sport=cricket&status=live
[23-Apr-2025 00:41:36 Europe/Berlin] GET parameters: Array
(
    [action] => fetch_matches
    [sport] => cricket
    [status] => live
)

[23-Apr-2025 00:41:36 Europe/Berlin] Executing SQL: SELECT * FROM matches WHERE sport = :sport AND status = :status
[23-Apr-2025 00:41:36 Europe/Berlin] With params: {":sport":"cricket",":status":"live"}
[23-Apr-2025 00:41:36 Europe/Berlin] Query executed successfully. Found 1 rows
[23-Apr-2025 00:41:36 Europe/Berlin] Connected to database. Tables found: favorites, feedback, matches, news, newsletter, notifications, subscriptions, users
[23-Apr-2025 00:41:36 Europe/Berlin] Executing SQL: CREATE TABLE IF NOT EXISTS users (
                id INT AUTO_INCREMENT PRIMARY KEY,
                username VARCHAR(50) NOT NULL UNIQUE,
                password VARCHAR(255) NOT NULL,
                email VARCHAR(100) NOT NULL UNIQUE,
                account_type ENUM('user', 'admin') DEFAULT 'user',
                created_at TIMESTAMP DEFAULT CURRENT_TIMESTAMP
            )
[23-Apr-2025 00:41:36 Europe/Berlin] With params: []
[23-Apr-2025 00:41:36 Europe/Berlin] Query executed successfully. Found 0 rows
[23-Apr-2025 00:41:36 Europe/Berlin] Users table created or already exists
[23-Apr-2025 00:41:36 Europe/Berlin] Users table structure: [{"Field":"id","Type":"int(11)","Null":"NO","Key":"PRI","Default":null,"Extra":"auto_increment"},{"Field":"username","Type":"varchar(50)","Null":"NO","Key":"","Default":null,"Extra":""},{"Field":"email","Type":"varchar(100)","Null":"NO","Key":"UNI","Default":null,"Extra":""},{"Field":"password","Type":"varchar(255)","Null":"NO","Key":"","Default":null,"Extra":""},{"Field":"role","Type":"enum('user','admin')","Null":"YES","Key":"","Default":"user","Extra":""},{"Field":"verification_code","Type":"varchar(100)","Null":"YES","Key":"","Default":null,"Extra":""},{"Field":"is_verified","Type":"tinyint(1)","Null":"YES","Key":"","Default":"0","Extra":""},{"Field":"created_at","Type":"timestamp","Null":"NO","Key":"","Default":"current_timestamp()","Extra":""},{"Field":"favorite_sport","Type":"varchar(50)","Null":"YES","Key":"","Default":null,"Extra":""},{"Field":"favorite_team","Type":"varchar(50)","Null":"YES","Key":"","Default":null,"Extra":""},{"Field":"account_type","Type":"enum('user','admin')","Null":"YES","Key":"","Default":"user","Extra":""}]
[23-Apr-2025 00:41:36 Europe/Berlin] Number of users in database: 13
[23-Apr-2025 00:41:36 Europe/Berlin] All tables initialized successfully
[23-Apr-2025 00:41:36 Europe/Berlin] API Request received: /sportsync/backend/match.php?action=fetch_matches&sport=cricket&status=upcoming
[23-Apr-2025 00:41:36 Europe/Berlin] GET parameters: Array
(
    [action] => fetch_matches
    [sport] => cricket
    [status] => upcoming
)

[23-Apr-2025 00:41:36 Europe/Berlin] Executing SQL: SELECT * FROM matches WHERE sport = :sport AND status = :status
[23-Apr-2025 00:41:36 Europe/Berlin] With params: {":sport":"cricket",":status":"upcoming"}
[23-Apr-2025 00:41:36 Europe/Berlin] Query executed successfully. Found 1 rows
[23-Apr-2025 00:41:37 Europe/Berlin] Connected to database. Tables found: favorites, feedback, matches, news, newsletter, notifications, subscriptions, users
[23-Apr-2025 00:41:37 Europe/Berlin] Executing SQL: CREATE TABLE IF NOT EXISTS users (
                id INT AUTO_INCREMENT PRIMARY KEY,
                username VARCHAR(50) NOT NULL UNIQUE,
                password VARCHAR(255) NOT NULL,
                email VARCHAR(100) NOT NULL UNIQUE,
                account_type ENUM('user', 'admin') DEFAULT 'user',
                created_at TIMESTAMP DEFAULT CURRENT_TIMESTAMP
            )
[23-Apr-2025 00:41:37 Europe/Berlin] With params: []
[23-Apr-2025 00:41:37 Europe/Berlin] Query executed successfully. Found 0 rows
[23-Apr-2025 00:41:37 Europe/Berlin] Users table created or already exists
[23-Apr-2025 00:41:37 Europe/Berlin] Users table structure: [{"Field":"id","Type":"int(11)","Null":"NO","Key":"PRI","Default":null,"Extra":"auto_increment"},{"Field":"username","Type":"varchar(50)","Null":"NO","Key":"","Default":null,"Extra":""},{"Field":"email","Type":"varchar(100)","Null":"NO","Key":"UNI","Default":null,"Extra":""},{"Field":"password","Type":"varchar(255)","Null":"NO","Key":"","Default":null,"Extra":""},{"Field":"role","Type":"enum('user','admin')","Null":"YES","Key":"","Default":"user","Extra":""},{"Field":"verification_code","Type":"varchar(100)","Null":"YES","Key":"","Default":null,"Extra":""},{"Field":"is_verified","Type":"tinyint(1)","Null":"YES","Key":"","Default":"0","Extra":""},{"Field":"created_at","Type":"timestamp","Null":"NO","Key":"","Default":"current_timestamp()","Extra":""},{"Field":"favorite_sport","Type":"varchar(50)","Null":"YES","Key":"","Default":null,"Extra":""},{"Field":"favorite_team","Type":"varchar(50)","Null":"YES","Key":"","Default":null,"Extra":""},{"Field":"account_type","Type":"enum('user','admin')","Null":"YES","Key":"","Default":"user","Extra":""}]
[23-Apr-2025 00:41:37 Europe/Berlin] Number of users in database: 13
[23-Apr-2025 00:41:37 Europe/Berlin] All tables initialized successfully
[23-Apr-2025 00:41:37 Europe/Berlin] API Request received: /sportsync/backend/match.php?action=fetch_matches&sport=cricket&status=completed
[23-Apr-2025 00:41:37 Europe/Berlin] GET parameters: Array
(
    [action] => fetch_matches
    [sport] => cricket
    [status] => completed
)

[23-Apr-2025 00:41:37 Europe/Berlin] Executing SQL: SELECT * FROM matches WHERE sport = :sport AND status = :status
[23-Apr-2025 00:41:37 Europe/Berlin] With params: {":sport":"cricket",":status":"completed"}
[23-Apr-2025 00:41:37 Europe/Berlin] Query executed successfully. Found 4 rows
[23-Apr-2025 00:41:39 Europe/Berlin] Connected to database. Tables found: favorites, feedback, matches, news, newsletter, notifications, subscriptions, users
[23-Apr-2025 00:41:39 Europe/Berlin] Executing SQL: CREATE TABLE IF NOT EXISTS users (
                id INT AUTO_INCREMENT PRIMARY KEY,
                username VARCHAR(50) NOT NULL UNIQUE,
                password VARCHAR(255) NOT NULL,
                email VARCHAR(100) NOT NULL UNIQUE,
                account_type ENUM('user', 'admin') DEFAULT 'user',
                created_at TIMESTAMP DEFAULT CURRENT_TIMESTAMP
            )
[23-Apr-2025 00:41:39 Europe/Berlin] With params: []
[23-Apr-2025 00:41:39 Europe/Berlin] Query executed successfully. Found 0 rows
[23-Apr-2025 00:41:39 Europe/Berlin] Users table created or already exists
[23-Apr-2025 00:41:39 Europe/Berlin] Users table structure: [{"Field":"id","Type":"int(11)","Null":"NO","Key":"PRI","Default":null,"Extra":"auto_increment"},{"Field":"username","Type":"varchar(50)","Null":"NO","Key":"","Default":null,"Extra":""},{"Field":"email","Type":"varchar(100)","Null":"NO","Key":"UNI","Default":null,"Extra":""},{"Field":"password","Type":"varchar(255)","Null":"NO","Key":"","Default":null,"Extra":""},{"Field":"role","Type":"enum('user','admin')","Null":"YES","Key":"","Default":"user","Extra":""},{"Field":"verification_code","Type":"varchar(100)","Null":"YES","Key":"","Default":null,"Extra":""},{"Field":"is_verified","Type":"tinyint(1)","Null":"YES","Key":"","Default":"0","Extra":""},{"Field":"created_at","Type":"timestamp","Null":"NO","Key":"","Default":"current_timestamp()","Extra":""},{"Field":"favorite_sport","Type":"varchar(50)","Null":"YES","Key":"","Default":null,"Extra":""},{"Field":"favorite_team","Type":"varchar(50)","Null":"YES","Key":"","Default":null,"Extra":""},{"Field":"account_type","Type":"enum('user','admin')","Null":"YES","Key":"","Default":"user","Extra":""}]
[23-Apr-2025 00:41:39 Europe/Berlin] Number of users in database: 13
[23-Apr-2025 00:41:39 Europe/Berlin] All tables initialized successfully
[23-Apr-2025 00:41:39 Europe/Berlin] Connected to database. Tables found: favorites, feedback, matches, news, newsletter, notifications, subscriptions, users
[23-Apr-2025 00:41:39 Europe/Berlin] Executing SQL: CREATE TABLE IF NOT EXISTS users (
                id INT AUTO_INCREMENT PRIMARY KEY,
                username VARCHAR(50) NOT NULL UNIQUE,
                password VARCHAR(255) NOT NULL,
                email VARCHAR(100) NOT NULL UNIQUE,
                account_type ENUM('user', 'admin') DEFAULT 'user',
                created_at TIMESTAMP DEFAULT CURRENT_TIMESTAMP
            )
[23-Apr-2025 00:41:39 Europe/Berlin] With params: []
[23-Apr-2025 00:41:39 Europe/Berlin] Query executed successfully. Found 0 rows
[23-Apr-2025 00:41:39 Europe/Berlin] Users table created or already exists
[23-Apr-2025 00:41:39 Europe/Berlin] Users table structure: [{"Field":"id","Type":"int(11)","Null":"NO","Key":"PRI","Default":null,"Extra":"auto_increment"},{"Field":"username","Type":"varchar(50)","Null":"NO","Key":"","Default":null,"Extra":""},{"Field":"email","Type":"varchar(100)","Null":"NO","Key":"UNI","Default":null,"Extra":""},{"Field":"password","Type":"varchar(255)","Null":"NO","Key":"","Default":null,"Extra":""},{"Field":"role","Type":"enum('user','admin')","Null":"YES","Key":"","Default":"user","Extra":""},{"Field":"verification_code","Type":"varchar(100)","Null":"YES","Key":"","Default":null,"Extra":""},{"Field":"is_verified","Type":"tinyint(1)","Null":"YES","Key":"","Default":"0","Extra":""},{"Field":"created_at","Type":"timestamp","Null":"NO","Key":"","Default":"current_timestamp()","Extra":""},{"Field":"favorite_sport","Type":"varchar(50)","Null":"YES","Key":"","Default":null,"Extra":""},{"Field":"favorite_team","Type":"varchar(50)","Null":"YES","Key":"","Default":null,"Extra":""},{"Field":"account_type","Type":"enum('user','admin')","Null":"YES","Key":"","Default":"user","Extra":""}]
[23-Apr-2025 00:41:39 Europe/Berlin] Number of users in database: 13
[23-Apr-2025 00:41:39 Europe/Berlin] All tables initialized successfully
[23-Apr-2025 00:41:39 Europe/Berlin] Database tables initialized successfully
[23-Apr-2025 00:41:39 Europe/Berlin] Executing SQL: SELECT * FROM users WHERE id = :id
[23-Apr-2025 00:41:39 Europe/Berlin] With params: {":id":12}
[23-Apr-2025 00:41:39 Europe/Berlin] Query executed successfully. Found 1 rows
[23-Apr-2025 00:41:39 Europe/Berlin] User loaded from session: varunpndey
[23-Apr-2025 00:41:39 Europe/Berlin] Header - Session status: 2
[23-Apr-2025 00:41:39 Europe/Berlin] Header - Session data: {"user_id":12,"username":"varunpndey","email":"va@gmail.com","account_type":"admin"}
[23-Apr-2025 00:41:39 Europe/Berlin] Header - After session start - Status: 2
[23-Apr-2025 00:41:39 Europe/Berlin] Header - After session start - Data: {"user_id":12,"username":"varunpndey","email":"va@gmail.com","account_type":"admin"}
[23-Apr-2025 00:41:39 Europe/Berlin] Header - Is logged in: Yes
[23-Apr-2025 00:41:39 Europe/Berlin] Executing SQL: SELECT * FROM news ORDER BY created_at DESC LIMIT 5
[23-Apr-2025 00:41:39 Europe/Berlin] With params: []
[23-Apr-2025 00:41:39 Europe/Berlin] Query executed successfully. Found 5 rows
[23-Apr-2025 00:41:39 Europe/Berlin] Executing SQL: SELECT * FROM matches WHERE status = 'live'
[23-Apr-2025 00:41:39 Europe/Berlin] With params: []
[23-Apr-2025 00:41:39 Europe/Berlin] Query executed successfully. Found 2 rows
[23-Apr-2025 00:41:39 Europe/Berlin] Executing SQL: SELECT COUNT(*) as count FROM favorites 
                    WHERE user_id = :user_id AND match_id = :match_id
[23-Apr-2025 00:41:39 Europe/Berlin] With params: {":user_id":12,":match_id":11}
[23-Apr-2025 00:41:39 Europe/Berlin] Query executed successfully. Found 1 rows
[23-Apr-2025 00:41:39 Europe/Berlin] Executing SQL: SELECT COUNT(*) as count FROM favorites 
                    WHERE user_id = :user_id AND match_id = :match_id
[23-Apr-2025 00:41:39 Europe/Berlin] With params: {":user_id":12,":match_id":17}
[23-Apr-2025 00:41:39 Europe/Berlin] Query executed successfully. Found 1 rows
[23-Apr-2025 00:41:41 Europe/Berlin] Connected to database. Tables found: favorites, feedback, matches, news, newsletter, notifications, subscriptions, users
[23-Apr-2025 00:41:41 Europe/Berlin] Executing SQL: CREATE TABLE IF NOT EXISTS users (
                id INT AUTO_INCREMENT PRIMARY KEY,
                username VARCHAR(50) NOT NULL UNIQUE,
                password VARCHAR(255) NOT NULL,
                email VARCHAR(100) NOT NULL UNIQUE,
                account_type ENUM('user', 'admin') DEFAULT 'user',
                created_at TIMESTAMP DEFAULT CURRENT_TIMESTAMP
            )
[23-Apr-2025 00:41:41 Europe/Berlin] With params: []
[23-Apr-2025 00:41:41 Europe/Berlin] Query executed successfully. Found 0 rows
[23-Apr-2025 00:41:41 Europe/Berlin] Users table created or already exists
[23-Apr-2025 00:41:41 Europe/Berlin] Users table structure: [{"Field":"id","Type":"int(11)","Null":"NO","Key":"PRI","Default":null,"Extra":"auto_increment"},{"Field":"username","Type":"varchar(50)","Null":"NO","Key":"","Default":null,"Extra":""},{"Field":"email","Type":"varchar(100)","Null":"NO","Key":"UNI","Default":null,"Extra":""},{"Field":"password","Type":"varchar(255)","Null":"NO","Key":"","Default":null,"Extra":""},{"Field":"role","Type":"enum('user','admin')","Null":"YES","Key":"","Default":"user","Extra":""},{"Field":"verification_code","Type":"varchar(100)","Null":"YES","Key":"","Default":null,"Extra":""},{"Field":"is_verified","Type":"tinyint(1)","Null":"YES","Key":"","Default":"0","Extra":""},{"Field":"created_at","Type":"timestamp","Null":"NO","Key":"","Default":"current_timestamp()","Extra":""},{"Field":"favorite_sport","Type":"varchar(50)","Null":"YES","Key":"","Default":null,"Extra":""},{"Field":"favorite_team","Type":"varchar(50)","Null":"YES","Key":"","Default":null,"Extra":""},{"Field":"account_type","Type":"enum('user','admin')","Null":"YES","Key":"","Default":"user","Extra":""}]
[23-Apr-2025 00:41:41 Europe/Berlin] Number of users in database: 13
[23-Apr-2025 00:41:41 Europe/Berlin] All tables initialized successfully
[23-Apr-2025 00:41:41 Europe/Berlin] Connected to database. Tables found: favorites, feedback, matches, news, newsletter, notifications, subscriptions, users
[23-Apr-2025 00:41:41 Europe/Berlin] Executing SQL: CREATE TABLE IF NOT EXISTS users (
                id INT AUTO_INCREMENT PRIMARY KEY,
                username VARCHAR(50) NOT NULL UNIQUE,
                password VARCHAR(255) NOT NULL,
                email VARCHAR(100) NOT NULL UNIQUE,
                account_type ENUM('user', 'admin') DEFAULT 'user',
                created_at TIMESTAMP DEFAULT CURRENT_TIMESTAMP
            )
[23-Apr-2025 00:41:41 Europe/Berlin] With params: []
[23-Apr-2025 00:41:41 Europe/Berlin] Query executed successfully. Found 0 rows
[23-Apr-2025 00:41:41 Europe/Berlin] Users table created or already exists
[23-Apr-2025 00:41:41 Europe/Berlin] Users table structure: [{"Field":"id","Type":"int(11)","Null":"NO","Key":"PRI","Default":null,"Extra":"auto_increment"},{"Field":"username","Type":"varchar(50)","Null":"NO","Key":"","Default":null,"Extra":""},{"Field":"email","Type":"varchar(100)","Null":"NO","Key":"UNI","Default":null,"Extra":""},{"Field":"password","Type":"varchar(255)","Null":"NO","Key":"","Default":null,"Extra":""},{"Field":"role","Type":"enum('user','admin')","Null":"YES","Key":"","Default":"user","Extra":""},{"Field":"verification_code","Type":"varchar(100)","Null":"YES","Key":"","Default":null,"Extra":""},{"Field":"is_verified","Type":"tinyint(1)","Null":"YES","Key":"","Default":"0","Extra":""},{"Field":"created_at","Type":"timestamp","Null":"NO","Key":"","Default":"current_timestamp()","Extra":""},{"Field":"favorite_sport","Type":"varchar(50)","Null":"YES","Key":"","Default":null,"Extra":""},{"Field":"favorite_team","Type":"varchar(50)","Null":"YES","Key":"","Default":null,"Extra":""},{"Field":"account_type","Type":"enum('user','admin')","Null":"YES","Key":"","Default":"user","Extra":""}]
[23-Apr-2025 00:41:41 Europe/Berlin] Number of users in database: 13
[23-Apr-2025 00:41:41 Europe/Berlin] All tables initialized successfully
[23-Apr-2025 00:41:41 Europe/Berlin] Database tables initialized successfully
[23-Apr-2025 00:41:41 Europe/Berlin] Executing SQL: SELECT * FROM users WHERE id = :id
[23-Apr-2025 00:41:41 Europe/Berlin] With params: {":id":12}
[23-Apr-2025 00:41:41 Europe/Berlin] Query executed successfully. Found 1 rows
[23-Apr-2025 00:41:41 Europe/Berlin] User loaded from session: varunpndey
[23-Apr-2025 00:41:41 Europe/Berlin] Header - Session status: 2
[23-Apr-2025 00:41:41 Europe/Berlin] Header - Session data: {"user_id":12,"username":"varunpndey","email":"va@gmail.com","account_type":"admin"}
[23-Apr-2025 00:41:41 Europe/Berlin] Header - After session start - Status: 2
[23-Apr-2025 00:41:41 Europe/Berlin] Header - After session start - Data: {"user_id":12,"username":"varunpndey","email":"va@gmail.com","account_type":"admin"}
[23-Apr-2025 00:41:41 Europe/Berlin] Header - Is logged in: Yes
[23-Apr-2025 00:41:41 Europe/Berlin] Executing SQL: SELECT * FROM matches WHERE sport = :sport ORDER BY match_time DESC
[23-Apr-2025 00:41:41 Europe/Berlin] With params: {":sport":"football"}
[23-Apr-2025 00:41:41 Europe/Berlin] Query executed successfully. Found 7 rows
[23-Apr-2025 00:41:41 Europe/Berlin] Executing SQL: SELECT * FROM matches WHERE sport = :sport AND status = :status
[23-Apr-2025 00:41:41 Europe/Berlin] With params: {":sport":"football",":status":"live"}
[23-Apr-2025 00:41:41 Europe/Berlin] Query executed successfully. Found 1 rows
[23-Apr-2025 00:41:41 Europe/Berlin] Executing SQL: SELECT COUNT(*) as count FROM favorites 
                    WHERE user_id = :user_id AND match_id = :match_id
[23-Apr-2025 00:41:41 Europe/Berlin] With params: {":user_id":12,":match_id":18}
[23-Apr-2025 00:41:41 Europe/Berlin] Query executed successfully. Found 1 rows
[23-Apr-2025 00:41:41 Europe/Berlin] Executing SQL: SELECT COUNT(*) as count FROM favorites 
                    WHERE user_id = :user_id AND match_id = :match_id
[23-Apr-2025 00:41:41 Europe/Berlin] With params: {":user_id":12,":match_id":17}
[23-Apr-2025 00:41:41 Europe/Berlin] Query executed successfully. Found 1 rows
[23-Apr-2025 00:41:41 Europe/Berlin] Executing SQL: SELECT COUNT(*) as count FROM favorites 
                    WHERE user_id = :user_id AND match_id = :match_id
[23-Apr-2025 00:41:41 Europe/Berlin] With params: {":user_id":12,":match_id":19}
[23-Apr-2025 00:41:41 Europe/Berlin] Query executed successfully. Found 1 rows
[23-Apr-2025 00:41:41 Europe/Berlin] Executing SQL: SELECT COUNT(*) as count FROM favorites 
                    WHERE user_id = :user_id AND match_id = :match_id
[23-Apr-2025 00:41:41 Europe/Berlin] With params: {":user_id":12,":match_id":20}
[23-Apr-2025 00:41:41 Europe/Berlin] Query executed successfully. Found 1 rows
[23-Apr-2025 00:41:41 Europe/Berlin] Executing SQL: SELECT COUNT(*) as count FROM favorites 
                    WHERE user_id = :user_id AND match_id = :match_id
[23-Apr-2025 00:41:41 Europe/Berlin] With params: {":user_id":12,":match_id":22}
[23-Apr-2025 00:41:41 Europe/Berlin] Query executed successfully. Found 1 rows
[23-Apr-2025 00:41:41 Europe/Berlin] Executing SQL: SELECT COUNT(*) as count FROM favorites 
                    WHERE user_id = :user_id AND match_id = :match_id
[23-Apr-2025 00:41:41 Europe/Berlin] With params: {":user_id":12,":match_id":21}
[23-Apr-2025 00:41:41 Europe/Berlin] Query executed successfully. Found 1 rows
[23-Apr-2025 00:41:41 Europe/Berlin] Executing SQL: SELECT COUNT(*) as count FROM favorites 
                    WHERE user_id = :user_id AND match_id = :match_id
[23-Apr-2025 00:41:41 Europe/Berlin] With params: {":user_id":12,":match_id":23}
[23-Apr-2025 00:41:41 Europe/Berlin] Query executed successfully. Found 1 rows
[23-Apr-2025 00:41:43 Europe/Berlin] Connected to database. Tables found: favorites, feedback, matches, news, newsletter, notifications, subscriptions, users
[23-Apr-2025 00:41:43 Europe/Berlin] Executing SQL: CREATE TABLE IF NOT EXISTS users (
                id INT AUTO_INCREMENT PRIMARY KEY,
                username VARCHAR(50) NOT NULL UNIQUE,
                password VARCHAR(255) NOT NULL,
                email VARCHAR(100) NOT NULL UNIQUE,
                account_type ENUM('user', 'admin') DEFAULT 'user',
                created_at TIMESTAMP DEFAULT CURRENT_TIMESTAMP
            )
[23-Apr-2025 00:41:43 Europe/Berlin] With params: []
[23-Apr-2025 00:41:43 Europe/Berlin] Query executed successfully. Found 0 rows
[23-Apr-2025 00:41:43 Europe/Berlin] Users table created or already exists
[23-Apr-2025 00:41:43 Europe/Berlin] Users table structure: [{"Field":"id","Type":"int(11)","Null":"NO","Key":"PRI","Default":null,"Extra":"auto_increment"},{"Field":"username","Type":"varchar(50)","Null":"NO","Key":"","Default":null,"Extra":""},{"Field":"email","Type":"varchar(100)","Null":"NO","Key":"UNI","Default":null,"Extra":""},{"Field":"password","Type":"varchar(255)","Null":"NO","Key":"","Default":null,"Extra":""},{"Field":"role","Type":"enum('user','admin')","Null":"YES","Key":"","Default":"user","Extra":""},{"Field":"verification_code","Type":"varchar(100)","Null":"YES","Key":"","Default":null,"Extra":""},{"Field":"is_verified","Type":"tinyint(1)","Null":"YES","Key":"","Default":"0","Extra":""},{"Field":"created_at","Type":"timestamp","Null":"NO","Key":"","Default":"current_timestamp()","Extra":""},{"Field":"favorite_sport","Type":"varchar(50)","Null":"YES","Key":"","Default":null,"Extra":""},{"Field":"favorite_team","Type":"varchar(50)","Null":"YES","Key":"","Default":null,"Extra":""},{"Field":"account_type","Type":"enum('user','admin')","Null":"YES","Key":"","Default":"user","Extra":""}]
[23-Apr-2025 00:41:43 Europe/Berlin] Number of users in database: 13
[23-Apr-2025 00:41:43 Europe/Berlin] All tables initialized successfully
[23-Apr-2025 00:41:43 Europe/Berlin] API Request received: /sportsync/backend/match.php
[23-Apr-2025 00:41:43 Europe/Berlin] GET parameters: Array
(
)

[23-Apr-2025 00:42:12 Europe/Berlin] Connected to database. Tables found: favorites, feedback, matches, news, newsletter, notifications, subscriptions, users
[23-Apr-2025 00:42:12 Europe/Berlin] Executing SQL: CREATE TABLE IF NOT EXISTS users (
                id INT AUTO_INCREMENT PRIMARY KEY,
                username VARCHAR(50) NOT NULL UNIQUE,
                password VARCHAR(255) NOT NULL,
                email VARCHAR(100) NOT NULL UNIQUE,
                account_type ENUM('user', 'admin') DEFAULT 'user',
                created_at TIMESTAMP DEFAULT CURRENT_TIMESTAMP
            )
[23-Apr-2025 00:42:12 Europe/Berlin] With params: []
[23-Apr-2025 00:42:12 Europe/Berlin] Query executed successfully. Found 0 rows
[23-Apr-2025 00:42:12 Europe/Berlin] Users table created or already exists
[23-Apr-2025 00:42:12 Europe/Berlin] Users table structure: [{"Field":"id","Type":"int(11)","Null":"NO","Key":"PRI","Default":null,"Extra":"auto_increment"},{"Field":"username","Type":"varchar(50)","Null":"NO","Key":"","Default":null,"Extra":""},{"Field":"email","Type":"varchar(100)","Null":"NO","Key":"UNI","Default":null,"Extra":""},{"Field":"password","Type":"varchar(255)","Null":"NO","Key":"","Default":null,"Extra":""},{"Field":"role","Type":"enum('user','admin')","Null":"YES","Key":"","Default":"user","Extra":""},{"Field":"verification_code","Type":"varchar(100)","Null":"YES","Key":"","Default":null,"Extra":""},{"Field":"is_verified","Type":"tinyint(1)","Null":"YES","Key":"","Default":"0","Extra":""},{"Field":"created_at","Type":"timestamp","Null":"NO","Key":"","Default":"current_timestamp()","Extra":""},{"Field":"favorite_sport","Type":"varchar(50)","Null":"YES","Key":"","Default":null,"Extra":""},{"Field":"favorite_team","Type":"varchar(50)","Null":"YES","Key":"","Default":null,"Extra":""},{"Field":"account_type","Type":"enum('user','admin')","Null":"YES","Key":"","Default":"user","Extra":""}]
[23-Apr-2025 00:42:12 Europe/Berlin] Number of users in database: 13
[23-Apr-2025 00:42:12 Europe/Berlin] All tables initialized successfully
[23-Apr-2025 00:42:12 Europe/Berlin] API Request received: /sportsync/backend/match.php?action=fetch_matches&sport=football&all=true
[23-Apr-2025 00:42:12 Europe/Berlin] GET parameters: Array
(
    [action] => fetch_matches
    [sport] => football
    [all] => true
)

[23-Apr-2025 00:42:12 Europe/Berlin] Executing SQL: SELECT * FROM matches WHERE sport = :sport ORDER BY match_time DESC
[23-Apr-2025 00:42:12 Europe/Berlin] With params: {":sport":"football"}
[23-Apr-2025 00:42:12 Europe/Berlin] Query executed successfully. Found 7 rows
[23-Apr-2025 00:42:42 Europe/Berlin] Connected to database. Tables found: favorites, feedback, matches, news, newsletter, notifications, subscriptions, users
[23-Apr-2025 00:42:42 Europe/Berlin] Executing SQL: CREATE TABLE IF NOT EXISTS users (
                id INT AUTO_INCREMENT PRIMARY KEY,
                username VARCHAR(50) NOT NULL UNIQUE,
                password VARCHAR(255) NOT NULL,
                email VARCHAR(100) NOT NULL UNIQUE,
                account_type ENUM('user', 'admin') DEFAULT 'user',
                created_at TIMESTAMP DEFAULT CURRENT_TIMESTAMP
            )
[23-Apr-2025 00:42:42 Europe/Berlin] With params: []
[23-Apr-2025 00:42:42 Europe/Berlin] Query executed successfully. Found 0 rows
[23-Apr-2025 00:42:42 Europe/Berlin] Users table created or already exists
[23-Apr-2025 00:42:42 Europe/Berlin] Users table structure: [{"Field":"id","Type":"int(11)","Null":"NO","Key":"PRI","Default":null,"Extra":"auto_increment"},{"Field":"username","Type":"varchar(50)","Null":"NO","Key":"","Default":null,"Extra":""},{"Field":"email","Type":"varchar(100)","Null":"NO","Key":"UNI","Default":null,"Extra":""},{"Field":"password","Type":"varchar(255)","Null":"NO","Key":"","Default":null,"Extra":""},{"Field":"role","Type":"enum('user','admin')","Null":"YES","Key":"","Default":"user","Extra":""},{"Field":"verification_code","Type":"varchar(100)","Null":"YES","Key":"","Default":null,"Extra":""},{"Field":"is_verified","Type":"tinyint(1)","Null":"YES","Key":"","Default":"0","Extra":""},{"Field":"created_at","Type":"timestamp","Null":"NO","Key":"","Default":"current_timestamp()","Extra":""},{"Field":"favorite_sport","Type":"varchar(50)","Null":"YES","Key":"","Default":null,"Extra":""},{"Field":"favorite_team","Type":"varchar(50)","Null":"YES","Key":"","Default":null,"Extra":""},{"Field":"account_type","Type":"enum('user','admin')","Null":"YES","Key":"","Default":"user","Extra":""}]
[23-Apr-2025 00:42:42 Europe/Berlin] Number of users in database: 13
[23-Apr-2025 00:42:42 Europe/Berlin] All tables initialized successfully
[23-Apr-2025 00:42:42 Europe/Berlin] API Request received: /sportsync/backend/match.php?action=fetch_matches&sport=football&all=true
[23-Apr-2025 00:42:42 Europe/Berlin] GET parameters: Array
(
    [action] => fetch_matches
    [sport] => football
    [all] => true
)

[23-Apr-2025 00:42:42 Europe/Berlin] Executing SQL: SELECT * FROM matches WHERE sport = :sport ORDER BY match_time DESC
[23-Apr-2025 00:42:42 Europe/Berlin] With params: {":sport":"football"}
[23-Apr-2025 00:42:42 Europe/Berlin] Query executed successfully. Found 7 rows
[23-Apr-2025 00:43:12 Europe/Berlin] Connected to database. Tables found: favorites, feedback, matches, news, newsletter, notifications, subscriptions, users
[23-Apr-2025 00:43:12 Europe/Berlin] Executing SQL: CREATE TABLE IF NOT EXISTS users (
                id INT AUTO_INCREMENT PRIMARY KEY,
                username VARCHAR(50) NOT NULL UNIQUE,
                password VARCHAR(255) NOT NULL,
                email VARCHAR(100) NOT NULL UNIQUE,
                account_type ENUM('user', 'admin') DEFAULT 'user',
                created_at TIMESTAMP DEFAULT CURRENT_TIMESTAMP
            )
[23-Apr-2025 00:43:12 Europe/Berlin] With params: []
[23-Apr-2025 00:43:12 Europe/Berlin] Query executed successfully. Found 0 rows
[23-Apr-2025 00:43:12 Europe/Berlin] Users table created or already exists
[23-Apr-2025 00:43:12 Europe/Berlin] Users table structure: [{"Field":"id","Type":"int(11)","Null":"NO","Key":"PRI","Default":null,"Extra":"auto_increment"},{"Field":"username","Type":"varchar(50)","Null":"NO","Key":"","Default":null,"Extra":""},{"Field":"email","Type":"varchar(100)","Null":"NO","Key":"UNI","Default":null,"Extra":""},{"Field":"password","Type":"varchar(255)","Null":"NO","Key":"","Default":null,"Extra":""},{"Field":"role","Type":"enum('user','admin')","Null":"YES","Key":"","Default":"user","Extra":""},{"Field":"verification_code","Type":"varchar(100)","Null":"YES","Key":"","Default":null,"Extra":""},{"Field":"is_verified","Type":"tinyint(1)","Null":"YES","Key":"","Default":"0","Extra":""},{"Field":"created_at","Type":"timestamp","Null":"NO","Key":"","Default":"current_timestamp()","Extra":""},{"Field":"favorite_sport","Type":"varchar(50)","Null":"YES","Key":"","Default":null,"Extra":""},{"Field":"favorite_team","Type":"varchar(50)","Null":"YES","Key":"","Default":null,"Extra":""},{"Field":"account_type","Type":"enum('user','admin')","Null":"YES","Key":"","Default":"user","Extra":""}]
[23-Apr-2025 00:43:12 Europe/Berlin] Number of users in database: 13
[23-Apr-2025 00:43:12 Europe/Berlin] All tables initialized successfully
[23-Apr-2025 00:43:12 Europe/Berlin] API Request received: /sportsync/backend/match.php?action=fetch_matches&sport=football&all=true
[23-Apr-2025 00:43:12 Europe/Berlin] GET parameters: Array
(
    [action] => fetch_matches
    [sport] => football
    [all] => true
)

[23-Apr-2025 00:43:12 Europe/Berlin] Executing SQL: SELECT * FROM matches WHERE sport = :sport ORDER BY match_time DESC
[23-Apr-2025 00:43:12 Europe/Berlin] With params: {":sport":"football"}
[23-Apr-2025 00:43:12 Europe/Berlin] Query executed successfully. Found 7 rows
[23-Apr-2025 00:43:42 Europe/Berlin] Connected to database. Tables found: favorites, feedback, matches, news, newsletter, notifications, subscriptions, users
[23-Apr-2025 00:43:42 Europe/Berlin] Executing SQL: CREATE TABLE IF NOT EXISTS users (
                id INT AUTO_INCREMENT PRIMARY KEY,
                username VARCHAR(50) NOT NULL UNIQUE,
                password VARCHAR(255) NOT NULL,
                email VARCHAR(100) NOT NULL UNIQUE,
                account_type ENUM('user', 'admin') DEFAULT 'user',
                created_at TIMESTAMP DEFAULT CURRENT_TIMESTAMP
            )
[23-Apr-2025 00:43:42 Europe/Berlin] With params: []
[23-Apr-2025 00:43:42 Europe/Berlin] Query executed successfully. Found 0 rows
[23-Apr-2025 00:43:42 Europe/Berlin] Users table created or already exists
[23-Apr-2025 00:43:42 Europe/Berlin] Users table structure: [{"Field":"id","Type":"int(11)","Null":"NO","Key":"PRI","Default":null,"Extra":"auto_increment"},{"Field":"username","Type":"varchar(50)","Null":"NO","Key":"","Default":null,"Extra":""},{"Field":"email","Type":"varchar(100)","Null":"NO","Key":"UNI","Default":null,"Extra":""},{"Field":"password","Type":"varchar(255)","Null":"NO","Key":"","Default":null,"Extra":""},{"Field":"role","Type":"enum('user','admin')","Null":"YES","Key":"","Default":"user","Extra":""},{"Field":"verification_code","Type":"varchar(100)","Null":"YES","Key":"","Default":null,"Extra":""},{"Field":"is_verified","Type":"tinyint(1)","Null":"YES","Key":"","Default":"0","Extra":""},{"Field":"created_at","Type":"timestamp","Null":"NO","Key":"","Default":"current_timestamp()","Extra":""},{"Field":"favorite_sport","Type":"varchar(50)","Null":"YES","Key":"","Default":null,"Extra":""},{"Field":"favorite_team","Type":"varchar(50)","Null":"YES","Key":"","Default":null,"Extra":""},{"Field":"account_type","Type":"enum('user','admin')","Null":"YES","Key":"","Default":"user","Extra":""}]
[23-Apr-2025 00:43:42 Europe/Berlin] Number of users in database: 13
[23-Apr-2025 00:43:42 Europe/Berlin] All tables initialized successfully
[23-Apr-2025 00:43:42 Europe/Berlin] API Request received: /sportsync/backend/match.php?action=fetch_matches&sport=football&all=true
[23-Apr-2025 00:43:42 Europe/Berlin] GET parameters: Array
(
    [action] => fetch_matches
    [sport] => football
    [all] => true
)

[23-Apr-2025 00:43:42 Europe/Berlin] Executing SQL: SELECT * FROM matches WHERE sport = :sport ORDER BY match_time DESC
[23-Apr-2025 00:43:42 Europe/Berlin] With params: {":sport":"football"}
[23-Apr-2025 00:43:42 Europe/Berlin] Query executed successfully. Found 7 rows
[23-Apr-2025 00:44:04 Europe/Berlin] Connected to database. Tables found: favorites, feedback, matches, news, newsletter, notifications, subscriptions, users
[23-Apr-2025 00:44:04 Europe/Berlin] Executing SQL: CREATE TABLE IF NOT EXISTS users (
                id INT AUTO_INCREMENT PRIMARY KEY,
                username VARCHAR(50) NOT NULL UNIQUE,
                password VARCHAR(255) NOT NULL,
                email VARCHAR(100) NOT NULL UNIQUE,
                account_type ENUM('user', 'admin') DEFAULT 'user',
                created_at TIMESTAMP DEFAULT CURRENT_TIMESTAMP
            )
[23-Apr-2025 00:44:04 Europe/Berlin] With params: []
[23-Apr-2025 00:44:04 Europe/Berlin] Query executed successfully. Found 0 rows
[23-Apr-2025 00:44:04 Europe/Berlin] Users table created or already exists
[23-Apr-2025 00:44:04 Europe/Berlin] Users table structure: [{"Field":"id","Type":"int(11)","Null":"NO","Key":"PRI","Default":null,"Extra":"auto_increment"},{"Field":"username","Type":"varchar(50)","Null":"NO","Key":"","Default":null,"Extra":""},{"Field":"email","Type":"varchar(100)","Null":"NO","Key":"UNI","Default":null,"Extra":""},{"Field":"password","Type":"varchar(255)","Null":"NO","Key":"","Default":null,"Extra":""},{"Field":"role","Type":"enum('user','admin')","Null":"YES","Key":"","Default":"user","Extra":""},{"Field":"verification_code","Type":"varchar(100)","Null":"YES","Key":"","Default":null,"Extra":""},{"Field":"is_verified","Type":"tinyint(1)","Null":"YES","Key":"","Default":"0","Extra":""},{"Field":"created_at","Type":"timestamp","Null":"NO","Key":"","Default":"current_timestamp()","Extra":""},{"Field":"favorite_sport","Type":"varchar(50)","Null":"YES","Key":"","Default":null,"Extra":""},{"Field":"favorite_team","Type":"varchar(50)","Null":"YES","Key":"","Default":null,"Extra":""},{"Field":"account_type","Type":"enum('user','admin')","Null":"YES","Key":"","Default":"user","Extra":""}]
[23-Apr-2025 00:44:04 Europe/Berlin] Number of users in database: 13
[23-Apr-2025 00:44:04 Europe/Berlin] All tables initialized successfully
[23-Apr-2025 00:44:04 Europe/Berlin] API Request received: /sportsync/backend/match.php
[23-Apr-2025 00:44:04 Europe/Berlin] GET parameters: Array
(
)

[23-Apr-2025 00:44:08 Europe/Berlin] Connected to database. Tables found: favorites, feedback, matches, news, newsletter, notifications, subscriptions, users
[23-Apr-2025 00:44:08 Europe/Berlin] Executing SQL: CREATE TABLE IF NOT EXISTS users (
                id INT AUTO_INCREMENT PRIMARY KEY,
                username VARCHAR(50) NOT NULL UNIQUE,
                password VARCHAR(255) NOT NULL,
                email VARCHAR(100) NOT NULL UNIQUE,
                account_type ENUM('user', 'admin') DEFAULT 'user',
                created_at TIMESTAMP DEFAULT CURRENT_TIMESTAMP
            )
[23-Apr-2025 00:44:08 Europe/Berlin] With params: []
[23-Apr-2025 00:44:08 Europe/Berlin] Query executed successfully. Found 0 rows
[23-Apr-2025 00:44:08 Europe/Berlin] Users table created or already exists
[23-Apr-2025 00:44:08 Europe/Berlin] Users table structure: [{"Field":"id","Type":"int(11)","Null":"NO","Key":"PRI","Default":null,"Extra":"auto_increment"},{"Field":"username","Type":"varchar(50)","Null":"NO","Key":"","Default":null,"Extra":""},{"Field":"email","Type":"varchar(100)","Null":"NO","Key":"UNI","Default":null,"Extra":""},{"Field":"password","Type":"varchar(255)","Null":"NO","Key":"","Default":null,"Extra":""},{"Field":"role","Type":"enum('user','admin')","Null":"YES","Key":"","Default":"user","Extra":""},{"Field":"verification_code","Type":"varchar(100)","Null":"YES","Key":"","Default":null,"Extra":""},{"Field":"is_verified","Type":"tinyint(1)","Null":"YES","Key":"","Default":"0","Extra":""},{"Field":"created_at","Type":"timestamp","Null":"NO","Key":"","Default":"current_timestamp()","Extra":""},{"Field":"favorite_sport","Type":"varchar(50)","Null":"YES","Key":"","Default":null,"Extra":""},{"Field":"favorite_team","Type":"varchar(50)","Null":"YES","Key":"","Default":null,"Extra":""},{"Field":"account_type","Type":"enum('user','admin')","Null":"YES","Key":"","Default":"user","Extra":""}]
[23-Apr-2025 00:44:08 Europe/Berlin] Number of users in database: 13
[23-Apr-2025 00:44:08 Europe/Berlin] All tables initialized successfully
[23-Apr-2025 00:44:08 Europe/Berlin] API Request received: /sportsync/backend/match.php
[23-Apr-2025 00:44:08 Europe/Berlin] GET parameters: Array
(
)

[23-Apr-2025 00:44:11 Europe/Berlin] Connected to database. Tables found: favorites, feedback, matches, news, newsletter, notifications, subscriptions, users
[23-Apr-2025 00:44:11 Europe/Berlin] Executing SQL: CREATE TABLE IF NOT EXISTS users (
                id INT AUTO_INCREMENT PRIMARY KEY,
                username VARCHAR(50) NOT NULL UNIQUE,
                password VARCHAR(255) NOT NULL,
                email VARCHAR(100) NOT NULL UNIQUE,
                account_type ENUM('user', 'admin') DEFAULT 'user',
                created_at TIMESTAMP DEFAULT CURRENT_TIMESTAMP
            )
[23-Apr-2025 00:44:11 Europe/Berlin] With params: []
[23-Apr-2025 00:44:11 Europe/Berlin] Query executed successfully. Found 0 rows
[23-Apr-2025 00:44:11 Europe/Berlin] Users table created or already exists
[23-Apr-2025 00:44:11 Europe/Berlin] Users table structure: [{"Field":"id","Type":"int(11)","Null":"NO","Key":"PRI","Default":null,"Extra":"auto_increment"},{"Field":"username","Type":"varchar(50)","Null":"NO","Key":"","Default":null,"Extra":""},{"Field":"email","Type":"varchar(100)","Null":"NO","Key":"UNI","Default":null,"Extra":""},{"Field":"password","Type":"varchar(255)","Null":"NO","Key":"","Default":null,"Extra":""},{"Field":"role","Type":"enum('user','admin')","Null":"YES","Key":"","Default":"user","Extra":""},{"Field":"verification_code","Type":"varchar(100)","Null":"YES","Key":"","Default":null,"Extra":""},{"Field":"is_verified","Type":"tinyint(1)","Null":"YES","Key":"","Default":"0","Extra":""},{"Field":"created_at","Type":"timestamp","Null":"NO","Key":"","Default":"current_timestamp()","Extra":""},{"Field":"favorite_sport","Type":"varchar(50)","Null":"YES","Key":"","Default":null,"Extra":""},{"Field":"favorite_team","Type":"varchar(50)","Null":"YES","Key":"","Default":null,"Extra":""},{"Field":"account_type","Type":"enum('user','admin')","Null":"YES","Key":"","Default":"user","Extra":""}]
[23-Apr-2025 00:44:11 Europe/Berlin] Number of users in database: 13
[23-Apr-2025 00:44:11 Europe/Berlin] All tables initialized successfully
[23-Apr-2025 00:44:11 Europe/Berlin] API Request received: /sportsync/backend/match.php?action=fetch_matches&sport=football&all=true
[23-Apr-2025 00:44:11 Europe/Berlin] GET parameters: Array
(
    [action] => fetch_matches
    [sport] => football
    [all] => true
)

[23-Apr-2025 00:44:11 Europe/Berlin] Executing SQL: SELECT * FROM matches WHERE sport = :sport ORDER BY match_time DESC
[23-Apr-2025 00:44:11 Europe/Berlin] With params: {":sport":"football"}
[23-Apr-2025 00:44:11 Europe/Berlin] Query executed successfully. Found 7 rows
[23-Apr-2025 00:44:42 Europe/Berlin] Connected to database. Tables found: favorites, feedback, matches, news, newsletter, notifications, subscriptions, users
[23-Apr-2025 00:44:42 Europe/Berlin] Executing SQL: CREATE TABLE IF NOT EXISTS users (
                id INT AUTO_INCREMENT PRIMARY KEY,
                username VARCHAR(50) NOT NULL UNIQUE,
                password VARCHAR(255) NOT NULL,
                email VARCHAR(100) NOT NULL UNIQUE,
                account_type ENUM('user', 'admin') DEFAULT 'user',
                created_at TIMESTAMP DEFAULT CURRENT_TIMESTAMP
            )
[23-Apr-2025 00:44:42 Europe/Berlin] With params: []
[23-Apr-2025 00:44:42 Europe/Berlin] Query executed successfully. Found 0 rows
[23-Apr-2025 00:44:42 Europe/Berlin] Users table created or already exists
[23-Apr-2025 00:44:42 Europe/Berlin] Users table structure: [{"Field":"id","Type":"int(11)","Null":"NO","Key":"PRI","Default":null,"Extra":"auto_increment"},{"Field":"username","Type":"varchar(50)","Null":"NO","Key":"","Default":null,"Extra":""},{"Field":"email","Type":"varchar(100)","Null":"NO","Key":"UNI","Default":null,"Extra":""},{"Field":"password","Type":"varchar(255)","Null":"NO","Key":"","Default":null,"Extra":""},{"Field":"role","Type":"enum('user','admin')","Null":"YES","Key":"","Default":"user","Extra":""},{"Field":"verification_code","Type":"varchar(100)","Null":"YES","Key":"","Default":null,"Extra":""},{"Field":"is_verified","Type":"tinyint(1)","Null":"YES","Key":"","Default":"0","Extra":""},{"Field":"created_at","Type":"timestamp","Null":"NO","Key":"","Default":"current_timestamp()","Extra":""},{"Field":"favorite_sport","Type":"varchar(50)","Null":"YES","Key":"","Default":null,"Extra":""},{"Field":"favorite_team","Type":"varchar(50)","Null":"YES","Key":"","Default":null,"Extra":""},{"Field":"account_type","Type":"enum('user','admin')","Null":"YES","Key":"","Default":"user","Extra":""}]
[23-Apr-2025 00:44:42 Europe/Berlin] Number of users in database: 13
[23-Apr-2025 00:44:42 Europe/Berlin] All tables initialized successfully
[23-Apr-2025 00:44:42 Europe/Berlin] API Request received: /sportsync/backend/match.php?action=fetch_matches&sport=football&all=true
[23-Apr-2025 00:44:42 Europe/Berlin] GET parameters: Array
(
    [action] => fetch_matches
    [sport] => football
    [all] => true
)

[23-Apr-2025 00:44:42 Europe/Berlin] Executing SQL: SELECT * FROM matches WHERE sport = :sport ORDER BY match_time DESC
[23-Apr-2025 00:44:42 Europe/Berlin] With params: {":sport":"football"}
[23-Apr-2025 00:44:42 Europe/Berlin] Query executed successfully. Found 7 rows
[23-Apr-2025 00:45:01 Europe/Berlin] Connected to database. Tables found: favorites, feedback, matches, news, newsletter, notifications, subscriptions, users
[23-Apr-2025 00:45:01 Europe/Berlin] Executing SQL: CREATE TABLE IF NOT EXISTS users (
                id INT AUTO_INCREMENT PRIMARY KEY,
                username VARCHAR(50) NOT NULL UNIQUE,
                password VARCHAR(255) NOT NULL,
                email VARCHAR(100) NOT NULL UNIQUE,
                account_type ENUM('user', 'admin') DEFAULT 'user',
                created_at TIMESTAMP DEFAULT CURRENT_TIMESTAMP
            )
[23-Apr-2025 00:45:01 Europe/Berlin] With params: []
[23-Apr-2025 00:45:01 Europe/Berlin] Query executed successfully. Found 0 rows
[23-Apr-2025 00:45:01 Europe/Berlin] Users table created or already exists
[23-Apr-2025 00:45:01 Europe/Berlin] Users table structure: [{"Field":"id","Type":"int(11)","Null":"NO","Key":"PRI","Default":null,"Extra":"auto_increment"},{"Field":"username","Type":"varchar(50)","Null":"NO","Key":"","Default":null,"Extra":""},{"Field":"email","Type":"varchar(100)","Null":"NO","Key":"UNI","Default":null,"Extra":""},{"Field":"password","Type":"varchar(255)","Null":"NO","Key":"","Default":null,"Extra":""},{"Field":"role","Type":"enum('user','admin')","Null":"YES","Key":"","Default":"user","Extra":""},{"Field":"verification_code","Type":"varchar(100)","Null":"YES","Key":"","Default":null,"Extra":""},{"Field":"is_verified","Type":"tinyint(1)","Null":"YES","Key":"","Default":"0","Extra":""},{"Field":"created_at","Type":"timestamp","Null":"NO","Key":"","Default":"current_timestamp()","Extra":""},{"Field":"favorite_sport","Type":"varchar(50)","Null":"YES","Key":"","Default":null,"Extra":""},{"Field":"favorite_team","Type":"varchar(50)","Null":"YES","Key":"","Default":null,"Extra":""},{"Field":"account_type","Type":"enum('user','admin')","Null":"YES","Key":"","Default":"user","Extra":""}]
[23-Apr-2025 00:45:01 Europe/Berlin] Number of users in database: 13
[23-Apr-2025 00:45:01 Europe/Berlin] All tables initialized successfully
[23-Apr-2025 00:45:01 Europe/Berlin] Connected to database. Tables found: favorites, feedback, matches, news, newsletter, notifications, subscriptions, users
[23-Apr-2025 00:45:01 Europe/Berlin] Executing SQL: CREATE TABLE IF NOT EXISTS users (
                id INT AUTO_INCREMENT PRIMARY KEY,
                username VARCHAR(50) NOT NULL UNIQUE,
                password VARCHAR(255) NOT NULL,
                email VARCHAR(100) NOT NULL UNIQUE,
                account_type ENUM('user', 'admin') DEFAULT 'user',
                created_at TIMESTAMP DEFAULT CURRENT_TIMESTAMP
            )
[23-Apr-2025 00:45:01 Europe/Berlin] With params: []
[23-Apr-2025 00:45:01 Europe/Berlin] Query executed successfully. Found 0 rows
[23-Apr-2025 00:45:01 Europe/Berlin] Users table created or already exists
[23-Apr-2025 00:45:01 Europe/Berlin] Users table structure: [{"Field":"id","Type":"int(11)","Null":"NO","Key":"PRI","Default":null,"Extra":"auto_increment"},{"Field":"username","Type":"varchar(50)","Null":"NO","Key":"","Default":null,"Extra":""},{"Field":"email","Type":"varchar(100)","Null":"NO","Key":"UNI","Default":null,"Extra":""},{"Field":"password","Type":"varchar(255)","Null":"NO","Key":"","Default":null,"Extra":""},{"Field":"role","Type":"enum('user','admin')","Null":"YES","Key":"","Default":"user","Extra":""},{"Field":"verification_code","Type":"varchar(100)","Null":"YES","Key":"","Default":null,"Extra":""},{"Field":"is_verified","Type":"tinyint(1)","Null":"YES","Key":"","Default":"0","Extra":""},{"Field":"created_at","Type":"timestamp","Null":"NO","Key":"","Default":"current_timestamp()","Extra":""},{"Field":"favorite_sport","Type":"varchar(50)","Null":"YES","Key":"","Default":null,"Extra":""},{"Field":"favorite_team","Type":"varchar(50)","Null":"YES","Key":"","Default":null,"Extra":""},{"Field":"account_type","Type":"enum('user','admin')","Null":"YES","Key":"","Default":"user","Extra":""}]
[23-Apr-2025 00:45:01 Europe/Berlin] Number of users in database: 13
[23-Apr-2025 00:45:01 Europe/Berlin] All tables initialized successfully
[23-Apr-2025 00:45:01 Europe/Berlin] Database tables initialized successfully
[23-Apr-2025 00:45:01 Europe/Berlin] Executing SQL: SELECT * FROM users WHERE id = :id
[23-Apr-2025 00:45:01 Europe/Berlin] With params: {":id":12}
[23-Apr-2025 00:45:01 Europe/Berlin] Query executed successfully. Found 1 rows
[23-Apr-2025 00:45:01 Europe/Berlin] User loaded from session: varunpndey
[23-Apr-2025 00:45:01 Europe/Berlin] Header - Session status: 2
[23-Apr-2025 00:45:01 Europe/Berlin] Header - Session data: {"user_id":12,"username":"varunpndey","email":"va@gmail.com","account_type":"admin"}
[23-Apr-2025 00:45:01 Europe/Berlin] Header - After session start - Status: 2
[23-Apr-2025 00:45:01 Europe/Berlin] Header - After session start - Data: {"user_id":12,"username":"varunpndey","email":"va@gmail.com","account_type":"admin"}
[23-Apr-2025 00:45:01 Europe/Berlin] Header - Is logged in: Yes
[23-Apr-2025 00:45:01 Europe/Berlin] Executing SQL: SELECT * FROM news ORDER BY created_at DESC LIMIT 5
[23-Apr-2025 00:45:01 Europe/Berlin] With params: []
[23-Apr-2025 00:45:01 Europe/Berlin] Query executed successfully. Found 5 rows
[23-Apr-2025 00:45:01 Europe/Berlin] Executing SQL: SELECT * FROM matches WHERE status = 'live'
[23-Apr-2025 00:45:01 Europe/Berlin] With params: []
[23-Apr-2025 00:45:01 Europe/Berlin] Query executed successfully. Found 2 rows
[23-Apr-2025 00:45:01 Europe/Berlin] Executing SQL: SELECT COUNT(*) as count FROM favorites 
                    WHERE user_id = :user_id AND match_id = :match_id
[23-Apr-2025 00:45:01 Europe/Berlin] With params: {":user_id":12,":match_id":11}
[23-Apr-2025 00:45:01 Europe/Berlin] Query executed successfully. Found 1 rows
[23-Apr-2025 00:45:01 Europe/Berlin] Executing SQL: SELECT COUNT(*) as count FROM favorites 
                    WHERE user_id = :user_id AND match_id = :match_id
[23-Apr-2025 00:45:01 Europe/Berlin] With params: {":user_id":12,":match_id":17}
[23-Apr-2025 00:45:01 Europe/Berlin] Query executed successfully. Found 1 rows
[23-Apr-2025 00:45:03 Europe/Berlin] Connected to database. Tables found: favorites, feedback, matches, news, newsletter, notifications, subscriptions, users
[23-Apr-2025 00:45:03 Europe/Berlin] Executing SQL: CREATE TABLE IF NOT EXISTS users (
                id INT AUTO_INCREMENT PRIMARY KEY,
                username VARCHAR(50) NOT NULL UNIQUE,
                password VARCHAR(255) NOT NULL,
                email VARCHAR(100) NOT NULL UNIQUE,
                account_type ENUM('user', 'admin') DEFAULT 'user',
                created_at TIMESTAMP DEFAULT CURRENT_TIMESTAMP
            )
[23-Apr-2025 00:45:03 Europe/Berlin] With params: []
[23-Apr-2025 00:45:03 Europe/Berlin] Query executed successfully. Found 0 rows
[23-Apr-2025 00:45:03 Europe/Berlin] Users table created or already exists
[23-Apr-2025 00:45:03 Europe/Berlin] Users table structure: [{"Field":"id","Type":"int(11)","Null":"NO","Key":"PRI","Default":null,"Extra":"auto_increment"},{"Field":"username","Type":"varchar(50)","Null":"NO","Key":"","Default":null,"Extra":""},{"Field":"email","Type":"varchar(100)","Null":"NO","Key":"UNI","Default":null,"Extra":""},{"Field":"password","Type":"varchar(255)","Null":"NO","Key":"","Default":null,"Extra":""},{"Field":"role","Type":"enum('user','admin')","Null":"YES","Key":"","Default":"user","Extra":""},{"Field":"verification_code","Type":"varchar(100)","Null":"YES","Key":"","Default":null,"Extra":""},{"Field":"is_verified","Type":"tinyint(1)","Null":"YES","Key":"","Default":"0","Extra":""},{"Field":"created_at","Type":"timestamp","Null":"NO","Key":"","Default":"current_timestamp()","Extra":""},{"Field":"favorite_sport","Type":"varchar(50)","Null":"YES","Key":"","Default":null,"Extra":""},{"Field":"favorite_team","Type":"varchar(50)","Null":"YES","Key":"","Default":null,"Extra":""},{"Field":"account_type","Type":"enum('user','admin')","Null":"YES","Key":"","Default":"user","Extra":""}]
[23-Apr-2025 00:45:03 Europe/Berlin] Number of users in database: 13
[23-Apr-2025 00:45:03 Europe/Berlin] All tables initialized successfully
[23-Apr-2025 00:45:03 Europe/Berlin] API Request received: /sportsync/backend/match.php
[23-Apr-2025 00:45:03 Europe/Berlin] GET parameters: Array
(
)

[23-Apr-2025 00:45:43 Europe/Berlin] Connected to database. Tables found: favorites, feedback, matches, news, newsletter, notifications, subscriptions, users
[23-Apr-2025 00:45:43 Europe/Berlin] Executing SQL: CREATE TABLE IF NOT EXISTS users (
                id INT AUTO_INCREMENT PRIMARY KEY,
                username VARCHAR(50) NOT NULL UNIQUE,
                password VARCHAR(255) NOT NULL,
                email VARCHAR(100) NOT NULL UNIQUE,
                account_type ENUM('user', 'admin') DEFAULT 'user',
                created_at TIMESTAMP DEFAULT CURRENT_TIMESTAMP
            )
[23-Apr-2025 00:45:43 Europe/Berlin] With params: []
[23-Apr-2025 00:45:43 Europe/Berlin] Query executed successfully. Found 0 rows
[23-Apr-2025 00:45:43 Europe/Berlin] Users table created or already exists
[23-Apr-2025 00:45:43 Europe/Berlin] Users table structure: [{"Field":"id","Type":"int(11)","Null":"NO","Key":"PRI","Default":null,"Extra":"auto_increment"},{"Field":"username","Type":"varchar(50)","Null":"NO","Key":"","Default":null,"Extra":""},{"Field":"email","Type":"varchar(100)","Null":"NO","Key":"UNI","Default":null,"Extra":""},{"Field":"password","Type":"varchar(255)","Null":"NO","Key":"","Default":null,"Extra":""},{"Field":"role","Type":"enum('user','admin')","Null":"YES","Key":"","Default":"user","Extra":""},{"Field":"verification_code","Type":"varchar(100)","Null":"YES","Key":"","Default":null,"Extra":""},{"Field":"is_verified","Type":"tinyint(1)","Null":"YES","Key":"","Default":"0","Extra":""},{"Field":"created_at","Type":"timestamp","Null":"NO","Key":"","Default":"current_timestamp()","Extra":""},{"Field":"favorite_sport","Type":"varchar(50)","Null":"YES","Key":"","Default":null,"Extra":""},{"Field":"favorite_team","Type":"varchar(50)","Null":"YES","Key":"","Default":null,"Extra":""},{"Field":"account_type","Type":"enum('user','admin')","Null":"YES","Key":"","Default":"user","Extra":""}]
[23-Apr-2025 00:45:43 Europe/Berlin] Number of users in database: 13
[23-Apr-2025 00:45:43 Europe/Berlin] All tables initialized successfully
[23-Apr-2025 00:45:43 Europe/Berlin] API Request received: /sportsync/backend/match.php
[23-Apr-2025 00:45:43 Europe/Berlin] GET parameters: Array
(
)

[23-Apr-2025 00:48:30 Europe/Berlin] Connected to database. Tables found: favorites, feedback, matches, news, newsletter, notifications, subscriptions, users
[23-Apr-2025 00:48:30 Europe/Berlin] Executing SQL: CREATE TABLE IF NOT EXISTS users (
                id INT AUTO_INCREMENT PRIMARY KEY,
                username VARCHAR(50) NOT NULL UNIQUE,
                password VARCHAR(255) NOT NULL,
                email VARCHAR(100) NOT NULL UNIQUE,
                account_type ENUM('user', 'admin') DEFAULT 'user',
                created_at TIMESTAMP DEFAULT CURRENT_TIMESTAMP
            )
[23-Apr-2025 00:48:30 Europe/Berlin] With params: []
[23-Apr-2025 00:48:30 Europe/Berlin] Query executed successfully. Found 0 rows
[23-Apr-2025 00:48:30 Europe/Berlin] Users table created or already exists
[23-Apr-2025 00:48:30 Europe/Berlin] Users table structure: [{"Field":"id","Type":"int(11)","Null":"NO","Key":"PRI","Default":null,"Extra":"auto_increment"},{"Field":"username","Type":"varchar(50)","Null":"NO","Key":"","Default":null,"Extra":""},{"Field":"email","Type":"varchar(100)","Null":"NO","Key":"UNI","Default":null,"Extra":""},{"Field":"password","Type":"varchar(255)","Null":"NO","Key":"","Default":null,"Extra":""},{"Field":"role","Type":"enum('user','admin')","Null":"YES","Key":"","Default":"user","Extra":""},{"Field":"verification_code","Type":"varchar(100)","Null":"YES","Key":"","Default":null,"Extra":""},{"Field":"is_verified","Type":"tinyint(1)","Null":"YES","Key":"","Default":"0","Extra":""},{"Field":"created_at","Type":"timestamp","Null":"NO","Key":"","Default":"current_timestamp()","Extra":""},{"Field":"favorite_sport","Type":"varchar(50)","Null":"YES","Key":"","Default":null,"Extra":""},{"Field":"favorite_team","Type":"varchar(50)","Null":"YES","Key":"","Default":null,"Extra":""},{"Field":"account_type","Type":"enum('user','admin')","Null":"YES","Key":"","Default":"user","Extra":""}]
[23-Apr-2025 00:48:30 Europe/Berlin] Number of users in database: 13
[23-Apr-2025 00:48:30 Europe/Berlin] All tables initialized successfully
[23-Apr-2025 00:48:30 Europe/Berlin] Connected to database. Tables found: favorites, feedback, matches, news, newsletter, notifications, subscriptions, users
[23-Apr-2025 00:48:30 Europe/Berlin] Executing SQL: CREATE TABLE IF NOT EXISTS users (
                id INT AUTO_INCREMENT PRIMARY KEY,
                username VARCHAR(50) NOT NULL UNIQUE,
                password VARCHAR(255) NOT NULL,
                email VARCHAR(100) NOT NULL UNIQUE,
                account_type ENUM('user', 'admin') DEFAULT 'user',
                created_at TIMESTAMP DEFAULT CURRENT_TIMESTAMP
            )
[23-Apr-2025 00:48:30 Europe/Berlin] With params: []
[23-Apr-2025 00:48:30 Europe/Berlin] Query executed successfully. Found 0 rows
[23-Apr-2025 00:48:30 Europe/Berlin] Users table created or already exists
[23-Apr-2025 00:48:30 Europe/Berlin] Users table structure: [{"Field":"id","Type":"int(11)","Null":"NO","Key":"PRI","Default":null,"Extra":"auto_increment"},{"Field":"username","Type":"varchar(50)","Null":"NO","Key":"","Default":null,"Extra":""},{"Field":"email","Type":"varchar(100)","Null":"NO","Key":"UNI","Default":null,"Extra":""},{"Field":"password","Type":"varchar(255)","Null":"NO","Key":"","Default":null,"Extra":""},{"Field":"role","Type":"enum('user','admin')","Null":"YES","Key":"","Default":"user","Extra":""},{"Field":"verification_code","Type":"varchar(100)","Null":"YES","Key":"","Default":null,"Extra":""},{"Field":"is_verified","Type":"tinyint(1)","Null":"YES","Key":"","Default":"0","Extra":""},{"Field":"created_at","Type":"timestamp","Null":"NO","Key":"","Default":"current_timestamp()","Extra":""},{"Field":"favorite_sport","Type":"varchar(50)","Null":"YES","Key":"","Default":null,"Extra":""},{"Field":"favorite_team","Type":"varchar(50)","Null":"YES","Key":"","Default":null,"Extra":""},{"Field":"account_type","Type":"enum('user','admin')","Null":"YES","Key":"","Default":"user","Extra":""}]
[23-Apr-2025 00:48:30 Europe/Berlin] Number of users in database: 13
[23-Apr-2025 00:48:30 Europe/Berlin] All tables initialized successfully
[23-Apr-2025 00:48:30 Europe/Berlin] Database tables initialized successfully
[23-Apr-2025 00:48:30 Europe/Berlin] Executing SQL: SELECT * FROM users WHERE id = :id
[23-Apr-2025 00:48:30 Europe/Berlin] With params: {":id":12}
[23-Apr-2025 00:48:30 Europe/Berlin] Query executed successfully. Found 1 rows
[23-Apr-2025 00:48:30 Europe/Berlin] User loaded from session: varunpndey
[23-Apr-2025 00:48:30 Europe/Berlin] Header - Session status: 2
[23-Apr-2025 00:48:30 Europe/Berlin] Header - Session data: {"user_id":12,"username":"varunpndey","email":"va@gmail.com","account_type":"admin"}
[23-Apr-2025 00:48:30 Europe/Berlin] Header - After session start - Status: 2
[23-Apr-2025 00:48:30 Europe/Berlin] Header - After session start - Data: {"user_id":12,"username":"varunpndey","email":"va@gmail.com","account_type":"admin"}
[23-Apr-2025 00:48:30 Europe/Berlin] Header - Is logged in: Yes
[23-Apr-2025 00:48:30 Europe/Berlin] Executing SQL: SELECT * FROM news ORDER BY created_at DESC LIMIT 5
[23-Apr-2025 00:48:30 Europe/Berlin] With params: []
[23-Apr-2025 00:48:30 Europe/Berlin] Query executed successfully. Found 5 rows
[23-Apr-2025 00:48:30 Europe/Berlin] Executing SQL: SELECT * FROM matches WHERE status = 'live'
[23-Apr-2025 00:48:30 Europe/Berlin] With params: []
[23-Apr-2025 00:48:30 Europe/Berlin] Query executed successfully. Found 2 rows
[23-Apr-2025 00:48:30 Europe/Berlin] Executing SQL: SELECT COUNT(*) as count FROM favorites 
                    WHERE user_id = :user_id AND match_id = :match_id
[23-Apr-2025 00:48:30 Europe/Berlin] With params: {":user_id":12,":match_id":11}
[23-Apr-2025 00:48:30 Europe/Berlin] Query executed successfully. Found 1 rows
[23-Apr-2025 00:48:30 Europe/Berlin] Executing SQL: SELECT COUNT(*) as count FROM favorites 
                    WHERE user_id = :user_id AND match_id = :match_id
[23-Apr-2025 00:48:30 Europe/Berlin] With params: {":user_id":12,":match_id":17}
[23-Apr-2025 00:48:30 Europe/Berlin] Query executed successfully. Found 1 rows
[23-Apr-2025 00:48:32 Europe/Berlin] Connected to database. Tables found: favorites, feedback, matches, news, newsletter, notifications, subscriptions, users
[23-Apr-2025 00:48:32 Europe/Berlin] Executing SQL: CREATE TABLE IF NOT EXISTS users (
                id INT AUTO_INCREMENT PRIMARY KEY,
                username VARCHAR(50) NOT NULL UNIQUE,
                password VARCHAR(255) NOT NULL,
                email VARCHAR(100) NOT NULL UNIQUE,
                account_type ENUM('user', 'admin') DEFAULT 'user',
                created_at TIMESTAMP DEFAULT CURRENT_TIMESTAMP
            )
[23-Apr-2025 00:48:32 Europe/Berlin] With params: []
[23-Apr-2025 00:48:32 Europe/Berlin] Query executed successfully. Found 0 rows
[23-Apr-2025 00:48:32 Europe/Berlin] Users table created or already exists
[23-Apr-2025 00:48:32 Europe/Berlin] Users table structure: [{"Field":"id","Type":"int(11)","Null":"NO","Key":"PRI","Default":null,"Extra":"auto_increment"},{"Field":"username","Type":"varchar(50)","Null":"NO","Key":"","Default":null,"Extra":""},{"Field":"email","Type":"varchar(100)","Null":"NO","Key":"UNI","Default":null,"Extra":""},{"Field":"password","Type":"varchar(255)","Null":"NO","Key":"","Default":null,"Extra":""},{"Field":"role","Type":"enum('user','admin')","Null":"YES","Key":"","Default":"user","Extra":""},{"Field":"verification_code","Type":"varchar(100)","Null":"YES","Key":"","Default":null,"Extra":""},{"Field":"is_verified","Type":"tinyint(1)","Null":"YES","Key":"","Default":"0","Extra":""},{"Field":"created_at","Type":"timestamp","Null":"NO","Key":"","Default":"current_timestamp()","Extra":""},{"Field":"favorite_sport","Type":"varchar(50)","Null":"YES","Key":"","Default":null,"Extra":""},{"Field":"favorite_team","Type":"varchar(50)","Null":"YES","Key":"","Default":null,"Extra":""},{"Field":"account_type","Type":"enum('user','admin')","Null":"YES","Key":"","Default":"user","Extra":""}]
[23-Apr-2025 00:48:32 Europe/Berlin] Number of users in database: 13
[23-Apr-2025 00:48:32 Europe/Berlin] All tables initialized successfully
[23-Apr-2025 00:48:32 Europe/Berlin] API Request received: /sportsync/backend/match.php
[23-Apr-2025 00:48:32 Europe/Berlin] GET parameters: Array
(
)

[23-Apr-2025 00:50:13 Europe/Berlin] Connected to database. Tables found: favorites, feedback, matches, news, newsletter, notifications, subscriptions, users
[23-Apr-2025 00:50:13 Europe/Berlin] Executing SQL: CREATE TABLE IF NOT EXISTS users (
                id INT AUTO_INCREMENT PRIMARY KEY,
                username VARCHAR(50) NOT NULL UNIQUE,
                password VARCHAR(255) NOT NULL,
                email VARCHAR(100) NOT NULL UNIQUE,
                account_type ENUM('user', 'admin') DEFAULT 'user',
                created_at TIMESTAMP DEFAULT CURRENT_TIMESTAMP
            )
[23-Apr-2025 00:50:13 Europe/Berlin] With params: []
[23-Apr-2025 00:50:13 Europe/Berlin] Query executed successfully. Found 0 rows
[23-Apr-2025 00:50:13 Europe/Berlin] Users table created or already exists
[23-Apr-2025 00:50:13 Europe/Berlin] Users table structure: [{"Field":"id","Type":"int(11)","Null":"NO","Key":"PRI","Default":null,"Extra":"auto_increment"},{"Field":"username","Type":"varchar(50)","Null":"NO","Key":"","Default":null,"Extra":""},{"Field":"email","Type":"varchar(100)","Null":"NO","Key":"UNI","Default":null,"Extra":""},{"Field":"password","Type":"varchar(255)","Null":"NO","Key":"","Default":null,"Extra":""},{"Field":"role","Type":"enum('user','admin')","Null":"YES","Key":"","Default":"user","Extra":""},{"Field":"verification_code","Type":"varchar(100)","Null":"YES","Key":"","Default":null,"Extra":""},{"Field":"is_verified","Type":"tinyint(1)","Null":"YES","Key":"","Default":"0","Extra":""},{"Field":"created_at","Type":"timestamp","Null":"NO","Key":"","Default":"current_timestamp()","Extra":""},{"Field":"favorite_sport","Type":"varchar(50)","Null":"YES","Key":"","Default":null,"Extra":""},{"Field":"favorite_team","Type":"varchar(50)","Null":"YES","Key":"","Default":null,"Extra":""},{"Field":"account_type","Type":"enum('user','admin')","Null":"YES","Key":"","Default":"user","Extra":""}]
[23-Apr-2025 00:50:13 Europe/Berlin] Number of users in database: 13
[23-Apr-2025 00:50:13 Europe/Berlin] All tables initialized successfully
[23-Apr-2025 00:50:13 Europe/Berlin] Connected to database. Tables found: favorites, feedback, matches, news, newsletter, notifications, subscriptions, users
[23-Apr-2025 00:50:13 Europe/Berlin] Executing SQL: CREATE TABLE IF NOT EXISTS users (
                id INT AUTO_INCREMENT PRIMARY KEY,
                username VARCHAR(50) NOT NULL UNIQUE,
                password VARCHAR(255) NOT NULL,
                email VARCHAR(100) NOT NULL UNIQUE,
                account_type ENUM('user', 'admin') DEFAULT 'user',
                created_at TIMESTAMP DEFAULT CURRENT_TIMESTAMP
            )
[23-Apr-2025 00:50:13 Europe/Berlin] With params: []
[23-Apr-2025 00:50:13 Europe/Berlin] Query executed successfully. Found 0 rows
[23-Apr-2025 00:50:13 Europe/Berlin] Users table created or already exists
[23-Apr-2025 00:50:13 Europe/Berlin] Users table structure: [{"Field":"id","Type":"int(11)","Null":"NO","Key":"PRI","Default":null,"Extra":"auto_increment"},{"Field":"username","Type":"varchar(50)","Null":"NO","Key":"","Default":null,"Extra":""},{"Field":"email","Type":"varchar(100)","Null":"NO","Key":"UNI","Default":null,"Extra":""},{"Field":"password","Type":"varchar(255)","Null":"NO","Key":"","Default":null,"Extra":""},{"Field":"role","Type":"enum('user','admin')","Null":"YES","Key":"","Default":"user","Extra":""},{"Field":"verification_code","Type":"varchar(100)","Null":"YES","Key":"","Default":null,"Extra":""},{"Field":"is_verified","Type":"tinyint(1)","Null":"YES","Key":"","Default":"0","Extra":""},{"Field":"created_at","Type":"timestamp","Null":"NO","Key":"","Default":"current_timestamp()","Extra":""},{"Field":"favorite_sport","Type":"varchar(50)","Null":"YES","Key":"","Default":null,"Extra":""},{"Field":"favorite_team","Type":"varchar(50)","Null":"YES","Key":"","Default":null,"Extra":""},{"Field":"account_type","Type":"enum('user','admin')","Null":"YES","Key":"","Default":"user","Extra":""}]
[23-Apr-2025 00:50:13 Europe/Berlin] Number of users in database: 13
[23-Apr-2025 00:50:13 Europe/Berlin] All tables initialized successfully
[23-Apr-2025 00:50:13 Europe/Berlin] Database tables initialized successfully
[23-Apr-2025 00:50:13 Europe/Berlin] Executing SQL: SELECT * FROM users WHERE id = :id
[23-Apr-2025 00:50:13 Europe/Berlin] With params: {":id":12}
[23-Apr-2025 00:50:13 Europe/Berlin] Query executed successfully. Found 1 rows
[23-Apr-2025 00:50:13 Europe/Berlin] User loaded from session: varunpndey
[23-Apr-2025 00:50:13 Europe/Berlin] Header - Session status: 2
[23-Apr-2025 00:50:13 Europe/Berlin] Header - Session data: {"user_id":12,"username":"varunpndey","email":"va@gmail.com","account_type":"admin"}
[23-Apr-2025 00:50:13 Europe/Berlin] Header - After session start - Status: 2
[23-Apr-2025 00:50:13 Europe/Berlin] Header - After session start - Data: {"user_id":12,"username":"varunpndey","email":"va@gmail.com","account_type":"admin"}
[23-Apr-2025 00:50:13 Europe/Berlin] Header - Is logged in: Yes
[23-Apr-2025 00:50:13 Europe/Berlin] Executing SQL: SELECT * FROM news ORDER BY created_at DESC LIMIT 5
[23-Apr-2025 00:50:13 Europe/Berlin] With params: []
[23-Apr-2025 00:50:13 Europe/Berlin] Query executed successfully. Found 5 rows
[23-Apr-2025 00:50:13 Europe/Berlin] Executing SQL: SELECT * FROM matches WHERE status = 'live'
[23-Apr-2025 00:50:13 Europe/Berlin] With params: []
[23-Apr-2025 00:50:13 Europe/Berlin] Query executed successfully. Found 2 rows
[23-Apr-2025 00:50:13 Europe/Berlin] Executing SQL: SELECT COUNT(*) as count FROM favorites 
                    WHERE user_id = :user_id AND match_id = :match_id
[23-Apr-2025 00:50:13 Europe/Berlin] With params: {":user_id":12,":match_id":11}
[23-Apr-2025 00:50:13 Europe/Berlin] Query executed successfully. Found 1 rows
[23-Apr-2025 00:50:13 Europe/Berlin] Executing SQL: SELECT COUNT(*) as count FROM favorites 
                    WHERE user_id = :user_id AND match_id = :match_id
[23-Apr-2025 00:50:13 Europe/Berlin] With params: {":user_id":12,":match_id":17}
[23-Apr-2025 00:50:13 Europe/Berlin] Query executed successfully. Found 1 rows
[23-Apr-2025 00:50:15 Europe/Berlin] Connected to database. Tables found: favorites, feedback, matches, news, newsletter, notifications, subscriptions, users
[23-Apr-2025 00:50:15 Europe/Berlin] Executing SQL: CREATE TABLE IF NOT EXISTS users (
                id INT AUTO_INCREMENT PRIMARY KEY,
                username VARCHAR(50) NOT NULL UNIQUE,
                password VARCHAR(255) NOT NULL,
                email VARCHAR(100) NOT NULL UNIQUE,
                account_type ENUM('user', 'admin') DEFAULT 'user',
                created_at TIMESTAMP DEFAULT CURRENT_TIMESTAMP
            )
[23-Apr-2025 00:50:15 Europe/Berlin] With params: []
[23-Apr-2025 00:50:15 Europe/Berlin] Query executed successfully. Found 0 rows
[23-Apr-2025 00:50:15 Europe/Berlin] Users table created or already exists
[23-Apr-2025 00:50:15 Europe/Berlin] Users table structure: [{"Field":"id","Type":"int(11)","Null":"NO","Key":"PRI","Default":null,"Extra":"auto_increment"},{"Field":"username","Type":"varchar(50)","Null":"NO","Key":"","Default":null,"Extra":""},{"Field":"email","Type":"varchar(100)","Null":"NO","Key":"UNI","Default":null,"Extra":""},{"Field":"password","Type":"varchar(255)","Null":"NO","Key":"","Default":null,"Extra":""},{"Field":"role","Type":"enum('user','admin')","Null":"YES","Key":"","Default":"user","Extra":""},{"Field":"verification_code","Type":"varchar(100)","Null":"YES","Key":"","Default":null,"Extra":""},{"Field":"is_verified","Type":"tinyint(1)","Null":"YES","Key":"","Default":"0","Extra":""},{"Field":"created_at","Type":"timestamp","Null":"NO","Key":"","Default":"current_timestamp()","Extra":""},{"Field":"favorite_sport","Type":"varchar(50)","Null":"YES","Key":"","Default":null,"Extra":""},{"Field":"favorite_team","Type":"varchar(50)","Null":"YES","Key":"","Default":null,"Extra":""},{"Field":"account_type","Type":"enum('user','admin')","Null":"YES","Key":"","Default":"user","Extra":""}]
[23-Apr-2025 00:50:15 Europe/Berlin] Number of users in database: 13
[23-Apr-2025 00:50:15 Europe/Berlin] All tables initialized successfully
[23-Apr-2025 00:50:15 Europe/Berlin] API Request received: /sportsync/backend/match.php
[23-Apr-2025 00:50:15 Europe/Berlin] GET parameters: Array
(
)

[23-Apr-2025 00:52:39 Europe/Berlin] Connected to database. Tables found: favorites, feedback, matches, news, newsletter, notifications, subscriptions, users
[23-Apr-2025 00:52:39 Europe/Berlin] Executing SQL: CREATE TABLE IF NOT EXISTS users (
                id INT AUTO_INCREMENT PRIMARY KEY,
                username VARCHAR(50) NOT NULL UNIQUE,
                password VARCHAR(255) NOT NULL,
                email VARCHAR(100) NOT NULL UNIQUE,
                account_type ENUM('user', 'admin') DEFAULT 'user',
                created_at TIMESTAMP DEFAULT CURRENT_TIMESTAMP
            )
[23-Apr-2025 00:52:39 Europe/Berlin] With params: []
[23-Apr-2025 00:52:39 Europe/Berlin] Query executed successfully. Found 0 rows
[23-Apr-2025 00:52:39 Europe/Berlin] Users table created or already exists
[23-Apr-2025 00:52:39 Europe/Berlin] Users table structure: [{"Field":"id","Type":"int(11)","Null":"NO","Key":"PRI","Default":null,"Extra":"auto_increment"},{"Field":"username","Type":"varchar(50)","Null":"NO","Key":"","Default":null,"Extra":""},{"Field":"email","Type":"varchar(100)","Null":"NO","Key":"UNI","Default":null,"Extra":""},{"Field":"password","Type":"varchar(255)","Null":"NO","Key":"","Default":null,"Extra":""},{"Field":"role","Type":"enum('user','admin')","Null":"YES","Key":"","Default":"user","Extra":""},{"Field":"verification_code","Type":"varchar(100)","Null":"YES","Key":"","Default":null,"Extra":""},{"Field":"is_verified","Type":"tinyint(1)","Null":"YES","Key":"","Default":"0","Extra":""},{"Field":"created_at","Type":"timestamp","Null":"NO","Key":"","Default":"current_timestamp()","Extra":""},{"Field":"favorite_sport","Type":"varchar(50)","Null":"YES","Key":"","Default":null,"Extra":""},{"Field":"favorite_team","Type":"varchar(50)","Null":"YES","Key":"","Default":null,"Extra":""},{"Field":"account_type","Type":"enum('user','admin')","Null":"YES","Key":"","Default":"user","Extra":""}]
[23-Apr-2025 00:52:39 Europe/Berlin] Number of users in database: 13
[23-Apr-2025 00:52:39 Europe/Berlin] All tables initialized successfully
[23-Apr-2025 00:52:39 Europe/Berlin] Connected to database. Tables found: favorites, feedback, matches, news, newsletter, notifications, subscriptions, users
[23-Apr-2025 00:52:39 Europe/Berlin] Executing SQL: CREATE TABLE IF NOT EXISTS users (
                id INT AUTO_INCREMENT PRIMARY KEY,
                username VARCHAR(50) NOT NULL UNIQUE,
                password VARCHAR(255) NOT NULL,
                email VARCHAR(100) NOT NULL UNIQUE,
                account_type ENUM('user', 'admin') DEFAULT 'user',
                created_at TIMESTAMP DEFAULT CURRENT_TIMESTAMP
            )
[23-Apr-2025 00:52:39 Europe/Berlin] With params: []
[23-Apr-2025 00:52:39 Europe/Berlin] Query executed successfully. Found 0 rows
[23-Apr-2025 00:52:39 Europe/Berlin] Users table created or already exists
[23-Apr-2025 00:52:39 Europe/Berlin] Users table structure: [{"Field":"id","Type":"int(11)","Null":"NO","Key":"PRI","Default":null,"Extra":"auto_increment"},{"Field":"username","Type":"varchar(50)","Null":"NO","Key":"","Default":null,"Extra":""},{"Field":"email","Type":"varchar(100)","Null":"NO","Key":"UNI","Default":null,"Extra":""},{"Field":"password","Type":"varchar(255)","Null":"NO","Key":"","Default":null,"Extra":""},{"Field":"role","Type":"enum('user','admin')","Null":"YES","Key":"","Default":"user","Extra":""},{"Field":"verification_code","Type":"varchar(100)","Null":"YES","Key":"","Default":null,"Extra":""},{"Field":"is_verified","Type":"tinyint(1)","Null":"YES","Key":"","Default":"0","Extra":""},{"Field":"created_at","Type":"timestamp","Null":"NO","Key":"","Default":"current_timestamp()","Extra":""},{"Field":"favorite_sport","Type":"varchar(50)","Null":"YES","Key":"","Default":null,"Extra":""},{"Field":"favorite_team","Type":"varchar(50)","Null":"YES","Key":"","Default":null,"Extra":""},{"Field":"account_type","Type":"enum('user','admin')","Null":"YES","Key":"","Default":"user","Extra":""}]
[23-Apr-2025 00:52:39 Europe/Berlin] Number of users in database: 13
[23-Apr-2025 00:52:39 Europe/Berlin] All tables initialized successfully
[23-Apr-2025 00:52:39 Europe/Berlin] Database tables initialized successfully
[23-Apr-2025 00:52:39 Europe/Berlin] Executing SQL: SELECT * FROM users WHERE id = :id
[23-Apr-2025 00:52:39 Europe/Berlin] With params: {":id":12}
[23-Apr-2025 00:52:39 Europe/Berlin] Query executed successfully. Found 1 rows
[23-Apr-2025 00:52:39 Europe/Berlin] User loaded from session: varunpndey
[23-Apr-2025 00:52:39 Europe/Berlin] Header - Session status: 2
[23-Apr-2025 00:52:39 Europe/Berlin] Header - Session data: {"user_id":12,"username":"varunpndey","email":"va@gmail.com","account_type":"admin"}
[23-Apr-2025 00:52:39 Europe/Berlin] Header - After session start - Status: 2
[23-Apr-2025 00:52:39 Europe/Berlin] Header - After session start - Data: {"user_id":12,"username":"varunpndey","email":"va@gmail.com","account_type":"admin"}
[23-Apr-2025 00:52:39 Europe/Berlin] Header - Is logged in: Yes
[23-Apr-2025 00:52:39 Europe/Berlin] Executing SQL: SELECT * FROM news ORDER BY created_at DESC LIMIT 5
[23-Apr-2025 00:52:39 Europe/Berlin] With params: []
[23-Apr-2025 00:52:39 Europe/Berlin] Query executed successfully. Found 5 rows
[23-Apr-2025 00:52:39 Europe/Berlin] Executing SQL: SELECT * FROM matches WHERE status = 'live'
[23-Apr-2025 00:52:39 Europe/Berlin] With params: []
[23-Apr-2025 00:52:39 Europe/Berlin] Query executed successfully. Found 2 rows
[23-Apr-2025 00:52:39 Europe/Berlin] Executing SQL: SELECT COUNT(*) as count FROM favorites 
                    WHERE user_id = :user_id AND match_id = :match_id
[23-Apr-2025 00:52:39 Europe/Berlin] With params: {":user_id":12,":match_id":11}
[23-Apr-2025 00:52:39 Europe/Berlin] Query executed successfully. Found 1 rows
[23-Apr-2025 00:52:39 Europe/Berlin] Executing SQL: SELECT COUNT(*) as count FROM favorites 
                    WHERE user_id = :user_id AND match_id = :match_id
[23-Apr-2025 00:52:39 Europe/Berlin] With params: {":user_id":12,":match_id":17}
[23-Apr-2025 00:52:39 Europe/Berlin] Query executed successfully. Found 1 rows
[23-Apr-2025 00:52:41 Europe/Berlin] Connected to database. Tables found: favorites, feedback, matches, news, newsletter, notifications, subscriptions, users
[23-Apr-2025 00:52:41 Europe/Berlin] Executing SQL: CREATE TABLE IF NOT EXISTS users (
                id INT AUTO_INCREMENT PRIMARY KEY,
                username VARCHAR(50) NOT NULL UNIQUE,
                password VARCHAR(255) NOT NULL,
                email VARCHAR(100) NOT NULL UNIQUE,
                account_type ENUM('user', 'admin') DEFAULT 'user',
                created_at TIMESTAMP DEFAULT CURRENT_TIMESTAMP
            )
[23-Apr-2025 00:52:41 Europe/Berlin] With params: []
[23-Apr-2025 00:52:41 Europe/Berlin] Query executed successfully. Found 0 rows
[23-Apr-2025 00:52:41 Europe/Berlin] Users table created or already exists
[23-Apr-2025 00:52:41 Europe/Berlin] Users table structure: [{"Field":"id","Type":"int(11)","Null":"NO","Key":"PRI","Default":null,"Extra":"auto_increment"},{"Field":"username","Type":"varchar(50)","Null":"NO","Key":"","Default":null,"Extra":""},{"Field":"email","Type":"varchar(100)","Null":"NO","Key":"UNI","Default":null,"Extra":""},{"Field":"password","Type":"varchar(255)","Null":"NO","Key":"","Default":null,"Extra":""},{"Field":"role","Type":"enum('user','admin')","Null":"YES","Key":"","Default":"user","Extra":""},{"Field":"verification_code","Type":"varchar(100)","Null":"YES","Key":"","Default":null,"Extra":""},{"Field":"is_verified","Type":"tinyint(1)","Null":"YES","Key":"","Default":"0","Extra":""},{"Field":"created_at","Type":"timestamp","Null":"NO","Key":"","Default":"current_timestamp()","Extra":""},{"Field":"favorite_sport","Type":"varchar(50)","Null":"YES","Key":"","Default":null,"Extra":""},{"Field":"favorite_team","Type":"varchar(50)","Null":"YES","Key":"","Default":null,"Extra":""},{"Field":"account_type","Type":"enum('user','admin')","Null":"YES","Key":"","Default":"user","Extra":""}]
[23-Apr-2025 00:52:41 Europe/Berlin] Number of users in database: 13
[23-Apr-2025 00:52:41 Europe/Berlin] All tables initialized successfully
[23-Apr-2025 00:52:41 Europe/Berlin] API Request received: /sportsync/backend/match.php
[23-Apr-2025 00:52:41 Europe/Berlin] GET parameters: Array
(
)

[23-Apr-2025 00:53:13 Europe/Berlin] Connected to database. Tables found: favorites, feedback, matches, news, newsletter, notifications, subscriptions, users
[23-Apr-2025 00:53:13 Europe/Berlin] Executing SQL: CREATE TABLE IF NOT EXISTS users (
                id INT AUTO_INCREMENT PRIMARY KEY,
                username VARCHAR(50) NOT NULL UNIQUE,
                password VARCHAR(255) NOT NULL,
                email VARCHAR(100) NOT NULL UNIQUE,
                account_type ENUM('user', 'admin') DEFAULT 'user',
                created_at TIMESTAMP DEFAULT CURRENT_TIMESTAMP
            )
[23-Apr-2025 00:53:13 Europe/Berlin] With params: []
[23-Apr-2025 00:53:13 Europe/Berlin] Query executed successfully. Found 0 rows
[23-Apr-2025 00:53:13 Europe/Berlin] Users table created or already exists
[23-Apr-2025 00:53:13 Europe/Berlin] Users table structure: [{"Field":"id","Type":"int(11)","Null":"NO","Key":"PRI","Default":null,"Extra":"auto_increment"},{"Field":"username","Type":"varchar(50)","Null":"NO","Key":"","Default":null,"Extra":""},{"Field":"email","Type":"varchar(100)","Null":"NO","Key":"UNI","Default":null,"Extra":""},{"Field":"password","Type":"varchar(255)","Null":"NO","Key":"","Default":null,"Extra":""},{"Field":"role","Type":"enum('user','admin')","Null":"YES","Key":"","Default":"user","Extra":""},{"Field":"verification_code","Type":"varchar(100)","Null":"YES","Key":"","Default":null,"Extra":""},{"Field":"is_verified","Type":"tinyint(1)","Null":"YES","Key":"","Default":"0","Extra":""},{"Field":"created_at","Type":"timestamp","Null":"NO","Key":"","Default":"current_timestamp()","Extra":""},{"Field":"favorite_sport","Type":"varchar(50)","Null":"YES","Key":"","Default":null,"Extra":""},{"Field":"favorite_team","Type":"varchar(50)","Null":"YES","Key":"","Default":null,"Extra":""},{"Field":"account_type","Type":"enum('user','admin')","Null":"YES","Key":"","Default":"user","Extra":""}]
[23-Apr-2025 00:53:13 Europe/Berlin] Number of users in database: 13
[23-Apr-2025 00:53:13 Europe/Berlin] All tables initialized successfully
[23-Apr-2025 00:53:13 Europe/Berlin] API Request received: /sportsync/backend/match.php
[23-Apr-2025 00:53:13 Europe/Berlin] GET parameters: Array
(
)

[23-Apr-2025 00:53:17 Europe/Berlin] Connected to database. Tables found: favorites, feedback, matches, news, newsletter, notifications, subscriptions, users
[23-Apr-2025 00:53:17 Europe/Berlin] Executing SQL: CREATE TABLE IF NOT EXISTS users (
                id INT AUTO_INCREMENT PRIMARY KEY,
                username VARCHAR(50) NOT NULL UNIQUE,
                password VARCHAR(255) NOT NULL,
                email VARCHAR(100) NOT NULL UNIQUE,
                account_type ENUM('user', 'admin') DEFAULT 'user',
                created_at TIMESTAMP DEFAULT CURRENT_TIMESTAMP
            )
[23-Apr-2025 00:53:17 Europe/Berlin] With params: []
[23-Apr-2025 00:53:17 Europe/Berlin] Query executed successfully. Found 0 rows
[23-Apr-2025 00:53:17 Europe/Berlin] Users table created or already exists
[23-Apr-2025 00:53:17 Europe/Berlin] Users table structure: [{"Field":"id","Type":"int(11)","Null":"NO","Key":"PRI","Default":null,"Extra":"auto_increment"},{"Field":"username","Type":"varchar(50)","Null":"NO","Key":"","Default":null,"Extra":""},{"Field":"email","Type":"varchar(100)","Null":"NO","Key":"UNI","Default":null,"Extra":""},{"Field":"password","Type":"varchar(255)","Null":"NO","Key":"","Default":null,"Extra":""},{"Field":"role","Type":"enum('user','admin')","Null":"YES","Key":"","Default":"user","Extra":""},{"Field":"verification_code","Type":"varchar(100)","Null":"YES","Key":"","Default":null,"Extra":""},{"Field":"is_verified","Type":"tinyint(1)","Null":"YES","Key":"","Default":"0","Extra":""},{"Field":"created_at","Type":"timestamp","Null":"NO","Key":"","Default":"current_timestamp()","Extra":""},{"Field":"favorite_sport","Type":"varchar(50)","Null":"YES","Key":"","Default":null,"Extra":""},{"Field":"favorite_team","Type":"varchar(50)","Null":"YES","Key":"","Default":null,"Extra":""},{"Field":"account_type","Type":"enum('user','admin')","Null":"YES","Key":"","Default":"user","Extra":""}]
[23-Apr-2025 00:53:17 Europe/Berlin] Number of users in database: 13
[23-Apr-2025 00:53:17 Europe/Berlin] All tables initialized successfully
[23-Apr-2025 00:53:17 Europe/Berlin] Connected to database. Tables found: favorites, feedback, matches, news, newsletter, notifications, subscriptions, users
[23-Apr-2025 00:53:17 Europe/Berlin] Executing SQL: CREATE TABLE IF NOT EXISTS users (
                id INT AUTO_INCREMENT PRIMARY KEY,
                username VARCHAR(50) NOT NULL UNIQUE,
                password VARCHAR(255) NOT NULL,
                email VARCHAR(100) NOT NULL UNIQUE,
                account_type ENUM('user', 'admin') DEFAULT 'user',
                created_at TIMESTAMP DEFAULT CURRENT_TIMESTAMP
            )
[23-Apr-2025 00:53:17 Europe/Berlin] With params: []
[23-Apr-2025 00:53:17 Europe/Berlin] Query executed successfully. Found 0 rows
[23-Apr-2025 00:53:17 Europe/Berlin] Users table created or already exists
[23-Apr-2025 00:53:17 Europe/Berlin] Users table structure: [{"Field":"id","Type":"int(11)","Null":"NO","Key":"PRI","Default":null,"Extra":"auto_increment"},{"Field":"username","Type":"varchar(50)","Null":"NO","Key":"","Default":null,"Extra":""},{"Field":"email","Type":"varchar(100)","Null":"NO","Key":"UNI","Default":null,"Extra":""},{"Field":"password","Type":"varchar(255)","Null":"NO","Key":"","Default":null,"Extra":""},{"Field":"role","Type":"enum('user','admin')","Null":"YES","Key":"","Default":"user","Extra":""},{"Field":"verification_code","Type":"varchar(100)","Null":"YES","Key":"","Default":null,"Extra":""},{"Field":"is_verified","Type":"tinyint(1)","Null":"YES","Key":"","Default":"0","Extra":""},{"Field":"created_at","Type":"timestamp","Null":"NO","Key":"","Default":"current_timestamp()","Extra":""},{"Field":"favorite_sport","Type":"varchar(50)","Null":"YES","Key":"","Default":null,"Extra":""},{"Field":"favorite_team","Type":"varchar(50)","Null":"YES","Key":"","Default":null,"Extra":""},{"Field":"account_type","Type":"enum('user','admin')","Null":"YES","Key":"","Default":"user","Extra":""}]
[23-Apr-2025 00:53:17 Europe/Berlin] Number of users in database: 13
[23-Apr-2025 00:53:17 Europe/Berlin] All tables initialized successfully
[23-Apr-2025 00:53:17 Europe/Berlin] Database tables initialized successfully
[23-Apr-2025 00:53:17 Europe/Berlin] Executing SQL: SELECT * FROM users WHERE id = :id
[23-Apr-2025 00:53:17 Europe/Berlin] With params: {":id":12}
[23-Apr-2025 00:53:17 Europe/Berlin] Query executed successfully. Found 1 rows
[23-Apr-2025 00:53:17 Europe/Berlin] User loaded from session: varunpndey
[23-Apr-2025 00:53:17 Europe/Berlin] Header - Session status: 2
[23-Apr-2025 00:53:17 Europe/Berlin] Header - Session data: {"user_id":12,"username":"varunpndey","email":"va@gmail.com","account_type":"admin"}
[23-Apr-2025 00:53:17 Europe/Berlin] Header - After session start - Status: 2
[23-Apr-2025 00:53:17 Europe/Berlin] Header - After session start - Data: {"user_id":12,"username":"varunpndey","email":"va@gmail.com","account_type":"admin"}
[23-Apr-2025 00:53:17 Europe/Berlin] Header - Is logged in: Yes
[23-Apr-2025 00:53:17 Europe/Berlin] Executing SQL: SELECT * FROM matches WHERE sport = :sport ORDER BY match_time DESC
[23-Apr-2025 00:53:17 Europe/Berlin] With params: {":sport":"football"}
[23-Apr-2025 00:53:17 Europe/Berlin] Query executed successfully. Found 7 rows
[23-Apr-2025 00:53:17 Europe/Berlin] Executing SQL: SELECT * FROM matches WHERE sport = :sport AND status = :status
[23-Apr-2025 00:53:17 Europe/Berlin] With params: {":sport":"football",":status":"live"}
[23-Apr-2025 00:53:17 Europe/Berlin] Query executed successfully. Found 1 rows
[23-Apr-2025 00:53:17 Europe/Berlin] Executing SQL: SELECT COUNT(*) as count FROM favorites 
                    WHERE user_id = :user_id AND match_id = :match_id
[23-Apr-2025 00:53:17 Europe/Berlin] With params: {":user_id":12,":match_id":18}
[23-Apr-2025 00:53:17 Europe/Berlin] Query executed successfully. Found 1 rows
[23-Apr-2025 00:53:17 Europe/Berlin] Executing SQL: SELECT COUNT(*) as count FROM favorites 
                    WHERE user_id = :user_id AND match_id = :match_id
[23-Apr-2025 00:53:17 Europe/Berlin] With params: {":user_id":12,":match_id":17}
[23-Apr-2025 00:53:17 Europe/Berlin] Query executed successfully. Found 1 rows
[23-Apr-2025 00:53:17 Europe/Berlin] Executing SQL: SELECT COUNT(*) as count FROM favorites 
                    WHERE user_id = :user_id AND match_id = :match_id
[23-Apr-2025 00:53:17 Europe/Berlin] With params: {":user_id":12,":match_id":19}
[23-Apr-2025 00:53:17 Europe/Berlin] Query executed successfully. Found 1 rows
[23-Apr-2025 00:53:17 Europe/Berlin] Executing SQL: SELECT COUNT(*) as count FROM favorites 
                    WHERE user_id = :user_id AND match_id = :match_id
[23-Apr-2025 00:53:17 Europe/Berlin] With params: {":user_id":12,":match_id":20}
[23-Apr-2025 00:53:17 Europe/Berlin] Query executed successfully. Found 1 rows
[23-Apr-2025 00:53:17 Europe/Berlin] Executing SQL: SELECT COUNT(*) as count FROM favorites 
                    WHERE user_id = :user_id AND match_id = :match_id
[23-Apr-2025 00:53:17 Europe/Berlin] With params: {":user_id":12,":match_id":22}
[23-Apr-2025 00:53:17 Europe/Berlin] Query executed successfully. Found 1 rows
[23-Apr-2025 00:53:17 Europe/Berlin] Executing SQL: SELECT COUNT(*) as count FROM favorites 
                    WHERE user_id = :user_id AND match_id = :match_id
[23-Apr-2025 00:53:17 Europe/Berlin] With params: {":user_id":12,":match_id":21}
[23-Apr-2025 00:53:17 Europe/Berlin] Query executed successfully. Found 1 rows
[23-Apr-2025 00:53:17 Europe/Berlin] Executing SQL: SELECT COUNT(*) as count FROM favorites 
                    WHERE user_id = :user_id AND match_id = :match_id
[23-Apr-2025 00:53:17 Europe/Berlin] With params: {":user_id":12,":match_id":23}
[23-Apr-2025 00:53:17 Europe/Berlin] Query executed successfully. Found 1 rows
[23-Apr-2025 00:53:19 Europe/Berlin] Connected to database. Tables found: favorites, feedback, matches, news, newsletter, notifications, subscriptions, users
[23-Apr-2025 00:53:19 Europe/Berlin] Executing SQL: CREATE TABLE IF NOT EXISTS users (
                id INT AUTO_INCREMENT PRIMARY KEY,
                username VARCHAR(50) NOT NULL UNIQUE,
                password VARCHAR(255) NOT NULL,
                email VARCHAR(100) NOT NULL UNIQUE,
                account_type ENUM('user', 'admin') DEFAULT 'user',
                created_at TIMESTAMP DEFAULT CURRENT_TIMESTAMP
            )
[23-Apr-2025 00:53:19 Europe/Berlin] With params: []
[23-Apr-2025 00:53:19 Europe/Berlin] Query executed successfully. Found 0 rows
[23-Apr-2025 00:53:19 Europe/Berlin] Users table created or already exists
[23-Apr-2025 00:53:19 Europe/Berlin] Users table structure: [{"Field":"id","Type":"int(11)","Null":"NO","Key":"PRI","Default":null,"Extra":"auto_increment"},{"Field":"username","Type":"varchar(50)","Null":"NO","Key":"","Default":null,"Extra":""},{"Field":"email","Type":"varchar(100)","Null":"NO","Key":"UNI","Default":null,"Extra":""},{"Field":"password","Type":"varchar(255)","Null":"NO","Key":"","Default":null,"Extra":""},{"Field":"role","Type":"enum('user','admin')","Null":"YES","Key":"","Default":"user","Extra":""},{"Field":"verification_code","Type":"varchar(100)","Null":"YES","Key":"","Default":null,"Extra":""},{"Field":"is_verified","Type":"tinyint(1)","Null":"YES","Key":"","Default":"0","Extra":""},{"Field":"created_at","Type":"timestamp","Null":"NO","Key":"","Default":"current_timestamp()","Extra":""},{"Field":"favorite_sport","Type":"varchar(50)","Null":"YES","Key":"","Default":null,"Extra":""},{"Field":"favorite_team","Type":"varchar(50)","Null":"YES","Key":"","Default":null,"Extra":""},{"Field":"account_type","Type":"enum('user','admin')","Null":"YES","Key":"","Default":"user","Extra":""}]
[23-Apr-2025 00:53:19 Europe/Berlin] Number of users in database: 13
[23-Apr-2025 00:53:19 Europe/Berlin] All tables initialized successfully
[23-Apr-2025 00:53:19 Europe/Berlin] API Request received: /sportsync/backend/match.php
[23-Apr-2025 00:53:19 Europe/Berlin] GET parameters: Array
(
)

[23-Apr-2025 00:53:48 Europe/Berlin] Connected to database. Tables found: favorites, feedback, matches, news, newsletter, notifications, subscriptions, users
[23-Apr-2025 00:53:48 Europe/Berlin] Executing SQL: CREATE TABLE IF NOT EXISTS users (
                id INT AUTO_INCREMENT PRIMARY KEY,
                username VARCHAR(50) NOT NULL UNIQUE,
                password VARCHAR(255) NOT NULL,
                email VARCHAR(100) NOT NULL UNIQUE,
                account_type ENUM('user', 'admin') DEFAULT 'user',
                created_at TIMESTAMP DEFAULT CURRENT_TIMESTAMP
            )
[23-Apr-2025 00:53:48 Europe/Berlin] With params: []
[23-Apr-2025 00:53:48 Europe/Berlin] Query executed successfully. Found 0 rows
[23-Apr-2025 00:53:48 Europe/Berlin] Users table created or already exists
[23-Apr-2025 00:53:48 Europe/Berlin] Users table structure: [{"Field":"id","Type":"int(11)","Null":"NO","Key":"PRI","Default":null,"Extra":"auto_increment"},{"Field":"username","Type":"varchar(50)","Null":"NO","Key":"","Default":null,"Extra":""},{"Field":"email","Type":"varchar(100)","Null":"NO","Key":"UNI","Default":null,"Extra":""},{"Field":"password","Type":"varchar(255)","Null":"NO","Key":"","Default":null,"Extra":""},{"Field":"role","Type":"enum('user','admin')","Null":"YES","Key":"","Default":"user","Extra":""},{"Field":"verification_code","Type":"varchar(100)","Null":"YES","Key":"","Default":null,"Extra":""},{"Field":"is_verified","Type":"tinyint(1)","Null":"YES","Key":"","Default":"0","Extra":""},{"Field":"created_at","Type":"timestamp","Null":"NO","Key":"","Default":"current_timestamp()","Extra":""},{"Field":"favorite_sport","Type":"varchar(50)","Null":"YES","Key":"","Default":null,"Extra":""},{"Field":"favorite_team","Type":"varchar(50)","Null":"YES","Key":"","Default":null,"Extra":""},{"Field":"account_type","Type":"enum('user','admin')","Null":"YES","Key":"","Default":"user","Extra":""}]
[23-Apr-2025 00:53:48 Europe/Berlin] Number of users in database: 13
[23-Apr-2025 00:53:48 Europe/Berlin] All tables initialized successfully
[23-Apr-2025 00:53:48 Europe/Berlin] API Request received: /sportsync/backend/match.php?action=fetch_matches&sport=football&all=true
[23-Apr-2025 00:53:48 Europe/Berlin] GET parameters: Array
(
    [action] => fetch_matches
    [sport] => football
    [all] => true
)

[23-Apr-2025 00:53:48 Europe/Berlin] Executing SQL: SELECT * FROM matches WHERE sport = :sport ORDER BY match_time DESC
[23-Apr-2025 00:53:48 Europe/Berlin] With params: {":sport":"football"}
[23-Apr-2025 00:53:48 Europe/Berlin] Query executed successfully. Found 7 rows
[23-Apr-2025 00:54:18 Europe/Berlin] Connected to database. Tables found: favorites, feedback, matches, news, newsletter, notifications, subscriptions, users
[23-Apr-2025 00:54:18 Europe/Berlin] Executing SQL: CREATE TABLE IF NOT EXISTS users (
                id INT AUTO_INCREMENT PRIMARY KEY,
                username VARCHAR(50) NOT NULL UNIQUE,
                password VARCHAR(255) NOT NULL,
                email VARCHAR(100) NOT NULL UNIQUE,
                account_type ENUM('user', 'admin') DEFAULT 'user',
                created_at TIMESTAMP DEFAULT CURRENT_TIMESTAMP
            )
[23-Apr-2025 00:54:18 Europe/Berlin] With params: []
[23-Apr-2025 00:54:18 Europe/Berlin] Query executed successfully. Found 0 rows
[23-Apr-2025 00:54:18 Europe/Berlin] Users table created or already exists
[23-Apr-2025 00:54:18 Europe/Berlin] Users table structure: [{"Field":"id","Type":"int(11)","Null":"NO","Key":"PRI","Default":null,"Extra":"auto_increment"},{"Field":"username","Type":"varchar(50)","Null":"NO","Key":"","Default":null,"Extra":""},{"Field":"email","Type":"varchar(100)","Null":"NO","Key":"UNI","Default":null,"Extra":""},{"Field":"password","Type":"varchar(255)","Null":"NO","Key":"","Default":null,"Extra":""},{"Field":"role","Type":"enum('user','admin')","Null":"YES","Key":"","Default":"user","Extra":""},{"Field":"verification_code","Type":"varchar(100)","Null":"YES","Key":"","Default":null,"Extra":""},{"Field":"is_verified","Type":"tinyint(1)","Null":"YES","Key":"","Default":"0","Extra":""},{"Field":"created_at","Type":"timestamp","Null":"NO","Key":"","Default":"current_timestamp()","Extra":""},{"Field":"favorite_sport","Type":"varchar(50)","Null":"YES","Key":"","Default":null,"Extra":""},{"Field":"favorite_team","Type":"varchar(50)","Null":"YES","Key":"","Default":null,"Extra":""},{"Field":"account_type","Type":"enum('user','admin')","Null":"YES","Key":"","Default":"user","Extra":""}]
[23-Apr-2025 00:54:18 Europe/Berlin] Number of users in database: 13
[23-Apr-2025 00:54:18 Europe/Berlin] All tables initialized successfully
[23-Apr-2025 00:54:18 Europe/Berlin] API Request received: /sportsync/backend/match.php?action=fetch_matches&sport=football&all=true
[23-Apr-2025 00:54:18 Europe/Berlin] GET parameters: Array
(
    [action] => fetch_matches
    [sport] => football
    [all] => true
)

[23-Apr-2025 00:54:18 Europe/Berlin] Executing SQL: SELECT * FROM matches WHERE sport = :sport ORDER BY match_time DESC
[23-Apr-2025 00:54:18 Europe/Berlin] With params: {":sport":"football"}
[23-Apr-2025 00:54:18 Europe/Berlin] Query executed successfully. Found 7 rows
[23-Apr-2025 00:54:48 Europe/Berlin] Connected to database. Tables found: favorites, feedback, matches, news, newsletter, notifications, subscriptions, users
[23-Apr-2025 00:54:48 Europe/Berlin] Executing SQL: CREATE TABLE IF NOT EXISTS users (
                id INT AUTO_INCREMENT PRIMARY KEY,
                username VARCHAR(50) NOT NULL UNIQUE,
                password VARCHAR(255) NOT NULL,
                email VARCHAR(100) NOT NULL UNIQUE,
                account_type ENUM('user', 'admin') DEFAULT 'user',
                created_at TIMESTAMP DEFAULT CURRENT_TIMESTAMP
            )
[23-Apr-2025 00:54:48 Europe/Berlin] With params: []
[23-Apr-2025 00:54:48 Europe/Berlin] Query executed successfully. Found 0 rows
[23-Apr-2025 00:54:48 Europe/Berlin] Users table created or already exists
[23-Apr-2025 00:54:48 Europe/Berlin] Users table structure: [{"Field":"id","Type":"int(11)","Null":"NO","Key":"PRI","Default":null,"Extra":"auto_increment"},{"Field":"username","Type":"varchar(50)","Null":"NO","Key":"","Default":null,"Extra":""},{"Field":"email","Type":"varchar(100)","Null":"NO","Key":"UNI","Default":null,"Extra":""},{"Field":"password","Type":"varchar(255)","Null":"NO","Key":"","Default":null,"Extra":""},{"Field":"role","Type":"enum('user','admin')","Null":"YES","Key":"","Default":"user","Extra":""},{"Field":"verification_code","Type":"varchar(100)","Null":"YES","Key":"","Default":null,"Extra":""},{"Field":"is_verified","Type":"tinyint(1)","Null":"YES","Key":"","Default":"0","Extra":""},{"Field":"created_at","Type":"timestamp","Null":"NO","Key":"","Default":"current_timestamp()","Extra":""},{"Field":"favorite_sport","Type":"varchar(50)","Null":"YES","Key":"","Default":null,"Extra":""},{"Field":"favorite_team","Type":"varchar(50)","Null":"YES","Key":"","Default":null,"Extra":""},{"Field":"account_type","Type":"enum('user','admin')","Null":"YES","Key":"","Default":"user","Extra":""}]
[23-Apr-2025 00:54:48 Europe/Berlin] Number of users in database: 13
[23-Apr-2025 00:54:48 Europe/Berlin] All tables initialized successfully
[23-Apr-2025 00:54:48 Europe/Berlin] API Request received: /sportsync/backend/match.php?action=fetch_matches&sport=football&all=true
[23-Apr-2025 00:54:48 Europe/Berlin] GET parameters: Array
(
    [action] => fetch_matches
    [sport] => football
    [all] => true
)

[23-Apr-2025 00:54:48 Europe/Berlin] Executing SQL: SELECT * FROM matches WHERE sport = :sport ORDER BY match_time DESC
[23-Apr-2025 00:54:48 Europe/Berlin] With params: {":sport":"football"}
[23-Apr-2025 00:54:48 Europe/Berlin] Query executed successfully. Found 7 rows
[23-Apr-2025 00:55:18 Europe/Berlin] Connected to database. Tables found: favorites, feedback, matches, news, newsletter, notifications, subscriptions, users
[23-Apr-2025 00:55:18 Europe/Berlin] Executing SQL: CREATE TABLE IF NOT EXISTS users (
                id INT AUTO_INCREMENT PRIMARY KEY,
                username VARCHAR(50) NOT NULL UNIQUE,
                password VARCHAR(255) NOT NULL,
                email VARCHAR(100) NOT NULL UNIQUE,
                account_type ENUM('user', 'admin') DEFAULT 'user',
                created_at TIMESTAMP DEFAULT CURRENT_TIMESTAMP
            )
[23-Apr-2025 00:55:18 Europe/Berlin] With params: []
[23-Apr-2025 00:55:18 Europe/Berlin] Query executed successfully. Found 0 rows
[23-Apr-2025 00:55:18 Europe/Berlin] Users table created or already exists
[23-Apr-2025 00:55:18 Europe/Berlin] Users table structure: [{"Field":"id","Type":"int(11)","Null":"NO","Key":"PRI","Default":null,"Extra":"auto_increment"},{"Field":"username","Type":"varchar(50)","Null":"NO","Key":"","Default":null,"Extra":""},{"Field":"email","Type":"varchar(100)","Null":"NO","Key":"UNI","Default":null,"Extra":""},{"Field":"password","Type":"varchar(255)","Null":"NO","Key":"","Default":null,"Extra":""},{"Field":"role","Type":"enum('user','admin')","Null":"YES","Key":"","Default":"user","Extra":""},{"Field":"verification_code","Type":"varchar(100)","Null":"YES","Key":"","Default":null,"Extra":""},{"Field":"is_verified","Type":"tinyint(1)","Null":"YES","Key":"","Default":"0","Extra":""},{"Field":"created_at","Type":"timestamp","Null":"NO","Key":"","Default":"current_timestamp()","Extra":""},{"Field":"favorite_sport","Type":"varchar(50)","Null":"YES","Key":"","Default":null,"Extra":""},{"Field":"favorite_team","Type":"varchar(50)","Null":"YES","Key":"","Default":null,"Extra":""},{"Field":"account_type","Type":"enum('user','admin')","Null":"YES","Key":"","Default":"user","Extra":""}]
[23-Apr-2025 00:55:18 Europe/Berlin] Number of users in database: 13
[23-Apr-2025 00:55:18 Europe/Berlin] All tables initialized successfully
[23-Apr-2025 00:55:18 Europe/Berlin] API Request received: /sportsync/backend/match.php?action=fetch_matches&sport=football&all=true
[23-Apr-2025 00:55:18 Europe/Berlin] GET parameters: Array
(
    [action] => fetch_matches
    [sport] => football
    [all] => true
)

[23-Apr-2025 00:55:18 Europe/Berlin] Executing SQL: SELECT * FROM matches WHERE sport = :sport ORDER BY match_time DESC
[23-Apr-2025 00:55:18 Europe/Berlin] With params: {":sport":"football"}
[23-Apr-2025 00:55:18 Europe/Berlin] Query executed successfully. Found 7 rows
[23-Apr-2025 00:55:48 Europe/Berlin] Connected to database. Tables found: favorites, feedback, matches, news, newsletter, notifications, subscriptions, users
[23-Apr-2025 00:55:48 Europe/Berlin] Executing SQL: CREATE TABLE IF NOT EXISTS users (
                id INT AUTO_INCREMENT PRIMARY KEY,
                username VARCHAR(50) NOT NULL UNIQUE,
                password VARCHAR(255) NOT NULL,
                email VARCHAR(100) NOT NULL UNIQUE,
                account_type ENUM('user', 'admin') DEFAULT 'user',
                created_at TIMESTAMP DEFAULT CURRENT_TIMESTAMP
            )
[23-Apr-2025 00:55:48 Europe/Berlin] With params: []
[23-Apr-2025 00:55:48 Europe/Berlin] Query executed successfully. Found 0 rows
[23-Apr-2025 00:55:48 Europe/Berlin] Users table created or already exists
[23-Apr-2025 00:55:48 Europe/Berlin] Users table structure: [{"Field":"id","Type":"int(11)","Null":"NO","Key":"PRI","Default":null,"Extra":"auto_increment"},{"Field":"username","Type":"varchar(50)","Null":"NO","Key":"","Default":null,"Extra":""},{"Field":"email","Type":"varchar(100)","Null":"NO","Key":"UNI","Default":null,"Extra":""},{"Field":"password","Type":"varchar(255)","Null":"NO","Key":"","Default":null,"Extra":""},{"Field":"role","Type":"enum('user','admin')","Null":"YES","Key":"","Default":"user","Extra":""},{"Field":"verification_code","Type":"varchar(100)","Null":"YES","Key":"","Default":null,"Extra":""},{"Field":"is_verified","Type":"tinyint(1)","Null":"YES","Key":"","Default":"0","Extra":""},{"Field":"created_at","Type":"timestamp","Null":"NO","Key":"","Default":"current_timestamp()","Extra":""},{"Field":"favorite_sport","Type":"varchar(50)","Null":"YES","Key":"","Default":null,"Extra":""},{"Field":"favorite_team","Type":"varchar(50)","Null":"YES","Key":"","Default":null,"Extra":""},{"Field":"account_type","Type":"enum('user','admin')","Null":"YES","Key":"","Default":"user","Extra":""}]
[23-Apr-2025 00:55:48 Europe/Berlin] Number of users in database: 13
[23-Apr-2025 00:55:48 Europe/Berlin] All tables initialized successfully
[23-Apr-2025 00:55:48 Europe/Berlin] API Request received: /sportsync/backend/match.php?action=fetch_matches&sport=football&all=true
[23-Apr-2025 00:55:48 Europe/Berlin] GET parameters: Array
(
    [action] => fetch_matches
    [sport] => football
    [all] => true
)

[23-Apr-2025 00:55:48 Europe/Berlin] Executing SQL: SELECT * FROM matches WHERE sport = :sport ORDER BY match_time DESC
[23-Apr-2025 00:55:48 Europe/Berlin] With params: {":sport":"football"}
[23-Apr-2025 00:55:48 Europe/Berlin] Query executed successfully. Found 7 rows
[23-Apr-2025 00:56:37 Europe/Berlin] Connected to database. Tables found: favorites, feedback, matches, news, newsletter, notifications, subscriptions, users
[23-Apr-2025 00:56:37 Europe/Berlin] Executing SQL: CREATE TABLE IF NOT EXISTS users (
                id INT AUTO_INCREMENT PRIMARY KEY,
                username VARCHAR(50) NOT NULL UNIQUE,
                password VARCHAR(255) NOT NULL,
                email VARCHAR(100) NOT NULL UNIQUE,
                account_type ENUM('user', 'admin') DEFAULT 'user',
                created_at TIMESTAMP DEFAULT CURRENT_TIMESTAMP
            )
[23-Apr-2025 00:56:37 Europe/Berlin] With params: []
[23-Apr-2025 00:56:37 Europe/Berlin] Query executed successfully. Found 0 rows
[23-Apr-2025 00:56:37 Europe/Berlin] Users table created or already exists
[23-Apr-2025 00:56:37 Europe/Berlin] Users table structure: [{"Field":"id","Type":"int(11)","Null":"NO","Key":"PRI","Default":null,"Extra":"auto_increment"},{"Field":"username","Type":"varchar(50)","Null":"NO","Key":"","Default":null,"Extra":""},{"Field":"email","Type":"varchar(100)","Null":"NO","Key":"UNI","Default":null,"Extra":""},{"Field":"password","Type":"varchar(255)","Null":"NO","Key":"","Default":null,"Extra":""},{"Field":"role","Type":"enum('user','admin')","Null":"YES","Key":"","Default":"user","Extra":""},{"Field":"verification_code","Type":"varchar(100)","Null":"YES","Key":"","Default":null,"Extra":""},{"Field":"is_verified","Type":"tinyint(1)","Null":"YES","Key":"","Default":"0","Extra":""},{"Field":"created_at","Type":"timestamp","Null":"NO","Key":"","Default":"current_timestamp()","Extra":""},{"Field":"favorite_sport","Type":"varchar(50)","Null":"YES","Key":"","Default":null,"Extra":""},{"Field":"favorite_team","Type":"varchar(50)","Null":"YES","Key":"","Default":null,"Extra":""},{"Field":"account_type","Type":"enum('user','admin')","Null":"YES","Key":"","Default":"user","Extra":""}]
[23-Apr-2025 00:56:37 Europe/Berlin] Number of users in database: 13
[23-Apr-2025 00:56:37 Europe/Berlin] All tables initialized successfully
[23-Apr-2025 00:56:37 Europe/Berlin] API Request received: /sportsync/backend/match.php?action=fetch_matches&sport=football&all=true
[23-Apr-2025 00:56:37 Europe/Berlin] GET parameters: Array
(
    [action] => fetch_matches
    [sport] => football
    [all] => true
)

[23-Apr-2025 00:56:37 Europe/Berlin] Executing SQL: SELECT * FROM matches WHERE sport = :sport ORDER BY match_time DESC
[23-Apr-2025 00:56:37 Europe/Berlin] With params: {":sport":"football"}
[23-Apr-2025 00:56:37 Europe/Berlin] Query executed successfully. Found 7 rows
[23-Apr-2025 00:56:38 Europe/Berlin] Connected to database. Tables found: favorites, feedback, matches, news, newsletter, notifications, subscriptions, users
[23-Apr-2025 00:56:38 Europe/Berlin] Executing SQL: CREATE TABLE IF NOT EXISTS users (
                id INT AUTO_INCREMENT PRIMARY KEY,
                username VARCHAR(50) NOT NULL UNIQUE,
                password VARCHAR(255) NOT NULL,
                email VARCHAR(100) NOT NULL UNIQUE,
                account_type ENUM('user', 'admin') DEFAULT 'user',
                created_at TIMESTAMP DEFAULT CURRENT_TIMESTAMP
            )
[23-Apr-2025 00:56:38 Europe/Berlin] With params: []
[23-Apr-2025 00:56:38 Europe/Berlin] Query executed successfully. Found 0 rows
[23-Apr-2025 00:56:38 Europe/Berlin] Users table created or already exists
[23-Apr-2025 00:56:38 Europe/Berlin] Users table structure: [{"Field":"id","Type":"int(11)","Null":"NO","Key":"PRI","Default":null,"Extra":"auto_increment"},{"Field":"username","Type":"varchar(50)","Null":"NO","Key":"","Default":null,"Extra":""},{"Field":"email","Type":"varchar(100)","Null":"NO","Key":"UNI","Default":null,"Extra":""},{"Field":"password","Type":"varchar(255)","Null":"NO","Key":"","Default":null,"Extra":""},{"Field":"role","Type":"enum('user','admin')","Null":"YES","Key":"","Default":"user","Extra":""},{"Field":"verification_code","Type":"varchar(100)","Null":"YES","Key":"","Default":null,"Extra":""},{"Field":"is_verified","Type":"tinyint(1)","Null":"YES","Key":"","Default":"0","Extra":""},{"Field":"created_at","Type":"timestamp","Null":"NO","Key":"","Default":"current_timestamp()","Extra":""},{"Field":"favorite_sport","Type":"varchar(50)","Null":"YES","Key":"","Default":null,"Extra":""},{"Field":"favorite_team","Type":"varchar(50)","Null":"YES","Key":"","Default":null,"Extra":""},{"Field":"account_type","Type":"enum('user','admin')","Null":"YES","Key":"","Default":"user","Extra":""}]
[23-Apr-2025 00:56:38 Europe/Berlin] Number of users in database: 13
[23-Apr-2025 00:56:38 Europe/Berlin] All tables initialized successfully
[23-Apr-2025 00:56:38 Europe/Berlin] Connected to database. Tables found: favorites, feedback, matches, news, newsletter, notifications, subscriptions, users
[23-Apr-2025 00:56:38 Europe/Berlin] Executing SQL: CREATE TABLE IF NOT EXISTS users (
                id INT AUTO_INCREMENT PRIMARY KEY,
                username VARCHAR(50) NOT NULL UNIQUE,
                password VARCHAR(255) NOT NULL,
                email VARCHAR(100) NOT NULL UNIQUE,
                account_type ENUM('user', 'admin') DEFAULT 'user',
                created_at TIMESTAMP DEFAULT CURRENT_TIMESTAMP
            )
[23-Apr-2025 00:56:38 Europe/Berlin] With params: []
[23-Apr-2025 00:56:38 Europe/Berlin] Query executed successfully. Found 0 rows
[23-Apr-2025 00:56:38 Europe/Berlin] Users table created or already exists
[23-Apr-2025 00:56:38 Europe/Berlin] Users table structure: [{"Field":"id","Type":"int(11)","Null":"NO","Key":"PRI","Default":null,"Extra":"auto_increment"},{"Field":"username","Type":"varchar(50)","Null":"NO","Key":"","Default":null,"Extra":""},{"Field":"email","Type":"varchar(100)","Null":"NO","Key":"UNI","Default":null,"Extra":""},{"Field":"password","Type":"varchar(255)","Null":"NO","Key":"","Default":null,"Extra":""},{"Field":"role","Type":"enum('user','admin')","Null":"YES","Key":"","Default":"user","Extra":""},{"Field":"verification_code","Type":"varchar(100)","Null":"YES","Key":"","Default":null,"Extra":""},{"Field":"is_verified","Type":"tinyint(1)","Null":"YES","Key":"","Default":"0","Extra":""},{"Field":"created_at","Type":"timestamp","Null":"NO","Key":"","Default":"current_timestamp()","Extra":""},{"Field":"favorite_sport","Type":"varchar(50)","Null":"YES","Key":"","Default":null,"Extra":""},{"Field":"favorite_team","Type":"varchar(50)","Null":"YES","Key":"","Default":null,"Extra":""},{"Field":"account_type","Type":"enum('user','admin')","Null":"YES","Key":"","Default":"user","Extra":""}]
[23-Apr-2025 00:56:38 Europe/Berlin] Number of users in database: 13
[23-Apr-2025 00:56:38 Europe/Berlin] All tables initialized successfully
[23-Apr-2025 00:56:38 Europe/Berlin] Database tables initialized successfully
[23-Apr-2025 00:56:38 Europe/Berlin] Executing SQL: SELECT * FROM users WHERE id = :id
[23-Apr-2025 00:56:38 Europe/Berlin] With params: {":id":12}
[23-Apr-2025 00:56:38 Europe/Berlin] Query executed successfully. Found 1 rows
[23-Apr-2025 00:56:38 Europe/Berlin] User loaded from session: varunpndey
[23-Apr-2025 00:56:38 Europe/Berlin] Header - Session status: 2
[23-Apr-2025 00:56:38 Europe/Berlin] Header - Session data: {"user_id":12,"username":"varunpndey","email":"va@gmail.com","account_type":"admin"}
[23-Apr-2025 00:56:38 Europe/Berlin] Header - After session start - Status: 2
[23-Apr-2025 00:56:38 Europe/Berlin] Header - After session start - Data: {"user_id":12,"username":"varunpndey","email":"va@gmail.com","account_type":"admin"}
[23-Apr-2025 00:56:38 Europe/Berlin] Header - Is logged in: Yes
[23-Apr-2025 00:56:38 Europe/Berlin] Executing SQL: SELECT * FROM matches WHERE sport = :sport ORDER BY match_time DESC
[23-Apr-2025 00:56:38 Europe/Berlin] With params: {":sport":"football"}
[23-Apr-2025 00:56:38 Europe/Berlin] Query executed successfully. Found 7 rows
[23-Apr-2025 00:56:38 Europe/Berlin] Executing SQL: SELECT * FROM matches WHERE sport = :sport AND status = :status
[23-Apr-2025 00:56:38 Europe/Berlin] With params: {":sport":"football",":status":"live"}
[23-Apr-2025 00:56:38 Europe/Berlin] Query executed successfully. Found 1 rows
[23-Apr-2025 00:56:38 Europe/Berlin] Executing SQL: SELECT COUNT(*) as count FROM favorites 
                    WHERE user_id = :user_id AND match_id = :match_id
[23-Apr-2025 00:56:38 Europe/Berlin] With params: {":user_id":12,":match_id":18}
[23-Apr-2025 00:56:38 Europe/Berlin] Query executed successfully. Found 1 rows
[23-Apr-2025 00:56:38 Europe/Berlin] Executing SQL: SELECT COUNT(*) as count FROM favorites 
                    WHERE user_id = :user_id AND match_id = :match_id
[23-Apr-2025 00:56:38 Europe/Berlin] With params: {":user_id":12,":match_id":17}
[23-Apr-2025 00:56:38 Europe/Berlin] Query executed successfully. Found 1 rows
[23-Apr-2025 00:56:38 Europe/Berlin] Executing SQL: SELECT COUNT(*) as count FROM favorites 
                    WHERE user_id = :user_id AND match_id = :match_id
[23-Apr-2025 00:56:38 Europe/Berlin] With params: {":user_id":12,":match_id":19}
[23-Apr-2025 00:56:38 Europe/Berlin] Query executed successfully. Found 1 rows
[23-Apr-2025 00:56:38 Europe/Berlin] Executing SQL: SELECT COUNT(*) as count FROM favorites 
                    WHERE user_id = :user_id AND match_id = :match_id
[23-Apr-2025 00:56:38 Europe/Berlin] With params: {":user_id":12,":match_id":20}
[23-Apr-2025 00:56:38 Europe/Berlin] Query executed successfully. Found 1 rows
[23-Apr-2025 00:56:38 Europe/Berlin] Executing SQL: SELECT COUNT(*) as count FROM favorites 
                    WHERE user_id = :user_id AND match_id = :match_id
[23-Apr-2025 00:56:38 Europe/Berlin] With params: {":user_id":12,":match_id":22}
[23-Apr-2025 00:56:38 Europe/Berlin] Query executed successfully. Found 1 rows
[23-Apr-2025 00:56:38 Europe/Berlin] Executing SQL: SELECT COUNT(*) as count FROM favorites 
                    WHERE user_id = :user_id AND match_id = :match_id
[23-Apr-2025 00:56:38 Europe/Berlin] With params: {":user_id":12,":match_id":21}
[23-Apr-2025 00:56:38 Europe/Berlin] Query executed successfully. Found 1 rows
[23-Apr-2025 00:56:38 Europe/Berlin] Executing SQL: SELECT COUNT(*) as count FROM favorites 
                    WHERE user_id = :user_id AND match_id = :match_id
[23-Apr-2025 00:56:38 Europe/Berlin] With params: {":user_id":12,":match_id":23}
[23-Apr-2025 00:56:38 Europe/Berlin] Query executed successfully. Found 1 rows
[23-Apr-2025 00:56:41 Europe/Berlin] Connected to database. Tables found: favorites, feedback, matches, news, newsletter, notifications, subscriptions, users
[23-Apr-2025 00:56:41 Europe/Berlin] Executing SQL: CREATE TABLE IF NOT EXISTS users (
                id INT AUTO_INCREMENT PRIMARY KEY,
                username VARCHAR(50) NOT NULL UNIQUE,
                password VARCHAR(255) NOT NULL,
                email VARCHAR(100) NOT NULL UNIQUE,
                account_type ENUM('user', 'admin') DEFAULT 'user',
                created_at TIMESTAMP DEFAULT CURRENT_TIMESTAMP
            )
[23-Apr-2025 00:56:41 Europe/Berlin] With params: []
[23-Apr-2025 00:56:41 Europe/Berlin] Query executed successfully. Found 0 rows
[23-Apr-2025 00:56:41 Europe/Berlin] Users table created or already exists
[23-Apr-2025 00:56:41 Europe/Berlin] Users table structure: [{"Field":"id","Type":"int(11)","Null":"NO","Key":"PRI","Default":null,"Extra":"auto_increment"},{"Field":"username","Type":"varchar(50)","Null":"NO","Key":"","Default":null,"Extra":""},{"Field":"email","Type":"varchar(100)","Null":"NO","Key":"UNI","Default":null,"Extra":""},{"Field":"password","Type":"varchar(255)","Null":"NO","Key":"","Default":null,"Extra":""},{"Field":"role","Type":"enum('user','admin')","Null":"YES","Key":"","Default":"user","Extra":""},{"Field":"verification_code","Type":"varchar(100)","Null":"YES","Key":"","Default":null,"Extra":""},{"Field":"is_verified","Type":"tinyint(1)","Null":"YES","Key":"","Default":"0","Extra":""},{"Field":"created_at","Type":"timestamp","Null":"NO","Key":"","Default":"current_timestamp()","Extra":""},{"Field":"favorite_sport","Type":"varchar(50)","Null":"YES","Key":"","Default":null,"Extra":""},{"Field":"favorite_team","Type":"varchar(50)","Null":"YES","Key":"","Default":null,"Extra":""},{"Field":"account_type","Type":"enum('user','admin')","Null":"YES","Key":"","Default":"user","Extra":""}]
[23-Apr-2025 00:56:41 Europe/Berlin] Number of users in database: 13
[23-Apr-2025 00:56:41 Europe/Berlin] All tables initialized successfully
[23-Apr-2025 00:56:41 Europe/Berlin] Connected to database. Tables found: favorites, feedback, matches, news, newsletter, notifications, subscriptions, users
[23-Apr-2025 00:56:41 Europe/Berlin] Executing SQL: CREATE TABLE IF NOT EXISTS users (
                id INT AUTO_INCREMENT PRIMARY KEY,
                username VARCHAR(50) NOT NULL UNIQUE,
                password VARCHAR(255) NOT NULL,
                email VARCHAR(100) NOT NULL UNIQUE,
                account_type ENUM('user', 'admin') DEFAULT 'user',
                created_at TIMESTAMP DEFAULT CURRENT_TIMESTAMP
            )
[23-Apr-2025 00:56:41 Europe/Berlin] With params: []
[23-Apr-2025 00:56:41 Europe/Berlin] Query executed successfully. Found 0 rows
[23-Apr-2025 00:56:41 Europe/Berlin] Users table created or already exists
[23-Apr-2025 00:56:41 Europe/Berlin] Users table structure: [{"Field":"id","Type":"int(11)","Null":"NO","Key":"PRI","Default":null,"Extra":"auto_increment"},{"Field":"username","Type":"varchar(50)","Null":"NO","Key":"","Default":null,"Extra":""},{"Field":"email","Type":"varchar(100)","Null":"NO","Key":"UNI","Default":null,"Extra":""},{"Field":"password","Type":"varchar(255)","Null":"NO","Key":"","Default":null,"Extra":""},{"Field":"role","Type":"enum('user','admin')","Null":"YES","Key":"","Default":"user","Extra":""},{"Field":"verification_code","Type":"varchar(100)","Null":"YES","Key":"","Default":null,"Extra":""},{"Field":"is_verified","Type":"tinyint(1)","Null":"YES","Key":"","Default":"0","Extra":""},{"Field":"created_at","Type":"timestamp","Null":"NO","Key":"","Default":"current_timestamp()","Extra":""},{"Field":"favorite_sport","Type":"varchar(50)","Null":"YES","Key":"","Default":null,"Extra":""},{"Field":"favorite_team","Type":"varchar(50)","Null":"YES","Key":"","Default":null,"Extra":""},{"Field":"account_type","Type":"enum('user','admin')","Null":"YES","Key":"","Default":"user","Extra":""}]
[23-Apr-2025 00:56:41 Europe/Berlin] Number of users in database: 13
[23-Apr-2025 00:56:41 Europe/Berlin] All tables initialized successfully
[23-Apr-2025 00:56:41 Europe/Berlin] Database tables initialized successfully
[23-Apr-2025 00:56:41 Europe/Berlin] Executing SQL: SELECT * FROM users WHERE id = :id
[23-Apr-2025 00:56:41 Europe/Berlin] With params: {":id":12}
[23-Apr-2025 00:56:41 Europe/Berlin] Query executed successfully. Found 1 rows
[23-Apr-2025 00:56:41 Europe/Berlin] User loaded from session: varunpndey
[23-Apr-2025 00:56:41 Europe/Berlin] Header - Session status: 2
[23-Apr-2025 00:56:41 Europe/Berlin] Header - Session data: {"user_id":12,"username":"varunpndey","email":"va@gmail.com","account_type":"admin"}
[23-Apr-2025 00:56:41 Europe/Berlin] Header - After session start - Status: 2
[23-Apr-2025 00:56:41 Europe/Berlin] Header - After session start - Data: {"user_id":12,"username":"varunpndey","email":"va@gmail.com","account_type":"admin"}
[23-Apr-2025 00:56:41 Europe/Berlin] Header - Is logged in: Yes
[23-Apr-2025 00:56:41 Europe/Berlin] Executing SQL: SELECT * FROM news ORDER BY created_at DESC LIMIT 5
[23-Apr-2025 00:56:41 Europe/Berlin] With params: []
[23-Apr-2025 00:56:41 Europe/Berlin] Query executed successfully. Found 5 rows
[23-Apr-2025 00:56:41 Europe/Berlin] Executing SQL: SELECT * FROM matches WHERE status = 'live'
[23-Apr-2025 00:56:41 Europe/Berlin] With params: []
[23-Apr-2025 00:56:41 Europe/Berlin] Query executed successfully. Found 2 rows
[23-Apr-2025 00:56:41 Europe/Berlin] Executing SQL: SELECT COUNT(*) as count FROM favorites 
                    WHERE user_id = :user_id AND match_id = :match_id
[23-Apr-2025 00:56:41 Europe/Berlin] With params: {":user_id":12,":match_id":11}
[23-Apr-2025 00:56:41 Europe/Berlin] Query executed successfully. Found 1 rows
[23-Apr-2025 00:56:41 Europe/Berlin] Executing SQL: SELECT COUNT(*) as count FROM favorites 
                    WHERE user_id = :user_id AND match_id = :match_id
[23-Apr-2025 00:56:41 Europe/Berlin] With params: {":user_id":12,":match_id":17}
[23-Apr-2025 00:56:41 Europe/Berlin] Query executed successfully. Found 1 rows
[23-Apr-2025 00:56:43 Europe/Berlin] Connected to database. Tables found: favorites, feedback, matches, news, newsletter, notifications, subscriptions, users
[23-Apr-2025 00:56:43 Europe/Berlin] Executing SQL: CREATE TABLE IF NOT EXISTS users (
                id INT AUTO_INCREMENT PRIMARY KEY,
                username VARCHAR(50) NOT NULL UNIQUE,
                password VARCHAR(255) NOT NULL,
                email VARCHAR(100) NOT NULL UNIQUE,
                account_type ENUM('user', 'admin') DEFAULT 'user',
                created_at TIMESTAMP DEFAULT CURRENT_TIMESTAMP
            )
[23-Apr-2025 00:56:43 Europe/Berlin] With params: []
[23-Apr-2025 00:56:43 Europe/Berlin] Query executed successfully. Found 0 rows
[23-Apr-2025 00:56:43 Europe/Berlin] Users table created or already exists
[23-Apr-2025 00:56:43 Europe/Berlin] Users table structure: [{"Field":"id","Type":"int(11)","Null":"NO","Key":"PRI","Default":null,"Extra":"auto_increment"},{"Field":"username","Type":"varchar(50)","Null":"NO","Key":"","Default":null,"Extra":""},{"Field":"email","Type":"varchar(100)","Null":"NO","Key":"UNI","Default":null,"Extra":""},{"Field":"password","Type":"varchar(255)","Null":"NO","Key":"","Default":null,"Extra":""},{"Field":"role","Type":"enum('user','admin')","Null":"YES","Key":"","Default":"user","Extra":""},{"Field":"verification_code","Type":"varchar(100)","Null":"YES","Key":"","Default":null,"Extra":""},{"Field":"is_verified","Type":"tinyint(1)","Null":"YES","Key":"","Default":"0","Extra":""},{"Field":"created_at","Type":"timestamp","Null":"NO","Key":"","Default":"current_timestamp()","Extra":""},{"Field":"favorite_sport","Type":"varchar(50)","Null":"YES","Key":"","Default":null,"Extra":""},{"Field":"favorite_team","Type":"varchar(50)","Null":"YES","Key":"","Default":null,"Extra":""},{"Field":"account_type","Type":"enum('user','admin')","Null":"YES","Key":"","Default":"user","Extra":""}]
[23-Apr-2025 00:56:43 Europe/Berlin] Number of users in database: 13
[23-Apr-2025 00:56:43 Europe/Berlin] All tables initialized successfully
[23-Apr-2025 00:56:43 Europe/Berlin] API Request received: /sportsync/backend/match.php
[23-Apr-2025 00:56:43 Europe/Berlin] GET parameters: Array
(
)

[23-Apr-2025 00:56:47 Europe/Berlin] Connected to database. Tables found: favorites, feedback, matches, news, newsletter, notifications, subscriptions, users
[23-Apr-2025 00:56:47 Europe/Berlin] Executing SQL: CREATE TABLE IF NOT EXISTS users (
                id INT AUTO_INCREMENT PRIMARY KEY,
                username VARCHAR(50) NOT NULL UNIQUE,
                password VARCHAR(255) NOT NULL,
                email VARCHAR(100) NOT NULL UNIQUE,
                account_type ENUM('user', 'admin') DEFAULT 'user',
                created_at TIMESTAMP DEFAULT CURRENT_TIMESTAMP
            )
[23-Apr-2025 00:56:47 Europe/Berlin] With params: []
[23-Apr-2025 00:56:47 Europe/Berlin] Query executed successfully. Found 0 rows
[23-Apr-2025 00:56:47 Europe/Berlin] Users table created or already exists
[23-Apr-2025 00:56:47 Europe/Berlin] Users table structure: [{"Field":"id","Type":"int(11)","Null":"NO","Key":"PRI","Default":null,"Extra":"auto_increment"},{"Field":"username","Type":"varchar(50)","Null":"NO","Key":"","Default":null,"Extra":""},{"Field":"email","Type":"varchar(100)","Null":"NO","Key":"UNI","Default":null,"Extra":""},{"Field":"password","Type":"varchar(255)","Null":"NO","Key":"","Default":null,"Extra":""},{"Field":"role","Type":"enum('user','admin')","Null":"YES","Key":"","Default":"user","Extra":""},{"Field":"verification_code","Type":"varchar(100)","Null":"YES","Key":"","Default":null,"Extra":""},{"Field":"is_verified","Type":"tinyint(1)","Null":"YES","Key":"","Default":"0","Extra":""},{"Field":"created_at","Type":"timestamp","Null":"NO","Key":"","Default":"current_timestamp()","Extra":""},{"Field":"favorite_sport","Type":"varchar(50)","Null":"YES","Key":"","Default":null,"Extra":""},{"Field":"favorite_team","Type":"varchar(50)","Null":"YES","Key":"","Default":null,"Extra":""},{"Field":"account_type","Type":"enum('user','admin')","Null":"YES","Key":"","Default":"user","Extra":""}]
[23-Apr-2025 00:56:47 Europe/Berlin] Number of users in database: 13
[23-Apr-2025 00:56:47 Europe/Berlin] All tables initialized successfully
[23-Apr-2025 00:56:47 Europe/Berlin] Connected to database. Tables found: favorites, feedback, matches, news, newsletter, notifications, subscriptions, users
[23-Apr-2025 00:56:47 Europe/Berlin] Executing SQL: CREATE TABLE IF NOT EXISTS users (
                id INT AUTO_INCREMENT PRIMARY KEY,
                username VARCHAR(50) NOT NULL UNIQUE,
                password VARCHAR(255) NOT NULL,
                email VARCHAR(100) NOT NULL UNIQUE,
                account_type ENUM('user', 'admin') DEFAULT 'user',
                created_at TIMESTAMP DEFAULT CURRENT_TIMESTAMP
            )
[23-Apr-2025 00:56:47 Europe/Berlin] With params: []
[23-Apr-2025 00:56:47 Europe/Berlin] Query executed successfully. Found 0 rows
[23-Apr-2025 00:56:47 Europe/Berlin] Users table created or already exists
[23-Apr-2025 00:56:47 Europe/Berlin] Users table structure: [{"Field":"id","Type":"int(11)","Null":"NO","Key":"PRI","Default":null,"Extra":"auto_increment"},{"Field":"username","Type":"varchar(50)","Null":"NO","Key":"","Default":null,"Extra":""},{"Field":"email","Type":"varchar(100)","Null":"NO","Key":"UNI","Default":null,"Extra":""},{"Field":"password","Type":"varchar(255)","Null":"NO","Key":"","Default":null,"Extra":""},{"Field":"role","Type":"enum('user','admin')","Null":"YES","Key":"","Default":"user","Extra":""},{"Field":"verification_code","Type":"varchar(100)","Null":"YES","Key":"","Default":null,"Extra":""},{"Field":"is_verified","Type":"tinyint(1)","Null":"YES","Key":"","Default":"0","Extra":""},{"Field":"created_at","Type":"timestamp","Null":"NO","Key":"","Default":"current_timestamp()","Extra":""},{"Field":"favorite_sport","Type":"varchar(50)","Null":"YES","Key":"","Default":null,"Extra":""},{"Field":"favorite_team","Type":"varchar(50)","Null":"YES","Key":"","Default":null,"Extra":""},{"Field":"account_type","Type":"enum('user','admin')","Null":"YES","Key":"","Default":"user","Extra":""}]
[23-Apr-2025 00:56:47 Europe/Berlin] Number of users in database: 13
[23-Apr-2025 00:56:47 Europe/Berlin] All tables initialized successfully
[23-Apr-2025 00:56:47 Europe/Berlin] Database tables initialized successfully
[23-Apr-2025 00:56:47 Europe/Berlin] Executing SQL: SELECT * FROM users WHERE id = :id
[23-Apr-2025 00:56:47 Europe/Berlin] With params: {":id":12}
[23-Apr-2025 00:56:47 Europe/Berlin] Query executed successfully. Found 1 rows
[23-Apr-2025 00:56:47 Europe/Berlin] User loaded from session: varunpndey
[23-Apr-2025 00:56:47 Europe/Berlin] Header - Session status: 2
[23-Apr-2025 00:56:47 Europe/Berlin] Header - Session data: {"user_id":12,"username":"varunpndey","email":"va@gmail.com","account_type":"admin"}
[23-Apr-2025 00:56:47 Europe/Berlin] Header - After session start - Status: 2
[23-Apr-2025 00:56:47 Europe/Berlin] Header - After session start - Data: {"user_id":12,"username":"varunpndey","email":"va@gmail.com","account_type":"admin"}
[23-Apr-2025 00:56:47 Europe/Berlin] Header - Is logged in: Yes
[23-Apr-2025 00:56:47 Europe/Berlin] Executing SQL: SELECT * FROM matches WHERE sport = :sport ORDER BY match_time DESC
[23-Apr-2025 00:56:47 Europe/Berlin] With params: {":sport":"football"}
[23-Apr-2025 00:56:47 Europe/Berlin] Query executed successfully. Found 7 rows
[23-Apr-2025 00:56:47 Europe/Berlin] Executing SQL: SELECT * FROM matches WHERE sport = :sport AND status = :status
[23-Apr-2025 00:56:47 Europe/Berlin] With params: {":sport":"football",":status":"live"}
[23-Apr-2025 00:56:47 Europe/Berlin] Query executed successfully. Found 1 rows
[23-Apr-2025 00:56:47 Europe/Berlin] Executing SQL: SELECT COUNT(*) as count FROM favorites 
                    WHERE user_id = :user_id AND match_id = :match_id
[23-Apr-2025 00:56:47 Europe/Berlin] With params: {":user_id":12,":match_id":18}
[23-Apr-2025 00:56:47 Europe/Berlin] Query executed successfully. Found 1 rows
[23-Apr-2025 00:56:47 Europe/Berlin] Executing SQL: SELECT COUNT(*) as count FROM favorites 
                    WHERE user_id = :user_id AND match_id = :match_id
[23-Apr-2025 00:56:47 Europe/Berlin] With params: {":user_id":12,":match_id":17}
[23-Apr-2025 00:56:47 Europe/Berlin] Query executed successfully. Found 1 rows
[23-Apr-2025 00:56:47 Europe/Berlin] Executing SQL: SELECT COUNT(*) as count FROM favorites 
                    WHERE user_id = :user_id AND match_id = :match_id
[23-Apr-2025 00:56:47 Europe/Berlin] With params: {":user_id":12,":match_id":19}
[23-Apr-2025 00:56:47 Europe/Berlin] Query executed successfully. Found 1 rows
[23-Apr-2025 00:56:47 Europe/Berlin] Executing SQL: SELECT COUNT(*) as count FROM favorites 
                    WHERE user_id = :user_id AND match_id = :match_id
[23-Apr-2025 00:56:47 Europe/Berlin] With params: {":user_id":12,":match_id":20}
[23-Apr-2025 00:56:47 Europe/Berlin] Query executed successfully. Found 1 rows
[23-Apr-2025 00:56:47 Europe/Berlin] Executing SQL: SELECT COUNT(*) as count FROM favorites 
                    WHERE user_id = :user_id AND match_id = :match_id
[23-Apr-2025 00:56:47 Europe/Berlin] With params: {":user_id":12,":match_id":22}
[23-Apr-2025 00:56:47 Europe/Berlin] Query executed successfully. Found 1 rows
[23-Apr-2025 00:56:47 Europe/Berlin] Executing SQL: SELECT COUNT(*) as count FROM favorites 
                    WHERE user_id = :user_id AND match_id = :match_id
[23-Apr-2025 00:56:47 Europe/Berlin] With params: {":user_id":12,":match_id":21}
[23-Apr-2025 00:56:47 Europe/Berlin] Query executed successfully. Found 1 rows
[23-Apr-2025 00:56:47 Europe/Berlin] Executing SQL: SELECT COUNT(*) as count FROM favorites 
                    WHERE user_id = :user_id AND match_id = :match_id
[23-Apr-2025 00:56:47 Europe/Berlin] With params: {":user_id":12,":match_id":23}
[23-Apr-2025 00:56:47 Europe/Berlin] Query executed successfully. Found 1 rows
[23-Apr-2025 00:56:49 Europe/Berlin] Connected to database. Tables found: favorites, feedback, matches, news, newsletter, notifications, subscriptions, users
[23-Apr-2025 00:56:49 Europe/Berlin] Executing SQL: CREATE TABLE IF NOT EXISTS users (
                id INT AUTO_INCREMENT PRIMARY KEY,
                username VARCHAR(50) NOT NULL UNIQUE,
                password VARCHAR(255) NOT NULL,
                email VARCHAR(100) NOT NULL UNIQUE,
                account_type ENUM('user', 'admin') DEFAULT 'user',
                created_at TIMESTAMP DEFAULT CURRENT_TIMESTAMP
            )
[23-Apr-2025 00:56:49 Europe/Berlin] With params: []
[23-Apr-2025 00:56:49 Europe/Berlin] Query executed successfully. Found 0 rows
[23-Apr-2025 00:56:49 Europe/Berlin] Users table created or already exists
[23-Apr-2025 00:56:49 Europe/Berlin] Users table structure: [{"Field":"id","Type":"int(11)","Null":"NO","Key":"PRI","Default":null,"Extra":"auto_increment"},{"Field":"username","Type":"varchar(50)","Null":"NO","Key":"","Default":null,"Extra":""},{"Field":"email","Type":"varchar(100)","Null":"NO","Key":"UNI","Default":null,"Extra":""},{"Field":"password","Type":"varchar(255)","Null":"NO","Key":"","Default":null,"Extra":""},{"Field":"role","Type":"enum('user','admin')","Null":"YES","Key":"","Default":"user","Extra":""},{"Field":"verification_code","Type":"varchar(100)","Null":"YES","Key":"","Default":null,"Extra":""},{"Field":"is_verified","Type":"tinyint(1)","Null":"YES","Key":"","Default":"0","Extra":""},{"Field":"created_at","Type":"timestamp","Null":"NO","Key":"","Default":"current_timestamp()","Extra":""},{"Field":"favorite_sport","Type":"varchar(50)","Null":"YES","Key":"","Default":null,"Extra":""},{"Field":"favorite_team","Type":"varchar(50)","Null":"YES","Key":"","Default":null,"Extra":""},{"Field":"account_type","Type":"enum('user','admin')","Null":"YES","Key":"","Default":"user","Extra":""}]
[23-Apr-2025 00:56:49 Europe/Berlin] Number of users in database: 13
[23-Apr-2025 00:56:49 Europe/Berlin] All tables initialized successfully
[23-Apr-2025 00:56:49 Europe/Berlin] API Request received: /sportsync/backend/match.php
[23-Apr-2025 00:56:49 Europe/Berlin] GET parameters: Array
(
)

[23-Apr-2025 00:56:52 Europe/Berlin] Connected to database. Tables found: favorites, feedback, matches, news, newsletter, notifications, subscriptions, users
[23-Apr-2025 00:56:52 Europe/Berlin] Executing SQL: CREATE TABLE IF NOT EXISTS users (
                id INT AUTO_INCREMENT PRIMARY KEY,
                username VARCHAR(50) NOT NULL UNIQUE,
                password VARCHAR(255) NOT NULL,
                email VARCHAR(100) NOT NULL UNIQUE,
                account_type ENUM('user', 'admin') DEFAULT 'user',
                created_at TIMESTAMP DEFAULT CURRENT_TIMESTAMP
            )
[23-Apr-2025 00:56:52 Europe/Berlin] With params: []
[23-Apr-2025 00:56:52 Europe/Berlin] Query executed successfully. Found 0 rows
[23-Apr-2025 00:56:52 Europe/Berlin] Users table created or already exists
[23-Apr-2025 00:56:52 Europe/Berlin] Users table structure: [{"Field":"id","Type":"int(11)","Null":"NO","Key":"PRI","Default":null,"Extra":"auto_increment"},{"Field":"username","Type":"varchar(50)","Null":"NO","Key":"","Default":null,"Extra":""},{"Field":"email","Type":"varchar(100)","Null":"NO","Key":"UNI","Default":null,"Extra":""},{"Field":"password","Type":"varchar(255)","Null":"NO","Key":"","Default":null,"Extra":""},{"Field":"role","Type":"enum('user','admin')","Null":"YES","Key":"","Default":"user","Extra":""},{"Field":"verification_code","Type":"varchar(100)","Null":"YES","Key":"","Default":null,"Extra":""},{"Field":"is_verified","Type":"tinyint(1)","Null":"YES","Key":"","Default":"0","Extra":""},{"Field":"created_at","Type":"timestamp","Null":"NO","Key":"","Default":"current_timestamp()","Extra":""},{"Field":"favorite_sport","Type":"varchar(50)","Null":"YES","Key":"","Default":null,"Extra":""},{"Field":"favorite_team","Type":"varchar(50)","Null":"YES","Key":"","Default":null,"Extra":""},{"Field":"account_type","Type":"enum('user','admin')","Null":"YES","Key":"","Default":"user","Extra":""}]
[23-Apr-2025 00:56:52 Europe/Berlin] Number of users in database: 13
[23-Apr-2025 00:56:52 Europe/Berlin] All tables initialized successfully
[23-Apr-2025 00:56:52 Europe/Berlin] Connected to database. Tables found: favorites, feedback, matches, news, newsletter, notifications, subscriptions, users
[23-Apr-2025 00:56:52 Europe/Berlin] Executing SQL: CREATE TABLE IF NOT EXISTS users (
                id INT AUTO_INCREMENT PRIMARY KEY,
                username VARCHAR(50) NOT NULL UNIQUE,
                password VARCHAR(255) NOT NULL,
                email VARCHAR(100) NOT NULL UNIQUE,
                account_type ENUM('user', 'admin') DEFAULT 'user',
                created_at TIMESTAMP DEFAULT CURRENT_TIMESTAMP
            )
[23-Apr-2025 00:56:52 Europe/Berlin] With params: []
[23-Apr-2025 00:56:52 Europe/Berlin] Query executed successfully. Found 0 rows
[23-Apr-2025 00:56:52 Europe/Berlin] Users table created or already exists
[23-Apr-2025 00:56:52 Europe/Berlin] Users table structure: [{"Field":"id","Type":"int(11)","Null":"NO","Key":"PRI","Default":null,"Extra":"auto_increment"},{"Field":"username","Type":"varchar(50)","Null":"NO","Key":"","Default":null,"Extra":""},{"Field":"email","Type":"varchar(100)","Null":"NO","Key":"UNI","Default":null,"Extra":""},{"Field":"password","Type":"varchar(255)","Null":"NO","Key":"","Default":null,"Extra":""},{"Field":"role","Type":"enum('user','admin')","Null":"YES","Key":"","Default":"user","Extra":""},{"Field":"verification_code","Type":"varchar(100)","Null":"YES","Key":"","Default":null,"Extra":""},{"Field":"is_verified","Type":"tinyint(1)","Null":"YES","Key":"","Default":"0","Extra":""},{"Field":"created_at","Type":"timestamp","Null":"NO","Key":"","Default":"current_timestamp()","Extra":""},{"Field":"favorite_sport","Type":"varchar(50)","Null":"YES","Key":"","Default":null,"Extra":""},{"Field":"favorite_team","Type":"varchar(50)","Null":"YES","Key":"","Default":null,"Extra":""},{"Field":"account_type","Type":"enum('user','admin')","Null":"YES","Key":"","Default":"user","Extra":""}]
[23-Apr-2025 00:56:52 Europe/Berlin] Number of users in database: 13
[23-Apr-2025 00:56:52 Europe/Berlin] All tables initialized successfully
[23-Apr-2025 00:56:52 Europe/Berlin] Database tables initialized successfully
[23-Apr-2025 00:56:52 Europe/Berlin] Executing SQL: SELECT * FROM users WHERE id = :id
[23-Apr-2025 00:56:52 Europe/Berlin] With params: {":id":12}
[23-Apr-2025 00:56:52 Europe/Berlin] Query executed successfully. Found 1 rows
[23-Apr-2025 00:56:52 Europe/Berlin] User loaded from session: varunpndey
[23-Apr-2025 00:56:52 Europe/Berlin] Header - Session status: 2
[23-Apr-2025 00:56:52 Europe/Berlin] Header - Session data: {"user_id":12,"username":"varunpndey","email":"va@gmail.com","account_type":"admin"}
[23-Apr-2025 00:56:52 Europe/Berlin] Header - After session start - Status: 2
[23-Apr-2025 00:56:52 Europe/Berlin] Header - After session start - Data: {"user_id":12,"username":"varunpndey","email":"va@gmail.com","account_type":"admin"}
[23-Apr-2025 00:56:52 Europe/Berlin] Header - Is logged in: Yes
[23-Apr-2025 00:56:52 Europe/Berlin] Executing SQL: SELECT * FROM matches WHERE sport = :sport ORDER BY match_time DESC
[23-Apr-2025 00:56:52 Europe/Berlin] With params: {":sport":"cricket"}
[23-Apr-2025 00:56:52 Europe/Berlin] Query executed successfully. Found 6 rows
[23-Apr-2025 00:56:52 Europe/Berlin] Executing SQL: SELECT * FROM matches WHERE sport = :sport AND status = :status
[23-Apr-2025 00:56:52 Europe/Berlin] With params: {":sport":"cricket",":status":"live"}
[23-Apr-2025 00:56:52 Europe/Berlin] Query executed successfully. Found 1 rows
[23-Apr-2025 00:56:52 Europe/Berlin] Executing SQL: SELECT COUNT(*) as count FROM favorites 
                    WHERE user_id = :user_id AND match_id = :match_id
[23-Apr-2025 00:56:52 Europe/Berlin] With params: {":user_id":12,":match_id":14}
[23-Apr-2025 00:56:52 Europe/Berlin] Query executed successfully. Found 1 rows
[23-Apr-2025 00:56:52 Europe/Berlin] Executing SQL: SELECT COUNT(*) as count FROM favorites 
                    WHERE user_id = :user_id AND match_id = :match_id
[23-Apr-2025 00:56:52 Europe/Berlin] With params: {":user_id":12,":match_id":15}
[23-Apr-2025 00:56:52 Europe/Berlin] Query executed successfully. Found 1 rows
[23-Apr-2025 00:56:52 Europe/Berlin] Executing SQL: SELECT COUNT(*) as count FROM favorites 
                    WHERE user_id = :user_id AND match_id = :match_id
[23-Apr-2025 00:56:52 Europe/Berlin] With params: {":user_id":12,":match_id":16}
[23-Apr-2025 00:56:52 Europe/Berlin] Query executed successfully. Found 1 rows
[23-Apr-2025 00:56:52 Europe/Berlin] Executing SQL: SELECT COUNT(*) as count FROM favorites 
                    WHERE user_id = :user_id AND match_id = :match_id
[23-Apr-2025 00:56:52 Europe/Berlin] With params: {":user_id":12,":match_id":12}
[23-Apr-2025 00:56:52 Europe/Berlin] Query executed successfully. Found 1 rows
[23-Apr-2025 00:56:52 Europe/Berlin] Executing SQL: SELECT COUNT(*) as count FROM favorites 
                    WHERE user_id = :user_id AND match_id = :match_id
[23-Apr-2025 00:56:52 Europe/Berlin] With params: {":user_id":12,":match_id":11}
[23-Apr-2025 00:56:52 Europe/Berlin] Query executed successfully. Found 1 rows
[23-Apr-2025 00:56:52 Europe/Berlin] Executing SQL: SELECT COUNT(*) as count FROM favorites 
                    WHERE user_id = :user_id AND match_id = :match_id
[23-Apr-2025 00:56:52 Europe/Berlin] With params: {":user_id":12,":match_id":13}
[23-Apr-2025 00:56:52 Europe/Berlin] Query executed successfully. Found 1 rows
[23-Apr-2025 00:56:54 Europe/Berlin] Connected to database. Tables found: favorites, feedback, matches, news, newsletter, notifications, subscriptions, users
[23-Apr-2025 00:56:54 Europe/Berlin] Executing SQL: CREATE TABLE IF NOT EXISTS users (
                id INT AUTO_INCREMENT PRIMARY KEY,
                username VARCHAR(50) NOT NULL UNIQUE,
                password VARCHAR(255) NOT NULL,
                email VARCHAR(100) NOT NULL UNIQUE,
                account_type ENUM('user', 'admin') DEFAULT 'user',
                created_at TIMESTAMP DEFAULT CURRENT_TIMESTAMP
            )
[23-Apr-2025 00:56:54 Europe/Berlin] With params: []
[23-Apr-2025 00:56:54 Europe/Berlin] Query executed successfully. Found 0 rows
[23-Apr-2025 00:56:54 Europe/Berlin] Users table created or already exists
[23-Apr-2025 00:56:54 Europe/Berlin] Users table structure: [{"Field":"id","Type":"int(11)","Null":"NO","Key":"PRI","Default":null,"Extra":"auto_increment"},{"Field":"username","Type":"varchar(50)","Null":"NO","Key":"","Default":null,"Extra":""},{"Field":"email","Type":"varchar(100)","Null":"NO","Key":"UNI","Default":null,"Extra":""},{"Field":"password","Type":"varchar(255)","Null":"NO","Key":"","Default":null,"Extra":""},{"Field":"role","Type":"enum('user','admin')","Null":"YES","Key":"","Default":"user","Extra":""},{"Field":"verification_code","Type":"varchar(100)","Null":"YES","Key":"","Default":null,"Extra":""},{"Field":"is_verified","Type":"tinyint(1)","Null":"YES","Key":"","Default":"0","Extra":""},{"Field":"created_at","Type":"timestamp","Null":"NO","Key":"","Default":"current_timestamp()","Extra":""},{"Field":"favorite_sport","Type":"varchar(50)","Null":"YES","Key":"","Default":null,"Extra":""},{"Field":"favorite_team","Type":"varchar(50)","Null":"YES","Key":"","Default":null,"Extra":""},{"Field":"account_type","Type":"enum('user','admin')","Null":"YES","Key":"","Default":"user","Extra":""}]
[23-Apr-2025 00:56:54 Europe/Berlin] Number of users in database: 13
[23-Apr-2025 00:56:54 Europe/Berlin] All tables initialized successfully
[23-Apr-2025 00:56:54 Europe/Berlin] API Request received: /sportsync/backend/match.php
[23-Apr-2025 00:56:54 Europe/Berlin] GET parameters: Array
(
)

[23-Apr-2025 00:56:57 Europe/Berlin] Connected to database. Tables found: favorites, feedback, matches, news, newsletter, notifications, subscriptions, users
[23-Apr-2025 00:56:57 Europe/Berlin] Executing SQL: CREATE TABLE IF NOT EXISTS users (
                id INT AUTO_INCREMENT PRIMARY KEY,
                username VARCHAR(50) NOT NULL UNIQUE,
                password VARCHAR(255) NOT NULL,
                email VARCHAR(100) NOT NULL UNIQUE,
                account_type ENUM('user', 'admin') DEFAULT 'user',
                created_at TIMESTAMP DEFAULT CURRENT_TIMESTAMP
            )
[23-Apr-2025 00:56:57 Europe/Berlin] With params: []
[23-Apr-2025 00:56:57 Europe/Berlin] Query executed successfully. Found 0 rows
[23-Apr-2025 00:56:57 Europe/Berlin] Users table created or already exists
[23-Apr-2025 00:56:57 Europe/Berlin] Users table structure: [{"Field":"id","Type":"int(11)","Null":"NO","Key":"PRI","Default":null,"Extra":"auto_increment"},{"Field":"username","Type":"varchar(50)","Null":"NO","Key":"","Default":null,"Extra":""},{"Field":"email","Type":"varchar(100)","Null":"NO","Key":"UNI","Default":null,"Extra":""},{"Field":"password","Type":"varchar(255)","Null":"NO","Key":"","Default":null,"Extra":""},{"Field":"role","Type":"enum('user','admin')","Null":"YES","Key":"","Default":"user","Extra":""},{"Field":"verification_code","Type":"varchar(100)","Null":"YES","Key":"","Default":null,"Extra":""},{"Field":"is_verified","Type":"tinyint(1)","Null":"YES","Key":"","Default":"0","Extra":""},{"Field":"created_at","Type":"timestamp","Null":"NO","Key":"","Default":"current_timestamp()","Extra":""},{"Field":"favorite_sport","Type":"varchar(50)","Null":"YES","Key":"","Default":null,"Extra":""},{"Field":"favorite_team","Type":"varchar(50)","Null":"YES","Key":"","Default":null,"Extra":""},{"Field":"account_type","Type":"enum('user','admin')","Null":"YES","Key":"","Default":"user","Extra":""}]
[23-Apr-2025 00:56:57 Europe/Berlin] Number of users in database: 13
[23-Apr-2025 00:56:57 Europe/Berlin] All tables initialized successfully
[23-Apr-2025 00:56:57 Europe/Berlin] Connected to database. Tables found: favorites, feedback, matches, news, newsletter, notifications, subscriptions, users
[23-Apr-2025 00:56:57 Europe/Berlin] Executing SQL: CREATE TABLE IF NOT EXISTS users (
                id INT AUTO_INCREMENT PRIMARY KEY,
                username VARCHAR(50) NOT NULL UNIQUE,
                password VARCHAR(255) NOT NULL,
                email VARCHAR(100) NOT NULL UNIQUE,
                account_type ENUM('user', 'admin') DEFAULT 'user',
                created_at TIMESTAMP DEFAULT CURRENT_TIMESTAMP
            )
[23-Apr-2025 00:56:57 Europe/Berlin] With params: []
[23-Apr-2025 00:56:57 Europe/Berlin] Query executed successfully. Found 0 rows
[23-Apr-2025 00:56:57 Europe/Berlin] Users table created or already exists
[23-Apr-2025 00:56:57 Europe/Berlin] Users table structure: [{"Field":"id","Type":"int(11)","Null":"NO","Key":"PRI","Default":null,"Extra":"auto_increment"},{"Field":"username","Type":"varchar(50)","Null":"NO","Key":"","Default":null,"Extra":""},{"Field":"email","Type":"varchar(100)","Null":"NO","Key":"UNI","Default":null,"Extra":""},{"Field":"password","Type":"varchar(255)","Null":"NO","Key":"","Default":null,"Extra":""},{"Field":"role","Type":"enum('user','admin')","Null":"YES","Key":"","Default":"user","Extra":""},{"Field":"verification_code","Type":"varchar(100)","Null":"YES","Key":"","Default":null,"Extra":""},{"Field":"is_verified","Type":"tinyint(1)","Null":"YES","Key":"","Default":"0","Extra":""},{"Field":"created_at","Type":"timestamp","Null":"NO","Key":"","Default":"current_timestamp()","Extra":""},{"Field":"favorite_sport","Type":"varchar(50)","Null":"YES","Key":"","Default":null,"Extra":""},{"Field":"favorite_team","Type":"varchar(50)","Null":"YES","Key":"","Default":null,"Extra":""},{"Field":"account_type","Type":"enum('user','admin')","Null":"YES","Key":"","Default":"user","Extra":""}]
[23-Apr-2025 00:56:57 Europe/Berlin] Number of users in database: 13
[23-Apr-2025 00:56:57 Europe/Berlin] All tables initialized successfully
[23-Apr-2025 00:56:57 Europe/Berlin] Database tables initialized successfully
[23-Apr-2025 00:56:57 Europe/Berlin] Executing SQL: SELECT * FROM users WHERE id = :id
[23-Apr-2025 00:56:57 Europe/Berlin] With params: {":id":12}
[23-Apr-2025 00:56:57 Europe/Berlin] Query executed successfully. Found 1 rows
[23-Apr-2025 00:56:57 Europe/Berlin] User loaded from session: varunpndey
[23-Apr-2025 00:56:57 Europe/Berlin] Header - Session status: 2
[23-Apr-2025 00:56:57 Europe/Berlin] Header - Session data: {"user_id":12,"username":"varunpndey","email":"va@gmail.com","account_type":"admin"}
[23-Apr-2025 00:56:57 Europe/Berlin] Header - After session start - Status: 2
[23-Apr-2025 00:56:57 Europe/Berlin] Header - After session start - Data: {"user_id":12,"username":"varunpndey","email":"va@gmail.com","account_type":"admin"}
[23-Apr-2025 00:56:57 Europe/Berlin] Header - Is logged in: Yes
[23-Apr-2025 00:56:57 Europe/Berlin] Executing SQL: SELECT * FROM matches WHERE status = 'live'
[23-Apr-2025 00:56:57 Europe/Berlin] With params: []
[23-Apr-2025 00:56:57 Europe/Berlin] Query executed successfully. Found 2 rows
[23-Apr-2025 00:56:57 Europe/Berlin] Executing SQL: SELECT COUNT(*) as count FROM favorites 
                    WHERE user_id = :user_id AND match_id = :match_id
[23-Apr-2025 00:56:57 Europe/Berlin] With params: {":user_id":12,":match_id":11}
[23-Apr-2025 00:56:57 Europe/Berlin] Query executed successfully. Found 1 rows
[23-Apr-2025 00:56:57 Europe/Berlin] Executing SQL: SELECT COUNT(*) as count FROM favorites 
                    WHERE user_id = :user_id AND match_id = :match_id
[23-Apr-2025 00:56:57 Europe/Berlin] With params: {":user_id":12,":match_id":17}
[23-Apr-2025 00:56:57 Europe/Berlin] Query executed successfully. Found 1 rows
[23-Apr-2025 00:56:59 Europe/Berlin] Connected to database. Tables found: favorites, feedback, matches, news, newsletter, notifications, subscriptions, users
[23-Apr-2025 00:56:59 Europe/Berlin] Executing SQL: CREATE TABLE IF NOT EXISTS users (
                id INT AUTO_INCREMENT PRIMARY KEY,
                username VARCHAR(50) NOT NULL UNIQUE,
                password VARCHAR(255) NOT NULL,
                email VARCHAR(100) NOT NULL UNIQUE,
                account_type ENUM('user', 'admin') DEFAULT 'user',
                created_at TIMESTAMP DEFAULT CURRENT_TIMESTAMP
            )
[23-Apr-2025 00:56:59 Europe/Berlin] With params: []
[23-Apr-2025 00:56:59 Europe/Berlin] Query executed successfully. Found 0 rows
[23-Apr-2025 00:56:59 Europe/Berlin] Users table created or already exists
[23-Apr-2025 00:56:59 Europe/Berlin] Users table structure: [{"Field":"id","Type":"int(11)","Null":"NO","Key":"PRI","Default":null,"Extra":"auto_increment"},{"Field":"username","Type":"varchar(50)","Null":"NO","Key":"","Default":null,"Extra":""},{"Field":"email","Type":"varchar(100)","Null":"NO","Key":"UNI","Default":null,"Extra":""},{"Field":"password","Type":"varchar(255)","Null":"NO","Key":"","Default":null,"Extra":""},{"Field":"role","Type":"enum('user','admin')","Null":"YES","Key":"","Default":"user","Extra":""},{"Field":"verification_code","Type":"varchar(100)","Null":"YES","Key":"","Default":null,"Extra":""},{"Field":"is_verified","Type":"tinyint(1)","Null":"YES","Key":"","Default":"0","Extra":""},{"Field":"created_at","Type":"timestamp","Null":"NO","Key":"","Default":"current_timestamp()","Extra":""},{"Field":"favorite_sport","Type":"varchar(50)","Null":"YES","Key":"","Default":null,"Extra":""},{"Field":"favorite_team","Type":"varchar(50)","Null":"YES","Key":"","Default":null,"Extra":""},{"Field":"account_type","Type":"enum('user','admin')","Null":"YES","Key":"","Default":"user","Extra":""}]
[23-Apr-2025 00:56:59 Europe/Berlin] Number of users in database: 13
[23-Apr-2025 00:56:59 Europe/Berlin] All tables initialized successfully
[23-Apr-2025 00:56:59 Europe/Berlin] API Request received: /sportsync/backend/match.php
[23-Apr-2025 00:56:59 Europe/Berlin] GET parameters: Array
(
)

[23-Apr-2025 00:57:02 Europe/Berlin] Connected to database. Tables found: favorites, feedback, matches, news, newsletter, notifications, subscriptions, users
[23-Apr-2025 00:57:02 Europe/Berlin] Executing SQL: CREATE TABLE IF NOT EXISTS users (
                id INT AUTO_INCREMENT PRIMARY KEY,
                username VARCHAR(50) NOT NULL UNIQUE,
                password VARCHAR(255) NOT NULL,
                email VARCHAR(100) NOT NULL UNIQUE,
                account_type ENUM('user', 'admin') DEFAULT 'user',
                created_at TIMESTAMP DEFAULT CURRENT_TIMESTAMP
            )
[23-Apr-2025 00:57:02 Europe/Berlin] With params: []
[23-Apr-2025 00:57:02 Europe/Berlin] Query executed successfully. Found 0 rows
[23-Apr-2025 00:57:02 Europe/Berlin] Users table created or already exists
[23-Apr-2025 00:57:02 Europe/Berlin] Users table structure: [{"Field":"id","Type":"int(11)","Null":"NO","Key":"PRI","Default":null,"Extra":"auto_increment"},{"Field":"username","Type":"varchar(50)","Null":"NO","Key":"","Default":null,"Extra":""},{"Field":"email","Type":"varchar(100)","Null":"NO","Key":"UNI","Default":null,"Extra":""},{"Field":"password","Type":"varchar(255)","Null":"NO","Key":"","Default":null,"Extra":""},{"Field":"role","Type":"enum('user','admin')","Null":"YES","Key":"","Default":"user","Extra":""},{"Field":"verification_code","Type":"varchar(100)","Null":"YES","Key":"","Default":null,"Extra":""},{"Field":"is_verified","Type":"tinyint(1)","Null":"YES","Key":"","Default":"0","Extra":""},{"Field":"created_at","Type":"timestamp","Null":"NO","Key":"","Default":"current_timestamp()","Extra":""},{"Field":"favorite_sport","Type":"varchar(50)","Null":"YES","Key":"","Default":null,"Extra":""},{"Field":"favorite_team","Type":"varchar(50)","Null":"YES","Key":"","Default":null,"Extra":""},{"Field":"account_type","Type":"enum('user','admin')","Null":"YES","Key":"","Default":"user","Extra":""}]
[23-Apr-2025 00:57:02 Europe/Berlin] Number of users in database: 13
[23-Apr-2025 00:57:02 Europe/Berlin] All tables initialized successfully
[23-Apr-2025 00:57:02 Europe/Berlin] Connected to database. Tables found: favorites, feedback, matches, news, newsletter, notifications, subscriptions, users
[23-Apr-2025 00:57:02 Europe/Berlin] Executing SQL: CREATE TABLE IF NOT EXISTS users (
                id INT AUTO_INCREMENT PRIMARY KEY,
                username VARCHAR(50) NOT NULL UNIQUE,
                password VARCHAR(255) NOT NULL,
                email VARCHAR(100) NOT NULL UNIQUE,
                account_type ENUM('user', 'admin') DEFAULT 'user',
                created_at TIMESTAMP DEFAULT CURRENT_TIMESTAMP
            )
[23-Apr-2025 00:57:02 Europe/Berlin] With params: []
[23-Apr-2025 00:57:02 Europe/Berlin] Query executed successfully. Found 0 rows
[23-Apr-2025 00:57:02 Europe/Berlin] Users table created or already exists
[23-Apr-2025 00:57:02 Europe/Berlin] Users table structure: [{"Field":"id","Type":"int(11)","Null":"NO","Key":"PRI","Default":null,"Extra":"auto_increment"},{"Field":"username","Type":"varchar(50)","Null":"NO","Key":"","Default":null,"Extra":""},{"Field":"email","Type":"varchar(100)","Null":"NO","Key":"UNI","Default":null,"Extra":""},{"Field":"password","Type":"varchar(255)","Null":"NO","Key":"","Default":null,"Extra":""},{"Field":"role","Type":"enum('user','admin')","Null":"YES","Key":"","Default":"user","Extra":""},{"Field":"verification_code","Type":"varchar(100)","Null":"YES","Key":"","Default":null,"Extra":""},{"Field":"is_verified","Type":"tinyint(1)","Null":"YES","Key":"","Default":"0","Extra":""},{"Field":"created_at","Type":"timestamp","Null":"NO","Key":"","Default":"current_timestamp()","Extra":""},{"Field":"favorite_sport","Type":"varchar(50)","Null":"YES","Key":"","Default":null,"Extra":""},{"Field":"favorite_team","Type":"varchar(50)","Null":"YES","Key":"","Default":null,"Extra":""},{"Field":"account_type","Type":"enum('user','admin')","Null":"YES","Key":"","Default":"user","Extra":""}]
[23-Apr-2025 00:57:02 Europe/Berlin] Number of users in database: 13
[23-Apr-2025 00:57:02 Europe/Berlin] All tables initialized successfully
[23-Apr-2025 00:57:02 Europe/Berlin] Database tables initialized successfully
[23-Apr-2025 00:57:02 Europe/Berlin] Executing SQL: SELECT * FROM users WHERE id = :id
[23-Apr-2025 00:57:02 Europe/Berlin] With params: {":id":12}
[23-Apr-2025 00:57:02 Europe/Berlin] Query executed successfully. Found 1 rows
[23-Apr-2025 00:57:02 Europe/Berlin] User loaded from session: varunpndey
[23-Apr-2025 00:57:02 Europe/Berlin] Header - Session status: 2
[23-Apr-2025 00:57:02 Europe/Berlin] Header - Session data: {"user_id":12,"username":"varunpndey","email":"va@gmail.com","account_type":"admin"}
[23-Apr-2025 00:57:02 Europe/Berlin] Header - After session start - Status: 2
[23-Apr-2025 00:57:02 Europe/Berlin] Header - After session start - Data: {"user_id":12,"username":"varunpndey","email":"va@gmail.com","account_type":"admin"}
[23-Apr-2025 00:57:02 Europe/Berlin] Header - Is logged in: Yes
[23-Apr-2025 00:57:02 Europe/Berlin] Executing SQL: SELECT * FROM news ORDER BY created_at DESC LIMIT 5
[23-Apr-2025 00:57:02 Europe/Berlin] With params: []
[23-Apr-2025 00:57:02 Europe/Berlin] Query executed successfully. Found 5 rows
[23-Apr-2025 00:57:02 Europe/Berlin] Executing SQL: SELECT * FROM matches WHERE status = 'live'
[23-Apr-2025 00:57:02 Europe/Berlin] With params: []
[23-Apr-2025 00:57:02 Europe/Berlin] Query executed successfully. Found 2 rows
[23-Apr-2025 00:57:02 Europe/Berlin] Executing SQL: SELECT COUNT(*) as count FROM favorites 
                    WHERE user_id = :user_id AND match_id = :match_id
[23-Apr-2025 00:57:02 Europe/Berlin] With params: {":user_id":12,":match_id":11}
[23-Apr-2025 00:57:02 Europe/Berlin] Query executed successfully. Found 1 rows
[23-Apr-2025 00:57:02 Europe/Berlin] Executing SQL: SELECT COUNT(*) as count FROM favorites 
                    WHERE user_id = :user_id AND match_id = :match_id
[23-Apr-2025 00:57:02 Europe/Berlin] With params: {":user_id":12,":match_id":17}
[23-Apr-2025 00:57:02 Europe/Berlin] Query executed successfully. Found 1 rows
[23-Apr-2025 00:57:07 Europe/Berlin] Connected to database. Tables found: favorites, feedback, matches, news, newsletter, notifications, subscriptions, users
[23-Apr-2025 00:57:07 Europe/Berlin] Executing SQL: CREATE TABLE IF NOT EXISTS users (
                id INT AUTO_INCREMENT PRIMARY KEY,
                username VARCHAR(50) NOT NULL UNIQUE,
                password VARCHAR(255) NOT NULL,
                email VARCHAR(100) NOT NULL UNIQUE,
                account_type ENUM('user', 'admin') DEFAULT 'user',
                created_at TIMESTAMP DEFAULT CURRENT_TIMESTAMP
            )
[23-Apr-2025 00:57:07 Europe/Berlin] With params: []
[23-Apr-2025 00:57:07 Europe/Berlin] Query executed successfully. Found 0 rows
[23-Apr-2025 00:57:07 Europe/Berlin] Users table created or already exists
[23-Apr-2025 00:57:07 Europe/Berlin] Users table structure: [{"Field":"id","Type":"int(11)","Null":"NO","Key":"PRI","Default":null,"Extra":"auto_increment"},{"Field":"username","Type":"varchar(50)","Null":"NO","Key":"","Default":null,"Extra":""},{"Field":"email","Type":"varchar(100)","Null":"NO","Key":"UNI","Default":null,"Extra":""},{"Field":"password","Type":"varchar(255)","Null":"NO","Key":"","Default":null,"Extra":""},{"Field":"role","Type":"enum('user','admin')","Null":"YES","Key":"","Default":"user","Extra":""},{"Field":"verification_code","Type":"varchar(100)","Null":"YES","Key":"","Default":null,"Extra":""},{"Field":"is_verified","Type":"tinyint(1)","Null":"YES","Key":"","Default":"0","Extra":""},{"Field":"created_at","Type":"timestamp","Null":"NO","Key":"","Default":"current_timestamp()","Extra":""},{"Field":"favorite_sport","Type":"varchar(50)","Null":"YES","Key":"","Default":null,"Extra":""},{"Field":"favorite_team","Type":"varchar(50)","Null":"YES","Key":"","Default":null,"Extra":""},{"Field":"account_type","Type":"enum('user','admin')","Null":"YES","Key":"","Default":"user","Extra":""}]
[23-Apr-2025 00:57:07 Europe/Berlin] Number of users in database: 13
[23-Apr-2025 00:57:07 Europe/Berlin] All tables initialized successfully
[23-Apr-2025 00:57:07 Europe/Berlin] API Request received: /sportsync/backend/match.php
[23-Apr-2025 00:57:07 Europe/Berlin] GET parameters: Array
(
)

[23-Apr-2025 00:57:15 Europe/Berlin] Connected to database. Tables found: favorites, feedback, matches, news, newsletter, notifications, subscriptions, users
[23-Apr-2025 00:57:15 Europe/Berlin] Executing SQL: CREATE TABLE IF NOT EXISTS users (
                id INT AUTO_INCREMENT PRIMARY KEY,
                username VARCHAR(50) NOT NULL UNIQUE,
                password VARCHAR(255) NOT NULL,
                email VARCHAR(100) NOT NULL UNIQUE,
                account_type ENUM('user', 'admin') DEFAULT 'user',
                created_at TIMESTAMP DEFAULT CURRENT_TIMESTAMP
            )
[23-Apr-2025 00:57:15 Europe/Berlin] With params: []
[23-Apr-2025 00:57:15 Europe/Berlin] Query executed successfully. Found 0 rows
[23-Apr-2025 00:57:15 Europe/Berlin] Users table created or already exists
[23-Apr-2025 00:57:15 Europe/Berlin] Users table structure: [{"Field":"id","Type":"int(11)","Null":"NO","Key":"PRI","Default":null,"Extra":"auto_increment"},{"Field":"username","Type":"varchar(50)","Null":"NO","Key":"","Default":null,"Extra":""},{"Field":"email","Type":"varchar(100)","Null":"NO","Key":"UNI","Default":null,"Extra":""},{"Field":"password","Type":"varchar(255)","Null":"NO","Key":"","Default":null,"Extra":""},{"Field":"role","Type":"enum('user','admin')","Null":"YES","Key":"","Default":"user","Extra":""},{"Field":"verification_code","Type":"varchar(100)","Null":"YES","Key":"","Default":null,"Extra":""},{"Field":"is_verified","Type":"tinyint(1)","Null":"YES","Key":"","Default":"0","Extra":""},{"Field":"created_at","Type":"timestamp","Null":"NO","Key":"","Default":"current_timestamp()","Extra":""},{"Field":"favorite_sport","Type":"varchar(50)","Null":"YES","Key":"","Default":null,"Extra":""},{"Field":"favorite_team","Type":"varchar(50)","Null":"YES","Key":"","Default":null,"Extra":""},{"Field":"account_type","Type":"enum('user','admin')","Null":"YES","Key":"","Default":"user","Extra":""}]
[23-Apr-2025 00:57:15 Europe/Berlin] Number of users in database: 13
[23-Apr-2025 00:57:15 Europe/Berlin] All tables initialized successfully
[23-Apr-2025 00:57:15 Europe/Berlin] API Request received: /sportsync/backend/match.php
[23-Apr-2025 00:57:15 Europe/Berlin] GET parameters: Array
(
)

[23-Apr-2025 01:00:52 Europe/Berlin] Connected to database. Tables found: favorites, feedback, matches, news, newsletter, notifications, subscriptions, users
[23-Apr-2025 01:00:52 Europe/Berlin] Executing SQL: CREATE TABLE IF NOT EXISTS users (
                id INT AUTO_INCREMENT PRIMARY KEY,
                username VARCHAR(50) NOT NULL UNIQUE,
                password VARCHAR(255) NOT NULL,
                email VARCHAR(100) NOT NULL UNIQUE,
                account_type ENUM('user', 'admin') DEFAULT 'user',
                created_at TIMESTAMP DEFAULT CURRENT_TIMESTAMP
            )
[23-Apr-2025 01:00:52 Europe/Berlin] With params: []
[23-Apr-2025 01:00:52 Europe/Berlin] Query executed successfully. Found 0 rows
[23-Apr-2025 01:00:52 Europe/Berlin] Users table created or already exists
[23-Apr-2025 01:00:52 Europe/Berlin] Users table structure: [{"Field":"id","Type":"int(11)","Null":"NO","Key":"PRI","Default":null,"Extra":"auto_increment"},{"Field":"username","Type":"varchar(50)","Null":"NO","Key":"","Default":null,"Extra":""},{"Field":"email","Type":"varchar(100)","Null":"NO","Key":"UNI","Default":null,"Extra":""},{"Field":"password","Type":"varchar(255)","Null":"NO","Key":"","Default":null,"Extra":""},{"Field":"role","Type":"enum('user','admin')","Null":"YES","Key":"","Default":"user","Extra":""},{"Field":"verification_code","Type":"varchar(100)","Null":"YES","Key":"","Default":null,"Extra":""},{"Field":"is_verified","Type":"tinyint(1)","Null":"YES","Key":"","Default":"0","Extra":""},{"Field":"created_at","Type":"timestamp","Null":"NO","Key":"","Default":"current_timestamp()","Extra":""},{"Field":"favorite_sport","Type":"varchar(50)","Null":"YES","Key":"","Default":null,"Extra":""},{"Field":"favorite_team","Type":"varchar(50)","Null":"YES","Key":"","Default":null,"Extra":""},{"Field":"account_type","Type":"enum('user','admin')","Null":"YES","Key":"","Default":"user","Extra":""}]
[23-Apr-2025 01:00:52 Europe/Berlin] Number of users in database: 13
[23-Apr-2025 01:00:52 Europe/Berlin] All tables initialized successfully
[23-Apr-2025 01:00:52 Europe/Berlin] API Request received: /sportsync/backend/match.php
[23-Apr-2025 01:00:52 Europe/Berlin] GET parameters: Array
(
)

[23-Apr-2025 01:02:21 Europe/Berlin] Connected to database. Tables found: favorites, feedback, matches, news, newsletter, notifications, subscriptions, users
[23-Apr-2025 01:02:21 Europe/Berlin] Executing SQL: CREATE TABLE IF NOT EXISTS users (
                id INT AUTO_INCREMENT PRIMARY KEY,
                username VARCHAR(50) NOT NULL UNIQUE,
                password VARCHAR(255) NOT NULL,
                email VARCHAR(100) NOT NULL UNIQUE,
                account_type ENUM('user', 'admin') DEFAULT 'user',
                created_at TIMESTAMP DEFAULT CURRENT_TIMESTAMP
            )
[23-Apr-2025 01:02:21 Europe/Berlin] With params: []
[23-Apr-2025 01:02:21 Europe/Berlin] Query executed successfully. Found 0 rows
[23-Apr-2025 01:02:21 Europe/Berlin] Users table created or already exists
[23-Apr-2025 01:02:21 Europe/Berlin] Users table structure: [{"Field":"id","Type":"int(11)","Null":"NO","Key":"PRI","Default":null,"Extra":"auto_increment"},{"Field":"username","Type":"varchar(50)","Null":"NO","Key":"","Default":null,"Extra":""},{"Field":"email","Type":"varchar(100)","Null":"NO","Key":"UNI","Default":null,"Extra":""},{"Field":"password","Type":"varchar(255)","Null":"NO","Key":"","Default":null,"Extra":""},{"Field":"role","Type":"enum('user','admin')","Null":"YES","Key":"","Default":"user","Extra":""},{"Field":"verification_code","Type":"varchar(100)","Null":"YES","Key":"","Default":null,"Extra":""},{"Field":"is_verified","Type":"tinyint(1)","Null":"YES","Key":"","Default":"0","Extra":""},{"Field":"created_at","Type":"timestamp","Null":"NO","Key":"","Default":"current_timestamp()","Extra":""},{"Field":"favorite_sport","Type":"varchar(50)","Null":"YES","Key":"","Default":null,"Extra":""},{"Field":"favorite_team","Type":"varchar(50)","Null":"YES","Key":"","Default":null,"Extra":""},{"Field":"account_type","Type":"enum('user','admin')","Null":"YES","Key":"","Default":"user","Extra":""}]
[23-Apr-2025 01:02:21 Europe/Berlin] Number of users in database: 13
[23-Apr-2025 01:02:21 Europe/Berlin] All tables initialized successfully
[23-Apr-2025 01:02:21 Europe/Berlin] Connected to database. Tables found: favorites, feedback, matches, news, newsletter, notifications, subscriptions, users
[23-Apr-2025 01:02:21 Europe/Berlin] Executing SQL: CREATE TABLE IF NOT EXISTS users (
                id INT AUTO_INCREMENT PRIMARY KEY,
                username VARCHAR(50) NOT NULL UNIQUE,
                password VARCHAR(255) NOT NULL,
                email VARCHAR(100) NOT NULL UNIQUE,
                account_type ENUM('user', 'admin') DEFAULT 'user',
                created_at TIMESTAMP DEFAULT CURRENT_TIMESTAMP
            )
[23-Apr-2025 01:02:21 Europe/Berlin] With params: []
[23-Apr-2025 01:02:21 Europe/Berlin] Query executed successfully. Found 0 rows
[23-Apr-2025 01:02:21 Europe/Berlin] Users table created or already exists
[23-Apr-2025 01:02:21 Europe/Berlin] Users table structure: [{"Field":"id","Type":"int(11)","Null":"NO","Key":"PRI","Default":null,"Extra":"auto_increment"},{"Field":"username","Type":"varchar(50)","Null":"NO","Key":"","Default":null,"Extra":""},{"Field":"email","Type":"varchar(100)","Null":"NO","Key":"UNI","Default":null,"Extra":""},{"Field":"password","Type":"varchar(255)","Null":"NO","Key":"","Default":null,"Extra":""},{"Field":"role","Type":"enum('user','admin')","Null":"YES","Key":"","Default":"user","Extra":""},{"Field":"verification_code","Type":"varchar(100)","Null":"YES","Key":"","Default":null,"Extra":""},{"Field":"is_verified","Type":"tinyint(1)","Null":"YES","Key":"","Default":"0","Extra":""},{"Field":"created_at","Type":"timestamp","Null":"NO","Key":"","Default":"current_timestamp()","Extra":""},{"Field":"favorite_sport","Type":"varchar(50)","Null":"YES","Key":"","Default":null,"Extra":""},{"Field":"favorite_team","Type":"varchar(50)","Null":"YES","Key":"","Default":null,"Extra":""},{"Field":"account_type","Type":"enum('user','admin')","Null":"YES","Key":"","Default":"user","Extra":""}]
[23-Apr-2025 01:02:21 Europe/Berlin] Number of users in database: 13
[23-Apr-2025 01:02:21 Europe/Berlin] All tables initialized successfully
[23-Apr-2025 01:02:21 Europe/Berlin] Database tables initialized successfully
[23-Apr-2025 01:02:21 Europe/Berlin] Executing SQL: SELECT * FROM users WHERE id = :id
[23-Apr-2025 01:02:21 Europe/Berlin] With params: {":id":12}
[23-Apr-2025 01:02:21 Europe/Berlin] Query executed successfully. Found 1 rows
[23-Apr-2025 01:02:21 Europe/Berlin] User loaded from session: varunpndey
[23-Apr-2025 01:02:21 Europe/Berlin] Header - Session status: 2
[23-Apr-2025 01:02:21 Europe/Berlin] Header - Session data: {"user_id":12,"username":"varunpndey","email":"va@gmail.com","account_type":"admin"}
[23-Apr-2025 01:02:21 Europe/Berlin] Header - After session start - Status: 2
[23-Apr-2025 01:02:21 Europe/Berlin] Header - After session start - Data: {"user_id":12,"username":"varunpndey","email":"va@gmail.com","account_type":"admin"}
[23-Apr-2025 01:02:21 Europe/Berlin] Header - Is logged in: Yes
[23-Apr-2025 01:02:21 Europe/Berlin] Executing SQL: SELECT * FROM news ORDER BY created_at DESC LIMIT 5
[23-Apr-2025 01:02:21 Europe/Berlin] With params: []
[23-Apr-2025 01:02:21 Europe/Berlin] Query executed successfully. Found 5 rows
[23-Apr-2025 01:02:21 Europe/Berlin] Executing SQL: SELECT * FROM matches WHERE status = 'live'
[23-Apr-2025 01:02:21 Europe/Berlin] With params: []
[23-Apr-2025 01:02:21 Europe/Berlin] Query executed successfully. Found 2 rows
[23-Apr-2025 01:02:21 Europe/Berlin] Executing SQL: SELECT COUNT(*) as count FROM favorites 
                    WHERE user_id = :user_id AND match_id = :match_id
[23-Apr-2025 01:02:21 Europe/Berlin] With params: {":user_id":12,":match_id":11}
[23-Apr-2025 01:02:21 Europe/Berlin] Query executed successfully. Found 1 rows
[23-Apr-2025 01:02:21 Europe/Berlin] Executing SQL: SELECT COUNT(*) as count FROM favorites 
                    WHERE user_id = :user_id AND match_id = :match_id
[23-Apr-2025 01:02:21 Europe/Berlin] With params: {":user_id":12,":match_id":17}
[23-Apr-2025 01:02:21 Europe/Berlin] Query executed successfully. Found 1 rows
[23-Apr-2025 01:02:23 Europe/Berlin] Connected to database. Tables found: favorites, feedback, matches, news, newsletter, notifications, subscriptions, users
[23-Apr-2025 01:02:23 Europe/Berlin] Executing SQL: CREATE TABLE IF NOT EXISTS users (
                id INT AUTO_INCREMENT PRIMARY KEY,
                username VARCHAR(50) NOT NULL UNIQUE,
                password VARCHAR(255) NOT NULL,
                email VARCHAR(100) NOT NULL UNIQUE,
                account_type ENUM('user', 'admin') DEFAULT 'user',
                created_at TIMESTAMP DEFAULT CURRENT_TIMESTAMP
            )
[23-Apr-2025 01:02:23 Europe/Berlin] With params: []
[23-Apr-2025 01:02:23 Europe/Berlin] Query executed successfully. Found 0 rows
[23-Apr-2025 01:02:23 Europe/Berlin] Users table created or already exists
[23-Apr-2025 01:02:23 Europe/Berlin] Users table structure: [{"Field":"id","Type":"int(11)","Null":"NO","Key":"PRI","Default":null,"Extra":"auto_increment"},{"Field":"username","Type":"varchar(50)","Null":"NO","Key":"","Default":null,"Extra":""},{"Field":"email","Type":"varchar(100)","Null":"NO","Key":"UNI","Default":null,"Extra":""},{"Field":"password","Type":"varchar(255)","Null":"NO","Key":"","Default":null,"Extra":""},{"Field":"role","Type":"enum('user','admin')","Null":"YES","Key":"","Default":"user","Extra":""},{"Field":"verification_code","Type":"varchar(100)","Null":"YES","Key":"","Default":null,"Extra":""},{"Field":"is_verified","Type":"tinyint(1)","Null":"YES","Key":"","Default":"0","Extra":""},{"Field":"created_at","Type":"timestamp","Null":"NO","Key":"","Default":"current_timestamp()","Extra":""},{"Field":"favorite_sport","Type":"varchar(50)","Null":"YES","Key":"","Default":null,"Extra":""},{"Field":"favorite_team","Type":"varchar(50)","Null":"YES","Key":"","Default":null,"Extra":""},{"Field":"account_type","Type":"enum('user','admin')","Null":"YES","Key":"","Default":"user","Extra":""}]
[23-Apr-2025 01:02:23 Europe/Berlin] Number of users in database: 13
[23-Apr-2025 01:02:23 Europe/Berlin] All tables initialized successfully
[23-Apr-2025 01:02:23 Europe/Berlin] API Request received: /sportsync/backend/match.php
[23-Apr-2025 01:02:23 Europe/Berlin] GET parameters: Array
(
)

[23-Apr-2025 01:05:34 Europe/Berlin] Connected to database. Tables found: favorites, feedback, matches, news, newsletter, notifications, subscriptions, users
[23-Apr-2025 01:05:34 Europe/Berlin] Executing SQL: CREATE TABLE IF NOT EXISTS users (
                id INT AUTO_INCREMENT PRIMARY KEY,
                username VARCHAR(50) NOT NULL UNIQUE,
                password VARCHAR(255) NOT NULL,
                email VARCHAR(100) NOT NULL UNIQUE,
                account_type ENUM('user', 'admin') DEFAULT 'user',
                created_at TIMESTAMP DEFAULT CURRENT_TIMESTAMP
            )
[23-Apr-2025 01:05:34 Europe/Berlin] With params: []
[23-Apr-2025 01:05:34 Europe/Berlin] Query executed successfully. Found 0 rows
[23-Apr-2025 01:05:34 Europe/Berlin] Users table created or already exists
[23-Apr-2025 01:05:34 Europe/Berlin] Users table structure: [{"Field":"id","Type":"int(11)","Null":"NO","Key":"PRI","Default":null,"Extra":"auto_increment"},{"Field":"username","Type":"varchar(50)","Null":"NO","Key":"","Default":null,"Extra":""},{"Field":"email","Type":"varchar(100)","Null":"NO","Key":"UNI","Default":null,"Extra":""},{"Field":"password","Type":"varchar(255)","Null":"NO","Key":"","Default":null,"Extra":""},{"Field":"role","Type":"enum('user','admin')","Null":"YES","Key":"","Default":"user","Extra":""},{"Field":"verification_code","Type":"varchar(100)","Null":"YES","Key":"","Default":null,"Extra":""},{"Field":"is_verified","Type":"tinyint(1)","Null":"YES","Key":"","Default":"0","Extra":""},{"Field":"created_at","Type":"timestamp","Null":"NO","Key":"","Default":"current_timestamp()","Extra":""},{"Field":"favorite_sport","Type":"varchar(50)","Null":"YES","Key":"","Default":null,"Extra":""},{"Field":"favorite_team","Type":"varchar(50)","Null":"YES","Key":"","Default":null,"Extra":""},{"Field":"account_type","Type":"enum('user','admin')","Null":"YES","Key":"","Default":"user","Extra":""}]
[23-Apr-2025 01:05:34 Europe/Berlin] Number of users in database: 13
[23-Apr-2025 01:05:34 Europe/Berlin] All tables initialized successfully
[23-Apr-2025 01:05:34 Europe/Berlin] Connected to database. Tables found: favorites, feedback, matches, news, newsletter, notifications, subscriptions, users
[23-Apr-2025 01:05:34 Europe/Berlin] Executing SQL: CREATE TABLE IF NOT EXISTS users (
                id INT AUTO_INCREMENT PRIMARY KEY,
                username VARCHAR(50) NOT NULL UNIQUE,
                password VARCHAR(255) NOT NULL,
                email VARCHAR(100) NOT NULL UNIQUE,
                account_type ENUM('user', 'admin') DEFAULT 'user',
                created_at TIMESTAMP DEFAULT CURRENT_TIMESTAMP
            )
[23-Apr-2025 01:05:34 Europe/Berlin] With params: []
[23-Apr-2025 01:05:34 Europe/Berlin] Query executed successfully. Found 0 rows
[23-Apr-2025 01:05:34 Europe/Berlin] Users table created or already exists
[23-Apr-2025 01:05:34 Europe/Berlin] Users table structure: [{"Field":"id","Type":"int(11)","Null":"NO","Key":"PRI","Default":null,"Extra":"auto_increment"},{"Field":"username","Type":"varchar(50)","Null":"NO","Key":"","Default":null,"Extra":""},{"Field":"email","Type":"varchar(100)","Null":"NO","Key":"UNI","Default":null,"Extra":""},{"Field":"password","Type":"varchar(255)","Null":"NO","Key":"","Default":null,"Extra":""},{"Field":"role","Type":"enum('user','admin')","Null":"YES","Key":"","Default":"user","Extra":""},{"Field":"verification_code","Type":"varchar(100)","Null":"YES","Key":"","Default":null,"Extra":""},{"Field":"is_verified","Type":"tinyint(1)","Null":"YES","Key":"","Default":"0","Extra":""},{"Field":"created_at","Type":"timestamp","Null":"NO","Key":"","Default":"current_timestamp()","Extra":""},{"Field":"favorite_sport","Type":"varchar(50)","Null":"YES","Key":"","Default":null,"Extra":""},{"Field":"favorite_team","Type":"varchar(50)","Null":"YES","Key":"","Default":null,"Extra":""},{"Field":"account_type","Type":"enum('user','admin')","Null":"YES","Key":"","Default":"user","Extra":""}]
[23-Apr-2025 01:05:34 Europe/Berlin] Number of users in database: 13
[23-Apr-2025 01:05:34 Europe/Berlin] All tables initialized successfully
[23-Apr-2025 01:05:34 Europe/Berlin] Database tables initialized successfully
[23-Apr-2025 01:05:34 Europe/Berlin] Executing SQL: SELECT * FROM users WHERE id = :id
[23-Apr-2025 01:05:34 Europe/Berlin] With params: {":id":12}
[23-Apr-2025 01:05:34 Europe/Berlin] Query executed successfully. Found 1 rows
[23-Apr-2025 01:05:34 Europe/Berlin] User loaded from session: varunpndey
[23-Apr-2025 01:05:34 Europe/Berlin] Executing SQL: SELECT * FROM users WHERE id = :id
[23-Apr-2025 01:05:34 Europe/Berlin] With params: {":id":12}
[23-Apr-2025 01:05:34 Europe/Berlin] Query executed successfully. Found 1 rows
[23-Apr-2025 01:05:34 Europe/Berlin] Executing SQL: SELECT * FROM news ORDER BY created_at DESC
[23-Apr-2025 01:05:34 Europe/Berlin] With params: []
[23-Apr-2025 01:05:34 Europe/Berlin] Query executed successfully. Found 5 rows
[23-Apr-2025 01:05:34 Europe/Berlin] Executing SQL: SELECT * FROM feedback ORDER BY created_at DESC
[23-Apr-2025 01:05:34 Europe/Berlin] With params: []
[23-Apr-2025 01:05:34 Europe/Berlin] Query executed successfully. Found 10 rows
[23-Apr-2025 01:05:34 Europe/Berlin] Executing SQL: SELECT * FROM matches WHERE status = 'live'
[23-Apr-2025 01:05:34 Europe/Berlin] With params: []
[23-Apr-2025 01:05:34 Europe/Berlin] Query executed successfully. Found 2 rows
[23-Apr-2025 01:05:34 Europe/Berlin] Executing SQL: SELECT * FROM matches WHERE 1=1 ORDER BY match_time DESC
[23-Apr-2025 01:05:34 Europe/Berlin] With params: []
[23-Apr-2025 01:05:34 Europe/Berlin] Query executed successfully. Found 13 rows
[23-Apr-2025 01:05:34 Europe/Berlin] PHP Warning:  Undefined array key "status" in /Applications/XAMPP/xamppfiles/htdocs/sportsync/public/admin.php on line 819
[23-Apr-2025 01:05:34 Europe/Berlin] PHP Warning:  Undefined array key "status" in /Applications/XAMPP/xamppfiles/htdocs/sportsync/public/admin.php on line 820
[23-Apr-2025 01:05:34 Europe/Berlin] PHP Warning:  Undefined array key "status" in /Applications/XAMPP/xamppfiles/htdocs/sportsync/public/admin.php on line 821
[23-Apr-2025 01:05:34 Europe/Berlin] PHP Warning:  Undefined array key "status" in /Applications/XAMPP/xamppfiles/htdocs/sportsync/public/admin.php on line 819
[23-Apr-2025 01:05:34 Europe/Berlin] PHP Warning:  Undefined array key "status" in /Applications/XAMPP/xamppfiles/htdocs/sportsync/public/admin.php on line 820
[23-Apr-2025 01:05:34 Europe/Berlin] PHP Warning:  Undefined array key "status" in /Applications/XAMPP/xamppfiles/htdocs/sportsync/public/admin.php on line 821
[23-Apr-2025 01:05:34 Europe/Berlin] PHP Warning:  Undefined array key "status" in /Applications/XAMPP/xamppfiles/htdocs/sportsync/public/admin.php on line 819
[23-Apr-2025 01:05:34 Europe/Berlin] PHP Warning:  Undefined array key "status" in /Applications/XAMPP/xamppfiles/htdocs/sportsync/public/admin.php on line 820
[23-Apr-2025 01:05:34 Europe/Berlin] PHP Warning:  Undefined array key "status" in /Applications/XAMPP/xamppfiles/htdocs/sportsync/public/admin.php on line 821
[23-Apr-2025 01:05:34 Europe/Berlin] PHP Warning:  Undefined array key "status" in /Applications/XAMPP/xamppfiles/htdocs/sportsync/public/admin.php on line 819
[23-Apr-2025 01:05:34 Europe/Berlin] PHP Warning:  Undefined array key "status" in /Applications/XAMPP/xamppfiles/htdocs/sportsync/public/admin.php on line 820
[23-Apr-2025 01:05:34 Europe/Berlin] PHP Warning:  Undefined array key "status" in /Applications/XAMPP/xamppfiles/htdocs/sportsync/public/admin.php on line 821
[23-Apr-2025 01:05:34 Europe/Berlin] PHP Warning:  Undefined array key "status" in /Applications/XAMPP/xamppfiles/htdocs/sportsync/public/admin.php on line 819
[23-Apr-2025 01:05:34 Europe/Berlin] PHP Warning:  Undefined array key "status" in /Applications/XAMPP/xamppfiles/htdocs/sportsync/public/admin.php on line 820
[23-Apr-2025 01:05:34 Europe/Berlin] PHP Warning:  Undefined array key "status" in /Applications/XAMPP/xamppfiles/htdocs/sportsync/public/admin.php on line 821
[23-Apr-2025 01:05:34 Europe/Berlin] PHP Warning:  Undefined array key "status" in /Applications/XAMPP/xamppfiles/htdocs/sportsync/public/admin.php on line 819
[23-Apr-2025 01:05:34 Europe/Berlin] PHP Warning:  Undefined array key "status" in /Applications/XAMPP/xamppfiles/htdocs/sportsync/public/admin.php on line 820
[23-Apr-2025 01:05:34 Europe/Berlin] PHP Warning:  Undefined array key "status" in /Applications/XAMPP/xamppfiles/htdocs/sportsync/public/admin.php on line 821
[23-Apr-2025 01:05:34 Europe/Berlin] PHP Warning:  Undefined array key "status" in /Applications/XAMPP/xamppfiles/htdocs/sportsync/public/admin.php on line 819
[23-Apr-2025 01:05:34 Europe/Berlin] PHP Warning:  Undefined array key "status" in /Applications/XAMPP/xamppfiles/htdocs/sportsync/public/admin.php on line 820
[23-Apr-2025 01:05:34 Europe/Berlin] PHP Warning:  Undefined array key "status" in /Applications/XAMPP/xamppfiles/htdocs/sportsync/public/admin.php on line 821
[23-Apr-2025 01:05:34 Europe/Berlin] PHP Warning:  Undefined array key "status" in /Applications/XAMPP/xamppfiles/htdocs/sportsync/public/admin.php on line 819
[23-Apr-2025 01:05:34 Europe/Berlin] PHP Warning:  Undefined array key "status" in /Applications/XAMPP/xamppfiles/htdocs/sportsync/public/admin.php on line 820
[23-Apr-2025 01:05:34 Europe/Berlin] PHP Warning:  Undefined array key "status" in /Applications/XAMPP/xamppfiles/htdocs/sportsync/public/admin.php on line 821
[23-Apr-2025 01:05:34 Europe/Berlin] PHP Warning:  Undefined array key "status" in /Applications/XAMPP/xamppfiles/htdocs/sportsync/public/admin.php on line 819
[23-Apr-2025 01:05:34 Europe/Berlin] PHP Warning:  Undefined array key "status" in /Applications/XAMPP/xamppfiles/htdocs/sportsync/public/admin.php on line 820
[23-Apr-2025 01:05:34 Europe/Berlin] PHP Warning:  Undefined array key "status" in /Applications/XAMPP/xamppfiles/htdocs/sportsync/public/admin.php on line 821
[23-Apr-2025 01:05:34 Europe/Berlin] PHP Warning:  Undefined array key "status" in /Applications/XAMPP/xamppfiles/htdocs/sportsync/public/admin.php on line 819
[23-Apr-2025 01:05:34 Europe/Berlin] PHP Warning:  Undefined array key "status" in /Applications/XAMPP/xamppfiles/htdocs/sportsync/public/admin.php on line 820
[23-Apr-2025 01:05:34 Europe/Berlin] PHP Warning:  Undefined array key "status" in /Applications/XAMPP/xamppfiles/htdocs/sportsync/public/admin.php on line 821
[23-Apr-2025 01:05:41 Europe/Berlin] Connected to database. Tables found: favorites, feedback, matches, news, newsletter, notifications, subscriptions, users
[23-Apr-2025 01:05:41 Europe/Berlin] Executing SQL: CREATE TABLE IF NOT EXISTS users (
                id INT AUTO_INCREMENT PRIMARY KEY,
                username VARCHAR(50) NOT NULL UNIQUE,
                password VARCHAR(255) NOT NULL,
                email VARCHAR(100) NOT NULL UNIQUE,
                account_type ENUM('user', 'admin') DEFAULT 'user',
                created_at TIMESTAMP DEFAULT CURRENT_TIMESTAMP
            )
[23-Apr-2025 01:05:41 Europe/Berlin] With params: []
[23-Apr-2025 01:05:41 Europe/Berlin] Query executed successfully. Found 0 rows
[23-Apr-2025 01:05:41 Europe/Berlin] Users table created or already exists
[23-Apr-2025 01:05:41 Europe/Berlin] Users table structure: [{"Field":"id","Type":"int(11)","Null":"NO","Key":"PRI","Default":null,"Extra":"auto_increment"},{"Field":"username","Type":"varchar(50)","Null":"NO","Key":"","Default":null,"Extra":""},{"Field":"email","Type":"varchar(100)","Null":"NO","Key":"UNI","Default":null,"Extra":""},{"Field":"password","Type":"varchar(255)","Null":"NO","Key":"","Default":null,"Extra":""},{"Field":"role","Type":"enum('user','admin')","Null":"YES","Key":"","Default":"user","Extra":""},{"Field":"verification_code","Type":"varchar(100)","Null":"YES","Key":"","Default":null,"Extra":""},{"Field":"is_verified","Type":"tinyint(1)","Null":"YES","Key":"","Default":"0","Extra":""},{"Field":"created_at","Type":"timestamp","Null":"NO","Key":"","Default":"current_timestamp()","Extra":""},{"Field":"favorite_sport","Type":"varchar(50)","Null":"YES","Key":"","Default":null,"Extra":""},{"Field":"favorite_team","Type":"varchar(50)","Null":"YES","Key":"","Default":null,"Extra":""},{"Field":"account_type","Type":"enum('user','admin')","Null":"YES","Key":"","Default":"user","Extra":""}]
[23-Apr-2025 01:05:41 Europe/Berlin] Number of users in database: 13
[23-Apr-2025 01:05:41 Europe/Berlin] All tables initialized successfully
[23-Apr-2025 01:05:41 Europe/Berlin] Connected to database. Tables found: favorites, feedback, matches, news, newsletter, notifications, subscriptions, users
[23-Apr-2025 01:05:41 Europe/Berlin] Executing SQL: CREATE TABLE IF NOT EXISTS users (
                id INT AUTO_INCREMENT PRIMARY KEY,
                username VARCHAR(50) NOT NULL UNIQUE,
                password VARCHAR(255) NOT NULL,
                email VARCHAR(100) NOT NULL UNIQUE,
                account_type ENUM('user', 'admin') DEFAULT 'user',
                created_at TIMESTAMP DEFAULT CURRENT_TIMESTAMP
            )
[23-Apr-2025 01:05:41 Europe/Berlin] With params: []
[23-Apr-2025 01:05:41 Europe/Berlin] Query executed successfully. Found 0 rows
[23-Apr-2025 01:05:41 Europe/Berlin] Users table created or already exists
[23-Apr-2025 01:05:41 Europe/Berlin] Users table structure: [{"Field":"id","Type":"int(11)","Null":"NO","Key":"PRI","Default":null,"Extra":"auto_increment"},{"Field":"username","Type":"varchar(50)","Null":"NO","Key":"","Default":null,"Extra":""},{"Field":"email","Type":"varchar(100)","Null":"NO","Key":"UNI","Default":null,"Extra":""},{"Field":"password","Type":"varchar(255)","Null":"NO","Key":"","Default":null,"Extra":""},{"Field":"role","Type":"enum('user','admin')","Null":"YES","Key":"","Default":"user","Extra":""},{"Field":"verification_code","Type":"varchar(100)","Null":"YES","Key":"","Default":null,"Extra":""},{"Field":"is_verified","Type":"tinyint(1)","Null":"YES","Key":"","Default":"0","Extra":""},{"Field":"created_at","Type":"timestamp","Null":"NO","Key":"","Default":"current_timestamp()","Extra":""},{"Field":"favorite_sport","Type":"varchar(50)","Null":"YES","Key":"","Default":null,"Extra":""},{"Field":"favorite_team","Type":"varchar(50)","Null":"YES","Key":"","Default":null,"Extra":""},{"Field":"account_type","Type":"enum('user','admin')","Null":"YES","Key":"","Default":"user","Extra":""}]
[23-Apr-2025 01:05:41 Europe/Berlin] Number of users in database: 13
[23-Apr-2025 01:05:41 Europe/Berlin] All tables initialized successfully
[23-Apr-2025 01:05:41 Europe/Berlin] Database tables initialized successfully
[23-Apr-2025 01:05:41 Europe/Berlin] Executing SQL: SELECT * FROM users WHERE id = :id
[23-Apr-2025 01:05:41 Europe/Berlin] With params: {":id":12}
[23-Apr-2025 01:05:41 Europe/Berlin] Query executed successfully. Found 1 rows
[23-Apr-2025 01:05:41 Europe/Berlin] User loaded from session: varunpndey
[23-Apr-2025 01:05:41 Europe/Berlin] Executing SQL: SELECT * FROM users WHERE id = :id
[23-Apr-2025 01:05:41 Europe/Berlin] With params: {":id":12}
[23-Apr-2025 01:05:41 Europe/Berlin] Query executed successfully. Found 1 rows
[23-Apr-2025 01:05:41 Europe/Berlin] PHP Warning:  Undefined array key "team1" in /Applications/XAMPP/xamppfiles/htdocs/sportsync/public/admin.php on line 52
[23-Apr-2025 01:05:41 Europe/Berlin] PHP Warning:  Undefined array key "team2" in /Applications/XAMPP/xamppfiles/htdocs/sportsync/public/admin.php on line 53
[23-Apr-2025 01:05:41 Europe/Berlin] PHP Warning:  Undefined array key "team1_flag" in /Applications/XAMPP/xamppfiles/htdocs/sportsync/public/admin.php on line 54
[23-Apr-2025 01:05:41 Europe/Berlin] PHP Warning:  Undefined array key "team2_flag" in /Applications/XAMPP/xamppfiles/htdocs/sportsync/public/admin.php on line 55
[23-Apr-2025 01:05:41 Europe/Berlin] PHP Warning:  Undefined array key "venue" in /Applications/XAMPP/xamppfiles/htdocs/sportsync/public/admin.php on line 56
[23-Apr-2025 01:05:41 Europe/Berlin] PHP Warning:  Undefined array key "match_time" in /Applications/XAMPP/xamppfiles/htdocs/sportsync/public/admin.php on line 57
[23-Apr-2025 01:05:41 Europe/Berlin] PHP Warning:  Undefined array key "sport" in /Applications/XAMPP/xamppfiles/htdocs/sportsync/public/admin.php on line 58
[23-Apr-2025 01:05:41 Europe/Berlin] PHP Warning:  Undefined array key "status" in /Applications/XAMPP/xamppfiles/htdocs/sportsync/public/admin.php on line 59
[23-Apr-2025 01:05:41 Europe/Berlin] PHP Warning:  Undefined array key "sport" in /Applications/XAMPP/xamppfiles/htdocs/sportsync/public/admin.php on line 65
[23-Apr-2025 01:05:41 Europe/Berlin] PHP Warning:  Undefined array key "sport" in /Applications/XAMPP/xamppfiles/htdocs/sportsync/public/admin.php on line 73
[23-Apr-2025 01:05:41 Europe/Berlin] Executing SQL: UPDATE matches SET team1_score = :team1_score, team2_score = :team2_score WHERE id = :id
[23-Apr-2025 01:05:41 Europe/Berlin] With params: {":id":"14",":team1_score":"244",":team2_score":"243"}
[23-Apr-2025 01:05:41 Europe/Berlin] Query executed successfully. Found 0 rows
[23-Apr-2025 01:05:41 Europe/Berlin] Executing SQL: SELECT * FROM news ORDER BY created_at DESC
[23-Apr-2025 01:05:41 Europe/Berlin] With params: []
[23-Apr-2025 01:05:41 Europe/Berlin] Query executed successfully. Found 5 rows
[23-Apr-2025 01:05:41 Europe/Berlin] Executing SQL: SELECT * FROM feedback ORDER BY created_at DESC
[23-Apr-2025 01:05:41 Europe/Berlin] With params: []
[23-Apr-2025 01:05:41 Europe/Berlin] Query executed successfully. Found 10 rows
[23-Apr-2025 01:05:41 Europe/Berlin] Executing SQL: SELECT * FROM matches WHERE status = 'live'
[23-Apr-2025 01:05:41 Europe/Berlin] With params: []
[23-Apr-2025 01:05:41 Europe/Berlin] Query executed successfully. Found 2 rows
[23-Apr-2025 01:05:41 Europe/Berlin] Executing SQL: SELECT * FROM matches WHERE 1=1 ORDER BY match_time DESC
[23-Apr-2025 01:05:41 Europe/Berlin] With params: []
[23-Apr-2025 01:05:41 Europe/Berlin] Query executed successfully. Found 13 rows
[23-Apr-2025 01:05:41 Europe/Berlin] PHP Warning:  Undefined array key "status" in /Applications/XAMPP/xamppfiles/htdocs/sportsync/public/admin.php on line 819
[23-Apr-2025 01:05:41 Europe/Berlin] PHP Warning:  Undefined array key "status" in /Applications/XAMPP/xamppfiles/htdocs/sportsync/public/admin.php on line 820
[23-Apr-2025 01:05:41 Europe/Berlin] PHP Warning:  Undefined array key "status" in /Applications/XAMPP/xamppfiles/htdocs/sportsync/public/admin.php on line 821
[23-Apr-2025 01:05:41 Europe/Berlin] PHP Warning:  Undefined array key "status" in /Applications/XAMPP/xamppfiles/htdocs/sportsync/public/admin.php on line 819
[23-Apr-2025 01:05:41 Europe/Berlin] PHP Warning:  Undefined array key "status" in /Applications/XAMPP/xamppfiles/htdocs/sportsync/public/admin.php on line 820
[23-Apr-2025 01:05:41 Europe/Berlin] PHP Warning:  Undefined array key "status" in /Applications/XAMPP/xamppfiles/htdocs/sportsync/public/admin.php on line 821
[23-Apr-2025 01:05:41 Europe/Berlin] PHP Warning:  Undefined array key "status" in /Applications/XAMPP/xamppfiles/htdocs/sportsync/public/admin.php on line 819
[23-Apr-2025 01:05:41 Europe/Berlin] PHP Warning:  Undefined array key "status" in /Applications/XAMPP/xamppfiles/htdocs/sportsync/public/admin.php on line 820
[23-Apr-2025 01:05:41 Europe/Berlin] PHP Warning:  Undefined array key "status" in /Applications/XAMPP/xamppfiles/htdocs/sportsync/public/admin.php on line 821
[23-Apr-2025 01:05:41 Europe/Berlin] PHP Warning:  Undefined array key "status" in /Applications/XAMPP/xamppfiles/htdocs/sportsync/public/admin.php on line 819
[23-Apr-2025 01:05:41 Europe/Berlin] PHP Warning:  Undefined array key "status" in /Applications/XAMPP/xamppfiles/htdocs/sportsync/public/admin.php on line 820
[23-Apr-2025 01:05:41 Europe/Berlin] PHP Warning:  Undefined array key "status" in /Applications/XAMPP/xamppfiles/htdocs/sportsync/public/admin.php on line 821
[23-Apr-2025 01:05:41 Europe/Berlin] PHP Warning:  Undefined array key "status" in /Applications/XAMPP/xamppfiles/htdocs/sportsync/public/admin.php on line 819
[23-Apr-2025 01:05:41 Europe/Berlin] PHP Warning:  Undefined array key "status" in /Applications/XAMPP/xamppfiles/htdocs/sportsync/public/admin.php on line 820
[23-Apr-2025 01:05:41 Europe/Berlin] PHP Warning:  Undefined array key "status" in /Applications/XAMPP/xamppfiles/htdocs/sportsync/public/admin.php on line 821
[23-Apr-2025 01:05:41 Europe/Berlin] PHP Warning:  Undefined array key "status" in /Applications/XAMPP/xamppfiles/htdocs/sportsync/public/admin.php on line 819
[23-Apr-2025 01:05:41 Europe/Berlin] PHP Warning:  Undefined array key "status" in /Applications/XAMPP/xamppfiles/htdocs/sportsync/public/admin.php on line 820
[23-Apr-2025 01:05:41 Europe/Berlin] PHP Warning:  Undefined array key "status" in /Applications/XAMPP/xamppfiles/htdocs/sportsync/public/admin.php on line 821
[23-Apr-2025 01:05:41 Europe/Berlin] PHP Warning:  Undefined array key "status" in /Applications/XAMPP/xamppfiles/htdocs/sportsync/public/admin.php on line 819
[23-Apr-2025 01:05:41 Europe/Berlin] PHP Warning:  Undefined array key "status" in /Applications/XAMPP/xamppfiles/htdocs/sportsync/public/admin.php on line 820
[23-Apr-2025 01:05:41 Europe/Berlin] PHP Warning:  Undefined array key "status" in /Applications/XAMPP/xamppfiles/htdocs/sportsync/public/admin.php on line 821
[23-Apr-2025 01:05:41 Europe/Berlin] PHP Warning:  Undefined array key "status" in /Applications/XAMPP/xamppfiles/htdocs/sportsync/public/admin.php on line 819
[23-Apr-2025 01:05:41 Europe/Berlin] PHP Warning:  Undefined array key "status" in /Applications/XAMPP/xamppfiles/htdocs/sportsync/public/admin.php on line 820
[23-Apr-2025 01:05:41 Europe/Berlin] PHP Warning:  Undefined array key "status" in /Applications/XAMPP/xamppfiles/htdocs/sportsync/public/admin.php on line 821
[23-Apr-2025 01:05:41 Europe/Berlin] PHP Warning:  Undefined array key "status" in /Applications/XAMPP/xamppfiles/htdocs/sportsync/public/admin.php on line 819
[23-Apr-2025 01:05:41 Europe/Berlin] PHP Warning:  Undefined array key "status" in /Applications/XAMPP/xamppfiles/htdocs/sportsync/public/admin.php on line 820
[23-Apr-2025 01:05:41 Europe/Berlin] PHP Warning:  Undefined array key "status" in /Applications/XAMPP/xamppfiles/htdocs/sportsync/public/admin.php on line 821
[23-Apr-2025 01:05:41 Europe/Berlin] PHP Warning:  Undefined array key "status" in /Applications/XAMPP/xamppfiles/htdocs/sportsync/public/admin.php on line 819
[23-Apr-2025 01:05:41 Europe/Berlin] PHP Warning:  Undefined array key "status" in /Applications/XAMPP/xamppfiles/htdocs/sportsync/public/admin.php on line 820
[23-Apr-2025 01:05:41 Europe/Berlin] PHP Warning:  Undefined array key "status" in /Applications/XAMPP/xamppfiles/htdocs/sportsync/public/admin.php on line 821
[23-Apr-2025 01:05:55 Europe/Berlin] Connected to database. Tables found: favorites, feedback, matches, news, newsletter, notifications, subscriptions, users
[23-Apr-2025 01:05:55 Europe/Berlin] Executing SQL: CREATE TABLE IF NOT EXISTS users (
                id INT AUTO_INCREMENT PRIMARY KEY,
                username VARCHAR(50) NOT NULL UNIQUE,
                password VARCHAR(255) NOT NULL,
                email VARCHAR(100) NOT NULL UNIQUE,
                account_type ENUM('user', 'admin') DEFAULT 'user',
                created_at TIMESTAMP DEFAULT CURRENT_TIMESTAMP
            )
[23-Apr-2025 01:05:55 Europe/Berlin] With params: []
[23-Apr-2025 01:05:55 Europe/Berlin] Query executed successfully. Found 0 rows
[23-Apr-2025 01:05:55 Europe/Berlin] Users table created or already exists
[23-Apr-2025 01:05:55 Europe/Berlin] Users table structure: [{"Field":"id","Type":"int(11)","Null":"NO","Key":"PRI","Default":null,"Extra":"auto_increment"},{"Field":"username","Type":"varchar(50)","Null":"NO","Key":"","Default":null,"Extra":""},{"Field":"email","Type":"varchar(100)","Null":"NO","Key":"UNI","Default":null,"Extra":""},{"Field":"password","Type":"varchar(255)","Null":"NO","Key":"","Default":null,"Extra":""},{"Field":"role","Type":"enum('user','admin')","Null":"YES","Key":"","Default":"user","Extra":""},{"Field":"verification_code","Type":"varchar(100)","Null":"YES","Key":"","Default":null,"Extra":""},{"Field":"is_verified","Type":"tinyint(1)","Null":"YES","Key":"","Default":"0","Extra":""},{"Field":"created_at","Type":"timestamp","Null":"NO","Key":"","Default":"current_timestamp()","Extra":""},{"Field":"favorite_sport","Type":"varchar(50)","Null":"YES","Key":"","Default":null,"Extra":""},{"Field":"favorite_team","Type":"varchar(50)","Null":"YES","Key":"","Default":null,"Extra":""},{"Field":"account_type","Type":"enum('user','admin')","Null":"YES","Key":"","Default":"user","Extra":""}]
[23-Apr-2025 01:05:55 Europe/Berlin] Number of users in database: 13
[23-Apr-2025 01:05:55 Europe/Berlin] All tables initialized successfully
[23-Apr-2025 01:05:55 Europe/Berlin] Connected to database. Tables found: favorites, feedback, matches, news, newsletter, notifications, subscriptions, users
[23-Apr-2025 01:05:55 Europe/Berlin] Executing SQL: CREATE TABLE IF NOT EXISTS users (
                id INT AUTO_INCREMENT PRIMARY KEY,
                username VARCHAR(50) NOT NULL UNIQUE,
                password VARCHAR(255) NOT NULL,
                email VARCHAR(100) NOT NULL UNIQUE,
                account_type ENUM('user', 'admin') DEFAULT 'user',
                created_at TIMESTAMP DEFAULT CURRENT_TIMESTAMP
            )
[23-Apr-2025 01:05:55 Europe/Berlin] With params: []
[23-Apr-2025 01:05:55 Europe/Berlin] Query executed successfully. Found 0 rows
[23-Apr-2025 01:05:55 Europe/Berlin] Users table created or already exists
[23-Apr-2025 01:05:55 Europe/Berlin] Users table structure: [{"Field":"id","Type":"int(11)","Null":"NO","Key":"PRI","Default":null,"Extra":"auto_increment"},{"Field":"username","Type":"varchar(50)","Null":"NO","Key":"","Default":null,"Extra":""},{"Field":"email","Type":"varchar(100)","Null":"NO","Key":"UNI","Default":null,"Extra":""},{"Field":"password","Type":"varchar(255)","Null":"NO","Key":"","Default":null,"Extra":""},{"Field":"role","Type":"enum('user','admin')","Null":"YES","Key":"","Default":"user","Extra":""},{"Field":"verification_code","Type":"varchar(100)","Null":"YES","Key":"","Default":null,"Extra":""},{"Field":"is_verified","Type":"tinyint(1)","Null":"YES","Key":"","Default":"0","Extra":""},{"Field":"created_at","Type":"timestamp","Null":"NO","Key":"","Default":"current_timestamp()","Extra":""},{"Field":"favorite_sport","Type":"varchar(50)","Null":"YES","Key":"","Default":null,"Extra":""},{"Field":"favorite_team","Type":"varchar(50)","Null":"YES","Key":"","Default":null,"Extra":""},{"Field":"account_type","Type":"enum('user','admin')","Null":"YES","Key":"","Default":"user","Extra":""}]
[23-Apr-2025 01:05:55 Europe/Berlin] Number of users in database: 13
[23-Apr-2025 01:05:55 Europe/Berlin] All tables initialized successfully
[23-Apr-2025 01:05:55 Europe/Berlin] Database tables initialized successfully
[23-Apr-2025 01:05:55 Europe/Berlin] Executing SQL: SELECT * FROM users WHERE id = :id
[23-Apr-2025 01:05:55 Europe/Berlin] With params: {":id":12}
[23-Apr-2025 01:05:55 Europe/Berlin] Query executed successfully. Found 1 rows
[23-Apr-2025 01:05:55 Europe/Berlin] User loaded from session: varunpndey
[23-Apr-2025 01:05:55 Europe/Berlin] Executing SQL: SELECT * FROM users WHERE id = :id
[23-Apr-2025 01:05:55 Europe/Berlin] With params: {":id":12}
[23-Apr-2025 01:05:55 Europe/Berlin] Query executed successfully. Found 1 rows
[23-Apr-2025 01:05:55 Europe/Berlin] PHP Warning:  Undefined array key "team1" in /Applications/XAMPP/xamppfiles/htdocs/sportsync/public/admin.php on line 52
[23-Apr-2025 01:05:55 Europe/Berlin] PHP Warning:  Undefined array key "team2" in /Applications/XAMPP/xamppfiles/htdocs/sportsync/public/admin.php on line 53
[23-Apr-2025 01:05:55 Europe/Berlin] PHP Warning:  Undefined array key "team1_flag" in /Applications/XAMPP/xamppfiles/htdocs/sportsync/public/admin.php on line 54
[23-Apr-2025 01:05:55 Europe/Berlin] PHP Warning:  Undefined array key "team2_flag" in /Applications/XAMPP/xamppfiles/htdocs/sportsync/public/admin.php on line 55
[23-Apr-2025 01:05:55 Europe/Berlin] PHP Warning:  Undefined array key "venue" in /Applications/XAMPP/xamppfiles/htdocs/sportsync/public/admin.php on line 56
[23-Apr-2025 01:05:55 Europe/Berlin] PHP Warning:  Undefined array key "match_time" in /Applications/XAMPP/xamppfiles/htdocs/sportsync/public/admin.php on line 57
[23-Apr-2025 01:05:55 Europe/Berlin] PHP Warning:  Undefined array key "sport" in /Applications/XAMPP/xamppfiles/htdocs/sportsync/public/admin.php on line 58
[23-Apr-2025 01:05:55 Europe/Berlin] PHP Warning:  Undefined array key "status" in /Applications/XAMPP/xamppfiles/htdocs/sportsync/public/admin.php on line 59
[23-Apr-2025 01:05:55 Europe/Berlin] PHP Warning:  Undefined array key "sport" in /Applications/XAMPP/xamppfiles/htdocs/sportsync/public/admin.php on line 65
[23-Apr-2025 01:05:55 Europe/Berlin] PHP Warning:  Undefined array key "sport" in /Applications/XAMPP/xamppfiles/htdocs/sportsync/public/admin.php on line 73
[23-Apr-2025 01:05:55 Europe/Berlin] Executing SQL: UPDATE matches SET team1_score = :team1_score, team2_score = :team2_score WHERE id = :id
[23-Apr-2025 01:05:55 Europe/Berlin] With params: {":id":"17",":team1_score":"4",":team2_score":"3"}
[23-Apr-2025 01:05:55 Europe/Berlin] Query executed successfully. Found 0 rows
[23-Apr-2025 01:05:55 Europe/Berlin] Executing SQL: SELECT * FROM news ORDER BY created_at DESC
[23-Apr-2025 01:05:55 Europe/Berlin] With params: []
[23-Apr-2025 01:05:55 Europe/Berlin] Query executed successfully. Found 5 rows
[23-Apr-2025 01:05:55 Europe/Berlin] Executing SQL: SELECT * FROM feedback ORDER BY created_at DESC
[23-Apr-2025 01:05:55 Europe/Berlin] With params: []
[23-Apr-2025 01:05:55 Europe/Berlin] Query executed successfully. Found 10 rows
[23-Apr-2025 01:05:55 Europe/Berlin] Executing SQL: SELECT * FROM matches WHERE status = 'live'
[23-Apr-2025 01:05:55 Europe/Berlin] With params: []
[23-Apr-2025 01:05:55 Europe/Berlin] Query executed successfully. Found 2 rows
[23-Apr-2025 01:05:55 Europe/Berlin] Executing SQL: SELECT * FROM matches WHERE 1=1 ORDER BY match_time DESC
[23-Apr-2025 01:05:55 Europe/Berlin] With params: []
[23-Apr-2025 01:05:55 Europe/Berlin] Query executed successfully. Found 13 rows
[23-Apr-2025 01:05:55 Europe/Berlin] PHP Warning:  Undefined array key "status" in /Applications/XAMPP/xamppfiles/htdocs/sportsync/public/admin.php on line 819
[23-Apr-2025 01:05:55 Europe/Berlin] PHP Warning:  Undefined array key "status" in /Applications/XAMPP/xamppfiles/htdocs/sportsync/public/admin.php on line 820
[23-Apr-2025 01:05:55 Europe/Berlin] PHP Warning:  Undefined array key "status" in /Applications/XAMPP/xamppfiles/htdocs/sportsync/public/admin.php on line 821
[23-Apr-2025 01:05:55 Europe/Berlin] PHP Warning:  Undefined array key "status" in /Applications/XAMPP/xamppfiles/htdocs/sportsync/public/admin.php on line 819
[23-Apr-2025 01:05:55 Europe/Berlin] PHP Warning:  Undefined array key "status" in /Applications/XAMPP/xamppfiles/htdocs/sportsync/public/admin.php on line 820
[23-Apr-2025 01:05:55 Europe/Berlin] PHP Warning:  Undefined array key "status" in /Applications/XAMPP/xamppfiles/htdocs/sportsync/public/admin.php on line 821
[23-Apr-2025 01:05:55 Europe/Berlin] PHP Warning:  Undefined array key "status" in /Applications/XAMPP/xamppfiles/htdocs/sportsync/public/admin.php on line 819
[23-Apr-2025 01:05:55 Europe/Berlin] PHP Warning:  Undefined array key "status" in /Applications/XAMPP/xamppfiles/htdocs/sportsync/public/admin.php on line 820
[23-Apr-2025 01:05:55 Europe/Berlin] PHP Warning:  Undefined array key "status" in /Applications/XAMPP/xamppfiles/htdocs/sportsync/public/admin.php on line 821
[23-Apr-2025 01:05:55 Europe/Berlin] PHP Warning:  Undefined array key "status" in /Applications/XAMPP/xamppfiles/htdocs/sportsync/public/admin.php on line 819
[23-Apr-2025 01:05:55 Europe/Berlin] PHP Warning:  Undefined array key "status" in /Applications/XAMPP/xamppfiles/htdocs/sportsync/public/admin.php on line 820
[23-Apr-2025 01:05:55 Europe/Berlin] PHP Warning:  Undefined array key "status" in /Applications/XAMPP/xamppfiles/htdocs/sportsync/public/admin.php on line 821
[23-Apr-2025 01:05:55 Europe/Berlin] PHP Warning:  Undefined array key "status" in /Applications/XAMPP/xamppfiles/htdocs/sportsync/public/admin.php on line 819
[23-Apr-2025 01:05:55 Europe/Berlin] PHP Warning:  Undefined array key "status" in /Applications/XAMPP/xamppfiles/htdocs/sportsync/public/admin.php on line 820
[23-Apr-2025 01:05:55 Europe/Berlin] PHP Warning:  Undefined array key "status" in /Applications/XAMPP/xamppfiles/htdocs/sportsync/public/admin.php on line 821
[23-Apr-2025 01:05:55 Europe/Berlin] PHP Warning:  Undefined array key "status" in /Applications/XAMPP/xamppfiles/htdocs/sportsync/public/admin.php on line 819
[23-Apr-2025 01:05:55 Europe/Berlin] PHP Warning:  Undefined array key "status" in /Applications/XAMPP/xamppfiles/htdocs/sportsync/public/admin.php on line 820
[23-Apr-2025 01:05:55 Europe/Berlin] PHP Warning:  Undefined array key "status" in /Applications/XAMPP/xamppfiles/htdocs/sportsync/public/admin.php on line 821
[23-Apr-2025 01:05:55 Europe/Berlin] PHP Warning:  Undefined array key "status" in /Applications/XAMPP/xamppfiles/htdocs/sportsync/public/admin.php on line 819
[23-Apr-2025 01:05:55 Europe/Berlin] PHP Warning:  Undefined array key "status" in /Applications/XAMPP/xamppfiles/htdocs/sportsync/public/admin.php on line 820
[23-Apr-2025 01:05:55 Europe/Berlin] PHP Warning:  Undefined array key "status" in /Applications/XAMPP/xamppfiles/htdocs/sportsync/public/admin.php on line 821
[23-Apr-2025 01:05:55 Europe/Berlin] PHP Warning:  Undefined array key "status" in /Applications/XAMPP/xamppfiles/htdocs/sportsync/public/admin.php on line 819
[23-Apr-2025 01:05:55 Europe/Berlin] PHP Warning:  Undefined array key "status" in /Applications/XAMPP/xamppfiles/htdocs/sportsync/public/admin.php on line 820
[23-Apr-2025 01:05:55 Europe/Berlin] PHP Warning:  Undefined array key "status" in /Applications/XAMPP/xamppfiles/htdocs/sportsync/public/admin.php on line 821
[23-Apr-2025 01:05:55 Europe/Berlin] PHP Warning:  Undefined array key "status" in /Applications/XAMPP/xamppfiles/htdocs/sportsync/public/admin.php on line 819
[23-Apr-2025 01:05:55 Europe/Berlin] PHP Warning:  Undefined array key "status" in /Applications/XAMPP/xamppfiles/htdocs/sportsync/public/admin.php on line 820
[23-Apr-2025 01:05:55 Europe/Berlin] PHP Warning:  Undefined array key "status" in /Applications/XAMPP/xamppfiles/htdocs/sportsync/public/admin.php on line 821
[23-Apr-2025 01:05:55 Europe/Berlin] PHP Warning:  Undefined array key "status" in /Applications/XAMPP/xamppfiles/htdocs/sportsync/public/admin.php on line 819
[23-Apr-2025 01:05:55 Europe/Berlin] PHP Warning:  Undefined array key "status" in /Applications/XAMPP/xamppfiles/htdocs/sportsync/public/admin.php on line 820
[23-Apr-2025 01:05:55 Europe/Berlin] PHP Warning:  Undefined array key "status" in /Applications/XAMPP/xamppfiles/htdocs/sportsync/public/admin.php on line 821
[23-Apr-2025 01:06:01 Europe/Berlin] Connected to database. Tables found: favorites, feedback, matches, news, newsletter, notifications, subscriptions, users
[23-Apr-2025 01:06:01 Europe/Berlin] Executing SQL: CREATE TABLE IF NOT EXISTS users (
                id INT AUTO_INCREMENT PRIMARY KEY,
                username VARCHAR(50) NOT NULL UNIQUE,
                password VARCHAR(255) NOT NULL,
                email VARCHAR(100) NOT NULL UNIQUE,
                account_type ENUM('user', 'admin') DEFAULT 'user',
                created_at TIMESTAMP DEFAULT CURRENT_TIMESTAMP
            )
[23-Apr-2025 01:06:01 Europe/Berlin] With params: []
[23-Apr-2025 01:06:01 Europe/Berlin] Query executed successfully. Found 0 rows
[23-Apr-2025 01:06:01 Europe/Berlin] Users table created or already exists
[23-Apr-2025 01:06:01 Europe/Berlin] Users table structure: [{"Field":"id","Type":"int(11)","Null":"NO","Key":"PRI","Default":null,"Extra":"auto_increment"},{"Field":"username","Type":"varchar(50)","Null":"NO","Key":"","Default":null,"Extra":""},{"Field":"email","Type":"varchar(100)","Null":"NO","Key":"UNI","Default":null,"Extra":""},{"Field":"password","Type":"varchar(255)","Null":"NO","Key":"","Default":null,"Extra":""},{"Field":"role","Type":"enum('user','admin')","Null":"YES","Key":"","Default":"user","Extra":""},{"Field":"verification_code","Type":"varchar(100)","Null":"YES","Key":"","Default":null,"Extra":""},{"Field":"is_verified","Type":"tinyint(1)","Null":"YES","Key":"","Default":"0","Extra":""},{"Field":"created_at","Type":"timestamp","Null":"NO","Key":"","Default":"current_timestamp()","Extra":""},{"Field":"favorite_sport","Type":"varchar(50)","Null":"YES","Key":"","Default":null,"Extra":""},{"Field":"favorite_team","Type":"varchar(50)","Null":"YES","Key":"","Default":null,"Extra":""},{"Field":"account_type","Type":"enum('user','admin')","Null":"YES","Key":"","Default":"user","Extra":""}]
[23-Apr-2025 01:06:01 Europe/Berlin] Number of users in database: 13
[23-Apr-2025 01:06:01 Europe/Berlin] All tables initialized successfully
[23-Apr-2025 01:06:01 Europe/Berlin] Connected to database. Tables found: favorites, feedback, matches, news, newsletter, notifications, subscriptions, users
[23-Apr-2025 01:06:01 Europe/Berlin] Executing SQL: CREATE TABLE IF NOT EXISTS users (
                id INT AUTO_INCREMENT PRIMARY KEY,
                username VARCHAR(50) NOT NULL UNIQUE,
                password VARCHAR(255) NOT NULL,
                email VARCHAR(100) NOT NULL UNIQUE,
                account_type ENUM('user', 'admin') DEFAULT 'user',
                created_at TIMESTAMP DEFAULT CURRENT_TIMESTAMP
            )
[23-Apr-2025 01:06:01 Europe/Berlin] With params: []
[23-Apr-2025 01:06:01 Europe/Berlin] Query executed successfully. Found 0 rows
[23-Apr-2025 01:06:01 Europe/Berlin] Users table created or already exists
[23-Apr-2025 01:06:01 Europe/Berlin] Users table structure: [{"Field":"id","Type":"int(11)","Null":"NO","Key":"PRI","Default":null,"Extra":"auto_increment"},{"Field":"username","Type":"varchar(50)","Null":"NO","Key":"","Default":null,"Extra":""},{"Field":"email","Type":"varchar(100)","Null":"NO","Key":"UNI","Default":null,"Extra":""},{"Field":"password","Type":"varchar(255)","Null":"NO","Key":"","Default":null,"Extra":""},{"Field":"role","Type":"enum('user','admin')","Null":"YES","Key":"","Default":"user","Extra":""},{"Field":"verification_code","Type":"varchar(100)","Null":"YES","Key":"","Default":null,"Extra":""},{"Field":"is_verified","Type":"tinyint(1)","Null":"YES","Key":"","Default":"0","Extra":""},{"Field":"created_at","Type":"timestamp","Null":"NO","Key":"","Default":"current_timestamp()","Extra":""},{"Field":"favorite_sport","Type":"varchar(50)","Null":"YES","Key":"","Default":null,"Extra":""},{"Field":"favorite_team","Type":"varchar(50)","Null":"YES","Key":"","Default":null,"Extra":""},{"Field":"account_type","Type":"enum('user','admin')","Null":"YES","Key":"","Default":"user","Extra":""}]
[23-Apr-2025 01:06:01 Europe/Berlin] Number of users in database: 13
[23-Apr-2025 01:06:01 Europe/Berlin] All tables initialized successfully
[23-Apr-2025 01:06:01 Europe/Berlin] Database tables initialized successfully
[23-Apr-2025 01:06:01 Europe/Berlin] Executing SQL: SELECT * FROM users WHERE id = :id
[23-Apr-2025 01:06:01 Europe/Berlin] With params: {":id":12}
[23-Apr-2025 01:06:01 Europe/Berlin] Query executed successfully. Found 1 rows
[23-Apr-2025 01:06:01 Europe/Berlin] User loaded from session: varunpndey
[23-Apr-2025 01:06:01 Europe/Berlin] Header - Session status: 2
[23-Apr-2025 01:06:01 Europe/Berlin] Header - Session data: {"user_id":12,"username":"varunpndey","email":"va@gmail.com","account_type":"admin"}
[23-Apr-2025 01:06:01 Europe/Berlin] Header - After session start - Status: 2
[23-Apr-2025 01:06:01 Europe/Berlin] Header - After session start - Data: {"user_id":12,"username":"varunpndey","email":"va@gmail.com","account_type":"admin"}
[23-Apr-2025 01:06:01 Europe/Berlin] Header - Is logged in: Yes
[23-Apr-2025 01:06:01 Europe/Berlin] Executing SQL: SELECT * FROM news ORDER BY created_at DESC LIMIT 5
[23-Apr-2025 01:06:01 Europe/Berlin] With params: []
[23-Apr-2025 01:06:01 Europe/Berlin] Query executed successfully. Found 5 rows
[23-Apr-2025 01:06:01 Europe/Berlin] Executing SQL: SELECT * FROM matches WHERE status = 'live'
[23-Apr-2025 01:06:01 Europe/Berlin] With params: []
[23-Apr-2025 01:06:01 Europe/Berlin] Query executed successfully. Found 2 rows
[23-Apr-2025 01:06:01 Europe/Berlin] Executing SQL: SELECT COUNT(*) as count FROM favorites 
                    WHERE user_id = :user_id AND match_id = :match_id
[23-Apr-2025 01:06:01 Europe/Berlin] With params: {":user_id":12,":match_id":11}
[23-Apr-2025 01:06:01 Europe/Berlin] Query executed successfully. Found 1 rows
[23-Apr-2025 01:06:01 Europe/Berlin] Executing SQL: SELECT COUNT(*) as count FROM favorites 
                    WHERE user_id = :user_id AND match_id = :match_id
[23-Apr-2025 01:06:01 Europe/Berlin] With params: {":user_id":12,":match_id":17}
[23-Apr-2025 01:06:01 Europe/Berlin] Query executed successfully. Found 1 rows
[23-Apr-2025 01:06:07 Europe/Berlin] Connected to database. Tables found: favorites, feedback, matches, news, newsletter, notifications, subscriptions, users
[23-Apr-2025 01:06:07 Europe/Berlin] Executing SQL: CREATE TABLE IF NOT EXISTS users (
                id INT AUTO_INCREMENT PRIMARY KEY,
                username VARCHAR(50) NOT NULL UNIQUE,
                password VARCHAR(255) NOT NULL,
                email VARCHAR(100) NOT NULL UNIQUE,
                account_type ENUM('user', 'admin') DEFAULT 'user',
                created_at TIMESTAMP DEFAULT CURRENT_TIMESTAMP
            )
[23-Apr-2025 01:06:07 Europe/Berlin] With params: []
[23-Apr-2025 01:06:07 Europe/Berlin] Query executed successfully. Found 0 rows
[23-Apr-2025 01:06:07 Europe/Berlin] Users table created or already exists
[23-Apr-2025 01:06:07 Europe/Berlin] Users table structure: [{"Field":"id","Type":"int(11)","Null":"NO","Key":"PRI","Default":null,"Extra":"auto_increment"},{"Field":"username","Type":"varchar(50)","Null":"NO","Key":"","Default":null,"Extra":""},{"Field":"email","Type":"varchar(100)","Null":"NO","Key":"UNI","Default":null,"Extra":""},{"Field":"password","Type":"varchar(255)","Null":"NO","Key":"","Default":null,"Extra":""},{"Field":"role","Type":"enum('user','admin')","Null":"YES","Key":"","Default":"user","Extra":""},{"Field":"verification_code","Type":"varchar(100)","Null":"YES","Key":"","Default":null,"Extra":""},{"Field":"is_verified","Type":"tinyint(1)","Null":"YES","Key":"","Default":"0","Extra":""},{"Field":"created_at","Type":"timestamp","Null":"NO","Key":"","Default":"current_timestamp()","Extra":""},{"Field":"favorite_sport","Type":"varchar(50)","Null":"YES","Key":"","Default":null,"Extra":""},{"Field":"favorite_team","Type":"varchar(50)","Null":"YES","Key":"","Default":null,"Extra":""},{"Field":"account_type","Type":"enum('user','admin')","Null":"YES","Key":"","Default":"user","Extra":""}]
[23-Apr-2025 01:06:07 Europe/Berlin] Number of users in database: 13
[23-Apr-2025 01:06:07 Europe/Berlin] All tables initialized successfully
[23-Apr-2025 01:06:07 Europe/Berlin] Connected to database. Tables found: favorites, feedback, matches, news, newsletter, notifications, subscriptions, users
[23-Apr-2025 01:06:07 Europe/Berlin] Executing SQL: CREATE TABLE IF NOT EXISTS users (
                id INT AUTO_INCREMENT PRIMARY KEY,
                username VARCHAR(50) NOT NULL UNIQUE,
                password VARCHAR(255) NOT NULL,
                email VARCHAR(100) NOT NULL UNIQUE,
                account_type ENUM('user', 'admin') DEFAULT 'user',
                created_at TIMESTAMP DEFAULT CURRENT_TIMESTAMP
            )
[23-Apr-2025 01:06:07 Europe/Berlin] With params: []
[23-Apr-2025 01:06:07 Europe/Berlin] Query executed successfully. Found 0 rows
[23-Apr-2025 01:06:07 Europe/Berlin] Users table created or already exists
[23-Apr-2025 01:06:07 Europe/Berlin] Users table structure: [{"Field":"id","Type":"int(11)","Null":"NO","Key":"PRI","Default":null,"Extra":"auto_increment"},{"Field":"username","Type":"varchar(50)","Null":"NO","Key":"","Default":null,"Extra":""},{"Field":"email","Type":"varchar(100)","Null":"NO","Key":"UNI","Default":null,"Extra":""},{"Field":"password","Type":"varchar(255)","Null":"NO","Key":"","Default":null,"Extra":""},{"Field":"role","Type":"enum('user','admin')","Null":"YES","Key":"","Default":"user","Extra":""},{"Field":"verification_code","Type":"varchar(100)","Null":"YES","Key":"","Default":null,"Extra":""},{"Field":"is_verified","Type":"tinyint(1)","Null":"YES","Key":"","Default":"0","Extra":""},{"Field":"created_at","Type":"timestamp","Null":"NO","Key":"","Default":"current_timestamp()","Extra":""},{"Field":"favorite_sport","Type":"varchar(50)","Null":"YES","Key":"","Default":null,"Extra":""},{"Field":"favorite_team","Type":"varchar(50)","Null":"YES","Key":"","Default":null,"Extra":""},{"Field":"account_type","Type":"enum('user','admin')","Null":"YES","Key":"","Default":"user","Extra":""}]
[23-Apr-2025 01:06:07 Europe/Berlin] Number of users in database: 13
[23-Apr-2025 01:06:07 Europe/Berlin] All tables initialized successfully
[23-Apr-2025 01:06:07 Europe/Berlin] Database tables initialized successfully
[23-Apr-2025 01:06:07 Europe/Berlin] Executing SQL: SELECT * FROM users WHERE id = :id
[23-Apr-2025 01:06:07 Europe/Berlin] With params: {":id":12}
[23-Apr-2025 01:06:07 Europe/Berlin] Query executed successfully. Found 1 rows
[23-Apr-2025 01:06:07 Europe/Berlin] User loaded from session: varunpndey
[23-Apr-2025 01:06:07 Europe/Berlin] Header - Session status: 2
[23-Apr-2025 01:06:07 Europe/Berlin] Header - Session data: {"user_id":12,"username":"varunpndey","email":"va@gmail.com","account_type":"admin"}
[23-Apr-2025 01:06:07 Europe/Berlin] Header - After session start - Status: 2
[23-Apr-2025 01:06:07 Europe/Berlin] Header - After session start - Data: {"user_id":12,"username":"varunpndey","email":"va@gmail.com","account_type":"admin"}
[23-Apr-2025 01:06:07 Europe/Berlin] Header - Is logged in: Yes
[23-Apr-2025 01:06:07 Europe/Berlin] Executing SQL: SELECT m.* FROM matches m 
                    INNER JOIN favorites f ON m.id = f.match_id 
                    WHERE f.user_id = :user_id 
                    ORDER BY m.match_time DESC
[23-Apr-2025 01:06:07 Europe/Berlin] With params: {":user_id":12}
[23-Apr-2025 01:06:07 Europe/Berlin] Query executed successfully. Found 7 rows
[23-Apr-2025 01:06:10 Europe/Berlin] Connected to database. Tables found: favorites, feedback, matches, news, newsletter, notifications, subscriptions, users
[23-Apr-2025 01:06:10 Europe/Berlin] Executing SQL: CREATE TABLE IF NOT EXISTS users (
                id INT AUTO_INCREMENT PRIMARY KEY,
                username VARCHAR(50) NOT NULL UNIQUE,
                password VARCHAR(255) NOT NULL,
                email VARCHAR(100) NOT NULL UNIQUE,
                account_type ENUM('user', 'admin') DEFAULT 'user',
                created_at TIMESTAMP DEFAULT CURRENT_TIMESTAMP
            )
[23-Apr-2025 01:06:10 Europe/Berlin] With params: []
[23-Apr-2025 01:06:10 Europe/Berlin] Query executed successfully. Found 0 rows
[23-Apr-2025 01:06:10 Europe/Berlin] Users table created or already exists
[23-Apr-2025 01:06:10 Europe/Berlin] Users table structure: [{"Field":"id","Type":"int(11)","Null":"NO","Key":"PRI","Default":null,"Extra":"auto_increment"},{"Field":"username","Type":"varchar(50)","Null":"NO","Key":"","Default":null,"Extra":""},{"Field":"email","Type":"varchar(100)","Null":"NO","Key":"UNI","Default":null,"Extra":""},{"Field":"password","Type":"varchar(255)","Null":"NO","Key":"","Default":null,"Extra":""},{"Field":"role","Type":"enum('user','admin')","Null":"YES","Key":"","Default":"user","Extra":""},{"Field":"verification_code","Type":"varchar(100)","Null":"YES","Key":"","Default":null,"Extra":""},{"Field":"is_verified","Type":"tinyint(1)","Null":"YES","Key":"","Default":"0","Extra":""},{"Field":"created_at","Type":"timestamp","Null":"NO","Key":"","Default":"current_timestamp()","Extra":""},{"Field":"favorite_sport","Type":"varchar(50)","Null":"YES","Key":"","Default":null,"Extra":""},{"Field":"favorite_team","Type":"varchar(50)","Null":"YES","Key":"","Default":null,"Extra":""},{"Field":"account_type","Type":"enum('user','admin')","Null":"YES","Key":"","Default":"user","Extra":""}]
[23-Apr-2025 01:06:10 Europe/Berlin] Number of users in database: 13
[23-Apr-2025 01:06:10 Europe/Berlin] All tables initialized successfully
[23-Apr-2025 01:06:10 Europe/Berlin] Connected to database. Tables found: favorites, feedback, matches, news, newsletter, notifications, subscriptions, users
[23-Apr-2025 01:06:10 Europe/Berlin] Executing SQL: CREATE TABLE IF NOT EXISTS users (
                id INT AUTO_INCREMENT PRIMARY KEY,
                username VARCHAR(50) NOT NULL UNIQUE,
                password VARCHAR(255) NOT NULL,
                email VARCHAR(100) NOT NULL UNIQUE,
                account_type ENUM('user', 'admin') DEFAULT 'user',
                created_at TIMESTAMP DEFAULT CURRENT_TIMESTAMP
            )
[23-Apr-2025 01:06:10 Europe/Berlin] With params: []
[23-Apr-2025 01:06:10 Europe/Berlin] Query executed successfully. Found 0 rows
[23-Apr-2025 01:06:10 Europe/Berlin] Users table created or already exists
[23-Apr-2025 01:06:10 Europe/Berlin] Users table structure: [{"Field":"id","Type":"int(11)","Null":"NO","Key":"PRI","Default":null,"Extra":"auto_increment"},{"Field":"username","Type":"varchar(50)","Null":"NO","Key":"","Default":null,"Extra":""},{"Field":"email","Type":"varchar(100)","Null":"NO","Key":"UNI","Default":null,"Extra":""},{"Field":"password","Type":"varchar(255)","Null":"NO","Key":"","Default":null,"Extra":""},{"Field":"role","Type":"enum('user','admin')","Null":"YES","Key":"","Default":"user","Extra":""},{"Field":"verification_code","Type":"varchar(100)","Null":"YES","Key":"","Default":null,"Extra":""},{"Field":"is_verified","Type":"tinyint(1)","Null":"YES","Key":"","Default":"0","Extra":""},{"Field":"created_at","Type":"timestamp","Null":"NO","Key":"","Default":"current_timestamp()","Extra":""},{"Field":"favorite_sport","Type":"varchar(50)","Null":"YES","Key":"","Default":null,"Extra":""},{"Field":"favorite_team","Type":"varchar(50)","Null":"YES","Key":"","Default":null,"Extra":""},{"Field":"account_type","Type":"enum('user','admin')","Null":"YES","Key":"","Default":"user","Extra":""}]
[23-Apr-2025 01:06:10 Europe/Berlin] Number of users in database: 13
[23-Apr-2025 01:06:10 Europe/Berlin] All tables initialized successfully
[23-Apr-2025 01:06:10 Europe/Berlin] Database tables initialized successfully
[23-Apr-2025 01:06:10 Europe/Berlin] Executing SQL: SELECT * FROM users WHERE id = :id
[23-Apr-2025 01:06:10 Europe/Berlin] With params: {":id":12}
[23-Apr-2025 01:06:10 Europe/Berlin] Query executed successfully. Found 1 rows
[23-Apr-2025 01:06:10 Europe/Berlin] User loaded from session: varunpndey
[23-Apr-2025 01:06:10 Europe/Berlin] PHP Notice:  session_start(): Ignoring session_start() because a session is already active in /Applications/XAMPP/xamppfiles/htdocs/sportsync/public/dashboard.php on line 2
[23-Apr-2025 01:06:10 Europe/Berlin] Executing SQL: SELECT * FROM users WHERE id = :id
[23-Apr-2025 01:06:10 Europe/Berlin] With params: {":id":12}
[23-Apr-2025 01:06:10 Europe/Berlin] Query executed successfully. Found 1 rows
[23-Apr-2025 01:06:10 Europe/Berlin] Header - Session status: 2
[23-Apr-2025 01:06:10 Europe/Berlin] Header - Session data: {"user_id":12,"username":"varunpndey","email":"va@gmail.com","account_type":"admin"}
[23-Apr-2025 01:06:10 Europe/Berlin] Header - After session start - Status: 2
[23-Apr-2025 01:06:10 Europe/Berlin] Header - After session start - Data: {"user_id":12,"username":"varunpndey","email":"va@gmail.com","account_type":"admin"}
[23-Apr-2025 01:06:10 Europe/Berlin] Header - Is logged in: Yes
[23-Apr-2025 01:06:16 Europe/Berlin] Connected to database. Tables found: favorites, feedback, matches, news, newsletter, notifications, subscriptions, users
[23-Apr-2025 01:06:16 Europe/Berlin] Executing SQL: CREATE TABLE IF NOT EXISTS users (
                id INT AUTO_INCREMENT PRIMARY KEY,
                username VARCHAR(50) NOT NULL UNIQUE,
                password VARCHAR(255) NOT NULL,
                email VARCHAR(100) NOT NULL UNIQUE,
                account_type ENUM('user', 'admin') DEFAULT 'user',
                created_at TIMESTAMP DEFAULT CURRENT_TIMESTAMP
            )
[23-Apr-2025 01:06:16 Europe/Berlin] With params: []
[23-Apr-2025 01:06:16 Europe/Berlin] Query executed successfully. Found 0 rows
[23-Apr-2025 01:06:16 Europe/Berlin] Users table created or already exists
[23-Apr-2025 01:06:16 Europe/Berlin] Users table structure: [{"Field":"id","Type":"int(11)","Null":"NO","Key":"PRI","Default":null,"Extra":"auto_increment"},{"Field":"username","Type":"varchar(50)","Null":"NO","Key":"","Default":null,"Extra":""},{"Field":"email","Type":"varchar(100)","Null":"NO","Key":"UNI","Default":null,"Extra":""},{"Field":"password","Type":"varchar(255)","Null":"NO","Key":"","Default":null,"Extra":""},{"Field":"role","Type":"enum('user','admin')","Null":"YES","Key":"","Default":"user","Extra":""},{"Field":"verification_code","Type":"varchar(100)","Null":"YES","Key":"","Default":null,"Extra":""},{"Field":"is_verified","Type":"tinyint(1)","Null":"YES","Key":"","Default":"0","Extra":""},{"Field":"created_at","Type":"timestamp","Null":"NO","Key":"","Default":"current_timestamp()","Extra":""},{"Field":"favorite_sport","Type":"varchar(50)","Null":"YES","Key":"","Default":null,"Extra":""},{"Field":"favorite_team","Type":"varchar(50)","Null":"YES","Key":"","Default":null,"Extra":""},{"Field":"account_type","Type":"enum('user','admin')","Null":"YES","Key":"","Default":"user","Extra":""}]
[23-Apr-2025 01:06:16 Europe/Berlin] Number of users in database: 13
[23-Apr-2025 01:06:16 Europe/Berlin] All tables initialized successfully
[23-Apr-2025 01:06:16 Europe/Berlin] Connected to database. Tables found: favorites, feedback, matches, news, newsletter, notifications, subscriptions, users
[23-Apr-2025 01:06:16 Europe/Berlin] Executing SQL: CREATE TABLE IF NOT EXISTS users (
                id INT AUTO_INCREMENT PRIMARY KEY,
                username VARCHAR(50) NOT NULL UNIQUE,
                password VARCHAR(255) NOT NULL,
                email VARCHAR(100) NOT NULL UNIQUE,
                account_type ENUM('user', 'admin') DEFAULT 'user',
                created_at TIMESTAMP DEFAULT CURRENT_TIMESTAMP
            )
[23-Apr-2025 01:06:16 Europe/Berlin] With params: []
[23-Apr-2025 01:06:16 Europe/Berlin] Query executed successfully. Found 0 rows
[23-Apr-2025 01:06:16 Europe/Berlin] Users table created or already exists
[23-Apr-2025 01:06:16 Europe/Berlin] Users table structure: [{"Field":"id","Type":"int(11)","Null":"NO","Key":"PRI","Default":null,"Extra":"auto_increment"},{"Field":"username","Type":"varchar(50)","Null":"NO","Key":"","Default":null,"Extra":""},{"Field":"email","Type":"varchar(100)","Null":"NO","Key":"UNI","Default":null,"Extra":""},{"Field":"password","Type":"varchar(255)","Null":"NO","Key":"","Default":null,"Extra":""},{"Field":"role","Type":"enum('user','admin')","Null":"YES","Key":"","Default":"user","Extra":""},{"Field":"verification_code","Type":"varchar(100)","Null":"YES","Key":"","Default":null,"Extra":""},{"Field":"is_verified","Type":"tinyint(1)","Null":"YES","Key":"","Default":"0","Extra":""},{"Field":"created_at","Type":"timestamp","Null":"NO","Key":"","Default":"current_timestamp()","Extra":""},{"Field":"favorite_sport","Type":"varchar(50)","Null":"YES","Key":"","Default":null,"Extra":""},{"Field":"favorite_team","Type":"varchar(50)","Null":"YES","Key":"","Default":null,"Extra":""},{"Field":"account_type","Type":"enum('user','admin')","Null":"YES","Key":"","Default":"user","Extra":""}]
[23-Apr-2025 01:06:16 Europe/Berlin] Number of users in database: 13
[23-Apr-2025 01:06:16 Europe/Berlin] All tables initialized successfully
[23-Apr-2025 01:06:16 Europe/Berlin] Database tables initialized successfully
[23-Apr-2025 01:06:16 Europe/Berlin] Executing SQL: SELECT * FROM users WHERE id = :id
[23-Apr-2025 01:06:16 Europe/Berlin] With params: {":id":12}
[23-Apr-2025 01:06:16 Europe/Berlin] Query executed successfully. Found 1 rows
[23-Apr-2025 01:06:16 Europe/Berlin] User loaded from session: varunpndey
[23-Apr-2025 01:06:16 Europe/Berlin] Executing SQL: SELECT * FROM users WHERE id = :id
[23-Apr-2025 01:06:16 Europe/Berlin] With params: {":id":12}
[23-Apr-2025 01:06:16 Europe/Berlin] Query executed successfully. Found 1 rows
[23-Apr-2025 01:06:16 Europe/Berlin] Executing SQL: SELECT * FROM news ORDER BY created_at DESC
[23-Apr-2025 01:06:16 Europe/Berlin] With params: []
[23-Apr-2025 01:06:16 Europe/Berlin] Query executed successfully. Found 5 rows
[23-Apr-2025 01:06:16 Europe/Berlin] Executing SQL: SELECT * FROM feedback ORDER BY created_at DESC
[23-Apr-2025 01:06:16 Europe/Berlin] With params: []
[23-Apr-2025 01:06:16 Europe/Berlin] Query executed successfully. Found 10 rows
[23-Apr-2025 01:06:16 Europe/Berlin] Executing SQL: SELECT * FROM matches WHERE status = 'live'
[23-Apr-2025 01:06:16 Europe/Berlin] With params: []
[23-Apr-2025 01:06:16 Europe/Berlin] Query executed successfully. Found 2 rows
[23-Apr-2025 01:06:16 Europe/Berlin] Executing SQL: SELECT * FROM matches WHERE 1=1 ORDER BY match_time DESC
[23-Apr-2025 01:06:16 Europe/Berlin] With params: []
[23-Apr-2025 01:06:16 Europe/Berlin] Query executed successfully. Found 13 rows
[23-Apr-2025 01:06:16 Europe/Berlin] PHP Warning:  Undefined array key "status" in /Applications/XAMPP/xamppfiles/htdocs/sportsync/public/admin.php on line 819
[23-Apr-2025 01:06:16 Europe/Berlin] PHP Warning:  Undefined array key "status" in /Applications/XAMPP/xamppfiles/htdocs/sportsync/public/admin.php on line 820
[23-Apr-2025 01:06:16 Europe/Berlin] PHP Warning:  Undefined array key "status" in /Applications/XAMPP/xamppfiles/htdocs/sportsync/public/admin.php on line 821
[23-Apr-2025 01:06:16 Europe/Berlin] PHP Warning:  Undefined array key "status" in /Applications/XAMPP/xamppfiles/htdocs/sportsync/public/admin.php on line 819
[23-Apr-2025 01:06:16 Europe/Berlin] PHP Warning:  Undefined array key "status" in /Applications/XAMPP/xamppfiles/htdocs/sportsync/public/admin.php on line 820
[23-Apr-2025 01:06:16 Europe/Berlin] PHP Warning:  Undefined array key "status" in /Applications/XAMPP/xamppfiles/htdocs/sportsync/public/admin.php on line 821
[23-Apr-2025 01:06:16 Europe/Berlin] PHP Warning:  Undefined array key "status" in /Applications/XAMPP/xamppfiles/htdocs/sportsync/public/admin.php on line 819
[23-Apr-2025 01:06:16 Europe/Berlin] PHP Warning:  Undefined array key "status" in /Applications/XAMPP/xamppfiles/htdocs/sportsync/public/admin.php on line 820
[23-Apr-2025 01:06:16 Europe/Berlin] PHP Warning:  Undefined array key "status" in /Applications/XAMPP/xamppfiles/htdocs/sportsync/public/admin.php on line 821
[23-Apr-2025 01:06:16 Europe/Berlin] PHP Warning:  Undefined array key "status" in /Applications/XAMPP/xamppfiles/htdocs/sportsync/public/admin.php on line 819
[23-Apr-2025 01:06:16 Europe/Berlin] PHP Warning:  Undefined array key "status" in /Applications/XAMPP/xamppfiles/htdocs/sportsync/public/admin.php on line 820
[23-Apr-2025 01:06:16 Europe/Berlin] PHP Warning:  Undefined array key "status" in /Applications/XAMPP/xamppfiles/htdocs/sportsync/public/admin.php on line 821
[23-Apr-2025 01:06:16 Europe/Berlin] PHP Warning:  Undefined array key "status" in /Applications/XAMPP/xamppfiles/htdocs/sportsync/public/admin.php on line 819
[23-Apr-2025 01:06:16 Europe/Berlin] PHP Warning:  Undefined array key "status" in /Applications/XAMPP/xamppfiles/htdocs/sportsync/public/admin.php on line 820
[23-Apr-2025 01:06:16 Europe/Berlin] PHP Warning:  Undefined array key "status" in /Applications/XAMPP/xamppfiles/htdocs/sportsync/public/admin.php on line 821
[23-Apr-2025 01:06:16 Europe/Berlin] PHP Warning:  Undefined array key "status" in /Applications/XAMPP/xamppfiles/htdocs/sportsync/public/admin.php on line 819
[23-Apr-2025 01:06:16 Europe/Berlin] PHP Warning:  Undefined array key "status" in /Applications/XAMPP/xamppfiles/htdocs/sportsync/public/admin.php on line 820
[23-Apr-2025 01:06:16 Europe/Berlin] PHP Warning:  Undefined array key "status" in /Applications/XAMPP/xamppfiles/htdocs/sportsync/public/admin.php on line 821
[23-Apr-2025 01:06:16 Europe/Berlin] PHP Warning:  Undefined array key "status" in /Applications/XAMPP/xamppfiles/htdocs/sportsync/public/admin.php on line 819
[23-Apr-2025 01:06:16 Europe/Berlin] PHP Warning:  Undefined array key "status" in /Applications/XAMPP/xamppfiles/htdocs/sportsync/public/admin.php on line 820
[23-Apr-2025 01:06:16 Europe/Berlin] PHP Warning:  Undefined array key "status" in /Applications/XAMPP/xamppfiles/htdocs/sportsync/public/admin.php on line 821
[23-Apr-2025 01:06:16 Europe/Berlin] PHP Warning:  Undefined array key "status" in /Applications/XAMPP/xamppfiles/htdocs/sportsync/public/admin.php on line 819
[23-Apr-2025 01:06:16 Europe/Berlin] PHP Warning:  Undefined array key "status" in /Applications/XAMPP/xamppfiles/htdocs/sportsync/public/admin.php on line 820
[23-Apr-2025 01:06:16 Europe/Berlin] PHP Warning:  Undefined array key "status" in /Applications/XAMPP/xamppfiles/htdocs/sportsync/public/admin.php on line 821
[23-Apr-2025 01:06:16 Europe/Berlin] PHP Warning:  Undefined array key "status" in /Applications/XAMPP/xamppfiles/htdocs/sportsync/public/admin.php on line 819
[23-Apr-2025 01:06:16 Europe/Berlin] PHP Warning:  Undefined array key "status" in /Applications/XAMPP/xamppfiles/htdocs/sportsync/public/admin.php on line 820
[23-Apr-2025 01:06:16 Europe/Berlin] PHP Warning:  Undefined array key "status" in /Applications/XAMPP/xamppfiles/htdocs/sportsync/public/admin.php on line 821
[23-Apr-2025 01:06:16 Europe/Berlin] PHP Warning:  Undefined array key "status" in /Applications/XAMPP/xamppfiles/htdocs/sportsync/public/admin.php on line 819
[23-Apr-2025 01:06:16 Europe/Berlin] PHP Warning:  Undefined array key "status" in /Applications/XAMPP/xamppfiles/htdocs/sportsync/public/admin.php on line 820
[23-Apr-2025 01:06:16 Europe/Berlin] PHP Warning:  Undefined array key "status" in /Applications/XAMPP/xamppfiles/htdocs/sportsync/public/admin.php on line 821
[23-Apr-2025 01:07:28 Europe/Berlin] Connected to database. Tables found: favorites, feedback, matches, news, newsletter, notifications, players, subscriptions, users
[23-Apr-2025 01:07:28 Europe/Berlin] Executing SQL: CREATE TABLE IF NOT EXISTS users (
                id INT AUTO_INCREMENT PRIMARY KEY,
                username VARCHAR(50) NOT NULL UNIQUE,
                password VARCHAR(255) NOT NULL,
                email VARCHAR(100) NOT NULL UNIQUE,
                account_type ENUM('user', 'admin') DEFAULT 'user',
                created_at TIMESTAMP DEFAULT CURRENT_TIMESTAMP
            )
[23-Apr-2025 01:07:28 Europe/Berlin] With params: []
[23-Apr-2025 01:07:28 Europe/Berlin] Query executed successfully. Found 0 rows
[23-Apr-2025 01:07:28 Europe/Berlin] Users table created or already exists
[23-Apr-2025 01:07:28 Europe/Berlin] Users table structure: [{"Field":"id","Type":"int(11)","Null":"NO","Key":"PRI","Default":null,"Extra":"auto_increment"},{"Field":"username","Type":"varchar(50)","Null":"NO","Key":"","Default":null,"Extra":""},{"Field":"email","Type":"varchar(100)","Null":"NO","Key":"UNI","Default":null,"Extra":""},{"Field":"password","Type":"varchar(255)","Null":"NO","Key":"","Default":null,"Extra":""},{"Field":"role","Type":"enum('user','admin')","Null":"YES","Key":"","Default":"user","Extra":""},{"Field":"verification_code","Type":"varchar(100)","Null":"YES","Key":"","Default":null,"Extra":""},{"Field":"is_verified","Type":"tinyint(1)","Null":"YES","Key":"","Default":"0","Extra":""},{"Field":"created_at","Type":"timestamp","Null":"NO","Key":"","Default":"current_timestamp()","Extra":""},{"Field":"favorite_sport","Type":"varchar(50)","Null":"YES","Key":"","Default":null,"Extra":""},{"Field":"favorite_team","Type":"varchar(50)","Null":"YES","Key":"","Default":null,"Extra":""},{"Field":"account_type","Type":"enum('user','admin')","Null":"YES","Key":"","Default":"user","Extra":""}]
[23-Apr-2025 01:07:28 Europe/Berlin] Number of users in database: 13
[23-Apr-2025 01:07:28 Europe/Berlin] All tables initialized successfully
[23-Apr-2025 01:07:31 Europe/Berlin] Connected to database. Tables found: favorites, feedback, matches, news, newsletter, notifications, players, subscriptions, users
[23-Apr-2025 01:07:31 Europe/Berlin] Executing SQL: CREATE TABLE IF NOT EXISTS users (
                id INT AUTO_INCREMENT PRIMARY KEY,
                username VARCHAR(50) NOT NULL UNIQUE,
                password VARCHAR(255) NOT NULL,
                email VARCHAR(100) NOT NULL UNIQUE,
                account_type ENUM('user', 'admin') DEFAULT 'user',
                created_at TIMESTAMP DEFAULT CURRENT_TIMESTAMP
            )
[23-Apr-2025 01:07:31 Europe/Berlin] With params: []
[23-Apr-2025 01:07:31 Europe/Berlin] Query executed successfully. Found 0 rows
[23-Apr-2025 01:07:31 Europe/Berlin] Users table created or already exists
[23-Apr-2025 01:07:31 Europe/Berlin] Users table structure: [{"Field":"id","Type":"int(11)","Null":"NO","Key":"PRI","Default":null,"Extra":"auto_increment"},{"Field":"username","Type":"varchar(50)","Null":"NO","Key":"","Default":null,"Extra":""},{"Field":"email","Type":"varchar(100)","Null":"NO","Key":"UNI","Default":null,"Extra":""},{"Field":"password","Type":"varchar(255)","Null":"NO","Key":"","Default":null,"Extra":""},{"Field":"role","Type":"enum('user','admin')","Null":"YES","Key":"","Default":"user","Extra":""},{"Field":"verification_code","Type":"varchar(100)","Null":"YES","Key":"","Default":null,"Extra":""},{"Field":"is_verified","Type":"tinyint(1)","Null":"YES","Key":"","Default":"0","Extra":""},{"Field":"created_at","Type":"timestamp","Null":"NO","Key":"","Default":"current_timestamp()","Extra":""},{"Field":"favorite_sport","Type":"varchar(50)","Null":"YES","Key":"","Default":null,"Extra":""},{"Field":"favorite_team","Type":"varchar(50)","Null":"YES","Key":"","Default":null,"Extra":""},{"Field":"account_type","Type":"enum('user','admin')","Null":"YES","Key":"","Default":"user","Extra":""}]
[23-Apr-2025 01:07:31 Europe/Berlin] Number of users in database: 13
[23-Apr-2025 01:07:31 Europe/Berlin] All tables initialized successfully
[23-Apr-2025 01:07:31 Europe/Berlin] Connected to database. Tables found: favorites, feedback, matches, news, newsletter, notifications, players, subscriptions, users
[23-Apr-2025 01:07:31 Europe/Berlin] Executing SQL: CREATE TABLE IF NOT EXISTS users (
                id INT AUTO_INCREMENT PRIMARY KEY,
                username VARCHAR(50) NOT NULL UNIQUE,
                password VARCHAR(255) NOT NULL,
                email VARCHAR(100) NOT NULL UNIQUE,
                account_type ENUM('user', 'admin') DEFAULT 'user',
                created_at TIMESTAMP DEFAULT CURRENT_TIMESTAMP
            )
[23-Apr-2025 01:07:31 Europe/Berlin] With params: []
[23-Apr-2025 01:07:31 Europe/Berlin] Query executed successfully. Found 0 rows
[23-Apr-2025 01:07:31 Europe/Berlin] Users table created or already exists
[23-Apr-2025 01:07:31 Europe/Berlin] Users table structure: [{"Field":"id","Type":"int(11)","Null":"NO","Key":"PRI","Default":null,"Extra":"auto_increment"},{"Field":"username","Type":"varchar(50)","Null":"NO","Key":"","Default":null,"Extra":""},{"Field":"email","Type":"varchar(100)","Null":"NO","Key":"UNI","Default":null,"Extra":""},{"Field":"password","Type":"varchar(255)","Null":"NO","Key":"","Default":null,"Extra":""},{"Field":"role","Type":"enum('user','admin')","Null":"YES","Key":"","Default":"user","Extra":""},{"Field":"verification_code","Type":"varchar(100)","Null":"YES","Key":"","Default":null,"Extra":""},{"Field":"is_verified","Type":"tinyint(1)","Null":"YES","Key":"","Default":"0","Extra":""},{"Field":"created_at","Type":"timestamp","Null":"NO","Key":"","Default":"current_timestamp()","Extra":""},{"Field":"favorite_sport","Type":"varchar(50)","Null":"YES","Key":"","Default":null,"Extra":""},{"Field":"favorite_team","Type":"varchar(50)","Null":"YES","Key":"","Default":null,"Extra":""},{"Field":"account_type","Type":"enum('user','admin')","Null":"YES","Key":"","Default":"user","Extra":""}]
[23-Apr-2025 01:07:31 Europe/Berlin] Number of users in database: 13
[23-Apr-2025 01:07:31 Europe/Berlin] All tables initialized successfully
[23-Apr-2025 01:07:31 Europe/Berlin] Database tables initialized successfully
[23-Apr-2025 01:07:31 Europe/Berlin] Executing SQL: SELECT * FROM users WHERE id = :id
[23-Apr-2025 01:07:31 Europe/Berlin] With params: {":id":12}
[23-Apr-2025 01:07:31 Europe/Berlin] Query executed successfully. Found 1 rows
[23-Apr-2025 01:07:31 Europe/Berlin] User loaded from session: varunpndey
[23-Apr-2025 01:07:31 Europe/Berlin] Executing SQL: SELECT * FROM users WHERE id = :id
[23-Apr-2025 01:07:31 Europe/Berlin] With params: {":id":12}
[23-Apr-2025 01:07:31 Europe/Berlin] Query executed successfully. Found 1 rows
[23-Apr-2025 01:07:31 Europe/Berlin] Executing SQL: SELECT * FROM news ORDER BY created_at DESC
[23-Apr-2025 01:07:31 Europe/Berlin] With params: []
[23-Apr-2025 01:07:31 Europe/Berlin] Query executed successfully. Found 5 rows
[23-Apr-2025 01:07:31 Europe/Berlin] Executing SQL: SELECT * FROM feedback ORDER BY created_at DESC
[23-Apr-2025 01:07:31 Europe/Berlin] With params: []
[23-Apr-2025 01:07:31 Europe/Berlin] Query executed successfully. Found 10 rows
[23-Apr-2025 01:07:31 Europe/Berlin] Executing SQL: SELECT * FROM matches WHERE status = 'live'
[23-Apr-2025 01:07:31 Europe/Berlin] With params: []
[23-Apr-2025 01:07:31 Europe/Berlin] Query executed successfully. Found 2 rows
[23-Apr-2025 01:07:31 Europe/Berlin] Executing SQL: SELECT * FROM matches WHERE 1=1 ORDER BY match_time DESC
[23-Apr-2025 01:07:31 Europe/Berlin] With params: []
[23-Apr-2025 01:07:31 Europe/Berlin] Query executed successfully. Found 13 rows
[23-Apr-2025 01:07:31 Europe/Berlin] PHP Warning:  Undefined array key "status" in /Applications/XAMPP/xamppfiles/htdocs/sportsync/public/admin.php on line 819
[23-Apr-2025 01:07:31 Europe/Berlin] PHP Warning:  Undefined array key "status" in /Applications/XAMPP/xamppfiles/htdocs/sportsync/public/admin.php on line 820
[23-Apr-2025 01:07:31 Europe/Berlin] PHP Warning:  Undefined array key "status" in /Applications/XAMPP/xamppfiles/htdocs/sportsync/public/admin.php on line 821
[23-Apr-2025 01:07:31 Europe/Berlin] PHP Warning:  Undefined array key "status" in /Applications/XAMPP/xamppfiles/htdocs/sportsync/public/admin.php on line 819
[23-Apr-2025 01:07:31 Europe/Berlin] PHP Warning:  Undefined array key "status" in /Applications/XAMPP/xamppfiles/htdocs/sportsync/public/admin.php on line 820
[23-Apr-2025 01:07:31 Europe/Berlin] PHP Warning:  Undefined array key "status" in /Applications/XAMPP/xamppfiles/htdocs/sportsync/public/admin.php on line 821
[23-Apr-2025 01:07:31 Europe/Berlin] PHP Warning:  Undefined array key "status" in /Applications/XAMPP/xamppfiles/htdocs/sportsync/public/admin.php on line 819
[23-Apr-2025 01:07:31 Europe/Berlin] PHP Warning:  Undefined array key "status" in /Applications/XAMPP/xamppfiles/htdocs/sportsync/public/admin.php on line 820
[23-Apr-2025 01:07:31 Europe/Berlin] PHP Warning:  Undefined array key "status" in /Applications/XAMPP/xamppfiles/htdocs/sportsync/public/admin.php on line 821
[23-Apr-2025 01:07:31 Europe/Berlin] PHP Warning:  Undefined array key "status" in /Applications/XAMPP/xamppfiles/htdocs/sportsync/public/admin.php on line 819
[23-Apr-2025 01:07:31 Europe/Berlin] PHP Warning:  Undefined array key "status" in /Applications/XAMPP/xamppfiles/htdocs/sportsync/public/admin.php on line 820
[23-Apr-2025 01:07:31 Europe/Berlin] PHP Warning:  Undefined array key "status" in /Applications/XAMPP/xamppfiles/htdocs/sportsync/public/admin.php on line 821
[23-Apr-2025 01:07:31 Europe/Berlin] PHP Warning:  Undefined array key "status" in /Applications/XAMPP/xamppfiles/htdocs/sportsync/public/admin.php on line 819
[23-Apr-2025 01:07:31 Europe/Berlin] PHP Warning:  Undefined array key "status" in /Applications/XAMPP/xamppfiles/htdocs/sportsync/public/admin.php on line 820
[23-Apr-2025 01:07:31 Europe/Berlin] PHP Warning:  Undefined array key "status" in /Applications/XAMPP/xamppfiles/htdocs/sportsync/public/admin.php on line 821
[23-Apr-2025 01:07:31 Europe/Berlin] PHP Warning:  Undefined array key "status" in /Applications/XAMPP/xamppfiles/htdocs/sportsync/public/admin.php on line 819
[23-Apr-2025 01:07:31 Europe/Berlin] PHP Warning:  Undefined array key "status" in /Applications/XAMPP/xamppfiles/htdocs/sportsync/public/admin.php on line 820
[23-Apr-2025 01:07:31 Europe/Berlin] PHP Warning:  Undefined array key "status" in /Applications/XAMPP/xamppfiles/htdocs/sportsync/public/admin.php on line 821
[23-Apr-2025 01:07:31 Europe/Berlin] PHP Warning:  Undefined array key "status" in /Applications/XAMPP/xamppfiles/htdocs/sportsync/public/admin.php on line 819
[23-Apr-2025 01:07:31 Europe/Berlin] PHP Warning:  Undefined array key "status" in /Applications/XAMPP/xamppfiles/htdocs/sportsync/public/admin.php on line 820
[23-Apr-2025 01:07:31 Europe/Berlin] PHP Warning:  Undefined array key "status" in /Applications/XAMPP/xamppfiles/htdocs/sportsync/public/admin.php on line 821
[23-Apr-2025 01:07:31 Europe/Berlin] PHP Warning:  Undefined array key "status" in /Applications/XAMPP/xamppfiles/htdocs/sportsync/public/admin.php on line 819
[23-Apr-2025 01:07:31 Europe/Berlin] PHP Warning:  Undefined array key "status" in /Applications/XAMPP/xamppfiles/htdocs/sportsync/public/admin.php on line 820
[23-Apr-2025 01:07:31 Europe/Berlin] PHP Warning:  Undefined array key "status" in /Applications/XAMPP/xamppfiles/htdocs/sportsync/public/admin.php on line 821
[23-Apr-2025 01:07:31 Europe/Berlin] PHP Warning:  Undefined array key "status" in /Applications/XAMPP/xamppfiles/htdocs/sportsync/public/admin.php on line 819
[23-Apr-2025 01:07:31 Europe/Berlin] PHP Warning:  Undefined array key "status" in /Applications/XAMPP/xamppfiles/htdocs/sportsync/public/admin.php on line 820
[23-Apr-2025 01:07:31 Europe/Berlin] PHP Warning:  Undefined array key "status" in /Applications/XAMPP/xamppfiles/htdocs/sportsync/public/admin.php on line 821
[23-Apr-2025 01:07:31 Europe/Berlin] PHP Warning:  Undefined array key "status" in /Applications/XAMPP/xamppfiles/htdocs/sportsync/public/admin.php on line 819
[23-Apr-2025 01:07:31 Europe/Berlin] PHP Warning:  Undefined array key "status" in /Applications/XAMPP/xamppfiles/htdocs/sportsync/public/admin.php on line 820
[23-Apr-2025 01:07:31 Europe/Berlin] PHP Warning:  Undefined array key "status" in /Applications/XAMPP/xamppfiles/htdocs/sportsync/public/admin.php on line 821
[23-Apr-2025 01:10:17 Europe/Berlin] Connected to database. Tables found: favorites, feedback, matches, news, newsletter, notifications, players, subscriptions, users
[23-Apr-2025 01:10:17 Europe/Berlin] Executing SQL: CREATE TABLE IF NOT EXISTS users (
                id INT AUTO_INCREMENT PRIMARY KEY,
                username VARCHAR(50) NOT NULL UNIQUE,
                password VARCHAR(255) NOT NULL,
                email VARCHAR(100) NOT NULL UNIQUE,
                account_type ENUM('user', 'admin') DEFAULT 'user',
                created_at TIMESTAMP DEFAULT CURRENT_TIMESTAMP
            )
[23-Apr-2025 01:10:17 Europe/Berlin] With params: []
[23-Apr-2025 01:10:17 Europe/Berlin] Query executed successfully. Found 0 rows
[23-Apr-2025 01:10:17 Europe/Berlin] Users table created or already exists
[23-Apr-2025 01:10:17 Europe/Berlin] Users table structure: [{"Field":"id","Type":"int(11)","Null":"NO","Key":"PRI","Default":null,"Extra":"auto_increment"},{"Field":"username","Type":"varchar(50)","Null":"NO","Key":"","Default":null,"Extra":""},{"Field":"email","Type":"varchar(100)","Null":"NO","Key":"UNI","Default":null,"Extra":""},{"Field":"password","Type":"varchar(255)","Null":"NO","Key":"","Default":null,"Extra":""},{"Field":"role","Type":"enum('user','admin')","Null":"YES","Key":"","Default":"user","Extra":""},{"Field":"verification_code","Type":"varchar(100)","Null":"YES","Key":"","Default":null,"Extra":""},{"Field":"is_verified","Type":"tinyint(1)","Null":"YES","Key":"","Default":"0","Extra":""},{"Field":"created_at","Type":"timestamp","Null":"NO","Key":"","Default":"current_timestamp()","Extra":""},{"Field":"favorite_sport","Type":"varchar(50)","Null":"YES","Key":"","Default":null,"Extra":""},{"Field":"favorite_team","Type":"varchar(50)","Null":"YES","Key":"","Default":null,"Extra":""},{"Field":"account_type","Type":"enum('user','admin')","Null":"YES","Key":"","Default":"user","Extra":""}]
[23-Apr-2025 01:10:17 Europe/Berlin] Number of users in database: 13
[23-Apr-2025 01:10:17 Europe/Berlin] All tables initialized successfully
[23-Apr-2025 01:10:17 Europe/Berlin] Connected to database. Tables found: favorites, feedback, matches, news, newsletter, notifications, players, subscriptions, users
[23-Apr-2025 01:10:17 Europe/Berlin] Executing SQL: CREATE TABLE IF NOT EXISTS users (
                id INT AUTO_INCREMENT PRIMARY KEY,
                username VARCHAR(50) NOT NULL UNIQUE,
                password VARCHAR(255) NOT NULL,
                email VARCHAR(100) NOT NULL UNIQUE,
                account_type ENUM('user', 'admin') DEFAULT 'user',
                created_at TIMESTAMP DEFAULT CURRENT_TIMESTAMP
            )
[23-Apr-2025 01:10:17 Europe/Berlin] With params: []
[23-Apr-2025 01:10:17 Europe/Berlin] Query executed successfully. Found 0 rows
[23-Apr-2025 01:10:17 Europe/Berlin] Users table created or already exists
[23-Apr-2025 01:10:17 Europe/Berlin] Users table structure: [{"Field":"id","Type":"int(11)","Null":"NO","Key":"PRI","Default":null,"Extra":"auto_increment"},{"Field":"username","Type":"varchar(50)","Null":"NO","Key":"","Default":null,"Extra":""},{"Field":"email","Type":"varchar(100)","Null":"NO","Key":"UNI","Default":null,"Extra":""},{"Field":"password","Type":"varchar(255)","Null":"NO","Key":"","Default":null,"Extra":""},{"Field":"role","Type":"enum('user','admin')","Null":"YES","Key":"","Default":"user","Extra":""},{"Field":"verification_code","Type":"varchar(100)","Null":"YES","Key":"","Default":null,"Extra":""},{"Field":"is_verified","Type":"tinyint(1)","Null":"YES","Key":"","Default":"0","Extra":""},{"Field":"created_at","Type":"timestamp","Null":"NO","Key":"","Default":"current_timestamp()","Extra":""},{"Field":"favorite_sport","Type":"varchar(50)","Null":"YES","Key":"","Default":null,"Extra":""},{"Field":"favorite_team","Type":"varchar(50)","Null":"YES","Key":"","Default":null,"Extra":""},{"Field":"account_type","Type":"enum('user','admin')","Null":"YES","Key":"","Default":"user","Extra":""}]
[23-Apr-2025 01:10:17 Europe/Berlin] Number of users in database: 13
[23-Apr-2025 01:10:17 Europe/Berlin] All tables initialized successfully
[23-Apr-2025 01:10:17 Europe/Berlin] Database tables initialized successfully
[23-Apr-2025 01:10:17 Europe/Berlin] Executing SQL: SELECT * FROM users WHERE id = :id
[23-Apr-2025 01:10:17 Europe/Berlin] With params: {":id":12}
[23-Apr-2025 01:10:17 Europe/Berlin] Query executed successfully. Found 1 rows
[23-Apr-2025 01:10:17 Europe/Berlin] User loaded from session: varunpndey
[23-Apr-2025 01:10:17 Europe/Berlin] Executing SQL: SELECT * FROM users WHERE id = :id
[23-Apr-2025 01:10:17 Europe/Berlin] With params: {":id":12}
[23-Apr-2025 01:10:17 Europe/Berlin] Query executed successfully. Found 1 rows
[23-Apr-2025 01:10:17 Europe/Berlin] Executing SQL: SELECT * FROM news ORDER BY created_at DESC
[23-Apr-2025 01:10:17 Europe/Berlin] With params: []
[23-Apr-2025 01:10:17 Europe/Berlin] Query executed successfully. Found 5 rows
[23-Apr-2025 01:10:17 Europe/Berlin] Executing SQL: SELECT * FROM feedback ORDER BY created_at DESC
[23-Apr-2025 01:10:17 Europe/Berlin] With params: []
[23-Apr-2025 01:10:17 Europe/Berlin] Query executed successfully. Found 10 rows
[23-Apr-2025 01:10:17 Europe/Berlin] Executing SQL: SELECT * FROM matches WHERE status = 'live'
[23-Apr-2025 01:10:17 Europe/Berlin] With params: []
[23-Apr-2025 01:10:17 Europe/Berlin] Query executed successfully. Found 2 rows
[23-Apr-2025 01:10:17 Europe/Berlin] Executing SQL: SELECT * FROM matches WHERE 1=1 ORDER BY match_time DESC
[23-Apr-2025 01:10:17 Europe/Berlin] With params: []
[23-Apr-2025 01:10:17 Europe/Berlin] Query executed successfully. Found 13 rows
[23-Apr-2025 01:10:17 Europe/Berlin] PHP Warning:  Undefined array key "status" in /Applications/XAMPP/xamppfiles/htdocs/sportsync/public/admin.php on line 819
[23-Apr-2025 01:10:17 Europe/Berlin] PHP Warning:  Undefined array key "status" in /Applications/XAMPP/xamppfiles/htdocs/sportsync/public/admin.php on line 820
[23-Apr-2025 01:10:17 Europe/Berlin] PHP Warning:  Undefined array key "status" in /Applications/XAMPP/xamppfiles/htdocs/sportsync/public/admin.php on line 821
[23-Apr-2025 01:10:17 Europe/Berlin] PHP Warning:  Undefined array key "status" in /Applications/XAMPP/xamppfiles/htdocs/sportsync/public/admin.php on line 819
[23-Apr-2025 01:10:17 Europe/Berlin] PHP Warning:  Undefined array key "status" in /Applications/XAMPP/xamppfiles/htdocs/sportsync/public/admin.php on line 820
[23-Apr-2025 01:10:17 Europe/Berlin] PHP Warning:  Undefined array key "status" in /Applications/XAMPP/xamppfiles/htdocs/sportsync/public/admin.php on line 821
[23-Apr-2025 01:10:17 Europe/Berlin] PHP Warning:  Undefined array key "status" in /Applications/XAMPP/xamppfiles/htdocs/sportsync/public/admin.php on line 819
[23-Apr-2025 01:10:17 Europe/Berlin] PHP Warning:  Undefined array key "status" in /Applications/XAMPP/xamppfiles/htdocs/sportsync/public/admin.php on line 820
[23-Apr-2025 01:10:17 Europe/Berlin] PHP Warning:  Undefined array key "status" in /Applications/XAMPP/xamppfiles/htdocs/sportsync/public/admin.php on line 821
[23-Apr-2025 01:10:17 Europe/Berlin] PHP Warning:  Undefined array key "status" in /Applications/XAMPP/xamppfiles/htdocs/sportsync/public/admin.php on line 819
[23-Apr-2025 01:10:17 Europe/Berlin] PHP Warning:  Undefined array key "status" in /Applications/XAMPP/xamppfiles/htdocs/sportsync/public/admin.php on line 820
[23-Apr-2025 01:10:17 Europe/Berlin] PHP Warning:  Undefined array key "status" in /Applications/XAMPP/xamppfiles/htdocs/sportsync/public/admin.php on line 821
[23-Apr-2025 01:10:17 Europe/Berlin] PHP Warning:  Undefined array key "status" in /Applications/XAMPP/xamppfiles/htdocs/sportsync/public/admin.php on line 819
[23-Apr-2025 01:10:17 Europe/Berlin] PHP Warning:  Undefined array key "status" in /Applications/XAMPP/xamppfiles/htdocs/sportsync/public/admin.php on line 820
[23-Apr-2025 01:10:17 Europe/Berlin] PHP Warning:  Undefined array key "status" in /Applications/XAMPP/xamppfiles/htdocs/sportsync/public/admin.php on line 821
[23-Apr-2025 01:10:17 Europe/Berlin] PHP Warning:  Undefined array key "status" in /Applications/XAMPP/xamppfiles/htdocs/sportsync/public/admin.php on line 819
[23-Apr-2025 01:10:17 Europe/Berlin] PHP Warning:  Undefined array key "status" in /Applications/XAMPP/xamppfiles/htdocs/sportsync/public/admin.php on line 820
[23-Apr-2025 01:10:17 Europe/Berlin] PHP Warning:  Undefined array key "status" in /Applications/XAMPP/xamppfiles/htdocs/sportsync/public/admin.php on line 821
[23-Apr-2025 01:10:17 Europe/Berlin] PHP Warning:  Undefined array key "status" in /Applications/XAMPP/xamppfiles/htdocs/sportsync/public/admin.php on line 819
[23-Apr-2025 01:10:17 Europe/Berlin] PHP Warning:  Undefined array key "status" in /Applications/XAMPP/xamppfiles/htdocs/sportsync/public/admin.php on line 820
[23-Apr-2025 01:10:17 Europe/Berlin] PHP Warning:  Undefined array key "status" in /Applications/XAMPP/xamppfiles/htdocs/sportsync/public/admin.php on line 821
[23-Apr-2025 01:10:17 Europe/Berlin] PHP Warning:  Undefined array key "status" in /Applications/XAMPP/xamppfiles/htdocs/sportsync/public/admin.php on line 819
[23-Apr-2025 01:10:17 Europe/Berlin] PHP Warning:  Undefined array key "status" in /Applications/XAMPP/xamppfiles/htdocs/sportsync/public/admin.php on line 820
[23-Apr-2025 01:10:17 Europe/Berlin] PHP Warning:  Undefined array key "status" in /Applications/XAMPP/xamppfiles/htdocs/sportsync/public/admin.php on line 821
[23-Apr-2025 01:10:17 Europe/Berlin] PHP Warning:  Undefined array key "status" in /Applications/XAMPP/xamppfiles/htdocs/sportsync/public/admin.php on line 819
[23-Apr-2025 01:10:17 Europe/Berlin] PHP Warning:  Undefined array key "status" in /Applications/XAMPP/xamppfiles/htdocs/sportsync/public/admin.php on line 820
[23-Apr-2025 01:10:17 Europe/Berlin] PHP Warning:  Undefined array key "status" in /Applications/XAMPP/xamppfiles/htdocs/sportsync/public/admin.php on line 821
[23-Apr-2025 01:10:17 Europe/Berlin] PHP Warning:  Undefined array key "status" in /Applications/XAMPP/xamppfiles/htdocs/sportsync/public/admin.php on line 819
[23-Apr-2025 01:10:17 Europe/Berlin] PHP Warning:  Undefined array key "status" in /Applications/XAMPP/xamppfiles/htdocs/sportsync/public/admin.php on line 820
[23-Apr-2025 01:10:17 Europe/Berlin] PHP Warning:  Undefined array key "status" in /Applications/XAMPP/xamppfiles/htdocs/sportsync/public/admin.php on line 821
[23-Apr-2025 01:13:02 Europe/Berlin] Connected to database. Tables found: favorites, feedback, matches, news, newsletter, notifications, players, subscriptions, users
[23-Apr-2025 01:13:02 Europe/Berlin] Executing SQL: CREATE TABLE IF NOT EXISTS users (
                id INT AUTO_INCREMENT PRIMARY KEY,
                username VARCHAR(50) NOT NULL UNIQUE,
                password VARCHAR(255) NOT NULL,
                email VARCHAR(100) NOT NULL UNIQUE,
                account_type ENUM('user', 'admin') DEFAULT 'user',
                created_at TIMESTAMP DEFAULT CURRENT_TIMESTAMP
            )
[23-Apr-2025 01:13:02 Europe/Berlin] With params: []
[23-Apr-2025 01:13:02 Europe/Berlin] Query executed successfully. Found 0 rows
[23-Apr-2025 01:13:02 Europe/Berlin] Users table created or already exists
[23-Apr-2025 01:13:02 Europe/Berlin] Users table structure: [{"Field":"id","Type":"int(11)","Null":"NO","Key":"PRI","Default":null,"Extra":"auto_increment"},{"Field":"username","Type":"varchar(50)","Null":"NO","Key":"","Default":null,"Extra":""},{"Field":"email","Type":"varchar(100)","Null":"NO","Key":"UNI","Default":null,"Extra":""},{"Field":"password","Type":"varchar(255)","Null":"NO","Key":"","Default":null,"Extra":""},{"Field":"role","Type":"enum('user','admin')","Null":"YES","Key":"","Default":"user","Extra":""},{"Field":"verification_code","Type":"varchar(100)","Null":"YES","Key":"","Default":null,"Extra":""},{"Field":"is_verified","Type":"tinyint(1)","Null":"YES","Key":"","Default":"0","Extra":""},{"Field":"created_at","Type":"timestamp","Null":"NO","Key":"","Default":"current_timestamp()","Extra":""},{"Field":"favorite_sport","Type":"varchar(50)","Null":"YES","Key":"","Default":null,"Extra":""},{"Field":"favorite_team","Type":"varchar(50)","Null":"YES","Key":"","Default":null,"Extra":""},{"Field":"account_type","Type":"enum('user','admin')","Null":"YES","Key":"","Default":"user","Extra":""}]
[23-Apr-2025 01:13:02 Europe/Berlin] Number of users in database: 13
[23-Apr-2025 01:13:02 Europe/Berlin] All tables initialized successfully
[23-Apr-2025 01:13:02 Europe/Berlin] Connected to database. Tables found: favorites, feedback, matches, news, newsletter, notifications, players, subscriptions, users
[23-Apr-2025 01:13:02 Europe/Berlin] Executing SQL: CREATE TABLE IF NOT EXISTS users (
                id INT AUTO_INCREMENT PRIMARY KEY,
                username VARCHAR(50) NOT NULL UNIQUE,
                password VARCHAR(255) NOT NULL,
                email VARCHAR(100) NOT NULL UNIQUE,
                account_type ENUM('user', 'admin') DEFAULT 'user',
                created_at TIMESTAMP DEFAULT CURRENT_TIMESTAMP
            )
[23-Apr-2025 01:13:02 Europe/Berlin] With params: []
[23-Apr-2025 01:13:02 Europe/Berlin] Query executed successfully. Found 0 rows
[23-Apr-2025 01:13:02 Europe/Berlin] Users table created or already exists
[23-Apr-2025 01:13:02 Europe/Berlin] Users table structure: [{"Field":"id","Type":"int(11)","Null":"NO","Key":"PRI","Default":null,"Extra":"auto_increment"},{"Field":"username","Type":"varchar(50)","Null":"NO","Key":"","Default":null,"Extra":""},{"Field":"email","Type":"varchar(100)","Null":"NO","Key":"UNI","Default":null,"Extra":""},{"Field":"password","Type":"varchar(255)","Null":"NO","Key":"","Default":null,"Extra":""},{"Field":"role","Type":"enum('user','admin')","Null":"YES","Key":"","Default":"user","Extra":""},{"Field":"verification_code","Type":"varchar(100)","Null":"YES","Key":"","Default":null,"Extra":""},{"Field":"is_verified","Type":"tinyint(1)","Null":"YES","Key":"","Default":"0","Extra":""},{"Field":"created_at","Type":"timestamp","Null":"NO","Key":"","Default":"current_timestamp()","Extra":""},{"Field":"favorite_sport","Type":"varchar(50)","Null":"YES","Key":"","Default":null,"Extra":""},{"Field":"favorite_team","Type":"varchar(50)","Null":"YES","Key":"","Default":null,"Extra":""},{"Field":"account_type","Type":"enum('user','admin')","Null":"YES","Key":"","Default":"user","Extra":""}]
[23-Apr-2025 01:13:02 Europe/Berlin] Number of users in database: 13
[23-Apr-2025 01:13:02 Europe/Berlin] All tables initialized successfully
[23-Apr-2025 01:13:02 Europe/Berlin] Database tables initialized successfully
[23-Apr-2025 01:13:02 Europe/Berlin] Executing SQL: SELECT * FROM users WHERE id = :id
[23-Apr-2025 01:13:02 Europe/Berlin] With params: {":id":12}
[23-Apr-2025 01:13:02 Europe/Berlin] Query executed successfully. Found 1 rows
[23-Apr-2025 01:13:02 Europe/Berlin] User loaded from session: varunpndey
[23-Apr-2025 01:13:02 Europe/Berlin] Executing SQL: SELECT * FROM users WHERE id = :id
[23-Apr-2025 01:13:02 Europe/Berlin] With params: {":id":12}
[23-Apr-2025 01:13:02 Europe/Berlin] Query executed successfully. Found 1 rows
[23-Apr-2025 01:13:02 Europe/Berlin] Executing SQL: SELECT * FROM news ORDER BY created_at DESC
[23-Apr-2025 01:13:02 Europe/Berlin] With params: []
[23-Apr-2025 01:13:02 Europe/Berlin] Query executed successfully. Found 5 rows
[23-Apr-2025 01:13:02 Europe/Berlin] Executing SQL: SELECT * FROM feedback ORDER BY created_at DESC
[23-Apr-2025 01:13:02 Europe/Berlin] With params: []
[23-Apr-2025 01:13:02 Europe/Berlin] Query executed successfully. Found 10 rows
[23-Apr-2025 01:13:02 Europe/Berlin] Executing SQL: SELECT * FROM matches WHERE status = 'live'
[23-Apr-2025 01:13:02 Europe/Berlin] With params: []
[23-Apr-2025 01:13:02 Europe/Berlin] Query executed successfully. Found 2 rows
[23-Apr-2025 01:13:02 Europe/Berlin] Executing SQL: SELECT * FROM matches WHERE 1=1 ORDER BY match_time DESC
[23-Apr-2025 01:13:02 Europe/Berlin] With params: []
[23-Apr-2025 01:13:02 Europe/Berlin] Query executed successfully. Found 13 rows
[23-Apr-2025 01:13:02 Europe/Berlin] PHP Warning:  Undefined array key "status" in /Applications/XAMPP/xamppfiles/htdocs/sportsync/public/admin.php on line 819
[23-Apr-2025 01:13:02 Europe/Berlin] PHP Warning:  Undefined array key "status" in /Applications/XAMPP/xamppfiles/htdocs/sportsync/public/admin.php on line 820
[23-Apr-2025 01:13:02 Europe/Berlin] PHP Warning:  Undefined array key "status" in /Applications/XAMPP/xamppfiles/htdocs/sportsync/public/admin.php on line 821
[23-Apr-2025 01:13:02 Europe/Berlin] PHP Warning:  Undefined array key "status" in /Applications/XAMPP/xamppfiles/htdocs/sportsync/public/admin.php on line 819
[23-Apr-2025 01:13:02 Europe/Berlin] PHP Warning:  Undefined array key "status" in /Applications/XAMPP/xamppfiles/htdocs/sportsync/public/admin.php on line 820
[23-Apr-2025 01:13:02 Europe/Berlin] PHP Warning:  Undefined array key "status" in /Applications/XAMPP/xamppfiles/htdocs/sportsync/public/admin.php on line 821
[23-Apr-2025 01:13:02 Europe/Berlin] PHP Warning:  Undefined array key "status" in /Applications/XAMPP/xamppfiles/htdocs/sportsync/public/admin.php on line 819
[23-Apr-2025 01:13:02 Europe/Berlin] PHP Warning:  Undefined array key "status" in /Applications/XAMPP/xamppfiles/htdocs/sportsync/public/admin.php on line 820
[23-Apr-2025 01:13:02 Europe/Berlin] PHP Warning:  Undefined array key "status" in /Applications/XAMPP/xamppfiles/htdocs/sportsync/public/admin.php on line 821
[23-Apr-2025 01:13:02 Europe/Berlin] PHP Warning:  Undefined array key "status" in /Applications/XAMPP/xamppfiles/htdocs/sportsync/public/admin.php on line 819
[23-Apr-2025 01:13:02 Europe/Berlin] PHP Warning:  Undefined array key "status" in /Applications/XAMPP/xamppfiles/htdocs/sportsync/public/admin.php on line 820
[23-Apr-2025 01:13:02 Europe/Berlin] PHP Warning:  Undefined array key "status" in /Applications/XAMPP/xamppfiles/htdocs/sportsync/public/admin.php on line 821
[23-Apr-2025 01:13:02 Europe/Berlin] PHP Warning:  Undefined array key "status" in /Applications/XAMPP/xamppfiles/htdocs/sportsync/public/admin.php on line 819
[23-Apr-2025 01:13:02 Europe/Berlin] PHP Warning:  Undefined array key "status" in /Applications/XAMPP/xamppfiles/htdocs/sportsync/public/admin.php on line 820
[23-Apr-2025 01:13:02 Europe/Berlin] PHP Warning:  Undefined array key "status" in /Applications/XAMPP/xamppfiles/htdocs/sportsync/public/admin.php on line 821
[23-Apr-2025 01:13:02 Europe/Berlin] PHP Warning:  Undefined array key "status" in /Applications/XAMPP/xamppfiles/htdocs/sportsync/public/admin.php on line 819
[23-Apr-2025 01:13:02 Europe/Berlin] PHP Warning:  Undefined array key "status" in /Applications/XAMPP/xamppfiles/htdocs/sportsync/public/admin.php on line 820
[23-Apr-2025 01:13:02 Europe/Berlin] PHP Warning:  Undefined array key "status" in /Applications/XAMPP/xamppfiles/htdocs/sportsync/public/admin.php on line 821
[23-Apr-2025 01:13:02 Europe/Berlin] PHP Warning:  Undefined array key "status" in /Applications/XAMPP/xamppfiles/htdocs/sportsync/public/admin.php on line 819
[23-Apr-2025 01:13:02 Europe/Berlin] PHP Warning:  Undefined array key "status" in /Applications/XAMPP/xamppfiles/htdocs/sportsync/public/admin.php on line 820
[23-Apr-2025 01:13:02 Europe/Berlin] PHP Warning:  Undefined array key "status" in /Applications/XAMPP/xamppfiles/htdocs/sportsync/public/admin.php on line 821
[23-Apr-2025 01:13:02 Europe/Berlin] PHP Warning:  Undefined array key "status" in /Applications/XAMPP/xamppfiles/htdocs/sportsync/public/admin.php on line 819
[23-Apr-2025 01:13:02 Europe/Berlin] PHP Warning:  Undefined array key "status" in /Applications/XAMPP/xamppfiles/htdocs/sportsync/public/admin.php on line 820
[23-Apr-2025 01:13:02 Europe/Berlin] PHP Warning:  Undefined array key "status" in /Applications/XAMPP/xamppfiles/htdocs/sportsync/public/admin.php on line 821
[23-Apr-2025 01:13:02 Europe/Berlin] PHP Warning:  Undefined array key "status" in /Applications/XAMPP/xamppfiles/htdocs/sportsync/public/admin.php on line 819
[23-Apr-2025 01:13:02 Europe/Berlin] PHP Warning:  Undefined array key "status" in /Applications/XAMPP/xamppfiles/htdocs/sportsync/public/admin.php on line 820
[23-Apr-2025 01:13:02 Europe/Berlin] PHP Warning:  Undefined array key "status" in /Applications/XAMPP/xamppfiles/htdocs/sportsync/public/admin.php on line 821
[23-Apr-2025 01:13:02 Europe/Berlin] PHP Warning:  Undefined array key "status" in /Applications/XAMPP/xamppfiles/htdocs/sportsync/public/admin.php on line 819
[23-Apr-2025 01:13:02 Europe/Berlin] PHP Warning:  Undefined array key "status" in /Applications/XAMPP/xamppfiles/htdocs/sportsync/public/admin.php on line 820
[23-Apr-2025 01:13:02 Europe/Berlin] PHP Warning:  Undefined array key "status" in /Applications/XAMPP/xamppfiles/htdocs/sportsync/public/admin.php on line 821
[23-Apr-2025 01:13:23 Europe/Berlin] Connected to database. Tables found: favorites, feedback, matches, news, newsletter, notifications, players, subscriptions, users
[23-Apr-2025 01:13:23 Europe/Berlin] Executing SQL: CREATE TABLE IF NOT EXISTS users (
                id INT AUTO_INCREMENT PRIMARY KEY,
                username VARCHAR(50) NOT NULL UNIQUE,
                password VARCHAR(255) NOT NULL,
                email VARCHAR(100) NOT NULL UNIQUE,
                account_type ENUM('user', 'admin') DEFAULT 'user',
                created_at TIMESTAMP DEFAULT CURRENT_TIMESTAMP
            )
[23-Apr-2025 01:13:23 Europe/Berlin] With params: []
[23-Apr-2025 01:13:23 Europe/Berlin] Query executed successfully. Found 0 rows
[23-Apr-2025 01:13:23 Europe/Berlin] Users table created or already exists
[23-Apr-2025 01:13:23 Europe/Berlin] Users table structure: [{"Field":"id","Type":"int(11)","Null":"NO","Key":"PRI","Default":null,"Extra":"auto_increment"},{"Field":"username","Type":"varchar(50)","Null":"NO","Key":"","Default":null,"Extra":""},{"Field":"email","Type":"varchar(100)","Null":"NO","Key":"UNI","Default":null,"Extra":""},{"Field":"password","Type":"varchar(255)","Null":"NO","Key":"","Default":null,"Extra":""},{"Field":"role","Type":"enum('user','admin')","Null":"YES","Key":"","Default":"user","Extra":""},{"Field":"verification_code","Type":"varchar(100)","Null":"YES","Key":"","Default":null,"Extra":""},{"Field":"is_verified","Type":"tinyint(1)","Null":"YES","Key":"","Default":"0","Extra":""},{"Field":"created_at","Type":"timestamp","Null":"NO","Key":"","Default":"current_timestamp()","Extra":""},{"Field":"favorite_sport","Type":"varchar(50)","Null":"YES","Key":"","Default":null,"Extra":""},{"Field":"favorite_team","Type":"varchar(50)","Null":"YES","Key":"","Default":null,"Extra":""},{"Field":"account_type","Type":"enum('user','admin')","Null":"YES","Key":"","Default":"user","Extra":""}]
[23-Apr-2025 01:13:23 Europe/Berlin] Number of users in database: 13
[23-Apr-2025 01:13:23 Europe/Berlin] All tables initialized successfully
[23-Apr-2025 01:13:23 Europe/Berlin] Connected to database. Tables found: favorites, feedback, matches, news, newsletter, notifications, players, subscriptions, users
[23-Apr-2025 01:13:23 Europe/Berlin] Executing SQL: CREATE TABLE IF NOT EXISTS users (
                id INT AUTO_INCREMENT PRIMARY KEY,
                username VARCHAR(50) NOT NULL UNIQUE,
                password VARCHAR(255) NOT NULL,
                email VARCHAR(100) NOT NULL UNIQUE,
                account_type ENUM('user', 'admin') DEFAULT 'user',
                created_at TIMESTAMP DEFAULT CURRENT_TIMESTAMP
            )
[23-Apr-2025 01:13:23 Europe/Berlin] With params: []
[23-Apr-2025 01:13:23 Europe/Berlin] Query executed successfully. Found 0 rows
[23-Apr-2025 01:13:23 Europe/Berlin] Users table created or already exists
[23-Apr-2025 01:13:23 Europe/Berlin] Users table structure: [{"Field":"id","Type":"int(11)","Null":"NO","Key":"PRI","Default":null,"Extra":"auto_increment"},{"Field":"username","Type":"varchar(50)","Null":"NO","Key":"","Default":null,"Extra":""},{"Field":"email","Type":"varchar(100)","Null":"NO","Key":"UNI","Default":null,"Extra":""},{"Field":"password","Type":"varchar(255)","Null":"NO","Key":"","Default":null,"Extra":""},{"Field":"role","Type":"enum('user','admin')","Null":"YES","Key":"","Default":"user","Extra":""},{"Field":"verification_code","Type":"varchar(100)","Null":"YES","Key":"","Default":null,"Extra":""},{"Field":"is_verified","Type":"tinyint(1)","Null":"YES","Key":"","Default":"0","Extra":""},{"Field":"created_at","Type":"timestamp","Null":"NO","Key":"","Default":"current_timestamp()","Extra":""},{"Field":"favorite_sport","Type":"varchar(50)","Null":"YES","Key":"","Default":null,"Extra":""},{"Field":"favorite_team","Type":"varchar(50)","Null":"YES","Key":"","Default":null,"Extra":""},{"Field":"account_type","Type":"enum('user','admin')","Null":"YES","Key":"","Default":"user","Extra":""}]
[23-Apr-2025 01:13:23 Europe/Berlin] Number of users in database: 13
[23-Apr-2025 01:13:23 Europe/Berlin] All tables initialized successfully
[23-Apr-2025 01:13:23 Europe/Berlin] Database tables initialized successfully
[23-Apr-2025 01:13:23 Europe/Berlin] Executing SQL: SELECT * FROM users WHERE id = :id
[23-Apr-2025 01:13:23 Europe/Berlin] With params: {":id":12}
[23-Apr-2025 01:13:23 Europe/Berlin] Query executed successfully. Found 1 rows
[23-Apr-2025 01:13:23 Europe/Berlin] User loaded from session: varunpndey
[23-Apr-2025 01:13:23 Europe/Berlin] Executing SQL: SELECT * FROM users WHERE id = :id
[23-Apr-2025 01:13:23 Europe/Berlin] With params: {":id":12}
[23-Apr-2025 01:13:23 Europe/Berlin] Query executed successfully. Found 1 rows
[23-Apr-2025 01:13:23 Europe/Berlin] Executing SQL: SELECT * FROM news ORDER BY created_at DESC
[23-Apr-2025 01:13:23 Europe/Berlin] With params: []
[23-Apr-2025 01:13:23 Europe/Berlin] Query executed successfully. Found 5 rows
[23-Apr-2025 01:13:23 Europe/Berlin] Executing SQL: SELECT * FROM feedback ORDER BY created_at DESC
[23-Apr-2025 01:13:23 Europe/Berlin] With params: []
[23-Apr-2025 01:13:23 Europe/Berlin] Query executed successfully. Found 10 rows
[23-Apr-2025 01:13:23 Europe/Berlin] Executing SQL: SELECT * FROM matches WHERE status = 'live'
[23-Apr-2025 01:13:23 Europe/Berlin] With params: []
[23-Apr-2025 01:13:23 Europe/Berlin] Query executed successfully. Found 2 rows
[23-Apr-2025 01:13:23 Europe/Berlin] Executing SQL: SELECT * FROM matches WHERE 1=1 ORDER BY match_time DESC
[23-Apr-2025 01:13:23 Europe/Berlin] With params: []
[23-Apr-2025 01:13:23 Europe/Berlin] Query executed successfully. Found 13 rows
[23-Apr-2025 01:13:23 Europe/Berlin] PHP Warning:  Undefined array key "status" in /Applications/XAMPP/xamppfiles/htdocs/sportsync/public/admin.php on line 819
[23-Apr-2025 01:13:23 Europe/Berlin] PHP Warning:  Undefined array key "status" in /Applications/XAMPP/xamppfiles/htdocs/sportsync/public/admin.php on line 820
[23-Apr-2025 01:13:23 Europe/Berlin] PHP Warning:  Undefined array key "status" in /Applications/XAMPP/xamppfiles/htdocs/sportsync/public/admin.php on line 821
[23-Apr-2025 01:13:23 Europe/Berlin] PHP Warning:  Undefined array key "status" in /Applications/XAMPP/xamppfiles/htdocs/sportsync/public/admin.php on line 819
[23-Apr-2025 01:13:23 Europe/Berlin] PHP Warning:  Undefined array key "status" in /Applications/XAMPP/xamppfiles/htdocs/sportsync/public/admin.php on line 820
[23-Apr-2025 01:13:23 Europe/Berlin] PHP Warning:  Undefined array key "status" in /Applications/XAMPP/xamppfiles/htdocs/sportsync/public/admin.php on line 821
[23-Apr-2025 01:13:23 Europe/Berlin] PHP Warning:  Undefined array key "status" in /Applications/XAMPP/xamppfiles/htdocs/sportsync/public/admin.php on line 819
[23-Apr-2025 01:13:23 Europe/Berlin] PHP Warning:  Undefined array key "status" in /Applications/XAMPP/xamppfiles/htdocs/sportsync/public/admin.php on line 820
[23-Apr-2025 01:13:23 Europe/Berlin] PHP Warning:  Undefined array key "status" in /Applications/XAMPP/xamppfiles/htdocs/sportsync/public/admin.php on line 821
[23-Apr-2025 01:13:23 Europe/Berlin] PHP Warning:  Undefined array key "status" in /Applications/XAMPP/xamppfiles/htdocs/sportsync/public/admin.php on line 819
[23-Apr-2025 01:13:23 Europe/Berlin] PHP Warning:  Undefined array key "status" in /Applications/XAMPP/xamppfiles/htdocs/sportsync/public/admin.php on line 820
[23-Apr-2025 01:13:23 Europe/Berlin] PHP Warning:  Undefined array key "status" in /Applications/XAMPP/xamppfiles/htdocs/sportsync/public/admin.php on line 821
[23-Apr-2025 01:13:23 Europe/Berlin] PHP Warning:  Undefined array key "status" in /Applications/XAMPP/xamppfiles/htdocs/sportsync/public/admin.php on line 819
[23-Apr-2025 01:13:23 Europe/Berlin] PHP Warning:  Undefined array key "status" in /Applications/XAMPP/xamppfiles/htdocs/sportsync/public/admin.php on line 820
[23-Apr-2025 01:13:23 Europe/Berlin] PHP Warning:  Undefined array key "status" in /Applications/XAMPP/xamppfiles/htdocs/sportsync/public/admin.php on line 821
[23-Apr-2025 01:13:23 Europe/Berlin] PHP Warning:  Undefined array key "status" in /Applications/XAMPP/xamppfiles/htdocs/sportsync/public/admin.php on line 819
[23-Apr-2025 01:13:23 Europe/Berlin] PHP Warning:  Undefined array key "status" in /Applications/XAMPP/xamppfiles/htdocs/sportsync/public/admin.php on line 820
[23-Apr-2025 01:13:23 Europe/Berlin] PHP Warning:  Undefined array key "status" in /Applications/XAMPP/xamppfiles/htdocs/sportsync/public/admin.php on line 821
[23-Apr-2025 01:13:23 Europe/Berlin] PHP Warning:  Undefined array key "status" in /Applications/XAMPP/xamppfiles/htdocs/sportsync/public/admin.php on line 819
[23-Apr-2025 01:13:23 Europe/Berlin] PHP Warning:  Undefined array key "status" in /Applications/XAMPP/xamppfiles/htdocs/sportsync/public/admin.php on line 820
[23-Apr-2025 01:13:23 Europe/Berlin] PHP Warning:  Undefined array key "status" in /Applications/XAMPP/xamppfiles/htdocs/sportsync/public/admin.php on line 821
[23-Apr-2025 01:13:23 Europe/Berlin] PHP Warning:  Undefined array key "status" in /Applications/XAMPP/xamppfiles/htdocs/sportsync/public/admin.php on line 819
[23-Apr-2025 01:13:23 Europe/Berlin] PHP Warning:  Undefined array key "status" in /Applications/XAMPP/xamppfiles/htdocs/sportsync/public/admin.php on line 820
[23-Apr-2025 01:13:23 Europe/Berlin] PHP Warning:  Undefined array key "status" in /Applications/XAMPP/xamppfiles/htdocs/sportsync/public/admin.php on line 821
[23-Apr-2025 01:13:23 Europe/Berlin] PHP Warning:  Undefined array key "status" in /Applications/XAMPP/xamppfiles/htdocs/sportsync/public/admin.php on line 819
[23-Apr-2025 01:13:23 Europe/Berlin] PHP Warning:  Undefined array key "status" in /Applications/XAMPP/xamppfiles/htdocs/sportsync/public/admin.php on line 820
[23-Apr-2025 01:13:23 Europe/Berlin] PHP Warning:  Undefined array key "status" in /Applications/XAMPP/xamppfiles/htdocs/sportsync/public/admin.php on line 821
[23-Apr-2025 01:13:23 Europe/Berlin] PHP Warning:  Undefined array key "status" in /Applications/XAMPP/xamppfiles/htdocs/sportsync/public/admin.php on line 819
[23-Apr-2025 01:13:23 Europe/Berlin] PHP Warning:  Undefined array key "status" in /Applications/XAMPP/xamppfiles/htdocs/sportsync/public/admin.php on line 820
[23-Apr-2025 01:13:23 Europe/Berlin] PHP Warning:  Undefined array key "status" in /Applications/XAMPP/xamppfiles/htdocs/sportsync/public/admin.php on line 821
[23-Apr-2025 01:15:46 Europe/Berlin] Connected to database. Tables found: favorites, feedback, matches, news, newsletter, notifications, players, subscriptions, users
[23-Apr-2025 01:15:46 Europe/Berlin] Executing SQL: CREATE TABLE IF NOT EXISTS users (
                id INT AUTO_INCREMENT PRIMARY KEY,
                username VARCHAR(50) NOT NULL UNIQUE,
                password VARCHAR(255) NOT NULL,
                email VARCHAR(100) NOT NULL UNIQUE,
                account_type ENUM('user', 'admin') DEFAULT 'user',
                created_at TIMESTAMP DEFAULT CURRENT_TIMESTAMP
            )
[23-Apr-2025 01:15:46 Europe/Berlin] With params: []
[23-Apr-2025 01:15:46 Europe/Berlin] Query executed successfully. Found 0 rows
[23-Apr-2025 01:15:46 Europe/Berlin] Users table created or already exists
[23-Apr-2025 01:15:46 Europe/Berlin] Users table structure: [{"Field":"id","Type":"int(11)","Null":"NO","Key":"PRI","Default":null,"Extra":"auto_increment"},{"Field":"username","Type":"varchar(50)","Null":"NO","Key":"","Default":null,"Extra":""},{"Field":"email","Type":"varchar(100)","Null":"NO","Key":"UNI","Default":null,"Extra":""},{"Field":"password","Type":"varchar(255)","Null":"NO","Key":"","Default":null,"Extra":""},{"Field":"role","Type":"enum('user','admin')","Null":"YES","Key":"","Default":"user","Extra":""},{"Field":"verification_code","Type":"varchar(100)","Null":"YES","Key":"","Default":null,"Extra":""},{"Field":"is_verified","Type":"tinyint(1)","Null":"YES","Key":"","Default":"0","Extra":""},{"Field":"created_at","Type":"timestamp","Null":"NO","Key":"","Default":"current_timestamp()","Extra":""},{"Field":"favorite_sport","Type":"varchar(50)","Null":"YES","Key":"","Default":null,"Extra":""},{"Field":"favorite_team","Type":"varchar(50)","Null":"YES","Key":"","Default":null,"Extra":""},{"Field":"account_type","Type":"enum('user','admin')","Null":"YES","Key":"","Default":"user","Extra":""}]
[23-Apr-2025 01:15:46 Europe/Berlin] Number of users in database: 13
[23-Apr-2025 01:15:46 Europe/Berlin] All tables initialized successfully
[23-Apr-2025 01:15:46 Europe/Berlin] Connected to database. Tables found: favorites, feedback, matches, news, newsletter, notifications, players, subscriptions, users
[23-Apr-2025 01:15:46 Europe/Berlin] Executing SQL: CREATE TABLE IF NOT EXISTS users (
                id INT AUTO_INCREMENT PRIMARY KEY,
                username VARCHAR(50) NOT NULL UNIQUE,
                password VARCHAR(255) NOT NULL,
                email VARCHAR(100) NOT NULL UNIQUE,
                account_type ENUM('user', 'admin') DEFAULT 'user',
                created_at TIMESTAMP DEFAULT CURRENT_TIMESTAMP
            )
[23-Apr-2025 01:15:46 Europe/Berlin] With params: []
[23-Apr-2025 01:15:46 Europe/Berlin] Query executed successfully. Found 0 rows
[23-Apr-2025 01:15:46 Europe/Berlin] Users table created or already exists
[23-Apr-2025 01:15:46 Europe/Berlin] Users table structure: [{"Field":"id","Type":"int(11)","Null":"NO","Key":"PRI","Default":null,"Extra":"auto_increment"},{"Field":"username","Type":"varchar(50)","Null":"NO","Key":"","Default":null,"Extra":""},{"Field":"email","Type":"varchar(100)","Null":"NO","Key":"UNI","Default":null,"Extra":""},{"Field":"password","Type":"varchar(255)","Null":"NO","Key":"","Default":null,"Extra":""},{"Field":"role","Type":"enum('user','admin')","Null":"YES","Key":"","Default":"user","Extra":""},{"Field":"verification_code","Type":"varchar(100)","Null":"YES","Key":"","Default":null,"Extra":""},{"Field":"is_verified","Type":"tinyint(1)","Null":"YES","Key":"","Default":"0","Extra":""},{"Field":"created_at","Type":"timestamp","Null":"NO","Key":"","Default":"current_timestamp()","Extra":""},{"Field":"favorite_sport","Type":"varchar(50)","Null":"YES","Key":"","Default":null,"Extra":""},{"Field":"favorite_team","Type":"varchar(50)","Null":"YES","Key":"","Default":null,"Extra":""},{"Field":"account_type","Type":"enum('user','admin')","Null":"YES","Key":"","Default":"user","Extra":""}]
[23-Apr-2025 01:15:46 Europe/Berlin] Number of users in database: 13
[23-Apr-2025 01:15:46 Europe/Berlin] All tables initialized successfully
[23-Apr-2025 01:15:46 Europe/Berlin] Database tables initialized successfully
[23-Apr-2025 01:15:46 Europe/Berlin] Executing SQL: SELECT * FROM users WHERE id = :id
[23-Apr-2025 01:15:46 Europe/Berlin] With params: {":id":12}
[23-Apr-2025 01:15:46 Europe/Berlin] Query executed successfully. Found 1 rows
[23-Apr-2025 01:15:46 Europe/Berlin] User loaded from session: varunpndey
[23-Apr-2025 01:15:46 Europe/Berlin] Executing SQL: SELECT * FROM users WHERE id = :id
[23-Apr-2025 01:15:46 Europe/Berlin] With params: {":id":12}
[23-Apr-2025 01:15:46 Europe/Berlin] Query executed successfully. Found 1 rows
[23-Apr-2025 01:15:46 Europe/Berlin] Executing SQL: SELECT * FROM news ORDER BY created_at DESC
[23-Apr-2025 01:15:46 Europe/Berlin] With params: []
[23-Apr-2025 01:15:46 Europe/Berlin] Query executed successfully. Found 5 rows
[23-Apr-2025 01:15:46 Europe/Berlin] Executing SQL: SELECT * FROM feedback ORDER BY created_at DESC
[23-Apr-2025 01:15:46 Europe/Berlin] With params: []
[23-Apr-2025 01:15:46 Europe/Berlin] Query executed successfully. Found 10 rows
[23-Apr-2025 01:15:46 Europe/Berlin] Executing SQL: SELECT * FROM matches WHERE status = 'live'
[23-Apr-2025 01:15:46 Europe/Berlin] With params: []
[23-Apr-2025 01:15:46 Europe/Berlin] Query executed successfully. Found 2 rows
[23-Apr-2025 01:15:46 Europe/Berlin] Executing SQL: SELECT * FROM matches WHERE 1=1 ORDER BY match_time DESC
[23-Apr-2025 01:15:46 Europe/Berlin] With params: []
[23-Apr-2025 01:15:46 Europe/Berlin] Query executed successfully. Found 13 rows
[23-Apr-2025 01:15:46 Europe/Berlin] PHP Warning:  Undefined array key "status" in /Applications/XAMPP/xamppfiles/htdocs/sportsync/public/admin.php on line 819
[23-Apr-2025 01:15:46 Europe/Berlin] PHP Warning:  Undefined array key "status" in /Applications/XAMPP/xamppfiles/htdocs/sportsync/public/admin.php on line 820
[23-Apr-2025 01:15:46 Europe/Berlin] PHP Warning:  Undefined array key "status" in /Applications/XAMPP/xamppfiles/htdocs/sportsync/public/admin.php on line 821
[23-Apr-2025 01:15:46 Europe/Berlin] PHP Warning:  Undefined array key "status" in /Applications/XAMPP/xamppfiles/htdocs/sportsync/public/admin.php on line 819
[23-Apr-2025 01:15:46 Europe/Berlin] PHP Warning:  Undefined array key "status" in /Applications/XAMPP/xamppfiles/htdocs/sportsync/public/admin.php on line 820
[23-Apr-2025 01:15:46 Europe/Berlin] PHP Warning:  Undefined array key "status" in /Applications/XAMPP/xamppfiles/htdocs/sportsync/public/admin.php on line 821
[23-Apr-2025 01:15:46 Europe/Berlin] PHP Warning:  Undefined array key "status" in /Applications/XAMPP/xamppfiles/htdocs/sportsync/public/admin.php on line 819
[23-Apr-2025 01:15:46 Europe/Berlin] PHP Warning:  Undefined array key "status" in /Applications/XAMPP/xamppfiles/htdocs/sportsync/public/admin.php on line 820
[23-Apr-2025 01:15:46 Europe/Berlin] PHP Warning:  Undefined array key "status" in /Applications/XAMPP/xamppfiles/htdocs/sportsync/public/admin.php on line 821
[23-Apr-2025 01:15:46 Europe/Berlin] PHP Warning:  Undefined array key "status" in /Applications/XAMPP/xamppfiles/htdocs/sportsync/public/admin.php on line 819
[23-Apr-2025 01:15:46 Europe/Berlin] PHP Warning:  Undefined array key "status" in /Applications/XAMPP/xamppfiles/htdocs/sportsync/public/admin.php on line 820
[23-Apr-2025 01:15:46 Europe/Berlin] PHP Warning:  Undefined array key "status" in /Applications/XAMPP/xamppfiles/htdocs/sportsync/public/admin.php on line 821
[23-Apr-2025 01:15:46 Europe/Berlin] PHP Warning:  Undefined array key "status" in /Applications/XAMPP/xamppfiles/htdocs/sportsync/public/admin.php on line 819
[23-Apr-2025 01:15:46 Europe/Berlin] PHP Warning:  Undefined array key "status" in /Applications/XAMPP/xamppfiles/htdocs/sportsync/public/admin.php on line 820
[23-Apr-2025 01:15:46 Europe/Berlin] PHP Warning:  Undefined array key "status" in /Applications/XAMPP/xamppfiles/htdocs/sportsync/public/admin.php on line 821
[23-Apr-2025 01:15:46 Europe/Berlin] PHP Warning:  Undefined array key "status" in /Applications/XAMPP/xamppfiles/htdocs/sportsync/public/admin.php on line 819
[23-Apr-2025 01:15:46 Europe/Berlin] PHP Warning:  Undefined array key "status" in /Applications/XAMPP/xamppfiles/htdocs/sportsync/public/admin.php on line 820
[23-Apr-2025 01:15:46 Europe/Berlin] PHP Warning:  Undefined array key "status" in /Applications/XAMPP/xamppfiles/htdocs/sportsync/public/admin.php on line 821
[23-Apr-2025 01:15:46 Europe/Berlin] PHP Warning:  Undefined array key "status" in /Applications/XAMPP/xamppfiles/htdocs/sportsync/public/admin.php on line 819
[23-Apr-2025 01:15:46 Europe/Berlin] PHP Warning:  Undefined array key "status" in /Applications/XAMPP/xamppfiles/htdocs/sportsync/public/admin.php on line 820
[23-Apr-2025 01:15:46 Europe/Berlin] PHP Warning:  Undefined array key "status" in /Applications/XAMPP/xamppfiles/htdocs/sportsync/public/admin.php on line 821
[23-Apr-2025 01:15:46 Europe/Berlin] PHP Warning:  Undefined array key "status" in /Applications/XAMPP/xamppfiles/htdocs/sportsync/public/admin.php on line 819
[23-Apr-2025 01:15:46 Europe/Berlin] PHP Warning:  Undefined array key "status" in /Applications/XAMPP/xamppfiles/htdocs/sportsync/public/admin.php on line 820
[23-Apr-2025 01:15:46 Europe/Berlin] PHP Warning:  Undefined array key "status" in /Applications/XAMPP/xamppfiles/htdocs/sportsync/public/admin.php on line 821
[23-Apr-2025 01:15:46 Europe/Berlin] PHP Warning:  Undefined array key "status" in /Applications/XAMPP/xamppfiles/htdocs/sportsync/public/admin.php on line 819
[23-Apr-2025 01:15:46 Europe/Berlin] PHP Warning:  Undefined array key "status" in /Applications/XAMPP/xamppfiles/htdocs/sportsync/public/admin.php on line 820
[23-Apr-2025 01:15:46 Europe/Berlin] PHP Warning:  Undefined array key "status" in /Applications/XAMPP/xamppfiles/htdocs/sportsync/public/admin.php on line 821
[23-Apr-2025 01:15:46 Europe/Berlin] PHP Warning:  Undefined array key "status" in /Applications/XAMPP/xamppfiles/htdocs/sportsync/public/admin.php on line 819
[23-Apr-2025 01:15:46 Europe/Berlin] PHP Warning:  Undefined array key "status" in /Applications/XAMPP/xamppfiles/htdocs/sportsync/public/admin.php on line 820
[23-Apr-2025 01:15:46 Europe/Berlin] PHP Warning:  Undefined array key "status" in /Applications/XAMPP/xamppfiles/htdocs/sportsync/public/admin.php on line 821
[23-Apr-2025 01:18:59 Europe/Berlin] Connected to database. Tables found: favorites, feedback, matches, news, newsletter, notifications, players, subscriptions, users
[23-Apr-2025 01:18:59 Europe/Berlin] Executing SQL: CREATE TABLE IF NOT EXISTS users (
                id INT AUTO_INCREMENT PRIMARY KEY,
                username VARCHAR(50) NOT NULL UNIQUE,
                password VARCHAR(255) NOT NULL,
                email VARCHAR(100) NOT NULL UNIQUE,
                account_type ENUM('user', 'admin') DEFAULT 'user',
                created_at TIMESTAMP DEFAULT CURRENT_TIMESTAMP
            )
[23-Apr-2025 01:18:59 Europe/Berlin] With params: []
[23-Apr-2025 01:18:59 Europe/Berlin] Query executed successfully. Found 0 rows
[23-Apr-2025 01:18:59 Europe/Berlin] Users table created or already exists
[23-Apr-2025 01:18:59 Europe/Berlin] Users table structure: [{"Field":"id","Type":"int(11)","Null":"NO","Key":"PRI","Default":null,"Extra":"auto_increment"},{"Field":"username","Type":"varchar(50)","Null":"NO","Key":"","Default":null,"Extra":""},{"Field":"email","Type":"varchar(100)","Null":"NO","Key":"UNI","Default":null,"Extra":""},{"Field":"password","Type":"varchar(255)","Null":"NO","Key":"","Default":null,"Extra":""},{"Field":"role","Type":"enum('user','admin')","Null":"YES","Key":"","Default":"user","Extra":""},{"Field":"verification_code","Type":"varchar(100)","Null":"YES","Key":"","Default":null,"Extra":""},{"Field":"is_verified","Type":"tinyint(1)","Null":"YES","Key":"","Default":"0","Extra":""},{"Field":"created_at","Type":"timestamp","Null":"NO","Key":"","Default":"current_timestamp()","Extra":""},{"Field":"favorite_sport","Type":"varchar(50)","Null":"YES","Key":"","Default":null,"Extra":""},{"Field":"favorite_team","Type":"varchar(50)","Null":"YES","Key":"","Default":null,"Extra":""},{"Field":"account_type","Type":"enum('user','admin')","Null":"YES","Key":"","Default":"user","Extra":""}]
[23-Apr-2025 01:18:59 Europe/Berlin] Number of users in database: 13
[23-Apr-2025 01:18:59 Europe/Berlin] All tables initialized successfully
[23-Apr-2025 01:18:59 Europe/Berlin] Connected to database. Tables found: favorites, feedback, matches, news, newsletter, notifications, players, subscriptions, users
[23-Apr-2025 01:18:59 Europe/Berlin] Executing SQL: CREATE TABLE IF NOT EXISTS users (
                id INT AUTO_INCREMENT PRIMARY KEY,
                username VARCHAR(50) NOT NULL UNIQUE,
                password VARCHAR(255) NOT NULL,
                email VARCHAR(100) NOT NULL UNIQUE,
                account_type ENUM('user', 'admin') DEFAULT 'user',
                created_at TIMESTAMP DEFAULT CURRENT_TIMESTAMP
            )
[23-Apr-2025 01:18:59 Europe/Berlin] With params: []
[23-Apr-2025 01:18:59 Europe/Berlin] Query executed successfully. Found 0 rows
[23-Apr-2025 01:18:59 Europe/Berlin] Users table created or already exists
[23-Apr-2025 01:18:59 Europe/Berlin] Users table structure: [{"Field":"id","Type":"int(11)","Null":"NO","Key":"PRI","Default":null,"Extra":"auto_increment"},{"Field":"username","Type":"varchar(50)","Null":"NO","Key":"","Default":null,"Extra":""},{"Field":"email","Type":"varchar(100)","Null":"NO","Key":"UNI","Default":null,"Extra":""},{"Field":"password","Type":"varchar(255)","Null":"NO","Key":"","Default":null,"Extra":""},{"Field":"role","Type":"enum('user','admin')","Null":"YES","Key":"","Default":"user","Extra":""},{"Field":"verification_code","Type":"varchar(100)","Null":"YES","Key":"","Default":null,"Extra":""},{"Field":"is_verified","Type":"tinyint(1)","Null":"YES","Key":"","Default":"0","Extra":""},{"Field":"created_at","Type":"timestamp","Null":"NO","Key":"","Default":"current_timestamp()","Extra":""},{"Field":"favorite_sport","Type":"varchar(50)","Null":"YES","Key":"","Default":null,"Extra":""},{"Field":"favorite_team","Type":"varchar(50)","Null":"YES","Key":"","Default":null,"Extra":""},{"Field":"account_type","Type":"enum('user','admin')","Null":"YES","Key":"","Default":"user","Extra":""}]
[23-Apr-2025 01:18:59 Europe/Berlin] Number of users in database: 13
[23-Apr-2025 01:18:59 Europe/Berlin] All tables initialized successfully
[23-Apr-2025 01:18:59 Europe/Berlin] Database tables initialized successfully
[23-Apr-2025 01:18:59 Europe/Berlin] Executing SQL: SELECT * FROM users WHERE id = :id
[23-Apr-2025 01:18:59 Europe/Berlin] With params: {":id":12}
[23-Apr-2025 01:18:59 Europe/Berlin] Query executed successfully. Found 1 rows
[23-Apr-2025 01:18:59 Europe/Berlin] User loaded from session: varunpndey
[23-Apr-2025 01:18:59 Europe/Berlin] Executing SQL: SELECT * FROM users WHERE id = :id
[23-Apr-2025 01:18:59 Europe/Berlin] With params: {":id":12}
[23-Apr-2025 01:18:59 Europe/Berlin] Query executed successfully. Found 1 rows
[23-Apr-2025 01:18:59 Europe/Berlin] Executing SQL: SELECT * FROM news ORDER BY created_at DESC
[23-Apr-2025 01:18:59 Europe/Berlin] With params: []
[23-Apr-2025 01:18:59 Europe/Berlin] Query executed successfully. Found 5 rows
[23-Apr-2025 01:18:59 Europe/Berlin] Executing SQL: SELECT * FROM feedback ORDER BY created_at DESC
[23-Apr-2025 01:18:59 Europe/Berlin] With params: []
[23-Apr-2025 01:18:59 Europe/Berlin] Query executed successfully. Found 10 rows
[23-Apr-2025 01:18:59 Europe/Berlin] Executing SQL: SELECT * FROM matches WHERE status = 'live'
[23-Apr-2025 01:18:59 Europe/Berlin] With params: []
[23-Apr-2025 01:18:59 Europe/Berlin] Query executed successfully. Found 2 rows
[23-Apr-2025 01:18:59 Europe/Berlin] Executing SQL: SELECT * FROM matches WHERE 1=1 ORDER BY match_time DESC
[23-Apr-2025 01:18:59 Europe/Berlin] With params: []
[23-Apr-2025 01:18:59 Europe/Berlin] Query executed successfully. Found 13 rows
[23-Apr-2025 01:18:59 Europe/Berlin] PHP Warning:  Undefined array key "status" in /Applications/XAMPP/xamppfiles/htdocs/sportsync/public/admin.php on line 819
[23-Apr-2025 01:18:59 Europe/Berlin] PHP Warning:  Undefined array key "status" in /Applications/XAMPP/xamppfiles/htdocs/sportsync/public/admin.php on line 820
[23-Apr-2025 01:18:59 Europe/Berlin] PHP Warning:  Undefined array key "status" in /Applications/XAMPP/xamppfiles/htdocs/sportsync/public/admin.php on line 821
[23-Apr-2025 01:18:59 Europe/Berlin] PHP Warning:  Undefined array key "status" in /Applications/XAMPP/xamppfiles/htdocs/sportsync/public/admin.php on line 819
[23-Apr-2025 01:18:59 Europe/Berlin] PHP Warning:  Undefined array key "status" in /Applications/XAMPP/xamppfiles/htdocs/sportsync/public/admin.php on line 820
[23-Apr-2025 01:18:59 Europe/Berlin] PHP Warning:  Undefined array key "status" in /Applications/XAMPP/xamppfiles/htdocs/sportsync/public/admin.php on line 821
[23-Apr-2025 01:18:59 Europe/Berlin] PHP Warning:  Undefined array key "status" in /Applications/XAMPP/xamppfiles/htdocs/sportsync/public/admin.php on line 819
[23-Apr-2025 01:18:59 Europe/Berlin] PHP Warning:  Undefined array key "status" in /Applications/XAMPP/xamppfiles/htdocs/sportsync/public/admin.php on line 820
[23-Apr-2025 01:18:59 Europe/Berlin] PHP Warning:  Undefined array key "status" in /Applications/XAMPP/xamppfiles/htdocs/sportsync/public/admin.php on line 821
[23-Apr-2025 01:18:59 Europe/Berlin] PHP Warning:  Undefined array key "status" in /Applications/XAMPP/xamppfiles/htdocs/sportsync/public/admin.php on line 819
[23-Apr-2025 01:18:59 Europe/Berlin] PHP Warning:  Undefined array key "status" in /Applications/XAMPP/xamppfiles/htdocs/sportsync/public/admin.php on line 820
[23-Apr-2025 01:18:59 Europe/Berlin] PHP Warning:  Undefined array key "status" in /Applications/XAMPP/xamppfiles/htdocs/sportsync/public/admin.php on line 821
[23-Apr-2025 01:18:59 Europe/Berlin] PHP Warning:  Undefined array key "status" in /Applications/XAMPP/xamppfiles/htdocs/sportsync/public/admin.php on line 819
[23-Apr-2025 01:18:59 Europe/Berlin] PHP Warning:  Undefined array key "status" in /Applications/XAMPP/xamppfiles/htdocs/sportsync/public/admin.php on line 820
[23-Apr-2025 01:18:59 Europe/Berlin] PHP Warning:  Undefined array key "status" in /Applications/XAMPP/xamppfiles/htdocs/sportsync/public/admin.php on line 821
[23-Apr-2025 01:18:59 Europe/Berlin] PHP Warning:  Undefined array key "status" in /Applications/XAMPP/xamppfiles/htdocs/sportsync/public/admin.php on line 819
[23-Apr-2025 01:18:59 Europe/Berlin] PHP Warning:  Undefined array key "status" in /Applications/XAMPP/xamppfiles/htdocs/sportsync/public/admin.php on line 820
[23-Apr-2025 01:18:59 Europe/Berlin] PHP Warning:  Undefined array key "status" in /Applications/XAMPP/xamppfiles/htdocs/sportsync/public/admin.php on line 821
[23-Apr-2025 01:18:59 Europe/Berlin] PHP Warning:  Undefined array key "status" in /Applications/XAMPP/xamppfiles/htdocs/sportsync/public/admin.php on line 819
[23-Apr-2025 01:18:59 Europe/Berlin] PHP Warning:  Undefined array key "status" in /Applications/XAMPP/xamppfiles/htdocs/sportsync/public/admin.php on line 820
[23-Apr-2025 01:18:59 Europe/Berlin] PHP Warning:  Undefined array key "status" in /Applications/XAMPP/xamppfiles/htdocs/sportsync/public/admin.php on line 821
[23-Apr-2025 01:18:59 Europe/Berlin] PHP Warning:  Undefined array key "status" in /Applications/XAMPP/xamppfiles/htdocs/sportsync/public/admin.php on line 819
[23-Apr-2025 01:18:59 Europe/Berlin] PHP Warning:  Undefined array key "status" in /Applications/XAMPP/xamppfiles/htdocs/sportsync/public/admin.php on line 820
[23-Apr-2025 01:18:59 Europe/Berlin] PHP Warning:  Undefined array key "status" in /Applications/XAMPP/xamppfiles/htdocs/sportsync/public/admin.php on line 821
[23-Apr-2025 01:18:59 Europe/Berlin] PHP Warning:  Undefined array key "status" in /Applications/XAMPP/xamppfiles/htdocs/sportsync/public/admin.php on line 819
[23-Apr-2025 01:18:59 Europe/Berlin] PHP Warning:  Undefined array key "status" in /Applications/XAMPP/xamppfiles/htdocs/sportsync/public/admin.php on line 820
[23-Apr-2025 01:18:59 Europe/Berlin] PHP Warning:  Undefined array key "status" in /Applications/XAMPP/xamppfiles/htdocs/sportsync/public/admin.php on line 821
[23-Apr-2025 01:18:59 Europe/Berlin] PHP Warning:  Undefined array key "status" in /Applications/XAMPP/xamppfiles/htdocs/sportsync/public/admin.php on line 819
[23-Apr-2025 01:18:59 Europe/Berlin] PHP Warning:  Undefined array key "status" in /Applications/XAMPP/xamppfiles/htdocs/sportsync/public/admin.php on line 820
[23-Apr-2025 01:18:59 Europe/Berlin] PHP Warning:  Undefined array key "status" in /Applications/XAMPP/xamppfiles/htdocs/sportsync/public/admin.php on line 821
[23-Apr-2025 01:19:35 Europe/Berlin] Connected to database. Tables found: favorites, feedback, matches, news, newsletter, notifications, players, subscriptions, users
[23-Apr-2025 01:19:35 Europe/Berlin] Executing SQL: CREATE TABLE IF NOT EXISTS users (
                id INT AUTO_INCREMENT PRIMARY KEY,
                username VARCHAR(50) NOT NULL UNIQUE,
                password VARCHAR(255) NOT NULL,
                email VARCHAR(100) NOT NULL UNIQUE,
                account_type ENUM('user', 'admin') DEFAULT 'user',
                created_at TIMESTAMP DEFAULT CURRENT_TIMESTAMP
            )
[23-Apr-2025 01:19:35 Europe/Berlin] With params: []
[23-Apr-2025 01:19:35 Europe/Berlin] Query executed successfully. Found 0 rows
[23-Apr-2025 01:19:35 Europe/Berlin] Users table created or already exists
[23-Apr-2025 01:19:35 Europe/Berlin] Users table structure: [{"Field":"id","Type":"int(11)","Null":"NO","Key":"PRI","Default":null,"Extra":"auto_increment"},{"Field":"username","Type":"varchar(50)","Null":"NO","Key":"","Default":null,"Extra":""},{"Field":"email","Type":"varchar(100)","Null":"NO","Key":"UNI","Default":null,"Extra":""},{"Field":"password","Type":"varchar(255)","Null":"NO","Key":"","Default":null,"Extra":""},{"Field":"role","Type":"enum('user','admin')","Null":"YES","Key":"","Default":"user","Extra":""},{"Field":"verification_code","Type":"varchar(100)","Null":"YES","Key":"","Default":null,"Extra":""},{"Field":"is_verified","Type":"tinyint(1)","Null":"YES","Key":"","Default":"0","Extra":""},{"Field":"created_at","Type":"timestamp","Null":"NO","Key":"","Default":"current_timestamp()","Extra":""},{"Field":"favorite_sport","Type":"varchar(50)","Null":"YES","Key":"","Default":null,"Extra":""},{"Field":"favorite_team","Type":"varchar(50)","Null":"YES","Key":"","Default":null,"Extra":""},{"Field":"account_type","Type":"enum('user','admin')","Null":"YES","Key":"","Default":"user","Extra":""}]
[23-Apr-2025 01:19:35 Europe/Berlin] Number of users in database: 13
[23-Apr-2025 01:19:35 Europe/Berlin] All tables initialized successfully
[23-Apr-2025 01:22:10 Europe/Berlin] Connected to database. Tables found: favorites, feedback, matches, news, newsletter, notifications, players, subscriptions, users
[23-Apr-2025 01:22:10 Europe/Berlin] Executing SQL: CREATE TABLE IF NOT EXISTS users (
                id INT AUTO_INCREMENT PRIMARY KEY,
                username VARCHAR(50) NOT NULL UNIQUE,
                password VARCHAR(255) NOT NULL,
                email VARCHAR(100) NOT NULL UNIQUE,
                account_type ENUM('user', 'admin') DEFAULT 'user',
                created_at TIMESTAMP DEFAULT CURRENT_TIMESTAMP
            )
[23-Apr-2025 01:22:10 Europe/Berlin] With params: []
[23-Apr-2025 01:22:10 Europe/Berlin] Query executed successfully. Found 0 rows
[23-Apr-2025 01:22:10 Europe/Berlin] Users table created or already exists
[23-Apr-2025 01:22:10 Europe/Berlin] Users table structure: [{"Field":"id","Type":"int(11)","Null":"NO","Key":"PRI","Default":null,"Extra":"auto_increment"},{"Field":"username","Type":"varchar(50)","Null":"NO","Key":"","Default":null,"Extra":""},{"Field":"email","Type":"varchar(100)","Null":"NO","Key":"UNI","Default":null,"Extra":""},{"Field":"password","Type":"varchar(255)","Null":"NO","Key":"","Default":null,"Extra":""},{"Field":"role","Type":"enum('user','admin')","Null":"YES","Key":"","Default":"user","Extra":""},{"Field":"verification_code","Type":"varchar(100)","Null":"YES","Key":"","Default":null,"Extra":""},{"Field":"is_verified","Type":"tinyint(1)","Null":"YES","Key":"","Default":"0","Extra":""},{"Field":"created_at","Type":"timestamp","Null":"NO","Key":"","Default":"current_timestamp()","Extra":""},{"Field":"favorite_sport","Type":"varchar(50)","Null":"YES","Key":"","Default":null,"Extra":""},{"Field":"favorite_team","Type":"varchar(50)","Null":"YES","Key":"","Default":null,"Extra":""},{"Field":"account_type","Type":"enum('user','admin')","Null":"YES","Key":"","Default":"user","Extra":""}]
[23-Apr-2025 01:22:10 Europe/Berlin] Number of users in database: 13
[23-Apr-2025 01:22:10 Europe/Berlin] All tables initialized successfully
[23-Apr-2025 01:22:10 Europe/Berlin] Connected to database. Tables found: favorites, feedback, matches, news, newsletter, notifications, players, subscriptions, users
[23-Apr-2025 01:22:10 Europe/Berlin] Executing SQL: CREATE TABLE IF NOT EXISTS users (
                id INT AUTO_INCREMENT PRIMARY KEY,
                username VARCHAR(50) NOT NULL UNIQUE,
                password VARCHAR(255) NOT NULL,
                email VARCHAR(100) NOT NULL UNIQUE,
                account_type ENUM('user', 'admin') DEFAULT 'user',
                created_at TIMESTAMP DEFAULT CURRENT_TIMESTAMP
            )
[23-Apr-2025 01:22:10 Europe/Berlin] With params: []
[23-Apr-2025 01:22:10 Europe/Berlin] Query executed successfully. Found 0 rows
[23-Apr-2025 01:22:10 Europe/Berlin] Users table created or already exists
[23-Apr-2025 01:22:10 Europe/Berlin] Users table structure: [{"Field":"id","Type":"int(11)","Null":"NO","Key":"PRI","Default":null,"Extra":"auto_increment"},{"Field":"username","Type":"varchar(50)","Null":"NO","Key":"","Default":null,"Extra":""},{"Field":"email","Type":"varchar(100)","Null":"NO","Key":"UNI","Default":null,"Extra":""},{"Field":"password","Type":"varchar(255)","Null":"NO","Key":"","Default":null,"Extra":""},{"Field":"role","Type":"enum('user','admin')","Null":"YES","Key":"","Default":"user","Extra":""},{"Field":"verification_code","Type":"varchar(100)","Null":"YES","Key":"","Default":null,"Extra":""},{"Field":"is_verified","Type":"tinyint(1)","Null":"YES","Key":"","Default":"0","Extra":""},{"Field":"created_at","Type":"timestamp","Null":"NO","Key":"","Default":"current_timestamp()","Extra":""},{"Field":"favorite_sport","Type":"varchar(50)","Null":"YES","Key":"","Default":null,"Extra":""},{"Field":"favorite_team","Type":"varchar(50)","Null":"YES","Key":"","Default":null,"Extra":""},{"Field":"account_type","Type":"enum('user','admin')","Null":"YES","Key":"","Default":"user","Extra":""}]
[23-Apr-2025 01:22:10 Europe/Berlin] Number of users in database: 13
[23-Apr-2025 01:22:10 Europe/Berlin] All tables initialized successfully
[23-Apr-2025 01:22:10 Europe/Berlin] Database tables initialized successfully
[23-Apr-2025 01:22:10 Europe/Berlin] Executing SQL: SELECT * FROM users WHERE id = :id
[23-Apr-2025 01:22:10 Europe/Berlin] With params: {":id":12}
[23-Apr-2025 01:22:10 Europe/Berlin] Query executed successfully. Found 1 rows
[23-Apr-2025 01:22:10 Europe/Berlin] User loaded from session: varunpndey
[23-Apr-2025 01:22:10 Europe/Berlin] Executing SQL: SELECT * FROM users WHERE id = :id
[23-Apr-2025 01:22:10 Europe/Berlin] With params: {":id":12}
[23-Apr-2025 01:22:10 Europe/Berlin] Query executed successfully. Found 1 rows
[23-Apr-2025 01:22:10 Europe/Berlin] Executing SQL: SELECT * FROM news ORDER BY created_at DESC
[23-Apr-2025 01:22:10 Europe/Berlin] With params: []
[23-Apr-2025 01:22:10 Europe/Berlin] Query executed successfully. Found 5 rows
[23-Apr-2025 01:22:10 Europe/Berlin] Executing SQL: SELECT * FROM feedback ORDER BY created_at DESC
[23-Apr-2025 01:22:10 Europe/Berlin] With params: []
[23-Apr-2025 01:22:10 Europe/Berlin] Query executed successfully. Found 10 rows
[23-Apr-2025 01:22:10 Europe/Berlin] Executing SQL: SELECT * FROM matches WHERE status = 'live'
[23-Apr-2025 01:22:10 Europe/Berlin] With params: []
[23-Apr-2025 01:22:10 Europe/Berlin] Query executed successfully. Found 2 rows
[23-Apr-2025 01:22:10 Europe/Berlin] Executing SQL: SELECT * FROM matches WHERE 1=1 ORDER BY match_time DESC
[23-Apr-2025 01:22:10 Europe/Berlin] With params: []
[23-Apr-2025 01:22:10 Europe/Berlin] Query executed successfully. Found 13 rows
[23-Apr-2025 01:22:10 Europe/Berlin] PHP Warning:  Undefined array key "status" in /Applications/XAMPP/xamppfiles/htdocs/sportsync/public/admin.php on line 819
[23-Apr-2025 01:22:10 Europe/Berlin] PHP Warning:  Undefined array key "status" in /Applications/XAMPP/xamppfiles/htdocs/sportsync/public/admin.php on line 820
[23-Apr-2025 01:22:10 Europe/Berlin] PHP Warning:  Undefined array key "status" in /Applications/XAMPP/xamppfiles/htdocs/sportsync/public/admin.php on line 821
[23-Apr-2025 01:22:10 Europe/Berlin] PHP Warning:  Undefined array key "status" in /Applications/XAMPP/xamppfiles/htdocs/sportsync/public/admin.php on line 819
[23-Apr-2025 01:22:10 Europe/Berlin] PHP Warning:  Undefined array key "status" in /Applications/XAMPP/xamppfiles/htdocs/sportsync/public/admin.php on line 820
[23-Apr-2025 01:22:10 Europe/Berlin] PHP Warning:  Undefined array key "status" in /Applications/XAMPP/xamppfiles/htdocs/sportsync/public/admin.php on line 821
[23-Apr-2025 01:22:10 Europe/Berlin] PHP Warning:  Undefined array key "status" in /Applications/XAMPP/xamppfiles/htdocs/sportsync/public/admin.php on line 819
[23-Apr-2025 01:22:10 Europe/Berlin] PHP Warning:  Undefined array key "status" in /Applications/XAMPP/xamppfiles/htdocs/sportsync/public/admin.php on line 820
[23-Apr-2025 01:22:10 Europe/Berlin] PHP Warning:  Undefined array key "status" in /Applications/XAMPP/xamppfiles/htdocs/sportsync/public/admin.php on line 821
[23-Apr-2025 01:22:10 Europe/Berlin] PHP Warning:  Undefined array key "status" in /Applications/XAMPP/xamppfiles/htdocs/sportsync/public/admin.php on line 819
[23-Apr-2025 01:22:10 Europe/Berlin] PHP Warning:  Undefined array key "status" in /Applications/XAMPP/xamppfiles/htdocs/sportsync/public/admin.php on line 820
[23-Apr-2025 01:22:10 Europe/Berlin] PHP Warning:  Undefined array key "status" in /Applications/XAMPP/xamppfiles/htdocs/sportsync/public/admin.php on line 821
[23-Apr-2025 01:22:10 Europe/Berlin] PHP Warning:  Undefined array key "status" in /Applications/XAMPP/xamppfiles/htdocs/sportsync/public/admin.php on line 819
[23-Apr-2025 01:22:10 Europe/Berlin] PHP Warning:  Undefined array key "status" in /Applications/XAMPP/xamppfiles/htdocs/sportsync/public/admin.php on line 820
[23-Apr-2025 01:22:10 Europe/Berlin] PHP Warning:  Undefined array key "status" in /Applications/XAMPP/xamppfiles/htdocs/sportsync/public/admin.php on line 821
[23-Apr-2025 01:22:10 Europe/Berlin] PHP Warning:  Undefined array key "status" in /Applications/XAMPP/xamppfiles/htdocs/sportsync/public/admin.php on line 819
[23-Apr-2025 01:22:10 Europe/Berlin] PHP Warning:  Undefined array key "status" in /Applications/XAMPP/xamppfiles/htdocs/sportsync/public/admin.php on line 820
[23-Apr-2025 01:22:10 Europe/Berlin] PHP Warning:  Undefined array key "status" in /Applications/XAMPP/xamppfiles/htdocs/sportsync/public/admin.php on line 821
[23-Apr-2025 01:22:10 Europe/Berlin] PHP Warning:  Undefined array key "status" in /Applications/XAMPP/xamppfiles/htdocs/sportsync/public/admin.php on line 819
[23-Apr-2025 01:22:10 Europe/Berlin] PHP Warning:  Undefined array key "status" in /Applications/XAMPP/xamppfiles/htdocs/sportsync/public/admin.php on line 820
[23-Apr-2025 01:22:10 Europe/Berlin] PHP Warning:  Undefined array key "status" in /Applications/XAMPP/xamppfiles/htdocs/sportsync/public/admin.php on line 821
[23-Apr-2025 01:22:10 Europe/Berlin] PHP Warning:  Undefined array key "status" in /Applications/XAMPP/xamppfiles/htdocs/sportsync/public/admin.php on line 819
[23-Apr-2025 01:22:10 Europe/Berlin] PHP Warning:  Undefined array key "status" in /Applications/XAMPP/xamppfiles/htdocs/sportsync/public/admin.php on line 820
[23-Apr-2025 01:22:10 Europe/Berlin] PHP Warning:  Undefined array key "status" in /Applications/XAMPP/xamppfiles/htdocs/sportsync/public/admin.php on line 821
[23-Apr-2025 01:22:10 Europe/Berlin] PHP Warning:  Undefined array key "status" in /Applications/XAMPP/xamppfiles/htdocs/sportsync/public/admin.php on line 819
[23-Apr-2025 01:22:10 Europe/Berlin] PHP Warning:  Undefined array key "status" in /Applications/XAMPP/xamppfiles/htdocs/sportsync/public/admin.php on line 820
[23-Apr-2025 01:22:10 Europe/Berlin] PHP Warning:  Undefined array key "status" in /Applications/XAMPP/xamppfiles/htdocs/sportsync/public/admin.php on line 821
[23-Apr-2025 01:22:10 Europe/Berlin] PHP Warning:  Undefined array key "status" in /Applications/XAMPP/xamppfiles/htdocs/sportsync/public/admin.php on line 819
[23-Apr-2025 01:22:10 Europe/Berlin] PHP Warning:  Undefined array key "status" in /Applications/XAMPP/xamppfiles/htdocs/sportsync/public/admin.php on line 820
[23-Apr-2025 01:22:10 Europe/Berlin] PHP Warning:  Undefined array key "status" in /Applications/XAMPP/xamppfiles/htdocs/sportsync/public/admin.php on line 821
[23-Apr-2025 01:22:11 Europe/Berlin] Connected to database. Tables found: favorites, feedback, matches, news, newsletter, notifications, players, subscriptions, users
[23-Apr-2025 01:22:11 Europe/Berlin] Executing SQL: CREATE TABLE IF NOT EXISTS users (
                id INT AUTO_INCREMENT PRIMARY KEY,
                username VARCHAR(50) NOT NULL UNIQUE,
                password VARCHAR(255) NOT NULL,
                email VARCHAR(100) NOT NULL UNIQUE,
                account_type ENUM('user', 'admin') DEFAULT 'user',
                created_at TIMESTAMP DEFAULT CURRENT_TIMESTAMP
            )
[23-Apr-2025 01:22:11 Europe/Berlin] With params: []
[23-Apr-2025 01:22:11 Europe/Berlin] Query executed successfully. Found 0 rows
[23-Apr-2025 01:22:11 Europe/Berlin] Users table created or already exists
[23-Apr-2025 01:22:11 Europe/Berlin] Users table structure: [{"Field":"id","Type":"int(11)","Null":"NO","Key":"PRI","Default":null,"Extra":"auto_increment"},{"Field":"username","Type":"varchar(50)","Null":"NO","Key":"","Default":null,"Extra":""},{"Field":"email","Type":"varchar(100)","Null":"NO","Key":"UNI","Default":null,"Extra":""},{"Field":"password","Type":"varchar(255)","Null":"NO","Key":"","Default":null,"Extra":""},{"Field":"role","Type":"enum('user','admin')","Null":"YES","Key":"","Default":"user","Extra":""},{"Field":"verification_code","Type":"varchar(100)","Null":"YES","Key":"","Default":null,"Extra":""},{"Field":"is_verified","Type":"tinyint(1)","Null":"YES","Key":"","Default":"0","Extra":""},{"Field":"created_at","Type":"timestamp","Null":"NO","Key":"","Default":"current_timestamp()","Extra":""},{"Field":"favorite_sport","Type":"varchar(50)","Null":"YES","Key":"","Default":null,"Extra":""},{"Field":"favorite_team","Type":"varchar(50)","Null":"YES","Key":"","Default":null,"Extra":""},{"Field":"account_type","Type":"enum('user','admin')","Null":"YES","Key":"","Default":"user","Extra":""}]
[23-Apr-2025 01:22:11 Europe/Berlin] Number of users in database: 13
[23-Apr-2025 01:22:11 Europe/Berlin] All tables initialized successfully
[23-Apr-2025 01:22:11 Europe/Berlin] Connected to database. Tables found: favorites, feedback, matches, news, newsletter, notifications, players, subscriptions, users
[23-Apr-2025 01:22:11 Europe/Berlin] Executing SQL: CREATE TABLE IF NOT EXISTS users (
                id INT AUTO_INCREMENT PRIMARY KEY,
                username VARCHAR(50) NOT NULL UNIQUE,
                password VARCHAR(255) NOT NULL,
                email VARCHAR(100) NOT NULL UNIQUE,
                account_type ENUM('user', 'admin') DEFAULT 'user',
                created_at TIMESTAMP DEFAULT CURRENT_TIMESTAMP
            )
[23-Apr-2025 01:22:11 Europe/Berlin] With params: []
[23-Apr-2025 01:22:11 Europe/Berlin] Query executed successfully. Found 0 rows
[23-Apr-2025 01:22:11 Europe/Berlin] Users table created or already exists
[23-Apr-2025 01:22:11 Europe/Berlin] Users table structure: [{"Field":"id","Type":"int(11)","Null":"NO","Key":"PRI","Default":null,"Extra":"auto_increment"},{"Field":"username","Type":"varchar(50)","Null":"NO","Key":"","Default":null,"Extra":""},{"Field":"email","Type":"varchar(100)","Null":"NO","Key":"UNI","Default":null,"Extra":""},{"Field":"password","Type":"varchar(255)","Null":"NO","Key":"","Default":null,"Extra":""},{"Field":"role","Type":"enum('user','admin')","Null":"YES","Key":"","Default":"user","Extra":""},{"Field":"verification_code","Type":"varchar(100)","Null":"YES","Key":"","Default":null,"Extra":""},{"Field":"is_verified","Type":"tinyint(1)","Null":"YES","Key":"","Default":"0","Extra":""},{"Field":"created_at","Type":"timestamp","Null":"NO","Key":"","Default":"current_timestamp()","Extra":""},{"Field":"favorite_sport","Type":"varchar(50)","Null":"YES","Key":"","Default":null,"Extra":""},{"Field":"favorite_team","Type":"varchar(50)","Null":"YES","Key":"","Default":null,"Extra":""},{"Field":"account_type","Type":"enum('user','admin')","Null":"YES","Key":"","Default":"user","Extra":""}]
[23-Apr-2025 01:22:11 Europe/Berlin] Number of users in database: 13
[23-Apr-2025 01:22:11 Europe/Berlin] All tables initialized successfully
[23-Apr-2025 01:22:11 Europe/Berlin] Database tables initialized successfully
[23-Apr-2025 01:22:11 Europe/Berlin] Executing SQL: SELECT * FROM users WHERE id = :id
[23-Apr-2025 01:22:11 Europe/Berlin] With params: {":id":12}
[23-Apr-2025 01:22:11 Europe/Berlin] Query executed successfully. Found 1 rows
[23-Apr-2025 01:22:11 Europe/Berlin] User loaded from session: varunpndey
[23-Apr-2025 01:22:11 Europe/Berlin] Executing SQL: SELECT * FROM users WHERE id = :id
[23-Apr-2025 01:22:11 Europe/Berlin] With params: {":id":12}
[23-Apr-2025 01:22:11 Europe/Berlin] Query executed successfully. Found 1 rows
[23-Apr-2025 01:22:11 Europe/Berlin] Executing SQL: SELECT * FROM news ORDER BY created_at DESC
[23-Apr-2025 01:22:11 Europe/Berlin] With params: []
[23-Apr-2025 01:22:11 Europe/Berlin] Query executed successfully. Found 5 rows
[23-Apr-2025 01:22:11 Europe/Berlin] Executing SQL: SELECT * FROM feedback ORDER BY created_at DESC
[23-Apr-2025 01:22:11 Europe/Berlin] With params: []
[23-Apr-2025 01:22:11 Europe/Berlin] Query executed successfully. Found 10 rows
[23-Apr-2025 01:22:11 Europe/Berlin] Executing SQL: SELECT * FROM matches WHERE status = 'live'
[23-Apr-2025 01:22:11 Europe/Berlin] With params: []
[23-Apr-2025 01:22:11 Europe/Berlin] Query executed successfully. Found 2 rows
[23-Apr-2025 01:22:11 Europe/Berlin] Executing SQL: SELECT * FROM matches WHERE 1=1 ORDER BY match_time DESC
[23-Apr-2025 01:22:11 Europe/Berlin] With params: []
[23-Apr-2025 01:22:11 Europe/Berlin] Query executed successfully. Found 13 rows
[23-Apr-2025 01:22:11 Europe/Berlin] PHP Warning:  Undefined array key "status" in /Applications/XAMPP/xamppfiles/htdocs/sportsync/public/admin.php on line 819
[23-Apr-2025 01:22:11 Europe/Berlin] PHP Warning:  Undefined array key "status" in /Applications/XAMPP/xamppfiles/htdocs/sportsync/public/admin.php on line 820
[23-Apr-2025 01:22:11 Europe/Berlin] PHP Warning:  Undefined array key "status" in /Applications/XAMPP/xamppfiles/htdocs/sportsync/public/admin.php on line 821
[23-Apr-2025 01:22:11 Europe/Berlin] PHP Warning:  Undefined array key "status" in /Applications/XAMPP/xamppfiles/htdocs/sportsync/public/admin.php on line 819
[23-Apr-2025 01:22:11 Europe/Berlin] PHP Warning:  Undefined array key "status" in /Applications/XAMPP/xamppfiles/htdocs/sportsync/public/admin.php on line 820
[23-Apr-2025 01:22:11 Europe/Berlin] PHP Warning:  Undefined array key "status" in /Applications/XAMPP/xamppfiles/htdocs/sportsync/public/admin.php on line 821
[23-Apr-2025 01:22:11 Europe/Berlin] PHP Warning:  Undefined array key "status" in /Applications/XAMPP/xamppfiles/htdocs/sportsync/public/admin.php on line 819
[23-Apr-2025 01:22:11 Europe/Berlin] PHP Warning:  Undefined array key "status" in /Applications/XAMPP/xamppfiles/htdocs/sportsync/public/admin.php on line 820
[23-Apr-2025 01:22:11 Europe/Berlin] PHP Warning:  Undefined array key "status" in /Applications/XAMPP/xamppfiles/htdocs/sportsync/public/admin.php on line 821
[23-Apr-2025 01:22:11 Europe/Berlin] PHP Warning:  Undefined array key "status" in /Applications/XAMPP/xamppfiles/htdocs/sportsync/public/admin.php on line 819
[23-Apr-2025 01:22:11 Europe/Berlin] PHP Warning:  Undefined array key "status" in /Applications/XAMPP/xamppfiles/htdocs/sportsync/public/admin.php on line 820
[23-Apr-2025 01:22:11 Europe/Berlin] PHP Warning:  Undefined array key "status" in /Applications/XAMPP/xamppfiles/htdocs/sportsync/public/admin.php on line 821
[23-Apr-2025 01:22:11 Europe/Berlin] PHP Warning:  Undefined array key "status" in /Applications/XAMPP/xamppfiles/htdocs/sportsync/public/admin.php on line 819
[23-Apr-2025 01:22:11 Europe/Berlin] PHP Warning:  Undefined array key "status" in /Applications/XAMPP/xamppfiles/htdocs/sportsync/public/admin.php on line 820
[23-Apr-2025 01:22:11 Europe/Berlin] PHP Warning:  Undefined array key "status" in /Applications/XAMPP/xamppfiles/htdocs/sportsync/public/admin.php on line 821
[23-Apr-2025 01:22:11 Europe/Berlin] PHP Warning:  Undefined array key "status" in /Applications/XAMPP/xamppfiles/htdocs/sportsync/public/admin.php on line 819
[23-Apr-2025 01:22:11 Europe/Berlin] PHP Warning:  Undefined array key "status" in /Applications/XAMPP/xamppfiles/htdocs/sportsync/public/admin.php on line 820
[23-Apr-2025 01:22:11 Europe/Berlin] PHP Warning:  Undefined array key "status" in /Applications/XAMPP/xamppfiles/htdocs/sportsync/public/admin.php on line 821
[23-Apr-2025 01:22:11 Europe/Berlin] PHP Warning:  Undefined array key "status" in /Applications/XAMPP/xamppfiles/htdocs/sportsync/public/admin.php on line 819
[23-Apr-2025 01:22:11 Europe/Berlin] PHP Warning:  Undefined array key "status" in /Applications/XAMPP/xamppfiles/htdocs/sportsync/public/admin.php on line 820
[23-Apr-2025 01:22:11 Europe/Berlin] PHP Warning:  Undefined array key "status" in /Applications/XAMPP/xamppfiles/htdocs/sportsync/public/admin.php on line 821
[23-Apr-2025 01:22:11 Europe/Berlin] PHP Warning:  Undefined array key "status" in /Applications/XAMPP/xamppfiles/htdocs/sportsync/public/admin.php on line 819
[23-Apr-2025 01:22:11 Europe/Berlin] PHP Warning:  Undefined array key "status" in /Applications/XAMPP/xamppfiles/htdocs/sportsync/public/admin.php on line 820
[23-Apr-2025 01:22:11 Europe/Berlin] PHP Warning:  Undefined array key "status" in /Applications/XAMPP/xamppfiles/htdocs/sportsync/public/admin.php on line 821
[23-Apr-2025 01:22:11 Europe/Berlin] PHP Warning:  Undefined array key "status" in /Applications/XAMPP/xamppfiles/htdocs/sportsync/public/admin.php on line 819
[23-Apr-2025 01:22:11 Europe/Berlin] PHP Warning:  Undefined array key "status" in /Applications/XAMPP/xamppfiles/htdocs/sportsync/public/admin.php on line 820
[23-Apr-2025 01:22:11 Europe/Berlin] PHP Warning:  Undefined array key "status" in /Applications/XAMPP/xamppfiles/htdocs/sportsync/public/admin.php on line 821
[23-Apr-2025 01:22:11 Europe/Berlin] PHP Warning:  Undefined array key "status" in /Applications/XAMPP/xamppfiles/htdocs/sportsync/public/admin.php on line 819
[23-Apr-2025 01:22:11 Europe/Berlin] PHP Warning:  Undefined array key "status" in /Applications/XAMPP/xamppfiles/htdocs/sportsync/public/admin.php on line 820
[23-Apr-2025 01:22:11 Europe/Berlin] PHP Warning:  Undefined array key "status" in /Applications/XAMPP/xamppfiles/htdocs/sportsync/public/admin.php on line 821
[23-Apr-2025 01:22:14 Europe/Berlin] Connected to database. Tables found: favorites, feedback, matches, news, newsletter, notifications, players, subscriptions, users
[23-Apr-2025 01:22:14 Europe/Berlin] Executing SQL: CREATE TABLE IF NOT EXISTS users (
                id INT AUTO_INCREMENT PRIMARY KEY,
                username VARCHAR(50) NOT NULL UNIQUE,
                password VARCHAR(255) NOT NULL,
                email VARCHAR(100) NOT NULL UNIQUE,
                account_type ENUM('user', 'admin') DEFAULT 'user',
                created_at TIMESTAMP DEFAULT CURRENT_TIMESTAMP
            )
[23-Apr-2025 01:22:14 Europe/Berlin] With params: []
[23-Apr-2025 01:22:14 Europe/Berlin] Query executed successfully. Found 0 rows
[23-Apr-2025 01:22:14 Europe/Berlin] Users table created or already exists
[23-Apr-2025 01:22:14 Europe/Berlin] Users table structure: [{"Field":"id","Type":"int(11)","Null":"NO","Key":"PRI","Default":null,"Extra":"auto_increment"},{"Field":"username","Type":"varchar(50)","Null":"NO","Key":"","Default":null,"Extra":""},{"Field":"email","Type":"varchar(100)","Null":"NO","Key":"UNI","Default":null,"Extra":""},{"Field":"password","Type":"varchar(255)","Null":"NO","Key":"","Default":null,"Extra":""},{"Field":"role","Type":"enum('user','admin')","Null":"YES","Key":"","Default":"user","Extra":""},{"Field":"verification_code","Type":"varchar(100)","Null":"YES","Key":"","Default":null,"Extra":""},{"Field":"is_verified","Type":"tinyint(1)","Null":"YES","Key":"","Default":"0","Extra":""},{"Field":"created_at","Type":"timestamp","Null":"NO","Key":"","Default":"current_timestamp()","Extra":""},{"Field":"favorite_sport","Type":"varchar(50)","Null":"YES","Key":"","Default":null,"Extra":""},{"Field":"favorite_team","Type":"varchar(50)","Null":"YES","Key":"","Default":null,"Extra":""},{"Field":"account_type","Type":"enum('user','admin')","Null":"YES","Key":"","Default":"user","Extra":""}]
[23-Apr-2025 01:22:14 Europe/Berlin] Number of users in database: 13
[23-Apr-2025 01:22:14 Europe/Berlin] All tables initialized successfully
[23-Apr-2025 01:22:14 Europe/Berlin] Executing SQL: SELECT * FROM matches WHERE id = :id
[23-Apr-2025 01:22:14 Europe/Berlin] With params: {":id":"15"}
[23-Apr-2025 01:22:14 Europe/Berlin] Query executed successfully. Found 1 rows
[23-Apr-2025 01:22:14 Europe/Berlin] Executing SQL: DELETE FROM matches WHERE id = :id
[23-Apr-2025 01:22:14 Europe/Berlin] With params: {":id":"15"}
[23-Apr-2025 01:22:14 Europe/Berlin] Query executed successfully. Found 0 rows
[23-Apr-2025 01:22:32 Europe/Berlin] Connected to database. Tables found: favorites, feedback, matches, news, newsletter, notifications, players, subscriptions, users
[23-Apr-2025 01:22:32 Europe/Berlin] Executing SQL: CREATE TABLE IF NOT EXISTS users (
                id INT AUTO_INCREMENT PRIMARY KEY,
                username VARCHAR(50) NOT NULL UNIQUE,
                password VARCHAR(255) NOT NULL,
                email VARCHAR(100) NOT NULL UNIQUE,
                account_type ENUM('user', 'admin') DEFAULT 'user',
                created_at TIMESTAMP DEFAULT CURRENT_TIMESTAMP
            )
[23-Apr-2025 01:22:32 Europe/Berlin] With params: []
[23-Apr-2025 01:22:32 Europe/Berlin] Query executed successfully. Found 0 rows
[23-Apr-2025 01:22:32 Europe/Berlin] Users table created or already exists
[23-Apr-2025 01:22:32 Europe/Berlin] Users table structure: [{"Field":"id","Type":"int(11)","Null":"NO","Key":"PRI","Default":null,"Extra":"auto_increment"},{"Field":"username","Type":"varchar(50)","Null":"NO","Key":"","Default":null,"Extra":""},{"Field":"email","Type":"varchar(100)","Null":"NO","Key":"UNI","Default":null,"Extra":""},{"Field":"password","Type":"varchar(255)","Null":"NO","Key":"","Default":null,"Extra":""},{"Field":"role","Type":"enum('user','admin')","Null":"YES","Key":"","Default":"user","Extra":""},{"Field":"verification_code","Type":"varchar(100)","Null":"YES","Key":"","Default":null,"Extra":""},{"Field":"is_verified","Type":"tinyint(1)","Null":"YES","Key":"","Default":"0","Extra":""},{"Field":"created_at","Type":"timestamp","Null":"NO","Key":"","Default":"current_timestamp()","Extra":""},{"Field":"favorite_sport","Type":"varchar(50)","Null":"YES","Key":"","Default":null,"Extra":""},{"Field":"favorite_team","Type":"varchar(50)","Null":"YES","Key":"","Default":null,"Extra":""},{"Field":"account_type","Type":"enum('user','admin')","Null":"YES","Key":"","Default":"user","Extra":""}]
[23-Apr-2025 01:22:32 Europe/Berlin] Number of users in database: 13
[23-Apr-2025 01:22:32 Europe/Berlin] All tables initialized successfully
[23-Apr-2025 01:22:32 Europe/Berlin] Connected to database. Tables found: favorites, feedback, matches, news, newsletter, notifications, players, subscriptions, users
[23-Apr-2025 01:22:32 Europe/Berlin] Executing SQL: CREATE TABLE IF NOT EXISTS users (
                id INT AUTO_INCREMENT PRIMARY KEY,
                username VARCHAR(50) NOT NULL UNIQUE,
                password VARCHAR(255) NOT NULL,
                email VARCHAR(100) NOT NULL UNIQUE,
                account_type ENUM('user', 'admin') DEFAULT 'user',
                created_at TIMESTAMP DEFAULT CURRENT_TIMESTAMP
            )
[23-Apr-2025 01:22:32 Europe/Berlin] With params: []
[23-Apr-2025 01:22:32 Europe/Berlin] Query executed successfully. Found 0 rows
[23-Apr-2025 01:22:32 Europe/Berlin] Users table created or already exists
[23-Apr-2025 01:22:32 Europe/Berlin] Users table structure: [{"Field":"id","Type":"int(11)","Null":"NO","Key":"PRI","Default":null,"Extra":"auto_increment"},{"Field":"username","Type":"varchar(50)","Null":"NO","Key":"","Default":null,"Extra":""},{"Field":"email","Type":"varchar(100)","Null":"NO","Key":"UNI","Default":null,"Extra":""},{"Field":"password","Type":"varchar(255)","Null":"NO","Key":"","Default":null,"Extra":""},{"Field":"role","Type":"enum('user','admin')","Null":"YES","Key":"","Default":"user","Extra":""},{"Field":"verification_code","Type":"varchar(100)","Null":"YES","Key":"","Default":null,"Extra":""},{"Field":"is_verified","Type":"tinyint(1)","Null":"YES","Key":"","Default":"0","Extra":""},{"Field":"created_at","Type":"timestamp","Null":"NO","Key":"","Default":"current_timestamp()","Extra":""},{"Field":"favorite_sport","Type":"varchar(50)","Null":"YES","Key":"","Default":null,"Extra":""},{"Field":"favorite_team","Type":"varchar(50)","Null":"YES","Key":"","Default":null,"Extra":""},{"Field":"account_type","Type":"enum('user','admin')","Null":"YES","Key":"","Default":"user","Extra":""}]
[23-Apr-2025 01:22:32 Europe/Berlin] Number of users in database: 13
[23-Apr-2025 01:22:32 Europe/Berlin] All tables initialized successfully
[23-Apr-2025 01:22:32 Europe/Berlin] Database tables initialized successfully
[23-Apr-2025 01:22:32 Europe/Berlin] Executing SQL: SELECT * FROM users WHERE id = :id
[23-Apr-2025 01:22:32 Europe/Berlin] With params: {":id":12}
[23-Apr-2025 01:22:32 Europe/Berlin] Query executed successfully. Found 1 rows
[23-Apr-2025 01:22:32 Europe/Berlin] User loaded from session: varunpndey
[23-Apr-2025 01:22:32 Europe/Berlin] Executing SQL: SELECT * FROM users WHERE id = :id
[23-Apr-2025 01:22:32 Europe/Berlin] With params: {":id":12}
[23-Apr-2025 01:22:32 Europe/Berlin] Query executed successfully. Found 1 rows
[23-Apr-2025 01:22:32 Europe/Berlin] Executing SQL: SELECT * FROM news ORDER BY created_at DESC
[23-Apr-2025 01:22:32 Europe/Berlin] With params: []
[23-Apr-2025 01:22:32 Europe/Berlin] Query executed successfully. Found 5 rows
[23-Apr-2025 01:22:32 Europe/Berlin] Executing SQL: SELECT * FROM feedback ORDER BY created_at DESC
[23-Apr-2025 01:22:32 Europe/Berlin] With params: []
[23-Apr-2025 01:22:32 Europe/Berlin] Query executed successfully. Found 10 rows
[23-Apr-2025 01:22:32 Europe/Berlin] Executing SQL: SELECT * FROM matches WHERE status = 'live'
[23-Apr-2025 01:22:32 Europe/Berlin] With params: []
[23-Apr-2025 01:22:32 Europe/Berlin] Query executed successfully. Found 2 rows
[23-Apr-2025 01:22:32 Europe/Berlin] Executing SQL: SELECT * FROM matches WHERE 1=1 ORDER BY match_time DESC
[23-Apr-2025 01:22:32 Europe/Berlin] With params: []
[23-Apr-2025 01:22:32 Europe/Berlin] Query executed successfully. Found 12 rows
[23-Apr-2025 01:22:32 Europe/Berlin] PHP Warning:  Undefined array key "status" in /Applications/XAMPP/xamppfiles/htdocs/sportsync/public/admin.php on line 819
[23-Apr-2025 01:22:32 Europe/Berlin] PHP Warning:  Undefined array key "status" in /Applications/XAMPP/xamppfiles/htdocs/sportsync/public/admin.php on line 820
[23-Apr-2025 01:22:32 Europe/Berlin] PHP Warning:  Undefined array key "status" in /Applications/XAMPP/xamppfiles/htdocs/sportsync/public/admin.php on line 821
[23-Apr-2025 01:22:32 Europe/Berlin] PHP Warning:  Undefined array key "status" in /Applications/XAMPP/xamppfiles/htdocs/sportsync/public/admin.php on line 819
[23-Apr-2025 01:22:32 Europe/Berlin] PHP Warning:  Undefined array key "status" in /Applications/XAMPP/xamppfiles/htdocs/sportsync/public/admin.php on line 820
[23-Apr-2025 01:22:32 Europe/Berlin] PHP Warning:  Undefined array key "status" in /Applications/XAMPP/xamppfiles/htdocs/sportsync/public/admin.php on line 821
[23-Apr-2025 01:22:32 Europe/Berlin] PHP Warning:  Undefined array key "status" in /Applications/XAMPP/xamppfiles/htdocs/sportsync/public/admin.php on line 819
[23-Apr-2025 01:22:32 Europe/Berlin] PHP Warning:  Undefined array key "status" in /Applications/XAMPP/xamppfiles/htdocs/sportsync/public/admin.php on line 820
[23-Apr-2025 01:22:32 Europe/Berlin] PHP Warning:  Undefined array key "status" in /Applications/XAMPP/xamppfiles/htdocs/sportsync/public/admin.php on line 821
[23-Apr-2025 01:22:32 Europe/Berlin] PHP Warning:  Undefined array key "status" in /Applications/XAMPP/xamppfiles/htdocs/sportsync/public/admin.php on line 819
[23-Apr-2025 01:22:32 Europe/Berlin] PHP Warning:  Undefined array key "status" in /Applications/XAMPP/xamppfiles/htdocs/sportsync/public/admin.php on line 820
[23-Apr-2025 01:22:32 Europe/Berlin] PHP Warning:  Undefined array key "status" in /Applications/XAMPP/xamppfiles/htdocs/sportsync/public/admin.php on line 821
[23-Apr-2025 01:22:32 Europe/Berlin] PHP Warning:  Undefined array key "status" in /Applications/XAMPP/xamppfiles/htdocs/sportsync/public/admin.php on line 819
[23-Apr-2025 01:22:32 Europe/Berlin] PHP Warning:  Undefined array key "status" in /Applications/XAMPP/xamppfiles/htdocs/sportsync/public/admin.php on line 820
[23-Apr-2025 01:22:32 Europe/Berlin] PHP Warning:  Undefined array key "status" in /Applications/XAMPP/xamppfiles/htdocs/sportsync/public/admin.php on line 821
[23-Apr-2025 01:22:32 Europe/Berlin] PHP Warning:  Undefined array key "status" in /Applications/XAMPP/xamppfiles/htdocs/sportsync/public/admin.php on line 819
[23-Apr-2025 01:22:32 Europe/Berlin] PHP Warning:  Undefined array key "status" in /Applications/XAMPP/xamppfiles/htdocs/sportsync/public/admin.php on line 820
[23-Apr-2025 01:22:32 Europe/Berlin] PHP Warning:  Undefined array key "status" in /Applications/XAMPP/xamppfiles/htdocs/sportsync/public/admin.php on line 821
[23-Apr-2025 01:22:32 Europe/Berlin] PHP Warning:  Undefined array key "status" in /Applications/XAMPP/xamppfiles/htdocs/sportsync/public/admin.php on line 819
[23-Apr-2025 01:22:32 Europe/Berlin] PHP Warning:  Undefined array key "status" in /Applications/XAMPP/xamppfiles/htdocs/sportsync/public/admin.php on line 820
[23-Apr-2025 01:22:32 Europe/Berlin] PHP Warning:  Undefined array key "status" in /Applications/XAMPP/xamppfiles/htdocs/sportsync/public/admin.php on line 821
[23-Apr-2025 01:22:32 Europe/Berlin] PHP Warning:  Undefined array key "status" in /Applications/XAMPP/xamppfiles/htdocs/sportsync/public/admin.php on line 819
[23-Apr-2025 01:22:32 Europe/Berlin] PHP Warning:  Undefined array key "status" in /Applications/XAMPP/xamppfiles/htdocs/sportsync/public/admin.php on line 820
[23-Apr-2025 01:22:32 Europe/Berlin] PHP Warning:  Undefined array key "status" in /Applications/XAMPP/xamppfiles/htdocs/sportsync/public/admin.php on line 821
[23-Apr-2025 01:22:32 Europe/Berlin] PHP Warning:  Undefined array key "status" in /Applications/XAMPP/xamppfiles/htdocs/sportsync/public/admin.php on line 819
[23-Apr-2025 01:22:32 Europe/Berlin] PHP Warning:  Undefined array key "status" in /Applications/XAMPP/xamppfiles/htdocs/sportsync/public/admin.php on line 820
[23-Apr-2025 01:22:32 Europe/Berlin] PHP Warning:  Undefined array key "status" in /Applications/XAMPP/xamppfiles/htdocs/sportsync/public/admin.php on line 821
[23-Apr-2025 01:22:32 Europe/Berlin] PHP Warning:  Undefined array key "status" in /Applications/XAMPP/xamppfiles/htdocs/sportsync/public/admin.php on line 819
[23-Apr-2025 01:22:32 Europe/Berlin] PHP Warning:  Undefined array key "status" in /Applications/XAMPP/xamppfiles/htdocs/sportsync/public/admin.php on line 820
[23-Apr-2025 01:22:32 Europe/Berlin] PHP Warning:  Undefined array key "status" in /Applications/XAMPP/xamppfiles/htdocs/sportsync/public/admin.php on line 821
[23-Apr-2025 01:23:58 Europe/Berlin] Connected to database. Tables found: favorites, feedback, matches, news, newsletter, notifications, players, subscriptions, users
[23-Apr-2025 01:23:58 Europe/Berlin] Executing SQL: CREATE TABLE IF NOT EXISTS users (
                id INT AUTO_INCREMENT PRIMARY KEY,
                username VARCHAR(50) NOT NULL UNIQUE,
                password VARCHAR(255) NOT NULL,
                email VARCHAR(100) NOT NULL UNIQUE,
                account_type ENUM('user', 'admin') DEFAULT 'user',
                created_at TIMESTAMP DEFAULT CURRENT_TIMESTAMP
            )
[23-Apr-2025 01:23:58 Europe/Berlin] With params: []
[23-Apr-2025 01:23:58 Europe/Berlin] Query executed successfully. Found 0 rows
[23-Apr-2025 01:23:58 Europe/Berlin] Users table created or already exists
[23-Apr-2025 01:23:58 Europe/Berlin] Users table structure: [{"Field":"id","Type":"int(11)","Null":"NO","Key":"PRI","Default":null,"Extra":"auto_increment"},{"Field":"username","Type":"varchar(50)","Null":"NO","Key":"","Default":null,"Extra":""},{"Field":"email","Type":"varchar(100)","Null":"NO","Key":"UNI","Default":null,"Extra":""},{"Field":"password","Type":"varchar(255)","Null":"NO","Key":"","Default":null,"Extra":""},{"Field":"role","Type":"enum('user','admin')","Null":"YES","Key":"","Default":"user","Extra":""},{"Field":"verification_code","Type":"varchar(100)","Null":"YES","Key":"","Default":null,"Extra":""},{"Field":"is_verified","Type":"tinyint(1)","Null":"YES","Key":"","Default":"0","Extra":""},{"Field":"created_at","Type":"timestamp","Null":"NO","Key":"","Default":"current_timestamp()","Extra":""},{"Field":"favorite_sport","Type":"varchar(50)","Null":"YES","Key":"","Default":null,"Extra":""},{"Field":"favorite_team","Type":"varchar(50)","Null":"YES","Key":"","Default":null,"Extra":""},{"Field":"account_type","Type":"enum('user','admin')","Null":"YES","Key":"","Default":"user","Extra":""}]
[23-Apr-2025 01:23:58 Europe/Berlin] Number of users in database: 13
[23-Apr-2025 01:23:58 Europe/Berlin] All tables initialized successfully
[23-Apr-2025 01:23:58 Europe/Berlin] Executing SQL: INSERT INTO matches (team1, team2, venue, match_time, sport, status) 
                    VALUES (:team1, :team2, :venue, :match_time, :sport, :status)
[23-Apr-2025 01:23:58 Europe/Berlin] With params: {":team1":"India",":team2":"England",":venue":"kolkata",":match_time":"2025-04-23T04:53",":sport":"cricket",":status":"upcoming"}
[23-Apr-2025 01:23:58 Europe/Berlin] Query executed successfully. Found 0 rows
[23-Apr-2025 01:27:06 Europe/Berlin] Connected to database. Tables found: favorites, feedback, matches, news, newsletter, notifications, players, subscriptions, users
[23-Apr-2025 01:27:06 Europe/Berlin] Executing SQL: CREATE TABLE IF NOT EXISTS users (
                id INT AUTO_INCREMENT PRIMARY KEY,
                username VARCHAR(50) NOT NULL UNIQUE,
                password VARCHAR(255) NOT NULL,
                email VARCHAR(100) NOT NULL UNIQUE,
                account_type ENUM('user', 'admin') DEFAULT 'user',
                created_at TIMESTAMP DEFAULT CURRENT_TIMESTAMP
            )
[23-Apr-2025 01:27:06 Europe/Berlin] With params: []
[23-Apr-2025 01:27:06 Europe/Berlin] Query executed successfully. Found 0 rows
[23-Apr-2025 01:27:06 Europe/Berlin] Users table created or already exists
[23-Apr-2025 01:27:06 Europe/Berlin] Users table structure: [{"Field":"id","Type":"int(11)","Null":"NO","Key":"PRI","Default":null,"Extra":"auto_increment"},{"Field":"username","Type":"varchar(50)","Null":"NO","Key":"","Default":null,"Extra":""},{"Field":"email","Type":"varchar(100)","Null":"NO","Key":"UNI","Default":null,"Extra":""},{"Field":"password","Type":"varchar(255)","Null":"NO","Key":"","Default":null,"Extra":""},{"Field":"role","Type":"enum('user','admin')","Null":"YES","Key":"","Default":"user","Extra":""},{"Field":"verification_code","Type":"varchar(100)","Null":"YES","Key":"","Default":null,"Extra":""},{"Field":"is_verified","Type":"tinyint(1)","Null":"YES","Key":"","Default":"0","Extra":""},{"Field":"created_at","Type":"timestamp","Null":"NO","Key":"","Default":"current_timestamp()","Extra":""},{"Field":"favorite_sport","Type":"varchar(50)","Null":"YES","Key":"","Default":null,"Extra":""},{"Field":"favorite_team","Type":"varchar(50)","Null":"YES","Key":"","Default":null,"Extra":""},{"Field":"account_type","Type":"enum('user','admin')","Null":"YES","Key":"","Default":"user","Extra":""}]
[23-Apr-2025 01:27:06 Europe/Berlin] Number of users in database: 13
[23-Apr-2025 01:27:06 Europe/Berlin] All tables initialized successfully
[23-Apr-2025 01:27:06 Europe/Berlin] Connected to database. Tables found: favorites, feedback, matches, news, newsletter, notifications, players, subscriptions, users
[23-Apr-2025 01:27:06 Europe/Berlin] Executing SQL: CREATE TABLE IF NOT EXISTS users (
                id INT AUTO_INCREMENT PRIMARY KEY,
                username VARCHAR(50) NOT NULL UNIQUE,
                password VARCHAR(255) NOT NULL,
                email VARCHAR(100) NOT NULL UNIQUE,
                account_type ENUM('user', 'admin') DEFAULT 'user',
                created_at TIMESTAMP DEFAULT CURRENT_TIMESTAMP
            )
[23-Apr-2025 01:27:06 Europe/Berlin] With params: []
[23-Apr-2025 01:27:06 Europe/Berlin] Query executed successfully. Found 0 rows
[23-Apr-2025 01:27:06 Europe/Berlin] Users table created or already exists
[23-Apr-2025 01:27:06 Europe/Berlin] Users table structure: [{"Field":"id","Type":"int(11)","Null":"NO","Key":"PRI","Default":null,"Extra":"auto_increment"},{"Field":"username","Type":"varchar(50)","Null":"NO","Key":"","Default":null,"Extra":""},{"Field":"email","Type":"varchar(100)","Null":"NO","Key":"UNI","Default":null,"Extra":""},{"Field":"password","Type":"varchar(255)","Null":"NO","Key":"","Default":null,"Extra":""},{"Field":"role","Type":"enum('user','admin')","Null":"YES","Key":"","Default":"user","Extra":""},{"Field":"verification_code","Type":"varchar(100)","Null":"YES","Key":"","Default":null,"Extra":""},{"Field":"is_verified","Type":"tinyint(1)","Null":"YES","Key":"","Default":"0","Extra":""},{"Field":"created_at","Type":"timestamp","Null":"NO","Key":"","Default":"current_timestamp()","Extra":""},{"Field":"favorite_sport","Type":"varchar(50)","Null":"YES","Key":"","Default":null,"Extra":""},{"Field":"favorite_team","Type":"varchar(50)","Null":"YES","Key":"","Default":null,"Extra":""},{"Field":"account_type","Type":"enum('user','admin')","Null":"YES","Key":"","Default":"user","Extra":""}]
[23-Apr-2025 01:27:06 Europe/Berlin] Number of users in database: 13
[23-Apr-2025 01:27:06 Europe/Berlin] All tables initialized successfully
[23-Apr-2025 01:27:06 Europe/Berlin] Database tables initialized successfully
[23-Apr-2025 01:27:06 Europe/Berlin] Executing SQL: SELECT * FROM users WHERE id = :id
[23-Apr-2025 01:27:06 Europe/Berlin] With params: {":id":12}
[23-Apr-2025 01:27:06 Europe/Berlin] Query executed successfully. Found 1 rows
[23-Apr-2025 01:27:06 Europe/Berlin] User loaded from session: varunpndey
[23-Apr-2025 01:27:06 Europe/Berlin] PHP Parse error:  syntax error, unexpected token "<" in /Applications/XAMPP/xamppfiles/htdocs/sportsync/public/admin.php on line 680
[23-Apr-2025 01:27:09 Europe/Berlin] Connected to database. Tables found: favorites, feedback, matches, news, newsletter, notifications, players, subscriptions, users
[23-Apr-2025 01:27:09 Europe/Berlin] Executing SQL: CREATE TABLE IF NOT EXISTS users (
                id INT AUTO_INCREMENT PRIMARY KEY,
                username VARCHAR(50) NOT NULL UNIQUE,
                password VARCHAR(255) NOT NULL,
                email VARCHAR(100) NOT NULL UNIQUE,
                account_type ENUM('user', 'admin') DEFAULT 'user',
                created_at TIMESTAMP DEFAULT CURRENT_TIMESTAMP
            )
[23-Apr-2025 01:27:09 Europe/Berlin] With params: []
[23-Apr-2025 01:27:09 Europe/Berlin] Query executed successfully. Found 0 rows
[23-Apr-2025 01:27:09 Europe/Berlin] Users table created or already exists
[23-Apr-2025 01:27:09 Europe/Berlin] Users table structure: [{"Field":"id","Type":"int(11)","Null":"NO","Key":"PRI","Default":null,"Extra":"auto_increment"},{"Field":"username","Type":"varchar(50)","Null":"NO","Key":"","Default":null,"Extra":""},{"Field":"email","Type":"varchar(100)","Null":"NO","Key":"UNI","Default":null,"Extra":""},{"Field":"password","Type":"varchar(255)","Null":"NO","Key":"","Default":null,"Extra":""},{"Field":"role","Type":"enum('user','admin')","Null":"YES","Key":"","Default":"user","Extra":""},{"Field":"verification_code","Type":"varchar(100)","Null":"YES","Key":"","Default":null,"Extra":""},{"Field":"is_verified","Type":"tinyint(1)","Null":"YES","Key":"","Default":"0","Extra":""},{"Field":"created_at","Type":"timestamp","Null":"NO","Key":"","Default":"current_timestamp()","Extra":""},{"Field":"favorite_sport","Type":"varchar(50)","Null":"YES","Key":"","Default":null,"Extra":""},{"Field":"favorite_team","Type":"varchar(50)","Null":"YES","Key":"","Default":null,"Extra":""},{"Field":"account_type","Type":"enum('user','admin')","Null":"YES","Key":"","Default":"user","Extra":""}]
[23-Apr-2025 01:27:09 Europe/Berlin] Number of users in database: 13
[23-Apr-2025 01:27:09 Europe/Berlin] All tables initialized successfully
[23-Apr-2025 01:27:09 Europe/Berlin] Connected to database. Tables found: favorites, feedback, matches, news, newsletter, notifications, players, subscriptions, users
[23-Apr-2025 01:27:09 Europe/Berlin] Executing SQL: CREATE TABLE IF NOT EXISTS users (
                id INT AUTO_INCREMENT PRIMARY KEY,
                username VARCHAR(50) NOT NULL UNIQUE,
                password VARCHAR(255) NOT NULL,
                email VARCHAR(100) NOT NULL UNIQUE,
                account_type ENUM('user', 'admin') DEFAULT 'user',
                created_at TIMESTAMP DEFAULT CURRENT_TIMESTAMP
            )
[23-Apr-2025 01:27:09 Europe/Berlin] With params: []
[23-Apr-2025 01:27:09 Europe/Berlin] Query executed successfully. Found 0 rows
[23-Apr-2025 01:27:09 Europe/Berlin] Users table created or already exists
[23-Apr-2025 01:27:09 Europe/Berlin] Users table structure: [{"Field":"id","Type":"int(11)","Null":"NO","Key":"PRI","Default":null,"Extra":"auto_increment"},{"Field":"username","Type":"varchar(50)","Null":"NO","Key":"","Default":null,"Extra":""},{"Field":"email","Type":"varchar(100)","Null":"NO","Key":"UNI","Default":null,"Extra":""},{"Field":"password","Type":"varchar(255)","Null":"NO","Key":"","Default":null,"Extra":""},{"Field":"role","Type":"enum('user','admin')","Null":"YES","Key":"","Default":"user","Extra":""},{"Field":"verification_code","Type":"varchar(100)","Null":"YES","Key":"","Default":null,"Extra":""},{"Field":"is_verified","Type":"tinyint(1)","Null":"YES","Key":"","Default":"0","Extra":""},{"Field":"created_at","Type":"timestamp","Null":"NO","Key":"","Default":"current_timestamp()","Extra":""},{"Field":"favorite_sport","Type":"varchar(50)","Null":"YES","Key":"","Default":null,"Extra":""},{"Field":"favorite_team","Type":"varchar(50)","Null":"YES","Key":"","Default":null,"Extra":""},{"Field":"account_type","Type":"enum('user','admin')","Null":"YES","Key":"","Default":"user","Extra":""}]
[23-Apr-2025 01:27:09 Europe/Berlin] Number of users in database: 13
[23-Apr-2025 01:27:09 Europe/Berlin] All tables initialized successfully
[23-Apr-2025 01:27:09 Europe/Berlin] Database tables initialized successfully
[23-Apr-2025 01:27:09 Europe/Berlin] Executing SQL: SELECT * FROM users WHERE id = :id
[23-Apr-2025 01:27:09 Europe/Berlin] With params: {":id":12}
[23-Apr-2025 01:27:09 Europe/Berlin] Query executed successfully. Found 1 rows
[23-Apr-2025 01:27:09 Europe/Berlin] User loaded from session: varunpndey
[23-Apr-2025 01:27:09 Europe/Berlin] PHP Notice:  session_start(): Ignoring session_start() because a session is already active in /Applications/XAMPP/xamppfiles/htdocs/sportsync/public/dashboard.php on line 2
[23-Apr-2025 01:27:09 Europe/Berlin] Executing SQL: SELECT * FROM users WHERE id = :id
[23-Apr-2025 01:27:09 Europe/Berlin] With params: {":id":12}
[23-Apr-2025 01:27:09 Europe/Berlin] Query executed successfully. Found 1 rows
[23-Apr-2025 01:27:09 Europe/Berlin] Header - Session status: 2
[23-Apr-2025 01:27:09 Europe/Berlin] Header - Session data: {"user_id":12,"username":"varunpndey","email":"va@gmail.com","account_type":"admin"}
[23-Apr-2025 01:27:09 Europe/Berlin] Header - After session start - Status: 2
[23-Apr-2025 01:27:09 Europe/Berlin] Header - After session start - Data: {"user_id":12,"username":"varunpndey","email":"va@gmail.com","account_type":"admin"}
[23-Apr-2025 01:27:09 Europe/Berlin] Header - Is logged in: Yes
[23-Apr-2025 01:27:12 Europe/Berlin] Connected to database. Tables found: favorites, feedback, matches, news, newsletter, notifications, players, subscriptions, users
[23-Apr-2025 01:27:12 Europe/Berlin] Executing SQL: CREATE TABLE IF NOT EXISTS users (
                id INT AUTO_INCREMENT PRIMARY KEY,
                username VARCHAR(50) NOT NULL UNIQUE,
                password VARCHAR(255) NOT NULL,
                email VARCHAR(100) NOT NULL UNIQUE,
                account_type ENUM('user', 'admin') DEFAULT 'user',
                created_at TIMESTAMP DEFAULT CURRENT_TIMESTAMP
            )
[23-Apr-2025 01:27:12 Europe/Berlin] With params: []
[23-Apr-2025 01:27:12 Europe/Berlin] Query executed successfully. Found 0 rows
[23-Apr-2025 01:27:12 Europe/Berlin] Users table created or already exists
[23-Apr-2025 01:27:12 Europe/Berlin] Users table structure: [{"Field":"id","Type":"int(11)","Null":"NO","Key":"PRI","Default":null,"Extra":"auto_increment"},{"Field":"username","Type":"varchar(50)","Null":"NO","Key":"","Default":null,"Extra":""},{"Field":"email","Type":"varchar(100)","Null":"NO","Key":"UNI","Default":null,"Extra":""},{"Field":"password","Type":"varchar(255)","Null":"NO","Key":"","Default":null,"Extra":""},{"Field":"role","Type":"enum('user','admin')","Null":"YES","Key":"","Default":"user","Extra":""},{"Field":"verification_code","Type":"varchar(100)","Null":"YES","Key":"","Default":null,"Extra":""},{"Field":"is_verified","Type":"tinyint(1)","Null":"YES","Key":"","Default":"0","Extra":""},{"Field":"created_at","Type":"timestamp","Null":"NO","Key":"","Default":"current_timestamp()","Extra":""},{"Field":"favorite_sport","Type":"varchar(50)","Null":"YES","Key":"","Default":null,"Extra":""},{"Field":"favorite_team","Type":"varchar(50)","Null":"YES","Key":"","Default":null,"Extra":""},{"Field":"account_type","Type":"enum('user','admin')","Null":"YES","Key":"","Default":"user","Extra":""}]
[23-Apr-2025 01:27:12 Europe/Berlin] Number of users in database: 13
[23-Apr-2025 01:27:12 Europe/Berlin] All tables initialized successfully
[23-Apr-2025 01:27:12 Europe/Berlin] Connected to database. Tables found: favorites, feedback, matches, news, newsletter, notifications, players, subscriptions, users
[23-Apr-2025 01:27:12 Europe/Berlin] Executing SQL: CREATE TABLE IF NOT EXISTS users (
                id INT AUTO_INCREMENT PRIMARY KEY,
                username VARCHAR(50) NOT NULL UNIQUE,
                password VARCHAR(255) NOT NULL,
                email VARCHAR(100) NOT NULL UNIQUE,
                account_type ENUM('user', 'admin') DEFAULT 'user',
                created_at TIMESTAMP DEFAULT CURRENT_TIMESTAMP
            )
[23-Apr-2025 01:27:12 Europe/Berlin] With params: []
[23-Apr-2025 01:27:12 Europe/Berlin] Query executed successfully. Found 0 rows
[23-Apr-2025 01:27:12 Europe/Berlin] Users table created or already exists
[23-Apr-2025 01:27:12 Europe/Berlin] Users table structure: [{"Field":"id","Type":"int(11)","Null":"NO","Key":"PRI","Default":null,"Extra":"auto_increment"},{"Field":"username","Type":"varchar(50)","Null":"NO","Key":"","Default":null,"Extra":""},{"Field":"email","Type":"varchar(100)","Null":"NO","Key":"UNI","Default":null,"Extra":""},{"Field":"password","Type":"varchar(255)","Null":"NO","Key":"","Default":null,"Extra":""},{"Field":"role","Type":"enum('user','admin')","Null":"YES","Key":"","Default":"user","Extra":""},{"Field":"verification_code","Type":"varchar(100)","Null":"YES","Key":"","Default":null,"Extra":""},{"Field":"is_verified","Type":"tinyint(1)","Null":"YES","Key":"","Default":"0","Extra":""},{"Field":"created_at","Type":"timestamp","Null":"NO","Key":"","Default":"current_timestamp()","Extra":""},{"Field":"favorite_sport","Type":"varchar(50)","Null":"YES","Key":"","Default":null,"Extra":""},{"Field":"favorite_team","Type":"varchar(50)","Null":"YES","Key":"","Default":null,"Extra":""},{"Field":"account_type","Type":"enum('user','admin')","Null":"YES","Key":"","Default":"user","Extra":""}]
[23-Apr-2025 01:27:12 Europe/Berlin] Number of users in database: 13
[23-Apr-2025 01:27:12 Europe/Berlin] All tables initialized successfully
[23-Apr-2025 01:27:12 Europe/Berlin] Database tables initialized successfully
[23-Apr-2025 01:27:12 Europe/Berlin] Executing SQL: SELECT * FROM users WHERE id = :id
[23-Apr-2025 01:27:12 Europe/Berlin] With params: {":id":12}
[23-Apr-2025 01:27:12 Europe/Berlin] Query executed successfully. Found 1 rows
[23-Apr-2025 01:27:12 Europe/Berlin] User loaded from session: varunpndey
[23-Apr-2025 01:27:12 Europe/Berlin] PHP Parse error:  syntax error, unexpected token "<" in /Applications/XAMPP/xamppfiles/htdocs/sportsync/public/admin.php on line 680
[23-Apr-2025 01:27:24 Europe/Berlin] Connected to database. Tables found: favorites, feedback, matches, news, newsletter, notifications, players, subscriptions, users
[23-Apr-2025 01:27:24 Europe/Berlin] Executing SQL: CREATE TABLE IF NOT EXISTS users (
                id INT AUTO_INCREMENT PRIMARY KEY,
                username VARCHAR(50) NOT NULL UNIQUE,
                password VARCHAR(255) NOT NULL,
                email VARCHAR(100) NOT NULL UNIQUE,
                account_type ENUM('user', 'admin') DEFAULT 'user',
                created_at TIMESTAMP DEFAULT CURRENT_TIMESTAMP
            )
[23-Apr-2025 01:27:24 Europe/Berlin] With params: []
[23-Apr-2025 01:27:24 Europe/Berlin] Query executed successfully. Found 0 rows
[23-Apr-2025 01:27:24 Europe/Berlin] Users table created or already exists
[23-Apr-2025 01:27:24 Europe/Berlin] Users table structure: [{"Field":"id","Type":"int(11)","Null":"NO","Key":"PRI","Default":null,"Extra":"auto_increment"},{"Field":"username","Type":"varchar(50)","Null":"NO","Key":"","Default":null,"Extra":""},{"Field":"email","Type":"varchar(100)","Null":"NO","Key":"UNI","Default":null,"Extra":""},{"Field":"password","Type":"varchar(255)","Null":"NO","Key":"","Default":null,"Extra":""},{"Field":"role","Type":"enum('user','admin')","Null":"YES","Key":"","Default":"user","Extra":""},{"Field":"verification_code","Type":"varchar(100)","Null":"YES","Key":"","Default":null,"Extra":""},{"Field":"is_verified","Type":"tinyint(1)","Null":"YES","Key":"","Default":"0","Extra":""},{"Field":"created_at","Type":"timestamp","Null":"NO","Key":"","Default":"current_timestamp()","Extra":""},{"Field":"favorite_sport","Type":"varchar(50)","Null":"YES","Key":"","Default":null,"Extra":""},{"Field":"favorite_team","Type":"varchar(50)","Null":"YES","Key":"","Default":null,"Extra":""},{"Field":"account_type","Type":"enum('user','admin')","Null":"YES","Key":"","Default":"user","Extra":""}]
[23-Apr-2025 01:27:24 Europe/Berlin] Number of users in database: 13
[23-Apr-2025 01:27:24 Europe/Berlin] All tables initialized successfully
[23-Apr-2025 01:27:24 Europe/Berlin] Connected to database. Tables found: favorites, feedback, matches, news, newsletter, notifications, players, subscriptions, users
[23-Apr-2025 01:27:24 Europe/Berlin] Executing SQL: CREATE TABLE IF NOT EXISTS users (
                id INT AUTO_INCREMENT PRIMARY KEY,
                username VARCHAR(50) NOT NULL UNIQUE,
                password VARCHAR(255) NOT NULL,
                email VARCHAR(100) NOT NULL UNIQUE,
                account_type ENUM('user', 'admin') DEFAULT 'user',
                created_at TIMESTAMP DEFAULT CURRENT_TIMESTAMP
            )
[23-Apr-2025 01:27:24 Europe/Berlin] With params: []
[23-Apr-2025 01:27:24 Europe/Berlin] Query executed successfully. Found 0 rows
[23-Apr-2025 01:27:24 Europe/Berlin] Users table created or already exists
[23-Apr-2025 01:27:24 Europe/Berlin] Users table structure: [{"Field":"id","Type":"int(11)","Null":"NO","Key":"PRI","Default":null,"Extra":"auto_increment"},{"Field":"username","Type":"varchar(50)","Null":"NO","Key":"","Default":null,"Extra":""},{"Field":"email","Type":"varchar(100)","Null":"NO","Key":"UNI","Default":null,"Extra":""},{"Field":"password","Type":"varchar(255)","Null":"NO","Key":"","Default":null,"Extra":""},{"Field":"role","Type":"enum('user','admin')","Null":"YES","Key":"","Default":"user","Extra":""},{"Field":"verification_code","Type":"varchar(100)","Null":"YES","Key":"","Default":null,"Extra":""},{"Field":"is_verified","Type":"tinyint(1)","Null":"YES","Key":"","Default":"0","Extra":""},{"Field":"created_at","Type":"timestamp","Null":"NO","Key":"","Default":"current_timestamp()","Extra":""},{"Field":"favorite_sport","Type":"varchar(50)","Null":"YES","Key":"","Default":null,"Extra":""},{"Field":"favorite_team","Type":"varchar(50)","Null":"YES","Key":"","Default":null,"Extra":""},{"Field":"account_type","Type":"enum('user','admin')","Null":"YES","Key":"","Default":"user","Extra":""}]
[23-Apr-2025 01:27:24 Europe/Berlin] Number of users in database: 13
[23-Apr-2025 01:27:24 Europe/Berlin] All tables initialized successfully
[23-Apr-2025 01:27:24 Europe/Berlin] Database tables initialized successfully
[23-Apr-2025 01:27:24 Europe/Berlin] Executing SQL: SELECT * FROM users WHERE id = :id
[23-Apr-2025 01:27:24 Europe/Berlin] With params: {":id":12}
[23-Apr-2025 01:27:24 Europe/Berlin] Query executed successfully. Found 1 rows
[23-Apr-2025 01:27:24 Europe/Berlin] User loaded from session: varunpndey
[23-Apr-2025 01:27:24 Europe/Berlin] PHP Notice:  session_start(): Ignoring session_start() because a session is already active in /Applications/XAMPP/xamppfiles/htdocs/sportsync/public/dashboard.php on line 2
[23-Apr-2025 01:27:24 Europe/Berlin] Executing SQL: SELECT * FROM users WHERE id = :id
[23-Apr-2025 01:27:24 Europe/Berlin] With params: {":id":12}
[23-Apr-2025 01:27:24 Europe/Berlin] Query executed successfully. Found 1 rows
[23-Apr-2025 01:27:24 Europe/Berlin] Header - Session status: 2
[23-Apr-2025 01:27:24 Europe/Berlin] Header - Session data: {"user_id":12,"username":"varunpndey","email":"va@gmail.com","account_type":"admin"}
[23-Apr-2025 01:27:24 Europe/Berlin] Header - After session start - Status: 2
[23-Apr-2025 01:27:24 Europe/Berlin] Header - After session start - Data: {"user_id":12,"username":"varunpndey","email":"va@gmail.com","account_type":"admin"}
[23-Apr-2025 01:27:24 Europe/Berlin] Header - Is logged in: Yes
[23-Apr-2025 01:27:27 Europe/Berlin] Connected to database. Tables found: favorites, feedback, matches, news, newsletter, notifications, players, subscriptions, users
[23-Apr-2025 01:27:27 Europe/Berlin] Executing SQL: CREATE TABLE IF NOT EXISTS users (
                id INT AUTO_INCREMENT PRIMARY KEY,
                username VARCHAR(50) NOT NULL UNIQUE,
                password VARCHAR(255) NOT NULL,
                email VARCHAR(100) NOT NULL UNIQUE,
                account_type ENUM('user', 'admin') DEFAULT 'user',
                created_at TIMESTAMP DEFAULT CURRENT_TIMESTAMP
            )
[23-Apr-2025 01:27:27 Europe/Berlin] With params: []
[23-Apr-2025 01:27:27 Europe/Berlin] Query executed successfully. Found 0 rows
[23-Apr-2025 01:27:27 Europe/Berlin] Users table created or already exists
[23-Apr-2025 01:27:27 Europe/Berlin] Users table structure: [{"Field":"id","Type":"int(11)","Null":"NO","Key":"PRI","Default":null,"Extra":"auto_increment"},{"Field":"username","Type":"varchar(50)","Null":"NO","Key":"","Default":null,"Extra":""},{"Field":"email","Type":"varchar(100)","Null":"NO","Key":"UNI","Default":null,"Extra":""},{"Field":"password","Type":"varchar(255)","Null":"NO","Key":"","Default":null,"Extra":""},{"Field":"role","Type":"enum('user','admin')","Null":"YES","Key":"","Default":"user","Extra":""},{"Field":"verification_code","Type":"varchar(100)","Null":"YES","Key":"","Default":null,"Extra":""},{"Field":"is_verified","Type":"tinyint(1)","Null":"YES","Key":"","Default":"0","Extra":""},{"Field":"created_at","Type":"timestamp","Null":"NO","Key":"","Default":"current_timestamp()","Extra":""},{"Field":"favorite_sport","Type":"varchar(50)","Null":"YES","Key":"","Default":null,"Extra":""},{"Field":"favorite_team","Type":"varchar(50)","Null":"YES","Key":"","Default":null,"Extra":""},{"Field":"account_type","Type":"enum('user','admin')","Null":"YES","Key":"","Default":"user","Extra":""}]
[23-Apr-2025 01:27:27 Europe/Berlin] Number of users in database: 13
[23-Apr-2025 01:27:27 Europe/Berlin] All tables initialized successfully
[23-Apr-2025 01:27:27 Europe/Berlin] Connected to database. Tables found: favorites, feedback, matches, news, newsletter, notifications, players, subscriptions, users
[23-Apr-2025 01:27:27 Europe/Berlin] Executing SQL: CREATE TABLE IF NOT EXISTS users (
                id INT AUTO_INCREMENT PRIMARY KEY,
                username VARCHAR(50) NOT NULL UNIQUE,
                password VARCHAR(255) NOT NULL,
                email VARCHAR(100) NOT NULL UNIQUE,
                account_type ENUM('user', 'admin') DEFAULT 'user',
                created_at TIMESTAMP DEFAULT CURRENT_TIMESTAMP
            )
[23-Apr-2025 01:27:27 Europe/Berlin] With params: []
[23-Apr-2025 01:27:27 Europe/Berlin] Query executed successfully. Found 0 rows
[23-Apr-2025 01:27:27 Europe/Berlin] Users table created or already exists
[23-Apr-2025 01:27:28 Europe/Berlin] Users table structure: [{"Field":"id","Type":"int(11)","Null":"NO","Key":"PRI","Default":null,"Extra":"auto_increment"},{"Field":"username","Type":"varchar(50)","Null":"NO","Key":"","Default":null,"Extra":""},{"Field":"email","Type":"varchar(100)","Null":"NO","Key":"UNI","Default":null,"Extra":""},{"Field":"password","Type":"varchar(255)","Null":"NO","Key":"","Default":null,"Extra":""},{"Field":"role","Type":"enum('user','admin')","Null":"YES","Key":"","Default":"user","Extra":""},{"Field":"verification_code","Type":"varchar(100)","Null":"YES","Key":"","Default":null,"Extra":""},{"Field":"is_verified","Type":"tinyint(1)","Null":"YES","Key":"","Default":"0","Extra":""},{"Field":"created_at","Type":"timestamp","Null":"NO","Key":"","Default":"current_timestamp()","Extra":""},{"Field":"favorite_sport","Type":"varchar(50)","Null":"YES","Key":"","Default":null,"Extra":""},{"Field":"favorite_team","Type":"varchar(50)","Null":"YES","Key":"","Default":null,"Extra":""},{"Field":"account_type","Type":"enum('user','admin')","Null":"YES","Key":"","Default":"user","Extra":""}]
[23-Apr-2025 01:27:28 Europe/Berlin] Number of users in database: 13
[23-Apr-2025 01:27:28 Europe/Berlin] All tables initialized successfully
[23-Apr-2025 01:27:28 Europe/Berlin] Database tables initialized successfully
[23-Apr-2025 01:27:28 Europe/Berlin] Executing SQL: SELECT * FROM users WHERE id = :id
[23-Apr-2025 01:27:28 Europe/Berlin] With params: {":id":12}
[23-Apr-2025 01:27:28 Europe/Berlin] Query executed successfully. Found 1 rows
[23-Apr-2025 01:27:28 Europe/Berlin] User loaded from session: varunpndey
[23-Apr-2025 01:27:28 Europe/Berlin] PHP Notice:  session_start(): Ignoring session_start() because a session is already active in /Applications/XAMPP/xamppfiles/htdocs/sportsync/public/dashboard.php on line 2
[23-Apr-2025 01:27:28 Europe/Berlin] Executing SQL: SELECT * FROM users WHERE id = :id
[23-Apr-2025 01:27:28 Europe/Berlin] With params: {":id":12}
[23-Apr-2025 01:27:28 Europe/Berlin] Query executed successfully. Found 1 rows
[23-Apr-2025 01:27:28 Europe/Berlin] Header - Session status: 2
[23-Apr-2025 01:27:28 Europe/Berlin] Header - Session data: {"user_id":12,"username":"varunpndey","email":"va@gmail.com","account_type":"admin"}
[23-Apr-2025 01:27:28 Europe/Berlin] Header - After session start - Status: 2
[23-Apr-2025 01:27:28 Europe/Berlin] Header - After session start - Data: {"user_id":12,"username":"varunpndey","email":"va@gmail.com","account_type":"admin"}
[23-Apr-2025 01:27:28 Europe/Berlin] Header - Is logged in: Yes
[23-Apr-2025 01:27:29 Europe/Berlin] Connected to database. Tables found: favorites, feedback, matches, news, newsletter, notifications, players, subscriptions, users
[23-Apr-2025 01:27:29 Europe/Berlin] Executing SQL: CREATE TABLE IF NOT EXISTS users (
                id INT AUTO_INCREMENT PRIMARY KEY,
                username VARCHAR(50) NOT NULL UNIQUE,
                password VARCHAR(255) NOT NULL,
                email VARCHAR(100) NOT NULL UNIQUE,
                account_type ENUM('user', 'admin') DEFAULT 'user',
                created_at TIMESTAMP DEFAULT CURRENT_TIMESTAMP
            )
[23-Apr-2025 01:27:29 Europe/Berlin] With params: []
[23-Apr-2025 01:27:29 Europe/Berlin] Query executed successfully. Found 0 rows
[23-Apr-2025 01:27:29 Europe/Berlin] Users table created or already exists
[23-Apr-2025 01:27:29 Europe/Berlin] Users table structure: [{"Field":"id","Type":"int(11)","Null":"NO","Key":"PRI","Default":null,"Extra":"auto_increment"},{"Field":"username","Type":"varchar(50)","Null":"NO","Key":"","Default":null,"Extra":""},{"Field":"email","Type":"varchar(100)","Null":"NO","Key":"UNI","Default":null,"Extra":""},{"Field":"password","Type":"varchar(255)","Null":"NO","Key":"","Default":null,"Extra":""},{"Field":"role","Type":"enum('user','admin')","Null":"YES","Key":"","Default":"user","Extra":""},{"Field":"verification_code","Type":"varchar(100)","Null":"YES","Key":"","Default":null,"Extra":""},{"Field":"is_verified","Type":"tinyint(1)","Null":"YES","Key":"","Default":"0","Extra":""},{"Field":"created_at","Type":"timestamp","Null":"NO","Key":"","Default":"current_timestamp()","Extra":""},{"Field":"favorite_sport","Type":"varchar(50)","Null":"YES","Key":"","Default":null,"Extra":""},{"Field":"favorite_team","Type":"varchar(50)","Null":"YES","Key":"","Default":null,"Extra":""},{"Field":"account_type","Type":"enum('user','admin')","Null":"YES","Key":"","Default":"user","Extra":""}]
[23-Apr-2025 01:27:29 Europe/Berlin] Number of users in database: 13
[23-Apr-2025 01:27:29 Europe/Berlin] All tables initialized successfully
[23-Apr-2025 01:27:29 Europe/Berlin] Connected to database. Tables found: favorites, feedback, matches, news, newsletter, notifications, players, subscriptions, users
[23-Apr-2025 01:27:29 Europe/Berlin] Executing SQL: CREATE TABLE IF NOT EXISTS users (
                id INT AUTO_INCREMENT PRIMARY KEY,
                username VARCHAR(50) NOT NULL UNIQUE,
                password VARCHAR(255) NOT NULL,
                email VARCHAR(100) NOT NULL UNIQUE,
                account_type ENUM('user', 'admin') DEFAULT 'user',
                created_at TIMESTAMP DEFAULT CURRENT_TIMESTAMP
            )
[23-Apr-2025 01:27:29 Europe/Berlin] With params: []
[23-Apr-2025 01:27:29 Europe/Berlin] Query executed successfully. Found 0 rows
[23-Apr-2025 01:27:29 Europe/Berlin] Users table created or already exists
[23-Apr-2025 01:27:29 Europe/Berlin] Users table structure: [{"Field":"id","Type":"int(11)","Null":"NO","Key":"PRI","Default":null,"Extra":"auto_increment"},{"Field":"username","Type":"varchar(50)","Null":"NO","Key":"","Default":null,"Extra":""},{"Field":"email","Type":"varchar(100)","Null":"NO","Key":"UNI","Default":null,"Extra":""},{"Field":"password","Type":"varchar(255)","Null":"NO","Key":"","Default":null,"Extra":""},{"Field":"role","Type":"enum('user','admin')","Null":"YES","Key":"","Default":"user","Extra":""},{"Field":"verification_code","Type":"varchar(100)","Null":"YES","Key":"","Default":null,"Extra":""},{"Field":"is_verified","Type":"tinyint(1)","Null":"YES","Key":"","Default":"0","Extra":""},{"Field":"created_at","Type":"timestamp","Null":"NO","Key":"","Default":"current_timestamp()","Extra":""},{"Field":"favorite_sport","Type":"varchar(50)","Null":"YES","Key":"","Default":null,"Extra":""},{"Field":"favorite_team","Type":"varchar(50)","Null":"YES","Key":"","Default":null,"Extra":""},{"Field":"account_type","Type":"enum('user','admin')","Null":"YES","Key":"","Default":"user","Extra":""}]
[23-Apr-2025 01:27:29 Europe/Berlin] Number of users in database: 13
[23-Apr-2025 01:27:29 Europe/Berlin] All tables initialized successfully
[23-Apr-2025 01:27:29 Europe/Berlin] Database tables initialized successfully
[23-Apr-2025 01:27:29 Europe/Berlin] Executing SQL: SELECT * FROM users WHERE id = :id
[23-Apr-2025 01:27:29 Europe/Berlin] With params: {":id":12}
[23-Apr-2025 01:27:29 Europe/Berlin] Query executed successfully. Found 1 rows
[23-Apr-2025 01:27:29 Europe/Berlin] User loaded from session: varunpndey
[23-Apr-2025 01:27:29 Europe/Berlin] Header - Session status: 2
[23-Apr-2025 01:27:29 Europe/Berlin] Header - Session data: {"user_id":12,"username":"varunpndey","email":"va@gmail.com","account_type":"admin"}
[23-Apr-2025 01:27:29 Europe/Berlin] Header - After session start - Status: 2
[23-Apr-2025 01:27:29 Europe/Berlin] Header - After session start - Data: {"user_id":12,"username":"varunpndey","email":"va@gmail.com","account_type":"admin"}
[23-Apr-2025 01:27:29 Europe/Berlin] Header - Is logged in: Yes
[23-Apr-2025 01:27:29 Europe/Berlin] Executing SQL: SELECT * FROM news ORDER BY created_at DESC LIMIT 5
[23-Apr-2025 01:27:29 Europe/Berlin] With params: []
[23-Apr-2025 01:27:29 Europe/Berlin] Query executed successfully. Found 5 rows
[23-Apr-2025 01:27:29 Europe/Berlin] Executing SQL: SELECT * FROM matches WHERE status = 'live'
[23-Apr-2025 01:27:29 Europe/Berlin] With params: []
[23-Apr-2025 01:27:29 Europe/Berlin] Query executed successfully. Found 2 rows
[23-Apr-2025 01:27:29 Europe/Berlin] Executing SQL: SELECT COUNT(*) as count FROM favorites 
                    WHERE user_id = :user_id AND match_id = :match_id
[23-Apr-2025 01:27:29 Europe/Berlin] With params: {":user_id":12,":match_id":11}
[23-Apr-2025 01:27:29 Europe/Berlin] Query executed successfully. Found 1 rows
[23-Apr-2025 01:27:29 Europe/Berlin] Executing SQL: SELECT COUNT(*) as count FROM favorites 
                    WHERE user_id = :user_id AND match_id = :match_id
[23-Apr-2025 01:27:29 Europe/Berlin] With params: {":user_id":12,":match_id":17}
[23-Apr-2025 01:27:29 Europe/Berlin] Query executed successfully. Found 1 rows
[23-Apr-2025 01:27:30 Europe/Berlin] Connected to database. Tables found: favorites, feedback, matches, news, newsletter, notifications, players, subscriptions, users
[23-Apr-2025 01:27:30 Europe/Berlin] Executing SQL: CREATE TABLE IF NOT EXISTS users (
                id INT AUTO_INCREMENT PRIMARY KEY,
                username VARCHAR(50) NOT NULL UNIQUE,
                password VARCHAR(255) NOT NULL,
                email VARCHAR(100) NOT NULL UNIQUE,
                account_type ENUM('user', 'admin') DEFAULT 'user',
                created_at TIMESTAMP DEFAULT CURRENT_TIMESTAMP
            )
[23-Apr-2025 01:27:30 Europe/Berlin] With params: []
[23-Apr-2025 01:27:30 Europe/Berlin] Query executed successfully. Found 0 rows
[23-Apr-2025 01:27:30 Europe/Berlin] Users table created or already exists
[23-Apr-2025 01:27:30 Europe/Berlin] Users table structure: [{"Field":"id","Type":"int(11)","Null":"NO","Key":"PRI","Default":null,"Extra":"auto_increment"},{"Field":"username","Type":"varchar(50)","Null":"NO","Key":"","Default":null,"Extra":""},{"Field":"email","Type":"varchar(100)","Null":"NO","Key":"UNI","Default":null,"Extra":""},{"Field":"password","Type":"varchar(255)","Null":"NO","Key":"","Default":null,"Extra":""},{"Field":"role","Type":"enum('user','admin')","Null":"YES","Key":"","Default":"user","Extra":""},{"Field":"verification_code","Type":"varchar(100)","Null":"YES","Key":"","Default":null,"Extra":""},{"Field":"is_verified","Type":"tinyint(1)","Null":"YES","Key":"","Default":"0","Extra":""},{"Field":"created_at","Type":"timestamp","Null":"NO","Key":"","Default":"current_timestamp()","Extra":""},{"Field":"favorite_sport","Type":"varchar(50)","Null":"YES","Key":"","Default":null,"Extra":""},{"Field":"favorite_team","Type":"varchar(50)","Null":"YES","Key":"","Default":null,"Extra":""},{"Field":"account_type","Type":"enum('user','admin')","Null":"YES","Key":"","Default":"user","Extra":""}]
[23-Apr-2025 01:27:30 Europe/Berlin] Number of users in database: 13
[23-Apr-2025 01:27:30 Europe/Berlin] All tables initialized successfully
[23-Apr-2025 01:27:30 Europe/Berlin] Connected to database. Tables found: favorites, feedback, matches, news, newsletter, notifications, players, subscriptions, users
[23-Apr-2025 01:27:30 Europe/Berlin] Executing SQL: CREATE TABLE IF NOT EXISTS users (
                id INT AUTO_INCREMENT PRIMARY KEY,
                username VARCHAR(50) NOT NULL UNIQUE,
                password VARCHAR(255) NOT NULL,
                email VARCHAR(100) NOT NULL UNIQUE,
                account_type ENUM('user', 'admin') DEFAULT 'user',
                created_at TIMESTAMP DEFAULT CURRENT_TIMESTAMP
            )
[23-Apr-2025 01:27:30 Europe/Berlin] With params: []
[23-Apr-2025 01:27:30 Europe/Berlin] Query executed successfully. Found 0 rows
[23-Apr-2025 01:27:30 Europe/Berlin] Users table created or already exists
[23-Apr-2025 01:27:30 Europe/Berlin] Users table structure: [{"Field":"id","Type":"int(11)","Null":"NO","Key":"PRI","Default":null,"Extra":"auto_increment"},{"Field":"username","Type":"varchar(50)","Null":"NO","Key":"","Default":null,"Extra":""},{"Field":"email","Type":"varchar(100)","Null":"NO","Key":"UNI","Default":null,"Extra":""},{"Field":"password","Type":"varchar(255)","Null":"NO","Key":"","Default":null,"Extra":""},{"Field":"role","Type":"enum('user','admin')","Null":"YES","Key":"","Default":"user","Extra":""},{"Field":"verification_code","Type":"varchar(100)","Null":"YES","Key":"","Default":null,"Extra":""},{"Field":"is_verified","Type":"tinyint(1)","Null":"YES","Key":"","Default":"0","Extra":""},{"Field":"created_at","Type":"timestamp","Null":"NO","Key":"","Default":"current_timestamp()","Extra":""},{"Field":"favorite_sport","Type":"varchar(50)","Null":"YES","Key":"","Default":null,"Extra":""},{"Field":"favorite_team","Type":"varchar(50)","Null":"YES","Key":"","Default":null,"Extra":""},{"Field":"account_type","Type":"enum('user','admin')","Null":"YES","Key":"","Default":"user","Extra":""}]
[23-Apr-2025 01:27:30 Europe/Berlin] Number of users in database: 13
[23-Apr-2025 01:27:30 Europe/Berlin] All tables initialized successfully
[23-Apr-2025 01:27:30 Europe/Berlin] Database tables initialized successfully
[23-Apr-2025 01:27:30 Europe/Berlin] Executing SQL: SELECT * FROM users WHERE id = :id
[23-Apr-2025 01:27:30 Europe/Berlin] With params: {":id":12}
[23-Apr-2025 01:27:30 Europe/Berlin] Query executed successfully. Found 1 rows
[23-Apr-2025 01:27:30 Europe/Berlin] User loaded from session: varunpndey
[23-Apr-2025 01:27:30 Europe/Berlin] Header - Session status: 2
[23-Apr-2025 01:27:30 Europe/Berlin] Header - Session data: {"user_id":12,"username":"varunpndey","email":"va@gmail.com","account_type":"admin"}
[23-Apr-2025 01:27:30 Europe/Berlin] Header - After session start - Status: 2
[23-Apr-2025 01:27:30 Europe/Berlin] Header - After session start - Data: {"user_id":12,"username":"varunpndey","email":"va@gmail.com","account_type":"admin"}
[23-Apr-2025 01:27:30 Europe/Berlin] Header - Is logged in: Yes
[23-Apr-2025 01:27:30 Europe/Berlin] Executing SQL: SELECT * FROM matches WHERE sport = :sport ORDER BY match_time DESC
[23-Apr-2025 01:27:30 Europe/Berlin] With params: {":sport":"football"}
[23-Apr-2025 01:27:30 Europe/Berlin] Query executed successfully. Found 7 rows
[23-Apr-2025 01:27:30 Europe/Berlin] Executing SQL: SELECT * FROM matches WHERE sport = :sport AND status = :status
[23-Apr-2025 01:27:30 Europe/Berlin] With params: {":sport":"football",":status":"live"}
[23-Apr-2025 01:27:30 Europe/Berlin] Query executed successfully. Found 1 rows
[23-Apr-2025 01:27:30 Europe/Berlin] Executing SQL: SELECT COUNT(*) as count FROM favorites 
                    WHERE user_id = :user_id AND match_id = :match_id
[23-Apr-2025 01:27:30 Europe/Berlin] With params: {":user_id":12,":match_id":18}
[23-Apr-2025 01:27:30 Europe/Berlin] Query executed successfully. Found 1 rows
[23-Apr-2025 01:27:30 Europe/Berlin] Executing SQL: SELECT COUNT(*) as count FROM favorites 
                    WHERE user_id = :user_id AND match_id = :match_id
[23-Apr-2025 01:27:30 Europe/Berlin] With params: {":user_id":12,":match_id":17}
[23-Apr-2025 01:27:30 Europe/Berlin] Query executed successfully. Found 1 rows
[23-Apr-2025 01:27:30 Europe/Berlin] Executing SQL: SELECT COUNT(*) as count FROM favorites 
                    WHERE user_id = :user_id AND match_id = :match_id
[23-Apr-2025 01:27:30 Europe/Berlin] With params: {":user_id":12,":match_id":19}
[23-Apr-2025 01:27:30 Europe/Berlin] Query executed successfully. Found 1 rows
[23-Apr-2025 01:27:30 Europe/Berlin] Executing SQL: SELECT COUNT(*) as count FROM favorites 
                    WHERE user_id = :user_id AND match_id = :match_id
[23-Apr-2025 01:27:30 Europe/Berlin] With params: {":user_id":12,":match_id":20}
[23-Apr-2025 01:27:30 Europe/Berlin] Query executed successfully. Found 1 rows
[23-Apr-2025 01:27:30 Europe/Berlin] Executing SQL: SELECT COUNT(*) as count FROM favorites 
                    WHERE user_id = :user_id AND match_id = :match_id
[23-Apr-2025 01:27:30 Europe/Berlin] With params: {":user_id":12,":match_id":22}
[23-Apr-2025 01:27:30 Europe/Berlin] Query executed successfully. Found 1 rows
[23-Apr-2025 01:27:30 Europe/Berlin] Executing SQL: SELECT COUNT(*) as count FROM favorites 
                    WHERE user_id = :user_id AND match_id = :match_id
[23-Apr-2025 01:27:30 Europe/Berlin] With params: {":user_id":12,":match_id":21}
[23-Apr-2025 01:27:30 Europe/Berlin] Query executed successfully. Found 1 rows
[23-Apr-2025 01:27:30 Europe/Berlin] Executing SQL: SELECT COUNT(*) as count FROM favorites 
                    WHERE user_id = :user_id AND match_id = :match_id
[23-Apr-2025 01:27:30 Europe/Berlin] With params: {":user_id":12,":match_id":23}
[23-Apr-2025 01:27:30 Europe/Berlin] Query executed successfully. Found 1 rows
[23-Apr-2025 01:27:31 Europe/Berlin] Connected to database. Tables found: favorites, feedback, matches, news, newsletter, notifications, players, subscriptions, users
[23-Apr-2025 01:27:31 Europe/Berlin] Executing SQL: CREATE TABLE IF NOT EXISTS users (
                id INT AUTO_INCREMENT PRIMARY KEY,
                username VARCHAR(50) NOT NULL UNIQUE,
                password VARCHAR(255) NOT NULL,
                email VARCHAR(100) NOT NULL UNIQUE,
                account_type ENUM('user', 'admin') DEFAULT 'user',
                created_at TIMESTAMP DEFAULT CURRENT_TIMESTAMP
            )
[23-Apr-2025 01:27:31 Europe/Berlin] With params: []
[23-Apr-2025 01:27:31 Europe/Berlin] Query executed successfully. Found 0 rows
[23-Apr-2025 01:27:31 Europe/Berlin] Users table created or already exists
[23-Apr-2025 01:27:31 Europe/Berlin] Users table structure: [{"Field":"id","Type":"int(11)","Null":"NO","Key":"PRI","Default":null,"Extra":"auto_increment"},{"Field":"username","Type":"varchar(50)","Null":"NO","Key":"","Default":null,"Extra":""},{"Field":"email","Type":"varchar(100)","Null":"NO","Key":"UNI","Default":null,"Extra":""},{"Field":"password","Type":"varchar(255)","Null":"NO","Key":"","Default":null,"Extra":""},{"Field":"role","Type":"enum('user','admin')","Null":"YES","Key":"","Default":"user","Extra":""},{"Field":"verification_code","Type":"varchar(100)","Null":"YES","Key":"","Default":null,"Extra":""},{"Field":"is_verified","Type":"tinyint(1)","Null":"YES","Key":"","Default":"0","Extra":""},{"Field":"created_at","Type":"timestamp","Null":"NO","Key":"","Default":"current_timestamp()","Extra":""},{"Field":"favorite_sport","Type":"varchar(50)","Null":"YES","Key":"","Default":null,"Extra":""},{"Field":"favorite_team","Type":"varchar(50)","Null":"YES","Key":"","Default":null,"Extra":""},{"Field":"account_type","Type":"enum('user','admin')","Null":"YES","Key":"","Default":"user","Extra":""}]
[23-Apr-2025 01:27:31 Europe/Berlin] Number of users in database: 13
[23-Apr-2025 01:27:31 Europe/Berlin] All tables initialized successfully
[23-Apr-2025 01:27:31 Europe/Berlin] Connected to database. Tables found: favorites, feedback, matches, news, newsletter, notifications, players, subscriptions, users
[23-Apr-2025 01:27:31 Europe/Berlin] Executing SQL: CREATE TABLE IF NOT EXISTS users (
                id INT AUTO_INCREMENT PRIMARY KEY,
                username VARCHAR(50) NOT NULL UNIQUE,
                password VARCHAR(255) NOT NULL,
                email VARCHAR(100) NOT NULL UNIQUE,
                account_type ENUM('user', 'admin') DEFAULT 'user',
                created_at TIMESTAMP DEFAULT CURRENT_TIMESTAMP
            )
[23-Apr-2025 01:27:31 Europe/Berlin] With params: []
[23-Apr-2025 01:27:31 Europe/Berlin] Query executed successfully. Found 0 rows
[23-Apr-2025 01:27:31 Europe/Berlin] Users table created or already exists
[23-Apr-2025 01:27:31 Europe/Berlin] Users table structure: [{"Field":"id","Type":"int(11)","Null":"NO","Key":"PRI","Default":null,"Extra":"auto_increment"},{"Field":"username","Type":"varchar(50)","Null":"NO","Key":"","Default":null,"Extra":""},{"Field":"email","Type":"varchar(100)","Null":"NO","Key":"UNI","Default":null,"Extra":""},{"Field":"password","Type":"varchar(255)","Null":"NO","Key":"","Default":null,"Extra":""},{"Field":"role","Type":"enum('user','admin')","Null":"YES","Key":"","Default":"user","Extra":""},{"Field":"verification_code","Type":"varchar(100)","Null":"YES","Key":"","Default":null,"Extra":""},{"Field":"is_verified","Type":"tinyint(1)","Null":"YES","Key":"","Default":"0","Extra":""},{"Field":"created_at","Type":"timestamp","Null":"NO","Key":"","Default":"current_timestamp()","Extra":""},{"Field":"favorite_sport","Type":"varchar(50)","Null":"YES","Key":"","Default":null,"Extra":""},{"Field":"favorite_team","Type":"varchar(50)","Null":"YES","Key":"","Default":null,"Extra":""},{"Field":"account_type","Type":"enum('user','admin')","Null":"YES","Key":"","Default":"user","Extra":""}]
[23-Apr-2025 01:27:31 Europe/Berlin] Number of users in database: 13
[23-Apr-2025 01:27:31 Europe/Berlin] All tables initialized successfully
[23-Apr-2025 01:27:31 Europe/Berlin] Database tables initialized successfully
[23-Apr-2025 01:27:31 Europe/Berlin] Executing SQL: SELECT * FROM users WHERE id = :id
[23-Apr-2025 01:27:31 Europe/Berlin] With params: {":id":12}
[23-Apr-2025 01:27:31 Europe/Berlin] Query executed successfully. Found 1 rows
[23-Apr-2025 01:27:31 Europe/Berlin] User loaded from session: varunpndey
[23-Apr-2025 01:27:31 Europe/Berlin] Header - Session status: 2
[23-Apr-2025 01:27:31 Europe/Berlin] Header - Session data: {"user_id":12,"username":"varunpndey","email":"va@gmail.com","account_type":"admin"}
[23-Apr-2025 01:27:31 Europe/Berlin] Header - After session start - Status: 2
[23-Apr-2025 01:27:31 Europe/Berlin] Header - After session start - Data: {"user_id":12,"username":"varunpndey","email":"va@gmail.com","account_type":"admin"}
[23-Apr-2025 01:27:31 Europe/Berlin] Header - Is logged in: Yes
[23-Apr-2025 01:27:31 Europe/Berlin] Executing SQL: SELECT * FROM matches WHERE sport = :sport ORDER BY match_time DESC
[23-Apr-2025 01:27:31 Europe/Berlin] With params: {":sport":"cricket"}
[23-Apr-2025 01:27:31 Europe/Berlin] Query executed successfully. Found 6 rows
[23-Apr-2025 01:27:31 Europe/Berlin] Executing SQL: SELECT * FROM matches WHERE sport = :sport AND status = :status
[23-Apr-2025 01:27:31 Europe/Berlin] With params: {":sport":"cricket",":status":"live"}
[23-Apr-2025 01:27:31 Europe/Berlin] Query executed successfully. Found 1 rows
[23-Apr-2025 01:27:31 Europe/Berlin] Executing SQL: SELECT COUNT(*) as count FROM favorites 
                    WHERE user_id = :user_id AND match_id = :match_id
[23-Apr-2025 01:27:31 Europe/Berlin] With params: {":user_id":12,":match_id":14}
[23-Apr-2025 01:27:31 Europe/Berlin] Query executed successfully. Found 1 rows
[23-Apr-2025 01:27:31 Europe/Berlin] Executing SQL: SELECT COUNT(*) as count FROM favorites 
                    WHERE user_id = :user_id AND match_id = :match_id
[23-Apr-2025 01:27:31 Europe/Berlin] With params: {":user_id":12,":match_id":16}
[23-Apr-2025 01:27:31 Europe/Berlin] Query executed successfully. Found 1 rows
[23-Apr-2025 01:27:31 Europe/Berlin] Executing SQL: SELECT COUNT(*) as count FROM favorites 
                    WHERE user_id = :user_id AND match_id = :match_id
[23-Apr-2025 01:27:31 Europe/Berlin] With params: {":user_id":12,":match_id":25}
[23-Apr-2025 01:27:31 Europe/Berlin] Query executed successfully. Found 1 rows
[23-Apr-2025 01:27:31 Europe/Berlin] Executing SQL: SELECT COUNT(*) as count FROM favorites 
                    WHERE user_id = :user_id AND match_id = :match_id
[23-Apr-2025 01:27:31 Europe/Berlin] With params: {":user_id":12,":match_id":12}
[23-Apr-2025 01:27:31 Europe/Berlin] Query executed successfully. Found 1 rows
[23-Apr-2025 01:27:31 Europe/Berlin] Executing SQL: SELECT COUNT(*) as count FROM favorites 
                    WHERE user_id = :user_id AND match_id = :match_id
[23-Apr-2025 01:27:31 Europe/Berlin] With params: {":user_id":12,":match_id":11}
[23-Apr-2025 01:27:31 Europe/Berlin] Query executed successfully. Found 1 rows
[23-Apr-2025 01:27:31 Europe/Berlin] Executing SQL: SELECT COUNT(*) as count FROM favorites 
                    WHERE user_id = :user_id AND match_id = :match_id
[23-Apr-2025 01:27:31 Europe/Berlin] With params: {":user_id":12,":match_id":13}
[23-Apr-2025 01:27:31 Europe/Berlin] Query executed successfully. Found 1 rows
[23-Apr-2025 01:27:31 Europe/Berlin] Connected to database. Tables found: favorites, feedback, matches, news, newsletter, notifications, players, subscriptions, users
[23-Apr-2025 01:27:31 Europe/Berlin] Executing SQL: CREATE TABLE IF NOT EXISTS users (
                id INT AUTO_INCREMENT PRIMARY KEY,
                username VARCHAR(50) NOT NULL UNIQUE,
                password VARCHAR(255) NOT NULL,
                email VARCHAR(100) NOT NULL UNIQUE,
                account_type ENUM('user', 'admin') DEFAULT 'user',
                created_at TIMESTAMP DEFAULT CURRENT_TIMESTAMP
            )
[23-Apr-2025 01:27:31 Europe/Berlin] With params: []
[23-Apr-2025 01:27:31 Europe/Berlin] Query executed successfully. Found 0 rows
[23-Apr-2025 01:27:31 Europe/Berlin] Users table created or already exists
[23-Apr-2025 01:27:31 Europe/Berlin] Users table structure: [{"Field":"id","Type":"int(11)","Null":"NO","Key":"PRI","Default":null,"Extra":"auto_increment"},{"Field":"username","Type":"varchar(50)","Null":"NO","Key":"","Default":null,"Extra":""},{"Field":"email","Type":"varchar(100)","Null":"NO","Key":"UNI","Default":null,"Extra":""},{"Field":"password","Type":"varchar(255)","Null":"NO","Key":"","Default":null,"Extra":""},{"Field":"role","Type":"enum('user','admin')","Null":"YES","Key":"","Default":"user","Extra":""},{"Field":"verification_code","Type":"varchar(100)","Null":"YES","Key":"","Default":null,"Extra":""},{"Field":"is_verified","Type":"tinyint(1)","Null":"YES","Key":"","Default":"0","Extra":""},{"Field":"created_at","Type":"timestamp","Null":"NO","Key":"","Default":"current_timestamp()","Extra":""},{"Field":"favorite_sport","Type":"varchar(50)","Null":"YES","Key":"","Default":null,"Extra":""},{"Field":"favorite_team","Type":"varchar(50)","Null":"YES","Key":"","Default":null,"Extra":""},{"Field":"account_type","Type":"enum('user','admin')","Null":"YES","Key":"","Default":"user","Extra":""}]
[23-Apr-2025 01:27:31 Europe/Berlin] Number of users in database: 13
[23-Apr-2025 01:27:31 Europe/Berlin] All tables initialized successfully
[23-Apr-2025 01:27:31 Europe/Berlin] Connected to database. Tables found: favorites, feedback, matches, news, newsletter, notifications, players, subscriptions, users
[23-Apr-2025 01:27:31 Europe/Berlin] Executing SQL: CREATE TABLE IF NOT EXISTS users (
                id INT AUTO_INCREMENT PRIMARY KEY,
                username VARCHAR(50) NOT NULL UNIQUE,
                password VARCHAR(255) NOT NULL,
                email VARCHAR(100) NOT NULL UNIQUE,
                account_type ENUM('user', 'admin') DEFAULT 'user',
                created_at TIMESTAMP DEFAULT CURRENT_TIMESTAMP
            )
[23-Apr-2025 01:27:31 Europe/Berlin] With params: []
[23-Apr-2025 01:27:31 Europe/Berlin] Query executed successfully. Found 0 rows
[23-Apr-2025 01:27:31 Europe/Berlin] Users table created or already exists
[23-Apr-2025 01:27:31 Europe/Berlin] Users table structure: [{"Field":"id","Type":"int(11)","Null":"NO","Key":"PRI","Default":null,"Extra":"auto_increment"},{"Field":"username","Type":"varchar(50)","Null":"NO","Key":"","Default":null,"Extra":""},{"Field":"email","Type":"varchar(100)","Null":"NO","Key":"UNI","Default":null,"Extra":""},{"Field":"password","Type":"varchar(255)","Null":"NO","Key":"","Default":null,"Extra":""},{"Field":"role","Type":"enum('user','admin')","Null":"YES","Key":"","Default":"user","Extra":""},{"Field":"verification_code","Type":"varchar(100)","Null":"YES","Key":"","Default":null,"Extra":""},{"Field":"is_verified","Type":"tinyint(1)","Null":"YES","Key":"","Default":"0","Extra":""},{"Field":"created_at","Type":"timestamp","Null":"NO","Key":"","Default":"current_timestamp()","Extra":""},{"Field":"favorite_sport","Type":"varchar(50)","Null":"YES","Key":"","Default":null,"Extra":""},{"Field":"favorite_team","Type":"varchar(50)","Null":"YES","Key":"","Default":null,"Extra":""},{"Field":"account_type","Type":"enum('user','admin')","Null":"YES","Key":"","Default":"user","Extra":""}]
[23-Apr-2025 01:27:31 Europe/Berlin] Number of users in database: 13
[23-Apr-2025 01:27:31 Europe/Berlin] All tables initialized successfully
[23-Apr-2025 01:27:31 Europe/Berlin] Database tables initialized successfully
[23-Apr-2025 01:27:31 Europe/Berlin] Executing SQL: SELECT * FROM users WHERE id = :id
[23-Apr-2025 01:27:31 Europe/Berlin] With params: {":id":12}
[23-Apr-2025 01:27:31 Europe/Berlin] Query executed successfully. Found 1 rows
[23-Apr-2025 01:27:31 Europe/Berlin] User loaded from session: varunpndey
[23-Apr-2025 01:27:31 Europe/Berlin] Header - Session status: 2
[23-Apr-2025 01:27:31 Europe/Berlin] Header - Session data: {"user_id":12,"username":"varunpndey","email":"va@gmail.com","account_type":"admin"}
[23-Apr-2025 01:27:31 Europe/Berlin] Header - After session start - Status: 2
[23-Apr-2025 01:27:31 Europe/Berlin] Header - After session start - Data: {"user_id":12,"username":"varunpndey","email":"va@gmail.com","account_type":"admin"}
[23-Apr-2025 01:27:31 Europe/Berlin] Header - Is logged in: Yes
[23-Apr-2025 01:27:31 Europe/Berlin] Executing SQL: SELECT * FROM matches WHERE status = 'live'
[23-Apr-2025 01:27:31 Europe/Berlin] With params: []
[23-Apr-2025 01:27:31 Europe/Berlin] Query executed successfully. Found 2 rows
[23-Apr-2025 01:27:31 Europe/Berlin] Executing SQL: SELECT COUNT(*) as count FROM favorites 
                    WHERE user_id = :user_id AND match_id = :match_id
[23-Apr-2025 01:27:31 Europe/Berlin] With params: {":user_id":12,":match_id":11}
[23-Apr-2025 01:27:31 Europe/Berlin] Query executed successfully. Found 1 rows
[23-Apr-2025 01:27:31 Europe/Berlin] Executing SQL: SELECT COUNT(*) as count FROM favorites 
                    WHERE user_id = :user_id AND match_id = :match_id
[23-Apr-2025 01:27:31 Europe/Berlin] With params: {":user_id":12,":match_id":17}
[23-Apr-2025 01:27:31 Europe/Berlin] Query executed successfully. Found 1 rows
[23-Apr-2025 01:27:33 Europe/Berlin] Connected to database. Tables found: favorites, feedback, matches, news, newsletter, notifications, players, subscriptions, users
[23-Apr-2025 01:27:33 Europe/Berlin] Executing SQL: CREATE TABLE IF NOT EXISTS users (
                id INT AUTO_INCREMENT PRIMARY KEY,
                username VARCHAR(50) NOT NULL UNIQUE,
                password VARCHAR(255) NOT NULL,
                email VARCHAR(100) NOT NULL UNIQUE,
                account_type ENUM('user', 'admin') DEFAULT 'user',
                created_at TIMESTAMP DEFAULT CURRENT_TIMESTAMP
            )
[23-Apr-2025 01:27:33 Europe/Berlin] With params: []
[23-Apr-2025 01:27:33 Europe/Berlin] Query executed successfully. Found 0 rows
[23-Apr-2025 01:27:33 Europe/Berlin] Users table created or already exists
[23-Apr-2025 01:27:33 Europe/Berlin] Users table structure: [{"Field":"id","Type":"int(11)","Null":"NO","Key":"PRI","Default":null,"Extra":"auto_increment"},{"Field":"username","Type":"varchar(50)","Null":"NO","Key":"","Default":null,"Extra":""},{"Field":"email","Type":"varchar(100)","Null":"NO","Key":"UNI","Default":null,"Extra":""},{"Field":"password","Type":"varchar(255)","Null":"NO","Key":"","Default":null,"Extra":""},{"Field":"role","Type":"enum('user','admin')","Null":"YES","Key":"","Default":"user","Extra":""},{"Field":"verification_code","Type":"varchar(100)","Null":"YES","Key":"","Default":null,"Extra":""},{"Field":"is_verified","Type":"tinyint(1)","Null":"YES","Key":"","Default":"0","Extra":""},{"Field":"created_at","Type":"timestamp","Null":"NO","Key":"","Default":"current_timestamp()","Extra":""},{"Field":"favorite_sport","Type":"varchar(50)","Null":"YES","Key":"","Default":null,"Extra":""},{"Field":"favorite_team","Type":"varchar(50)","Null":"YES","Key":"","Default":null,"Extra":""},{"Field":"account_type","Type":"enum('user','admin')","Null":"YES","Key":"","Default":"user","Extra":""}]
[23-Apr-2025 01:27:33 Europe/Berlin] Number of users in database: 13
[23-Apr-2025 01:27:33 Europe/Berlin] All tables initialized successfully
[23-Apr-2025 01:27:33 Europe/Berlin] Connected to database. Tables found: favorites, feedback, matches, news, newsletter, notifications, players, subscriptions, users
[23-Apr-2025 01:27:33 Europe/Berlin] Executing SQL: CREATE TABLE IF NOT EXISTS users (
                id INT AUTO_INCREMENT PRIMARY KEY,
                username VARCHAR(50) NOT NULL UNIQUE,
                password VARCHAR(255) NOT NULL,
                email VARCHAR(100) NOT NULL UNIQUE,
                account_type ENUM('user', 'admin') DEFAULT 'user',
                created_at TIMESTAMP DEFAULT CURRENT_TIMESTAMP
            )
[23-Apr-2025 01:27:33 Europe/Berlin] With params: []
[23-Apr-2025 01:27:33 Europe/Berlin] Query executed successfully. Found 0 rows
[23-Apr-2025 01:27:33 Europe/Berlin] Users table created or already exists
[23-Apr-2025 01:27:33 Europe/Berlin] Users table structure: [{"Field":"id","Type":"int(11)","Null":"NO","Key":"PRI","Default":null,"Extra":"auto_increment"},{"Field":"username","Type":"varchar(50)","Null":"NO","Key":"","Default":null,"Extra":""},{"Field":"email","Type":"varchar(100)","Null":"NO","Key":"UNI","Default":null,"Extra":""},{"Field":"password","Type":"varchar(255)","Null":"NO","Key":"","Default":null,"Extra":""},{"Field":"role","Type":"enum('user','admin')","Null":"YES","Key":"","Default":"user","Extra":""},{"Field":"verification_code","Type":"varchar(100)","Null":"YES","Key":"","Default":null,"Extra":""},{"Field":"is_verified","Type":"tinyint(1)","Null":"YES","Key":"","Default":"0","Extra":""},{"Field":"created_at","Type":"timestamp","Null":"NO","Key":"","Default":"current_timestamp()","Extra":""},{"Field":"favorite_sport","Type":"varchar(50)","Null":"YES","Key":"","Default":null,"Extra":""},{"Field":"favorite_team","Type":"varchar(50)","Null":"YES","Key":"","Default":null,"Extra":""},{"Field":"account_type","Type":"enum('user','admin')","Null":"YES","Key":"","Default":"user","Extra":""}]
[23-Apr-2025 01:27:33 Europe/Berlin] Number of users in database: 13
[23-Apr-2025 01:27:33 Europe/Berlin] All tables initialized successfully
[23-Apr-2025 01:27:33 Europe/Berlin] Database tables initialized successfully
[23-Apr-2025 01:27:33 Europe/Berlin] Executing SQL: SELECT * FROM users WHERE id = :id
[23-Apr-2025 01:27:33 Europe/Berlin] With params: {":id":12}
[23-Apr-2025 01:27:33 Europe/Berlin] Query executed successfully. Found 1 rows
[23-Apr-2025 01:27:33 Europe/Berlin] User loaded from session: varunpndey
[23-Apr-2025 01:27:33 Europe/Berlin] Header - Session status: 2
[23-Apr-2025 01:27:33 Europe/Berlin] Header - Session data: {"user_id":12,"username":"varunpndey","email":"va@gmail.com","account_type":"admin"}
[23-Apr-2025 01:27:33 Europe/Berlin] Header - After session start - Status: 2
[23-Apr-2025 01:27:33 Europe/Berlin] Header - After session start - Data: {"user_id":12,"username":"varunpndey","email":"va@gmail.com","account_type":"admin"}
[23-Apr-2025 01:27:33 Europe/Berlin] Header - Is logged in: Yes
[23-Apr-2025 01:27:33 Europe/Berlin] Executing SQL: SELECT * FROM matches WHERE sport = :sport ORDER BY match_time DESC
[23-Apr-2025 01:27:33 Europe/Berlin] With params: {":sport":"cricket"}
[23-Apr-2025 01:27:33 Europe/Berlin] Query executed successfully. Found 6 rows
[23-Apr-2025 01:27:33 Europe/Berlin] Executing SQL: SELECT * FROM matches WHERE sport = :sport AND status = :status
[23-Apr-2025 01:27:33 Europe/Berlin] With params: {":sport":"cricket",":status":"live"}
[23-Apr-2025 01:27:33 Europe/Berlin] Query executed successfully. Found 1 rows
[23-Apr-2025 01:27:33 Europe/Berlin] Executing SQL: SELECT COUNT(*) as count FROM favorites 
                    WHERE user_id = :user_id AND match_id = :match_id
[23-Apr-2025 01:27:33 Europe/Berlin] With params: {":user_id":12,":match_id":14}
[23-Apr-2025 01:27:33 Europe/Berlin] Query executed successfully. Found 1 rows
[23-Apr-2025 01:27:33 Europe/Berlin] Executing SQL: SELECT COUNT(*) as count FROM favorites 
                    WHERE user_id = :user_id AND match_id = :match_id
[23-Apr-2025 01:27:33 Europe/Berlin] With params: {":user_id":12,":match_id":16}
[23-Apr-2025 01:27:33 Europe/Berlin] Query executed successfully. Found 1 rows
[23-Apr-2025 01:27:33 Europe/Berlin] Executing SQL: SELECT COUNT(*) as count FROM favorites 
                    WHERE user_id = :user_id AND match_id = :match_id
[23-Apr-2025 01:27:33 Europe/Berlin] With params: {":user_id":12,":match_id":25}
[23-Apr-2025 01:27:33 Europe/Berlin] Query executed successfully. Found 1 rows
[23-Apr-2025 01:27:33 Europe/Berlin] Executing SQL: SELECT COUNT(*) as count FROM favorites 
                    WHERE user_id = :user_id AND match_id = :match_id
[23-Apr-2025 01:27:33 Europe/Berlin] With params: {":user_id":12,":match_id":12}
[23-Apr-2025 01:27:33 Europe/Berlin] Query executed successfully. Found 1 rows
[23-Apr-2025 01:27:33 Europe/Berlin] Executing SQL: SELECT COUNT(*) as count FROM favorites 
                    WHERE user_id = :user_id AND match_id = :match_id
[23-Apr-2025 01:27:33 Europe/Berlin] With params: {":user_id":12,":match_id":11}
[23-Apr-2025 01:27:33 Europe/Berlin] Query executed successfully. Found 1 rows
[23-Apr-2025 01:27:33 Europe/Berlin] Executing SQL: SELECT COUNT(*) as count FROM favorites 
                    WHERE user_id = :user_id AND match_id = :match_id
[23-Apr-2025 01:27:33 Europe/Berlin] With params: {":user_id":12,":match_id":13}
[23-Apr-2025 01:27:33 Europe/Berlin] Query executed successfully. Found 1 rows
[23-Apr-2025 01:27:36 Europe/Berlin] Connected to database. Tables found: favorites, feedback, matches, news, newsletter, notifications, players, subscriptions, users
[23-Apr-2025 01:27:36 Europe/Berlin] Executing SQL: CREATE TABLE IF NOT EXISTS users (
                id INT AUTO_INCREMENT PRIMARY KEY,
                username VARCHAR(50) NOT NULL UNIQUE,
                password VARCHAR(255) NOT NULL,
                email VARCHAR(100) NOT NULL UNIQUE,
                account_type ENUM('user', 'admin') DEFAULT 'user',
                created_at TIMESTAMP DEFAULT CURRENT_TIMESTAMP
            )
[23-Apr-2025 01:27:36 Europe/Berlin] With params: []
[23-Apr-2025 01:27:36 Europe/Berlin] Query executed successfully. Found 0 rows
[23-Apr-2025 01:27:36 Europe/Berlin] Users table created or already exists
[23-Apr-2025 01:27:36 Europe/Berlin] Users table structure: [{"Field":"id","Type":"int(11)","Null":"NO","Key":"PRI","Default":null,"Extra":"auto_increment"},{"Field":"username","Type":"varchar(50)","Null":"NO","Key":"","Default":null,"Extra":""},{"Field":"email","Type":"varchar(100)","Null":"NO","Key":"UNI","Default":null,"Extra":""},{"Field":"password","Type":"varchar(255)","Null":"NO","Key":"","Default":null,"Extra":""},{"Field":"role","Type":"enum('user','admin')","Null":"YES","Key":"","Default":"user","Extra":""},{"Field":"verification_code","Type":"varchar(100)","Null":"YES","Key":"","Default":null,"Extra":""},{"Field":"is_verified","Type":"tinyint(1)","Null":"YES","Key":"","Default":"0","Extra":""},{"Field":"created_at","Type":"timestamp","Null":"NO","Key":"","Default":"current_timestamp()","Extra":""},{"Field":"favorite_sport","Type":"varchar(50)","Null":"YES","Key":"","Default":null,"Extra":""},{"Field":"favorite_team","Type":"varchar(50)","Null":"YES","Key":"","Default":null,"Extra":""},{"Field":"account_type","Type":"enum('user','admin')","Null":"YES","Key":"","Default":"user","Extra":""}]
[23-Apr-2025 01:27:36 Europe/Berlin] Number of users in database: 13
[23-Apr-2025 01:27:36 Europe/Berlin] All tables initialized successfully
[23-Apr-2025 01:27:36 Europe/Berlin] Connected to database. Tables found: favorites, feedback, matches, news, newsletter, notifications, players, subscriptions, users
[23-Apr-2025 01:27:36 Europe/Berlin] Executing SQL: CREATE TABLE IF NOT EXISTS users (
                id INT AUTO_INCREMENT PRIMARY KEY,
                username VARCHAR(50) NOT NULL UNIQUE,
                password VARCHAR(255) NOT NULL,
                email VARCHAR(100) NOT NULL UNIQUE,
                account_type ENUM('user', 'admin') DEFAULT 'user',
                created_at TIMESTAMP DEFAULT CURRENT_TIMESTAMP
            )
[23-Apr-2025 01:27:36 Europe/Berlin] With params: []
[23-Apr-2025 01:27:36 Europe/Berlin] Query executed successfully. Found 0 rows
[23-Apr-2025 01:27:36 Europe/Berlin] Users table created or already exists
[23-Apr-2025 01:27:36 Europe/Berlin] Users table structure: [{"Field":"id","Type":"int(11)","Null":"NO","Key":"PRI","Default":null,"Extra":"auto_increment"},{"Field":"username","Type":"varchar(50)","Null":"NO","Key":"","Default":null,"Extra":""},{"Field":"email","Type":"varchar(100)","Null":"NO","Key":"UNI","Default":null,"Extra":""},{"Field":"password","Type":"varchar(255)","Null":"NO","Key":"","Default":null,"Extra":""},{"Field":"role","Type":"enum('user','admin')","Null":"YES","Key":"","Default":"user","Extra":""},{"Field":"verification_code","Type":"varchar(100)","Null":"YES","Key":"","Default":null,"Extra":""},{"Field":"is_verified","Type":"tinyint(1)","Null":"YES","Key":"","Default":"0","Extra":""},{"Field":"created_at","Type":"timestamp","Null":"NO","Key":"","Default":"current_timestamp()","Extra":""},{"Field":"favorite_sport","Type":"varchar(50)","Null":"YES","Key":"","Default":null,"Extra":""},{"Field":"favorite_team","Type":"varchar(50)","Null":"YES","Key":"","Default":null,"Extra":""},{"Field":"account_type","Type":"enum('user','admin')","Null":"YES","Key":"","Default":"user","Extra":""}]
[23-Apr-2025 01:27:36 Europe/Berlin] Number of users in database: 13
[23-Apr-2025 01:27:36 Europe/Berlin] All tables initialized successfully
[23-Apr-2025 01:27:36 Europe/Berlin] Database tables initialized successfully
[23-Apr-2025 01:27:36 Europe/Berlin] Executing SQL: SELECT * FROM users WHERE id = :id
[23-Apr-2025 01:27:36 Europe/Berlin] With params: {":id":12}
[23-Apr-2025 01:27:36 Europe/Berlin] Query executed successfully. Found 1 rows
[23-Apr-2025 01:27:36 Europe/Berlin] User loaded from session: varunpndey
[23-Apr-2025 01:27:36 Europe/Berlin] Header - Session status: 2
[23-Apr-2025 01:27:36 Europe/Berlin] Header - Session data: {"user_id":12,"username":"varunpndey","email":"va@gmail.com","account_type":"admin"}
[23-Apr-2025 01:27:36 Europe/Berlin] Header - After session start - Status: 2
[23-Apr-2025 01:27:36 Europe/Berlin] Header - After session start - Data: {"user_id":12,"username":"varunpndey","email":"va@gmail.com","account_type":"admin"}
[23-Apr-2025 01:27:36 Europe/Berlin] Header - Is logged in: Yes
[23-Apr-2025 01:27:36 Europe/Berlin] Executing SQL: SELECT * FROM news ORDER BY created_at DESC LIMIT 5
[23-Apr-2025 01:27:36 Europe/Berlin] With params: []
[23-Apr-2025 01:27:36 Europe/Berlin] Query executed successfully. Found 5 rows
[23-Apr-2025 01:27:36 Europe/Berlin] Executing SQL: SELECT * FROM matches WHERE status = 'live'
[23-Apr-2025 01:27:36 Europe/Berlin] With params: []
[23-Apr-2025 01:27:36 Europe/Berlin] Query executed successfully. Found 2 rows
[23-Apr-2025 01:27:36 Europe/Berlin] Executing SQL: SELECT COUNT(*) as count FROM favorites 
                    WHERE user_id = :user_id AND match_id = :match_id
[23-Apr-2025 01:27:36 Europe/Berlin] With params: {":user_id":12,":match_id":11}
[23-Apr-2025 01:27:36 Europe/Berlin] Query executed successfully. Found 1 rows
[23-Apr-2025 01:27:36 Europe/Berlin] Executing SQL: SELECT COUNT(*) as count FROM favorites 
                    WHERE user_id = :user_id AND match_id = :match_id
[23-Apr-2025 01:27:36 Europe/Berlin] With params: {":user_id":12,":match_id":17}
[23-Apr-2025 01:27:36 Europe/Berlin] Query executed successfully. Found 1 rows
[23-Apr-2025 01:27:40 Europe/Berlin] Connected to database. Tables found: favorites, feedback, matches, news, newsletter, notifications, players, subscriptions, users
[23-Apr-2025 01:27:40 Europe/Berlin] Executing SQL: CREATE TABLE IF NOT EXISTS users (
                id INT AUTO_INCREMENT PRIMARY KEY,
                username VARCHAR(50) NOT NULL UNIQUE,
                password VARCHAR(255) NOT NULL,
                email VARCHAR(100) NOT NULL UNIQUE,
                account_type ENUM('user', 'admin') DEFAULT 'user',
                created_at TIMESTAMP DEFAULT CURRENT_TIMESTAMP
            )
[23-Apr-2025 01:27:40 Europe/Berlin] With params: []
[23-Apr-2025 01:27:40 Europe/Berlin] Query executed successfully. Found 0 rows
[23-Apr-2025 01:27:40 Europe/Berlin] Users table created or already exists
[23-Apr-2025 01:27:40 Europe/Berlin] Users table structure: [{"Field":"id","Type":"int(11)","Null":"NO","Key":"PRI","Default":null,"Extra":"auto_increment"},{"Field":"username","Type":"varchar(50)","Null":"NO","Key":"","Default":null,"Extra":""},{"Field":"email","Type":"varchar(100)","Null":"NO","Key":"UNI","Default":null,"Extra":""},{"Field":"password","Type":"varchar(255)","Null":"NO","Key":"","Default":null,"Extra":""},{"Field":"role","Type":"enum('user','admin')","Null":"YES","Key":"","Default":"user","Extra":""},{"Field":"verification_code","Type":"varchar(100)","Null":"YES","Key":"","Default":null,"Extra":""},{"Field":"is_verified","Type":"tinyint(1)","Null":"YES","Key":"","Default":"0","Extra":""},{"Field":"created_at","Type":"timestamp","Null":"NO","Key":"","Default":"current_timestamp()","Extra":""},{"Field":"favorite_sport","Type":"varchar(50)","Null":"YES","Key":"","Default":null,"Extra":""},{"Field":"favorite_team","Type":"varchar(50)","Null":"YES","Key":"","Default":null,"Extra":""},{"Field":"account_type","Type":"enum('user','admin')","Null":"YES","Key":"","Default":"user","Extra":""}]
[23-Apr-2025 01:27:40 Europe/Berlin] Number of users in database: 13
[23-Apr-2025 01:27:40 Europe/Berlin] All tables initialized successfully
[23-Apr-2025 01:27:40 Europe/Berlin] Connected to database. Tables found: favorites, feedback, matches, news, newsletter, notifications, players, subscriptions, users
[23-Apr-2025 01:27:40 Europe/Berlin] Executing SQL: CREATE TABLE IF NOT EXISTS users (
                id INT AUTO_INCREMENT PRIMARY KEY,
                username VARCHAR(50) NOT NULL UNIQUE,
                password VARCHAR(255) NOT NULL,
                email VARCHAR(100) NOT NULL UNIQUE,
                account_type ENUM('user', 'admin') DEFAULT 'user',
                created_at TIMESTAMP DEFAULT CURRENT_TIMESTAMP
            )
[23-Apr-2025 01:27:40 Europe/Berlin] With params: []
[23-Apr-2025 01:27:40 Europe/Berlin] Query executed successfully. Found 0 rows
[23-Apr-2025 01:27:40 Europe/Berlin] Users table created or already exists
[23-Apr-2025 01:27:40 Europe/Berlin] Users table structure: [{"Field":"id","Type":"int(11)","Null":"NO","Key":"PRI","Default":null,"Extra":"auto_increment"},{"Field":"username","Type":"varchar(50)","Null":"NO","Key":"","Default":null,"Extra":""},{"Field":"email","Type":"varchar(100)","Null":"NO","Key":"UNI","Default":null,"Extra":""},{"Field":"password","Type":"varchar(255)","Null":"NO","Key":"","Default":null,"Extra":""},{"Field":"role","Type":"enum('user','admin')","Null":"YES","Key":"","Default":"user","Extra":""},{"Field":"verification_code","Type":"varchar(100)","Null":"YES","Key":"","Default":null,"Extra":""},{"Field":"is_verified","Type":"tinyint(1)","Null":"YES","Key":"","Default":"0","Extra":""},{"Field":"created_at","Type":"timestamp","Null":"NO","Key":"","Default":"current_timestamp()","Extra":""},{"Field":"favorite_sport","Type":"varchar(50)","Null":"YES","Key":"","Default":null,"Extra":""},{"Field":"favorite_team","Type":"varchar(50)","Null":"YES","Key":"","Default":null,"Extra":""},{"Field":"account_type","Type":"enum('user','admin')","Null":"YES","Key":"","Default":"user","Extra":""}]
[23-Apr-2025 01:27:40 Europe/Berlin] Number of users in database: 13
[23-Apr-2025 01:27:40 Europe/Berlin] All tables initialized successfully
[23-Apr-2025 01:27:40 Europe/Berlin] Database tables initialized successfully
[23-Apr-2025 01:27:40 Europe/Berlin] Executing SQL: SELECT * FROM users WHERE id = :id
[23-Apr-2025 01:27:40 Europe/Berlin] With params: {":id":12}
[23-Apr-2025 01:27:40 Europe/Berlin] Query executed successfully. Found 1 rows
[23-Apr-2025 01:27:40 Europe/Berlin] User loaded from session: varunpndey
[23-Apr-2025 01:27:40 Europe/Berlin] Header - Session status: 2
[23-Apr-2025 01:27:40 Europe/Berlin] Header - Session data: {"user_id":12,"username":"varunpndey","email":"va@gmail.com","account_type":"admin"}
[23-Apr-2025 01:27:40 Europe/Berlin] Header - After session start - Status: 2
[23-Apr-2025 01:27:40 Europe/Berlin] Header - After session start - Data: {"user_id":12,"username":"varunpndey","email":"va@gmail.com","account_type":"admin"}
[23-Apr-2025 01:27:40 Europe/Berlin] Header - Is logged in: Yes
[23-Apr-2025 01:27:40 Europe/Berlin] Executing SQL: SELECT m.* FROM matches m 
                    INNER JOIN favorites f ON m.id = f.match_id 
                    WHERE f.user_id = :user_id 
                    ORDER BY m.match_time DESC
[23-Apr-2025 01:27:40 Europe/Berlin] With params: {":user_id":12}
[23-Apr-2025 01:27:40 Europe/Berlin] Query executed successfully. Found 7 rows
[23-Apr-2025 01:27:43 Europe/Berlin] Connected to database. Tables found: favorites, feedback, matches, news, newsletter, notifications, players, subscriptions, users
[23-Apr-2025 01:27:43 Europe/Berlin] Executing SQL: CREATE TABLE IF NOT EXISTS users (
                id INT AUTO_INCREMENT PRIMARY KEY,
                username VARCHAR(50) NOT NULL UNIQUE,
                password VARCHAR(255) NOT NULL,
                email VARCHAR(100) NOT NULL UNIQUE,
                account_type ENUM('user', 'admin') DEFAULT 'user',
                created_at TIMESTAMP DEFAULT CURRENT_TIMESTAMP
            )
[23-Apr-2025 01:27:43 Europe/Berlin] With params: []
[23-Apr-2025 01:27:43 Europe/Berlin] Query executed successfully. Found 0 rows
[23-Apr-2025 01:27:43 Europe/Berlin] Users table created or already exists
[23-Apr-2025 01:27:43 Europe/Berlin] Users table structure: [{"Field":"id","Type":"int(11)","Null":"NO","Key":"PRI","Default":null,"Extra":"auto_increment"},{"Field":"username","Type":"varchar(50)","Null":"NO","Key":"","Default":null,"Extra":""},{"Field":"email","Type":"varchar(100)","Null":"NO","Key":"UNI","Default":null,"Extra":""},{"Field":"password","Type":"varchar(255)","Null":"NO","Key":"","Default":null,"Extra":""},{"Field":"role","Type":"enum('user','admin')","Null":"YES","Key":"","Default":"user","Extra":""},{"Field":"verification_code","Type":"varchar(100)","Null":"YES","Key":"","Default":null,"Extra":""},{"Field":"is_verified","Type":"tinyint(1)","Null":"YES","Key":"","Default":"0","Extra":""},{"Field":"created_at","Type":"timestamp","Null":"NO","Key":"","Default":"current_timestamp()","Extra":""},{"Field":"favorite_sport","Type":"varchar(50)","Null":"YES","Key":"","Default":null,"Extra":""},{"Field":"favorite_team","Type":"varchar(50)","Null":"YES","Key":"","Default":null,"Extra":""},{"Field":"account_type","Type":"enum('user','admin')","Null":"YES","Key":"","Default":"user","Extra":""}]
[23-Apr-2025 01:27:43 Europe/Berlin] Number of users in database: 13
[23-Apr-2025 01:27:43 Europe/Berlin] All tables initialized successfully
[23-Apr-2025 01:27:43 Europe/Berlin] API Request received: /sportsync/backend/match.php?_=1745364463505
[23-Apr-2025 01:27:43 Europe/Berlin] GET parameters: Array
(
    [_] => 1745364463505
)

[23-Apr-2025 01:27:46 Europe/Berlin] Connected to database. Tables found: favorites, feedback, matches, news, newsletter, notifications, players, subscriptions, users
[23-Apr-2025 01:27:46 Europe/Berlin] Executing SQL: CREATE TABLE IF NOT EXISTS users (
                id INT AUTO_INCREMENT PRIMARY KEY,
                username VARCHAR(50) NOT NULL UNIQUE,
                password VARCHAR(255) NOT NULL,
                email VARCHAR(100) NOT NULL UNIQUE,
                account_type ENUM('user', 'admin') DEFAULT 'user',
                created_at TIMESTAMP DEFAULT CURRENT_TIMESTAMP
            )
[23-Apr-2025 01:27:46 Europe/Berlin] With params: []
[23-Apr-2025 01:27:46 Europe/Berlin] Query executed successfully. Found 0 rows
[23-Apr-2025 01:27:46 Europe/Berlin] Users table created or already exists
[23-Apr-2025 01:27:46 Europe/Berlin] Users table structure: [{"Field":"id","Type":"int(11)","Null":"NO","Key":"PRI","Default":null,"Extra":"auto_increment"},{"Field":"username","Type":"varchar(50)","Null":"NO","Key":"","Default":null,"Extra":""},{"Field":"email","Type":"varchar(100)","Null":"NO","Key":"UNI","Default":null,"Extra":""},{"Field":"password","Type":"varchar(255)","Null":"NO","Key":"","Default":null,"Extra":""},{"Field":"role","Type":"enum('user','admin')","Null":"YES","Key":"","Default":"user","Extra":""},{"Field":"verification_code","Type":"varchar(100)","Null":"YES","Key":"","Default":null,"Extra":""},{"Field":"is_verified","Type":"tinyint(1)","Null":"YES","Key":"","Default":"0","Extra":""},{"Field":"created_at","Type":"timestamp","Null":"NO","Key":"","Default":"current_timestamp()","Extra":""},{"Field":"favorite_sport","Type":"varchar(50)","Null":"YES","Key":"","Default":null,"Extra":""},{"Field":"favorite_team","Type":"varchar(50)","Null":"YES","Key":"","Default":null,"Extra":""},{"Field":"account_type","Type":"enum('user','admin')","Null":"YES","Key":"","Default":"user","Extra":""}]
[23-Apr-2025 01:27:46 Europe/Berlin] Number of users in database: 13
[23-Apr-2025 01:27:46 Europe/Berlin] All tables initialized successfully
[23-Apr-2025 01:27:46 Europe/Berlin] API Request received: /sportsync/backend/match.php?_=1745364466752
[23-Apr-2025 01:27:46 Europe/Berlin] GET parameters: Array
(
    [_] => 1745364466752
)

[23-Apr-2025 01:27:50 Europe/Berlin] Connected to database. Tables found: favorites, feedback, matches, news, newsletter, notifications, players, subscriptions, users
[23-Apr-2025 01:27:50 Europe/Berlin] Executing SQL: CREATE TABLE IF NOT EXISTS users (
                id INT AUTO_INCREMENT PRIMARY KEY,
                username VARCHAR(50) NOT NULL UNIQUE,
                password VARCHAR(255) NOT NULL,
                email VARCHAR(100) NOT NULL UNIQUE,
                account_type ENUM('user', 'admin') DEFAULT 'user',
                created_at TIMESTAMP DEFAULT CURRENT_TIMESTAMP
            )
[23-Apr-2025 01:27:50 Europe/Berlin] With params: []
[23-Apr-2025 01:27:50 Europe/Berlin] Query executed successfully. Found 0 rows
[23-Apr-2025 01:27:50 Europe/Berlin] Users table created or already exists
[23-Apr-2025 01:27:50 Europe/Berlin] Users table structure: [{"Field":"id","Type":"int(11)","Null":"NO","Key":"PRI","Default":null,"Extra":"auto_increment"},{"Field":"username","Type":"varchar(50)","Null":"NO","Key":"","Default":null,"Extra":""},{"Field":"email","Type":"varchar(100)","Null":"NO","Key":"UNI","Default":null,"Extra":""},{"Field":"password","Type":"varchar(255)","Null":"NO","Key":"","Default":null,"Extra":""},{"Field":"role","Type":"enum('user','admin')","Null":"YES","Key":"","Default":"user","Extra":""},{"Field":"verification_code","Type":"varchar(100)","Null":"YES","Key":"","Default":null,"Extra":""},{"Field":"is_verified","Type":"tinyint(1)","Null":"YES","Key":"","Default":"0","Extra":""},{"Field":"created_at","Type":"timestamp","Null":"NO","Key":"","Default":"current_timestamp()","Extra":""},{"Field":"favorite_sport","Type":"varchar(50)","Null":"YES","Key":"","Default":null,"Extra":""},{"Field":"favorite_team","Type":"varchar(50)","Null":"YES","Key":"","Default":null,"Extra":""},{"Field":"account_type","Type":"enum('user','admin')","Null":"YES","Key":"","Default":"user","Extra":""}]
[23-Apr-2025 01:27:50 Europe/Berlin] Number of users in database: 13
[23-Apr-2025 01:27:50 Europe/Berlin] All tables initialized successfully
[23-Apr-2025 01:27:50 Europe/Berlin] Connected to database. Tables found: favorites, feedback, matches, news, newsletter, notifications, players, subscriptions, users
[23-Apr-2025 01:27:50 Europe/Berlin] Executing SQL: CREATE TABLE IF NOT EXISTS users (
                id INT AUTO_INCREMENT PRIMARY KEY,
                username VARCHAR(50) NOT NULL UNIQUE,
                password VARCHAR(255) NOT NULL,
                email VARCHAR(100) NOT NULL UNIQUE,
                account_type ENUM('user', 'admin') DEFAULT 'user',
                created_at TIMESTAMP DEFAULT CURRENT_TIMESTAMP
            )
[23-Apr-2025 01:27:50 Europe/Berlin] With params: []
[23-Apr-2025 01:27:50 Europe/Berlin] Query executed successfully. Found 0 rows
[23-Apr-2025 01:27:50 Europe/Berlin] Users table created or already exists
[23-Apr-2025 01:27:50 Europe/Berlin] Users table structure: [{"Field":"id","Type":"int(11)","Null":"NO","Key":"PRI","Default":null,"Extra":"auto_increment"},{"Field":"username","Type":"varchar(50)","Null":"NO","Key":"","Default":null,"Extra":""},{"Field":"email","Type":"varchar(100)","Null":"NO","Key":"UNI","Default":null,"Extra":""},{"Field":"password","Type":"varchar(255)","Null":"NO","Key":"","Default":null,"Extra":""},{"Field":"role","Type":"enum('user','admin')","Null":"YES","Key":"","Default":"user","Extra":""},{"Field":"verification_code","Type":"varchar(100)","Null":"YES","Key":"","Default":null,"Extra":""},{"Field":"is_verified","Type":"tinyint(1)","Null":"YES","Key":"","Default":"0","Extra":""},{"Field":"created_at","Type":"timestamp","Null":"NO","Key":"","Default":"current_timestamp()","Extra":""},{"Field":"favorite_sport","Type":"varchar(50)","Null":"YES","Key":"","Default":null,"Extra":""},{"Field":"favorite_team","Type":"varchar(50)","Null":"YES","Key":"","Default":null,"Extra":""},{"Field":"account_type","Type":"enum('user','admin')","Null":"YES","Key":"","Default":"user","Extra":""}]
[23-Apr-2025 01:27:50 Europe/Berlin] Number of users in database: 13
[23-Apr-2025 01:27:50 Europe/Berlin] All tables initialized successfully
[23-Apr-2025 01:27:50 Europe/Berlin] Database tables initialized successfully
[23-Apr-2025 01:27:50 Europe/Berlin] Executing SQL: SELECT * FROM users WHERE id = :id
[23-Apr-2025 01:27:50 Europe/Berlin] With params: {":id":12}
[23-Apr-2025 01:27:50 Europe/Berlin] Query executed successfully. Found 1 rows
[23-Apr-2025 01:27:50 Europe/Berlin] User loaded from session: varunpndey
[23-Apr-2025 01:27:50 Europe/Berlin] PHP Parse error:  syntax error, unexpected token "<" in /Applications/XAMPP/xamppfiles/htdocs/sportsync/public/admin.php on line 680
[23-Apr-2025 01:29:29 Europe/Berlin] Connected to database. Tables found: favorites, feedback, matches, news, newsletter, notifications, players, subscriptions, users
[23-Apr-2025 01:29:29 Europe/Berlin] Executing SQL: CREATE TABLE IF NOT EXISTS users (
                id INT AUTO_INCREMENT PRIMARY KEY,
                username VARCHAR(50) NOT NULL UNIQUE,
                password VARCHAR(255) NOT NULL,
                email VARCHAR(100) NOT NULL UNIQUE,
                account_type ENUM('user', 'admin') DEFAULT 'user',
                created_at TIMESTAMP DEFAULT CURRENT_TIMESTAMP
            )
[23-Apr-2025 01:29:29 Europe/Berlin] With params: []
[23-Apr-2025 01:29:29 Europe/Berlin] Query executed successfully. Found 0 rows
[23-Apr-2025 01:29:29 Europe/Berlin] Users table created or already exists
[23-Apr-2025 01:29:29 Europe/Berlin] Users table structure: [{"Field":"id","Type":"int(11)","Null":"NO","Key":"PRI","Default":null,"Extra":"auto_increment"},{"Field":"username","Type":"varchar(50)","Null":"NO","Key":"","Default":null,"Extra":""},{"Field":"email","Type":"varchar(100)","Null":"NO","Key":"UNI","Default":null,"Extra":""},{"Field":"password","Type":"varchar(255)","Null":"NO","Key":"","Default":null,"Extra":""},{"Field":"role","Type":"enum('user','admin')","Null":"YES","Key":"","Default":"user","Extra":""},{"Field":"verification_code","Type":"varchar(100)","Null":"YES","Key":"","Default":null,"Extra":""},{"Field":"is_verified","Type":"tinyint(1)","Null":"YES","Key":"","Default":"0","Extra":""},{"Field":"created_at","Type":"timestamp","Null":"NO","Key":"","Default":"current_timestamp()","Extra":""},{"Field":"favorite_sport","Type":"varchar(50)","Null":"YES","Key":"","Default":null,"Extra":""},{"Field":"favorite_team","Type":"varchar(50)","Null":"YES","Key":"","Default":null,"Extra":""},{"Field":"account_type","Type":"enum('user','admin')","Null":"YES","Key":"","Default":"user","Extra":""}]
[23-Apr-2025 01:29:29 Europe/Berlin] Number of users in database: 13
[23-Apr-2025 01:29:29 Europe/Berlin] All tables initialized successfully
[23-Apr-2025 01:29:29 Europe/Berlin] Connected to database. Tables found: favorites, feedback, matches, news, newsletter, notifications, players, subscriptions, users
[23-Apr-2025 01:29:29 Europe/Berlin] Executing SQL: CREATE TABLE IF NOT EXISTS users (
                id INT AUTO_INCREMENT PRIMARY KEY,
                username VARCHAR(50) NOT NULL UNIQUE,
                password VARCHAR(255) NOT NULL,
                email VARCHAR(100) NOT NULL UNIQUE,
                account_type ENUM('user', 'admin') DEFAULT 'user',
                created_at TIMESTAMP DEFAULT CURRENT_TIMESTAMP
            )
[23-Apr-2025 01:29:29 Europe/Berlin] With params: []
[23-Apr-2025 01:29:29 Europe/Berlin] Query executed successfully. Found 0 rows
[23-Apr-2025 01:29:29 Europe/Berlin] Users table created or already exists
[23-Apr-2025 01:29:29 Europe/Berlin] Users table structure: [{"Field":"id","Type":"int(11)","Null":"NO","Key":"PRI","Default":null,"Extra":"auto_increment"},{"Field":"username","Type":"varchar(50)","Null":"NO","Key":"","Default":null,"Extra":""},{"Field":"email","Type":"varchar(100)","Null":"NO","Key":"UNI","Default":null,"Extra":""},{"Field":"password","Type":"varchar(255)","Null":"NO","Key":"","Default":null,"Extra":""},{"Field":"role","Type":"enum('user','admin')","Null":"YES","Key":"","Default":"user","Extra":""},{"Field":"verification_code","Type":"varchar(100)","Null":"YES","Key":"","Default":null,"Extra":""},{"Field":"is_verified","Type":"tinyint(1)","Null":"YES","Key":"","Default":"0","Extra":""},{"Field":"created_at","Type":"timestamp","Null":"NO","Key":"","Default":"current_timestamp()","Extra":""},{"Field":"favorite_sport","Type":"varchar(50)","Null":"YES","Key":"","Default":null,"Extra":""},{"Field":"favorite_team","Type":"varchar(50)","Null":"YES","Key":"","Default":null,"Extra":""},{"Field":"account_type","Type":"enum('user','admin')","Null":"YES","Key":"","Default":"user","Extra":""}]
[23-Apr-2025 01:29:29 Europe/Berlin] Number of users in database: 13
[23-Apr-2025 01:29:29 Europe/Berlin] All tables initialized successfully
[23-Apr-2025 01:29:29 Europe/Berlin] Database tables initialized successfully
[23-Apr-2025 01:29:29 Europe/Berlin] Executing SQL: SELECT * FROM users WHERE id = :id
[23-Apr-2025 01:29:29 Europe/Berlin] With params: {":id":12}
[23-Apr-2025 01:29:29 Europe/Berlin] Query executed successfully. Found 1 rows
[23-Apr-2025 01:29:29 Europe/Berlin] User loaded from session: varunpndey
[23-Apr-2025 01:29:29 Europe/Berlin] Executing SQL: SELECT * FROM users WHERE id = :id
[23-Apr-2025 01:29:29 Europe/Berlin] With params: {":id":12}
[23-Apr-2025 01:29:29 Europe/Berlin] Query executed successfully. Found 1 rows
[23-Apr-2025 01:29:29 Europe/Berlin] Executing SQL: SELECT * FROM news ORDER BY created_at DESC
[23-Apr-2025 01:29:29 Europe/Berlin] With params: []
[23-Apr-2025 01:29:29 Europe/Berlin] Query executed successfully. Found 5 rows
[23-Apr-2025 01:29:29 Europe/Berlin] Executing SQL: SELECT * FROM feedback ORDER BY created_at DESC
[23-Apr-2025 01:29:29 Europe/Berlin] With params: []
[23-Apr-2025 01:29:29 Europe/Berlin] Query executed successfully. Found 10 rows
[23-Apr-2025 01:29:29 Europe/Berlin] Executing SQL: SELECT * FROM matches WHERE status = 'live'
[23-Apr-2025 01:29:29 Europe/Berlin] With params: []
[23-Apr-2025 01:29:29 Europe/Berlin] Query executed successfully. Found 2 rows
[23-Apr-2025 01:29:29 Europe/Berlin] Executing SQL: SELECT * FROM matches WHERE 1=1 ORDER BY match_time DESC
[23-Apr-2025 01:29:29 Europe/Berlin] With params: []
[23-Apr-2025 01:29:29 Europe/Berlin] Query executed successfully. Found 13 rows
[23-Apr-2025 01:29:29 Europe/Berlin] PHP Warning:  Undefined array key "status" in /Applications/XAMPP/xamppfiles/htdocs/sportsync/public/admin.php on line 815
[23-Apr-2025 01:29:29 Europe/Berlin] PHP Warning:  Undefined array key "status" in /Applications/XAMPP/xamppfiles/htdocs/sportsync/public/admin.php on line 816
[23-Apr-2025 01:29:29 Europe/Berlin] PHP Warning:  Undefined array key "status" in /Applications/XAMPP/xamppfiles/htdocs/sportsync/public/admin.php on line 817
[23-Apr-2025 01:29:29 Europe/Berlin] PHP Warning:  Undefined array key "status" in /Applications/XAMPP/xamppfiles/htdocs/sportsync/public/admin.php on line 815
[23-Apr-2025 01:29:29 Europe/Berlin] PHP Warning:  Undefined array key "status" in /Applications/XAMPP/xamppfiles/htdocs/sportsync/public/admin.php on line 816
[23-Apr-2025 01:29:29 Europe/Berlin] PHP Warning:  Undefined array key "status" in /Applications/XAMPP/xamppfiles/htdocs/sportsync/public/admin.php on line 817
[23-Apr-2025 01:29:29 Europe/Berlin] PHP Warning:  Undefined array key "status" in /Applications/XAMPP/xamppfiles/htdocs/sportsync/public/admin.php on line 815
[23-Apr-2025 01:29:29 Europe/Berlin] PHP Warning:  Undefined array key "status" in /Applications/XAMPP/xamppfiles/htdocs/sportsync/public/admin.php on line 816
[23-Apr-2025 01:29:29 Europe/Berlin] PHP Warning:  Undefined array key "status" in /Applications/XAMPP/xamppfiles/htdocs/sportsync/public/admin.php on line 817
[23-Apr-2025 01:29:29 Europe/Berlin] PHP Warning:  Undefined array key "status" in /Applications/XAMPP/xamppfiles/htdocs/sportsync/public/admin.php on line 815
[23-Apr-2025 01:29:29 Europe/Berlin] PHP Warning:  Undefined array key "status" in /Applications/XAMPP/xamppfiles/htdocs/sportsync/public/admin.php on line 816
[23-Apr-2025 01:29:29 Europe/Berlin] PHP Warning:  Undefined array key "status" in /Applications/XAMPP/xamppfiles/htdocs/sportsync/public/admin.php on line 817
[23-Apr-2025 01:29:29 Europe/Berlin] PHP Warning:  Undefined array key "status" in /Applications/XAMPP/xamppfiles/htdocs/sportsync/public/admin.php on line 815
[23-Apr-2025 01:29:29 Europe/Berlin] PHP Warning:  Undefined array key "status" in /Applications/XAMPP/xamppfiles/htdocs/sportsync/public/admin.php on line 816
[23-Apr-2025 01:29:29 Europe/Berlin] PHP Warning:  Undefined array key "status" in /Applications/XAMPP/xamppfiles/htdocs/sportsync/public/admin.php on line 817
[23-Apr-2025 01:29:29 Europe/Berlin] PHP Warning:  Undefined array key "status" in /Applications/XAMPP/xamppfiles/htdocs/sportsync/public/admin.php on line 815
[23-Apr-2025 01:29:29 Europe/Berlin] PHP Warning:  Undefined array key "status" in /Applications/XAMPP/xamppfiles/htdocs/sportsync/public/admin.php on line 816
[23-Apr-2025 01:29:29 Europe/Berlin] PHP Warning:  Undefined array key "status" in /Applications/XAMPP/xamppfiles/htdocs/sportsync/public/admin.php on line 817
[23-Apr-2025 01:29:29 Europe/Berlin] PHP Warning:  Undefined array key "status" in /Applications/XAMPP/xamppfiles/htdocs/sportsync/public/admin.php on line 815
[23-Apr-2025 01:29:29 Europe/Berlin] PHP Warning:  Undefined array key "status" in /Applications/XAMPP/xamppfiles/htdocs/sportsync/public/admin.php on line 816
[23-Apr-2025 01:29:29 Europe/Berlin] PHP Warning:  Undefined array key "status" in /Applications/XAMPP/xamppfiles/htdocs/sportsync/public/admin.php on line 817
[23-Apr-2025 01:29:29 Europe/Berlin] PHP Warning:  Undefined array key "status" in /Applications/XAMPP/xamppfiles/htdocs/sportsync/public/admin.php on line 815
[23-Apr-2025 01:29:29 Europe/Berlin] PHP Warning:  Undefined array key "status" in /Applications/XAMPP/xamppfiles/htdocs/sportsync/public/admin.php on line 816
[23-Apr-2025 01:29:29 Europe/Berlin] PHP Warning:  Undefined array key "status" in /Applications/XAMPP/xamppfiles/htdocs/sportsync/public/admin.php on line 817
[23-Apr-2025 01:29:29 Europe/Berlin] PHP Warning:  Undefined array key "status" in /Applications/XAMPP/xamppfiles/htdocs/sportsync/public/admin.php on line 815
[23-Apr-2025 01:29:29 Europe/Berlin] PHP Warning:  Undefined array key "status" in /Applications/XAMPP/xamppfiles/htdocs/sportsync/public/admin.php on line 816
[23-Apr-2025 01:29:29 Europe/Berlin] PHP Warning:  Undefined array key "status" in /Applications/XAMPP/xamppfiles/htdocs/sportsync/public/admin.php on line 817
[23-Apr-2025 01:29:29 Europe/Berlin] PHP Warning:  Undefined array key "status" in /Applications/XAMPP/xamppfiles/htdocs/sportsync/public/admin.php on line 815
[23-Apr-2025 01:29:29 Europe/Berlin] PHP Warning:  Undefined array key "status" in /Applications/XAMPP/xamppfiles/htdocs/sportsync/public/admin.php on line 816
[23-Apr-2025 01:29:29 Europe/Berlin] PHP Warning:  Undefined array key "status" in /Applications/XAMPP/xamppfiles/htdocs/sportsync/public/admin.php on line 817
[23-Apr-2025 01:29:36 Europe/Berlin] Connected to database. Tables found: favorites, feedback, matches, news, newsletter, notifications, players, subscriptions, users
[23-Apr-2025 01:29:36 Europe/Berlin] Executing SQL: CREATE TABLE IF NOT EXISTS users (
                id INT AUTO_INCREMENT PRIMARY KEY,
                username VARCHAR(50) NOT NULL UNIQUE,
                password VARCHAR(255) NOT NULL,
                email VARCHAR(100) NOT NULL UNIQUE,
                account_type ENUM('user', 'admin') DEFAULT 'user',
                created_at TIMESTAMP DEFAULT CURRENT_TIMESTAMP
            )
[23-Apr-2025 01:29:36 Europe/Berlin] With params: []
[23-Apr-2025 01:29:36 Europe/Berlin] Query executed successfully. Found 0 rows
[23-Apr-2025 01:29:36 Europe/Berlin] Users table created or already exists
[23-Apr-2025 01:29:36 Europe/Berlin] Users table structure: [{"Field":"id","Type":"int(11)","Null":"NO","Key":"PRI","Default":null,"Extra":"auto_increment"},{"Field":"username","Type":"varchar(50)","Null":"NO","Key":"","Default":null,"Extra":""},{"Field":"email","Type":"varchar(100)","Null":"NO","Key":"UNI","Default":null,"Extra":""},{"Field":"password","Type":"varchar(255)","Null":"NO","Key":"","Default":null,"Extra":""},{"Field":"role","Type":"enum('user','admin')","Null":"YES","Key":"","Default":"user","Extra":""},{"Field":"verification_code","Type":"varchar(100)","Null":"YES","Key":"","Default":null,"Extra":""},{"Field":"is_verified","Type":"tinyint(1)","Null":"YES","Key":"","Default":"0","Extra":""},{"Field":"created_at","Type":"timestamp","Null":"NO","Key":"","Default":"current_timestamp()","Extra":""},{"Field":"favorite_sport","Type":"varchar(50)","Null":"YES","Key":"","Default":null,"Extra":""},{"Field":"favorite_team","Type":"varchar(50)","Null":"YES","Key":"","Default":null,"Extra":""},{"Field":"account_type","Type":"enum('user','admin')","Null":"YES","Key":"","Default":"user","Extra":""}]
[23-Apr-2025 01:29:36 Europe/Berlin] Number of users in database: 13
[23-Apr-2025 01:29:36 Europe/Berlin] All tables initialized successfully
[23-Apr-2025 01:29:36 Europe/Berlin] Executing SQL: SELECT * FROM matches WHERE id = :id
[23-Apr-2025 01:29:36 Europe/Berlin] With params: {":id":"25"}
[23-Apr-2025 01:29:36 Europe/Berlin] Query executed successfully. Found 1 rows
[23-Apr-2025 01:29:36 Europe/Berlin] Executing SQL: DELETE FROM matches WHERE id = :id
[23-Apr-2025 01:29:36 Europe/Berlin] With params: {":id":"25"}
[23-Apr-2025 01:29:36 Europe/Berlin] Query executed successfully. Found 0 rows
[23-Apr-2025 01:29:58 Europe/Berlin] Connected to database. Tables found: favorites, feedback, matches, news, newsletter, notifications, players, subscriptions, users
[23-Apr-2025 01:29:58 Europe/Berlin] Executing SQL: CREATE TABLE IF NOT EXISTS users (
                id INT AUTO_INCREMENT PRIMARY KEY,
                username VARCHAR(50) NOT NULL UNIQUE,
                password VARCHAR(255) NOT NULL,
                email VARCHAR(100) NOT NULL UNIQUE,
                account_type ENUM('user', 'admin') DEFAULT 'user',
                created_at TIMESTAMP DEFAULT CURRENT_TIMESTAMP
            )
[23-Apr-2025 01:29:58 Europe/Berlin] With params: []
[23-Apr-2025 01:29:58 Europe/Berlin] Query executed successfully. Found 0 rows
[23-Apr-2025 01:29:58 Europe/Berlin] Users table created or already exists
[23-Apr-2025 01:29:58 Europe/Berlin] Users table structure: [{"Field":"id","Type":"int(11)","Null":"NO","Key":"PRI","Default":null,"Extra":"auto_increment"},{"Field":"username","Type":"varchar(50)","Null":"NO","Key":"","Default":null,"Extra":""},{"Field":"email","Type":"varchar(100)","Null":"NO","Key":"UNI","Default":null,"Extra":""},{"Field":"password","Type":"varchar(255)","Null":"NO","Key":"","Default":null,"Extra":""},{"Field":"role","Type":"enum('user','admin')","Null":"YES","Key":"","Default":"user","Extra":""},{"Field":"verification_code","Type":"varchar(100)","Null":"YES","Key":"","Default":null,"Extra":""},{"Field":"is_verified","Type":"tinyint(1)","Null":"YES","Key":"","Default":"0","Extra":""},{"Field":"created_at","Type":"timestamp","Null":"NO","Key":"","Default":"current_timestamp()","Extra":""},{"Field":"favorite_sport","Type":"varchar(50)","Null":"YES","Key":"","Default":null,"Extra":""},{"Field":"favorite_team","Type":"varchar(50)","Null":"YES","Key":"","Default":null,"Extra":""},{"Field":"account_type","Type":"enum('user','admin')","Null":"YES","Key":"","Default":"user","Extra":""}]
[23-Apr-2025 01:29:58 Europe/Berlin] Number of users in database: 13
[23-Apr-2025 01:29:58 Europe/Berlin] All tables initialized successfully
[23-Apr-2025 01:29:58 Europe/Berlin] Connected to database. Tables found: favorites, feedback, matches, news, newsletter, notifications, players, subscriptions, users
[23-Apr-2025 01:29:58 Europe/Berlin] Executing SQL: CREATE TABLE IF NOT EXISTS users (
                id INT AUTO_INCREMENT PRIMARY KEY,
                username VARCHAR(50) NOT NULL UNIQUE,
                password VARCHAR(255) NOT NULL,
                email VARCHAR(100) NOT NULL UNIQUE,
                account_type ENUM('user', 'admin') DEFAULT 'user',
                created_at TIMESTAMP DEFAULT CURRENT_TIMESTAMP
            )
[23-Apr-2025 01:29:58 Europe/Berlin] With params: []
[23-Apr-2025 01:29:58 Europe/Berlin] Query executed successfully. Found 0 rows
[23-Apr-2025 01:29:58 Europe/Berlin] Users table created or already exists
[23-Apr-2025 01:29:58 Europe/Berlin] Users table structure: [{"Field":"id","Type":"int(11)","Null":"NO","Key":"PRI","Default":null,"Extra":"auto_increment"},{"Field":"username","Type":"varchar(50)","Null":"NO","Key":"","Default":null,"Extra":""},{"Field":"email","Type":"varchar(100)","Null":"NO","Key":"UNI","Default":null,"Extra":""},{"Field":"password","Type":"varchar(255)","Null":"NO","Key":"","Default":null,"Extra":""},{"Field":"role","Type":"enum('user','admin')","Null":"YES","Key":"","Default":"user","Extra":""},{"Field":"verification_code","Type":"varchar(100)","Null":"YES","Key":"","Default":null,"Extra":""},{"Field":"is_verified","Type":"tinyint(1)","Null":"YES","Key":"","Default":"0","Extra":""},{"Field":"created_at","Type":"timestamp","Null":"NO","Key":"","Default":"current_timestamp()","Extra":""},{"Field":"favorite_sport","Type":"varchar(50)","Null":"YES","Key":"","Default":null,"Extra":""},{"Field":"favorite_team","Type":"varchar(50)","Null":"YES","Key":"","Default":null,"Extra":""},{"Field":"account_type","Type":"enum('user','admin')","Null":"YES","Key":"","Default":"user","Extra":""}]
[23-Apr-2025 01:29:58 Europe/Berlin] Number of users in database: 13
[23-Apr-2025 01:29:58 Europe/Berlin] All tables initialized successfully
[23-Apr-2025 01:29:58 Europe/Berlin] Database tables initialized successfully
[23-Apr-2025 01:29:58 Europe/Berlin] Executing SQL: SELECT * FROM users WHERE id = :id
[23-Apr-2025 01:29:58 Europe/Berlin] With params: {":id":12}
[23-Apr-2025 01:29:58 Europe/Berlin] Query executed successfully. Found 1 rows
[23-Apr-2025 01:29:58 Europe/Berlin] User loaded from session: varunpndey
[23-Apr-2025 01:29:58 Europe/Berlin] Executing SQL: SELECT * FROM users WHERE id = :id
[23-Apr-2025 01:29:58 Europe/Berlin] With params: {":id":12}
[23-Apr-2025 01:29:58 Europe/Berlin] Query executed successfully. Found 1 rows
[23-Apr-2025 01:29:58 Europe/Berlin] Executing SQL: SELECT * FROM news ORDER BY created_at DESC
[23-Apr-2025 01:29:58 Europe/Berlin] With params: []
[23-Apr-2025 01:29:58 Europe/Berlin] Query executed successfully. Found 5 rows
[23-Apr-2025 01:29:58 Europe/Berlin] Executing SQL: SELECT * FROM feedback ORDER BY created_at DESC
[23-Apr-2025 01:29:58 Europe/Berlin] With params: []
[23-Apr-2025 01:29:58 Europe/Berlin] Query executed successfully. Found 10 rows
[23-Apr-2025 01:29:58 Europe/Berlin] Executing SQL: SELECT * FROM matches WHERE status = 'live'
[23-Apr-2025 01:29:58 Europe/Berlin] With params: []
[23-Apr-2025 01:29:58 Europe/Berlin] Query executed successfully. Found 2 rows
[23-Apr-2025 01:29:58 Europe/Berlin] Executing SQL: SELECT * FROM matches WHERE 1=1 AND sport = :sport ORDER BY match_time DESC
[23-Apr-2025 01:29:58 Europe/Berlin] With params: {":sport":"football"}
[23-Apr-2025 01:29:58 Europe/Berlin] Query executed successfully. Found 7 rows
[23-Apr-2025 01:29:58 Europe/Berlin] PHP Warning:  Undefined array key "status" in /Applications/XAMPP/xamppfiles/htdocs/sportsync/public/admin.php on line 815
[23-Apr-2025 01:29:58 Europe/Berlin] PHP Warning:  Undefined array key "status" in /Applications/XAMPP/xamppfiles/htdocs/sportsync/public/admin.php on line 816
[23-Apr-2025 01:29:58 Europe/Berlin] PHP Warning:  Undefined array key "status" in /Applications/XAMPP/xamppfiles/htdocs/sportsync/public/admin.php on line 817
[23-Apr-2025 01:29:58 Europe/Berlin] PHP Warning:  Undefined array key "status" in /Applications/XAMPP/xamppfiles/htdocs/sportsync/public/admin.php on line 815
[23-Apr-2025 01:29:58 Europe/Berlin] PHP Warning:  Undefined array key "status" in /Applications/XAMPP/xamppfiles/htdocs/sportsync/public/admin.php on line 816
[23-Apr-2025 01:29:58 Europe/Berlin] PHP Warning:  Undefined array key "status" in /Applications/XAMPP/xamppfiles/htdocs/sportsync/public/admin.php on line 817
[23-Apr-2025 01:29:58 Europe/Berlin] PHP Warning:  Undefined array key "status" in /Applications/XAMPP/xamppfiles/htdocs/sportsync/public/admin.php on line 815
[23-Apr-2025 01:29:58 Europe/Berlin] PHP Warning:  Undefined array key "status" in /Applications/XAMPP/xamppfiles/htdocs/sportsync/public/admin.php on line 816
[23-Apr-2025 01:29:58 Europe/Berlin] PHP Warning:  Undefined array key "status" in /Applications/XAMPP/xamppfiles/htdocs/sportsync/public/admin.php on line 817
[23-Apr-2025 01:29:58 Europe/Berlin] PHP Warning:  Undefined array key "status" in /Applications/XAMPP/xamppfiles/htdocs/sportsync/public/admin.php on line 815
[23-Apr-2025 01:29:58 Europe/Berlin] PHP Warning:  Undefined array key "status" in /Applications/XAMPP/xamppfiles/htdocs/sportsync/public/admin.php on line 816
[23-Apr-2025 01:29:58 Europe/Berlin] PHP Warning:  Undefined array key "status" in /Applications/XAMPP/xamppfiles/htdocs/sportsync/public/admin.php on line 817
[23-Apr-2025 01:29:58 Europe/Berlin] PHP Warning:  Undefined array key "status" in /Applications/XAMPP/xamppfiles/htdocs/sportsync/public/admin.php on line 815
[23-Apr-2025 01:29:58 Europe/Berlin] PHP Warning:  Undefined array key "status" in /Applications/XAMPP/xamppfiles/htdocs/sportsync/public/admin.php on line 816
[23-Apr-2025 01:29:58 Europe/Berlin] PHP Warning:  Undefined array key "status" in /Applications/XAMPP/xamppfiles/htdocs/sportsync/public/admin.php on line 817
[23-Apr-2025 01:29:58 Europe/Berlin] PHP Warning:  Undefined array key "status" in /Applications/XAMPP/xamppfiles/htdocs/sportsync/public/admin.php on line 815
[23-Apr-2025 01:29:58 Europe/Berlin] PHP Warning:  Undefined array key "status" in /Applications/XAMPP/xamppfiles/htdocs/sportsync/public/admin.php on line 816
[23-Apr-2025 01:29:58 Europe/Berlin] PHP Warning:  Undefined array key "status" in /Applications/XAMPP/xamppfiles/htdocs/sportsync/public/admin.php on line 817
[23-Apr-2025 01:29:58 Europe/Berlin] PHP Warning:  Undefined array key "status" in /Applications/XAMPP/xamppfiles/htdocs/sportsync/public/admin.php on line 815
[23-Apr-2025 01:29:58 Europe/Berlin] PHP Warning:  Undefined array key "status" in /Applications/XAMPP/xamppfiles/htdocs/sportsync/public/admin.php on line 816
[23-Apr-2025 01:29:58 Europe/Berlin] PHP Warning:  Undefined array key "status" in /Applications/XAMPP/xamppfiles/htdocs/sportsync/public/admin.php on line 817
[23-Apr-2025 01:29:58 Europe/Berlin] PHP Warning:  Undefined array key "status" in /Applications/XAMPP/xamppfiles/htdocs/sportsync/public/admin.php on line 815
[23-Apr-2025 01:29:58 Europe/Berlin] PHP Warning:  Undefined array key "status" in /Applications/XAMPP/xamppfiles/htdocs/sportsync/public/admin.php on line 816
[23-Apr-2025 01:29:58 Europe/Berlin] PHP Warning:  Undefined array key "status" in /Applications/XAMPP/xamppfiles/htdocs/sportsync/public/admin.php on line 817
[23-Apr-2025 01:29:58 Europe/Berlin] PHP Warning:  Undefined array key "status" in /Applications/XAMPP/xamppfiles/htdocs/sportsync/public/admin.php on line 815
[23-Apr-2025 01:29:58 Europe/Berlin] PHP Warning:  Undefined array key "status" in /Applications/XAMPP/xamppfiles/htdocs/sportsync/public/admin.php on line 816
[23-Apr-2025 01:29:58 Europe/Berlin] PHP Warning:  Undefined array key "status" in /Applications/XAMPP/xamppfiles/htdocs/sportsync/public/admin.php on line 817
[23-Apr-2025 01:29:58 Europe/Berlin] PHP Warning:  Undefined array key "status" in /Applications/XAMPP/xamppfiles/htdocs/sportsync/public/admin.php on line 815
[23-Apr-2025 01:29:58 Europe/Berlin] PHP Warning:  Undefined array key "status" in /Applications/XAMPP/xamppfiles/htdocs/sportsync/public/admin.php on line 816
[23-Apr-2025 01:29:58 Europe/Berlin] PHP Warning:  Undefined array key "status" in /Applications/XAMPP/xamppfiles/htdocs/sportsync/public/admin.php on line 817
[23-Apr-2025 01:30:04 Europe/Berlin] Connected to database. Tables found: favorites, feedback, matches, news, newsletter, notifications, players, subscriptions, users
[23-Apr-2025 01:30:04 Europe/Berlin] Executing SQL: CREATE TABLE IF NOT EXISTS users (
                id INT AUTO_INCREMENT PRIMARY KEY,
                username VARCHAR(50) NOT NULL UNIQUE,
                password VARCHAR(255) NOT NULL,
                email VARCHAR(100) NOT NULL UNIQUE,
                account_type ENUM('user', 'admin') DEFAULT 'user',
                created_at TIMESTAMP DEFAULT CURRENT_TIMESTAMP
            )
[23-Apr-2025 01:30:04 Europe/Berlin] With params: []
[23-Apr-2025 01:30:04 Europe/Berlin] Query executed successfully. Found 0 rows
[23-Apr-2025 01:30:04 Europe/Berlin] Users table created or already exists
[23-Apr-2025 01:30:04 Europe/Berlin] Users table structure: [{"Field":"id","Type":"int(11)","Null":"NO","Key":"PRI","Default":null,"Extra":"auto_increment"},{"Field":"username","Type":"varchar(50)","Null":"NO","Key":"","Default":null,"Extra":""},{"Field":"email","Type":"varchar(100)","Null":"NO","Key":"UNI","Default":null,"Extra":""},{"Field":"password","Type":"varchar(255)","Null":"NO","Key":"","Default":null,"Extra":""},{"Field":"role","Type":"enum('user','admin')","Null":"YES","Key":"","Default":"user","Extra":""},{"Field":"verification_code","Type":"varchar(100)","Null":"YES","Key":"","Default":null,"Extra":""},{"Field":"is_verified","Type":"tinyint(1)","Null":"YES","Key":"","Default":"0","Extra":""},{"Field":"created_at","Type":"timestamp","Null":"NO","Key":"","Default":"current_timestamp()","Extra":""},{"Field":"favorite_sport","Type":"varchar(50)","Null":"YES","Key":"","Default":null,"Extra":""},{"Field":"favorite_team","Type":"varchar(50)","Null":"YES","Key":"","Default":null,"Extra":""},{"Field":"account_type","Type":"enum('user','admin')","Null":"YES","Key":"","Default":"user","Extra":""}]
[23-Apr-2025 01:30:04 Europe/Berlin] Number of users in database: 13
[23-Apr-2025 01:30:04 Europe/Berlin] All tables initialized successfully
[23-Apr-2025 01:30:04 Europe/Berlin] Connected to database. Tables found: favorites, feedback, matches, news, newsletter, notifications, players, subscriptions, users
[23-Apr-2025 01:30:04 Europe/Berlin] Executing SQL: CREATE TABLE IF NOT EXISTS users (
                id INT AUTO_INCREMENT PRIMARY KEY,
                username VARCHAR(50) NOT NULL UNIQUE,
                password VARCHAR(255) NOT NULL,
                email VARCHAR(100) NOT NULL UNIQUE,
                account_type ENUM('user', 'admin') DEFAULT 'user',
                created_at TIMESTAMP DEFAULT CURRENT_TIMESTAMP
            )
[23-Apr-2025 01:30:04 Europe/Berlin] With params: []
[23-Apr-2025 01:30:04 Europe/Berlin] Query executed successfully. Found 0 rows
[23-Apr-2025 01:30:04 Europe/Berlin] Users table created or already exists
[23-Apr-2025 01:30:04 Europe/Berlin] Users table structure: [{"Field":"id","Type":"int(11)","Null":"NO","Key":"PRI","Default":null,"Extra":"auto_increment"},{"Field":"username","Type":"varchar(50)","Null":"NO","Key":"","Default":null,"Extra":""},{"Field":"email","Type":"varchar(100)","Null":"NO","Key":"UNI","Default":null,"Extra":""},{"Field":"password","Type":"varchar(255)","Null":"NO","Key":"","Default":null,"Extra":""},{"Field":"role","Type":"enum('user','admin')","Null":"YES","Key":"","Default":"user","Extra":""},{"Field":"verification_code","Type":"varchar(100)","Null":"YES","Key":"","Default":null,"Extra":""},{"Field":"is_verified","Type":"tinyint(1)","Null":"YES","Key":"","Default":"0","Extra":""},{"Field":"created_at","Type":"timestamp","Null":"NO","Key":"","Default":"current_timestamp()","Extra":""},{"Field":"favorite_sport","Type":"varchar(50)","Null":"YES","Key":"","Default":null,"Extra":""},{"Field":"favorite_team","Type":"varchar(50)","Null":"YES","Key":"","Default":null,"Extra":""},{"Field":"account_type","Type":"enum('user','admin')","Null":"YES","Key":"","Default":"user","Extra":""}]
[23-Apr-2025 01:30:04 Europe/Berlin] Number of users in database: 13
[23-Apr-2025 01:30:04 Europe/Berlin] All tables initialized successfully
[23-Apr-2025 01:30:04 Europe/Berlin] Database tables initialized successfully
[23-Apr-2025 01:30:04 Europe/Berlin] Executing SQL: SELECT * FROM users WHERE id = :id
[23-Apr-2025 01:30:04 Europe/Berlin] With params: {":id":12}
[23-Apr-2025 01:30:04 Europe/Berlin] Query executed successfully. Found 1 rows
[23-Apr-2025 01:30:04 Europe/Berlin] User loaded from session: varunpndey
[23-Apr-2025 01:30:04 Europe/Berlin] Executing SQL: SELECT * FROM users WHERE id = :id
[23-Apr-2025 01:30:04 Europe/Berlin] With params: {":id":12}
[23-Apr-2025 01:30:04 Europe/Berlin] Query executed successfully. Found 1 rows
[23-Apr-2025 01:30:04 Europe/Berlin] Executing SQL: SELECT * FROM news ORDER BY created_at DESC
[23-Apr-2025 01:30:04 Europe/Berlin] With params: []
[23-Apr-2025 01:30:04 Europe/Berlin] Query executed successfully. Found 5 rows
[23-Apr-2025 01:30:04 Europe/Berlin] Executing SQL: SELECT * FROM feedback ORDER BY created_at DESC
[23-Apr-2025 01:30:04 Europe/Berlin] With params: []
[23-Apr-2025 01:30:04 Europe/Berlin] Query executed successfully. Found 10 rows
[23-Apr-2025 01:30:04 Europe/Berlin] Executing SQL: SELECT * FROM matches WHERE status = 'live'
[23-Apr-2025 01:30:04 Europe/Berlin] With params: []
[23-Apr-2025 01:30:04 Europe/Berlin] Query executed successfully. Found 2 rows
[23-Apr-2025 01:30:04 Europe/Berlin] Executing SQL: SELECT * FROM matches WHERE 1=1 ORDER BY match_time DESC
[23-Apr-2025 01:30:04 Europe/Berlin] With params: []
[23-Apr-2025 01:30:04 Europe/Berlin] Query executed successfully. Found 12 rows
[23-Apr-2025 01:30:04 Europe/Berlin] PHP Warning:  Undefined array key "status" in /Applications/XAMPP/xamppfiles/htdocs/sportsync/public/admin.php on line 815
[23-Apr-2025 01:30:04 Europe/Berlin] PHP Warning:  Undefined array key "status" in /Applications/XAMPP/xamppfiles/htdocs/sportsync/public/admin.php on line 816
[23-Apr-2025 01:30:04 Europe/Berlin] PHP Warning:  Undefined array key "status" in /Applications/XAMPP/xamppfiles/htdocs/sportsync/public/admin.php on line 817
[23-Apr-2025 01:30:04 Europe/Berlin] PHP Warning:  Undefined array key "status" in /Applications/XAMPP/xamppfiles/htdocs/sportsync/public/admin.php on line 815
[23-Apr-2025 01:30:04 Europe/Berlin] PHP Warning:  Undefined array key "status" in /Applications/XAMPP/xamppfiles/htdocs/sportsync/public/admin.php on line 816
[23-Apr-2025 01:30:04 Europe/Berlin] PHP Warning:  Undefined array key "status" in /Applications/XAMPP/xamppfiles/htdocs/sportsync/public/admin.php on line 817
[23-Apr-2025 01:30:04 Europe/Berlin] PHP Warning:  Undefined array key "status" in /Applications/XAMPP/xamppfiles/htdocs/sportsync/public/admin.php on line 815
[23-Apr-2025 01:30:04 Europe/Berlin] PHP Warning:  Undefined array key "status" in /Applications/XAMPP/xamppfiles/htdocs/sportsync/public/admin.php on line 816
[23-Apr-2025 01:30:04 Europe/Berlin] PHP Warning:  Undefined array key "status" in /Applications/XAMPP/xamppfiles/htdocs/sportsync/public/admin.php on line 817
[23-Apr-2025 01:30:04 Europe/Berlin] PHP Warning:  Undefined array key "status" in /Applications/XAMPP/xamppfiles/htdocs/sportsync/public/admin.php on line 815
[23-Apr-2025 01:30:04 Europe/Berlin] PHP Warning:  Undefined array key "status" in /Applications/XAMPP/xamppfiles/htdocs/sportsync/public/admin.php on line 816
[23-Apr-2025 01:30:04 Europe/Berlin] PHP Warning:  Undefined array key "status" in /Applications/XAMPP/xamppfiles/htdocs/sportsync/public/admin.php on line 817
[23-Apr-2025 01:30:04 Europe/Berlin] PHP Warning:  Undefined array key "status" in /Applications/XAMPP/xamppfiles/htdocs/sportsync/public/admin.php on line 815
[23-Apr-2025 01:30:04 Europe/Berlin] PHP Warning:  Undefined array key "status" in /Applications/XAMPP/xamppfiles/htdocs/sportsync/public/admin.php on line 816
[23-Apr-2025 01:30:04 Europe/Berlin] PHP Warning:  Undefined array key "status" in /Applications/XAMPP/xamppfiles/htdocs/sportsync/public/admin.php on line 817
[23-Apr-2025 01:30:04 Europe/Berlin] PHP Warning:  Undefined array key "status" in /Applications/XAMPP/xamppfiles/htdocs/sportsync/public/admin.php on line 815
[23-Apr-2025 01:30:04 Europe/Berlin] PHP Warning:  Undefined array key "status" in /Applications/XAMPP/xamppfiles/htdocs/sportsync/public/admin.php on line 816
[23-Apr-2025 01:30:04 Europe/Berlin] PHP Warning:  Undefined array key "status" in /Applications/XAMPP/xamppfiles/htdocs/sportsync/public/admin.php on line 817
[23-Apr-2025 01:30:04 Europe/Berlin] PHP Warning:  Undefined array key "status" in /Applications/XAMPP/xamppfiles/htdocs/sportsync/public/admin.php on line 815
[23-Apr-2025 01:30:04 Europe/Berlin] PHP Warning:  Undefined array key "status" in /Applications/XAMPP/xamppfiles/htdocs/sportsync/public/admin.php on line 816
[23-Apr-2025 01:30:04 Europe/Berlin] PHP Warning:  Undefined array key "status" in /Applications/XAMPP/xamppfiles/htdocs/sportsync/public/admin.php on line 817
[23-Apr-2025 01:30:04 Europe/Berlin] PHP Warning:  Undefined array key "status" in /Applications/XAMPP/xamppfiles/htdocs/sportsync/public/admin.php on line 815
[23-Apr-2025 01:30:04 Europe/Berlin] PHP Warning:  Undefined array key "status" in /Applications/XAMPP/xamppfiles/htdocs/sportsync/public/admin.php on line 816
[23-Apr-2025 01:30:04 Europe/Berlin] PHP Warning:  Undefined array key "status" in /Applications/XAMPP/xamppfiles/htdocs/sportsync/public/admin.php on line 817
[23-Apr-2025 01:30:04 Europe/Berlin] PHP Warning:  Undefined array key "status" in /Applications/XAMPP/xamppfiles/htdocs/sportsync/public/admin.php on line 815
[23-Apr-2025 01:30:04 Europe/Berlin] PHP Warning:  Undefined array key "status" in /Applications/XAMPP/xamppfiles/htdocs/sportsync/public/admin.php on line 816
[23-Apr-2025 01:30:04 Europe/Berlin] PHP Warning:  Undefined array key "status" in /Applications/XAMPP/xamppfiles/htdocs/sportsync/public/admin.php on line 817
[23-Apr-2025 01:30:04 Europe/Berlin] PHP Warning:  Undefined array key "status" in /Applications/XAMPP/xamppfiles/htdocs/sportsync/public/admin.php on line 815
[23-Apr-2025 01:30:04 Europe/Berlin] PHP Warning:  Undefined array key "status" in /Applications/XAMPP/xamppfiles/htdocs/sportsync/public/admin.php on line 816
[23-Apr-2025 01:30:04 Europe/Berlin] PHP Warning:  Undefined array key "status" in /Applications/XAMPP/xamppfiles/htdocs/sportsync/public/admin.php on line 817
[23-Apr-2025 01:30:12 Europe/Berlin] Connected to database. Tables found: favorites, feedback, matches, news, newsletter, notifications, players, subscriptions, users
[23-Apr-2025 01:30:12 Europe/Berlin] Executing SQL: CREATE TABLE IF NOT EXISTS users (
                id INT AUTO_INCREMENT PRIMARY KEY,
                username VARCHAR(50) NOT NULL UNIQUE,
                password VARCHAR(255) NOT NULL,
                email VARCHAR(100) NOT NULL UNIQUE,
                account_type ENUM('user', 'admin') DEFAULT 'user',
                created_at TIMESTAMP DEFAULT CURRENT_TIMESTAMP
            )
[23-Apr-2025 01:30:12 Europe/Berlin] With params: []
[23-Apr-2025 01:30:12 Europe/Berlin] Query executed successfully. Found 0 rows
[23-Apr-2025 01:30:12 Europe/Berlin] Users table created or already exists
[23-Apr-2025 01:30:12 Europe/Berlin] Users table structure: [{"Field":"id","Type":"int(11)","Null":"NO","Key":"PRI","Default":null,"Extra":"auto_increment"},{"Field":"username","Type":"varchar(50)","Null":"NO","Key":"","Default":null,"Extra":""},{"Field":"email","Type":"varchar(100)","Null":"NO","Key":"UNI","Default":null,"Extra":""},{"Field":"password","Type":"varchar(255)","Null":"NO","Key":"","Default":null,"Extra":""},{"Field":"role","Type":"enum('user','admin')","Null":"YES","Key":"","Default":"user","Extra":""},{"Field":"verification_code","Type":"varchar(100)","Null":"YES","Key":"","Default":null,"Extra":""},{"Field":"is_verified","Type":"tinyint(1)","Null":"YES","Key":"","Default":"0","Extra":""},{"Field":"created_at","Type":"timestamp","Null":"NO","Key":"","Default":"current_timestamp()","Extra":""},{"Field":"favorite_sport","Type":"varchar(50)","Null":"YES","Key":"","Default":null,"Extra":""},{"Field":"favorite_team","Type":"varchar(50)","Null":"YES","Key":"","Default":null,"Extra":""},{"Field":"account_type","Type":"enum('user','admin')","Null":"YES","Key":"","Default":"user","Extra":""}]
[23-Apr-2025 01:30:12 Europe/Berlin] Number of users in database: 13
[23-Apr-2025 01:30:12 Europe/Berlin] All tables initialized successfully
[23-Apr-2025 01:30:12 Europe/Berlin] Connected to database. Tables found: favorites, feedback, matches, news, newsletter, notifications, players, subscriptions, users
[23-Apr-2025 01:30:12 Europe/Berlin] Executing SQL: CREATE TABLE IF NOT EXISTS users (
                id INT AUTO_INCREMENT PRIMARY KEY,
                username VARCHAR(50) NOT NULL UNIQUE,
                password VARCHAR(255) NOT NULL,
                email VARCHAR(100) NOT NULL UNIQUE,
                account_type ENUM('user', 'admin') DEFAULT 'user',
                created_at TIMESTAMP DEFAULT CURRENT_TIMESTAMP
            )
[23-Apr-2025 01:30:12 Europe/Berlin] With params: []
[23-Apr-2025 01:30:12 Europe/Berlin] Query executed successfully. Found 0 rows
[23-Apr-2025 01:30:12 Europe/Berlin] Users table created or already exists
[23-Apr-2025 01:30:12 Europe/Berlin] Users table structure: [{"Field":"id","Type":"int(11)","Null":"NO","Key":"PRI","Default":null,"Extra":"auto_increment"},{"Field":"username","Type":"varchar(50)","Null":"NO","Key":"","Default":null,"Extra":""},{"Field":"email","Type":"varchar(100)","Null":"NO","Key":"UNI","Default":null,"Extra":""},{"Field":"password","Type":"varchar(255)","Null":"NO","Key":"","Default":null,"Extra":""},{"Field":"role","Type":"enum('user','admin')","Null":"YES","Key":"","Default":"user","Extra":""},{"Field":"verification_code","Type":"varchar(100)","Null":"YES","Key":"","Default":null,"Extra":""},{"Field":"is_verified","Type":"tinyint(1)","Null":"YES","Key":"","Default":"0","Extra":""},{"Field":"created_at","Type":"timestamp","Null":"NO","Key":"","Default":"current_timestamp()","Extra":""},{"Field":"favorite_sport","Type":"varchar(50)","Null":"YES","Key":"","Default":null,"Extra":""},{"Field":"favorite_team","Type":"varchar(50)","Null":"YES","Key":"","Default":null,"Extra":""},{"Field":"account_type","Type":"enum('user','admin')","Null":"YES","Key":"","Default":"user","Extra":""}]
[23-Apr-2025 01:30:12 Europe/Berlin] Number of users in database: 13
[23-Apr-2025 01:30:12 Europe/Berlin] All tables initialized successfully
[23-Apr-2025 01:30:12 Europe/Berlin] Database tables initialized successfully
[23-Apr-2025 01:30:12 Europe/Berlin] Executing SQL: SELECT * FROM users WHERE id = :id
[23-Apr-2025 01:30:12 Europe/Berlin] With params: {":id":12}
[23-Apr-2025 01:30:12 Europe/Berlin] Query executed successfully. Found 1 rows
[23-Apr-2025 01:30:12 Europe/Berlin] User loaded from session: varunpndey
[23-Apr-2025 01:30:12 Europe/Berlin] Executing SQL: SELECT * FROM users WHERE id = :id
[23-Apr-2025 01:30:12 Europe/Berlin] With params: {":id":12}
[23-Apr-2025 01:30:12 Europe/Berlin] Query executed successfully. Found 1 rows
[23-Apr-2025 01:30:12 Europe/Berlin] Executing SQL: SELECT * FROM news ORDER BY created_at DESC
[23-Apr-2025 01:30:12 Europe/Berlin] With params: []
[23-Apr-2025 01:30:12 Europe/Berlin] Query executed successfully. Found 5 rows
[23-Apr-2025 01:30:12 Europe/Berlin] Executing SQL: SELECT * FROM feedback ORDER BY created_at DESC
[23-Apr-2025 01:30:12 Europe/Berlin] With params: []
[23-Apr-2025 01:30:12 Europe/Berlin] Query executed successfully. Found 10 rows
[23-Apr-2025 01:30:12 Europe/Berlin] Executing SQL: UPDATE feedback SET status = :status WHERE id = :id
[23-Apr-2025 01:30:12 Europe/Berlin] With params: {":status":"read",":id":"10"}
[23-Apr-2025 01:30:12 Europe/Berlin] Error in executeQuery: SQLSTATE[42S22]: Column not found: 1054 Unknown column 'status' in 'field list'
[23-Apr-2025 01:30:12 Europe/Berlin] Executing SQL: SELECT * FROM matches WHERE status = 'live'
[23-Apr-2025 01:30:12 Europe/Berlin] With params: []
[23-Apr-2025 01:30:12 Europe/Berlin] Query executed successfully. Found 2 rows
[23-Apr-2025 01:30:12 Europe/Berlin] Executing SQL: SELECT * FROM matches WHERE 1=1 ORDER BY match_time DESC
[23-Apr-2025 01:30:12 Europe/Berlin] With params: []
[23-Apr-2025 01:30:12 Europe/Berlin] Query executed successfully. Found 12 rows
[23-Apr-2025 01:30:12 Europe/Berlin] PHP Warning:  Undefined array key "status" in /Applications/XAMPP/xamppfiles/htdocs/sportsync/public/admin.php on line 815
[23-Apr-2025 01:30:12 Europe/Berlin] PHP Warning:  Undefined array key "status" in /Applications/XAMPP/xamppfiles/htdocs/sportsync/public/admin.php on line 816
[23-Apr-2025 01:30:12 Europe/Berlin] PHP Warning:  Undefined array key "status" in /Applications/XAMPP/xamppfiles/htdocs/sportsync/public/admin.php on line 817
[23-Apr-2025 01:30:12 Europe/Berlin] PHP Warning:  Undefined array key "status" in /Applications/XAMPP/xamppfiles/htdocs/sportsync/public/admin.php on line 815
[23-Apr-2025 01:30:12 Europe/Berlin] PHP Warning:  Undefined array key "status" in /Applications/XAMPP/xamppfiles/htdocs/sportsync/public/admin.php on line 816
[23-Apr-2025 01:30:12 Europe/Berlin] PHP Warning:  Undefined array key "status" in /Applications/XAMPP/xamppfiles/htdocs/sportsync/public/admin.php on line 817
[23-Apr-2025 01:30:12 Europe/Berlin] PHP Warning:  Undefined array key "status" in /Applications/XAMPP/xamppfiles/htdocs/sportsync/public/admin.php on line 815
[23-Apr-2025 01:30:12 Europe/Berlin] PHP Warning:  Undefined array key "status" in /Applications/XAMPP/xamppfiles/htdocs/sportsync/public/admin.php on line 816
[23-Apr-2025 01:30:12 Europe/Berlin] PHP Warning:  Undefined array key "status" in /Applications/XAMPP/xamppfiles/htdocs/sportsync/public/admin.php on line 817
[23-Apr-2025 01:30:12 Europe/Berlin] PHP Warning:  Undefined array key "status" in /Applications/XAMPP/xamppfiles/htdocs/sportsync/public/admin.php on line 815
[23-Apr-2025 01:30:12 Europe/Berlin] PHP Warning:  Undefined array key "status" in /Applications/XAMPP/xamppfiles/htdocs/sportsync/public/admin.php on line 816
[23-Apr-2025 01:30:12 Europe/Berlin] PHP Warning:  Undefined array key "status" in /Applications/XAMPP/xamppfiles/htdocs/sportsync/public/admin.php on line 817
[23-Apr-2025 01:30:12 Europe/Berlin] PHP Warning:  Undefined array key "status" in /Applications/XAMPP/xamppfiles/htdocs/sportsync/public/admin.php on line 815
[23-Apr-2025 01:30:12 Europe/Berlin] PHP Warning:  Undefined array key "status" in /Applications/XAMPP/xamppfiles/htdocs/sportsync/public/admin.php on line 816
[23-Apr-2025 01:30:12 Europe/Berlin] PHP Warning:  Undefined array key "status" in /Applications/XAMPP/xamppfiles/htdocs/sportsync/public/admin.php on line 817
[23-Apr-2025 01:30:12 Europe/Berlin] PHP Warning:  Undefined array key "status" in /Applications/XAMPP/xamppfiles/htdocs/sportsync/public/admin.php on line 815
[23-Apr-2025 01:30:12 Europe/Berlin] PHP Warning:  Undefined array key "status" in /Applications/XAMPP/xamppfiles/htdocs/sportsync/public/admin.php on line 816
[23-Apr-2025 01:30:12 Europe/Berlin] PHP Warning:  Undefined array key "status" in /Applications/XAMPP/xamppfiles/htdocs/sportsync/public/admin.php on line 817
[23-Apr-2025 01:30:12 Europe/Berlin] PHP Warning:  Undefined array key "status" in /Applications/XAMPP/xamppfiles/htdocs/sportsync/public/admin.php on line 815
[23-Apr-2025 01:30:12 Europe/Berlin] PHP Warning:  Undefined array key "status" in /Applications/XAMPP/xamppfiles/htdocs/sportsync/public/admin.php on line 816
[23-Apr-2025 01:30:12 Europe/Berlin] PHP Warning:  Undefined array key "status" in /Applications/XAMPP/xamppfiles/htdocs/sportsync/public/admin.php on line 817
[23-Apr-2025 01:30:12 Europe/Berlin] PHP Warning:  Undefined array key "status" in /Applications/XAMPP/xamppfiles/htdocs/sportsync/public/admin.php on line 815
[23-Apr-2025 01:30:12 Europe/Berlin] PHP Warning:  Undefined array key "status" in /Applications/XAMPP/xamppfiles/htdocs/sportsync/public/admin.php on line 816
[23-Apr-2025 01:30:12 Europe/Berlin] PHP Warning:  Undefined array key "status" in /Applications/XAMPP/xamppfiles/htdocs/sportsync/public/admin.php on line 817
[23-Apr-2025 01:30:12 Europe/Berlin] PHP Warning:  Undefined array key "status" in /Applications/XAMPP/xamppfiles/htdocs/sportsync/public/admin.php on line 815
[23-Apr-2025 01:30:12 Europe/Berlin] PHP Warning:  Undefined array key "status" in /Applications/XAMPP/xamppfiles/htdocs/sportsync/public/admin.php on line 816
[23-Apr-2025 01:30:12 Europe/Berlin] PHP Warning:  Undefined array key "status" in /Applications/XAMPP/xamppfiles/htdocs/sportsync/public/admin.php on line 817
[23-Apr-2025 01:30:12 Europe/Berlin] PHP Warning:  Undefined array key "status" in /Applications/XAMPP/xamppfiles/htdocs/sportsync/public/admin.php on line 815
[23-Apr-2025 01:30:12 Europe/Berlin] PHP Warning:  Undefined array key "status" in /Applications/XAMPP/xamppfiles/htdocs/sportsync/public/admin.php on line 816
[23-Apr-2025 01:30:12 Europe/Berlin] PHP Warning:  Undefined array key "status" in /Applications/XAMPP/xamppfiles/htdocs/sportsync/public/admin.php on line 817
[23-Apr-2025 01:30:28 Europe/Berlin] Connected to database. Tables found: favorites, feedback, matches, news, newsletter, notifications, players, subscriptions, users
[23-Apr-2025 01:30:28 Europe/Berlin] Executing SQL: CREATE TABLE IF NOT EXISTS users (
                id INT AUTO_INCREMENT PRIMARY KEY,
                username VARCHAR(50) NOT NULL UNIQUE,
                password VARCHAR(255) NOT NULL,
                email VARCHAR(100) NOT NULL UNIQUE,
                account_type ENUM('user', 'admin') DEFAULT 'user',
                created_at TIMESTAMP DEFAULT CURRENT_TIMESTAMP
            )
[23-Apr-2025 01:30:28 Europe/Berlin] With params: []
[23-Apr-2025 01:30:28 Europe/Berlin] Query executed successfully. Found 0 rows
[23-Apr-2025 01:30:28 Europe/Berlin] Users table created or already exists
[23-Apr-2025 01:30:28 Europe/Berlin] Users table structure: [{"Field":"id","Type":"int(11)","Null":"NO","Key":"PRI","Default":null,"Extra":"auto_increment"},{"Field":"username","Type":"varchar(50)","Null":"NO","Key":"","Default":null,"Extra":""},{"Field":"email","Type":"varchar(100)","Null":"NO","Key":"UNI","Default":null,"Extra":""},{"Field":"password","Type":"varchar(255)","Null":"NO","Key":"","Default":null,"Extra":""},{"Field":"role","Type":"enum('user','admin')","Null":"YES","Key":"","Default":"user","Extra":""},{"Field":"verification_code","Type":"varchar(100)","Null":"YES","Key":"","Default":null,"Extra":""},{"Field":"is_verified","Type":"tinyint(1)","Null":"YES","Key":"","Default":"0","Extra":""},{"Field":"created_at","Type":"timestamp","Null":"NO","Key":"","Default":"current_timestamp()","Extra":""},{"Field":"favorite_sport","Type":"varchar(50)","Null":"YES","Key":"","Default":null,"Extra":""},{"Field":"favorite_team","Type":"varchar(50)","Null":"YES","Key":"","Default":null,"Extra":""},{"Field":"account_type","Type":"enum('user','admin')","Null":"YES","Key":"","Default":"user","Extra":""}]
[23-Apr-2025 01:30:28 Europe/Berlin] Number of users in database: 13
[23-Apr-2025 01:30:28 Europe/Berlin] All tables initialized successfully
[23-Apr-2025 01:30:28 Europe/Berlin] Connected to database. Tables found: favorites, feedback, matches, news, newsletter, notifications, players, subscriptions, users
[23-Apr-2025 01:30:28 Europe/Berlin] Executing SQL: CREATE TABLE IF NOT EXISTS users (
                id INT AUTO_INCREMENT PRIMARY KEY,
                username VARCHAR(50) NOT NULL UNIQUE,
                password VARCHAR(255) NOT NULL,
                email VARCHAR(100) NOT NULL UNIQUE,
                account_type ENUM('user', 'admin') DEFAULT 'user',
                created_at TIMESTAMP DEFAULT CURRENT_TIMESTAMP
            )
[23-Apr-2025 01:30:28 Europe/Berlin] With params: []
[23-Apr-2025 01:30:28 Europe/Berlin] Query executed successfully. Found 0 rows
[23-Apr-2025 01:30:28 Europe/Berlin] Users table created or already exists
[23-Apr-2025 01:30:28 Europe/Berlin] Users table structure: [{"Field":"id","Type":"int(11)","Null":"NO","Key":"PRI","Default":null,"Extra":"auto_increment"},{"Field":"username","Type":"varchar(50)","Null":"NO","Key":"","Default":null,"Extra":""},{"Field":"email","Type":"varchar(100)","Null":"NO","Key":"UNI","Default":null,"Extra":""},{"Field":"password","Type":"varchar(255)","Null":"NO","Key":"","Default":null,"Extra":""},{"Field":"role","Type":"enum('user','admin')","Null":"YES","Key":"","Default":"user","Extra":""},{"Field":"verification_code","Type":"varchar(100)","Null":"YES","Key":"","Default":null,"Extra":""},{"Field":"is_verified","Type":"tinyint(1)","Null":"YES","Key":"","Default":"0","Extra":""},{"Field":"created_at","Type":"timestamp","Null":"NO","Key":"","Default":"current_timestamp()","Extra":""},{"Field":"favorite_sport","Type":"varchar(50)","Null":"YES","Key":"","Default":null,"Extra":""},{"Field":"favorite_team","Type":"varchar(50)","Null":"YES","Key":"","Default":null,"Extra":""},{"Field":"account_type","Type":"enum('user','admin')","Null":"YES","Key":"","Default":"user","Extra":""}]
[23-Apr-2025 01:30:28 Europe/Berlin] Number of users in database: 13
[23-Apr-2025 01:30:28 Europe/Berlin] All tables initialized successfully
[23-Apr-2025 01:30:28 Europe/Berlin] Database tables initialized successfully
[23-Apr-2025 01:30:28 Europe/Berlin] Executing SQL: SELECT * FROM users WHERE id = :id
[23-Apr-2025 01:30:28 Europe/Berlin] With params: {":id":12}
[23-Apr-2025 01:30:28 Europe/Berlin] Query executed successfully. Found 1 rows
[23-Apr-2025 01:30:28 Europe/Berlin] User loaded from session: varunpndey
[23-Apr-2025 01:30:28 Europe/Berlin] Executing SQL: SELECT * FROM users WHERE id = :id
[23-Apr-2025 01:30:28 Europe/Berlin] With params: {":id":12}
[23-Apr-2025 01:30:28 Europe/Berlin] Query executed successfully. Found 1 rows
[23-Apr-2025 01:30:28 Europe/Berlin] Executing SQL: SELECT * FROM news ORDER BY created_at DESC
[23-Apr-2025 01:30:28 Europe/Berlin] With params: []
[23-Apr-2025 01:30:28 Europe/Berlin] Query executed successfully. Found 5 rows
[23-Apr-2025 01:30:28 Europe/Berlin] Executing SQL: SELECT * FROM feedback ORDER BY created_at DESC
[23-Apr-2025 01:30:28 Europe/Berlin] With params: []
[23-Apr-2025 01:30:28 Europe/Berlin] Query executed successfully. Found 10 rows
[23-Apr-2025 01:30:28 Europe/Berlin] Executing SQL: UPDATE feedback SET status = :status WHERE id = :id
[23-Apr-2025 01:30:28 Europe/Berlin] With params: {":status":"read",":id":"10"}
[23-Apr-2025 01:30:28 Europe/Berlin] Error in executeQuery: SQLSTATE[42S22]: Column not found: 1054 Unknown column 'status' in 'field list'
[23-Apr-2025 01:30:28 Europe/Berlin] Executing SQL: SELECT * FROM matches WHERE status = 'live'
[23-Apr-2025 01:30:28 Europe/Berlin] With params: []
[23-Apr-2025 01:30:28 Europe/Berlin] Query executed successfully. Found 2 rows
[23-Apr-2025 01:30:28 Europe/Berlin] Executing SQL: SELECT * FROM matches WHERE 1=1 ORDER BY match_time DESC
[23-Apr-2025 01:30:28 Europe/Berlin] With params: []
[23-Apr-2025 01:30:28 Europe/Berlin] Query executed successfully. Found 12 rows
[23-Apr-2025 01:30:28 Europe/Berlin] PHP Warning:  Undefined array key "status" in /Applications/XAMPP/xamppfiles/htdocs/sportsync/public/admin.php on line 815
[23-Apr-2025 01:30:28 Europe/Berlin] PHP Warning:  Undefined array key "status" in /Applications/XAMPP/xamppfiles/htdocs/sportsync/public/admin.php on line 816
[23-Apr-2025 01:30:28 Europe/Berlin] PHP Warning:  Undefined array key "status" in /Applications/XAMPP/xamppfiles/htdocs/sportsync/public/admin.php on line 817
[23-Apr-2025 01:30:28 Europe/Berlin] PHP Warning:  Undefined array key "status" in /Applications/XAMPP/xamppfiles/htdocs/sportsync/public/admin.php on line 815
[23-Apr-2025 01:30:28 Europe/Berlin] PHP Warning:  Undefined array key "status" in /Applications/XAMPP/xamppfiles/htdocs/sportsync/public/admin.php on line 816
[23-Apr-2025 01:30:28 Europe/Berlin] PHP Warning:  Undefined array key "status" in /Applications/XAMPP/xamppfiles/htdocs/sportsync/public/admin.php on line 817
[23-Apr-2025 01:30:28 Europe/Berlin] PHP Warning:  Undefined array key "status" in /Applications/XAMPP/xamppfiles/htdocs/sportsync/public/admin.php on line 815
[23-Apr-2025 01:30:28 Europe/Berlin] PHP Warning:  Undefined array key "status" in /Applications/XAMPP/xamppfiles/htdocs/sportsync/public/admin.php on line 816
[23-Apr-2025 01:30:28 Europe/Berlin] PHP Warning:  Undefined array key "status" in /Applications/XAMPP/xamppfiles/htdocs/sportsync/public/admin.php on line 817
[23-Apr-2025 01:30:28 Europe/Berlin] PHP Warning:  Undefined array key "status" in /Applications/XAMPP/xamppfiles/htdocs/sportsync/public/admin.php on line 815
[23-Apr-2025 01:30:28 Europe/Berlin] PHP Warning:  Undefined array key "status" in /Applications/XAMPP/xamppfiles/htdocs/sportsync/public/admin.php on line 816
[23-Apr-2025 01:30:28 Europe/Berlin] PHP Warning:  Undefined array key "status" in /Applications/XAMPP/xamppfiles/htdocs/sportsync/public/admin.php on line 817
[23-Apr-2025 01:30:28 Europe/Berlin] PHP Warning:  Undefined array key "status" in /Applications/XAMPP/xamppfiles/htdocs/sportsync/public/admin.php on line 815
[23-Apr-2025 01:30:28 Europe/Berlin] PHP Warning:  Undefined array key "status" in /Applications/XAMPP/xamppfiles/htdocs/sportsync/public/admin.php on line 816
[23-Apr-2025 01:30:28 Europe/Berlin] PHP Warning:  Undefined array key "status" in /Applications/XAMPP/xamppfiles/htdocs/sportsync/public/admin.php on line 817
[23-Apr-2025 01:30:28 Europe/Berlin] PHP Warning:  Undefined array key "status" in /Applications/XAMPP/xamppfiles/htdocs/sportsync/public/admin.php on line 815
[23-Apr-2025 01:30:28 Europe/Berlin] PHP Warning:  Undefined array key "status" in /Applications/XAMPP/xamppfiles/htdocs/sportsync/public/admin.php on line 816
[23-Apr-2025 01:30:28 Europe/Berlin] PHP Warning:  Undefined array key "status" in /Applications/XAMPP/xamppfiles/htdocs/sportsync/public/admin.php on line 817
[23-Apr-2025 01:30:28 Europe/Berlin] PHP Warning:  Undefined array key "status" in /Applications/XAMPP/xamppfiles/htdocs/sportsync/public/admin.php on line 815
[23-Apr-2025 01:30:28 Europe/Berlin] PHP Warning:  Undefined array key "status" in /Applications/XAMPP/xamppfiles/htdocs/sportsync/public/admin.php on line 816
[23-Apr-2025 01:30:28 Europe/Berlin] PHP Warning:  Undefined array key "status" in /Applications/XAMPP/xamppfiles/htdocs/sportsync/public/admin.php on line 817
[23-Apr-2025 01:30:28 Europe/Berlin] PHP Warning:  Undefined array key "status" in /Applications/XAMPP/xamppfiles/htdocs/sportsync/public/admin.php on line 815
[23-Apr-2025 01:30:28 Europe/Berlin] PHP Warning:  Undefined array key "status" in /Applications/XAMPP/xamppfiles/htdocs/sportsync/public/admin.php on line 816
[23-Apr-2025 01:30:28 Europe/Berlin] PHP Warning:  Undefined array key "status" in /Applications/XAMPP/xamppfiles/htdocs/sportsync/public/admin.php on line 817
[23-Apr-2025 01:30:28 Europe/Berlin] PHP Warning:  Undefined array key "status" in /Applications/XAMPP/xamppfiles/htdocs/sportsync/public/admin.php on line 815
[23-Apr-2025 01:30:28 Europe/Berlin] PHP Warning:  Undefined array key "status" in /Applications/XAMPP/xamppfiles/htdocs/sportsync/public/admin.php on line 816
[23-Apr-2025 01:30:28 Europe/Berlin] PHP Warning:  Undefined array key "status" in /Applications/XAMPP/xamppfiles/htdocs/sportsync/public/admin.php on line 817
[23-Apr-2025 01:30:28 Europe/Berlin] PHP Warning:  Undefined array key "status" in /Applications/XAMPP/xamppfiles/htdocs/sportsync/public/admin.php on line 815
[23-Apr-2025 01:30:28 Europe/Berlin] PHP Warning:  Undefined array key "status" in /Applications/XAMPP/xamppfiles/htdocs/sportsync/public/admin.php on line 816
[23-Apr-2025 01:30:28 Europe/Berlin] PHP Warning:  Undefined array key "status" in /Applications/XAMPP/xamppfiles/htdocs/sportsync/public/admin.php on line 817
[23-Apr-2025 01:30:39 Europe/Berlin] Connected to database. Tables found: favorites, feedback, matches, news, newsletter, notifications, players, subscriptions, users
[23-Apr-2025 01:30:39 Europe/Berlin] Executing SQL: CREATE TABLE IF NOT EXISTS users (
                id INT AUTO_INCREMENT PRIMARY KEY,
                username VARCHAR(50) NOT NULL UNIQUE,
                password VARCHAR(255) NOT NULL,
                email VARCHAR(100) NOT NULL UNIQUE,
                account_type ENUM('user', 'admin') DEFAULT 'user',
                created_at TIMESTAMP DEFAULT CURRENT_TIMESTAMP
            )
[23-Apr-2025 01:30:39 Europe/Berlin] With params: []
[23-Apr-2025 01:30:39 Europe/Berlin] Query executed successfully. Found 0 rows
[23-Apr-2025 01:30:39 Europe/Berlin] Users table created or already exists
[23-Apr-2025 01:30:39 Europe/Berlin] Users table structure: [{"Field":"id","Type":"int(11)","Null":"NO","Key":"PRI","Default":null,"Extra":"auto_increment"},{"Field":"username","Type":"varchar(50)","Null":"NO","Key":"","Default":null,"Extra":""},{"Field":"email","Type":"varchar(100)","Null":"NO","Key":"UNI","Default":null,"Extra":""},{"Field":"password","Type":"varchar(255)","Null":"NO","Key":"","Default":null,"Extra":""},{"Field":"role","Type":"enum('user','admin')","Null":"YES","Key":"","Default":"user","Extra":""},{"Field":"verification_code","Type":"varchar(100)","Null":"YES","Key":"","Default":null,"Extra":""},{"Field":"is_verified","Type":"tinyint(1)","Null":"YES","Key":"","Default":"0","Extra":""},{"Field":"created_at","Type":"timestamp","Null":"NO","Key":"","Default":"current_timestamp()","Extra":""},{"Field":"favorite_sport","Type":"varchar(50)","Null":"YES","Key":"","Default":null,"Extra":""},{"Field":"favorite_team","Type":"varchar(50)","Null":"YES","Key":"","Default":null,"Extra":""},{"Field":"account_type","Type":"enum('user','admin')","Null":"YES","Key":"","Default":"user","Extra":""}]
[23-Apr-2025 01:30:39 Europe/Berlin] Number of users in database: 13
[23-Apr-2025 01:30:39 Europe/Berlin] All tables initialized successfully
[23-Apr-2025 01:30:39 Europe/Berlin] Connected to database. Tables found: favorites, feedback, matches, news, newsletter, notifications, players, subscriptions, users
[23-Apr-2025 01:30:39 Europe/Berlin] Executing SQL: CREATE TABLE IF NOT EXISTS users (
                id INT AUTO_INCREMENT PRIMARY KEY,
                username VARCHAR(50) NOT NULL UNIQUE,
                password VARCHAR(255) NOT NULL,
                email VARCHAR(100) NOT NULL UNIQUE,
                account_type ENUM('user', 'admin') DEFAULT 'user',
                created_at TIMESTAMP DEFAULT CURRENT_TIMESTAMP
            )
[23-Apr-2025 01:30:39 Europe/Berlin] With params: []
[23-Apr-2025 01:30:39 Europe/Berlin] Query executed successfully. Found 0 rows
[23-Apr-2025 01:30:39 Europe/Berlin] Users table created or already exists
[23-Apr-2025 01:30:39 Europe/Berlin] Users table structure: [{"Field":"id","Type":"int(11)","Null":"NO","Key":"PRI","Default":null,"Extra":"auto_increment"},{"Field":"username","Type":"varchar(50)","Null":"NO","Key":"","Default":null,"Extra":""},{"Field":"email","Type":"varchar(100)","Null":"NO","Key":"UNI","Default":null,"Extra":""},{"Field":"password","Type":"varchar(255)","Null":"NO","Key":"","Default":null,"Extra":""},{"Field":"role","Type":"enum('user','admin')","Null":"YES","Key":"","Default":"user","Extra":""},{"Field":"verification_code","Type":"varchar(100)","Null":"YES","Key":"","Default":null,"Extra":""},{"Field":"is_verified","Type":"tinyint(1)","Null":"YES","Key":"","Default":"0","Extra":""},{"Field":"created_at","Type":"timestamp","Null":"NO","Key":"","Default":"current_timestamp()","Extra":""},{"Field":"favorite_sport","Type":"varchar(50)","Null":"YES","Key":"","Default":null,"Extra":""},{"Field":"favorite_team","Type":"varchar(50)","Null":"YES","Key":"","Default":null,"Extra":""},{"Field":"account_type","Type":"enum('user','admin')","Null":"YES","Key":"","Default":"user","Extra":""}]
[23-Apr-2025 01:30:39 Europe/Berlin] Number of users in database: 13
[23-Apr-2025 01:30:39 Europe/Berlin] All tables initialized successfully
[23-Apr-2025 01:30:39 Europe/Berlin] Database tables initialized successfully
[23-Apr-2025 01:30:39 Europe/Berlin] Executing SQL: SELECT * FROM users WHERE id = :id
[23-Apr-2025 01:30:39 Europe/Berlin] With params: {":id":12}
[23-Apr-2025 01:30:39 Europe/Berlin] Query executed successfully. Found 1 rows
[23-Apr-2025 01:30:39 Europe/Berlin] User loaded from session: varunpndey
[23-Apr-2025 01:30:39 Europe/Berlin] Executing SQL: SELECT * FROM users WHERE id = :id
[23-Apr-2025 01:30:39 Europe/Berlin] With params: {":id":12}
[23-Apr-2025 01:30:39 Europe/Berlin] Query executed successfully. Found 1 rows
[23-Apr-2025 01:30:39 Europe/Berlin] Executing SQL: INSERT INTO news (title, content, category) VALUES (:title, :content, :category)
[23-Apr-2025 01:30:39 Europe/Berlin] With params: {":title":"hjbghiu",":content":"jknoijno ",":category":"football"}
[23-Apr-2025 01:30:39 Europe/Berlin] Query executed successfully. Found 0 rows
[23-Apr-2025 01:30:39 Europe/Berlin] Executing SQL: SELECT * FROM news ORDER BY created_at DESC
[23-Apr-2025 01:30:39 Europe/Berlin] With params: []
[23-Apr-2025 01:30:39 Europe/Berlin] Query executed successfully. Found 6 rows
[23-Apr-2025 01:30:39 Europe/Berlin] Executing SQL: SELECT * FROM feedback ORDER BY created_at DESC
[23-Apr-2025 01:30:39 Europe/Berlin] With params: []
[23-Apr-2025 01:30:39 Europe/Berlin] Query executed successfully. Found 10 rows
[23-Apr-2025 01:30:39 Europe/Berlin] Executing SQL: SELECT * FROM matches WHERE status = 'live'
[23-Apr-2025 01:30:39 Europe/Berlin] With params: []
[23-Apr-2025 01:30:39 Europe/Berlin] Query executed successfully. Found 2 rows
[23-Apr-2025 01:30:39 Europe/Berlin] Executing SQL: SELECT * FROM matches WHERE 1=1 ORDER BY match_time DESC
[23-Apr-2025 01:30:39 Europe/Berlin] With params: []
[23-Apr-2025 01:30:39 Europe/Berlin] Query executed successfully. Found 12 rows
[23-Apr-2025 01:30:39 Europe/Berlin] PHP Warning:  Undefined array key "status" in /Applications/XAMPP/xamppfiles/htdocs/sportsync/public/admin.php on line 815
[23-Apr-2025 01:30:39 Europe/Berlin] PHP Warning:  Undefined array key "status" in /Applications/XAMPP/xamppfiles/htdocs/sportsync/public/admin.php on line 816
[23-Apr-2025 01:30:39 Europe/Berlin] PHP Warning:  Undefined array key "status" in /Applications/XAMPP/xamppfiles/htdocs/sportsync/public/admin.php on line 817
[23-Apr-2025 01:30:39 Europe/Berlin] PHP Warning:  Undefined array key "status" in /Applications/XAMPP/xamppfiles/htdocs/sportsync/public/admin.php on line 815
[23-Apr-2025 01:30:39 Europe/Berlin] PHP Warning:  Undefined array key "status" in /Applications/XAMPP/xamppfiles/htdocs/sportsync/public/admin.php on line 816
[23-Apr-2025 01:30:39 Europe/Berlin] PHP Warning:  Undefined array key "status" in /Applications/XAMPP/xamppfiles/htdocs/sportsync/public/admin.php on line 817
[23-Apr-2025 01:30:39 Europe/Berlin] PHP Warning:  Undefined array key "status" in /Applications/XAMPP/xamppfiles/htdocs/sportsync/public/admin.php on line 815
[23-Apr-2025 01:30:39 Europe/Berlin] PHP Warning:  Undefined array key "status" in /Applications/XAMPP/xamppfiles/htdocs/sportsync/public/admin.php on line 816
[23-Apr-2025 01:30:39 Europe/Berlin] PHP Warning:  Undefined array key "status" in /Applications/XAMPP/xamppfiles/htdocs/sportsync/public/admin.php on line 817
[23-Apr-2025 01:30:39 Europe/Berlin] PHP Warning:  Undefined array key "status" in /Applications/XAMPP/xamppfiles/htdocs/sportsync/public/admin.php on line 815
[23-Apr-2025 01:30:39 Europe/Berlin] PHP Warning:  Undefined array key "status" in /Applications/XAMPP/xamppfiles/htdocs/sportsync/public/admin.php on line 816
[23-Apr-2025 01:30:39 Europe/Berlin] PHP Warning:  Undefined array key "status" in /Applications/XAMPP/xamppfiles/htdocs/sportsync/public/admin.php on line 817
[23-Apr-2025 01:30:39 Europe/Berlin] PHP Warning:  Undefined array key "status" in /Applications/XAMPP/xamppfiles/htdocs/sportsync/public/admin.php on line 815
[23-Apr-2025 01:30:39 Europe/Berlin] PHP Warning:  Undefined array key "status" in /Applications/XAMPP/xamppfiles/htdocs/sportsync/public/admin.php on line 816
[23-Apr-2025 01:30:39 Europe/Berlin] PHP Warning:  Undefined array key "status" in /Applications/XAMPP/xamppfiles/htdocs/sportsync/public/admin.php on line 817
[23-Apr-2025 01:30:39 Europe/Berlin] PHP Warning:  Undefined array key "status" in /Applications/XAMPP/xamppfiles/htdocs/sportsync/public/admin.php on line 815
[23-Apr-2025 01:30:39 Europe/Berlin] PHP Warning:  Undefined array key "status" in /Applications/XAMPP/xamppfiles/htdocs/sportsync/public/admin.php on line 816
[23-Apr-2025 01:30:39 Europe/Berlin] PHP Warning:  Undefined array key "status" in /Applications/XAMPP/xamppfiles/htdocs/sportsync/public/admin.php on line 817
[23-Apr-2025 01:30:39 Europe/Berlin] PHP Warning:  Undefined array key "status" in /Applications/XAMPP/xamppfiles/htdocs/sportsync/public/admin.php on line 815
[23-Apr-2025 01:30:39 Europe/Berlin] PHP Warning:  Undefined array key "status" in /Applications/XAMPP/xamppfiles/htdocs/sportsync/public/admin.php on line 816
[23-Apr-2025 01:30:39 Europe/Berlin] PHP Warning:  Undefined array key "status" in /Applications/XAMPP/xamppfiles/htdocs/sportsync/public/admin.php on line 817
[23-Apr-2025 01:30:39 Europe/Berlin] PHP Warning:  Undefined array key "status" in /Applications/XAMPP/xamppfiles/htdocs/sportsync/public/admin.php on line 815
[23-Apr-2025 01:30:39 Europe/Berlin] PHP Warning:  Undefined array key "status" in /Applications/XAMPP/xamppfiles/htdocs/sportsync/public/admin.php on line 816
[23-Apr-2025 01:30:39 Europe/Berlin] PHP Warning:  Undefined array key "status" in /Applications/XAMPP/xamppfiles/htdocs/sportsync/public/admin.php on line 817
[23-Apr-2025 01:30:39 Europe/Berlin] PHP Warning:  Undefined array key "status" in /Applications/XAMPP/xamppfiles/htdocs/sportsync/public/admin.php on line 815
[23-Apr-2025 01:30:39 Europe/Berlin] PHP Warning:  Undefined array key "status" in /Applications/XAMPP/xamppfiles/htdocs/sportsync/public/admin.php on line 816
[23-Apr-2025 01:30:39 Europe/Berlin] PHP Warning:  Undefined array key "status" in /Applications/XAMPP/xamppfiles/htdocs/sportsync/public/admin.php on line 817
[23-Apr-2025 01:30:39 Europe/Berlin] PHP Warning:  Undefined array key "status" in /Applications/XAMPP/xamppfiles/htdocs/sportsync/public/admin.php on line 815
[23-Apr-2025 01:30:39 Europe/Berlin] PHP Warning:  Undefined array key "status" in /Applications/XAMPP/xamppfiles/htdocs/sportsync/public/admin.php on line 816
[23-Apr-2025 01:30:39 Europe/Berlin] PHP Warning:  Undefined array key "status" in /Applications/XAMPP/xamppfiles/htdocs/sportsync/public/admin.php on line 817
[23-Apr-2025 01:31:18 Europe/Berlin] Connected to database. Tables found: favorites, feedback, matches, news, newsletter, notifications, players, subscriptions, users
[23-Apr-2025 01:31:18 Europe/Berlin] Executing SQL: CREATE TABLE IF NOT EXISTS users (
                id INT AUTO_INCREMENT PRIMARY KEY,
                username VARCHAR(50) NOT NULL UNIQUE,
                password VARCHAR(255) NOT NULL,
                email VARCHAR(100) NOT NULL UNIQUE,
                account_type ENUM('user', 'admin') DEFAULT 'user',
                created_at TIMESTAMP DEFAULT CURRENT_TIMESTAMP
            )
[23-Apr-2025 01:31:18 Europe/Berlin] With params: []
[23-Apr-2025 01:31:18 Europe/Berlin] Query executed successfully. Found 0 rows
[23-Apr-2025 01:31:18 Europe/Berlin] Users table created or already exists
[23-Apr-2025 01:31:18 Europe/Berlin] Users table structure: [{"Field":"id","Type":"int(11)","Null":"NO","Key":"PRI","Default":null,"Extra":"auto_increment"},{"Field":"username","Type":"varchar(50)","Null":"NO","Key":"","Default":null,"Extra":""},{"Field":"email","Type":"varchar(100)","Null":"NO","Key":"UNI","Default":null,"Extra":""},{"Field":"password","Type":"varchar(255)","Null":"NO","Key":"","Default":null,"Extra":""},{"Field":"role","Type":"enum('user','admin')","Null":"YES","Key":"","Default":"user","Extra":""},{"Field":"verification_code","Type":"varchar(100)","Null":"YES","Key":"","Default":null,"Extra":""},{"Field":"is_verified","Type":"tinyint(1)","Null":"YES","Key":"","Default":"0","Extra":""},{"Field":"created_at","Type":"timestamp","Null":"NO","Key":"","Default":"current_timestamp()","Extra":""},{"Field":"favorite_sport","Type":"varchar(50)","Null":"YES","Key":"","Default":null,"Extra":""},{"Field":"favorite_team","Type":"varchar(50)","Null":"YES","Key":"","Default":null,"Extra":""},{"Field":"account_type","Type":"enum('user','admin')","Null":"YES","Key":"","Default":"user","Extra":""}]
[23-Apr-2025 01:31:18 Europe/Berlin] Number of users in database: 13
[23-Apr-2025 01:31:18 Europe/Berlin] All tables initialized successfully
[23-Apr-2025 01:31:18 Europe/Berlin] Executing SQL: INSERT INTO matches (team1, team2, venue, match_time, sport, status) 
                    VALUES (:team1, :team2, :venue, :match_time, :sport, :status)
[23-Apr-2025 01:31:18 Europe/Berlin] With params: {":team1":"India",":team2":"England",":venue":"The Oval, London",":match_time":"2025-04-25T05:01",":sport":"cricket",":status":"upcoming"}
[23-Apr-2025 01:31:18 Europe/Berlin] Query executed successfully. Found 0 rows
[23-Apr-2025 01:38:12 Europe/Berlin] Connected to database. Tables found: favorites, feedback, matches, news, newsletter, notifications, players, subscriptions, users
[23-Apr-2025 01:38:12 Europe/Berlin] Executing SQL: CREATE TABLE IF NOT EXISTS users (
                id INT AUTO_INCREMENT PRIMARY KEY,
                username VARCHAR(50) NOT NULL UNIQUE,
                password VARCHAR(255) NOT NULL,
                email VARCHAR(100) NOT NULL UNIQUE,
                account_type ENUM('user', 'admin') DEFAULT 'user',
                created_at TIMESTAMP DEFAULT CURRENT_TIMESTAMP
            )
[23-Apr-2025 01:38:12 Europe/Berlin] With params: []
[23-Apr-2025 01:38:12 Europe/Berlin] Query executed successfully. Found 0 rows
[23-Apr-2025 01:38:12 Europe/Berlin] Users table created or already exists
[23-Apr-2025 01:38:12 Europe/Berlin] Users table structure: [{"Field":"id","Type":"int(11)","Null":"NO","Key":"PRI","Default":null,"Extra":"auto_increment"},{"Field":"username","Type":"varchar(50)","Null":"NO","Key":"","Default":null,"Extra":""},{"Field":"email","Type":"varchar(100)","Null":"NO","Key":"UNI","Default":null,"Extra":""},{"Field":"password","Type":"varchar(255)","Null":"NO","Key":"","Default":null,"Extra":""},{"Field":"role","Type":"enum('user','admin')","Null":"YES","Key":"","Default":"user","Extra":""},{"Field":"verification_code","Type":"varchar(100)","Null":"YES","Key":"","Default":null,"Extra":""},{"Field":"is_verified","Type":"tinyint(1)","Null":"YES","Key":"","Default":"0","Extra":""},{"Field":"created_at","Type":"timestamp","Null":"NO","Key":"","Default":"current_timestamp()","Extra":""},{"Field":"favorite_sport","Type":"varchar(50)","Null":"YES","Key":"","Default":null,"Extra":""},{"Field":"favorite_team","Type":"varchar(50)","Null":"YES","Key":"","Default":null,"Extra":""},{"Field":"account_type","Type":"enum('user','admin')","Null":"YES","Key":"","Default":"user","Extra":""}]
[23-Apr-2025 01:38:12 Europe/Berlin] Number of users in database: 13
[23-Apr-2025 01:38:12 Europe/Berlin] All tables initialized successfully
[23-Apr-2025 01:38:12 Europe/Berlin] Connected to database. Tables found: favorites, feedback, matches, news, newsletter, notifications, players, subscriptions, users
[23-Apr-2025 01:38:12 Europe/Berlin] Executing SQL: CREATE TABLE IF NOT EXISTS users (
                id INT AUTO_INCREMENT PRIMARY KEY,
                username VARCHAR(50) NOT NULL UNIQUE,
                password VARCHAR(255) NOT NULL,
                email VARCHAR(100) NOT NULL UNIQUE,
                account_type ENUM('user', 'admin') DEFAULT 'user',
                created_at TIMESTAMP DEFAULT CURRENT_TIMESTAMP
            )
[23-Apr-2025 01:38:12 Europe/Berlin] With params: []
[23-Apr-2025 01:38:12 Europe/Berlin] Query executed successfully. Found 0 rows
[23-Apr-2025 01:38:12 Europe/Berlin] Users table created or already exists
[23-Apr-2025 01:38:12 Europe/Berlin] Users table structure: [{"Field":"id","Type":"int(11)","Null":"NO","Key":"PRI","Default":null,"Extra":"auto_increment"},{"Field":"username","Type":"varchar(50)","Null":"NO","Key":"","Default":null,"Extra":""},{"Field":"email","Type":"varchar(100)","Null":"NO","Key":"UNI","Default":null,"Extra":""},{"Field":"password","Type":"varchar(255)","Null":"NO","Key":"","Default":null,"Extra":""},{"Field":"role","Type":"enum('user','admin')","Null":"YES","Key":"","Default":"user","Extra":""},{"Field":"verification_code","Type":"varchar(100)","Null":"YES","Key":"","Default":null,"Extra":""},{"Field":"is_verified","Type":"tinyint(1)","Null":"YES","Key":"","Default":"0","Extra":""},{"Field":"created_at","Type":"timestamp","Null":"NO","Key":"","Default":"current_timestamp()","Extra":""},{"Field":"favorite_sport","Type":"varchar(50)","Null":"YES","Key":"","Default":null,"Extra":""},{"Field":"favorite_team","Type":"varchar(50)","Null":"YES","Key":"","Default":null,"Extra":""},{"Field":"account_type","Type":"enum('user','admin')","Null":"YES","Key":"","Default":"user","Extra":""}]
[23-Apr-2025 01:38:12 Europe/Berlin] Number of users in database: 13
[23-Apr-2025 01:38:12 Europe/Berlin] All tables initialized successfully
[23-Apr-2025 01:38:12 Europe/Berlin] Database tables initialized successfully
[23-Apr-2025 01:38:12 Europe/Berlin] Executing SQL: SELECT * FROM users WHERE id = :id
[23-Apr-2025 01:38:12 Europe/Berlin] With params: {":id":12}
[23-Apr-2025 01:38:12 Europe/Berlin] Query executed successfully. Found 1 rows
[23-Apr-2025 01:38:12 Europe/Berlin] User loaded from session: varunpndey
[23-Apr-2025 01:38:12 Europe/Berlin] Executing SQL: SELECT * FROM users WHERE id = :id
[23-Apr-2025 01:38:12 Europe/Berlin] With params: {":id":12}
[23-Apr-2025 01:38:12 Europe/Berlin] Query executed successfully. Found 1 rows
[23-Apr-2025 01:38:12 Europe/Berlin] Executing SQL: INSERT INTO news (title, content, category) VALUES (:title, :content, :category)
[23-Apr-2025 01:38:12 Europe/Berlin] With params: {":title":"hjbghiu",":content":"jknoijno ",":category":"football"}
[23-Apr-2025 01:38:12 Europe/Berlin] Query executed successfully. Found 0 rows
[23-Apr-2025 01:38:12 Europe/Berlin] Executing SQL: SELECT * FROM news ORDER BY created_at DESC
[23-Apr-2025 01:38:12 Europe/Berlin] With params: []
[23-Apr-2025 01:38:12 Europe/Berlin] Query executed successfully. Found 7 rows
[23-Apr-2025 01:38:12 Europe/Berlin] Executing SQL: SELECT * FROM feedback ORDER BY created_at DESC
[23-Apr-2025 01:38:12 Europe/Berlin] With params: []
[23-Apr-2025 01:38:12 Europe/Berlin] Query executed successfully. Found 10 rows
[23-Apr-2025 01:38:12 Europe/Berlin] Executing SQL: SELECT * FROM matches WHERE status = 'live'
[23-Apr-2025 01:38:12 Europe/Berlin] With params: []
[23-Apr-2025 01:38:12 Europe/Berlin] Query executed successfully. Found 2 rows
[23-Apr-2025 01:38:12 Europe/Berlin] Executing SQL: SELECT * FROM matches WHERE 1=1 ORDER BY match_time DESC
[23-Apr-2025 01:38:12 Europe/Berlin] With params: []
[23-Apr-2025 01:38:12 Europe/Berlin] Query executed successfully. Found 13 rows
[23-Apr-2025 01:38:12 Europe/Berlin] PHP Warning:  Undefined array key "status" in /Applications/XAMPP/xamppfiles/htdocs/sportsync/public/admin.php on line 873
[23-Apr-2025 01:38:12 Europe/Berlin] PHP Warning:  Undefined array key "status" in /Applications/XAMPP/xamppfiles/htdocs/sportsync/public/admin.php on line 874
[23-Apr-2025 01:38:12 Europe/Berlin] PHP Warning:  Undefined array key "status" in /Applications/XAMPP/xamppfiles/htdocs/sportsync/public/admin.php on line 875
[23-Apr-2025 01:38:12 Europe/Berlin] PHP Warning:  Undefined array key "status" in /Applications/XAMPP/xamppfiles/htdocs/sportsync/public/admin.php on line 873
[23-Apr-2025 01:38:12 Europe/Berlin] PHP Warning:  Undefined array key "status" in /Applications/XAMPP/xamppfiles/htdocs/sportsync/public/admin.php on line 874
[23-Apr-2025 01:38:12 Europe/Berlin] PHP Warning:  Undefined array key "status" in /Applications/XAMPP/xamppfiles/htdocs/sportsync/public/admin.php on line 875
[23-Apr-2025 01:38:12 Europe/Berlin] PHP Warning:  Undefined array key "status" in /Applications/XAMPP/xamppfiles/htdocs/sportsync/public/admin.php on line 873
[23-Apr-2025 01:38:12 Europe/Berlin] PHP Warning:  Undefined array key "status" in /Applications/XAMPP/xamppfiles/htdocs/sportsync/public/admin.php on line 874
[23-Apr-2025 01:38:12 Europe/Berlin] PHP Warning:  Undefined array key "status" in /Applications/XAMPP/xamppfiles/htdocs/sportsync/public/admin.php on line 875
[23-Apr-2025 01:38:12 Europe/Berlin] PHP Warning:  Undefined array key "status" in /Applications/XAMPP/xamppfiles/htdocs/sportsync/public/admin.php on line 873
[23-Apr-2025 01:38:12 Europe/Berlin] PHP Warning:  Undefined array key "status" in /Applications/XAMPP/xamppfiles/htdocs/sportsync/public/admin.php on line 874
[23-Apr-2025 01:38:12 Europe/Berlin] PHP Warning:  Undefined array key "status" in /Applications/XAMPP/xamppfiles/htdocs/sportsync/public/admin.php on line 875
[23-Apr-2025 01:38:12 Europe/Berlin] PHP Warning:  Undefined array key "status" in /Applications/XAMPP/xamppfiles/htdocs/sportsync/public/admin.php on line 873
[23-Apr-2025 01:38:12 Europe/Berlin] PHP Warning:  Undefined array key "status" in /Applications/XAMPP/xamppfiles/htdocs/sportsync/public/admin.php on line 874
[23-Apr-2025 01:38:12 Europe/Berlin] PHP Warning:  Undefined array key "status" in /Applications/XAMPP/xamppfiles/htdocs/sportsync/public/admin.php on line 875
[23-Apr-2025 01:38:12 Europe/Berlin] PHP Warning:  Undefined array key "status" in /Applications/XAMPP/xamppfiles/htdocs/sportsync/public/admin.php on line 873
[23-Apr-2025 01:38:12 Europe/Berlin] PHP Warning:  Undefined array key "status" in /Applications/XAMPP/xamppfiles/htdocs/sportsync/public/admin.php on line 874
[23-Apr-2025 01:38:12 Europe/Berlin] PHP Warning:  Undefined array key "status" in /Applications/XAMPP/xamppfiles/htdocs/sportsync/public/admin.php on line 875
[23-Apr-2025 01:38:12 Europe/Berlin] PHP Warning:  Undefined array key "status" in /Applications/XAMPP/xamppfiles/htdocs/sportsync/public/admin.php on line 873
[23-Apr-2025 01:38:12 Europe/Berlin] PHP Warning:  Undefined array key "status" in /Applications/XAMPP/xamppfiles/htdocs/sportsync/public/admin.php on line 874
[23-Apr-2025 01:38:12 Europe/Berlin] PHP Warning:  Undefined array key "status" in /Applications/XAMPP/xamppfiles/htdocs/sportsync/public/admin.php on line 875
[23-Apr-2025 01:38:12 Europe/Berlin] PHP Warning:  Undefined array key "status" in /Applications/XAMPP/xamppfiles/htdocs/sportsync/public/admin.php on line 873
[23-Apr-2025 01:38:12 Europe/Berlin] PHP Warning:  Undefined array key "status" in /Applications/XAMPP/xamppfiles/htdocs/sportsync/public/admin.php on line 874
[23-Apr-2025 01:38:12 Europe/Berlin] PHP Warning:  Undefined array key "status" in /Applications/XAMPP/xamppfiles/htdocs/sportsync/public/admin.php on line 875
[23-Apr-2025 01:38:12 Europe/Berlin] PHP Warning:  Undefined array key "status" in /Applications/XAMPP/xamppfiles/htdocs/sportsync/public/admin.php on line 873
[23-Apr-2025 01:38:12 Europe/Berlin] PHP Warning:  Undefined array key "status" in /Applications/XAMPP/xamppfiles/htdocs/sportsync/public/admin.php on line 874
[23-Apr-2025 01:38:12 Europe/Berlin] PHP Warning:  Undefined array key "status" in /Applications/XAMPP/xamppfiles/htdocs/sportsync/public/admin.php on line 875
[23-Apr-2025 01:38:12 Europe/Berlin] PHP Warning:  Undefined array key "status" in /Applications/XAMPP/xamppfiles/htdocs/sportsync/public/admin.php on line 873
[23-Apr-2025 01:38:12 Europe/Berlin] PHP Warning:  Undefined array key "status" in /Applications/XAMPP/xamppfiles/htdocs/sportsync/public/admin.php on line 874
[23-Apr-2025 01:38:12 Europe/Berlin] PHP Warning:  Undefined array key "status" in /Applications/XAMPP/xamppfiles/htdocs/sportsync/public/admin.php on line 875
[23-Apr-2025 01:38:36 Europe/Berlin] Connected to database. Tables found: favorites, feedback, matches, news, newsletter, notifications, players, subscriptions, users
[23-Apr-2025 01:38:36 Europe/Berlin] Executing SQL: CREATE TABLE IF NOT EXISTS users (
                id INT AUTO_INCREMENT PRIMARY KEY,
                username VARCHAR(50) NOT NULL UNIQUE,
                password VARCHAR(255) NOT NULL,
                email VARCHAR(100) NOT NULL UNIQUE,
                account_type ENUM('user', 'admin') DEFAULT 'user',
                created_at TIMESTAMP DEFAULT CURRENT_TIMESTAMP
            )
[23-Apr-2025 01:38:36 Europe/Berlin] With params: []
[23-Apr-2025 01:38:36 Europe/Berlin] Query executed successfully. Found 0 rows
[23-Apr-2025 01:38:36 Europe/Berlin] Users table created or already exists
[23-Apr-2025 01:38:36 Europe/Berlin] Users table structure: [{"Field":"id","Type":"int(11)","Null":"NO","Key":"PRI","Default":null,"Extra":"auto_increment"},{"Field":"username","Type":"varchar(50)","Null":"NO","Key":"","Default":null,"Extra":""},{"Field":"email","Type":"varchar(100)","Null":"NO","Key":"UNI","Default":null,"Extra":""},{"Field":"password","Type":"varchar(255)","Null":"NO","Key":"","Default":null,"Extra":""},{"Field":"role","Type":"enum('user','admin')","Null":"YES","Key":"","Default":"user","Extra":""},{"Field":"verification_code","Type":"varchar(100)","Null":"YES","Key":"","Default":null,"Extra":""},{"Field":"is_verified","Type":"tinyint(1)","Null":"YES","Key":"","Default":"0","Extra":""},{"Field":"created_at","Type":"timestamp","Null":"NO","Key":"","Default":"current_timestamp()","Extra":""},{"Field":"favorite_sport","Type":"varchar(50)","Null":"YES","Key":"","Default":null,"Extra":""},{"Field":"favorite_team","Type":"varchar(50)","Null":"YES","Key":"","Default":null,"Extra":""},{"Field":"account_type","Type":"enum('user','admin')","Null":"YES","Key":"","Default":"user","Extra":""}]
[23-Apr-2025 01:38:36 Europe/Berlin] Number of users in database: 13
[23-Apr-2025 01:38:36 Europe/Berlin] All tables initialized successfully
[23-Apr-2025 01:38:36 Europe/Berlin] Executing SQL: INSERT INTO matches (team1, team2, venue, match_time, sport, status) 
                    VALUES (:team1, :team2, :venue, :match_time, :sport, :status)
[23-Apr-2025 01:38:36 Europe/Berlin] With params: {":team1":"India",":team2":"England",":venue":"The Oval, London",":match_time":"2025-04-25T05:08",":sport":"cricket",":status":"upcoming"}
[23-Apr-2025 01:38:36 Europe/Berlin] Query executed successfully. Found 0 rows
[23-Apr-2025 01:38:58 Europe/Berlin] Connected to database. Tables found: favorites, feedback, matches, news, newsletter, notifications, players, subscriptions, users
[23-Apr-2025 01:38:58 Europe/Berlin] Executing SQL: CREATE TABLE IF NOT EXISTS users (
                id INT AUTO_INCREMENT PRIMARY KEY,
                username VARCHAR(50) NOT NULL UNIQUE,
                password VARCHAR(255) NOT NULL,
                email VARCHAR(100) NOT NULL UNIQUE,
                account_type ENUM('user', 'admin') DEFAULT 'user',
                created_at TIMESTAMP DEFAULT CURRENT_TIMESTAMP
            )
[23-Apr-2025 01:38:58 Europe/Berlin] With params: []
[23-Apr-2025 01:38:58 Europe/Berlin] Query executed successfully. Found 0 rows
[23-Apr-2025 01:38:58 Europe/Berlin] Users table created or already exists
[23-Apr-2025 01:38:58 Europe/Berlin] Users table structure: [{"Field":"id","Type":"int(11)","Null":"NO","Key":"PRI","Default":null,"Extra":"auto_increment"},{"Field":"username","Type":"varchar(50)","Null":"NO","Key":"","Default":null,"Extra":""},{"Field":"email","Type":"varchar(100)","Null":"NO","Key":"UNI","Default":null,"Extra":""},{"Field":"password","Type":"varchar(255)","Null":"NO","Key":"","Default":null,"Extra":""},{"Field":"role","Type":"enum('user','admin')","Null":"YES","Key":"","Default":"user","Extra":""},{"Field":"verification_code","Type":"varchar(100)","Null":"YES","Key":"","Default":null,"Extra":""},{"Field":"is_verified","Type":"tinyint(1)","Null":"YES","Key":"","Default":"0","Extra":""},{"Field":"created_at","Type":"timestamp","Null":"NO","Key":"","Default":"current_timestamp()","Extra":""},{"Field":"favorite_sport","Type":"varchar(50)","Null":"YES","Key":"","Default":null,"Extra":""},{"Field":"favorite_team","Type":"varchar(50)","Null":"YES","Key":"","Default":null,"Extra":""},{"Field":"account_type","Type":"enum('user','admin')","Null":"YES","Key":"","Default":"user","Extra":""}]
[23-Apr-2025 01:38:58 Europe/Berlin] Number of users in database: 13
[23-Apr-2025 01:38:58 Europe/Berlin] All tables initialized successfully
[23-Apr-2025 01:38:58 Europe/Berlin] Executing SQL: INSERT INTO matches (team1, team2, venue, match_time, sport, status) 
                    VALUES (:team1, :team2, :venue, :match_time, :sport, :status)
[23-Apr-2025 01:38:58 Europe/Berlin] With params: {":team1":"India",":team2":"England",":venue":"The Oval, London",":match_time":"2025-04-25T05:08",":sport":"cricket",":status":"upcoming"}
[23-Apr-2025 01:38:58 Europe/Berlin] Query executed successfully. Found 0 rows
[23-Apr-2025 01:39:03 Europe/Berlin] Connected to database. Tables found: favorites, feedback, matches, news, newsletter, notifications, players, subscriptions, users
[23-Apr-2025 01:39:03 Europe/Berlin] Executing SQL: CREATE TABLE IF NOT EXISTS users (
                id INT AUTO_INCREMENT PRIMARY KEY,
                username VARCHAR(50) NOT NULL UNIQUE,
                password VARCHAR(255) NOT NULL,
                email VARCHAR(100) NOT NULL UNIQUE,
                account_type ENUM('user', 'admin') DEFAULT 'user',
                created_at TIMESTAMP DEFAULT CURRENT_TIMESTAMP
            )
[23-Apr-2025 01:39:03 Europe/Berlin] With params: []
[23-Apr-2025 01:39:03 Europe/Berlin] Query executed successfully. Found 0 rows
[23-Apr-2025 01:39:03 Europe/Berlin] Users table created or already exists
[23-Apr-2025 01:39:03 Europe/Berlin] Users table structure: [{"Field":"id","Type":"int(11)","Null":"NO","Key":"PRI","Default":null,"Extra":"auto_increment"},{"Field":"username","Type":"varchar(50)","Null":"NO","Key":"","Default":null,"Extra":""},{"Field":"email","Type":"varchar(100)","Null":"NO","Key":"UNI","Default":null,"Extra":""},{"Field":"password","Type":"varchar(255)","Null":"NO","Key":"","Default":null,"Extra":""},{"Field":"role","Type":"enum('user','admin')","Null":"YES","Key":"","Default":"user","Extra":""},{"Field":"verification_code","Type":"varchar(100)","Null":"YES","Key":"","Default":null,"Extra":""},{"Field":"is_verified","Type":"tinyint(1)","Null":"YES","Key":"","Default":"0","Extra":""},{"Field":"created_at","Type":"timestamp","Null":"NO","Key":"","Default":"current_timestamp()","Extra":""},{"Field":"favorite_sport","Type":"varchar(50)","Null":"YES","Key":"","Default":null,"Extra":""},{"Field":"favorite_team","Type":"varchar(50)","Null":"YES","Key":"","Default":null,"Extra":""},{"Field":"account_type","Type":"enum('user','admin')","Null":"YES","Key":"","Default":"user","Extra":""}]
[23-Apr-2025 01:39:03 Europe/Berlin] Number of users in database: 13
[23-Apr-2025 01:39:03 Europe/Berlin] All tables initialized successfully
[23-Apr-2025 01:39:03 Europe/Berlin] Executing SQL: INSERT INTO matches (team1, team2, venue, match_time, sport, status) 
                    VALUES (:team1, :team2, :venue, :match_time, :sport, :status)
[23-Apr-2025 01:39:03 Europe/Berlin] With params: {":team1":"India",":team2":"England",":venue":"The Oval, London",":match_time":"2025-04-25T05:08",":sport":"cricket",":status":"live"}
[23-Apr-2025 01:39:03 Europe/Berlin] Query executed successfully. Found 0 rows
[23-Apr-2025 01:39:08 Europe/Berlin] Connected to database. Tables found: favorites, feedback, matches, news, newsletter, notifications, players, subscriptions, users
[23-Apr-2025 01:39:08 Europe/Berlin] Executing SQL: CREATE TABLE IF NOT EXISTS users (
                id INT AUTO_INCREMENT PRIMARY KEY,
                username VARCHAR(50) NOT NULL UNIQUE,
                password VARCHAR(255) NOT NULL,
                email VARCHAR(100) NOT NULL UNIQUE,
                account_type ENUM('user', 'admin') DEFAULT 'user',
                created_at TIMESTAMP DEFAULT CURRENT_TIMESTAMP
            )
[23-Apr-2025 01:39:08 Europe/Berlin] With params: []
[23-Apr-2025 01:39:08 Europe/Berlin] Query executed successfully. Found 0 rows
[23-Apr-2025 01:39:08 Europe/Berlin] Users table created or already exists
[23-Apr-2025 01:39:08 Europe/Berlin] Users table structure: [{"Field":"id","Type":"int(11)","Null":"NO","Key":"PRI","Default":null,"Extra":"auto_increment"},{"Field":"username","Type":"varchar(50)","Null":"NO","Key":"","Default":null,"Extra":""},{"Field":"email","Type":"varchar(100)","Null":"NO","Key":"UNI","Default":null,"Extra":""},{"Field":"password","Type":"varchar(255)","Null":"NO","Key":"","Default":null,"Extra":""},{"Field":"role","Type":"enum('user','admin')","Null":"YES","Key":"","Default":"user","Extra":""},{"Field":"verification_code","Type":"varchar(100)","Null":"YES","Key":"","Default":null,"Extra":""},{"Field":"is_verified","Type":"tinyint(1)","Null":"YES","Key":"","Default":"0","Extra":""},{"Field":"created_at","Type":"timestamp","Null":"NO","Key":"","Default":"current_timestamp()","Extra":""},{"Field":"favorite_sport","Type":"varchar(50)","Null":"YES","Key":"","Default":null,"Extra":""},{"Field":"favorite_team","Type":"varchar(50)","Null":"YES","Key":"","Default":null,"Extra":""},{"Field":"account_type","Type":"enum('user','admin')","Null":"YES","Key":"","Default":"user","Extra":""}]
[23-Apr-2025 01:39:08 Europe/Berlin] Number of users in database: 13
[23-Apr-2025 01:39:08 Europe/Berlin] All tables initialized successfully
[23-Apr-2025 01:39:08 Europe/Berlin] Executing SQL: INSERT INTO matches (team1, team2, venue, match_time, sport, status) 
                    VALUES (:team1, :team2, :venue, :match_time, :sport, :status)
[23-Apr-2025 01:39:08 Europe/Berlin] With params: {":team1":"India",":team2":"England",":venue":"The Oval, London",":match_time":"2025-04-25T05:08",":sport":"cricket",":status":"completed"}
[23-Apr-2025 01:39:08 Europe/Berlin] Query executed successfully. Found 0 rows
[23-Apr-2025 08:28:09 Europe/Berlin] Connected to database. Tables found: favorites, feedback, matches, news, newsletter, notifications, players, subscriptions, users
[23-Apr-2025 08:28:09 Europe/Berlin] Executing SQL: CREATE TABLE IF NOT EXISTS users (
                id INT AUTO_INCREMENT PRIMARY KEY,
                username VARCHAR(50) NOT NULL UNIQUE,
                password VARCHAR(255) NOT NULL,
                email VARCHAR(100) NOT NULL UNIQUE,
                account_type ENUM('user', 'admin') DEFAULT 'user',
                created_at TIMESTAMP DEFAULT CURRENT_TIMESTAMP
            )
[23-Apr-2025 08:28:09 Europe/Berlin] With params: []
[23-Apr-2025 08:28:09 Europe/Berlin] Query executed successfully. Found 0 rows
[23-Apr-2025 08:28:09 Europe/Berlin] Users table created or already exists
[23-Apr-2025 08:28:09 Europe/Berlin] Users table structure: [{"Field":"id","Type":"int(11)","Null":"NO","Key":"PRI","Default":null,"Extra":"auto_increment"},{"Field":"username","Type":"varchar(50)","Null":"NO","Key":"","Default":null,"Extra":""},{"Field":"email","Type":"varchar(100)","Null":"NO","Key":"UNI","Default":null,"Extra":""},{"Field":"password","Type":"varchar(255)","Null":"NO","Key":"","Default":null,"Extra":""},{"Field":"role","Type":"enum('user','admin')","Null":"YES","Key":"","Default":"user","Extra":""},{"Field":"verification_code","Type":"varchar(100)","Null":"YES","Key":"","Default":null,"Extra":""},{"Field":"is_verified","Type":"tinyint(1)","Null":"YES","Key":"","Default":"0","Extra":""},{"Field":"created_at","Type":"timestamp","Null":"NO","Key":"","Default":"current_timestamp()","Extra":""},{"Field":"favorite_sport","Type":"varchar(50)","Null":"YES","Key":"","Default":null,"Extra":""},{"Field":"favorite_team","Type":"varchar(50)","Null":"YES","Key":"","Default":null,"Extra":""},{"Field":"account_type","Type":"enum('user','admin')","Null":"YES","Key":"","Default":"user","Extra":""}]
[23-Apr-2025 08:28:09 Europe/Berlin] Number of users in database: 13
[23-Apr-2025 08:28:09 Europe/Berlin] All tables initialized successfully
[23-Apr-2025 08:28:09 Europe/Berlin] Connected to database. Tables found: favorites, feedback, matches, news, newsletter, notifications, players, subscriptions, users
[23-Apr-2025 08:28:09 Europe/Berlin] Executing SQL: CREATE TABLE IF NOT EXISTS users (
                id INT AUTO_INCREMENT PRIMARY KEY,
                username VARCHAR(50) NOT NULL UNIQUE,
                password VARCHAR(255) NOT NULL,
                email VARCHAR(100) NOT NULL UNIQUE,
                account_type ENUM('user', 'admin') DEFAULT 'user',
                created_at TIMESTAMP DEFAULT CURRENT_TIMESTAMP
            )
[23-Apr-2025 08:28:09 Europe/Berlin] With params: []
[23-Apr-2025 08:28:09 Europe/Berlin] Query executed successfully. Found 0 rows
[23-Apr-2025 08:28:09 Europe/Berlin] Users table created or already exists
[23-Apr-2025 08:28:09 Europe/Berlin] Users table structure: [{"Field":"id","Type":"int(11)","Null":"NO","Key":"PRI","Default":null,"Extra":"auto_increment"},{"Field":"username","Type":"varchar(50)","Null":"NO","Key":"","Default":null,"Extra":""},{"Field":"email","Type":"varchar(100)","Null":"NO","Key":"UNI","Default":null,"Extra":""},{"Field":"password","Type":"varchar(255)","Null":"NO","Key":"","Default":null,"Extra":""},{"Field":"role","Type":"enum('user','admin')","Null":"YES","Key":"","Default":"user","Extra":""},{"Field":"verification_code","Type":"varchar(100)","Null":"YES","Key":"","Default":null,"Extra":""},{"Field":"is_verified","Type":"tinyint(1)","Null":"YES","Key":"","Default":"0","Extra":""},{"Field":"created_at","Type":"timestamp","Null":"NO","Key":"","Default":"current_timestamp()","Extra":""},{"Field":"favorite_sport","Type":"varchar(50)","Null":"YES","Key":"","Default":null,"Extra":""},{"Field":"favorite_team","Type":"varchar(50)","Null":"YES","Key":"","Default":null,"Extra":""},{"Field":"account_type","Type":"enum('user','admin')","Null":"YES","Key":"","Default":"user","Extra":""}]
[23-Apr-2025 08:28:09 Europe/Berlin] Number of users in database: 13
[23-Apr-2025 08:28:09 Europe/Berlin] All tables initialized successfully
[23-Apr-2025 08:28:09 Europe/Berlin] Database tables initialized successfully
[23-Apr-2025 08:28:09 Europe/Berlin] Executing SQL: SELECT * FROM users WHERE id = :id
[23-Apr-2025 08:28:09 Europe/Berlin] With params: {":id":12}
[23-Apr-2025 08:28:09 Europe/Berlin] Query executed successfully. Found 1 rows
[23-Apr-2025 08:28:09 Europe/Berlin] User loaded from session: varunpndey
[23-Apr-2025 08:28:09 Europe/Berlin] Executing SQL: SELECT * FROM users WHERE id = :id
[23-Apr-2025 08:28:09 Europe/Berlin] With params: {":id":12}
[23-Apr-2025 08:28:09 Europe/Berlin] Query executed successfully. Found 1 rows
[23-Apr-2025 08:28:09 Europe/Berlin] Executing SQL: INSERT INTO news (title, content, category) VALUES (:title, :content, :category)
[23-Apr-2025 08:28:09 Europe/Berlin] With params: {":title":"hjbghiu",":content":"jknoijno ",":category":"football"}
[23-Apr-2025 08:28:09 Europe/Berlin] Query executed successfully. Found 0 rows
[23-Apr-2025 08:28:09 Europe/Berlin] Executing SQL: SELECT * FROM news ORDER BY created_at DESC
[23-Apr-2025 08:28:09 Europe/Berlin] With params: []
[23-Apr-2025 08:28:09 Europe/Berlin] Query executed successfully. Found 8 rows
[23-Apr-2025 08:28:09 Europe/Berlin] Executing SQL: SELECT * FROM feedback ORDER BY created_at DESC
[23-Apr-2025 08:28:09 Europe/Berlin] With params: []
[23-Apr-2025 08:28:09 Europe/Berlin] Query executed successfully. Found 10 rows
[23-Apr-2025 08:28:09 Europe/Berlin] Executing SQL: SELECT * FROM matches WHERE status = 'live'
[23-Apr-2025 08:28:09 Europe/Berlin] With params: []
[23-Apr-2025 08:28:09 Europe/Berlin] Query executed successfully. Found 3 rows
[23-Apr-2025 08:28:09 Europe/Berlin] Executing SQL: SELECT * FROM matches WHERE 1=1 ORDER BY match_time DESC
[23-Apr-2025 08:28:09 Europe/Berlin] With params: []
[23-Apr-2025 08:28:09 Europe/Berlin] Query executed successfully. Found 17 rows
[23-Apr-2025 08:28:09 Europe/Berlin] PHP Warning:  Undefined array key "status" in /Applications/XAMPP/xamppfiles/htdocs/sportsync/public/admin.php on line 914
[23-Apr-2025 08:28:09 Europe/Berlin] PHP Warning:  Undefined array key "status" in /Applications/XAMPP/xamppfiles/htdocs/sportsync/public/admin.php on line 915
[23-Apr-2025 08:28:09 Europe/Berlin] PHP Warning:  Undefined array key "status" in /Applications/XAMPP/xamppfiles/htdocs/sportsync/public/admin.php on line 916
[23-Apr-2025 08:28:09 Europe/Berlin] PHP Warning:  Undefined array key "status" in /Applications/XAMPP/xamppfiles/htdocs/sportsync/public/admin.php on line 914
[23-Apr-2025 08:28:09 Europe/Berlin] PHP Warning:  Undefined array key "status" in /Applications/XAMPP/xamppfiles/htdocs/sportsync/public/admin.php on line 915
[23-Apr-2025 08:28:09 Europe/Berlin] PHP Warning:  Undefined array key "status" in /Applications/XAMPP/xamppfiles/htdocs/sportsync/public/admin.php on line 916
[23-Apr-2025 08:28:09 Europe/Berlin] PHP Warning:  Undefined array key "status" in /Applications/XAMPP/xamppfiles/htdocs/sportsync/public/admin.php on line 914
[23-Apr-2025 08:28:09 Europe/Berlin] PHP Warning:  Undefined array key "status" in /Applications/XAMPP/xamppfiles/htdocs/sportsync/public/admin.php on line 915
[23-Apr-2025 08:28:09 Europe/Berlin] PHP Warning:  Undefined array key "status" in /Applications/XAMPP/xamppfiles/htdocs/sportsync/public/admin.php on line 916
[23-Apr-2025 08:28:09 Europe/Berlin] PHP Warning:  Undefined array key "status" in /Applications/XAMPP/xamppfiles/htdocs/sportsync/public/admin.php on line 914
[23-Apr-2025 08:28:09 Europe/Berlin] PHP Warning:  Undefined array key "status" in /Applications/XAMPP/xamppfiles/htdocs/sportsync/public/admin.php on line 915
[23-Apr-2025 08:28:09 Europe/Berlin] PHP Warning:  Undefined array key "status" in /Applications/XAMPP/xamppfiles/htdocs/sportsync/public/admin.php on line 916
[23-Apr-2025 08:28:09 Europe/Berlin] PHP Warning:  Undefined array key "status" in /Applications/XAMPP/xamppfiles/htdocs/sportsync/public/admin.php on line 914
[23-Apr-2025 08:28:09 Europe/Berlin] PHP Warning:  Undefined array key "status" in /Applications/XAMPP/xamppfiles/htdocs/sportsync/public/admin.php on line 915
[23-Apr-2025 08:28:09 Europe/Berlin] PHP Warning:  Undefined array key "status" in /Applications/XAMPP/xamppfiles/htdocs/sportsync/public/admin.php on line 916
[23-Apr-2025 08:28:09 Europe/Berlin] PHP Warning:  Undefined array key "status" in /Applications/XAMPP/xamppfiles/htdocs/sportsync/public/admin.php on line 914
[23-Apr-2025 08:28:09 Europe/Berlin] PHP Warning:  Undefined array key "status" in /Applications/XAMPP/xamppfiles/htdocs/sportsync/public/admin.php on line 915
[23-Apr-2025 08:28:09 Europe/Berlin] PHP Warning:  Undefined array key "status" in /Applications/XAMPP/xamppfiles/htdocs/sportsync/public/admin.php on line 916
[23-Apr-2025 08:28:09 Europe/Berlin] PHP Warning:  Undefined array key "status" in /Applications/XAMPP/xamppfiles/htdocs/sportsync/public/admin.php on line 914
[23-Apr-2025 08:28:09 Europe/Berlin] PHP Warning:  Undefined array key "status" in /Applications/XAMPP/xamppfiles/htdocs/sportsync/public/admin.php on line 915
[23-Apr-2025 08:28:09 Europe/Berlin] PHP Warning:  Undefined array key "status" in /Applications/XAMPP/xamppfiles/htdocs/sportsync/public/admin.php on line 916
[23-Apr-2025 08:28:09 Europe/Berlin] PHP Warning:  Undefined array key "status" in /Applications/XAMPP/xamppfiles/htdocs/sportsync/public/admin.php on line 914
[23-Apr-2025 08:28:09 Europe/Berlin] PHP Warning:  Undefined array key "status" in /Applications/XAMPP/xamppfiles/htdocs/sportsync/public/admin.php on line 915
[23-Apr-2025 08:28:09 Europe/Berlin] PHP Warning:  Undefined array key "status" in /Applications/XAMPP/xamppfiles/htdocs/sportsync/public/admin.php on line 916
[23-Apr-2025 08:28:09 Europe/Berlin] PHP Warning:  Undefined array key "status" in /Applications/XAMPP/xamppfiles/htdocs/sportsync/public/admin.php on line 914
[23-Apr-2025 08:28:09 Europe/Berlin] PHP Warning:  Undefined array key "status" in /Applications/XAMPP/xamppfiles/htdocs/sportsync/public/admin.php on line 915
[23-Apr-2025 08:28:09 Europe/Berlin] PHP Warning:  Undefined array key "status" in /Applications/XAMPP/xamppfiles/htdocs/sportsync/public/admin.php on line 916
[23-Apr-2025 08:28:09 Europe/Berlin] PHP Warning:  Undefined array key "status" in /Applications/XAMPP/xamppfiles/htdocs/sportsync/public/admin.php on line 914
[23-Apr-2025 08:28:09 Europe/Berlin] PHP Warning:  Undefined array key "status" in /Applications/XAMPP/xamppfiles/htdocs/sportsync/public/admin.php on line 915
[23-Apr-2025 08:28:09 Europe/Berlin] PHP Warning:  Undefined array key "status" in /Applications/XAMPP/xamppfiles/htdocs/sportsync/public/admin.php on line 916
[23-Apr-2025 08:28:10 Europe/Berlin] Connected to database. Tables found: favorites, feedback, matches, news, newsletter, notifications, players, subscriptions, users
[23-Apr-2025 08:28:10 Europe/Berlin] Executing SQL: CREATE TABLE IF NOT EXISTS users (
                id INT AUTO_INCREMENT PRIMARY KEY,
                username VARCHAR(50) NOT NULL UNIQUE,
                password VARCHAR(255) NOT NULL,
                email VARCHAR(100) NOT NULL UNIQUE,
                account_type ENUM('user', 'admin') DEFAULT 'user',
                created_at TIMESTAMP DEFAULT CURRENT_TIMESTAMP
            )
[23-Apr-2025 08:28:10 Europe/Berlin] With params: []
[23-Apr-2025 08:28:10 Europe/Berlin] Query executed successfully. Found 0 rows
[23-Apr-2025 08:28:10 Europe/Berlin] Users table created or already exists
[23-Apr-2025 08:28:10 Europe/Berlin] Users table structure: [{"Field":"id","Type":"int(11)","Null":"NO","Key":"PRI","Default":null,"Extra":"auto_increment"},{"Field":"username","Type":"varchar(50)","Null":"NO","Key":"","Default":null,"Extra":""},{"Field":"email","Type":"varchar(100)","Null":"NO","Key":"UNI","Default":null,"Extra":""},{"Field":"password","Type":"varchar(255)","Null":"NO","Key":"","Default":null,"Extra":""},{"Field":"role","Type":"enum('user','admin')","Null":"YES","Key":"","Default":"user","Extra":""},{"Field":"verification_code","Type":"varchar(100)","Null":"YES","Key":"","Default":null,"Extra":""},{"Field":"is_verified","Type":"tinyint(1)","Null":"YES","Key":"","Default":"0","Extra":""},{"Field":"created_at","Type":"timestamp","Null":"NO","Key":"","Default":"current_timestamp()","Extra":""},{"Field":"favorite_sport","Type":"varchar(50)","Null":"YES","Key":"","Default":null,"Extra":""},{"Field":"favorite_team","Type":"varchar(50)","Null":"YES","Key":"","Default":null,"Extra":""},{"Field":"account_type","Type":"enum('user','admin')","Null":"YES","Key":"","Default":"user","Extra":""}]
[23-Apr-2025 08:28:10 Europe/Berlin] Number of users in database: 13
[23-Apr-2025 08:28:10 Europe/Berlin] All tables initialized successfully
[23-Apr-2025 08:28:10 Europe/Berlin] Connected to database. Tables found: favorites, feedback, matches, news, newsletter, notifications, players, subscriptions, users
[23-Apr-2025 08:28:10 Europe/Berlin] Executing SQL: CREATE TABLE IF NOT EXISTS users (
                id INT AUTO_INCREMENT PRIMARY KEY,
                username VARCHAR(50) NOT NULL UNIQUE,
                password VARCHAR(255) NOT NULL,
                email VARCHAR(100) NOT NULL UNIQUE,
                account_type ENUM('user', 'admin') DEFAULT 'user',
                created_at TIMESTAMP DEFAULT CURRENT_TIMESTAMP
            )
[23-Apr-2025 08:28:10 Europe/Berlin] With params: []
[23-Apr-2025 08:28:10 Europe/Berlin] Query executed successfully. Found 0 rows
[23-Apr-2025 08:28:10 Europe/Berlin] Users table created or already exists
[23-Apr-2025 08:28:10 Europe/Berlin] Users table structure: [{"Field":"id","Type":"int(11)","Null":"NO","Key":"PRI","Default":null,"Extra":"auto_increment"},{"Field":"username","Type":"varchar(50)","Null":"NO","Key":"","Default":null,"Extra":""},{"Field":"email","Type":"varchar(100)","Null":"NO","Key":"UNI","Default":null,"Extra":""},{"Field":"password","Type":"varchar(255)","Null":"NO","Key":"","Default":null,"Extra":""},{"Field":"role","Type":"enum('user','admin')","Null":"YES","Key":"","Default":"user","Extra":""},{"Field":"verification_code","Type":"varchar(100)","Null":"YES","Key":"","Default":null,"Extra":""},{"Field":"is_verified","Type":"tinyint(1)","Null":"YES","Key":"","Default":"0","Extra":""},{"Field":"created_at","Type":"timestamp","Null":"NO","Key":"","Default":"current_timestamp()","Extra":""},{"Field":"favorite_sport","Type":"varchar(50)","Null":"YES","Key":"","Default":null,"Extra":""},{"Field":"favorite_team","Type":"varchar(50)","Null":"YES","Key":"","Default":null,"Extra":""},{"Field":"account_type","Type":"enum('user','admin')","Null":"YES","Key":"","Default":"user","Extra":""}]
[23-Apr-2025 08:28:10 Europe/Berlin] Number of users in database: 13
[23-Apr-2025 08:28:10 Europe/Berlin] All tables initialized successfully
[23-Apr-2025 08:28:10 Europe/Berlin] Database tables initialized successfully
[23-Apr-2025 08:28:10 Europe/Berlin] Executing SQL: SELECT * FROM users WHERE id = :id
[23-Apr-2025 08:28:10 Europe/Berlin] With params: {":id":12}
[23-Apr-2025 08:28:10 Europe/Berlin] Query executed successfully. Found 1 rows
[23-Apr-2025 08:28:10 Europe/Berlin] User loaded from session: varunpndey
[23-Apr-2025 08:28:10 Europe/Berlin] Executing SQL: SELECT * FROM users WHERE id = :id
[23-Apr-2025 08:28:10 Europe/Berlin] With params: {":id":12}
[23-Apr-2025 08:28:10 Europe/Berlin] Query executed successfully. Found 1 rows
[23-Apr-2025 08:28:10 Europe/Berlin] Executing SQL: INSERT INTO news (title, content, category) VALUES (:title, :content, :category)
[23-Apr-2025 08:28:10 Europe/Berlin] With params: {":title":"hjbghiu",":content":"jknoijno ",":category":"football"}
[23-Apr-2025 08:28:10 Europe/Berlin] Query executed successfully. Found 0 rows
[23-Apr-2025 08:28:10 Europe/Berlin] Executing SQL: SELECT * FROM news ORDER BY created_at DESC
[23-Apr-2025 08:28:10 Europe/Berlin] With params: []
[23-Apr-2025 08:28:10 Europe/Berlin] Query executed successfully. Found 9 rows
[23-Apr-2025 08:28:10 Europe/Berlin] Executing SQL: SELECT * FROM feedback ORDER BY created_at DESC
[23-Apr-2025 08:28:10 Europe/Berlin] With params: []
[23-Apr-2025 08:28:10 Europe/Berlin] Query executed successfully. Found 10 rows
[23-Apr-2025 08:28:10 Europe/Berlin] Executing SQL: SELECT * FROM matches WHERE status = 'live'
[23-Apr-2025 08:28:10 Europe/Berlin] With params: []
[23-Apr-2025 08:28:10 Europe/Berlin] Query executed successfully. Found 3 rows
[23-Apr-2025 08:28:10 Europe/Berlin] Executing SQL: SELECT * FROM matches WHERE 1=1 ORDER BY match_time DESC
[23-Apr-2025 08:28:10 Europe/Berlin] With params: []
[23-Apr-2025 08:28:10 Europe/Berlin] Query executed successfully. Found 17 rows
[23-Apr-2025 08:28:10 Europe/Berlin] PHP Warning:  Undefined array key "status" in /Applications/XAMPP/xamppfiles/htdocs/sportsync/public/admin.php on line 914
[23-Apr-2025 08:28:10 Europe/Berlin] PHP Warning:  Undefined array key "status" in /Applications/XAMPP/xamppfiles/htdocs/sportsync/public/admin.php on line 915
[23-Apr-2025 08:28:10 Europe/Berlin] PHP Warning:  Undefined array key "status" in /Applications/XAMPP/xamppfiles/htdocs/sportsync/public/admin.php on line 916
[23-Apr-2025 08:28:10 Europe/Berlin] PHP Warning:  Undefined array key "status" in /Applications/XAMPP/xamppfiles/htdocs/sportsync/public/admin.php on line 914
[23-Apr-2025 08:28:10 Europe/Berlin] PHP Warning:  Undefined array key "status" in /Applications/XAMPP/xamppfiles/htdocs/sportsync/public/admin.php on line 915
[23-Apr-2025 08:28:10 Europe/Berlin] PHP Warning:  Undefined array key "status" in /Applications/XAMPP/xamppfiles/htdocs/sportsync/public/admin.php on line 916
[23-Apr-2025 08:28:10 Europe/Berlin] PHP Warning:  Undefined array key "status" in /Applications/XAMPP/xamppfiles/htdocs/sportsync/public/admin.php on line 914
[23-Apr-2025 08:28:10 Europe/Berlin] PHP Warning:  Undefined array key "status" in /Applications/XAMPP/xamppfiles/htdocs/sportsync/public/admin.php on line 915
[23-Apr-2025 08:28:10 Europe/Berlin] PHP Warning:  Undefined array key "status" in /Applications/XAMPP/xamppfiles/htdocs/sportsync/public/admin.php on line 916
[23-Apr-2025 08:28:10 Europe/Berlin] PHP Warning:  Undefined array key "status" in /Applications/XAMPP/xamppfiles/htdocs/sportsync/public/admin.php on line 914
[23-Apr-2025 08:28:10 Europe/Berlin] PHP Warning:  Undefined array key "status" in /Applications/XAMPP/xamppfiles/htdocs/sportsync/public/admin.php on line 915
[23-Apr-2025 08:28:10 Europe/Berlin] PHP Warning:  Undefined array key "status" in /Applications/XAMPP/xamppfiles/htdocs/sportsync/public/admin.php on line 916
[23-Apr-2025 08:28:10 Europe/Berlin] PHP Warning:  Undefined array key "status" in /Applications/XAMPP/xamppfiles/htdocs/sportsync/public/admin.php on line 914
[23-Apr-2025 08:28:10 Europe/Berlin] PHP Warning:  Undefined array key "status" in /Applications/XAMPP/xamppfiles/htdocs/sportsync/public/admin.php on line 915
[23-Apr-2025 08:28:10 Europe/Berlin] PHP Warning:  Undefined array key "status" in /Applications/XAMPP/xamppfiles/htdocs/sportsync/public/admin.php on line 916
[23-Apr-2025 08:28:10 Europe/Berlin] PHP Warning:  Undefined array key "status" in /Applications/XAMPP/xamppfiles/htdocs/sportsync/public/admin.php on line 914
[23-Apr-2025 08:28:10 Europe/Berlin] PHP Warning:  Undefined array key "status" in /Applications/XAMPP/xamppfiles/htdocs/sportsync/public/admin.php on line 915
[23-Apr-2025 08:28:10 Europe/Berlin] PHP Warning:  Undefined array key "status" in /Applications/XAMPP/xamppfiles/htdocs/sportsync/public/admin.php on line 916
[23-Apr-2025 08:28:10 Europe/Berlin] PHP Warning:  Undefined array key "status" in /Applications/XAMPP/xamppfiles/htdocs/sportsync/public/admin.php on line 914
[23-Apr-2025 08:28:10 Europe/Berlin] PHP Warning:  Undefined array key "status" in /Applications/XAMPP/xamppfiles/htdocs/sportsync/public/admin.php on line 915
[23-Apr-2025 08:28:10 Europe/Berlin] PHP Warning:  Undefined array key "status" in /Applications/XAMPP/xamppfiles/htdocs/sportsync/public/admin.php on line 916
[23-Apr-2025 08:28:10 Europe/Berlin] PHP Warning:  Undefined array key "status" in /Applications/XAMPP/xamppfiles/htdocs/sportsync/public/admin.php on line 914
[23-Apr-2025 08:28:10 Europe/Berlin] PHP Warning:  Undefined array key "status" in /Applications/XAMPP/xamppfiles/htdocs/sportsync/public/admin.php on line 915
[23-Apr-2025 08:28:10 Europe/Berlin] PHP Warning:  Undefined array key "status" in /Applications/XAMPP/xamppfiles/htdocs/sportsync/public/admin.php on line 916
[23-Apr-2025 08:28:10 Europe/Berlin] PHP Warning:  Undefined array key "status" in /Applications/XAMPP/xamppfiles/htdocs/sportsync/public/admin.php on line 914
[23-Apr-2025 08:28:10 Europe/Berlin] PHP Warning:  Undefined array key "status" in /Applications/XAMPP/xamppfiles/htdocs/sportsync/public/admin.php on line 915
[23-Apr-2025 08:28:10 Europe/Berlin] PHP Warning:  Undefined array key "status" in /Applications/XAMPP/xamppfiles/htdocs/sportsync/public/admin.php on line 916
[23-Apr-2025 08:28:10 Europe/Berlin] PHP Warning:  Undefined array key "status" in /Applications/XAMPP/xamppfiles/htdocs/sportsync/public/admin.php on line 914
[23-Apr-2025 08:28:10 Europe/Berlin] PHP Warning:  Undefined array key "status" in /Applications/XAMPP/xamppfiles/htdocs/sportsync/public/admin.php on line 915
[23-Apr-2025 08:28:10 Europe/Berlin] PHP Warning:  Undefined array key "status" in /Applications/XAMPP/xamppfiles/htdocs/sportsync/public/admin.php on line 916
[23-Apr-2025 08:29:03 Europe/Berlin] Connected to database. Tables found: favorites, feedback, matches, news, newsletter, notifications, players, subscriptions, users
[23-Apr-2025 08:29:03 Europe/Berlin] Executing SQL: CREATE TABLE IF NOT EXISTS users (
                id INT AUTO_INCREMENT PRIMARY KEY,
                username VARCHAR(50) NOT NULL UNIQUE,
                password VARCHAR(255) NOT NULL,
                email VARCHAR(100) NOT NULL UNIQUE,
                account_type ENUM('user', 'admin') DEFAULT 'user',
                created_at TIMESTAMP DEFAULT CURRENT_TIMESTAMP
            )
[23-Apr-2025 08:29:03 Europe/Berlin] With params: []
[23-Apr-2025 08:29:03 Europe/Berlin] Query executed successfully. Found 0 rows
[23-Apr-2025 08:29:03 Europe/Berlin] Users table created or already exists
[23-Apr-2025 08:29:03 Europe/Berlin] Users table structure: [{"Field":"id","Type":"int(11)","Null":"NO","Key":"PRI","Default":null,"Extra":"auto_increment"},{"Field":"username","Type":"varchar(50)","Null":"NO","Key":"","Default":null,"Extra":""},{"Field":"email","Type":"varchar(100)","Null":"NO","Key":"UNI","Default":null,"Extra":""},{"Field":"password","Type":"varchar(255)","Null":"NO","Key":"","Default":null,"Extra":""},{"Field":"role","Type":"enum('user','admin')","Null":"YES","Key":"","Default":"user","Extra":""},{"Field":"verification_code","Type":"varchar(100)","Null":"YES","Key":"","Default":null,"Extra":""},{"Field":"is_verified","Type":"tinyint(1)","Null":"YES","Key":"","Default":"0","Extra":""},{"Field":"created_at","Type":"timestamp","Null":"NO","Key":"","Default":"current_timestamp()","Extra":""},{"Field":"favorite_sport","Type":"varchar(50)","Null":"YES","Key":"","Default":null,"Extra":""},{"Field":"favorite_team","Type":"varchar(50)","Null":"YES","Key":"","Default":null,"Extra":""},{"Field":"account_type","Type":"enum('user','admin')","Null":"YES","Key":"","Default":"user","Extra":""}]
[23-Apr-2025 08:29:03 Europe/Berlin] Number of users in database: 13
[23-Apr-2025 08:29:03 Europe/Berlin] All tables initialized successfully
[23-Apr-2025 08:29:03 Europe/Berlin] Executing SQL: INSERT INTO matches (team1, team2, venue, match_time, sport, status) 
                    VALUES (:team1, :team2, :venue, :match_time, :sport, :status)
[23-Apr-2025 08:29:03 Europe/Berlin] With params: {":team1":"India",":team2":"England",":venue":"The Oval, London",":match_time":"2025-04-25T15:01",":sport":"cricket",":status":"upcoming"}
[23-Apr-2025 08:29:03 Europe/Berlin] Query executed successfully. Found 0 rows
[23-Apr-2025 08:29:47 Europe/Berlin] Connected to database. Tables found: favorites, feedback, matches, news, newsletter, notifications, players, subscriptions, users
[23-Apr-2025 08:29:47 Europe/Berlin] Executing SQL: CREATE TABLE IF NOT EXISTS users (
                id INT AUTO_INCREMENT PRIMARY KEY,
                username VARCHAR(50) NOT NULL UNIQUE,
                password VARCHAR(255) NOT NULL,
                email VARCHAR(100) NOT NULL UNIQUE,
                account_type ENUM('user', 'admin') DEFAULT 'user',
                created_at TIMESTAMP DEFAULT CURRENT_TIMESTAMP
            )
[23-Apr-2025 08:29:47 Europe/Berlin] With params: []
[23-Apr-2025 08:29:47 Europe/Berlin] Query executed successfully. Found 0 rows
[23-Apr-2025 08:29:47 Europe/Berlin] Users table created or already exists
[23-Apr-2025 08:29:47 Europe/Berlin] Users table structure: [{"Field":"id","Type":"int(11)","Null":"NO","Key":"PRI","Default":null,"Extra":"auto_increment"},{"Field":"username","Type":"varchar(50)","Null":"NO","Key":"","Default":null,"Extra":""},{"Field":"email","Type":"varchar(100)","Null":"NO","Key":"UNI","Default":null,"Extra":""},{"Field":"password","Type":"varchar(255)","Null":"NO","Key":"","Default":null,"Extra":""},{"Field":"role","Type":"enum('user','admin')","Null":"YES","Key":"","Default":"user","Extra":""},{"Field":"verification_code","Type":"varchar(100)","Null":"YES","Key":"","Default":null,"Extra":""},{"Field":"is_verified","Type":"tinyint(1)","Null":"YES","Key":"","Default":"0","Extra":""},{"Field":"created_at","Type":"timestamp","Null":"NO","Key":"","Default":"current_timestamp()","Extra":""},{"Field":"favorite_sport","Type":"varchar(50)","Null":"YES","Key":"","Default":null,"Extra":""},{"Field":"favorite_team","Type":"varchar(50)","Null":"YES","Key":"","Default":null,"Extra":""},{"Field":"account_type","Type":"enum('user','admin')","Null":"YES","Key":"","Default":"user","Extra":""}]
[23-Apr-2025 08:29:47 Europe/Berlin] Number of users in database: 13
[23-Apr-2025 08:29:47 Europe/Berlin] All tables initialized successfully
[23-Apr-2025 08:29:47 Europe/Berlin] Connected to database. Tables found: favorites, feedback, matches, news, newsletter, notifications, players, subscriptions, users
[23-Apr-2025 08:29:47 Europe/Berlin] Executing SQL: CREATE TABLE IF NOT EXISTS users (
                id INT AUTO_INCREMENT PRIMARY KEY,
                username VARCHAR(50) NOT NULL UNIQUE,
                password VARCHAR(255) NOT NULL,
                email VARCHAR(100) NOT NULL UNIQUE,
                account_type ENUM('user', 'admin') DEFAULT 'user',
                created_at TIMESTAMP DEFAULT CURRENT_TIMESTAMP
            )
[23-Apr-2025 08:29:47 Europe/Berlin] With params: []
[23-Apr-2025 08:29:47 Europe/Berlin] Query executed successfully. Found 0 rows
[23-Apr-2025 08:29:47 Europe/Berlin] Users table created or already exists
[23-Apr-2025 08:29:47 Europe/Berlin] Users table structure: [{"Field":"id","Type":"int(11)","Null":"NO","Key":"PRI","Default":null,"Extra":"auto_increment"},{"Field":"username","Type":"varchar(50)","Null":"NO","Key":"","Default":null,"Extra":""},{"Field":"email","Type":"varchar(100)","Null":"NO","Key":"UNI","Default":null,"Extra":""},{"Field":"password","Type":"varchar(255)","Null":"NO","Key":"","Default":null,"Extra":""},{"Field":"role","Type":"enum('user','admin')","Null":"YES","Key":"","Default":"user","Extra":""},{"Field":"verification_code","Type":"varchar(100)","Null":"YES","Key":"","Default":null,"Extra":""},{"Field":"is_verified","Type":"tinyint(1)","Null":"YES","Key":"","Default":"0","Extra":""},{"Field":"created_at","Type":"timestamp","Null":"NO","Key":"","Default":"current_timestamp()","Extra":""},{"Field":"favorite_sport","Type":"varchar(50)","Null":"YES","Key":"","Default":null,"Extra":""},{"Field":"favorite_team","Type":"varchar(50)","Null":"YES","Key":"","Default":null,"Extra":""},{"Field":"account_type","Type":"enum('user','admin')","Null":"YES","Key":"","Default":"user","Extra":""}]
[23-Apr-2025 08:29:47 Europe/Berlin] Number of users in database: 13
[23-Apr-2025 08:29:47 Europe/Berlin] All tables initialized successfully
[23-Apr-2025 08:29:47 Europe/Berlin] Database tables initialized successfully
[23-Apr-2025 08:29:47 Europe/Berlin] Executing SQL: SELECT * FROM users WHERE id = :id
[23-Apr-2025 08:29:47 Europe/Berlin] With params: {":id":12}
[23-Apr-2025 08:29:47 Europe/Berlin] Query executed successfully. Found 1 rows
[23-Apr-2025 08:29:47 Europe/Berlin] User loaded from session: varunpndey
[23-Apr-2025 08:29:47 Europe/Berlin] Executing SQL: SELECT * FROM users WHERE id = :id
[23-Apr-2025 08:29:47 Europe/Berlin] With params: {":id":12}
[23-Apr-2025 08:29:47 Europe/Berlin] Query executed successfully. Found 1 rows
[23-Apr-2025 08:29:47 Europe/Berlin] Executing SQL: UPDATE matches SET team1 = :team1, team2 = :team2, team1_flag = :team1_flag, team2_flag = :team2_flag, venue = :venue, match_time = :match_time, sport = :sport, status = :status, team1_score = :team1_score, team2_score = :team2_score, team1_wickets = :team1_wickets, team2_wickets = :team2_wickets, team1_overs = :team1_overs, team2_overs = :team2_overs WHERE id = :id
[23-Apr-2025 08:29:47 Europe/Berlin] With params: {":id":"14",":team1":"India",":team2":"England",":team1_flag":"in",":team2_flag":"gb",":venue":"The Oval, London",":match_time":"2025-06-18T03:00",":sport":"cricket",":status":"completed",":team1_score":"244",":team2_score":"243",":team1_wickets":"6",":team2_wickets":"10",":team1_overs":"20.0",":team2_overs":"19.3"}
[23-Apr-2025 08:29:47 Europe/Berlin] Error in executeQuery: SQLSTATE[42S22]: Column not found: 1054 Unknown column 'team1_flag' in 'field list'
[23-Apr-2025 08:29:47 Europe/Berlin] Error updating match: SQLSTATE[42S22]: Column not found: 1054 Unknown column 'team1_flag' in 'field list'
[23-Apr-2025 08:29:47 Europe/Berlin] Error updating match: Failed to update match: SQLSTATE[42S22]: Column not found: 1054 Unknown column 'team1_flag' in 'field list'
[23-Apr-2025 08:32:46 Europe/Berlin] Connected to database. Tables found: favorites, feedback, matches, news, newsletter, notifications, players, subscriptions, users
[23-Apr-2025 08:32:46 Europe/Berlin] Executing SQL: CREATE TABLE IF NOT EXISTS users (
                id INT AUTO_INCREMENT PRIMARY KEY,
                username VARCHAR(50) NOT NULL UNIQUE,
                password VARCHAR(255) NOT NULL,
                email VARCHAR(100) NOT NULL UNIQUE,
                account_type ENUM('user', 'admin') DEFAULT 'user',
                created_at TIMESTAMP DEFAULT CURRENT_TIMESTAMP
            )
[23-Apr-2025 08:32:46 Europe/Berlin] With params: []
[23-Apr-2025 08:32:46 Europe/Berlin] Query executed successfully. Found 0 rows
[23-Apr-2025 08:32:46 Europe/Berlin] Users table created or already exists
[23-Apr-2025 08:32:46 Europe/Berlin] Users table structure: [{"Field":"id","Type":"int(11)","Null":"NO","Key":"PRI","Default":null,"Extra":"auto_increment"},{"Field":"username","Type":"varchar(50)","Null":"NO","Key":"","Default":null,"Extra":""},{"Field":"email","Type":"varchar(100)","Null":"NO","Key":"UNI","Default":null,"Extra":""},{"Field":"password","Type":"varchar(255)","Null":"NO","Key":"","Default":null,"Extra":""},{"Field":"role","Type":"enum('user','admin')","Null":"YES","Key":"","Default":"user","Extra":""},{"Field":"verification_code","Type":"varchar(100)","Null":"YES","Key":"","Default":null,"Extra":""},{"Field":"is_verified","Type":"tinyint(1)","Null":"YES","Key":"","Default":"0","Extra":""},{"Field":"created_at","Type":"timestamp","Null":"NO","Key":"","Default":"current_timestamp()","Extra":""},{"Field":"favorite_sport","Type":"varchar(50)","Null":"YES","Key":"","Default":null,"Extra":""},{"Field":"favorite_team","Type":"varchar(50)","Null":"YES","Key":"","Default":null,"Extra":""},{"Field":"account_type","Type":"enum('user','admin')","Null":"YES","Key":"","Default":"user","Extra":""}]
[23-Apr-2025 08:32:46 Europe/Berlin] Number of users in database: 13
[23-Apr-2025 08:32:46 Europe/Berlin] All tables initialized successfully
[23-Apr-2025 08:32:46 Europe/Berlin] Connected to database. Tables found: favorites, feedback, matches, news, newsletter, notifications, players, subscriptions, users
[23-Apr-2025 08:32:46 Europe/Berlin] Executing SQL: CREATE TABLE IF NOT EXISTS users (
                id INT AUTO_INCREMENT PRIMARY KEY,
                username VARCHAR(50) NOT NULL UNIQUE,
                password VARCHAR(255) NOT NULL,
                email VARCHAR(100) NOT NULL UNIQUE,
                account_type ENUM('user', 'admin') DEFAULT 'user',
                created_at TIMESTAMP DEFAULT CURRENT_TIMESTAMP
            )
[23-Apr-2025 08:32:46 Europe/Berlin] With params: []
[23-Apr-2025 08:32:46 Europe/Berlin] Query executed successfully. Found 0 rows
[23-Apr-2025 08:32:46 Europe/Berlin] Users table created or already exists
[23-Apr-2025 08:32:46 Europe/Berlin] Users table structure: [{"Field":"id","Type":"int(11)","Null":"NO","Key":"PRI","Default":null,"Extra":"auto_increment"},{"Field":"username","Type":"varchar(50)","Null":"NO","Key":"","Default":null,"Extra":""},{"Field":"email","Type":"varchar(100)","Null":"NO","Key":"UNI","Default":null,"Extra":""},{"Field":"password","Type":"varchar(255)","Null":"NO","Key":"","Default":null,"Extra":""},{"Field":"role","Type":"enum('user','admin')","Null":"YES","Key":"","Default":"user","Extra":""},{"Field":"verification_code","Type":"varchar(100)","Null":"YES","Key":"","Default":null,"Extra":""},{"Field":"is_verified","Type":"tinyint(1)","Null":"YES","Key":"","Default":"0","Extra":""},{"Field":"created_at","Type":"timestamp","Null":"NO","Key":"","Default":"current_timestamp()","Extra":""},{"Field":"favorite_sport","Type":"varchar(50)","Null":"YES","Key":"","Default":null,"Extra":""},{"Field":"favorite_team","Type":"varchar(50)","Null":"YES","Key":"","Default":null,"Extra":""},{"Field":"account_type","Type":"enum('user','admin')","Null":"YES","Key":"","Default":"user","Extra":""}]
[23-Apr-2025 08:32:46 Europe/Berlin] Number of users in database: 13
[23-Apr-2025 08:32:46 Europe/Berlin] All tables initialized successfully
[23-Apr-2025 08:32:46 Europe/Berlin] Database tables initialized successfully
[23-Apr-2025 08:32:46 Europe/Berlin] Executing SQL: SELECT * FROM users WHERE id = :id
[23-Apr-2025 08:32:46 Europe/Berlin] With params: {":id":12}
[23-Apr-2025 08:32:46 Europe/Berlin] Query executed successfully. Found 1 rows
[23-Apr-2025 08:32:46 Europe/Berlin] User loaded from session: varunpndey
[23-Apr-2025 08:32:46 Europe/Berlin] Executing SQL: SELECT * FROM users WHERE id = :id
[23-Apr-2025 08:32:46 Europe/Berlin] With params: {":id":12}
[23-Apr-2025 08:32:46 Europe/Berlin] Query executed successfully. Found 1 rows
[23-Apr-2025 08:32:46 Europe/Berlin] Executing SQL: INSERT INTO news (title, content, category) VALUES (:title, :content, :category)
[23-Apr-2025 08:32:46 Europe/Berlin] With params: {":title":"hjbghiu",":content":"jknoijno ",":category":"football"}
[23-Apr-2025 08:32:46 Europe/Berlin] Query executed successfully. Found 0 rows
[23-Apr-2025 08:32:46 Europe/Berlin] Executing SQL: SELECT * FROM news ORDER BY created_at DESC
[23-Apr-2025 08:32:46 Europe/Berlin] With params: []
[23-Apr-2025 08:32:46 Europe/Berlin] Query executed successfully. Found 10 rows
[23-Apr-2025 08:32:46 Europe/Berlin] Executing SQL: SELECT * FROM feedback ORDER BY created_at DESC
[23-Apr-2025 08:32:46 Europe/Berlin] With params: []
[23-Apr-2025 08:32:46 Europe/Berlin] Query executed successfully. Found 10 rows
[23-Apr-2025 08:32:46 Europe/Berlin] Executing SQL: SELECT * FROM matches WHERE status = 'live'
[23-Apr-2025 08:32:46 Europe/Berlin] With params: []
[23-Apr-2025 08:32:46 Europe/Berlin] Query executed successfully. Found 3 rows
[23-Apr-2025 08:32:46 Europe/Berlin] Executing SQL: SELECT * FROM matches WHERE 1=1 ORDER BY match_time DESC
[23-Apr-2025 08:32:46 Europe/Berlin] With params: []
[23-Apr-2025 08:32:46 Europe/Berlin] Query executed successfully. Found 18 rows
[23-Apr-2025 08:32:46 Europe/Berlin] PHP Warning:  Undefined array key "status" in /Applications/XAMPP/xamppfiles/htdocs/sportsync/public/admin.php on line 914
[23-Apr-2025 08:32:46 Europe/Berlin] PHP Warning:  Undefined array key "status" in /Applications/XAMPP/xamppfiles/htdocs/sportsync/public/admin.php on line 915
[23-Apr-2025 08:32:46 Europe/Berlin] PHP Warning:  Undefined array key "status" in /Applications/XAMPP/xamppfiles/htdocs/sportsync/public/admin.php on line 916
[23-Apr-2025 08:32:46 Europe/Berlin] PHP Warning:  Undefined array key "status" in /Applications/XAMPP/xamppfiles/htdocs/sportsync/public/admin.php on line 914
[23-Apr-2025 08:32:46 Europe/Berlin] PHP Warning:  Undefined array key "status" in /Applications/XAMPP/xamppfiles/htdocs/sportsync/public/admin.php on line 915
[23-Apr-2025 08:32:46 Europe/Berlin] PHP Warning:  Undefined array key "status" in /Applications/XAMPP/xamppfiles/htdocs/sportsync/public/admin.php on line 916
[23-Apr-2025 08:32:46 Europe/Berlin] PHP Warning:  Undefined array key "status" in /Applications/XAMPP/xamppfiles/htdocs/sportsync/public/admin.php on line 914
[23-Apr-2025 08:32:46 Europe/Berlin] PHP Warning:  Undefined array key "status" in /Applications/XAMPP/xamppfiles/htdocs/sportsync/public/admin.php on line 915
[23-Apr-2025 08:32:46 Europe/Berlin] PHP Warning:  Undefined array key "status" in /Applications/XAMPP/xamppfiles/htdocs/sportsync/public/admin.php on line 916
[23-Apr-2025 08:32:46 Europe/Berlin] PHP Warning:  Undefined array key "status" in /Applications/XAMPP/xamppfiles/htdocs/sportsync/public/admin.php on line 914
[23-Apr-2025 08:32:46 Europe/Berlin] PHP Warning:  Undefined array key "status" in /Applications/XAMPP/xamppfiles/htdocs/sportsync/public/admin.php on line 915
[23-Apr-2025 08:32:46 Europe/Berlin] PHP Warning:  Undefined array key "status" in /Applications/XAMPP/xamppfiles/htdocs/sportsync/public/admin.php on line 916
[23-Apr-2025 08:32:46 Europe/Berlin] PHP Warning:  Undefined array key "status" in /Applications/XAMPP/xamppfiles/htdocs/sportsync/public/admin.php on line 914
[23-Apr-2025 08:32:46 Europe/Berlin] PHP Warning:  Undefined array key "status" in /Applications/XAMPP/xamppfiles/htdocs/sportsync/public/admin.php on line 915
[23-Apr-2025 08:32:46 Europe/Berlin] PHP Warning:  Undefined array key "status" in /Applications/XAMPP/xamppfiles/htdocs/sportsync/public/admin.php on line 916
[23-Apr-2025 08:32:46 Europe/Berlin] PHP Warning:  Undefined array key "status" in /Applications/XAMPP/xamppfiles/htdocs/sportsync/public/admin.php on line 914
[23-Apr-2025 08:32:46 Europe/Berlin] PHP Warning:  Undefined array key "status" in /Applications/XAMPP/xamppfiles/htdocs/sportsync/public/admin.php on line 915
[23-Apr-2025 08:32:46 Europe/Berlin] PHP Warning:  Undefined array key "status" in /Applications/XAMPP/xamppfiles/htdocs/sportsync/public/admin.php on line 916
[23-Apr-2025 08:32:46 Europe/Berlin] PHP Warning:  Undefined array key "status" in /Applications/XAMPP/xamppfiles/htdocs/sportsync/public/admin.php on line 914
[23-Apr-2025 08:32:46 Europe/Berlin] PHP Warning:  Undefined array key "status" in /Applications/XAMPP/xamppfiles/htdocs/sportsync/public/admin.php on line 915
[23-Apr-2025 08:32:46 Europe/Berlin] PHP Warning:  Undefined array key "status" in /Applications/XAMPP/xamppfiles/htdocs/sportsync/public/admin.php on line 916
[23-Apr-2025 08:32:46 Europe/Berlin] PHP Warning:  Undefined array key "status" in /Applications/XAMPP/xamppfiles/htdocs/sportsync/public/admin.php on line 914
[23-Apr-2025 08:32:46 Europe/Berlin] PHP Warning:  Undefined array key "status" in /Applications/XAMPP/xamppfiles/htdocs/sportsync/public/admin.php on line 915
[23-Apr-2025 08:32:46 Europe/Berlin] PHP Warning:  Undefined array key "status" in /Applications/XAMPP/xamppfiles/htdocs/sportsync/public/admin.php on line 916
[23-Apr-2025 08:32:46 Europe/Berlin] PHP Warning:  Undefined array key "status" in /Applications/XAMPP/xamppfiles/htdocs/sportsync/public/admin.php on line 914
[23-Apr-2025 08:32:46 Europe/Berlin] PHP Warning:  Undefined array key "status" in /Applications/XAMPP/xamppfiles/htdocs/sportsync/public/admin.php on line 915
[23-Apr-2025 08:32:46 Europe/Berlin] PHP Warning:  Undefined array key "status" in /Applications/XAMPP/xamppfiles/htdocs/sportsync/public/admin.php on line 916
[23-Apr-2025 08:32:46 Europe/Berlin] PHP Warning:  Undefined array key "status" in /Applications/XAMPP/xamppfiles/htdocs/sportsync/public/admin.php on line 914
[23-Apr-2025 08:32:46 Europe/Berlin] PHP Warning:  Undefined array key "status" in /Applications/XAMPP/xamppfiles/htdocs/sportsync/public/admin.php on line 915
[23-Apr-2025 08:32:46 Europe/Berlin] PHP Warning:  Undefined array key "status" in /Applications/XAMPP/xamppfiles/htdocs/sportsync/public/admin.php on line 916
[23-Apr-2025 08:32:55 Europe/Berlin] Connected to database. Tables found: favorites, feedback, matches, news, newsletter, notifications, players, subscriptions, users
[23-Apr-2025 08:32:55 Europe/Berlin] Executing SQL: CREATE TABLE IF NOT EXISTS users (
                id INT AUTO_INCREMENT PRIMARY KEY,
                username VARCHAR(50) NOT NULL UNIQUE,
                password VARCHAR(255) NOT NULL,
                email VARCHAR(100) NOT NULL UNIQUE,
                account_type ENUM('user', 'admin') DEFAULT 'user',
                created_at TIMESTAMP DEFAULT CURRENT_TIMESTAMP
            )
[23-Apr-2025 08:32:55 Europe/Berlin] With params: []
[23-Apr-2025 08:32:55 Europe/Berlin] Query executed successfully. Found 0 rows
[23-Apr-2025 08:32:55 Europe/Berlin] Users table created or already exists
[23-Apr-2025 08:32:55 Europe/Berlin] Users table structure: [{"Field":"id","Type":"int(11)","Null":"NO","Key":"PRI","Default":null,"Extra":"auto_increment"},{"Field":"username","Type":"varchar(50)","Null":"NO","Key":"","Default":null,"Extra":""},{"Field":"email","Type":"varchar(100)","Null":"NO","Key":"UNI","Default":null,"Extra":""},{"Field":"password","Type":"varchar(255)","Null":"NO","Key":"","Default":null,"Extra":""},{"Field":"role","Type":"enum('user','admin')","Null":"YES","Key":"","Default":"user","Extra":""},{"Field":"verification_code","Type":"varchar(100)","Null":"YES","Key":"","Default":null,"Extra":""},{"Field":"is_verified","Type":"tinyint(1)","Null":"YES","Key":"","Default":"0","Extra":""},{"Field":"created_at","Type":"timestamp","Null":"NO","Key":"","Default":"current_timestamp()","Extra":""},{"Field":"favorite_sport","Type":"varchar(50)","Null":"YES","Key":"","Default":null,"Extra":""},{"Field":"favorite_team","Type":"varchar(50)","Null":"YES","Key":"","Default":null,"Extra":""},{"Field":"account_type","Type":"enum('user','admin')","Null":"YES","Key":"","Default":"user","Extra":""}]
[23-Apr-2025 08:32:55 Europe/Berlin] Number of users in database: 13
[23-Apr-2025 08:32:55 Europe/Berlin] All tables initialized successfully
[23-Apr-2025 08:32:55 Europe/Berlin] Connected to database. Tables found: favorites, feedback, matches, news, newsletter, notifications, players, subscriptions, users
[23-Apr-2025 08:32:55 Europe/Berlin] Executing SQL: CREATE TABLE IF NOT EXISTS users (
                id INT AUTO_INCREMENT PRIMARY KEY,
                username VARCHAR(50) NOT NULL UNIQUE,
                password VARCHAR(255) NOT NULL,
                email VARCHAR(100) NOT NULL UNIQUE,
                account_type ENUM('user', 'admin') DEFAULT 'user',
                created_at TIMESTAMP DEFAULT CURRENT_TIMESTAMP
            )
[23-Apr-2025 08:32:55 Europe/Berlin] With params: []
[23-Apr-2025 08:32:55 Europe/Berlin] Query executed successfully. Found 0 rows
[23-Apr-2025 08:32:55 Europe/Berlin] Users table created or already exists
[23-Apr-2025 08:32:55 Europe/Berlin] Users table structure: [{"Field":"id","Type":"int(11)","Null":"NO","Key":"PRI","Default":null,"Extra":"auto_increment"},{"Field":"username","Type":"varchar(50)","Null":"NO","Key":"","Default":null,"Extra":""},{"Field":"email","Type":"varchar(100)","Null":"NO","Key":"UNI","Default":null,"Extra":""},{"Field":"password","Type":"varchar(255)","Null":"NO","Key":"","Default":null,"Extra":""},{"Field":"role","Type":"enum('user','admin')","Null":"YES","Key":"","Default":"user","Extra":""},{"Field":"verification_code","Type":"varchar(100)","Null":"YES","Key":"","Default":null,"Extra":""},{"Field":"is_verified","Type":"tinyint(1)","Null":"YES","Key":"","Default":"0","Extra":""},{"Field":"created_at","Type":"timestamp","Null":"NO","Key":"","Default":"current_timestamp()","Extra":""},{"Field":"favorite_sport","Type":"varchar(50)","Null":"YES","Key":"","Default":null,"Extra":""},{"Field":"favorite_team","Type":"varchar(50)","Null":"YES","Key":"","Default":null,"Extra":""},{"Field":"account_type","Type":"enum('user','admin')","Null":"YES","Key":"","Default":"user","Extra":""}]
[23-Apr-2025 08:32:55 Europe/Berlin] Number of users in database: 13
[23-Apr-2025 08:32:55 Europe/Berlin] All tables initialized successfully
[23-Apr-2025 08:32:55 Europe/Berlin] Database tables initialized successfully
[23-Apr-2025 08:32:55 Europe/Berlin] Executing SQL: SELECT * FROM users WHERE id = :id
[23-Apr-2025 08:32:55 Europe/Berlin] With params: {":id":12}
[23-Apr-2025 08:32:55 Europe/Berlin] Query executed successfully. Found 1 rows
[23-Apr-2025 08:32:55 Europe/Berlin] User loaded from session: varunpndey
[23-Apr-2025 08:32:55 Europe/Berlin] Executing SQL: SELECT * FROM users WHERE id = :id
[23-Apr-2025 08:32:55 Europe/Berlin] With params: {":id":12}
[23-Apr-2025 08:32:55 Europe/Berlin] Query executed successfully. Found 1 rows
[23-Apr-2025 08:32:55 Europe/Berlin] Executing SQL: UPDATE matches SET team1 = :team1, team2 = :team2, team1_flag = :team1_flag, team2_flag = :team2_flag, venue = :venue, match_time = :match_time, sport = :sport, status = :status, team1_score = :team1_score, team2_score = :team2_score, team1_wickets = :team1_wickets, team2_wickets = :team2_wickets, team1_overs = :team1_overs, team2_overs = :team2_overs WHERE id = :id
[23-Apr-2025 08:32:55 Europe/Berlin] With params: {":id":"14",":team1":"India",":team2":"England",":team1_flag":"gb",":team2_flag":"gb",":venue":"The Oval, London",":match_time":"2025-06-18T03:00",":sport":"cricket",":status":"completed",":team1_score":"244",":team2_score":"243",":team1_wickets":"7",":team2_wickets":"10",":team1_overs":"20.0",":team2_overs":"19.3"}
[23-Apr-2025 08:32:55 Europe/Berlin] Error in executeQuery: SQLSTATE[42S22]: Column not found: 1054 Unknown column 'team1_flag' in 'field list'
[23-Apr-2025 08:32:55 Europe/Berlin] Error updating match: SQLSTATE[42S22]: Column not found: 1054 Unknown column 'team1_flag' in 'field list'
[23-Apr-2025 08:32:55 Europe/Berlin] Error updating match: Failed to update match: SQLSTATE[42S22]: Column not found: 1054 Unknown column 'team1_flag' in 'field list'
[23-Apr-2025 08:36:40 Europe/Berlin] Connected to database. Tables found: favorites, feedback, matches, news, newsletter, notifications, players, subscriptions, users
[23-Apr-2025 08:36:40 Europe/Berlin] Executing SQL: CREATE TABLE IF NOT EXISTS users (
                id INT AUTO_INCREMENT PRIMARY KEY,
                username VARCHAR(50) NOT NULL UNIQUE,
                password VARCHAR(255) NOT NULL,
                email VARCHAR(100) NOT NULL UNIQUE,
                account_type ENUM('user', 'admin') DEFAULT 'user',
                created_at TIMESTAMP DEFAULT CURRENT_TIMESTAMP
            )
[23-Apr-2025 08:36:40 Europe/Berlin] With params: []
[23-Apr-2025 08:36:40 Europe/Berlin] Query executed successfully. Found 0 rows
[23-Apr-2025 08:36:40 Europe/Berlin] Users table created or already exists
[23-Apr-2025 08:36:40 Europe/Berlin] Users table structure: [{"Field":"id","Type":"int(11)","Null":"NO","Key":"PRI","Default":null,"Extra":"auto_increment"},{"Field":"username","Type":"varchar(50)","Null":"NO","Key":"","Default":null,"Extra":""},{"Field":"email","Type":"varchar(100)","Null":"NO","Key":"UNI","Default":null,"Extra":""},{"Field":"password","Type":"varchar(255)","Null":"NO","Key":"","Default":null,"Extra":""},{"Field":"role","Type":"enum('user','admin')","Null":"YES","Key":"","Default":"user","Extra":""},{"Field":"verification_code","Type":"varchar(100)","Null":"YES","Key":"","Default":null,"Extra":""},{"Field":"is_verified","Type":"tinyint(1)","Null":"YES","Key":"","Default":"0","Extra":""},{"Field":"created_at","Type":"timestamp","Null":"NO","Key":"","Default":"current_timestamp()","Extra":""},{"Field":"favorite_sport","Type":"varchar(50)","Null":"YES","Key":"","Default":null,"Extra":""},{"Field":"favorite_team","Type":"varchar(50)","Null":"YES","Key":"","Default":null,"Extra":""},{"Field":"account_type","Type":"enum('user','admin')","Null":"YES","Key":"","Default":"user","Extra":""}]
[23-Apr-2025 08:36:40 Europe/Berlin] Number of users in database: 13
[23-Apr-2025 08:36:40 Europe/Berlin] All tables initialized successfully
[23-Apr-2025 08:36:40 Europe/Berlin] Connected to database. Tables found: favorites, feedback, matches, news, newsletter, notifications, players, subscriptions, users
[23-Apr-2025 08:36:40 Europe/Berlin] Executing SQL: CREATE TABLE IF NOT EXISTS users (
                id INT AUTO_INCREMENT PRIMARY KEY,
                username VARCHAR(50) NOT NULL UNIQUE,
                password VARCHAR(255) NOT NULL,
                email VARCHAR(100) NOT NULL UNIQUE,
                account_type ENUM('user', 'admin') DEFAULT 'user',
                created_at TIMESTAMP DEFAULT CURRENT_TIMESTAMP
            )
[23-Apr-2025 08:36:40 Europe/Berlin] With params: []
[23-Apr-2025 08:36:40 Europe/Berlin] Query executed successfully. Found 0 rows
[23-Apr-2025 08:36:40 Europe/Berlin] Users table created or already exists
[23-Apr-2025 08:36:40 Europe/Berlin] Users table structure: [{"Field":"id","Type":"int(11)","Null":"NO","Key":"PRI","Default":null,"Extra":"auto_increment"},{"Field":"username","Type":"varchar(50)","Null":"NO","Key":"","Default":null,"Extra":""},{"Field":"email","Type":"varchar(100)","Null":"NO","Key":"UNI","Default":null,"Extra":""},{"Field":"password","Type":"varchar(255)","Null":"NO","Key":"","Default":null,"Extra":""},{"Field":"role","Type":"enum('user','admin')","Null":"YES","Key":"","Default":"user","Extra":""},{"Field":"verification_code","Type":"varchar(100)","Null":"YES","Key":"","Default":null,"Extra":""},{"Field":"is_verified","Type":"tinyint(1)","Null":"YES","Key":"","Default":"0","Extra":""},{"Field":"created_at","Type":"timestamp","Null":"NO","Key":"","Default":"current_timestamp()","Extra":""},{"Field":"favorite_sport","Type":"varchar(50)","Null":"YES","Key":"","Default":null,"Extra":""},{"Field":"favorite_team","Type":"varchar(50)","Null":"YES","Key":"","Default":null,"Extra":""},{"Field":"account_type","Type":"enum('user','admin')","Null":"YES","Key":"","Default":"user","Extra":""}]
[23-Apr-2025 08:36:40 Europe/Berlin] Number of users in database: 13
[23-Apr-2025 08:36:40 Europe/Berlin] All tables initialized successfully
[23-Apr-2025 08:36:40 Europe/Berlin] Database tables initialized successfully
[23-Apr-2025 08:36:40 Europe/Berlin] Executing SQL: SELECT * FROM users WHERE id = :id
[23-Apr-2025 08:36:40 Europe/Berlin] With params: {":id":12}
[23-Apr-2025 08:36:40 Europe/Berlin] Query executed successfully. Found 1 rows
[23-Apr-2025 08:36:40 Europe/Berlin] User loaded from session: varunpndey
[23-Apr-2025 08:36:40 Europe/Berlin] Executing SQL: SELECT * FROM users WHERE id = :id
[23-Apr-2025 08:36:40 Europe/Berlin] With params: {":id":12}
[23-Apr-2025 08:36:40 Europe/Berlin] Query executed successfully. Found 1 rows
[23-Apr-2025 08:36:40 Europe/Berlin] Executing SQL: INSERT INTO news (title, content, category) VALUES (:title, :content, :category)
[23-Apr-2025 08:36:40 Europe/Berlin] With params: {":title":"hjbghiu",":content":"jknoijno ",":category":"football"}
[23-Apr-2025 08:36:40 Europe/Berlin] Query executed successfully. Found 0 rows
[23-Apr-2025 08:36:40 Europe/Berlin] Executing SQL: SELECT * FROM news ORDER BY created_at DESC
[23-Apr-2025 08:36:40 Europe/Berlin] With params: []
[23-Apr-2025 08:36:40 Europe/Berlin] Query executed successfully. Found 11 rows
[23-Apr-2025 08:36:40 Europe/Berlin] Executing SQL: SELECT * FROM feedback ORDER BY created_at DESC
[23-Apr-2025 08:36:40 Europe/Berlin] With params: []
[23-Apr-2025 08:36:40 Europe/Berlin] Query executed successfully. Found 10 rows
[23-Apr-2025 08:36:40 Europe/Berlin] Executing SQL: SELECT * FROM matches WHERE status = 'live'
[23-Apr-2025 08:36:40 Europe/Berlin] With params: []
[23-Apr-2025 08:36:40 Europe/Berlin] Query executed successfully. Found 3 rows
[23-Apr-2025 08:36:40 Europe/Berlin] Executing SQL: SELECT * FROM matches WHERE 1=1 ORDER BY match_time DESC
[23-Apr-2025 08:36:40 Europe/Berlin] With params: []
[23-Apr-2025 08:36:40 Europe/Berlin] Query executed successfully. Found 18 rows
[23-Apr-2025 08:36:40 Europe/Berlin] PHP Warning:  Undefined array key "status" in /Applications/XAMPP/xamppfiles/htdocs/sportsync/public/admin.php on line 943
[23-Apr-2025 08:36:40 Europe/Berlin] PHP Warning:  Undefined array key "status" in /Applications/XAMPP/xamppfiles/htdocs/sportsync/public/admin.php on line 944
[23-Apr-2025 08:36:40 Europe/Berlin] PHP Warning:  Undefined array key "status" in /Applications/XAMPP/xamppfiles/htdocs/sportsync/public/admin.php on line 945
[23-Apr-2025 08:36:40 Europe/Berlin] PHP Warning:  Undefined array key "status" in /Applications/XAMPP/xamppfiles/htdocs/sportsync/public/admin.php on line 943
[23-Apr-2025 08:36:40 Europe/Berlin] PHP Warning:  Undefined array key "status" in /Applications/XAMPP/xamppfiles/htdocs/sportsync/public/admin.php on line 944
[23-Apr-2025 08:36:40 Europe/Berlin] PHP Warning:  Undefined array key "status" in /Applications/XAMPP/xamppfiles/htdocs/sportsync/public/admin.php on line 945
[23-Apr-2025 08:36:40 Europe/Berlin] PHP Warning:  Undefined array key "status" in /Applications/XAMPP/xamppfiles/htdocs/sportsync/public/admin.php on line 943
[23-Apr-2025 08:36:40 Europe/Berlin] PHP Warning:  Undefined array key "status" in /Applications/XAMPP/xamppfiles/htdocs/sportsync/public/admin.php on line 944
[23-Apr-2025 08:36:40 Europe/Berlin] PHP Warning:  Undefined array key "status" in /Applications/XAMPP/xamppfiles/htdocs/sportsync/public/admin.php on line 945
[23-Apr-2025 08:36:40 Europe/Berlin] PHP Warning:  Undefined array key "status" in /Applications/XAMPP/xamppfiles/htdocs/sportsync/public/admin.php on line 943
[23-Apr-2025 08:36:40 Europe/Berlin] PHP Warning:  Undefined array key "status" in /Applications/XAMPP/xamppfiles/htdocs/sportsync/public/admin.php on line 944
[23-Apr-2025 08:36:40 Europe/Berlin] PHP Warning:  Undefined array key "status" in /Applications/XAMPP/xamppfiles/htdocs/sportsync/public/admin.php on line 945
[23-Apr-2025 08:36:40 Europe/Berlin] PHP Warning:  Undefined array key "status" in /Applications/XAMPP/xamppfiles/htdocs/sportsync/public/admin.php on line 943
[23-Apr-2025 08:36:40 Europe/Berlin] PHP Warning:  Undefined array key "status" in /Applications/XAMPP/xamppfiles/htdocs/sportsync/public/admin.php on line 944
[23-Apr-2025 08:36:40 Europe/Berlin] PHP Warning:  Undefined array key "status" in /Applications/XAMPP/xamppfiles/htdocs/sportsync/public/admin.php on line 945
[23-Apr-2025 08:36:40 Europe/Berlin] PHP Warning:  Undefined array key "status" in /Applications/XAMPP/xamppfiles/htdocs/sportsync/public/admin.php on line 943
[23-Apr-2025 08:36:40 Europe/Berlin] PHP Warning:  Undefined array key "status" in /Applications/XAMPP/xamppfiles/htdocs/sportsync/public/admin.php on line 944
[23-Apr-2025 08:36:40 Europe/Berlin] PHP Warning:  Undefined array key "status" in /Applications/XAMPP/xamppfiles/htdocs/sportsync/public/admin.php on line 945
[23-Apr-2025 08:36:40 Europe/Berlin] PHP Warning:  Undefined array key "status" in /Applications/XAMPP/xamppfiles/htdocs/sportsync/public/admin.php on line 943
[23-Apr-2025 08:36:40 Europe/Berlin] PHP Warning:  Undefined array key "status" in /Applications/XAMPP/xamppfiles/htdocs/sportsync/public/admin.php on line 944
[23-Apr-2025 08:36:40 Europe/Berlin] PHP Warning:  Undefined array key "status" in /Applications/XAMPP/xamppfiles/htdocs/sportsync/public/admin.php on line 945
[23-Apr-2025 08:36:40 Europe/Berlin] PHP Warning:  Undefined array key "status" in /Applications/XAMPP/xamppfiles/htdocs/sportsync/public/admin.php on line 943
[23-Apr-2025 08:36:40 Europe/Berlin] PHP Warning:  Undefined array key "status" in /Applications/XAMPP/xamppfiles/htdocs/sportsync/public/admin.php on line 944
[23-Apr-2025 08:36:40 Europe/Berlin] PHP Warning:  Undefined array key "status" in /Applications/XAMPP/xamppfiles/htdocs/sportsync/public/admin.php on line 945
[23-Apr-2025 08:36:40 Europe/Berlin] PHP Warning:  Undefined array key "status" in /Applications/XAMPP/xamppfiles/htdocs/sportsync/public/admin.php on line 943
[23-Apr-2025 08:36:40 Europe/Berlin] PHP Warning:  Undefined array key "status" in /Applications/XAMPP/xamppfiles/htdocs/sportsync/public/admin.php on line 944
[23-Apr-2025 08:36:40 Europe/Berlin] PHP Warning:  Undefined array key "status" in /Applications/XAMPP/xamppfiles/htdocs/sportsync/public/admin.php on line 945
[23-Apr-2025 08:36:40 Europe/Berlin] PHP Warning:  Undefined array key "status" in /Applications/XAMPP/xamppfiles/htdocs/sportsync/public/admin.php on line 943
[23-Apr-2025 08:36:40 Europe/Berlin] PHP Warning:  Undefined array key "status" in /Applications/XAMPP/xamppfiles/htdocs/sportsync/public/admin.php on line 944
[23-Apr-2025 08:36:40 Europe/Berlin] PHP Warning:  Undefined array key "status" in /Applications/XAMPP/xamppfiles/htdocs/sportsync/public/admin.php on line 945
[23-Apr-2025 08:36:47 Europe/Berlin] Connected to database. Tables found: favorites, feedback, matches, news, newsletter, notifications, players, subscriptions, users
[23-Apr-2025 08:36:47 Europe/Berlin] Executing SQL: CREATE TABLE IF NOT EXISTS users (
                id INT AUTO_INCREMENT PRIMARY KEY,
                username VARCHAR(50) NOT NULL UNIQUE,
                password VARCHAR(255) NOT NULL,
                email VARCHAR(100) NOT NULL UNIQUE,
                account_type ENUM('user', 'admin') DEFAULT 'user',
                created_at TIMESTAMP DEFAULT CURRENT_TIMESTAMP
            )
[23-Apr-2025 08:36:47 Europe/Berlin] With params: []
[23-Apr-2025 08:36:47 Europe/Berlin] Query executed successfully. Found 0 rows
[23-Apr-2025 08:36:47 Europe/Berlin] Users table created or already exists
[23-Apr-2025 08:36:47 Europe/Berlin] Users table structure: [{"Field":"id","Type":"int(11)","Null":"NO","Key":"PRI","Default":null,"Extra":"auto_increment"},{"Field":"username","Type":"varchar(50)","Null":"NO","Key":"","Default":null,"Extra":""},{"Field":"email","Type":"varchar(100)","Null":"NO","Key":"UNI","Default":null,"Extra":""},{"Field":"password","Type":"varchar(255)","Null":"NO","Key":"","Default":null,"Extra":""},{"Field":"role","Type":"enum('user','admin')","Null":"YES","Key":"","Default":"user","Extra":""},{"Field":"verification_code","Type":"varchar(100)","Null":"YES","Key":"","Default":null,"Extra":""},{"Field":"is_verified","Type":"tinyint(1)","Null":"YES","Key":"","Default":"0","Extra":""},{"Field":"created_at","Type":"timestamp","Null":"NO","Key":"","Default":"current_timestamp()","Extra":""},{"Field":"favorite_sport","Type":"varchar(50)","Null":"YES","Key":"","Default":null,"Extra":""},{"Field":"favorite_team","Type":"varchar(50)","Null":"YES","Key":"","Default":null,"Extra":""},{"Field":"account_type","Type":"enum('user','admin')","Null":"YES","Key":"","Default":"user","Extra":""}]
[23-Apr-2025 08:36:47 Europe/Berlin] Number of users in database: 13
[23-Apr-2025 08:36:47 Europe/Berlin] All tables initialized successfully
[23-Apr-2025 08:36:47 Europe/Berlin] Executing SQL: SELECT * FROM matches WHERE id = :id
[23-Apr-2025 08:36:47 Europe/Berlin] With params: {":id":"23"}
[23-Apr-2025 08:36:47 Europe/Berlin] Query executed successfully. Found 1 rows
[23-Apr-2025 08:36:47 Europe/Berlin] Executing SQL: DELETE FROM matches WHERE id = :id
[23-Apr-2025 08:36:47 Europe/Berlin] With params: {":id":"23"}
[23-Apr-2025 08:36:47 Europe/Berlin] Query executed successfully. Found 0 rows
[23-Apr-2025 08:36:58 Europe/Berlin] Connected to database. Tables found: favorites, feedback, matches, news, newsletter, notifications, players, subscriptions, users
[23-Apr-2025 08:36:58 Europe/Berlin] Executing SQL: CREATE TABLE IF NOT EXISTS users (
                id INT AUTO_INCREMENT PRIMARY KEY,
                username VARCHAR(50) NOT NULL UNIQUE,
                password VARCHAR(255) NOT NULL,
                email VARCHAR(100) NOT NULL UNIQUE,
                account_type ENUM('user', 'admin') DEFAULT 'user',
                created_at TIMESTAMP DEFAULT CURRENT_TIMESTAMP
            )
[23-Apr-2025 08:36:58 Europe/Berlin] With params: []
[23-Apr-2025 08:36:58 Europe/Berlin] Query executed successfully. Found 0 rows
[23-Apr-2025 08:36:58 Europe/Berlin] Users table created or already exists
[23-Apr-2025 08:36:58 Europe/Berlin] Users table structure: [{"Field":"id","Type":"int(11)","Null":"NO","Key":"PRI","Default":null,"Extra":"auto_increment"},{"Field":"username","Type":"varchar(50)","Null":"NO","Key":"","Default":null,"Extra":""},{"Field":"email","Type":"varchar(100)","Null":"NO","Key":"UNI","Default":null,"Extra":""},{"Field":"password","Type":"varchar(255)","Null":"NO","Key":"","Default":null,"Extra":""},{"Field":"role","Type":"enum('user','admin')","Null":"YES","Key":"","Default":"user","Extra":""},{"Field":"verification_code","Type":"varchar(100)","Null":"YES","Key":"","Default":null,"Extra":""},{"Field":"is_verified","Type":"tinyint(1)","Null":"YES","Key":"","Default":"0","Extra":""},{"Field":"created_at","Type":"timestamp","Null":"NO","Key":"","Default":"current_timestamp()","Extra":""},{"Field":"favorite_sport","Type":"varchar(50)","Null":"YES","Key":"","Default":null,"Extra":""},{"Field":"favorite_team","Type":"varchar(50)","Null":"YES","Key":"","Default":null,"Extra":""},{"Field":"account_type","Type":"enum('user','admin')","Null":"YES","Key":"","Default":"user","Extra":""}]
[23-Apr-2025 08:36:58 Europe/Berlin] Number of users in database: 13
[23-Apr-2025 08:36:58 Europe/Berlin] All tables initialized successfully
[23-Apr-2025 08:36:58 Europe/Berlin] Connected to database. Tables found: favorites, feedback, matches, news, newsletter, notifications, players, subscriptions, users
[23-Apr-2025 08:36:58 Europe/Berlin] Executing SQL: CREATE TABLE IF NOT EXISTS users (
                id INT AUTO_INCREMENT PRIMARY KEY,
                username VARCHAR(50) NOT NULL UNIQUE,
                password VARCHAR(255) NOT NULL,
                email VARCHAR(100) NOT NULL UNIQUE,
                account_type ENUM('user', 'admin') DEFAULT 'user',
                created_at TIMESTAMP DEFAULT CURRENT_TIMESTAMP
            )
[23-Apr-2025 08:36:58 Europe/Berlin] With params: []
[23-Apr-2025 08:36:58 Europe/Berlin] Query executed successfully. Found 0 rows
[23-Apr-2025 08:36:58 Europe/Berlin] Users table created or already exists
[23-Apr-2025 08:36:58 Europe/Berlin] Users table structure: [{"Field":"id","Type":"int(11)","Null":"NO","Key":"PRI","Default":null,"Extra":"auto_increment"},{"Field":"username","Type":"varchar(50)","Null":"NO","Key":"","Default":null,"Extra":""},{"Field":"email","Type":"varchar(100)","Null":"NO","Key":"UNI","Default":null,"Extra":""},{"Field":"password","Type":"varchar(255)","Null":"NO","Key":"","Default":null,"Extra":""},{"Field":"role","Type":"enum('user','admin')","Null":"YES","Key":"","Default":"user","Extra":""},{"Field":"verification_code","Type":"varchar(100)","Null":"YES","Key":"","Default":null,"Extra":""},{"Field":"is_verified","Type":"tinyint(1)","Null":"YES","Key":"","Default":"0","Extra":""},{"Field":"created_at","Type":"timestamp","Null":"NO","Key":"","Default":"current_timestamp()","Extra":""},{"Field":"favorite_sport","Type":"varchar(50)","Null":"YES","Key":"","Default":null,"Extra":""},{"Field":"favorite_team","Type":"varchar(50)","Null":"YES","Key":"","Default":null,"Extra":""},{"Field":"account_type","Type":"enum('user','admin')","Null":"YES","Key":"","Default":"user","Extra":""}]
[23-Apr-2025 08:36:58 Europe/Berlin] Number of users in database: 13
[23-Apr-2025 08:36:58 Europe/Berlin] All tables initialized successfully
[23-Apr-2025 08:36:58 Europe/Berlin] Database tables initialized successfully
[23-Apr-2025 08:36:58 Europe/Berlin] Executing SQL: SELECT * FROM users WHERE id = :id
[23-Apr-2025 08:36:58 Europe/Berlin] With params: {":id":12}
[23-Apr-2025 08:36:58 Europe/Berlin] Query executed successfully. Found 1 rows
[23-Apr-2025 08:36:58 Europe/Berlin] User loaded from session: varunpndey
[23-Apr-2025 08:36:58 Europe/Berlin] Executing SQL: SELECT * FROM users WHERE id = :id
[23-Apr-2025 08:36:58 Europe/Berlin] With params: {":id":12}
[23-Apr-2025 08:36:58 Europe/Berlin] Query executed successfully. Found 1 rows
[23-Apr-2025 08:36:58 Europe/Berlin] Executing SQL: UPDATE matches SET team1 = :team1, team2 = :team2, team1_flag = :team1_flag, team2_flag = :team2_flag, venue = :venue, match_time = :match_time, sport = :sport, status = :status, team1_score = :team1_score, team2_score = :team2_score, team1_shots = :team1_shots, team2_shots = :team2_shots, team1_possession = :team1_possession, team2_possession = :team2_possession WHERE id = :id
[23-Apr-2025 08:36:58 Europe/Berlin] With params: {":id":"21",":team1":"Croatia",":team2":"Argentina",":team1_flag":"gb",":team2_flag":"gb",":venue":"Lusail Iconic Stadium, Qatar",":match_time":"2023-12-13T16:30",":sport":"football",":status":"completed",":team1_score":"0",":team2_score":"0",":team1_shots":"0",":team2_shots":"0",":team1_possession":"50",":team2_possession":"50"}
[23-Apr-2025 08:36:58 Europe/Berlin] Error in executeQuery: SQLSTATE[42S22]: Column not found: 1054 Unknown column 'team1_flag' in 'field list'
[23-Apr-2025 08:36:58 Europe/Berlin] Error updating match: SQLSTATE[42S22]: Column not found: 1054 Unknown column 'team1_flag' in 'field list'
[23-Apr-2025 08:36:58 Europe/Berlin] Error updating match: Failed to update match: SQLSTATE[42S22]: Column not found: 1054 Unknown column 'team1_flag' in 'field list'
[23-Apr-2025 08:37:29 Europe/Berlin] Connected to database. Tables found: favorites, feedback, matches, news, newsletter, notifications, players, subscriptions, users
[23-Apr-2025 08:37:29 Europe/Berlin] Executing SQL: CREATE TABLE IF NOT EXISTS users (
                id INT AUTO_INCREMENT PRIMARY KEY,
                username VARCHAR(50) NOT NULL UNIQUE,
                password VARCHAR(255) NOT NULL,
                email VARCHAR(100) NOT NULL UNIQUE,
                account_type ENUM('user', 'admin') DEFAULT 'user',
                created_at TIMESTAMP DEFAULT CURRENT_TIMESTAMP
            )
[23-Apr-2025 08:37:29 Europe/Berlin] With params: []
[23-Apr-2025 08:37:29 Europe/Berlin] Query executed successfully. Found 0 rows
[23-Apr-2025 08:37:29 Europe/Berlin] Users table created or already exists
[23-Apr-2025 08:37:29 Europe/Berlin] Users table structure: [{"Field":"id","Type":"int(11)","Null":"NO","Key":"PRI","Default":null,"Extra":"auto_increment"},{"Field":"username","Type":"varchar(50)","Null":"NO","Key":"","Default":null,"Extra":""},{"Field":"email","Type":"varchar(100)","Null":"NO","Key":"UNI","Default":null,"Extra":""},{"Field":"password","Type":"varchar(255)","Null":"NO","Key":"","Default":null,"Extra":""},{"Field":"role","Type":"enum('user','admin')","Null":"YES","Key":"","Default":"user","Extra":""},{"Field":"verification_code","Type":"varchar(100)","Null":"YES","Key":"","Default":null,"Extra":""},{"Field":"is_verified","Type":"tinyint(1)","Null":"YES","Key":"","Default":"0","Extra":""},{"Field":"created_at","Type":"timestamp","Null":"NO","Key":"","Default":"current_timestamp()","Extra":""},{"Field":"favorite_sport","Type":"varchar(50)","Null":"YES","Key":"","Default":null,"Extra":""},{"Field":"favorite_team","Type":"varchar(50)","Null":"YES","Key":"","Default":null,"Extra":""},{"Field":"account_type","Type":"enum('user','admin')","Null":"YES","Key":"","Default":"user","Extra":""}]
[23-Apr-2025 08:37:29 Europe/Berlin] Number of users in database: 13
[23-Apr-2025 08:37:29 Europe/Berlin] All tables initialized successfully
[23-Apr-2025 08:37:29 Europe/Berlin] Executing SQL: INSERT INTO matches (team1, team2, venue, match_time, sport, status) 
                    VALUES (:team1, :team2, :venue, :match_time, :sport, :status)
[23-Apr-2025 08:37:29 Europe/Berlin] With params: {":team1":"India",":team2":"England",":venue":"The Oval, London",":match_time":"2025-04-24T17:12",":sport":"football",":status":"upcoming"}
[23-Apr-2025 08:37:29 Europe/Berlin] Query executed successfully. Found 0 rows
[23-Apr-2025 08:37:53 Europe/Berlin] Connected to database. Tables found: favorites, feedback, matches, news, newsletter, notifications, players, subscriptions, users
[23-Apr-2025 08:37:53 Europe/Berlin] Executing SQL: CREATE TABLE IF NOT EXISTS users (
                id INT AUTO_INCREMENT PRIMARY KEY,
                username VARCHAR(50) NOT NULL UNIQUE,
                password VARCHAR(255) NOT NULL,
                email VARCHAR(100) NOT NULL UNIQUE,
                account_type ENUM('user', 'admin') DEFAULT 'user',
                created_at TIMESTAMP DEFAULT CURRENT_TIMESTAMP
            )
[23-Apr-2025 08:37:53 Europe/Berlin] With params: []
[23-Apr-2025 08:37:53 Europe/Berlin] Query executed successfully. Found 0 rows
[23-Apr-2025 08:37:53 Europe/Berlin] Users table created or already exists
[23-Apr-2025 08:37:53 Europe/Berlin] Users table structure: [{"Field":"id","Type":"int(11)","Null":"NO","Key":"PRI","Default":null,"Extra":"auto_increment"},{"Field":"username","Type":"varchar(50)","Null":"NO","Key":"","Default":null,"Extra":""},{"Field":"email","Type":"varchar(100)","Null":"NO","Key":"UNI","Default":null,"Extra":""},{"Field":"password","Type":"varchar(255)","Null":"NO","Key":"","Default":null,"Extra":""},{"Field":"role","Type":"enum('user','admin')","Null":"YES","Key":"","Default":"user","Extra":""},{"Field":"verification_code","Type":"varchar(100)","Null":"YES","Key":"","Default":null,"Extra":""},{"Field":"is_verified","Type":"tinyint(1)","Null":"YES","Key":"","Default":"0","Extra":""},{"Field":"created_at","Type":"timestamp","Null":"NO","Key":"","Default":"current_timestamp()","Extra":""},{"Field":"favorite_sport","Type":"varchar(50)","Null":"YES","Key":"","Default":null,"Extra":""},{"Field":"favorite_team","Type":"varchar(50)","Null":"YES","Key":"","Default":null,"Extra":""},{"Field":"account_type","Type":"enum('user','admin')","Null":"YES","Key":"","Default":"user","Extra":""}]
[23-Apr-2025 08:37:53 Europe/Berlin] Number of users in database: 13
[23-Apr-2025 08:37:53 Europe/Berlin] All tables initialized successfully
[23-Apr-2025 08:37:53 Europe/Berlin] Executing SQL: INSERT INTO matches (team1, team2, venue, match_time, sport, status) 
                    VALUES (:team1, :team2, :venue, :match_time, :sport, :status)
[23-Apr-2025 08:37:53 Europe/Berlin] With params: {":team1":"India",":team2":"England",":venue":"The Oval, London",":match_time":"2025-04-24T17:12",":sport":"football",":status":"upcoming"}
[23-Apr-2025 08:37:53 Europe/Berlin] Query executed successfully. Found 0 rows
[23-Apr-2025 08:44:46 Europe/Berlin] Connected to database. Tables found: favorites, feedback, matches, news, newsletter, notifications, players, subscriptions, users
[23-Apr-2025 08:44:46 Europe/Berlin] Executing SQL: CREATE TABLE IF NOT EXISTS users (
                id INT AUTO_INCREMENT PRIMARY KEY,
                username VARCHAR(50) NOT NULL UNIQUE,
                password VARCHAR(255) NOT NULL,
                email VARCHAR(100) NOT NULL UNIQUE,
                account_type ENUM('user', 'admin') DEFAULT 'user',
                created_at TIMESTAMP DEFAULT CURRENT_TIMESTAMP
            )
[23-Apr-2025 08:44:46 Europe/Berlin] With params: []
[23-Apr-2025 08:44:46 Europe/Berlin] Query executed successfully. Found 0 rows
[23-Apr-2025 08:44:46 Europe/Berlin] Users table created or already exists
[23-Apr-2025 08:44:46 Europe/Berlin] Users table structure: [{"Field":"id","Type":"int(11)","Null":"NO","Key":"PRI","Default":null,"Extra":"auto_increment"},{"Field":"username","Type":"varchar(50)","Null":"NO","Key":"","Default":null,"Extra":""},{"Field":"email","Type":"varchar(100)","Null":"NO","Key":"UNI","Default":null,"Extra":""},{"Field":"password","Type":"varchar(255)","Null":"NO","Key":"","Default":null,"Extra":""},{"Field":"role","Type":"enum('user','admin')","Null":"YES","Key":"","Default":"user","Extra":""},{"Field":"verification_code","Type":"varchar(100)","Null":"YES","Key":"","Default":null,"Extra":""},{"Field":"is_verified","Type":"tinyint(1)","Null":"YES","Key":"","Default":"0","Extra":""},{"Field":"created_at","Type":"timestamp","Null":"NO","Key":"","Default":"current_timestamp()","Extra":""},{"Field":"favorite_sport","Type":"varchar(50)","Null":"YES","Key":"","Default":null,"Extra":""},{"Field":"favorite_team","Type":"varchar(50)","Null":"YES","Key":"","Default":null,"Extra":""},{"Field":"account_type","Type":"enum('user','admin')","Null":"YES","Key":"","Default":"user","Extra":""}]
[23-Apr-2025 08:44:46 Europe/Berlin] Number of users in database: 13
[23-Apr-2025 08:44:46 Europe/Berlin] All tables initialized successfully
[23-Apr-2025 08:44:46 Europe/Berlin] Connected to database. Tables found: favorites, feedback, matches, news, newsletter, notifications, players, subscriptions, users
[23-Apr-2025 08:44:46 Europe/Berlin] Executing SQL: CREATE TABLE IF NOT EXISTS users (
                id INT AUTO_INCREMENT PRIMARY KEY,
                username VARCHAR(50) NOT NULL UNIQUE,
                password VARCHAR(255) NOT NULL,
                email VARCHAR(100) NOT NULL UNIQUE,
                account_type ENUM('user', 'admin') DEFAULT 'user',
                created_at TIMESTAMP DEFAULT CURRENT_TIMESTAMP
            )
[23-Apr-2025 08:44:46 Europe/Berlin] With params: []
[23-Apr-2025 08:44:46 Europe/Berlin] Query executed successfully. Found 0 rows
[23-Apr-2025 08:44:46 Europe/Berlin] Users table created or already exists
[23-Apr-2025 08:44:46 Europe/Berlin] Users table structure: [{"Field":"id","Type":"int(11)","Null":"NO","Key":"PRI","Default":null,"Extra":"auto_increment"},{"Field":"username","Type":"varchar(50)","Null":"NO","Key":"","Default":null,"Extra":""},{"Field":"email","Type":"varchar(100)","Null":"NO","Key":"UNI","Default":null,"Extra":""},{"Field":"password","Type":"varchar(255)","Null":"NO","Key":"","Default":null,"Extra":""},{"Field":"role","Type":"enum('user','admin')","Null":"YES","Key":"","Default":"user","Extra":""},{"Field":"verification_code","Type":"varchar(100)","Null":"YES","Key":"","Default":null,"Extra":""},{"Field":"is_verified","Type":"tinyint(1)","Null":"YES","Key":"","Default":"0","Extra":""},{"Field":"created_at","Type":"timestamp","Null":"NO","Key":"","Default":"current_timestamp()","Extra":""},{"Field":"favorite_sport","Type":"varchar(50)","Null":"YES","Key":"","Default":null,"Extra":""},{"Field":"favorite_team","Type":"varchar(50)","Null":"YES","Key":"","Default":null,"Extra":""},{"Field":"account_type","Type":"enum('user','admin')","Null":"YES","Key":"","Default":"user","Extra":""}]
[23-Apr-2025 08:44:46 Europe/Berlin] Number of users in database: 13
[23-Apr-2025 08:44:46 Europe/Berlin] All tables initialized successfully
[23-Apr-2025 08:44:46 Europe/Berlin] Database tables initialized successfully
[23-Apr-2025 08:44:46 Europe/Berlin] Executing SQL: SELECT * FROM users WHERE id = :id
[23-Apr-2025 08:44:46 Europe/Berlin] With params: {":id":12}
[23-Apr-2025 08:44:46 Europe/Berlin] Query executed successfully. Found 1 rows
[23-Apr-2025 08:44:46 Europe/Berlin] User loaded from session: varunpndey
[23-Apr-2025 08:44:46 Europe/Berlin] Executing SQL: SELECT * FROM users WHERE id = :id
[23-Apr-2025 08:44:46 Europe/Berlin] With params: {":id":12}
[23-Apr-2025 08:44:46 Europe/Berlin] Query executed successfully. Found 1 rows
[23-Apr-2025 08:44:46 Europe/Berlin] Executing SQL: INSERT INTO news (title, content, category) VALUES (:title, :content, :category)
[23-Apr-2025 08:44:46 Europe/Berlin] With params: {":title":"hjbghiu",":content":"jknoijno ",":category":"football"}
[23-Apr-2025 08:44:46 Europe/Berlin] Query executed successfully. Found 0 rows
[23-Apr-2025 08:44:46 Europe/Berlin] Executing SQL: SELECT * FROM news ORDER BY created_at DESC
[23-Apr-2025 08:44:46 Europe/Berlin] With params: []
[23-Apr-2025 08:44:46 Europe/Berlin] Query executed successfully. Found 12 rows
[23-Apr-2025 08:44:46 Europe/Berlin] Executing SQL: SELECT * FROM feedback ORDER BY created_at DESC
[23-Apr-2025 08:44:46 Europe/Berlin] With params: []
[23-Apr-2025 08:44:46 Europe/Berlin] Query executed successfully. Found 10 rows
[23-Apr-2025 08:44:46 Europe/Berlin] Executing SQL: SELECT * FROM matches WHERE status = 'live'
[23-Apr-2025 08:44:46 Europe/Berlin] With params: []
[23-Apr-2025 08:44:46 Europe/Berlin] Query executed successfully. Found 3 rows
[23-Apr-2025 08:44:46 Europe/Berlin] Executing SQL: SELECT * FROM matches WHERE 1=1 ORDER BY match_time DESC
[23-Apr-2025 08:44:46 Europe/Berlin] With params: []
[23-Apr-2025 08:44:46 Europe/Berlin] Query executed successfully. Found 19 rows
[23-Apr-2025 08:44:46 Europe/Berlin] PHP Warning:  Undefined array key "status" in /Applications/XAMPP/xamppfiles/htdocs/sportsync/public/admin.php on line 867
[23-Apr-2025 08:44:46 Europe/Berlin] PHP Warning:  Undefined array key "status" in /Applications/XAMPP/xamppfiles/htdocs/sportsync/public/admin.php on line 868
[23-Apr-2025 08:44:46 Europe/Berlin] PHP Warning:  Undefined array key "status" in /Applications/XAMPP/xamppfiles/htdocs/sportsync/public/admin.php on line 869
[23-Apr-2025 08:44:46 Europe/Berlin] PHP Warning:  Undefined array key "status" in /Applications/XAMPP/xamppfiles/htdocs/sportsync/public/admin.php on line 867
[23-Apr-2025 08:44:46 Europe/Berlin] PHP Warning:  Undefined array key "status" in /Applications/XAMPP/xamppfiles/htdocs/sportsync/public/admin.php on line 868
[23-Apr-2025 08:44:46 Europe/Berlin] PHP Warning:  Undefined array key "status" in /Applications/XAMPP/xamppfiles/htdocs/sportsync/public/admin.php on line 869
[23-Apr-2025 08:44:46 Europe/Berlin] PHP Warning:  Undefined array key "status" in /Applications/XAMPP/xamppfiles/htdocs/sportsync/public/admin.php on line 867
[23-Apr-2025 08:44:46 Europe/Berlin] PHP Warning:  Undefined array key "status" in /Applications/XAMPP/xamppfiles/htdocs/sportsync/public/admin.php on line 868
[23-Apr-2025 08:44:46 Europe/Berlin] PHP Warning:  Undefined array key "status" in /Applications/XAMPP/xamppfiles/htdocs/sportsync/public/admin.php on line 869
[23-Apr-2025 08:44:46 Europe/Berlin] PHP Warning:  Undefined array key "status" in /Applications/XAMPP/xamppfiles/htdocs/sportsync/public/admin.php on line 867
[23-Apr-2025 08:44:46 Europe/Berlin] PHP Warning:  Undefined array key "status" in /Applications/XAMPP/xamppfiles/htdocs/sportsync/public/admin.php on line 868
[23-Apr-2025 08:44:46 Europe/Berlin] PHP Warning:  Undefined array key "status" in /Applications/XAMPP/xamppfiles/htdocs/sportsync/public/admin.php on line 869
[23-Apr-2025 08:44:46 Europe/Berlin] PHP Warning:  Undefined array key "status" in /Applications/XAMPP/xamppfiles/htdocs/sportsync/public/admin.php on line 867
[23-Apr-2025 08:44:46 Europe/Berlin] PHP Warning:  Undefined array key "status" in /Applications/XAMPP/xamppfiles/htdocs/sportsync/public/admin.php on line 868
[23-Apr-2025 08:44:46 Europe/Berlin] PHP Warning:  Undefined array key "status" in /Applications/XAMPP/xamppfiles/htdocs/sportsync/public/admin.php on line 869
[23-Apr-2025 08:44:46 Europe/Berlin] PHP Warning:  Undefined array key "status" in /Applications/XAMPP/xamppfiles/htdocs/sportsync/public/admin.php on line 867
[23-Apr-2025 08:44:46 Europe/Berlin] PHP Warning:  Undefined array key "status" in /Applications/XAMPP/xamppfiles/htdocs/sportsync/public/admin.php on line 868
[23-Apr-2025 08:44:46 Europe/Berlin] PHP Warning:  Undefined array key "status" in /Applications/XAMPP/xamppfiles/htdocs/sportsync/public/admin.php on line 869
[23-Apr-2025 08:44:46 Europe/Berlin] PHP Warning:  Undefined array key "status" in /Applications/XAMPP/xamppfiles/htdocs/sportsync/public/admin.php on line 867
[23-Apr-2025 08:44:46 Europe/Berlin] PHP Warning:  Undefined array key "status" in /Applications/XAMPP/xamppfiles/htdocs/sportsync/public/admin.php on line 868
[23-Apr-2025 08:44:46 Europe/Berlin] PHP Warning:  Undefined array key "status" in /Applications/XAMPP/xamppfiles/htdocs/sportsync/public/admin.php on line 869
[23-Apr-2025 08:44:46 Europe/Berlin] PHP Warning:  Undefined array key "status" in /Applications/XAMPP/xamppfiles/htdocs/sportsync/public/admin.php on line 867
[23-Apr-2025 08:44:46 Europe/Berlin] PHP Warning:  Undefined array key "status" in /Applications/XAMPP/xamppfiles/htdocs/sportsync/public/admin.php on line 868
[23-Apr-2025 08:44:46 Europe/Berlin] PHP Warning:  Undefined array key "status" in /Applications/XAMPP/xamppfiles/htdocs/sportsync/public/admin.php on line 869
[23-Apr-2025 08:44:46 Europe/Berlin] PHP Warning:  Undefined array key "status" in /Applications/XAMPP/xamppfiles/htdocs/sportsync/public/admin.php on line 867
[23-Apr-2025 08:44:46 Europe/Berlin] PHP Warning:  Undefined array key "status" in /Applications/XAMPP/xamppfiles/htdocs/sportsync/public/admin.php on line 868
[23-Apr-2025 08:44:46 Europe/Berlin] PHP Warning:  Undefined array key "status" in /Applications/XAMPP/xamppfiles/htdocs/sportsync/public/admin.php on line 869
[23-Apr-2025 08:44:46 Europe/Berlin] PHP Warning:  Undefined array key "status" in /Applications/XAMPP/xamppfiles/htdocs/sportsync/public/admin.php on line 867
[23-Apr-2025 08:44:46 Europe/Berlin] PHP Warning:  Undefined array key "status" in /Applications/XAMPP/xamppfiles/htdocs/sportsync/public/admin.php on line 868
[23-Apr-2025 08:44:46 Europe/Berlin] PHP Warning:  Undefined array key "status" in /Applications/XAMPP/xamppfiles/htdocs/sportsync/public/admin.php on line 869
[23-Apr-2025 08:45:22 Europe/Berlin] Connected to database. Tables found: favorites, feedback, matches, news, newsletter, notifications, players, subscriptions, users
[23-Apr-2025 08:45:22 Europe/Berlin] Executing SQL: CREATE TABLE IF NOT EXISTS users (
                id INT AUTO_INCREMENT PRIMARY KEY,
                username VARCHAR(50) NOT NULL UNIQUE,
                password VARCHAR(255) NOT NULL,
                email VARCHAR(100) NOT NULL UNIQUE,
                account_type ENUM('user', 'admin') DEFAULT 'user',
                created_at TIMESTAMP DEFAULT CURRENT_TIMESTAMP
            )
[23-Apr-2025 08:45:22 Europe/Berlin] With params: []
[23-Apr-2025 08:45:22 Europe/Berlin] Query executed successfully. Found 0 rows
[23-Apr-2025 08:45:22 Europe/Berlin] Users table created or already exists
[23-Apr-2025 08:45:22 Europe/Berlin] Users table structure: [{"Field":"id","Type":"int(11)","Null":"NO","Key":"PRI","Default":null,"Extra":"auto_increment"},{"Field":"username","Type":"varchar(50)","Null":"NO","Key":"","Default":null,"Extra":""},{"Field":"email","Type":"varchar(100)","Null":"NO","Key":"UNI","Default":null,"Extra":""},{"Field":"password","Type":"varchar(255)","Null":"NO","Key":"","Default":null,"Extra":""},{"Field":"role","Type":"enum('user','admin')","Null":"YES","Key":"","Default":"user","Extra":""},{"Field":"verification_code","Type":"varchar(100)","Null":"YES","Key":"","Default":null,"Extra":""},{"Field":"is_verified","Type":"tinyint(1)","Null":"YES","Key":"","Default":"0","Extra":""},{"Field":"created_at","Type":"timestamp","Null":"NO","Key":"","Default":"current_timestamp()","Extra":""},{"Field":"favorite_sport","Type":"varchar(50)","Null":"YES","Key":"","Default":null,"Extra":""},{"Field":"favorite_team","Type":"varchar(50)","Null":"YES","Key":"","Default":null,"Extra":""},{"Field":"account_type","Type":"enum('user','admin')","Null":"YES","Key":"","Default":"user","Extra":""}]
[23-Apr-2025 08:45:22 Europe/Berlin] Number of users in database: 13
[23-Apr-2025 08:45:22 Europe/Berlin] All tables initialized successfully
[23-Apr-2025 08:45:22 Europe/Berlin] Executing SQL: INSERT INTO matches (team1, team2, venue, match_time, sport, status) 
                    VALUES (:team1, :team2, :venue, :match_time, :sport, :status)
[23-Apr-2025 08:45:22 Europe/Berlin] With params: {":team1":"India",":team2":"England",":venue":"The Oval, London",":match_time":"2025-04-16T15:00",":sport":"cricket",":status":"upcoming"}
[23-Apr-2025 08:45:22 Europe/Berlin] Query executed successfully. Found 0 rows
[23-Apr-2025 08:50:05 Europe/Berlin] Connected to database. Tables found: favorites, feedback, matches, news, newsletter, notifications, players, subscriptions, users
[23-Apr-2025 08:50:05 Europe/Berlin] Executing SQL: CREATE TABLE IF NOT EXISTS users (
                id INT AUTO_INCREMENT PRIMARY KEY,
                username VARCHAR(50) NOT NULL UNIQUE,
                password VARCHAR(255) NOT NULL,
                email VARCHAR(100) NOT NULL UNIQUE,
                account_type ENUM('user', 'admin') DEFAULT 'user',
                created_at TIMESTAMP DEFAULT CURRENT_TIMESTAMP
            )
[23-Apr-2025 08:50:05 Europe/Berlin] With params: []
[23-Apr-2025 08:50:05 Europe/Berlin] Query executed successfully. Found 0 rows
[23-Apr-2025 08:50:05 Europe/Berlin] Users table created or already exists
[23-Apr-2025 08:50:05 Europe/Berlin] Users table structure: [{"Field":"id","Type":"int(11)","Null":"NO","Key":"PRI","Default":null,"Extra":"auto_increment"},{"Field":"username","Type":"varchar(50)","Null":"NO","Key":"","Default":null,"Extra":""},{"Field":"email","Type":"varchar(100)","Null":"NO","Key":"UNI","Default":null,"Extra":""},{"Field":"password","Type":"varchar(255)","Null":"NO","Key":"","Default":null,"Extra":""},{"Field":"role","Type":"enum('user','admin')","Null":"YES","Key":"","Default":"user","Extra":""},{"Field":"verification_code","Type":"varchar(100)","Null":"YES","Key":"","Default":null,"Extra":""},{"Field":"is_verified","Type":"tinyint(1)","Null":"YES","Key":"","Default":"0","Extra":""},{"Field":"created_at","Type":"timestamp","Null":"NO","Key":"","Default":"current_timestamp()","Extra":""},{"Field":"favorite_sport","Type":"varchar(50)","Null":"YES","Key":"","Default":null,"Extra":""},{"Field":"favorite_team","Type":"varchar(50)","Null":"YES","Key":"","Default":null,"Extra":""},{"Field":"account_type","Type":"enum('user','admin')","Null":"YES","Key":"","Default":"user","Extra":""}]
[23-Apr-2025 08:50:05 Europe/Berlin] Number of users in database: 13
[23-Apr-2025 08:50:05 Europe/Berlin] All tables initialized successfully
[23-Apr-2025 08:50:05 Europe/Berlin] Connected to database. Tables found: favorites, feedback, matches, news, newsletter, notifications, players, subscriptions, users
[23-Apr-2025 08:50:05 Europe/Berlin] Executing SQL: CREATE TABLE IF NOT EXISTS users (
                id INT AUTO_INCREMENT PRIMARY KEY,
                username VARCHAR(50) NOT NULL UNIQUE,
                password VARCHAR(255) NOT NULL,
                email VARCHAR(100) NOT NULL UNIQUE,
                account_type ENUM('user', 'admin') DEFAULT 'user',
                created_at TIMESTAMP DEFAULT CURRENT_TIMESTAMP
            )
[23-Apr-2025 08:50:05 Europe/Berlin] With params: []
[23-Apr-2025 08:50:05 Europe/Berlin] Query executed successfully. Found 0 rows
[23-Apr-2025 08:50:05 Europe/Berlin] Users table created or already exists
[23-Apr-2025 08:50:05 Europe/Berlin] Users table structure: [{"Field":"id","Type":"int(11)","Null":"NO","Key":"PRI","Default":null,"Extra":"auto_increment"},{"Field":"username","Type":"varchar(50)","Null":"NO","Key":"","Default":null,"Extra":""},{"Field":"email","Type":"varchar(100)","Null":"NO","Key":"UNI","Default":null,"Extra":""},{"Field":"password","Type":"varchar(255)","Null":"NO","Key":"","Default":null,"Extra":""},{"Field":"role","Type":"enum('user','admin')","Null":"YES","Key":"","Default":"user","Extra":""},{"Field":"verification_code","Type":"varchar(100)","Null":"YES","Key":"","Default":null,"Extra":""},{"Field":"is_verified","Type":"tinyint(1)","Null":"YES","Key":"","Default":"0","Extra":""},{"Field":"created_at","Type":"timestamp","Null":"NO","Key":"","Default":"current_timestamp()","Extra":""},{"Field":"favorite_sport","Type":"varchar(50)","Null":"YES","Key":"","Default":null,"Extra":""},{"Field":"favorite_team","Type":"varchar(50)","Null":"YES","Key":"","Default":null,"Extra":""},{"Field":"account_type","Type":"enum('user','admin')","Null":"YES","Key":"","Default":"user","Extra":""}]
[23-Apr-2025 08:50:05 Europe/Berlin] Number of users in database: 13
[23-Apr-2025 08:50:05 Europe/Berlin] All tables initialized successfully
[23-Apr-2025 08:50:05 Europe/Berlin] Database tables initialized successfully
[23-Apr-2025 08:50:05 Europe/Berlin] Executing SQL: SELECT * FROM users WHERE id = :id
[23-Apr-2025 08:50:05 Europe/Berlin] With params: {":id":12}
[23-Apr-2025 08:50:05 Europe/Berlin] Query executed successfully. Found 1 rows
[23-Apr-2025 08:50:05 Europe/Berlin] User loaded from session: varunpndey
[23-Apr-2025 08:50:05 Europe/Berlin] Executing SQL: SELECT * FROM users WHERE id = :id
[23-Apr-2025 08:50:05 Europe/Berlin] With params: {":id":12}
[23-Apr-2025 08:50:05 Europe/Berlin] Query executed successfully. Found 1 rows
[23-Apr-2025 08:50:05 Europe/Berlin] Executing SQL: INSERT INTO news (title, content, category) VALUES (:title, :content, :category)
[23-Apr-2025 08:50:05 Europe/Berlin] With params: {":title":"hjbghiu",":content":"jknoijno ",":category":"football"}
[23-Apr-2025 08:50:05 Europe/Berlin] Query executed successfully. Found 0 rows
[23-Apr-2025 08:50:05 Europe/Berlin] Executing SQL: SELECT * FROM news ORDER BY created_at DESC
[23-Apr-2025 08:50:05 Europe/Berlin] With params: []
[23-Apr-2025 08:50:05 Europe/Berlin] Query executed successfully. Found 13 rows
[23-Apr-2025 08:50:05 Europe/Berlin] Executing SQL: SELECT * FROM feedback ORDER BY created_at DESC
[23-Apr-2025 08:50:05 Europe/Berlin] With params: []
[23-Apr-2025 08:50:05 Europe/Berlin] Query executed successfully. Found 10 rows
[23-Apr-2025 08:50:05 Europe/Berlin] Executing SQL: SELECT * FROM matches WHERE status = 'live'
[23-Apr-2025 08:50:05 Europe/Berlin] With params: []
[23-Apr-2025 08:50:05 Europe/Berlin] Query executed successfully. Found 3 rows
[23-Apr-2025 08:50:05 Europe/Berlin] Executing SQL: SELECT * FROM matches WHERE 1=1 ORDER BY match_time DESC
[23-Apr-2025 08:50:05 Europe/Berlin] With params: []
[23-Apr-2025 08:50:05 Europe/Berlin] Query executed successfully. Found 20 rows
[23-Apr-2025 08:50:05 Europe/Berlin] PHP Warning:  Undefined array key "status" in /Applications/XAMPP/xamppfiles/htdocs/sportsync/public/admin.php on line 871
[23-Apr-2025 08:50:05 Europe/Berlin] PHP Warning:  Undefined array key "status" in /Applications/XAMPP/xamppfiles/htdocs/sportsync/public/admin.php on line 872
[23-Apr-2025 08:50:05 Europe/Berlin] PHP Warning:  Undefined array key "status" in /Applications/XAMPP/xamppfiles/htdocs/sportsync/public/admin.php on line 873
[23-Apr-2025 08:50:05 Europe/Berlin] PHP Warning:  Undefined array key "status" in /Applications/XAMPP/xamppfiles/htdocs/sportsync/public/admin.php on line 871
[23-Apr-2025 08:50:05 Europe/Berlin] PHP Warning:  Undefined array key "status" in /Applications/XAMPP/xamppfiles/htdocs/sportsync/public/admin.php on line 872
[23-Apr-2025 08:50:05 Europe/Berlin] PHP Warning:  Undefined array key "status" in /Applications/XAMPP/xamppfiles/htdocs/sportsync/public/admin.php on line 873
[23-Apr-2025 08:50:05 Europe/Berlin] PHP Warning:  Undefined array key "status" in /Applications/XAMPP/xamppfiles/htdocs/sportsync/public/admin.php on line 871
[23-Apr-2025 08:50:05 Europe/Berlin] PHP Warning:  Undefined array key "status" in /Applications/XAMPP/xamppfiles/htdocs/sportsync/public/admin.php on line 872
[23-Apr-2025 08:50:05 Europe/Berlin] PHP Warning:  Undefined array key "status" in /Applications/XAMPP/xamppfiles/htdocs/sportsync/public/admin.php on line 873
[23-Apr-2025 08:50:05 Europe/Berlin] PHP Warning:  Undefined array key "status" in /Applications/XAMPP/xamppfiles/htdocs/sportsync/public/admin.php on line 871
[23-Apr-2025 08:50:05 Europe/Berlin] PHP Warning:  Undefined array key "status" in /Applications/XAMPP/xamppfiles/htdocs/sportsync/public/admin.php on line 872
[23-Apr-2025 08:50:05 Europe/Berlin] PHP Warning:  Undefined array key "status" in /Applications/XAMPP/xamppfiles/htdocs/sportsync/public/admin.php on line 873
[23-Apr-2025 08:50:05 Europe/Berlin] PHP Warning:  Undefined array key "status" in /Applications/XAMPP/xamppfiles/htdocs/sportsync/public/admin.php on line 871
[23-Apr-2025 08:50:05 Europe/Berlin] PHP Warning:  Undefined array key "status" in /Applications/XAMPP/xamppfiles/htdocs/sportsync/public/admin.php on line 872
[23-Apr-2025 08:50:05 Europe/Berlin] PHP Warning:  Undefined array key "status" in /Applications/XAMPP/xamppfiles/htdocs/sportsync/public/admin.php on line 873
[23-Apr-2025 08:50:05 Europe/Berlin] PHP Warning:  Undefined array key "status" in /Applications/XAMPP/xamppfiles/htdocs/sportsync/public/admin.php on line 871
[23-Apr-2025 08:50:05 Europe/Berlin] PHP Warning:  Undefined array key "status" in /Applications/XAMPP/xamppfiles/htdocs/sportsync/public/admin.php on line 872
[23-Apr-2025 08:50:05 Europe/Berlin] PHP Warning:  Undefined array key "status" in /Applications/XAMPP/xamppfiles/htdocs/sportsync/public/admin.php on line 873
[23-Apr-2025 08:50:05 Europe/Berlin] PHP Warning:  Undefined array key "status" in /Applications/XAMPP/xamppfiles/htdocs/sportsync/public/admin.php on line 871
[23-Apr-2025 08:50:05 Europe/Berlin] PHP Warning:  Undefined array key "status" in /Applications/XAMPP/xamppfiles/htdocs/sportsync/public/admin.php on line 872
[23-Apr-2025 08:50:05 Europe/Berlin] PHP Warning:  Undefined array key "status" in /Applications/XAMPP/xamppfiles/htdocs/sportsync/public/admin.php on line 873
[23-Apr-2025 08:50:05 Europe/Berlin] PHP Warning:  Undefined array key "status" in /Applications/XAMPP/xamppfiles/htdocs/sportsync/public/admin.php on line 871
[23-Apr-2025 08:50:05 Europe/Berlin] PHP Warning:  Undefined array key "status" in /Applications/XAMPP/xamppfiles/htdocs/sportsync/public/admin.php on line 872
[23-Apr-2025 08:50:05 Europe/Berlin] PHP Warning:  Undefined array key "status" in /Applications/XAMPP/xamppfiles/htdocs/sportsync/public/admin.php on line 873
[23-Apr-2025 08:50:05 Europe/Berlin] PHP Warning:  Undefined array key "status" in /Applications/XAMPP/xamppfiles/htdocs/sportsync/public/admin.php on line 871
[23-Apr-2025 08:50:05 Europe/Berlin] PHP Warning:  Undefined array key "status" in /Applications/XAMPP/xamppfiles/htdocs/sportsync/public/admin.php on line 872
[23-Apr-2025 08:50:05 Europe/Berlin] PHP Warning:  Undefined array key "status" in /Applications/XAMPP/xamppfiles/htdocs/sportsync/public/admin.php on line 873
[23-Apr-2025 08:50:05 Europe/Berlin] PHP Warning:  Undefined array key "status" in /Applications/XAMPP/xamppfiles/htdocs/sportsync/public/admin.php on line 871
[23-Apr-2025 08:50:05 Europe/Berlin] PHP Warning:  Undefined array key "status" in /Applications/XAMPP/xamppfiles/htdocs/sportsync/public/admin.php on line 872
[23-Apr-2025 08:50:05 Europe/Berlin] PHP Warning:  Undefined array key "status" in /Applications/XAMPP/xamppfiles/htdocs/sportsync/public/admin.php on line 873
[23-Apr-2025 08:50:28 Europe/Berlin] Connected to database. Tables found: favorites, feedback, matches, news, newsletter, notifications, players, subscriptions, users
[23-Apr-2025 08:50:28 Europe/Berlin] Executing SQL: CREATE TABLE IF NOT EXISTS users (
                id INT AUTO_INCREMENT PRIMARY KEY,
                username VARCHAR(50) NOT NULL UNIQUE,
                password VARCHAR(255) NOT NULL,
                email VARCHAR(100) NOT NULL UNIQUE,
                account_type ENUM('user', 'admin') DEFAULT 'user',
                created_at TIMESTAMP DEFAULT CURRENT_TIMESTAMP
            )
[23-Apr-2025 08:50:28 Europe/Berlin] With params: []
[23-Apr-2025 08:50:28 Europe/Berlin] Query executed successfully. Found 0 rows
[23-Apr-2025 08:50:28 Europe/Berlin] Users table created or already exists
[23-Apr-2025 08:50:28 Europe/Berlin] Users table structure: [{"Field":"id","Type":"int(11)","Null":"NO","Key":"PRI","Default":null,"Extra":"auto_increment"},{"Field":"username","Type":"varchar(50)","Null":"NO","Key":"","Default":null,"Extra":""},{"Field":"email","Type":"varchar(100)","Null":"NO","Key":"UNI","Default":null,"Extra":""},{"Field":"password","Type":"varchar(255)","Null":"NO","Key":"","Default":null,"Extra":""},{"Field":"role","Type":"enum('user','admin')","Null":"YES","Key":"","Default":"user","Extra":""},{"Field":"verification_code","Type":"varchar(100)","Null":"YES","Key":"","Default":null,"Extra":""},{"Field":"is_verified","Type":"tinyint(1)","Null":"YES","Key":"","Default":"0","Extra":""},{"Field":"created_at","Type":"timestamp","Null":"NO","Key":"","Default":"current_timestamp()","Extra":""},{"Field":"favorite_sport","Type":"varchar(50)","Null":"YES","Key":"","Default":null,"Extra":""},{"Field":"favorite_team","Type":"varchar(50)","Null":"YES","Key":"","Default":null,"Extra":""},{"Field":"account_type","Type":"enum('user','admin')","Null":"YES","Key":"","Default":"user","Extra":""}]
[23-Apr-2025 08:50:28 Europe/Berlin] Number of users in database: 13
[23-Apr-2025 08:50:28 Europe/Berlin] All tables initialized successfully
[23-Apr-2025 08:50:28 Europe/Berlin] Connected to database. Tables found: favorites, feedback, matches, news, newsletter, notifications, players, subscriptions, users
[23-Apr-2025 08:50:28 Europe/Berlin] Executing SQL: CREATE TABLE IF NOT EXISTS users (
                id INT AUTO_INCREMENT PRIMARY KEY,
                username VARCHAR(50) NOT NULL UNIQUE,
                password VARCHAR(255) NOT NULL,
                email VARCHAR(100) NOT NULL UNIQUE,
                account_type ENUM('user', 'admin') DEFAULT 'user',
                created_at TIMESTAMP DEFAULT CURRENT_TIMESTAMP
            )
[23-Apr-2025 08:50:28 Europe/Berlin] With params: []
[23-Apr-2025 08:50:28 Europe/Berlin] Query executed successfully. Found 0 rows
[23-Apr-2025 08:50:28 Europe/Berlin] Users table created or already exists
[23-Apr-2025 08:50:28 Europe/Berlin] Users table structure: [{"Field":"id","Type":"int(11)","Null":"NO","Key":"PRI","Default":null,"Extra":"auto_increment"},{"Field":"username","Type":"varchar(50)","Null":"NO","Key":"","Default":null,"Extra":""},{"Field":"email","Type":"varchar(100)","Null":"NO","Key":"UNI","Default":null,"Extra":""},{"Field":"password","Type":"varchar(255)","Null":"NO","Key":"","Default":null,"Extra":""},{"Field":"role","Type":"enum('user','admin')","Null":"YES","Key":"","Default":"user","Extra":""},{"Field":"verification_code","Type":"varchar(100)","Null":"YES","Key":"","Default":null,"Extra":""},{"Field":"is_verified","Type":"tinyint(1)","Null":"YES","Key":"","Default":"0","Extra":""},{"Field":"created_at","Type":"timestamp","Null":"NO","Key":"","Default":"current_timestamp()","Extra":""},{"Field":"favorite_sport","Type":"varchar(50)","Null":"YES","Key":"","Default":null,"Extra":""},{"Field":"favorite_team","Type":"varchar(50)","Null":"YES","Key":"","Default":null,"Extra":""},{"Field":"account_type","Type":"enum('user','admin')","Null":"YES","Key":"","Default":"user","Extra":""}]
[23-Apr-2025 08:50:28 Europe/Berlin] Number of users in database: 13
[23-Apr-2025 08:50:28 Europe/Berlin] All tables initialized successfully
[23-Apr-2025 08:50:28 Europe/Berlin] Database tables initialized successfully
[23-Apr-2025 08:50:28 Europe/Berlin] Executing SQL: SELECT * FROM users WHERE id = :id
[23-Apr-2025 08:50:28 Europe/Berlin] With params: {":id":12}
[23-Apr-2025 08:50:28 Europe/Berlin] Query executed successfully. Found 1 rows
[23-Apr-2025 08:50:28 Europe/Berlin] User loaded from session: varunpndey
[23-Apr-2025 08:50:28 Europe/Berlin] Executing SQL: SELECT * FROM users WHERE id = :id
[23-Apr-2025 08:50:28 Europe/Berlin] With params: {":id":12}
[23-Apr-2025 08:50:28 Europe/Berlin] Query executed successfully. Found 1 rows
[23-Apr-2025 08:50:28 Europe/Berlin] Executing SQL: SELECT * FROM news ORDER BY created_at DESC
[23-Apr-2025 08:50:28 Europe/Berlin] With params: []
[23-Apr-2025 08:50:28 Europe/Berlin] Query executed successfully. Found 13 rows
[23-Apr-2025 08:50:28 Europe/Berlin] Executing SQL: SELECT * FROM feedback ORDER BY created_at DESC
[23-Apr-2025 08:50:28 Europe/Berlin] With params: []
[23-Apr-2025 08:50:28 Europe/Berlin] Query executed successfully. Found 10 rows
[23-Apr-2025 08:50:28 Europe/Berlin] Executing SQL: SELECT * FROM matches WHERE status = 'live'
[23-Apr-2025 08:50:28 Europe/Berlin] With params: []
[23-Apr-2025 08:50:28 Europe/Berlin] Query executed successfully. Found 3 rows
[23-Apr-2025 08:50:28 Europe/Berlin] Executing SQL: SELECT * FROM matches WHERE 1=1 ORDER BY match_time DESC
[23-Apr-2025 08:50:28 Europe/Berlin] With params: []
[23-Apr-2025 08:50:28 Europe/Berlin] Query executed successfully. Found 20 rows
[23-Apr-2025 08:50:28 Europe/Berlin] PHP Warning:  Undefined array key "status" in /Applications/XAMPP/xamppfiles/htdocs/sportsync/public/admin.php on line 871
[23-Apr-2025 08:50:28 Europe/Berlin] PHP Warning:  Undefined array key "status" in /Applications/XAMPP/xamppfiles/htdocs/sportsync/public/admin.php on line 872
[23-Apr-2025 08:50:28 Europe/Berlin] PHP Warning:  Undefined array key "status" in /Applications/XAMPP/xamppfiles/htdocs/sportsync/public/admin.php on line 873
[23-Apr-2025 08:50:28 Europe/Berlin] PHP Warning:  Undefined array key "status" in /Applications/XAMPP/xamppfiles/htdocs/sportsync/public/admin.php on line 871
[23-Apr-2025 08:50:28 Europe/Berlin] PHP Warning:  Undefined array key "status" in /Applications/XAMPP/xamppfiles/htdocs/sportsync/public/admin.php on line 872
[23-Apr-2025 08:50:28 Europe/Berlin] PHP Warning:  Undefined array key "status" in /Applications/XAMPP/xamppfiles/htdocs/sportsync/public/admin.php on line 873
[23-Apr-2025 08:50:28 Europe/Berlin] PHP Warning:  Undefined array key "status" in /Applications/XAMPP/xamppfiles/htdocs/sportsync/public/admin.php on line 871
[23-Apr-2025 08:50:28 Europe/Berlin] PHP Warning:  Undefined array key "status" in /Applications/XAMPP/xamppfiles/htdocs/sportsync/public/admin.php on line 872
[23-Apr-2025 08:50:28 Europe/Berlin] PHP Warning:  Undefined array key "status" in /Applications/XAMPP/xamppfiles/htdocs/sportsync/public/admin.php on line 873
[23-Apr-2025 08:50:28 Europe/Berlin] PHP Warning:  Undefined array key "status" in /Applications/XAMPP/xamppfiles/htdocs/sportsync/public/admin.php on line 871
[23-Apr-2025 08:50:28 Europe/Berlin] PHP Warning:  Undefined array key "status" in /Applications/XAMPP/xamppfiles/htdocs/sportsync/public/admin.php on line 872
[23-Apr-2025 08:50:28 Europe/Berlin] PHP Warning:  Undefined array key "status" in /Applications/XAMPP/xamppfiles/htdocs/sportsync/public/admin.php on line 873
[23-Apr-2025 08:50:28 Europe/Berlin] PHP Warning:  Undefined array key "status" in /Applications/XAMPP/xamppfiles/htdocs/sportsync/public/admin.php on line 871
[23-Apr-2025 08:50:28 Europe/Berlin] PHP Warning:  Undefined array key "status" in /Applications/XAMPP/xamppfiles/htdocs/sportsync/public/admin.php on line 872
[23-Apr-2025 08:50:28 Europe/Berlin] PHP Warning:  Undefined array key "status" in /Applications/XAMPP/xamppfiles/htdocs/sportsync/public/admin.php on line 873
[23-Apr-2025 08:50:28 Europe/Berlin] PHP Warning:  Undefined array key "status" in /Applications/XAMPP/xamppfiles/htdocs/sportsync/public/admin.php on line 871
[23-Apr-2025 08:50:28 Europe/Berlin] PHP Warning:  Undefined array key "status" in /Applications/XAMPP/xamppfiles/htdocs/sportsync/public/admin.php on line 872
[23-Apr-2025 08:50:28 Europe/Berlin] PHP Warning:  Undefined array key "status" in /Applications/XAMPP/xamppfiles/htdocs/sportsync/public/admin.php on line 873
[23-Apr-2025 08:50:28 Europe/Berlin] PHP Warning:  Undefined array key "status" in /Applications/XAMPP/xamppfiles/htdocs/sportsync/public/admin.php on line 871
[23-Apr-2025 08:50:28 Europe/Berlin] PHP Warning:  Undefined array key "status" in /Applications/XAMPP/xamppfiles/htdocs/sportsync/public/admin.php on line 872
[23-Apr-2025 08:50:28 Europe/Berlin] PHP Warning:  Undefined array key "status" in /Applications/XAMPP/xamppfiles/htdocs/sportsync/public/admin.php on line 873
[23-Apr-2025 08:50:28 Europe/Berlin] PHP Warning:  Undefined array key "status" in /Applications/XAMPP/xamppfiles/htdocs/sportsync/public/admin.php on line 871
[23-Apr-2025 08:50:28 Europe/Berlin] PHP Warning:  Undefined array key "status" in /Applications/XAMPP/xamppfiles/htdocs/sportsync/public/admin.php on line 872
[23-Apr-2025 08:50:28 Europe/Berlin] PHP Warning:  Undefined array key "status" in /Applications/XAMPP/xamppfiles/htdocs/sportsync/public/admin.php on line 873
[23-Apr-2025 08:50:28 Europe/Berlin] PHP Warning:  Undefined array key "status" in /Applications/XAMPP/xamppfiles/htdocs/sportsync/public/admin.php on line 871
[23-Apr-2025 08:50:28 Europe/Berlin] PHP Warning:  Undefined array key "status" in /Applications/XAMPP/xamppfiles/htdocs/sportsync/public/admin.php on line 872
[23-Apr-2025 08:50:28 Europe/Berlin] PHP Warning:  Undefined array key "status" in /Applications/XAMPP/xamppfiles/htdocs/sportsync/public/admin.php on line 873
[23-Apr-2025 08:50:28 Europe/Berlin] PHP Warning:  Undefined array key "status" in /Applications/XAMPP/xamppfiles/htdocs/sportsync/public/admin.php on line 871
[23-Apr-2025 08:50:28 Europe/Berlin] PHP Warning:  Undefined array key "status" in /Applications/XAMPP/xamppfiles/htdocs/sportsync/public/admin.php on line 872
[23-Apr-2025 08:50:28 Europe/Berlin] PHP Warning:  Undefined array key "status" in /Applications/XAMPP/xamppfiles/htdocs/sportsync/public/admin.php on line 873
[23-Apr-2025 08:50:55 Europe/Berlin] Connected to database. Tables found: favorites, feedback, matches, news, newsletter, notifications, players, subscriptions, users
[23-Apr-2025 08:50:55 Europe/Berlin] Executing SQL: CREATE TABLE IF NOT EXISTS users (
                id INT AUTO_INCREMENT PRIMARY KEY,
                username VARCHAR(50) NOT NULL UNIQUE,
                password VARCHAR(255) NOT NULL,
                email VARCHAR(100) NOT NULL UNIQUE,
                account_type ENUM('user', 'admin') DEFAULT 'user',
                created_at TIMESTAMP DEFAULT CURRENT_TIMESTAMP
            )
[23-Apr-2025 08:50:55 Europe/Berlin] With params: []
[23-Apr-2025 08:50:55 Europe/Berlin] Query executed successfully. Found 0 rows
[23-Apr-2025 08:50:55 Europe/Berlin] Users table created or already exists
[23-Apr-2025 08:50:55 Europe/Berlin] Users table structure: [{"Field":"id","Type":"int(11)","Null":"NO","Key":"PRI","Default":null,"Extra":"auto_increment"},{"Field":"username","Type":"varchar(50)","Null":"NO","Key":"","Default":null,"Extra":""},{"Field":"email","Type":"varchar(100)","Null":"NO","Key":"UNI","Default":null,"Extra":""},{"Field":"password","Type":"varchar(255)","Null":"NO","Key":"","Default":null,"Extra":""},{"Field":"role","Type":"enum('user','admin')","Null":"YES","Key":"","Default":"user","Extra":""},{"Field":"verification_code","Type":"varchar(100)","Null":"YES","Key":"","Default":null,"Extra":""},{"Field":"is_verified","Type":"tinyint(1)","Null":"YES","Key":"","Default":"0","Extra":""},{"Field":"created_at","Type":"timestamp","Null":"NO","Key":"","Default":"current_timestamp()","Extra":""},{"Field":"favorite_sport","Type":"varchar(50)","Null":"YES","Key":"","Default":null,"Extra":""},{"Field":"favorite_team","Type":"varchar(50)","Null":"YES","Key":"","Default":null,"Extra":""},{"Field":"account_type","Type":"enum('user','admin')","Null":"YES","Key":"","Default":"user","Extra":""}]
[23-Apr-2025 08:50:55 Europe/Berlin] Number of users in database: 13
[23-Apr-2025 08:50:55 Europe/Berlin] All tables initialized successfully
[23-Apr-2025 08:50:55 Europe/Berlin] Executing SQL: INSERT INTO matches (team1, team2, venue, match_time, sport, status) 
                    VALUES (:team1, :team2, :venue, :match_time, :sport, :status)
[23-Apr-2025 08:50:55 Europe/Berlin] With params: {":team1":"India",":team2":"England",":venue":"The Oval, London",":match_time":"2025-04-23T12:20",":sport":"cricket",":status":"live"}
[23-Apr-2025 08:50:55 Europe/Berlin] Query executed successfully. Found 0 rows
[23-Apr-2025 08:51:35 Europe/Berlin] Connected to database. Tables found: favorites, feedback, matches, news, newsletter, notifications, players, subscriptions, users
[23-Apr-2025 08:51:35 Europe/Berlin] Executing SQL: CREATE TABLE IF NOT EXISTS users (
                id INT AUTO_INCREMENT PRIMARY KEY,
                username VARCHAR(50) NOT NULL UNIQUE,
                password VARCHAR(255) NOT NULL,
                email VARCHAR(100) NOT NULL UNIQUE,
                account_type ENUM('user', 'admin') DEFAULT 'user',
                created_at TIMESTAMP DEFAULT CURRENT_TIMESTAMP
            )
[23-Apr-2025 08:51:35 Europe/Berlin] With params: []
[23-Apr-2025 08:51:35 Europe/Berlin] Query executed successfully. Found 0 rows
[23-Apr-2025 08:51:35 Europe/Berlin] Users table created or already exists
[23-Apr-2025 08:51:35 Europe/Berlin] Users table structure: [{"Field":"id","Type":"int(11)","Null":"NO","Key":"PRI","Default":null,"Extra":"auto_increment"},{"Field":"username","Type":"varchar(50)","Null":"NO","Key":"","Default":null,"Extra":""},{"Field":"email","Type":"varchar(100)","Null":"NO","Key":"UNI","Default":null,"Extra":""},{"Field":"password","Type":"varchar(255)","Null":"NO","Key":"","Default":null,"Extra":""},{"Field":"role","Type":"enum('user','admin')","Null":"YES","Key":"","Default":"user","Extra":""},{"Field":"verification_code","Type":"varchar(100)","Null":"YES","Key":"","Default":null,"Extra":""},{"Field":"is_verified","Type":"tinyint(1)","Null":"YES","Key":"","Default":"0","Extra":""},{"Field":"created_at","Type":"timestamp","Null":"NO","Key":"","Default":"current_timestamp()","Extra":""},{"Field":"favorite_sport","Type":"varchar(50)","Null":"YES","Key":"","Default":null,"Extra":""},{"Field":"favorite_team","Type":"varchar(50)","Null":"YES","Key":"","Default":null,"Extra":""},{"Field":"account_type","Type":"enum('user','admin')","Null":"YES","Key":"","Default":"user","Extra":""}]
[23-Apr-2025 08:51:35 Europe/Berlin] Number of users in database: 13
[23-Apr-2025 08:51:35 Europe/Berlin] All tables initialized successfully
[23-Apr-2025 08:51:35 Europe/Berlin] Connected to database. Tables found: favorites, feedback, matches, news, newsletter, notifications, players, subscriptions, users
[23-Apr-2025 08:51:35 Europe/Berlin] Executing SQL: CREATE TABLE IF NOT EXISTS users (
                id INT AUTO_INCREMENT PRIMARY KEY,
                username VARCHAR(50) NOT NULL UNIQUE,
                password VARCHAR(255) NOT NULL,
                email VARCHAR(100) NOT NULL UNIQUE,
                account_type ENUM('user', 'admin') DEFAULT 'user',
                created_at TIMESTAMP DEFAULT CURRENT_TIMESTAMP
            )
[23-Apr-2025 08:51:35 Europe/Berlin] With params: []
[23-Apr-2025 08:51:35 Europe/Berlin] Query executed successfully. Found 0 rows
[23-Apr-2025 08:51:35 Europe/Berlin] Users table created or already exists
[23-Apr-2025 08:51:35 Europe/Berlin] Users table structure: [{"Field":"id","Type":"int(11)","Null":"NO","Key":"PRI","Default":null,"Extra":"auto_increment"},{"Field":"username","Type":"varchar(50)","Null":"NO","Key":"","Default":null,"Extra":""},{"Field":"email","Type":"varchar(100)","Null":"NO","Key":"UNI","Default":null,"Extra":""},{"Field":"password","Type":"varchar(255)","Null":"NO","Key":"","Default":null,"Extra":""},{"Field":"role","Type":"enum('user','admin')","Null":"YES","Key":"","Default":"user","Extra":""},{"Field":"verification_code","Type":"varchar(100)","Null":"YES","Key":"","Default":null,"Extra":""},{"Field":"is_verified","Type":"tinyint(1)","Null":"YES","Key":"","Default":"0","Extra":""},{"Field":"created_at","Type":"timestamp","Null":"NO","Key":"","Default":"current_timestamp()","Extra":""},{"Field":"favorite_sport","Type":"varchar(50)","Null":"YES","Key":"","Default":null,"Extra":""},{"Field":"favorite_team","Type":"varchar(50)","Null":"YES","Key":"","Default":null,"Extra":""},{"Field":"account_type","Type":"enum('user','admin')","Null":"YES","Key":"","Default":"user","Extra":""}]
[23-Apr-2025 08:51:35 Europe/Berlin] Number of users in database: 13
[23-Apr-2025 08:51:35 Europe/Berlin] All tables initialized successfully
[23-Apr-2025 08:51:35 Europe/Berlin] Database tables initialized successfully
[23-Apr-2025 08:51:35 Europe/Berlin] Executing SQL: SELECT * FROM users WHERE id = :id
[23-Apr-2025 08:51:35 Europe/Berlin] With params: {":id":12}
[23-Apr-2025 08:51:35 Europe/Berlin] Query executed successfully. Found 1 rows
[23-Apr-2025 08:51:35 Europe/Berlin] User loaded from session: varunpndey
[23-Apr-2025 08:51:35 Europe/Berlin] Executing SQL: SELECT * FROM users WHERE id = :id
[23-Apr-2025 08:51:35 Europe/Berlin] With params: {":id":12}
[23-Apr-2025 08:51:35 Europe/Berlin] Query executed successfully. Found 1 rows
[23-Apr-2025 08:51:35 Europe/Berlin] Executing SQL: UPDATE matches SET team1 = :team1, team2 = :team2, team1_flag = :team1_flag, team2_flag = :team2_flag, venue = :venue, match_time = :match_time, sport = :sport, status = :status, team1_score = :team1_score, team2_score = :team2_score, team1_wickets = :team1_wickets, team2_wickets = :team2_wickets, team1_overs = :team1_overs, team2_overs = :team2_overs WHERE id = :id
[23-Apr-2025 08:51:35 Europe/Berlin] With params: {":id":"14",":team1":"India",":team2":"England",":team1_flag":"gb",":team2_flag":"gb",":venue":"The Oval, London",":match_time":"2025-06-18T03:00",":sport":"cricket",":status":"completed",":team1_score":"244",":team2_score":"243",":team1_wickets":"6",":team2_wickets":"10",":team1_overs":"20.0",":team2_overs":"19.3"}
[23-Apr-2025 08:51:35 Europe/Berlin] Error in executeQuery: SQLSTATE[42S22]: Column not found: 1054 Unknown column 'team1_flag' in 'field list'
[23-Apr-2025 08:51:35 Europe/Berlin] Error updating match: SQLSTATE[42S22]: Column not found: 1054 Unknown column 'team1_flag' in 'field list'
[23-Apr-2025 08:51:35 Europe/Berlin] Error updating match: Failed to update match: SQLSTATE[42S22]: Column not found: 1054 Unknown column 'team1_flag' in 'field list'
[23-Apr-2025 09:27:53 Europe/Berlin] Connected to database. Tables found: favorites, feedback, matches, matches_backup, matches_new, news, newsletter, notifications, players, subscriptions, users
[23-Apr-2025 09:27:53 Europe/Berlin] Executing SQL: CREATE TABLE IF NOT EXISTS users (
                id INT AUTO_INCREMENT PRIMARY KEY,
                username VARCHAR(50) NOT NULL UNIQUE,
                password VARCHAR(255) NOT NULL,
                email VARCHAR(100) NOT NULL UNIQUE,
                account_type ENUM('user', 'admin') DEFAULT 'user',
                created_at TIMESTAMP DEFAULT CURRENT_TIMESTAMP
            )
[23-Apr-2025 09:27:53 Europe/Berlin] With params: []
[23-Apr-2025 09:27:53 Europe/Berlin] Query executed successfully. Found 0 rows
[23-Apr-2025 09:27:53 Europe/Berlin] Users table created or already exists
[23-Apr-2025 09:27:53 Europe/Berlin] Users table structure: [{"Field":"id","Type":"int(11)","Null":"NO","Key":"PRI","Default":null,"Extra":"auto_increment"},{"Field":"username","Type":"varchar(50)","Null":"NO","Key":"","Default":null,"Extra":""},{"Field":"email","Type":"varchar(100)","Null":"NO","Key":"UNI","Default":null,"Extra":""},{"Field":"password","Type":"varchar(255)","Null":"NO","Key":"","Default":null,"Extra":""},{"Field":"role","Type":"enum('user','admin')","Null":"YES","Key":"","Default":"user","Extra":""},{"Field":"verification_code","Type":"varchar(100)","Null":"YES","Key":"","Default":null,"Extra":""},{"Field":"is_verified","Type":"tinyint(1)","Null":"YES","Key":"","Default":"0","Extra":""},{"Field":"created_at","Type":"timestamp","Null":"NO","Key":"","Default":"current_timestamp()","Extra":""},{"Field":"favorite_sport","Type":"varchar(50)","Null":"YES","Key":"","Default":null,"Extra":""},{"Field":"favorite_team","Type":"varchar(50)","Null":"YES","Key":"","Default":null,"Extra":""},{"Field":"account_type","Type":"enum('user','admin')","Null":"YES","Key":"","Default":"user","Extra":""}]
[23-Apr-2025 09:27:53 Europe/Berlin] Number of users in database: 13
[23-Apr-2025 09:27:53 Europe/Berlin] All tables initialized successfully
[23-Apr-2025 09:27:53 Europe/Berlin] Connected to database. Tables found: favorites, feedback, matches, matches_backup, matches_new, news, newsletter, notifications, players, subscriptions, users
[23-Apr-2025 09:27:53 Europe/Berlin] Executing SQL: CREATE TABLE IF NOT EXISTS users (
                id INT AUTO_INCREMENT PRIMARY KEY,
                username VARCHAR(50) NOT NULL UNIQUE,
                password VARCHAR(255) NOT NULL,
                email VARCHAR(100) NOT NULL UNIQUE,
                account_type ENUM('user', 'admin') DEFAULT 'user',
                created_at TIMESTAMP DEFAULT CURRENT_TIMESTAMP
            )
[23-Apr-2025 09:27:53 Europe/Berlin] With params: []
[23-Apr-2025 09:27:53 Europe/Berlin] Query executed successfully. Found 0 rows
[23-Apr-2025 09:27:53 Europe/Berlin] Users table created or already exists
[23-Apr-2025 09:27:53 Europe/Berlin] Users table structure: [{"Field":"id","Type":"int(11)","Null":"NO","Key":"PRI","Default":null,"Extra":"auto_increment"},{"Field":"username","Type":"varchar(50)","Null":"NO","Key":"","Default":null,"Extra":""},{"Field":"email","Type":"varchar(100)","Null":"NO","Key":"UNI","Default":null,"Extra":""},{"Field":"password","Type":"varchar(255)","Null":"NO","Key":"","Default":null,"Extra":""},{"Field":"role","Type":"enum('user','admin')","Null":"YES","Key":"","Default":"user","Extra":""},{"Field":"verification_code","Type":"varchar(100)","Null":"YES","Key":"","Default":null,"Extra":""},{"Field":"is_verified","Type":"tinyint(1)","Null":"YES","Key":"","Default":"0","Extra":""},{"Field":"created_at","Type":"timestamp","Null":"NO","Key":"","Default":"current_timestamp()","Extra":""},{"Field":"favorite_sport","Type":"varchar(50)","Null":"YES","Key":"","Default":null,"Extra":""},{"Field":"favorite_team","Type":"varchar(50)","Null":"YES","Key":"","Default":null,"Extra":""},{"Field":"account_type","Type":"enum('user','admin')","Null":"YES","Key":"","Default":"user","Extra":""}]
[23-Apr-2025 09:27:53 Europe/Berlin] Number of users in database: 13
[23-Apr-2025 09:27:53 Europe/Berlin] All tables initialized successfully
[23-Apr-2025 09:27:53 Europe/Berlin] Database tables initialized successfully
[23-Apr-2025 09:27:53 Europe/Berlin] Executing SQL: SELECT * FROM users WHERE id = :id
[23-Apr-2025 09:27:53 Europe/Berlin] With params: {":id":12}
[23-Apr-2025 09:27:53 Europe/Berlin] Query executed successfully. Found 1 rows
[23-Apr-2025 09:27:53 Europe/Berlin] User loaded from session: varunpndey
[23-Apr-2025 09:27:53 Europe/Berlin] Executing SQL: SELECT * FROM users WHERE id = :id
[23-Apr-2025 09:27:53 Europe/Berlin] With params: {":id":12}
[23-Apr-2025 09:27:53 Europe/Berlin] Query executed successfully. Found 1 rows
[23-Apr-2025 09:27:53 Europe/Berlin] Executing SQL: SELECT * FROM news ORDER BY created_at DESC
[23-Apr-2025 09:27:53 Europe/Berlin] With params: []
[23-Apr-2025 09:27:53 Europe/Berlin] Query executed successfully. Found 13 rows
[23-Apr-2025 09:27:53 Europe/Berlin] Executing SQL: SELECT * FROM feedback ORDER BY created_at DESC
[23-Apr-2025 09:27:53 Europe/Berlin] With params: []
[23-Apr-2025 09:27:53 Europe/Berlin] Query executed successfully. Found 10 rows
[23-Apr-2025 09:27:53 Europe/Berlin] Executing SQL: SELECT * FROM matches WHERE status = 'live'
[23-Apr-2025 09:27:53 Europe/Berlin] With params: []
[23-Apr-2025 09:27:53 Europe/Berlin] Query executed successfully. Found 4 rows
[23-Apr-2025 09:27:53 Europe/Berlin] Executing SQL: SELECT * FROM matches WHERE 1=1 ORDER BY match_time DESC
[23-Apr-2025 09:27:53 Europe/Berlin] With params: []
[23-Apr-2025 09:27:53 Europe/Berlin] Query executed successfully. Found 21 rows
[23-Apr-2025 09:27:53 Europe/Berlin] PHP Warning:  Undefined array key "status" in /Applications/XAMPP/xamppfiles/htdocs/sportsync/public/admin.php on line 871
[23-Apr-2025 09:27:53 Europe/Berlin] PHP Warning:  Undefined array key "status" in /Applications/XAMPP/xamppfiles/htdocs/sportsync/public/admin.php on line 872
[23-Apr-2025 09:27:53 Europe/Berlin] PHP Warning:  Undefined array key "status" in /Applications/XAMPP/xamppfiles/htdocs/sportsync/public/admin.php on line 873
[23-Apr-2025 09:27:53 Europe/Berlin] PHP Warning:  Undefined array key "status" in /Applications/XAMPP/xamppfiles/htdocs/sportsync/public/admin.php on line 871
[23-Apr-2025 09:27:53 Europe/Berlin] PHP Warning:  Undefined array key "status" in /Applications/XAMPP/xamppfiles/htdocs/sportsync/public/admin.php on line 872
[23-Apr-2025 09:27:53 Europe/Berlin] PHP Warning:  Undefined array key "status" in /Applications/XAMPP/xamppfiles/htdocs/sportsync/public/admin.php on line 873
[23-Apr-2025 09:27:53 Europe/Berlin] PHP Warning:  Undefined array key "status" in /Applications/XAMPP/xamppfiles/htdocs/sportsync/public/admin.php on line 871
[23-Apr-2025 09:27:53 Europe/Berlin] PHP Warning:  Undefined array key "status" in /Applications/XAMPP/xamppfiles/htdocs/sportsync/public/admin.php on line 872
[23-Apr-2025 09:27:53 Europe/Berlin] PHP Warning:  Undefined array key "status" in /Applications/XAMPP/xamppfiles/htdocs/sportsync/public/admin.php on line 873
[23-Apr-2025 09:27:53 Europe/Berlin] PHP Warning:  Undefined array key "status" in /Applications/XAMPP/xamppfiles/htdocs/sportsync/public/admin.php on line 871
[23-Apr-2025 09:27:53 Europe/Berlin] PHP Warning:  Undefined array key "status" in /Applications/XAMPP/xamppfiles/htdocs/sportsync/public/admin.php on line 872
[23-Apr-2025 09:27:53 Europe/Berlin] PHP Warning:  Undefined array key "status" in /Applications/XAMPP/xamppfiles/htdocs/sportsync/public/admin.php on line 873
[23-Apr-2025 09:27:53 Europe/Berlin] PHP Warning:  Undefined array key "status" in /Applications/XAMPP/xamppfiles/htdocs/sportsync/public/admin.php on line 871
[23-Apr-2025 09:27:53 Europe/Berlin] PHP Warning:  Undefined array key "status" in /Applications/XAMPP/xamppfiles/htdocs/sportsync/public/admin.php on line 872
[23-Apr-2025 09:27:53 Europe/Berlin] PHP Warning:  Undefined array key "status" in /Applications/XAMPP/xamppfiles/htdocs/sportsync/public/admin.php on line 873
[23-Apr-2025 09:27:53 Europe/Berlin] PHP Warning:  Undefined array key "status" in /Applications/XAMPP/xamppfiles/htdocs/sportsync/public/admin.php on line 871
[23-Apr-2025 09:27:53 Europe/Berlin] PHP Warning:  Undefined array key "status" in /Applications/XAMPP/xamppfiles/htdocs/sportsync/public/admin.php on line 872
[23-Apr-2025 09:27:53 Europe/Berlin] PHP Warning:  Undefined array key "status" in /Applications/XAMPP/xamppfiles/htdocs/sportsync/public/admin.php on line 873
[23-Apr-2025 09:27:53 Europe/Berlin] PHP Warning:  Undefined array key "status" in /Applications/XAMPP/xamppfiles/htdocs/sportsync/public/admin.php on line 871
[23-Apr-2025 09:27:53 Europe/Berlin] PHP Warning:  Undefined array key "status" in /Applications/XAMPP/xamppfiles/htdocs/sportsync/public/admin.php on line 872
[23-Apr-2025 09:27:53 Europe/Berlin] PHP Warning:  Undefined array key "status" in /Applications/XAMPP/xamppfiles/htdocs/sportsync/public/admin.php on line 873
[23-Apr-2025 09:27:53 Europe/Berlin] PHP Warning:  Undefined array key "status" in /Applications/XAMPP/xamppfiles/htdocs/sportsync/public/admin.php on line 871
[23-Apr-2025 09:27:53 Europe/Berlin] PHP Warning:  Undefined array key "status" in /Applications/XAMPP/xamppfiles/htdocs/sportsync/public/admin.php on line 872
[23-Apr-2025 09:27:53 Europe/Berlin] PHP Warning:  Undefined array key "status" in /Applications/XAMPP/xamppfiles/htdocs/sportsync/public/admin.php on line 873
[23-Apr-2025 09:27:53 Europe/Berlin] PHP Warning:  Undefined array key "status" in /Applications/XAMPP/xamppfiles/htdocs/sportsync/public/admin.php on line 871
[23-Apr-2025 09:27:53 Europe/Berlin] PHP Warning:  Undefined array key "status" in /Applications/XAMPP/xamppfiles/htdocs/sportsync/public/admin.php on line 872
[23-Apr-2025 09:27:53 Europe/Berlin] PHP Warning:  Undefined array key "status" in /Applications/XAMPP/xamppfiles/htdocs/sportsync/public/admin.php on line 873
[23-Apr-2025 09:27:53 Europe/Berlin] PHP Warning:  Undefined array key "status" in /Applications/XAMPP/xamppfiles/htdocs/sportsync/public/admin.php on line 871
[23-Apr-2025 09:27:53 Europe/Berlin] PHP Warning:  Undefined array key "status" in /Applications/XAMPP/xamppfiles/htdocs/sportsync/public/admin.php on line 872
[23-Apr-2025 09:27:53 Europe/Berlin] PHP Warning:  Undefined array key "status" in /Applications/XAMPP/xamppfiles/htdocs/sportsync/public/admin.php on line 873
[23-Apr-2025 09:27:59 Europe/Berlin] Connected to database. Tables found: favorites, feedback, matches, matches_backup, matches_new, news, newsletter, notifications, players, subscriptions, users
[23-Apr-2025 09:27:59 Europe/Berlin] Executing SQL: CREATE TABLE IF NOT EXISTS users (
                id INT AUTO_INCREMENT PRIMARY KEY,
                username VARCHAR(50) NOT NULL UNIQUE,
                password VARCHAR(255) NOT NULL,
                email VARCHAR(100) NOT NULL UNIQUE,
                account_type ENUM('user', 'admin') DEFAULT 'user',
                created_at TIMESTAMP DEFAULT CURRENT_TIMESTAMP
            )
[23-Apr-2025 09:27:59 Europe/Berlin] With params: []
[23-Apr-2025 09:27:59 Europe/Berlin] Query executed successfully. Found 0 rows
[23-Apr-2025 09:27:59 Europe/Berlin] Users table created or already exists
[23-Apr-2025 09:27:59 Europe/Berlin] Users table structure: [{"Field":"id","Type":"int(11)","Null":"NO","Key":"PRI","Default":null,"Extra":"auto_increment"},{"Field":"username","Type":"varchar(50)","Null":"NO","Key":"","Default":null,"Extra":""},{"Field":"email","Type":"varchar(100)","Null":"NO","Key":"UNI","Default":null,"Extra":""},{"Field":"password","Type":"varchar(255)","Null":"NO","Key":"","Default":null,"Extra":""},{"Field":"role","Type":"enum('user','admin')","Null":"YES","Key":"","Default":"user","Extra":""},{"Field":"verification_code","Type":"varchar(100)","Null":"YES","Key":"","Default":null,"Extra":""},{"Field":"is_verified","Type":"tinyint(1)","Null":"YES","Key":"","Default":"0","Extra":""},{"Field":"created_at","Type":"timestamp","Null":"NO","Key":"","Default":"current_timestamp()","Extra":""},{"Field":"favorite_sport","Type":"varchar(50)","Null":"YES","Key":"","Default":null,"Extra":""},{"Field":"favorite_team","Type":"varchar(50)","Null":"YES","Key":"","Default":null,"Extra":""},{"Field":"account_type","Type":"enum('user','admin')","Null":"YES","Key":"","Default":"user","Extra":""}]
[23-Apr-2025 09:27:59 Europe/Berlin] Number of users in database: 13
[23-Apr-2025 09:27:59 Europe/Berlin] All tables initialized successfully
[23-Apr-2025 09:27:59 Europe/Berlin] Connected to database. Tables found: favorites, feedback, matches, matches_backup, matches_new, news, newsletter, notifications, players, subscriptions, users
[23-Apr-2025 09:27:59 Europe/Berlin] Executing SQL: CREATE TABLE IF NOT EXISTS users (
                id INT AUTO_INCREMENT PRIMARY KEY,
                username VARCHAR(50) NOT NULL UNIQUE,
                password VARCHAR(255) NOT NULL,
                email VARCHAR(100) NOT NULL UNIQUE,
                account_type ENUM('user', 'admin') DEFAULT 'user',
                created_at TIMESTAMP DEFAULT CURRENT_TIMESTAMP
            )
[23-Apr-2025 09:27:59 Europe/Berlin] With params: []
[23-Apr-2025 09:27:59 Europe/Berlin] Query executed successfully. Found 0 rows
[23-Apr-2025 09:27:59 Europe/Berlin] Users table created or already exists
[23-Apr-2025 09:27:59 Europe/Berlin] Users table structure: [{"Field":"id","Type":"int(11)","Null":"NO","Key":"PRI","Default":null,"Extra":"auto_increment"},{"Field":"username","Type":"varchar(50)","Null":"NO","Key":"","Default":null,"Extra":""},{"Field":"email","Type":"varchar(100)","Null":"NO","Key":"UNI","Default":null,"Extra":""},{"Field":"password","Type":"varchar(255)","Null":"NO","Key":"","Default":null,"Extra":""},{"Field":"role","Type":"enum('user','admin')","Null":"YES","Key":"","Default":"user","Extra":""},{"Field":"verification_code","Type":"varchar(100)","Null":"YES","Key":"","Default":null,"Extra":""},{"Field":"is_verified","Type":"tinyint(1)","Null":"YES","Key":"","Default":"0","Extra":""},{"Field":"created_at","Type":"timestamp","Null":"NO","Key":"","Default":"current_timestamp()","Extra":""},{"Field":"favorite_sport","Type":"varchar(50)","Null":"YES","Key":"","Default":null,"Extra":""},{"Field":"favorite_team","Type":"varchar(50)","Null":"YES","Key":"","Default":null,"Extra":""},{"Field":"account_type","Type":"enum('user','admin')","Null":"YES","Key":"","Default":"user","Extra":""}]
[23-Apr-2025 09:27:59 Europe/Berlin] Number of users in database: 13
[23-Apr-2025 09:27:59 Europe/Berlin] All tables initialized successfully
[23-Apr-2025 09:27:59 Europe/Berlin] Database tables initialized successfully
[23-Apr-2025 09:27:59 Europe/Berlin] Executing SQL: SELECT * FROM users WHERE id = :id
[23-Apr-2025 09:27:59 Europe/Berlin] With params: {":id":12}
[23-Apr-2025 09:27:59 Europe/Berlin] Query executed successfully. Found 1 rows
[23-Apr-2025 09:27:59 Europe/Berlin] User loaded from session: varunpndey
[23-Apr-2025 09:27:59 Europe/Berlin] Executing SQL: SELECT * FROM users WHERE id = :id
[23-Apr-2025 09:27:59 Europe/Berlin] With params: {":id":12}
[23-Apr-2025 09:27:59 Europe/Berlin] Query executed successfully. Found 1 rows
[23-Apr-2025 09:27:59 Europe/Berlin] Executing SQL: UPDATE matches SET team1 = :team1, team2 = :team2, team1_country = :team1_country, team2_country = :team2_country, venue = :venue, match_time = :match_time, sport = :sport, status = :status, team1_score = :team1_score, team2_score = :team2_score, team1_wickets = :team1_wickets, team2_wickets = :team2_wickets, team1_overs = :team1_overs, team2_overs = :team2_overs WHERE id = :id
[23-Apr-2025 09:27:59 Europe/Berlin] With params: {":id":"14",":team1":"India",":team2":"England",":team1_country":"gb",":team2_country":"gb",":venue":"The Oval, London",":match_time":"2025-06-18T03:00",":sport":"cricket",":status":"completed",":team1_score":"244",":team2_score":"243",":team1_wickets":"7",":team2_wickets":"10",":team1_overs":"20.0",":team2_overs":"19.3"}
[23-Apr-2025 09:27:59 Europe/Berlin] Error in executeQuery: SQLSTATE[42S22]: Column not found: 1054 Unknown column 'team1_country' in 'field list'
[23-Apr-2025 09:27:59 Europe/Berlin] Error updating match: SQLSTATE[42S22]: Column not found: 1054 Unknown column 'team1_country' in 'field list'
[23-Apr-2025 09:27:59 Europe/Berlin] Error updating match: Failed to update match: SQLSTATE[42S22]: Column not found: 1054 Unknown column 'team1_country' in 'field list'
[23-Apr-2025 09:41:25 Europe/Berlin] Connected to database. Tables found: favorites, feedback, matches, matches_backup, matches_new, news, newsletter, notifications, players, subscriptions, users
[23-Apr-2025 09:41:25 Europe/Berlin] Executing SQL: CREATE TABLE IF NOT EXISTS users (
                id INT AUTO_INCREMENT PRIMARY KEY,
                username VARCHAR(50) NOT NULL UNIQUE,
                password VARCHAR(255) NOT NULL,
                email VARCHAR(100) NOT NULL UNIQUE,
                account_type ENUM('user', 'admin') DEFAULT 'user',
                created_at TIMESTAMP DEFAULT CURRENT_TIMESTAMP
            )
[23-Apr-2025 09:41:25 Europe/Berlin] With params: []
[23-Apr-2025 09:41:25 Europe/Berlin] Query executed successfully. Found 0 rows
[23-Apr-2025 09:41:25 Europe/Berlin] Users table created or already exists
[23-Apr-2025 09:41:25 Europe/Berlin] Users table structure: [{"Field":"id","Type":"int(11)","Null":"NO","Key":"PRI","Default":null,"Extra":"auto_increment"},{"Field":"username","Type":"varchar(50)","Null":"NO","Key":"","Default":null,"Extra":""},{"Field":"email","Type":"varchar(100)","Null":"NO","Key":"UNI","Default":null,"Extra":""},{"Field":"password","Type":"varchar(255)","Null":"NO","Key":"","Default":null,"Extra":""},{"Field":"role","Type":"enum('user','admin')","Null":"YES","Key":"","Default":"user","Extra":""},{"Field":"verification_code","Type":"varchar(100)","Null":"YES","Key":"","Default":null,"Extra":""},{"Field":"is_verified","Type":"tinyint(1)","Null":"YES","Key":"","Default":"0","Extra":""},{"Field":"created_at","Type":"timestamp","Null":"NO","Key":"","Default":"current_timestamp()","Extra":""},{"Field":"favorite_sport","Type":"varchar(50)","Null":"YES","Key":"","Default":null,"Extra":""},{"Field":"favorite_team","Type":"varchar(50)","Null":"YES","Key":"","Default":null,"Extra":""},{"Field":"account_type","Type":"enum('user','admin')","Null":"YES","Key":"","Default":"user","Extra":""}]
[23-Apr-2025 09:41:25 Europe/Berlin] Number of users in database: 13
[23-Apr-2025 09:41:25 Europe/Berlin] All tables initialized successfully
[23-Apr-2025 09:41:25 Europe/Berlin] Connected to database. Tables found: favorites, feedback, matches, matches_backup, matches_new, news, newsletter, notifications, players, subscriptions, users
[23-Apr-2025 09:41:25 Europe/Berlin] Executing SQL: CREATE TABLE IF NOT EXISTS users (
                id INT AUTO_INCREMENT PRIMARY KEY,
                username VARCHAR(50) NOT NULL UNIQUE,
                password VARCHAR(255) NOT NULL,
                email VARCHAR(100) NOT NULL UNIQUE,
                account_type ENUM('user', 'admin') DEFAULT 'user',
                created_at TIMESTAMP DEFAULT CURRENT_TIMESTAMP
            )
[23-Apr-2025 09:41:25 Europe/Berlin] With params: []
[23-Apr-2025 09:41:25 Europe/Berlin] Query executed successfully. Found 0 rows
[23-Apr-2025 09:41:25 Europe/Berlin] Users table created or already exists
[23-Apr-2025 09:41:25 Europe/Berlin] Users table structure: [{"Field":"id","Type":"int(11)","Null":"NO","Key":"PRI","Default":null,"Extra":"auto_increment"},{"Field":"username","Type":"varchar(50)","Null":"NO","Key":"","Default":null,"Extra":""},{"Field":"email","Type":"varchar(100)","Null":"NO","Key":"UNI","Default":null,"Extra":""},{"Field":"password","Type":"varchar(255)","Null":"NO","Key":"","Default":null,"Extra":""},{"Field":"role","Type":"enum('user','admin')","Null":"YES","Key":"","Default":"user","Extra":""},{"Field":"verification_code","Type":"varchar(100)","Null":"YES","Key":"","Default":null,"Extra":""},{"Field":"is_verified","Type":"tinyint(1)","Null":"YES","Key":"","Default":"0","Extra":""},{"Field":"created_at","Type":"timestamp","Null":"NO","Key":"","Default":"current_timestamp()","Extra":""},{"Field":"favorite_sport","Type":"varchar(50)","Null":"YES","Key":"","Default":null,"Extra":""},{"Field":"favorite_team","Type":"varchar(50)","Null":"YES","Key":"","Default":null,"Extra":""},{"Field":"account_type","Type":"enum('user','admin')","Null":"YES","Key":"","Default":"user","Extra":""}]
[23-Apr-2025 09:41:25 Europe/Berlin] Number of users in database: 13
[23-Apr-2025 09:41:25 Europe/Berlin] All tables initialized successfully
[23-Apr-2025 09:41:25 Europe/Berlin] Database tables initialized successfully
[23-Apr-2025 09:41:25 Europe/Berlin] Executing SQL: SELECT * FROM users WHERE id = :id
[23-Apr-2025 09:41:25 Europe/Berlin] With params: {":id":12}
[23-Apr-2025 09:41:25 Europe/Berlin] Query executed successfully. Found 1 rows
[23-Apr-2025 09:41:25 Europe/Berlin] User loaded from session: varunpndey
[23-Apr-2025 09:41:25 Europe/Berlin] Executing SQL: SELECT * FROM users WHERE id = :id
[23-Apr-2025 09:41:25 Europe/Berlin] With params: {":id":12}
[23-Apr-2025 09:41:25 Europe/Berlin] Query executed successfully. Found 1 rows
[23-Apr-2025 09:41:25 Europe/Berlin] Executing SQL: SELECT * FROM news ORDER BY created_at DESC
[23-Apr-2025 09:41:25 Europe/Berlin] With params: []
[23-Apr-2025 09:41:25 Europe/Berlin] Query executed successfully. Found 13 rows
[23-Apr-2025 09:41:25 Europe/Berlin] Executing SQL: SELECT * FROM feedback ORDER BY created_at DESC
[23-Apr-2025 09:41:25 Europe/Berlin] With params: []
[23-Apr-2025 09:41:25 Europe/Berlin] Query executed successfully. Found 10 rows
[23-Apr-2025 09:41:25 Europe/Berlin] Executing SQL: SELECT * FROM matches WHERE status = 'live'
[23-Apr-2025 09:41:25 Europe/Berlin] With params: []
[23-Apr-2025 09:41:25 Europe/Berlin] Query executed successfully. Found 4 rows
[23-Apr-2025 09:41:25 Europe/Berlin] Executing SQL: SELECT * FROM matches WHERE 1=1 ORDER BY match_time DESC
[23-Apr-2025 09:41:25 Europe/Berlin] With params: []
[23-Apr-2025 09:41:25 Europe/Berlin] Query executed successfully. Found 21 rows
[23-Apr-2025 09:41:25 Europe/Berlin] PHP Warning:  Undefined array key "status" in /Applications/XAMPP/xamppfiles/htdocs/sportsync/public/admin.php on line 869
[23-Apr-2025 09:41:25 Europe/Berlin] PHP Warning:  Undefined array key "status" in /Applications/XAMPP/xamppfiles/htdocs/sportsync/public/admin.php on line 870
[23-Apr-2025 09:41:25 Europe/Berlin] PHP Warning:  Undefined array key "status" in /Applications/XAMPP/xamppfiles/htdocs/sportsync/public/admin.php on line 871
[23-Apr-2025 09:41:25 Europe/Berlin] PHP Warning:  Undefined array key "status" in /Applications/XAMPP/xamppfiles/htdocs/sportsync/public/admin.php on line 869
[23-Apr-2025 09:41:25 Europe/Berlin] PHP Warning:  Undefined array key "status" in /Applications/XAMPP/xamppfiles/htdocs/sportsync/public/admin.php on line 870
[23-Apr-2025 09:41:25 Europe/Berlin] PHP Warning:  Undefined array key "status" in /Applications/XAMPP/xamppfiles/htdocs/sportsync/public/admin.php on line 871
[23-Apr-2025 09:41:25 Europe/Berlin] PHP Warning:  Undefined array key "status" in /Applications/XAMPP/xamppfiles/htdocs/sportsync/public/admin.php on line 869
[23-Apr-2025 09:41:25 Europe/Berlin] PHP Warning:  Undefined array key "status" in /Applications/XAMPP/xamppfiles/htdocs/sportsync/public/admin.php on line 870
[23-Apr-2025 09:41:25 Europe/Berlin] PHP Warning:  Undefined array key "status" in /Applications/XAMPP/xamppfiles/htdocs/sportsync/public/admin.php on line 871
[23-Apr-2025 09:41:25 Europe/Berlin] PHP Warning:  Undefined array key "status" in /Applications/XAMPP/xamppfiles/htdocs/sportsync/public/admin.php on line 869
[23-Apr-2025 09:41:25 Europe/Berlin] PHP Warning:  Undefined array key "status" in /Applications/XAMPP/xamppfiles/htdocs/sportsync/public/admin.php on line 870
[23-Apr-2025 09:41:25 Europe/Berlin] PHP Warning:  Undefined array key "status" in /Applications/XAMPP/xamppfiles/htdocs/sportsync/public/admin.php on line 871
[23-Apr-2025 09:41:25 Europe/Berlin] PHP Warning:  Undefined array key "status" in /Applications/XAMPP/xamppfiles/htdocs/sportsync/public/admin.php on line 869
[23-Apr-2025 09:41:25 Europe/Berlin] PHP Warning:  Undefined array key "status" in /Applications/XAMPP/xamppfiles/htdocs/sportsync/public/admin.php on line 870
[23-Apr-2025 09:41:25 Europe/Berlin] PHP Warning:  Undefined array key "status" in /Applications/XAMPP/xamppfiles/htdocs/sportsync/public/admin.php on line 871
[23-Apr-2025 09:41:25 Europe/Berlin] PHP Warning:  Undefined array key "status" in /Applications/XAMPP/xamppfiles/htdocs/sportsync/public/admin.php on line 869
[23-Apr-2025 09:41:25 Europe/Berlin] PHP Warning:  Undefined array key "status" in /Applications/XAMPP/xamppfiles/htdocs/sportsync/public/admin.php on line 870
[23-Apr-2025 09:41:25 Europe/Berlin] PHP Warning:  Undefined array key "status" in /Applications/XAMPP/xamppfiles/htdocs/sportsync/public/admin.php on line 871
[23-Apr-2025 09:41:25 Europe/Berlin] PHP Warning:  Undefined array key "status" in /Applications/XAMPP/xamppfiles/htdocs/sportsync/public/admin.php on line 869
[23-Apr-2025 09:41:25 Europe/Berlin] PHP Warning:  Undefined array key "status" in /Applications/XAMPP/xamppfiles/htdocs/sportsync/public/admin.php on line 870
[23-Apr-2025 09:41:25 Europe/Berlin] PHP Warning:  Undefined array key "status" in /Applications/XAMPP/xamppfiles/htdocs/sportsync/public/admin.php on line 871
[23-Apr-2025 09:41:25 Europe/Berlin] PHP Warning:  Undefined array key "status" in /Applications/XAMPP/xamppfiles/htdocs/sportsync/public/admin.php on line 869
[23-Apr-2025 09:41:25 Europe/Berlin] PHP Warning:  Undefined array key "status" in /Applications/XAMPP/xamppfiles/htdocs/sportsync/public/admin.php on line 870
[23-Apr-2025 09:41:25 Europe/Berlin] PHP Warning:  Undefined array key "status" in /Applications/XAMPP/xamppfiles/htdocs/sportsync/public/admin.php on line 871
[23-Apr-2025 09:41:25 Europe/Berlin] PHP Warning:  Undefined array key "status" in /Applications/XAMPP/xamppfiles/htdocs/sportsync/public/admin.php on line 869
[23-Apr-2025 09:41:25 Europe/Berlin] PHP Warning:  Undefined array key "status" in /Applications/XAMPP/xamppfiles/htdocs/sportsync/public/admin.php on line 870
[23-Apr-2025 09:41:25 Europe/Berlin] PHP Warning:  Undefined array key "status" in /Applications/XAMPP/xamppfiles/htdocs/sportsync/public/admin.php on line 871
[23-Apr-2025 09:41:25 Europe/Berlin] PHP Warning:  Undefined array key "status" in /Applications/XAMPP/xamppfiles/htdocs/sportsync/public/admin.php on line 869
[23-Apr-2025 09:41:25 Europe/Berlin] PHP Warning:  Undefined array key "status" in /Applications/XAMPP/xamppfiles/htdocs/sportsync/public/admin.php on line 870
[23-Apr-2025 09:41:25 Europe/Berlin] PHP Warning:  Undefined array key "status" in /Applications/XAMPP/xamppfiles/htdocs/sportsync/public/admin.php on line 871
[23-Apr-2025 09:41:37 Europe/Berlin] Connected to database. Tables found: favorites, feedback, matches, matches_backup, matches_new, news, newsletter, notifications, players, subscriptions, users
[23-Apr-2025 09:41:37 Europe/Berlin] Executing SQL: CREATE TABLE IF NOT EXISTS users (
                id INT AUTO_INCREMENT PRIMARY KEY,
                username VARCHAR(50) NOT NULL UNIQUE,
                password VARCHAR(255) NOT NULL,
                email VARCHAR(100) NOT NULL UNIQUE,
                account_type ENUM('user', 'admin') DEFAULT 'user',
                created_at TIMESTAMP DEFAULT CURRENT_TIMESTAMP
            )
[23-Apr-2025 09:41:37 Europe/Berlin] With params: []
[23-Apr-2025 09:41:37 Europe/Berlin] Query executed successfully. Found 0 rows
[23-Apr-2025 09:41:37 Europe/Berlin] Users table created or already exists
[23-Apr-2025 09:41:37 Europe/Berlin] Users table structure: [{"Field":"id","Type":"int(11)","Null":"NO","Key":"PRI","Default":null,"Extra":"auto_increment"},{"Field":"username","Type":"varchar(50)","Null":"NO","Key":"","Default":null,"Extra":""},{"Field":"email","Type":"varchar(100)","Null":"NO","Key":"UNI","Default":null,"Extra":""},{"Field":"password","Type":"varchar(255)","Null":"NO","Key":"","Default":null,"Extra":""},{"Field":"role","Type":"enum('user','admin')","Null":"YES","Key":"","Default":"user","Extra":""},{"Field":"verification_code","Type":"varchar(100)","Null":"YES","Key":"","Default":null,"Extra":""},{"Field":"is_verified","Type":"tinyint(1)","Null":"YES","Key":"","Default":"0","Extra":""},{"Field":"created_at","Type":"timestamp","Null":"NO","Key":"","Default":"current_timestamp()","Extra":""},{"Field":"favorite_sport","Type":"varchar(50)","Null":"YES","Key":"","Default":null,"Extra":""},{"Field":"favorite_team","Type":"varchar(50)","Null":"YES","Key":"","Default":null,"Extra":""},{"Field":"account_type","Type":"enum('user','admin')","Null":"YES","Key":"","Default":"user","Extra":""}]
[23-Apr-2025 09:41:37 Europe/Berlin] Number of users in database: 13
[23-Apr-2025 09:41:37 Europe/Berlin] All tables initialized successfully
[23-Apr-2025 09:41:37 Europe/Berlin] Connected to database. Tables found: favorites, feedback, matches, matches_backup, matches_new, news, newsletter, notifications, players, subscriptions, users
[23-Apr-2025 09:41:37 Europe/Berlin] Executing SQL: CREATE TABLE IF NOT EXISTS users (
                id INT AUTO_INCREMENT PRIMARY KEY,
                username VARCHAR(50) NOT NULL UNIQUE,
                password VARCHAR(255) NOT NULL,
                email VARCHAR(100) NOT NULL UNIQUE,
                account_type ENUM('user', 'admin') DEFAULT 'user',
                created_at TIMESTAMP DEFAULT CURRENT_TIMESTAMP
            )
[23-Apr-2025 09:41:37 Europe/Berlin] With params: []
[23-Apr-2025 09:41:37 Europe/Berlin] Query executed successfully. Found 0 rows
[23-Apr-2025 09:41:37 Europe/Berlin] Users table created or already exists
[23-Apr-2025 09:41:37 Europe/Berlin] Users table structure: [{"Field":"id","Type":"int(11)","Null":"NO","Key":"PRI","Default":null,"Extra":"auto_increment"},{"Field":"username","Type":"varchar(50)","Null":"NO","Key":"","Default":null,"Extra":""},{"Field":"email","Type":"varchar(100)","Null":"NO","Key":"UNI","Default":null,"Extra":""},{"Field":"password","Type":"varchar(255)","Null":"NO","Key":"","Default":null,"Extra":""},{"Field":"role","Type":"enum('user','admin')","Null":"YES","Key":"","Default":"user","Extra":""},{"Field":"verification_code","Type":"varchar(100)","Null":"YES","Key":"","Default":null,"Extra":""},{"Field":"is_verified","Type":"tinyint(1)","Null":"YES","Key":"","Default":"0","Extra":""},{"Field":"created_at","Type":"timestamp","Null":"NO","Key":"","Default":"current_timestamp()","Extra":""},{"Field":"favorite_sport","Type":"varchar(50)","Null":"YES","Key":"","Default":null,"Extra":""},{"Field":"favorite_team","Type":"varchar(50)","Null":"YES","Key":"","Default":null,"Extra":""},{"Field":"account_type","Type":"enum('user','admin')","Null":"YES","Key":"","Default":"user","Extra":""}]
[23-Apr-2025 09:41:37 Europe/Berlin] Number of users in database: 13
[23-Apr-2025 09:41:37 Europe/Berlin] All tables initialized successfully
[23-Apr-2025 09:41:37 Europe/Berlin] Database tables initialized successfully
[23-Apr-2025 09:41:37 Europe/Berlin] Executing SQL: SELECT * FROM users WHERE id = :id
[23-Apr-2025 09:41:37 Europe/Berlin] With params: {":id":12}
[23-Apr-2025 09:41:37 Europe/Berlin] Query executed successfully. Found 1 rows
[23-Apr-2025 09:41:37 Europe/Berlin] User loaded from session: varunpndey
[23-Apr-2025 09:41:37 Europe/Berlin] Executing SQL: SELECT * FROM users WHERE id = :id
[23-Apr-2025 09:41:37 Europe/Berlin] With params: {":id":12}
[23-Apr-2025 09:41:37 Europe/Berlin] Query executed successfully. Found 1 rows
[23-Apr-2025 09:41:37 Europe/Berlin] Executing SQL: UPDATE matches SET team1 = :team1, team2 = :team2, venue = :venue, match_time = :match_time, sport = :sport, status = :status, team1_score = :team1_score, team2_score = :team2_score, team1_wickets = :team1_wickets, team2_wickets = :team2_wickets, team1_overs = :team1_overs, team2_overs = :team2_overs WHERE id = :id
[23-Apr-2025 09:41:37 Europe/Berlin] With params: {":id":"14",":team1":"India",":team2":"England",":venue":"The Oval, London",":match_time":"2025-06-18T03:00",":sport":"cricket",":status":"completed",":team1_score":"244",":team2_score":"243",":team1_wickets":"7",":team2_wickets":"10",":team1_overs":"20.0",":team2_overs":"19.3"}
[23-Apr-2025 09:41:37 Europe/Berlin] Query executed successfully. Found 0 rows
[23-Apr-2025 09:41:38 Europe/Berlin] Connected to database. Tables found: favorites, feedback, matches, matches_backup, matches_new, news, newsletter, notifications, players, subscriptions, users
[23-Apr-2025 09:41:38 Europe/Berlin] Executing SQL: CREATE TABLE IF NOT EXISTS users (
                id INT AUTO_INCREMENT PRIMARY KEY,
                username VARCHAR(50) NOT NULL UNIQUE,
                password VARCHAR(255) NOT NULL,
                email VARCHAR(100) NOT NULL UNIQUE,
                account_type ENUM('user', 'admin') DEFAULT 'user',
                created_at TIMESTAMP DEFAULT CURRENT_TIMESTAMP
            )
[23-Apr-2025 09:41:38 Europe/Berlin] With params: []
[23-Apr-2025 09:41:38 Europe/Berlin] Query executed successfully. Found 0 rows
[23-Apr-2025 09:41:38 Europe/Berlin] Users table created or already exists
[23-Apr-2025 09:41:38 Europe/Berlin] Users table structure: [{"Field":"id","Type":"int(11)","Null":"NO","Key":"PRI","Default":null,"Extra":"auto_increment"},{"Field":"username","Type":"varchar(50)","Null":"NO","Key":"","Default":null,"Extra":""},{"Field":"email","Type":"varchar(100)","Null":"NO","Key":"UNI","Default":null,"Extra":""},{"Field":"password","Type":"varchar(255)","Null":"NO","Key":"","Default":null,"Extra":""},{"Field":"role","Type":"enum('user','admin')","Null":"YES","Key":"","Default":"user","Extra":""},{"Field":"verification_code","Type":"varchar(100)","Null":"YES","Key":"","Default":null,"Extra":""},{"Field":"is_verified","Type":"tinyint(1)","Null":"YES","Key":"","Default":"0","Extra":""},{"Field":"created_at","Type":"timestamp","Null":"NO","Key":"","Default":"current_timestamp()","Extra":""},{"Field":"favorite_sport","Type":"varchar(50)","Null":"YES","Key":"","Default":null,"Extra":""},{"Field":"favorite_team","Type":"varchar(50)","Null":"YES","Key":"","Default":null,"Extra":""},{"Field":"account_type","Type":"enum('user','admin')","Null":"YES","Key":"","Default":"user","Extra":""}]
[23-Apr-2025 09:41:38 Europe/Berlin] Number of users in database: 13
[23-Apr-2025 09:41:38 Europe/Berlin] All tables initialized successfully
[23-Apr-2025 09:41:38 Europe/Berlin] Connected to database. Tables found: favorites, feedback, matches, matches_backup, matches_new, news, newsletter, notifications, players, subscriptions, users
[23-Apr-2025 09:41:38 Europe/Berlin] Executing SQL: CREATE TABLE IF NOT EXISTS users (
                id INT AUTO_INCREMENT PRIMARY KEY,
                username VARCHAR(50) NOT NULL UNIQUE,
                password VARCHAR(255) NOT NULL,
                email VARCHAR(100) NOT NULL UNIQUE,
                account_type ENUM('user', 'admin') DEFAULT 'user',
                created_at TIMESTAMP DEFAULT CURRENT_TIMESTAMP
            )
[23-Apr-2025 09:41:38 Europe/Berlin] With params: []
[23-Apr-2025 09:41:38 Europe/Berlin] Query executed successfully. Found 0 rows
[23-Apr-2025 09:41:38 Europe/Berlin] Users table created or already exists
[23-Apr-2025 09:41:38 Europe/Berlin] Users table structure: [{"Field":"id","Type":"int(11)","Null":"NO","Key":"PRI","Default":null,"Extra":"auto_increment"},{"Field":"username","Type":"varchar(50)","Null":"NO","Key":"","Default":null,"Extra":""},{"Field":"email","Type":"varchar(100)","Null":"NO","Key":"UNI","Default":null,"Extra":""},{"Field":"password","Type":"varchar(255)","Null":"NO","Key":"","Default":null,"Extra":""},{"Field":"role","Type":"enum('user','admin')","Null":"YES","Key":"","Default":"user","Extra":""},{"Field":"verification_code","Type":"varchar(100)","Null":"YES","Key":"","Default":null,"Extra":""},{"Field":"is_verified","Type":"tinyint(1)","Null":"YES","Key":"","Default":"0","Extra":""},{"Field":"created_at","Type":"timestamp","Null":"NO","Key":"","Default":"current_timestamp()","Extra":""},{"Field":"favorite_sport","Type":"varchar(50)","Null":"YES","Key":"","Default":null,"Extra":""},{"Field":"favorite_team","Type":"varchar(50)","Null":"YES","Key":"","Default":null,"Extra":""},{"Field":"account_type","Type":"enum('user','admin')","Null":"YES","Key":"","Default":"user","Extra":""}]
[23-Apr-2025 09:41:38 Europe/Berlin] Number of users in database: 13
[23-Apr-2025 09:41:38 Europe/Berlin] All tables initialized successfully
[23-Apr-2025 09:41:38 Europe/Berlin] Database tables initialized successfully
[23-Apr-2025 09:41:38 Europe/Berlin] Executing SQL: SELECT * FROM users WHERE id = :id
[23-Apr-2025 09:41:38 Europe/Berlin] With params: {":id":12}
[23-Apr-2025 09:41:38 Europe/Berlin] Query executed successfully. Found 1 rows
[23-Apr-2025 09:41:38 Europe/Berlin] User loaded from session: varunpndey
[23-Apr-2025 09:41:38 Europe/Berlin] Executing SQL: SELECT * FROM users WHERE id = :id
[23-Apr-2025 09:41:38 Europe/Berlin] With params: {":id":12}
[23-Apr-2025 09:41:38 Europe/Berlin] Query executed successfully. Found 1 rows
[23-Apr-2025 09:41:38 Europe/Berlin] Executing SQL: SELECT * FROM news ORDER BY created_at DESC
[23-Apr-2025 09:41:38 Europe/Berlin] With params: []
[23-Apr-2025 09:41:38 Europe/Berlin] Query executed successfully. Found 13 rows
[23-Apr-2025 09:41:38 Europe/Berlin] Executing SQL: SELECT * FROM feedback ORDER BY created_at DESC
[23-Apr-2025 09:41:38 Europe/Berlin] With params: []
[23-Apr-2025 09:41:38 Europe/Berlin] Query executed successfully. Found 10 rows
[23-Apr-2025 09:41:38 Europe/Berlin] Executing SQL: SELECT * FROM matches WHERE status = 'live'
[23-Apr-2025 09:41:38 Europe/Berlin] With params: []
[23-Apr-2025 09:41:38 Europe/Berlin] Query executed successfully. Found 4 rows
[23-Apr-2025 09:41:38 Europe/Berlin] Executing SQL: SELECT * FROM matches WHERE 1=1 ORDER BY match_time DESC
[23-Apr-2025 09:41:38 Europe/Berlin] With params: []
[23-Apr-2025 09:41:38 Europe/Berlin] Query executed successfully. Found 21 rows
[23-Apr-2025 09:41:38 Europe/Berlin] PHP Warning:  Undefined array key "status" in /Applications/XAMPP/xamppfiles/htdocs/sportsync/public/admin.php on line 869
[23-Apr-2025 09:41:38 Europe/Berlin] PHP Warning:  Undefined array key "status" in /Applications/XAMPP/xamppfiles/htdocs/sportsync/public/admin.php on line 870
[23-Apr-2025 09:41:38 Europe/Berlin] PHP Warning:  Undefined array key "status" in /Applications/XAMPP/xamppfiles/htdocs/sportsync/public/admin.php on line 871
[23-Apr-2025 09:41:38 Europe/Berlin] PHP Warning:  Undefined array key "status" in /Applications/XAMPP/xamppfiles/htdocs/sportsync/public/admin.php on line 869
[23-Apr-2025 09:41:38 Europe/Berlin] PHP Warning:  Undefined array key "status" in /Applications/XAMPP/xamppfiles/htdocs/sportsync/public/admin.php on line 870
[23-Apr-2025 09:41:38 Europe/Berlin] PHP Warning:  Undefined array key "status" in /Applications/XAMPP/xamppfiles/htdocs/sportsync/public/admin.php on line 871
[23-Apr-2025 09:41:38 Europe/Berlin] PHP Warning:  Undefined array key "status" in /Applications/XAMPP/xamppfiles/htdocs/sportsync/public/admin.php on line 869
[23-Apr-2025 09:41:38 Europe/Berlin] PHP Warning:  Undefined array key "status" in /Applications/XAMPP/xamppfiles/htdocs/sportsync/public/admin.php on line 870
[23-Apr-2025 09:41:38 Europe/Berlin] PHP Warning:  Undefined array key "status" in /Applications/XAMPP/xamppfiles/htdocs/sportsync/public/admin.php on line 871
[23-Apr-2025 09:41:38 Europe/Berlin] PHP Warning:  Undefined array key "status" in /Applications/XAMPP/xamppfiles/htdocs/sportsync/public/admin.php on line 869
[23-Apr-2025 09:41:38 Europe/Berlin] PHP Warning:  Undefined array key "status" in /Applications/XAMPP/xamppfiles/htdocs/sportsync/public/admin.php on line 870
[23-Apr-2025 09:41:38 Europe/Berlin] PHP Warning:  Undefined array key "status" in /Applications/XAMPP/xamppfiles/htdocs/sportsync/public/admin.php on line 871
[23-Apr-2025 09:41:38 Europe/Berlin] PHP Warning:  Undefined array key "status" in /Applications/XAMPP/xamppfiles/htdocs/sportsync/public/admin.php on line 869
[23-Apr-2025 09:41:38 Europe/Berlin] PHP Warning:  Undefined array key "status" in /Applications/XAMPP/xamppfiles/htdocs/sportsync/public/admin.php on line 870
[23-Apr-2025 09:41:38 Europe/Berlin] PHP Warning:  Undefined array key "status" in /Applications/XAMPP/xamppfiles/htdocs/sportsync/public/admin.php on line 871
[23-Apr-2025 09:41:38 Europe/Berlin] PHP Warning:  Undefined array key "status" in /Applications/XAMPP/xamppfiles/htdocs/sportsync/public/admin.php on line 869
[23-Apr-2025 09:41:38 Europe/Berlin] PHP Warning:  Undefined array key "status" in /Applications/XAMPP/xamppfiles/htdocs/sportsync/public/admin.php on line 870
[23-Apr-2025 09:41:38 Europe/Berlin] PHP Warning:  Undefined array key "status" in /Applications/XAMPP/xamppfiles/htdocs/sportsync/public/admin.php on line 871
[23-Apr-2025 09:41:38 Europe/Berlin] PHP Warning:  Undefined array key "status" in /Applications/XAMPP/xamppfiles/htdocs/sportsync/public/admin.php on line 869
[23-Apr-2025 09:41:38 Europe/Berlin] PHP Warning:  Undefined array key "status" in /Applications/XAMPP/xamppfiles/htdocs/sportsync/public/admin.php on line 870
[23-Apr-2025 09:41:38 Europe/Berlin] PHP Warning:  Undefined array key "status" in /Applications/XAMPP/xamppfiles/htdocs/sportsync/public/admin.php on line 871
[23-Apr-2025 09:41:38 Europe/Berlin] PHP Warning:  Undefined array key "status" in /Applications/XAMPP/xamppfiles/htdocs/sportsync/public/admin.php on line 869
[23-Apr-2025 09:41:38 Europe/Berlin] PHP Warning:  Undefined array key "status" in /Applications/XAMPP/xamppfiles/htdocs/sportsync/public/admin.php on line 870
[23-Apr-2025 09:41:38 Europe/Berlin] PHP Warning:  Undefined array key "status" in /Applications/XAMPP/xamppfiles/htdocs/sportsync/public/admin.php on line 871
[23-Apr-2025 09:41:38 Europe/Berlin] PHP Warning:  Undefined array key "status" in /Applications/XAMPP/xamppfiles/htdocs/sportsync/public/admin.php on line 869
[23-Apr-2025 09:41:38 Europe/Berlin] PHP Warning:  Undefined array key "status" in /Applications/XAMPP/xamppfiles/htdocs/sportsync/public/admin.php on line 870
[23-Apr-2025 09:41:38 Europe/Berlin] PHP Warning:  Undefined array key "status" in /Applications/XAMPP/xamppfiles/htdocs/sportsync/public/admin.php on line 871
[23-Apr-2025 09:41:38 Europe/Berlin] PHP Warning:  Undefined array key "status" in /Applications/XAMPP/xamppfiles/htdocs/sportsync/public/admin.php on line 869
[23-Apr-2025 09:41:38 Europe/Berlin] PHP Warning:  Undefined array key "status" in /Applications/XAMPP/xamppfiles/htdocs/sportsync/public/admin.php on line 870
[23-Apr-2025 09:41:38 Europe/Berlin] PHP Warning:  Undefined array key "status" in /Applications/XAMPP/xamppfiles/htdocs/sportsync/public/admin.php on line 871
[23-Apr-2025 09:41:48 Europe/Berlin] Connected to database. Tables found: favorites, feedback, matches, matches_backup, matches_new, news, newsletter, notifications, players, subscriptions, users
[23-Apr-2025 09:41:48 Europe/Berlin] Executing SQL: CREATE TABLE IF NOT EXISTS users (
                id INT AUTO_INCREMENT PRIMARY KEY,
                username VARCHAR(50) NOT NULL UNIQUE,
                password VARCHAR(255) NOT NULL,
                email VARCHAR(100) NOT NULL UNIQUE,
                account_type ENUM('user', 'admin') DEFAULT 'user',
                created_at TIMESTAMP DEFAULT CURRENT_TIMESTAMP
            )
[23-Apr-2025 09:41:48 Europe/Berlin] With params: []
[23-Apr-2025 09:41:48 Europe/Berlin] Query executed successfully. Found 0 rows
[23-Apr-2025 09:41:48 Europe/Berlin] Users table created or already exists
[23-Apr-2025 09:41:48 Europe/Berlin] Users table structure: [{"Field":"id","Type":"int(11)","Null":"NO","Key":"PRI","Default":null,"Extra":"auto_increment"},{"Field":"username","Type":"varchar(50)","Null":"NO","Key":"","Default":null,"Extra":""},{"Field":"email","Type":"varchar(100)","Null":"NO","Key":"UNI","Default":null,"Extra":""},{"Field":"password","Type":"varchar(255)","Null":"NO","Key":"","Default":null,"Extra":""},{"Field":"role","Type":"enum('user','admin')","Null":"YES","Key":"","Default":"user","Extra":""},{"Field":"verification_code","Type":"varchar(100)","Null":"YES","Key":"","Default":null,"Extra":""},{"Field":"is_verified","Type":"tinyint(1)","Null":"YES","Key":"","Default":"0","Extra":""},{"Field":"created_at","Type":"timestamp","Null":"NO","Key":"","Default":"current_timestamp()","Extra":""},{"Field":"favorite_sport","Type":"varchar(50)","Null":"YES","Key":"","Default":null,"Extra":""},{"Field":"favorite_team","Type":"varchar(50)","Null":"YES","Key":"","Default":null,"Extra":""},{"Field":"account_type","Type":"enum('user','admin')","Null":"YES","Key":"","Default":"user","Extra":""}]
[23-Apr-2025 09:41:48 Europe/Berlin] Number of users in database: 13
[23-Apr-2025 09:41:48 Europe/Berlin] All tables initialized successfully
[23-Apr-2025 09:41:48 Europe/Berlin] Connected to database. Tables found: favorites, feedback, matches, matches_backup, matches_new, news, newsletter, notifications, players, subscriptions, users
[23-Apr-2025 09:41:48 Europe/Berlin] Executing SQL: CREATE TABLE IF NOT EXISTS users (
                id INT AUTO_INCREMENT PRIMARY KEY,
                username VARCHAR(50) NOT NULL UNIQUE,
                password VARCHAR(255) NOT NULL,
                email VARCHAR(100) NOT NULL UNIQUE,
                account_type ENUM('user', 'admin') DEFAULT 'user',
                created_at TIMESTAMP DEFAULT CURRENT_TIMESTAMP
            )
[23-Apr-2025 09:41:48 Europe/Berlin] With params: []
[23-Apr-2025 09:41:48 Europe/Berlin] Query executed successfully. Found 0 rows
[23-Apr-2025 09:41:48 Europe/Berlin] Users table created or already exists
[23-Apr-2025 09:41:48 Europe/Berlin] Users table structure: [{"Field":"id","Type":"int(11)","Null":"NO","Key":"PRI","Default":null,"Extra":"auto_increment"},{"Field":"username","Type":"varchar(50)","Null":"NO","Key":"","Default":null,"Extra":""},{"Field":"email","Type":"varchar(100)","Null":"NO","Key":"UNI","Default":null,"Extra":""},{"Field":"password","Type":"varchar(255)","Null":"NO","Key":"","Default":null,"Extra":""},{"Field":"role","Type":"enum('user','admin')","Null":"YES","Key":"","Default":"user","Extra":""},{"Field":"verification_code","Type":"varchar(100)","Null":"YES","Key":"","Default":null,"Extra":""},{"Field":"is_verified","Type":"tinyint(1)","Null":"YES","Key":"","Default":"0","Extra":""},{"Field":"created_at","Type":"timestamp","Null":"NO","Key":"","Default":"current_timestamp()","Extra":""},{"Field":"favorite_sport","Type":"varchar(50)","Null":"YES","Key":"","Default":null,"Extra":""},{"Field":"favorite_team","Type":"varchar(50)","Null":"YES","Key":"","Default":null,"Extra":""},{"Field":"account_type","Type":"enum('user','admin')","Null":"YES","Key":"","Default":"user","Extra":""}]
[23-Apr-2025 09:41:48 Europe/Berlin] Number of users in database: 13
[23-Apr-2025 09:41:48 Europe/Berlin] All tables initialized successfully
[23-Apr-2025 09:41:48 Europe/Berlin] Database tables initialized successfully
[23-Apr-2025 09:41:48 Europe/Berlin] Executing SQL: SELECT * FROM users WHERE id = :id
[23-Apr-2025 09:41:48 Europe/Berlin] With params: {":id":12}
[23-Apr-2025 09:41:48 Europe/Berlin] Query executed successfully. Found 1 rows
[23-Apr-2025 09:41:48 Europe/Berlin] User loaded from session: varunpndey
[23-Apr-2025 09:41:48 Europe/Berlin] Header - Session status: 2
[23-Apr-2025 09:41:48 Europe/Berlin] Header - Session data: {"user_id":12,"username":"varunpndey","email":"va@gmail.com","account_type":"admin"}
[23-Apr-2025 09:41:48 Europe/Berlin] Header - After session start - Status: 2
[23-Apr-2025 09:41:48 Europe/Berlin] Header - After session start - Data: {"user_id":12,"username":"varunpndey","email":"va@gmail.com","account_type":"admin"}
[23-Apr-2025 09:41:48 Europe/Berlin] Header - Is logged in: Yes
[23-Apr-2025 09:41:48 Europe/Berlin] Executing SQL: SELECT * FROM news ORDER BY created_at DESC LIMIT 5
[23-Apr-2025 09:41:48 Europe/Berlin] With params: []
[23-Apr-2025 09:41:48 Europe/Berlin] Query executed successfully. Found 5 rows
[23-Apr-2025 09:41:48 Europe/Berlin] Executing SQL: SELECT * FROM matches WHERE status = 'live'
[23-Apr-2025 09:41:48 Europe/Berlin] With params: []
[23-Apr-2025 09:41:48 Europe/Berlin] Query executed successfully. Found 4 rows
[23-Apr-2025 09:41:48 Europe/Berlin] Executing SQL: SELECT COUNT(*) as count FROM favorites 
                    WHERE user_id = :user_id AND match_id = :match_id
[23-Apr-2025 09:41:48 Europe/Berlin] With params: {":user_id":12,":match_id":11}
[23-Apr-2025 09:41:48 Europe/Berlin] Query executed successfully. Found 1 rows
[23-Apr-2025 09:41:48 Europe/Berlin] Executing SQL: SELECT COUNT(*) as count FROM favorites 
                    WHERE user_id = :user_id AND match_id = :match_id
[23-Apr-2025 09:41:48 Europe/Berlin] With params: {":user_id":12,":match_id":17}
[23-Apr-2025 09:41:48 Europe/Berlin] Query executed successfully. Found 1 rows
[23-Apr-2025 09:41:48 Europe/Berlin] Executing SQL: SELECT COUNT(*) as count FROM favorites 
                    WHERE user_id = :user_id AND match_id = :match_id
[23-Apr-2025 09:41:48 Europe/Berlin] With params: {":user_id":12,":match_id":29}
[23-Apr-2025 09:41:48 Europe/Berlin] Query executed successfully. Found 1 rows
[23-Apr-2025 09:41:48 Europe/Berlin] Executing SQL: SELECT COUNT(*) as count FROM favorites 
                    WHERE user_id = :user_id AND match_id = :match_id
[23-Apr-2025 09:41:48 Europe/Berlin] With params: {":user_id":12,":match_id":35}
[23-Apr-2025 09:41:48 Europe/Berlin] Query executed successfully. Found 1 rows
[23-Apr-2025 09:41:51 Europe/Berlin] Connected to database. Tables found: favorites, feedback, matches, matches_backup, matches_new, news, newsletter, notifications, players, subscriptions, users
[23-Apr-2025 09:41:51 Europe/Berlin] Executing SQL: CREATE TABLE IF NOT EXISTS users (
                id INT AUTO_INCREMENT PRIMARY KEY,
                username VARCHAR(50) NOT NULL UNIQUE,
                password VARCHAR(255) NOT NULL,
                email VARCHAR(100) NOT NULL UNIQUE,
                account_type ENUM('user', 'admin') DEFAULT 'user',
                created_at TIMESTAMP DEFAULT CURRENT_TIMESTAMP
            )
[23-Apr-2025 09:41:51 Europe/Berlin] With params: []
[23-Apr-2025 09:41:51 Europe/Berlin] Query executed successfully. Found 0 rows
[23-Apr-2025 09:41:51 Europe/Berlin] Users table created or already exists
[23-Apr-2025 09:41:51 Europe/Berlin] Users table structure: [{"Field":"id","Type":"int(11)","Null":"NO","Key":"PRI","Default":null,"Extra":"auto_increment"},{"Field":"username","Type":"varchar(50)","Null":"NO","Key":"","Default":null,"Extra":""},{"Field":"email","Type":"varchar(100)","Null":"NO","Key":"UNI","Default":null,"Extra":""},{"Field":"password","Type":"varchar(255)","Null":"NO","Key":"","Default":null,"Extra":""},{"Field":"role","Type":"enum('user','admin')","Null":"YES","Key":"","Default":"user","Extra":""},{"Field":"verification_code","Type":"varchar(100)","Null":"YES","Key":"","Default":null,"Extra":""},{"Field":"is_verified","Type":"tinyint(1)","Null":"YES","Key":"","Default":"0","Extra":""},{"Field":"created_at","Type":"timestamp","Null":"NO","Key":"","Default":"current_timestamp()","Extra":""},{"Field":"favorite_sport","Type":"varchar(50)","Null":"YES","Key":"","Default":null,"Extra":""},{"Field":"favorite_team","Type":"varchar(50)","Null":"YES","Key":"","Default":null,"Extra":""},{"Field":"account_type","Type":"enum('user','admin')","Null":"YES","Key":"","Default":"user","Extra":""}]
[23-Apr-2025 09:41:51 Europe/Berlin] Number of users in database: 13
[23-Apr-2025 09:41:51 Europe/Berlin] All tables initialized successfully
[23-Apr-2025 09:41:51 Europe/Berlin] Connected to database. Tables found: favorites, feedback, matches, matches_backup, matches_new, news, newsletter, notifications, players, subscriptions, users
[23-Apr-2025 09:41:51 Europe/Berlin] Executing SQL: CREATE TABLE IF NOT EXISTS users (
                id INT AUTO_INCREMENT PRIMARY KEY,
                username VARCHAR(50) NOT NULL UNIQUE,
                password VARCHAR(255) NOT NULL,
                email VARCHAR(100) NOT NULL UNIQUE,
                account_type ENUM('user', 'admin') DEFAULT 'user',
                created_at TIMESTAMP DEFAULT CURRENT_TIMESTAMP
            )
[23-Apr-2025 09:41:51 Europe/Berlin] With params: []
[23-Apr-2025 09:41:51 Europe/Berlin] Query executed successfully. Found 0 rows
[23-Apr-2025 09:41:51 Europe/Berlin] Users table created or already exists
[23-Apr-2025 09:41:51 Europe/Berlin] Users table structure: [{"Field":"id","Type":"int(11)","Null":"NO","Key":"PRI","Default":null,"Extra":"auto_increment"},{"Field":"username","Type":"varchar(50)","Null":"NO","Key":"","Default":null,"Extra":""},{"Field":"email","Type":"varchar(100)","Null":"NO","Key":"UNI","Default":null,"Extra":""},{"Field":"password","Type":"varchar(255)","Null":"NO","Key":"","Default":null,"Extra":""},{"Field":"role","Type":"enum('user','admin')","Null":"YES","Key":"","Default":"user","Extra":""},{"Field":"verification_code","Type":"varchar(100)","Null":"YES","Key":"","Default":null,"Extra":""},{"Field":"is_verified","Type":"tinyint(1)","Null":"YES","Key":"","Default":"0","Extra":""},{"Field":"created_at","Type":"timestamp","Null":"NO","Key":"","Default":"current_timestamp()","Extra":""},{"Field":"favorite_sport","Type":"varchar(50)","Null":"YES","Key":"","Default":null,"Extra":""},{"Field":"favorite_team","Type":"varchar(50)","Null":"YES","Key":"","Default":null,"Extra":""},{"Field":"account_type","Type":"enum('user','admin')","Null":"YES","Key":"","Default":"user","Extra":""}]
[23-Apr-2025 09:41:51 Europe/Berlin] Number of users in database: 13
[23-Apr-2025 09:41:51 Europe/Berlin] All tables initialized successfully
[23-Apr-2025 09:41:51 Europe/Berlin] Database tables initialized successfully
[23-Apr-2025 09:41:51 Europe/Berlin] Executing SQL: SELECT * FROM users WHERE id = :id
[23-Apr-2025 09:41:51 Europe/Berlin] With params: {":id":12}
[23-Apr-2025 09:41:51 Europe/Berlin] Query executed successfully. Found 1 rows
[23-Apr-2025 09:41:51 Europe/Berlin] User loaded from session: varunpndey
[23-Apr-2025 09:41:51 Europe/Berlin] Header - Session status: 2
[23-Apr-2025 09:41:51 Europe/Berlin] Header - Session data: {"user_id":12,"username":"varunpndey","email":"va@gmail.com","account_type":"admin"}
[23-Apr-2025 09:41:51 Europe/Berlin] Header - After session start - Status: 2
[23-Apr-2025 09:41:51 Europe/Berlin] Header - After session start - Data: {"user_id":12,"username":"varunpndey","email":"va@gmail.com","account_type":"admin"}
[23-Apr-2025 09:41:51 Europe/Berlin] Header - Is logged in: Yes
[23-Apr-2025 09:41:51 Europe/Berlin] Executing SQL: SELECT * FROM matches WHERE status = 'live'
[23-Apr-2025 09:41:51 Europe/Berlin] With params: []
[23-Apr-2025 09:41:51 Europe/Berlin] Query executed successfully. Found 4 rows
[23-Apr-2025 09:41:51 Europe/Berlin] Executing SQL: SELECT COUNT(*) as count FROM favorites 
                    WHERE user_id = :user_id AND match_id = :match_id
[23-Apr-2025 09:41:51 Europe/Berlin] With params: {":user_id":12,":match_id":11}
[23-Apr-2025 09:41:51 Europe/Berlin] Query executed successfully. Found 1 rows
[23-Apr-2025 09:41:51 Europe/Berlin] Executing SQL: SELECT COUNT(*) as count FROM favorites 
                    WHERE user_id = :user_id AND match_id = :match_id
[23-Apr-2025 09:41:51 Europe/Berlin] With params: {":user_id":12,":match_id":17}
[23-Apr-2025 09:41:51 Europe/Berlin] Query executed successfully. Found 1 rows
[23-Apr-2025 09:41:51 Europe/Berlin] Executing SQL: SELECT COUNT(*) as count FROM favorites 
                    WHERE user_id = :user_id AND match_id = :match_id
[23-Apr-2025 09:41:51 Europe/Berlin] With params: {":user_id":12,":match_id":29}
[23-Apr-2025 09:41:51 Europe/Berlin] Query executed successfully. Found 1 rows
[23-Apr-2025 09:41:51 Europe/Berlin] Executing SQL: SELECT COUNT(*) as count FROM favorites 
                    WHERE user_id = :user_id AND match_id = :match_id
[23-Apr-2025 09:41:51 Europe/Berlin] With params: {":user_id":12,":match_id":35}
[23-Apr-2025 09:41:51 Europe/Berlin] Query executed successfully. Found 1 rows
[23-Apr-2025 09:41:56 Europe/Berlin] Connected to database. Tables found: favorites, feedback, matches, matches_backup, matches_new, news, newsletter, notifications, players, subscriptions, users
[23-Apr-2025 09:41:56 Europe/Berlin] Executing SQL: CREATE TABLE IF NOT EXISTS users (
                id INT AUTO_INCREMENT PRIMARY KEY,
                username VARCHAR(50) NOT NULL UNIQUE,
                password VARCHAR(255) NOT NULL,
                email VARCHAR(100) NOT NULL UNIQUE,
                account_type ENUM('user', 'admin') DEFAULT 'user',
                created_at TIMESTAMP DEFAULT CURRENT_TIMESTAMP
            )
[23-Apr-2025 09:41:56 Europe/Berlin] With params: []
[23-Apr-2025 09:41:56 Europe/Berlin] Query executed successfully. Found 0 rows
[23-Apr-2025 09:41:56 Europe/Berlin] Users table created or already exists
[23-Apr-2025 09:41:56 Europe/Berlin] Users table structure: [{"Field":"id","Type":"int(11)","Null":"NO","Key":"PRI","Default":null,"Extra":"auto_increment"},{"Field":"username","Type":"varchar(50)","Null":"NO","Key":"","Default":null,"Extra":""},{"Field":"email","Type":"varchar(100)","Null":"NO","Key":"UNI","Default":null,"Extra":""},{"Field":"password","Type":"varchar(255)","Null":"NO","Key":"","Default":null,"Extra":""},{"Field":"role","Type":"enum('user','admin')","Null":"YES","Key":"","Default":"user","Extra":""},{"Field":"verification_code","Type":"varchar(100)","Null":"YES","Key":"","Default":null,"Extra":""},{"Field":"is_verified","Type":"tinyint(1)","Null":"YES","Key":"","Default":"0","Extra":""},{"Field":"created_at","Type":"timestamp","Null":"NO","Key":"","Default":"current_timestamp()","Extra":""},{"Field":"favorite_sport","Type":"varchar(50)","Null":"YES","Key":"","Default":null,"Extra":""},{"Field":"favorite_team","Type":"varchar(50)","Null":"YES","Key":"","Default":null,"Extra":""},{"Field":"account_type","Type":"enum('user','admin')","Null":"YES","Key":"","Default":"user","Extra":""}]
[23-Apr-2025 09:41:56 Europe/Berlin] Number of users in database: 13
[23-Apr-2025 09:41:56 Europe/Berlin] All tables initialized successfully
[23-Apr-2025 09:41:56 Europe/Berlin] Connected to database. Tables found: favorites, feedback, matches, matches_backup, matches_new, news, newsletter, notifications, players, subscriptions, users
[23-Apr-2025 09:41:56 Europe/Berlin] Executing SQL: CREATE TABLE IF NOT EXISTS users (
                id INT AUTO_INCREMENT PRIMARY KEY,
                username VARCHAR(50) NOT NULL UNIQUE,
                password VARCHAR(255) NOT NULL,
                email VARCHAR(100) NOT NULL UNIQUE,
                account_type ENUM('user', 'admin') DEFAULT 'user',
                created_at TIMESTAMP DEFAULT CURRENT_TIMESTAMP
            )
[23-Apr-2025 09:41:56 Europe/Berlin] With params: []
[23-Apr-2025 09:41:56 Europe/Berlin] Query executed successfully. Found 0 rows
[23-Apr-2025 09:41:56 Europe/Berlin] Users table created or already exists
[23-Apr-2025 09:41:56 Europe/Berlin] Users table structure: [{"Field":"id","Type":"int(11)","Null":"NO","Key":"PRI","Default":null,"Extra":"auto_increment"},{"Field":"username","Type":"varchar(50)","Null":"NO","Key":"","Default":null,"Extra":""},{"Field":"email","Type":"varchar(100)","Null":"NO","Key":"UNI","Default":null,"Extra":""},{"Field":"password","Type":"varchar(255)","Null":"NO","Key":"","Default":null,"Extra":""},{"Field":"role","Type":"enum('user','admin')","Null":"YES","Key":"","Default":"user","Extra":""},{"Field":"verification_code","Type":"varchar(100)","Null":"YES","Key":"","Default":null,"Extra":""},{"Field":"is_verified","Type":"tinyint(1)","Null":"YES","Key":"","Default":"0","Extra":""},{"Field":"created_at","Type":"timestamp","Null":"NO","Key":"","Default":"current_timestamp()","Extra":""},{"Field":"favorite_sport","Type":"varchar(50)","Null":"YES","Key":"","Default":null,"Extra":""},{"Field":"favorite_team","Type":"varchar(50)","Null":"YES","Key":"","Default":null,"Extra":""},{"Field":"account_type","Type":"enum('user','admin')","Null":"YES","Key":"","Default":"user","Extra":""}]
[23-Apr-2025 09:41:56 Europe/Berlin] Number of users in database: 13
[23-Apr-2025 09:41:56 Europe/Berlin] All tables initialized successfully
[23-Apr-2025 09:41:56 Europe/Berlin] Database tables initialized successfully
[23-Apr-2025 09:41:56 Europe/Berlin] Executing SQL: SELECT * FROM users WHERE id = :id
[23-Apr-2025 09:41:56 Europe/Berlin] With params: {":id":12}
[23-Apr-2025 09:41:56 Europe/Berlin] Query executed successfully. Found 1 rows
[23-Apr-2025 09:41:56 Europe/Berlin] User loaded from session: varunpndey
[23-Apr-2025 09:41:56 Europe/Berlin] Header - Session status: 2
[23-Apr-2025 09:41:56 Europe/Berlin] Header - Session data: {"user_id":12,"username":"varunpndey","email":"va@gmail.com","account_type":"admin"}
[23-Apr-2025 09:41:56 Europe/Berlin] Header - After session start - Status: 2
[23-Apr-2025 09:41:56 Europe/Berlin] Header - After session start - Data: {"user_id":12,"username":"varunpndey","email":"va@gmail.com","account_type":"admin"}
[23-Apr-2025 09:41:56 Europe/Berlin] Header - Is logged in: Yes
[23-Apr-2025 09:41:56 Europe/Berlin] Executing SQL: SELECT * FROM matches WHERE sport = :sport ORDER BY match_time DESC
[23-Apr-2025 09:41:56 Europe/Berlin] With params: {":sport":"cricket"}
[23-Apr-2025 09:41:56 Europe/Berlin] Query executed successfully. Found 13 rows
[23-Apr-2025 09:41:56 Europe/Berlin] Executing SQL: SELECT * FROM matches WHERE sport = :sport AND status = :status
[23-Apr-2025 09:41:56 Europe/Berlin] With params: {":sport":"cricket",":status":"live"}
[23-Apr-2025 09:41:56 Europe/Berlin] Query executed successfully. Found 3 rows
[23-Apr-2025 09:41:56 Europe/Berlin] Executing SQL: SELECT COUNT(*) as count FROM favorites 
                    WHERE user_id = :user_id AND match_id = :match_id
[23-Apr-2025 09:41:56 Europe/Berlin] With params: {":user_id":12,":match_id":14}
[23-Apr-2025 09:41:56 Europe/Berlin] Query executed successfully. Found 1 rows
[23-Apr-2025 09:41:56 Europe/Berlin] Executing SQL: SELECT COUNT(*) as count FROM favorites 
                    WHERE user_id = :user_id AND match_id = :match_id
[23-Apr-2025 09:41:56 Europe/Berlin] With params: {":user_id":12,":match_id":16}
[23-Apr-2025 09:41:56 Europe/Berlin] Query executed successfully. Found 1 rows
[23-Apr-2025 09:41:56 Europe/Berlin] Executing SQL: SELECT COUNT(*) as count FROM favorites 
                    WHERE user_id = :user_id AND match_id = :match_id
[23-Apr-2025 09:41:56 Europe/Berlin] With params: {":user_id":12,":match_id":31}
[23-Apr-2025 09:41:56 Europe/Berlin] Query executed successfully. Found 1 rows
[23-Apr-2025 09:41:56 Europe/Berlin] Executing SQL: SELECT COUNT(*) as count FROM favorites 
                    WHERE user_id = :user_id AND match_id = :match_id
[23-Apr-2025 09:41:56 Europe/Berlin] With params: {":user_id":12,":match_id":27}
[23-Apr-2025 09:41:56 Europe/Berlin] Query executed successfully. Found 1 rows
[23-Apr-2025 09:41:56 Europe/Berlin] Executing SQL: SELECT COUNT(*) as count FROM favorites 
                    WHERE user_id = :user_id AND match_id = :match_id
[23-Apr-2025 09:41:56 Europe/Berlin] With params: {":user_id":12,":match_id":28}
[23-Apr-2025 09:41:56 Europe/Berlin] Query executed successfully. Found 1 rows
[23-Apr-2025 09:41:56 Europe/Berlin] Executing SQL: SELECT COUNT(*) as count FROM favorites 
                    WHERE user_id = :user_id AND match_id = :match_id
[23-Apr-2025 09:41:56 Europe/Berlin] With params: {":user_id":12,":match_id":29}
[23-Apr-2025 09:41:56 Europe/Berlin] Query executed successfully. Found 1 rows
[23-Apr-2025 09:41:56 Europe/Berlin] Executing SQL: SELECT COUNT(*) as count FROM favorites 
                    WHERE user_id = :user_id AND match_id = :match_id
[23-Apr-2025 09:41:56 Europe/Berlin] With params: {":user_id":12,":match_id":30}
[23-Apr-2025 09:41:56 Europe/Berlin] Query executed successfully. Found 1 rows
[23-Apr-2025 09:41:56 Europe/Berlin] Executing SQL: SELECT COUNT(*) as count FROM favorites 
                    WHERE user_id = :user_id AND match_id = :match_id
[23-Apr-2025 09:41:56 Europe/Berlin] With params: {":user_id":12,":match_id":26}
[23-Apr-2025 09:41:56 Europe/Berlin] Query executed successfully. Found 1 rows
[23-Apr-2025 09:41:56 Europe/Berlin] Executing SQL: SELECT COUNT(*) as count FROM favorites 
                    WHERE user_id = :user_id AND match_id = :match_id
[23-Apr-2025 09:41:56 Europe/Berlin] With params: {":user_id":12,":match_id":35}
[23-Apr-2025 09:41:56 Europe/Berlin] Query executed successfully. Found 1 rows
[23-Apr-2025 09:41:56 Europe/Berlin] Executing SQL: SELECT COUNT(*) as count FROM favorites 
                    WHERE user_id = :user_id AND match_id = :match_id
[23-Apr-2025 09:41:56 Europe/Berlin] With params: {":user_id":12,":match_id":12}
[23-Apr-2025 09:41:56 Europe/Berlin] Query executed successfully. Found 1 rows
[23-Apr-2025 09:41:56 Europe/Berlin] Executing SQL: SELECT COUNT(*) as count FROM favorites 
                    WHERE user_id = :user_id AND match_id = :match_id
[23-Apr-2025 09:41:56 Europe/Berlin] With params: {":user_id":12,":match_id":11}
[23-Apr-2025 09:41:56 Europe/Berlin] Query executed successfully. Found 1 rows
[23-Apr-2025 09:41:56 Europe/Berlin] Executing SQL: SELECT COUNT(*) as count FROM favorites 
                    WHERE user_id = :user_id AND match_id = :match_id
[23-Apr-2025 09:41:56 Europe/Berlin] With params: {":user_id":12,":match_id":13}
[23-Apr-2025 09:41:56 Europe/Berlin] Query executed successfully. Found 1 rows
[23-Apr-2025 09:41:56 Europe/Berlin] Executing SQL: SELECT COUNT(*) as count FROM favorites 
                    WHERE user_id = :user_id AND match_id = :match_id
[23-Apr-2025 09:41:56 Europe/Berlin] With params: {":user_id":12,":match_id":34}
[23-Apr-2025 09:41:56 Europe/Berlin] Query executed successfully. Found 1 rows
[23-Apr-2025 09:41:58 Europe/Berlin] Connected to database. Tables found: favorites, feedback, matches, matches_backup, matches_new, news, newsletter, notifications, players, subscriptions, users
[23-Apr-2025 09:41:58 Europe/Berlin] Executing SQL: CREATE TABLE IF NOT EXISTS users (
                id INT AUTO_INCREMENT PRIMARY KEY,
                username VARCHAR(50) NOT NULL UNIQUE,
                password VARCHAR(255) NOT NULL,
                email VARCHAR(100) NOT NULL UNIQUE,
                account_type ENUM('user', 'admin') DEFAULT 'user',
                created_at TIMESTAMP DEFAULT CURRENT_TIMESTAMP
            )
[23-Apr-2025 09:41:58 Europe/Berlin] With params: []
[23-Apr-2025 09:41:58 Europe/Berlin] Query executed successfully. Found 0 rows
[23-Apr-2025 09:41:58 Europe/Berlin] Users table created or already exists
[23-Apr-2025 09:41:58 Europe/Berlin] Users table structure: [{"Field":"id","Type":"int(11)","Null":"NO","Key":"PRI","Default":null,"Extra":"auto_increment"},{"Field":"username","Type":"varchar(50)","Null":"NO","Key":"","Default":null,"Extra":""},{"Field":"email","Type":"varchar(100)","Null":"NO","Key":"UNI","Default":null,"Extra":""},{"Field":"password","Type":"varchar(255)","Null":"NO","Key":"","Default":null,"Extra":""},{"Field":"role","Type":"enum('user','admin')","Null":"YES","Key":"","Default":"user","Extra":""},{"Field":"verification_code","Type":"varchar(100)","Null":"YES","Key":"","Default":null,"Extra":""},{"Field":"is_verified","Type":"tinyint(1)","Null":"YES","Key":"","Default":"0","Extra":""},{"Field":"created_at","Type":"timestamp","Null":"NO","Key":"","Default":"current_timestamp()","Extra":""},{"Field":"favorite_sport","Type":"varchar(50)","Null":"YES","Key":"","Default":null,"Extra":""},{"Field":"favorite_team","Type":"varchar(50)","Null":"YES","Key":"","Default":null,"Extra":""},{"Field":"account_type","Type":"enum('user','admin')","Null":"YES","Key":"","Default":"user","Extra":""}]
[23-Apr-2025 09:41:58 Europe/Berlin] Number of users in database: 13
[23-Apr-2025 09:41:58 Europe/Berlin] All tables initialized successfully
[23-Apr-2025 09:41:58 Europe/Berlin] Connected to database. Tables found: favorites, feedback, matches, matches_backup, matches_new, news, newsletter, notifications, players, subscriptions, users
[23-Apr-2025 09:41:58 Europe/Berlin] Executing SQL: CREATE TABLE IF NOT EXISTS users (
                id INT AUTO_INCREMENT PRIMARY KEY,
                username VARCHAR(50) NOT NULL UNIQUE,
                password VARCHAR(255) NOT NULL,
                email VARCHAR(100) NOT NULL UNIQUE,
                account_type ENUM('user', 'admin') DEFAULT 'user',
                created_at TIMESTAMP DEFAULT CURRENT_TIMESTAMP
            )
[23-Apr-2025 09:41:58 Europe/Berlin] With params: []
[23-Apr-2025 09:41:58 Europe/Berlin] Query executed successfully. Found 0 rows
[23-Apr-2025 09:41:58 Europe/Berlin] Users table created or already exists
[23-Apr-2025 09:41:58 Europe/Berlin] Users table structure: [{"Field":"id","Type":"int(11)","Null":"NO","Key":"PRI","Default":null,"Extra":"auto_increment"},{"Field":"username","Type":"varchar(50)","Null":"NO","Key":"","Default":null,"Extra":""},{"Field":"email","Type":"varchar(100)","Null":"NO","Key":"UNI","Default":null,"Extra":""},{"Field":"password","Type":"varchar(255)","Null":"NO","Key":"","Default":null,"Extra":""},{"Field":"role","Type":"enum('user','admin')","Null":"YES","Key":"","Default":"user","Extra":""},{"Field":"verification_code","Type":"varchar(100)","Null":"YES","Key":"","Default":null,"Extra":""},{"Field":"is_verified","Type":"tinyint(1)","Null":"YES","Key":"","Default":"0","Extra":""},{"Field":"created_at","Type":"timestamp","Null":"NO","Key":"","Default":"current_timestamp()","Extra":""},{"Field":"favorite_sport","Type":"varchar(50)","Null":"YES","Key":"","Default":null,"Extra":""},{"Field":"favorite_team","Type":"varchar(50)","Null":"YES","Key":"","Default":null,"Extra":""},{"Field":"account_type","Type":"enum('user','admin')","Null":"YES","Key":"","Default":"user","Extra":""}]
[23-Apr-2025 09:41:58 Europe/Berlin] Number of users in database: 13
[23-Apr-2025 09:41:58 Europe/Berlin] All tables initialized successfully
[23-Apr-2025 09:41:58 Europe/Berlin] Database tables initialized successfully
[23-Apr-2025 09:41:58 Europe/Berlin] Executing SQL: SELECT * FROM users WHERE id = :id
[23-Apr-2025 09:41:58 Europe/Berlin] With params: {":id":12}
[23-Apr-2025 09:41:58 Europe/Berlin] Query executed successfully. Found 1 rows
[23-Apr-2025 09:41:58 Europe/Berlin] User loaded from session: varunpndey
[23-Apr-2025 09:41:58 Europe/Berlin] Executing SQL: SELECT * FROM matches WHERE id = :id
[23-Apr-2025 09:41:58 Europe/Berlin] With params: {":id":14}
[23-Apr-2025 09:41:58 Europe/Berlin] Query executed successfully. Found 1 rows
[23-Apr-2025 09:41:58 Europe/Berlin] Header - Session status: 2
[23-Apr-2025 09:41:58 Europe/Berlin] Header - Session data: {"user_id":12,"username":"varunpndey","email":"va@gmail.com","account_type":"admin"}
[23-Apr-2025 09:41:58 Europe/Berlin] Header - After session start - Status: 2
[23-Apr-2025 09:41:58 Europe/Berlin] Header - After session start - Data: {"user_id":12,"username":"varunpndey","email":"va@gmail.com","account_type":"admin"}
[23-Apr-2025 09:41:58 Europe/Berlin] Header - Is logged in: Yes
[23-Apr-2025 09:42:04 Europe/Berlin] Connected to database. Tables found: favorites, feedback, matches, matches_backup, matches_new, news, newsletter, notifications, players, subscriptions, users
[23-Apr-2025 09:42:04 Europe/Berlin] Executing SQL: CREATE TABLE IF NOT EXISTS users (
                id INT AUTO_INCREMENT PRIMARY KEY,
                username VARCHAR(50) NOT NULL UNIQUE,
                password VARCHAR(255) NOT NULL,
                email VARCHAR(100) NOT NULL UNIQUE,
                account_type ENUM('user', 'admin') DEFAULT 'user',
                created_at TIMESTAMP DEFAULT CURRENT_TIMESTAMP
            )
[23-Apr-2025 09:42:04 Europe/Berlin] With params: []
[23-Apr-2025 09:42:04 Europe/Berlin] Query executed successfully. Found 0 rows
[23-Apr-2025 09:42:04 Europe/Berlin] Users table created or already exists
[23-Apr-2025 09:42:04 Europe/Berlin] Users table structure: [{"Field":"id","Type":"int(11)","Null":"NO","Key":"PRI","Default":null,"Extra":"auto_increment"},{"Field":"username","Type":"varchar(50)","Null":"NO","Key":"","Default":null,"Extra":""},{"Field":"email","Type":"varchar(100)","Null":"NO","Key":"UNI","Default":null,"Extra":""},{"Field":"password","Type":"varchar(255)","Null":"NO","Key":"","Default":null,"Extra":""},{"Field":"role","Type":"enum('user','admin')","Null":"YES","Key":"","Default":"user","Extra":""},{"Field":"verification_code","Type":"varchar(100)","Null":"YES","Key":"","Default":null,"Extra":""},{"Field":"is_verified","Type":"tinyint(1)","Null":"YES","Key":"","Default":"0","Extra":""},{"Field":"created_at","Type":"timestamp","Null":"NO","Key":"","Default":"current_timestamp()","Extra":""},{"Field":"favorite_sport","Type":"varchar(50)","Null":"YES","Key":"","Default":null,"Extra":""},{"Field":"favorite_team","Type":"varchar(50)","Null":"YES","Key":"","Default":null,"Extra":""},{"Field":"account_type","Type":"enum('user','admin')","Null":"YES","Key":"","Default":"user","Extra":""}]
[23-Apr-2025 09:42:04 Europe/Berlin] Number of users in database: 13
[23-Apr-2025 09:42:04 Europe/Berlin] All tables initialized successfully
[23-Apr-2025 09:42:04 Europe/Berlin] Connected to database. Tables found: favorites, feedback, matches, matches_backup, matches_new, news, newsletter, notifications, players, subscriptions, users
[23-Apr-2025 09:42:04 Europe/Berlin] Executing SQL: CREATE TABLE IF NOT EXISTS users (
                id INT AUTO_INCREMENT PRIMARY KEY,
                username VARCHAR(50) NOT NULL UNIQUE,
                password VARCHAR(255) NOT NULL,
                email VARCHAR(100) NOT NULL UNIQUE,
                account_type ENUM('user', 'admin') DEFAULT 'user',
                created_at TIMESTAMP DEFAULT CURRENT_TIMESTAMP
            )
[23-Apr-2025 09:42:04 Europe/Berlin] With params: []
[23-Apr-2025 09:42:04 Europe/Berlin] Query executed successfully. Found 0 rows
[23-Apr-2025 09:42:04 Europe/Berlin] Users table created or already exists
[23-Apr-2025 09:42:04 Europe/Berlin] Users table structure: [{"Field":"id","Type":"int(11)","Null":"NO","Key":"PRI","Default":null,"Extra":"auto_increment"},{"Field":"username","Type":"varchar(50)","Null":"NO","Key":"","Default":null,"Extra":""},{"Field":"email","Type":"varchar(100)","Null":"NO","Key":"UNI","Default":null,"Extra":""},{"Field":"password","Type":"varchar(255)","Null":"NO","Key":"","Default":null,"Extra":""},{"Field":"role","Type":"enum('user','admin')","Null":"YES","Key":"","Default":"user","Extra":""},{"Field":"verification_code","Type":"varchar(100)","Null":"YES","Key":"","Default":null,"Extra":""},{"Field":"is_verified","Type":"tinyint(1)","Null":"YES","Key":"","Default":"0","Extra":""},{"Field":"created_at","Type":"timestamp","Null":"NO","Key":"","Default":"current_timestamp()","Extra":""},{"Field":"favorite_sport","Type":"varchar(50)","Null":"YES","Key":"","Default":null,"Extra":""},{"Field":"favorite_team","Type":"varchar(50)","Null":"YES","Key":"","Default":null,"Extra":""},{"Field":"account_type","Type":"enum('user','admin')","Null":"YES","Key":"","Default":"user","Extra":""}]
[23-Apr-2025 09:42:04 Europe/Berlin] Number of users in database: 13
[23-Apr-2025 09:42:04 Europe/Berlin] All tables initialized successfully
[23-Apr-2025 09:42:04 Europe/Berlin] Database tables initialized successfully
[23-Apr-2025 09:42:04 Europe/Berlin] Executing SQL: SELECT * FROM users WHERE id = :id
[23-Apr-2025 09:42:04 Europe/Berlin] With params: {":id":12}
[23-Apr-2025 09:42:04 Europe/Berlin] Query executed successfully. Found 1 rows
[23-Apr-2025 09:42:04 Europe/Berlin] User loaded from session: varunpndey
[23-Apr-2025 09:42:04 Europe/Berlin] Connected to database. Tables found: favorites, feedback, matches, matches_backup, matches_new, news, newsletter, notifications, players, subscriptions, users
[23-Apr-2025 09:42:04 Europe/Berlin] Executing SQL: CREATE TABLE IF NOT EXISTS users (
                id INT AUTO_INCREMENT PRIMARY KEY,
                username VARCHAR(50) NOT NULL UNIQUE,
                password VARCHAR(255) NOT NULL,
                email VARCHAR(100) NOT NULL UNIQUE,
                account_type ENUM('user', 'admin') DEFAULT 'user',
                created_at TIMESTAMP DEFAULT CURRENT_TIMESTAMP
            )
[23-Apr-2025 09:42:04 Europe/Berlin] With params: []
[23-Apr-2025 09:42:04 Europe/Berlin] Query executed successfully. Found 0 rows
[23-Apr-2025 09:42:04 Europe/Berlin] Users table created or already exists
[23-Apr-2025 09:42:04 Europe/Berlin] Users table structure: [{"Field":"id","Type":"int(11)","Null":"NO","Key":"PRI","Default":null,"Extra":"auto_increment"},{"Field":"username","Type":"varchar(50)","Null":"NO","Key":"","Default":null,"Extra":""},{"Field":"email","Type":"varchar(100)","Null":"NO","Key":"UNI","Default":null,"Extra":""},{"Field":"password","Type":"varchar(255)","Null":"NO","Key":"","Default":null,"Extra":""},{"Field":"role","Type":"enum('user','admin')","Null":"YES","Key":"","Default":"user","Extra":""},{"Field":"verification_code","Type":"varchar(100)","Null":"YES","Key":"","Default":null,"Extra":""},{"Field":"is_verified","Type":"tinyint(1)","Null":"YES","Key":"","Default":"0","Extra":""},{"Field":"created_at","Type":"timestamp","Null":"NO","Key":"","Default":"current_timestamp()","Extra":""},{"Field":"favorite_sport","Type":"varchar(50)","Null":"YES","Key":"","Default":null,"Extra":""},{"Field":"favorite_team","Type":"varchar(50)","Null":"YES","Key":"","Default":null,"Extra":""},{"Field":"account_type","Type":"enum('user','admin')","Null":"YES","Key":"","Default":"user","Extra":""}]
[23-Apr-2025 09:42:04 Europe/Berlin] Number of users in database: 13
[23-Apr-2025 09:42:04 Europe/Berlin] All tables initialized successfully
[23-Apr-2025 09:42:04 Europe/Berlin] Connected to database. Tables found: favorites, feedback, matches, matches_backup, matches_new, news, newsletter, notifications, players, subscriptions, users
[23-Apr-2025 09:42:04 Europe/Berlin] Executing SQL: CREATE TABLE IF NOT EXISTS users (
                id INT AUTO_INCREMENT PRIMARY KEY,
                username VARCHAR(50) NOT NULL UNIQUE,
                password VARCHAR(255) NOT NULL,
                email VARCHAR(100) NOT NULL UNIQUE,
                account_type ENUM('user', 'admin') DEFAULT 'user',
                created_at TIMESTAMP DEFAULT CURRENT_TIMESTAMP
            )
[23-Apr-2025 09:42:04 Europe/Berlin] With params: []
[23-Apr-2025 09:42:04 Europe/Berlin] Query executed successfully. Found 0 rows
[23-Apr-2025 09:42:04 Europe/Berlin] Users table created or already exists
[23-Apr-2025 09:42:04 Europe/Berlin] Users table structure: [{"Field":"id","Type":"int(11)","Null":"NO","Key":"PRI","Default":null,"Extra":"auto_increment"},{"Field":"username","Type":"varchar(50)","Null":"NO","Key":"","Default":null,"Extra":""},{"Field":"email","Type":"varchar(100)","Null":"NO","Key":"UNI","Default":null,"Extra":""},{"Field":"password","Type":"varchar(255)","Null":"NO","Key":"","Default":null,"Extra":""},{"Field":"role","Type":"enum('user','admin')","Null":"YES","Key":"","Default":"user","Extra":""},{"Field":"verification_code","Type":"varchar(100)","Null":"YES","Key":"","Default":null,"Extra":""},{"Field":"is_verified","Type":"tinyint(1)","Null":"YES","Key":"","Default":"0","Extra":""},{"Field":"created_at","Type":"timestamp","Null":"NO","Key":"","Default":"current_timestamp()","Extra":""},{"Field":"favorite_sport","Type":"varchar(50)","Null":"YES","Key":"","Default":null,"Extra":""},{"Field":"favorite_team","Type":"varchar(50)","Null":"YES","Key":"","Default":null,"Extra":""},{"Field":"account_type","Type":"enum('user','admin')","Null":"YES","Key":"","Default":"user","Extra":""}]
[23-Apr-2025 09:42:04 Europe/Berlin] Number of users in database: 13
[23-Apr-2025 09:42:04 Europe/Berlin] All tables initialized successfully
[23-Apr-2025 09:42:04 Europe/Berlin] Database tables initialized successfully
[23-Apr-2025 09:42:04 Europe/Berlin] Executing SQL: SELECT * FROM users WHERE id = :id
[23-Apr-2025 09:42:04 Europe/Berlin] With params: {":id":12}
[23-Apr-2025 09:42:04 Europe/Berlin] Query executed successfully. Found 1 rows
[23-Apr-2025 09:42:04 Europe/Berlin] User loaded from session: varunpndey
[23-Apr-2025 09:42:04 Europe/Berlin] Header - Session status: 2
[23-Apr-2025 09:42:04 Europe/Berlin] Header - Session data: {"user_id":12,"username":"varunpndey","email":"va@gmail.com","account_type":"admin"}
[23-Apr-2025 09:42:04 Europe/Berlin] Header - After session start - Status: 2
[23-Apr-2025 09:42:04 Europe/Berlin] Header - After session start - Data: {"user_id":12,"username":"varunpndey","email":"va@gmail.com","account_type":"admin"}
[23-Apr-2025 09:42:04 Europe/Berlin] Header - Is logged in: Yes
[23-Apr-2025 09:42:04 Europe/Berlin] Executing SQL: SELECT * FROM news ORDER BY created_at DESC LIMIT 5
[23-Apr-2025 09:42:04 Europe/Berlin] With params: []
[23-Apr-2025 09:42:04 Europe/Berlin] Query executed successfully. Found 5 rows
[23-Apr-2025 09:42:04 Europe/Berlin] Executing SQL: SELECT * FROM matches WHERE status = 'live'
[23-Apr-2025 09:42:04 Europe/Berlin] With params: []
[23-Apr-2025 09:42:04 Europe/Berlin] Query executed successfully. Found 4 rows
[23-Apr-2025 09:42:04 Europe/Berlin] Executing SQL: SELECT COUNT(*) as count FROM favorites 
                    WHERE user_id = :user_id AND match_id = :match_id
[23-Apr-2025 09:42:04 Europe/Berlin] With params: {":user_id":12,":match_id":11}
[23-Apr-2025 09:42:04 Europe/Berlin] Query executed successfully. Found 1 rows
[23-Apr-2025 09:42:04 Europe/Berlin] Executing SQL: SELECT COUNT(*) as count FROM favorites 
                    WHERE user_id = :user_id AND match_id = :match_id
[23-Apr-2025 09:42:04 Europe/Berlin] With params: {":user_id":12,":match_id":17}
[23-Apr-2025 09:42:04 Europe/Berlin] Query executed successfully. Found 1 rows
[23-Apr-2025 09:42:04 Europe/Berlin] Executing SQL: SELECT COUNT(*) as count FROM favorites 
                    WHERE user_id = :user_id AND match_id = :match_id
[23-Apr-2025 09:42:04 Europe/Berlin] With params: {":user_id":12,":match_id":29}
[23-Apr-2025 09:42:04 Europe/Berlin] Query executed successfully. Found 1 rows
[23-Apr-2025 09:42:04 Europe/Berlin] Executing SQL: SELECT COUNT(*) as count FROM favorites 
                    WHERE user_id = :user_id AND match_id = :match_id
[23-Apr-2025 09:42:04 Europe/Berlin] With params: {":user_id":12,":match_id":35}
[23-Apr-2025 09:42:04 Europe/Berlin] Query executed successfully. Found 1 rows
[23-Apr-2025 09:42:07 Europe/Berlin] Connected to database. Tables found: favorites, feedback, matches, matches_backup, matches_new, news, newsletter, notifications, players, subscriptions, users
[23-Apr-2025 09:42:07 Europe/Berlin] Executing SQL: CREATE TABLE IF NOT EXISTS users (
                id INT AUTO_INCREMENT PRIMARY KEY,
                username VARCHAR(50) NOT NULL UNIQUE,
                password VARCHAR(255) NOT NULL,
                email VARCHAR(100) NOT NULL UNIQUE,
                account_type ENUM('user', 'admin') DEFAULT 'user',
                created_at TIMESTAMP DEFAULT CURRENT_TIMESTAMP
            )
[23-Apr-2025 09:42:07 Europe/Berlin] With params: []
[23-Apr-2025 09:42:07 Europe/Berlin] Query executed successfully. Found 0 rows
[23-Apr-2025 09:42:07 Europe/Berlin] Users table created or already exists
[23-Apr-2025 09:42:07 Europe/Berlin] Users table structure: [{"Field":"id","Type":"int(11)","Null":"NO","Key":"PRI","Default":null,"Extra":"auto_increment"},{"Field":"username","Type":"varchar(50)","Null":"NO","Key":"","Default":null,"Extra":""},{"Field":"email","Type":"varchar(100)","Null":"NO","Key":"UNI","Default":null,"Extra":""},{"Field":"password","Type":"varchar(255)","Null":"NO","Key":"","Default":null,"Extra":""},{"Field":"role","Type":"enum('user','admin')","Null":"YES","Key":"","Default":"user","Extra":""},{"Field":"verification_code","Type":"varchar(100)","Null":"YES","Key":"","Default":null,"Extra":""},{"Field":"is_verified","Type":"tinyint(1)","Null":"YES","Key":"","Default":"0","Extra":""},{"Field":"created_at","Type":"timestamp","Null":"NO","Key":"","Default":"current_timestamp()","Extra":""},{"Field":"favorite_sport","Type":"varchar(50)","Null":"YES","Key":"","Default":null,"Extra":""},{"Field":"favorite_team","Type":"varchar(50)","Null":"YES","Key":"","Default":null,"Extra":""},{"Field":"account_type","Type":"enum('user','admin')","Null":"YES","Key":"","Default":"user","Extra":""}]
[23-Apr-2025 09:42:07 Europe/Berlin] Number of users in database: 13
[23-Apr-2025 09:42:07 Europe/Berlin] All tables initialized successfully
[23-Apr-2025 09:42:07 Europe/Berlin] Connected to database. Tables found: favorites, feedback, matches, matches_backup, matches_new, news, newsletter, notifications, players, subscriptions, users
[23-Apr-2025 09:42:07 Europe/Berlin] Executing SQL: CREATE TABLE IF NOT EXISTS users (
                id INT AUTO_INCREMENT PRIMARY KEY,
                username VARCHAR(50) NOT NULL UNIQUE,
                password VARCHAR(255) NOT NULL,
                email VARCHAR(100) NOT NULL UNIQUE,
                account_type ENUM('user', 'admin') DEFAULT 'user',
                created_at TIMESTAMP DEFAULT CURRENT_TIMESTAMP
            )
[23-Apr-2025 09:42:07 Europe/Berlin] With params: []
[23-Apr-2025 09:42:07 Europe/Berlin] Query executed successfully. Found 0 rows
[23-Apr-2025 09:42:07 Europe/Berlin] Users table created or already exists
[23-Apr-2025 09:42:07 Europe/Berlin] Users table structure: [{"Field":"id","Type":"int(11)","Null":"NO","Key":"PRI","Default":null,"Extra":"auto_increment"},{"Field":"username","Type":"varchar(50)","Null":"NO","Key":"","Default":null,"Extra":""},{"Field":"email","Type":"varchar(100)","Null":"NO","Key":"UNI","Default":null,"Extra":""},{"Field":"password","Type":"varchar(255)","Null":"NO","Key":"","Default":null,"Extra":""},{"Field":"role","Type":"enum('user','admin')","Null":"YES","Key":"","Default":"user","Extra":""},{"Field":"verification_code","Type":"varchar(100)","Null":"YES","Key":"","Default":null,"Extra":""},{"Field":"is_verified","Type":"tinyint(1)","Null":"YES","Key":"","Default":"0","Extra":""},{"Field":"created_at","Type":"timestamp","Null":"NO","Key":"","Default":"current_timestamp()","Extra":""},{"Field":"favorite_sport","Type":"varchar(50)","Null":"YES","Key":"","Default":null,"Extra":""},{"Field":"favorite_team","Type":"varchar(50)","Null":"YES","Key":"","Default":null,"Extra":""},{"Field":"account_type","Type":"enum('user','admin')","Null":"YES","Key":"","Default":"user","Extra":""}]
[23-Apr-2025 09:42:07 Europe/Berlin] Number of users in database: 13
[23-Apr-2025 09:42:07 Europe/Berlin] All tables initialized successfully
[23-Apr-2025 09:42:07 Europe/Berlin] Database tables initialized successfully
[23-Apr-2025 09:42:07 Europe/Berlin] Executing SQL: SELECT * FROM users WHERE id = :id
[23-Apr-2025 09:42:07 Europe/Berlin] With params: {":id":12}
[23-Apr-2025 09:42:07 Europe/Berlin] Query executed successfully. Found 1 rows
[23-Apr-2025 09:42:07 Europe/Berlin] User loaded from session: varunpndey
[23-Apr-2025 09:42:07 Europe/Berlin] Executing SQL: SELECT * FROM users WHERE id = :id
[23-Apr-2025 09:42:07 Europe/Berlin] With params: {":id":12}
[23-Apr-2025 09:42:07 Europe/Berlin] Query executed successfully. Found 1 rows
[23-Apr-2025 09:42:07 Europe/Berlin] Executing SQL: SELECT * FROM news ORDER BY created_at DESC
[23-Apr-2025 09:42:07 Europe/Berlin] With params: []
[23-Apr-2025 09:42:07 Europe/Berlin] Query executed successfully. Found 13 rows
[23-Apr-2025 09:42:07 Europe/Berlin] Executing SQL: SELECT * FROM feedback ORDER BY created_at DESC
[23-Apr-2025 09:42:07 Europe/Berlin] With params: []
[23-Apr-2025 09:42:07 Europe/Berlin] Query executed successfully. Found 10 rows
[23-Apr-2025 09:42:07 Europe/Berlin] Executing SQL: SELECT * FROM matches WHERE status = 'live'
[23-Apr-2025 09:42:07 Europe/Berlin] With params: []
[23-Apr-2025 09:42:07 Europe/Berlin] Query executed successfully. Found 4 rows
[23-Apr-2025 09:42:07 Europe/Berlin] Executing SQL: SELECT * FROM matches WHERE 1=1 ORDER BY match_time DESC
[23-Apr-2025 09:42:07 Europe/Berlin] With params: []
[23-Apr-2025 09:42:07 Europe/Berlin] Query executed successfully. Found 21 rows
[23-Apr-2025 09:42:07 Europe/Berlin] PHP Warning:  Undefined array key "status" in /Applications/XAMPP/xamppfiles/htdocs/sportsync/public/admin.php on line 869
[23-Apr-2025 09:42:07 Europe/Berlin] PHP Warning:  Undefined array key "status" in /Applications/XAMPP/xamppfiles/htdocs/sportsync/public/admin.php on line 870
[23-Apr-2025 09:42:07 Europe/Berlin] PHP Warning:  Undefined array key "status" in /Applications/XAMPP/xamppfiles/htdocs/sportsync/public/admin.php on line 871
[23-Apr-2025 09:42:07 Europe/Berlin] PHP Warning:  Undefined array key "status" in /Applications/XAMPP/xamppfiles/htdocs/sportsync/public/admin.php on line 869
[23-Apr-2025 09:42:07 Europe/Berlin] PHP Warning:  Undefined array key "status" in /Applications/XAMPP/xamppfiles/htdocs/sportsync/public/admin.php on line 870
[23-Apr-2025 09:42:07 Europe/Berlin] PHP Warning:  Undefined array key "status" in /Applications/XAMPP/xamppfiles/htdocs/sportsync/public/admin.php on line 871
[23-Apr-2025 09:42:07 Europe/Berlin] PHP Warning:  Undefined array key "status" in /Applications/XAMPP/xamppfiles/htdocs/sportsync/public/admin.php on line 869
[23-Apr-2025 09:42:07 Europe/Berlin] PHP Warning:  Undefined array key "status" in /Applications/XAMPP/xamppfiles/htdocs/sportsync/public/admin.php on line 870
[23-Apr-2025 09:42:07 Europe/Berlin] PHP Warning:  Undefined array key "status" in /Applications/XAMPP/xamppfiles/htdocs/sportsync/public/admin.php on line 871
[23-Apr-2025 09:42:07 Europe/Berlin] PHP Warning:  Undefined array key "status" in /Applications/XAMPP/xamppfiles/htdocs/sportsync/public/admin.php on line 869
[23-Apr-2025 09:42:07 Europe/Berlin] PHP Warning:  Undefined array key "status" in /Applications/XAMPP/xamppfiles/htdocs/sportsync/public/admin.php on line 870
[23-Apr-2025 09:42:07 Europe/Berlin] PHP Warning:  Undefined array key "status" in /Applications/XAMPP/xamppfiles/htdocs/sportsync/public/admin.php on line 871
[23-Apr-2025 09:42:07 Europe/Berlin] PHP Warning:  Undefined array key "status" in /Applications/XAMPP/xamppfiles/htdocs/sportsync/public/admin.php on line 869
[23-Apr-2025 09:42:07 Europe/Berlin] PHP Warning:  Undefined array key "status" in /Applications/XAMPP/xamppfiles/htdocs/sportsync/public/admin.php on line 870
[23-Apr-2025 09:42:07 Europe/Berlin] PHP Warning:  Undefined array key "status" in /Applications/XAMPP/xamppfiles/htdocs/sportsync/public/admin.php on line 871
[23-Apr-2025 09:42:07 Europe/Berlin] PHP Warning:  Undefined array key "status" in /Applications/XAMPP/xamppfiles/htdocs/sportsync/public/admin.php on line 869
[23-Apr-2025 09:42:07 Europe/Berlin] PHP Warning:  Undefined array key "status" in /Applications/XAMPP/xamppfiles/htdocs/sportsync/public/admin.php on line 870
[23-Apr-2025 09:42:07 Europe/Berlin] PHP Warning:  Undefined array key "status" in /Applications/XAMPP/xamppfiles/htdocs/sportsync/public/admin.php on line 871
[23-Apr-2025 09:42:07 Europe/Berlin] PHP Warning:  Undefined array key "status" in /Applications/XAMPP/xamppfiles/htdocs/sportsync/public/admin.php on line 869
[23-Apr-2025 09:42:07 Europe/Berlin] PHP Warning:  Undefined array key "status" in /Applications/XAMPP/xamppfiles/htdocs/sportsync/public/admin.php on line 870
[23-Apr-2025 09:42:07 Europe/Berlin] PHP Warning:  Undefined array key "status" in /Applications/XAMPP/xamppfiles/htdocs/sportsync/public/admin.php on line 871
[23-Apr-2025 09:42:07 Europe/Berlin] PHP Warning:  Undefined array key "status" in /Applications/XAMPP/xamppfiles/htdocs/sportsync/public/admin.php on line 869
[23-Apr-2025 09:42:07 Europe/Berlin] PHP Warning:  Undefined array key "status" in /Applications/XAMPP/xamppfiles/htdocs/sportsync/public/admin.php on line 870
[23-Apr-2025 09:42:07 Europe/Berlin] PHP Warning:  Undefined array key "status" in /Applications/XAMPP/xamppfiles/htdocs/sportsync/public/admin.php on line 871
[23-Apr-2025 09:42:07 Europe/Berlin] PHP Warning:  Undefined array key "status" in /Applications/XAMPP/xamppfiles/htdocs/sportsync/public/admin.php on line 869
[23-Apr-2025 09:42:07 Europe/Berlin] PHP Warning:  Undefined array key "status" in /Applications/XAMPP/xamppfiles/htdocs/sportsync/public/admin.php on line 870
[23-Apr-2025 09:42:07 Europe/Berlin] PHP Warning:  Undefined array key "status" in /Applications/XAMPP/xamppfiles/htdocs/sportsync/public/admin.php on line 871
[23-Apr-2025 09:42:07 Europe/Berlin] PHP Warning:  Undefined array key "status" in /Applications/XAMPP/xamppfiles/htdocs/sportsync/public/admin.php on line 869
[23-Apr-2025 09:42:07 Europe/Berlin] PHP Warning:  Undefined array key "status" in /Applications/XAMPP/xamppfiles/htdocs/sportsync/public/admin.php on line 870
[23-Apr-2025 09:42:07 Europe/Berlin] PHP Warning:  Undefined array key "status" in /Applications/XAMPP/xamppfiles/htdocs/sportsync/public/admin.php on line 871
[23-Apr-2025 09:42:30 Europe/Berlin] Connected to database. Tables found: favorites, feedback, matches, matches_backup, matches_new, news, newsletter, notifications, players, subscriptions, users
[23-Apr-2025 09:42:30 Europe/Berlin] Executing SQL: CREATE TABLE IF NOT EXISTS users (
                id INT AUTO_INCREMENT PRIMARY KEY,
                username VARCHAR(50) NOT NULL UNIQUE,
                password VARCHAR(255) NOT NULL,
                email VARCHAR(100) NOT NULL UNIQUE,
                account_type ENUM('user', 'admin') DEFAULT 'user',
                created_at TIMESTAMP DEFAULT CURRENT_TIMESTAMP
            )
[23-Apr-2025 09:42:30 Europe/Berlin] With params: []
[23-Apr-2025 09:42:30 Europe/Berlin] Query executed successfully. Found 0 rows
[23-Apr-2025 09:42:30 Europe/Berlin] Users table created or already exists
[23-Apr-2025 09:42:30 Europe/Berlin] Users table structure: [{"Field":"id","Type":"int(11)","Null":"NO","Key":"PRI","Default":null,"Extra":"auto_increment"},{"Field":"username","Type":"varchar(50)","Null":"NO","Key":"","Default":null,"Extra":""},{"Field":"email","Type":"varchar(100)","Null":"NO","Key":"UNI","Default":null,"Extra":""},{"Field":"password","Type":"varchar(255)","Null":"NO","Key":"","Default":null,"Extra":""},{"Field":"role","Type":"enum('user','admin')","Null":"YES","Key":"","Default":"user","Extra":""},{"Field":"verification_code","Type":"varchar(100)","Null":"YES","Key":"","Default":null,"Extra":""},{"Field":"is_verified","Type":"tinyint(1)","Null":"YES","Key":"","Default":"0","Extra":""},{"Field":"created_at","Type":"timestamp","Null":"NO","Key":"","Default":"current_timestamp()","Extra":""},{"Field":"favorite_sport","Type":"varchar(50)","Null":"YES","Key":"","Default":null,"Extra":""},{"Field":"favorite_team","Type":"varchar(50)","Null":"YES","Key":"","Default":null,"Extra":""},{"Field":"account_type","Type":"enum('user','admin')","Null":"YES","Key":"","Default":"user","Extra":""}]
[23-Apr-2025 09:42:30 Europe/Berlin] Number of users in database: 13
[23-Apr-2025 09:42:30 Europe/Berlin] All tables initialized successfully
[23-Apr-2025 09:42:30 Europe/Berlin] Executing SQL: INSERT INTO matches (team1, team2, venue, match_time, sport, status) 
                    VALUES (:team1, :team2, :venue, :match_time, :sport, :status)
[23-Apr-2025 09:42:30 Europe/Berlin] With params: {":team1":"Csk",":team2":"Mi",":venue":"kolkata",":match_time":"2025-04-23T15:00",":sport":"cricket",":status":"upcoming"}
[23-Apr-2025 09:42:30 Europe/Berlin] Query executed successfully. Found 0 rows
[23-Apr-2025 09:42:52 Europe/Berlin] Connected to database. Tables found: favorites, feedback, matches, matches_backup, matches_new, news, newsletter, notifications, players, subscriptions, users
[23-Apr-2025 09:42:52 Europe/Berlin] Executing SQL: CREATE TABLE IF NOT EXISTS users (
                id INT AUTO_INCREMENT PRIMARY KEY,
                username VARCHAR(50) NOT NULL UNIQUE,
                password VARCHAR(255) NOT NULL,
                email VARCHAR(100) NOT NULL UNIQUE,
                account_type ENUM('user', 'admin') DEFAULT 'user',
                created_at TIMESTAMP DEFAULT CURRENT_TIMESTAMP
            )
[23-Apr-2025 09:42:52 Europe/Berlin] With params: []
[23-Apr-2025 09:42:52 Europe/Berlin] Query executed successfully. Found 0 rows
[23-Apr-2025 09:42:52 Europe/Berlin] Users table created or already exists
[23-Apr-2025 09:42:52 Europe/Berlin] Users table structure: [{"Field":"id","Type":"int(11)","Null":"NO","Key":"PRI","Default":null,"Extra":"auto_increment"},{"Field":"username","Type":"varchar(50)","Null":"NO","Key":"","Default":null,"Extra":""},{"Field":"email","Type":"varchar(100)","Null":"NO","Key":"UNI","Default":null,"Extra":""},{"Field":"password","Type":"varchar(255)","Null":"NO","Key":"","Default":null,"Extra":""},{"Field":"role","Type":"enum('user','admin')","Null":"YES","Key":"","Default":"user","Extra":""},{"Field":"verification_code","Type":"varchar(100)","Null":"YES","Key":"","Default":null,"Extra":""},{"Field":"is_verified","Type":"tinyint(1)","Null":"YES","Key":"","Default":"0","Extra":""},{"Field":"created_at","Type":"timestamp","Null":"NO","Key":"","Default":"current_timestamp()","Extra":""},{"Field":"favorite_sport","Type":"varchar(50)","Null":"YES","Key":"","Default":null,"Extra":""},{"Field":"favorite_team","Type":"varchar(50)","Null":"YES","Key":"","Default":null,"Extra":""},{"Field":"account_type","Type":"enum('user','admin')","Null":"YES","Key":"","Default":"user","Extra":""}]
[23-Apr-2025 09:42:52 Europe/Berlin] Number of users in database: 13
[23-Apr-2025 09:42:52 Europe/Berlin] All tables initialized successfully
[23-Apr-2025 09:42:52 Europe/Berlin] Connected to database. Tables found: favorites, feedback, matches, matches_backup, matches_new, news, newsletter, notifications, players, subscriptions, users
[23-Apr-2025 09:42:52 Europe/Berlin] Executing SQL: CREATE TABLE IF NOT EXISTS users (
                id INT AUTO_INCREMENT PRIMARY KEY,
                username VARCHAR(50) NOT NULL UNIQUE,
                password VARCHAR(255) NOT NULL,
                email VARCHAR(100) NOT NULL UNIQUE,
                account_type ENUM('user', 'admin') DEFAULT 'user',
                created_at TIMESTAMP DEFAULT CURRENT_TIMESTAMP
            )
[23-Apr-2025 09:42:52 Europe/Berlin] With params: []
[23-Apr-2025 09:42:52 Europe/Berlin] Query executed successfully. Found 0 rows
[23-Apr-2025 09:42:52 Europe/Berlin] Users table created or already exists
[23-Apr-2025 09:42:52 Europe/Berlin] Users table structure: [{"Field":"id","Type":"int(11)","Null":"NO","Key":"PRI","Default":null,"Extra":"auto_increment"},{"Field":"username","Type":"varchar(50)","Null":"NO","Key":"","Default":null,"Extra":""},{"Field":"email","Type":"varchar(100)","Null":"NO","Key":"UNI","Default":null,"Extra":""},{"Field":"password","Type":"varchar(255)","Null":"NO","Key":"","Default":null,"Extra":""},{"Field":"role","Type":"enum('user','admin')","Null":"YES","Key":"","Default":"user","Extra":""},{"Field":"verification_code","Type":"varchar(100)","Null":"YES","Key":"","Default":null,"Extra":""},{"Field":"is_verified","Type":"tinyint(1)","Null":"YES","Key":"","Default":"0","Extra":""},{"Field":"created_at","Type":"timestamp","Null":"NO","Key":"","Default":"current_timestamp()","Extra":""},{"Field":"favorite_sport","Type":"varchar(50)","Null":"YES","Key":"","Default":null,"Extra":""},{"Field":"favorite_team","Type":"varchar(50)","Null":"YES","Key":"","Default":null,"Extra":""},{"Field":"account_type","Type":"enum('user','admin')","Null":"YES","Key":"","Default":"user","Extra":""}]
[23-Apr-2025 09:42:52 Europe/Berlin] Number of users in database: 13
[23-Apr-2025 09:42:52 Europe/Berlin] All tables initialized successfully
[23-Apr-2025 09:42:52 Europe/Berlin] Database tables initialized successfully
[23-Apr-2025 09:42:52 Europe/Berlin] Executing SQL: SELECT * FROM users WHERE id = :id
[23-Apr-2025 09:42:52 Europe/Berlin] With params: {":id":12}
[23-Apr-2025 09:42:52 Europe/Berlin] Query executed successfully. Found 1 rows
[23-Apr-2025 09:42:52 Europe/Berlin] User loaded from session: varunpndey
[23-Apr-2025 09:42:52 Europe/Berlin] Executing SQL: SELECT * FROM users WHERE id = :id
[23-Apr-2025 09:42:52 Europe/Berlin] With params: {":id":12}
[23-Apr-2025 09:42:52 Europe/Berlin] Query executed successfully. Found 1 rows
[23-Apr-2025 09:42:52 Europe/Berlin] Executing SQL: SELECT * FROM news ORDER BY created_at DESC
[23-Apr-2025 09:42:52 Europe/Berlin] With params: []
[23-Apr-2025 09:42:52 Europe/Berlin] Query executed successfully. Found 13 rows
[23-Apr-2025 09:42:52 Europe/Berlin] Executing SQL: SELECT * FROM feedback ORDER BY created_at DESC
[23-Apr-2025 09:42:52 Europe/Berlin] With params: []
[23-Apr-2025 09:42:52 Europe/Berlin] Query executed successfully. Found 10 rows
[23-Apr-2025 09:42:52 Europe/Berlin] Executing SQL: UPDATE feedback SET status = :status WHERE id = :id
[23-Apr-2025 09:42:52 Europe/Berlin] With params: {":status":"read",":id":"10"}
[23-Apr-2025 09:42:52 Europe/Berlin] Error in executeQuery: SQLSTATE[42S22]: Column not found: 1054 Unknown column 'status' in 'field list'
[23-Apr-2025 09:42:52 Europe/Berlin] Executing SQL: SELECT * FROM matches WHERE status = 'live'
[23-Apr-2025 09:42:52 Europe/Berlin] With params: []
[23-Apr-2025 09:42:52 Europe/Berlin] Query executed successfully. Found 4 rows
[23-Apr-2025 09:42:52 Europe/Berlin] Executing SQL: SELECT * FROM matches WHERE 1=1 ORDER BY match_time DESC
[23-Apr-2025 09:42:52 Europe/Berlin] With params: []
[23-Apr-2025 09:42:52 Europe/Berlin] Query executed successfully. Found 22 rows
[23-Apr-2025 09:42:52 Europe/Berlin] PHP Warning:  Undefined array key "status" in /Applications/XAMPP/xamppfiles/htdocs/sportsync/public/admin.php on line 869
[23-Apr-2025 09:42:52 Europe/Berlin] PHP Warning:  Undefined array key "status" in /Applications/XAMPP/xamppfiles/htdocs/sportsync/public/admin.php on line 870
[23-Apr-2025 09:42:52 Europe/Berlin] PHP Warning:  Undefined array key "status" in /Applications/XAMPP/xamppfiles/htdocs/sportsync/public/admin.php on line 871
[23-Apr-2025 09:42:52 Europe/Berlin] PHP Warning:  Undefined array key "status" in /Applications/XAMPP/xamppfiles/htdocs/sportsync/public/admin.php on line 869
[23-Apr-2025 09:42:52 Europe/Berlin] PHP Warning:  Undefined array key "status" in /Applications/XAMPP/xamppfiles/htdocs/sportsync/public/admin.php on line 870
[23-Apr-2025 09:42:52 Europe/Berlin] PHP Warning:  Undefined array key "status" in /Applications/XAMPP/xamppfiles/htdocs/sportsync/public/admin.php on line 871
[23-Apr-2025 09:42:52 Europe/Berlin] PHP Warning:  Undefined array key "status" in /Applications/XAMPP/xamppfiles/htdocs/sportsync/public/admin.php on line 869
[23-Apr-2025 09:42:52 Europe/Berlin] PHP Warning:  Undefined array key "status" in /Applications/XAMPP/xamppfiles/htdocs/sportsync/public/admin.php on line 870
[23-Apr-2025 09:42:52 Europe/Berlin] PHP Warning:  Undefined array key "status" in /Applications/XAMPP/xamppfiles/htdocs/sportsync/public/admin.php on line 871
[23-Apr-2025 09:42:52 Europe/Berlin] PHP Warning:  Undefined array key "status" in /Applications/XAMPP/xamppfiles/htdocs/sportsync/public/admin.php on line 869
[23-Apr-2025 09:42:52 Europe/Berlin] PHP Warning:  Undefined array key "status" in /Applications/XAMPP/xamppfiles/htdocs/sportsync/public/admin.php on line 870
[23-Apr-2025 09:42:52 Europe/Berlin] PHP Warning:  Undefined array key "status" in /Applications/XAMPP/xamppfiles/htdocs/sportsync/public/admin.php on line 871
[23-Apr-2025 09:42:52 Europe/Berlin] PHP Warning:  Undefined array key "status" in /Applications/XAMPP/xamppfiles/htdocs/sportsync/public/admin.php on line 869
[23-Apr-2025 09:42:52 Europe/Berlin] PHP Warning:  Undefined array key "status" in /Applications/XAMPP/xamppfiles/htdocs/sportsync/public/admin.php on line 870
[23-Apr-2025 09:42:52 Europe/Berlin] PHP Warning:  Undefined array key "status" in /Applications/XAMPP/xamppfiles/htdocs/sportsync/public/admin.php on line 871
[23-Apr-2025 09:42:52 Europe/Berlin] PHP Warning:  Undefined array key "status" in /Applications/XAMPP/xamppfiles/htdocs/sportsync/public/admin.php on line 869
[23-Apr-2025 09:42:52 Europe/Berlin] PHP Warning:  Undefined array key "status" in /Applications/XAMPP/xamppfiles/htdocs/sportsync/public/admin.php on line 870
[23-Apr-2025 09:42:52 Europe/Berlin] PHP Warning:  Undefined array key "status" in /Applications/XAMPP/xamppfiles/htdocs/sportsync/public/admin.php on line 871
[23-Apr-2025 09:42:52 Europe/Berlin] PHP Warning:  Undefined array key "status" in /Applications/XAMPP/xamppfiles/htdocs/sportsync/public/admin.php on line 869
[23-Apr-2025 09:42:52 Europe/Berlin] PHP Warning:  Undefined array key "status" in /Applications/XAMPP/xamppfiles/htdocs/sportsync/public/admin.php on line 870
[23-Apr-2025 09:42:52 Europe/Berlin] PHP Warning:  Undefined array key "status" in /Applications/XAMPP/xamppfiles/htdocs/sportsync/public/admin.php on line 871
[23-Apr-2025 09:42:52 Europe/Berlin] PHP Warning:  Undefined array key "status" in /Applications/XAMPP/xamppfiles/htdocs/sportsync/public/admin.php on line 869
[23-Apr-2025 09:42:52 Europe/Berlin] PHP Warning:  Undefined array key "status" in /Applications/XAMPP/xamppfiles/htdocs/sportsync/public/admin.php on line 870
[23-Apr-2025 09:42:52 Europe/Berlin] PHP Warning:  Undefined array key "status" in /Applications/XAMPP/xamppfiles/htdocs/sportsync/public/admin.php on line 871
[23-Apr-2025 09:42:52 Europe/Berlin] PHP Warning:  Undefined array key "status" in /Applications/XAMPP/xamppfiles/htdocs/sportsync/public/admin.php on line 869
[23-Apr-2025 09:42:52 Europe/Berlin] PHP Warning:  Undefined array key "status" in /Applications/XAMPP/xamppfiles/htdocs/sportsync/public/admin.php on line 870
[23-Apr-2025 09:42:52 Europe/Berlin] PHP Warning:  Undefined array key "status" in /Applications/XAMPP/xamppfiles/htdocs/sportsync/public/admin.php on line 871
[23-Apr-2025 09:42:52 Europe/Berlin] PHP Warning:  Undefined array key "status" in /Applications/XAMPP/xamppfiles/htdocs/sportsync/public/admin.php on line 869
[23-Apr-2025 09:42:52 Europe/Berlin] PHP Warning:  Undefined array key "status" in /Applications/XAMPP/xamppfiles/htdocs/sportsync/public/admin.php on line 870
[23-Apr-2025 09:42:52 Europe/Berlin] PHP Warning:  Undefined array key "status" in /Applications/XAMPP/xamppfiles/htdocs/sportsync/public/admin.php on line 871
[23-Apr-2025 09:43:10 Europe/Berlin] Connected to database. Tables found: favorites, feedback, matches, matches_backup, matches_new, news, newsletter, notifications, players, subscriptions, users
[23-Apr-2025 09:43:10 Europe/Berlin] Executing SQL: CREATE TABLE IF NOT EXISTS users (
                id INT AUTO_INCREMENT PRIMARY KEY,
                username VARCHAR(50) NOT NULL UNIQUE,
                password VARCHAR(255) NOT NULL,
                email VARCHAR(100) NOT NULL UNIQUE,
                account_type ENUM('user', 'admin') DEFAULT 'user',
                created_at TIMESTAMP DEFAULT CURRENT_TIMESTAMP
            )
[23-Apr-2025 09:43:10 Europe/Berlin] With params: []
[23-Apr-2025 09:43:10 Europe/Berlin] Query executed successfully. Found 0 rows
[23-Apr-2025 09:43:10 Europe/Berlin] Users table created or already exists
[23-Apr-2025 09:43:10 Europe/Berlin] Users table structure: [{"Field":"id","Type":"int(11)","Null":"NO","Key":"PRI","Default":null,"Extra":"auto_increment"},{"Field":"username","Type":"varchar(50)","Null":"NO","Key":"","Default":null,"Extra":""},{"Field":"email","Type":"varchar(100)","Null":"NO","Key":"UNI","Default":null,"Extra":""},{"Field":"password","Type":"varchar(255)","Null":"NO","Key":"","Default":null,"Extra":""},{"Field":"role","Type":"enum('user','admin')","Null":"YES","Key":"","Default":"user","Extra":""},{"Field":"verification_code","Type":"varchar(100)","Null":"YES","Key":"","Default":null,"Extra":""},{"Field":"is_verified","Type":"tinyint(1)","Null":"YES","Key":"","Default":"0","Extra":""},{"Field":"created_at","Type":"timestamp","Null":"NO","Key":"","Default":"current_timestamp()","Extra":""},{"Field":"favorite_sport","Type":"varchar(50)","Null":"YES","Key":"","Default":null,"Extra":""},{"Field":"favorite_team","Type":"varchar(50)","Null":"YES","Key":"","Default":null,"Extra":""},{"Field":"account_type","Type":"enum('user','admin')","Null":"YES","Key":"","Default":"user","Extra":""}]
[23-Apr-2025 09:43:10 Europe/Berlin] Number of users in database: 13
[23-Apr-2025 09:43:10 Europe/Berlin] All tables initialized successfully
[23-Apr-2025 09:43:10 Europe/Berlin] Connected to database. Tables found: favorites, feedback, matches, matches_backup, matches_new, news, newsletter, notifications, players, subscriptions, users
[23-Apr-2025 09:43:10 Europe/Berlin] Executing SQL: CREATE TABLE IF NOT EXISTS users (
                id INT AUTO_INCREMENT PRIMARY KEY,
                username VARCHAR(50) NOT NULL UNIQUE,
                password VARCHAR(255) NOT NULL,
                email VARCHAR(100) NOT NULL UNIQUE,
                account_type ENUM('user', 'admin') DEFAULT 'user',
                created_at TIMESTAMP DEFAULT CURRENT_TIMESTAMP
            )
[23-Apr-2025 09:43:10 Europe/Berlin] With params: []
[23-Apr-2025 09:43:10 Europe/Berlin] Query executed successfully. Found 0 rows
[23-Apr-2025 09:43:10 Europe/Berlin] Users table created or already exists
[23-Apr-2025 09:43:10 Europe/Berlin] Users table structure: [{"Field":"id","Type":"int(11)","Null":"NO","Key":"PRI","Default":null,"Extra":"auto_increment"},{"Field":"username","Type":"varchar(50)","Null":"NO","Key":"","Default":null,"Extra":""},{"Field":"email","Type":"varchar(100)","Null":"NO","Key":"UNI","Default":null,"Extra":""},{"Field":"password","Type":"varchar(255)","Null":"NO","Key":"","Default":null,"Extra":""},{"Field":"role","Type":"enum('user','admin')","Null":"YES","Key":"","Default":"user","Extra":""},{"Field":"verification_code","Type":"varchar(100)","Null":"YES","Key":"","Default":null,"Extra":""},{"Field":"is_verified","Type":"tinyint(1)","Null":"YES","Key":"","Default":"0","Extra":""},{"Field":"created_at","Type":"timestamp","Null":"NO","Key":"","Default":"current_timestamp()","Extra":""},{"Field":"favorite_sport","Type":"varchar(50)","Null":"YES","Key":"","Default":null,"Extra":""},{"Field":"favorite_team","Type":"varchar(50)","Null":"YES","Key":"","Default":null,"Extra":""},{"Field":"account_type","Type":"enum('user','admin')","Null":"YES","Key":"","Default":"user","Extra":""}]
[23-Apr-2025 09:43:10 Europe/Berlin] Number of users in database: 13
[23-Apr-2025 09:43:10 Europe/Berlin] All tables initialized successfully
[23-Apr-2025 09:43:10 Europe/Berlin] Database tables initialized successfully
[23-Apr-2025 09:43:10 Europe/Berlin] Executing SQL: SELECT * FROM users WHERE id = :id
[23-Apr-2025 09:43:10 Europe/Berlin] With params: {":id":12}
[23-Apr-2025 09:43:10 Europe/Berlin] Query executed successfully. Found 1 rows
[23-Apr-2025 09:43:10 Europe/Berlin] User loaded from session: varunpndey
[23-Apr-2025 09:43:10 Europe/Berlin] Executing SQL: SELECT * FROM users WHERE id = :id
[23-Apr-2025 09:43:10 Europe/Berlin] With params: {":id":12}
[23-Apr-2025 09:43:10 Europe/Berlin] Query executed successfully. Found 1 rows
[23-Apr-2025 09:43:10 Europe/Berlin] Executing SQL: SELECT * FROM news ORDER BY created_at DESC
[23-Apr-2025 09:43:10 Europe/Berlin] With params: []
[23-Apr-2025 09:43:10 Europe/Berlin] Query executed successfully. Found 13 rows
[23-Apr-2025 09:43:10 Europe/Berlin] Executing SQL: SELECT * FROM feedback ORDER BY created_at DESC
[23-Apr-2025 09:43:10 Europe/Berlin] With params: []
[23-Apr-2025 09:43:10 Europe/Berlin] Query executed successfully. Found 10 rows
[23-Apr-2025 09:43:10 Europe/Berlin] Executing SQL: UPDATE feedback SET status = :status WHERE id = :id
[23-Apr-2025 09:43:10 Europe/Berlin] With params: {":status":"read",":id":"10"}
[23-Apr-2025 09:43:10 Europe/Berlin] Error in executeQuery: SQLSTATE[42S22]: Column not found: 1054 Unknown column 'status' in 'field list'
[23-Apr-2025 09:43:10 Europe/Berlin] Executing SQL: SELECT * FROM matches WHERE status = 'live'
[23-Apr-2025 09:43:10 Europe/Berlin] With params: []
[23-Apr-2025 09:43:10 Europe/Berlin] Query executed successfully. Found 4 rows
[23-Apr-2025 09:43:10 Europe/Berlin] Executing SQL: SELECT * FROM matches WHERE 1=1 ORDER BY match_time DESC
[23-Apr-2025 09:43:10 Europe/Berlin] With params: []
[23-Apr-2025 09:43:10 Europe/Berlin] Query executed successfully. Found 22 rows
[23-Apr-2025 09:43:10 Europe/Berlin] PHP Warning:  Undefined array key "status" in /Applications/XAMPP/xamppfiles/htdocs/sportsync/public/admin.php on line 869
[23-Apr-2025 09:43:10 Europe/Berlin] PHP Warning:  Undefined array key "status" in /Applications/XAMPP/xamppfiles/htdocs/sportsync/public/admin.php on line 870
[23-Apr-2025 09:43:10 Europe/Berlin] PHP Warning:  Undefined array key "status" in /Applications/XAMPP/xamppfiles/htdocs/sportsync/public/admin.php on line 871
[23-Apr-2025 09:43:10 Europe/Berlin] PHP Warning:  Undefined array key "status" in /Applications/XAMPP/xamppfiles/htdocs/sportsync/public/admin.php on line 869
[23-Apr-2025 09:43:10 Europe/Berlin] PHP Warning:  Undefined array key "status" in /Applications/XAMPP/xamppfiles/htdocs/sportsync/public/admin.php on line 870
[23-Apr-2025 09:43:10 Europe/Berlin] PHP Warning:  Undefined array key "status" in /Applications/XAMPP/xamppfiles/htdocs/sportsync/public/admin.php on line 871
[23-Apr-2025 09:43:10 Europe/Berlin] PHP Warning:  Undefined array key "status" in /Applications/XAMPP/xamppfiles/htdocs/sportsync/public/admin.php on line 869
[23-Apr-2025 09:43:10 Europe/Berlin] PHP Warning:  Undefined array key "status" in /Applications/XAMPP/xamppfiles/htdocs/sportsync/public/admin.php on line 870
[23-Apr-2025 09:43:10 Europe/Berlin] PHP Warning:  Undefined array key "status" in /Applications/XAMPP/xamppfiles/htdocs/sportsync/public/admin.php on line 871
[23-Apr-2025 09:43:10 Europe/Berlin] PHP Warning:  Undefined array key "status" in /Applications/XAMPP/xamppfiles/htdocs/sportsync/public/admin.php on line 869
[23-Apr-2025 09:43:10 Europe/Berlin] PHP Warning:  Undefined array key "status" in /Applications/XAMPP/xamppfiles/htdocs/sportsync/public/admin.php on line 870
[23-Apr-2025 09:43:10 Europe/Berlin] PHP Warning:  Undefined array key "status" in /Applications/XAMPP/xamppfiles/htdocs/sportsync/public/admin.php on line 871
[23-Apr-2025 09:43:10 Europe/Berlin] PHP Warning:  Undefined array key "status" in /Applications/XAMPP/xamppfiles/htdocs/sportsync/public/admin.php on line 869
[23-Apr-2025 09:43:10 Europe/Berlin] PHP Warning:  Undefined array key "status" in /Applications/XAMPP/xamppfiles/htdocs/sportsync/public/admin.php on line 870
[23-Apr-2025 09:43:10 Europe/Berlin] PHP Warning:  Undefined array key "status" in /Applications/XAMPP/xamppfiles/htdocs/sportsync/public/admin.php on line 871
[23-Apr-2025 09:43:10 Europe/Berlin] PHP Warning:  Undefined array key "status" in /Applications/XAMPP/xamppfiles/htdocs/sportsync/public/admin.php on line 869
[23-Apr-2025 09:43:10 Europe/Berlin] PHP Warning:  Undefined array key "status" in /Applications/XAMPP/xamppfiles/htdocs/sportsync/public/admin.php on line 870
[23-Apr-2025 09:43:10 Europe/Berlin] PHP Warning:  Undefined array key "status" in /Applications/XAMPP/xamppfiles/htdocs/sportsync/public/admin.php on line 871
[23-Apr-2025 09:43:10 Europe/Berlin] PHP Warning:  Undefined array key "status" in /Applications/XAMPP/xamppfiles/htdocs/sportsync/public/admin.php on line 869
[23-Apr-2025 09:43:10 Europe/Berlin] PHP Warning:  Undefined array key "status" in /Applications/XAMPP/xamppfiles/htdocs/sportsync/public/admin.php on line 870
[23-Apr-2025 09:43:10 Europe/Berlin] PHP Warning:  Undefined array key "status" in /Applications/XAMPP/xamppfiles/htdocs/sportsync/public/admin.php on line 871
[23-Apr-2025 09:43:10 Europe/Berlin] PHP Warning:  Undefined array key "status" in /Applications/XAMPP/xamppfiles/htdocs/sportsync/public/admin.php on line 869
[23-Apr-2025 09:43:10 Europe/Berlin] PHP Warning:  Undefined array key "status" in /Applications/XAMPP/xamppfiles/htdocs/sportsync/public/admin.php on line 870
[23-Apr-2025 09:43:10 Europe/Berlin] PHP Warning:  Undefined array key "status" in /Applications/XAMPP/xamppfiles/htdocs/sportsync/public/admin.php on line 871
[23-Apr-2025 09:43:10 Europe/Berlin] PHP Warning:  Undefined array key "status" in /Applications/XAMPP/xamppfiles/htdocs/sportsync/public/admin.php on line 869
[23-Apr-2025 09:43:10 Europe/Berlin] PHP Warning:  Undefined array key "status" in /Applications/XAMPP/xamppfiles/htdocs/sportsync/public/admin.php on line 870
[23-Apr-2025 09:43:10 Europe/Berlin] PHP Warning:  Undefined array key "status" in /Applications/XAMPP/xamppfiles/htdocs/sportsync/public/admin.php on line 871
[23-Apr-2025 09:43:10 Europe/Berlin] PHP Warning:  Undefined array key "status" in /Applications/XAMPP/xamppfiles/htdocs/sportsync/public/admin.php on line 869
[23-Apr-2025 09:43:10 Europe/Berlin] PHP Warning:  Undefined array key "status" in /Applications/XAMPP/xamppfiles/htdocs/sportsync/public/admin.php on line 870
[23-Apr-2025 09:43:10 Europe/Berlin] PHP Warning:  Undefined array key "status" in /Applications/XAMPP/xamppfiles/htdocs/sportsync/public/admin.php on line 871
[23-Apr-2025 09:43:19 Europe/Berlin] Connected to database. Tables found: favorites, feedback, matches, matches_backup, matches_new, news, newsletter, notifications, players, subscriptions, users
[23-Apr-2025 09:43:19 Europe/Berlin] Executing SQL: CREATE TABLE IF NOT EXISTS users (
                id INT AUTO_INCREMENT PRIMARY KEY,
                username VARCHAR(50) NOT NULL UNIQUE,
                password VARCHAR(255) NOT NULL,
                email VARCHAR(100) NOT NULL UNIQUE,
                account_type ENUM('user', 'admin') DEFAULT 'user',
                created_at TIMESTAMP DEFAULT CURRENT_TIMESTAMP
            )
[23-Apr-2025 09:43:19 Europe/Berlin] With params: []
[23-Apr-2025 09:43:19 Europe/Berlin] Query executed successfully. Found 0 rows
[23-Apr-2025 09:43:19 Europe/Berlin] Users table created or already exists
[23-Apr-2025 09:43:19 Europe/Berlin] Users table structure: [{"Field":"id","Type":"int(11)","Null":"NO","Key":"PRI","Default":null,"Extra":"auto_increment"},{"Field":"username","Type":"varchar(50)","Null":"NO","Key":"","Default":null,"Extra":""},{"Field":"email","Type":"varchar(100)","Null":"NO","Key":"UNI","Default":null,"Extra":""},{"Field":"password","Type":"varchar(255)","Null":"NO","Key":"","Default":null,"Extra":""},{"Field":"role","Type":"enum('user','admin')","Null":"YES","Key":"","Default":"user","Extra":""},{"Field":"verification_code","Type":"varchar(100)","Null":"YES","Key":"","Default":null,"Extra":""},{"Field":"is_verified","Type":"tinyint(1)","Null":"YES","Key":"","Default":"0","Extra":""},{"Field":"created_at","Type":"timestamp","Null":"NO","Key":"","Default":"current_timestamp()","Extra":""},{"Field":"favorite_sport","Type":"varchar(50)","Null":"YES","Key":"","Default":null,"Extra":""},{"Field":"favorite_team","Type":"varchar(50)","Null":"YES","Key":"","Default":null,"Extra":""},{"Field":"account_type","Type":"enum('user','admin')","Null":"YES","Key":"","Default":"user","Extra":""}]
[23-Apr-2025 09:43:19 Europe/Berlin] Number of users in database: 13
[23-Apr-2025 09:43:19 Europe/Berlin] All tables initialized successfully
[23-Apr-2025 09:43:19 Europe/Berlin] Executing SQL: SELECT * FROM matches WHERE id = :id
[23-Apr-2025 09:43:19 Europe/Berlin] With params: {":id":"16"}
[23-Apr-2025 09:43:19 Europe/Berlin] Query executed successfully. Found 1 rows
[23-Apr-2025 09:43:19 Europe/Berlin] Executing SQL: DELETE FROM matches WHERE id = :id
[23-Apr-2025 09:43:19 Europe/Berlin] With params: {":id":"16"}
[23-Apr-2025 09:43:19 Europe/Berlin] Query executed successfully. Found 0 rows
[23-Apr-2025 09:43:24 Europe/Berlin] Connected to database. Tables found: favorites, feedback, matches, matches_backup, matches_new, news, newsletter, notifications, players, subscriptions, users
[23-Apr-2025 09:43:24 Europe/Berlin] Executing SQL: CREATE TABLE IF NOT EXISTS users (
                id INT AUTO_INCREMENT PRIMARY KEY,
                username VARCHAR(50) NOT NULL UNIQUE,
                password VARCHAR(255) NOT NULL,
                email VARCHAR(100) NOT NULL UNIQUE,
                account_type ENUM('user', 'admin') DEFAULT 'user',
                created_at TIMESTAMP DEFAULT CURRENT_TIMESTAMP
            )
[23-Apr-2025 09:43:24 Europe/Berlin] With params: []
[23-Apr-2025 09:43:24 Europe/Berlin] Query executed successfully. Found 0 rows
[23-Apr-2025 09:43:24 Europe/Berlin] Users table created or already exists
[23-Apr-2025 09:43:24 Europe/Berlin] Users table structure: [{"Field":"id","Type":"int(11)","Null":"NO","Key":"PRI","Default":null,"Extra":"auto_increment"},{"Field":"username","Type":"varchar(50)","Null":"NO","Key":"","Default":null,"Extra":""},{"Field":"email","Type":"varchar(100)","Null":"NO","Key":"UNI","Default":null,"Extra":""},{"Field":"password","Type":"varchar(255)","Null":"NO","Key":"","Default":null,"Extra":""},{"Field":"role","Type":"enum('user','admin')","Null":"YES","Key":"","Default":"user","Extra":""},{"Field":"verification_code","Type":"varchar(100)","Null":"YES","Key":"","Default":null,"Extra":""},{"Field":"is_verified","Type":"tinyint(1)","Null":"YES","Key":"","Default":"0","Extra":""},{"Field":"created_at","Type":"timestamp","Null":"NO","Key":"","Default":"current_timestamp()","Extra":""},{"Field":"favorite_sport","Type":"varchar(50)","Null":"YES","Key":"","Default":null,"Extra":""},{"Field":"favorite_team","Type":"varchar(50)","Null":"YES","Key":"","Default":null,"Extra":""},{"Field":"account_type","Type":"enum('user','admin')","Null":"YES","Key":"","Default":"user","Extra":""}]
[23-Apr-2025 09:43:24 Europe/Berlin] Number of users in database: 13
[23-Apr-2025 09:43:24 Europe/Berlin] All tables initialized successfully
[23-Apr-2025 09:43:24 Europe/Berlin] Executing SQL: SELECT * FROM matches WHERE id = :id
[23-Apr-2025 09:43:24 Europe/Berlin] With params: {":id":"31"}
[23-Apr-2025 09:43:24 Europe/Berlin] Query executed successfully. Found 1 rows
[23-Apr-2025 09:43:24 Europe/Berlin] Executing SQL: DELETE FROM matches WHERE id = :id
[23-Apr-2025 09:43:24 Europe/Berlin] With params: {":id":"31"}
[23-Apr-2025 09:43:24 Europe/Berlin] Query executed successfully. Found 0 rows
[23-Apr-2025 09:43:29 Europe/Berlin] Connected to database. Tables found: favorites, feedback, matches, matches_backup, matches_new, news, newsletter, notifications, players, subscriptions, users
[23-Apr-2025 09:43:29 Europe/Berlin] Executing SQL: CREATE TABLE IF NOT EXISTS users (
                id INT AUTO_INCREMENT PRIMARY KEY,
                username VARCHAR(50) NOT NULL UNIQUE,
                password VARCHAR(255) NOT NULL,
                email VARCHAR(100) NOT NULL UNIQUE,
                account_type ENUM('user', 'admin') DEFAULT 'user',
                created_at TIMESTAMP DEFAULT CURRENT_TIMESTAMP
            )
[23-Apr-2025 09:43:29 Europe/Berlin] With params: []
[23-Apr-2025 09:43:29 Europe/Berlin] Query executed successfully. Found 0 rows
[23-Apr-2025 09:43:29 Europe/Berlin] Users table created or already exists
[23-Apr-2025 09:43:29 Europe/Berlin] Users table structure: [{"Field":"id","Type":"int(11)","Null":"NO","Key":"PRI","Default":null,"Extra":"auto_increment"},{"Field":"username","Type":"varchar(50)","Null":"NO","Key":"","Default":null,"Extra":""},{"Field":"email","Type":"varchar(100)","Null":"NO","Key":"UNI","Default":null,"Extra":""},{"Field":"password","Type":"varchar(255)","Null":"NO","Key":"","Default":null,"Extra":""},{"Field":"role","Type":"enum('user','admin')","Null":"YES","Key":"","Default":"user","Extra":""},{"Field":"verification_code","Type":"varchar(100)","Null":"YES","Key":"","Default":null,"Extra":""},{"Field":"is_verified","Type":"tinyint(1)","Null":"YES","Key":"","Default":"0","Extra":""},{"Field":"created_at","Type":"timestamp","Null":"NO","Key":"","Default":"current_timestamp()","Extra":""},{"Field":"favorite_sport","Type":"varchar(50)","Null":"YES","Key":"","Default":null,"Extra":""},{"Field":"favorite_team","Type":"varchar(50)","Null":"YES","Key":"","Default":null,"Extra":""},{"Field":"account_type","Type":"enum('user','admin')","Null":"YES","Key":"","Default":"user","Extra":""}]
[23-Apr-2025 09:43:29 Europe/Berlin] Number of users in database: 13
[23-Apr-2025 09:43:29 Europe/Berlin] All tables initialized successfully
[23-Apr-2025 09:43:29 Europe/Berlin] Executing SQL: SELECT * FROM matches WHERE id = :id
[23-Apr-2025 09:43:29 Europe/Berlin] With params: {":id":"27"}
[23-Apr-2025 09:43:29 Europe/Berlin] Query executed successfully. Found 1 rows
[23-Apr-2025 09:43:29 Europe/Berlin] Executing SQL: DELETE FROM matches WHERE id = :id
[23-Apr-2025 09:43:29 Europe/Berlin] With params: {":id":"27"}
[23-Apr-2025 09:43:29 Europe/Berlin] Query executed successfully. Found 0 rows
[23-Apr-2025 09:43:35 Europe/Berlin] Connected to database. Tables found: favorites, feedback, matches, matches_backup, matches_new, news, newsletter, notifications, players, subscriptions, users
[23-Apr-2025 09:43:35 Europe/Berlin] Executing SQL: CREATE TABLE IF NOT EXISTS users (
                id INT AUTO_INCREMENT PRIMARY KEY,
                username VARCHAR(50) NOT NULL UNIQUE,
                password VARCHAR(255) NOT NULL,
                email VARCHAR(100) NOT NULL UNIQUE,
                account_type ENUM('user', 'admin') DEFAULT 'user',
                created_at TIMESTAMP DEFAULT CURRENT_TIMESTAMP
            )
[23-Apr-2025 09:43:35 Europe/Berlin] With params: []
[23-Apr-2025 09:43:35 Europe/Berlin] Query executed successfully. Found 0 rows
[23-Apr-2025 09:43:35 Europe/Berlin] Users table created or already exists
[23-Apr-2025 09:43:35 Europe/Berlin] Users table structure: [{"Field":"id","Type":"int(11)","Null":"NO","Key":"PRI","Default":null,"Extra":"auto_increment"},{"Field":"username","Type":"varchar(50)","Null":"NO","Key":"","Default":null,"Extra":""},{"Field":"email","Type":"varchar(100)","Null":"NO","Key":"UNI","Default":null,"Extra":""},{"Field":"password","Type":"varchar(255)","Null":"NO","Key":"","Default":null,"Extra":""},{"Field":"role","Type":"enum('user','admin')","Null":"YES","Key":"","Default":"user","Extra":""},{"Field":"verification_code","Type":"varchar(100)","Null":"YES","Key":"","Default":null,"Extra":""},{"Field":"is_verified","Type":"tinyint(1)","Null":"YES","Key":"","Default":"0","Extra":""},{"Field":"created_at","Type":"timestamp","Null":"NO","Key":"","Default":"current_timestamp()","Extra":""},{"Field":"favorite_sport","Type":"varchar(50)","Null":"YES","Key":"","Default":null,"Extra":""},{"Field":"favorite_team","Type":"varchar(50)","Null":"YES","Key":"","Default":null,"Extra":""},{"Field":"account_type","Type":"enum('user','admin')","Null":"YES","Key":"","Default":"user","Extra":""}]
[23-Apr-2025 09:43:35 Europe/Berlin] Number of users in database: 13
[23-Apr-2025 09:43:35 Europe/Berlin] All tables initialized successfully
[23-Apr-2025 09:43:35 Europe/Berlin] Connected to database. Tables found: favorites, feedback, matches, matches_backup, matches_new, news, newsletter, notifications, players, subscriptions, users
[23-Apr-2025 09:43:35 Europe/Berlin] Executing SQL: CREATE TABLE IF NOT EXISTS users (
                id INT AUTO_INCREMENT PRIMARY KEY,
                username VARCHAR(50) NOT NULL UNIQUE,
                password VARCHAR(255) NOT NULL,
                email VARCHAR(100) NOT NULL UNIQUE,
                account_type ENUM('user', 'admin') DEFAULT 'user',
                created_at TIMESTAMP DEFAULT CURRENT_TIMESTAMP
            )
[23-Apr-2025 09:43:35 Europe/Berlin] With params: []
[23-Apr-2025 09:43:35 Europe/Berlin] Query executed successfully. Found 0 rows
[23-Apr-2025 09:43:35 Europe/Berlin] Users table created or already exists
[23-Apr-2025 09:43:35 Europe/Berlin] Users table structure: [{"Field":"id","Type":"int(11)","Null":"NO","Key":"PRI","Default":null,"Extra":"auto_increment"},{"Field":"username","Type":"varchar(50)","Null":"NO","Key":"","Default":null,"Extra":""},{"Field":"email","Type":"varchar(100)","Null":"NO","Key":"UNI","Default":null,"Extra":""},{"Field":"password","Type":"varchar(255)","Null":"NO","Key":"","Default":null,"Extra":""},{"Field":"role","Type":"enum('user','admin')","Null":"YES","Key":"","Default":"user","Extra":""},{"Field":"verification_code","Type":"varchar(100)","Null":"YES","Key":"","Default":null,"Extra":""},{"Field":"is_verified","Type":"tinyint(1)","Null":"YES","Key":"","Default":"0","Extra":""},{"Field":"created_at","Type":"timestamp","Null":"NO","Key":"","Default":"current_timestamp()","Extra":""},{"Field":"favorite_sport","Type":"varchar(50)","Null":"YES","Key":"","Default":null,"Extra":""},{"Field":"favorite_team","Type":"varchar(50)","Null":"YES","Key":"","Default":null,"Extra":""},{"Field":"account_type","Type":"enum('user','admin')","Null":"YES","Key":"","Default":"user","Extra":""}]
[23-Apr-2025 09:43:35 Europe/Berlin] Number of users in database: 13
[23-Apr-2025 09:43:35 Europe/Berlin] All tables initialized successfully
[23-Apr-2025 09:43:35 Europe/Berlin] Database tables initialized successfully
[23-Apr-2025 09:43:35 Europe/Berlin] Executing SQL: SELECT * FROM users WHERE id = :id
[23-Apr-2025 09:43:35 Europe/Berlin] With params: {":id":12}
[23-Apr-2025 09:43:35 Europe/Berlin] Query executed successfully. Found 1 rows
[23-Apr-2025 09:43:35 Europe/Berlin] User loaded from session: varunpndey
[23-Apr-2025 09:43:35 Europe/Berlin] Executing SQL: SELECT * FROM users WHERE id = :id
[23-Apr-2025 09:43:35 Europe/Berlin] With params: {":id":12}
[23-Apr-2025 09:43:35 Europe/Berlin] Query executed successfully. Found 1 rows
[23-Apr-2025 09:43:35 Europe/Berlin] Executing SQL: SELECT * FROM news ORDER BY created_at DESC
[23-Apr-2025 09:43:35 Europe/Berlin] With params: []
[23-Apr-2025 09:43:35 Europe/Berlin] Query executed successfully. Found 13 rows
[23-Apr-2025 09:43:35 Europe/Berlin] Executing SQL: SELECT * FROM feedback ORDER BY created_at DESC
[23-Apr-2025 09:43:35 Europe/Berlin] With params: []
[23-Apr-2025 09:43:35 Europe/Berlin] Query executed successfully. Found 10 rows
[23-Apr-2025 09:43:35 Europe/Berlin] Executing SQL: UPDATE feedback SET status = :status WHERE id = :id
[23-Apr-2025 09:43:35 Europe/Berlin] With params: {":status":"read",":id":"10"}
[23-Apr-2025 09:43:35 Europe/Berlin] Error in executeQuery: SQLSTATE[42S22]: Column not found: 1054 Unknown column 'status' in 'field list'
[23-Apr-2025 09:43:35 Europe/Berlin] Executing SQL: SELECT * FROM matches WHERE status = 'live'
[23-Apr-2025 09:43:35 Europe/Berlin] With params: []
[23-Apr-2025 09:43:35 Europe/Berlin] Query executed successfully. Found 4 rows
[23-Apr-2025 09:43:35 Europe/Berlin] Executing SQL: SELECT * FROM matches WHERE 1=1 ORDER BY match_time DESC
[23-Apr-2025 09:43:35 Europe/Berlin] With params: []
[23-Apr-2025 09:43:35 Europe/Berlin] Query executed successfully. Found 19 rows
[23-Apr-2025 09:43:35 Europe/Berlin] PHP Warning:  Undefined array key "status" in /Applications/XAMPP/xamppfiles/htdocs/sportsync/public/admin.php on line 869
[23-Apr-2025 09:43:35 Europe/Berlin] PHP Warning:  Undefined array key "status" in /Applications/XAMPP/xamppfiles/htdocs/sportsync/public/admin.php on line 870
[23-Apr-2025 09:43:35 Europe/Berlin] PHP Warning:  Undefined array key "status" in /Applications/XAMPP/xamppfiles/htdocs/sportsync/public/admin.php on line 871
[23-Apr-2025 09:43:35 Europe/Berlin] PHP Warning:  Undefined array key "status" in /Applications/XAMPP/xamppfiles/htdocs/sportsync/public/admin.php on line 869
[23-Apr-2025 09:43:35 Europe/Berlin] PHP Warning:  Undefined array key "status" in /Applications/XAMPP/xamppfiles/htdocs/sportsync/public/admin.php on line 870
[23-Apr-2025 09:43:35 Europe/Berlin] PHP Warning:  Undefined array key "status" in /Applications/XAMPP/xamppfiles/htdocs/sportsync/public/admin.php on line 871
[23-Apr-2025 09:43:35 Europe/Berlin] PHP Warning:  Undefined array key "status" in /Applications/XAMPP/xamppfiles/htdocs/sportsync/public/admin.php on line 869
[23-Apr-2025 09:43:35 Europe/Berlin] PHP Warning:  Undefined array key "status" in /Applications/XAMPP/xamppfiles/htdocs/sportsync/public/admin.php on line 870
[23-Apr-2025 09:43:35 Europe/Berlin] PHP Warning:  Undefined array key "status" in /Applications/XAMPP/xamppfiles/htdocs/sportsync/public/admin.php on line 871
[23-Apr-2025 09:43:35 Europe/Berlin] PHP Warning:  Undefined array key "status" in /Applications/XAMPP/xamppfiles/htdocs/sportsync/public/admin.php on line 869
[23-Apr-2025 09:43:35 Europe/Berlin] PHP Warning:  Undefined array key "status" in /Applications/XAMPP/xamppfiles/htdocs/sportsync/public/admin.php on line 870
[23-Apr-2025 09:43:35 Europe/Berlin] PHP Warning:  Undefined array key "status" in /Applications/XAMPP/xamppfiles/htdocs/sportsync/public/admin.php on line 871
[23-Apr-2025 09:43:35 Europe/Berlin] PHP Warning:  Undefined array key "status" in /Applications/XAMPP/xamppfiles/htdocs/sportsync/public/admin.php on line 869
[23-Apr-2025 09:43:35 Europe/Berlin] PHP Warning:  Undefined array key "status" in /Applications/XAMPP/xamppfiles/htdocs/sportsync/public/admin.php on line 870
[23-Apr-2025 09:43:35 Europe/Berlin] PHP Warning:  Undefined array key "status" in /Applications/XAMPP/xamppfiles/htdocs/sportsync/public/admin.php on line 871
[23-Apr-2025 09:43:35 Europe/Berlin] PHP Warning:  Undefined array key "status" in /Applications/XAMPP/xamppfiles/htdocs/sportsync/public/admin.php on line 869
[23-Apr-2025 09:43:35 Europe/Berlin] PHP Warning:  Undefined array key "status" in /Applications/XAMPP/xamppfiles/htdocs/sportsync/public/admin.php on line 870
[23-Apr-2025 09:43:35 Europe/Berlin] PHP Warning:  Undefined array key "status" in /Applications/XAMPP/xamppfiles/htdocs/sportsync/public/admin.php on line 871
[23-Apr-2025 09:43:35 Europe/Berlin] PHP Warning:  Undefined array key "status" in /Applications/XAMPP/xamppfiles/htdocs/sportsync/public/admin.php on line 869
[23-Apr-2025 09:43:35 Europe/Berlin] PHP Warning:  Undefined array key "status" in /Applications/XAMPP/xamppfiles/htdocs/sportsync/public/admin.php on line 870
[23-Apr-2025 09:43:35 Europe/Berlin] PHP Warning:  Undefined array key "status" in /Applications/XAMPP/xamppfiles/htdocs/sportsync/public/admin.php on line 871
[23-Apr-2025 09:43:35 Europe/Berlin] PHP Warning:  Undefined array key "status" in /Applications/XAMPP/xamppfiles/htdocs/sportsync/public/admin.php on line 869
[23-Apr-2025 09:43:35 Europe/Berlin] PHP Warning:  Undefined array key "status" in /Applications/XAMPP/xamppfiles/htdocs/sportsync/public/admin.php on line 870
[23-Apr-2025 09:43:35 Europe/Berlin] PHP Warning:  Undefined array key "status" in /Applications/XAMPP/xamppfiles/htdocs/sportsync/public/admin.php on line 871
[23-Apr-2025 09:43:35 Europe/Berlin] PHP Warning:  Undefined array key "status" in /Applications/XAMPP/xamppfiles/htdocs/sportsync/public/admin.php on line 869
[23-Apr-2025 09:43:35 Europe/Berlin] PHP Warning:  Undefined array key "status" in /Applications/XAMPP/xamppfiles/htdocs/sportsync/public/admin.php on line 870
[23-Apr-2025 09:43:35 Europe/Berlin] PHP Warning:  Undefined array key "status" in /Applications/XAMPP/xamppfiles/htdocs/sportsync/public/admin.php on line 871
[23-Apr-2025 09:43:35 Europe/Berlin] PHP Warning:  Undefined array key "status" in /Applications/XAMPP/xamppfiles/htdocs/sportsync/public/admin.php on line 869
[23-Apr-2025 09:43:35 Europe/Berlin] PHP Warning:  Undefined array key "status" in /Applications/XAMPP/xamppfiles/htdocs/sportsync/public/admin.php on line 870
[23-Apr-2025 09:43:35 Europe/Berlin] PHP Warning:  Undefined array key "status" in /Applications/XAMPP/xamppfiles/htdocs/sportsync/public/admin.php on line 871
[23-Apr-2025 09:48:41 Europe/Berlin] Connected to database. Tables found: favorites, feedback, matches, matches_backup, matches_new, news, newsletter, notifications, players, subscriptions, users
[23-Apr-2025 09:48:41 Europe/Berlin] Executing SQL: CREATE TABLE IF NOT EXISTS users (
                id INT AUTO_INCREMENT PRIMARY KEY,
                username VARCHAR(50) NOT NULL UNIQUE,
                password VARCHAR(255) NOT NULL,
                email VARCHAR(100) NOT NULL UNIQUE,
                account_type ENUM('user', 'admin') DEFAULT 'user',
                created_at TIMESTAMP DEFAULT CURRENT_TIMESTAMP
            )
[23-Apr-2025 09:48:41 Europe/Berlin] With params: []
[23-Apr-2025 09:48:41 Europe/Berlin] Query executed successfully. Found 0 rows
[23-Apr-2025 09:48:41 Europe/Berlin] Users table created or already exists
[23-Apr-2025 09:48:41 Europe/Berlin] Users table structure: [{"Field":"id","Type":"int(11)","Null":"NO","Key":"PRI","Default":null,"Extra":"auto_increment"},{"Field":"username","Type":"varchar(50)","Null":"NO","Key":"","Default":null,"Extra":""},{"Field":"email","Type":"varchar(100)","Null":"NO","Key":"UNI","Default":null,"Extra":""},{"Field":"password","Type":"varchar(255)","Null":"NO","Key":"","Default":null,"Extra":""},{"Field":"role","Type":"enum('user','admin')","Null":"YES","Key":"","Default":"user","Extra":""},{"Field":"verification_code","Type":"varchar(100)","Null":"YES","Key":"","Default":null,"Extra":""},{"Field":"is_verified","Type":"tinyint(1)","Null":"YES","Key":"","Default":"0","Extra":""},{"Field":"created_at","Type":"timestamp","Null":"NO","Key":"","Default":"current_timestamp()","Extra":""},{"Field":"favorite_sport","Type":"varchar(50)","Null":"YES","Key":"","Default":null,"Extra":""},{"Field":"favorite_team","Type":"varchar(50)","Null":"YES","Key":"","Default":null,"Extra":""},{"Field":"account_type","Type":"enum('user','admin')","Null":"YES","Key":"","Default":"user","Extra":""}]
[23-Apr-2025 09:48:41 Europe/Berlin] Number of users in database: 13
[23-Apr-2025 09:48:41 Europe/Berlin] All tables initialized successfully
[23-Apr-2025 09:48:41 Europe/Berlin] Connected to database. Tables found: favorites, feedback, matches, matches_backup, matches_new, news, newsletter, notifications, players, subscriptions, users
[23-Apr-2025 09:48:41 Europe/Berlin] Executing SQL: CREATE TABLE IF NOT EXISTS users (
                id INT AUTO_INCREMENT PRIMARY KEY,
                username VARCHAR(50) NOT NULL UNIQUE,
                password VARCHAR(255) NOT NULL,
                email VARCHAR(100) NOT NULL UNIQUE,
                account_type ENUM('user', 'admin') DEFAULT 'user',
                created_at TIMESTAMP DEFAULT CURRENT_TIMESTAMP
            )
[23-Apr-2025 09:48:41 Europe/Berlin] With params: []
[23-Apr-2025 09:48:41 Europe/Berlin] Query executed successfully. Found 0 rows
[23-Apr-2025 09:48:41 Europe/Berlin] Users table created or already exists
[23-Apr-2025 09:48:41 Europe/Berlin] Users table structure: [{"Field":"id","Type":"int(11)","Null":"NO","Key":"PRI","Default":null,"Extra":"auto_increment"},{"Field":"username","Type":"varchar(50)","Null":"NO","Key":"","Default":null,"Extra":""},{"Field":"email","Type":"varchar(100)","Null":"NO","Key":"UNI","Default":null,"Extra":""},{"Field":"password","Type":"varchar(255)","Null":"NO","Key":"","Default":null,"Extra":""},{"Field":"role","Type":"enum('user','admin')","Null":"YES","Key":"","Default":"user","Extra":""},{"Field":"verification_code","Type":"varchar(100)","Null":"YES","Key":"","Default":null,"Extra":""},{"Field":"is_verified","Type":"tinyint(1)","Null":"YES","Key":"","Default":"0","Extra":""},{"Field":"created_at","Type":"timestamp","Null":"NO","Key":"","Default":"current_timestamp()","Extra":""},{"Field":"favorite_sport","Type":"varchar(50)","Null":"YES","Key":"","Default":null,"Extra":""},{"Field":"favorite_team","Type":"varchar(50)","Null":"YES","Key":"","Default":null,"Extra":""},{"Field":"account_type","Type":"enum('user','admin')","Null":"YES","Key":"","Default":"user","Extra":""}]
[23-Apr-2025 09:48:41 Europe/Berlin] Number of users in database: 13
[23-Apr-2025 09:48:41 Europe/Berlin] All tables initialized successfully
[23-Apr-2025 09:48:41 Europe/Berlin] Database tables initialized successfully
[23-Apr-2025 09:48:41 Europe/Berlin] Executing SQL: SELECT * FROM users WHERE id = :id
[23-Apr-2025 09:48:41 Europe/Berlin] With params: {":id":12}
[23-Apr-2025 09:48:41 Europe/Berlin] Query executed successfully. Found 1 rows
[23-Apr-2025 09:48:41 Europe/Berlin] User loaded from session: varunpndey
[23-Apr-2025 09:48:41 Europe/Berlin] Executing SQL: SELECT * FROM users WHERE id = :id
[23-Apr-2025 09:48:41 Europe/Berlin] With params: {":id":12}
[23-Apr-2025 09:48:41 Europe/Berlin] Query executed successfully. Found 1 rows
[23-Apr-2025 09:48:41 Europe/Berlin] Executing SQL: SELECT * FROM news ORDER BY created_at DESC
[23-Apr-2025 09:48:41 Europe/Berlin] With params: []
[23-Apr-2025 09:48:41 Europe/Berlin] Query executed successfully. Found 13 rows
[23-Apr-2025 09:48:41 Europe/Berlin] Executing SQL: SELECT * FROM feedback ORDER BY created_at DESC
[23-Apr-2025 09:48:41 Europe/Berlin] With params: []
[23-Apr-2025 09:48:41 Europe/Berlin] Query executed successfully. Found 10 rows
[23-Apr-2025 09:48:41 Europe/Berlin] Executing SQL: UPDATE feedback SET status = :status WHERE id = :id
[23-Apr-2025 09:48:41 Europe/Berlin] With params: {":status":"read",":id":"10"}
[23-Apr-2025 09:48:41 Europe/Berlin] Error in executeQuery: SQLSTATE[42S22]: Column not found: 1054 Unknown column 'status' in 'field list'
[23-Apr-2025 09:48:41 Europe/Berlin] Executing SQL: SELECT * FROM matches WHERE status = 'live'
[23-Apr-2025 09:48:41 Europe/Berlin] With params: []
[23-Apr-2025 09:48:41 Europe/Berlin] Query executed successfully. Found 4 rows
[23-Apr-2025 09:48:41 Europe/Berlin] Executing SQL: SELECT * FROM matches WHERE 1=1 ORDER BY match_time DESC
[23-Apr-2025 09:48:41 Europe/Berlin] With params: []
[23-Apr-2025 09:48:41 Europe/Berlin] Query executed successfully. Found 19 rows
[23-Apr-2025 09:48:41 Europe/Berlin] PHP Warning:  Undefined array key "status" in /Applications/XAMPP/xamppfiles/htdocs/sportsync/public/admin.php on line 869
[23-Apr-2025 09:48:41 Europe/Berlin] PHP Warning:  Undefined array key "status" in /Applications/XAMPP/xamppfiles/htdocs/sportsync/public/admin.php on line 870
[23-Apr-2025 09:48:41 Europe/Berlin] PHP Warning:  Undefined array key "status" in /Applications/XAMPP/xamppfiles/htdocs/sportsync/public/admin.php on line 871
[23-Apr-2025 09:48:41 Europe/Berlin] PHP Warning:  Undefined array key "status" in /Applications/XAMPP/xamppfiles/htdocs/sportsync/public/admin.php on line 869
[23-Apr-2025 09:48:41 Europe/Berlin] PHP Warning:  Undefined array key "status" in /Applications/XAMPP/xamppfiles/htdocs/sportsync/public/admin.php on line 870
[23-Apr-2025 09:48:41 Europe/Berlin] PHP Warning:  Undefined array key "status" in /Applications/XAMPP/xamppfiles/htdocs/sportsync/public/admin.php on line 871
[23-Apr-2025 09:48:41 Europe/Berlin] PHP Warning:  Undefined array key "status" in /Applications/XAMPP/xamppfiles/htdocs/sportsync/public/admin.php on line 869
[23-Apr-2025 09:48:41 Europe/Berlin] PHP Warning:  Undefined array key "status" in /Applications/XAMPP/xamppfiles/htdocs/sportsync/public/admin.php on line 870
[23-Apr-2025 09:48:41 Europe/Berlin] PHP Warning:  Undefined array key "status" in /Applications/XAMPP/xamppfiles/htdocs/sportsync/public/admin.php on line 871
[23-Apr-2025 09:48:41 Europe/Berlin] PHP Warning:  Undefined array key "status" in /Applications/XAMPP/xamppfiles/htdocs/sportsync/public/admin.php on line 869
[23-Apr-2025 09:48:41 Europe/Berlin] PHP Warning:  Undefined array key "status" in /Applications/XAMPP/xamppfiles/htdocs/sportsync/public/admin.php on line 870
[23-Apr-2025 09:48:41 Europe/Berlin] PHP Warning:  Undefined array key "status" in /Applications/XAMPP/xamppfiles/htdocs/sportsync/public/admin.php on line 871
[23-Apr-2025 09:48:41 Europe/Berlin] PHP Warning:  Undefined array key "status" in /Applications/XAMPP/xamppfiles/htdocs/sportsync/public/admin.php on line 869
[23-Apr-2025 09:48:41 Europe/Berlin] PHP Warning:  Undefined array key "status" in /Applications/XAMPP/xamppfiles/htdocs/sportsync/public/admin.php on line 870
[23-Apr-2025 09:48:41 Europe/Berlin] PHP Warning:  Undefined array key "status" in /Applications/XAMPP/xamppfiles/htdocs/sportsync/public/admin.php on line 871
[23-Apr-2025 09:48:41 Europe/Berlin] PHP Warning:  Undefined array key "status" in /Applications/XAMPP/xamppfiles/htdocs/sportsync/public/admin.php on line 869
[23-Apr-2025 09:48:41 Europe/Berlin] PHP Warning:  Undefined array key "status" in /Applications/XAMPP/xamppfiles/htdocs/sportsync/public/admin.php on line 870
[23-Apr-2025 09:48:41 Europe/Berlin] PHP Warning:  Undefined array key "status" in /Applications/XAMPP/xamppfiles/htdocs/sportsync/public/admin.php on line 871
[23-Apr-2025 09:48:41 Europe/Berlin] PHP Warning:  Undefined array key "status" in /Applications/XAMPP/xamppfiles/htdocs/sportsync/public/admin.php on line 869
[23-Apr-2025 09:48:41 Europe/Berlin] PHP Warning:  Undefined array key "status" in /Applications/XAMPP/xamppfiles/htdocs/sportsync/public/admin.php on line 870
[23-Apr-2025 09:48:41 Europe/Berlin] PHP Warning:  Undefined array key "status" in /Applications/XAMPP/xamppfiles/htdocs/sportsync/public/admin.php on line 871
[23-Apr-2025 09:48:41 Europe/Berlin] PHP Warning:  Undefined array key "status" in /Applications/XAMPP/xamppfiles/htdocs/sportsync/public/admin.php on line 869
[23-Apr-2025 09:48:41 Europe/Berlin] PHP Warning:  Undefined array key "status" in /Applications/XAMPP/xamppfiles/htdocs/sportsync/public/admin.php on line 870
[23-Apr-2025 09:48:41 Europe/Berlin] PHP Warning:  Undefined array key "status" in /Applications/XAMPP/xamppfiles/htdocs/sportsync/public/admin.php on line 871
[23-Apr-2025 09:48:41 Europe/Berlin] PHP Warning:  Undefined array key "status" in /Applications/XAMPP/xamppfiles/htdocs/sportsync/public/admin.php on line 869
[23-Apr-2025 09:48:41 Europe/Berlin] PHP Warning:  Undefined array key "status" in /Applications/XAMPP/xamppfiles/htdocs/sportsync/public/admin.php on line 870
[23-Apr-2025 09:48:41 Europe/Berlin] PHP Warning:  Undefined array key "status" in /Applications/XAMPP/xamppfiles/htdocs/sportsync/public/admin.php on line 871
[23-Apr-2025 09:48:41 Europe/Berlin] PHP Warning:  Undefined array key "status" in /Applications/XAMPP/xamppfiles/htdocs/sportsync/public/admin.php on line 869
[23-Apr-2025 09:48:41 Europe/Berlin] PHP Warning:  Undefined array key "status" in /Applications/XAMPP/xamppfiles/htdocs/sportsync/public/admin.php on line 870
[23-Apr-2025 09:48:41 Europe/Berlin] PHP Warning:  Undefined array key "status" in /Applications/XAMPP/xamppfiles/htdocs/sportsync/public/admin.php on line 871
[23-Apr-2025 09:48:46 Europe/Berlin] Connected to database. Tables found: favorites, feedback, matches, matches_backup, matches_new, news, newsletter, notifications, players, subscriptions, users
[23-Apr-2025 09:48:46 Europe/Berlin] Executing SQL: CREATE TABLE IF NOT EXISTS users (
                id INT AUTO_INCREMENT PRIMARY KEY,
                username VARCHAR(50) NOT NULL UNIQUE,
                password VARCHAR(255) NOT NULL,
                email VARCHAR(100) NOT NULL UNIQUE,
                account_type ENUM('user', 'admin') DEFAULT 'user',
                created_at TIMESTAMP DEFAULT CURRENT_TIMESTAMP
            )
[23-Apr-2025 09:48:46 Europe/Berlin] With params: []
[23-Apr-2025 09:48:46 Europe/Berlin] Query executed successfully. Found 0 rows
[23-Apr-2025 09:48:46 Europe/Berlin] Users table created or already exists
[23-Apr-2025 09:48:46 Europe/Berlin] Users table structure: [{"Field":"id","Type":"int(11)","Null":"NO","Key":"PRI","Default":null,"Extra":"auto_increment"},{"Field":"username","Type":"varchar(50)","Null":"NO","Key":"","Default":null,"Extra":""},{"Field":"email","Type":"varchar(100)","Null":"NO","Key":"UNI","Default":null,"Extra":""},{"Field":"password","Type":"varchar(255)","Null":"NO","Key":"","Default":null,"Extra":""},{"Field":"role","Type":"enum('user','admin')","Null":"YES","Key":"","Default":"user","Extra":""},{"Field":"verification_code","Type":"varchar(100)","Null":"YES","Key":"","Default":null,"Extra":""},{"Field":"is_verified","Type":"tinyint(1)","Null":"YES","Key":"","Default":"0","Extra":""},{"Field":"created_at","Type":"timestamp","Null":"NO","Key":"","Default":"current_timestamp()","Extra":""},{"Field":"favorite_sport","Type":"varchar(50)","Null":"YES","Key":"","Default":null,"Extra":""},{"Field":"favorite_team","Type":"varchar(50)","Null":"YES","Key":"","Default":null,"Extra":""},{"Field":"account_type","Type":"enum('user','admin')","Null":"YES","Key":"","Default":"user","Extra":""}]
[23-Apr-2025 09:48:46 Europe/Berlin] Number of users in database: 13
[23-Apr-2025 09:48:46 Europe/Berlin] All tables initialized successfully
[23-Apr-2025 09:48:46 Europe/Berlin] Executing SQL: SELECT * FROM matches WHERE id = :id
[23-Apr-2025 09:48:46 Europe/Berlin] With params: {":id":"28"}
[23-Apr-2025 09:48:46 Europe/Berlin] Query executed successfully. Found 1 rows
[23-Apr-2025 09:48:46 Europe/Berlin] Executing SQL: DELETE FROM matches WHERE id = :id
[23-Apr-2025 09:48:46 Europe/Berlin] With params: {":id":"28"}
[23-Apr-2025 09:48:46 Europe/Berlin] Query executed successfully. Found 0 rows
[23-Apr-2025 09:48:48 Europe/Berlin] Connected to database. Tables found: favorites, feedback, matches, matches_backup, matches_new, news, newsletter, notifications, players, subscriptions, users
[23-Apr-2025 09:48:48 Europe/Berlin] Executing SQL: CREATE TABLE IF NOT EXISTS users (
                id INT AUTO_INCREMENT PRIMARY KEY,
                username VARCHAR(50) NOT NULL UNIQUE,
                password VARCHAR(255) NOT NULL,
                email VARCHAR(100) NOT NULL UNIQUE,
                account_type ENUM('user', 'admin') DEFAULT 'user',
                created_at TIMESTAMP DEFAULT CURRENT_TIMESTAMP
            )
[23-Apr-2025 09:48:48 Europe/Berlin] With params: []
[23-Apr-2025 09:48:48 Europe/Berlin] Query executed successfully. Found 0 rows
[23-Apr-2025 09:48:48 Europe/Berlin] Users table created or already exists
[23-Apr-2025 09:48:48 Europe/Berlin] Users table structure: [{"Field":"id","Type":"int(11)","Null":"NO","Key":"PRI","Default":null,"Extra":"auto_increment"},{"Field":"username","Type":"varchar(50)","Null":"NO","Key":"","Default":null,"Extra":""},{"Field":"email","Type":"varchar(100)","Null":"NO","Key":"UNI","Default":null,"Extra":""},{"Field":"password","Type":"varchar(255)","Null":"NO","Key":"","Default":null,"Extra":""},{"Field":"role","Type":"enum('user','admin')","Null":"YES","Key":"","Default":"user","Extra":""},{"Field":"verification_code","Type":"varchar(100)","Null":"YES","Key":"","Default":null,"Extra":""},{"Field":"is_verified","Type":"tinyint(1)","Null":"YES","Key":"","Default":"0","Extra":""},{"Field":"created_at","Type":"timestamp","Null":"NO","Key":"","Default":"current_timestamp()","Extra":""},{"Field":"favorite_sport","Type":"varchar(50)","Null":"YES","Key":"","Default":null,"Extra":""},{"Field":"favorite_team","Type":"varchar(50)","Null":"YES","Key":"","Default":null,"Extra":""},{"Field":"account_type","Type":"enum('user','admin')","Null":"YES","Key":"","Default":"user","Extra":""}]
[23-Apr-2025 09:48:48 Europe/Berlin] Number of users in database: 13
[23-Apr-2025 09:48:48 Europe/Berlin] All tables initialized successfully
[23-Apr-2025 09:48:48 Europe/Berlin] Connected to database. Tables found: favorites, feedback, matches, matches_backup, matches_new, news, newsletter, notifications, players, subscriptions, users
[23-Apr-2025 09:48:48 Europe/Berlin] Executing SQL: CREATE TABLE IF NOT EXISTS users (
                id INT AUTO_INCREMENT PRIMARY KEY,
                username VARCHAR(50) NOT NULL UNIQUE,
                password VARCHAR(255) NOT NULL,
                email VARCHAR(100) NOT NULL UNIQUE,
                account_type ENUM('user', 'admin') DEFAULT 'user',
                created_at TIMESTAMP DEFAULT CURRENT_TIMESTAMP
            )
[23-Apr-2025 09:48:48 Europe/Berlin] With params: []
[23-Apr-2025 09:48:48 Europe/Berlin] Query executed successfully. Found 0 rows
[23-Apr-2025 09:48:48 Europe/Berlin] Users table created or already exists
[23-Apr-2025 09:48:48 Europe/Berlin] Users table structure: [{"Field":"id","Type":"int(11)","Null":"NO","Key":"PRI","Default":null,"Extra":"auto_increment"},{"Field":"username","Type":"varchar(50)","Null":"NO","Key":"","Default":null,"Extra":""},{"Field":"email","Type":"varchar(100)","Null":"NO","Key":"UNI","Default":null,"Extra":""},{"Field":"password","Type":"varchar(255)","Null":"NO","Key":"","Default":null,"Extra":""},{"Field":"role","Type":"enum('user','admin')","Null":"YES","Key":"","Default":"user","Extra":""},{"Field":"verification_code","Type":"varchar(100)","Null":"YES","Key":"","Default":null,"Extra":""},{"Field":"is_verified","Type":"tinyint(1)","Null":"YES","Key":"","Default":"0","Extra":""},{"Field":"created_at","Type":"timestamp","Null":"NO","Key":"","Default":"current_timestamp()","Extra":""},{"Field":"favorite_sport","Type":"varchar(50)","Null":"YES","Key":"","Default":null,"Extra":""},{"Field":"favorite_team","Type":"varchar(50)","Null":"YES","Key":"","Default":null,"Extra":""},{"Field":"account_type","Type":"enum('user','admin')","Null":"YES","Key":"","Default":"user","Extra":""}]
[23-Apr-2025 09:48:48 Europe/Berlin] Number of users in database: 13
[23-Apr-2025 09:48:48 Europe/Berlin] All tables initialized successfully
[23-Apr-2025 09:48:48 Europe/Berlin] Database tables initialized successfully
[23-Apr-2025 09:48:48 Europe/Berlin] Executing SQL: SELECT * FROM users WHERE id = :id
[23-Apr-2025 09:48:48 Europe/Berlin] With params: {":id":12}
[23-Apr-2025 09:48:48 Europe/Berlin] Query executed successfully. Found 1 rows
[23-Apr-2025 09:48:48 Europe/Berlin] User loaded from session: varunpndey
[23-Apr-2025 09:48:48 Europe/Berlin] Executing SQL: SELECT * FROM users WHERE id = :id
[23-Apr-2025 09:48:48 Europe/Berlin] With params: {":id":12}
[23-Apr-2025 09:48:48 Europe/Berlin] Query executed successfully. Found 1 rows
[23-Apr-2025 09:48:48 Europe/Berlin] Executing SQL: SELECT * FROM news ORDER BY created_at DESC
[23-Apr-2025 09:48:48 Europe/Berlin] With params: []
[23-Apr-2025 09:48:48 Europe/Berlin] Query executed successfully. Found 13 rows
[23-Apr-2025 09:48:48 Europe/Berlin] Executing SQL: SELECT * FROM feedback ORDER BY created_at DESC
[23-Apr-2025 09:48:48 Europe/Berlin] With params: []
[23-Apr-2025 09:48:48 Europe/Berlin] Query executed successfully. Found 10 rows
[23-Apr-2025 09:48:48 Europe/Berlin] Executing SQL: UPDATE feedback SET status = :status WHERE id = :id
[23-Apr-2025 09:48:48 Europe/Berlin] With params: {":status":"read",":id":"10"}
[23-Apr-2025 09:48:48 Europe/Berlin] Error in executeQuery: SQLSTATE[42S22]: Column not found: 1054 Unknown column 'status' in 'field list'
[23-Apr-2025 09:48:48 Europe/Berlin] Executing SQL: SELECT * FROM matches WHERE status = 'live'
[23-Apr-2025 09:48:48 Europe/Berlin] With params: []
[23-Apr-2025 09:48:48 Europe/Berlin] Query executed successfully. Found 4 rows
[23-Apr-2025 09:48:48 Europe/Berlin] Executing SQL: SELECT * FROM matches WHERE 1=1 ORDER BY match_time DESC
[23-Apr-2025 09:48:48 Europe/Berlin] With params: []
[23-Apr-2025 09:48:48 Europe/Berlin] Query executed successfully. Found 18 rows
[23-Apr-2025 09:48:48 Europe/Berlin] PHP Warning:  Undefined array key "status" in /Applications/XAMPP/xamppfiles/htdocs/sportsync/public/admin.php on line 869
[23-Apr-2025 09:48:48 Europe/Berlin] PHP Warning:  Undefined array key "status" in /Applications/XAMPP/xamppfiles/htdocs/sportsync/public/admin.php on line 870
[23-Apr-2025 09:48:48 Europe/Berlin] PHP Warning:  Undefined array key "status" in /Applications/XAMPP/xamppfiles/htdocs/sportsync/public/admin.php on line 871
[23-Apr-2025 09:48:48 Europe/Berlin] PHP Warning:  Undefined array key "status" in /Applications/XAMPP/xamppfiles/htdocs/sportsync/public/admin.php on line 869
[23-Apr-2025 09:48:48 Europe/Berlin] PHP Warning:  Undefined array key "status" in /Applications/XAMPP/xamppfiles/htdocs/sportsync/public/admin.php on line 870
[23-Apr-2025 09:48:48 Europe/Berlin] PHP Warning:  Undefined array key "status" in /Applications/XAMPP/xamppfiles/htdocs/sportsync/public/admin.php on line 871
[23-Apr-2025 09:48:48 Europe/Berlin] PHP Warning:  Undefined array key "status" in /Applications/XAMPP/xamppfiles/htdocs/sportsync/public/admin.php on line 869
[23-Apr-2025 09:48:48 Europe/Berlin] PHP Warning:  Undefined array key "status" in /Applications/XAMPP/xamppfiles/htdocs/sportsync/public/admin.php on line 870
[23-Apr-2025 09:48:48 Europe/Berlin] PHP Warning:  Undefined array key "status" in /Applications/XAMPP/xamppfiles/htdocs/sportsync/public/admin.php on line 871
[23-Apr-2025 09:48:48 Europe/Berlin] PHP Warning:  Undefined array key "status" in /Applications/XAMPP/xamppfiles/htdocs/sportsync/public/admin.php on line 869
[23-Apr-2025 09:48:48 Europe/Berlin] PHP Warning:  Undefined array key "status" in /Applications/XAMPP/xamppfiles/htdocs/sportsync/public/admin.php on line 870
[23-Apr-2025 09:48:48 Europe/Berlin] PHP Warning:  Undefined array key "status" in /Applications/XAMPP/xamppfiles/htdocs/sportsync/public/admin.php on line 871
[23-Apr-2025 09:48:48 Europe/Berlin] PHP Warning:  Undefined array key "status" in /Applications/XAMPP/xamppfiles/htdocs/sportsync/public/admin.php on line 869
[23-Apr-2025 09:48:48 Europe/Berlin] PHP Warning:  Undefined array key "status" in /Applications/XAMPP/xamppfiles/htdocs/sportsync/public/admin.php on line 870
[23-Apr-2025 09:48:48 Europe/Berlin] PHP Warning:  Undefined array key "status" in /Applications/XAMPP/xamppfiles/htdocs/sportsync/public/admin.php on line 871
[23-Apr-2025 09:48:48 Europe/Berlin] PHP Warning:  Undefined array key "status" in /Applications/XAMPP/xamppfiles/htdocs/sportsync/public/admin.php on line 869
[23-Apr-2025 09:48:48 Europe/Berlin] PHP Warning:  Undefined array key "status" in /Applications/XAMPP/xamppfiles/htdocs/sportsync/public/admin.php on line 870
[23-Apr-2025 09:48:48 Europe/Berlin] PHP Warning:  Undefined array key "status" in /Applications/XAMPP/xamppfiles/htdocs/sportsync/public/admin.php on line 871
[23-Apr-2025 09:48:48 Europe/Berlin] PHP Warning:  Undefined array key "status" in /Applications/XAMPP/xamppfiles/htdocs/sportsync/public/admin.php on line 869
[23-Apr-2025 09:48:48 Europe/Berlin] PHP Warning:  Undefined array key "status" in /Applications/XAMPP/xamppfiles/htdocs/sportsync/public/admin.php on line 870
[23-Apr-2025 09:48:48 Europe/Berlin] PHP Warning:  Undefined array key "status" in /Applications/XAMPP/xamppfiles/htdocs/sportsync/public/admin.php on line 871
[23-Apr-2025 09:48:48 Europe/Berlin] PHP Warning:  Undefined array key "status" in /Applications/XAMPP/xamppfiles/htdocs/sportsync/public/admin.php on line 869
[23-Apr-2025 09:48:48 Europe/Berlin] PHP Warning:  Undefined array key "status" in /Applications/XAMPP/xamppfiles/htdocs/sportsync/public/admin.php on line 870
[23-Apr-2025 09:48:48 Europe/Berlin] PHP Warning:  Undefined array key "status" in /Applications/XAMPP/xamppfiles/htdocs/sportsync/public/admin.php on line 871
[23-Apr-2025 09:48:48 Europe/Berlin] PHP Warning:  Undefined array key "status" in /Applications/XAMPP/xamppfiles/htdocs/sportsync/public/admin.php on line 869
[23-Apr-2025 09:48:48 Europe/Berlin] PHP Warning:  Undefined array key "status" in /Applications/XAMPP/xamppfiles/htdocs/sportsync/public/admin.php on line 870
[23-Apr-2025 09:48:48 Europe/Berlin] PHP Warning:  Undefined array key "status" in /Applications/XAMPP/xamppfiles/htdocs/sportsync/public/admin.php on line 871
[23-Apr-2025 09:48:48 Europe/Berlin] PHP Warning:  Undefined array key "status" in /Applications/XAMPP/xamppfiles/htdocs/sportsync/public/admin.php on line 869
[23-Apr-2025 09:48:48 Europe/Berlin] PHP Warning:  Undefined array key "status" in /Applications/XAMPP/xamppfiles/htdocs/sportsync/public/admin.php on line 870
[23-Apr-2025 09:48:48 Europe/Berlin] PHP Warning:  Undefined array key "status" in /Applications/XAMPP/xamppfiles/htdocs/sportsync/public/admin.php on line 871
[23-Apr-2025 09:48:55 Europe/Berlin] Connected to database. Tables found: favorites, feedback, matches, matches_backup, matches_new, news, newsletter, notifications, players, subscriptions, users
[23-Apr-2025 09:48:55 Europe/Berlin] Executing SQL: CREATE TABLE IF NOT EXISTS users (
                id INT AUTO_INCREMENT PRIMARY KEY,
                username VARCHAR(50) NOT NULL UNIQUE,
                password VARCHAR(255) NOT NULL,
                email VARCHAR(100) NOT NULL UNIQUE,
                account_type ENUM('user', 'admin') DEFAULT 'user',
                created_at TIMESTAMP DEFAULT CURRENT_TIMESTAMP
            )
[23-Apr-2025 09:48:55 Europe/Berlin] With params: []
[23-Apr-2025 09:48:55 Europe/Berlin] Query executed successfully. Found 0 rows
[23-Apr-2025 09:48:55 Europe/Berlin] Users table created or already exists
[23-Apr-2025 09:48:55 Europe/Berlin] Users table structure: [{"Field":"id","Type":"int(11)","Null":"NO","Key":"PRI","Default":null,"Extra":"auto_increment"},{"Field":"username","Type":"varchar(50)","Null":"NO","Key":"","Default":null,"Extra":""},{"Field":"email","Type":"varchar(100)","Null":"NO","Key":"UNI","Default":null,"Extra":""},{"Field":"password","Type":"varchar(255)","Null":"NO","Key":"","Default":null,"Extra":""},{"Field":"role","Type":"enum('user','admin')","Null":"YES","Key":"","Default":"user","Extra":""},{"Field":"verification_code","Type":"varchar(100)","Null":"YES","Key":"","Default":null,"Extra":""},{"Field":"is_verified","Type":"tinyint(1)","Null":"YES","Key":"","Default":"0","Extra":""},{"Field":"created_at","Type":"timestamp","Null":"NO","Key":"","Default":"current_timestamp()","Extra":""},{"Field":"favorite_sport","Type":"varchar(50)","Null":"YES","Key":"","Default":null,"Extra":""},{"Field":"favorite_team","Type":"varchar(50)","Null":"YES","Key":"","Default":null,"Extra":""},{"Field":"account_type","Type":"enum('user','admin')","Null":"YES","Key":"","Default":"user","Extra":""}]
[23-Apr-2025 09:48:55 Europe/Berlin] Number of users in database: 13
[23-Apr-2025 09:48:55 Europe/Berlin] All tables initialized successfully
[23-Apr-2025 09:48:55 Europe/Berlin] Executing SQL: SELECT * FROM matches WHERE id = :id
[23-Apr-2025 09:48:55 Europe/Berlin] With params: {":id":"21"}
[23-Apr-2025 09:48:55 Europe/Berlin] Query executed successfully. Found 1 rows
[23-Apr-2025 09:48:55 Europe/Berlin] Executing SQL: DELETE FROM matches WHERE id = :id
[23-Apr-2025 09:48:55 Europe/Berlin] With params: {":id":"21"}
[23-Apr-2025 09:48:55 Europe/Berlin] Query executed successfully. Found 0 rows
[23-Apr-2025 09:48:56 Europe/Berlin] Connected to database. Tables found: favorites, feedback, matches, matches_backup, matches_new, news, newsletter, notifications, players, subscriptions, users
[23-Apr-2025 09:48:56 Europe/Berlin] Executing SQL: CREATE TABLE IF NOT EXISTS users (
                id INT AUTO_INCREMENT PRIMARY KEY,
                username VARCHAR(50) NOT NULL UNIQUE,
                password VARCHAR(255) NOT NULL,
                email VARCHAR(100) NOT NULL UNIQUE,
                account_type ENUM('user', 'admin') DEFAULT 'user',
                created_at TIMESTAMP DEFAULT CURRENT_TIMESTAMP
            )
[23-Apr-2025 09:48:56 Europe/Berlin] With params: []
[23-Apr-2025 09:48:56 Europe/Berlin] Query executed successfully. Found 0 rows
[23-Apr-2025 09:48:56 Europe/Berlin] Users table created or already exists
[23-Apr-2025 09:48:56 Europe/Berlin] Users table structure: [{"Field":"id","Type":"int(11)","Null":"NO","Key":"PRI","Default":null,"Extra":"auto_increment"},{"Field":"username","Type":"varchar(50)","Null":"NO","Key":"","Default":null,"Extra":""},{"Field":"email","Type":"varchar(100)","Null":"NO","Key":"UNI","Default":null,"Extra":""},{"Field":"password","Type":"varchar(255)","Null":"NO","Key":"","Default":null,"Extra":""},{"Field":"role","Type":"enum('user','admin')","Null":"YES","Key":"","Default":"user","Extra":""},{"Field":"verification_code","Type":"varchar(100)","Null":"YES","Key":"","Default":null,"Extra":""},{"Field":"is_verified","Type":"tinyint(1)","Null":"YES","Key":"","Default":"0","Extra":""},{"Field":"created_at","Type":"timestamp","Null":"NO","Key":"","Default":"current_timestamp()","Extra":""},{"Field":"favorite_sport","Type":"varchar(50)","Null":"YES","Key":"","Default":null,"Extra":""},{"Field":"favorite_team","Type":"varchar(50)","Null":"YES","Key":"","Default":null,"Extra":""},{"Field":"account_type","Type":"enum('user','admin')","Null":"YES","Key":"","Default":"user","Extra":""}]
[23-Apr-2025 09:48:56 Europe/Berlin] Number of users in database: 13
[23-Apr-2025 09:48:56 Europe/Berlin] All tables initialized successfully
[23-Apr-2025 09:48:56 Europe/Berlin] Connected to database. Tables found: favorites, feedback, matches, matches_backup, matches_new, news, newsletter, notifications, players, subscriptions, users
[23-Apr-2025 09:48:56 Europe/Berlin] Executing SQL: CREATE TABLE IF NOT EXISTS users (
                id INT AUTO_INCREMENT PRIMARY KEY,
                username VARCHAR(50) NOT NULL UNIQUE,
                password VARCHAR(255) NOT NULL,
                email VARCHAR(100) NOT NULL UNIQUE,
                account_type ENUM('user', 'admin') DEFAULT 'user',
                created_at TIMESTAMP DEFAULT CURRENT_TIMESTAMP
            )
[23-Apr-2025 09:48:56 Europe/Berlin] With params: []
[23-Apr-2025 09:48:56 Europe/Berlin] Query executed successfully. Found 0 rows
[23-Apr-2025 09:48:56 Europe/Berlin] Users table created or already exists
[23-Apr-2025 09:48:56 Europe/Berlin] Users table structure: [{"Field":"id","Type":"int(11)","Null":"NO","Key":"PRI","Default":null,"Extra":"auto_increment"},{"Field":"username","Type":"varchar(50)","Null":"NO","Key":"","Default":null,"Extra":""},{"Field":"email","Type":"varchar(100)","Null":"NO","Key":"UNI","Default":null,"Extra":""},{"Field":"password","Type":"varchar(255)","Null":"NO","Key":"","Default":null,"Extra":""},{"Field":"role","Type":"enum('user','admin')","Null":"YES","Key":"","Default":"user","Extra":""},{"Field":"verification_code","Type":"varchar(100)","Null":"YES","Key":"","Default":null,"Extra":""},{"Field":"is_verified","Type":"tinyint(1)","Null":"YES","Key":"","Default":"0","Extra":""},{"Field":"created_at","Type":"timestamp","Null":"NO","Key":"","Default":"current_timestamp()","Extra":""},{"Field":"favorite_sport","Type":"varchar(50)","Null":"YES","Key":"","Default":null,"Extra":""},{"Field":"favorite_team","Type":"varchar(50)","Null":"YES","Key":"","Default":null,"Extra":""},{"Field":"account_type","Type":"enum('user','admin')","Null":"YES","Key":"","Default":"user","Extra":""}]
[23-Apr-2025 09:48:56 Europe/Berlin] Number of users in database: 13
[23-Apr-2025 09:48:56 Europe/Berlin] All tables initialized successfully
[23-Apr-2025 09:48:56 Europe/Berlin] Database tables initialized successfully
[23-Apr-2025 09:48:56 Europe/Berlin] Executing SQL: SELECT * FROM users WHERE id = :id
[23-Apr-2025 09:48:56 Europe/Berlin] With params: {":id":12}
[23-Apr-2025 09:48:56 Europe/Berlin] Query executed successfully. Found 1 rows
[23-Apr-2025 09:48:56 Europe/Berlin] User loaded from session: varunpndey
[23-Apr-2025 09:48:56 Europe/Berlin] Executing SQL: SELECT * FROM users WHERE id = :id
[23-Apr-2025 09:48:56 Europe/Berlin] With params: {":id":12}
[23-Apr-2025 09:48:56 Europe/Berlin] Query executed successfully. Found 1 rows
[23-Apr-2025 09:48:56 Europe/Berlin] Executing SQL: SELECT * FROM news ORDER BY created_at DESC
[23-Apr-2025 09:48:56 Europe/Berlin] With params: []
[23-Apr-2025 09:48:56 Europe/Berlin] Query executed successfully. Found 13 rows
[23-Apr-2025 09:48:56 Europe/Berlin] Executing SQL: SELECT * FROM feedback ORDER BY created_at DESC
[23-Apr-2025 09:48:56 Europe/Berlin] With params: []
[23-Apr-2025 09:48:56 Europe/Berlin] Query executed successfully. Found 10 rows
[23-Apr-2025 09:48:56 Europe/Berlin] Executing SQL: UPDATE feedback SET status = :status WHERE id = :id
[23-Apr-2025 09:48:56 Europe/Berlin] With params: {":status":"read",":id":"10"}
[23-Apr-2025 09:48:56 Europe/Berlin] Error in executeQuery: SQLSTATE[42S22]: Column not found: 1054 Unknown column 'status' in 'field list'
[23-Apr-2025 09:48:56 Europe/Berlin] Executing SQL: SELECT * FROM matches WHERE status = 'live'
[23-Apr-2025 09:48:56 Europe/Berlin] With params: []
[23-Apr-2025 09:48:56 Europe/Berlin] Query executed successfully. Found 4 rows
[23-Apr-2025 09:48:56 Europe/Berlin] Executing SQL: SELECT * FROM matches WHERE 1=1 ORDER BY match_time DESC
[23-Apr-2025 09:48:56 Europe/Berlin] With params: []
[23-Apr-2025 09:48:56 Europe/Berlin] Query executed successfully. Found 17 rows
[23-Apr-2025 09:48:56 Europe/Berlin] PHP Warning:  Undefined array key "status" in /Applications/XAMPP/xamppfiles/htdocs/sportsync/public/admin.php on line 869
[23-Apr-2025 09:48:56 Europe/Berlin] PHP Warning:  Undefined array key "status" in /Applications/XAMPP/xamppfiles/htdocs/sportsync/public/admin.php on line 870
[23-Apr-2025 09:48:56 Europe/Berlin] PHP Warning:  Undefined array key "status" in /Applications/XAMPP/xamppfiles/htdocs/sportsync/public/admin.php on line 871
[23-Apr-2025 09:48:56 Europe/Berlin] PHP Warning:  Undefined array key "status" in /Applications/XAMPP/xamppfiles/htdocs/sportsync/public/admin.php on line 869
[23-Apr-2025 09:48:56 Europe/Berlin] PHP Warning:  Undefined array key "status" in /Applications/XAMPP/xamppfiles/htdocs/sportsync/public/admin.php on line 870
[23-Apr-2025 09:48:56 Europe/Berlin] PHP Warning:  Undefined array key "status" in /Applications/XAMPP/xamppfiles/htdocs/sportsync/public/admin.php on line 871
[23-Apr-2025 09:48:56 Europe/Berlin] PHP Warning:  Undefined array key "status" in /Applications/XAMPP/xamppfiles/htdocs/sportsync/public/admin.php on line 869
[23-Apr-2025 09:48:56 Europe/Berlin] PHP Warning:  Undefined array key "status" in /Applications/XAMPP/xamppfiles/htdocs/sportsync/public/admin.php on line 870
[23-Apr-2025 09:48:56 Europe/Berlin] PHP Warning:  Undefined array key "status" in /Applications/XAMPP/xamppfiles/htdocs/sportsync/public/admin.php on line 871
[23-Apr-2025 09:48:56 Europe/Berlin] PHP Warning:  Undefined array key "status" in /Applications/XAMPP/xamppfiles/htdocs/sportsync/public/admin.php on line 869
[23-Apr-2025 09:48:56 Europe/Berlin] PHP Warning:  Undefined array key "status" in /Applications/XAMPP/xamppfiles/htdocs/sportsync/public/admin.php on line 870
[23-Apr-2025 09:48:56 Europe/Berlin] PHP Warning:  Undefined array key "status" in /Applications/XAMPP/xamppfiles/htdocs/sportsync/public/admin.php on line 871
[23-Apr-2025 09:48:56 Europe/Berlin] PHP Warning:  Undefined array key "status" in /Applications/XAMPP/xamppfiles/htdocs/sportsync/public/admin.php on line 869
[23-Apr-2025 09:48:56 Europe/Berlin] PHP Warning:  Undefined array key "status" in /Applications/XAMPP/xamppfiles/htdocs/sportsync/public/admin.php on line 870
[23-Apr-2025 09:48:56 Europe/Berlin] PHP Warning:  Undefined array key "status" in /Applications/XAMPP/xamppfiles/htdocs/sportsync/public/admin.php on line 871
[23-Apr-2025 09:48:56 Europe/Berlin] PHP Warning:  Undefined array key "status" in /Applications/XAMPP/xamppfiles/htdocs/sportsync/public/admin.php on line 869
[23-Apr-2025 09:48:56 Europe/Berlin] PHP Warning:  Undefined array key "status" in /Applications/XAMPP/xamppfiles/htdocs/sportsync/public/admin.php on line 870
[23-Apr-2025 09:48:56 Europe/Berlin] PHP Warning:  Undefined array key "status" in /Applications/XAMPP/xamppfiles/htdocs/sportsync/public/admin.php on line 871
[23-Apr-2025 09:48:56 Europe/Berlin] PHP Warning:  Undefined array key "status" in /Applications/XAMPP/xamppfiles/htdocs/sportsync/public/admin.php on line 869
[23-Apr-2025 09:48:56 Europe/Berlin] PHP Warning:  Undefined array key "status" in /Applications/XAMPP/xamppfiles/htdocs/sportsync/public/admin.php on line 870
[23-Apr-2025 09:48:56 Europe/Berlin] PHP Warning:  Undefined array key "status" in /Applications/XAMPP/xamppfiles/htdocs/sportsync/public/admin.php on line 871
[23-Apr-2025 09:48:56 Europe/Berlin] PHP Warning:  Undefined array key "status" in /Applications/XAMPP/xamppfiles/htdocs/sportsync/public/admin.php on line 869
[23-Apr-2025 09:48:56 Europe/Berlin] PHP Warning:  Undefined array key "status" in /Applications/XAMPP/xamppfiles/htdocs/sportsync/public/admin.php on line 870
[23-Apr-2025 09:48:56 Europe/Berlin] PHP Warning:  Undefined array key "status" in /Applications/XAMPP/xamppfiles/htdocs/sportsync/public/admin.php on line 871
[23-Apr-2025 09:48:56 Europe/Berlin] PHP Warning:  Undefined array key "status" in /Applications/XAMPP/xamppfiles/htdocs/sportsync/public/admin.php on line 869
[23-Apr-2025 09:48:56 Europe/Berlin] PHP Warning:  Undefined array key "status" in /Applications/XAMPP/xamppfiles/htdocs/sportsync/public/admin.php on line 870
[23-Apr-2025 09:48:56 Europe/Berlin] PHP Warning:  Undefined array key "status" in /Applications/XAMPP/xamppfiles/htdocs/sportsync/public/admin.php on line 871
[23-Apr-2025 09:48:56 Europe/Berlin] PHP Warning:  Undefined array key "status" in /Applications/XAMPP/xamppfiles/htdocs/sportsync/public/admin.php on line 869
[23-Apr-2025 09:48:56 Europe/Berlin] PHP Warning:  Undefined array key "status" in /Applications/XAMPP/xamppfiles/htdocs/sportsync/public/admin.php on line 870
[23-Apr-2025 09:48:56 Europe/Berlin] PHP Warning:  Undefined array key "status" in /Applications/XAMPP/xamppfiles/htdocs/sportsync/public/admin.php on line 871
[23-Apr-2025 09:49:04 Europe/Berlin] Connected to database. Tables found: favorites, feedback, matches, matches_backup, matches_new, news, newsletter, notifications, players, subscriptions, users
[23-Apr-2025 09:49:04 Europe/Berlin] Executing SQL: CREATE TABLE IF NOT EXISTS users (
                id INT AUTO_INCREMENT PRIMARY KEY,
                username VARCHAR(50) NOT NULL UNIQUE,
                password VARCHAR(255) NOT NULL,
                email VARCHAR(100) NOT NULL UNIQUE,
                account_type ENUM('user', 'admin') DEFAULT 'user',
                created_at TIMESTAMP DEFAULT CURRENT_TIMESTAMP
            )
[23-Apr-2025 09:49:04 Europe/Berlin] With params: []
[23-Apr-2025 09:49:04 Europe/Berlin] Query executed successfully. Found 0 rows
[23-Apr-2025 09:49:04 Europe/Berlin] Users table created or already exists
[23-Apr-2025 09:49:04 Europe/Berlin] Users table structure: [{"Field":"id","Type":"int(11)","Null":"NO","Key":"PRI","Default":null,"Extra":"auto_increment"},{"Field":"username","Type":"varchar(50)","Null":"NO","Key":"","Default":null,"Extra":""},{"Field":"email","Type":"varchar(100)","Null":"NO","Key":"UNI","Default":null,"Extra":""},{"Field":"password","Type":"varchar(255)","Null":"NO","Key":"","Default":null,"Extra":""},{"Field":"role","Type":"enum('user','admin')","Null":"YES","Key":"","Default":"user","Extra":""},{"Field":"verification_code","Type":"varchar(100)","Null":"YES","Key":"","Default":null,"Extra":""},{"Field":"is_verified","Type":"tinyint(1)","Null":"YES","Key":"","Default":"0","Extra":""},{"Field":"created_at","Type":"timestamp","Null":"NO","Key":"","Default":"current_timestamp()","Extra":""},{"Field":"favorite_sport","Type":"varchar(50)","Null":"YES","Key":"","Default":null,"Extra":""},{"Field":"favorite_team","Type":"varchar(50)","Null":"YES","Key":"","Default":null,"Extra":""},{"Field":"account_type","Type":"enum('user','admin')","Null":"YES","Key":"","Default":"user","Extra":""}]
[23-Apr-2025 09:49:04 Europe/Berlin] Number of users in database: 13
[23-Apr-2025 09:49:04 Europe/Berlin] All tables initialized successfully
[23-Apr-2025 09:49:04 Europe/Berlin] Executing SQL: SELECT * FROM matches WHERE id = :id
[23-Apr-2025 09:49:04 Europe/Berlin] With params: {":id":"29"}
[23-Apr-2025 09:49:04 Europe/Berlin] Query executed successfully. Found 1 rows
[23-Apr-2025 09:49:04 Europe/Berlin] Executing SQL: DELETE FROM matches WHERE id = :id
[23-Apr-2025 09:49:04 Europe/Berlin] With params: {":id":"29"}
[23-Apr-2025 09:49:04 Europe/Berlin] Query executed successfully. Found 0 rows
[23-Apr-2025 09:49:06 Europe/Berlin] Connected to database. Tables found: favorites, feedback, matches, matches_backup, matches_new, news, newsletter, notifications, players, subscriptions, users
[23-Apr-2025 09:49:06 Europe/Berlin] Executing SQL: CREATE TABLE IF NOT EXISTS users (
                id INT AUTO_INCREMENT PRIMARY KEY,
                username VARCHAR(50) NOT NULL UNIQUE,
                password VARCHAR(255) NOT NULL,
                email VARCHAR(100) NOT NULL UNIQUE,
                account_type ENUM('user', 'admin') DEFAULT 'user',
                created_at TIMESTAMP DEFAULT CURRENT_TIMESTAMP
            )
[23-Apr-2025 09:49:06 Europe/Berlin] With params: []
[23-Apr-2025 09:49:06 Europe/Berlin] Query executed successfully. Found 0 rows
[23-Apr-2025 09:49:06 Europe/Berlin] Users table created or already exists
[23-Apr-2025 09:49:06 Europe/Berlin] Users table structure: [{"Field":"id","Type":"int(11)","Null":"NO","Key":"PRI","Default":null,"Extra":"auto_increment"},{"Field":"username","Type":"varchar(50)","Null":"NO","Key":"","Default":null,"Extra":""},{"Field":"email","Type":"varchar(100)","Null":"NO","Key":"UNI","Default":null,"Extra":""},{"Field":"password","Type":"varchar(255)","Null":"NO","Key":"","Default":null,"Extra":""},{"Field":"role","Type":"enum('user','admin')","Null":"YES","Key":"","Default":"user","Extra":""},{"Field":"verification_code","Type":"varchar(100)","Null":"YES","Key":"","Default":null,"Extra":""},{"Field":"is_verified","Type":"tinyint(1)","Null":"YES","Key":"","Default":"0","Extra":""},{"Field":"created_at","Type":"timestamp","Null":"NO","Key":"","Default":"current_timestamp()","Extra":""},{"Field":"favorite_sport","Type":"varchar(50)","Null":"YES","Key":"","Default":null,"Extra":""},{"Field":"favorite_team","Type":"varchar(50)","Null":"YES","Key":"","Default":null,"Extra":""},{"Field":"account_type","Type":"enum('user','admin')","Null":"YES","Key":"","Default":"user","Extra":""}]
[23-Apr-2025 09:49:06 Europe/Berlin] Number of users in database: 13
[23-Apr-2025 09:49:06 Europe/Berlin] All tables initialized successfully
[23-Apr-2025 09:49:06 Europe/Berlin] Connected to database. Tables found: favorites, feedback, matches, matches_backup, matches_new, news, newsletter, notifications, players, subscriptions, users
[23-Apr-2025 09:49:06 Europe/Berlin] Executing SQL: CREATE TABLE IF NOT EXISTS users (
                id INT AUTO_INCREMENT PRIMARY KEY,
                username VARCHAR(50) NOT NULL UNIQUE,
                password VARCHAR(255) NOT NULL,
                email VARCHAR(100) NOT NULL UNIQUE,
                account_type ENUM('user', 'admin') DEFAULT 'user',
                created_at TIMESTAMP DEFAULT CURRENT_TIMESTAMP
            )
[23-Apr-2025 09:49:06 Europe/Berlin] With params: []
[23-Apr-2025 09:49:06 Europe/Berlin] Query executed successfully. Found 0 rows
[23-Apr-2025 09:49:06 Europe/Berlin] Users table created or already exists
[23-Apr-2025 09:49:06 Europe/Berlin] Users table structure: [{"Field":"id","Type":"int(11)","Null":"NO","Key":"PRI","Default":null,"Extra":"auto_increment"},{"Field":"username","Type":"varchar(50)","Null":"NO","Key":"","Default":null,"Extra":""},{"Field":"email","Type":"varchar(100)","Null":"NO","Key":"UNI","Default":null,"Extra":""},{"Field":"password","Type":"varchar(255)","Null":"NO","Key":"","Default":null,"Extra":""},{"Field":"role","Type":"enum('user','admin')","Null":"YES","Key":"","Default":"user","Extra":""},{"Field":"verification_code","Type":"varchar(100)","Null":"YES","Key":"","Default":null,"Extra":""},{"Field":"is_verified","Type":"tinyint(1)","Null":"YES","Key":"","Default":"0","Extra":""},{"Field":"created_at","Type":"timestamp","Null":"NO","Key":"","Default":"current_timestamp()","Extra":""},{"Field":"favorite_sport","Type":"varchar(50)","Null":"YES","Key":"","Default":null,"Extra":""},{"Field":"favorite_team","Type":"varchar(50)","Null":"YES","Key":"","Default":null,"Extra":""},{"Field":"account_type","Type":"enum('user','admin')","Null":"YES","Key":"","Default":"user","Extra":""}]
[23-Apr-2025 09:49:06 Europe/Berlin] Number of users in database: 13
[23-Apr-2025 09:49:06 Europe/Berlin] All tables initialized successfully
[23-Apr-2025 09:49:06 Europe/Berlin] Database tables initialized successfully
[23-Apr-2025 09:49:06 Europe/Berlin] Executing SQL: SELECT * FROM users WHERE id = :id
[23-Apr-2025 09:49:06 Europe/Berlin] With params: {":id":12}
[23-Apr-2025 09:49:06 Europe/Berlin] Query executed successfully. Found 1 rows
[23-Apr-2025 09:49:06 Europe/Berlin] User loaded from session: varunpndey
[23-Apr-2025 09:49:06 Europe/Berlin] Executing SQL: SELECT * FROM users WHERE id = :id
[23-Apr-2025 09:49:06 Europe/Berlin] With params: {":id":12}
[23-Apr-2025 09:49:06 Europe/Berlin] Query executed successfully. Found 1 rows
[23-Apr-2025 09:49:06 Europe/Berlin] Executing SQL: SELECT * FROM news ORDER BY created_at DESC
[23-Apr-2025 09:49:06 Europe/Berlin] With params: []
[23-Apr-2025 09:49:06 Europe/Berlin] Query executed successfully. Found 13 rows
[23-Apr-2025 09:49:06 Europe/Berlin] Executing SQL: SELECT * FROM feedback ORDER BY created_at DESC
[23-Apr-2025 09:49:06 Europe/Berlin] With params: []
[23-Apr-2025 09:49:06 Europe/Berlin] Query executed successfully. Found 10 rows
[23-Apr-2025 09:49:06 Europe/Berlin] Executing SQL: UPDATE feedback SET status = :status WHERE id = :id
[23-Apr-2025 09:49:06 Europe/Berlin] With params: {":status":"read",":id":"10"}
[23-Apr-2025 09:49:06 Europe/Berlin] Error in executeQuery: SQLSTATE[42S22]: Column not found: 1054 Unknown column 'status' in 'field list'
[23-Apr-2025 09:49:06 Europe/Berlin] Executing SQL: SELECT * FROM matches WHERE status = 'live'
[23-Apr-2025 09:49:06 Europe/Berlin] With params: []
[23-Apr-2025 09:49:06 Europe/Berlin] Query executed successfully. Found 3 rows
[23-Apr-2025 09:49:06 Europe/Berlin] Executing SQL: SELECT * FROM matches WHERE 1=1 ORDER BY match_time DESC
[23-Apr-2025 09:49:06 Europe/Berlin] With params: []
[23-Apr-2025 09:49:06 Europe/Berlin] Query executed successfully. Found 16 rows
[23-Apr-2025 09:49:06 Europe/Berlin] PHP Warning:  Undefined array key "status" in /Applications/XAMPP/xamppfiles/htdocs/sportsync/public/admin.php on line 869
[23-Apr-2025 09:49:06 Europe/Berlin] PHP Warning:  Undefined array key "status" in /Applications/XAMPP/xamppfiles/htdocs/sportsync/public/admin.php on line 870
[23-Apr-2025 09:49:06 Europe/Berlin] PHP Warning:  Undefined array key "status" in /Applications/XAMPP/xamppfiles/htdocs/sportsync/public/admin.php on line 871
[23-Apr-2025 09:49:06 Europe/Berlin] PHP Warning:  Undefined array key "status" in /Applications/XAMPP/xamppfiles/htdocs/sportsync/public/admin.php on line 869
[23-Apr-2025 09:49:06 Europe/Berlin] PHP Warning:  Undefined array key "status" in /Applications/XAMPP/xamppfiles/htdocs/sportsync/public/admin.php on line 870
[23-Apr-2025 09:49:06 Europe/Berlin] PHP Warning:  Undefined array key "status" in /Applications/XAMPP/xamppfiles/htdocs/sportsync/public/admin.php on line 871
[23-Apr-2025 09:49:06 Europe/Berlin] PHP Warning:  Undefined array key "status" in /Applications/XAMPP/xamppfiles/htdocs/sportsync/public/admin.php on line 869
[23-Apr-2025 09:49:06 Europe/Berlin] PHP Warning:  Undefined array key "status" in /Applications/XAMPP/xamppfiles/htdocs/sportsync/public/admin.php on line 870
[23-Apr-2025 09:49:06 Europe/Berlin] PHP Warning:  Undefined array key "status" in /Applications/XAMPP/xamppfiles/htdocs/sportsync/public/admin.php on line 871
[23-Apr-2025 09:49:06 Europe/Berlin] PHP Warning:  Undefined array key "status" in /Applications/XAMPP/xamppfiles/htdocs/sportsync/public/admin.php on line 869
[23-Apr-2025 09:49:06 Europe/Berlin] PHP Warning:  Undefined array key "status" in /Applications/XAMPP/xamppfiles/htdocs/sportsync/public/admin.php on line 870
[23-Apr-2025 09:49:06 Europe/Berlin] PHP Warning:  Undefined array key "status" in /Applications/XAMPP/xamppfiles/htdocs/sportsync/public/admin.php on line 871
[23-Apr-2025 09:49:06 Europe/Berlin] PHP Warning:  Undefined array key "status" in /Applications/XAMPP/xamppfiles/htdocs/sportsync/public/admin.php on line 869
[23-Apr-2025 09:49:06 Europe/Berlin] PHP Warning:  Undefined array key "status" in /Applications/XAMPP/xamppfiles/htdocs/sportsync/public/admin.php on line 870
[23-Apr-2025 09:49:06 Europe/Berlin] PHP Warning:  Undefined array key "status" in /Applications/XAMPP/xamppfiles/htdocs/sportsync/public/admin.php on line 871
[23-Apr-2025 09:49:06 Europe/Berlin] PHP Warning:  Undefined array key "status" in /Applications/XAMPP/xamppfiles/htdocs/sportsync/public/admin.php on line 869
[23-Apr-2025 09:49:06 Europe/Berlin] PHP Warning:  Undefined array key "status" in /Applications/XAMPP/xamppfiles/htdocs/sportsync/public/admin.php on line 870
[23-Apr-2025 09:49:06 Europe/Berlin] PHP Warning:  Undefined array key "status" in /Applications/XAMPP/xamppfiles/htdocs/sportsync/public/admin.php on line 871
[23-Apr-2025 09:49:06 Europe/Berlin] PHP Warning:  Undefined array key "status" in /Applications/XAMPP/xamppfiles/htdocs/sportsync/public/admin.php on line 869
[23-Apr-2025 09:49:06 Europe/Berlin] PHP Warning:  Undefined array key "status" in /Applications/XAMPP/xamppfiles/htdocs/sportsync/public/admin.php on line 870
[23-Apr-2025 09:49:06 Europe/Berlin] PHP Warning:  Undefined array key "status" in /Applications/XAMPP/xamppfiles/htdocs/sportsync/public/admin.php on line 871
[23-Apr-2025 09:49:06 Europe/Berlin] PHP Warning:  Undefined array key "status" in /Applications/XAMPP/xamppfiles/htdocs/sportsync/public/admin.php on line 869
[23-Apr-2025 09:49:06 Europe/Berlin] PHP Warning:  Undefined array key "status" in /Applications/XAMPP/xamppfiles/htdocs/sportsync/public/admin.php on line 870
[23-Apr-2025 09:49:06 Europe/Berlin] PHP Warning:  Undefined array key "status" in /Applications/XAMPP/xamppfiles/htdocs/sportsync/public/admin.php on line 871
[23-Apr-2025 09:49:06 Europe/Berlin] PHP Warning:  Undefined array key "status" in /Applications/XAMPP/xamppfiles/htdocs/sportsync/public/admin.php on line 869
[23-Apr-2025 09:49:06 Europe/Berlin] PHP Warning:  Undefined array key "status" in /Applications/XAMPP/xamppfiles/htdocs/sportsync/public/admin.php on line 870
[23-Apr-2025 09:49:06 Europe/Berlin] PHP Warning:  Undefined array key "status" in /Applications/XAMPP/xamppfiles/htdocs/sportsync/public/admin.php on line 871
[23-Apr-2025 09:49:06 Europe/Berlin] PHP Warning:  Undefined array key "status" in /Applications/XAMPP/xamppfiles/htdocs/sportsync/public/admin.php on line 869
[23-Apr-2025 09:49:06 Europe/Berlin] PHP Warning:  Undefined array key "status" in /Applications/XAMPP/xamppfiles/htdocs/sportsync/public/admin.php on line 870
[23-Apr-2025 09:49:06 Europe/Berlin] PHP Warning:  Undefined array key "status" in /Applications/XAMPP/xamppfiles/htdocs/sportsync/public/admin.php on line 871
[23-Apr-2025 09:49:11 Europe/Berlin] Connected to database. Tables found: favorites, feedback, matches, matches_backup, matches_new, news, newsletter, notifications, players, subscriptions, users
[23-Apr-2025 09:49:11 Europe/Berlin] Executing SQL: CREATE TABLE IF NOT EXISTS users (
                id INT AUTO_INCREMENT PRIMARY KEY,
                username VARCHAR(50) NOT NULL UNIQUE,
                password VARCHAR(255) NOT NULL,
                email VARCHAR(100) NOT NULL UNIQUE,
                account_type ENUM('user', 'admin') DEFAULT 'user',
                created_at TIMESTAMP DEFAULT CURRENT_TIMESTAMP
            )
[23-Apr-2025 09:49:11 Europe/Berlin] With params: []
[23-Apr-2025 09:49:11 Europe/Berlin] Query executed successfully. Found 0 rows
[23-Apr-2025 09:49:11 Europe/Berlin] Users table created or already exists
[23-Apr-2025 09:49:11 Europe/Berlin] Users table structure: [{"Field":"id","Type":"int(11)","Null":"NO","Key":"PRI","Default":null,"Extra":"auto_increment"},{"Field":"username","Type":"varchar(50)","Null":"NO","Key":"","Default":null,"Extra":""},{"Field":"email","Type":"varchar(100)","Null":"NO","Key":"UNI","Default":null,"Extra":""},{"Field":"password","Type":"varchar(255)","Null":"NO","Key":"","Default":null,"Extra":""},{"Field":"role","Type":"enum('user','admin')","Null":"YES","Key":"","Default":"user","Extra":""},{"Field":"verification_code","Type":"varchar(100)","Null":"YES","Key":"","Default":null,"Extra":""},{"Field":"is_verified","Type":"tinyint(1)","Null":"YES","Key":"","Default":"0","Extra":""},{"Field":"created_at","Type":"timestamp","Null":"NO","Key":"","Default":"current_timestamp()","Extra":""},{"Field":"favorite_sport","Type":"varchar(50)","Null":"YES","Key":"","Default":null,"Extra":""},{"Field":"favorite_team","Type":"varchar(50)","Null":"YES","Key":"","Default":null,"Extra":""},{"Field":"account_type","Type":"enum('user','admin')","Null":"YES","Key":"","Default":"user","Extra":""}]
[23-Apr-2025 09:49:11 Europe/Berlin] Number of users in database: 13
[23-Apr-2025 09:49:11 Europe/Berlin] All tables initialized successfully
[23-Apr-2025 09:49:11 Europe/Berlin] Executing SQL: SELECT * FROM matches WHERE id = :id
[23-Apr-2025 09:49:11 Europe/Berlin] With params: {":id":"35"}
[23-Apr-2025 09:49:11 Europe/Berlin] Query executed successfully. Found 1 rows
[23-Apr-2025 09:49:11 Europe/Berlin] Executing SQL: DELETE FROM matches WHERE id = :id
[23-Apr-2025 09:49:11 Europe/Berlin] With params: {":id":"35"}
[23-Apr-2025 09:49:11 Europe/Berlin] Query executed successfully. Found 0 rows
[23-Apr-2025 09:49:13 Europe/Berlin] Connected to database. Tables found: favorites, feedback, matches, matches_backup, matches_new, news, newsletter, notifications, players, subscriptions, users
[23-Apr-2025 09:49:13 Europe/Berlin] Executing SQL: CREATE TABLE IF NOT EXISTS users (
                id INT AUTO_INCREMENT PRIMARY KEY,
                username VARCHAR(50) NOT NULL UNIQUE,
                password VARCHAR(255) NOT NULL,
                email VARCHAR(100) NOT NULL UNIQUE,
                account_type ENUM('user', 'admin') DEFAULT 'user',
                created_at TIMESTAMP DEFAULT CURRENT_TIMESTAMP
            )
[23-Apr-2025 09:49:13 Europe/Berlin] With params: []
[23-Apr-2025 09:49:13 Europe/Berlin] Query executed successfully. Found 0 rows
[23-Apr-2025 09:49:13 Europe/Berlin] Users table created or already exists
[23-Apr-2025 09:49:13 Europe/Berlin] Users table structure: [{"Field":"id","Type":"int(11)","Null":"NO","Key":"PRI","Default":null,"Extra":"auto_increment"},{"Field":"username","Type":"varchar(50)","Null":"NO","Key":"","Default":null,"Extra":""},{"Field":"email","Type":"varchar(100)","Null":"NO","Key":"UNI","Default":null,"Extra":""},{"Field":"password","Type":"varchar(255)","Null":"NO","Key":"","Default":null,"Extra":""},{"Field":"role","Type":"enum('user','admin')","Null":"YES","Key":"","Default":"user","Extra":""},{"Field":"verification_code","Type":"varchar(100)","Null":"YES","Key":"","Default":null,"Extra":""},{"Field":"is_verified","Type":"tinyint(1)","Null":"YES","Key":"","Default":"0","Extra":""},{"Field":"created_at","Type":"timestamp","Null":"NO","Key":"","Default":"current_timestamp()","Extra":""},{"Field":"favorite_sport","Type":"varchar(50)","Null":"YES","Key":"","Default":null,"Extra":""},{"Field":"favorite_team","Type":"varchar(50)","Null":"YES","Key":"","Default":null,"Extra":""},{"Field":"account_type","Type":"enum('user','admin')","Null":"YES","Key":"","Default":"user","Extra":""}]
[23-Apr-2025 09:49:13 Europe/Berlin] Number of users in database: 13
[23-Apr-2025 09:49:13 Europe/Berlin] All tables initialized successfully
[23-Apr-2025 09:49:13 Europe/Berlin] Connected to database. Tables found: favorites, feedback, matches, matches_backup, matches_new, news, newsletter, notifications, players, subscriptions, users
[23-Apr-2025 09:49:13 Europe/Berlin] Executing SQL: CREATE TABLE IF NOT EXISTS users (
                id INT AUTO_INCREMENT PRIMARY KEY,
                username VARCHAR(50) NOT NULL UNIQUE,
                password VARCHAR(255) NOT NULL,
                email VARCHAR(100) NOT NULL UNIQUE,
                account_type ENUM('user', 'admin') DEFAULT 'user',
                created_at TIMESTAMP DEFAULT CURRENT_TIMESTAMP
            )
[23-Apr-2025 09:49:13 Europe/Berlin] With params: []
[23-Apr-2025 09:49:13 Europe/Berlin] Query executed successfully. Found 0 rows
[23-Apr-2025 09:49:13 Europe/Berlin] Users table created or already exists
[23-Apr-2025 09:49:13 Europe/Berlin] Users table structure: [{"Field":"id","Type":"int(11)","Null":"NO","Key":"PRI","Default":null,"Extra":"auto_increment"},{"Field":"username","Type":"varchar(50)","Null":"NO","Key":"","Default":null,"Extra":""},{"Field":"email","Type":"varchar(100)","Null":"NO","Key":"UNI","Default":null,"Extra":""},{"Field":"password","Type":"varchar(255)","Null":"NO","Key":"","Default":null,"Extra":""},{"Field":"role","Type":"enum('user','admin')","Null":"YES","Key":"","Default":"user","Extra":""},{"Field":"verification_code","Type":"varchar(100)","Null":"YES","Key":"","Default":null,"Extra":""},{"Field":"is_verified","Type":"tinyint(1)","Null":"YES","Key":"","Default":"0","Extra":""},{"Field":"created_at","Type":"timestamp","Null":"NO","Key":"","Default":"current_timestamp()","Extra":""},{"Field":"favorite_sport","Type":"varchar(50)","Null":"YES","Key":"","Default":null,"Extra":""},{"Field":"favorite_team","Type":"varchar(50)","Null":"YES","Key":"","Default":null,"Extra":""},{"Field":"account_type","Type":"enum('user','admin')","Null":"YES","Key":"","Default":"user","Extra":""}]
[23-Apr-2025 09:49:13 Europe/Berlin] Number of users in database: 13
[23-Apr-2025 09:49:13 Europe/Berlin] All tables initialized successfully
[23-Apr-2025 09:49:13 Europe/Berlin] Database tables initialized successfully
[23-Apr-2025 09:49:13 Europe/Berlin] Executing SQL: SELECT * FROM users WHERE id = :id
[23-Apr-2025 09:49:13 Europe/Berlin] With params: {":id":12}
[23-Apr-2025 09:49:13 Europe/Berlin] Query executed successfully. Found 1 rows
[23-Apr-2025 09:49:13 Europe/Berlin] User loaded from session: varunpndey
[23-Apr-2025 09:49:13 Europe/Berlin] Executing SQL: SELECT * FROM users WHERE id = :id
[23-Apr-2025 09:49:13 Europe/Berlin] With params: {":id":12}
[23-Apr-2025 09:49:13 Europe/Berlin] Query executed successfully. Found 1 rows
[23-Apr-2025 09:49:13 Europe/Berlin] Executing SQL: SELECT * FROM news ORDER BY created_at DESC
[23-Apr-2025 09:49:13 Europe/Berlin] With params: []
[23-Apr-2025 09:49:13 Europe/Berlin] Query executed successfully. Found 13 rows
[23-Apr-2025 09:49:13 Europe/Berlin] Executing SQL: SELECT * FROM feedback ORDER BY created_at DESC
[23-Apr-2025 09:49:13 Europe/Berlin] With params: []
[23-Apr-2025 09:49:13 Europe/Berlin] Query executed successfully. Found 10 rows
[23-Apr-2025 09:49:13 Europe/Berlin] Executing SQL: UPDATE feedback SET status = :status WHERE id = :id
[23-Apr-2025 09:49:13 Europe/Berlin] With params: {":status":"read",":id":"10"}
[23-Apr-2025 09:49:13 Europe/Berlin] Error in executeQuery: SQLSTATE[42S22]: Column not found: 1054 Unknown column 'status' in 'field list'
[23-Apr-2025 09:49:13 Europe/Berlin] Executing SQL: SELECT * FROM matches WHERE status = 'live'
[23-Apr-2025 09:49:13 Europe/Berlin] With params: []
[23-Apr-2025 09:49:13 Europe/Berlin] Query executed successfully. Found 2 rows
[23-Apr-2025 09:49:13 Europe/Berlin] Executing SQL: SELECT * FROM matches WHERE 1=1 ORDER BY match_time DESC
[23-Apr-2025 09:49:13 Europe/Berlin] With params: []
[23-Apr-2025 09:49:13 Europe/Berlin] Query executed successfully. Found 15 rows
[23-Apr-2025 09:49:13 Europe/Berlin] PHP Warning:  Undefined array key "status" in /Applications/XAMPP/xamppfiles/htdocs/sportsync/public/admin.php on line 869
[23-Apr-2025 09:49:13 Europe/Berlin] PHP Warning:  Undefined array key "status" in /Applications/XAMPP/xamppfiles/htdocs/sportsync/public/admin.php on line 870
[23-Apr-2025 09:49:13 Europe/Berlin] PHP Warning:  Undefined array key "status" in /Applications/XAMPP/xamppfiles/htdocs/sportsync/public/admin.php on line 871
[23-Apr-2025 09:49:13 Europe/Berlin] PHP Warning:  Undefined array key "status" in /Applications/XAMPP/xamppfiles/htdocs/sportsync/public/admin.php on line 869
[23-Apr-2025 09:49:13 Europe/Berlin] PHP Warning:  Undefined array key "status" in /Applications/XAMPP/xamppfiles/htdocs/sportsync/public/admin.php on line 870
[23-Apr-2025 09:49:13 Europe/Berlin] PHP Warning:  Undefined array key "status" in /Applications/XAMPP/xamppfiles/htdocs/sportsync/public/admin.php on line 871
[23-Apr-2025 09:49:13 Europe/Berlin] PHP Warning:  Undefined array key "status" in /Applications/XAMPP/xamppfiles/htdocs/sportsync/public/admin.php on line 869
[23-Apr-2025 09:49:13 Europe/Berlin] PHP Warning:  Undefined array key "status" in /Applications/XAMPP/xamppfiles/htdocs/sportsync/public/admin.php on line 870
[23-Apr-2025 09:49:13 Europe/Berlin] PHP Warning:  Undefined array key "status" in /Applications/XAMPP/xamppfiles/htdocs/sportsync/public/admin.php on line 871
[23-Apr-2025 09:49:13 Europe/Berlin] PHP Warning:  Undefined array key "status" in /Applications/XAMPP/xamppfiles/htdocs/sportsync/public/admin.php on line 869
[23-Apr-2025 09:49:13 Europe/Berlin] PHP Warning:  Undefined array key "status" in /Applications/XAMPP/xamppfiles/htdocs/sportsync/public/admin.php on line 870
[23-Apr-2025 09:49:13 Europe/Berlin] PHP Warning:  Undefined array key "status" in /Applications/XAMPP/xamppfiles/htdocs/sportsync/public/admin.php on line 871
[23-Apr-2025 09:49:13 Europe/Berlin] PHP Warning:  Undefined array key "status" in /Applications/XAMPP/xamppfiles/htdocs/sportsync/public/admin.php on line 869
[23-Apr-2025 09:49:13 Europe/Berlin] PHP Warning:  Undefined array key "status" in /Applications/XAMPP/xamppfiles/htdocs/sportsync/public/admin.php on line 870
[23-Apr-2025 09:49:13 Europe/Berlin] PHP Warning:  Undefined array key "status" in /Applications/XAMPP/xamppfiles/htdocs/sportsync/public/admin.php on line 871
[23-Apr-2025 09:49:13 Europe/Berlin] PHP Warning:  Undefined array key "status" in /Applications/XAMPP/xamppfiles/htdocs/sportsync/public/admin.php on line 869
[23-Apr-2025 09:49:13 Europe/Berlin] PHP Warning:  Undefined array key "status" in /Applications/XAMPP/xamppfiles/htdocs/sportsync/public/admin.php on line 870
[23-Apr-2025 09:49:13 Europe/Berlin] PHP Warning:  Undefined array key "status" in /Applications/XAMPP/xamppfiles/htdocs/sportsync/public/admin.php on line 871
[23-Apr-2025 09:49:13 Europe/Berlin] PHP Warning:  Undefined array key "status" in /Applications/XAMPP/xamppfiles/htdocs/sportsync/public/admin.php on line 869
[23-Apr-2025 09:49:13 Europe/Berlin] PHP Warning:  Undefined array key "status" in /Applications/XAMPP/xamppfiles/htdocs/sportsync/public/admin.php on line 870
[23-Apr-2025 09:49:13 Europe/Berlin] PHP Warning:  Undefined array key "status" in /Applications/XAMPP/xamppfiles/htdocs/sportsync/public/admin.php on line 871
[23-Apr-2025 09:49:13 Europe/Berlin] PHP Warning:  Undefined array key "status" in /Applications/XAMPP/xamppfiles/htdocs/sportsync/public/admin.php on line 869
[23-Apr-2025 09:49:13 Europe/Berlin] PHP Warning:  Undefined array key "status" in /Applications/XAMPP/xamppfiles/htdocs/sportsync/public/admin.php on line 870
[23-Apr-2025 09:49:13 Europe/Berlin] PHP Warning:  Undefined array key "status" in /Applications/XAMPP/xamppfiles/htdocs/sportsync/public/admin.php on line 871
[23-Apr-2025 09:49:13 Europe/Berlin] PHP Warning:  Undefined array key "status" in /Applications/XAMPP/xamppfiles/htdocs/sportsync/public/admin.php on line 869
[23-Apr-2025 09:49:13 Europe/Berlin] PHP Warning:  Undefined array key "status" in /Applications/XAMPP/xamppfiles/htdocs/sportsync/public/admin.php on line 870
[23-Apr-2025 09:49:13 Europe/Berlin] PHP Warning:  Undefined array key "status" in /Applications/XAMPP/xamppfiles/htdocs/sportsync/public/admin.php on line 871
[23-Apr-2025 09:49:13 Europe/Berlin] PHP Warning:  Undefined array key "status" in /Applications/XAMPP/xamppfiles/htdocs/sportsync/public/admin.php on line 869
[23-Apr-2025 09:49:13 Europe/Berlin] PHP Warning:  Undefined array key "status" in /Applications/XAMPP/xamppfiles/htdocs/sportsync/public/admin.php on line 870
[23-Apr-2025 09:49:13 Europe/Berlin] PHP Warning:  Undefined array key "status" in /Applications/XAMPP/xamppfiles/htdocs/sportsync/public/admin.php on line 871
[23-Apr-2025 09:49:18 Europe/Berlin] Connected to database. Tables found: favorites, feedback, matches, matches_backup, matches_new, news, newsletter, notifications, players, subscriptions, users
[23-Apr-2025 09:49:18 Europe/Berlin] Executing SQL: CREATE TABLE IF NOT EXISTS users (
                id INT AUTO_INCREMENT PRIMARY KEY,
                username VARCHAR(50) NOT NULL UNIQUE,
                password VARCHAR(255) NOT NULL,
                email VARCHAR(100) NOT NULL UNIQUE,
                account_type ENUM('user', 'admin') DEFAULT 'user',
                created_at TIMESTAMP DEFAULT CURRENT_TIMESTAMP
            )
[23-Apr-2025 09:49:18 Europe/Berlin] With params: []
[23-Apr-2025 09:49:18 Europe/Berlin] Query executed successfully. Found 0 rows
[23-Apr-2025 09:49:18 Europe/Berlin] Users table created or already exists
[23-Apr-2025 09:49:18 Europe/Berlin] Users table structure: [{"Field":"id","Type":"int(11)","Null":"NO","Key":"PRI","Default":null,"Extra":"auto_increment"},{"Field":"username","Type":"varchar(50)","Null":"NO","Key":"","Default":null,"Extra":""},{"Field":"email","Type":"varchar(100)","Null":"NO","Key":"UNI","Default":null,"Extra":""},{"Field":"password","Type":"varchar(255)","Null":"NO","Key":"","Default":null,"Extra":""},{"Field":"role","Type":"enum('user','admin')","Null":"YES","Key":"","Default":"user","Extra":""},{"Field":"verification_code","Type":"varchar(100)","Null":"YES","Key":"","Default":null,"Extra":""},{"Field":"is_verified","Type":"tinyint(1)","Null":"YES","Key":"","Default":"0","Extra":""},{"Field":"created_at","Type":"timestamp","Null":"NO","Key":"","Default":"current_timestamp()","Extra":""},{"Field":"favorite_sport","Type":"varchar(50)","Null":"YES","Key":"","Default":null,"Extra":""},{"Field":"favorite_team","Type":"varchar(50)","Null":"YES","Key":"","Default":null,"Extra":""},{"Field":"account_type","Type":"enum('user','admin')","Null":"YES","Key":"","Default":"user","Extra":""}]
[23-Apr-2025 09:49:18 Europe/Berlin] Number of users in database: 13
[23-Apr-2025 09:49:18 Europe/Berlin] All tables initialized successfully
[23-Apr-2025 09:49:18 Europe/Berlin] Executing SQL: SELECT * FROM matches WHERE id = :id
[23-Apr-2025 09:49:18 Europe/Berlin] With params: {":id":"14"}
[23-Apr-2025 09:49:18 Europe/Berlin] Query executed successfully. Found 1 rows
[23-Apr-2025 09:49:18 Europe/Berlin] Executing SQL: DELETE FROM matches WHERE id = :id
[23-Apr-2025 09:49:18 Europe/Berlin] With params: {":id":"14"}
[23-Apr-2025 09:49:18 Europe/Berlin] Query executed successfully. Found 0 rows
[23-Apr-2025 09:49:19 Europe/Berlin] Connected to database. Tables found: favorites, feedback, matches, matches_backup, matches_new, news, newsletter, notifications, players, subscriptions, users
[23-Apr-2025 09:49:19 Europe/Berlin] Executing SQL: CREATE TABLE IF NOT EXISTS users (
                id INT AUTO_INCREMENT PRIMARY KEY,
                username VARCHAR(50) NOT NULL UNIQUE,
                password VARCHAR(255) NOT NULL,
                email VARCHAR(100) NOT NULL UNIQUE,
                account_type ENUM('user', 'admin') DEFAULT 'user',
                created_at TIMESTAMP DEFAULT CURRENT_TIMESTAMP
            )
[23-Apr-2025 09:49:19 Europe/Berlin] With params: []
[23-Apr-2025 09:49:19 Europe/Berlin] Query executed successfully. Found 0 rows
[23-Apr-2025 09:49:19 Europe/Berlin] Users table created or already exists
[23-Apr-2025 09:49:19 Europe/Berlin] Users table structure: [{"Field":"id","Type":"int(11)","Null":"NO","Key":"PRI","Default":null,"Extra":"auto_increment"},{"Field":"username","Type":"varchar(50)","Null":"NO","Key":"","Default":null,"Extra":""},{"Field":"email","Type":"varchar(100)","Null":"NO","Key":"UNI","Default":null,"Extra":""},{"Field":"password","Type":"varchar(255)","Null":"NO","Key":"","Default":null,"Extra":""},{"Field":"role","Type":"enum('user','admin')","Null":"YES","Key":"","Default":"user","Extra":""},{"Field":"verification_code","Type":"varchar(100)","Null":"YES","Key":"","Default":null,"Extra":""},{"Field":"is_verified","Type":"tinyint(1)","Null":"YES","Key":"","Default":"0","Extra":""},{"Field":"created_at","Type":"timestamp","Null":"NO","Key":"","Default":"current_timestamp()","Extra":""},{"Field":"favorite_sport","Type":"varchar(50)","Null":"YES","Key":"","Default":null,"Extra":""},{"Field":"favorite_team","Type":"varchar(50)","Null":"YES","Key":"","Default":null,"Extra":""},{"Field":"account_type","Type":"enum('user','admin')","Null":"YES","Key":"","Default":"user","Extra":""}]
[23-Apr-2025 09:49:19 Europe/Berlin] Number of users in database: 13
[23-Apr-2025 09:49:19 Europe/Berlin] All tables initialized successfully
[23-Apr-2025 09:49:19 Europe/Berlin] Connected to database. Tables found: favorites, feedback, matches, matches_backup, matches_new, news, newsletter, notifications, players, subscriptions, users
[23-Apr-2025 09:49:19 Europe/Berlin] Executing SQL: CREATE TABLE IF NOT EXISTS users (
                id INT AUTO_INCREMENT PRIMARY KEY,
                username VARCHAR(50) NOT NULL UNIQUE,
                password VARCHAR(255) NOT NULL,
                email VARCHAR(100) NOT NULL UNIQUE,
                account_type ENUM('user', 'admin') DEFAULT 'user',
                created_at TIMESTAMP DEFAULT CURRENT_TIMESTAMP
            )
[23-Apr-2025 09:49:19 Europe/Berlin] With params: []
[23-Apr-2025 09:49:19 Europe/Berlin] Query executed successfully. Found 0 rows
[23-Apr-2025 09:49:19 Europe/Berlin] Users table created or already exists
[23-Apr-2025 09:49:19 Europe/Berlin] Users table structure: [{"Field":"id","Type":"int(11)","Null":"NO","Key":"PRI","Default":null,"Extra":"auto_increment"},{"Field":"username","Type":"varchar(50)","Null":"NO","Key":"","Default":null,"Extra":""},{"Field":"email","Type":"varchar(100)","Null":"NO","Key":"UNI","Default":null,"Extra":""},{"Field":"password","Type":"varchar(255)","Null":"NO","Key":"","Default":null,"Extra":""},{"Field":"role","Type":"enum('user','admin')","Null":"YES","Key":"","Default":"user","Extra":""},{"Field":"verification_code","Type":"varchar(100)","Null":"YES","Key":"","Default":null,"Extra":""},{"Field":"is_verified","Type":"tinyint(1)","Null":"YES","Key":"","Default":"0","Extra":""},{"Field":"created_at","Type":"timestamp","Null":"NO","Key":"","Default":"current_timestamp()","Extra":""},{"Field":"favorite_sport","Type":"varchar(50)","Null":"YES","Key":"","Default":null,"Extra":""},{"Field":"favorite_team","Type":"varchar(50)","Null":"YES","Key":"","Default":null,"Extra":""},{"Field":"account_type","Type":"enum('user','admin')","Null":"YES","Key":"","Default":"user","Extra":""}]
[23-Apr-2025 09:49:19 Europe/Berlin] Number of users in database: 13
[23-Apr-2025 09:49:19 Europe/Berlin] All tables initialized successfully
[23-Apr-2025 09:49:19 Europe/Berlin] Database tables initialized successfully
[23-Apr-2025 09:49:19 Europe/Berlin] Executing SQL: SELECT * FROM users WHERE id = :id
[23-Apr-2025 09:49:19 Europe/Berlin] With params: {":id":12}
[23-Apr-2025 09:49:19 Europe/Berlin] Query executed successfully. Found 1 rows
[23-Apr-2025 09:49:19 Europe/Berlin] User loaded from session: varunpndey
[23-Apr-2025 09:49:19 Europe/Berlin] Executing SQL: SELECT * FROM users WHERE id = :id
[23-Apr-2025 09:49:19 Europe/Berlin] With params: {":id":12}
[23-Apr-2025 09:49:19 Europe/Berlin] Query executed successfully. Found 1 rows
[23-Apr-2025 09:49:19 Europe/Berlin] Executing SQL: SELECT * FROM news ORDER BY created_at DESC
[23-Apr-2025 09:49:19 Europe/Berlin] With params: []
[23-Apr-2025 09:49:19 Europe/Berlin] Query executed successfully. Found 13 rows
[23-Apr-2025 09:49:19 Europe/Berlin] Executing SQL: SELECT * FROM feedback ORDER BY created_at DESC
[23-Apr-2025 09:49:19 Europe/Berlin] With params: []
[23-Apr-2025 09:49:19 Europe/Berlin] Query executed successfully. Found 10 rows
[23-Apr-2025 09:49:19 Europe/Berlin] Executing SQL: UPDATE feedback SET status = :status WHERE id = :id
[23-Apr-2025 09:49:19 Europe/Berlin] With params: {":status":"read",":id":"10"}
[23-Apr-2025 09:49:19 Europe/Berlin] Error in executeQuery: SQLSTATE[42S22]: Column not found: 1054 Unknown column 'status' in 'field list'
[23-Apr-2025 09:49:19 Europe/Berlin] Executing SQL: SELECT * FROM matches WHERE status = 'live'
[23-Apr-2025 09:49:19 Europe/Berlin] With params: []
[23-Apr-2025 09:49:19 Europe/Berlin] Query executed successfully. Found 2 rows
[23-Apr-2025 09:49:19 Europe/Berlin] Executing SQL: SELECT * FROM matches WHERE 1=1 ORDER BY match_time DESC
[23-Apr-2025 09:49:19 Europe/Berlin] With params: []
[23-Apr-2025 09:49:19 Europe/Berlin] Query executed successfully. Found 14 rows
[23-Apr-2025 09:49:19 Europe/Berlin] PHP Warning:  Undefined array key "status" in /Applications/XAMPP/xamppfiles/htdocs/sportsync/public/admin.php on line 869
[23-Apr-2025 09:49:19 Europe/Berlin] PHP Warning:  Undefined array key "status" in /Applications/XAMPP/xamppfiles/htdocs/sportsync/public/admin.php on line 870
[23-Apr-2025 09:49:19 Europe/Berlin] PHP Warning:  Undefined array key "status" in /Applications/XAMPP/xamppfiles/htdocs/sportsync/public/admin.php on line 871
[23-Apr-2025 09:49:19 Europe/Berlin] PHP Warning:  Undefined array key "status" in /Applications/XAMPP/xamppfiles/htdocs/sportsync/public/admin.php on line 869
[23-Apr-2025 09:49:19 Europe/Berlin] PHP Warning:  Undefined array key "status" in /Applications/XAMPP/xamppfiles/htdocs/sportsync/public/admin.php on line 870
[23-Apr-2025 09:49:19 Europe/Berlin] PHP Warning:  Undefined array key "status" in /Applications/XAMPP/xamppfiles/htdocs/sportsync/public/admin.php on line 871
[23-Apr-2025 09:49:19 Europe/Berlin] PHP Warning:  Undefined array key "status" in /Applications/XAMPP/xamppfiles/htdocs/sportsync/public/admin.php on line 869
[23-Apr-2025 09:49:19 Europe/Berlin] PHP Warning:  Undefined array key "status" in /Applications/XAMPP/xamppfiles/htdocs/sportsync/public/admin.php on line 870
[23-Apr-2025 09:49:19 Europe/Berlin] PHP Warning:  Undefined array key "status" in /Applications/XAMPP/xamppfiles/htdocs/sportsync/public/admin.php on line 871
[23-Apr-2025 09:49:19 Europe/Berlin] PHP Warning:  Undefined array key "status" in /Applications/XAMPP/xamppfiles/htdocs/sportsync/public/admin.php on line 869
[23-Apr-2025 09:49:19 Europe/Berlin] PHP Warning:  Undefined array key "status" in /Applications/XAMPP/xamppfiles/htdocs/sportsync/public/admin.php on line 870
[23-Apr-2025 09:49:19 Europe/Berlin] PHP Warning:  Undefined array key "status" in /Applications/XAMPP/xamppfiles/htdocs/sportsync/public/admin.php on line 871
[23-Apr-2025 09:49:19 Europe/Berlin] PHP Warning:  Undefined array key "status" in /Applications/XAMPP/xamppfiles/htdocs/sportsync/public/admin.php on line 869
[23-Apr-2025 09:49:19 Europe/Berlin] PHP Warning:  Undefined array key "status" in /Applications/XAMPP/xamppfiles/htdocs/sportsync/public/admin.php on line 870
[23-Apr-2025 09:49:19 Europe/Berlin] PHP Warning:  Undefined array key "status" in /Applications/XAMPP/xamppfiles/htdocs/sportsync/public/admin.php on line 871
[23-Apr-2025 09:49:19 Europe/Berlin] PHP Warning:  Undefined array key "status" in /Applications/XAMPP/xamppfiles/htdocs/sportsync/public/admin.php on line 869
[23-Apr-2025 09:49:19 Europe/Berlin] PHP Warning:  Undefined array key "status" in /Applications/XAMPP/xamppfiles/htdocs/sportsync/public/admin.php on line 870
[23-Apr-2025 09:49:19 Europe/Berlin] PHP Warning:  Undefined array key "status" in /Applications/XAMPP/xamppfiles/htdocs/sportsync/public/admin.php on line 871
[23-Apr-2025 09:49:19 Europe/Berlin] PHP Warning:  Undefined array key "status" in /Applications/XAMPP/xamppfiles/htdocs/sportsync/public/admin.php on line 869
[23-Apr-2025 09:49:19 Europe/Berlin] PHP Warning:  Undefined array key "status" in /Applications/XAMPP/xamppfiles/htdocs/sportsync/public/admin.php on line 870
[23-Apr-2025 09:49:19 Europe/Berlin] PHP Warning:  Undefined array key "status" in /Applications/XAMPP/xamppfiles/htdocs/sportsync/public/admin.php on line 871
[23-Apr-2025 09:49:19 Europe/Berlin] PHP Warning:  Undefined array key "status" in /Applications/XAMPP/xamppfiles/htdocs/sportsync/public/admin.php on line 869
[23-Apr-2025 09:49:19 Europe/Berlin] PHP Warning:  Undefined array key "status" in /Applications/XAMPP/xamppfiles/htdocs/sportsync/public/admin.php on line 870
[23-Apr-2025 09:49:19 Europe/Berlin] PHP Warning:  Undefined array key "status" in /Applications/XAMPP/xamppfiles/htdocs/sportsync/public/admin.php on line 871
[23-Apr-2025 09:49:19 Europe/Berlin] PHP Warning:  Undefined array key "status" in /Applications/XAMPP/xamppfiles/htdocs/sportsync/public/admin.php on line 869
[23-Apr-2025 09:49:19 Europe/Berlin] PHP Warning:  Undefined array key "status" in /Applications/XAMPP/xamppfiles/htdocs/sportsync/public/admin.php on line 870
[23-Apr-2025 09:49:19 Europe/Berlin] PHP Warning:  Undefined array key "status" in /Applications/XAMPP/xamppfiles/htdocs/sportsync/public/admin.php on line 871
[23-Apr-2025 09:49:19 Europe/Berlin] PHP Warning:  Undefined array key "status" in /Applications/XAMPP/xamppfiles/htdocs/sportsync/public/admin.php on line 869
[23-Apr-2025 09:49:19 Europe/Berlin] PHP Warning:  Undefined array key "status" in /Applications/XAMPP/xamppfiles/htdocs/sportsync/public/admin.php on line 870
[23-Apr-2025 09:49:19 Europe/Berlin] PHP Warning:  Undefined array key "status" in /Applications/XAMPP/xamppfiles/htdocs/sportsync/public/admin.php on line 871
[23-Apr-2025 09:49:26 Europe/Berlin] Connected to database. Tables found: favorites, feedback, matches, matches_backup, matches_new, news, newsletter, notifications, players, subscriptions, users
[23-Apr-2025 09:49:26 Europe/Berlin] Executing SQL: CREATE TABLE IF NOT EXISTS users (
                id INT AUTO_INCREMENT PRIMARY KEY,
                username VARCHAR(50) NOT NULL UNIQUE,
                password VARCHAR(255) NOT NULL,
                email VARCHAR(100) NOT NULL UNIQUE,
                account_type ENUM('user', 'admin') DEFAULT 'user',
                created_at TIMESTAMP DEFAULT CURRENT_TIMESTAMP
            )
[23-Apr-2025 09:49:26 Europe/Berlin] With params: []
[23-Apr-2025 09:49:26 Europe/Berlin] Query executed successfully. Found 0 rows
[23-Apr-2025 09:49:26 Europe/Berlin] Users table created or already exists
[23-Apr-2025 09:49:26 Europe/Berlin] Users table structure: [{"Field":"id","Type":"int(11)","Null":"NO","Key":"PRI","Default":null,"Extra":"auto_increment"},{"Field":"username","Type":"varchar(50)","Null":"NO","Key":"","Default":null,"Extra":""},{"Field":"email","Type":"varchar(100)","Null":"NO","Key":"UNI","Default":null,"Extra":""},{"Field":"password","Type":"varchar(255)","Null":"NO","Key":"","Default":null,"Extra":""},{"Field":"role","Type":"enum('user','admin')","Null":"YES","Key":"","Default":"user","Extra":""},{"Field":"verification_code","Type":"varchar(100)","Null":"YES","Key":"","Default":null,"Extra":""},{"Field":"is_verified","Type":"tinyint(1)","Null":"YES","Key":"","Default":"0","Extra":""},{"Field":"created_at","Type":"timestamp","Null":"NO","Key":"","Default":"current_timestamp()","Extra":""},{"Field":"favorite_sport","Type":"varchar(50)","Null":"YES","Key":"","Default":null,"Extra":""},{"Field":"favorite_team","Type":"varchar(50)","Null":"YES","Key":"","Default":null,"Extra":""},{"Field":"account_type","Type":"enum('user','admin')","Null":"YES","Key":"","Default":"user","Extra":""}]
[23-Apr-2025 09:49:26 Europe/Berlin] Number of users in database: 13
[23-Apr-2025 09:49:26 Europe/Berlin] All tables initialized successfully
[23-Apr-2025 09:49:26 Europe/Berlin] Executing SQL: SELECT * FROM matches WHERE id = :id
[23-Apr-2025 09:49:26 Europe/Berlin] With params: {":id":"30"}
[23-Apr-2025 09:49:26 Europe/Berlin] Query executed successfully. Found 1 rows
[23-Apr-2025 09:49:26 Europe/Berlin] Executing SQL: DELETE FROM matches WHERE id = :id
[23-Apr-2025 09:49:26 Europe/Berlin] With params: {":id":"30"}
[23-Apr-2025 09:49:26 Europe/Berlin] Query executed successfully. Found 0 rows
[23-Apr-2025 09:49:28 Europe/Berlin] Connected to database. Tables found: favorites, feedback, matches, matches_backup, matches_new, news, newsletter, notifications, players, subscriptions, users
[23-Apr-2025 09:49:28 Europe/Berlin] Executing SQL: CREATE TABLE IF NOT EXISTS users (
                id INT AUTO_INCREMENT PRIMARY KEY,
                username VARCHAR(50) NOT NULL UNIQUE,
                password VARCHAR(255) NOT NULL,
                email VARCHAR(100) NOT NULL UNIQUE,
                account_type ENUM('user', 'admin') DEFAULT 'user',
                created_at TIMESTAMP DEFAULT CURRENT_TIMESTAMP
            )
[23-Apr-2025 09:49:28 Europe/Berlin] With params: []
[23-Apr-2025 09:49:28 Europe/Berlin] Query executed successfully. Found 0 rows
[23-Apr-2025 09:49:28 Europe/Berlin] Users table created or already exists
[23-Apr-2025 09:49:28 Europe/Berlin] Users table structure: [{"Field":"id","Type":"int(11)","Null":"NO","Key":"PRI","Default":null,"Extra":"auto_increment"},{"Field":"username","Type":"varchar(50)","Null":"NO","Key":"","Default":null,"Extra":""},{"Field":"email","Type":"varchar(100)","Null":"NO","Key":"UNI","Default":null,"Extra":""},{"Field":"password","Type":"varchar(255)","Null":"NO","Key":"","Default":null,"Extra":""},{"Field":"role","Type":"enum('user','admin')","Null":"YES","Key":"","Default":"user","Extra":""},{"Field":"verification_code","Type":"varchar(100)","Null":"YES","Key":"","Default":null,"Extra":""},{"Field":"is_verified","Type":"tinyint(1)","Null":"YES","Key":"","Default":"0","Extra":""},{"Field":"created_at","Type":"timestamp","Null":"NO","Key":"","Default":"current_timestamp()","Extra":""},{"Field":"favorite_sport","Type":"varchar(50)","Null":"YES","Key":"","Default":null,"Extra":""},{"Field":"favorite_team","Type":"varchar(50)","Null":"YES","Key":"","Default":null,"Extra":""},{"Field":"account_type","Type":"enum('user','admin')","Null":"YES","Key":"","Default":"user","Extra":""}]
[23-Apr-2025 09:49:28 Europe/Berlin] Number of users in database: 13
[23-Apr-2025 09:49:28 Europe/Berlin] All tables initialized successfully
[23-Apr-2025 09:49:28 Europe/Berlin] Connected to database. Tables found: favorites, feedback, matches, matches_backup, matches_new, news, newsletter, notifications, players, subscriptions, users
[23-Apr-2025 09:49:28 Europe/Berlin] Executing SQL: CREATE TABLE IF NOT EXISTS users (
                id INT AUTO_INCREMENT PRIMARY KEY,
                username VARCHAR(50) NOT NULL UNIQUE,
                password VARCHAR(255) NOT NULL,
                email VARCHAR(100) NOT NULL UNIQUE,
                account_type ENUM('user', 'admin') DEFAULT 'user',
                created_at TIMESTAMP DEFAULT CURRENT_TIMESTAMP
            )
[23-Apr-2025 09:49:28 Europe/Berlin] With params: []
[23-Apr-2025 09:49:28 Europe/Berlin] Query executed successfully. Found 0 rows
[23-Apr-2025 09:49:28 Europe/Berlin] Users table created or already exists
[23-Apr-2025 09:49:28 Europe/Berlin] Users table structure: [{"Field":"id","Type":"int(11)","Null":"NO","Key":"PRI","Default":null,"Extra":"auto_increment"},{"Field":"username","Type":"varchar(50)","Null":"NO","Key":"","Default":null,"Extra":""},{"Field":"email","Type":"varchar(100)","Null":"NO","Key":"UNI","Default":null,"Extra":""},{"Field":"password","Type":"varchar(255)","Null":"NO","Key":"","Default":null,"Extra":""},{"Field":"role","Type":"enum('user','admin')","Null":"YES","Key":"","Default":"user","Extra":""},{"Field":"verification_code","Type":"varchar(100)","Null":"YES","Key":"","Default":null,"Extra":""},{"Field":"is_verified","Type":"tinyint(1)","Null":"YES","Key":"","Default":"0","Extra":""},{"Field":"created_at","Type":"timestamp","Null":"NO","Key":"","Default":"current_timestamp()","Extra":""},{"Field":"favorite_sport","Type":"varchar(50)","Null":"YES","Key":"","Default":null,"Extra":""},{"Field":"favorite_team","Type":"varchar(50)","Null":"YES","Key":"","Default":null,"Extra":""},{"Field":"account_type","Type":"enum('user','admin')","Null":"YES","Key":"","Default":"user","Extra":""}]
[23-Apr-2025 09:49:28 Europe/Berlin] Number of users in database: 13
[23-Apr-2025 09:49:28 Europe/Berlin] All tables initialized successfully
[23-Apr-2025 09:49:28 Europe/Berlin] Database tables initialized successfully
[23-Apr-2025 09:49:28 Europe/Berlin] Executing SQL: SELECT * FROM users WHERE id = :id
[23-Apr-2025 09:49:28 Europe/Berlin] With params: {":id":12}
[23-Apr-2025 09:49:28 Europe/Berlin] Query executed successfully. Found 1 rows
[23-Apr-2025 09:49:28 Europe/Berlin] User loaded from session: varunpndey
[23-Apr-2025 09:49:28 Europe/Berlin] Executing SQL: SELECT * FROM users WHERE id = :id
[23-Apr-2025 09:49:28 Europe/Berlin] With params: {":id":12}
[23-Apr-2025 09:49:28 Europe/Berlin] Query executed successfully. Found 1 rows
[23-Apr-2025 09:49:28 Europe/Berlin] Executing SQL: SELECT * FROM news ORDER BY created_at DESC
[23-Apr-2025 09:49:28 Europe/Berlin] With params: []
[23-Apr-2025 09:49:28 Europe/Berlin] Query executed successfully. Found 13 rows
[23-Apr-2025 09:49:28 Europe/Berlin] Executing SQL: SELECT * FROM feedback ORDER BY created_at DESC
[23-Apr-2025 09:49:28 Europe/Berlin] With params: []
[23-Apr-2025 09:49:28 Europe/Berlin] Query executed successfully. Found 10 rows
[23-Apr-2025 09:49:28 Europe/Berlin] Executing SQL: UPDATE feedback SET status = :status WHERE id = :id
[23-Apr-2025 09:49:28 Europe/Berlin] With params: {":status":"read",":id":"10"}
[23-Apr-2025 09:49:28 Europe/Berlin] Error in executeQuery: SQLSTATE[42S22]: Column not found: 1054 Unknown column 'status' in 'field list'
[23-Apr-2025 09:49:28 Europe/Berlin] Executing SQL: SELECT * FROM matches WHERE status = 'live'
[23-Apr-2025 09:49:28 Europe/Berlin] With params: []
[23-Apr-2025 09:49:28 Europe/Berlin] Query executed successfully. Found 2 rows
[23-Apr-2025 09:49:28 Europe/Berlin] Executing SQL: SELECT * FROM matches WHERE 1=1 ORDER BY match_time DESC
[23-Apr-2025 09:49:28 Europe/Berlin] With params: []
[23-Apr-2025 09:49:28 Europe/Berlin] Query executed successfully. Found 13 rows
[23-Apr-2025 09:49:28 Europe/Berlin] PHP Warning:  Undefined array key "status" in /Applications/XAMPP/xamppfiles/htdocs/sportsync/public/admin.php on line 869
[23-Apr-2025 09:49:28 Europe/Berlin] PHP Warning:  Undefined array key "status" in /Applications/XAMPP/xamppfiles/htdocs/sportsync/public/admin.php on line 870
[23-Apr-2025 09:49:28 Europe/Berlin] PHP Warning:  Undefined array key "status" in /Applications/XAMPP/xamppfiles/htdocs/sportsync/public/admin.php on line 871
[23-Apr-2025 09:49:28 Europe/Berlin] PHP Warning:  Undefined array key "status" in /Applications/XAMPP/xamppfiles/htdocs/sportsync/public/admin.php on line 869
[23-Apr-2025 09:49:28 Europe/Berlin] PHP Warning:  Undefined array key "status" in /Applications/XAMPP/xamppfiles/htdocs/sportsync/public/admin.php on line 870
[23-Apr-2025 09:49:28 Europe/Berlin] PHP Warning:  Undefined array key "status" in /Applications/XAMPP/xamppfiles/htdocs/sportsync/public/admin.php on line 871
[23-Apr-2025 09:49:28 Europe/Berlin] PHP Warning:  Undefined array key "status" in /Applications/XAMPP/xamppfiles/htdocs/sportsync/public/admin.php on line 869
[23-Apr-2025 09:49:28 Europe/Berlin] PHP Warning:  Undefined array key "status" in /Applications/XAMPP/xamppfiles/htdocs/sportsync/public/admin.php on line 870
[23-Apr-2025 09:49:28 Europe/Berlin] PHP Warning:  Undefined array key "status" in /Applications/XAMPP/xamppfiles/htdocs/sportsync/public/admin.php on line 871
[23-Apr-2025 09:49:28 Europe/Berlin] PHP Warning:  Undefined array key "status" in /Applications/XAMPP/xamppfiles/htdocs/sportsync/public/admin.php on line 869
[23-Apr-2025 09:49:28 Europe/Berlin] PHP Warning:  Undefined array key "status" in /Applications/XAMPP/xamppfiles/htdocs/sportsync/public/admin.php on line 870
[23-Apr-2025 09:49:28 Europe/Berlin] PHP Warning:  Undefined array key "status" in /Applications/XAMPP/xamppfiles/htdocs/sportsync/public/admin.php on line 871
[23-Apr-2025 09:49:28 Europe/Berlin] PHP Warning:  Undefined array key "status" in /Applications/XAMPP/xamppfiles/htdocs/sportsync/public/admin.php on line 869
[23-Apr-2025 09:49:28 Europe/Berlin] PHP Warning:  Undefined array key "status" in /Applications/XAMPP/xamppfiles/htdocs/sportsync/public/admin.php on line 870
[23-Apr-2025 09:49:28 Europe/Berlin] PHP Warning:  Undefined array key "status" in /Applications/XAMPP/xamppfiles/htdocs/sportsync/public/admin.php on line 871
[23-Apr-2025 09:49:28 Europe/Berlin] PHP Warning:  Undefined array key "status" in /Applications/XAMPP/xamppfiles/htdocs/sportsync/public/admin.php on line 869
[23-Apr-2025 09:49:28 Europe/Berlin] PHP Warning:  Undefined array key "status" in /Applications/XAMPP/xamppfiles/htdocs/sportsync/public/admin.php on line 870
[23-Apr-2025 09:49:28 Europe/Berlin] PHP Warning:  Undefined array key "status" in /Applications/XAMPP/xamppfiles/htdocs/sportsync/public/admin.php on line 871
[23-Apr-2025 09:49:28 Europe/Berlin] PHP Warning:  Undefined array key "status" in /Applications/XAMPP/xamppfiles/htdocs/sportsync/public/admin.php on line 869
[23-Apr-2025 09:49:28 Europe/Berlin] PHP Warning:  Undefined array key "status" in /Applications/XAMPP/xamppfiles/htdocs/sportsync/public/admin.php on line 870
[23-Apr-2025 09:49:28 Europe/Berlin] PHP Warning:  Undefined array key "status" in /Applications/XAMPP/xamppfiles/htdocs/sportsync/public/admin.php on line 871
[23-Apr-2025 09:49:28 Europe/Berlin] PHP Warning:  Undefined array key "status" in /Applications/XAMPP/xamppfiles/htdocs/sportsync/public/admin.php on line 869
[23-Apr-2025 09:49:28 Europe/Berlin] PHP Warning:  Undefined array key "status" in /Applications/XAMPP/xamppfiles/htdocs/sportsync/public/admin.php on line 870
[23-Apr-2025 09:49:28 Europe/Berlin] PHP Warning:  Undefined array key "status" in /Applications/XAMPP/xamppfiles/htdocs/sportsync/public/admin.php on line 871
[23-Apr-2025 09:49:28 Europe/Berlin] PHP Warning:  Undefined array key "status" in /Applications/XAMPP/xamppfiles/htdocs/sportsync/public/admin.php on line 869
[23-Apr-2025 09:49:28 Europe/Berlin] PHP Warning:  Undefined array key "status" in /Applications/XAMPP/xamppfiles/htdocs/sportsync/public/admin.php on line 870
[23-Apr-2025 09:49:28 Europe/Berlin] PHP Warning:  Undefined array key "status" in /Applications/XAMPP/xamppfiles/htdocs/sportsync/public/admin.php on line 871
[23-Apr-2025 09:49:28 Europe/Berlin] PHP Warning:  Undefined array key "status" in /Applications/XAMPP/xamppfiles/htdocs/sportsync/public/admin.php on line 869
[23-Apr-2025 09:49:28 Europe/Berlin] PHP Warning:  Undefined array key "status" in /Applications/XAMPP/xamppfiles/htdocs/sportsync/public/admin.php on line 870
[23-Apr-2025 09:49:28 Europe/Berlin] PHP Warning:  Undefined array key "status" in /Applications/XAMPP/xamppfiles/htdocs/sportsync/public/admin.php on line 871
[23-Apr-2025 09:49:29 Europe/Berlin] Connected to database. Tables found: favorites, feedback, matches, matches_backup, matches_new, news, newsletter, notifications, players, subscriptions, users
[23-Apr-2025 09:49:29 Europe/Berlin] Executing SQL: CREATE TABLE IF NOT EXISTS users (
                id INT AUTO_INCREMENT PRIMARY KEY,
                username VARCHAR(50) NOT NULL UNIQUE,
                password VARCHAR(255) NOT NULL,
                email VARCHAR(100) NOT NULL UNIQUE,
                account_type ENUM('user', 'admin') DEFAULT 'user',
                created_at TIMESTAMP DEFAULT CURRENT_TIMESTAMP
            )
[23-Apr-2025 09:49:29 Europe/Berlin] With params: []
[23-Apr-2025 09:49:29 Europe/Berlin] Query executed successfully. Found 0 rows
[23-Apr-2025 09:49:29 Europe/Berlin] Users table created or already exists
[23-Apr-2025 09:49:29 Europe/Berlin] Users table structure: [{"Field":"id","Type":"int(11)","Null":"NO","Key":"PRI","Default":null,"Extra":"auto_increment"},{"Field":"username","Type":"varchar(50)","Null":"NO","Key":"","Default":null,"Extra":""},{"Field":"email","Type":"varchar(100)","Null":"NO","Key":"UNI","Default":null,"Extra":""},{"Field":"password","Type":"varchar(255)","Null":"NO","Key":"","Default":null,"Extra":""},{"Field":"role","Type":"enum('user','admin')","Null":"YES","Key":"","Default":"user","Extra":""},{"Field":"verification_code","Type":"varchar(100)","Null":"YES","Key":"","Default":null,"Extra":""},{"Field":"is_verified","Type":"tinyint(1)","Null":"YES","Key":"","Default":"0","Extra":""},{"Field":"created_at","Type":"timestamp","Null":"NO","Key":"","Default":"current_timestamp()","Extra":""},{"Field":"favorite_sport","Type":"varchar(50)","Null":"YES","Key":"","Default":null,"Extra":""},{"Field":"favorite_team","Type":"varchar(50)","Null":"YES","Key":"","Default":null,"Extra":""},{"Field":"account_type","Type":"enum('user','admin')","Null":"YES","Key":"","Default":"user","Extra":""}]
[23-Apr-2025 09:49:29 Europe/Berlin] Number of users in database: 13
[23-Apr-2025 09:49:29 Europe/Berlin] All tables initialized successfully
[23-Apr-2025 09:49:29 Europe/Berlin] Executing SQL: SELECT * FROM matches WHERE id = :id
[23-Apr-2025 09:49:29 Europe/Berlin] With params: {":id":"26"}
[23-Apr-2025 09:49:29 Europe/Berlin] Query executed successfully. Found 1 rows
[23-Apr-2025 09:49:29 Europe/Berlin] Executing SQL: DELETE FROM matches WHERE id = :id
[23-Apr-2025 09:49:29 Europe/Berlin] With params: {":id":"26"}
[23-Apr-2025 09:49:29 Europe/Berlin] Query executed successfully. Found 0 rows
[23-Apr-2025 09:49:32 Europe/Berlin] Connected to database. Tables found: favorites, feedback, matches, matches_backup, matches_new, news, newsletter, notifications, players, subscriptions, users
[23-Apr-2025 09:49:32 Europe/Berlin] Executing SQL: CREATE TABLE IF NOT EXISTS users (
                id INT AUTO_INCREMENT PRIMARY KEY,
                username VARCHAR(50) NOT NULL UNIQUE,
                password VARCHAR(255) NOT NULL,
                email VARCHAR(100) NOT NULL UNIQUE,
                account_type ENUM('user', 'admin') DEFAULT 'user',
                created_at TIMESTAMP DEFAULT CURRENT_TIMESTAMP
            )
[23-Apr-2025 09:49:32 Europe/Berlin] With params: []
[23-Apr-2025 09:49:32 Europe/Berlin] Query executed successfully. Found 0 rows
[23-Apr-2025 09:49:32 Europe/Berlin] Users table created or already exists
[23-Apr-2025 09:49:32 Europe/Berlin] Users table structure: [{"Field":"id","Type":"int(11)","Null":"NO","Key":"PRI","Default":null,"Extra":"auto_increment"},{"Field":"username","Type":"varchar(50)","Null":"NO","Key":"","Default":null,"Extra":""},{"Field":"email","Type":"varchar(100)","Null":"NO","Key":"UNI","Default":null,"Extra":""},{"Field":"password","Type":"varchar(255)","Null":"NO","Key":"","Default":null,"Extra":""},{"Field":"role","Type":"enum('user','admin')","Null":"YES","Key":"","Default":"user","Extra":""},{"Field":"verification_code","Type":"varchar(100)","Null":"YES","Key":"","Default":null,"Extra":""},{"Field":"is_verified","Type":"tinyint(1)","Null":"YES","Key":"","Default":"0","Extra":""},{"Field":"created_at","Type":"timestamp","Null":"NO","Key":"","Default":"current_timestamp()","Extra":""},{"Field":"favorite_sport","Type":"varchar(50)","Null":"YES","Key":"","Default":null,"Extra":""},{"Field":"favorite_team","Type":"varchar(50)","Null":"YES","Key":"","Default":null,"Extra":""},{"Field":"account_type","Type":"enum('user','admin')","Null":"YES","Key":"","Default":"user","Extra":""}]
[23-Apr-2025 09:49:32 Europe/Berlin] Number of users in database: 13
[23-Apr-2025 09:49:32 Europe/Berlin] All tables initialized successfully
[23-Apr-2025 09:49:32 Europe/Berlin] Executing SQL: SELECT * FROM matches WHERE id = :id
[23-Apr-2025 09:49:32 Europe/Berlin] With params: {":id":"32"}
[23-Apr-2025 09:49:32 Europe/Berlin] Query executed successfully. Found 1 rows
[23-Apr-2025 09:49:32 Europe/Berlin] Executing SQL: DELETE FROM matches WHERE id = :id
[23-Apr-2025 09:49:32 Europe/Berlin] With params: {":id":"32"}
[23-Apr-2025 09:49:32 Europe/Berlin] Query executed successfully. Found 0 rows
[23-Apr-2025 09:49:32 Europe/Berlin] Connected to database. Tables found: favorites, feedback, matches, matches_backup, matches_new, news, newsletter, notifications, players, subscriptions, users
[23-Apr-2025 09:49:32 Europe/Berlin] Executing SQL: CREATE TABLE IF NOT EXISTS users (
                id INT AUTO_INCREMENT PRIMARY KEY,
                username VARCHAR(50) NOT NULL UNIQUE,
                password VARCHAR(255) NOT NULL,
                email VARCHAR(100) NOT NULL UNIQUE,
                account_type ENUM('user', 'admin') DEFAULT 'user',
                created_at TIMESTAMP DEFAULT CURRENT_TIMESTAMP
            )
[23-Apr-2025 09:49:32 Europe/Berlin] With params: []
[23-Apr-2025 09:49:32 Europe/Berlin] Query executed successfully. Found 0 rows
[23-Apr-2025 09:49:32 Europe/Berlin] Users table created or already exists
[23-Apr-2025 09:49:32 Europe/Berlin] Users table structure: [{"Field":"id","Type":"int(11)","Null":"NO","Key":"PRI","Default":null,"Extra":"auto_increment"},{"Field":"username","Type":"varchar(50)","Null":"NO","Key":"","Default":null,"Extra":""},{"Field":"email","Type":"varchar(100)","Null":"NO","Key":"UNI","Default":null,"Extra":""},{"Field":"password","Type":"varchar(255)","Null":"NO","Key":"","Default":null,"Extra":""},{"Field":"role","Type":"enum('user','admin')","Null":"YES","Key":"","Default":"user","Extra":""},{"Field":"verification_code","Type":"varchar(100)","Null":"YES","Key":"","Default":null,"Extra":""},{"Field":"is_verified","Type":"tinyint(1)","Null":"YES","Key":"","Default":"0","Extra":""},{"Field":"created_at","Type":"timestamp","Null":"NO","Key":"","Default":"current_timestamp()","Extra":""},{"Field":"favorite_sport","Type":"varchar(50)","Null":"YES","Key":"","Default":null,"Extra":""},{"Field":"favorite_team","Type":"varchar(50)","Null":"YES","Key":"","Default":null,"Extra":""},{"Field":"account_type","Type":"enum('user','admin')","Null":"YES","Key":"","Default":"user","Extra":""}]
[23-Apr-2025 09:49:32 Europe/Berlin] Number of users in database: 13
[23-Apr-2025 09:49:32 Europe/Berlin] All tables initialized successfully
[23-Apr-2025 09:49:32 Europe/Berlin] Connected to database. Tables found: favorites, feedback, matches, matches_backup, matches_new, news, newsletter, notifications, players, subscriptions, users
[23-Apr-2025 09:49:32 Europe/Berlin] Executing SQL: CREATE TABLE IF NOT EXISTS users (
                id INT AUTO_INCREMENT PRIMARY KEY,
                username VARCHAR(50) NOT NULL UNIQUE,
                password VARCHAR(255) NOT NULL,
                email VARCHAR(100) NOT NULL UNIQUE,
                account_type ENUM('user', 'admin') DEFAULT 'user',
                created_at TIMESTAMP DEFAULT CURRENT_TIMESTAMP
            )
[23-Apr-2025 09:49:32 Europe/Berlin] With params: []
[23-Apr-2025 09:49:32 Europe/Berlin] Query executed successfully. Found 0 rows
[23-Apr-2025 09:49:32 Europe/Berlin] Users table created or already exists
[23-Apr-2025 09:49:32 Europe/Berlin] Users table structure: [{"Field":"id","Type":"int(11)","Null":"NO","Key":"PRI","Default":null,"Extra":"auto_increment"},{"Field":"username","Type":"varchar(50)","Null":"NO","Key":"","Default":null,"Extra":""},{"Field":"email","Type":"varchar(100)","Null":"NO","Key":"UNI","Default":null,"Extra":""},{"Field":"password","Type":"varchar(255)","Null":"NO","Key":"","Default":null,"Extra":""},{"Field":"role","Type":"enum('user','admin')","Null":"YES","Key":"","Default":"user","Extra":""},{"Field":"verification_code","Type":"varchar(100)","Null":"YES","Key":"","Default":null,"Extra":""},{"Field":"is_verified","Type":"tinyint(1)","Null":"YES","Key":"","Default":"0","Extra":""},{"Field":"created_at","Type":"timestamp","Null":"NO","Key":"","Default":"current_timestamp()","Extra":""},{"Field":"favorite_sport","Type":"varchar(50)","Null":"YES","Key":"","Default":null,"Extra":""},{"Field":"favorite_team","Type":"varchar(50)","Null":"YES","Key":"","Default":null,"Extra":""},{"Field":"account_type","Type":"enum('user','admin')","Null":"YES","Key":"","Default":"user","Extra":""}]
[23-Apr-2025 09:49:32 Europe/Berlin] Number of users in database: 13
[23-Apr-2025 09:49:32 Europe/Berlin] All tables initialized successfully
[23-Apr-2025 09:49:32 Europe/Berlin] Database tables initialized successfully
[23-Apr-2025 09:49:32 Europe/Berlin] Executing SQL: SELECT * FROM users WHERE id = :id
[23-Apr-2025 09:49:32 Europe/Berlin] With params: {":id":12}
[23-Apr-2025 09:49:32 Europe/Berlin] Query executed successfully. Found 1 rows
[23-Apr-2025 09:49:32 Europe/Berlin] User loaded from session: varunpndey
[23-Apr-2025 09:49:32 Europe/Berlin] Executing SQL: SELECT * FROM users WHERE id = :id
[23-Apr-2025 09:49:32 Europe/Berlin] With params: {":id":12}
[23-Apr-2025 09:49:32 Europe/Berlin] Query executed successfully. Found 1 rows
[23-Apr-2025 09:49:32 Europe/Berlin] Executing SQL: SELECT * FROM news ORDER BY created_at DESC
[23-Apr-2025 09:49:32 Europe/Berlin] With params: []
[23-Apr-2025 09:49:32 Europe/Berlin] Query executed successfully. Found 13 rows
[23-Apr-2025 09:49:32 Europe/Berlin] Executing SQL: SELECT * FROM feedback ORDER BY created_at DESC
[23-Apr-2025 09:49:32 Europe/Berlin] With params: []
[23-Apr-2025 09:49:32 Europe/Berlin] Query executed successfully. Found 10 rows
[23-Apr-2025 09:49:32 Europe/Berlin] Executing SQL: UPDATE feedback SET status = :status WHERE id = :id
[23-Apr-2025 09:49:32 Europe/Berlin] With params: {":status":"read",":id":"10"}
[23-Apr-2025 09:49:32 Europe/Berlin] Error in executeQuery: SQLSTATE[42S22]: Column not found: 1054 Unknown column 'status' in 'field list'
[23-Apr-2025 09:49:32 Europe/Berlin] Executing SQL: SELECT * FROM matches WHERE status = 'live'
[23-Apr-2025 09:49:32 Europe/Berlin] With params: []
[23-Apr-2025 09:49:32 Europe/Berlin] Query executed successfully. Found 2 rows
[23-Apr-2025 09:49:32 Europe/Berlin] Executing SQL: SELECT * FROM matches WHERE 1=1 ORDER BY match_time DESC
[23-Apr-2025 09:49:32 Europe/Berlin] With params: []
[23-Apr-2025 09:49:32 Europe/Berlin] Query executed successfully. Found 11 rows
[23-Apr-2025 09:49:32 Europe/Berlin] PHP Warning:  Undefined array key "status" in /Applications/XAMPP/xamppfiles/htdocs/sportsync/public/admin.php on line 869
[23-Apr-2025 09:49:32 Europe/Berlin] PHP Warning:  Undefined array key "status" in /Applications/XAMPP/xamppfiles/htdocs/sportsync/public/admin.php on line 870
[23-Apr-2025 09:49:32 Europe/Berlin] PHP Warning:  Undefined array key "status" in /Applications/XAMPP/xamppfiles/htdocs/sportsync/public/admin.php on line 871
[23-Apr-2025 09:49:32 Europe/Berlin] PHP Warning:  Undefined array key "status" in /Applications/XAMPP/xamppfiles/htdocs/sportsync/public/admin.php on line 869
[23-Apr-2025 09:49:32 Europe/Berlin] PHP Warning:  Undefined array key "status" in /Applications/XAMPP/xamppfiles/htdocs/sportsync/public/admin.php on line 870
[23-Apr-2025 09:49:32 Europe/Berlin] PHP Warning:  Undefined array key "status" in /Applications/XAMPP/xamppfiles/htdocs/sportsync/public/admin.php on line 871
[23-Apr-2025 09:49:32 Europe/Berlin] PHP Warning:  Undefined array key "status" in /Applications/XAMPP/xamppfiles/htdocs/sportsync/public/admin.php on line 869
[23-Apr-2025 09:49:32 Europe/Berlin] PHP Warning:  Undefined array key "status" in /Applications/XAMPP/xamppfiles/htdocs/sportsync/public/admin.php on line 870
[23-Apr-2025 09:49:32 Europe/Berlin] PHP Warning:  Undefined array key "status" in /Applications/XAMPP/xamppfiles/htdocs/sportsync/public/admin.php on line 871
[23-Apr-2025 09:49:32 Europe/Berlin] PHP Warning:  Undefined array key "status" in /Applications/XAMPP/xamppfiles/htdocs/sportsync/public/admin.php on line 869
[23-Apr-2025 09:49:32 Europe/Berlin] PHP Warning:  Undefined array key "status" in /Applications/XAMPP/xamppfiles/htdocs/sportsync/public/admin.php on line 870
[23-Apr-2025 09:49:32 Europe/Berlin] PHP Warning:  Undefined array key "status" in /Applications/XAMPP/xamppfiles/htdocs/sportsync/public/admin.php on line 871
[23-Apr-2025 09:49:32 Europe/Berlin] PHP Warning:  Undefined array key "status" in /Applications/XAMPP/xamppfiles/htdocs/sportsync/public/admin.php on line 869
[23-Apr-2025 09:49:32 Europe/Berlin] PHP Warning:  Undefined array key "status" in /Applications/XAMPP/xamppfiles/htdocs/sportsync/public/admin.php on line 870
[23-Apr-2025 09:49:32 Europe/Berlin] PHP Warning:  Undefined array key "status" in /Applications/XAMPP/xamppfiles/htdocs/sportsync/public/admin.php on line 871
[23-Apr-2025 09:49:32 Europe/Berlin] PHP Warning:  Undefined array key "status" in /Applications/XAMPP/xamppfiles/htdocs/sportsync/public/admin.php on line 869
[23-Apr-2025 09:49:32 Europe/Berlin] PHP Warning:  Undefined array key "status" in /Applications/XAMPP/xamppfiles/htdocs/sportsync/public/admin.php on line 870
[23-Apr-2025 09:49:32 Europe/Berlin] PHP Warning:  Undefined array key "status" in /Applications/XAMPP/xamppfiles/htdocs/sportsync/public/admin.php on line 871
[23-Apr-2025 09:49:32 Europe/Berlin] PHP Warning:  Undefined array key "status" in /Applications/XAMPP/xamppfiles/htdocs/sportsync/public/admin.php on line 869
[23-Apr-2025 09:49:32 Europe/Berlin] PHP Warning:  Undefined array key "status" in /Applications/XAMPP/xamppfiles/htdocs/sportsync/public/admin.php on line 870
[23-Apr-2025 09:49:32 Europe/Berlin] PHP Warning:  Undefined array key "status" in /Applications/XAMPP/xamppfiles/htdocs/sportsync/public/admin.php on line 871
[23-Apr-2025 09:49:32 Europe/Berlin] PHP Warning:  Undefined array key "status" in /Applications/XAMPP/xamppfiles/htdocs/sportsync/public/admin.php on line 869
[23-Apr-2025 09:49:32 Europe/Berlin] PHP Warning:  Undefined array key "status" in /Applications/XAMPP/xamppfiles/htdocs/sportsync/public/admin.php on line 870
[23-Apr-2025 09:49:32 Europe/Berlin] PHP Warning:  Undefined array key "status" in /Applications/XAMPP/xamppfiles/htdocs/sportsync/public/admin.php on line 871
[23-Apr-2025 09:49:32 Europe/Berlin] PHP Warning:  Undefined array key "status" in /Applications/XAMPP/xamppfiles/htdocs/sportsync/public/admin.php on line 869
[23-Apr-2025 09:49:32 Europe/Berlin] PHP Warning:  Undefined array key "status" in /Applications/XAMPP/xamppfiles/htdocs/sportsync/public/admin.php on line 870
[23-Apr-2025 09:49:32 Europe/Berlin] PHP Warning:  Undefined array key "status" in /Applications/XAMPP/xamppfiles/htdocs/sportsync/public/admin.php on line 871
[23-Apr-2025 09:49:32 Europe/Berlin] PHP Warning:  Undefined array key "status" in /Applications/XAMPP/xamppfiles/htdocs/sportsync/public/admin.php on line 869
[23-Apr-2025 09:49:32 Europe/Berlin] PHP Warning:  Undefined array key "status" in /Applications/XAMPP/xamppfiles/htdocs/sportsync/public/admin.php on line 870
[23-Apr-2025 09:49:32 Europe/Berlin] PHP Warning:  Undefined array key "status" in /Applications/XAMPP/xamppfiles/htdocs/sportsync/public/admin.php on line 871
[23-Apr-2025 09:49:34 Europe/Berlin] Connected to database. Tables found: favorites, feedback, matches, matches_backup, matches_new, news, newsletter, notifications, players, subscriptions, users
[23-Apr-2025 09:49:34 Europe/Berlin] Executing SQL: CREATE TABLE IF NOT EXISTS users (
                id INT AUTO_INCREMENT PRIMARY KEY,
                username VARCHAR(50) NOT NULL UNIQUE,
                password VARCHAR(255) NOT NULL,
                email VARCHAR(100) NOT NULL UNIQUE,
                account_type ENUM('user', 'admin') DEFAULT 'user',
                created_at TIMESTAMP DEFAULT CURRENT_TIMESTAMP
            )
[23-Apr-2025 09:49:34 Europe/Berlin] With params: []
[23-Apr-2025 09:49:34 Europe/Berlin] Query executed successfully. Found 0 rows
[23-Apr-2025 09:49:34 Europe/Berlin] Users table created or already exists
[23-Apr-2025 09:49:34 Europe/Berlin] Users table structure: [{"Field":"id","Type":"int(11)","Null":"NO","Key":"PRI","Default":null,"Extra":"auto_increment"},{"Field":"username","Type":"varchar(50)","Null":"NO","Key":"","Default":null,"Extra":""},{"Field":"email","Type":"varchar(100)","Null":"NO","Key":"UNI","Default":null,"Extra":""},{"Field":"password","Type":"varchar(255)","Null":"NO","Key":"","Default":null,"Extra":""},{"Field":"role","Type":"enum('user','admin')","Null":"YES","Key":"","Default":"user","Extra":""},{"Field":"verification_code","Type":"varchar(100)","Null":"YES","Key":"","Default":null,"Extra":""},{"Field":"is_verified","Type":"tinyint(1)","Null":"YES","Key":"","Default":"0","Extra":""},{"Field":"created_at","Type":"timestamp","Null":"NO","Key":"","Default":"current_timestamp()","Extra":""},{"Field":"favorite_sport","Type":"varchar(50)","Null":"YES","Key":"","Default":null,"Extra":""},{"Field":"favorite_team","Type":"varchar(50)","Null":"YES","Key":"","Default":null,"Extra":""},{"Field":"account_type","Type":"enum('user','admin')","Null":"YES","Key":"","Default":"user","Extra":""}]
[23-Apr-2025 09:49:34 Europe/Berlin] Number of users in database: 13
[23-Apr-2025 09:49:34 Europe/Berlin] All tables initialized successfully
[23-Apr-2025 09:49:34 Europe/Berlin] Executing SQL: SELECT * FROM matches WHERE id = :id
[23-Apr-2025 09:49:34 Europe/Berlin] With params: {":id":"33"}
[23-Apr-2025 09:49:34 Europe/Berlin] Query executed successfully. Found 1 rows
[23-Apr-2025 09:49:34 Europe/Berlin] Executing SQL: DELETE FROM matches WHERE id = :id
[23-Apr-2025 09:49:34 Europe/Berlin] With params: {":id":"33"}
[23-Apr-2025 09:49:34 Europe/Berlin] Query executed successfully. Found 0 rows
[23-Apr-2025 09:49:36 Europe/Berlin] Connected to database. Tables found: favorites, feedback, matches, matches_backup, matches_new, news, newsletter, notifications, players, subscriptions, users
[23-Apr-2025 09:49:36 Europe/Berlin] Executing SQL: CREATE TABLE IF NOT EXISTS users (
                id INT AUTO_INCREMENT PRIMARY KEY,
                username VARCHAR(50) NOT NULL UNIQUE,
                password VARCHAR(255) NOT NULL,
                email VARCHAR(100) NOT NULL UNIQUE,
                account_type ENUM('user', 'admin') DEFAULT 'user',
                created_at TIMESTAMP DEFAULT CURRENT_TIMESTAMP
            )
[23-Apr-2025 09:49:36 Europe/Berlin] With params: []
[23-Apr-2025 09:49:36 Europe/Berlin] Query executed successfully. Found 0 rows
[23-Apr-2025 09:49:36 Europe/Berlin] Users table created or already exists
[23-Apr-2025 09:49:36 Europe/Berlin] Users table structure: [{"Field":"id","Type":"int(11)","Null":"NO","Key":"PRI","Default":null,"Extra":"auto_increment"},{"Field":"username","Type":"varchar(50)","Null":"NO","Key":"","Default":null,"Extra":""},{"Field":"email","Type":"varchar(100)","Null":"NO","Key":"UNI","Default":null,"Extra":""},{"Field":"password","Type":"varchar(255)","Null":"NO","Key":"","Default":null,"Extra":""},{"Field":"role","Type":"enum('user','admin')","Null":"YES","Key":"","Default":"user","Extra":""},{"Field":"verification_code","Type":"varchar(100)","Null":"YES","Key":"","Default":null,"Extra":""},{"Field":"is_verified","Type":"tinyint(1)","Null":"YES","Key":"","Default":"0","Extra":""},{"Field":"created_at","Type":"timestamp","Null":"NO","Key":"","Default":"current_timestamp()","Extra":""},{"Field":"favorite_sport","Type":"varchar(50)","Null":"YES","Key":"","Default":null,"Extra":""},{"Field":"favorite_team","Type":"varchar(50)","Null":"YES","Key":"","Default":null,"Extra":""},{"Field":"account_type","Type":"enum('user','admin')","Null":"YES","Key":"","Default":"user","Extra":""}]
[23-Apr-2025 09:49:36 Europe/Berlin] Number of users in database: 13
[23-Apr-2025 09:49:36 Europe/Berlin] All tables initialized successfully
[23-Apr-2025 09:49:36 Europe/Berlin] Executing SQL: SELECT * FROM matches WHERE id = :id
[23-Apr-2025 09:49:36 Europe/Berlin] With params: {":id":"36"}
[23-Apr-2025 09:49:36 Europe/Berlin] Query executed successfully. Found 1 rows
[23-Apr-2025 09:49:36 Europe/Berlin] Executing SQL: DELETE FROM matches WHERE id = :id
[23-Apr-2025 09:49:36 Europe/Berlin] With params: {":id":"36"}
[23-Apr-2025 09:49:36 Europe/Berlin] Query executed successfully. Found 0 rows
[23-Apr-2025 09:49:36 Europe/Berlin] Connected to database. Tables found: favorites, feedback, matches, matches_backup, matches_new, news, newsletter, notifications, players, subscriptions, users
[23-Apr-2025 09:49:36 Europe/Berlin] Executing SQL: CREATE TABLE IF NOT EXISTS users (
                id INT AUTO_INCREMENT PRIMARY KEY,
                username VARCHAR(50) NOT NULL UNIQUE,
                password VARCHAR(255) NOT NULL,
                email VARCHAR(100) NOT NULL UNIQUE,
                account_type ENUM('user', 'admin') DEFAULT 'user',
                created_at TIMESTAMP DEFAULT CURRENT_TIMESTAMP
            )
[23-Apr-2025 09:49:36 Europe/Berlin] With params: []
[23-Apr-2025 09:49:36 Europe/Berlin] Query executed successfully. Found 0 rows
[23-Apr-2025 09:49:36 Europe/Berlin] Users table created or already exists
[23-Apr-2025 09:49:36 Europe/Berlin] Users table structure: [{"Field":"id","Type":"int(11)","Null":"NO","Key":"PRI","Default":null,"Extra":"auto_increment"},{"Field":"username","Type":"varchar(50)","Null":"NO","Key":"","Default":null,"Extra":""},{"Field":"email","Type":"varchar(100)","Null":"NO","Key":"UNI","Default":null,"Extra":""},{"Field":"password","Type":"varchar(255)","Null":"NO","Key":"","Default":null,"Extra":""},{"Field":"role","Type":"enum('user','admin')","Null":"YES","Key":"","Default":"user","Extra":""},{"Field":"verification_code","Type":"varchar(100)","Null":"YES","Key":"","Default":null,"Extra":""},{"Field":"is_verified","Type":"tinyint(1)","Null":"YES","Key":"","Default":"0","Extra":""},{"Field":"created_at","Type":"timestamp","Null":"NO","Key":"","Default":"current_timestamp()","Extra":""},{"Field":"favorite_sport","Type":"varchar(50)","Null":"YES","Key":"","Default":null,"Extra":""},{"Field":"favorite_team","Type":"varchar(50)","Null":"YES","Key":"","Default":null,"Extra":""},{"Field":"account_type","Type":"enum('user','admin')","Null":"YES","Key":"","Default":"user","Extra":""}]
[23-Apr-2025 09:49:36 Europe/Berlin] Number of users in database: 13
[23-Apr-2025 09:49:36 Europe/Berlin] All tables initialized successfully
[23-Apr-2025 09:49:36 Europe/Berlin] Connected to database. Tables found: favorites, feedback, matches, matches_backup, matches_new, news, newsletter, notifications, players, subscriptions, users
[23-Apr-2025 09:49:36 Europe/Berlin] Executing SQL: CREATE TABLE IF NOT EXISTS users (
                id INT AUTO_INCREMENT PRIMARY KEY,
                username VARCHAR(50) NOT NULL UNIQUE,
                password VARCHAR(255) NOT NULL,
                email VARCHAR(100) NOT NULL UNIQUE,
                account_type ENUM('user', 'admin') DEFAULT 'user',
                created_at TIMESTAMP DEFAULT CURRENT_TIMESTAMP
            )
[23-Apr-2025 09:49:36 Europe/Berlin] With params: []
[23-Apr-2025 09:49:36 Europe/Berlin] Query executed successfully. Found 0 rows
[23-Apr-2025 09:49:36 Europe/Berlin] Users table created or already exists
[23-Apr-2025 09:49:36 Europe/Berlin] Users table structure: [{"Field":"id","Type":"int(11)","Null":"NO","Key":"PRI","Default":null,"Extra":"auto_increment"},{"Field":"username","Type":"varchar(50)","Null":"NO","Key":"","Default":null,"Extra":""},{"Field":"email","Type":"varchar(100)","Null":"NO","Key":"UNI","Default":null,"Extra":""},{"Field":"password","Type":"varchar(255)","Null":"NO","Key":"","Default":null,"Extra":""},{"Field":"role","Type":"enum('user','admin')","Null":"YES","Key":"","Default":"user","Extra":""},{"Field":"verification_code","Type":"varchar(100)","Null":"YES","Key":"","Default":null,"Extra":""},{"Field":"is_verified","Type":"tinyint(1)","Null":"YES","Key":"","Default":"0","Extra":""},{"Field":"created_at","Type":"timestamp","Null":"NO","Key":"","Default":"current_timestamp()","Extra":""},{"Field":"favorite_sport","Type":"varchar(50)","Null":"YES","Key":"","Default":null,"Extra":""},{"Field":"favorite_team","Type":"varchar(50)","Null":"YES","Key":"","Default":null,"Extra":""},{"Field":"account_type","Type":"enum('user','admin')","Null":"YES","Key":"","Default":"user","Extra":""}]
[23-Apr-2025 09:49:36 Europe/Berlin] Number of users in database: 13
[23-Apr-2025 09:49:36 Europe/Berlin] All tables initialized successfully
[23-Apr-2025 09:49:36 Europe/Berlin] Database tables initialized successfully
[23-Apr-2025 09:49:36 Europe/Berlin] Executing SQL: SELECT * FROM users WHERE id = :id
[23-Apr-2025 09:49:36 Europe/Berlin] With params: {":id":12}
[23-Apr-2025 09:49:36 Europe/Berlin] Query executed successfully. Found 1 rows
[23-Apr-2025 09:49:36 Europe/Berlin] User loaded from session: varunpndey
[23-Apr-2025 09:49:36 Europe/Berlin] Executing SQL: SELECT * FROM users WHERE id = :id
[23-Apr-2025 09:49:36 Europe/Berlin] With params: {":id":12}
[23-Apr-2025 09:49:36 Europe/Berlin] Query executed successfully. Found 1 rows
[23-Apr-2025 09:49:36 Europe/Berlin] Executing SQL: SELECT * FROM news ORDER BY created_at DESC
[23-Apr-2025 09:49:36 Europe/Berlin] With params: []
[23-Apr-2025 09:49:36 Europe/Berlin] Query executed successfully. Found 13 rows
[23-Apr-2025 09:49:36 Europe/Berlin] Executing SQL: SELECT * FROM feedback ORDER BY created_at DESC
[23-Apr-2025 09:49:36 Europe/Berlin] With params: []
[23-Apr-2025 09:49:36 Europe/Berlin] Query executed successfully. Found 10 rows
[23-Apr-2025 09:49:36 Europe/Berlin] Executing SQL: UPDATE feedback SET status = :status WHERE id = :id
[23-Apr-2025 09:49:36 Europe/Berlin] With params: {":status":"read",":id":"10"}
[23-Apr-2025 09:49:36 Europe/Berlin] Error in executeQuery: SQLSTATE[42S22]: Column not found: 1054 Unknown column 'status' in 'field list'
[23-Apr-2025 09:49:36 Europe/Berlin] Executing SQL: SELECT * FROM matches WHERE status = 'live'
[23-Apr-2025 09:49:36 Europe/Berlin] With params: []
[23-Apr-2025 09:49:36 Europe/Berlin] Query executed successfully. Found 2 rows
[23-Apr-2025 09:49:36 Europe/Berlin] Executing SQL: SELECT * FROM matches WHERE 1=1 ORDER BY match_time DESC
[23-Apr-2025 09:49:36 Europe/Berlin] With params: []
[23-Apr-2025 09:49:36 Europe/Berlin] Query executed successfully. Found 9 rows
[23-Apr-2025 09:49:36 Europe/Berlin] PHP Warning:  Undefined array key "status" in /Applications/XAMPP/xamppfiles/htdocs/sportsync/public/admin.php on line 869
[23-Apr-2025 09:49:36 Europe/Berlin] PHP Warning:  Undefined array key "status" in /Applications/XAMPP/xamppfiles/htdocs/sportsync/public/admin.php on line 870
[23-Apr-2025 09:49:36 Europe/Berlin] PHP Warning:  Undefined array key "status" in /Applications/XAMPP/xamppfiles/htdocs/sportsync/public/admin.php on line 871
[23-Apr-2025 09:49:36 Europe/Berlin] PHP Warning:  Undefined array key "status" in /Applications/XAMPP/xamppfiles/htdocs/sportsync/public/admin.php on line 869
[23-Apr-2025 09:49:36 Europe/Berlin] PHP Warning:  Undefined array key "status" in /Applications/XAMPP/xamppfiles/htdocs/sportsync/public/admin.php on line 870
[23-Apr-2025 09:49:36 Europe/Berlin] PHP Warning:  Undefined array key "status" in /Applications/XAMPP/xamppfiles/htdocs/sportsync/public/admin.php on line 871
[23-Apr-2025 09:49:36 Europe/Berlin] PHP Warning:  Undefined array key "status" in /Applications/XAMPP/xamppfiles/htdocs/sportsync/public/admin.php on line 869
[23-Apr-2025 09:49:36 Europe/Berlin] PHP Warning:  Undefined array key "status" in /Applications/XAMPP/xamppfiles/htdocs/sportsync/public/admin.php on line 870
[23-Apr-2025 09:49:36 Europe/Berlin] PHP Warning:  Undefined array key "status" in /Applications/XAMPP/xamppfiles/htdocs/sportsync/public/admin.php on line 871
[23-Apr-2025 09:49:36 Europe/Berlin] PHP Warning:  Undefined array key "status" in /Applications/XAMPP/xamppfiles/htdocs/sportsync/public/admin.php on line 869
[23-Apr-2025 09:49:36 Europe/Berlin] PHP Warning:  Undefined array key "status" in /Applications/XAMPP/xamppfiles/htdocs/sportsync/public/admin.php on line 870
[23-Apr-2025 09:49:36 Europe/Berlin] PHP Warning:  Undefined array key "status" in /Applications/XAMPP/xamppfiles/htdocs/sportsync/public/admin.php on line 871
[23-Apr-2025 09:49:36 Europe/Berlin] PHP Warning:  Undefined array key "status" in /Applications/XAMPP/xamppfiles/htdocs/sportsync/public/admin.php on line 869
[23-Apr-2025 09:49:36 Europe/Berlin] PHP Warning:  Undefined array key "status" in /Applications/XAMPP/xamppfiles/htdocs/sportsync/public/admin.php on line 870
[23-Apr-2025 09:49:36 Europe/Berlin] PHP Warning:  Undefined array key "status" in /Applications/XAMPP/xamppfiles/htdocs/sportsync/public/admin.php on line 871
[23-Apr-2025 09:49:36 Europe/Berlin] PHP Warning:  Undefined array key "status" in /Applications/XAMPP/xamppfiles/htdocs/sportsync/public/admin.php on line 869
[23-Apr-2025 09:49:36 Europe/Berlin] PHP Warning:  Undefined array key "status" in /Applications/XAMPP/xamppfiles/htdocs/sportsync/public/admin.php on line 870
[23-Apr-2025 09:49:36 Europe/Berlin] PHP Warning:  Undefined array key "status" in /Applications/XAMPP/xamppfiles/htdocs/sportsync/public/admin.php on line 871
[23-Apr-2025 09:49:36 Europe/Berlin] PHP Warning:  Undefined array key "status" in /Applications/XAMPP/xamppfiles/htdocs/sportsync/public/admin.php on line 869
[23-Apr-2025 09:49:36 Europe/Berlin] PHP Warning:  Undefined array key "status" in /Applications/XAMPP/xamppfiles/htdocs/sportsync/public/admin.php on line 870
[23-Apr-2025 09:49:36 Europe/Berlin] PHP Warning:  Undefined array key "status" in /Applications/XAMPP/xamppfiles/htdocs/sportsync/public/admin.php on line 871
[23-Apr-2025 09:49:36 Europe/Berlin] PHP Warning:  Undefined array key "status" in /Applications/XAMPP/xamppfiles/htdocs/sportsync/public/admin.php on line 869
[23-Apr-2025 09:49:36 Europe/Berlin] PHP Warning:  Undefined array key "status" in /Applications/XAMPP/xamppfiles/htdocs/sportsync/public/admin.php on line 870
[23-Apr-2025 09:49:36 Europe/Berlin] PHP Warning:  Undefined array key "status" in /Applications/XAMPP/xamppfiles/htdocs/sportsync/public/admin.php on line 871
[23-Apr-2025 09:49:36 Europe/Berlin] PHP Warning:  Undefined array key "status" in /Applications/XAMPP/xamppfiles/htdocs/sportsync/public/admin.php on line 869
[23-Apr-2025 09:49:36 Europe/Berlin] PHP Warning:  Undefined array key "status" in /Applications/XAMPP/xamppfiles/htdocs/sportsync/public/admin.php on line 870
[23-Apr-2025 09:49:36 Europe/Berlin] PHP Warning:  Undefined array key "status" in /Applications/XAMPP/xamppfiles/htdocs/sportsync/public/admin.php on line 871
[23-Apr-2025 09:49:36 Europe/Berlin] PHP Warning:  Undefined array key "status" in /Applications/XAMPP/xamppfiles/htdocs/sportsync/public/admin.php on line 869
[23-Apr-2025 09:49:36 Europe/Berlin] PHP Warning:  Undefined array key "status" in /Applications/XAMPP/xamppfiles/htdocs/sportsync/public/admin.php on line 870
[23-Apr-2025 09:49:36 Europe/Berlin] PHP Warning:  Undefined array key "status" in /Applications/XAMPP/xamppfiles/htdocs/sportsync/public/admin.php on line 871
[23-Apr-2025 09:49:39 Europe/Berlin] Connected to database. Tables found: favorites, feedback, matches, matches_backup, matches_new, news, newsletter, notifications, players, subscriptions, users
[23-Apr-2025 09:49:39 Europe/Berlin] Executing SQL: CREATE TABLE IF NOT EXISTS users (
                id INT AUTO_INCREMENT PRIMARY KEY,
                username VARCHAR(50) NOT NULL UNIQUE,
                password VARCHAR(255) NOT NULL,
                email VARCHAR(100) NOT NULL UNIQUE,
                account_type ENUM('user', 'admin') DEFAULT 'user',
                created_at TIMESTAMP DEFAULT CURRENT_TIMESTAMP
            )
[23-Apr-2025 09:49:39 Europe/Berlin] With params: []
[23-Apr-2025 09:49:39 Europe/Berlin] Query executed successfully. Found 0 rows
[23-Apr-2025 09:49:39 Europe/Berlin] Users table created or already exists
[23-Apr-2025 09:49:39 Europe/Berlin] Users table structure: [{"Field":"id","Type":"int(11)","Null":"NO","Key":"PRI","Default":null,"Extra":"auto_increment"},{"Field":"username","Type":"varchar(50)","Null":"NO","Key":"","Default":null,"Extra":""},{"Field":"email","Type":"varchar(100)","Null":"NO","Key":"UNI","Default":null,"Extra":""},{"Field":"password","Type":"varchar(255)","Null":"NO","Key":"","Default":null,"Extra":""},{"Field":"role","Type":"enum('user','admin')","Null":"YES","Key":"","Default":"user","Extra":""},{"Field":"verification_code","Type":"varchar(100)","Null":"YES","Key":"","Default":null,"Extra":""},{"Field":"is_verified","Type":"tinyint(1)","Null":"YES","Key":"","Default":"0","Extra":""},{"Field":"created_at","Type":"timestamp","Null":"NO","Key":"","Default":"current_timestamp()","Extra":""},{"Field":"favorite_sport","Type":"varchar(50)","Null":"YES","Key":"","Default":null,"Extra":""},{"Field":"favorite_team","Type":"varchar(50)","Null":"YES","Key":"","Default":null,"Extra":""},{"Field":"account_type","Type":"enum('user','admin')","Null":"YES","Key":"","Default":"user","Extra":""}]
[23-Apr-2025 09:49:39 Europe/Berlin] Number of users in database: 13
[23-Apr-2025 09:49:39 Europe/Berlin] All tables initialized successfully
[23-Apr-2025 09:49:39 Europe/Berlin] Executing SQL: SELECT * FROM matches WHERE id = :id
[23-Apr-2025 09:49:39 Europe/Berlin] With params: {":id":"18"}
[23-Apr-2025 09:49:39 Europe/Berlin] Query executed successfully. Found 1 rows
[23-Apr-2025 09:49:39 Europe/Berlin] Executing SQL: DELETE FROM matches WHERE id = :id
[23-Apr-2025 09:49:39 Europe/Berlin] With params: {":id":"18"}
[23-Apr-2025 09:49:39 Europe/Berlin] Query executed successfully. Found 0 rows
[23-Apr-2025 09:49:41 Europe/Berlin] Connected to database. Tables found: favorites, feedback, matches, matches_backup, matches_new, news, newsletter, notifications, players, subscriptions, users
[23-Apr-2025 09:49:41 Europe/Berlin] Executing SQL: CREATE TABLE IF NOT EXISTS users (
                id INT AUTO_INCREMENT PRIMARY KEY,
                username VARCHAR(50) NOT NULL UNIQUE,
                password VARCHAR(255) NOT NULL,
                email VARCHAR(100) NOT NULL UNIQUE,
                account_type ENUM('user', 'admin') DEFAULT 'user',
                created_at TIMESTAMP DEFAULT CURRENT_TIMESTAMP
            )
[23-Apr-2025 09:49:41 Europe/Berlin] With params: []
[23-Apr-2025 09:49:41 Europe/Berlin] Query executed successfully. Found 0 rows
[23-Apr-2025 09:49:41 Europe/Berlin] Users table created or already exists
[23-Apr-2025 09:49:41 Europe/Berlin] Users table structure: [{"Field":"id","Type":"int(11)","Null":"NO","Key":"PRI","Default":null,"Extra":"auto_increment"},{"Field":"username","Type":"varchar(50)","Null":"NO","Key":"","Default":null,"Extra":""},{"Field":"email","Type":"varchar(100)","Null":"NO","Key":"UNI","Default":null,"Extra":""},{"Field":"password","Type":"varchar(255)","Null":"NO","Key":"","Default":null,"Extra":""},{"Field":"role","Type":"enum('user','admin')","Null":"YES","Key":"","Default":"user","Extra":""},{"Field":"verification_code","Type":"varchar(100)","Null":"YES","Key":"","Default":null,"Extra":""},{"Field":"is_verified","Type":"tinyint(1)","Null":"YES","Key":"","Default":"0","Extra":""},{"Field":"created_at","Type":"timestamp","Null":"NO","Key":"","Default":"current_timestamp()","Extra":""},{"Field":"favorite_sport","Type":"varchar(50)","Null":"YES","Key":"","Default":null,"Extra":""},{"Field":"favorite_team","Type":"varchar(50)","Null":"YES","Key":"","Default":null,"Extra":""},{"Field":"account_type","Type":"enum('user','admin')","Null":"YES","Key":"","Default":"user","Extra":""}]
[23-Apr-2025 09:49:41 Europe/Berlin] Number of users in database: 13
[23-Apr-2025 09:49:41 Europe/Berlin] All tables initialized successfully
[23-Apr-2025 09:49:41 Europe/Berlin] Connected to database. Tables found: favorites, feedback, matches, matches_backup, matches_new, news, newsletter, notifications, players, subscriptions, users
[23-Apr-2025 09:49:41 Europe/Berlin] Executing SQL: CREATE TABLE IF NOT EXISTS users (
                id INT AUTO_INCREMENT PRIMARY KEY,
                username VARCHAR(50) NOT NULL UNIQUE,
                password VARCHAR(255) NOT NULL,
                email VARCHAR(100) NOT NULL UNIQUE,
                account_type ENUM('user', 'admin') DEFAULT 'user',
                created_at TIMESTAMP DEFAULT CURRENT_TIMESTAMP
            )
[23-Apr-2025 09:49:41 Europe/Berlin] With params: []
[23-Apr-2025 09:49:41 Europe/Berlin] Query executed successfully. Found 0 rows
[23-Apr-2025 09:49:41 Europe/Berlin] Users table created or already exists
[23-Apr-2025 09:49:41 Europe/Berlin] Users table structure: [{"Field":"id","Type":"int(11)","Null":"NO","Key":"PRI","Default":null,"Extra":"auto_increment"},{"Field":"username","Type":"varchar(50)","Null":"NO","Key":"","Default":null,"Extra":""},{"Field":"email","Type":"varchar(100)","Null":"NO","Key":"UNI","Default":null,"Extra":""},{"Field":"password","Type":"varchar(255)","Null":"NO","Key":"","Default":null,"Extra":""},{"Field":"role","Type":"enum('user','admin')","Null":"YES","Key":"","Default":"user","Extra":""},{"Field":"verification_code","Type":"varchar(100)","Null":"YES","Key":"","Default":null,"Extra":""},{"Field":"is_verified","Type":"tinyint(1)","Null":"YES","Key":"","Default":"0","Extra":""},{"Field":"created_at","Type":"timestamp","Null":"NO","Key":"","Default":"current_timestamp()","Extra":""},{"Field":"favorite_sport","Type":"varchar(50)","Null":"YES","Key":"","Default":null,"Extra":""},{"Field":"favorite_team","Type":"varchar(50)","Null":"YES","Key":"","Default":null,"Extra":""},{"Field":"account_type","Type":"enum('user','admin')","Null":"YES","Key":"","Default":"user","Extra":""}]
[23-Apr-2025 09:49:41 Europe/Berlin] Number of users in database: 13
[23-Apr-2025 09:49:41 Europe/Berlin] All tables initialized successfully
[23-Apr-2025 09:49:41 Europe/Berlin] Database tables initialized successfully
[23-Apr-2025 09:49:41 Europe/Berlin] Executing SQL: SELECT * FROM users WHERE id = :id
[23-Apr-2025 09:49:41 Europe/Berlin] With params: {":id":12}
[23-Apr-2025 09:49:41 Europe/Berlin] Query executed successfully. Found 1 rows
[23-Apr-2025 09:49:41 Europe/Berlin] User loaded from session: varunpndey
[23-Apr-2025 09:49:41 Europe/Berlin] Executing SQL: SELECT * FROM users WHERE id = :id
[23-Apr-2025 09:49:41 Europe/Berlin] With params: {":id":12}
[23-Apr-2025 09:49:41 Europe/Berlin] Query executed successfully. Found 1 rows
[23-Apr-2025 09:49:41 Europe/Berlin] Executing SQL: SELECT * FROM news ORDER BY created_at DESC
[23-Apr-2025 09:49:41 Europe/Berlin] With params: []
[23-Apr-2025 09:49:41 Europe/Berlin] Query executed successfully. Found 13 rows
[23-Apr-2025 09:49:41 Europe/Berlin] Executing SQL: SELECT * FROM feedback ORDER BY created_at DESC
[23-Apr-2025 09:49:41 Europe/Berlin] With params: []
[23-Apr-2025 09:49:41 Europe/Berlin] Query executed successfully. Found 10 rows
[23-Apr-2025 09:49:41 Europe/Berlin] Executing SQL: UPDATE feedback SET status = :status WHERE id = :id
[23-Apr-2025 09:49:41 Europe/Berlin] With params: {":status":"read",":id":"10"}
[23-Apr-2025 09:49:41 Europe/Berlin] Error in executeQuery: SQLSTATE[42S22]: Column not found: 1054 Unknown column 'status' in 'field list'
[23-Apr-2025 09:49:41 Europe/Berlin] Executing SQL: SELECT * FROM matches WHERE status = 'live'
[23-Apr-2025 09:49:41 Europe/Berlin] With params: []
[23-Apr-2025 09:49:41 Europe/Berlin] Query executed successfully. Found 2 rows
[23-Apr-2025 09:49:41 Europe/Berlin] Executing SQL: SELECT * FROM matches WHERE 1=1 ORDER BY match_time DESC
[23-Apr-2025 09:49:41 Europe/Berlin] With params: []
[23-Apr-2025 09:49:41 Europe/Berlin] Query executed successfully. Found 8 rows
[23-Apr-2025 09:49:41 Europe/Berlin] PHP Warning:  Undefined array key "status" in /Applications/XAMPP/xamppfiles/htdocs/sportsync/public/admin.php on line 869
[23-Apr-2025 09:49:41 Europe/Berlin] PHP Warning:  Undefined array key "status" in /Applications/XAMPP/xamppfiles/htdocs/sportsync/public/admin.php on line 870
[23-Apr-2025 09:49:41 Europe/Berlin] PHP Warning:  Undefined array key "status" in /Applications/XAMPP/xamppfiles/htdocs/sportsync/public/admin.php on line 871
[23-Apr-2025 09:49:41 Europe/Berlin] PHP Warning:  Undefined array key "status" in /Applications/XAMPP/xamppfiles/htdocs/sportsync/public/admin.php on line 869
[23-Apr-2025 09:49:41 Europe/Berlin] PHP Warning:  Undefined array key "status" in /Applications/XAMPP/xamppfiles/htdocs/sportsync/public/admin.php on line 870
[23-Apr-2025 09:49:41 Europe/Berlin] PHP Warning:  Undefined array key "status" in /Applications/XAMPP/xamppfiles/htdocs/sportsync/public/admin.php on line 871
[23-Apr-2025 09:49:41 Europe/Berlin] PHP Warning:  Undefined array key "status" in /Applications/XAMPP/xamppfiles/htdocs/sportsync/public/admin.php on line 869
[23-Apr-2025 09:49:41 Europe/Berlin] PHP Warning:  Undefined array key "status" in /Applications/XAMPP/xamppfiles/htdocs/sportsync/public/admin.php on line 870
[23-Apr-2025 09:49:41 Europe/Berlin] PHP Warning:  Undefined array key "status" in /Applications/XAMPP/xamppfiles/htdocs/sportsync/public/admin.php on line 871
[23-Apr-2025 09:49:41 Europe/Berlin] PHP Warning:  Undefined array key "status" in /Applications/XAMPP/xamppfiles/htdocs/sportsync/public/admin.php on line 869
[23-Apr-2025 09:49:41 Europe/Berlin] PHP Warning:  Undefined array key "status" in /Applications/XAMPP/xamppfiles/htdocs/sportsync/public/admin.php on line 870
[23-Apr-2025 09:49:41 Europe/Berlin] PHP Warning:  Undefined array key "status" in /Applications/XAMPP/xamppfiles/htdocs/sportsync/public/admin.php on line 871
[23-Apr-2025 09:49:41 Europe/Berlin] PHP Warning:  Undefined array key "status" in /Applications/XAMPP/xamppfiles/htdocs/sportsync/public/admin.php on line 869
[23-Apr-2025 09:49:41 Europe/Berlin] PHP Warning:  Undefined array key "status" in /Applications/XAMPP/xamppfiles/htdocs/sportsync/public/admin.php on line 870
[23-Apr-2025 09:49:41 Europe/Berlin] PHP Warning:  Undefined array key "status" in /Applications/XAMPP/xamppfiles/htdocs/sportsync/public/admin.php on line 871
[23-Apr-2025 09:49:41 Europe/Berlin] PHP Warning:  Undefined array key "status" in /Applications/XAMPP/xamppfiles/htdocs/sportsync/public/admin.php on line 869
[23-Apr-2025 09:49:41 Europe/Berlin] PHP Warning:  Undefined array key "status" in /Applications/XAMPP/xamppfiles/htdocs/sportsync/public/admin.php on line 870
[23-Apr-2025 09:49:41 Europe/Berlin] PHP Warning:  Undefined array key "status" in /Applications/XAMPP/xamppfiles/htdocs/sportsync/public/admin.php on line 871
[23-Apr-2025 09:49:41 Europe/Berlin] PHP Warning:  Undefined array key "status" in /Applications/XAMPP/xamppfiles/htdocs/sportsync/public/admin.php on line 869
[23-Apr-2025 09:49:41 Europe/Berlin] PHP Warning:  Undefined array key "status" in /Applications/XAMPP/xamppfiles/htdocs/sportsync/public/admin.php on line 870
[23-Apr-2025 09:49:41 Europe/Berlin] PHP Warning:  Undefined array key "status" in /Applications/XAMPP/xamppfiles/htdocs/sportsync/public/admin.php on line 871
[23-Apr-2025 09:49:41 Europe/Berlin] PHP Warning:  Undefined array key "status" in /Applications/XAMPP/xamppfiles/htdocs/sportsync/public/admin.php on line 869
[23-Apr-2025 09:49:41 Europe/Berlin] PHP Warning:  Undefined array key "status" in /Applications/XAMPP/xamppfiles/htdocs/sportsync/public/admin.php on line 870
[23-Apr-2025 09:49:41 Europe/Berlin] PHP Warning:  Undefined array key "status" in /Applications/XAMPP/xamppfiles/htdocs/sportsync/public/admin.php on line 871
[23-Apr-2025 09:49:41 Europe/Berlin] PHP Warning:  Undefined array key "status" in /Applications/XAMPP/xamppfiles/htdocs/sportsync/public/admin.php on line 869
[23-Apr-2025 09:49:41 Europe/Berlin] PHP Warning:  Undefined array key "status" in /Applications/XAMPP/xamppfiles/htdocs/sportsync/public/admin.php on line 870
[23-Apr-2025 09:49:41 Europe/Berlin] PHP Warning:  Undefined array key "status" in /Applications/XAMPP/xamppfiles/htdocs/sportsync/public/admin.php on line 871
[23-Apr-2025 09:49:41 Europe/Berlin] PHP Warning:  Undefined array key "status" in /Applications/XAMPP/xamppfiles/htdocs/sportsync/public/admin.php on line 869
[23-Apr-2025 09:49:41 Europe/Berlin] PHP Warning:  Undefined array key "status" in /Applications/XAMPP/xamppfiles/htdocs/sportsync/public/admin.php on line 870
[23-Apr-2025 09:49:41 Europe/Berlin] PHP Warning:  Undefined array key "status" in /Applications/XAMPP/xamppfiles/htdocs/sportsync/public/admin.php on line 871
[23-Apr-2025 09:49:45 Europe/Berlin] Connected to database. Tables found: favorites, feedback, matches, matches_backup, matches_new, news, newsletter, notifications, players, subscriptions, users
[23-Apr-2025 09:49:45 Europe/Berlin] Executing SQL: CREATE TABLE IF NOT EXISTS users (
                id INT AUTO_INCREMENT PRIMARY KEY,
                username VARCHAR(50) NOT NULL UNIQUE,
                password VARCHAR(255) NOT NULL,
                email VARCHAR(100) NOT NULL UNIQUE,
                account_type ENUM('user', 'admin') DEFAULT 'user',
                created_at TIMESTAMP DEFAULT CURRENT_TIMESTAMP
            )
[23-Apr-2025 09:49:45 Europe/Berlin] With params: []
[23-Apr-2025 09:49:45 Europe/Berlin] Query executed successfully. Found 0 rows
[23-Apr-2025 09:49:45 Europe/Berlin] Users table created or already exists
[23-Apr-2025 09:49:45 Europe/Berlin] Users table structure: [{"Field":"id","Type":"int(11)","Null":"NO","Key":"PRI","Default":null,"Extra":"auto_increment"},{"Field":"username","Type":"varchar(50)","Null":"NO","Key":"","Default":null,"Extra":""},{"Field":"email","Type":"varchar(100)","Null":"NO","Key":"UNI","Default":null,"Extra":""},{"Field":"password","Type":"varchar(255)","Null":"NO","Key":"","Default":null,"Extra":""},{"Field":"role","Type":"enum('user','admin')","Null":"YES","Key":"","Default":"user","Extra":""},{"Field":"verification_code","Type":"varchar(100)","Null":"YES","Key":"","Default":null,"Extra":""},{"Field":"is_verified","Type":"tinyint(1)","Null":"YES","Key":"","Default":"0","Extra":""},{"Field":"created_at","Type":"timestamp","Null":"NO","Key":"","Default":"current_timestamp()","Extra":""},{"Field":"favorite_sport","Type":"varchar(50)","Null":"YES","Key":"","Default":null,"Extra":""},{"Field":"favorite_team","Type":"varchar(50)","Null":"YES","Key":"","Default":null,"Extra":""},{"Field":"account_type","Type":"enum('user','admin')","Null":"YES","Key":"","Default":"user","Extra":""}]
[23-Apr-2025 09:49:45 Europe/Berlin] Number of users in database: 13
[23-Apr-2025 09:49:45 Europe/Berlin] All tables initialized successfully
[23-Apr-2025 09:49:45 Europe/Berlin] Executing SQL: SELECT * FROM matches WHERE id = :id
[23-Apr-2025 09:49:45 Europe/Berlin] With params: {":id":"11"}
[23-Apr-2025 09:49:45 Europe/Berlin] Query executed successfully. Found 1 rows
[23-Apr-2025 09:49:45 Europe/Berlin] Executing SQL: DELETE FROM matches WHERE id = :id
[23-Apr-2025 09:49:45 Europe/Berlin] With params: {":id":"11"}
[23-Apr-2025 09:49:45 Europe/Berlin] Query executed successfully. Found 0 rows
[23-Apr-2025 09:49:47 Europe/Berlin] Connected to database. Tables found: favorites, feedback, matches, matches_backup, matches_new, news, newsletter, notifications, players, subscriptions, users
[23-Apr-2025 09:49:47 Europe/Berlin] Executing SQL: CREATE TABLE IF NOT EXISTS users (
                id INT AUTO_INCREMENT PRIMARY KEY,
                username VARCHAR(50) NOT NULL UNIQUE,
                password VARCHAR(255) NOT NULL,
                email VARCHAR(100) NOT NULL UNIQUE,
                account_type ENUM('user', 'admin') DEFAULT 'user',
                created_at TIMESTAMP DEFAULT CURRENT_TIMESTAMP
            )
[23-Apr-2025 09:49:47 Europe/Berlin] With params: []
[23-Apr-2025 09:49:47 Europe/Berlin] Query executed successfully. Found 0 rows
[23-Apr-2025 09:49:47 Europe/Berlin] Users table created or already exists
[23-Apr-2025 09:49:47 Europe/Berlin] Users table structure: [{"Field":"id","Type":"int(11)","Null":"NO","Key":"PRI","Default":null,"Extra":"auto_increment"},{"Field":"username","Type":"varchar(50)","Null":"NO","Key":"","Default":null,"Extra":""},{"Field":"email","Type":"varchar(100)","Null":"NO","Key":"UNI","Default":null,"Extra":""},{"Field":"password","Type":"varchar(255)","Null":"NO","Key":"","Default":null,"Extra":""},{"Field":"role","Type":"enum('user','admin')","Null":"YES","Key":"","Default":"user","Extra":""},{"Field":"verification_code","Type":"varchar(100)","Null":"YES","Key":"","Default":null,"Extra":""},{"Field":"is_verified","Type":"tinyint(1)","Null":"YES","Key":"","Default":"0","Extra":""},{"Field":"created_at","Type":"timestamp","Null":"NO","Key":"","Default":"current_timestamp()","Extra":""},{"Field":"favorite_sport","Type":"varchar(50)","Null":"YES","Key":"","Default":null,"Extra":""},{"Field":"favorite_team","Type":"varchar(50)","Null":"YES","Key":"","Default":null,"Extra":""},{"Field":"account_type","Type":"enum('user','admin')","Null":"YES","Key":"","Default":"user","Extra":""}]
[23-Apr-2025 09:49:47 Europe/Berlin] Number of users in database: 13
[23-Apr-2025 09:49:47 Europe/Berlin] All tables initialized successfully
[23-Apr-2025 09:49:47 Europe/Berlin] Executing SQL: SELECT * FROM matches WHERE id = :id
[23-Apr-2025 09:49:47 Europe/Berlin] With params: {":id":"12"}
[23-Apr-2025 09:49:47 Europe/Berlin] Query executed successfully. Found 1 rows
[23-Apr-2025 09:49:47 Europe/Berlin] Executing SQL: DELETE FROM matches WHERE id = :id
[23-Apr-2025 09:49:47 Europe/Berlin] With params: {":id":"12"}
[23-Apr-2025 09:49:47 Europe/Berlin] Query executed successfully. Found 0 rows
[23-Apr-2025 09:49:47 Europe/Berlin] Connected to database. Tables found: favorites, feedback, matches, matches_backup, matches_new, news, newsletter, notifications, players, subscriptions, users
[23-Apr-2025 09:49:47 Europe/Berlin] Executing SQL: CREATE TABLE IF NOT EXISTS users (
                id INT AUTO_INCREMENT PRIMARY KEY,
                username VARCHAR(50) NOT NULL UNIQUE,
                password VARCHAR(255) NOT NULL,
                email VARCHAR(100) NOT NULL UNIQUE,
                account_type ENUM('user', 'admin') DEFAULT 'user',
                created_at TIMESTAMP DEFAULT CURRENT_TIMESTAMP
            )
[23-Apr-2025 09:49:47 Europe/Berlin] With params: []
[23-Apr-2025 09:49:47 Europe/Berlin] Query executed successfully. Found 0 rows
[23-Apr-2025 09:49:47 Europe/Berlin] Users table created or already exists
[23-Apr-2025 09:49:47 Europe/Berlin] Users table structure: [{"Field":"id","Type":"int(11)","Null":"NO","Key":"PRI","Default":null,"Extra":"auto_increment"},{"Field":"username","Type":"varchar(50)","Null":"NO","Key":"","Default":null,"Extra":""},{"Field":"email","Type":"varchar(100)","Null":"NO","Key":"UNI","Default":null,"Extra":""},{"Field":"password","Type":"varchar(255)","Null":"NO","Key":"","Default":null,"Extra":""},{"Field":"role","Type":"enum('user','admin')","Null":"YES","Key":"","Default":"user","Extra":""},{"Field":"verification_code","Type":"varchar(100)","Null":"YES","Key":"","Default":null,"Extra":""},{"Field":"is_verified","Type":"tinyint(1)","Null":"YES","Key":"","Default":"0","Extra":""},{"Field":"created_at","Type":"timestamp","Null":"NO","Key":"","Default":"current_timestamp()","Extra":""},{"Field":"favorite_sport","Type":"varchar(50)","Null":"YES","Key":"","Default":null,"Extra":""},{"Field":"favorite_team","Type":"varchar(50)","Null":"YES","Key":"","Default":null,"Extra":""},{"Field":"account_type","Type":"enum('user','admin')","Null":"YES","Key":"","Default":"user","Extra":""}]
[23-Apr-2025 09:49:47 Europe/Berlin] Number of users in database: 13
[23-Apr-2025 09:49:47 Europe/Berlin] All tables initialized successfully
[23-Apr-2025 09:49:47 Europe/Berlin] Connected to database. Tables found: favorites, feedback, matches, matches_backup, matches_new, news, newsletter, notifications, players, subscriptions, users
[23-Apr-2025 09:49:47 Europe/Berlin] Executing SQL: CREATE TABLE IF NOT EXISTS users (
                id INT AUTO_INCREMENT PRIMARY KEY,
                username VARCHAR(50) NOT NULL UNIQUE,
                password VARCHAR(255) NOT NULL,
                email VARCHAR(100) NOT NULL UNIQUE,
                account_type ENUM('user', 'admin') DEFAULT 'user',
                created_at TIMESTAMP DEFAULT CURRENT_TIMESTAMP
            )
[23-Apr-2025 09:49:47 Europe/Berlin] With params: []
[23-Apr-2025 09:49:47 Europe/Berlin] Query executed successfully. Found 0 rows
[23-Apr-2025 09:49:47 Europe/Berlin] Users table created or already exists
[23-Apr-2025 09:49:47 Europe/Berlin] Users table structure: [{"Field":"id","Type":"int(11)","Null":"NO","Key":"PRI","Default":null,"Extra":"auto_increment"},{"Field":"username","Type":"varchar(50)","Null":"NO","Key":"","Default":null,"Extra":""},{"Field":"email","Type":"varchar(100)","Null":"NO","Key":"UNI","Default":null,"Extra":""},{"Field":"password","Type":"varchar(255)","Null":"NO","Key":"","Default":null,"Extra":""},{"Field":"role","Type":"enum('user','admin')","Null":"YES","Key":"","Default":"user","Extra":""},{"Field":"verification_code","Type":"varchar(100)","Null":"YES","Key":"","Default":null,"Extra":""},{"Field":"is_verified","Type":"tinyint(1)","Null":"YES","Key":"","Default":"0","Extra":""},{"Field":"created_at","Type":"timestamp","Null":"NO","Key":"","Default":"current_timestamp()","Extra":""},{"Field":"favorite_sport","Type":"varchar(50)","Null":"YES","Key":"","Default":null,"Extra":""},{"Field":"favorite_team","Type":"varchar(50)","Null":"YES","Key":"","Default":null,"Extra":""},{"Field":"account_type","Type":"enum('user','admin')","Null":"YES","Key":"","Default":"user","Extra":""}]
[23-Apr-2025 09:49:47 Europe/Berlin] Number of users in database: 13
[23-Apr-2025 09:49:47 Europe/Berlin] All tables initialized successfully
[23-Apr-2025 09:49:47 Europe/Berlin] Database tables initialized successfully
[23-Apr-2025 09:49:47 Europe/Berlin] Executing SQL: SELECT * FROM users WHERE id = :id
[23-Apr-2025 09:49:47 Europe/Berlin] With params: {":id":12}
[23-Apr-2025 09:49:47 Europe/Berlin] Query executed successfully. Found 1 rows
[23-Apr-2025 09:49:47 Europe/Berlin] User loaded from session: varunpndey
[23-Apr-2025 09:49:47 Europe/Berlin] Executing SQL: SELECT * FROM users WHERE id = :id
[23-Apr-2025 09:49:47 Europe/Berlin] With params: {":id":12}
[23-Apr-2025 09:49:47 Europe/Berlin] Query executed successfully. Found 1 rows
[23-Apr-2025 09:49:47 Europe/Berlin] Executing SQL: SELECT * FROM news ORDER BY created_at DESC
[23-Apr-2025 09:49:47 Europe/Berlin] With params: []
[23-Apr-2025 09:49:47 Europe/Berlin] Query executed successfully. Found 13 rows
[23-Apr-2025 09:49:47 Europe/Berlin] Executing SQL: SELECT * FROM feedback ORDER BY created_at DESC
[23-Apr-2025 09:49:47 Europe/Berlin] With params: []
[23-Apr-2025 09:49:47 Europe/Berlin] Query executed successfully. Found 10 rows
[23-Apr-2025 09:49:47 Europe/Berlin] Executing SQL: UPDATE feedback SET status = :status WHERE id = :id
[23-Apr-2025 09:49:47 Europe/Berlin] With params: {":status":"read",":id":"10"}
[23-Apr-2025 09:49:47 Europe/Berlin] Error in executeQuery: SQLSTATE[42S22]: Column not found: 1054 Unknown column 'status' in 'field list'
[23-Apr-2025 09:49:47 Europe/Berlin] Executing SQL: SELECT * FROM matches WHERE status = 'live'
[23-Apr-2025 09:49:47 Europe/Berlin] With params: []
[23-Apr-2025 09:49:47 Europe/Berlin] Query executed successfully. Found 1 rows
[23-Apr-2025 09:49:47 Europe/Berlin] Executing SQL: SELECT * FROM matches WHERE 1=1 ORDER BY match_time DESC
[23-Apr-2025 09:49:47 Europe/Berlin] With params: []
[23-Apr-2025 09:49:47 Europe/Berlin] Query executed successfully. Found 6 rows
[23-Apr-2025 09:49:47 Europe/Berlin] PHP Warning:  Undefined array key "status" in /Applications/XAMPP/xamppfiles/htdocs/sportsync/public/admin.php on line 869
[23-Apr-2025 09:49:47 Europe/Berlin] PHP Warning:  Undefined array key "status" in /Applications/XAMPP/xamppfiles/htdocs/sportsync/public/admin.php on line 870
[23-Apr-2025 09:49:47 Europe/Berlin] PHP Warning:  Undefined array key "status" in /Applications/XAMPP/xamppfiles/htdocs/sportsync/public/admin.php on line 871
[23-Apr-2025 09:49:47 Europe/Berlin] PHP Warning:  Undefined array key "status" in /Applications/XAMPP/xamppfiles/htdocs/sportsync/public/admin.php on line 869
[23-Apr-2025 09:49:47 Europe/Berlin] PHP Warning:  Undefined array key "status" in /Applications/XAMPP/xamppfiles/htdocs/sportsync/public/admin.php on line 870
[23-Apr-2025 09:49:47 Europe/Berlin] PHP Warning:  Undefined array key "status" in /Applications/XAMPP/xamppfiles/htdocs/sportsync/public/admin.php on line 871
[23-Apr-2025 09:49:47 Europe/Berlin] PHP Warning:  Undefined array key "status" in /Applications/XAMPP/xamppfiles/htdocs/sportsync/public/admin.php on line 869
[23-Apr-2025 09:49:47 Europe/Berlin] PHP Warning:  Undefined array key "status" in /Applications/XAMPP/xamppfiles/htdocs/sportsync/public/admin.php on line 870
[23-Apr-2025 09:49:47 Europe/Berlin] PHP Warning:  Undefined array key "status" in /Applications/XAMPP/xamppfiles/htdocs/sportsync/public/admin.php on line 871
[23-Apr-2025 09:49:47 Europe/Berlin] PHP Warning:  Undefined array key "status" in /Applications/XAMPP/xamppfiles/htdocs/sportsync/public/admin.php on line 869
[23-Apr-2025 09:49:47 Europe/Berlin] PHP Warning:  Undefined array key "status" in /Applications/XAMPP/xamppfiles/htdocs/sportsync/public/admin.php on line 870
[23-Apr-2025 09:49:47 Europe/Berlin] PHP Warning:  Undefined array key "status" in /Applications/XAMPP/xamppfiles/htdocs/sportsync/public/admin.php on line 871
[23-Apr-2025 09:49:47 Europe/Berlin] PHP Warning:  Undefined array key "status" in /Applications/XAMPP/xamppfiles/htdocs/sportsync/public/admin.php on line 869
[23-Apr-2025 09:49:47 Europe/Berlin] PHP Warning:  Undefined array key "status" in /Applications/XAMPP/xamppfiles/htdocs/sportsync/public/admin.php on line 870
[23-Apr-2025 09:49:47 Europe/Berlin] PHP Warning:  Undefined array key "status" in /Applications/XAMPP/xamppfiles/htdocs/sportsync/public/admin.php on line 871
[23-Apr-2025 09:49:47 Europe/Berlin] PHP Warning:  Undefined array key "status" in /Applications/XAMPP/xamppfiles/htdocs/sportsync/public/admin.php on line 869
[23-Apr-2025 09:49:47 Europe/Berlin] PHP Warning:  Undefined array key "status" in /Applications/XAMPP/xamppfiles/htdocs/sportsync/public/admin.php on line 870
[23-Apr-2025 09:49:47 Europe/Berlin] PHP Warning:  Undefined array key "status" in /Applications/XAMPP/xamppfiles/htdocs/sportsync/public/admin.php on line 871
[23-Apr-2025 09:49:47 Europe/Berlin] PHP Warning:  Undefined array key "status" in /Applications/XAMPP/xamppfiles/htdocs/sportsync/public/admin.php on line 869
[23-Apr-2025 09:49:47 Europe/Berlin] PHP Warning:  Undefined array key "status" in /Applications/XAMPP/xamppfiles/htdocs/sportsync/public/admin.php on line 870
[23-Apr-2025 09:49:47 Europe/Berlin] PHP Warning:  Undefined array key "status" in /Applications/XAMPP/xamppfiles/htdocs/sportsync/public/admin.php on line 871
[23-Apr-2025 09:49:47 Europe/Berlin] PHP Warning:  Undefined array key "status" in /Applications/XAMPP/xamppfiles/htdocs/sportsync/public/admin.php on line 869
[23-Apr-2025 09:49:47 Europe/Berlin] PHP Warning:  Undefined array key "status" in /Applications/XAMPP/xamppfiles/htdocs/sportsync/public/admin.php on line 870
[23-Apr-2025 09:49:47 Europe/Berlin] PHP Warning:  Undefined array key "status" in /Applications/XAMPP/xamppfiles/htdocs/sportsync/public/admin.php on line 871
[23-Apr-2025 09:49:47 Europe/Berlin] PHP Warning:  Undefined array key "status" in /Applications/XAMPP/xamppfiles/htdocs/sportsync/public/admin.php on line 869
[23-Apr-2025 09:49:47 Europe/Berlin] PHP Warning:  Undefined array key "status" in /Applications/XAMPP/xamppfiles/htdocs/sportsync/public/admin.php on line 870
[23-Apr-2025 09:49:47 Europe/Berlin] PHP Warning:  Undefined array key "status" in /Applications/XAMPP/xamppfiles/htdocs/sportsync/public/admin.php on line 871
[23-Apr-2025 09:49:47 Europe/Berlin] PHP Warning:  Undefined array key "status" in /Applications/XAMPP/xamppfiles/htdocs/sportsync/public/admin.php on line 869
[23-Apr-2025 09:49:47 Europe/Berlin] PHP Warning:  Undefined array key "status" in /Applications/XAMPP/xamppfiles/htdocs/sportsync/public/admin.php on line 870
[23-Apr-2025 09:49:47 Europe/Berlin] PHP Warning:  Undefined array key "status" in /Applications/XAMPP/xamppfiles/htdocs/sportsync/public/admin.php on line 871
[23-Apr-2025 09:49:50 Europe/Berlin] Connected to database. Tables found: favorites, feedback, matches, matches_backup, matches_new, news, newsletter, notifications, players, subscriptions, users
[23-Apr-2025 09:49:50 Europe/Berlin] Executing SQL: CREATE TABLE IF NOT EXISTS users (
                id INT AUTO_INCREMENT PRIMARY KEY,
                username VARCHAR(50) NOT NULL UNIQUE,
                password VARCHAR(255) NOT NULL,
                email VARCHAR(100) NOT NULL UNIQUE,
                account_type ENUM('user', 'admin') DEFAULT 'user',
                created_at TIMESTAMP DEFAULT CURRENT_TIMESTAMP
            )
[23-Apr-2025 09:49:50 Europe/Berlin] With params: []
[23-Apr-2025 09:49:50 Europe/Berlin] Query executed successfully. Found 0 rows
[23-Apr-2025 09:49:50 Europe/Berlin] Users table created or already exists
[23-Apr-2025 09:49:50 Europe/Berlin] Users table structure: [{"Field":"id","Type":"int(11)","Null":"NO","Key":"PRI","Default":null,"Extra":"auto_increment"},{"Field":"username","Type":"varchar(50)","Null":"NO","Key":"","Default":null,"Extra":""},{"Field":"email","Type":"varchar(100)","Null":"NO","Key":"UNI","Default":null,"Extra":""},{"Field":"password","Type":"varchar(255)","Null":"NO","Key":"","Default":null,"Extra":""},{"Field":"role","Type":"enum('user','admin')","Null":"YES","Key":"","Default":"user","Extra":""},{"Field":"verification_code","Type":"varchar(100)","Null":"YES","Key":"","Default":null,"Extra":""},{"Field":"is_verified","Type":"tinyint(1)","Null":"YES","Key":"","Default":"0","Extra":""},{"Field":"created_at","Type":"timestamp","Null":"NO","Key":"","Default":"current_timestamp()","Extra":""},{"Field":"favorite_sport","Type":"varchar(50)","Null":"YES","Key":"","Default":null,"Extra":""},{"Field":"favorite_team","Type":"varchar(50)","Null":"YES","Key":"","Default":null,"Extra":""},{"Field":"account_type","Type":"enum('user','admin')","Null":"YES","Key":"","Default":"user","Extra":""}]
[23-Apr-2025 09:49:50 Europe/Berlin] Number of users in database: 13
[23-Apr-2025 09:49:50 Europe/Berlin] All tables initialized successfully
[23-Apr-2025 09:49:50 Europe/Berlin] Executing SQL: SELECT * FROM matches WHERE id = :id
[23-Apr-2025 09:49:50 Europe/Berlin] With params: {":id":"17"}
[23-Apr-2025 09:49:50 Europe/Berlin] Query executed successfully. Found 1 rows
[23-Apr-2025 09:49:50 Europe/Berlin] Executing SQL: DELETE FROM matches WHERE id = :id
[23-Apr-2025 09:49:50 Europe/Berlin] With params: {":id":"17"}
[23-Apr-2025 09:49:50 Europe/Berlin] Query executed successfully. Found 0 rows
[23-Apr-2025 09:49:53 Europe/Berlin] Connected to database. Tables found: favorites, feedback, matches, matches_backup, matches_new, news, newsletter, notifications, players, subscriptions, users
[23-Apr-2025 09:49:53 Europe/Berlin] Executing SQL: CREATE TABLE IF NOT EXISTS users (
                id INT AUTO_INCREMENT PRIMARY KEY,
                username VARCHAR(50) NOT NULL UNIQUE,
                password VARCHAR(255) NOT NULL,
                email VARCHAR(100) NOT NULL UNIQUE,
                account_type ENUM('user', 'admin') DEFAULT 'user',
                created_at TIMESTAMP DEFAULT CURRENT_TIMESTAMP
            )
[23-Apr-2025 09:49:53 Europe/Berlin] With params: []
[23-Apr-2025 09:49:53 Europe/Berlin] Query executed successfully. Found 0 rows
[23-Apr-2025 09:49:53 Europe/Berlin] Users table created or already exists
[23-Apr-2025 09:49:53 Europe/Berlin] Users table structure: [{"Field":"id","Type":"int(11)","Null":"NO","Key":"PRI","Default":null,"Extra":"auto_increment"},{"Field":"username","Type":"varchar(50)","Null":"NO","Key":"","Default":null,"Extra":""},{"Field":"email","Type":"varchar(100)","Null":"NO","Key":"UNI","Default":null,"Extra":""},{"Field":"password","Type":"varchar(255)","Null":"NO","Key":"","Default":null,"Extra":""},{"Field":"role","Type":"enum('user','admin')","Null":"YES","Key":"","Default":"user","Extra":""},{"Field":"verification_code","Type":"varchar(100)","Null":"YES","Key":"","Default":null,"Extra":""},{"Field":"is_verified","Type":"tinyint(1)","Null":"YES","Key":"","Default":"0","Extra":""},{"Field":"created_at","Type":"timestamp","Null":"NO","Key":"","Default":"current_timestamp()","Extra":""},{"Field":"favorite_sport","Type":"varchar(50)","Null":"YES","Key":"","Default":null,"Extra":""},{"Field":"favorite_team","Type":"varchar(50)","Null":"YES","Key":"","Default":null,"Extra":""},{"Field":"account_type","Type":"enum('user','admin')","Null":"YES","Key":"","Default":"user","Extra":""}]
[23-Apr-2025 09:49:53 Europe/Berlin] Number of users in database: 13
[23-Apr-2025 09:49:53 Europe/Berlin] All tables initialized successfully
[23-Apr-2025 09:49:53 Europe/Berlin] Executing SQL: SELECT * FROM matches WHERE id = :id
[23-Apr-2025 09:49:53 Europe/Berlin] With params: {":id":"13"}
[23-Apr-2025 09:49:53 Europe/Berlin] Query executed successfully. Found 1 rows
[23-Apr-2025 09:49:53 Europe/Berlin] Executing SQL: DELETE FROM matches WHERE id = :id
[23-Apr-2025 09:49:53 Europe/Berlin] With params: {":id":"13"}
[23-Apr-2025 09:49:53 Europe/Berlin] Query executed successfully. Found 0 rows
[23-Apr-2025 09:49:53 Europe/Berlin] Connected to database. Tables found: favorites, feedback, matches, matches_backup, matches_new, news, newsletter, notifications, players, subscriptions, users
[23-Apr-2025 09:49:53 Europe/Berlin] Executing SQL: CREATE TABLE IF NOT EXISTS users (
                id INT AUTO_INCREMENT PRIMARY KEY,
                username VARCHAR(50) NOT NULL UNIQUE,
                password VARCHAR(255) NOT NULL,
                email VARCHAR(100) NOT NULL UNIQUE,
                account_type ENUM('user', 'admin') DEFAULT 'user',
                created_at TIMESTAMP DEFAULT CURRENT_TIMESTAMP
            )
[23-Apr-2025 09:49:53 Europe/Berlin] With params: []
[23-Apr-2025 09:49:53 Europe/Berlin] Query executed successfully. Found 0 rows
[23-Apr-2025 09:49:53 Europe/Berlin] Users table created or already exists
[23-Apr-2025 09:49:53 Europe/Berlin] Users table structure: [{"Field":"id","Type":"int(11)","Null":"NO","Key":"PRI","Default":null,"Extra":"auto_increment"},{"Field":"username","Type":"varchar(50)","Null":"NO","Key":"","Default":null,"Extra":""},{"Field":"email","Type":"varchar(100)","Null":"NO","Key":"UNI","Default":null,"Extra":""},{"Field":"password","Type":"varchar(255)","Null":"NO","Key":"","Default":null,"Extra":""},{"Field":"role","Type":"enum('user','admin')","Null":"YES","Key":"","Default":"user","Extra":""},{"Field":"verification_code","Type":"varchar(100)","Null":"YES","Key":"","Default":null,"Extra":""},{"Field":"is_verified","Type":"tinyint(1)","Null":"YES","Key":"","Default":"0","Extra":""},{"Field":"created_at","Type":"timestamp","Null":"NO","Key":"","Default":"current_timestamp()","Extra":""},{"Field":"favorite_sport","Type":"varchar(50)","Null":"YES","Key":"","Default":null,"Extra":""},{"Field":"favorite_team","Type":"varchar(50)","Null":"YES","Key":"","Default":null,"Extra":""},{"Field":"account_type","Type":"enum('user','admin')","Null":"YES","Key":"","Default":"user","Extra":""}]
[23-Apr-2025 09:49:53 Europe/Berlin] Number of users in database: 13
[23-Apr-2025 09:49:53 Europe/Berlin] All tables initialized successfully
[23-Apr-2025 09:49:53 Europe/Berlin] Connected to database. Tables found: favorites, feedback, matches, matches_backup, matches_new, news, newsletter, notifications, players, subscriptions, users
[23-Apr-2025 09:49:53 Europe/Berlin] Executing SQL: CREATE TABLE IF NOT EXISTS users (
                id INT AUTO_INCREMENT PRIMARY KEY,
                username VARCHAR(50) NOT NULL UNIQUE,
                password VARCHAR(255) NOT NULL,
                email VARCHAR(100) NOT NULL UNIQUE,
                account_type ENUM('user', 'admin') DEFAULT 'user',
                created_at TIMESTAMP DEFAULT CURRENT_TIMESTAMP
            )
[23-Apr-2025 09:49:53 Europe/Berlin] With params: []
[23-Apr-2025 09:49:53 Europe/Berlin] Query executed successfully. Found 0 rows
[23-Apr-2025 09:49:53 Europe/Berlin] Users table created or already exists
[23-Apr-2025 09:49:53 Europe/Berlin] Users table structure: [{"Field":"id","Type":"int(11)","Null":"NO","Key":"PRI","Default":null,"Extra":"auto_increment"},{"Field":"username","Type":"varchar(50)","Null":"NO","Key":"","Default":null,"Extra":""},{"Field":"email","Type":"varchar(100)","Null":"NO","Key":"UNI","Default":null,"Extra":""},{"Field":"password","Type":"varchar(255)","Null":"NO","Key":"","Default":null,"Extra":""},{"Field":"role","Type":"enum('user','admin')","Null":"YES","Key":"","Default":"user","Extra":""},{"Field":"verification_code","Type":"varchar(100)","Null":"YES","Key":"","Default":null,"Extra":""},{"Field":"is_verified","Type":"tinyint(1)","Null":"YES","Key":"","Default":"0","Extra":""},{"Field":"created_at","Type":"timestamp","Null":"NO","Key":"","Default":"current_timestamp()","Extra":""},{"Field":"favorite_sport","Type":"varchar(50)","Null":"YES","Key":"","Default":null,"Extra":""},{"Field":"favorite_team","Type":"varchar(50)","Null":"YES","Key":"","Default":null,"Extra":""},{"Field":"account_type","Type":"enum('user','admin')","Null":"YES","Key":"","Default":"user","Extra":""}]
[23-Apr-2025 09:49:53 Europe/Berlin] Number of users in database: 13
[23-Apr-2025 09:49:53 Europe/Berlin] All tables initialized successfully
[23-Apr-2025 09:49:53 Europe/Berlin] Database tables initialized successfully
[23-Apr-2025 09:49:53 Europe/Berlin] Executing SQL: SELECT * FROM users WHERE id = :id
[23-Apr-2025 09:49:53 Europe/Berlin] With params: {":id":12}
[23-Apr-2025 09:49:53 Europe/Berlin] Query executed successfully. Found 1 rows
[23-Apr-2025 09:49:53 Europe/Berlin] User loaded from session: varunpndey
[23-Apr-2025 09:49:53 Europe/Berlin] Executing SQL: SELECT * FROM users WHERE id = :id
[23-Apr-2025 09:49:53 Europe/Berlin] With params: {":id":12}
[23-Apr-2025 09:49:53 Europe/Berlin] Query executed successfully. Found 1 rows
[23-Apr-2025 09:49:53 Europe/Berlin] Executing SQL: SELECT * FROM news ORDER BY created_at DESC
[23-Apr-2025 09:49:53 Europe/Berlin] With params: []
[23-Apr-2025 09:49:53 Europe/Berlin] Query executed successfully. Found 13 rows
[23-Apr-2025 09:49:53 Europe/Berlin] Executing SQL: SELECT * FROM feedback ORDER BY created_at DESC
[23-Apr-2025 09:49:53 Europe/Berlin] With params: []
[23-Apr-2025 09:49:53 Europe/Berlin] Query executed successfully. Found 10 rows
[23-Apr-2025 09:49:53 Europe/Berlin] Executing SQL: UPDATE feedback SET status = :status WHERE id = :id
[23-Apr-2025 09:49:53 Europe/Berlin] With params: {":status":"read",":id":"10"}
[23-Apr-2025 09:49:53 Europe/Berlin] Error in executeQuery: SQLSTATE[42S22]: Column not found: 1054 Unknown column 'status' in 'field list'
[23-Apr-2025 09:49:53 Europe/Berlin] Executing SQL: SELECT * FROM matches WHERE status = 'live'
[23-Apr-2025 09:49:53 Europe/Berlin] With params: []
[23-Apr-2025 09:49:53 Europe/Berlin] Query executed successfully. Found 0 rows
[23-Apr-2025 09:49:53 Europe/Berlin] Executing SQL: SELECT * FROM matches WHERE 1=1 ORDER BY match_time DESC
[23-Apr-2025 09:49:53 Europe/Berlin] With params: []
[23-Apr-2025 09:49:53 Europe/Berlin] Query executed successfully. Found 4 rows
[23-Apr-2025 09:49:53 Europe/Berlin] PHP Warning:  Undefined array key "status" in /Applications/XAMPP/xamppfiles/htdocs/sportsync/public/admin.php on line 869
[23-Apr-2025 09:49:53 Europe/Berlin] PHP Warning:  Undefined array key "status" in /Applications/XAMPP/xamppfiles/htdocs/sportsync/public/admin.php on line 870
[23-Apr-2025 09:49:53 Europe/Berlin] PHP Warning:  Undefined array key "status" in /Applications/XAMPP/xamppfiles/htdocs/sportsync/public/admin.php on line 871
[23-Apr-2025 09:49:53 Europe/Berlin] PHP Warning:  Undefined array key "status" in /Applications/XAMPP/xamppfiles/htdocs/sportsync/public/admin.php on line 869
[23-Apr-2025 09:49:53 Europe/Berlin] PHP Warning:  Undefined array key "status" in /Applications/XAMPP/xamppfiles/htdocs/sportsync/public/admin.php on line 870
[23-Apr-2025 09:49:53 Europe/Berlin] PHP Warning:  Undefined array key "status" in /Applications/XAMPP/xamppfiles/htdocs/sportsync/public/admin.php on line 871
[23-Apr-2025 09:49:53 Europe/Berlin] PHP Warning:  Undefined array key "status" in /Applications/XAMPP/xamppfiles/htdocs/sportsync/public/admin.php on line 869
[23-Apr-2025 09:49:53 Europe/Berlin] PHP Warning:  Undefined array key "status" in /Applications/XAMPP/xamppfiles/htdocs/sportsync/public/admin.php on line 870
[23-Apr-2025 09:49:53 Europe/Berlin] PHP Warning:  Undefined array key "status" in /Applications/XAMPP/xamppfiles/htdocs/sportsync/public/admin.php on line 871
[23-Apr-2025 09:49:53 Europe/Berlin] PHP Warning:  Undefined array key "status" in /Applications/XAMPP/xamppfiles/htdocs/sportsync/public/admin.php on line 869
[23-Apr-2025 09:49:53 Europe/Berlin] PHP Warning:  Undefined array key "status" in /Applications/XAMPP/xamppfiles/htdocs/sportsync/public/admin.php on line 870
[23-Apr-2025 09:49:53 Europe/Berlin] PHP Warning:  Undefined array key "status" in /Applications/XAMPP/xamppfiles/htdocs/sportsync/public/admin.php on line 871
[23-Apr-2025 09:49:53 Europe/Berlin] PHP Warning:  Undefined array key "status" in /Applications/XAMPP/xamppfiles/htdocs/sportsync/public/admin.php on line 869
[23-Apr-2025 09:49:53 Europe/Berlin] PHP Warning:  Undefined array key "status" in /Applications/XAMPP/xamppfiles/htdocs/sportsync/public/admin.php on line 870
[23-Apr-2025 09:49:53 Europe/Berlin] PHP Warning:  Undefined array key "status" in /Applications/XAMPP/xamppfiles/htdocs/sportsync/public/admin.php on line 871
[23-Apr-2025 09:49:53 Europe/Berlin] PHP Warning:  Undefined array key "status" in /Applications/XAMPP/xamppfiles/htdocs/sportsync/public/admin.php on line 869
[23-Apr-2025 09:49:53 Europe/Berlin] PHP Warning:  Undefined array key "status" in /Applications/XAMPP/xamppfiles/htdocs/sportsync/public/admin.php on line 870
[23-Apr-2025 09:49:53 Europe/Berlin] PHP Warning:  Undefined array key "status" in /Applications/XAMPP/xamppfiles/htdocs/sportsync/public/admin.php on line 871
[23-Apr-2025 09:49:53 Europe/Berlin] PHP Warning:  Undefined array key "status" in /Applications/XAMPP/xamppfiles/htdocs/sportsync/public/admin.php on line 869
[23-Apr-2025 09:49:53 Europe/Berlin] PHP Warning:  Undefined array key "status" in /Applications/XAMPP/xamppfiles/htdocs/sportsync/public/admin.php on line 870
[23-Apr-2025 09:49:53 Europe/Berlin] PHP Warning:  Undefined array key "status" in /Applications/XAMPP/xamppfiles/htdocs/sportsync/public/admin.php on line 871
[23-Apr-2025 09:49:53 Europe/Berlin] PHP Warning:  Undefined array key "status" in /Applications/XAMPP/xamppfiles/htdocs/sportsync/public/admin.php on line 869
[23-Apr-2025 09:49:53 Europe/Berlin] PHP Warning:  Undefined array key "status" in /Applications/XAMPP/xamppfiles/htdocs/sportsync/public/admin.php on line 870
[23-Apr-2025 09:49:53 Europe/Berlin] PHP Warning:  Undefined array key "status" in /Applications/XAMPP/xamppfiles/htdocs/sportsync/public/admin.php on line 871
[23-Apr-2025 09:49:53 Europe/Berlin] PHP Warning:  Undefined array key "status" in /Applications/XAMPP/xamppfiles/htdocs/sportsync/public/admin.php on line 869
[23-Apr-2025 09:49:53 Europe/Berlin] PHP Warning:  Undefined array key "status" in /Applications/XAMPP/xamppfiles/htdocs/sportsync/public/admin.php on line 870
[23-Apr-2025 09:49:53 Europe/Berlin] PHP Warning:  Undefined array key "status" in /Applications/XAMPP/xamppfiles/htdocs/sportsync/public/admin.php on line 871
[23-Apr-2025 09:49:53 Europe/Berlin] PHP Warning:  Undefined array key "status" in /Applications/XAMPP/xamppfiles/htdocs/sportsync/public/admin.php on line 869
[23-Apr-2025 09:49:53 Europe/Berlin] PHP Warning:  Undefined array key "status" in /Applications/XAMPP/xamppfiles/htdocs/sportsync/public/admin.php on line 870
[23-Apr-2025 09:49:53 Europe/Berlin] PHP Warning:  Undefined array key "status" in /Applications/XAMPP/xamppfiles/htdocs/sportsync/public/admin.php on line 871
[23-Apr-2025 09:49:55 Europe/Berlin] Connected to database. Tables found: favorites, feedback, matches, matches_backup, matches_new, news, newsletter, notifications, players, subscriptions, users
[23-Apr-2025 09:49:55 Europe/Berlin] Executing SQL: CREATE TABLE IF NOT EXISTS users (
                id INT AUTO_INCREMENT PRIMARY KEY,
                username VARCHAR(50) NOT NULL UNIQUE,
                password VARCHAR(255) NOT NULL,
                email VARCHAR(100) NOT NULL UNIQUE,
                account_type ENUM('user', 'admin') DEFAULT 'user',
                created_at TIMESTAMP DEFAULT CURRENT_TIMESTAMP
            )
[23-Apr-2025 09:49:55 Europe/Berlin] With params: []
[23-Apr-2025 09:49:55 Europe/Berlin] Query executed successfully. Found 0 rows
[23-Apr-2025 09:49:55 Europe/Berlin] Users table created or already exists
[23-Apr-2025 09:49:55 Europe/Berlin] Users table structure: [{"Field":"id","Type":"int(11)","Null":"NO","Key":"PRI","Default":null,"Extra":"auto_increment"},{"Field":"username","Type":"varchar(50)","Null":"NO","Key":"","Default":null,"Extra":""},{"Field":"email","Type":"varchar(100)","Null":"NO","Key":"UNI","Default":null,"Extra":""},{"Field":"password","Type":"varchar(255)","Null":"NO","Key":"","Default":null,"Extra":""},{"Field":"role","Type":"enum('user','admin')","Null":"YES","Key":"","Default":"user","Extra":""},{"Field":"verification_code","Type":"varchar(100)","Null":"YES","Key":"","Default":null,"Extra":""},{"Field":"is_verified","Type":"tinyint(1)","Null":"YES","Key":"","Default":"0","Extra":""},{"Field":"created_at","Type":"timestamp","Null":"NO","Key":"","Default":"current_timestamp()","Extra":""},{"Field":"favorite_sport","Type":"varchar(50)","Null":"YES","Key":"","Default":null,"Extra":""},{"Field":"favorite_team","Type":"varchar(50)","Null":"YES","Key":"","Default":null,"Extra":""},{"Field":"account_type","Type":"enum('user','admin')","Null":"YES","Key":"","Default":"user","Extra":""}]
[23-Apr-2025 09:49:55 Europe/Berlin] Number of users in database: 13
[23-Apr-2025 09:49:55 Europe/Berlin] All tables initialized successfully
[23-Apr-2025 09:49:55 Europe/Berlin] Executing SQL: SELECT * FROM matches WHERE id = :id
[23-Apr-2025 09:49:55 Europe/Berlin] With params: {":id":"19"}
[23-Apr-2025 09:49:55 Europe/Berlin] Query executed successfully. Found 1 rows
[23-Apr-2025 09:49:55 Europe/Berlin] Executing SQL: DELETE FROM matches WHERE id = :id
[23-Apr-2025 09:49:55 Europe/Berlin] With params: {":id":"19"}
[23-Apr-2025 09:49:55 Europe/Berlin] Query executed successfully. Found 0 rows
[23-Apr-2025 09:49:57 Europe/Berlin] Connected to database. Tables found: favorites, feedback, matches, matches_backup, matches_new, news, newsletter, notifications, players, subscriptions, users
[23-Apr-2025 09:49:57 Europe/Berlin] Executing SQL: CREATE TABLE IF NOT EXISTS users (
                id INT AUTO_INCREMENT PRIMARY KEY,
                username VARCHAR(50) NOT NULL UNIQUE,
                password VARCHAR(255) NOT NULL,
                email VARCHAR(100) NOT NULL UNIQUE,
                account_type ENUM('user', 'admin') DEFAULT 'user',
                created_at TIMESTAMP DEFAULT CURRENT_TIMESTAMP
            )
[23-Apr-2025 09:49:57 Europe/Berlin] With params: []
[23-Apr-2025 09:49:57 Europe/Berlin] Query executed successfully. Found 0 rows
[23-Apr-2025 09:49:57 Europe/Berlin] Users table created or already exists
[23-Apr-2025 09:49:57 Europe/Berlin] Users table structure: [{"Field":"id","Type":"int(11)","Null":"NO","Key":"PRI","Default":null,"Extra":"auto_increment"},{"Field":"username","Type":"varchar(50)","Null":"NO","Key":"","Default":null,"Extra":""},{"Field":"email","Type":"varchar(100)","Null":"NO","Key":"UNI","Default":null,"Extra":""},{"Field":"password","Type":"varchar(255)","Null":"NO","Key":"","Default":null,"Extra":""},{"Field":"role","Type":"enum('user','admin')","Null":"YES","Key":"","Default":"user","Extra":""},{"Field":"verification_code","Type":"varchar(100)","Null":"YES","Key":"","Default":null,"Extra":""},{"Field":"is_verified","Type":"tinyint(1)","Null":"YES","Key":"","Default":"0","Extra":""},{"Field":"created_at","Type":"timestamp","Null":"NO","Key":"","Default":"current_timestamp()","Extra":""},{"Field":"favorite_sport","Type":"varchar(50)","Null":"YES","Key":"","Default":null,"Extra":""},{"Field":"favorite_team","Type":"varchar(50)","Null":"YES","Key":"","Default":null,"Extra":""},{"Field":"account_type","Type":"enum('user','admin')","Null":"YES","Key":"","Default":"user","Extra":""}]
[23-Apr-2025 09:49:57 Europe/Berlin] Number of users in database: 13
[23-Apr-2025 09:49:57 Europe/Berlin] All tables initialized successfully
[23-Apr-2025 09:49:57 Europe/Berlin] Executing SQL: SELECT * FROM matches WHERE id = :id
[23-Apr-2025 09:49:57 Europe/Berlin] With params: {":id":"34"}
[23-Apr-2025 09:49:57 Europe/Berlin] Query executed successfully. Found 1 rows
[23-Apr-2025 09:49:57 Europe/Berlin] Executing SQL: DELETE FROM matches WHERE id = :id
[23-Apr-2025 09:49:57 Europe/Berlin] With params: {":id":"34"}
[23-Apr-2025 09:49:57 Europe/Berlin] Query executed successfully. Found 0 rows
[23-Apr-2025 09:49:57 Europe/Berlin] Connected to database. Tables found: favorites, feedback, matches, matches_backup, matches_new, news, newsletter, notifications, players, subscriptions, users
[23-Apr-2025 09:49:57 Europe/Berlin] Executing SQL: CREATE TABLE IF NOT EXISTS users (
                id INT AUTO_INCREMENT PRIMARY KEY,
                username VARCHAR(50) NOT NULL UNIQUE,
                password VARCHAR(255) NOT NULL,
                email VARCHAR(100) NOT NULL UNIQUE,
                account_type ENUM('user', 'admin') DEFAULT 'user',
                created_at TIMESTAMP DEFAULT CURRENT_TIMESTAMP
            )
[23-Apr-2025 09:49:57 Europe/Berlin] With params: []
[23-Apr-2025 09:49:57 Europe/Berlin] Query executed successfully. Found 0 rows
[23-Apr-2025 09:49:57 Europe/Berlin] Users table created or already exists
[23-Apr-2025 09:49:57 Europe/Berlin] Users table structure: [{"Field":"id","Type":"int(11)","Null":"NO","Key":"PRI","Default":null,"Extra":"auto_increment"},{"Field":"username","Type":"varchar(50)","Null":"NO","Key":"","Default":null,"Extra":""},{"Field":"email","Type":"varchar(100)","Null":"NO","Key":"UNI","Default":null,"Extra":""},{"Field":"password","Type":"varchar(255)","Null":"NO","Key":"","Default":null,"Extra":""},{"Field":"role","Type":"enum('user','admin')","Null":"YES","Key":"","Default":"user","Extra":""},{"Field":"verification_code","Type":"varchar(100)","Null":"YES","Key":"","Default":null,"Extra":""},{"Field":"is_verified","Type":"tinyint(1)","Null":"YES","Key":"","Default":"0","Extra":""},{"Field":"created_at","Type":"timestamp","Null":"NO","Key":"","Default":"current_timestamp()","Extra":""},{"Field":"favorite_sport","Type":"varchar(50)","Null":"YES","Key":"","Default":null,"Extra":""},{"Field":"favorite_team","Type":"varchar(50)","Null":"YES","Key":"","Default":null,"Extra":""},{"Field":"account_type","Type":"enum('user','admin')","Null":"YES","Key":"","Default":"user","Extra":""}]
[23-Apr-2025 09:49:57 Europe/Berlin] Number of users in database: 13
[23-Apr-2025 09:49:57 Europe/Berlin] All tables initialized successfully
[23-Apr-2025 09:49:57 Europe/Berlin] Connected to database. Tables found: favorites, feedback, matches, matches_backup, matches_new, news, newsletter, notifications, players, subscriptions, users
[23-Apr-2025 09:49:57 Europe/Berlin] Executing SQL: CREATE TABLE IF NOT EXISTS users (
                id INT AUTO_INCREMENT PRIMARY KEY,
                username VARCHAR(50) NOT NULL UNIQUE,
                password VARCHAR(255) NOT NULL,
                email VARCHAR(100) NOT NULL UNIQUE,
                account_type ENUM('user', 'admin') DEFAULT 'user',
                created_at TIMESTAMP DEFAULT CURRENT_TIMESTAMP
            )
[23-Apr-2025 09:49:57 Europe/Berlin] With params: []
[23-Apr-2025 09:49:57 Europe/Berlin] Query executed successfully. Found 0 rows
[23-Apr-2025 09:49:57 Europe/Berlin] Users table created or already exists
[23-Apr-2025 09:49:57 Europe/Berlin] Users table structure: [{"Field":"id","Type":"int(11)","Null":"NO","Key":"PRI","Default":null,"Extra":"auto_increment"},{"Field":"username","Type":"varchar(50)","Null":"NO","Key":"","Default":null,"Extra":""},{"Field":"email","Type":"varchar(100)","Null":"NO","Key":"UNI","Default":null,"Extra":""},{"Field":"password","Type":"varchar(255)","Null":"NO","Key":"","Default":null,"Extra":""},{"Field":"role","Type":"enum('user','admin')","Null":"YES","Key":"","Default":"user","Extra":""},{"Field":"verification_code","Type":"varchar(100)","Null":"YES","Key":"","Default":null,"Extra":""},{"Field":"is_verified","Type":"tinyint(1)","Null":"YES","Key":"","Default":"0","Extra":""},{"Field":"created_at","Type":"timestamp","Null":"NO","Key":"","Default":"current_timestamp()","Extra":""},{"Field":"favorite_sport","Type":"varchar(50)","Null":"YES","Key":"","Default":null,"Extra":""},{"Field":"favorite_team","Type":"varchar(50)","Null":"YES","Key":"","Default":null,"Extra":""},{"Field":"account_type","Type":"enum('user','admin')","Null":"YES","Key":"","Default":"user","Extra":""}]
[23-Apr-2025 09:49:57 Europe/Berlin] Number of users in database: 13
[23-Apr-2025 09:49:57 Europe/Berlin] All tables initialized successfully
[23-Apr-2025 09:49:57 Europe/Berlin] Database tables initialized successfully
[23-Apr-2025 09:49:57 Europe/Berlin] Executing SQL: SELECT * FROM users WHERE id = :id
[23-Apr-2025 09:49:57 Europe/Berlin] With params: {":id":12}
[23-Apr-2025 09:49:57 Europe/Berlin] Query executed successfully. Found 1 rows
[23-Apr-2025 09:49:57 Europe/Berlin] User loaded from session: varunpndey
[23-Apr-2025 09:49:57 Europe/Berlin] Executing SQL: SELECT * FROM users WHERE id = :id
[23-Apr-2025 09:49:57 Europe/Berlin] With params: {":id":12}
[23-Apr-2025 09:49:57 Europe/Berlin] Query executed successfully. Found 1 rows
[23-Apr-2025 09:49:57 Europe/Berlin] Executing SQL: SELECT * FROM news ORDER BY created_at DESC
[23-Apr-2025 09:49:57 Europe/Berlin] With params: []
[23-Apr-2025 09:49:57 Europe/Berlin] Query executed successfully. Found 13 rows
[23-Apr-2025 09:49:57 Europe/Berlin] Executing SQL: SELECT * FROM feedback ORDER BY created_at DESC
[23-Apr-2025 09:49:57 Europe/Berlin] With params: []
[23-Apr-2025 09:49:57 Europe/Berlin] Query executed successfully. Found 10 rows
[23-Apr-2025 09:49:57 Europe/Berlin] Executing SQL: UPDATE feedback SET status = :status WHERE id = :id
[23-Apr-2025 09:49:57 Europe/Berlin] With params: {":status":"read",":id":"10"}
[23-Apr-2025 09:49:57 Europe/Berlin] Error in executeQuery: SQLSTATE[42S22]: Column not found: 1054 Unknown column 'status' in 'field list'
[23-Apr-2025 09:49:57 Europe/Berlin] Executing SQL: SELECT * FROM matches WHERE status = 'live'
[23-Apr-2025 09:49:57 Europe/Berlin] With params: []
[23-Apr-2025 09:49:57 Europe/Berlin] Query executed successfully. Found 0 rows
[23-Apr-2025 09:49:57 Europe/Berlin] Executing SQL: SELECT * FROM matches WHERE 1=1 ORDER BY match_time DESC
[23-Apr-2025 09:49:57 Europe/Berlin] With params: []
[23-Apr-2025 09:49:57 Europe/Berlin] Query executed successfully. Found 2 rows
[23-Apr-2025 09:49:57 Europe/Berlin] PHP Warning:  Undefined array key "status" in /Applications/XAMPP/xamppfiles/htdocs/sportsync/public/admin.php on line 869
[23-Apr-2025 09:49:57 Europe/Berlin] PHP Warning:  Undefined array key "status" in /Applications/XAMPP/xamppfiles/htdocs/sportsync/public/admin.php on line 870
[23-Apr-2025 09:49:57 Europe/Berlin] PHP Warning:  Undefined array key "status" in /Applications/XAMPP/xamppfiles/htdocs/sportsync/public/admin.php on line 871
[23-Apr-2025 09:49:57 Europe/Berlin] PHP Warning:  Undefined array key "status" in /Applications/XAMPP/xamppfiles/htdocs/sportsync/public/admin.php on line 869
[23-Apr-2025 09:49:57 Europe/Berlin] PHP Warning:  Undefined array key "status" in /Applications/XAMPP/xamppfiles/htdocs/sportsync/public/admin.php on line 870
[23-Apr-2025 09:49:57 Europe/Berlin] PHP Warning:  Undefined array key "status" in /Applications/XAMPP/xamppfiles/htdocs/sportsync/public/admin.php on line 871
[23-Apr-2025 09:49:57 Europe/Berlin] PHP Warning:  Undefined array key "status" in /Applications/XAMPP/xamppfiles/htdocs/sportsync/public/admin.php on line 869
[23-Apr-2025 09:49:57 Europe/Berlin] PHP Warning:  Undefined array key "status" in /Applications/XAMPP/xamppfiles/htdocs/sportsync/public/admin.php on line 870
[23-Apr-2025 09:49:57 Europe/Berlin] PHP Warning:  Undefined array key "status" in /Applications/XAMPP/xamppfiles/htdocs/sportsync/public/admin.php on line 871
[23-Apr-2025 09:49:57 Europe/Berlin] PHP Warning:  Undefined array key "status" in /Applications/XAMPP/xamppfiles/htdocs/sportsync/public/admin.php on line 869
[23-Apr-2025 09:49:57 Europe/Berlin] PHP Warning:  Undefined array key "status" in /Applications/XAMPP/xamppfiles/htdocs/sportsync/public/admin.php on line 870
[23-Apr-2025 09:49:57 Europe/Berlin] PHP Warning:  Undefined array key "status" in /Applications/XAMPP/xamppfiles/htdocs/sportsync/public/admin.php on line 871
[23-Apr-2025 09:49:57 Europe/Berlin] PHP Warning:  Undefined array key "status" in /Applications/XAMPP/xamppfiles/htdocs/sportsync/public/admin.php on line 869
[23-Apr-2025 09:49:57 Europe/Berlin] PHP Warning:  Undefined array key "status" in /Applications/XAMPP/xamppfiles/htdocs/sportsync/public/admin.php on line 870
[23-Apr-2025 09:49:57 Europe/Berlin] PHP Warning:  Undefined array key "status" in /Applications/XAMPP/xamppfiles/htdocs/sportsync/public/admin.php on line 871
[23-Apr-2025 09:49:57 Europe/Berlin] PHP Warning:  Undefined array key "status" in /Applications/XAMPP/xamppfiles/htdocs/sportsync/public/admin.php on line 869
[23-Apr-2025 09:49:57 Europe/Berlin] PHP Warning:  Undefined array key "status" in /Applications/XAMPP/xamppfiles/htdocs/sportsync/public/admin.php on line 870
[23-Apr-2025 09:49:57 Europe/Berlin] PHP Warning:  Undefined array key "status" in /Applications/XAMPP/xamppfiles/htdocs/sportsync/public/admin.php on line 871
[23-Apr-2025 09:49:57 Europe/Berlin] PHP Warning:  Undefined array key "status" in /Applications/XAMPP/xamppfiles/htdocs/sportsync/public/admin.php on line 869
[23-Apr-2025 09:49:57 Europe/Berlin] PHP Warning:  Undefined array key "status" in /Applications/XAMPP/xamppfiles/htdocs/sportsync/public/admin.php on line 870
[23-Apr-2025 09:49:57 Europe/Berlin] PHP Warning:  Undefined array key "status" in /Applications/XAMPP/xamppfiles/htdocs/sportsync/public/admin.php on line 871
[23-Apr-2025 09:49:57 Europe/Berlin] PHP Warning:  Undefined array key "status" in /Applications/XAMPP/xamppfiles/htdocs/sportsync/public/admin.php on line 869
[23-Apr-2025 09:49:57 Europe/Berlin] PHP Warning:  Undefined array key "status" in /Applications/XAMPP/xamppfiles/htdocs/sportsync/public/admin.php on line 870
[23-Apr-2025 09:49:57 Europe/Berlin] PHP Warning:  Undefined array key "status" in /Applications/XAMPP/xamppfiles/htdocs/sportsync/public/admin.php on line 871
[23-Apr-2025 09:49:57 Europe/Berlin] PHP Warning:  Undefined array key "status" in /Applications/XAMPP/xamppfiles/htdocs/sportsync/public/admin.php on line 869
[23-Apr-2025 09:49:57 Europe/Berlin] PHP Warning:  Undefined array key "status" in /Applications/XAMPP/xamppfiles/htdocs/sportsync/public/admin.php on line 870
[23-Apr-2025 09:49:57 Europe/Berlin] PHP Warning:  Undefined array key "status" in /Applications/XAMPP/xamppfiles/htdocs/sportsync/public/admin.php on line 871
[23-Apr-2025 09:49:57 Europe/Berlin] PHP Warning:  Undefined array key "status" in /Applications/XAMPP/xamppfiles/htdocs/sportsync/public/admin.php on line 869
[23-Apr-2025 09:49:57 Europe/Berlin] PHP Warning:  Undefined array key "status" in /Applications/XAMPP/xamppfiles/htdocs/sportsync/public/admin.php on line 870
[23-Apr-2025 09:49:57 Europe/Berlin] PHP Warning:  Undefined array key "status" in /Applications/XAMPP/xamppfiles/htdocs/sportsync/public/admin.php on line 871
[23-Apr-2025 09:49:59 Europe/Berlin] Connected to database. Tables found: favorites, feedback, matches, matches_backup, matches_new, news, newsletter, notifications, players, subscriptions, users
[23-Apr-2025 09:49:59 Europe/Berlin] Executing SQL: CREATE TABLE IF NOT EXISTS users (
                id INT AUTO_INCREMENT PRIMARY KEY,
                username VARCHAR(50) NOT NULL UNIQUE,
                password VARCHAR(255) NOT NULL,
                email VARCHAR(100) NOT NULL UNIQUE,
                account_type ENUM('user', 'admin') DEFAULT 'user',
                created_at TIMESTAMP DEFAULT CURRENT_TIMESTAMP
            )
[23-Apr-2025 09:49:59 Europe/Berlin] With params: []
[23-Apr-2025 09:49:59 Europe/Berlin] Query executed successfully. Found 0 rows
[23-Apr-2025 09:49:59 Europe/Berlin] Users table created or already exists
[23-Apr-2025 09:49:59 Europe/Berlin] Users table structure: [{"Field":"id","Type":"int(11)","Null":"NO","Key":"PRI","Default":null,"Extra":"auto_increment"},{"Field":"username","Type":"varchar(50)","Null":"NO","Key":"","Default":null,"Extra":""},{"Field":"email","Type":"varchar(100)","Null":"NO","Key":"UNI","Default":null,"Extra":""},{"Field":"password","Type":"varchar(255)","Null":"NO","Key":"","Default":null,"Extra":""},{"Field":"role","Type":"enum('user','admin')","Null":"YES","Key":"","Default":"user","Extra":""},{"Field":"verification_code","Type":"varchar(100)","Null":"YES","Key":"","Default":null,"Extra":""},{"Field":"is_verified","Type":"tinyint(1)","Null":"YES","Key":"","Default":"0","Extra":""},{"Field":"created_at","Type":"timestamp","Null":"NO","Key":"","Default":"current_timestamp()","Extra":""},{"Field":"favorite_sport","Type":"varchar(50)","Null":"YES","Key":"","Default":null,"Extra":""},{"Field":"favorite_team","Type":"varchar(50)","Null":"YES","Key":"","Default":null,"Extra":""},{"Field":"account_type","Type":"enum('user','admin')","Null":"YES","Key":"","Default":"user","Extra":""}]
[23-Apr-2025 09:49:59 Europe/Berlin] Number of users in database: 13
[23-Apr-2025 09:49:59 Europe/Berlin] All tables initialized successfully
[23-Apr-2025 09:49:59 Europe/Berlin] Executing SQL: SELECT * FROM matches WHERE id = :id
[23-Apr-2025 09:49:59 Europe/Berlin] With params: {":id":"20"}
[23-Apr-2025 09:49:59 Europe/Berlin] Query executed successfully. Found 1 rows
[23-Apr-2025 09:49:59 Europe/Berlin] Executing SQL: DELETE FROM matches WHERE id = :id
[23-Apr-2025 09:49:59 Europe/Berlin] With params: {":id":"20"}
[23-Apr-2025 09:49:59 Europe/Berlin] Query executed successfully. Found 0 rows
[23-Apr-2025 09:50:00 Europe/Berlin] Connected to database. Tables found: favorites, feedback, matches, matches_backup, matches_new, news, newsletter, notifications, players, subscriptions, users
[23-Apr-2025 09:50:00 Europe/Berlin] Executing SQL: CREATE TABLE IF NOT EXISTS users (
                id INT AUTO_INCREMENT PRIMARY KEY,
                username VARCHAR(50) NOT NULL UNIQUE,
                password VARCHAR(255) NOT NULL,
                email VARCHAR(100) NOT NULL UNIQUE,
                account_type ENUM('user', 'admin') DEFAULT 'user',
                created_at TIMESTAMP DEFAULT CURRENT_TIMESTAMP
            )
[23-Apr-2025 09:50:00 Europe/Berlin] With params: []
[23-Apr-2025 09:50:00 Europe/Berlin] Query executed successfully. Found 0 rows
[23-Apr-2025 09:50:00 Europe/Berlin] Users table created or already exists
[23-Apr-2025 09:50:00 Europe/Berlin] Users table structure: [{"Field":"id","Type":"int(11)","Null":"NO","Key":"PRI","Default":null,"Extra":"auto_increment"},{"Field":"username","Type":"varchar(50)","Null":"NO","Key":"","Default":null,"Extra":""},{"Field":"email","Type":"varchar(100)","Null":"NO","Key":"UNI","Default":null,"Extra":""},{"Field":"password","Type":"varchar(255)","Null":"NO","Key":"","Default":null,"Extra":""},{"Field":"role","Type":"enum('user','admin')","Null":"YES","Key":"","Default":"user","Extra":""},{"Field":"verification_code","Type":"varchar(100)","Null":"YES","Key":"","Default":null,"Extra":""},{"Field":"is_verified","Type":"tinyint(1)","Null":"YES","Key":"","Default":"0","Extra":""},{"Field":"created_at","Type":"timestamp","Null":"NO","Key":"","Default":"current_timestamp()","Extra":""},{"Field":"favorite_sport","Type":"varchar(50)","Null":"YES","Key":"","Default":null,"Extra":""},{"Field":"favorite_team","Type":"varchar(50)","Null":"YES","Key":"","Default":null,"Extra":""},{"Field":"account_type","Type":"enum('user','admin')","Null":"YES","Key":"","Default":"user","Extra":""}]
[23-Apr-2025 09:50:00 Europe/Berlin] Number of users in database: 13
[23-Apr-2025 09:50:00 Europe/Berlin] All tables initialized successfully
[23-Apr-2025 09:50:00 Europe/Berlin] Connected to database. Tables found: favorites, feedback, matches, matches_backup, matches_new, news, newsletter, notifications, players, subscriptions, users
[23-Apr-2025 09:50:00 Europe/Berlin] Executing SQL: CREATE TABLE IF NOT EXISTS users (
                id INT AUTO_INCREMENT PRIMARY KEY,
                username VARCHAR(50) NOT NULL UNIQUE,
                password VARCHAR(255) NOT NULL,
                email VARCHAR(100) NOT NULL UNIQUE,
                account_type ENUM('user', 'admin') DEFAULT 'user',
                created_at TIMESTAMP DEFAULT CURRENT_TIMESTAMP
            )
[23-Apr-2025 09:50:00 Europe/Berlin] With params: []
[23-Apr-2025 09:50:00 Europe/Berlin] Query executed successfully. Found 0 rows
[23-Apr-2025 09:50:00 Europe/Berlin] Users table created or already exists
[23-Apr-2025 09:50:00 Europe/Berlin] Users table structure: [{"Field":"id","Type":"int(11)","Null":"NO","Key":"PRI","Default":null,"Extra":"auto_increment"},{"Field":"username","Type":"varchar(50)","Null":"NO","Key":"","Default":null,"Extra":""},{"Field":"email","Type":"varchar(100)","Null":"NO","Key":"UNI","Default":null,"Extra":""},{"Field":"password","Type":"varchar(255)","Null":"NO","Key":"","Default":null,"Extra":""},{"Field":"role","Type":"enum('user','admin')","Null":"YES","Key":"","Default":"user","Extra":""},{"Field":"verification_code","Type":"varchar(100)","Null":"YES","Key":"","Default":null,"Extra":""},{"Field":"is_verified","Type":"tinyint(1)","Null":"YES","Key":"","Default":"0","Extra":""},{"Field":"created_at","Type":"timestamp","Null":"NO","Key":"","Default":"current_timestamp()","Extra":""},{"Field":"favorite_sport","Type":"varchar(50)","Null":"YES","Key":"","Default":null,"Extra":""},{"Field":"favorite_team","Type":"varchar(50)","Null":"YES","Key":"","Default":null,"Extra":""},{"Field":"account_type","Type":"enum('user','admin')","Null":"YES","Key":"","Default":"user","Extra":""}]
[23-Apr-2025 09:50:00 Europe/Berlin] Number of users in database: 13
[23-Apr-2025 09:50:00 Europe/Berlin] All tables initialized successfully
[23-Apr-2025 09:50:00 Europe/Berlin] Database tables initialized successfully
[23-Apr-2025 09:50:00 Europe/Berlin] Executing SQL: SELECT * FROM users WHERE id = :id
[23-Apr-2025 09:50:00 Europe/Berlin] With params: {":id":12}
[23-Apr-2025 09:50:00 Europe/Berlin] Query executed successfully. Found 1 rows
[23-Apr-2025 09:50:00 Europe/Berlin] User loaded from session: varunpndey
[23-Apr-2025 09:50:00 Europe/Berlin] Executing SQL: SELECT * FROM users WHERE id = :id
[23-Apr-2025 09:50:00 Europe/Berlin] With params: {":id":12}
[23-Apr-2025 09:50:00 Europe/Berlin] Query executed successfully. Found 1 rows
[23-Apr-2025 09:50:00 Europe/Berlin] Executing SQL: SELECT * FROM news ORDER BY created_at DESC
[23-Apr-2025 09:50:00 Europe/Berlin] With params: []
[23-Apr-2025 09:50:00 Europe/Berlin] Query executed successfully. Found 13 rows
[23-Apr-2025 09:50:00 Europe/Berlin] Executing SQL: SELECT * FROM feedback ORDER BY created_at DESC
[23-Apr-2025 09:50:00 Europe/Berlin] With params: []
[23-Apr-2025 09:50:00 Europe/Berlin] Query executed successfully. Found 10 rows
[23-Apr-2025 09:50:00 Europe/Berlin] Executing SQL: UPDATE feedback SET status = :status WHERE id = :id
[23-Apr-2025 09:50:00 Europe/Berlin] With params: {":status":"read",":id":"10"}
[23-Apr-2025 09:50:00 Europe/Berlin] Error in executeQuery: SQLSTATE[42S22]: Column not found: 1054 Unknown column 'status' in 'field list'
[23-Apr-2025 09:50:00 Europe/Berlin] Executing SQL: SELECT * FROM matches WHERE status = 'live'
[23-Apr-2025 09:50:00 Europe/Berlin] With params: []
[23-Apr-2025 09:50:00 Europe/Berlin] Query executed successfully. Found 0 rows
[23-Apr-2025 09:50:00 Europe/Berlin] Executing SQL: SELECT * FROM matches WHERE 1=1 ORDER BY match_time DESC
[23-Apr-2025 09:50:00 Europe/Berlin] With params: []
[23-Apr-2025 09:50:00 Europe/Berlin] Query executed successfully. Found 1 rows
[23-Apr-2025 09:50:00 Europe/Berlin] PHP Warning:  Undefined array key "status" in /Applications/XAMPP/xamppfiles/htdocs/sportsync/public/admin.php on line 869
[23-Apr-2025 09:50:00 Europe/Berlin] PHP Warning:  Undefined array key "status" in /Applications/XAMPP/xamppfiles/htdocs/sportsync/public/admin.php on line 870
[23-Apr-2025 09:50:00 Europe/Berlin] PHP Warning:  Undefined array key "status" in /Applications/XAMPP/xamppfiles/htdocs/sportsync/public/admin.php on line 871
[23-Apr-2025 09:50:00 Europe/Berlin] PHP Warning:  Undefined array key "status" in /Applications/XAMPP/xamppfiles/htdocs/sportsync/public/admin.php on line 869
[23-Apr-2025 09:50:00 Europe/Berlin] PHP Warning:  Undefined array key "status" in /Applications/XAMPP/xamppfiles/htdocs/sportsync/public/admin.php on line 870
[23-Apr-2025 09:50:00 Europe/Berlin] PHP Warning:  Undefined array key "status" in /Applications/XAMPP/xamppfiles/htdocs/sportsync/public/admin.php on line 871
[23-Apr-2025 09:50:00 Europe/Berlin] PHP Warning:  Undefined array key "status" in /Applications/XAMPP/xamppfiles/htdocs/sportsync/public/admin.php on line 869
[23-Apr-2025 09:50:00 Europe/Berlin] PHP Warning:  Undefined array key "status" in /Applications/XAMPP/xamppfiles/htdocs/sportsync/public/admin.php on line 870
[23-Apr-2025 09:50:00 Europe/Berlin] PHP Warning:  Undefined array key "status" in /Applications/XAMPP/xamppfiles/htdocs/sportsync/public/admin.php on line 871
[23-Apr-2025 09:50:00 Europe/Berlin] PHP Warning:  Undefined array key "status" in /Applications/XAMPP/xamppfiles/htdocs/sportsync/public/admin.php on line 869
[23-Apr-2025 09:50:00 Europe/Berlin] PHP Warning:  Undefined array key "status" in /Applications/XAMPP/xamppfiles/htdocs/sportsync/public/admin.php on line 870
[23-Apr-2025 09:50:00 Europe/Berlin] PHP Warning:  Undefined array key "status" in /Applications/XAMPP/xamppfiles/htdocs/sportsync/public/admin.php on line 871
[23-Apr-2025 09:50:00 Europe/Berlin] PHP Warning:  Undefined array key "status" in /Applications/XAMPP/xamppfiles/htdocs/sportsync/public/admin.php on line 869
[23-Apr-2025 09:50:00 Europe/Berlin] PHP Warning:  Undefined array key "status" in /Applications/XAMPP/xamppfiles/htdocs/sportsync/public/admin.php on line 870
[23-Apr-2025 09:50:00 Europe/Berlin] PHP Warning:  Undefined array key "status" in /Applications/XAMPP/xamppfiles/htdocs/sportsync/public/admin.php on line 871
[23-Apr-2025 09:50:00 Europe/Berlin] PHP Warning:  Undefined array key "status" in /Applications/XAMPP/xamppfiles/htdocs/sportsync/public/admin.php on line 869
[23-Apr-2025 09:50:00 Europe/Berlin] PHP Warning:  Undefined array key "status" in /Applications/XAMPP/xamppfiles/htdocs/sportsync/public/admin.php on line 870
[23-Apr-2025 09:50:00 Europe/Berlin] PHP Warning:  Undefined array key "status" in /Applications/XAMPP/xamppfiles/htdocs/sportsync/public/admin.php on line 871
[23-Apr-2025 09:50:00 Europe/Berlin] PHP Warning:  Undefined array key "status" in /Applications/XAMPP/xamppfiles/htdocs/sportsync/public/admin.php on line 869
[23-Apr-2025 09:50:00 Europe/Berlin] PHP Warning:  Undefined array key "status" in /Applications/XAMPP/xamppfiles/htdocs/sportsync/public/admin.php on line 870
[23-Apr-2025 09:50:00 Europe/Berlin] PHP Warning:  Undefined array key "status" in /Applications/XAMPP/xamppfiles/htdocs/sportsync/public/admin.php on line 871
[23-Apr-2025 09:50:00 Europe/Berlin] PHP Warning:  Undefined array key "status" in /Applications/XAMPP/xamppfiles/htdocs/sportsync/public/admin.php on line 869
[23-Apr-2025 09:50:00 Europe/Berlin] PHP Warning:  Undefined array key "status" in /Applications/XAMPP/xamppfiles/htdocs/sportsync/public/admin.php on line 870
[23-Apr-2025 09:50:00 Europe/Berlin] PHP Warning:  Undefined array key "status" in /Applications/XAMPP/xamppfiles/htdocs/sportsync/public/admin.php on line 871
[23-Apr-2025 09:50:00 Europe/Berlin] PHP Warning:  Undefined array key "status" in /Applications/XAMPP/xamppfiles/htdocs/sportsync/public/admin.php on line 869
[23-Apr-2025 09:50:00 Europe/Berlin] PHP Warning:  Undefined array key "status" in /Applications/XAMPP/xamppfiles/htdocs/sportsync/public/admin.php on line 870
[23-Apr-2025 09:50:00 Europe/Berlin] PHP Warning:  Undefined array key "status" in /Applications/XAMPP/xamppfiles/htdocs/sportsync/public/admin.php on line 871
[23-Apr-2025 09:50:00 Europe/Berlin] PHP Warning:  Undefined array key "status" in /Applications/XAMPP/xamppfiles/htdocs/sportsync/public/admin.php on line 869
[23-Apr-2025 09:50:00 Europe/Berlin] PHP Warning:  Undefined array key "status" in /Applications/XAMPP/xamppfiles/htdocs/sportsync/public/admin.php on line 870
[23-Apr-2025 09:50:00 Europe/Berlin] PHP Warning:  Undefined array key "status" in /Applications/XAMPP/xamppfiles/htdocs/sportsync/public/admin.php on line 871
[23-Apr-2025 09:50:04 Europe/Berlin] Connected to database. Tables found: favorites, feedback, matches, matches_backup, matches_new, news, newsletter, notifications, players, subscriptions, users
[23-Apr-2025 09:50:04 Europe/Berlin] Executing SQL: CREATE TABLE IF NOT EXISTS users (
                id INT AUTO_INCREMENT PRIMARY KEY,
                username VARCHAR(50) NOT NULL UNIQUE,
                password VARCHAR(255) NOT NULL,
                email VARCHAR(100) NOT NULL UNIQUE,
                account_type ENUM('user', 'admin') DEFAULT 'user',
                created_at TIMESTAMP DEFAULT CURRENT_TIMESTAMP
            )
[23-Apr-2025 09:50:04 Europe/Berlin] With params: []
[23-Apr-2025 09:50:04 Europe/Berlin] Query executed successfully. Found 0 rows
[23-Apr-2025 09:50:04 Europe/Berlin] Users table created or already exists
[23-Apr-2025 09:50:04 Europe/Berlin] Users table structure: [{"Field":"id","Type":"int(11)","Null":"NO","Key":"PRI","Default":null,"Extra":"auto_increment"},{"Field":"username","Type":"varchar(50)","Null":"NO","Key":"","Default":null,"Extra":""},{"Field":"email","Type":"varchar(100)","Null":"NO","Key":"UNI","Default":null,"Extra":""},{"Field":"password","Type":"varchar(255)","Null":"NO","Key":"","Default":null,"Extra":""},{"Field":"role","Type":"enum('user','admin')","Null":"YES","Key":"","Default":"user","Extra":""},{"Field":"verification_code","Type":"varchar(100)","Null":"YES","Key":"","Default":null,"Extra":""},{"Field":"is_verified","Type":"tinyint(1)","Null":"YES","Key":"","Default":"0","Extra":""},{"Field":"created_at","Type":"timestamp","Null":"NO","Key":"","Default":"current_timestamp()","Extra":""},{"Field":"favorite_sport","Type":"varchar(50)","Null":"YES","Key":"","Default":null,"Extra":""},{"Field":"favorite_team","Type":"varchar(50)","Null":"YES","Key":"","Default":null,"Extra":""},{"Field":"account_type","Type":"enum('user','admin')","Null":"YES","Key":"","Default":"user","Extra":""}]
[23-Apr-2025 09:50:04 Europe/Berlin] Number of users in database: 13
[23-Apr-2025 09:50:04 Europe/Berlin] All tables initialized successfully
[23-Apr-2025 09:50:04 Europe/Berlin] Executing SQL: SELECT * FROM matches WHERE id = :id
[23-Apr-2025 09:50:04 Europe/Berlin] With params: {":id":"22"}
[23-Apr-2025 09:50:04 Europe/Berlin] Query executed successfully. Found 1 rows
[23-Apr-2025 09:50:04 Europe/Berlin] Executing SQL: DELETE FROM matches WHERE id = :id
[23-Apr-2025 09:50:04 Europe/Berlin] With params: {":id":"22"}
[23-Apr-2025 09:50:04 Europe/Berlin] Query executed successfully. Found 0 rows
[23-Apr-2025 09:50:05 Europe/Berlin] Connected to database. Tables found: favorites, feedback, matches, matches_backup, matches_new, news, newsletter, notifications, players, subscriptions, users
[23-Apr-2025 09:50:05 Europe/Berlin] Executing SQL: CREATE TABLE IF NOT EXISTS users (
                id INT AUTO_INCREMENT PRIMARY KEY,
                username VARCHAR(50) NOT NULL UNIQUE,
                password VARCHAR(255) NOT NULL,
                email VARCHAR(100) NOT NULL UNIQUE,
                account_type ENUM('user', 'admin') DEFAULT 'user',
                created_at TIMESTAMP DEFAULT CURRENT_TIMESTAMP
            )
[23-Apr-2025 09:50:05 Europe/Berlin] With params: []
[23-Apr-2025 09:50:05 Europe/Berlin] Query executed successfully. Found 0 rows
[23-Apr-2025 09:50:05 Europe/Berlin] Users table created or already exists
[23-Apr-2025 09:50:05 Europe/Berlin] Users table structure: [{"Field":"id","Type":"int(11)","Null":"NO","Key":"PRI","Default":null,"Extra":"auto_increment"},{"Field":"username","Type":"varchar(50)","Null":"NO","Key":"","Default":null,"Extra":""},{"Field":"email","Type":"varchar(100)","Null":"NO","Key":"UNI","Default":null,"Extra":""},{"Field":"password","Type":"varchar(255)","Null":"NO","Key":"","Default":null,"Extra":""},{"Field":"role","Type":"enum('user','admin')","Null":"YES","Key":"","Default":"user","Extra":""},{"Field":"verification_code","Type":"varchar(100)","Null":"YES","Key":"","Default":null,"Extra":""},{"Field":"is_verified","Type":"tinyint(1)","Null":"YES","Key":"","Default":"0","Extra":""},{"Field":"created_at","Type":"timestamp","Null":"NO","Key":"","Default":"current_timestamp()","Extra":""},{"Field":"favorite_sport","Type":"varchar(50)","Null":"YES","Key":"","Default":null,"Extra":""},{"Field":"favorite_team","Type":"varchar(50)","Null":"YES","Key":"","Default":null,"Extra":""},{"Field":"account_type","Type":"enum('user','admin')","Null":"YES","Key":"","Default":"user","Extra":""}]
[23-Apr-2025 09:50:05 Europe/Berlin] Number of users in database: 13
[23-Apr-2025 09:50:05 Europe/Berlin] All tables initialized successfully
[23-Apr-2025 09:50:05 Europe/Berlin] Connected to database. Tables found: favorites, feedback, matches, matches_backup, matches_new, news, newsletter, notifications, players, subscriptions, users
[23-Apr-2025 09:50:05 Europe/Berlin] Executing SQL: CREATE TABLE IF NOT EXISTS users (
                id INT AUTO_INCREMENT PRIMARY KEY,
                username VARCHAR(50) NOT NULL UNIQUE,
                password VARCHAR(255) NOT NULL,
                email VARCHAR(100) NOT NULL UNIQUE,
                account_type ENUM('user', 'admin') DEFAULT 'user',
                created_at TIMESTAMP DEFAULT CURRENT_TIMESTAMP
            )
[23-Apr-2025 09:50:05 Europe/Berlin] With params: []
[23-Apr-2025 09:50:05 Europe/Berlin] Query executed successfully. Found 0 rows
[23-Apr-2025 09:50:05 Europe/Berlin] Users table created or already exists
[23-Apr-2025 09:50:05 Europe/Berlin] Users table structure: [{"Field":"id","Type":"int(11)","Null":"NO","Key":"PRI","Default":null,"Extra":"auto_increment"},{"Field":"username","Type":"varchar(50)","Null":"NO","Key":"","Default":null,"Extra":""},{"Field":"email","Type":"varchar(100)","Null":"NO","Key":"UNI","Default":null,"Extra":""},{"Field":"password","Type":"varchar(255)","Null":"NO","Key":"","Default":null,"Extra":""},{"Field":"role","Type":"enum('user','admin')","Null":"YES","Key":"","Default":"user","Extra":""},{"Field":"verification_code","Type":"varchar(100)","Null":"YES","Key":"","Default":null,"Extra":""},{"Field":"is_verified","Type":"tinyint(1)","Null":"YES","Key":"","Default":"0","Extra":""},{"Field":"created_at","Type":"timestamp","Null":"NO","Key":"","Default":"current_timestamp()","Extra":""},{"Field":"favorite_sport","Type":"varchar(50)","Null":"YES","Key":"","Default":null,"Extra":""},{"Field":"favorite_team","Type":"varchar(50)","Null":"YES","Key":"","Default":null,"Extra":""},{"Field":"account_type","Type":"enum('user','admin')","Null":"YES","Key":"","Default":"user","Extra":""}]
[23-Apr-2025 09:50:05 Europe/Berlin] Number of users in database: 13
[23-Apr-2025 09:50:05 Europe/Berlin] All tables initialized successfully
[23-Apr-2025 09:50:05 Europe/Berlin] Database tables initialized successfully
[23-Apr-2025 09:50:05 Europe/Berlin] Executing SQL: SELECT * FROM users WHERE id = :id
[23-Apr-2025 09:50:05 Europe/Berlin] With params: {":id":12}
[23-Apr-2025 09:50:05 Europe/Berlin] Query executed successfully. Found 1 rows
[23-Apr-2025 09:50:05 Europe/Berlin] User loaded from session: varunpndey
[23-Apr-2025 09:50:05 Europe/Berlin] Executing SQL: SELECT * FROM users WHERE id = :id
[23-Apr-2025 09:50:05 Europe/Berlin] With params: {":id":12}
[23-Apr-2025 09:50:05 Europe/Berlin] Query executed successfully. Found 1 rows
[23-Apr-2025 09:50:05 Europe/Berlin] Executing SQL: SELECT * FROM news ORDER BY created_at DESC
[23-Apr-2025 09:50:05 Europe/Berlin] With params: []
[23-Apr-2025 09:50:05 Europe/Berlin] Query executed successfully. Found 13 rows
[23-Apr-2025 09:50:05 Europe/Berlin] Executing SQL: SELECT * FROM feedback ORDER BY created_at DESC
[23-Apr-2025 09:50:05 Europe/Berlin] With params: []
[23-Apr-2025 09:50:05 Europe/Berlin] Query executed successfully. Found 10 rows
[23-Apr-2025 09:50:05 Europe/Berlin] Executing SQL: UPDATE feedback SET status = :status WHERE id = :id
[23-Apr-2025 09:50:05 Europe/Berlin] With params: {":status":"read",":id":"10"}
[23-Apr-2025 09:50:05 Europe/Berlin] Error in executeQuery: SQLSTATE[42S22]: Column not found: 1054 Unknown column 'status' in 'field list'
[23-Apr-2025 09:50:05 Europe/Berlin] Executing SQL: SELECT * FROM matches WHERE status = 'live'
[23-Apr-2025 09:50:05 Europe/Berlin] With params: []
[23-Apr-2025 09:50:05 Europe/Berlin] Query executed successfully. Found 0 rows
[23-Apr-2025 09:50:05 Europe/Berlin] Executing SQL: SELECT * FROM matches WHERE 1=1 ORDER BY match_time DESC
[23-Apr-2025 09:50:05 Europe/Berlin] With params: []
[23-Apr-2025 09:50:05 Europe/Berlin] Query executed successfully. Found 0 rows
[23-Apr-2025 09:50:05 Europe/Berlin] PHP Warning:  Undefined array key "status" in /Applications/XAMPP/xamppfiles/htdocs/sportsync/public/admin.php on line 869
[23-Apr-2025 09:50:05 Europe/Berlin] PHP Warning:  Undefined array key "status" in /Applications/XAMPP/xamppfiles/htdocs/sportsync/public/admin.php on line 870
[23-Apr-2025 09:50:05 Europe/Berlin] PHP Warning:  Undefined array key "status" in /Applications/XAMPP/xamppfiles/htdocs/sportsync/public/admin.php on line 871
[23-Apr-2025 09:50:05 Europe/Berlin] PHP Warning:  Undefined array key "status" in /Applications/XAMPP/xamppfiles/htdocs/sportsync/public/admin.php on line 869
[23-Apr-2025 09:50:05 Europe/Berlin] PHP Warning:  Undefined array key "status" in /Applications/XAMPP/xamppfiles/htdocs/sportsync/public/admin.php on line 870
[23-Apr-2025 09:50:05 Europe/Berlin] PHP Warning:  Undefined array key "status" in /Applications/XAMPP/xamppfiles/htdocs/sportsync/public/admin.php on line 871
[23-Apr-2025 09:50:05 Europe/Berlin] PHP Warning:  Undefined array key "status" in /Applications/XAMPP/xamppfiles/htdocs/sportsync/public/admin.php on line 869
[23-Apr-2025 09:50:05 Europe/Berlin] PHP Warning:  Undefined array key "status" in /Applications/XAMPP/xamppfiles/htdocs/sportsync/public/admin.php on line 870
[23-Apr-2025 09:50:05 Europe/Berlin] PHP Warning:  Undefined array key "status" in /Applications/XAMPP/xamppfiles/htdocs/sportsync/public/admin.php on line 871
[23-Apr-2025 09:50:05 Europe/Berlin] PHP Warning:  Undefined array key "status" in /Applications/XAMPP/xamppfiles/htdocs/sportsync/public/admin.php on line 869
[23-Apr-2025 09:50:05 Europe/Berlin] PHP Warning:  Undefined array key "status" in /Applications/XAMPP/xamppfiles/htdocs/sportsync/public/admin.php on line 870
[23-Apr-2025 09:50:05 Europe/Berlin] PHP Warning:  Undefined array key "status" in /Applications/XAMPP/xamppfiles/htdocs/sportsync/public/admin.php on line 871
[23-Apr-2025 09:50:05 Europe/Berlin] PHP Warning:  Undefined array key "status" in /Applications/XAMPP/xamppfiles/htdocs/sportsync/public/admin.php on line 869
[23-Apr-2025 09:50:05 Europe/Berlin] PHP Warning:  Undefined array key "status" in /Applications/XAMPP/xamppfiles/htdocs/sportsync/public/admin.php on line 870
[23-Apr-2025 09:50:05 Europe/Berlin] PHP Warning:  Undefined array key "status" in /Applications/XAMPP/xamppfiles/htdocs/sportsync/public/admin.php on line 871
[23-Apr-2025 09:50:05 Europe/Berlin] PHP Warning:  Undefined array key "status" in /Applications/XAMPP/xamppfiles/htdocs/sportsync/public/admin.php on line 869
[23-Apr-2025 09:50:05 Europe/Berlin] PHP Warning:  Undefined array key "status" in /Applications/XAMPP/xamppfiles/htdocs/sportsync/public/admin.php on line 870
[23-Apr-2025 09:50:05 Europe/Berlin] PHP Warning:  Undefined array key "status" in /Applications/XAMPP/xamppfiles/htdocs/sportsync/public/admin.php on line 871
[23-Apr-2025 09:50:05 Europe/Berlin] PHP Warning:  Undefined array key "status" in /Applications/XAMPP/xamppfiles/htdocs/sportsync/public/admin.php on line 869
[23-Apr-2025 09:50:05 Europe/Berlin] PHP Warning:  Undefined array key "status" in /Applications/XAMPP/xamppfiles/htdocs/sportsync/public/admin.php on line 870
[23-Apr-2025 09:50:05 Europe/Berlin] PHP Warning:  Undefined array key "status" in /Applications/XAMPP/xamppfiles/htdocs/sportsync/public/admin.php on line 871
[23-Apr-2025 09:50:05 Europe/Berlin] PHP Warning:  Undefined array key "status" in /Applications/XAMPP/xamppfiles/htdocs/sportsync/public/admin.php on line 869
[23-Apr-2025 09:50:05 Europe/Berlin] PHP Warning:  Undefined array key "status" in /Applications/XAMPP/xamppfiles/htdocs/sportsync/public/admin.php on line 870
[23-Apr-2025 09:50:05 Europe/Berlin] PHP Warning:  Undefined array key "status" in /Applications/XAMPP/xamppfiles/htdocs/sportsync/public/admin.php on line 871
[23-Apr-2025 09:50:05 Europe/Berlin] PHP Warning:  Undefined array key "status" in /Applications/XAMPP/xamppfiles/htdocs/sportsync/public/admin.php on line 869
[23-Apr-2025 09:50:05 Europe/Berlin] PHP Warning:  Undefined array key "status" in /Applications/XAMPP/xamppfiles/htdocs/sportsync/public/admin.php on line 870
[23-Apr-2025 09:50:05 Europe/Berlin] PHP Warning:  Undefined array key "status" in /Applications/XAMPP/xamppfiles/htdocs/sportsync/public/admin.php on line 871
[23-Apr-2025 09:50:05 Europe/Berlin] PHP Warning:  Undefined array key "status" in /Applications/XAMPP/xamppfiles/htdocs/sportsync/public/admin.php on line 869
[23-Apr-2025 09:50:05 Europe/Berlin] PHP Warning:  Undefined array key "status" in /Applications/XAMPP/xamppfiles/htdocs/sportsync/public/admin.php on line 870
[23-Apr-2025 09:50:05 Europe/Berlin] PHP Warning:  Undefined array key "status" in /Applications/XAMPP/xamppfiles/htdocs/sportsync/public/admin.php on line 871
[23-Apr-2025 09:50:09 Europe/Berlin] Connected to database. Tables found: favorites, feedback, matches, matches_backup, matches_new, news, newsletter, notifications, players, subscriptions, users
[23-Apr-2025 09:50:09 Europe/Berlin] Executing SQL: CREATE TABLE IF NOT EXISTS users (
                id INT AUTO_INCREMENT PRIMARY KEY,
                username VARCHAR(50) NOT NULL UNIQUE,
                password VARCHAR(255) NOT NULL,
                email VARCHAR(100) NOT NULL UNIQUE,
                account_type ENUM('user', 'admin') DEFAULT 'user',
                created_at TIMESTAMP DEFAULT CURRENT_TIMESTAMP
            )
[23-Apr-2025 09:50:09 Europe/Berlin] With params: []
[23-Apr-2025 09:50:09 Europe/Berlin] Query executed successfully. Found 0 rows
[23-Apr-2025 09:50:09 Europe/Berlin] Users table created or already exists
[23-Apr-2025 09:50:09 Europe/Berlin] Users table structure: [{"Field":"id","Type":"int(11)","Null":"NO","Key":"PRI","Default":null,"Extra":"auto_increment"},{"Field":"username","Type":"varchar(50)","Null":"NO","Key":"","Default":null,"Extra":""},{"Field":"email","Type":"varchar(100)","Null":"NO","Key":"UNI","Default":null,"Extra":""},{"Field":"password","Type":"varchar(255)","Null":"NO","Key":"","Default":null,"Extra":""},{"Field":"role","Type":"enum('user','admin')","Null":"YES","Key":"","Default":"user","Extra":""},{"Field":"verification_code","Type":"varchar(100)","Null":"YES","Key":"","Default":null,"Extra":""},{"Field":"is_verified","Type":"tinyint(1)","Null":"YES","Key":"","Default":"0","Extra":""},{"Field":"created_at","Type":"timestamp","Null":"NO","Key":"","Default":"current_timestamp()","Extra":""},{"Field":"favorite_sport","Type":"varchar(50)","Null":"YES","Key":"","Default":null,"Extra":""},{"Field":"favorite_team","Type":"varchar(50)","Null":"YES","Key":"","Default":null,"Extra":""},{"Field":"account_type","Type":"enum('user','admin')","Null":"YES","Key":"","Default":"user","Extra":""}]
[23-Apr-2025 09:50:09 Europe/Berlin] Number of users in database: 13
[23-Apr-2025 09:50:09 Europe/Berlin] All tables initialized successfully
[23-Apr-2025 09:50:09 Europe/Berlin] Connected to database. Tables found: favorites, feedback, matches, matches_backup, matches_new, news, newsletter, notifications, players, subscriptions, users
[23-Apr-2025 09:50:09 Europe/Berlin] Executing SQL: CREATE TABLE IF NOT EXISTS users (
                id INT AUTO_INCREMENT PRIMARY KEY,
                username VARCHAR(50) NOT NULL UNIQUE,
                password VARCHAR(255) NOT NULL,
                email VARCHAR(100) NOT NULL UNIQUE,
                account_type ENUM('user', 'admin') DEFAULT 'user',
                created_at TIMESTAMP DEFAULT CURRENT_TIMESTAMP
            )
[23-Apr-2025 09:50:09 Europe/Berlin] With params: []
[23-Apr-2025 09:50:09 Europe/Berlin] Query executed successfully. Found 0 rows
[23-Apr-2025 09:50:09 Europe/Berlin] Users table created or already exists
[23-Apr-2025 09:50:09 Europe/Berlin] Users table structure: [{"Field":"id","Type":"int(11)","Null":"NO","Key":"PRI","Default":null,"Extra":"auto_increment"},{"Field":"username","Type":"varchar(50)","Null":"NO","Key":"","Default":null,"Extra":""},{"Field":"email","Type":"varchar(100)","Null":"NO","Key":"UNI","Default":null,"Extra":""},{"Field":"password","Type":"varchar(255)","Null":"NO","Key":"","Default":null,"Extra":""},{"Field":"role","Type":"enum('user','admin')","Null":"YES","Key":"","Default":"user","Extra":""},{"Field":"verification_code","Type":"varchar(100)","Null":"YES","Key":"","Default":null,"Extra":""},{"Field":"is_verified","Type":"tinyint(1)","Null":"YES","Key":"","Default":"0","Extra":""},{"Field":"created_at","Type":"timestamp","Null":"NO","Key":"","Default":"current_timestamp()","Extra":""},{"Field":"favorite_sport","Type":"varchar(50)","Null":"YES","Key":"","Default":null,"Extra":""},{"Field":"favorite_team","Type":"varchar(50)","Null":"YES","Key":"","Default":null,"Extra":""},{"Field":"account_type","Type":"enum('user','admin')","Null":"YES","Key":"","Default":"user","Extra":""}]
[23-Apr-2025 09:50:09 Europe/Berlin] Number of users in database: 13
[23-Apr-2025 09:50:09 Europe/Berlin] All tables initialized successfully
[23-Apr-2025 09:50:09 Europe/Berlin] Database tables initialized successfully
[23-Apr-2025 09:50:09 Europe/Berlin] Executing SQL: SELECT * FROM users WHERE id = :id
[23-Apr-2025 09:50:09 Europe/Berlin] With params: {":id":12}
[23-Apr-2025 09:50:09 Europe/Berlin] Query executed successfully. Found 1 rows
[23-Apr-2025 09:50:09 Europe/Berlin] User loaded from session: varunpndey
[23-Apr-2025 09:50:09 Europe/Berlin] Header - Session status: 2
[23-Apr-2025 09:50:09 Europe/Berlin] Header - Session data: {"user_id":12,"username":"varunpndey","email":"va@gmail.com","account_type":"admin"}
[23-Apr-2025 09:50:09 Europe/Berlin] Header - After session start - Status: 2
[23-Apr-2025 09:50:09 Europe/Berlin] Header - After session start - Data: {"user_id":12,"username":"varunpndey","email":"va@gmail.com","account_type":"admin"}
[23-Apr-2025 09:50:09 Europe/Berlin] Header - Is logged in: Yes
[23-Apr-2025 09:50:09 Europe/Berlin] Executing SQL: SELECT * FROM news ORDER BY created_at DESC LIMIT 5
[23-Apr-2025 09:50:09 Europe/Berlin] With params: []
[23-Apr-2025 09:50:09 Europe/Berlin] Query executed successfully. Found 5 rows
[23-Apr-2025 09:50:09 Europe/Berlin] Executing SQL: SELECT * FROM matches WHERE status = 'live'
[23-Apr-2025 09:50:09 Europe/Berlin] With params: []
[23-Apr-2025 09:50:09 Europe/Berlin] Query executed successfully. Found 0 rows
[23-Apr-2025 09:50:13 Europe/Berlin] Connected to database. Tables found: favorites, feedback, matches, matches_backup, matches_new, news, newsletter, notifications, players, subscriptions, users
[23-Apr-2025 09:50:13 Europe/Berlin] Executing SQL: CREATE TABLE IF NOT EXISTS users (
                id INT AUTO_INCREMENT PRIMARY KEY,
                username VARCHAR(50) NOT NULL UNIQUE,
                password VARCHAR(255) NOT NULL,
                email VARCHAR(100) NOT NULL UNIQUE,
                account_type ENUM('user', 'admin') DEFAULT 'user',
                created_at TIMESTAMP DEFAULT CURRENT_TIMESTAMP
            )
[23-Apr-2025 09:50:13 Europe/Berlin] With params: []
[23-Apr-2025 09:50:13 Europe/Berlin] Query executed successfully. Found 0 rows
[23-Apr-2025 09:50:13 Europe/Berlin] Users table created or already exists
[23-Apr-2025 09:50:13 Europe/Berlin] Users table structure: [{"Field":"id","Type":"int(11)","Null":"NO","Key":"PRI","Default":null,"Extra":"auto_increment"},{"Field":"username","Type":"varchar(50)","Null":"NO","Key":"","Default":null,"Extra":""},{"Field":"email","Type":"varchar(100)","Null":"NO","Key":"UNI","Default":null,"Extra":""},{"Field":"password","Type":"varchar(255)","Null":"NO","Key":"","Default":null,"Extra":""},{"Field":"role","Type":"enum('user','admin')","Null":"YES","Key":"","Default":"user","Extra":""},{"Field":"verification_code","Type":"varchar(100)","Null":"YES","Key":"","Default":null,"Extra":""},{"Field":"is_verified","Type":"tinyint(1)","Null":"YES","Key":"","Default":"0","Extra":""},{"Field":"created_at","Type":"timestamp","Null":"NO","Key":"","Default":"current_timestamp()","Extra":""},{"Field":"favorite_sport","Type":"varchar(50)","Null":"YES","Key":"","Default":null,"Extra":""},{"Field":"favorite_team","Type":"varchar(50)","Null":"YES","Key":"","Default":null,"Extra":""},{"Field":"account_type","Type":"enum('user','admin')","Null":"YES","Key":"","Default":"user","Extra":""}]
[23-Apr-2025 09:50:13 Europe/Berlin] Number of users in database: 13
[23-Apr-2025 09:50:13 Europe/Berlin] All tables initialized successfully
[23-Apr-2025 09:50:13 Europe/Berlin] Connected to database. Tables found: favorites, feedback, matches, matches_backup, matches_new, news, newsletter, notifications, players, subscriptions, users
[23-Apr-2025 09:50:13 Europe/Berlin] Executing SQL: CREATE TABLE IF NOT EXISTS users (
                id INT AUTO_INCREMENT PRIMARY KEY,
                username VARCHAR(50) NOT NULL UNIQUE,
                password VARCHAR(255) NOT NULL,
                email VARCHAR(100) NOT NULL UNIQUE,
                account_type ENUM('user', 'admin') DEFAULT 'user',
                created_at TIMESTAMP DEFAULT CURRENT_TIMESTAMP
            )
[23-Apr-2025 09:50:13 Europe/Berlin] With params: []
[23-Apr-2025 09:50:13 Europe/Berlin] Query executed successfully. Found 0 rows
[23-Apr-2025 09:50:13 Europe/Berlin] Users table created or already exists
[23-Apr-2025 09:50:13 Europe/Berlin] Users table structure: [{"Field":"id","Type":"int(11)","Null":"NO","Key":"PRI","Default":null,"Extra":"auto_increment"},{"Field":"username","Type":"varchar(50)","Null":"NO","Key":"","Default":null,"Extra":""},{"Field":"email","Type":"varchar(100)","Null":"NO","Key":"UNI","Default":null,"Extra":""},{"Field":"password","Type":"varchar(255)","Null":"NO","Key":"","Default":null,"Extra":""},{"Field":"role","Type":"enum('user','admin')","Null":"YES","Key":"","Default":"user","Extra":""},{"Field":"verification_code","Type":"varchar(100)","Null":"YES","Key":"","Default":null,"Extra":""},{"Field":"is_verified","Type":"tinyint(1)","Null":"YES","Key":"","Default":"0","Extra":""},{"Field":"created_at","Type":"timestamp","Null":"NO","Key":"","Default":"current_timestamp()","Extra":""},{"Field":"favorite_sport","Type":"varchar(50)","Null":"YES","Key":"","Default":null,"Extra":""},{"Field":"favorite_team","Type":"varchar(50)","Null":"YES","Key":"","Default":null,"Extra":""},{"Field":"account_type","Type":"enum('user','admin')","Null":"YES","Key":"","Default":"user","Extra":""}]
[23-Apr-2025 09:50:13 Europe/Berlin] Number of users in database: 13
[23-Apr-2025 09:50:13 Europe/Berlin] All tables initialized successfully
[23-Apr-2025 09:50:13 Europe/Berlin] Database tables initialized successfully
[23-Apr-2025 09:50:13 Europe/Berlin] Executing SQL: SELECT * FROM users WHERE id = :id
[23-Apr-2025 09:50:13 Europe/Berlin] With params: {":id":12}
[23-Apr-2025 09:50:13 Europe/Berlin] Query executed successfully. Found 1 rows
[23-Apr-2025 09:50:13 Europe/Berlin] User loaded from session: varunpndey
[23-Apr-2025 09:50:13 Europe/Berlin] Header - Session status: 2
[23-Apr-2025 09:50:13 Europe/Berlin] Header - Session data: {"user_id":12,"username":"varunpndey","email":"va@gmail.com","account_type":"admin"}
[23-Apr-2025 09:50:13 Europe/Berlin] Header - After session start - Status: 2
[23-Apr-2025 09:50:13 Europe/Berlin] Header - After session start - Data: {"user_id":12,"username":"varunpndey","email":"va@gmail.com","account_type":"admin"}
[23-Apr-2025 09:50:13 Europe/Berlin] Header - Is logged in: Yes
[23-Apr-2025 09:50:13 Europe/Berlin] Executing SQL: SELECT * FROM matches WHERE sport = :sport ORDER BY match_time DESC
[23-Apr-2025 09:50:13 Europe/Berlin] With params: {":sport":"football"}
[23-Apr-2025 09:50:13 Europe/Berlin] Query executed successfully. Found 0 rows
[23-Apr-2025 09:50:13 Europe/Berlin] Executing SQL: SELECT * FROM matches WHERE sport = :sport AND status = :status
[23-Apr-2025 09:50:13 Europe/Berlin] With params: {":sport":"football",":status":"live"}
[23-Apr-2025 09:50:13 Europe/Berlin] Query executed successfully. Found 0 rows
[23-Apr-2025 09:50:14 Europe/Berlin] Connected to database. Tables found: favorites, feedback, matches, matches_backup, matches_new, news, newsletter, notifications, players, subscriptions, users
[23-Apr-2025 09:50:14 Europe/Berlin] Executing SQL: CREATE TABLE IF NOT EXISTS users (
                id INT AUTO_INCREMENT PRIMARY KEY,
                username VARCHAR(50) NOT NULL UNIQUE,
                password VARCHAR(255) NOT NULL,
                email VARCHAR(100) NOT NULL UNIQUE,
                account_type ENUM('user', 'admin') DEFAULT 'user',
                created_at TIMESTAMP DEFAULT CURRENT_TIMESTAMP
            )
[23-Apr-2025 09:50:14 Europe/Berlin] With params: []
[23-Apr-2025 09:50:14 Europe/Berlin] Query executed successfully. Found 0 rows
[23-Apr-2025 09:50:14 Europe/Berlin] Users table created or already exists
[23-Apr-2025 09:50:14 Europe/Berlin] Users table structure: [{"Field":"id","Type":"int(11)","Null":"NO","Key":"PRI","Default":null,"Extra":"auto_increment"},{"Field":"username","Type":"varchar(50)","Null":"NO","Key":"","Default":null,"Extra":""},{"Field":"email","Type":"varchar(100)","Null":"NO","Key":"UNI","Default":null,"Extra":""},{"Field":"password","Type":"varchar(255)","Null":"NO","Key":"","Default":null,"Extra":""},{"Field":"role","Type":"enum('user','admin')","Null":"YES","Key":"","Default":"user","Extra":""},{"Field":"verification_code","Type":"varchar(100)","Null":"YES","Key":"","Default":null,"Extra":""},{"Field":"is_verified","Type":"tinyint(1)","Null":"YES","Key":"","Default":"0","Extra":""},{"Field":"created_at","Type":"timestamp","Null":"NO","Key":"","Default":"current_timestamp()","Extra":""},{"Field":"favorite_sport","Type":"varchar(50)","Null":"YES","Key":"","Default":null,"Extra":""},{"Field":"favorite_team","Type":"varchar(50)","Null":"YES","Key":"","Default":null,"Extra":""},{"Field":"account_type","Type":"enum('user','admin')","Null":"YES","Key":"","Default":"user","Extra":""}]
[23-Apr-2025 09:50:14 Europe/Berlin] Number of users in database: 13
[23-Apr-2025 09:50:14 Europe/Berlin] All tables initialized successfully
[23-Apr-2025 09:50:14 Europe/Berlin] Connected to database. Tables found: favorites, feedback, matches, matches_backup, matches_new, news, newsletter, notifications, players, subscriptions, users
[23-Apr-2025 09:50:14 Europe/Berlin] Executing SQL: CREATE TABLE IF NOT EXISTS users (
                id INT AUTO_INCREMENT PRIMARY KEY,
                username VARCHAR(50) NOT NULL UNIQUE,
                password VARCHAR(255) NOT NULL,
                email VARCHAR(100) NOT NULL UNIQUE,
                account_type ENUM('user', 'admin') DEFAULT 'user',
                created_at TIMESTAMP DEFAULT CURRENT_TIMESTAMP
            )
[23-Apr-2025 09:50:14 Europe/Berlin] With params: []
[23-Apr-2025 09:50:14 Europe/Berlin] Query executed successfully. Found 0 rows
[23-Apr-2025 09:50:14 Europe/Berlin] Users table created or already exists
[23-Apr-2025 09:50:14 Europe/Berlin] Users table structure: [{"Field":"id","Type":"int(11)","Null":"NO","Key":"PRI","Default":null,"Extra":"auto_increment"},{"Field":"username","Type":"varchar(50)","Null":"NO","Key":"","Default":null,"Extra":""},{"Field":"email","Type":"varchar(100)","Null":"NO","Key":"UNI","Default":null,"Extra":""},{"Field":"password","Type":"varchar(255)","Null":"NO","Key":"","Default":null,"Extra":""},{"Field":"role","Type":"enum('user','admin')","Null":"YES","Key":"","Default":"user","Extra":""},{"Field":"verification_code","Type":"varchar(100)","Null":"YES","Key":"","Default":null,"Extra":""},{"Field":"is_verified","Type":"tinyint(1)","Null":"YES","Key":"","Default":"0","Extra":""},{"Field":"created_at","Type":"timestamp","Null":"NO","Key":"","Default":"current_timestamp()","Extra":""},{"Field":"favorite_sport","Type":"varchar(50)","Null":"YES","Key":"","Default":null,"Extra":""},{"Field":"favorite_team","Type":"varchar(50)","Null":"YES","Key":"","Default":null,"Extra":""},{"Field":"account_type","Type":"enum('user','admin')","Null":"YES","Key":"","Default":"user","Extra":""}]
[23-Apr-2025 09:50:14 Europe/Berlin] Number of users in database: 13
[23-Apr-2025 09:50:14 Europe/Berlin] All tables initialized successfully
[23-Apr-2025 09:50:14 Europe/Berlin] Database tables initialized successfully
[23-Apr-2025 09:50:14 Europe/Berlin] Executing SQL: SELECT * FROM users WHERE id = :id
[23-Apr-2025 09:50:14 Europe/Berlin] With params: {":id":12}
[23-Apr-2025 09:50:14 Europe/Berlin] Query executed successfully. Found 1 rows
[23-Apr-2025 09:50:14 Europe/Berlin] User loaded from session: varunpndey
[23-Apr-2025 09:50:14 Europe/Berlin] Header - Session status: 2
[23-Apr-2025 09:50:14 Europe/Berlin] Header - Session data: {"user_id":12,"username":"varunpndey","email":"va@gmail.com","account_type":"admin"}
[23-Apr-2025 09:50:14 Europe/Berlin] Header - After session start - Status: 2
[23-Apr-2025 09:50:14 Europe/Berlin] Header - After session start - Data: {"user_id":12,"username":"varunpndey","email":"va@gmail.com","account_type":"admin"}
[23-Apr-2025 09:50:14 Europe/Berlin] Header - Is logged in: Yes
[23-Apr-2025 09:50:14 Europe/Berlin] Executing SQL: SELECT * FROM matches WHERE sport = :sport ORDER BY match_time DESC
[23-Apr-2025 09:50:14 Europe/Berlin] With params: {":sport":"cricket"}
[23-Apr-2025 09:50:14 Europe/Berlin] Query executed successfully. Found 0 rows
[23-Apr-2025 09:50:14 Europe/Berlin] Executing SQL: SELECT * FROM matches WHERE sport = :sport AND status = :status
[23-Apr-2025 09:50:14 Europe/Berlin] With params: {":sport":"cricket",":status":"live"}
[23-Apr-2025 09:50:14 Europe/Berlin] Query executed successfully. Found 0 rows
[23-Apr-2025 09:50:15 Europe/Berlin] Connected to database. Tables found: favorites, feedback, matches, matches_backup, matches_new, news, newsletter, notifications, players, subscriptions, users
[23-Apr-2025 09:50:15 Europe/Berlin] Executing SQL: CREATE TABLE IF NOT EXISTS users (
                id INT AUTO_INCREMENT PRIMARY KEY,
                username VARCHAR(50) NOT NULL UNIQUE,
                password VARCHAR(255) NOT NULL,
                email VARCHAR(100) NOT NULL UNIQUE,
                account_type ENUM('user', 'admin') DEFAULT 'user',
                created_at TIMESTAMP DEFAULT CURRENT_TIMESTAMP
            )
[23-Apr-2025 09:50:15 Europe/Berlin] With params: []
[23-Apr-2025 09:50:15 Europe/Berlin] Query executed successfully. Found 0 rows
[23-Apr-2025 09:50:15 Europe/Berlin] Users table created or already exists
[23-Apr-2025 09:50:15 Europe/Berlin] Users table structure: [{"Field":"id","Type":"int(11)","Null":"NO","Key":"PRI","Default":null,"Extra":"auto_increment"},{"Field":"username","Type":"varchar(50)","Null":"NO","Key":"","Default":null,"Extra":""},{"Field":"email","Type":"varchar(100)","Null":"NO","Key":"UNI","Default":null,"Extra":""},{"Field":"password","Type":"varchar(255)","Null":"NO","Key":"","Default":null,"Extra":""},{"Field":"role","Type":"enum('user','admin')","Null":"YES","Key":"","Default":"user","Extra":""},{"Field":"verification_code","Type":"varchar(100)","Null":"YES","Key":"","Default":null,"Extra":""},{"Field":"is_verified","Type":"tinyint(1)","Null":"YES","Key":"","Default":"0","Extra":""},{"Field":"created_at","Type":"timestamp","Null":"NO","Key":"","Default":"current_timestamp()","Extra":""},{"Field":"favorite_sport","Type":"varchar(50)","Null":"YES","Key":"","Default":null,"Extra":""},{"Field":"favorite_team","Type":"varchar(50)","Null":"YES","Key":"","Default":null,"Extra":""},{"Field":"account_type","Type":"enum('user','admin')","Null":"YES","Key":"","Default":"user","Extra":""}]
[23-Apr-2025 09:50:15 Europe/Berlin] Number of users in database: 13
[23-Apr-2025 09:50:15 Europe/Berlin] All tables initialized successfully
[23-Apr-2025 09:50:15 Europe/Berlin] Connected to database. Tables found: favorites, feedback, matches, matches_backup, matches_new, news, newsletter, notifications, players, subscriptions, users
[23-Apr-2025 09:50:15 Europe/Berlin] Executing SQL: CREATE TABLE IF NOT EXISTS users (
                id INT AUTO_INCREMENT PRIMARY KEY,
                username VARCHAR(50) NOT NULL UNIQUE,
                password VARCHAR(255) NOT NULL,
                email VARCHAR(100) NOT NULL UNIQUE,
                account_type ENUM('user', 'admin') DEFAULT 'user',
                created_at TIMESTAMP DEFAULT CURRENT_TIMESTAMP
            )
[23-Apr-2025 09:50:15 Europe/Berlin] With params: []
[23-Apr-2025 09:50:15 Europe/Berlin] Query executed successfully. Found 0 rows
[23-Apr-2025 09:50:15 Europe/Berlin] Users table created or already exists
[23-Apr-2025 09:50:15 Europe/Berlin] Users table structure: [{"Field":"id","Type":"int(11)","Null":"NO","Key":"PRI","Default":null,"Extra":"auto_increment"},{"Field":"username","Type":"varchar(50)","Null":"NO","Key":"","Default":null,"Extra":""},{"Field":"email","Type":"varchar(100)","Null":"NO","Key":"UNI","Default":null,"Extra":""},{"Field":"password","Type":"varchar(255)","Null":"NO","Key":"","Default":null,"Extra":""},{"Field":"role","Type":"enum('user','admin')","Null":"YES","Key":"","Default":"user","Extra":""},{"Field":"verification_code","Type":"varchar(100)","Null":"YES","Key":"","Default":null,"Extra":""},{"Field":"is_verified","Type":"tinyint(1)","Null":"YES","Key":"","Default":"0","Extra":""},{"Field":"created_at","Type":"timestamp","Null":"NO","Key":"","Default":"current_timestamp()","Extra":""},{"Field":"favorite_sport","Type":"varchar(50)","Null":"YES","Key":"","Default":null,"Extra":""},{"Field":"favorite_team","Type":"varchar(50)","Null":"YES","Key":"","Default":null,"Extra":""},{"Field":"account_type","Type":"enum('user','admin')","Null":"YES","Key":"","Default":"user","Extra":""}]
[23-Apr-2025 09:50:15 Europe/Berlin] Number of users in database: 13
[23-Apr-2025 09:50:15 Europe/Berlin] All tables initialized successfully
[23-Apr-2025 09:50:15 Europe/Berlin] Database tables initialized successfully
[23-Apr-2025 09:50:15 Europe/Berlin] Executing SQL: SELECT * FROM users WHERE id = :id
[23-Apr-2025 09:50:15 Europe/Berlin] With params: {":id":12}
[23-Apr-2025 09:50:15 Europe/Berlin] Query executed successfully. Found 1 rows
[23-Apr-2025 09:50:15 Europe/Berlin] User loaded from session: varunpndey
[23-Apr-2025 09:50:15 Europe/Berlin] Header - Session status: 2
[23-Apr-2025 09:50:15 Europe/Berlin] Header - Session data: {"user_id":12,"username":"varunpndey","email":"va@gmail.com","account_type":"admin"}
[23-Apr-2025 09:50:15 Europe/Berlin] Header - After session start - Status: 2
[23-Apr-2025 09:50:15 Europe/Berlin] Header - After session start - Data: {"user_id":12,"username":"varunpndey","email":"va@gmail.com","account_type":"admin"}
[23-Apr-2025 09:50:15 Europe/Berlin] Header - Is logged in: Yes
[23-Apr-2025 09:50:15 Europe/Berlin] Executing SQL: SELECT * FROM matches WHERE status = 'live'
[23-Apr-2025 09:50:15 Europe/Berlin] With params: []
[23-Apr-2025 09:50:15 Europe/Berlin] Query executed successfully. Found 0 rows
[23-Apr-2025 09:50:18 Europe/Berlin] Connected to database. Tables found: favorites, feedback, matches, matches_backup, matches_new, news, newsletter, notifications, players, subscriptions, users
[23-Apr-2025 09:50:18 Europe/Berlin] Executing SQL: CREATE TABLE IF NOT EXISTS users (
                id INT AUTO_INCREMENT PRIMARY KEY,
                username VARCHAR(50) NOT NULL UNIQUE,
                password VARCHAR(255) NOT NULL,
                email VARCHAR(100) NOT NULL UNIQUE,
                account_type ENUM('user', 'admin') DEFAULT 'user',
                created_at TIMESTAMP DEFAULT CURRENT_TIMESTAMP
            )
[23-Apr-2025 09:50:18 Europe/Berlin] With params: []
[23-Apr-2025 09:50:18 Europe/Berlin] Query executed successfully. Found 0 rows
[23-Apr-2025 09:50:18 Europe/Berlin] Users table created or already exists
[23-Apr-2025 09:50:18 Europe/Berlin] Users table structure: [{"Field":"id","Type":"int(11)","Null":"NO","Key":"PRI","Default":null,"Extra":"auto_increment"},{"Field":"username","Type":"varchar(50)","Null":"NO","Key":"","Default":null,"Extra":""},{"Field":"email","Type":"varchar(100)","Null":"NO","Key":"UNI","Default":null,"Extra":""},{"Field":"password","Type":"varchar(255)","Null":"NO","Key":"","Default":null,"Extra":""},{"Field":"role","Type":"enum('user','admin')","Null":"YES","Key":"","Default":"user","Extra":""},{"Field":"verification_code","Type":"varchar(100)","Null":"YES","Key":"","Default":null,"Extra":""},{"Field":"is_verified","Type":"tinyint(1)","Null":"YES","Key":"","Default":"0","Extra":""},{"Field":"created_at","Type":"timestamp","Null":"NO","Key":"","Default":"current_timestamp()","Extra":""},{"Field":"favorite_sport","Type":"varchar(50)","Null":"YES","Key":"","Default":null,"Extra":""},{"Field":"favorite_team","Type":"varchar(50)","Null":"YES","Key":"","Default":null,"Extra":""},{"Field":"account_type","Type":"enum('user','admin')","Null":"YES","Key":"","Default":"user","Extra":""}]
[23-Apr-2025 09:50:18 Europe/Berlin] Number of users in database: 13
[23-Apr-2025 09:50:18 Europe/Berlin] All tables initialized successfully
[23-Apr-2025 09:50:18 Europe/Berlin] Connected to database. Tables found: favorites, feedback, matches, matches_backup, matches_new, news, newsletter, notifications, players, subscriptions, users
[23-Apr-2025 09:50:18 Europe/Berlin] Executing SQL: CREATE TABLE IF NOT EXISTS users (
                id INT AUTO_INCREMENT PRIMARY KEY,
                username VARCHAR(50) NOT NULL UNIQUE,
                password VARCHAR(255) NOT NULL,
                email VARCHAR(100) NOT NULL UNIQUE,
                account_type ENUM('user', 'admin') DEFAULT 'user',
                created_at TIMESTAMP DEFAULT CURRENT_TIMESTAMP
            )
[23-Apr-2025 09:50:18 Europe/Berlin] With params: []
[23-Apr-2025 09:50:18 Europe/Berlin] Query executed successfully. Found 0 rows
[23-Apr-2025 09:50:18 Europe/Berlin] Users table created or already exists
[23-Apr-2025 09:50:18 Europe/Berlin] Users table structure: [{"Field":"id","Type":"int(11)","Null":"NO","Key":"PRI","Default":null,"Extra":"auto_increment"},{"Field":"username","Type":"varchar(50)","Null":"NO","Key":"","Default":null,"Extra":""},{"Field":"email","Type":"varchar(100)","Null":"NO","Key":"UNI","Default":null,"Extra":""},{"Field":"password","Type":"varchar(255)","Null":"NO","Key":"","Default":null,"Extra":""},{"Field":"role","Type":"enum('user','admin')","Null":"YES","Key":"","Default":"user","Extra":""},{"Field":"verification_code","Type":"varchar(100)","Null":"YES","Key":"","Default":null,"Extra":""},{"Field":"is_verified","Type":"tinyint(1)","Null":"YES","Key":"","Default":"0","Extra":""},{"Field":"created_at","Type":"timestamp","Null":"NO","Key":"","Default":"current_timestamp()","Extra":""},{"Field":"favorite_sport","Type":"varchar(50)","Null":"YES","Key":"","Default":null,"Extra":""},{"Field":"favorite_team","Type":"varchar(50)","Null":"YES","Key":"","Default":null,"Extra":""},{"Field":"account_type","Type":"enum('user','admin')","Null":"YES","Key":"","Default":"user","Extra":""}]
[23-Apr-2025 09:50:18 Europe/Berlin] Number of users in database: 13
[23-Apr-2025 09:50:18 Europe/Berlin] All tables initialized successfully
[23-Apr-2025 09:50:18 Europe/Berlin] Database tables initialized successfully
[23-Apr-2025 09:50:18 Europe/Berlin] Executing SQL: SELECT * FROM users WHERE id = :id
[23-Apr-2025 09:50:18 Europe/Berlin] With params: {":id":12}
[23-Apr-2025 09:50:18 Europe/Berlin] Query executed successfully. Found 1 rows
[23-Apr-2025 09:50:18 Europe/Berlin] User loaded from session: varunpndey
[23-Apr-2025 09:50:18 Europe/Berlin] Executing SQL: SELECT * FROM users WHERE id = :id
[23-Apr-2025 09:50:18 Europe/Berlin] With params: {":id":12}
[23-Apr-2025 09:50:18 Europe/Berlin] Query executed successfully. Found 1 rows
[23-Apr-2025 09:50:18 Europe/Berlin] Executing SQL: SELECT * FROM news ORDER BY created_at DESC
[23-Apr-2025 09:50:18 Europe/Berlin] With params: []
[23-Apr-2025 09:50:18 Europe/Berlin] Query executed successfully. Found 13 rows
[23-Apr-2025 09:50:18 Europe/Berlin] Executing SQL: SELECT * FROM feedback ORDER BY created_at DESC
[23-Apr-2025 09:50:18 Europe/Berlin] With params: []
[23-Apr-2025 09:50:18 Europe/Berlin] Query executed successfully. Found 10 rows
[23-Apr-2025 09:50:18 Europe/Berlin] Executing SQL: SELECT * FROM matches WHERE status = 'live'
[23-Apr-2025 09:50:18 Europe/Berlin] With params: []
[23-Apr-2025 09:50:18 Europe/Berlin] Query executed successfully. Found 0 rows
[23-Apr-2025 09:50:18 Europe/Berlin] Executing SQL: SELECT * FROM matches WHERE 1=1 ORDER BY match_time DESC
[23-Apr-2025 09:50:18 Europe/Berlin] With params: []
[23-Apr-2025 09:50:18 Europe/Berlin] Query executed successfully. Found 0 rows
[23-Apr-2025 09:50:18 Europe/Berlin] PHP Warning:  Undefined array key "status" in /Applications/XAMPP/xamppfiles/htdocs/sportsync/public/admin.php on line 869
[23-Apr-2025 09:50:18 Europe/Berlin] PHP Warning:  Undefined array key "status" in /Applications/XAMPP/xamppfiles/htdocs/sportsync/public/admin.php on line 870
[23-Apr-2025 09:50:18 Europe/Berlin] PHP Warning:  Undefined array key "status" in /Applications/XAMPP/xamppfiles/htdocs/sportsync/public/admin.php on line 871
[23-Apr-2025 09:50:18 Europe/Berlin] PHP Warning:  Undefined array key "status" in /Applications/XAMPP/xamppfiles/htdocs/sportsync/public/admin.php on line 869
[23-Apr-2025 09:50:18 Europe/Berlin] PHP Warning:  Undefined array key "status" in /Applications/XAMPP/xamppfiles/htdocs/sportsync/public/admin.php on line 870
[23-Apr-2025 09:50:18 Europe/Berlin] PHP Warning:  Undefined array key "status" in /Applications/XAMPP/xamppfiles/htdocs/sportsync/public/admin.php on line 871
[23-Apr-2025 09:50:18 Europe/Berlin] PHP Warning:  Undefined array key "status" in /Applications/XAMPP/xamppfiles/htdocs/sportsync/public/admin.php on line 869
[23-Apr-2025 09:50:18 Europe/Berlin] PHP Warning:  Undefined array key "status" in /Applications/XAMPP/xamppfiles/htdocs/sportsync/public/admin.php on line 870
[23-Apr-2025 09:50:18 Europe/Berlin] PHP Warning:  Undefined array key "status" in /Applications/XAMPP/xamppfiles/htdocs/sportsync/public/admin.php on line 871
[23-Apr-2025 09:50:18 Europe/Berlin] PHP Warning:  Undefined array key "status" in /Applications/XAMPP/xamppfiles/htdocs/sportsync/public/admin.php on line 869
[23-Apr-2025 09:50:18 Europe/Berlin] PHP Warning:  Undefined array key "status" in /Applications/XAMPP/xamppfiles/htdocs/sportsync/public/admin.php on line 870
[23-Apr-2025 09:50:18 Europe/Berlin] PHP Warning:  Undefined array key "status" in /Applications/XAMPP/xamppfiles/htdocs/sportsync/public/admin.php on line 871
[23-Apr-2025 09:50:18 Europe/Berlin] PHP Warning:  Undefined array key "status" in /Applications/XAMPP/xamppfiles/htdocs/sportsync/public/admin.php on line 869
[23-Apr-2025 09:50:18 Europe/Berlin] PHP Warning:  Undefined array key "status" in /Applications/XAMPP/xamppfiles/htdocs/sportsync/public/admin.php on line 870
[23-Apr-2025 09:50:18 Europe/Berlin] PHP Warning:  Undefined array key "status" in /Applications/XAMPP/xamppfiles/htdocs/sportsync/public/admin.php on line 871
[23-Apr-2025 09:50:18 Europe/Berlin] PHP Warning:  Undefined array key "status" in /Applications/XAMPP/xamppfiles/htdocs/sportsync/public/admin.php on line 869
[23-Apr-2025 09:50:18 Europe/Berlin] PHP Warning:  Undefined array key "status" in /Applications/XAMPP/xamppfiles/htdocs/sportsync/public/admin.php on line 870
[23-Apr-2025 09:50:18 Europe/Berlin] PHP Warning:  Undefined array key "status" in /Applications/XAMPP/xamppfiles/htdocs/sportsync/public/admin.php on line 871
[23-Apr-2025 09:50:18 Europe/Berlin] PHP Warning:  Undefined array key "status" in /Applications/XAMPP/xamppfiles/htdocs/sportsync/public/admin.php on line 869
[23-Apr-2025 09:50:18 Europe/Berlin] PHP Warning:  Undefined array key "status" in /Applications/XAMPP/xamppfiles/htdocs/sportsync/public/admin.php on line 870
[23-Apr-2025 09:50:18 Europe/Berlin] PHP Warning:  Undefined array key "status" in /Applications/XAMPP/xamppfiles/htdocs/sportsync/public/admin.php on line 871
[23-Apr-2025 09:50:18 Europe/Berlin] PHP Warning:  Undefined array key "status" in /Applications/XAMPP/xamppfiles/htdocs/sportsync/public/admin.php on line 869
[23-Apr-2025 09:50:18 Europe/Berlin] PHP Warning:  Undefined array key "status" in /Applications/XAMPP/xamppfiles/htdocs/sportsync/public/admin.php on line 870
[23-Apr-2025 09:50:18 Europe/Berlin] PHP Warning:  Undefined array key "status" in /Applications/XAMPP/xamppfiles/htdocs/sportsync/public/admin.php on line 871
[23-Apr-2025 09:50:18 Europe/Berlin] PHP Warning:  Undefined array key "status" in /Applications/XAMPP/xamppfiles/htdocs/sportsync/public/admin.php on line 869
[23-Apr-2025 09:50:18 Europe/Berlin] PHP Warning:  Undefined array key "status" in /Applications/XAMPP/xamppfiles/htdocs/sportsync/public/admin.php on line 870
[23-Apr-2025 09:50:18 Europe/Berlin] PHP Warning:  Undefined array key "status" in /Applications/XAMPP/xamppfiles/htdocs/sportsync/public/admin.php on line 871
[23-Apr-2025 09:50:18 Europe/Berlin] PHP Warning:  Undefined array key "status" in /Applications/XAMPP/xamppfiles/htdocs/sportsync/public/admin.php on line 869
[23-Apr-2025 09:50:18 Europe/Berlin] PHP Warning:  Undefined array key "status" in /Applications/XAMPP/xamppfiles/htdocs/sportsync/public/admin.php on line 870
[23-Apr-2025 09:50:18 Europe/Berlin] PHP Warning:  Undefined array key "status" in /Applications/XAMPP/xamppfiles/htdocs/sportsync/public/admin.php on line 871
[23-Apr-2025 09:50:51 Europe/Berlin] Connected to database. Tables found: favorites, feedback, matches, matches_backup, matches_new, news, newsletter, notifications, players, subscriptions, users
[23-Apr-2025 09:50:51 Europe/Berlin] Executing SQL: CREATE TABLE IF NOT EXISTS users (
                id INT AUTO_INCREMENT PRIMARY KEY,
                username VARCHAR(50) NOT NULL UNIQUE,
                password VARCHAR(255) NOT NULL,
                email VARCHAR(100) NOT NULL UNIQUE,
                account_type ENUM('user', 'admin') DEFAULT 'user',
                created_at TIMESTAMP DEFAULT CURRENT_TIMESTAMP
            )
[23-Apr-2025 09:50:51 Europe/Berlin] With params: []
[23-Apr-2025 09:50:51 Europe/Berlin] Query executed successfully. Found 0 rows
[23-Apr-2025 09:50:51 Europe/Berlin] Users table created or already exists
[23-Apr-2025 09:50:51 Europe/Berlin] Users table structure: [{"Field":"id","Type":"int(11)","Null":"NO","Key":"PRI","Default":null,"Extra":"auto_increment"},{"Field":"username","Type":"varchar(50)","Null":"NO","Key":"","Default":null,"Extra":""},{"Field":"email","Type":"varchar(100)","Null":"NO","Key":"UNI","Default":null,"Extra":""},{"Field":"password","Type":"varchar(255)","Null":"NO","Key":"","Default":null,"Extra":""},{"Field":"role","Type":"enum('user','admin')","Null":"YES","Key":"","Default":"user","Extra":""},{"Field":"verification_code","Type":"varchar(100)","Null":"YES","Key":"","Default":null,"Extra":""},{"Field":"is_verified","Type":"tinyint(1)","Null":"YES","Key":"","Default":"0","Extra":""},{"Field":"created_at","Type":"timestamp","Null":"NO","Key":"","Default":"current_timestamp()","Extra":""},{"Field":"favorite_sport","Type":"varchar(50)","Null":"YES","Key":"","Default":null,"Extra":""},{"Field":"favorite_team","Type":"varchar(50)","Null":"YES","Key":"","Default":null,"Extra":""},{"Field":"account_type","Type":"enum('user','admin')","Null":"YES","Key":"","Default":"user","Extra":""}]
[23-Apr-2025 09:50:51 Europe/Berlin] Number of users in database: 13
[23-Apr-2025 09:50:51 Europe/Berlin] All tables initialized successfully
[23-Apr-2025 09:50:51 Europe/Berlin] Executing SQL: INSERT INTO matches (team1, team2, venue, match_time, sport, status) 
                    VALUES (:team1, :team2, :venue, :match_time, :sport, :status)
[23-Apr-2025 09:50:51 Europe/Berlin] With params: {":team1":"India",":team2":"Australia",":venue":"Kolkata",":match_time":"2025-04-25T13:20",":sport":"cricket",":status":"upcoming"}
[23-Apr-2025 09:50:51 Europe/Berlin] Query executed successfully. Found 0 rows
[23-Apr-2025 09:52:14 Europe/Berlin] Connected to database. Tables found: favorites, feedback, matches, matches_backup, matches_new, news, newsletter, notifications, players, subscriptions, users
[23-Apr-2025 09:52:14 Europe/Berlin] Executing SQL: CREATE TABLE IF NOT EXISTS users (
                id INT AUTO_INCREMENT PRIMARY KEY,
                username VARCHAR(50) NOT NULL UNIQUE,
                password VARCHAR(255) NOT NULL,
                email VARCHAR(100) NOT NULL UNIQUE,
                account_type ENUM('user', 'admin') DEFAULT 'user',
                created_at TIMESTAMP DEFAULT CURRENT_TIMESTAMP
            )
[23-Apr-2025 09:52:14 Europe/Berlin] With params: []
[23-Apr-2025 09:52:14 Europe/Berlin] Query executed successfully. Found 0 rows
[23-Apr-2025 09:52:14 Europe/Berlin] Users table created or already exists
[23-Apr-2025 09:52:14 Europe/Berlin] Users table structure: [{"Field":"id","Type":"int(11)","Null":"NO","Key":"PRI","Default":null,"Extra":"auto_increment"},{"Field":"username","Type":"varchar(50)","Null":"NO","Key":"","Default":null,"Extra":""},{"Field":"email","Type":"varchar(100)","Null":"NO","Key":"UNI","Default":null,"Extra":""},{"Field":"password","Type":"varchar(255)","Null":"NO","Key":"","Default":null,"Extra":""},{"Field":"role","Type":"enum('user','admin')","Null":"YES","Key":"","Default":"user","Extra":""},{"Field":"verification_code","Type":"varchar(100)","Null":"YES","Key":"","Default":null,"Extra":""},{"Field":"is_verified","Type":"tinyint(1)","Null":"YES","Key":"","Default":"0","Extra":""},{"Field":"created_at","Type":"timestamp","Null":"NO","Key":"","Default":"current_timestamp()","Extra":""},{"Field":"favorite_sport","Type":"varchar(50)","Null":"YES","Key":"","Default":null,"Extra":""},{"Field":"favorite_team","Type":"varchar(50)","Null":"YES","Key":"","Default":null,"Extra":""},{"Field":"account_type","Type":"enum('user','admin')","Null":"YES","Key":"","Default":"user","Extra":""}]
[23-Apr-2025 09:52:14 Europe/Berlin] Number of users in database: 13
[23-Apr-2025 09:52:14 Europe/Berlin] All tables initialized successfully
[23-Apr-2025 09:52:14 Europe/Berlin] Connected to database. Tables found: favorites, feedback, matches, matches_backup, matches_new, news, newsletter, notifications, players, subscriptions, users
[23-Apr-2025 09:52:14 Europe/Berlin] Executing SQL: CREATE TABLE IF NOT EXISTS users (
                id INT AUTO_INCREMENT PRIMARY KEY,
                username VARCHAR(50) NOT NULL UNIQUE,
                password VARCHAR(255) NOT NULL,
                email VARCHAR(100) NOT NULL UNIQUE,
                account_type ENUM('user', 'admin') DEFAULT 'user',
                created_at TIMESTAMP DEFAULT CURRENT_TIMESTAMP
            )
[23-Apr-2025 09:52:14 Europe/Berlin] With params: []
[23-Apr-2025 09:52:14 Europe/Berlin] Query executed successfully. Found 0 rows
[23-Apr-2025 09:52:14 Europe/Berlin] Users table created or already exists
[23-Apr-2025 09:52:14 Europe/Berlin] Users table structure: [{"Field":"id","Type":"int(11)","Null":"NO","Key":"PRI","Default":null,"Extra":"auto_increment"},{"Field":"username","Type":"varchar(50)","Null":"NO","Key":"","Default":null,"Extra":""},{"Field":"email","Type":"varchar(100)","Null":"NO","Key":"UNI","Default":null,"Extra":""},{"Field":"password","Type":"varchar(255)","Null":"NO","Key":"","Default":null,"Extra":""},{"Field":"role","Type":"enum('user','admin')","Null":"YES","Key":"","Default":"user","Extra":""},{"Field":"verification_code","Type":"varchar(100)","Null":"YES","Key":"","Default":null,"Extra":""},{"Field":"is_verified","Type":"tinyint(1)","Null":"YES","Key":"","Default":"0","Extra":""},{"Field":"created_at","Type":"timestamp","Null":"NO","Key":"","Default":"current_timestamp()","Extra":""},{"Field":"favorite_sport","Type":"varchar(50)","Null":"YES","Key":"","Default":null,"Extra":""},{"Field":"favorite_team","Type":"varchar(50)","Null":"YES","Key":"","Default":null,"Extra":""},{"Field":"account_type","Type":"enum('user','admin')","Null":"YES","Key":"","Default":"user","Extra":""}]
[23-Apr-2025 09:52:14 Europe/Berlin] Number of users in database: 13
[23-Apr-2025 09:52:14 Europe/Berlin] All tables initialized successfully
[23-Apr-2025 09:52:14 Europe/Berlin] Database tables initialized successfully
[23-Apr-2025 09:52:14 Europe/Berlin] Executing SQL: SELECT * FROM users WHERE id = :id
[23-Apr-2025 09:52:14 Europe/Berlin] With params: {":id":12}
[23-Apr-2025 09:52:14 Europe/Berlin] Query executed successfully. Found 1 rows
[23-Apr-2025 09:52:14 Europe/Berlin] User loaded from session: varunpndey
[23-Apr-2025 09:52:14 Europe/Berlin] Executing SQL: SELECT * FROM users WHERE id = :id
[23-Apr-2025 09:52:14 Europe/Berlin] With params: {":id":12}
[23-Apr-2025 09:52:14 Europe/Berlin] Query executed successfully. Found 1 rows
[23-Apr-2025 09:52:14 Europe/Berlin] Executing SQL: DELETE FROM news WHERE id = :id
[23-Apr-2025 09:52:14 Europe/Berlin] With params: {":id":"7"}
[23-Apr-2025 09:52:14 Europe/Berlin] Query executed successfully. Found 0 rows
[23-Apr-2025 09:52:14 Europe/Berlin] PHP Fatal error:  Uncaught Error: Call to a member function rowCount() on array in /Applications/XAMPP/xamppfiles/htdocs/sportsync/backend/news.php:94
Stack trace:
#0 /Applications/XAMPP/xamppfiles/htdocs/sportsync/public/admin.php(250): deleteNews('7')
#1 /Applications/XAMPP/xamppfiles/htdocs/sportsync/public/index.php(38): require('/Applications/X...')
#2 {main}
  thrown in /Applications/XAMPP/xamppfiles/htdocs/sportsync/backend/news.php on line 94
[23-Apr-2025 09:52:18 Europe/Berlin] Connected to database. Tables found: favorites, feedback, matches, matches_backup, matches_new, news, newsletter, notifications, players, subscriptions, users
[23-Apr-2025 09:52:18 Europe/Berlin] Executing SQL: CREATE TABLE IF NOT EXISTS users (
                id INT AUTO_INCREMENT PRIMARY KEY,
                username VARCHAR(50) NOT NULL UNIQUE,
                password VARCHAR(255) NOT NULL,
                email VARCHAR(100) NOT NULL UNIQUE,
                account_type ENUM('user', 'admin') DEFAULT 'user',
                created_at TIMESTAMP DEFAULT CURRENT_TIMESTAMP
            )
[23-Apr-2025 09:52:18 Europe/Berlin] With params: []
[23-Apr-2025 09:52:18 Europe/Berlin] Query executed successfully. Found 0 rows
[23-Apr-2025 09:52:18 Europe/Berlin] Users table created or already exists
[23-Apr-2025 09:52:18 Europe/Berlin] Users table structure: [{"Field":"id","Type":"int(11)","Null":"NO","Key":"PRI","Default":null,"Extra":"auto_increment"},{"Field":"username","Type":"varchar(50)","Null":"NO","Key":"","Default":null,"Extra":""},{"Field":"email","Type":"varchar(100)","Null":"NO","Key":"UNI","Default":null,"Extra":""},{"Field":"password","Type":"varchar(255)","Null":"NO","Key":"","Default":null,"Extra":""},{"Field":"role","Type":"enum('user','admin')","Null":"YES","Key":"","Default":"user","Extra":""},{"Field":"verification_code","Type":"varchar(100)","Null":"YES","Key":"","Default":null,"Extra":""},{"Field":"is_verified","Type":"tinyint(1)","Null":"YES","Key":"","Default":"0","Extra":""},{"Field":"created_at","Type":"timestamp","Null":"NO","Key":"","Default":"current_timestamp()","Extra":""},{"Field":"favorite_sport","Type":"varchar(50)","Null":"YES","Key":"","Default":null,"Extra":""},{"Field":"favorite_team","Type":"varchar(50)","Null":"YES","Key":"","Default":null,"Extra":""},{"Field":"account_type","Type":"enum('user','admin')","Null":"YES","Key":"","Default":"user","Extra":""}]
[23-Apr-2025 09:52:18 Europe/Berlin] Number of users in database: 13
[23-Apr-2025 09:52:18 Europe/Berlin] All tables initialized successfully
[23-Apr-2025 09:52:18 Europe/Berlin] Connected to database. Tables found: favorites, feedback, matches, matches_backup, matches_new, news, newsletter, notifications, players, subscriptions, users
[23-Apr-2025 09:52:18 Europe/Berlin] Executing SQL: CREATE TABLE IF NOT EXISTS users (
                id INT AUTO_INCREMENT PRIMARY KEY,
                username VARCHAR(50) NOT NULL UNIQUE,
                password VARCHAR(255) NOT NULL,
                email VARCHAR(100) NOT NULL UNIQUE,
                account_type ENUM('user', 'admin') DEFAULT 'user',
                created_at TIMESTAMP DEFAULT CURRENT_TIMESTAMP
            )
[23-Apr-2025 09:52:18 Europe/Berlin] With params: []
[23-Apr-2025 09:52:18 Europe/Berlin] Query executed successfully. Found 0 rows
[23-Apr-2025 09:52:18 Europe/Berlin] Users table created or already exists
[23-Apr-2025 09:52:18 Europe/Berlin] Users table structure: [{"Field":"id","Type":"int(11)","Null":"NO","Key":"PRI","Default":null,"Extra":"auto_increment"},{"Field":"username","Type":"varchar(50)","Null":"NO","Key":"","Default":null,"Extra":""},{"Field":"email","Type":"varchar(100)","Null":"NO","Key":"UNI","Default":null,"Extra":""},{"Field":"password","Type":"varchar(255)","Null":"NO","Key":"","Default":null,"Extra":""},{"Field":"role","Type":"enum('user','admin')","Null":"YES","Key":"","Default":"user","Extra":""},{"Field":"verification_code","Type":"varchar(100)","Null":"YES","Key":"","Default":null,"Extra":""},{"Field":"is_verified","Type":"tinyint(1)","Null":"YES","Key":"","Default":"0","Extra":""},{"Field":"created_at","Type":"timestamp","Null":"NO","Key":"","Default":"current_timestamp()","Extra":""},{"Field":"favorite_sport","Type":"varchar(50)","Null":"YES","Key":"","Default":null,"Extra":""},{"Field":"favorite_team","Type":"varchar(50)","Null":"YES","Key":"","Default":null,"Extra":""},{"Field":"account_type","Type":"enum('user','admin')","Null":"YES","Key":"","Default":"user","Extra":""}]
[23-Apr-2025 09:52:18 Europe/Berlin] Number of users in database: 13
[23-Apr-2025 09:52:18 Europe/Berlin] All tables initialized successfully
[23-Apr-2025 09:52:18 Europe/Berlin] Database tables initialized successfully
[23-Apr-2025 09:52:18 Europe/Berlin] Executing SQL: SELECT * FROM users WHERE id = :id
[23-Apr-2025 09:52:18 Europe/Berlin] With params: {":id":12}
[23-Apr-2025 09:52:18 Europe/Berlin] Query executed successfully. Found 1 rows
[23-Apr-2025 09:52:18 Europe/Berlin] User loaded from session: varunpndey
[23-Apr-2025 09:52:18 Europe/Berlin] Executing SQL: SELECT * FROM users WHERE id = :id
[23-Apr-2025 09:52:18 Europe/Berlin] With params: {":id":12}
[23-Apr-2025 09:52:18 Europe/Berlin] Query executed successfully. Found 1 rows
[23-Apr-2025 09:52:18 Europe/Berlin] Executing SQL: SELECT * FROM news ORDER BY created_at DESC
[23-Apr-2025 09:52:18 Europe/Berlin] With params: []
[23-Apr-2025 09:52:18 Europe/Berlin] Query executed successfully. Found 12 rows
[23-Apr-2025 09:52:18 Europe/Berlin] Executing SQL: SELECT * FROM feedback ORDER BY created_at DESC
[23-Apr-2025 09:52:18 Europe/Berlin] With params: []
[23-Apr-2025 09:52:18 Europe/Berlin] Query executed successfully. Found 10 rows
[23-Apr-2025 09:52:18 Europe/Berlin] Executing SQL: SELECT * FROM matches WHERE status = 'live'
[23-Apr-2025 09:52:18 Europe/Berlin] With params: []
[23-Apr-2025 09:52:18 Europe/Berlin] Query executed successfully. Found 0 rows
[23-Apr-2025 09:52:18 Europe/Berlin] Executing SQL: SELECT * FROM matches WHERE 1=1 ORDER BY match_time DESC
[23-Apr-2025 09:52:18 Europe/Berlin] With params: []
[23-Apr-2025 09:52:18 Europe/Berlin] Query executed successfully. Found 1 rows
[23-Apr-2025 09:52:18 Europe/Berlin] PHP Warning:  Undefined array key "status" in /Applications/XAMPP/xamppfiles/htdocs/sportsync/public/admin.php on line 869
[23-Apr-2025 09:52:18 Europe/Berlin] PHP Warning:  Undefined array key "status" in /Applications/XAMPP/xamppfiles/htdocs/sportsync/public/admin.php on line 870
[23-Apr-2025 09:52:18 Europe/Berlin] PHP Warning:  Undefined array key "status" in /Applications/XAMPP/xamppfiles/htdocs/sportsync/public/admin.php on line 871
[23-Apr-2025 09:52:18 Europe/Berlin] PHP Warning:  Undefined array key "status" in /Applications/XAMPP/xamppfiles/htdocs/sportsync/public/admin.php on line 869
[23-Apr-2025 09:52:18 Europe/Berlin] PHP Warning:  Undefined array key "status" in /Applications/XAMPP/xamppfiles/htdocs/sportsync/public/admin.php on line 870
[23-Apr-2025 09:52:18 Europe/Berlin] PHP Warning:  Undefined array key "status" in /Applications/XAMPP/xamppfiles/htdocs/sportsync/public/admin.php on line 871
[23-Apr-2025 09:52:18 Europe/Berlin] PHP Warning:  Undefined array key "status" in /Applications/XAMPP/xamppfiles/htdocs/sportsync/public/admin.php on line 869
[23-Apr-2025 09:52:18 Europe/Berlin] PHP Warning:  Undefined array key "status" in /Applications/XAMPP/xamppfiles/htdocs/sportsync/public/admin.php on line 870
[23-Apr-2025 09:52:18 Europe/Berlin] PHP Warning:  Undefined array key "status" in /Applications/XAMPP/xamppfiles/htdocs/sportsync/public/admin.php on line 871
[23-Apr-2025 09:52:18 Europe/Berlin] PHP Warning:  Undefined array key "status" in /Applications/XAMPP/xamppfiles/htdocs/sportsync/public/admin.php on line 869
[23-Apr-2025 09:52:18 Europe/Berlin] PHP Warning:  Undefined array key "status" in /Applications/XAMPP/xamppfiles/htdocs/sportsync/public/admin.php on line 870
[23-Apr-2025 09:52:18 Europe/Berlin] PHP Warning:  Undefined array key "status" in /Applications/XAMPP/xamppfiles/htdocs/sportsync/public/admin.php on line 871
[23-Apr-2025 09:52:18 Europe/Berlin] PHP Warning:  Undefined array key "status" in /Applications/XAMPP/xamppfiles/htdocs/sportsync/public/admin.php on line 869
[23-Apr-2025 09:52:18 Europe/Berlin] PHP Warning:  Undefined array key "status" in /Applications/XAMPP/xamppfiles/htdocs/sportsync/public/admin.php on line 870
[23-Apr-2025 09:52:18 Europe/Berlin] PHP Warning:  Undefined array key "status" in /Applications/XAMPP/xamppfiles/htdocs/sportsync/public/admin.php on line 871
[23-Apr-2025 09:52:18 Europe/Berlin] PHP Warning:  Undefined array key "status" in /Applications/XAMPP/xamppfiles/htdocs/sportsync/public/admin.php on line 869
[23-Apr-2025 09:52:18 Europe/Berlin] PHP Warning:  Undefined array key "status" in /Applications/XAMPP/xamppfiles/htdocs/sportsync/public/admin.php on line 870
[23-Apr-2025 09:52:18 Europe/Berlin] PHP Warning:  Undefined array key "status" in /Applications/XAMPP/xamppfiles/htdocs/sportsync/public/admin.php on line 871
[23-Apr-2025 09:52:18 Europe/Berlin] PHP Warning:  Undefined array key "status" in /Applications/XAMPP/xamppfiles/htdocs/sportsync/public/admin.php on line 869
[23-Apr-2025 09:52:18 Europe/Berlin] PHP Warning:  Undefined array key "status" in /Applications/XAMPP/xamppfiles/htdocs/sportsync/public/admin.php on line 870
[23-Apr-2025 09:52:18 Europe/Berlin] PHP Warning:  Undefined array key "status" in /Applications/XAMPP/xamppfiles/htdocs/sportsync/public/admin.php on line 871
[23-Apr-2025 09:52:18 Europe/Berlin] PHP Warning:  Undefined array key "status" in /Applications/XAMPP/xamppfiles/htdocs/sportsync/public/admin.php on line 869
[23-Apr-2025 09:52:18 Europe/Berlin] PHP Warning:  Undefined array key "status" in /Applications/XAMPP/xamppfiles/htdocs/sportsync/public/admin.php on line 870
[23-Apr-2025 09:52:18 Europe/Berlin] PHP Warning:  Undefined array key "status" in /Applications/XAMPP/xamppfiles/htdocs/sportsync/public/admin.php on line 871
[23-Apr-2025 09:52:18 Europe/Berlin] PHP Warning:  Undefined array key "status" in /Applications/XAMPP/xamppfiles/htdocs/sportsync/public/admin.php on line 869
[23-Apr-2025 09:52:18 Europe/Berlin] PHP Warning:  Undefined array key "status" in /Applications/XAMPP/xamppfiles/htdocs/sportsync/public/admin.php on line 870
[23-Apr-2025 09:52:18 Europe/Berlin] PHP Warning:  Undefined array key "status" in /Applications/XAMPP/xamppfiles/htdocs/sportsync/public/admin.php on line 871
[23-Apr-2025 09:52:18 Europe/Berlin] PHP Warning:  Undefined array key "status" in /Applications/XAMPP/xamppfiles/htdocs/sportsync/public/admin.php on line 869
[23-Apr-2025 09:52:18 Europe/Berlin] PHP Warning:  Undefined array key "status" in /Applications/XAMPP/xamppfiles/htdocs/sportsync/public/admin.php on line 870
[23-Apr-2025 09:52:18 Europe/Berlin] PHP Warning:  Undefined array key "status" in /Applications/XAMPP/xamppfiles/htdocs/sportsync/public/admin.php on line 871
[23-Apr-2025 09:54:45 Europe/Berlin] Connected to database. Tables found: favorites, feedback, matches, matches_backup, matches_new, news, newsletter, notifications, players, subscriptions, users
[23-Apr-2025 09:54:45 Europe/Berlin] Executing SQL: CREATE TABLE IF NOT EXISTS users (
                id INT AUTO_INCREMENT PRIMARY KEY,
                username VARCHAR(50) NOT NULL UNIQUE,
                password VARCHAR(255) NOT NULL,
                email VARCHAR(100) NOT NULL UNIQUE,
                account_type ENUM('user', 'admin') DEFAULT 'user',
                created_at TIMESTAMP DEFAULT CURRENT_TIMESTAMP
            )
[23-Apr-2025 09:54:45 Europe/Berlin] With params: []
[23-Apr-2025 09:54:45 Europe/Berlin] Query executed successfully. Found 0 rows
[23-Apr-2025 09:54:45 Europe/Berlin] Users table created or already exists
[23-Apr-2025 09:54:45 Europe/Berlin] Users table structure: [{"Field":"id","Type":"int(11)","Null":"NO","Key":"PRI","Default":null,"Extra":"auto_increment"},{"Field":"username","Type":"varchar(50)","Null":"NO","Key":"","Default":null,"Extra":""},{"Field":"email","Type":"varchar(100)","Null":"NO","Key":"UNI","Default":null,"Extra":""},{"Field":"password","Type":"varchar(255)","Null":"NO","Key":"","Default":null,"Extra":""},{"Field":"role","Type":"enum('user','admin')","Null":"YES","Key":"","Default":"user","Extra":""},{"Field":"verification_code","Type":"varchar(100)","Null":"YES","Key":"","Default":null,"Extra":""},{"Field":"is_verified","Type":"tinyint(1)","Null":"YES","Key":"","Default":"0","Extra":""},{"Field":"created_at","Type":"timestamp","Null":"NO","Key":"","Default":"current_timestamp()","Extra":""},{"Field":"favorite_sport","Type":"varchar(50)","Null":"YES","Key":"","Default":null,"Extra":""},{"Field":"favorite_team","Type":"varchar(50)","Null":"YES","Key":"","Default":null,"Extra":""},{"Field":"account_type","Type":"enum('user','admin')","Null":"YES","Key":"","Default":"user","Extra":""}]
[23-Apr-2025 09:54:45 Europe/Berlin] Number of users in database: 13
[23-Apr-2025 09:54:45 Europe/Berlin] All tables initialized successfully
[23-Apr-2025 09:54:45 Europe/Berlin] Executing SQL: INSERT INTO matches (team1, team2, venue, match_time, sport, status) 
                    VALUES (:team1, :team2, :venue, :match_time, :sport, :status)
[23-Apr-2025 09:54:45 Europe/Berlin] With params: {":team1":"Csk",":team2":"mi",":venue":"kolkata",":match_time":"2025-04-26T13:24",":sport":"cricket",":status":"upcoming"}
[23-Apr-2025 09:54:45 Europe/Berlin] Query executed successfully. Found 0 rows
[23-Apr-2025 09:54:48 Europe/Berlin] Connected to database. Tables found: favorites, feedback, matches, matches_backup, matches_new, news, newsletter, notifications, players, subscriptions, users
[23-Apr-2025 09:54:48 Europe/Berlin] Executing SQL: CREATE TABLE IF NOT EXISTS users (
                id INT AUTO_INCREMENT PRIMARY KEY,
                username VARCHAR(50) NOT NULL UNIQUE,
                password VARCHAR(255) NOT NULL,
                email VARCHAR(100) NOT NULL UNIQUE,
                account_type ENUM('user', 'admin') DEFAULT 'user',
                created_at TIMESTAMP DEFAULT CURRENT_TIMESTAMP
            )
[23-Apr-2025 09:54:48 Europe/Berlin] With params: []
[23-Apr-2025 09:54:48 Europe/Berlin] Query executed successfully. Found 0 rows
[23-Apr-2025 09:54:48 Europe/Berlin] Users table created or already exists
[23-Apr-2025 09:54:48 Europe/Berlin] Users table structure: [{"Field":"id","Type":"int(11)","Null":"NO","Key":"PRI","Default":null,"Extra":"auto_increment"},{"Field":"username","Type":"varchar(50)","Null":"NO","Key":"","Default":null,"Extra":""},{"Field":"email","Type":"varchar(100)","Null":"NO","Key":"UNI","Default":null,"Extra":""},{"Field":"password","Type":"varchar(255)","Null":"NO","Key":"","Default":null,"Extra":""},{"Field":"role","Type":"enum('user','admin')","Null":"YES","Key":"","Default":"user","Extra":""},{"Field":"verification_code","Type":"varchar(100)","Null":"YES","Key":"","Default":null,"Extra":""},{"Field":"is_verified","Type":"tinyint(1)","Null":"YES","Key":"","Default":"0","Extra":""},{"Field":"created_at","Type":"timestamp","Null":"NO","Key":"","Default":"current_timestamp()","Extra":""},{"Field":"favorite_sport","Type":"varchar(50)","Null":"YES","Key":"","Default":null,"Extra":""},{"Field":"favorite_team","Type":"varchar(50)","Null":"YES","Key":"","Default":null,"Extra":""},{"Field":"account_type","Type":"enum('user','admin')","Null":"YES","Key":"","Default":"user","Extra":""}]
[23-Apr-2025 09:54:48 Europe/Berlin] Number of users in database: 13
[23-Apr-2025 09:54:48 Europe/Berlin] All tables initialized successfully
[23-Apr-2025 09:54:48 Europe/Berlin] Connected to database. Tables found: favorites, feedback, matches, matches_backup, matches_new, news, newsletter, notifications, players, subscriptions, users
[23-Apr-2025 09:54:48 Europe/Berlin] Executing SQL: CREATE TABLE IF NOT EXISTS users (
                id INT AUTO_INCREMENT PRIMARY KEY,
                username VARCHAR(50) NOT NULL UNIQUE,
                password VARCHAR(255) NOT NULL,
                email VARCHAR(100) NOT NULL UNIQUE,
                account_type ENUM('user', 'admin') DEFAULT 'user',
                created_at TIMESTAMP DEFAULT CURRENT_TIMESTAMP
            )
[23-Apr-2025 09:54:48 Europe/Berlin] With params: []
[23-Apr-2025 09:54:48 Europe/Berlin] Query executed successfully. Found 0 rows
[23-Apr-2025 09:54:48 Europe/Berlin] Users table created or already exists
[23-Apr-2025 09:54:48 Europe/Berlin] Users table structure: [{"Field":"id","Type":"int(11)","Null":"NO","Key":"PRI","Default":null,"Extra":"auto_increment"},{"Field":"username","Type":"varchar(50)","Null":"NO","Key":"","Default":null,"Extra":""},{"Field":"email","Type":"varchar(100)","Null":"NO","Key":"UNI","Default":null,"Extra":""},{"Field":"password","Type":"varchar(255)","Null":"NO","Key":"","Default":null,"Extra":""},{"Field":"role","Type":"enum('user','admin')","Null":"YES","Key":"","Default":"user","Extra":""},{"Field":"verification_code","Type":"varchar(100)","Null":"YES","Key":"","Default":null,"Extra":""},{"Field":"is_verified","Type":"tinyint(1)","Null":"YES","Key":"","Default":"0","Extra":""},{"Field":"created_at","Type":"timestamp","Null":"NO","Key":"","Default":"current_timestamp()","Extra":""},{"Field":"favorite_sport","Type":"varchar(50)","Null":"YES","Key":"","Default":null,"Extra":""},{"Field":"favorite_team","Type":"varchar(50)","Null":"YES","Key":"","Default":null,"Extra":""},{"Field":"account_type","Type":"enum('user','admin')","Null":"YES","Key":"","Default":"user","Extra":""}]
[23-Apr-2025 09:54:48 Europe/Berlin] Number of users in database: 13
[23-Apr-2025 09:54:48 Europe/Berlin] All tables initialized successfully
[23-Apr-2025 09:54:48 Europe/Berlin] Database tables initialized successfully
[23-Apr-2025 09:54:48 Europe/Berlin] Executing SQL: SELECT * FROM users WHERE id = :id
[23-Apr-2025 09:54:48 Europe/Berlin] With params: {":id":12}
[23-Apr-2025 09:54:48 Europe/Berlin] Query executed successfully. Found 1 rows
[23-Apr-2025 09:54:48 Europe/Berlin] User loaded from session: varunpndey
[23-Apr-2025 09:54:48 Europe/Berlin] Executing SQL: SELECT * FROM users WHERE id = :id
[23-Apr-2025 09:54:48 Europe/Berlin] With params: {":id":12}
[23-Apr-2025 09:54:48 Europe/Berlin] Query executed successfully. Found 1 rows
[23-Apr-2025 09:54:48 Europe/Berlin] Executing SQL: SELECT * FROM news ORDER BY created_at DESC
[23-Apr-2025 09:54:48 Europe/Berlin] With params: []
[23-Apr-2025 09:54:48 Europe/Berlin] Query executed successfully. Found 12 rows
[23-Apr-2025 09:54:48 Europe/Berlin] Executing SQL: SELECT * FROM feedback ORDER BY created_at DESC
[23-Apr-2025 09:54:48 Europe/Berlin] With params: []
[23-Apr-2025 09:54:48 Europe/Berlin] Query executed successfully. Found 10 rows
[23-Apr-2025 09:54:48 Europe/Berlin] Executing SQL: SELECT * FROM matches WHERE status = 'live'
[23-Apr-2025 09:54:48 Europe/Berlin] With params: []
[23-Apr-2025 09:54:48 Europe/Berlin] Query executed successfully. Found 0 rows
[23-Apr-2025 09:54:48 Europe/Berlin] Executing SQL: SELECT * FROM matches WHERE 1=1 ORDER BY match_time DESC
[23-Apr-2025 09:54:48 Europe/Berlin] With params: []
[23-Apr-2025 09:54:48 Europe/Berlin] Query executed successfully. Found 2 rows
[23-Apr-2025 09:54:48 Europe/Berlin] PHP Warning:  Undefined array key "status" in /Applications/XAMPP/xamppfiles/htdocs/sportsync/public/admin.php on line 865
[23-Apr-2025 09:54:48 Europe/Berlin] PHP Warning:  Undefined array key "status" in /Applications/XAMPP/xamppfiles/htdocs/sportsync/public/admin.php on line 866
[23-Apr-2025 09:54:48 Europe/Berlin] PHP Warning:  Undefined array key "status" in /Applications/XAMPP/xamppfiles/htdocs/sportsync/public/admin.php on line 867
[23-Apr-2025 09:54:48 Europe/Berlin] PHP Warning:  Undefined array key "status" in /Applications/XAMPP/xamppfiles/htdocs/sportsync/public/admin.php on line 865
[23-Apr-2025 09:54:48 Europe/Berlin] PHP Warning:  Undefined array key "status" in /Applications/XAMPP/xamppfiles/htdocs/sportsync/public/admin.php on line 866
[23-Apr-2025 09:54:48 Europe/Berlin] PHP Warning:  Undefined array key "status" in /Applications/XAMPP/xamppfiles/htdocs/sportsync/public/admin.php on line 867
[23-Apr-2025 09:54:48 Europe/Berlin] PHP Warning:  Undefined array key "status" in /Applications/XAMPP/xamppfiles/htdocs/sportsync/public/admin.php on line 865
[23-Apr-2025 09:54:48 Europe/Berlin] PHP Warning:  Undefined array key "status" in /Applications/XAMPP/xamppfiles/htdocs/sportsync/public/admin.php on line 866
[23-Apr-2025 09:54:48 Europe/Berlin] PHP Warning:  Undefined array key "status" in /Applications/XAMPP/xamppfiles/htdocs/sportsync/public/admin.php on line 867
[23-Apr-2025 09:54:48 Europe/Berlin] PHP Warning:  Undefined array key "status" in /Applications/XAMPP/xamppfiles/htdocs/sportsync/public/admin.php on line 865
[23-Apr-2025 09:54:48 Europe/Berlin] PHP Warning:  Undefined array key "status" in /Applications/XAMPP/xamppfiles/htdocs/sportsync/public/admin.php on line 866
[23-Apr-2025 09:54:48 Europe/Berlin] PHP Warning:  Undefined array key "status" in /Applications/XAMPP/xamppfiles/htdocs/sportsync/public/admin.php on line 867
[23-Apr-2025 09:54:48 Europe/Berlin] PHP Warning:  Undefined array key "status" in /Applications/XAMPP/xamppfiles/htdocs/sportsync/public/admin.php on line 865
[23-Apr-2025 09:54:48 Europe/Berlin] PHP Warning:  Undefined array key "status" in /Applications/XAMPP/xamppfiles/htdocs/sportsync/public/admin.php on line 866
[23-Apr-2025 09:54:48 Europe/Berlin] PHP Warning:  Undefined array key "status" in /Applications/XAMPP/xamppfiles/htdocs/sportsync/public/admin.php on line 867
[23-Apr-2025 09:54:48 Europe/Berlin] PHP Warning:  Undefined array key "status" in /Applications/XAMPP/xamppfiles/htdocs/sportsync/public/admin.php on line 865
[23-Apr-2025 09:54:48 Europe/Berlin] PHP Warning:  Undefined array key "status" in /Applications/XAMPP/xamppfiles/htdocs/sportsync/public/admin.php on line 866
[23-Apr-2025 09:54:48 Europe/Berlin] PHP Warning:  Undefined array key "status" in /Applications/XAMPP/xamppfiles/htdocs/sportsync/public/admin.php on line 867
[23-Apr-2025 09:54:48 Europe/Berlin] PHP Warning:  Undefined array key "status" in /Applications/XAMPP/xamppfiles/htdocs/sportsync/public/admin.php on line 865
[23-Apr-2025 09:54:48 Europe/Berlin] PHP Warning:  Undefined array key "status" in /Applications/XAMPP/xamppfiles/htdocs/sportsync/public/admin.php on line 866
[23-Apr-2025 09:54:48 Europe/Berlin] PHP Warning:  Undefined array key "status" in /Applications/XAMPP/xamppfiles/htdocs/sportsync/public/admin.php on line 867
[23-Apr-2025 09:54:48 Europe/Berlin] PHP Warning:  Undefined array key "status" in /Applications/XAMPP/xamppfiles/htdocs/sportsync/public/admin.php on line 865
[23-Apr-2025 09:54:48 Europe/Berlin] PHP Warning:  Undefined array key "status" in /Applications/XAMPP/xamppfiles/htdocs/sportsync/public/admin.php on line 866
[23-Apr-2025 09:54:48 Europe/Berlin] PHP Warning:  Undefined array key "status" in /Applications/XAMPP/xamppfiles/htdocs/sportsync/public/admin.php on line 867
[23-Apr-2025 09:54:48 Europe/Berlin] PHP Warning:  Undefined array key "status" in /Applications/XAMPP/xamppfiles/htdocs/sportsync/public/admin.php on line 865
[23-Apr-2025 09:54:48 Europe/Berlin] PHP Warning:  Undefined array key "status" in /Applications/XAMPP/xamppfiles/htdocs/sportsync/public/admin.php on line 866
[23-Apr-2025 09:54:48 Europe/Berlin] PHP Warning:  Undefined array key "status" in /Applications/XAMPP/xamppfiles/htdocs/sportsync/public/admin.php on line 867
[23-Apr-2025 09:54:48 Europe/Berlin] PHP Warning:  Undefined array key "status" in /Applications/XAMPP/xamppfiles/htdocs/sportsync/public/admin.php on line 865
[23-Apr-2025 09:54:48 Europe/Berlin] PHP Warning:  Undefined array key "status" in /Applications/XAMPP/xamppfiles/htdocs/sportsync/public/admin.php on line 866
[23-Apr-2025 09:54:48 Europe/Berlin] PHP Warning:  Undefined array key "status" in /Applications/XAMPP/xamppfiles/htdocs/sportsync/public/admin.php on line 867
[23-Apr-2025 09:59:23 Europe/Berlin] Connected to database. Tables found: favorites, feedback, matches, matches_backup, matches_new, news, newsletter, notifications, players, subscriptions, users
[23-Apr-2025 09:59:23 Europe/Berlin] Executing SQL: CREATE TABLE IF NOT EXISTS users (
                id INT AUTO_INCREMENT PRIMARY KEY,
                username VARCHAR(50) NOT NULL UNIQUE,
                password VARCHAR(255) NOT NULL,
                email VARCHAR(100) NOT NULL UNIQUE,
                account_type ENUM('user', 'admin') DEFAULT 'user',
                created_at TIMESTAMP DEFAULT CURRENT_TIMESTAMP
            )
[23-Apr-2025 09:59:23 Europe/Berlin] With params: []
[23-Apr-2025 09:59:23 Europe/Berlin] Query executed successfully. Found 0 rows
[23-Apr-2025 09:59:23 Europe/Berlin] Users table created or already exists
[23-Apr-2025 09:59:23 Europe/Berlin] Users table structure: [{"Field":"id","Type":"int(11)","Null":"NO","Key":"PRI","Default":null,"Extra":"auto_increment"},{"Field":"username","Type":"varchar(50)","Null":"NO","Key":"","Default":null,"Extra":""},{"Field":"email","Type":"varchar(100)","Null":"NO","Key":"UNI","Default":null,"Extra":""},{"Field":"password","Type":"varchar(255)","Null":"NO","Key":"","Default":null,"Extra":""},{"Field":"role","Type":"enum('user','admin')","Null":"YES","Key":"","Default":"user","Extra":""},{"Field":"verification_code","Type":"varchar(100)","Null":"YES","Key":"","Default":null,"Extra":""},{"Field":"is_verified","Type":"tinyint(1)","Null":"YES","Key":"","Default":"0","Extra":""},{"Field":"created_at","Type":"timestamp","Null":"NO","Key":"","Default":"current_timestamp()","Extra":""},{"Field":"favorite_sport","Type":"varchar(50)","Null":"YES","Key":"","Default":null,"Extra":""},{"Field":"favorite_team","Type":"varchar(50)","Null":"YES","Key":"","Default":null,"Extra":""},{"Field":"account_type","Type":"enum('user','admin')","Null":"YES","Key":"","Default":"user","Extra":""}]
[23-Apr-2025 09:59:23 Europe/Berlin] Number of users in database: 13
[23-Apr-2025 09:59:23 Europe/Berlin] All tables initialized successfully
[23-Apr-2025 09:59:23 Europe/Berlin] Connected to database. Tables found: favorites, feedback, matches, matches_backup, matches_new, news, newsletter, notifications, players, subscriptions, users
[23-Apr-2025 09:59:23 Europe/Berlin] Executing SQL: CREATE TABLE IF NOT EXISTS users (
                id INT AUTO_INCREMENT PRIMARY KEY,
                username VARCHAR(50) NOT NULL UNIQUE,
                password VARCHAR(255) NOT NULL,
                email VARCHAR(100) NOT NULL UNIQUE,
                account_type ENUM('user', 'admin') DEFAULT 'user',
                created_at TIMESTAMP DEFAULT CURRENT_TIMESTAMP
            )
[23-Apr-2025 09:59:23 Europe/Berlin] With params: []
[23-Apr-2025 09:59:23 Europe/Berlin] Query executed successfully. Found 0 rows
[23-Apr-2025 09:59:23 Europe/Berlin] Users table created or already exists
[23-Apr-2025 09:59:23 Europe/Berlin] Users table structure: [{"Field":"id","Type":"int(11)","Null":"NO","Key":"PRI","Default":null,"Extra":"auto_increment"},{"Field":"username","Type":"varchar(50)","Null":"NO","Key":"","Default":null,"Extra":""},{"Field":"email","Type":"varchar(100)","Null":"NO","Key":"UNI","Default":null,"Extra":""},{"Field":"password","Type":"varchar(255)","Null":"NO","Key":"","Default":null,"Extra":""},{"Field":"role","Type":"enum('user','admin')","Null":"YES","Key":"","Default":"user","Extra":""},{"Field":"verification_code","Type":"varchar(100)","Null":"YES","Key":"","Default":null,"Extra":""},{"Field":"is_verified","Type":"tinyint(1)","Null":"YES","Key":"","Default":"0","Extra":""},{"Field":"created_at","Type":"timestamp","Null":"NO","Key":"","Default":"current_timestamp()","Extra":""},{"Field":"favorite_sport","Type":"varchar(50)","Null":"YES","Key":"","Default":null,"Extra":""},{"Field":"favorite_team","Type":"varchar(50)","Null":"YES","Key":"","Default":null,"Extra":""},{"Field":"account_type","Type":"enum('user','admin')","Null":"YES","Key":"","Default":"user","Extra":""}]
[23-Apr-2025 09:59:23 Europe/Berlin] Number of users in database: 13
[23-Apr-2025 09:59:23 Europe/Berlin] All tables initialized successfully
[23-Apr-2025 09:59:23 Europe/Berlin] Database tables initialized successfully
[23-Apr-2025 09:59:23 Europe/Berlin] Executing SQL: SELECT * FROM users WHERE id = :id
[23-Apr-2025 09:59:23 Europe/Berlin] With params: {":id":12}
[23-Apr-2025 09:59:23 Europe/Berlin] Query executed successfully. Found 1 rows
[23-Apr-2025 09:59:23 Europe/Berlin] User loaded from session: varunpndey
[23-Apr-2025 09:59:23 Europe/Berlin] Executing SQL: SELECT * FROM users WHERE id = :id
[23-Apr-2025 09:59:23 Europe/Berlin] With params: {":id":12}
[23-Apr-2025 09:59:23 Europe/Berlin] Query executed successfully. Found 1 rows
[23-Apr-2025 09:59:23 Europe/Berlin] Executing SQL: SELECT * FROM news ORDER BY created_at DESC
[23-Apr-2025 09:59:23 Europe/Berlin] With params: []
[23-Apr-2025 09:59:23 Europe/Berlin] Query executed successfully. Found 12 rows
[23-Apr-2025 09:59:23 Europe/Berlin] Executing SQL: SELECT * FROM feedback ORDER BY created_at DESC
[23-Apr-2025 09:59:23 Europe/Berlin] With params: []
[23-Apr-2025 09:59:23 Europe/Berlin] Query executed successfully. Found 10 rows
[23-Apr-2025 09:59:23 Europe/Berlin] Executing SQL: SELECT * FROM matches WHERE status = 'live'
[23-Apr-2025 09:59:23 Europe/Berlin] With params: []
[23-Apr-2025 09:59:23 Europe/Berlin] Query executed successfully. Found 0 rows
[23-Apr-2025 09:59:23 Europe/Berlin] Executing SQL: SELECT * FROM matches WHERE 1=1 ORDER BY match_time DESC
[23-Apr-2025 09:59:23 Europe/Berlin] With params: []
[23-Apr-2025 09:59:23 Europe/Berlin] Query executed successfully. Found 2 rows
[23-Apr-2025 09:59:23 Europe/Berlin] PHP Warning:  Undefined array key "status" in /Applications/XAMPP/xamppfiles/htdocs/sportsync/public/admin.php on line 865
[23-Apr-2025 09:59:23 Europe/Berlin] PHP Warning:  Undefined array key "status" in /Applications/XAMPP/xamppfiles/htdocs/sportsync/public/admin.php on line 866
[23-Apr-2025 09:59:23 Europe/Berlin] PHP Warning:  Undefined array key "status" in /Applications/XAMPP/xamppfiles/htdocs/sportsync/public/admin.php on line 867
[23-Apr-2025 09:59:23 Europe/Berlin] PHP Warning:  Undefined array key "status" in /Applications/XAMPP/xamppfiles/htdocs/sportsync/public/admin.php on line 865
[23-Apr-2025 09:59:23 Europe/Berlin] PHP Warning:  Undefined array key "status" in /Applications/XAMPP/xamppfiles/htdocs/sportsync/public/admin.php on line 866
[23-Apr-2025 09:59:23 Europe/Berlin] PHP Warning:  Undefined array key "status" in /Applications/XAMPP/xamppfiles/htdocs/sportsync/public/admin.php on line 867
[23-Apr-2025 09:59:23 Europe/Berlin] PHP Warning:  Undefined array key "status" in /Applications/XAMPP/xamppfiles/htdocs/sportsync/public/admin.php on line 865
[23-Apr-2025 09:59:23 Europe/Berlin] PHP Warning:  Undefined array key "status" in /Applications/XAMPP/xamppfiles/htdocs/sportsync/public/admin.php on line 866
[23-Apr-2025 09:59:23 Europe/Berlin] PHP Warning:  Undefined array key "status" in /Applications/XAMPP/xamppfiles/htdocs/sportsync/public/admin.php on line 867
[23-Apr-2025 09:59:23 Europe/Berlin] PHP Warning:  Undefined array key "status" in /Applications/XAMPP/xamppfiles/htdocs/sportsync/public/admin.php on line 865
[23-Apr-2025 09:59:23 Europe/Berlin] PHP Warning:  Undefined array key "status" in /Applications/XAMPP/xamppfiles/htdocs/sportsync/public/admin.php on line 866
[23-Apr-2025 09:59:23 Europe/Berlin] PHP Warning:  Undefined array key "status" in /Applications/XAMPP/xamppfiles/htdocs/sportsync/public/admin.php on line 867
[23-Apr-2025 09:59:23 Europe/Berlin] PHP Warning:  Undefined array key "status" in /Applications/XAMPP/xamppfiles/htdocs/sportsync/public/admin.php on line 865
[23-Apr-2025 09:59:23 Europe/Berlin] PHP Warning:  Undefined array key "status" in /Applications/XAMPP/xamppfiles/htdocs/sportsync/public/admin.php on line 866
[23-Apr-2025 09:59:23 Europe/Berlin] PHP Warning:  Undefined array key "status" in /Applications/XAMPP/xamppfiles/htdocs/sportsync/public/admin.php on line 867
[23-Apr-2025 09:59:23 Europe/Berlin] PHP Warning:  Undefined array key "status" in /Applications/XAMPP/xamppfiles/htdocs/sportsync/public/admin.php on line 865
[23-Apr-2025 09:59:23 Europe/Berlin] PHP Warning:  Undefined array key "status" in /Applications/XAMPP/xamppfiles/htdocs/sportsync/public/admin.php on line 866
[23-Apr-2025 09:59:23 Europe/Berlin] PHP Warning:  Undefined array key "status" in /Applications/XAMPP/xamppfiles/htdocs/sportsync/public/admin.php on line 867
[23-Apr-2025 09:59:23 Europe/Berlin] PHP Warning:  Undefined array key "status" in /Applications/XAMPP/xamppfiles/htdocs/sportsync/public/admin.php on line 865
[23-Apr-2025 09:59:23 Europe/Berlin] PHP Warning:  Undefined array key "status" in /Applications/XAMPP/xamppfiles/htdocs/sportsync/public/admin.php on line 866
[23-Apr-2025 09:59:23 Europe/Berlin] PHP Warning:  Undefined array key "status" in /Applications/XAMPP/xamppfiles/htdocs/sportsync/public/admin.php on line 867
[23-Apr-2025 09:59:23 Europe/Berlin] PHP Warning:  Undefined array key "status" in /Applications/XAMPP/xamppfiles/htdocs/sportsync/public/admin.php on line 865
[23-Apr-2025 09:59:23 Europe/Berlin] PHP Warning:  Undefined array key "status" in /Applications/XAMPP/xamppfiles/htdocs/sportsync/public/admin.php on line 866
[23-Apr-2025 09:59:23 Europe/Berlin] PHP Warning:  Undefined array key "status" in /Applications/XAMPP/xamppfiles/htdocs/sportsync/public/admin.php on line 867
[23-Apr-2025 09:59:23 Europe/Berlin] PHP Warning:  Undefined array key "status" in /Applications/XAMPP/xamppfiles/htdocs/sportsync/public/admin.php on line 865
[23-Apr-2025 09:59:23 Europe/Berlin] PHP Warning:  Undefined array key "status" in /Applications/XAMPP/xamppfiles/htdocs/sportsync/public/admin.php on line 866
[23-Apr-2025 09:59:23 Europe/Berlin] PHP Warning:  Undefined array key "status" in /Applications/XAMPP/xamppfiles/htdocs/sportsync/public/admin.php on line 867
[23-Apr-2025 09:59:23 Europe/Berlin] PHP Warning:  Undefined array key "status" in /Applications/XAMPP/xamppfiles/htdocs/sportsync/public/admin.php on line 865
[23-Apr-2025 09:59:23 Europe/Berlin] PHP Warning:  Undefined array key "status" in /Applications/XAMPP/xamppfiles/htdocs/sportsync/public/admin.php on line 866
[23-Apr-2025 09:59:23 Europe/Berlin] PHP Warning:  Undefined array key "status" in /Applications/XAMPP/xamppfiles/htdocs/sportsync/public/admin.php on line 867
[23-Apr-2025 09:59:48 Europe/Berlin] Connected to database. Tables found: favorites, feedback, matches, matches_backup, matches_new, news, newsletter, notifications, players, subscriptions, users
[23-Apr-2025 09:59:48 Europe/Berlin] Executing SQL: CREATE TABLE IF NOT EXISTS users (
                id INT AUTO_INCREMENT PRIMARY KEY,
                username VARCHAR(50) NOT NULL UNIQUE,
                password VARCHAR(255) NOT NULL,
                email VARCHAR(100) NOT NULL UNIQUE,
                account_type ENUM('user', 'admin') DEFAULT 'user',
                created_at TIMESTAMP DEFAULT CURRENT_TIMESTAMP
            )
[23-Apr-2025 09:59:48 Europe/Berlin] With params: []
[23-Apr-2025 09:59:48 Europe/Berlin] Query executed successfully. Found 0 rows
[23-Apr-2025 09:59:48 Europe/Berlin] Users table created or already exists
[23-Apr-2025 09:59:48 Europe/Berlin] Users table structure: [{"Field":"id","Type":"int(11)","Null":"NO","Key":"PRI","Default":null,"Extra":"auto_increment"},{"Field":"username","Type":"varchar(50)","Null":"NO","Key":"","Default":null,"Extra":""},{"Field":"email","Type":"varchar(100)","Null":"NO","Key":"UNI","Default":null,"Extra":""},{"Field":"password","Type":"varchar(255)","Null":"NO","Key":"","Default":null,"Extra":""},{"Field":"role","Type":"enum('user','admin')","Null":"YES","Key":"","Default":"user","Extra":""},{"Field":"verification_code","Type":"varchar(100)","Null":"YES","Key":"","Default":null,"Extra":""},{"Field":"is_verified","Type":"tinyint(1)","Null":"YES","Key":"","Default":"0","Extra":""},{"Field":"created_at","Type":"timestamp","Null":"NO","Key":"","Default":"current_timestamp()","Extra":""},{"Field":"favorite_sport","Type":"varchar(50)","Null":"YES","Key":"","Default":null,"Extra":""},{"Field":"favorite_team","Type":"varchar(50)","Null":"YES","Key":"","Default":null,"Extra":""},{"Field":"account_type","Type":"enum('user','admin')","Null":"YES","Key":"","Default":"user","Extra":""}]
[23-Apr-2025 09:59:48 Europe/Berlin] Number of users in database: 13
[23-Apr-2025 09:59:48 Europe/Berlin] All tables initialized successfully
[23-Apr-2025 09:59:48 Europe/Berlin] Executing SQL: INSERT INTO matches (team1, team2, venue, match_time, sport, status) 
                    VALUES (:team1, :team2, :venue, :match_time, :sport, :status)
[23-Apr-2025 09:59:48 Europe/Berlin] With params: {":team1":"kkr",":team2":"mi",":venue":"Mumbai",":match_time":"2025-04-18T13:29",":sport":"cricket",":status":"completed"}
[23-Apr-2025 09:59:48 Europe/Berlin] Query executed successfully. Found 0 rows
[23-Apr-2025 09:59:52 Europe/Berlin] Connected to database. Tables found: favorites, feedback, matches, matches_backup, matches_new, news, newsletter, notifications, players, subscriptions, users
[23-Apr-2025 09:59:52 Europe/Berlin] Executing SQL: CREATE TABLE IF NOT EXISTS users (
                id INT AUTO_INCREMENT PRIMARY KEY,
                username VARCHAR(50) NOT NULL UNIQUE,
                password VARCHAR(255) NOT NULL,
                email VARCHAR(100) NOT NULL UNIQUE,
                account_type ENUM('user', 'admin') DEFAULT 'user',
                created_at TIMESTAMP DEFAULT CURRENT_TIMESTAMP
            )
[23-Apr-2025 09:59:52 Europe/Berlin] With params: []
[23-Apr-2025 09:59:52 Europe/Berlin] Query executed successfully. Found 0 rows
[23-Apr-2025 09:59:52 Europe/Berlin] Users table created or already exists
[23-Apr-2025 09:59:52 Europe/Berlin] Users table structure: [{"Field":"id","Type":"int(11)","Null":"NO","Key":"PRI","Default":null,"Extra":"auto_increment"},{"Field":"username","Type":"varchar(50)","Null":"NO","Key":"","Default":null,"Extra":""},{"Field":"email","Type":"varchar(100)","Null":"NO","Key":"UNI","Default":null,"Extra":""},{"Field":"password","Type":"varchar(255)","Null":"NO","Key":"","Default":null,"Extra":""},{"Field":"role","Type":"enum('user','admin')","Null":"YES","Key":"","Default":"user","Extra":""},{"Field":"verification_code","Type":"varchar(100)","Null":"YES","Key":"","Default":null,"Extra":""},{"Field":"is_verified","Type":"tinyint(1)","Null":"YES","Key":"","Default":"0","Extra":""},{"Field":"created_at","Type":"timestamp","Null":"NO","Key":"","Default":"current_timestamp()","Extra":""},{"Field":"favorite_sport","Type":"varchar(50)","Null":"YES","Key":"","Default":null,"Extra":""},{"Field":"favorite_team","Type":"varchar(50)","Null":"YES","Key":"","Default":null,"Extra":""},{"Field":"account_type","Type":"enum('user','admin')","Null":"YES","Key":"","Default":"user","Extra":""}]
[23-Apr-2025 09:59:52 Europe/Berlin] Number of users in database: 13
[23-Apr-2025 09:59:52 Europe/Berlin] All tables initialized successfully
[23-Apr-2025 09:59:52 Europe/Berlin] Executing SQL: INSERT INTO matches (team1, team2, venue, match_time, sport, status) 
                    VALUES (:team1, :team2, :venue, :match_time, :sport, :status)
[23-Apr-2025 09:59:52 Europe/Berlin] With params: {":team1":"kkr",":team2":"mi",":venue":"Mumbai",":match_time":"2025-04-18T13:29",":sport":"cricket",":status":"completed"}
[23-Apr-2025 09:59:52 Europe/Berlin] Query executed successfully. Found 0 rows
[23-Apr-2025 09:59:54 Europe/Berlin] Connected to database. Tables found: favorites, feedback, matches, matches_backup, matches_new, news, newsletter, notifications, players, subscriptions, users
[23-Apr-2025 09:59:54 Europe/Berlin] Executing SQL: CREATE TABLE IF NOT EXISTS users (
                id INT AUTO_INCREMENT PRIMARY KEY,
                username VARCHAR(50) NOT NULL UNIQUE,
                password VARCHAR(255) NOT NULL,
                email VARCHAR(100) NOT NULL UNIQUE,
                account_type ENUM('user', 'admin') DEFAULT 'user',
                created_at TIMESTAMP DEFAULT CURRENT_TIMESTAMP
            )
[23-Apr-2025 09:59:54 Europe/Berlin] With params: []
[23-Apr-2025 09:59:54 Europe/Berlin] Query executed successfully. Found 0 rows
[23-Apr-2025 09:59:54 Europe/Berlin] Users table created or already exists
[23-Apr-2025 09:59:54 Europe/Berlin] Users table structure: [{"Field":"id","Type":"int(11)","Null":"NO","Key":"PRI","Default":null,"Extra":"auto_increment"},{"Field":"username","Type":"varchar(50)","Null":"NO","Key":"","Default":null,"Extra":""},{"Field":"email","Type":"varchar(100)","Null":"NO","Key":"UNI","Default":null,"Extra":""},{"Field":"password","Type":"varchar(255)","Null":"NO","Key":"","Default":null,"Extra":""},{"Field":"role","Type":"enum('user','admin')","Null":"YES","Key":"","Default":"user","Extra":""},{"Field":"verification_code","Type":"varchar(100)","Null":"YES","Key":"","Default":null,"Extra":""},{"Field":"is_verified","Type":"tinyint(1)","Null":"YES","Key":"","Default":"0","Extra":""},{"Field":"created_at","Type":"timestamp","Null":"NO","Key":"","Default":"current_timestamp()","Extra":""},{"Field":"favorite_sport","Type":"varchar(50)","Null":"YES","Key":"","Default":null,"Extra":""},{"Field":"favorite_team","Type":"varchar(50)","Null":"YES","Key":"","Default":null,"Extra":""},{"Field":"account_type","Type":"enum('user','admin')","Null":"YES","Key":"","Default":"user","Extra":""}]
[23-Apr-2025 09:59:54 Europe/Berlin] Number of users in database: 13
[23-Apr-2025 09:59:54 Europe/Berlin] All tables initialized successfully
[23-Apr-2025 09:59:54 Europe/Berlin] Connected to database. Tables found: favorites, feedback, matches, matches_backup, matches_new, news, newsletter, notifications, players, subscriptions, users
[23-Apr-2025 09:59:54 Europe/Berlin] Executing SQL: CREATE TABLE IF NOT EXISTS users (
                id INT AUTO_INCREMENT PRIMARY KEY,
                username VARCHAR(50) NOT NULL UNIQUE,
                password VARCHAR(255) NOT NULL,
                email VARCHAR(100) NOT NULL UNIQUE,
                account_type ENUM('user', 'admin') DEFAULT 'user',
                created_at TIMESTAMP DEFAULT CURRENT_TIMESTAMP
            )
[23-Apr-2025 09:59:54 Europe/Berlin] With params: []
[23-Apr-2025 09:59:54 Europe/Berlin] Query executed successfully. Found 0 rows
[23-Apr-2025 09:59:54 Europe/Berlin] Users table created or already exists
[23-Apr-2025 09:59:54 Europe/Berlin] Users table structure: [{"Field":"id","Type":"int(11)","Null":"NO","Key":"PRI","Default":null,"Extra":"auto_increment"},{"Field":"username","Type":"varchar(50)","Null":"NO","Key":"","Default":null,"Extra":""},{"Field":"email","Type":"varchar(100)","Null":"NO","Key":"UNI","Default":null,"Extra":""},{"Field":"password","Type":"varchar(255)","Null":"NO","Key":"","Default":null,"Extra":""},{"Field":"role","Type":"enum('user','admin')","Null":"YES","Key":"","Default":"user","Extra":""},{"Field":"verification_code","Type":"varchar(100)","Null":"YES","Key":"","Default":null,"Extra":""},{"Field":"is_verified","Type":"tinyint(1)","Null":"YES","Key":"","Default":"0","Extra":""},{"Field":"created_at","Type":"timestamp","Null":"NO","Key":"","Default":"current_timestamp()","Extra":""},{"Field":"favorite_sport","Type":"varchar(50)","Null":"YES","Key":"","Default":null,"Extra":""},{"Field":"favorite_team","Type":"varchar(50)","Null":"YES","Key":"","Default":null,"Extra":""},{"Field":"account_type","Type":"enum('user','admin')","Null":"YES","Key":"","Default":"user","Extra":""}]
[23-Apr-2025 09:59:54 Europe/Berlin] Number of users in database: 13
[23-Apr-2025 09:59:54 Europe/Berlin] All tables initialized successfully
[23-Apr-2025 09:59:54 Europe/Berlin] Database tables initialized successfully
[23-Apr-2025 09:59:54 Europe/Berlin] Executing SQL: SELECT * FROM users WHERE id = :id
[23-Apr-2025 09:59:54 Europe/Berlin] With params: {":id":12}
[23-Apr-2025 09:59:54 Europe/Berlin] Query executed successfully. Found 1 rows
[23-Apr-2025 09:59:54 Europe/Berlin] User loaded from session: varunpndey
[23-Apr-2025 09:59:54 Europe/Berlin] Executing SQL: SELECT * FROM users WHERE id = :id
[23-Apr-2025 09:59:54 Europe/Berlin] With params: {":id":12}
[23-Apr-2025 09:59:54 Europe/Berlin] Query executed successfully. Found 1 rows
[23-Apr-2025 09:59:54 Europe/Berlin] Executing SQL: SELECT * FROM news ORDER BY created_at DESC
[23-Apr-2025 09:59:54 Europe/Berlin] With params: []
[23-Apr-2025 09:59:54 Europe/Berlin] Query executed successfully. Found 12 rows
[23-Apr-2025 09:59:54 Europe/Berlin] Executing SQL: SELECT * FROM feedback ORDER BY created_at DESC
[23-Apr-2025 09:59:54 Europe/Berlin] With params: []
[23-Apr-2025 09:59:54 Europe/Berlin] Query executed successfully. Found 10 rows
[23-Apr-2025 09:59:54 Europe/Berlin] Executing SQL: SELECT * FROM matches WHERE status = 'live'
[23-Apr-2025 09:59:54 Europe/Berlin] With params: []
[23-Apr-2025 09:59:54 Europe/Berlin] Query executed successfully. Found 0 rows
[23-Apr-2025 09:59:54 Europe/Berlin] Executing SQL: SELECT * FROM matches WHERE 1=1 ORDER BY match_time DESC
[23-Apr-2025 09:59:54 Europe/Berlin] With params: []
[23-Apr-2025 09:59:54 Europe/Berlin] Query executed successfully. Found 4 rows
[23-Apr-2025 09:59:54 Europe/Berlin] PHP Warning:  Undefined array key "status" in /Applications/XAMPP/xamppfiles/htdocs/sportsync/public/admin.php on line 865
[23-Apr-2025 09:59:54 Europe/Berlin] PHP Warning:  Undefined array key "status" in /Applications/XAMPP/xamppfiles/htdocs/sportsync/public/admin.php on line 866
[23-Apr-2025 09:59:54 Europe/Berlin] PHP Warning:  Undefined array key "status" in /Applications/XAMPP/xamppfiles/htdocs/sportsync/public/admin.php on line 867
[23-Apr-2025 09:59:54 Europe/Berlin] PHP Warning:  Undefined array key "status" in /Applications/XAMPP/xamppfiles/htdocs/sportsync/public/admin.php on line 865
[23-Apr-2025 09:59:54 Europe/Berlin] PHP Warning:  Undefined array key "status" in /Applications/XAMPP/xamppfiles/htdocs/sportsync/public/admin.php on line 866
[23-Apr-2025 09:59:54 Europe/Berlin] PHP Warning:  Undefined array key "status" in /Applications/XAMPP/xamppfiles/htdocs/sportsync/public/admin.php on line 867
[23-Apr-2025 09:59:54 Europe/Berlin] PHP Warning:  Undefined array key "status" in /Applications/XAMPP/xamppfiles/htdocs/sportsync/public/admin.php on line 865
[23-Apr-2025 09:59:54 Europe/Berlin] PHP Warning:  Undefined array key "status" in /Applications/XAMPP/xamppfiles/htdocs/sportsync/public/admin.php on line 866
[23-Apr-2025 09:59:54 Europe/Berlin] PHP Warning:  Undefined array key "status" in /Applications/XAMPP/xamppfiles/htdocs/sportsync/public/admin.php on line 867
[23-Apr-2025 09:59:54 Europe/Berlin] PHP Warning:  Undefined array key "status" in /Applications/XAMPP/xamppfiles/htdocs/sportsync/public/admin.php on line 865
[23-Apr-2025 09:59:54 Europe/Berlin] PHP Warning:  Undefined array key "status" in /Applications/XAMPP/xamppfiles/htdocs/sportsync/public/admin.php on line 866
[23-Apr-2025 09:59:54 Europe/Berlin] PHP Warning:  Undefined array key "status" in /Applications/XAMPP/xamppfiles/htdocs/sportsync/public/admin.php on line 867
[23-Apr-2025 09:59:54 Europe/Berlin] PHP Warning:  Undefined array key "status" in /Applications/XAMPP/xamppfiles/htdocs/sportsync/public/admin.php on line 865
[23-Apr-2025 09:59:54 Europe/Berlin] PHP Warning:  Undefined array key "status" in /Applications/XAMPP/xamppfiles/htdocs/sportsync/public/admin.php on line 866
[23-Apr-2025 09:59:54 Europe/Berlin] PHP Warning:  Undefined array key "status" in /Applications/XAMPP/xamppfiles/htdocs/sportsync/public/admin.php on line 867
[23-Apr-2025 09:59:54 Europe/Berlin] PHP Warning:  Undefined array key "status" in /Applications/XAMPP/xamppfiles/htdocs/sportsync/public/admin.php on line 865
[23-Apr-2025 09:59:54 Europe/Berlin] PHP Warning:  Undefined array key "status" in /Applications/XAMPP/xamppfiles/htdocs/sportsync/public/admin.php on line 866
[23-Apr-2025 09:59:54 Europe/Berlin] PHP Warning:  Undefined array key "status" in /Applications/XAMPP/xamppfiles/htdocs/sportsync/public/admin.php on line 867
[23-Apr-2025 09:59:54 Europe/Berlin] PHP Warning:  Undefined array key "status" in /Applications/XAMPP/xamppfiles/htdocs/sportsync/public/admin.php on line 865
[23-Apr-2025 09:59:54 Europe/Berlin] PHP Warning:  Undefined array key "status" in /Applications/XAMPP/xamppfiles/htdocs/sportsync/public/admin.php on line 866
[23-Apr-2025 09:59:54 Europe/Berlin] PHP Warning:  Undefined array key "status" in /Applications/XAMPP/xamppfiles/htdocs/sportsync/public/admin.php on line 867
[23-Apr-2025 09:59:54 Europe/Berlin] PHP Warning:  Undefined array key "status" in /Applications/XAMPP/xamppfiles/htdocs/sportsync/public/admin.php on line 865
[23-Apr-2025 09:59:54 Europe/Berlin] PHP Warning:  Undefined array key "status" in /Applications/XAMPP/xamppfiles/htdocs/sportsync/public/admin.php on line 866
[23-Apr-2025 09:59:54 Europe/Berlin] PHP Warning:  Undefined array key "status" in /Applications/XAMPP/xamppfiles/htdocs/sportsync/public/admin.php on line 867
[23-Apr-2025 09:59:54 Europe/Berlin] PHP Warning:  Undefined array key "status" in /Applications/XAMPP/xamppfiles/htdocs/sportsync/public/admin.php on line 865
[23-Apr-2025 09:59:54 Europe/Berlin] PHP Warning:  Undefined array key "status" in /Applications/XAMPP/xamppfiles/htdocs/sportsync/public/admin.php on line 866
[23-Apr-2025 09:59:54 Europe/Berlin] PHP Warning:  Undefined array key "status" in /Applications/XAMPP/xamppfiles/htdocs/sportsync/public/admin.php on line 867
[23-Apr-2025 09:59:54 Europe/Berlin] PHP Warning:  Undefined array key "status" in /Applications/XAMPP/xamppfiles/htdocs/sportsync/public/admin.php on line 865
[23-Apr-2025 09:59:54 Europe/Berlin] PHP Warning:  Undefined array key "status" in /Applications/XAMPP/xamppfiles/htdocs/sportsync/public/admin.php on line 866
[23-Apr-2025 09:59:54 Europe/Berlin] PHP Warning:  Undefined array key "status" in /Applications/XAMPP/xamppfiles/htdocs/sportsync/public/admin.php on line 867
[23-Apr-2025 09:59:58 Europe/Berlin] Connected to database. Tables found: favorites, feedback, matches, matches_backup, matches_new, news, newsletter, notifications, players, subscriptions, users
[23-Apr-2025 09:59:58 Europe/Berlin] Executing SQL: CREATE TABLE IF NOT EXISTS users (
                id INT AUTO_INCREMENT PRIMARY KEY,
                username VARCHAR(50) NOT NULL UNIQUE,
                password VARCHAR(255) NOT NULL,
                email VARCHAR(100) NOT NULL UNIQUE,
                account_type ENUM('user', 'admin') DEFAULT 'user',
                created_at TIMESTAMP DEFAULT CURRENT_TIMESTAMP
            )
[23-Apr-2025 09:59:58 Europe/Berlin] With params: []
[23-Apr-2025 09:59:58 Europe/Berlin] Query executed successfully. Found 0 rows
[23-Apr-2025 09:59:58 Europe/Berlin] Users table created or already exists
[23-Apr-2025 09:59:58 Europe/Berlin] Users table structure: [{"Field":"id","Type":"int(11)","Null":"NO","Key":"PRI","Default":null,"Extra":"auto_increment"},{"Field":"username","Type":"varchar(50)","Null":"NO","Key":"","Default":null,"Extra":""},{"Field":"email","Type":"varchar(100)","Null":"NO","Key":"UNI","Default":null,"Extra":""},{"Field":"password","Type":"varchar(255)","Null":"NO","Key":"","Default":null,"Extra":""},{"Field":"role","Type":"enum('user','admin')","Null":"YES","Key":"","Default":"user","Extra":""},{"Field":"verification_code","Type":"varchar(100)","Null":"YES","Key":"","Default":null,"Extra":""},{"Field":"is_verified","Type":"tinyint(1)","Null":"YES","Key":"","Default":"0","Extra":""},{"Field":"created_at","Type":"timestamp","Null":"NO","Key":"","Default":"current_timestamp()","Extra":""},{"Field":"favorite_sport","Type":"varchar(50)","Null":"YES","Key":"","Default":null,"Extra":""},{"Field":"favorite_team","Type":"varchar(50)","Null":"YES","Key":"","Default":null,"Extra":""},{"Field":"account_type","Type":"enum('user','admin')","Null":"YES","Key":"","Default":"user","Extra":""}]
[23-Apr-2025 09:59:58 Europe/Berlin] Number of users in database: 13
[23-Apr-2025 09:59:58 Europe/Berlin] All tables initialized successfully
[23-Apr-2025 09:59:58 Europe/Berlin] Executing SQL: SELECT * FROM matches WHERE id = :id
[23-Apr-2025 09:59:58 Europe/Berlin] With params: {":id":"40"}
[23-Apr-2025 09:59:58 Europe/Berlin] Query executed successfully. Found 1 rows
[23-Apr-2025 09:59:58 Europe/Berlin] Executing SQL: DELETE FROM matches WHERE id = :id
[23-Apr-2025 09:59:58 Europe/Berlin] With params: {":id":"40"}
[23-Apr-2025 09:59:58 Europe/Berlin] Query executed successfully. Found 0 rows
[23-Apr-2025 09:59:59 Europe/Berlin] Connected to database. Tables found: favorites, feedback, matches, matches_backup, matches_new, news, newsletter, notifications, players, subscriptions, users
[23-Apr-2025 09:59:59 Europe/Berlin] Executing SQL: CREATE TABLE IF NOT EXISTS users (
                id INT AUTO_INCREMENT PRIMARY KEY,
                username VARCHAR(50) NOT NULL UNIQUE,
                password VARCHAR(255) NOT NULL,
                email VARCHAR(100) NOT NULL UNIQUE,
                account_type ENUM('user', 'admin') DEFAULT 'user',
                created_at TIMESTAMP DEFAULT CURRENT_TIMESTAMP
            )
[23-Apr-2025 09:59:59 Europe/Berlin] With params: []
[23-Apr-2025 09:59:59 Europe/Berlin] Query executed successfully. Found 0 rows
[23-Apr-2025 09:59:59 Europe/Berlin] Users table created or already exists
[23-Apr-2025 09:59:59 Europe/Berlin] Users table structure: [{"Field":"id","Type":"int(11)","Null":"NO","Key":"PRI","Default":null,"Extra":"auto_increment"},{"Field":"username","Type":"varchar(50)","Null":"NO","Key":"","Default":null,"Extra":""},{"Field":"email","Type":"varchar(100)","Null":"NO","Key":"UNI","Default":null,"Extra":""},{"Field":"password","Type":"varchar(255)","Null":"NO","Key":"","Default":null,"Extra":""},{"Field":"role","Type":"enum('user','admin')","Null":"YES","Key":"","Default":"user","Extra":""},{"Field":"verification_code","Type":"varchar(100)","Null":"YES","Key":"","Default":null,"Extra":""},{"Field":"is_verified","Type":"tinyint(1)","Null":"YES","Key":"","Default":"0","Extra":""},{"Field":"created_at","Type":"timestamp","Null":"NO","Key":"","Default":"current_timestamp()","Extra":""},{"Field":"favorite_sport","Type":"varchar(50)","Null":"YES","Key":"","Default":null,"Extra":""},{"Field":"favorite_team","Type":"varchar(50)","Null":"YES","Key":"","Default":null,"Extra":""},{"Field":"account_type","Type":"enum('user','admin')","Null":"YES","Key":"","Default":"user","Extra":""}]
[23-Apr-2025 09:59:59 Europe/Berlin] Number of users in database: 13
[23-Apr-2025 09:59:59 Europe/Berlin] All tables initialized successfully
[23-Apr-2025 09:59:59 Europe/Berlin] Connected to database. Tables found: favorites, feedback, matches, matches_backup, matches_new, news, newsletter, notifications, players, subscriptions, users
[23-Apr-2025 09:59:59 Europe/Berlin] Executing SQL: CREATE TABLE IF NOT EXISTS users (
                id INT AUTO_INCREMENT PRIMARY KEY,
                username VARCHAR(50) NOT NULL UNIQUE,
                password VARCHAR(255) NOT NULL,
                email VARCHAR(100) NOT NULL UNIQUE,
                account_type ENUM('user', 'admin') DEFAULT 'user',
                created_at TIMESTAMP DEFAULT CURRENT_TIMESTAMP
            )
[23-Apr-2025 09:59:59 Europe/Berlin] With params: []
[23-Apr-2025 09:59:59 Europe/Berlin] Query executed successfully. Found 0 rows
[23-Apr-2025 09:59:59 Europe/Berlin] Users table created or already exists
[23-Apr-2025 09:59:59 Europe/Berlin] Users table structure: [{"Field":"id","Type":"int(11)","Null":"NO","Key":"PRI","Default":null,"Extra":"auto_increment"},{"Field":"username","Type":"varchar(50)","Null":"NO","Key":"","Default":null,"Extra":""},{"Field":"email","Type":"varchar(100)","Null":"NO","Key":"UNI","Default":null,"Extra":""},{"Field":"password","Type":"varchar(255)","Null":"NO","Key":"","Default":null,"Extra":""},{"Field":"role","Type":"enum('user','admin')","Null":"YES","Key":"","Default":"user","Extra":""},{"Field":"verification_code","Type":"varchar(100)","Null":"YES","Key":"","Default":null,"Extra":""},{"Field":"is_verified","Type":"tinyint(1)","Null":"YES","Key":"","Default":"0","Extra":""},{"Field":"created_at","Type":"timestamp","Null":"NO","Key":"","Default":"current_timestamp()","Extra":""},{"Field":"favorite_sport","Type":"varchar(50)","Null":"YES","Key":"","Default":null,"Extra":""},{"Field":"favorite_team","Type":"varchar(50)","Null":"YES","Key":"","Default":null,"Extra":""},{"Field":"account_type","Type":"enum('user','admin')","Null":"YES","Key":"","Default":"user","Extra":""}]
[23-Apr-2025 09:59:59 Europe/Berlin] Number of users in database: 13
[23-Apr-2025 09:59:59 Europe/Berlin] All tables initialized successfully
[23-Apr-2025 09:59:59 Europe/Berlin] Database tables initialized successfully
[23-Apr-2025 09:59:59 Europe/Berlin] Executing SQL: SELECT * FROM users WHERE id = :id
[23-Apr-2025 09:59:59 Europe/Berlin] With params: {":id":12}
[23-Apr-2025 09:59:59 Europe/Berlin] Query executed successfully. Found 1 rows
[23-Apr-2025 09:59:59 Europe/Berlin] User loaded from session: varunpndey
[23-Apr-2025 09:59:59 Europe/Berlin] Executing SQL: SELECT * FROM users WHERE id = :id
[23-Apr-2025 09:59:59 Europe/Berlin] With params: {":id":12}
[23-Apr-2025 09:59:59 Europe/Berlin] Query executed successfully. Found 1 rows
[23-Apr-2025 09:59:59 Europe/Berlin] Executing SQL: SELECT * FROM news ORDER BY created_at DESC
[23-Apr-2025 09:59:59 Europe/Berlin] With params: []
[23-Apr-2025 09:59:59 Europe/Berlin] Query executed successfully. Found 12 rows
[23-Apr-2025 09:59:59 Europe/Berlin] Executing SQL: SELECT * FROM feedback ORDER BY created_at DESC
[23-Apr-2025 09:59:59 Europe/Berlin] With params: []
[23-Apr-2025 09:59:59 Europe/Berlin] Query executed successfully. Found 10 rows
[23-Apr-2025 09:59:59 Europe/Berlin] Executing SQL: SELECT * FROM matches WHERE status = 'live'
[23-Apr-2025 09:59:59 Europe/Berlin] With params: []
[23-Apr-2025 09:59:59 Europe/Berlin] Query executed successfully. Found 0 rows
[23-Apr-2025 09:59:59 Europe/Berlin] Executing SQL: SELECT * FROM matches WHERE 1=1 ORDER BY match_time DESC
[23-Apr-2025 09:59:59 Europe/Berlin] With params: []
[23-Apr-2025 09:59:59 Europe/Berlin] Query executed successfully. Found 3 rows
[23-Apr-2025 09:59:59 Europe/Berlin] PHP Warning:  Undefined array key "status" in /Applications/XAMPP/xamppfiles/htdocs/sportsync/public/admin.php on line 865
[23-Apr-2025 09:59:59 Europe/Berlin] PHP Warning:  Undefined array key "status" in /Applications/XAMPP/xamppfiles/htdocs/sportsync/public/admin.php on line 866
[23-Apr-2025 09:59:59 Europe/Berlin] PHP Warning:  Undefined array key "status" in /Applications/XAMPP/xamppfiles/htdocs/sportsync/public/admin.php on line 867
[23-Apr-2025 09:59:59 Europe/Berlin] PHP Warning:  Undefined array key "status" in /Applications/XAMPP/xamppfiles/htdocs/sportsync/public/admin.php on line 865
[23-Apr-2025 09:59:59 Europe/Berlin] PHP Warning:  Undefined array key "status" in /Applications/XAMPP/xamppfiles/htdocs/sportsync/public/admin.php on line 866
[23-Apr-2025 09:59:59 Europe/Berlin] PHP Warning:  Undefined array key "status" in /Applications/XAMPP/xamppfiles/htdocs/sportsync/public/admin.php on line 867
[23-Apr-2025 09:59:59 Europe/Berlin] PHP Warning:  Undefined array key "status" in /Applications/XAMPP/xamppfiles/htdocs/sportsync/public/admin.php on line 865
[23-Apr-2025 09:59:59 Europe/Berlin] PHP Warning:  Undefined array key "status" in /Applications/XAMPP/xamppfiles/htdocs/sportsync/public/admin.php on line 866
[23-Apr-2025 09:59:59 Europe/Berlin] PHP Warning:  Undefined array key "status" in /Applications/XAMPP/xamppfiles/htdocs/sportsync/public/admin.php on line 867
[23-Apr-2025 09:59:59 Europe/Berlin] PHP Warning:  Undefined array key "status" in /Applications/XAMPP/xamppfiles/htdocs/sportsync/public/admin.php on line 865
[23-Apr-2025 09:59:59 Europe/Berlin] PHP Warning:  Undefined array key "status" in /Applications/XAMPP/xamppfiles/htdocs/sportsync/public/admin.php on line 866
[23-Apr-2025 09:59:59 Europe/Berlin] PHP Warning:  Undefined array key "status" in /Applications/XAMPP/xamppfiles/htdocs/sportsync/public/admin.php on line 867
[23-Apr-2025 09:59:59 Europe/Berlin] PHP Warning:  Undefined array key "status" in /Applications/XAMPP/xamppfiles/htdocs/sportsync/public/admin.php on line 865
[23-Apr-2025 09:59:59 Europe/Berlin] PHP Warning:  Undefined array key "status" in /Applications/XAMPP/xamppfiles/htdocs/sportsync/public/admin.php on line 866
[23-Apr-2025 09:59:59 Europe/Berlin] PHP Warning:  Undefined array key "status" in /Applications/XAMPP/xamppfiles/htdocs/sportsync/public/admin.php on line 867
[23-Apr-2025 09:59:59 Europe/Berlin] PHP Warning:  Undefined array key "status" in /Applications/XAMPP/xamppfiles/htdocs/sportsync/public/admin.php on line 865
[23-Apr-2025 09:59:59 Europe/Berlin] PHP Warning:  Undefined array key "status" in /Applications/XAMPP/xamppfiles/htdocs/sportsync/public/admin.php on line 866
[23-Apr-2025 09:59:59 Europe/Berlin] PHP Warning:  Undefined array key "status" in /Applications/XAMPP/xamppfiles/htdocs/sportsync/public/admin.php on line 867
[23-Apr-2025 09:59:59 Europe/Berlin] PHP Warning:  Undefined array key "status" in /Applications/XAMPP/xamppfiles/htdocs/sportsync/public/admin.php on line 865
[23-Apr-2025 09:59:59 Europe/Berlin] PHP Warning:  Undefined array key "status" in /Applications/XAMPP/xamppfiles/htdocs/sportsync/public/admin.php on line 866
[23-Apr-2025 09:59:59 Europe/Berlin] PHP Warning:  Undefined array key "status" in /Applications/XAMPP/xamppfiles/htdocs/sportsync/public/admin.php on line 867
[23-Apr-2025 09:59:59 Europe/Berlin] PHP Warning:  Undefined array key "status" in /Applications/XAMPP/xamppfiles/htdocs/sportsync/public/admin.php on line 865
[23-Apr-2025 09:59:59 Europe/Berlin] PHP Warning:  Undefined array key "status" in /Applications/XAMPP/xamppfiles/htdocs/sportsync/public/admin.php on line 866
[23-Apr-2025 09:59:59 Europe/Berlin] PHP Warning:  Undefined array key "status" in /Applications/XAMPP/xamppfiles/htdocs/sportsync/public/admin.php on line 867
[23-Apr-2025 09:59:59 Europe/Berlin] PHP Warning:  Undefined array key "status" in /Applications/XAMPP/xamppfiles/htdocs/sportsync/public/admin.php on line 865
[23-Apr-2025 09:59:59 Europe/Berlin] PHP Warning:  Undefined array key "status" in /Applications/XAMPP/xamppfiles/htdocs/sportsync/public/admin.php on line 866
[23-Apr-2025 09:59:59 Europe/Berlin] PHP Warning:  Undefined array key "status" in /Applications/XAMPP/xamppfiles/htdocs/sportsync/public/admin.php on line 867
[23-Apr-2025 09:59:59 Europe/Berlin] PHP Warning:  Undefined array key "status" in /Applications/XAMPP/xamppfiles/htdocs/sportsync/public/admin.php on line 865
[23-Apr-2025 09:59:59 Europe/Berlin] PHP Warning:  Undefined array key "status" in /Applications/XAMPP/xamppfiles/htdocs/sportsync/public/admin.php on line 866
[23-Apr-2025 09:59:59 Europe/Berlin] PHP Warning:  Undefined array key "status" in /Applications/XAMPP/xamppfiles/htdocs/sportsync/public/admin.php on line 867
[23-Apr-2025 10:00:26 Europe/Berlin] Connected to database. Tables found: favorites, feedback, matches, matches_backup, matches_new, news, newsletter, notifications, players, subscriptions, users
[23-Apr-2025 10:00:26 Europe/Berlin] Executing SQL: CREATE TABLE IF NOT EXISTS users (
                id INT AUTO_INCREMENT PRIMARY KEY,
                username VARCHAR(50) NOT NULL UNIQUE,
                password VARCHAR(255) NOT NULL,
                email VARCHAR(100) NOT NULL UNIQUE,
                account_type ENUM('user', 'admin') DEFAULT 'user',
                created_at TIMESTAMP DEFAULT CURRENT_TIMESTAMP
            )
[23-Apr-2025 10:00:26 Europe/Berlin] With params: []
[23-Apr-2025 10:00:26 Europe/Berlin] Query executed successfully. Found 0 rows
[23-Apr-2025 10:00:26 Europe/Berlin] Users table created or already exists
[23-Apr-2025 10:00:26 Europe/Berlin] Users table structure: [{"Field":"id","Type":"int(11)","Null":"NO","Key":"PRI","Default":null,"Extra":"auto_increment"},{"Field":"username","Type":"varchar(50)","Null":"NO","Key":"","Default":null,"Extra":""},{"Field":"email","Type":"varchar(100)","Null":"NO","Key":"UNI","Default":null,"Extra":""},{"Field":"password","Type":"varchar(255)","Null":"NO","Key":"","Default":null,"Extra":""},{"Field":"role","Type":"enum('user','admin')","Null":"YES","Key":"","Default":"user","Extra":""},{"Field":"verification_code","Type":"varchar(100)","Null":"YES","Key":"","Default":null,"Extra":""},{"Field":"is_verified","Type":"tinyint(1)","Null":"YES","Key":"","Default":"0","Extra":""},{"Field":"created_at","Type":"timestamp","Null":"NO","Key":"","Default":"current_timestamp()","Extra":""},{"Field":"favorite_sport","Type":"varchar(50)","Null":"YES","Key":"","Default":null,"Extra":""},{"Field":"favorite_team","Type":"varchar(50)","Null":"YES","Key":"","Default":null,"Extra":""},{"Field":"account_type","Type":"enum('user','admin')","Null":"YES","Key":"","Default":"user","Extra":""}]
[23-Apr-2025 10:00:26 Europe/Berlin] Number of users in database: 13
[23-Apr-2025 10:00:26 Europe/Berlin] All tables initialized successfully
[23-Apr-2025 10:00:26 Europe/Berlin] Executing SQL: INSERT INTO matches (team1, team2, venue, match_time, sport, status) 
                    VALUES (:team1, :team2, :venue, :match_time, :sport, :status)
[23-Apr-2025 10:00:26 Europe/Berlin] With params: {":team1":"Mi",":team2":"Kkr",":venue":"kolkata",":match_time":"2025-04-22T13:30",":sport":"football",":status":"upcoming"}
[23-Apr-2025 10:00:26 Europe/Berlin] Query executed successfully. Found 0 rows
[23-Apr-2025 10:06:30 Europe/Berlin] Connected to database. Tables found: favorites, feedback, matches, matches_backup, matches_new, news, newsletter, notifications, players, subscriptions, users
[23-Apr-2025 10:06:30 Europe/Berlin] Executing SQL: CREATE TABLE IF NOT EXISTS users (
                id INT AUTO_INCREMENT PRIMARY KEY,
                username VARCHAR(50) NOT NULL UNIQUE,
                password VARCHAR(255) NOT NULL,
                email VARCHAR(100) NOT NULL UNIQUE,
                account_type ENUM('user', 'admin') DEFAULT 'user',
                created_at TIMESTAMP DEFAULT CURRENT_TIMESTAMP
            )
[23-Apr-2025 10:06:30 Europe/Berlin] With params: []
[23-Apr-2025 10:06:30 Europe/Berlin] Query executed successfully. Found 0 rows
[23-Apr-2025 10:06:30 Europe/Berlin] Users table created or already exists
[23-Apr-2025 10:06:30 Europe/Berlin] Users table structure: [{"Field":"id","Type":"int(11)","Null":"NO","Key":"PRI","Default":null,"Extra":"auto_increment"},{"Field":"username","Type":"varchar(50)","Null":"NO","Key":"","Default":null,"Extra":""},{"Field":"email","Type":"varchar(100)","Null":"NO","Key":"UNI","Default":null,"Extra":""},{"Field":"password","Type":"varchar(255)","Null":"NO","Key":"","Default":null,"Extra":""},{"Field":"role","Type":"enum('user','admin')","Null":"YES","Key":"","Default":"user","Extra":""},{"Field":"verification_code","Type":"varchar(100)","Null":"YES","Key":"","Default":null,"Extra":""},{"Field":"is_verified","Type":"tinyint(1)","Null":"YES","Key":"","Default":"0","Extra":""},{"Field":"created_at","Type":"timestamp","Null":"NO","Key":"","Default":"current_timestamp()","Extra":""},{"Field":"favorite_sport","Type":"varchar(50)","Null":"YES","Key":"","Default":null,"Extra":""},{"Field":"favorite_team","Type":"varchar(50)","Null":"YES","Key":"","Default":null,"Extra":""},{"Field":"account_type","Type":"enum('user','admin')","Null":"YES","Key":"","Default":"user","Extra":""}]
[23-Apr-2025 10:06:30 Europe/Berlin] Number of users in database: 13
[23-Apr-2025 10:06:30 Europe/Berlin] All tables initialized successfully
[23-Apr-2025 10:06:30 Europe/Berlin] Executing SQL: INSERT INTO matches (team1, team2, venue, match_time, sport, status) 
                    VALUES (:team1, :team2, :venue, :match_time, :sport, :status)
[23-Apr-2025 10:06:30 Europe/Berlin] With params: {":team1":"Rcb",":team2":"PBKS",":venue":"kolkata",":match_time":"2025-04-27T15:30",":sport":"cricket",":status":"upcoming"}
[23-Apr-2025 10:06:30 Europe/Berlin] Query executed successfully. Found 0 rows
[23-Apr-2025 10:06:33 Europe/Berlin] Connected to database. Tables found: favorites, feedback, matches, matches_backup, matches_new, news, newsletter, notifications, players, subscriptions, users
[23-Apr-2025 10:06:33 Europe/Berlin] Executing SQL: CREATE TABLE IF NOT EXISTS users (
                id INT AUTO_INCREMENT PRIMARY KEY,
                username VARCHAR(50) NOT NULL UNIQUE,
                password VARCHAR(255) NOT NULL,
                email VARCHAR(100) NOT NULL UNIQUE,
                account_type ENUM('user', 'admin') DEFAULT 'user',
                created_at TIMESTAMP DEFAULT CURRENT_TIMESTAMP
            )
[23-Apr-2025 10:06:33 Europe/Berlin] With params: []
[23-Apr-2025 10:06:33 Europe/Berlin] Query executed successfully. Found 0 rows
[23-Apr-2025 10:06:33 Europe/Berlin] Users table created or already exists
[23-Apr-2025 10:06:33 Europe/Berlin] Users table structure: [{"Field":"id","Type":"int(11)","Null":"NO","Key":"PRI","Default":null,"Extra":"auto_increment"},{"Field":"username","Type":"varchar(50)","Null":"NO","Key":"","Default":null,"Extra":""},{"Field":"email","Type":"varchar(100)","Null":"NO","Key":"UNI","Default":null,"Extra":""},{"Field":"password","Type":"varchar(255)","Null":"NO","Key":"","Default":null,"Extra":""},{"Field":"role","Type":"enum('user','admin')","Null":"YES","Key":"","Default":"user","Extra":""},{"Field":"verification_code","Type":"varchar(100)","Null":"YES","Key":"","Default":null,"Extra":""},{"Field":"is_verified","Type":"tinyint(1)","Null":"YES","Key":"","Default":"0","Extra":""},{"Field":"created_at","Type":"timestamp","Null":"NO","Key":"","Default":"current_timestamp()","Extra":""},{"Field":"favorite_sport","Type":"varchar(50)","Null":"YES","Key":"","Default":null,"Extra":""},{"Field":"favorite_team","Type":"varchar(50)","Null":"YES","Key":"","Default":null,"Extra":""},{"Field":"account_type","Type":"enum('user','admin')","Null":"YES","Key":"","Default":"user","Extra":""}]
[23-Apr-2025 10:06:33 Europe/Berlin] Number of users in database: 13
[23-Apr-2025 10:06:33 Europe/Berlin] All tables initialized successfully
[23-Apr-2025 10:06:33 Europe/Berlin] Connected to database. Tables found: favorites, feedback, matches, matches_backup, matches_new, news, newsletter, notifications, players, subscriptions, users
[23-Apr-2025 10:06:33 Europe/Berlin] Executing SQL: CREATE TABLE IF NOT EXISTS users (
                id INT AUTO_INCREMENT PRIMARY KEY,
                username VARCHAR(50) NOT NULL UNIQUE,
                password VARCHAR(255) NOT NULL,
                email VARCHAR(100) NOT NULL UNIQUE,
                account_type ENUM('user', 'admin') DEFAULT 'user',
                created_at TIMESTAMP DEFAULT CURRENT_TIMESTAMP
            )
[23-Apr-2025 10:06:33 Europe/Berlin] With params: []
[23-Apr-2025 10:06:33 Europe/Berlin] Query executed successfully. Found 0 rows
[23-Apr-2025 10:06:33 Europe/Berlin] Users table created or already exists
[23-Apr-2025 10:06:33 Europe/Berlin] Users table structure: [{"Field":"id","Type":"int(11)","Null":"NO","Key":"PRI","Default":null,"Extra":"auto_increment"},{"Field":"username","Type":"varchar(50)","Null":"NO","Key":"","Default":null,"Extra":""},{"Field":"email","Type":"varchar(100)","Null":"NO","Key":"UNI","Default":null,"Extra":""},{"Field":"password","Type":"varchar(255)","Null":"NO","Key":"","Default":null,"Extra":""},{"Field":"role","Type":"enum('user','admin')","Null":"YES","Key":"","Default":"user","Extra":""},{"Field":"verification_code","Type":"varchar(100)","Null":"YES","Key":"","Default":null,"Extra":""},{"Field":"is_verified","Type":"tinyint(1)","Null":"YES","Key":"","Default":"0","Extra":""},{"Field":"created_at","Type":"timestamp","Null":"NO","Key":"","Default":"current_timestamp()","Extra":""},{"Field":"favorite_sport","Type":"varchar(50)","Null":"YES","Key":"","Default":null,"Extra":""},{"Field":"favorite_team","Type":"varchar(50)","Null":"YES","Key":"","Default":null,"Extra":""},{"Field":"account_type","Type":"enum('user','admin')","Null":"YES","Key":"","Default":"user","Extra":""}]
[23-Apr-2025 10:06:33 Europe/Berlin] Number of users in database: 13
[23-Apr-2025 10:06:33 Europe/Berlin] All tables initialized successfully
[23-Apr-2025 10:06:33 Europe/Berlin] Database tables initialized successfully
[23-Apr-2025 10:06:33 Europe/Berlin] Executing SQL: SELECT * FROM users WHERE id = :id
[23-Apr-2025 10:06:33 Europe/Berlin] With params: {":id":12}
[23-Apr-2025 10:06:33 Europe/Berlin] Query executed successfully. Found 1 rows
[23-Apr-2025 10:06:33 Europe/Berlin] User loaded from session: varunpndey
[23-Apr-2025 10:06:33 Europe/Berlin] Executing SQL: SELECT * FROM users WHERE id = :id
[23-Apr-2025 10:06:33 Europe/Berlin] With params: {":id":12}
[23-Apr-2025 10:06:33 Europe/Berlin] Query executed successfully. Found 1 rows
[23-Apr-2025 10:06:33 Europe/Berlin] Executing SQL: SELECT * FROM news ORDER BY created_at DESC
[23-Apr-2025 10:06:33 Europe/Berlin] With params: []
[23-Apr-2025 10:06:33 Europe/Berlin] Query executed successfully. Found 12 rows
[23-Apr-2025 10:06:33 Europe/Berlin] Executing SQL: SELECT * FROM feedback ORDER BY created_at DESC
[23-Apr-2025 10:06:33 Europe/Berlin] With params: []
[23-Apr-2025 10:06:33 Europe/Berlin] Query executed successfully. Found 10 rows
[23-Apr-2025 10:06:33 Europe/Berlin] Executing SQL: SELECT * FROM matches WHERE status = 'live'
[23-Apr-2025 10:06:33 Europe/Berlin] With params: []
[23-Apr-2025 10:06:33 Europe/Berlin] Query executed successfully. Found 0 rows
[23-Apr-2025 10:06:33 Europe/Berlin] Executing SQL: SELECT * FROM matches WHERE 1=1 ORDER BY match_time DESC
[23-Apr-2025 10:06:33 Europe/Berlin] With params: []
[23-Apr-2025 10:06:33 Europe/Berlin] Query executed successfully. Found 5 rows
[23-Apr-2025 10:06:33 Europe/Berlin] PHP Warning:  Undefined array key "status" in /Applications/XAMPP/xamppfiles/htdocs/sportsync/public/admin.php on line 865
[23-Apr-2025 10:06:33 Europe/Berlin] PHP Warning:  Undefined array key "status" in /Applications/XAMPP/xamppfiles/htdocs/sportsync/public/admin.php on line 866
[23-Apr-2025 10:06:33 Europe/Berlin] PHP Warning:  Undefined array key "status" in /Applications/XAMPP/xamppfiles/htdocs/sportsync/public/admin.php on line 867
[23-Apr-2025 10:06:33 Europe/Berlin] PHP Warning:  Undefined array key "status" in /Applications/XAMPP/xamppfiles/htdocs/sportsync/public/admin.php on line 865
[23-Apr-2025 10:06:33 Europe/Berlin] PHP Warning:  Undefined array key "status" in /Applications/XAMPP/xamppfiles/htdocs/sportsync/public/admin.php on line 866
[23-Apr-2025 10:06:33 Europe/Berlin] PHP Warning:  Undefined array key "status" in /Applications/XAMPP/xamppfiles/htdocs/sportsync/public/admin.php on line 867
[23-Apr-2025 10:06:33 Europe/Berlin] PHP Warning:  Undefined array key "status" in /Applications/XAMPP/xamppfiles/htdocs/sportsync/public/admin.php on line 865
[23-Apr-2025 10:06:33 Europe/Berlin] PHP Warning:  Undefined array key "status" in /Applications/XAMPP/xamppfiles/htdocs/sportsync/public/admin.php on line 866
[23-Apr-2025 10:06:33 Europe/Berlin] PHP Warning:  Undefined array key "status" in /Applications/XAMPP/xamppfiles/htdocs/sportsync/public/admin.php on line 867
[23-Apr-2025 10:06:33 Europe/Berlin] PHP Warning:  Undefined array key "status" in /Applications/XAMPP/xamppfiles/htdocs/sportsync/public/admin.php on line 865
[23-Apr-2025 10:06:33 Europe/Berlin] PHP Warning:  Undefined array key "status" in /Applications/XAMPP/xamppfiles/htdocs/sportsync/public/admin.php on line 866
[23-Apr-2025 10:06:33 Europe/Berlin] PHP Warning:  Undefined array key "status" in /Applications/XAMPP/xamppfiles/htdocs/sportsync/public/admin.php on line 867
[23-Apr-2025 10:06:33 Europe/Berlin] PHP Warning:  Undefined array key "status" in /Applications/XAMPP/xamppfiles/htdocs/sportsync/public/admin.php on line 865
[23-Apr-2025 10:06:33 Europe/Berlin] PHP Warning:  Undefined array key "status" in /Applications/XAMPP/xamppfiles/htdocs/sportsync/public/admin.php on line 866
[23-Apr-2025 10:06:33 Europe/Berlin] PHP Warning:  Undefined array key "status" in /Applications/XAMPP/xamppfiles/htdocs/sportsync/public/admin.php on line 867
[23-Apr-2025 10:06:33 Europe/Berlin] PHP Warning:  Undefined array key "status" in /Applications/XAMPP/xamppfiles/htdocs/sportsync/public/admin.php on line 865
[23-Apr-2025 10:06:33 Europe/Berlin] PHP Warning:  Undefined array key "status" in /Applications/XAMPP/xamppfiles/htdocs/sportsync/public/admin.php on line 866
[23-Apr-2025 10:06:33 Europe/Berlin] PHP Warning:  Undefined array key "status" in /Applications/XAMPP/xamppfiles/htdocs/sportsync/public/admin.php on line 867
[23-Apr-2025 10:06:33 Europe/Berlin] PHP Warning:  Undefined array key "status" in /Applications/XAMPP/xamppfiles/htdocs/sportsync/public/admin.php on line 865
[23-Apr-2025 10:06:33 Europe/Berlin] PHP Warning:  Undefined array key "status" in /Applications/XAMPP/xamppfiles/htdocs/sportsync/public/admin.php on line 866
[23-Apr-2025 10:06:33 Europe/Berlin] PHP Warning:  Undefined array key "status" in /Applications/XAMPP/xamppfiles/htdocs/sportsync/public/admin.php on line 867
[23-Apr-2025 10:06:33 Europe/Berlin] PHP Warning:  Undefined array key "status" in /Applications/XAMPP/xamppfiles/htdocs/sportsync/public/admin.php on line 865
[23-Apr-2025 10:06:33 Europe/Berlin] PHP Warning:  Undefined array key "status" in /Applications/XAMPP/xamppfiles/htdocs/sportsync/public/admin.php on line 866
[23-Apr-2025 10:06:33 Europe/Berlin] PHP Warning:  Undefined array key "status" in /Applications/XAMPP/xamppfiles/htdocs/sportsync/public/admin.php on line 867
[23-Apr-2025 10:06:33 Europe/Berlin] PHP Warning:  Undefined array key "status" in /Applications/XAMPP/xamppfiles/htdocs/sportsync/public/admin.php on line 865
[23-Apr-2025 10:06:33 Europe/Berlin] PHP Warning:  Undefined array key "status" in /Applications/XAMPP/xamppfiles/htdocs/sportsync/public/admin.php on line 866
[23-Apr-2025 10:06:33 Europe/Berlin] PHP Warning:  Undefined array key "status" in /Applications/XAMPP/xamppfiles/htdocs/sportsync/public/admin.php on line 867
[23-Apr-2025 10:06:33 Europe/Berlin] PHP Warning:  Undefined array key "status" in /Applications/XAMPP/xamppfiles/htdocs/sportsync/public/admin.php on line 865
[23-Apr-2025 10:06:33 Europe/Berlin] PHP Warning:  Undefined array key "status" in /Applications/XAMPP/xamppfiles/htdocs/sportsync/public/admin.php on line 866
[23-Apr-2025 10:06:33 Europe/Berlin] PHP Warning:  Undefined array key "status" in /Applications/XAMPP/xamppfiles/htdocs/sportsync/public/admin.php on line 867
[23-Apr-2025 10:07:07 Europe/Berlin] Connected to database. Tables found: favorites, feedback, matches, matches_backup, matches_new, news, newsletter, notifications, players, subscriptions, users
[23-Apr-2025 10:07:07 Europe/Berlin] Executing SQL: CREATE TABLE IF NOT EXISTS users (
                id INT AUTO_INCREMENT PRIMARY KEY,
                username VARCHAR(50) NOT NULL UNIQUE,
                password VARCHAR(255) NOT NULL,
                email VARCHAR(100) NOT NULL UNIQUE,
                account_type ENUM('user', 'admin') DEFAULT 'user',
                created_at TIMESTAMP DEFAULT CURRENT_TIMESTAMP
            )
[23-Apr-2025 10:07:07 Europe/Berlin] With params: []
[23-Apr-2025 10:07:07 Europe/Berlin] Query executed successfully. Found 0 rows
[23-Apr-2025 10:07:07 Europe/Berlin] Users table created or already exists
[23-Apr-2025 10:07:07 Europe/Berlin] Users table structure: [{"Field":"id","Type":"int(11)","Null":"NO","Key":"PRI","Default":null,"Extra":"auto_increment"},{"Field":"username","Type":"varchar(50)","Null":"NO","Key":"","Default":null,"Extra":""},{"Field":"email","Type":"varchar(100)","Null":"NO","Key":"UNI","Default":null,"Extra":""},{"Field":"password","Type":"varchar(255)","Null":"NO","Key":"","Default":null,"Extra":""},{"Field":"role","Type":"enum('user','admin')","Null":"YES","Key":"","Default":"user","Extra":""},{"Field":"verification_code","Type":"varchar(100)","Null":"YES","Key":"","Default":null,"Extra":""},{"Field":"is_verified","Type":"tinyint(1)","Null":"YES","Key":"","Default":"0","Extra":""},{"Field":"created_at","Type":"timestamp","Null":"NO","Key":"","Default":"current_timestamp()","Extra":""},{"Field":"favorite_sport","Type":"varchar(50)","Null":"YES","Key":"","Default":null,"Extra":""},{"Field":"favorite_team","Type":"varchar(50)","Null":"YES","Key":"","Default":null,"Extra":""},{"Field":"account_type","Type":"enum('user','admin')","Null":"YES","Key":"","Default":"user","Extra":""}]
[23-Apr-2025 10:07:07 Europe/Berlin] Number of users in database: 13
[23-Apr-2025 10:07:07 Europe/Berlin] All tables initialized successfully
[23-Apr-2025 10:07:07 Europe/Berlin] Executing SQL: INSERT INTO matches (team1, team2, venue, match_time, sport, status) 
                    VALUES (:team1, :team2, :venue, :match_time, :sport, :status)
[23-Apr-2025 10:07:07 Europe/Berlin] With params: {":team1":"Rcb",":team2":"Dc",":venue":"Kolkata",":match_time":"2025-04-26T13:36",":sport":"cricket",":status":"upcoming"}
[23-Apr-2025 10:07:07 Europe/Berlin] Query executed successfully. Found 0 rows
[23-Apr-2025 10:07:08 Europe/Berlin] Connected to database. Tables found: favorites, feedback, matches, matches_backup, matches_new, news, newsletter, notifications, players, subscriptions, users
[23-Apr-2025 10:07:08 Europe/Berlin] Executing SQL: CREATE TABLE IF NOT EXISTS users (
                id INT AUTO_INCREMENT PRIMARY KEY,
                username VARCHAR(50) NOT NULL UNIQUE,
                password VARCHAR(255) NOT NULL,
                email VARCHAR(100) NOT NULL UNIQUE,
                account_type ENUM('user', 'admin') DEFAULT 'user',
                created_at TIMESTAMP DEFAULT CURRENT_TIMESTAMP
            )
[23-Apr-2025 10:07:08 Europe/Berlin] With params: []
[23-Apr-2025 10:07:08 Europe/Berlin] Query executed successfully. Found 0 rows
[23-Apr-2025 10:07:08 Europe/Berlin] Users table created or already exists
[23-Apr-2025 10:07:08 Europe/Berlin] Users table structure: [{"Field":"id","Type":"int(11)","Null":"NO","Key":"PRI","Default":null,"Extra":"auto_increment"},{"Field":"username","Type":"varchar(50)","Null":"NO","Key":"","Default":null,"Extra":""},{"Field":"email","Type":"varchar(100)","Null":"NO","Key":"UNI","Default":null,"Extra":""},{"Field":"password","Type":"varchar(255)","Null":"NO","Key":"","Default":null,"Extra":""},{"Field":"role","Type":"enum('user','admin')","Null":"YES","Key":"","Default":"user","Extra":""},{"Field":"verification_code","Type":"varchar(100)","Null":"YES","Key":"","Default":null,"Extra":""},{"Field":"is_verified","Type":"tinyint(1)","Null":"YES","Key":"","Default":"0","Extra":""},{"Field":"created_at","Type":"timestamp","Null":"NO","Key":"","Default":"current_timestamp()","Extra":""},{"Field":"favorite_sport","Type":"varchar(50)","Null":"YES","Key":"","Default":null,"Extra":""},{"Field":"favorite_team","Type":"varchar(50)","Null":"YES","Key":"","Default":null,"Extra":""},{"Field":"account_type","Type":"enum('user','admin')","Null":"YES","Key":"","Default":"user","Extra":""}]
[23-Apr-2025 10:07:08 Europe/Berlin] Number of users in database: 13
[23-Apr-2025 10:07:08 Europe/Berlin] All tables initialized successfully
[23-Apr-2025 10:07:08 Europe/Berlin] Connected to database. Tables found: favorites, feedback, matches, matches_backup, matches_new, news, newsletter, notifications, players, subscriptions, users
[23-Apr-2025 10:07:08 Europe/Berlin] Executing SQL: CREATE TABLE IF NOT EXISTS users (
                id INT AUTO_INCREMENT PRIMARY KEY,
                username VARCHAR(50) NOT NULL UNIQUE,
                password VARCHAR(255) NOT NULL,
                email VARCHAR(100) NOT NULL UNIQUE,
                account_type ENUM('user', 'admin') DEFAULT 'user',
                created_at TIMESTAMP DEFAULT CURRENT_TIMESTAMP
            )
[23-Apr-2025 10:07:08 Europe/Berlin] With params: []
[23-Apr-2025 10:07:08 Europe/Berlin] Query executed successfully. Found 0 rows
[23-Apr-2025 10:07:08 Europe/Berlin] Users table created or already exists
[23-Apr-2025 10:07:08 Europe/Berlin] Users table structure: [{"Field":"id","Type":"int(11)","Null":"NO","Key":"PRI","Default":null,"Extra":"auto_increment"},{"Field":"username","Type":"varchar(50)","Null":"NO","Key":"","Default":null,"Extra":""},{"Field":"email","Type":"varchar(100)","Null":"NO","Key":"UNI","Default":null,"Extra":""},{"Field":"password","Type":"varchar(255)","Null":"NO","Key":"","Default":null,"Extra":""},{"Field":"role","Type":"enum('user','admin')","Null":"YES","Key":"","Default":"user","Extra":""},{"Field":"verification_code","Type":"varchar(100)","Null":"YES","Key":"","Default":null,"Extra":""},{"Field":"is_verified","Type":"tinyint(1)","Null":"YES","Key":"","Default":"0","Extra":""},{"Field":"created_at","Type":"timestamp","Null":"NO","Key":"","Default":"current_timestamp()","Extra":""},{"Field":"favorite_sport","Type":"varchar(50)","Null":"YES","Key":"","Default":null,"Extra":""},{"Field":"favorite_team","Type":"varchar(50)","Null":"YES","Key":"","Default":null,"Extra":""},{"Field":"account_type","Type":"enum('user','admin')","Null":"YES","Key":"","Default":"user","Extra":""}]
[23-Apr-2025 10:07:08 Europe/Berlin] Number of users in database: 13
[23-Apr-2025 10:07:08 Europe/Berlin] All tables initialized successfully
[23-Apr-2025 10:07:08 Europe/Berlin] Database tables initialized successfully
[23-Apr-2025 10:07:08 Europe/Berlin] Executing SQL: SELECT * FROM users WHERE id = :id
[23-Apr-2025 10:07:08 Europe/Berlin] With params: {":id":12}
[23-Apr-2025 10:07:08 Europe/Berlin] Query executed successfully. Found 1 rows
[23-Apr-2025 10:07:08 Europe/Berlin] User loaded from session: varunpndey
[23-Apr-2025 10:07:08 Europe/Berlin] Executing SQL: SELECT * FROM users WHERE id = :id
[23-Apr-2025 10:07:08 Europe/Berlin] With params: {":id":12}
[23-Apr-2025 10:07:08 Europe/Berlin] Query executed successfully. Found 1 rows
[23-Apr-2025 10:07:08 Europe/Berlin] Executing SQL: SELECT * FROM news ORDER BY created_at DESC
[23-Apr-2025 10:07:08 Europe/Berlin] With params: []
[23-Apr-2025 10:07:08 Europe/Berlin] Query executed successfully. Found 12 rows
[23-Apr-2025 10:07:08 Europe/Berlin] Executing SQL: SELECT * FROM feedback ORDER BY created_at DESC
[23-Apr-2025 10:07:08 Europe/Berlin] With params: []
[23-Apr-2025 10:07:08 Europe/Berlin] Query executed successfully. Found 10 rows
[23-Apr-2025 10:07:08 Europe/Berlin] Executing SQL: SELECT * FROM matches WHERE status = 'live'
[23-Apr-2025 10:07:08 Europe/Berlin] With params: []
[23-Apr-2025 10:07:08 Europe/Berlin] Query executed successfully. Found 0 rows
[23-Apr-2025 10:07:08 Europe/Berlin] Executing SQL: SELECT * FROM matches WHERE 1=1 ORDER BY match_time DESC
[23-Apr-2025 10:07:08 Europe/Berlin] With params: []
[23-Apr-2025 10:07:08 Europe/Berlin] Query executed successfully. Found 6 rows
[23-Apr-2025 10:07:08 Europe/Berlin] PHP Warning:  Undefined array key "status" in /Applications/XAMPP/xamppfiles/htdocs/sportsync/public/admin.php on line 865
[23-Apr-2025 10:07:08 Europe/Berlin] PHP Warning:  Undefined array key "status" in /Applications/XAMPP/xamppfiles/htdocs/sportsync/public/admin.php on line 866
[23-Apr-2025 10:07:08 Europe/Berlin] PHP Warning:  Undefined array key "status" in /Applications/XAMPP/xamppfiles/htdocs/sportsync/public/admin.php on line 867
[23-Apr-2025 10:07:08 Europe/Berlin] PHP Warning:  Undefined array key "status" in /Applications/XAMPP/xamppfiles/htdocs/sportsync/public/admin.php on line 865
[23-Apr-2025 10:07:08 Europe/Berlin] PHP Warning:  Undefined array key "status" in /Applications/XAMPP/xamppfiles/htdocs/sportsync/public/admin.php on line 866
[23-Apr-2025 10:07:08 Europe/Berlin] PHP Warning:  Undefined array key "status" in /Applications/XAMPP/xamppfiles/htdocs/sportsync/public/admin.php on line 867
[23-Apr-2025 10:07:08 Europe/Berlin] PHP Warning:  Undefined array key "status" in /Applications/XAMPP/xamppfiles/htdocs/sportsync/public/admin.php on line 865
[23-Apr-2025 10:07:08 Europe/Berlin] PHP Warning:  Undefined array key "status" in /Applications/XAMPP/xamppfiles/htdocs/sportsync/public/admin.php on line 866
[23-Apr-2025 10:07:08 Europe/Berlin] PHP Warning:  Undefined array key "status" in /Applications/XAMPP/xamppfiles/htdocs/sportsync/public/admin.php on line 867
[23-Apr-2025 10:07:08 Europe/Berlin] PHP Warning:  Undefined array key "status" in /Applications/XAMPP/xamppfiles/htdocs/sportsync/public/admin.php on line 865
[23-Apr-2025 10:07:08 Europe/Berlin] PHP Warning:  Undefined array key "status" in /Applications/XAMPP/xamppfiles/htdocs/sportsync/public/admin.php on line 866
[23-Apr-2025 10:07:08 Europe/Berlin] PHP Warning:  Undefined array key "status" in /Applications/XAMPP/xamppfiles/htdocs/sportsync/public/admin.php on line 867
[23-Apr-2025 10:07:08 Europe/Berlin] PHP Warning:  Undefined array key "status" in /Applications/XAMPP/xamppfiles/htdocs/sportsync/public/admin.php on line 865
[23-Apr-2025 10:07:08 Europe/Berlin] PHP Warning:  Undefined array key "status" in /Applications/XAMPP/xamppfiles/htdocs/sportsync/public/admin.php on line 866
[23-Apr-2025 10:07:08 Europe/Berlin] PHP Warning:  Undefined array key "status" in /Applications/XAMPP/xamppfiles/htdocs/sportsync/public/admin.php on line 867
[23-Apr-2025 10:07:08 Europe/Berlin] PHP Warning:  Undefined array key "status" in /Applications/XAMPP/xamppfiles/htdocs/sportsync/public/admin.php on line 865
[23-Apr-2025 10:07:08 Europe/Berlin] PHP Warning:  Undefined array key "status" in /Applications/XAMPP/xamppfiles/htdocs/sportsync/public/admin.php on line 866
[23-Apr-2025 10:07:08 Europe/Berlin] PHP Warning:  Undefined array key "status" in /Applications/XAMPP/xamppfiles/htdocs/sportsync/public/admin.php on line 867
[23-Apr-2025 10:07:08 Europe/Berlin] PHP Warning:  Undefined array key "status" in /Applications/XAMPP/xamppfiles/htdocs/sportsync/public/admin.php on line 865
[23-Apr-2025 10:07:08 Europe/Berlin] PHP Warning:  Undefined array key "status" in /Applications/XAMPP/xamppfiles/htdocs/sportsync/public/admin.php on line 866
[23-Apr-2025 10:07:08 Europe/Berlin] PHP Warning:  Undefined array key "status" in /Applications/XAMPP/xamppfiles/htdocs/sportsync/public/admin.php on line 867
[23-Apr-2025 10:07:08 Europe/Berlin] PHP Warning:  Undefined array key "status" in /Applications/XAMPP/xamppfiles/htdocs/sportsync/public/admin.php on line 865
[23-Apr-2025 10:07:08 Europe/Berlin] PHP Warning:  Undefined array key "status" in /Applications/XAMPP/xamppfiles/htdocs/sportsync/public/admin.php on line 866
[23-Apr-2025 10:07:08 Europe/Berlin] PHP Warning:  Undefined array key "status" in /Applications/XAMPP/xamppfiles/htdocs/sportsync/public/admin.php on line 867
[23-Apr-2025 10:07:08 Europe/Berlin] PHP Warning:  Undefined array key "status" in /Applications/XAMPP/xamppfiles/htdocs/sportsync/public/admin.php on line 865
[23-Apr-2025 10:07:08 Europe/Berlin] PHP Warning:  Undefined array key "status" in /Applications/XAMPP/xamppfiles/htdocs/sportsync/public/admin.php on line 866
[23-Apr-2025 10:07:08 Europe/Berlin] PHP Warning:  Undefined array key "status" in /Applications/XAMPP/xamppfiles/htdocs/sportsync/public/admin.php on line 867
[23-Apr-2025 10:07:08 Europe/Berlin] PHP Warning:  Undefined array key "status" in /Applications/XAMPP/xamppfiles/htdocs/sportsync/public/admin.php on line 865
[23-Apr-2025 10:07:08 Europe/Berlin] PHP Warning:  Undefined array key "status" in /Applications/XAMPP/xamppfiles/htdocs/sportsync/public/admin.php on line 866
[23-Apr-2025 10:07:08 Europe/Berlin] PHP Warning:  Undefined array key "status" in /Applications/XAMPP/xamppfiles/htdocs/sportsync/public/admin.php on line 867
[23-Apr-2025 10:07:29 Europe/Berlin] Connected to database. Tables found: favorites, feedback, matches, matches_backup, matches_new, news, newsletter, notifications, players, subscriptions, users
[23-Apr-2025 10:07:29 Europe/Berlin] Executing SQL: CREATE TABLE IF NOT EXISTS users (
                id INT AUTO_INCREMENT PRIMARY KEY,
                username VARCHAR(50) NOT NULL UNIQUE,
                password VARCHAR(255) NOT NULL,
                email VARCHAR(100) NOT NULL UNIQUE,
                account_type ENUM('user', 'admin') DEFAULT 'user',
                created_at TIMESTAMP DEFAULT CURRENT_TIMESTAMP
            )
[23-Apr-2025 10:07:29 Europe/Berlin] With params: []
[23-Apr-2025 10:07:29 Europe/Berlin] Query executed successfully. Found 0 rows
[23-Apr-2025 10:07:29 Europe/Berlin] Users table created or already exists
[23-Apr-2025 10:07:29 Europe/Berlin] Users table structure: [{"Field":"id","Type":"int(11)","Null":"NO","Key":"PRI","Default":null,"Extra":"auto_increment"},{"Field":"username","Type":"varchar(50)","Null":"NO","Key":"","Default":null,"Extra":""},{"Field":"email","Type":"varchar(100)","Null":"NO","Key":"UNI","Default":null,"Extra":""},{"Field":"password","Type":"varchar(255)","Null":"NO","Key":"","Default":null,"Extra":""},{"Field":"role","Type":"enum('user','admin')","Null":"YES","Key":"","Default":"user","Extra":""},{"Field":"verification_code","Type":"varchar(100)","Null":"YES","Key":"","Default":null,"Extra":""},{"Field":"is_verified","Type":"tinyint(1)","Null":"YES","Key":"","Default":"0","Extra":""},{"Field":"created_at","Type":"timestamp","Null":"NO","Key":"","Default":"current_timestamp()","Extra":""},{"Field":"favorite_sport","Type":"varchar(50)","Null":"YES","Key":"","Default":null,"Extra":""},{"Field":"favorite_team","Type":"varchar(50)","Null":"YES","Key":"","Default":null,"Extra":""},{"Field":"account_type","Type":"enum('user','admin')","Null":"YES","Key":"","Default":"user","Extra":""}]
[23-Apr-2025 10:07:29 Europe/Berlin] Number of users in database: 13
[23-Apr-2025 10:07:29 Europe/Berlin] All tables initialized successfully
[23-Apr-2025 10:07:29 Europe/Berlin] Executing SQL: SELECT * FROM matches WHERE id = :id
[23-Apr-2025 10:07:29 Europe/Berlin] With params: {":id":"39"}
[23-Apr-2025 10:07:29 Europe/Berlin] Query executed successfully. Found 1 rows
[23-Apr-2025 10:07:29 Europe/Berlin] Executing SQL: DELETE FROM matches WHERE id = :id
[23-Apr-2025 10:07:29 Europe/Berlin] With params: {":id":"39"}
[23-Apr-2025 10:07:29 Europe/Berlin] Query executed successfully. Found 0 rows
[23-Apr-2025 10:07:30 Europe/Berlin] Connected to database. Tables found: favorites, feedback, matches, matches_backup, matches_new, news, newsletter, notifications, players, subscriptions, users
[23-Apr-2025 10:07:30 Europe/Berlin] Executing SQL: CREATE TABLE IF NOT EXISTS users (
                id INT AUTO_INCREMENT PRIMARY KEY,
                username VARCHAR(50) NOT NULL UNIQUE,
                password VARCHAR(255) NOT NULL,
                email VARCHAR(100) NOT NULL UNIQUE,
                account_type ENUM('user', 'admin') DEFAULT 'user',
                created_at TIMESTAMP DEFAULT CURRENT_TIMESTAMP
            )
[23-Apr-2025 10:07:30 Europe/Berlin] With params: []
[23-Apr-2025 10:07:30 Europe/Berlin] Query executed successfully. Found 0 rows
[23-Apr-2025 10:07:30 Europe/Berlin] Users table created or already exists
[23-Apr-2025 10:07:30 Europe/Berlin] Users table structure: [{"Field":"id","Type":"int(11)","Null":"NO","Key":"PRI","Default":null,"Extra":"auto_increment"},{"Field":"username","Type":"varchar(50)","Null":"NO","Key":"","Default":null,"Extra":""},{"Field":"email","Type":"varchar(100)","Null":"NO","Key":"UNI","Default":null,"Extra":""},{"Field":"password","Type":"varchar(255)","Null":"NO","Key":"","Default":null,"Extra":""},{"Field":"role","Type":"enum('user','admin')","Null":"YES","Key":"","Default":"user","Extra":""},{"Field":"verification_code","Type":"varchar(100)","Null":"YES","Key":"","Default":null,"Extra":""},{"Field":"is_verified","Type":"tinyint(1)","Null":"YES","Key":"","Default":"0","Extra":""},{"Field":"created_at","Type":"timestamp","Null":"NO","Key":"","Default":"current_timestamp()","Extra":""},{"Field":"favorite_sport","Type":"varchar(50)","Null":"YES","Key":"","Default":null,"Extra":""},{"Field":"favorite_team","Type":"varchar(50)","Null":"YES","Key":"","Default":null,"Extra":""},{"Field":"account_type","Type":"enum('user','admin')","Null":"YES","Key":"","Default":"user","Extra":""}]
[23-Apr-2025 10:07:30 Europe/Berlin] Number of users in database: 13
[23-Apr-2025 10:07:30 Europe/Berlin] All tables initialized successfully
[23-Apr-2025 10:07:30 Europe/Berlin] Connected to database. Tables found: favorites, feedback, matches, matches_backup, matches_new, news, newsletter, notifications, players, subscriptions, users
[23-Apr-2025 10:07:30 Europe/Berlin] Executing SQL: CREATE TABLE IF NOT EXISTS users (
                id INT AUTO_INCREMENT PRIMARY KEY,
                username VARCHAR(50) NOT NULL UNIQUE,
                password VARCHAR(255) NOT NULL,
                email VARCHAR(100) NOT NULL UNIQUE,
                account_type ENUM('user', 'admin') DEFAULT 'user',
                created_at TIMESTAMP DEFAULT CURRENT_TIMESTAMP
            )
[23-Apr-2025 10:07:30 Europe/Berlin] With params: []
[23-Apr-2025 10:07:30 Europe/Berlin] Query executed successfully. Found 0 rows
[23-Apr-2025 10:07:30 Europe/Berlin] Users table created or already exists
[23-Apr-2025 10:07:31 Europe/Berlin] Users table structure: [{"Field":"id","Type":"int(11)","Null":"NO","Key":"PRI","Default":null,"Extra":"auto_increment"},{"Field":"username","Type":"varchar(50)","Null":"NO","Key":"","Default":null,"Extra":""},{"Field":"email","Type":"varchar(100)","Null":"NO","Key":"UNI","Default":null,"Extra":""},{"Field":"password","Type":"varchar(255)","Null":"NO","Key":"","Default":null,"Extra":""},{"Field":"role","Type":"enum('user','admin')","Null":"YES","Key":"","Default":"user","Extra":""},{"Field":"verification_code","Type":"varchar(100)","Null":"YES","Key":"","Default":null,"Extra":""},{"Field":"is_verified","Type":"tinyint(1)","Null":"YES","Key":"","Default":"0","Extra":""},{"Field":"created_at","Type":"timestamp","Null":"NO","Key":"","Default":"current_timestamp()","Extra":""},{"Field":"favorite_sport","Type":"varchar(50)","Null":"YES","Key":"","Default":null,"Extra":""},{"Field":"favorite_team","Type":"varchar(50)","Null":"YES","Key":"","Default":null,"Extra":""},{"Field":"account_type","Type":"enum('user','admin')","Null":"YES","Key":"","Default":"user","Extra":""}]
[23-Apr-2025 10:07:31 Europe/Berlin] Number of users in database: 13
[23-Apr-2025 10:07:31 Europe/Berlin] All tables initialized successfully
[23-Apr-2025 10:07:31 Europe/Berlin] Database tables initialized successfully
[23-Apr-2025 10:07:31 Europe/Berlin] Executing SQL: SELECT * FROM users WHERE id = :id
[23-Apr-2025 10:07:31 Europe/Berlin] With params: {":id":12}
[23-Apr-2025 10:07:31 Europe/Berlin] Query executed successfully. Found 1 rows
[23-Apr-2025 10:07:31 Europe/Berlin] User loaded from session: varunpndey
[23-Apr-2025 10:07:31 Europe/Berlin] Executing SQL: SELECT * FROM users WHERE id = :id
[23-Apr-2025 10:07:31 Europe/Berlin] With params: {":id":12}
[23-Apr-2025 10:07:31 Europe/Berlin] Query executed successfully. Found 1 rows
[23-Apr-2025 10:07:31 Europe/Berlin] Executing SQL: SELECT * FROM news ORDER BY created_at DESC
[23-Apr-2025 10:07:31 Europe/Berlin] With params: []
[23-Apr-2025 10:07:31 Europe/Berlin] Query executed successfully. Found 12 rows
[23-Apr-2025 10:07:31 Europe/Berlin] Executing SQL: SELECT * FROM feedback ORDER BY created_at DESC
[23-Apr-2025 10:07:31 Europe/Berlin] With params: []
[23-Apr-2025 10:07:31 Europe/Berlin] Query executed successfully. Found 10 rows
[23-Apr-2025 10:07:31 Europe/Berlin] Executing SQL: SELECT * FROM matches WHERE status = 'live'
[23-Apr-2025 10:07:31 Europe/Berlin] With params: []
[23-Apr-2025 10:07:31 Europe/Berlin] Query executed successfully. Found 0 rows
[23-Apr-2025 10:07:31 Europe/Berlin] Executing SQL: SELECT * FROM matches WHERE 1=1 ORDER BY match_time DESC
[23-Apr-2025 10:07:31 Europe/Berlin] With params: []
[23-Apr-2025 10:07:31 Europe/Berlin] Query executed successfully. Found 5 rows
[23-Apr-2025 10:07:31 Europe/Berlin] PHP Warning:  Undefined array key "status" in /Applications/XAMPP/xamppfiles/htdocs/sportsync/public/admin.php on line 865
[23-Apr-2025 10:07:31 Europe/Berlin] PHP Warning:  Undefined array key "status" in /Applications/XAMPP/xamppfiles/htdocs/sportsync/public/admin.php on line 866
[23-Apr-2025 10:07:31 Europe/Berlin] PHP Warning:  Undefined array key "status" in /Applications/XAMPP/xamppfiles/htdocs/sportsync/public/admin.php on line 867
[23-Apr-2025 10:07:31 Europe/Berlin] PHP Warning:  Undefined array key "status" in /Applications/XAMPP/xamppfiles/htdocs/sportsync/public/admin.php on line 865
[23-Apr-2025 10:07:31 Europe/Berlin] PHP Warning:  Undefined array key "status" in /Applications/XAMPP/xamppfiles/htdocs/sportsync/public/admin.php on line 866
[23-Apr-2025 10:07:31 Europe/Berlin] PHP Warning:  Undefined array key "status" in /Applications/XAMPP/xamppfiles/htdocs/sportsync/public/admin.php on line 867
[23-Apr-2025 10:07:31 Europe/Berlin] PHP Warning:  Undefined array key "status" in /Applications/XAMPP/xamppfiles/htdocs/sportsync/public/admin.php on line 865
[23-Apr-2025 10:07:31 Europe/Berlin] PHP Warning:  Undefined array key "status" in /Applications/XAMPP/xamppfiles/htdocs/sportsync/public/admin.php on line 866
[23-Apr-2025 10:07:31 Europe/Berlin] PHP Warning:  Undefined array key "status" in /Applications/XAMPP/xamppfiles/htdocs/sportsync/public/admin.php on line 867
[23-Apr-2025 10:07:31 Europe/Berlin] PHP Warning:  Undefined array key "status" in /Applications/XAMPP/xamppfiles/htdocs/sportsync/public/admin.php on line 865
[23-Apr-2025 10:07:31 Europe/Berlin] PHP Warning:  Undefined array key "status" in /Applications/XAMPP/xamppfiles/htdocs/sportsync/public/admin.php on line 866
[23-Apr-2025 10:07:31 Europe/Berlin] PHP Warning:  Undefined array key "status" in /Applications/XAMPP/xamppfiles/htdocs/sportsync/public/admin.php on line 867
[23-Apr-2025 10:07:31 Europe/Berlin] PHP Warning:  Undefined array key "status" in /Applications/XAMPP/xamppfiles/htdocs/sportsync/public/admin.php on line 865
[23-Apr-2025 10:07:31 Europe/Berlin] PHP Warning:  Undefined array key "status" in /Applications/XAMPP/xamppfiles/htdocs/sportsync/public/admin.php on line 866
[23-Apr-2025 10:07:31 Europe/Berlin] PHP Warning:  Undefined array key "status" in /Applications/XAMPP/xamppfiles/htdocs/sportsync/public/admin.php on line 867
[23-Apr-2025 10:07:31 Europe/Berlin] PHP Warning:  Undefined array key "status" in /Applications/XAMPP/xamppfiles/htdocs/sportsync/public/admin.php on line 865
[23-Apr-2025 10:07:31 Europe/Berlin] PHP Warning:  Undefined array key "status" in /Applications/XAMPP/xamppfiles/htdocs/sportsync/public/admin.php on line 866
[23-Apr-2025 10:07:31 Europe/Berlin] PHP Warning:  Undefined array key "status" in /Applications/XAMPP/xamppfiles/htdocs/sportsync/public/admin.php on line 867
[23-Apr-2025 10:07:31 Europe/Berlin] PHP Warning:  Undefined array key "status" in /Applications/XAMPP/xamppfiles/htdocs/sportsync/public/admin.php on line 865
[23-Apr-2025 10:07:31 Europe/Berlin] PHP Warning:  Undefined array key "status" in /Applications/XAMPP/xamppfiles/htdocs/sportsync/public/admin.php on line 866
[23-Apr-2025 10:07:31 Europe/Berlin] PHP Warning:  Undefined array key "status" in /Applications/XAMPP/xamppfiles/htdocs/sportsync/public/admin.php on line 867
[23-Apr-2025 10:07:31 Europe/Berlin] PHP Warning:  Undefined array key "status" in /Applications/XAMPP/xamppfiles/htdocs/sportsync/public/admin.php on line 865
[23-Apr-2025 10:07:31 Europe/Berlin] PHP Warning:  Undefined array key "status" in /Applications/XAMPP/xamppfiles/htdocs/sportsync/public/admin.php on line 866
[23-Apr-2025 10:07:31 Europe/Berlin] PHP Warning:  Undefined array key "status" in /Applications/XAMPP/xamppfiles/htdocs/sportsync/public/admin.php on line 867
[23-Apr-2025 10:07:31 Europe/Berlin] PHP Warning:  Undefined array key "status" in /Applications/XAMPP/xamppfiles/htdocs/sportsync/public/admin.php on line 865
[23-Apr-2025 10:07:31 Europe/Berlin] PHP Warning:  Undefined array key "status" in /Applications/XAMPP/xamppfiles/htdocs/sportsync/public/admin.php on line 866
[23-Apr-2025 10:07:31 Europe/Berlin] PHP Warning:  Undefined array key "status" in /Applications/XAMPP/xamppfiles/htdocs/sportsync/public/admin.php on line 867
[23-Apr-2025 10:07:31 Europe/Berlin] PHP Warning:  Undefined array key "status" in /Applications/XAMPP/xamppfiles/htdocs/sportsync/public/admin.php on line 865
[23-Apr-2025 10:07:31 Europe/Berlin] PHP Warning:  Undefined array key "status" in /Applications/XAMPP/xamppfiles/htdocs/sportsync/public/admin.php on line 866
[23-Apr-2025 10:07:31 Europe/Berlin] PHP Warning:  Undefined array key "status" in /Applications/XAMPP/xamppfiles/htdocs/sportsync/public/admin.php on line 867
[23-Apr-2025 10:10:12 Europe/Berlin] Connected to database. Tables found: favorites, feedback, matches, matches_backup, matches_new, news, newsletter, notifications, players, subscriptions, users
[23-Apr-2025 10:10:12 Europe/Berlin] Executing SQL: CREATE TABLE IF NOT EXISTS users (
                id INT AUTO_INCREMENT PRIMARY KEY,
                username VARCHAR(50) NOT NULL UNIQUE,
                password VARCHAR(255) NOT NULL,
                email VARCHAR(100) NOT NULL UNIQUE,
                account_type ENUM('user', 'admin') DEFAULT 'user',
                created_at TIMESTAMP DEFAULT CURRENT_TIMESTAMP
            )
[23-Apr-2025 10:10:12 Europe/Berlin] With params: []
[23-Apr-2025 10:10:12 Europe/Berlin] Query executed successfully. Found 0 rows
[23-Apr-2025 10:10:12 Europe/Berlin] Users table created or already exists
[23-Apr-2025 10:10:12 Europe/Berlin] Users table structure: [{"Field":"id","Type":"int(11)","Null":"NO","Key":"PRI","Default":null,"Extra":"auto_increment"},{"Field":"username","Type":"varchar(50)","Null":"NO","Key":"","Default":null,"Extra":""},{"Field":"email","Type":"varchar(100)","Null":"NO","Key":"UNI","Default":null,"Extra":""},{"Field":"password","Type":"varchar(255)","Null":"NO","Key":"","Default":null,"Extra":""},{"Field":"role","Type":"enum('user','admin')","Null":"YES","Key":"","Default":"user","Extra":""},{"Field":"verification_code","Type":"varchar(100)","Null":"YES","Key":"","Default":null,"Extra":""},{"Field":"is_verified","Type":"tinyint(1)","Null":"YES","Key":"","Default":"0","Extra":""},{"Field":"created_at","Type":"timestamp","Null":"NO","Key":"","Default":"current_timestamp()","Extra":""},{"Field":"favorite_sport","Type":"varchar(50)","Null":"YES","Key":"","Default":null,"Extra":""},{"Field":"favorite_team","Type":"varchar(50)","Null":"YES","Key":"","Default":null,"Extra":""},{"Field":"account_type","Type":"enum('user','admin')","Null":"YES","Key":"","Default":"user","Extra":""}]
[23-Apr-2025 10:10:12 Europe/Berlin] Number of users in database: 13
[23-Apr-2025 10:10:12 Europe/Berlin] All tables initialized successfully
[23-Apr-2025 10:10:12 Europe/Berlin] Connected to database. Tables found: favorites, feedback, matches, matches_backup, matches_new, news, newsletter, notifications, players, subscriptions, users
[23-Apr-2025 10:10:12 Europe/Berlin] Executing SQL: CREATE TABLE IF NOT EXISTS users (
                id INT AUTO_INCREMENT PRIMARY KEY,
                username VARCHAR(50) NOT NULL UNIQUE,
                password VARCHAR(255) NOT NULL,
                email VARCHAR(100) NOT NULL UNIQUE,
                account_type ENUM('user', 'admin') DEFAULT 'user',
                created_at TIMESTAMP DEFAULT CURRENT_TIMESTAMP
            )
[23-Apr-2025 10:10:12 Europe/Berlin] With params: []
[23-Apr-2025 10:10:12 Europe/Berlin] Query executed successfully. Found 0 rows
[23-Apr-2025 10:10:12 Europe/Berlin] Users table created or already exists
[23-Apr-2025 10:10:12 Europe/Berlin] Users table structure: [{"Field":"id","Type":"int(11)","Null":"NO","Key":"PRI","Default":null,"Extra":"auto_increment"},{"Field":"username","Type":"varchar(50)","Null":"NO","Key":"","Default":null,"Extra":""},{"Field":"email","Type":"varchar(100)","Null":"NO","Key":"UNI","Default":null,"Extra":""},{"Field":"password","Type":"varchar(255)","Null":"NO","Key":"","Default":null,"Extra":""},{"Field":"role","Type":"enum('user','admin')","Null":"YES","Key":"","Default":"user","Extra":""},{"Field":"verification_code","Type":"varchar(100)","Null":"YES","Key":"","Default":null,"Extra":""},{"Field":"is_verified","Type":"tinyint(1)","Null":"YES","Key":"","Default":"0","Extra":""},{"Field":"created_at","Type":"timestamp","Null":"NO","Key":"","Default":"current_timestamp()","Extra":""},{"Field":"favorite_sport","Type":"varchar(50)","Null":"YES","Key":"","Default":null,"Extra":""},{"Field":"favorite_team","Type":"varchar(50)","Null":"YES","Key":"","Default":null,"Extra":""},{"Field":"account_type","Type":"enum('user','admin')","Null":"YES","Key":"","Default":"user","Extra":""}]
[23-Apr-2025 10:10:12 Europe/Berlin] Number of users in database: 13
[23-Apr-2025 10:10:12 Europe/Berlin] All tables initialized successfully
[23-Apr-2025 10:10:12 Europe/Berlin] Database tables initialized successfully
[23-Apr-2025 10:10:12 Europe/Berlin] Executing SQL: SELECT * FROM users WHERE id = :id
[23-Apr-2025 10:10:12 Europe/Berlin] With params: {":id":12}
[23-Apr-2025 10:10:12 Europe/Berlin] Query executed successfully. Found 1 rows
[23-Apr-2025 10:10:12 Europe/Berlin] User loaded from session: varunpndey
[23-Apr-2025 10:10:12 Europe/Berlin] Header - Session status: 2
[23-Apr-2025 10:10:12 Europe/Berlin] Header - Session data: {"user_id":12,"username":"varunpndey","email":"va@gmail.com","account_type":"admin"}
[23-Apr-2025 10:10:12 Europe/Berlin] Header - After session start - Status: 2
[23-Apr-2025 10:10:12 Europe/Berlin] Header - After session start - Data: {"user_id":12,"username":"varunpndey","email":"va@gmail.com","account_type":"admin"}
[23-Apr-2025 10:10:12 Europe/Berlin] Header - Is logged in: Yes
[23-Apr-2025 10:10:12 Europe/Berlin] Executing SQL: SELECT * FROM news ORDER BY created_at DESC LIMIT 5
[23-Apr-2025 10:10:12 Europe/Berlin] With params: []
[23-Apr-2025 10:10:12 Europe/Berlin] Query executed successfully. Found 5 rows
[23-Apr-2025 10:10:12 Europe/Berlin] Executing SQL: SELECT * FROM matches WHERE status = 'live'
[23-Apr-2025 10:10:12 Europe/Berlin] With params: []
[23-Apr-2025 10:10:12 Europe/Berlin] Query executed successfully. Found 0 rows
[23-Apr-2025 10:10:15 Europe/Berlin] Connected to database. Tables found: favorites, feedback, matches, matches_backup, matches_new, news, newsletter, notifications, players, subscriptions, users
[23-Apr-2025 10:10:15 Europe/Berlin] Executing SQL: CREATE TABLE IF NOT EXISTS users (
                id INT AUTO_INCREMENT PRIMARY KEY,
                username VARCHAR(50) NOT NULL UNIQUE,
                password VARCHAR(255) NOT NULL,
                email VARCHAR(100) NOT NULL UNIQUE,
                account_type ENUM('user', 'admin') DEFAULT 'user',
                created_at TIMESTAMP DEFAULT CURRENT_TIMESTAMP
            )
[23-Apr-2025 10:10:15 Europe/Berlin] With params: []
[23-Apr-2025 10:10:15 Europe/Berlin] Query executed successfully. Found 0 rows
[23-Apr-2025 10:10:15 Europe/Berlin] Users table created or already exists
[23-Apr-2025 10:10:15 Europe/Berlin] Users table structure: [{"Field":"id","Type":"int(11)","Null":"NO","Key":"PRI","Default":null,"Extra":"auto_increment"},{"Field":"username","Type":"varchar(50)","Null":"NO","Key":"","Default":null,"Extra":""},{"Field":"email","Type":"varchar(100)","Null":"NO","Key":"UNI","Default":null,"Extra":""},{"Field":"password","Type":"varchar(255)","Null":"NO","Key":"","Default":null,"Extra":""},{"Field":"role","Type":"enum('user','admin')","Null":"YES","Key":"","Default":"user","Extra":""},{"Field":"verification_code","Type":"varchar(100)","Null":"YES","Key":"","Default":null,"Extra":""},{"Field":"is_verified","Type":"tinyint(1)","Null":"YES","Key":"","Default":"0","Extra":""},{"Field":"created_at","Type":"timestamp","Null":"NO","Key":"","Default":"current_timestamp()","Extra":""},{"Field":"favorite_sport","Type":"varchar(50)","Null":"YES","Key":"","Default":null,"Extra":""},{"Field":"favorite_team","Type":"varchar(50)","Null":"YES","Key":"","Default":null,"Extra":""},{"Field":"account_type","Type":"enum('user','admin')","Null":"YES","Key":"","Default":"user","Extra":""}]
[23-Apr-2025 10:10:15 Europe/Berlin] Number of users in database: 13
[23-Apr-2025 10:10:15 Europe/Berlin] All tables initialized successfully
[23-Apr-2025 10:10:15 Europe/Berlin] Connected to database. Tables found: favorites, feedback, matches, matches_backup, matches_new, news, newsletter, notifications, players, subscriptions, users
[23-Apr-2025 10:10:15 Europe/Berlin] Executing SQL: CREATE TABLE IF NOT EXISTS users (
                id INT AUTO_INCREMENT PRIMARY KEY,
                username VARCHAR(50) NOT NULL UNIQUE,
                password VARCHAR(255) NOT NULL,
                email VARCHAR(100) NOT NULL UNIQUE,
                account_type ENUM('user', 'admin') DEFAULT 'user',
                created_at TIMESTAMP DEFAULT CURRENT_TIMESTAMP
            )
[23-Apr-2025 10:10:15 Europe/Berlin] With params: []
[23-Apr-2025 10:10:15 Europe/Berlin] Query executed successfully. Found 0 rows
[23-Apr-2025 10:10:15 Europe/Berlin] Users table created or already exists
[23-Apr-2025 10:10:15 Europe/Berlin] Users table structure: [{"Field":"id","Type":"int(11)","Null":"NO","Key":"PRI","Default":null,"Extra":"auto_increment"},{"Field":"username","Type":"varchar(50)","Null":"NO","Key":"","Default":null,"Extra":""},{"Field":"email","Type":"varchar(100)","Null":"NO","Key":"UNI","Default":null,"Extra":""},{"Field":"password","Type":"varchar(255)","Null":"NO","Key":"","Default":null,"Extra":""},{"Field":"role","Type":"enum('user','admin')","Null":"YES","Key":"","Default":"user","Extra":""},{"Field":"verification_code","Type":"varchar(100)","Null":"YES","Key":"","Default":null,"Extra":""},{"Field":"is_verified","Type":"tinyint(1)","Null":"YES","Key":"","Default":"0","Extra":""},{"Field":"created_at","Type":"timestamp","Null":"NO","Key":"","Default":"current_timestamp()","Extra":""},{"Field":"favorite_sport","Type":"varchar(50)","Null":"YES","Key":"","Default":null,"Extra":""},{"Field":"favorite_team","Type":"varchar(50)","Null":"YES","Key":"","Default":null,"Extra":""},{"Field":"account_type","Type":"enum('user','admin')","Null":"YES","Key":"","Default":"user","Extra":""}]
[23-Apr-2025 10:10:15 Europe/Berlin] Number of users in database: 13
[23-Apr-2025 10:10:15 Europe/Berlin] All tables initialized successfully
[23-Apr-2025 10:10:15 Europe/Berlin] Database tables initialized successfully
[23-Apr-2025 10:10:15 Europe/Berlin] Executing SQL: SELECT * FROM users WHERE id = :id
[23-Apr-2025 10:10:15 Europe/Berlin] With params: {":id":12}
[23-Apr-2025 10:10:15 Europe/Berlin] Query executed successfully. Found 1 rows
[23-Apr-2025 10:10:15 Europe/Berlin] User loaded from session: varunpndey
[23-Apr-2025 10:10:15 Europe/Berlin] Header - Session status: 2
[23-Apr-2025 10:10:15 Europe/Berlin] Header - Session data: {"user_id":12,"username":"varunpndey","email":"va@gmail.com","account_type":"admin"}
[23-Apr-2025 10:10:15 Europe/Berlin] Header - After session start - Status: 2
[23-Apr-2025 10:10:15 Europe/Berlin] Header - After session start - Data: {"user_id":12,"username":"varunpndey","email":"va@gmail.com","account_type":"admin"}
[23-Apr-2025 10:10:15 Europe/Berlin] Header - Is logged in: Yes
[23-Apr-2025 10:10:15 Europe/Berlin] Executing SQL: SELECT * FROM matches WHERE sport = :sport ORDER BY match_time DESC
[23-Apr-2025 10:10:15 Europe/Berlin] With params: {":sport":"cricket"}
[23-Apr-2025 10:10:15 Europe/Berlin] Query executed successfully. Found 4 rows
[23-Apr-2025 10:10:15 Europe/Berlin] Executing SQL: SELECT * FROM matches WHERE sport = :sport AND status = :status
[23-Apr-2025 10:10:15 Europe/Berlin] With params: {":sport":"cricket",":status":"live"}
[23-Apr-2025 10:10:15 Europe/Berlin] Query executed successfully. Found 0 rows
[23-Apr-2025 10:10:15 Europe/Berlin] Executing SQL: SELECT COUNT(*) as count FROM favorites 
                    WHERE user_id = :user_id AND match_id = :match_id
[23-Apr-2025 10:10:15 Europe/Berlin] With params: {":user_id":12,":match_id":42}
[23-Apr-2025 10:10:15 Europe/Berlin] Query executed successfully. Found 1 rows
[23-Apr-2025 10:10:15 Europe/Berlin] Executing SQL: SELECT COUNT(*) as count FROM favorites 
                    WHERE user_id = :user_id AND match_id = :match_id
[23-Apr-2025 10:10:15 Europe/Berlin] With params: {":user_id":12,":match_id":43}
[23-Apr-2025 10:10:15 Europe/Berlin] Query executed successfully. Found 1 rows
[23-Apr-2025 10:10:15 Europe/Berlin] Executing SQL: SELECT COUNT(*) as count FROM favorites 
                    WHERE user_id = :user_id AND match_id = :match_id
[23-Apr-2025 10:10:15 Europe/Berlin] With params: {":user_id":12,":match_id":38}
[23-Apr-2025 10:10:15 Europe/Berlin] Query executed successfully. Found 1 rows
[23-Apr-2025 10:10:15 Europe/Berlin] Executing SQL: SELECT COUNT(*) as count FROM favorites 
                    WHERE user_id = :user_id AND match_id = :match_id
[23-Apr-2025 10:10:15 Europe/Berlin] With params: {":user_id":12,":match_id":37}
[23-Apr-2025 10:10:15 Europe/Berlin] Query executed successfully. Found 1 rows
[23-Apr-2025 10:10:16 Europe/Berlin] Connected to database. Tables found: favorites, feedback, matches, matches_backup, matches_new, news, newsletter, notifications, players, subscriptions, users
[23-Apr-2025 10:10:16 Europe/Berlin] Executing SQL: CREATE TABLE IF NOT EXISTS users (
                id INT AUTO_INCREMENT PRIMARY KEY,
                username VARCHAR(50) NOT NULL UNIQUE,
                password VARCHAR(255) NOT NULL,
                email VARCHAR(100) NOT NULL UNIQUE,
                account_type ENUM('user', 'admin') DEFAULT 'user',
                created_at TIMESTAMP DEFAULT CURRENT_TIMESTAMP
            )
[23-Apr-2025 10:10:16 Europe/Berlin] With params: []
[23-Apr-2025 10:10:16 Europe/Berlin] Query executed successfully. Found 0 rows
[23-Apr-2025 10:10:16 Europe/Berlin] Users table created or already exists
[23-Apr-2025 10:10:16 Europe/Berlin] Users table structure: [{"Field":"id","Type":"int(11)","Null":"NO","Key":"PRI","Default":null,"Extra":"auto_increment"},{"Field":"username","Type":"varchar(50)","Null":"NO","Key":"","Default":null,"Extra":""},{"Field":"email","Type":"varchar(100)","Null":"NO","Key":"UNI","Default":null,"Extra":""},{"Field":"password","Type":"varchar(255)","Null":"NO","Key":"","Default":null,"Extra":""},{"Field":"role","Type":"enum('user','admin')","Null":"YES","Key":"","Default":"user","Extra":""},{"Field":"verification_code","Type":"varchar(100)","Null":"YES","Key":"","Default":null,"Extra":""},{"Field":"is_verified","Type":"tinyint(1)","Null":"YES","Key":"","Default":"0","Extra":""},{"Field":"created_at","Type":"timestamp","Null":"NO","Key":"","Default":"current_timestamp()","Extra":""},{"Field":"favorite_sport","Type":"varchar(50)","Null":"YES","Key":"","Default":null,"Extra":""},{"Field":"favorite_team","Type":"varchar(50)","Null":"YES","Key":"","Default":null,"Extra":""},{"Field":"account_type","Type":"enum('user','admin')","Null":"YES","Key":"","Default":"user","Extra":""}]
[23-Apr-2025 10:10:16 Europe/Berlin] Number of users in database: 13
[23-Apr-2025 10:10:16 Europe/Berlin] All tables initialized successfully
[23-Apr-2025 10:10:16 Europe/Berlin] Connected to database. Tables found: favorites, feedback, matches, matches_backup, matches_new, news, newsletter, notifications, players, subscriptions, users
[23-Apr-2025 10:10:16 Europe/Berlin] Executing SQL: CREATE TABLE IF NOT EXISTS users (
                id INT AUTO_INCREMENT PRIMARY KEY,
                username VARCHAR(50) NOT NULL UNIQUE,
                password VARCHAR(255) NOT NULL,
                email VARCHAR(100) NOT NULL UNIQUE,
                account_type ENUM('user', 'admin') DEFAULT 'user',
                created_at TIMESTAMP DEFAULT CURRENT_TIMESTAMP
            )
[23-Apr-2025 10:10:16 Europe/Berlin] With params: []
[23-Apr-2025 10:10:16 Europe/Berlin] Query executed successfully. Found 0 rows
[23-Apr-2025 10:10:16 Europe/Berlin] Users table created or already exists
[23-Apr-2025 10:10:16 Europe/Berlin] Users table structure: [{"Field":"id","Type":"int(11)","Null":"NO","Key":"PRI","Default":null,"Extra":"auto_increment"},{"Field":"username","Type":"varchar(50)","Null":"NO","Key":"","Default":null,"Extra":""},{"Field":"email","Type":"varchar(100)","Null":"NO","Key":"UNI","Default":null,"Extra":""},{"Field":"password","Type":"varchar(255)","Null":"NO","Key":"","Default":null,"Extra":""},{"Field":"role","Type":"enum('user','admin')","Null":"YES","Key":"","Default":"user","Extra":""},{"Field":"verification_code","Type":"varchar(100)","Null":"YES","Key":"","Default":null,"Extra":""},{"Field":"is_verified","Type":"tinyint(1)","Null":"YES","Key":"","Default":"0","Extra":""},{"Field":"created_at","Type":"timestamp","Null":"NO","Key":"","Default":"current_timestamp()","Extra":""},{"Field":"favorite_sport","Type":"varchar(50)","Null":"YES","Key":"","Default":null,"Extra":""},{"Field":"favorite_team","Type":"varchar(50)","Null":"YES","Key":"","Default":null,"Extra":""},{"Field":"account_type","Type":"enum('user','admin')","Null":"YES","Key":"","Default":"user","Extra":""}]
[23-Apr-2025 10:10:16 Europe/Berlin] Number of users in database: 13
[23-Apr-2025 10:10:16 Europe/Berlin] All tables initialized successfully
[23-Apr-2025 10:10:16 Europe/Berlin] Database tables initialized successfully
[23-Apr-2025 10:10:16 Europe/Berlin] Executing SQL: SELECT * FROM users WHERE id = :id
[23-Apr-2025 10:10:16 Europe/Berlin] With params: {":id":12}
[23-Apr-2025 10:10:16 Europe/Berlin] Query executed successfully. Found 1 rows
[23-Apr-2025 10:10:16 Europe/Berlin] User loaded from session: varunpndey
[23-Apr-2025 10:10:16 Europe/Berlin] Executing SQL: SELECT * FROM matches WHERE id = :id
[23-Apr-2025 10:10:16 Europe/Berlin] With params: {":id":42}
[23-Apr-2025 10:10:16 Europe/Berlin] Query executed successfully. Found 1 rows
[23-Apr-2025 10:10:16 Europe/Berlin] Header - Session status: 2
[23-Apr-2025 10:10:16 Europe/Berlin] Header - Session data: {"user_id":12,"username":"varunpndey","email":"va@gmail.com","account_type":"admin"}
[23-Apr-2025 10:10:16 Europe/Berlin] Header - After session start - Status: 2
[23-Apr-2025 10:10:16 Europe/Berlin] Header - After session start - Data: {"user_id":12,"username":"varunpndey","email":"va@gmail.com","account_type":"admin"}
[23-Apr-2025 10:10:16 Europe/Berlin] Header - Is logged in: Yes
[23-Apr-2025 10:10:23 Europe/Berlin] Connected to database. Tables found: favorites, feedback, matches, matches_backup, matches_new, news, newsletter, notifications, players, subscriptions, users
[23-Apr-2025 10:10:23 Europe/Berlin] Executing SQL: CREATE TABLE IF NOT EXISTS users (
                id INT AUTO_INCREMENT PRIMARY KEY,
                username VARCHAR(50) NOT NULL UNIQUE,
                password VARCHAR(255) NOT NULL,
                email VARCHAR(100) NOT NULL UNIQUE,
                account_type ENUM('user', 'admin') DEFAULT 'user',
                created_at TIMESTAMP DEFAULT CURRENT_TIMESTAMP
            )
[23-Apr-2025 10:10:23 Europe/Berlin] With params: []
[23-Apr-2025 10:10:23 Europe/Berlin] Query executed successfully. Found 0 rows
[23-Apr-2025 10:10:23 Europe/Berlin] Users table created or already exists
[23-Apr-2025 10:10:23 Europe/Berlin] Users table structure: [{"Field":"id","Type":"int(11)","Null":"NO","Key":"PRI","Default":null,"Extra":"auto_increment"},{"Field":"username","Type":"varchar(50)","Null":"NO","Key":"","Default":null,"Extra":""},{"Field":"email","Type":"varchar(100)","Null":"NO","Key":"UNI","Default":null,"Extra":""},{"Field":"password","Type":"varchar(255)","Null":"NO","Key":"","Default":null,"Extra":""},{"Field":"role","Type":"enum('user','admin')","Null":"YES","Key":"","Default":"user","Extra":""},{"Field":"verification_code","Type":"varchar(100)","Null":"YES","Key":"","Default":null,"Extra":""},{"Field":"is_verified","Type":"tinyint(1)","Null":"YES","Key":"","Default":"0","Extra":""},{"Field":"created_at","Type":"timestamp","Null":"NO","Key":"","Default":"current_timestamp()","Extra":""},{"Field":"favorite_sport","Type":"varchar(50)","Null":"YES","Key":"","Default":null,"Extra":""},{"Field":"favorite_team","Type":"varchar(50)","Null":"YES","Key":"","Default":null,"Extra":""},{"Field":"account_type","Type":"enum('user','admin')","Null":"YES","Key":"","Default":"user","Extra":""}]
[23-Apr-2025 10:10:23 Europe/Berlin] Number of users in database: 13
[23-Apr-2025 10:10:23 Europe/Berlin] All tables initialized successfully
[23-Apr-2025 10:10:23 Europe/Berlin] Connected to database. Tables found: favorites, feedback, matches, matches_backup, matches_new, news, newsletter, notifications, players, subscriptions, users
[23-Apr-2025 10:10:23 Europe/Berlin] Executing SQL: CREATE TABLE IF NOT EXISTS users (
                id INT AUTO_INCREMENT PRIMARY KEY,
                username VARCHAR(50) NOT NULL UNIQUE,
                password VARCHAR(255) NOT NULL,
                email VARCHAR(100) NOT NULL UNIQUE,
                account_type ENUM('user', 'admin') DEFAULT 'user',
                created_at TIMESTAMP DEFAULT CURRENT_TIMESTAMP
            )
[23-Apr-2025 10:10:23 Europe/Berlin] With params: []
[23-Apr-2025 10:10:23 Europe/Berlin] Query executed successfully. Found 0 rows
[23-Apr-2025 10:10:23 Europe/Berlin] Users table created or already exists
[23-Apr-2025 10:10:23 Europe/Berlin] Users table structure: [{"Field":"id","Type":"int(11)","Null":"NO","Key":"PRI","Default":null,"Extra":"auto_increment"},{"Field":"username","Type":"varchar(50)","Null":"NO","Key":"","Default":null,"Extra":""},{"Field":"email","Type":"varchar(100)","Null":"NO","Key":"UNI","Default":null,"Extra":""},{"Field":"password","Type":"varchar(255)","Null":"NO","Key":"","Default":null,"Extra":""},{"Field":"role","Type":"enum('user','admin')","Null":"YES","Key":"","Default":"user","Extra":""},{"Field":"verification_code","Type":"varchar(100)","Null":"YES","Key":"","Default":null,"Extra":""},{"Field":"is_verified","Type":"tinyint(1)","Null":"YES","Key":"","Default":"0","Extra":""},{"Field":"created_at","Type":"timestamp","Null":"NO","Key":"","Default":"current_timestamp()","Extra":""},{"Field":"favorite_sport","Type":"varchar(50)","Null":"YES","Key":"","Default":null,"Extra":""},{"Field":"favorite_team","Type":"varchar(50)","Null":"YES","Key":"","Default":null,"Extra":""},{"Field":"account_type","Type":"enum('user','admin')","Null":"YES","Key":"","Default":"user","Extra":""}]
[23-Apr-2025 10:10:23 Europe/Berlin] Number of users in database: 13
[23-Apr-2025 10:10:23 Europe/Berlin] All tables initialized successfully
[23-Apr-2025 10:10:23 Europe/Berlin] Database tables initialized successfully
[23-Apr-2025 10:10:23 Europe/Berlin] Executing SQL: SELECT * FROM users WHERE id = :id
[23-Apr-2025 10:10:23 Europe/Berlin] With params: {":id":12}
[23-Apr-2025 10:10:23 Europe/Berlin] Query executed successfully. Found 1 rows
[23-Apr-2025 10:10:23 Europe/Berlin] User loaded from session: varunpndey
[23-Apr-2025 10:10:23 Europe/Berlin] Executing SQL: SELECT * FROM matches WHERE id = :id
[23-Apr-2025 10:10:23 Europe/Berlin] With params: {":id":43}
[23-Apr-2025 10:10:23 Europe/Berlin] Query executed successfully. Found 1 rows
[23-Apr-2025 10:10:23 Europe/Berlin] Header - Session status: 2
[23-Apr-2025 10:10:23 Europe/Berlin] Header - Session data: {"user_id":12,"username":"varunpndey","email":"va@gmail.com","account_type":"admin"}
[23-Apr-2025 10:10:23 Europe/Berlin] Header - After session start - Status: 2
[23-Apr-2025 10:10:23 Europe/Berlin] Header - After session start - Data: {"user_id":12,"username":"varunpndey","email":"va@gmail.com","account_type":"admin"}
[23-Apr-2025 10:10:23 Europe/Berlin] Header - Is logged in: Yes
[23-Apr-2025 10:10:26 Europe/Berlin] Connected to database. Tables found: favorites, feedback, matches, matches_backup, matches_new, news, newsletter, notifications, players, subscriptions, users
[23-Apr-2025 10:10:26 Europe/Berlin] Executing SQL: CREATE TABLE IF NOT EXISTS users (
                id INT AUTO_INCREMENT PRIMARY KEY,
                username VARCHAR(50) NOT NULL UNIQUE,
                password VARCHAR(255) NOT NULL,
                email VARCHAR(100) NOT NULL UNIQUE,
                account_type ENUM('user', 'admin') DEFAULT 'user',
                created_at TIMESTAMP DEFAULT CURRENT_TIMESTAMP
            )
[23-Apr-2025 10:10:26 Europe/Berlin] With params: []
[23-Apr-2025 10:10:26 Europe/Berlin] Query executed successfully. Found 0 rows
[23-Apr-2025 10:10:26 Europe/Berlin] Users table created or already exists
[23-Apr-2025 10:10:26 Europe/Berlin] Users table structure: [{"Field":"id","Type":"int(11)","Null":"NO","Key":"PRI","Default":null,"Extra":"auto_increment"},{"Field":"username","Type":"varchar(50)","Null":"NO","Key":"","Default":null,"Extra":""},{"Field":"email","Type":"varchar(100)","Null":"NO","Key":"UNI","Default":null,"Extra":""},{"Field":"password","Type":"varchar(255)","Null":"NO","Key":"","Default":null,"Extra":""},{"Field":"role","Type":"enum('user','admin')","Null":"YES","Key":"","Default":"user","Extra":""},{"Field":"verification_code","Type":"varchar(100)","Null":"YES","Key":"","Default":null,"Extra":""},{"Field":"is_verified","Type":"tinyint(1)","Null":"YES","Key":"","Default":"0","Extra":""},{"Field":"created_at","Type":"timestamp","Null":"NO","Key":"","Default":"current_timestamp()","Extra":""},{"Field":"favorite_sport","Type":"varchar(50)","Null":"YES","Key":"","Default":null,"Extra":""},{"Field":"favorite_team","Type":"varchar(50)","Null":"YES","Key":"","Default":null,"Extra":""},{"Field":"account_type","Type":"enum('user','admin')","Null":"YES","Key":"","Default":"user","Extra":""}]
[23-Apr-2025 10:10:26 Europe/Berlin] Number of users in database: 13
[23-Apr-2025 10:10:26 Europe/Berlin] All tables initialized successfully
[23-Apr-2025 10:10:26 Europe/Berlin] Connected to database. Tables found: favorites, feedback, matches, matches_backup, matches_new, news, newsletter, notifications, players, subscriptions, users
[23-Apr-2025 10:10:26 Europe/Berlin] Executing SQL: CREATE TABLE IF NOT EXISTS users (
                id INT AUTO_INCREMENT PRIMARY KEY,
                username VARCHAR(50) NOT NULL UNIQUE,
                password VARCHAR(255) NOT NULL,
                email VARCHAR(100) NOT NULL UNIQUE,
                account_type ENUM('user', 'admin') DEFAULT 'user',
                created_at TIMESTAMP DEFAULT CURRENT_TIMESTAMP
            )
[23-Apr-2025 10:10:26 Europe/Berlin] With params: []
[23-Apr-2025 10:10:26 Europe/Berlin] Query executed successfully. Found 0 rows
[23-Apr-2025 10:10:26 Europe/Berlin] Users table created or already exists
[23-Apr-2025 10:10:26 Europe/Berlin] Users table structure: [{"Field":"id","Type":"int(11)","Null":"NO","Key":"PRI","Default":null,"Extra":"auto_increment"},{"Field":"username","Type":"varchar(50)","Null":"NO","Key":"","Default":null,"Extra":""},{"Field":"email","Type":"varchar(100)","Null":"NO","Key":"UNI","Default":null,"Extra":""},{"Field":"password","Type":"varchar(255)","Null":"NO","Key":"","Default":null,"Extra":""},{"Field":"role","Type":"enum('user','admin')","Null":"YES","Key":"","Default":"user","Extra":""},{"Field":"verification_code","Type":"varchar(100)","Null":"YES","Key":"","Default":null,"Extra":""},{"Field":"is_verified","Type":"tinyint(1)","Null":"YES","Key":"","Default":"0","Extra":""},{"Field":"created_at","Type":"timestamp","Null":"NO","Key":"","Default":"current_timestamp()","Extra":""},{"Field":"favorite_sport","Type":"varchar(50)","Null":"YES","Key":"","Default":null,"Extra":""},{"Field":"favorite_team","Type":"varchar(50)","Null":"YES","Key":"","Default":null,"Extra":""},{"Field":"account_type","Type":"enum('user','admin')","Null":"YES","Key":"","Default":"user","Extra":""}]
[23-Apr-2025 10:10:26 Europe/Berlin] Number of users in database: 13
[23-Apr-2025 10:10:26 Europe/Berlin] All tables initialized successfully
[23-Apr-2025 10:10:26 Europe/Berlin] Database tables initialized successfully
[23-Apr-2025 10:10:26 Europe/Berlin] Executing SQL: SELECT * FROM users WHERE id = :id
[23-Apr-2025 10:10:26 Europe/Berlin] With params: {":id":12}
[23-Apr-2025 10:10:26 Europe/Berlin] Query executed successfully. Found 1 rows
[23-Apr-2025 10:10:26 Europe/Berlin] User loaded from session: varunpndey
[23-Apr-2025 10:10:26 Europe/Berlin] Executing SQL: SELECT * FROM matches WHERE id = :id
[23-Apr-2025 10:10:26 Europe/Berlin] With params: {":id":38}
[23-Apr-2025 10:10:26 Europe/Berlin] Query executed successfully. Found 1 rows
[23-Apr-2025 10:10:26 Europe/Berlin] Header - Session status: 2
[23-Apr-2025 10:10:26 Europe/Berlin] Header - Session data: {"user_id":12,"username":"varunpndey","email":"va@gmail.com","account_type":"admin"}
[23-Apr-2025 10:10:26 Europe/Berlin] Header - After session start - Status: 2
[23-Apr-2025 10:10:26 Europe/Berlin] Header - After session start - Data: {"user_id":12,"username":"varunpndey","email":"va@gmail.com","account_type":"admin"}
[23-Apr-2025 10:10:26 Europe/Berlin] Header - Is logged in: Yes
[23-Apr-2025 10:10:28 Europe/Berlin] Connected to database. Tables found: favorites, feedback, matches, matches_backup, matches_new, news, newsletter, notifications, players, subscriptions, users
[23-Apr-2025 10:10:28 Europe/Berlin] Executing SQL: CREATE TABLE IF NOT EXISTS users (
                id INT AUTO_INCREMENT PRIMARY KEY,
                username VARCHAR(50) NOT NULL UNIQUE,
                password VARCHAR(255) NOT NULL,
                email VARCHAR(100) NOT NULL UNIQUE,
                account_type ENUM('user', 'admin') DEFAULT 'user',
                created_at TIMESTAMP DEFAULT CURRENT_TIMESTAMP
            )
[23-Apr-2025 10:10:28 Europe/Berlin] With params: []
[23-Apr-2025 10:10:28 Europe/Berlin] Query executed successfully. Found 0 rows
[23-Apr-2025 10:10:28 Europe/Berlin] Users table created or already exists
[23-Apr-2025 10:10:28 Europe/Berlin] Users table structure: [{"Field":"id","Type":"int(11)","Null":"NO","Key":"PRI","Default":null,"Extra":"auto_increment"},{"Field":"username","Type":"varchar(50)","Null":"NO","Key":"","Default":null,"Extra":""},{"Field":"email","Type":"varchar(100)","Null":"NO","Key":"UNI","Default":null,"Extra":""},{"Field":"password","Type":"varchar(255)","Null":"NO","Key":"","Default":null,"Extra":""},{"Field":"role","Type":"enum('user','admin')","Null":"YES","Key":"","Default":"user","Extra":""},{"Field":"verification_code","Type":"varchar(100)","Null":"YES","Key":"","Default":null,"Extra":""},{"Field":"is_verified","Type":"tinyint(1)","Null":"YES","Key":"","Default":"0","Extra":""},{"Field":"created_at","Type":"timestamp","Null":"NO","Key":"","Default":"current_timestamp()","Extra":""},{"Field":"favorite_sport","Type":"varchar(50)","Null":"YES","Key":"","Default":null,"Extra":""},{"Field":"favorite_team","Type":"varchar(50)","Null":"YES","Key":"","Default":null,"Extra":""},{"Field":"account_type","Type":"enum('user','admin')","Null":"YES","Key":"","Default":"user","Extra":""}]
[23-Apr-2025 10:10:28 Europe/Berlin] Number of users in database: 13
[23-Apr-2025 10:10:28 Europe/Berlin] All tables initialized successfully
[23-Apr-2025 10:10:28 Europe/Berlin] Connected to database. Tables found: favorites, feedback, matches, matches_backup, matches_new, news, newsletter, notifications, players, subscriptions, users
[23-Apr-2025 10:10:28 Europe/Berlin] Executing SQL: CREATE TABLE IF NOT EXISTS users (
                id INT AUTO_INCREMENT PRIMARY KEY,
                username VARCHAR(50) NOT NULL UNIQUE,
                password VARCHAR(255) NOT NULL,
                email VARCHAR(100) NOT NULL UNIQUE,
                account_type ENUM('user', 'admin') DEFAULT 'user',
                created_at TIMESTAMP DEFAULT CURRENT_TIMESTAMP
            )
[23-Apr-2025 10:10:28 Europe/Berlin] With params: []
[23-Apr-2025 10:10:28 Europe/Berlin] Query executed successfully. Found 0 rows
[23-Apr-2025 10:10:28 Europe/Berlin] Users table created or already exists
[23-Apr-2025 10:10:28 Europe/Berlin] Users table structure: [{"Field":"id","Type":"int(11)","Null":"NO","Key":"PRI","Default":null,"Extra":"auto_increment"},{"Field":"username","Type":"varchar(50)","Null":"NO","Key":"","Default":null,"Extra":""},{"Field":"email","Type":"varchar(100)","Null":"NO","Key":"UNI","Default":null,"Extra":""},{"Field":"password","Type":"varchar(255)","Null":"NO","Key":"","Default":null,"Extra":""},{"Field":"role","Type":"enum('user','admin')","Null":"YES","Key":"","Default":"user","Extra":""},{"Field":"verification_code","Type":"varchar(100)","Null":"YES","Key":"","Default":null,"Extra":""},{"Field":"is_verified","Type":"tinyint(1)","Null":"YES","Key":"","Default":"0","Extra":""},{"Field":"created_at","Type":"timestamp","Null":"NO","Key":"","Default":"current_timestamp()","Extra":""},{"Field":"favorite_sport","Type":"varchar(50)","Null":"YES","Key":"","Default":null,"Extra":""},{"Field":"favorite_team","Type":"varchar(50)","Null":"YES","Key":"","Default":null,"Extra":""},{"Field":"account_type","Type":"enum('user','admin')","Null":"YES","Key":"","Default":"user","Extra":""}]
[23-Apr-2025 10:10:28 Europe/Berlin] Number of users in database: 13
[23-Apr-2025 10:10:28 Europe/Berlin] All tables initialized successfully
[23-Apr-2025 10:10:28 Europe/Berlin] Database tables initialized successfully
[23-Apr-2025 10:10:28 Europe/Berlin] Executing SQL: SELECT * FROM users WHERE id = :id
[23-Apr-2025 10:10:28 Europe/Berlin] With params: {":id":12}
[23-Apr-2025 10:10:28 Europe/Berlin] Query executed successfully. Found 1 rows
[23-Apr-2025 10:10:28 Europe/Berlin] User loaded from session: varunpndey
[23-Apr-2025 10:10:28 Europe/Berlin] Executing SQL: SELECT * FROM matches WHERE id = :id
[23-Apr-2025 10:10:28 Europe/Berlin] With params: {":id":37}
[23-Apr-2025 10:10:28 Europe/Berlin] Query executed successfully. Found 1 rows
[23-Apr-2025 10:10:28 Europe/Berlin] Header - Session status: 2
[23-Apr-2025 10:10:28 Europe/Berlin] Header - Session data: {"user_id":12,"username":"varunpndey","email":"va@gmail.com","account_type":"admin"}
[23-Apr-2025 10:10:28 Europe/Berlin] Header - After session start - Status: 2
[23-Apr-2025 10:10:28 Europe/Berlin] Header - After session start - Data: {"user_id":12,"username":"varunpndey","email":"va@gmail.com","account_type":"admin"}
[23-Apr-2025 10:10:28 Europe/Berlin] Header - Is logged in: Yes
[23-Apr-2025 10:10:30 Europe/Berlin] Connected to database. Tables found: favorites, feedback, matches, matches_backup, matches_new, news, newsletter, notifications, players, subscriptions, users
[23-Apr-2025 10:10:30 Europe/Berlin] Executing SQL: CREATE TABLE IF NOT EXISTS users (
                id INT AUTO_INCREMENT PRIMARY KEY,
                username VARCHAR(50) NOT NULL UNIQUE,
                password VARCHAR(255) NOT NULL,
                email VARCHAR(100) NOT NULL UNIQUE,
                account_type ENUM('user', 'admin') DEFAULT 'user',
                created_at TIMESTAMP DEFAULT CURRENT_TIMESTAMP
            )
[23-Apr-2025 10:10:30 Europe/Berlin] With params: []
[23-Apr-2025 10:10:30 Europe/Berlin] Query executed successfully. Found 0 rows
[23-Apr-2025 10:10:30 Europe/Berlin] Users table created or already exists
[23-Apr-2025 10:10:30 Europe/Berlin] Users table structure: [{"Field":"id","Type":"int(11)","Null":"NO","Key":"PRI","Default":null,"Extra":"auto_increment"},{"Field":"username","Type":"varchar(50)","Null":"NO","Key":"","Default":null,"Extra":""},{"Field":"email","Type":"varchar(100)","Null":"NO","Key":"UNI","Default":null,"Extra":""},{"Field":"password","Type":"varchar(255)","Null":"NO","Key":"","Default":null,"Extra":""},{"Field":"role","Type":"enum('user','admin')","Null":"YES","Key":"","Default":"user","Extra":""},{"Field":"verification_code","Type":"varchar(100)","Null":"YES","Key":"","Default":null,"Extra":""},{"Field":"is_verified","Type":"tinyint(1)","Null":"YES","Key":"","Default":"0","Extra":""},{"Field":"created_at","Type":"timestamp","Null":"NO","Key":"","Default":"current_timestamp()","Extra":""},{"Field":"favorite_sport","Type":"varchar(50)","Null":"YES","Key":"","Default":null,"Extra":""},{"Field":"favorite_team","Type":"varchar(50)","Null":"YES","Key":"","Default":null,"Extra":""},{"Field":"account_type","Type":"enum('user','admin')","Null":"YES","Key":"","Default":"user","Extra":""}]
[23-Apr-2025 10:10:30 Europe/Berlin] Number of users in database: 13
[23-Apr-2025 10:10:30 Europe/Berlin] All tables initialized successfully
[23-Apr-2025 10:10:30 Europe/Berlin] Connected to database. Tables found: favorites, feedback, matches, matches_backup, matches_new, news, newsletter, notifications, players, subscriptions, users
[23-Apr-2025 10:10:30 Europe/Berlin] Executing SQL: CREATE TABLE IF NOT EXISTS users (
                id INT AUTO_INCREMENT PRIMARY KEY,
                username VARCHAR(50) NOT NULL UNIQUE,
                password VARCHAR(255) NOT NULL,
                email VARCHAR(100) NOT NULL UNIQUE,
                account_type ENUM('user', 'admin') DEFAULT 'user',
                created_at TIMESTAMP DEFAULT CURRENT_TIMESTAMP
            )
[23-Apr-2025 10:10:30 Europe/Berlin] With params: []
[23-Apr-2025 10:10:30 Europe/Berlin] Query executed successfully. Found 0 rows
[23-Apr-2025 10:10:30 Europe/Berlin] Users table created or already exists
[23-Apr-2025 10:10:30 Europe/Berlin] Users table structure: [{"Field":"id","Type":"int(11)","Null":"NO","Key":"PRI","Default":null,"Extra":"auto_increment"},{"Field":"username","Type":"varchar(50)","Null":"NO","Key":"","Default":null,"Extra":""},{"Field":"email","Type":"varchar(100)","Null":"NO","Key":"UNI","Default":null,"Extra":""},{"Field":"password","Type":"varchar(255)","Null":"NO","Key":"","Default":null,"Extra":""},{"Field":"role","Type":"enum('user','admin')","Null":"YES","Key":"","Default":"user","Extra":""},{"Field":"verification_code","Type":"varchar(100)","Null":"YES","Key":"","Default":null,"Extra":""},{"Field":"is_verified","Type":"tinyint(1)","Null":"YES","Key":"","Default":"0","Extra":""},{"Field":"created_at","Type":"timestamp","Null":"NO","Key":"","Default":"current_timestamp()","Extra":""},{"Field":"favorite_sport","Type":"varchar(50)","Null":"YES","Key":"","Default":null,"Extra":""},{"Field":"favorite_team","Type":"varchar(50)","Null":"YES","Key":"","Default":null,"Extra":""},{"Field":"account_type","Type":"enum('user','admin')","Null":"YES","Key":"","Default":"user","Extra":""}]
[23-Apr-2025 10:10:30 Europe/Berlin] Number of users in database: 13
[23-Apr-2025 10:10:30 Europe/Berlin] All tables initialized successfully
[23-Apr-2025 10:10:30 Europe/Berlin] Database tables initialized successfully
[23-Apr-2025 10:10:30 Europe/Berlin] Executing SQL: SELECT * FROM users WHERE id = :id
[23-Apr-2025 10:10:30 Europe/Berlin] With params: {":id":12}
[23-Apr-2025 10:10:30 Europe/Berlin] Query executed successfully. Found 1 rows
[23-Apr-2025 10:10:30 Europe/Berlin] User loaded from session: varunpndey
[23-Apr-2025 10:10:30 Europe/Berlin] Executing SQL: SELECT * FROM matches WHERE id = :id
[23-Apr-2025 10:10:30 Europe/Berlin] With params: {":id":42}
[23-Apr-2025 10:10:30 Europe/Berlin] Query executed successfully. Found 1 rows
[23-Apr-2025 10:10:30 Europe/Berlin] Header - Session status: 2
[23-Apr-2025 10:10:30 Europe/Berlin] Header - Session data: {"user_id":12,"username":"varunpndey","email":"va@gmail.com","account_type":"admin"}
[23-Apr-2025 10:10:30 Europe/Berlin] Header - After session start - Status: 2
[23-Apr-2025 10:10:30 Europe/Berlin] Header - After session start - Data: {"user_id":12,"username":"varunpndey","email":"va@gmail.com","account_type":"admin"}
[23-Apr-2025 10:10:30 Europe/Berlin] Header - Is logged in: Yes
[23-Apr-2025 10:10:37 Europe/Berlin] Connected to database. Tables found: favorites, feedback, matches, matches_backup, matches_new, news, newsletter, notifications, players, subscriptions, users
[23-Apr-2025 10:10:37 Europe/Berlin] Executing SQL: CREATE TABLE IF NOT EXISTS users (
                id INT AUTO_INCREMENT PRIMARY KEY,
                username VARCHAR(50) NOT NULL UNIQUE,
                password VARCHAR(255) NOT NULL,
                email VARCHAR(100) NOT NULL UNIQUE,
                account_type ENUM('user', 'admin') DEFAULT 'user',
                created_at TIMESTAMP DEFAULT CURRENT_TIMESTAMP
            )
[23-Apr-2025 10:10:37 Europe/Berlin] With params: []
[23-Apr-2025 10:10:37 Europe/Berlin] Query executed successfully. Found 0 rows
[23-Apr-2025 10:10:37 Europe/Berlin] Users table created or already exists
[23-Apr-2025 10:10:37 Europe/Berlin] Users table structure: [{"Field":"id","Type":"int(11)","Null":"NO","Key":"PRI","Default":null,"Extra":"auto_increment"},{"Field":"username","Type":"varchar(50)","Null":"NO","Key":"","Default":null,"Extra":""},{"Field":"email","Type":"varchar(100)","Null":"NO","Key":"UNI","Default":null,"Extra":""},{"Field":"password","Type":"varchar(255)","Null":"NO","Key":"","Default":null,"Extra":""},{"Field":"role","Type":"enum('user','admin')","Null":"YES","Key":"","Default":"user","Extra":""},{"Field":"verification_code","Type":"varchar(100)","Null":"YES","Key":"","Default":null,"Extra":""},{"Field":"is_verified","Type":"tinyint(1)","Null":"YES","Key":"","Default":"0","Extra":""},{"Field":"created_at","Type":"timestamp","Null":"NO","Key":"","Default":"current_timestamp()","Extra":""},{"Field":"favorite_sport","Type":"varchar(50)","Null":"YES","Key":"","Default":null,"Extra":""},{"Field":"favorite_team","Type":"varchar(50)","Null":"YES","Key":"","Default":null,"Extra":""},{"Field":"account_type","Type":"enum('user','admin')","Null":"YES","Key":"","Default":"user","Extra":""}]
[23-Apr-2025 10:10:37 Europe/Berlin] Number of users in database: 13
[23-Apr-2025 10:10:37 Europe/Berlin] All tables initialized successfully
[23-Apr-2025 10:10:37 Europe/Berlin] API Request received: /sportsync/backend/match.php?action=fetch_matches&sport=cricket&status=live
[23-Apr-2025 10:10:37 Europe/Berlin] GET parameters: Array
(
    [action] => fetch_matches
    [sport] => cricket
    [status] => live
)

[23-Apr-2025 10:10:37 Europe/Berlin] Executing SQL: SELECT * FROM matches WHERE sport = :sport AND status = :status
[23-Apr-2025 10:10:37 Europe/Berlin] With params: {":sport":"cricket",":status":"live"}
[23-Apr-2025 10:10:37 Europe/Berlin] Query executed successfully. Found 0 rows
[23-Apr-2025 10:10:38 Europe/Berlin] Connected to database. Tables found: favorites, feedback, matches, matches_backup, matches_new, news, newsletter, notifications, players, subscriptions, users
[23-Apr-2025 10:10:38 Europe/Berlin] Executing SQL: CREATE TABLE IF NOT EXISTS users (
                id INT AUTO_INCREMENT PRIMARY KEY,
                username VARCHAR(50) NOT NULL UNIQUE,
                password VARCHAR(255) NOT NULL,
                email VARCHAR(100) NOT NULL UNIQUE,
                account_type ENUM('user', 'admin') DEFAULT 'user',
                created_at TIMESTAMP DEFAULT CURRENT_TIMESTAMP
            )
[23-Apr-2025 10:10:38 Europe/Berlin] With params: []
[23-Apr-2025 10:10:38 Europe/Berlin] Query executed successfully. Found 0 rows
[23-Apr-2025 10:10:38 Europe/Berlin] Users table created or already exists
[23-Apr-2025 10:10:38 Europe/Berlin] Users table structure: [{"Field":"id","Type":"int(11)","Null":"NO","Key":"PRI","Default":null,"Extra":"auto_increment"},{"Field":"username","Type":"varchar(50)","Null":"NO","Key":"","Default":null,"Extra":""},{"Field":"email","Type":"varchar(100)","Null":"NO","Key":"UNI","Default":null,"Extra":""},{"Field":"password","Type":"varchar(255)","Null":"NO","Key":"","Default":null,"Extra":""},{"Field":"role","Type":"enum('user','admin')","Null":"YES","Key":"","Default":"user","Extra":""},{"Field":"verification_code","Type":"varchar(100)","Null":"YES","Key":"","Default":null,"Extra":""},{"Field":"is_verified","Type":"tinyint(1)","Null":"YES","Key":"","Default":"0","Extra":""},{"Field":"created_at","Type":"timestamp","Null":"NO","Key":"","Default":"current_timestamp()","Extra":""},{"Field":"favorite_sport","Type":"varchar(50)","Null":"YES","Key":"","Default":null,"Extra":""},{"Field":"favorite_team","Type":"varchar(50)","Null":"YES","Key":"","Default":null,"Extra":""},{"Field":"account_type","Type":"enum('user','admin')","Null":"YES","Key":"","Default":"user","Extra":""}]
[23-Apr-2025 10:10:38 Europe/Berlin] Number of users in database: 13
[23-Apr-2025 10:10:38 Europe/Berlin] All tables initialized successfully
[23-Apr-2025 10:10:38 Europe/Berlin] API Request received: /sportsync/backend/match.php?action=fetch_matches&sport=cricket&status=upcoming
[23-Apr-2025 10:10:38 Europe/Berlin] GET parameters: Array
(
    [action] => fetch_matches
    [sport] => cricket
    [status] => upcoming
)

[23-Apr-2025 10:10:38 Europe/Berlin] Executing SQL: SELECT * FROM matches WHERE sport = :sport AND status = :status
[23-Apr-2025 10:10:38 Europe/Berlin] With params: {":sport":"cricket",":status":"upcoming"}
[23-Apr-2025 10:10:38 Europe/Berlin] Query executed successfully. Found 4 rows
[23-Apr-2025 10:10:40 Europe/Berlin] Connected to database. Tables found: favorites, feedback, matches, matches_backup, matches_new, news, newsletter, notifications, players, subscriptions, users
[23-Apr-2025 10:10:40 Europe/Berlin] Executing SQL: CREATE TABLE IF NOT EXISTS users (
                id INT AUTO_INCREMENT PRIMARY KEY,
                username VARCHAR(50) NOT NULL UNIQUE,
                password VARCHAR(255) NOT NULL,
                email VARCHAR(100) NOT NULL UNIQUE,
                account_type ENUM('user', 'admin') DEFAULT 'user',
                created_at TIMESTAMP DEFAULT CURRENT_TIMESTAMP
            )
[23-Apr-2025 10:10:40 Europe/Berlin] With params: []
[23-Apr-2025 10:10:40 Europe/Berlin] Query executed successfully. Found 0 rows
[23-Apr-2025 10:10:40 Europe/Berlin] Users table created or already exists
[23-Apr-2025 10:10:40 Europe/Berlin] Users table structure: [{"Field":"id","Type":"int(11)","Null":"NO","Key":"PRI","Default":null,"Extra":"auto_increment"},{"Field":"username","Type":"varchar(50)","Null":"NO","Key":"","Default":null,"Extra":""},{"Field":"email","Type":"varchar(100)","Null":"NO","Key":"UNI","Default":null,"Extra":""},{"Field":"password","Type":"varchar(255)","Null":"NO","Key":"","Default":null,"Extra":""},{"Field":"role","Type":"enum('user','admin')","Null":"YES","Key":"","Default":"user","Extra":""},{"Field":"verification_code","Type":"varchar(100)","Null":"YES","Key":"","Default":null,"Extra":""},{"Field":"is_verified","Type":"tinyint(1)","Null":"YES","Key":"","Default":"0","Extra":""},{"Field":"created_at","Type":"timestamp","Null":"NO","Key":"","Default":"current_timestamp()","Extra":""},{"Field":"favorite_sport","Type":"varchar(50)","Null":"YES","Key":"","Default":null,"Extra":""},{"Field":"favorite_team","Type":"varchar(50)","Null":"YES","Key":"","Default":null,"Extra":""},{"Field":"account_type","Type":"enum('user','admin')","Null":"YES","Key":"","Default":"user","Extra":""}]
[23-Apr-2025 10:10:40 Europe/Berlin] Number of users in database: 13
[23-Apr-2025 10:10:40 Europe/Berlin] All tables initialized successfully
[23-Apr-2025 10:10:40 Europe/Berlin] API Request received: /sportsync/backend/match.php?action=fetch_matches&sport=cricket&status=completed
[23-Apr-2025 10:10:40 Europe/Berlin] GET parameters: Array
(
    [action] => fetch_matches
    [sport] => cricket
    [status] => completed
)

[23-Apr-2025 10:10:40 Europe/Berlin] Executing SQL: SELECT * FROM matches WHERE sport = :sport AND status = :status
[23-Apr-2025 10:10:40 Europe/Berlin] With params: {":sport":"cricket",":status":"completed"}
[23-Apr-2025 10:10:40 Europe/Berlin] Query executed successfully. Found 0 rows
[23-Apr-2025 10:10:40 Europe/Berlin] Connected to database. Tables found: favorites, feedback, matches, matches_backup, matches_new, news, newsletter, notifications, players, subscriptions, users
[23-Apr-2025 10:10:40 Europe/Berlin] Executing SQL: CREATE TABLE IF NOT EXISTS users (
                id INT AUTO_INCREMENT PRIMARY KEY,
                username VARCHAR(50) NOT NULL UNIQUE,
                password VARCHAR(255) NOT NULL,
                email VARCHAR(100) NOT NULL UNIQUE,
                account_type ENUM('user', 'admin') DEFAULT 'user',
                created_at TIMESTAMP DEFAULT CURRENT_TIMESTAMP
            )
[23-Apr-2025 10:10:40 Europe/Berlin] With params: []
[23-Apr-2025 10:10:40 Europe/Berlin] Query executed successfully. Found 0 rows
[23-Apr-2025 10:10:40 Europe/Berlin] Users table created or already exists
[23-Apr-2025 10:10:40 Europe/Berlin] Users table structure: [{"Field":"id","Type":"int(11)","Null":"NO","Key":"PRI","Default":null,"Extra":"auto_increment"},{"Field":"username","Type":"varchar(50)","Null":"NO","Key":"","Default":null,"Extra":""},{"Field":"email","Type":"varchar(100)","Null":"NO","Key":"UNI","Default":null,"Extra":""},{"Field":"password","Type":"varchar(255)","Null":"NO","Key":"","Default":null,"Extra":""},{"Field":"role","Type":"enum('user','admin')","Null":"YES","Key":"","Default":"user","Extra":""},{"Field":"verification_code","Type":"varchar(100)","Null":"YES","Key":"","Default":null,"Extra":""},{"Field":"is_verified","Type":"tinyint(1)","Null":"YES","Key":"","Default":"0","Extra":""},{"Field":"created_at","Type":"timestamp","Null":"NO","Key":"","Default":"current_timestamp()","Extra":""},{"Field":"favorite_sport","Type":"varchar(50)","Null":"YES","Key":"","Default":null,"Extra":""},{"Field":"favorite_team","Type":"varchar(50)","Null":"YES","Key":"","Default":null,"Extra":""},{"Field":"account_type","Type":"enum('user','admin')","Null":"YES","Key":"","Default":"user","Extra":""}]
[23-Apr-2025 10:10:40 Europe/Berlin] Number of users in database: 13
[23-Apr-2025 10:10:40 Europe/Berlin] All tables initialized successfully
[23-Apr-2025 10:10:40 Europe/Berlin] API Request received: /sportsync/backend/match.php?action=fetch_matches&sport=cricket&status=upcoming
[23-Apr-2025 10:10:40 Europe/Berlin] GET parameters: Array
(
    [action] => fetch_matches
    [sport] => cricket
    [status] => upcoming
)

[23-Apr-2025 10:10:40 Europe/Berlin] Executing SQL: SELECT * FROM matches WHERE sport = :sport AND status = :status
[23-Apr-2025 10:10:40 Europe/Berlin] With params: {":sport":"cricket",":status":"upcoming"}
[23-Apr-2025 10:10:40 Europe/Berlin] Query executed successfully. Found 4 rows
[23-Apr-2025 10:10:46 Europe/Berlin] Connected to database. Tables found: favorites, feedback, matches, matches_backup, matches_new, news, newsletter, notifications, players, subscriptions, users
[23-Apr-2025 10:10:46 Europe/Berlin] Executing SQL: CREATE TABLE IF NOT EXISTS users (
                id INT AUTO_INCREMENT PRIMARY KEY,
                username VARCHAR(50) NOT NULL UNIQUE,
                password VARCHAR(255) NOT NULL,
                email VARCHAR(100) NOT NULL UNIQUE,
                account_type ENUM('user', 'admin') DEFAULT 'user',
                created_at TIMESTAMP DEFAULT CURRENT_TIMESTAMP
            )
[23-Apr-2025 10:10:46 Europe/Berlin] With params: []
[23-Apr-2025 10:10:46 Europe/Berlin] Query executed successfully. Found 0 rows
[23-Apr-2025 10:10:46 Europe/Berlin] Users table created or already exists
[23-Apr-2025 10:10:46 Europe/Berlin] Users table structure: [{"Field":"id","Type":"int(11)","Null":"NO","Key":"PRI","Default":null,"Extra":"auto_increment"},{"Field":"username","Type":"varchar(50)","Null":"NO","Key":"","Default":null,"Extra":""},{"Field":"email","Type":"varchar(100)","Null":"NO","Key":"UNI","Default":null,"Extra":""},{"Field":"password","Type":"varchar(255)","Null":"NO","Key":"","Default":null,"Extra":""},{"Field":"role","Type":"enum('user','admin')","Null":"YES","Key":"","Default":"user","Extra":""},{"Field":"verification_code","Type":"varchar(100)","Null":"YES","Key":"","Default":null,"Extra":""},{"Field":"is_verified","Type":"tinyint(1)","Null":"YES","Key":"","Default":"0","Extra":""},{"Field":"created_at","Type":"timestamp","Null":"NO","Key":"","Default":"current_timestamp()","Extra":""},{"Field":"favorite_sport","Type":"varchar(50)","Null":"YES","Key":"","Default":null,"Extra":""},{"Field":"favorite_team","Type":"varchar(50)","Null":"YES","Key":"","Default":null,"Extra":""},{"Field":"account_type","Type":"enum('user','admin')","Null":"YES","Key":"","Default":"user","Extra":""}]
[23-Apr-2025 10:10:46 Europe/Berlin] Number of users in database: 13
[23-Apr-2025 10:10:46 Europe/Berlin] All tables initialized successfully
[23-Apr-2025 10:10:46 Europe/Berlin] API Request received: /sportsync/backend/match.php?action=fetch_matches&sport=cricket&status=upcoming
[23-Apr-2025 10:10:46 Europe/Berlin] GET parameters: Array
(
    [action] => fetch_matches
    [sport] => cricket
    [status] => upcoming
)

[23-Apr-2025 10:10:46 Europe/Berlin] Executing SQL: SELECT * FROM matches WHERE sport = :sport AND status = :status
[23-Apr-2025 10:10:46 Europe/Berlin] With params: {":sport":"cricket",":status":"upcoming"}
[23-Apr-2025 10:10:46 Europe/Berlin] Query executed successfully. Found 4 rows
[23-Apr-2025 10:11:16 Europe/Berlin] Connected to database. Tables found: favorites, feedback, matches, matches_backup, matches_new, news, newsletter, notifications, players, subscriptions, users
[23-Apr-2025 10:11:16 Europe/Berlin] Executing SQL: CREATE TABLE IF NOT EXISTS users (
                id INT AUTO_INCREMENT PRIMARY KEY,
                username VARCHAR(50) NOT NULL UNIQUE,
                password VARCHAR(255) NOT NULL,
                email VARCHAR(100) NOT NULL UNIQUE,
                account_type ENUM('user', 'admin') DEFAULT 'user',
                created_at TIMESTAMP DEFAULT CURRENT_TIMESTAMP
            )
[23-Apr-2025 10:11:16 Europe/Berlin] With params: []
[23-Apr-2025 10:11:16 Europe/Berlin] Query executed successfully. Found 0 rows
[23-Apr-2025 10:11:16 Europe/Berlin] Users table created or already exists
[23-Apr-2025 10:11:16 Europe/Berlin] Users table structure: [{"Field":"id","Type":"int(11)","Null":"NO","Key":"PRI","Default":null,"Extra":"auto_increment"},{"Field":"username","Type":"varchar(50)","Null":"NO","Key":"","Default":null,"Extra":""},{"Field":"email","Type":"varchar(100)","Null":"NO","Key":"UNI","Default":null,"Extra":""},{"Field":"password","Type":"varchar(255)","Null":"NO","Key":"","Default":null,"Extra":""},{"Field":"role","Type":"enum('user','admin')","Null":"YES","Key":"","Default":"user","Extra":""},{"Field":"verification_code","Type":"varchar(100)","Null":"YES","Key":"","Default":null,"Extra":""},{"Field":"is_verified","Type":"tinyint(1)","Null":"YES","Key":"","Default":"0","Extra":""},{"Field":"created_at","Type":"timestamp","Null":"NO","Key":"","Default":"current_timestamp()","Extra":""},{"Field":"favorite_sport","Type":"varchar(50)","Null":"YES","Key":"","Default":null,"Extra":""},{"Field":"favorite_team","Type":"varchar(50)","Null":"YES","Key":"","Default":null,"Extra":""},{"Field":"account_type","Type":"enum('user','admin')","Null":"YES","Key":"","Default":"user","Extra":""}]
[23-Apr-2025 10:11:16 Europe/Berlin] Number of users in database: 13
[23-Apr-2025 10:11:16 Europe/Berlin] All tables initialized successfully
[23-Apr-2025 10:11:16 Europe/Berlin] API Request received: /sportsync/backend/match.php?action=fetch_matches&sport=cricket&status=upcoming
[23-Apr-2025 10:11:16 Europe/Berlin] GET parameters: Array
(
    [action] => fetch_matches
    [sport] => cricket
    [status] => upcoming
)

[23-Apr-2025 10:11:16 Europe/Berlin] Executing SQL: SELECT * FROM matches WHERE sport = :sport AND status = :status
[23-Apr-2025 10:11:16 Europe/Berlin] With params: {":sport":"cricket",":status":"upcoming"}
[23-Apr-2025 10:11:16 Europe/Berlin] Query executed successfully. Found 4 rows
[23-Apr-2025 10:11:24 Europe/Berlin] Connected to database. Tables found: favorites, feedback, matches, matches_backup, matches_new, news, newsletter, notifications, players, subscriptions, users
[23-Apr-2025 10:11:24 Europe/Berlin] Executing SQL: CREATE TABLE IF NOT EXISTS users (
                id INT AUTO_INCREMENT PRIMARY KEY,
                username VARCHAR(50) NOT NULL UNIQUE,
                password VARCHAR(255) NOT NULL,
                email VARCHAR(100) NOT NULL UNIQUE,
                account_type ENUM('user', 'admin') DEFAULT 'user',
                created_at TIMESTAMP DEFAULT CURRENT_TIMESTAMP
            )
[23-Apr-2025 10:11:24 Europe/Berlin] With params: []
[23-Apr-2025 10:11:24 Europe/Berlin] Query executed successfully. Found 0 rows
[23-Apr-2025 10:11:24 Europe/Berlin] Users table created or already exists
[23-Apr-2025 10:11:24 Europe/Berlin] Users table structure: [{"Field":"id","Type":"int(11)","Null":"NO","Key":"PRI","Default":null,"Extra":"auto_increment"},{"Field":"username","Type":"varchar(50)","Null":"NO","Key":"","Default":null,"Extra":""},{"Field":"email","Type":"varchar(100)","Null":"NO","Key":"UNI","Default":null,"Extra":""},{"Field":"password","Type":"varchar(255)","Null":"NO","Key":"","Default":null,"Extra":""},{"Field":"role","Type":"enum('user','admin')","Null":"YES","Key":"","Default":"user","Extra":""},{"Field":"verification_code","Type":"varchar(100)","Null":"YES","Key":"","Default":null,"Extra":""},{"Field":"is_verified","Type":"tinyint(1)","Null":"YES","Key":"","Default":"0","Extra":""},{"Field":"created_at","Type":"timestamp","Null":"NO","Key":"","Default":"current_timestamp()","Extra":""},{"Field":"favorite_sport","Type":"varchar(50)","Null":"YES","Key":"","Default":null,"Extra":""},{"Field":"favorite_team","Type":"varchar(50)","Null":"YES","Key":"","Default":null,"Extra":""},{"Field":"account_type","Type":"enum('user','admin')","Null":"YES","Key":"","Default":"user","Extra":""}]
[23-Apr-2025 10:11:24 Europe/Berlin] Number of users in database: 13
[23-Apr-2025 10:11:24 Europe/Berlin] All tables initialized successfully
[23-Apr-2025 10:11:24 Europe/Berlin] Connected to database. Tables found: favorites, feedback, matches, matches_backup, matches_new, news, newsletter, notifications, players, subscriptions, users
[23-Apr-2025 10:11:24 Europe/Berlin] Executing SQL: CREATE TABLE IF NOT EXISTS users (
                id INT AUTO_INCREMENT PRIMARY KEY,
                username VARCHAR(50) NOT NULL UNIQUE,
                password VARCHAR(255) NOT NULL,
                email VARCHAR(100) NOT NULL UNIQUE,
                account_type ENUM('user', 'admin') DEFAULT 'user',
                created_at TIMESTAMP DEFAULT CURRENT_TIMESTAMP
            )
[23-Apr-2025 10:11:24 Europe/Berlin] With params: []
[23-Apr-2025 10:11:24 Europe/Berlin] Query executed successfully. Found 0 rows
[23-Apr-2025 10:11:24 Europe/Berlin] Users table created or already exists
[23-Apr-2025 10:11:24 Europe/Berlin] Users table structure: [{"Field":"id","Type":"int(11)","Null":"NO","Key":"PRI","Default":null,"Extra":"auto_increment"},{"Field":"username","Type":"varchar(50)","Null":"NO","Key":"","Default":null,"Extra":""},{"Field":"email","Type":"varchar(100)","Null":"NO","Key":"UNI","Default":null,"Extra":""},{"Field":"password","Type":"varchar(255)","Null":"NO","Key":"","Default":null,"Extra":""},{"Field":"role","Type":"enum('user','admin')","Null":"YES","Key":"","Default":"user","Extra":""},{"Field":"verification_code","Type":"varchar(100)","Null":"YES","Key":"","Default":null,"Extra":""},{"Field":"is_verified","Type":"tinyint(1)","Null":"YES","Key":"","Default":"0","Extra":""},{"Field":"created_at","Type":"timestamp","Null":"NO","Key":"","Default":"current_timestamp()","Extra":""},{"Field":"favorite_sport","Type":"varchar(50)","Null":"YES","Key":"","Default":null,"Extra":""},{"Field":"favorite_team","Type":"varchar(50)","Null":"YES","Key":"","Default":null,"Extra":""},{"Field":"account_type","Type":"enum('user','admin')","Null":"YES","Key":"","Default":"user","Extra":""}]
[23-Apr-2025 10:11:24 Europe/Berlin] Number of users in database: 13
[23-Apr-2025 10:11:24 Europe/Berlin] All tables initialized successfully
[23-Apr-2025 10:11:24 Europe/Berlin] Database tables initialized successfully
[23-Apr-2025 10:11:24 Europe/Berlin] Executing SQL: SELECT * FROM users WHERE id = :id
[23-Apr-2025 10:11:24 Europe/Berlin] With params: {":id":12}
[23-Apr-2025 10:11:24 Europe/Berlin] Query executed successfully. Found 1 rows
[23-Apr-2025 10:11:24 Europe/Berlin] User loaded from session: varunpndey
[23-Apr-2025 10:11:24 Europe/Berlin] Executing SQL: SELECT * FROM users WHERE id = :id
[23-Apr-2025 10:11:24 Europe/Berlin] With params: {":id":12}
[23-Apr-2025 10:11:24 Europe/Berlin] Query executed successfully. Found 1 rows
[23-Apr-2025 10:11:24 Europe/Berlin] Executing SQL: SELECT * FROM news ORDER BY created_at DESC
[23-Apr-2025 10:11:24 Europe/Berlin] With params: []
[23-Apr-2025 10:11:24 Europe/Berlin] Query executed successfully. Found 12 rows
[23-Apr-2025 10:11:24 Europe/Berlin] Executing SQL: SELECT * FROM feedback ORDER BY created_at DESC
[23-Apr-2025 10:11:24 Europe/Berlin] With params: []
[23-Apr-2025 10:11:24 Europe/Berlin] Query executed successfully. Found 10 rows
[23-Apr-2025 10:11:24 Europe/Berlin] Executing SQL: SELECT * FROM matches WHERE status = 'live'
[23-Apr-2025 10:11:24 Europe/Berlin] With params: []
[23-Apr-2025 10:11:24 Europe/Berlin] Query executed successfully. Found 0 rows
[23-Apr-2025 10:11:24 Europe/Berlin] Executing SQL: SELECT * FROM matches WHERE 1=1 ORDER BY match_time DESC
[23-Apr-2025 10:11:24 Europe/Berlin] With params: []
[23-Apr-2025 10:11:24 Europe/Berlin] Query executed successfully. Found 5 rows
[23-Apr-2025 10:11:24 Europe/Berlin] PHP Warning:  Undefined array key "status" in /Applications/XAMPP/xamppfiles/htdocs/sportsync/public/admin.php on line 865
[23-Apr-2025 10:11:24 Europe/Berlin] PHP Warning:  Undefined array key "status" in /Applications/XAMPP/xamppfiles/htdocs/sportsync/public/admin.php on line 866
[23-Apr-2025 10:11:24 Europe/Berlin] PHP Warning:  Undefined array key "status" in /Applications/XAMPP/xamppfiles/htdocs/sportsync/public/admin.php on line 867
[23-Apr-2025 10:11:24 Europe/Berlin] PHP Warning:  Undefined array key "status" in /Applications/XAMPP/xamppfiles/htdocs/sportsync/public/admin.php on line 865
[23-Apr-2025 10:11:24 Europe/Berlin] PHP Warning:  Undefined array key "status" in /Applications/XAMPP/xamppfiles/htdocs/sportsync/public/admin.php on line 866
[23-Apr-2025 10:11:24 Europe/Berlin] PHP Warning:  Undefined array key "status" in /Applications/XAMPP/xamppfiles/htdocs/sportsync/public/admin.php on line 867
[23-Apr-2025 10:11:24 Europe/Berlin] PHP Warning:  Undefined array key "status" in /Applications/XAMPP/xamppfiles/htdocs/sportsync/public/admin.php on line 865
[23-Apr-2025 10:11:24 Europe/Berlin] PHP Warning:  Undefined array key "status" in /Applications/XAMPP/xamppfiles/htdocs/sportsync/public/admin.php on line 866
[23-Apr-2025 10:11:24 Europe/Berlin] PHP Warning:  Undefined array key "status" in /Applications/XAMPP/xamppfiles/htdocs/sportsync/public/admin.php on line 867
[23-Apr-2025 10:11:24 Europe/Berlin] PHP Warning:  Undefined array key "status" in /Applications/XAMPP/xamppfiles/htdocs/sportsync/public/admin.php on line 865
[23-Apr-2025 10:11:24 Europe/Berlin] PHP Warning:  Undefined array key "status" in /Applications/XAMPP/xamppfiles/htdocs/sportsync/public/admin.php on line 866
[23-Apr-2025 10:11:24 Europe/Berlin] PHP Warning:  Undefined array key "status" in /Applications/XAMPP/xamppfiles/htdocs/sportsync/public/admin.php on line 867
[23-Apr-2025 10:11:24 Europe/Berlin] PHP Warning:  Undefined array key "status" in /Applications/XAMPP/xamppfiles/htdocs/sportsync/public/admin.php on line 865
[23-Apr-2025 10:11:24 Europe/Berlin] PHP Warning:  Undefined array key "status" in /Applications/XAMPP/xamppfiles/htdocs/sportsync/public/admin.php on line 866
[23-Apr-2025 10:11:24 Europe/Berlin] PHP Warning:  Undefined array key "status" in /Applications/XAMPP/xamppfiles/htdocs/sportsync/public/admin.php on line 867
[23-Apr-2025 10:11:24 Europe/Berlin] PHP Warning:  Undefined array key "status" in /Applications/XAMPP/xamppfiles/htdocs/sportsync/public/admin.php on line 865
[23-Apr-2025 10:11:24 Europe/Berlin] PHP Warning:  Undefined array key "status" in /Applications/XAMPP/xamppfiles/htdocs/sportsync/public/admin.php on line 866
[23-Apr-2025 10:11:24 Europe/Berlin] PHP Warning:  Undefined array key "status" in /Applications/XAMPP/xamppfiles/htdocs/sportsync/public/admin.php on line 867
[23-Apr-2025 10:11:24 Europe/Berlin] PHP Warning:  Undefined array key "status" in /Applications/XAMPP/xamppfiles/htdocs/sportsync/public/admin.php on line 865
[23-Apr-2025 10:11:24 Europe/Berlin] PHP Warning:  Undefined array key "status" in /Applications/XAMPP/xamppfiles/htdocs/sportsync/public/admin.php on line 866
[23-Apr-2025 10:11:24 Europe/Berlin] PHP Warning:  Undefined array key "status" in /Applications/XAMPP/xamppfiles/htdocs/sportsync/public/admin.php on line 867
[23-Apr-2025 10:11:24 Europe/Berlin] PHP Warning:  Undefined array key "status" in /Applications/XAMPP/xamppfiles/htdocs/sportsync/public/admin.php on line 865
[23-Apr-2025 10:11:24 Europe/Berlin] PHP Warning:  Undefined array key "status" in /Applications/XAMPP/xamppfiles/htdocs/sportsync/public/admin.php on line 866
[23-Apr-2025 10:11:24 Europe/Berlin] PHP Warning:  Undefined array key "status" in /Applications/XAMPP/xamppfiles/htdocs/sportsync/public/admin.php on line 867
[23-Apr-2025 10:11:24 Europe/Berlin] PHP Warning:  Undefined array key "status" in /Applications/XAMPP/xamppfiles/htdocs/sportsync/public/admin.php on line 865
[23-Apr-2025 10:11:24 Europe/Berlin] PHP Warning:  Undefined array key "status" in /Applications/XAMPP/xamppfiles/htdocs/sportsync/public/admin.php on line 866
[23-Apr-2025 10:11:24 Europe/Berlin] PHP Warning:  Undefined array key "status" in /Applications/XAMPP/xamppfiles/htdocs/sportsync/public/admin.php on line 867
[23-Apr-2025 10:11:24 Europe/Berlin] PHP Warning:  Undefined array key "status" in /Applications/XAMPP/xamppfiles/htdocs/sportsync/public/admin.php on line 865
[23-Apr-2025 10:11:24 Europe/Berlin] PHP Warning:  Undefined array key "status" in /Applications/XAMPP/xamppfiles/htdocs/sportsync/public/admin.php on line 866
[23-Apr-2025 10:11:24 Europe/Berlin] PHP Warning:  Undefined array key "status" in /Applications/XAMPP/xamppfiles/htdocs/sportsync/public/admin.php on line 867
[23-Apr-2025 10:15:55 Europe/Berlin] Connected to database. Tables found: favorites, feedback, matches, matches_backup, matches_new, news, newsletter, notifications, players, subscriptions, users
[23-Apr-2025 10:15:55 Europe/Berlin] Executing SQL: CREATE TABLE IF NOT EXISTS users (
                id INT AUTO_INCREMENT PRIMARY KEY,
                username VARCHAR(50) NOT NULL UNIQUE,
                password VARCHAR(255) NOT NULL,
                email VARCHAR(100) NOT NULL UNIQUE,
                account_type ENUM('user', 'admin') DEFAULT 'user',
                created_at TIMESTAMP DEFAULT CURRENT_TIMESTAMP
            )
[23-Apr-2025 10:15:55 Europe/Berlin] With params: []
[23-Apr-2025 10:15:55 Europe/Berlin] Query executed successfully. Found 0 rows
[23-Apr-2025 10:15:55 Europe/Berlin] Users table created or already exists
[23-Apr-2025 10:15:55 Europe/Berlin] Users table structure: [{"Field":"id","Type":"int(11)","Null":"NO","Key":"PRI","Default":null,"Extra":"auto_increment"},{"Field":"username","Type":"varchar(50)","Null":"NO","Key":"","Default":null,"Extra":""},{"Field":"email","Type":"varchar(100)","Null":"NO","Key":"UNI","Default":null,"Extra":""},{"Field":"password","Type":"varchar(255)","Null":"NO","Key":"","Default":null,"Extra":""},{"Field":"role","Type":"enum('user','admin')","Null":"YES","Key":"","Default":"user","Extra":""},{"Field":"verification_code","Type":"varchar(100)","Null":"YES","Key":"","Default":null,"Extra":""},{"Field":"is_verified","Type":"tinyint(1)","Null":"YES","Key":"","Default":"0","Extra":""},{"Field":"created_at","Type":"timestamp","Null":"NO","Key":"","Default":"current_timestamp()","Extra":""},{"Field":"favorite_sport","Type":"varchar(50)","Null":"YES","Key":"","Default":null,"Extra":""},{"Field":"favorite_team","Type":"varchar(50)","Null":"YES","Key":"","Default":null,"Extra":""},{"Field":"account_type","Type":"enum('user','admin')","Null":"YES","Key":"","Default":"user","Extra":""}]
[23-Apr-2025 10:15:55 Europe/Berlin] Number of users in database: 13
[23-Apr-2025 10:15:55 Europe/Berlin] All tables initialized successfully
[23-Apr-2025 10:15:55 Europe/Berlin] Connected to database. Tables found: favorites, feedback, matches, matches_backup, matches_new, news, newsletter, notifications, players, subscriptions, users
[23-Apr-2025 10:15:55 Europe/Berlin] Executing SQL: CREATE TABLE IF NOT EXISTS users (
                id INT AUTO_INCREMENT PRIMARY KEY,
                username VARCHAR(50) NOT NULL UNIQUE,
                password VARCHAR(255) NOT NULL,
                email VARCHAR(100) NOT NULL UNIQUE,
                account_type ENUM('user', 'admin') DEFAULT 'user',
                created_at TIMESTAMP DEFAULT CURRENT_TIMESTAMP
            )
[23-Apr-2025 10:15:55 Europe/Berlin] With params: []
[23-Apr-2025 10:15:55 Europe/Berlin] Query executed successfully. Found 0 rows
[23-Apr-2025 10:15:55 Europe/Berlin] Users table created or already exists
[23-Apr-2025 10:15:55 Europe/Berlin] Users table structure: [{"Field":"id","Type":"int(11)","Null":"NO","Key":"PRI","Default":null,"Extra":"auto_increment"},{"Field":"username","Type":"varchar(50)","Null":"NO","Key":"","Default":null,"Extra":""},{"Field":"email","Type":"varchar(100)","Null":"NO","Key":"UNI","Default":null,"Extra":""},{"Field":"password","Type":"varchar(255)","Null":"NO","Key":"","Default":null,"Extra":""},{"Field":"role","Type":"enum('user','admin')","Null":"YES","Key":"","Default":"user","Extra":""},{"Field":"verification_code","Type":"varchar(100)","Null":"YES","Key":"","Default":null,"Extra":""},{"Field":"is_verified","Type":"tinyint(1)","Null":"YES","Key":"","Default":"0","Extra":""},{"Field":"created_at","Type":"timestamp","Null":"NO","Key":"","Default":"current_timestamp()","Extra":""},{"Field":"favorite_sport","Type":"varchar(50)","Null":"YES","Key":"","Default":null,"Extra":""},{"Field":"favorite_team","Type":"varchar(50)","Null":"YES","Key":"","Default":null,"Extra":""},{"Field":"account_type","Type":"enum('user','admin')","Null":"YES","Key":"","Default":"user","Extra":""}]
[23-Apr-2025 10:15:55 Europe/Berlin] Number of users in database: 13
[23-Apr-2025 10:15:55 Europe/Berlin] All tables initialized successfully
[23-Apr-2025 10:15:55 Europe/Berlin] Database tables initialized successfully
[23-Apr-2025 10:15:55 Europe/Berlin] Executing SQL: SELECT * FROM users WHERE id = :id
[23-Apr-2025 10:15:55 Europe/Berlin] With params: {":id":12}
[23-Apr-2025 10:15:55 Europe/Berlin] Query executed successfully. Found 1 rows
[23-Apr-2025 10:15:55 Europe/Berlin] User loaded from session: varunpndey
[23-Apr-2025 10:15:55 Europe/Berlin] Executing SQL: SELECT * FROM users WHERE id = :id
[23-Apr-2025 10:15:55 Europe/Berlin] With params: {":id":12}
[23-Apr-2025 10:15:55 Europe/Berlin] Query executed successfully. Found 1 rows
[23-Apr-2025 10:15:55 Europe/Berlin] Executing SQL: DELETE FROM news WHERE id = :id
[23-Apr-2025 10:15:55 Europe/Berlin] With params: {":id":"13"}
[23-Apr-2025 10:15:55 Europe/Berlin] Query executed successfully. Found 0 rows
[23-Apr-2025 10:15:55 Europe/Berlin] PHP Fatal error:  Uncaught Error: Call to a member function rowCount() on array in /Applications/XAMPP/xamppfiles/htdocs/sportsync/backend/news.php:94
Stack trace:
#0 /Applications/XAMPP/xamppfiles/htdocs/sportsync/public/admin.php(246): deleteNews('13')
#1 /Applications/XAMPP/xamppfiles/htdocs/sportsync/public/index.php(38): require('/Applications/X...')
#2 {main}
  thrown in /Applications/XAMPP/xamppfiles/htdocs/sportsync/backend/news.php on line 94
[23-Apr-2025 10:15:56 Europe/Berlin] Connected to database. Tables found: favorites, feedback, matches, matches_backup, matches_new, news, newsletter, notifications, players, subscriptions, users
[23-Apr-2025 10:15:56 Europe/Berlin] Executing SQL: CREATE TABLE IF NOT EXISTS users (
                id INT AUTO_INCREMENT PRIMARY KEY,
                username VARCHAR(50) NOT NULL UNIQUE,
                password VARCHAR(255) NOT NULL,
                email VARCHAR(100) NOT NULL UNIQUE,
                account_type ENUM('user', 'admin') DEFAULT 'user',
                created_at TIMESTAMP DEFAULT CURRENT_TIMESTAMP
            )
[23-Apr-2025 10:15:56 Europe/Berlin] With params: []
[23-Apr-2025 10:15:56 Europe/Berlin] Query executed successfully. Found 0 rows
[23-Apr-2025 10:15:56 Europe/Berlin] Users table created or already exists
[23-Apr-2025 10:15:56 Europe/Berlin] Users table structure: [{"Field":"id","Type":"int(11)","Null":"NO","Key":"PRI","Default":null,"Extra":"auto_increment"},{"Field":"username","Type":"varchar(50)","Null":"NO","Key":"","Default":null,"Extra":""},{"Field":"email","Type":"varchar(100)","Null":"NO","Key":"UNI","Default":null,"Extra":""},{"Field":"password","Type":"varchar(255)","Null":"NO","Key":"","Default":null,"Extra":""},{"Field":"role","Type":"enum('user','admin')","Null":"YES","Key":"","Default":"user","Extra":""},{"Field":"verification_code","Type":"varchar(100)","Null":"YES","Key":"","Default":null,"Extra":""},{"Field":"is_verified","Type":"tinyint(1)","Null":"YES","Key":"","Default":"0","Extra":""},{"Field":"created_at","Type":"timestamp","Null":"NO","Key":"","Default":"current_timestamp()","Extra":""},{"Field":"favorite_sport","Type":"varchar(50)","Null":"YES","Key":"","Default":null,"Extra":""},{"Field":"favorite_team","Type":"varchar(50)","Null":"YES","Key":"","Default":null,"Extra":""},{"Field":"account_type","Type":"enum('user','admin')","Null":"YES","Key":"","Default":"user","Extra":""}]
[23-Apr-2025 10:15:56 Europe/Berlin] Number of users in database: 13
[23-Apr-2025 10:15:56 Europe/Berlin] All tables initialized successfully
[23-Apr-2025 10:15:56 Europe/Berlin] Connected to database. Tables found: favorites, feedback, matches, matches_backup, matches_new, news, newsletter, notifications, players, subscriptions, users
[23-Apr-2025 10:15:56 Europe/Berlin] Executing SQL: CREATE TABLE IF NOT EXISTS users (
                id INT AUTO_INCREMENT PRIMARY KEY,
                username VARCHAR(50) NOT NULL UNIQUE,
                password VARCHAR(255) NOT NULL,
                email VARCHAR(100) NOT NULL UNIQUE,
                account_type ENUM('user', 'admin') DEFAULT 'user',
                created_at TIMESTAMP DEFAULT CURRENT_TIMESTAMP
            )
[23-Apr-2025 10:15:56 Europe/Berlin] With params: []
[23-Apr-2025 10:15:56 Europe/Berlin] Query executed successfully. Found 0 rows
[23-Apr-2025 10:15:56 Europe/Berlin] Users table created or already exists
[23-Apr-2025 10:15:56 Europe/Berlin] Users table structure: [{"Field":"id","Type":"int(11)","Null":"NO","Key":"PRI","Default":null,"Extra":"auto_increment"},{"Field":"username","Type":"varchar(50)","Null":"NO","Key":"","Default":null,"Extra":""},{"Field":"email","Type":"varchar(100)","Null":"NO","Key":"UNI","Default":null,"Extra":""},{"Field":"password","Type":"varchar(255)","Null":"NO","Key":"","Default":null,"Extra":""},{"Field":"role","Type":"enum('user','admin')","Null":"YES","Key":"","Default":"user","Extra":""},{"Field":"verification_code","Type":"varchar(100)","Null":"YES","Key":"","Default":null,"Extra":""},{"Field":"is_verified","Type":"tinyint(1)","Null":"YES","Key":"","Default":"0","Extra":""},{"Field":"created_at","Type":"timestamp","Null":"NO","Key":"","Default":"current_timestamp()","Extra":""},{"Field":"favorite_sport","Type":"varchar(50)","Null":"YES","Key":"","Default":null,"Extra":""},{"Field":"favorite_team","Type":"varchar(50)","Null":"YES","Key":"","Default":null,"Extra":""},{"Field":"account_type","Type":"enum('user','admin')","Null":"YES","Key":"","Default":"user","Extra":""}]
[23-Apr-2025 10:15:56 Europe/Berlin] Number of users in database: 13
[23-Apr-2025 10:15:56 Europe/Berlin] All tables initialized successfully
[23-Apr-2025 10:15:56 Europe/Berlin] Database tables initialized successfully
[23-Apr-2025 10:15:56 Europe/Berlin] Executing SQL: SELECT * FROM users WHERE id = :id
[23-Apr-2025 10:15:56 Europe/Berlin] With params: {":id":12}
[23-Apr-2025 10:15:56 Europe/Berlin] Query executed successfully. Found 1 rows
[23-Apr-2025 10:15:56 Europe/Berlin] User loaded from session: varunpndey
[23-Apr-2025 10:15:56 Europe/Berlin] Header - Session status: 2
[23-Apr-2025 10:15:56 Europe/Berlin] Header - Session data: {"user_id":12,"username":"varunpndey","email":"va@gmail.com","account_type":"admin"}
[23-Apr-2025 10:15:56 Europe/Berlin] Header - After session start - Status: 2
[23-Apr-2025 10:15:56 Europe/Berlin] Header - After session start - Data: {"user_id":12,"username":"varunpndey","email":"va@gmail.com","account_type":"admin"}
[23-Apr-2025 10:15:56 Europe/Berlin] Header - Is logged in: Yes
[23-Apr-2025 10:15:56 Europe/Berlin] Executing SQL: SELECT * FROM matches WHERE sport = :sport ORDER BY match_time DESC
[23-Apr-2025 10:15:56 Europe/Berlin] With params: {":sport":"cricket"}
[23-Apr-2025 10:15:56 Europe/Berlin] Query executed successfully. Found 4 rows
[23-Apr-2025 10:15:56 Europe/Berlin] Executing SQL: SELECT * FROM matches WHERE sport = :sport AND status = :status
[23-Apr-2025 10:15:56 Europe/Berlin] With params: {":sport":"cricket",":status":"live"}
[23-Apr-2025 10:15:56 Europe/Berlin] Query executed successfully. Found 0 rows
[23-Apr-2025 10:15:56 Europe/Berlin] Executing SQL: SELECT COUNT(*) as count FROM favorites 
                    WHERE user_id = :user_id AND match_id = :match_id
[23-Apr-2025 10:15:56 Europe/Berlin] With params: {":user_id":12,":match_id":42}
[23-Apr-2025 10:15:56 Europe/Berlin] Query executed successfully. Found 1 rows
[23-Apr-2025 10:15:56 Europe/Berlin] Executing SQL: SELECT COUNT(*) as count FROM favorites 
                    WHERE user_id = :user_id AND match_id = :match_id
[23-Apr-2025 10:15:56 Europe/Berlin] With params: {":user_id":12,":match_id":43}
[23-Apr-2025 10:15:56 Europe/Berlin] Query executed successfully. Found 1 rows
[23-Apr-2025 10:15:56 Europe/Berlin] Executing SQL: SELECT COUNT(*) as count FROM favorites 
                    WHERE user_id = :user_id AND match_id = :match_id
[23-Apr-2025 10:15:56 Europe/Berlin] With params: {":user_id":12,":match_id":38}
[23-Apr-2025 10:15:56 Europe/Berlin] Query executed successfully. Found 1 rows
[23-Apr-2025 10:15:56 Europe/Berlin] Executing SQL: SELECT COUNT(*) as count FROM favorites 
                    WHERE user_id = :user_id AND match_id = :match_id
[23-Apr-2025 10:15:56 Europe/Berlin] With params: {":user_id":12,":match_id":37}
[23-Apr-2025 10:15:56 Europe/Berlin] Query executed successfully. Found 1 rows
[23-Apr-2025 10:16:00 Europe/Berlin] Connected to database. Tables found: favorites, feedback, matches, matches_backup, matches_new, news, newsletter, notifications, players, subscriptions, users
[23-Apr-2025 10:16:00 Europe/Berlin] Executing SQL: CREATE TABLE IF NOT EXISTS users (
                id INT AUTO_INCREMENT PRIMARY KEY,
                username VARCHAR(50) NOT NULL UNIQUE,
                password VARCHAR(255) NOT NULL,
                email VARCHAR(100) NOT NULL UNIQUE,
                account_type ENUM('user', 'admin') DEFAULT 'user',
                created_at TIMESTAMP DEFAULT CURRENT_TIMESTAMP
            )
[23-Apr-2025 10:16:00 Europe/Berlin] With params: []
[23-Apr-2025 10:16:00 Europe/Berlin] Query executed successfully. Found 0 rows
[23-Apr-2025 10:16:00 Europe/Berlin] Users table created or already exists
[23-Apr-2025 10:16:00 Europe/Berlin] Users table structure: [{"Field":"id","Type":"int(11)","Null":"NO","Key":"PRI","Default":null,"Extra":"auto_increment"},{"Field":"username","Type":"varchar(50)","Null":"NO","Key":"","Default":null,"Extra":""},{"Field":"email","Type":"varchar(100)","Null":"NO","Key":"UNI","Default":null,"Extra":""},{"Field":"password","Type":"varchar(255)","Null":"NO","Key":"","Default":null,"Extra":""},{"Field":"role","Type":"enum('user','admin')","Null":"YES","Key":"","Default":"user","Extra":""},{"Field":"verification_code","Type":"varchar(100)","Null":"YES","Key":"","Default":null,"Extra":""},{"Field":"is_verified","Type":"tinyint(1)","Null":"YES","Key":"","Default":"0","Extra":""},{"Field":"created_at","Type":"timestamp","Null":"NO","Key":"","Default":"current_timestamp()","Extra":""},{"Field":"favorite_sport","Type":"varchar(50)","Null":"YES","Key":"","Default":null,"Extra":""},{"Field":"favorite_team","Type":"varchar(50)","Null":"YES","Key":"","Default":null,"Extra":""},{"Field":"account_type","Type":"enum('user','admin')","Null":"YES","Key":"","Default":"user","Extra":""}]
[23-Apr-2025 10:16:00 Europe/Berlin] Number of users in database: 13
[23-Apr-2025 10:16:00 Europe/Berlin] All tables initialized successfully
[23-Apr-2025 10:16:00 Europe/Berlin] Connected to database. Tables found: favorites, feedback, matches, matches_backup, matches_new, news, newsletter, notifications, players, subscriptions, users
[23-Apr-2025 10:16:00 Europe/Berlin] Executing SQL: CREATE TABLE IF NOT EXISTS users (
                id INT AUTO_INCREMENT PRIMARY KEY,
                username VARCHAR(50) NOT NULL UNIQUE,
                password VARCHAR(255) NOT NULL,
                email VARCHAR(100) NOT NULL UNIQUE,
                account_type ENUM('user', 'admin') DEFAULT 'user',
                created_at TIMESTAMP DEFAULT CURRENT_TIMESTAMP
            )
[23-Apr-2025 10:16:00 Europe/Berlin] With params: []
[23-Apr-2025 10:16:00 Europe/Berlin] Query executed successfully. Found 0 rows
[23-Apr-2025 10:16:00 Europe/Berlin] Users table created or already exists
[23-Apr-2025 10:16:00 Europe/Berlin] Users table structure: [{"Field":"id","Type":"int(11)","Null":"NO","Key":"PRI","Default":null,"Extra":"auto_increment"},{"Field":"username","Type":"varchar(50)","Null":"NO","Key":"","Default":null,"Extra":""},{"Field":"email","Type":"varchar(100)","Null":"NO","Key":"UNI","Default":null,"Extra":""},{"Field":"password","Type":"varchar(255)","Null":"NO","Key":"","Default":null,"Extra":""},{"Field":"role","Type":"enum('user','admin')","Null":"YES","Key":"","Default":"user","Extra":""},{"Field":"verification_code","Type":"varchar(100)","Null":"YES","Key":"","Default":null,"Extra":""},{"Field":"is_verified","Type":"tinyint(1)","Null":"YES","Key":"","Default":"0","Extra":""},{"Field":"created_at","Type":"timestamp","Null":"NO","Key":"","Default":"current_timestamp()","Extra":""},{"Field":"favorite_sport","Type":"varchar(50)","Null":"YES","Key":"","Default":null,"Extra":""},{"Field":"favorite_team","Type":"varchar(50)","Null":"YES","Key":"","Default":null,"Extra":""},{"Field":"account_type","Type":"enum('user','admin')","Null":"YES","Key":"","Default":"user","Extra":""}]
[23-Apr-2025 10:16:00 Europe/Berlin] Number of users in database: 13
[23-Apr-2025 10:16:00 Europe/Berlin] All tables initialized successfully
[23-Apr-2025 10:16:00 Europe/Berlin] Database tables initialized successfully
[23-Apr-2025 10:16:00 Europe/Berlin] Executing SQL: SELECT * FROM users WHERE id = :id
[23-Apr-2025 10:16:00 Europe/Berlin] With params: {":id":12}
[23-Apr-2025 10:16:00 Europe/Berlin] Query executed successfully. Found 1 rows
[23-Apr-2025 10:16:00 Europe/Berlin] User loaded from session: varunpndey
[23-Apr-2025 10:16:00 Europe/Berlin] Executing SQL: SELECT * FROM users WHERE id = :id
[23-Apr-2025 10:16:00 Europe/Berlin] With params: {":id":12}
[23-Apr-2025 10:16:00 Europe/Berlin] Query executed successfully. Found 1 rows
[23-Apr-2025 10:16:00 Europe/Berlin] Executing SQL: SELECT * FROM news ORDER BY created_at DESC
[23-Apr-2025 10:16:00 Europe/Berlin] With params: []
[23-Apr-2025 10:16:00 Europe/Berlin] Query executed successfully. Found 11 rows
[23-Apr-2025 10:16:00 Europe/Berlin] Executing SQL: SELECT * FROM feedback ORDER BY created_at DESC
[23-Apr-2025 10:16:00 Europe/Berlin] With params: []
[23-Apr-2025 10:16:00 Europe/Berlin] Query executed successfully. Found 10 rows
[23-Apr-2025 10:16:00 Europe/Berlin] Executing SQL: SELECT * FROM matches WHERE status = 'live'
[23-Apr-2025 10:16:00 Europe/Berlin] With params: []
[23-Apr-2025 10:16:00 Europe/Berlin] Query executed successfully. Found 0 rows
[23-Apr-2025 10:16:00 Europe/Berlin] Executing SQL: SELECT * FROM matches WHERE 1=1 ORDER BY match_time DESC
[23-Apr-2025 10:16:00 Europe/Berlin] With params: []
[23-Apr-2025 10:16:00 Europe/Berlin] Query executed successfully. Found 5 rows
[23-Apr-2025 10:16:00 Europe/Berlin] PHP Warning:  Undefined array key "status" in /Applications/XAMPP/xamppfiles/htdocs/sportsync/public/admin.php on line 865
[23-Apr-2025 10:16:00 Europe/Berlin] PHP Warning:  Undefined array key "status" in /Applications/XAMPP/xamppfiles/htdocs/sportsync/public/admin.php on line 866
[23-Apr-2025 10:16:00 Europe/Berlin] PHP Warning:  Undefined array key "status" in /Applications/XAMPP/xamppfiles/htdocs/sportsync/public/admin.php on line 867
[23-Apr-2025 10:16:00 Europe/Berlin] PHP Warning:  Undefined array key "status" in /Applications/XAMPP/xamppfiles/htdocs/sportsync/public/admin.php on line 865
[23-Apr-2025 10:16:00 Europe/Berlin] PHP Warning:  Undefined array key "status" in /Applications/XAMPP/xamppfiles/htdocs/sportsync/public/admin.php on line 866
[23-Apr-2025 10:16:00 Europe/Berlin] PHP Warning:  Undefined array key "status" in /Applications/XAMPP/xamppfiles/htdocs/sportsync/public/admin.php on line 867
[23-Apr-2025 10:16:00 Europe/Berlin] PHP Warning:  Undefined array key "status" in /Applications/XAMPP/xamppfiles/htdocs/sportsync/public/admin.php on line 865
[23-Apr-2025 10:16:00 Europe/Berlin] PHP Warning:  Undefined array key "status" in /Applications/XAMPP/xamppfiles/htdocs/sportsync/public/admin.php on line 866
[23-Apr-2025 10:16:00 Europe/Berlin] PHP Warning:  Undefined array key "status" in /Applications/XAMPP/xamppfiles/htdocs/sportsync/public/admin.php on line 867
[23-Apr-2025 10:16:00 Europe/Berlin] PHP Warning:  Undefined array key "status" in /Applications/XAMPP/xamppfiles/htdocs/sportsync/public/admin.php on line 865
[23-Apr-2025 10:16:00 Europe/Berlin] PHP Warning:  Undefined array key "status" in /Applications/XAMPP/xamppfiles/htdocs/sportsync/public/admin.php on line 866
[23-Apr-2025 10:16:00 Europe/Berlin] PHP Warning:  Undefined array key "status" in /Applications/XAMPP/xamppfiles/htdocs/sportsync/public/admin.php on line 867
[23-Apr-2025 10:16:00 Europe/Berlin] PHP Warning:  Undefined array key "status" in /Applications/XAMPP/xamppfiles/htdocs/sportsync/public/admin.php on line 865
[23-Apr-2025 10:16:00 Europe/Berlin] PHP Warning:  Undefined array key "status" in /Applications/XAMPP/xamppfiles/htdocs/sportsync/public/admin.php on line 866
[23-Apr-2025 10:16:00 Europe/Berlin] PHP Warning:  Undefined array key "status" in /Applications/XAMPP/xamppfiles/htdocs/sportsync/public/admin.php on line 867
[23-Apr-2025 10:16:00 Europe/Berlin] PHP Warning:  Undefined array key "status" in /Applications/XAMPP/xamppfiles/htdocs/sportsync/public/admin.php on line 865
[23-Apr-2025 10:16:00 Europe/Berlin] PHP Warning:  Undefined array key "status" in /Applications/XAMPP/xamppfiles/htdocs/sportsync/public/admin.php on line 866
[23-Apr-2025 10:16:00 Europe/Berlin] PHP Warning:  Undefined array key "status" in /Applications/XAMPP/xamppfiles/htdocs/sportsync/public/admin.php on line 867
[23-Apr-2025 10:16:00 Europe/Berlin] PHP Warning:  Undefined array key "status" in /Applications/XAMPP/xamppfiles/htdocs/sportsync/public/admin.php on line 865
[23-Apr-2025 10:16:00 Europe/Berlin] PHP Warning:  Undefined array key "status" in /Applications/XAMPP/xamppfiles/htdocs/sportsync/public/admin.php on line 866
[23-Apr-2025 10:16:00 Europe/Berlin] PHP Warning:  Undefined array key "status" in /Applications/XAMPP/xamppfiles/htdocs/sportsync/public/admin.php on line 867
[23-Apr-2025 10:16:00 Europe/Berlin] PHP Warning:  Undefined array key "status" in /Applications/XAMPP/xamppfiles/htdocs/sportsync/public/admin.php on line 865
[23-Apr-2025 10:16:00 Europe/Berlin] PHP Warning:  Undefined array key "status" in /Applications/XAMPP/xamppfiles/htdocs/sportsync/public/admin.php on line 866
[23-Apr-2025 10:16:00 Europe/Berlin] PHP Warning:  Undefined array key "status" in /Applications/XAMPP/xamppfiles/htdocs/sportsync/public/admin.php on line 867
[23-Apr-2025 10:16:00 Europe/Berlin] PHP Warning:  Undefined array key "status" in /Applications/XAMPP/xamppfiles/htdocs/sportsync/public/admin.php on line 865
[23-Apr-2025 10:16:00 Europe/Berlin] PHP Warning:  Undefined array key "status" in /Applications/XAMPP/xamppfiles/htdocs/sportsync/public/admin.php on line 866
[23-Apr-2025 10:16:00 Europe/Berlin] PHP Warning:  Undefined array key "status" in /Applications/XAMPP/xamppfiles/htdocs/sportsync/public/admin.php on line 867
[23-Apr-2025 10:16:00 Europe/Berlin] PHP Warning:  Undefined array key "status" in /Applications/XAMPP/xamppfiles/htdocs/sportsync/public/admin.php on line 865
[23-Apr-2025 10:16:00 Europe/Berlin] PHP Warning:  Undefined array key "status" in /Applications/XAMPP/xamppfiles/htdocs/sportsync/public/admin.php on line 866
[23-Apr-2025 10:16:00 Europe/Berlin] PHP Warning:  Undefined array key "status" in /Applications/XAMPP/xamppfiles/htdocs/sportsync/public/admin.php on line 867
[23-Apr-2025 10:16:09 Europe/Berlin] Connected to database. Tables found: favorites, feedback, matches, matches_backup, matches_new, news, newsletter, notifications, players, subscriptions, users
[23-Apr-2025 10:16:09 Europe/Berlin] Executing SQL: CREATE TABLE IF NOT EXISTS users (
                id INT AUTO_INCREMENT PRIMARY KEY,
                username VARCHAR(50) NOT NULL UNIQUE,
                password VARCHAR(255) NOT NULL,
                email VARCHAR(100) NOT NULL UNIQUE,
                account_type ENUM('user', 'admin') DEFAULT 'user',
                created_at TIMESTAMP DEFAULT CURRENT_TIMESTAMP
            )
[23-Apr-2025 10:16:09 Europe/Berlin] With params: []
[23-Apr-2025 10:16:09 Europe/Berlin] Query executed successfully. Found 0 rows
[23-Apr-2025 10:16:09 Europe/Berlin] Users table created or already exists
[23-Apr-2025 10:16:09 Europe/Berlin] Users table structure: [{"Field":"id","Type":"int(11)","Null":"NO","Key":"PRI","Default":null,"Extra":"auto_increment"},{"Field":"username","Type":"varchar(50)","Null":"NO","Key":"","Default":null,"Extra":""},{"Field":"email","Type":"varchar(100)","Null":"NO","Key":"UNI","Default":null,"Extra":""},{"Field":"password","Type":"varchar(255)","Null":"NO","Key":"","Default":null,"Extra":""},{"Field":"role","Type":"enum('user','admin')","Null":"YES","Key":"","Default":"user","Extra":""},{"Field":"verification_code","Type":"varchar(100)","Null":"YES","Key":"","Default":null,"Extra":""},{"Field":"is_verified","Type":"tinyint(1)","Null":"YES","Key":"","Default":"0","Extra":""},{"Field":"created_at","Type":"timestamp","Null":"NO","Key":"","Default":"current_timestamp()","Extra":""},{"Field":"favorite_sport","Type":"varchar(50)","Null":"YES","Key":"","Default":null,"Extra":""},{"Field":"favorite_team","Type":"varchar(50)","Null":"YES","Key":"","Default":null,"Extra":""},{"Field":"account_type","Type":"enum('user','admin')","Null":"YES","Key":"","Default":"user","Extra":""}]
[23-Apr-2025 10:16:09 Europe/Berlin] Number of users in database: 13
[23-Apr-2025 10:16:09 Europe/Berlin] All tables initialized successfully
[23-Apr-2025 10:16:09 Europe/Berlin] Connected to database. Tables found: favorites, feedback, matches, matches_backup, matches_new, news, newsletter, notifications, players, subscriptions, users
[23-Apr-2025 10:16:09 Europe/Berlin] Executing SQL: CREATE TABLE IF NOT EXISTS users (
                id INT AUTO_INCREMENT PRIMARY KEY,
                username VARCHAR(50) NOT NULL UNIQUE,
                password VARCHAR(255) NOT NULL,
                email VARCHAR(100) NOT NULL UNIQUE,
                account_type ENUM('user', 'admin') DEFAULT 'user',
                created_at TIMESTAMP DEFAULT CURRENT_TIMESTAMP
            )
[23-Apr-2025 10:16:09 Europe/Berlin] With params: []
[23-Apr-2025 10:16:09 Europe/Berlin] Query executed successfully. Found 0 rows
[23-Apr-2025 10:16:09 Europe/Berlin] Users table created or already exists
[23-Apr-2025 10:16:09 Europe/Berlin] Users table structure: [{"Field":"id","Type":"int(11)","Null":"NO","Key":"PRI","Default":null,"Extra":"auto_increment"},{"Field":"username","Type":"varchar(50)","Null":"NO","Key":"","Default":null,"Extra":""},{"Field":"email","Type":"varchar(100)","Null":"NO","Key":"UNI","Default":null,"Extra":""},{"Field":"password","Type":"varchar(255)","Null":"NO","Key":"","Default":null,"Extra":""},{"Field":"role","Type":"enum('user','admin')","Null":"YES","Key":"","Default":"user","Extra":""},{"Field":"verification_code","Type":"varchar(100)","Null":"YES","Key":"","Default":null,"Extra":""},{"Field":"is_verified","Type":"tinyint(1)","Null":"YES","Key":"","Default":"0","Extra":""},{"Field":"created_at","Type":"timestamp","Null":"NO","Key":"","Default":"current_timestamp()","Extra":""},{"Field":"favorite_sport","Type":"varchar(50)","Null":"YES","Key":"","Default":null,"Extra":""},{"Field":"favorite_team","Type":"varchar(50)","Null":"YES","Key":"","Default":null,"Extra":""},{"Field":"account_type","Type":"enum('user','admin')","Null":"YES","Key":"","Default":"user","Extra":""}]
[23-Apr-2025 10:16:09 Europe/Berlin] Number of users in database: 13
[23-Apr-2025 10:16:09 Europe/Berlin] All tables initialized successfully
[23-Apr-2025 10:16:09 Europe/Berlin] Database tables initialized successfully
[23-Apr-2025 10:16:09 Europe/Berlin] Executing SQL: SELECT * FROM users WHERE id = :id
[23-Apr-2025 10:16:09 Europe/Berlin] With params: {":id":12}
[23-Apr-2025 10:16:09 Europe/Berlin] Query executed successfully. Found 1 rows
[23-Apr-2025 10:16:09 Europe/Berlin] User loaded from session: varunpndey
[23-Apr-2025 10:16:09 Europe/Berlin] Executing SQL: SELECT * FROM users WHERE id = :id
[23-Apr-2025 10:16:09 Europe/Berlin] With params: {":id":12}
[23-Apr-2025 10:16:09 Europe/Berlin] Query executed successfully. Found 1 rows
[23-Apr-2025 10:16:09 Europe/Berlin] Executing SQL: DELETE FROM news WHERE id = :id
[23-Apr-2025 10:16:09 Europe/Berlin] With params: {":id":"6"}
[23-Apr-2025 10:16:09 Europe/Berlin] Query executed successfully. Found 0 rows
[23-Apr-2025 10:16:09 Europe/Berlin] PHP Fatal error:  Uncaught Error: Call to a member function rowCount() on array in /Applications/XAMPP/xamppfiles/htdocs/sportsync/backend/news.php:94
Stack trace:
#0 /Applications/XAMPP/xamppfiles/htdocs/sportsync/public/admin.php(246): deleteNews('6')
#1 /Applications/XAMPP/xamppfiles/htdocs/sportsync/public/index.php(38): require('/Applications/X...')
#2 {main}
  thrown in /Applications/XAMPP/xamppfiles/htdocs/sportsync/backend/news.php on line 94
[23-Apr-2025 10:16:12 Europe/Berlin] Connected to database. Tables found: favorites, feedback, matches, matches_backup, matches_new, news, newsletter, notifications, players, subscriptions, users
[23-Apr-2025 10:16:12 Europe/Berlin] Executing SQL: CREATE TABLE IF NOT EXISTS users (
                id INT AUTO_INCREMENT PRIMARY KEY,
                username VARCHAR(50) NOT NULL UNIQUE,
                password VARCHAR(255) NOT NULL,
                email VARCHAR(100) NOT NULL UNIQUE,
                account_type ENUM('user', 'admin') DEFAULT 'user',
                created_at TIMESTAMP DEFAULT CURRENT_TIMESTAMP
            )
[23-Apr-2025 10:16:12 Europe/Berlin] With params: []
[23-Apr-2025 10:16:12 Europe/Berlin] Query executed successfully. Found 0 rows
[23-Apr-2025 10:16:12 Europe/Berlin] Users table created or already exists
[23-Apr-2025 10:16:12 Europe/Berlin] Users table structure: [{"Field":"id","Type":"int(11)","Null":"NO","Key":"PRI","Default":null,"Extra":"auto_increment"},{"Field":"username","Type":"varchar(50)","Null":"NO","Key":"","Default":null,"Extra":""},{"Field":"email","Type":"varchar(100)","Null":"NO","Key":"UNI","Default":null,"Extra":""},{"Field":"password","Type":"varchar(255)","Null":"NO","Key":"","Default":null,"Extra":""},{"Field":"role","Type":"enum('user','admin')","Null":"YES","Key":"","Default":"user","Extra":""},{"Field":"verification_code","Type":"varchar(100)","Null":"YES","Key":"","Default":null,"Extra":""},{"Field":"is_verified","Type":"tinyint(1)","Null":"YES","Key":"","Default":"0","Extra":""},{"Field":"created_at","Type":"timestamp","Null":"NO","Key":"","Default":"current_timestamp()","Extra":""},{"Field":"favorite_sport","Type":"varchar(50)","Null":"YES","Key":"","Default":null,"Extra":""},{"Field":"favorite_team","Type":"varchar(50)","Null":"YES","Key":"","Default":null,"Extra":""},{"Field":"account_type","Type":"enum('user','admin')","Null":"YES","Key":"","Default":"user","Extra":""}]
[23-Apr-2025 10:16:12 Europe/Berlin] Number of users in database: 13
[23-Apr-2025 10:16:12 Europe/Berlin] All tables initialized successfully
[23-Apr-2025 10:16:12 Europe/Berlin] Connected to database. Tables found: favorites, feedback, matches, matches_backup, matches_new, news, newsletter, notifications, players, subscriptions, users
[23-Apr-2025 10:16:12 Europe/Berlin] Executing SQL: CREATE TABLE IF NOT EXISTS users (
                id INT AUTO_INCREMENT PRIMARY KEY,
                username VARCHAR(50) NOT NULL UNIQUE,
                password VARCHAR(255) NOT NULL,
                email VARCHAR(100) NOT NULL UNIQUE,
                account_type ENUM('user', 'admin') DEFAULT 'user',
                created_at TIMESTAMP DEFAULT CURRENT_TIMESTAMP
            )
[23-Apr-2025 10:16:12 Europe/Berlin] With params: []
[23-Apr-2025 10:16:12 Europe/Berlin] Query executed successfully. Found 0 rows
[23-Apr-2025 10:16:12 Europe/Berlin] Users table created or already exists
[23-Apr-2025 10:16:12 Europe/Berlin] Users table structure: [{"Field":"id","Type":"int(11)","Null":"NO","Key":"PRI","Default":null,"Extra":"auto_increment"},{"Field":"username","Type":"varchar(50)","Null":"NO","Key":"","Default":null,"Extra":""},{"Field":"email","Type":"varchar(100)","Null":"NO","Key":"UNI","Default":null,"Extra":""},{"Field":"password","Type":"varchar(255)","Null":"NO","Key":"","Default":null,"Extra":""},{"Field":"role","Type":"enum('user','admin')","Null":"YES","Key":"","Default":"user","Extra":""},{"Field":"verification_code","Type":"varchar(100)","Null":"YES","Key":"","Default":null,"Extra":""},{"Field":"is_verified","Type":"tinyint(1)","Null":"YES","Key":"","Default":"0","Extra":""},{"Field":"created_at","Type":"timestamp","Null":"NO","Key":"","Default":"current_timestamp()","Extra":""},{"Field":"favorite_sport","Type":"varchar(50)","Null":"YES","Key":"","Default":null,"Extra":""},{"Field":"favorite_team","Type":"varchar(50)","Null":"YES","Key":"","Default":null,"Extra":""},{"Field":"account_type","Type":"enum('user','admin')","Null":"YES","Key":"","Default":"user","Extra":""}]
[23-Apr-2025 10:16:12 Europe/Berlin] Number of users in database: 13
[23-Apr-2025 10:16:12 Europe/Berlin] All tables initialized successfully
[23-Apr-2025 10:16:12 Europe/Berlin] Database tables initialized successfully
[23-Apr-2025 10:16:12 Europe/Berlin] Executing SQL: SELECT * FROM users WHERE id = :id
[23-Apr-2025 10:16:12 Europe/Berlin] With params: {":id":12}
[23-Apr-2025 10:16:12 Europe/Berlin] Query executed successfully. Found 1 rows
[23-Apr-2025 10:16:12 Europe/Berlin] User loaded from session: varunpndey
[23-Apr-2025 10:16:12 Europe/Berlin] Executing SQL: SELECT * FROM users WHERE id = :id
[23-Apr-2025 10:16:12 Europe/Berlin] With params: {":id":12}
[23-Apr-2025 10:16:12 Europe/Berlin] Query executed successfully. Found 1 rows
[23-Apr-2025 10:16:12 Europe/Berlin] Executing SQL: DELETE FROM news WHERE id = :id
[23-Apr-2025 10:16:12 Europe/Berlin] With params: {":id":"6"}
[23-Apr-2025 10:16:12 Europe/Berlin] Query executed successfully. Found 0 rows
[23-Apr-2025 10:16:12 Europe/Berlin] PHP Fatal error:  Uncaught Error: Call to a member function rowCount() on array in /Applications/XAMPP/xamppfiles/htdocs/sportsync/backend/news.php:94
Stack trace:
#0 /Applications/XAMPP/xamppfiles/htdocs/sportsync/public/admin.php(246): deleteNews('6')
#1 /Applications/XAMPP/xamppfiles/htdocs/sportsync/public/index.php(38): require('/Applications/X...')
#2 {main}
  thrown in /Applications/XAMPP/xamppfiles/htdocs/sportsync/backend/news.php on line 94
[23-Apr-2025 10:16:15 Europe/Berlin] Connected to database. Tables found: favorites, feedback, matches, matches_backup, matches_new, news, newsletter, notifications, players, subscriptions, users
[23-Apr-2025 10:16:15 Europe/Berlin] Executing SQL: CREATE TABLE IF NOT EXISTS users (
                id INT AUTO_INCREMENT PRIMARY KEY,
                username VARCHAR(50) NOT NULL UNIQUE,
                password VARCHAR(255) NOT NULL,
                email VARCHAR(100) NOT NULL UNIQUE,
                account_type ENUM('user', 'admin') DEFAULT 'user',
                created_at TIMESTAMP DEFAULT CURRENT_TIMESTAMP
            )
[23-Apr-2025 10:16:15 Europe/Berlin] With params: []
[23-Apr-2025 10:16:15 Europe/Berlin] Query executed successfully. Found 0 rows
[23-Apr-2025 10:16:15 Europe/Berlin] Users table created or already exists
[23-Apr-2025 10:16:15 Europe/Berlin] Users table structure: [{"Field":"id","Type":"int(11)","Null":"NO","Key":"PRI","Default":null,"Extra":"auto_increment"},{"Field":"username","Type":"varchar(50)","Null":"NO","Key":"","Default":null,"Extra":""},{"Field":"email","Type":"varchar(100)","Null":"NO","Key":"UNI","Default":null,"Extra":""},{"Field":"password","Type":"varchar(255)","Null":"NO","Key":"","Default":null,"Extra":""},{"Field":"role","Type":"enum('user','admin')","Null":"YES","Key":"","Default":"user","Extra":""},{"Field":"verification_code","Type":"varchar(100)","Null":"YES","Key":"","Default":null,"Extra":""},{"Field":"is_verified","Type":"tinyint(1)","Null":"YES","Key":"","Default":"0","Extra":""},{"Field":"created_at","Type":"timestamp","Null":"NO","Key":"","Default":"current_timestamp()","Extra":""},{"Field":"favorite_sport","Type":"varchar(50)","Null":"YES","Key":"","Default":null,"Extra":""},{"Field":"favorite_team","Type":"varchar(50)","Null":"YES","Key":"","Default":null,"Extra":""},{"Field":"account_type","Type":"enum('user','admin')","Null":"YES","Key":"","Default":"user","Extra":""}]
[23-Apr-2025 10:16:15 Europe/Berlin] Number of users in database: 13
[23-Apr-2025 10:16:15 Europe/Berlin] All tables initialized successfully
[23-Apr-2025 10:16:15 Europe/Berlin] Connected to database. Tables found: favorites, feedback, matches, matches_backup, matches_new, news, newsletter, notifications, players, subscriptions, users
[23-Apr-2025 10:16:15 Europe/Berlin] Executing SQL: CREATE TABLE IF NOT EXISTS users (
                id INT AUTO_INCREMENT PRIMARY KEY,
                username VARCHAR(50) NOT NULL UNIQUE,
                password VARCHAR(255) NOT NULL,
                email VARCHAR(100) NOT NULL UNIQUE,
                account_type ENUM('user', 'admin') DEFAULT 'user',
                created_at TIMESTAMP DEFAULT CURRENT_TIMESTAMP
            )
[23-Apr-2025 10:16:15 Europe/Berlin] With params: []
[23-Apr-2025 10:16:15 Europe/Berlin] Query executed successfully. Found 0 rows
[23-Apr-2025 10:16:15 Europe/Berlin] Users table created or already exists
[23-Apr-2025 10:16:15 Europe/Berlin] Users table structure: [{"Field":"id","Type":"int(11)","Null":"NO","Key":"PRI","Default":null,"Extra":"auto_increment"},{"Field":"username","Type":"varchar(50)","Null":"NO","Key":"","Default":null,"Extra":""},{"Field":"email","Type":"varchar(100)","Null":"NO","Key":"UNI","Default":null,"Extra":""},{"Field":"password","Type":"varchar(255)","Null":"NO","Key":"","Default":null,"Extra":""},{"Field":"role","Type":"enum('user','admin')","Null":"YES","Key":"","Default":"user","Extra":""},{"Field":"verification_code","Type":"varchar(100)","Null":"YES","Key":"","Default":null,"Extra":""},{"Field":"is_verified","Type":"tinyint(1)","Null":"YES","Key":"","Default":"0","Extra":""},{"Field":"created_at","Type":"timestamp","Null":"NO","Key":"","Default":"current_timestamp()","Extra":""},{"Field":"favorite_sport","Type":"varchar(50)","Null":"YES","Key":"","Default":null,"Extra":""},{"Field":"favorite_team","Type":"varchar(50)","Null":"YES","Key":"","Default":null,"Extra":""},{"Field":"account_type","Type":"enum('user','admin')","Null":"YES","Key":"","Default":"user","Extra":""}]
[23-Apr-2025 10:16:15 Europe/Berlin] Number of users in database: 13
[23-Apr-2025 10:16:15 Europe/Berlin] All tables initialized successfully
[23-Apr-2025 10:16:15 Europe/Berlin] Database tables initialized successfully
[23-Apr-2025 10:16:15 Europe/Berlin] Executing SQL: SELECT * FROM users WHERE id = :id
[23-Apr-2025 10:16:15 Europe/Berlin] With params: {":id":12}
[23-Apr-2025 10:16:15 Europe/Berlin] Query executed successfully. Found 1 rows
[23-Apr-2025 10:16:15 Europe/Berlin] User loaded from session: varunpndey
[23-Apr-2025 10:16:15 Europe/Berlin] Executing SQL: SELECT * FROM users WHERE id = :id
[23-Apr-2025 10:16:15 Europe/Berlin] With params: {":id":12}
[23-Apr-2025 10:16:15 Europe/Berlin] Query executed successfully. Found 1 rows
[23-Apr-2025 10:16:15 Europe/Berlin] Executing SQL: SELECT * FROM news ORDER BY created_at DESC
[23-Apr-2025 10:16:15 Europe/Berlin] With params: []
[23-Apr-2025 10:16:15 Europe/Berlin] Query executed successfully. Found 10 rows
[23-Apr-2025 10:16:15 Europe/Berlin] Executing SQL: SELECT * FROM feedback ORDER BY created_at DESC
[23-Apr-2025 10:16:15 Europe/Berlin] With params: []
[23-Apr-2025 10:16:15 Europe/Berlin] Query executed successfully. Found 10 rows
[23-Apr-2025 10:16:15 Europe/Berlin] Executing SQL: SELECT * FROM matches WHERE status = 'live'
[23-Apr-2025 10:16:15 Europe/Berlin] With params: []
[23-Apr-2025 10:16:15 Europe/Berlin] Query executed successfully. Found 0 rows
[23-Apr-2025 10:16:15 Europe/Berlin] Executing SQL: SELECT * FROM matches WHERE 1=1 ORDER BY match_time DESC
[23-Apr-2025 10:16:15 Europe/Berlin] With params: []
[23-Apr-2025 10:16:15 Europe/Berlin] Query executed successfully. Found 5 rows
[23-Apr-2025 10:16:15 Europe/Berlin] PHP Warning:  Undefined array key "status" in /Applications/XAMPP/xamppfiles/htdocs/sportsync/public/admin.php on line 865
[23-Apr-2025 10:16:15 Europe/Berlin] PHP Warning:  Undefined array key "status" in /Applications/XAMPP/xamppfiles/htdocs/sportsync/public/admin.php on line 866
[23-Apr-2025 10:16:15 Europe/Berlin] PHP Warning:  Undefined array key "status" in /Applications/XAMPP/xamppfiles/htdocs/sportsync/public/admin.php on line 867
[23-Apr-2025 10:16:15 Europe/Berlin] PHP Warning:  Undefined array key "status" in /Applications/XAMPP/xamppfiles/htdocs/sportsync/public/admin.php on line 865
[23-Apr-2025 10:16:15 Europe/Berlin] PHP Warning:  Undefined array key "status" in /Applications/XAMPP/xamppfiles/htdocs/sportsync/public/admin.php on line 866
[23-Apr-2025 10:16:15 Europe/Berlin] PHP Warning:  Undefined array key "status" in /Applications/XAMPP/xamppfiles/htdocs/sportsync/public/admin.php on line 867
[23-Apr-2025 10:16:15 Europe/Berlin] PHP Warning:  Undefined array key "status" in /Applications/XAMPP/xamppfiles/htdocs/sportsync/public/admin.php on line 865
[23-Apr-2025 10:16:15 Europe/Berlin] PHP Warning:  Undefined array key "status" in /Applications/XAMPP/xamppfiles/htdocs/sportsync/public/admin.php on line 866
[23-Apr-2025 10:16:15 Europe/Berlin] PHP Warning:  Undefined array key "status" in /Applications/XAMPP/xamppfiles/htdocs/sportsync/public/admin.php on line 867
[23-Apr-2025 10:16:15 Europe/Berlin] PHP Warning:  Undefined array key "status" in /Applications/XAMPP/xamppfiles/htdocs/sportsync/public/admin.php on line 865
[23-Apr-2025 10:16:15 Europe/Berlin] PHP Warning:  Undefined array key "status" in /Applications/XAMPP/xamppfiles/htdocs/sportsync/public/admin.php on line 866
[23-Apr-2025 10:16:15 Europe/Berlin] PHP Warning:  Undefined array key "status" in /Applications/XAMPP/xamppfiles/htdocs/sportsync/public/admin.php on line 867
[23-Apr-2025 10:16:15 Europe/Berlin] PHP Warning:  Undefined array key "status" in /Applications/XAMPP/xamppfiles/htdocs/sportsync/public/admin.php on line 865
[23-Apr-2025 10:16:15 Europe/Berlin] PHP Warning:  Undefined array key "status" in /Applications/XAMPP/xamppfiles/htdocs/sportsync/public/admin.php on line 866
[23-Apr-2025 10:16:15 Europe/Berlin] PHP Warning:  Undefined array key "status" in /Applications/XAMPP/xamppfiles/htdocs/sportsync/public/admin.php on line 867
[23-Apr-2025 10:16:15 Europe/Berlin] PHP Warning:  Undefined array key "status" in /Applications/XAMPP/xamppfiles/htdocs/sportsync/public/admin.php on line 865
[23-Apr-2025 10:16:15 Europe/Berlin] PHP Warning:  Undefined array key "status" in /Applications/XAMPP/xamppfiles/htdocs/sportsync/public/admin.php on line 866
[23-Apr-2025 10:16:15 Europe/Berlin] PHP Warning:  Undefined array key "status" in /Applications/XAMPP/xamppfiles/htdocs/sportsync/public/admin.php on line 867
[23-Apr-2025 10:16:15 Europe/Berlin] PHP Warning:  Undefined array key "status" in /Applications/XAMPP/xamppfiles/htdocs/sportsync/public/admin.php on line 865
[23-Apr-2025 10:16:15 Europe/Berlin] PHP Warning:  Undefined array key "status" in /Applications/XAMPP/xamppfiles/htdocs/sportsync/public/admin.php on line 866
[23-Apr-2025 10:16:15 Europe/Berlin] PHP Warning:  Undefined array key "status" in /Applications/XAMPP/xamppfiles/htdocs/sportsync/public/admin.php on line 867
[23-Apr-2025 10:16:15 Europe/Berlin] PHP Warning:  Undefined array key "status" in /Applications/XAMPP/xamppfiles/htdocs/sportsync/public/admin.php on line 865
[23-Apr-2025 10:16:15 Europe/Berlin] PHP Warning:  Undefined array key "status" in /Applications/XAMPP/xamppfiles/htdocs/sportsync/public/admin.php on line 866
[23-Apr-2025 10:16:15 Europe/Berlin] PHP Warning:  Undefined array key "status" in /Applications/XAMPP/xamppfiles/htdocs/sportsync/public/admin.php on line 867
[23-Apr-2025 10:16:15 Europe/Berlin] PHP Warning:  Undefined array key "status" in /Applications/XAMPP/xamppfiles/htdocs/sportsync/public/admin.php on line 865
[23-Apr-2025 10:16:15 Europe/Berlin] PHP Warning:  Undefined array key "status" in /Applications/XAMPP/xamppfiles/htdocs/sportsync/public/admin.php on line 866
[23-Apr-2025 10:16:15 Europe/Berlin] PHP Warning:  Undefined array key "status" in /Applications/XAMPP/xamppfiles/htdocs/sportsync/public/admin.php on line 867
[23-Apr-2025 10:16:15 Europe/Berlin] PHP Warning:  Undefined array key "status" in /Applications/XAMPP/xamppfiles/htdocs/sportsync/public/admin.php on line 865
[23-Apr-2025 10:16:15 Europe/Berlin] PHP Warning:  Undefined array key "status" in /Applications/XAMPP/xamppfiles/htdocs/sportsync/public/admin.php on line 866
[23-Apr-2025 10:16:15 Europe/Berlin] PHP Warning:  Undefined array key "status" in /Applications/XAMPP/xamppfiles/htdocs/sportsync/public/admin.php on line 867
[23-Apr-2025 10:16:23 Europe/Berlin] Connected to database. Tables found: favorites, feedback, matches, matches_backup, matches_new, news, newsletter, notifications, players, subscriptions, users
[23-Apr-2025 10:16:23 Europe/Berlin] Executing SQL: CREATE TABLE IF NOT EXISTS users (
                id INT AUTO_INCREMENT PRIMARY KEY,
                username VARCHAR(50) NOT NULL UNIQUE,
                password VARCHAR(255) NOT NULL,
                email VARCHAR(100) NOT NULL UNIQUE,
                account_type ENUM('user', 'admin') DEFAULT 'user',
                created_at TIMESTAMP DEFAULT CURRENT_TIMESTAMP
            )
[23-Apr-2025 10:16:23 Europe/Berlin] With params: []
[23-Apr-2025 10:16:23 Europe/Berlin] Query executed successfully. Found 0 rows
[23-Apr-2025 10:16:23 Europe/Berlin] Users table created or already exists
[23-Apr-2025 10:16:23 Europe/Berlin] Users table structure: [{"Field":"id","Type":"int(11)","Null":"NO","Key":"PRI","Default":null,"Extra":"auto_increment"},{"Field":"username","Type":"varchar(50)","Null":"NO","Key":"","Default":null,"Extra":""},{"Field":"email","Type":"varchar(100)","Null":"NO","Key":"UNI","Default":null,"Extra":""},{"Field":"password","Type":"varchar(255)","Null":"NO","Key":"","Default":null,"Extra":""},{"Field":"role","Type":"enum('user','admin')","Null":"YES","Key":"","Default":"user","Extra":""},{"Field":"verification_code","Type":"varchar(100)","Null":"YES","Key":"","Default":null,"Extra":""},{"Field":"is_verified","Type":"tinyint(1)","Null":"YES","Key":"","Default":"0","Extra":""},{"Field":"created_at","Type":"timestamp","Null":"NO","Key":"","Default":"current_timestamp()","Extra":""},{"Field":"favorite_sport","Type":"varchar(50)","Null":"YES","Key":"","Default":null,"Extra":""},{"Field":"favorite_team","Type":"varchar(50)","Null":"YES","Key":"","Default":null,"Extra":""},{"Field":"account_type","Type":"enum('user','admin')","Null":"YES","Key":"","Default":"user","Extra":""}]
[23-Apr-2025 10:16:23 Europe/Berlin] Number of users in database: 13
[23-Apr-2025 10:16:23 Europe/Berlin] All tables initialized successfully
[23-Apr-2025 10:16:23 Europe/Berlin] Connected to database. Tables found: favorites, feedback, matches, matches_backup, matches_new, news, newsletter, notifications, players, subscriptions, users
[23-Apr-2025 10:16:23 Europe/Berlin] Executing SQL: CREATE TABLE IF NOT EXISTS users (
                id INT AUTO_INCREMENT PRIMARY KEY,
                username VARCHAR(50) NOT NULL UNIQUE,
                password VARCHAR(255) NOT NULL,
                email VARCHAR(100) NOT NULL UNIQUE,
                account_type ENUM('user', 'admin') DEFAULT 'user',
                created_at TIMESTAMP DEFAULT CURRENT_TIMESTAMP
            )
[23-Apr-2025 10:16:23 Europe/Berlin] With params: []
[23-Apr-2025 10:16:23 Europe/Berlin] Query executed successfully. Found 0 rows
[23-Apr-2025 10:16:23 Europe/Berlin] Users table created or already exists
[23-Apr-2025 10:16:23 Europe/Berlin] Users table structure: [{"Field":"id","Type":"int(11)","Null":"NO","Key":"PRI","Default":null,"Extra":"auto_increment"},{"Field":"username","Type":"varchar(50)","Null":"NO","Key":"","Default":null,"Extra":""},{"Field":"email","Type":"varchar(100)","Null":"NO","Key":"UNI","Default":null,"Extra":""},{"Field":"password","Type":"varchar(255)","Null":"NO","Key":"","Default":null,"Extra":""},{"Field":"role","Type":"enum('user','admin')","Null":"YES","Key":"","Default":"user","Extra":""},{"Field":"verification_code","Type":"varchar(100)","Null":"YES","Key":"","Default":null,"Extra":""},{"Field":"is_verified","Type":"tinyint(1)","Null":"YES","Key":"","Default":"0","Extra":""},{"Field":"created_at","Type":"timestamp","Null":"NO","Key":"","Default":"current_timestamp()","Extra":""},{"Field":"favorite_sport","Type":"varchar(50)","Null":"YES","Key":"","Default":null,"Extra":""},{"Field":"favorite_team","Type":"varchar(50)","Null":"YES","Key":"","Default":null,"Extra":""},{"Field":"account_type","Type":"enum('user','admin')","Null":"YES","Key":"","Default":"user","Extra":""}]
[23-Apr-2025 10:16:23 Europe/Berlin] Number of users in database: 13
[23-Apr-2025 10:16:23 Europe/Berlin] All tables initialized successfully
[23-Apr-2025 10:16:23 Europe/Berlin] Database tables initialized successfully
[23-Apr-2025 10:16:23 Europe/Berlin] Executing SQL: SELECT * FROM users WHERE id = :id
[23-Apr-2025 10:16:23 Europe/Berlin] With params: {":id":12}
[23-Apr-2025 10:16:23 Europe/Berlin] Query executed successfully. Found 1 rows
[23-Apr-2025 10:16:23 Europe/Berlin] User loaded from session: varunpndey
[23-Apr-2025 10:16:23 Europe/Berlin] Executing SQL: SELECT * FROM users WHERE id = :id
[23-Apr-2025 10:16:23 Europe/Berlin] With params: {":id":12}
[23-Apr-2025 10:16:23 Europe/Berlin] Query executed successfully. Found 1 rows
[23-Apr-2025 10:16:23 Europe/Berlin] Executing SQL: DELETE FROM news WHERE id = :id
[23-Apr-2025 10:16:23 Europe/Berlin] With params: {":id":"8"}
[23-Apr-2025 10:16:23 Europe/Berlin] Query executed successfully. Found 0 rows
[23-Apr-2025 10:16:23 Europe/Berlin] PHP Fatal error:  Uncaught Error: Call to a member function rowCount() on array in /Applications/XAMPP/xamppfiles/htdocs/sportsync/backend/news.php:94
Stack trace:
#0 /Applications/XAMPP/xamppfiles/htdocs/sportsync/public/admin.php(246): deleteNews('8')
#1 /Applications/XAMPP/xamppfiles/htdocs/sportsync/public/index.php(38): require('/Applications/X...')
#2 {main}
  thrown in /Applications/XAMPP/xamppfiles/htdocs/sportsync/backend/news.php on line 94
[23-Apr-2025 10:16:27 Europe/Berlin] Connected to database. Tables found: favorites, feedback, matches, matches_backup, matches_new, news, newsletter, notifications, players, subscriptions, users
[23-Apr-2025 10:16:27 Europe/Berlin] Executing SQL: CREATE TABLE IF NOT EXISTS users (
                id INT AUTO_INCREMENT PRIMARY KEY,
                username VARCHAR(50) NOT NULL UNIQUE,
                password VARCHAR(255) NOT NULL,
                email VARCHAR(100) NOT NULL UNIQUE,
                account_type ENUM('user', 'admin') DEFAULT 'user',
                created_at TIMESTAMP DEFAULT CURRENT_TIMESTAMP
            )
[23-Apr-2025 10:16:27 Europe/Berlin] With params: []
[23-Apr-2025 10:16:27 Europe/Berlin] Query executed successfully. Found 0 rows
[23-Apr-2025 10:16:27 Europe/Berlin] Users table created or already exists
[23-Apr-2025 10:16:27 Europe/Berlin] Users table structure: [{"Field":"id","Type":"int(11)","Null":"NO","Key":"PRI","Default":null,"Extra":"auto_increment"},{"Field":"username","Type":"varchar(50)","Null":"NO","Key":"","Default":null,"Extra":""},{"Field":"email","Type":"varchar(100)","Null":"NO","Key":"UNI","Default":null,"Extra":""},{"Field":"password","Type":"varchar(255)","Null":"NO","Key":"","Default":null,"Extra":""},{"Field":"role","Type":"enum('user','admin')","Null":"YES","Key":"","Default":"user","Extra":""},{"Field":"verification_code","Type":"varchar(100)","Null":"YES","Key":"","Default":null,"Extra":""},{"Field":"is_verified","Type":"tinyint(1)","Null":"YES","Key":"","Default":"0","Extra":""},{"Field":"created_at","Type":"timestamp","Null":"NO","Key":"","Default":"current_timestamp()","Extra":""},{"Field":"favorite_sport","Type":"varchar(50)","Null":"YES","Key":"","Default":null,"Extra":""},{"Field":"favorite_team","Type":"varchar(50)","Null":"YES","Key":"","Default":null,"Extra":""},{"Field":"account_type","Type":"enum('user','admin')","Null":"YES","Key":"","Default":"user","Extra":""}]
[23-Apr-2025 10:16:27 Europe/Berlin] Number of users in database: 13
[23-Apr-2025 10:16:27 Europe/Berlin] All tables initialized successfully
[23-Apr-2025 10:16:27 Europe/Berlin] API Request received: /sportsync/backend/match.php?action=fetch_matches&sport=cricket&all=true
[23-Apr-2025 10:16:27 Europe/Berlin] GET parameters: Array
(
    [action] => fetch_matches
    [sport] => cricket
    [all] => true
)

[23-Apr-2025 10:16:27 Europe/Berlin] Executing SQL: SELECT * FROM matches WHERE sport = :sport ORDER BY match_time DESC
[23-Apr-2025 10:16:27 Europe/Berlin] With params: {":sport":"cricket"}
[23-Apr-2025 10:16:27 Europe/Berlin] Query executed successfully. Found 4 rows
[23-Apr-2025 10:16:28 Europe/Berlin] Connected to database. Tables found: favorites, feedback, matches, matches_backup, matches_new, news, newsletter, notifications, players, subscriptions, users
[23-Apr-2025 10:16:28 Europe/Berlin] Executing SQL: CREATE TABLE IF NOT EXISTS users (
                id INT AUTO_INCREMENT PRIMARY KEY,
                username VARCHAR(50) NOT NULL UNIQUE,
                password VARCHAR(255) NOT NULL,
                email VARCHAR(100) NOT NULL UNIQUE,
                account_type ENUM('user', 'admin') DEFAULT 'user',
                created_at TIMESTAMP DEFAULT CURRENT_TIMESTAMP
            )
[23-Apr-2025 10:16:28 Europe/Berlin] With params: []
[23-Apr-2025 10:16:28 Europe/Berlin] Query executed successfully. Found 0 rows
[23-Apr-2025 10:16:28 Europe/Berlin] Users table created or already exists
[23-Apr-2025 10:16:28 Europe/Berlin] Users table structure: [{"Field":"id","Type":"int(11)","Null":"NO","Key":"PRI","Default":null,"Extra":"auto_increment"},{"Field":"username","Type":"varchar(50)","Null":"NO","Key":"","Default":null,"Extra":""},{"Field":"email","Type":"varchar(100)","Null":"NO","Key":"UNI","Default":null,"Extra":""},{"Field":"password","Type":"varchar(255)","Null":"NO","Key":"","Default":null,"Extra":""},{"Field":"role","Type":"enum('user','admin')","Null":"YES","Key":"","Default":"user","Extra":""},{"Field":"verification_code","Type":"varchar(100)","Null":"YES","Key":"","Default":null,"Extra":""},{"Field":"is_verified","Type":"tinyint(1)","Null":"YES","Key":"","Default":"0","Extra":""},{"Field":"created_at","Type":"timestamp","Null":"NO","Key":"","Default":"current_timestamp()","Extra":""},{"Field":"favorite_sport","Type":"varchar(50)","Null":"YES","Key":"","Default":null,"Extra":""},{"Field":"favorite_team","Type":"varchar(50)","Null":"YES","Key":"","Default":null,"Extra":""},{"Field":"account_type","Type":"enum('user','admin')","Null":"YES","Key":"","Default":"user","Extra":""}]
[23-Apr-2025 10:16:28 Europe/Berlin] Number of users in database: 13
[23-Apr-2025 10:16:28 Europe/Berlin] All tables initialized successfully
[23-Apr-2025 10:16:28 Europe/Berlin] Connected to database. Tables found: favorites, feedback, matches, matches_backup, matches_new, news, newsletter, notifications, players, subscriptions, users
[23-Apr-2025 10:16:28 Europe/Berlin] Executing SQL: CREATE TABLE IF NOT EXISTS users (
                id INT AUTO_INCREMENT PRIMARY KEY,
                username VARCHAR(50) NOT NULL UNIQUE,
                password VARCHAR(255) NOT NULL,
                email VARCHAR(100) NOT NULL UNIQUE,
                account_type ENUM('user', 'admin') DEFAULT 'user',
                created_at TIMESTAMP DEFAULT CURRENT_TIMESTAMP
            )
[23-Apr-2025 10:16:28 Europe/Berlin] With params: []
[23-Apr-2025 10:16:28 Europe/Berlin] Query executed successfully. Found 0 rows
[23-Apr-2025 10:16:28 Europe/Berlin] Users table created or already exists
[23-Apr-2025 10:16:28 Europe/Berlin] Users table structure: [{"Field":"id","Type":"int(11)","Null":"NO","Key":"PRI","Default":null,"Extra":"auto_increment"},{"Field":"username","Type":"varchar(50)","Null":"NO","Key":"","Default":null,"Extra":""},{"Field":"email","Type":"varchar(100)","Null":"NO","Key":"UNI","Default":null,"Extra":""},{"Field":"password","Type":"varchar(255)","Null":"NO","Key":"","Default":null,"Extra":""},{"Field":"role","Type":"enum('user','admin')","Null":"YES","Key":"","Default":"user","Extra":""},{"Field":"verification_code","Type":"varchar(100)","Null":"YES","Key":"","Default":null,"Extra":""},{"Field":"is_verified","Type":"tinyint(1)","Null":"YES","Key":"","Default":"0","Extra":""},{"Field":"created_at","Type":"timestamp","Null":"NO","Key":"","Default":"current_timestamp()","Extra":""},{"Field":"favorite_sport","Type":"varchar(50)","Null":"YES","Key":"","Default":null,"Extra":""},{"Field":"favorite_team","Type":"varchar(50)","Null":"YES","Key":"","Default":null,"Extra":""},{"Field":"account_type","Type":"enum('user','admin')","Null":"YES","Key":"","Default":"user","Extra":""}]
[23-Apr-2025 10:16:28 Europe/Berlin] Number of users in database: 13
[23-Apr-2025 10:16:28 Europe/Berlin] All tables initialized successfully
[23-Apr-2025 10:16:28 Europe/Berlin] Database tables initialized successfully
[23-Apr-2025 10:16:28 Europe/Berlin] Executing SQL: SELECT * FROM users WHERE id = :id
[23-Apr-2025 10:16:28 Europe/Berlin] With params: {":id":12}
[23-Apr-2025 10:16:28 Europe/Berlin] Query executed successfully. Found 1 rows
[23-Apr-2025 10:16:28 Europe/Berlin] User loaded from session: varunpndey
[23-Apr-2025 10:16:28 Europe/Berlin] Executing SQL: SELECT * FROM users WHERE id = :id
[23-Apr-2025 10:16:28 Europe/Berlin] With params: {":id":12}
[23-Apr-2025 10:16:28 Europe/Berlin] Query executed successfully. Found 1 rows
[23-Apr-2025 10:16:28 Europe/Berlin] Executing SQL: SELECT * FROM news ORDER BY created_at DESC
[23-Apr-2025 10:16:28 Europe/Berlin] With params: []
[23-Apr-2025 10:16:28 Europe/Berlin] Query executed successfully. Found 9 rows
[23-Apr-2025 10:16:28 Europe/Berlin] Executing SQL: SELECT * FROM feedback ORDER BY created_at DESC
[23-Apr-2025 10:16:28 Europe/Berlin] With params: []
[23-Apr-2025 10:16:28 Europe/Berlin] Query executed successfully. Found 10 rows
[23-Apr-2025 10:16:28 Europe/Berlin] Executing SQL: SELECT * FROM matches WHERE status = 'live'
[23-Apr-2025 10:16:28 Europe/Berlin] With params: []
[23-Apr-2025 10:16:28 Europe/Berlin] Query executed successfully. Found 0 rows
[23-Apr-2025 10:16:28 Europe/Berlin] Executing SQL: SELECT * FROM matches WHERE 1=1 ORDER BY match_time DESC
[23-Apr-2025 10:16:28 Europe/Berlin] With params: []
[23-Apr-2025 10:16:28 Europe/Berlin] Query executed successfully. Found 5 rows
[23-Apr-2025 10:16:28 Europe/Berlin] PHP Warning:  Undefined array key "status" in /Applications/XAMPP/xamppfiles/htdocs/sportsync/public/admin.php on line 865
[23-Apr-2025 10:16:28 Europe/Berlin] PHP Warning:  Undefined array key "status" in /Applications/XAMPP/xamppfiles/htdocs/sportsync/public/admin.php on line 866
[23-Apr-2025 10:16:28 Europe/Berlin] PHP Warning:  Undefined array key "status" in /Applications/XAMPP/xamppfiles/htdocs/sportsync/public/admin.php on line 867
[23-Apr-2025 10:16:28 Europe/Berlin] PHP Warning:  Undefined array key "status" in /Applications/XAMPP/xamppfiles/htdocs/sportsync/public/admin.php on line 865
[23-Apr-2025 10:16:28 Europe/Berlin] PHP Warning:  Undefined array key "status" in /Applications/XAMPP/xamppfiles/htdocs/sportsync/public/admin.php on line 866
[23-Apr-2025 10:16:28 Europe/Berlin] PHP Warning:  Undefined array key "status" in /Applications/XAMPP/xamppfiles/htdocs/sportsync/public/admin.php on line 867
[23-Apr-2025 10:16:28 Europe/Berlin] PHP Warning:  Undefined array key "status" in /Applications/XAMPP/xamppfiles/htdocs/sportsync/public/admin.php on line 865
[23-Apr-2025 10:16:28 Europe/Berlin] PHP Warning:  Undefined array key "status" in /Applications/XAMPP/xamppfiles/htdocs/sportsync/public/admin.php on line 866
[23-Apr-2025 10:16:28 Europe/Berlin] PHP Warning:  Undefined array key "status" in /Applications/XAMPP/xamppfiles/htdocs/sportsync/public/admin.php on line 867
[23-Apr-2025 10:16:28 Europe/Berlin] PHP Warning:  Undefined array key "status" in /Applications/XAMPP/xamppfiles/htdocs/sportsync/public/admin.php on line 865
[23-Apr-2025 10:16:28 Europe/Berlin] PHP Warning:  Undefined array key "status" in /Applications/XAMPP/xamppfiles/htdocs/sportsync/public/admin.php on line 866
[23-Apr-2025 10:16:28 Europe/Berlin] PHP Warning:  Undefined array key "status" in /Applications/XAMPP/xamppfiles/htdocs/sportsync/public/admin.php on line 867
[23-Apr-2025 10:16:28 Europe/Berlin] PHP Warning:  Undefined array key "status" in /Applications/XAMPP/xamppfiles/htdocs/sportsync/public/admin.php on line 865
[23-Apr-2025 10:16:28 Europe/Berlin] PHP Warning:  Undefined array key "status" in /Applications/XAMPP/xamppfiles/htdocs/sportsync/public/admin.php on line 866
[23-Apr-2025 10:16:28 Europe/Berlin] PHP Warning:  Undefined array key "status" in /Applications/XAMPP/xamppfiles/htdocs/sportsync/public/admin.php on line 867
[23-Apr-2025 10:16:28 Europe/Berlin] PHP Warning:  Undefined array key "status" in /Applications/XAMPP/xamppfiles/htdocs/sportsync/public/admin.php on line 865
[23-Apr-2025 10:16:28 Europe/Berlin] PHP Warning:  Undefined array key "status" in /Applications/XAMPP/xamppfiles/htdocs/sportsync/public/admin.php on line 866
[23-Apr-2025 10:16:28 Europe/Berlin] PHP Warning:  Undefined array key "status" in /Applications/XAMPP/xamppfiles/htdocs/sportsync/public/admin.php on line 867
[23-Apr-2025 10:16:28 Europe/Berlin] PHP Warning:  Undefined array key "status" in /Applications/XAMPP/xamppfiles/htdocs/sportsync/public/admin.php on line 865
[23-Apr-2025 10:16:28 Europe/Berlin] PHP Warning:  Undefined array key "status" in /Applications/XAMPP/xamppfiles/htdocs/sportsync/public/admin.php on line 866
[23-Apr-2025 10:16:28 Europe/Berlin] PHP Warning:  Undefined array key "status" in /Applications/XAMPP/xamppfiles/htdocs/sportsync/public/admin.php on line 867
[23-Apr-2025 10:16:28 Europe/Berlin] PHP Warning:  Undefined array key "status" in /Applications/XAMPP/xamppfiles/htdocs/sportsync/public/admin.php on line 865
[23-Apr-2025 10:16:28 Europe/Berlin] PHP Warning:  Undefined array key "status" in /Applications/XAMPP/xamppfiles/htdocs/sportsync/public/admin.php on line 866
[23-Apr-2025 10:16:28 Europe/Berlin] PHP Warning:  Undefined array key "status" in /Applications/XAMPP/xamppfiles/htdocs/sportsync/public/admin.php on line 867
[23-Apr-2025 10:16:28 Europe/Berlin] PHP Warning:  Undefined array key "status" in /Applications/XAMPP/xamppfiles/htdocs/sportsync/public/admin.php on line 865
[23-Apr-2025 10:16:28 Europe/Berlin] PHP Warning:  Undefined array key "status" in /Applications/XAMPP/xamppfiles/htdocs/sportsync/public/admin.php on line 866
[23-Apr-2025 10:16:28 Europe/Berlin] PHP Warning:  Undefined array key "status" in /Applications/XAMPP/xamppfiles/htdocs/sportsync/public/admin.php on line 867
[23-Apr-2025 10:16:28 Europe/Berlin] PHP Warning:  Undefined array key "status" in /Applications/XAMPP/xamppfiles/htdocs/sportsync/public/admin.php on line 865
[23-Apr-2025 10:16:28 Europe/Berlin] PHP Warning:  Undefined array key "status" in /Applications/XAMPP/xamppfiles/htdocs/sportsync/public/admin.php on line 866
[23-Apr-2025 10:16:28 Europe/Berlin] PHP Warning:  Undefined array key "status" in /Applications/XAMPP/xamppfiles/htdocs/sportsync/public/admin.php on line 867
[23-Apr-2025 10:55:07 Europe/Berlin] Connected to database. Tables found: favorites, feedback, matches, matches_backup, matches_new, news, newsletter, notifications, players, subscriptions, users
[23-Apr-2025 10:55:07 Europe/Berlin] Executing SQL: CREATE TABLE IF NOT EXISTS users (
                id INT AUTO_INCREMENT PRIMARY KEY,
                username VARCHAR(50) NOT NULL UNIQUE,
                password VARCHAR(255) NOT NULL,
                email VARCHAR(100) NOT NULL UNIQUE,
                account_type ENUM('user', 'admin') DEFAULT 'user',
                created_at TIMESTAMP DEFAULT CURRENT_TIMESTAMP
            )
[23-Apr-2025 10:55:07 Europe/Berlin] With params: []
[23-Apr-2025 10:55:07 Europe/Berlin] Query executed successfully. Found 0 rows
[23-Apr-2025 10:55:07 Europe/Berlin] Users table created or already exists
[23-Apr-2025 10:55:07 Europe/Berlin] Users table structure: [{"Field":"id","Type":"int(11)","Null":"NO","Key":"PRI","Default":null,"Extra":"auto_increment"},{"Field":"username","Type":"varchar(50)","Null":"NO","Key":"","Default":null,"Extra":""},{"Field":"email","Type":"varchar(100)","Null":"NO","Key":"UNI","Default":null,"Extra":""},{"Field":"password","Type":"varchar(255)","Null":"NO","Key":"","Default":null,"Extra":""},{"Field":"role","Type":"enum('user','admin')","Null":"YES","Key":"","Default":"user","Extra":""},{"Field":"verification_code","Type":"varchar(100)","Null":"YES","Key":"","Default":null,"Extra":""},{"Field":"is_verified","Type":"tinyint(1)","Null":"YES","Key":"","Default":"0","Extra":""},{"Field":"created_at","Type":"timestamp","Null":"NO","Key":"","Default":"current_timestamp()","Extra":""},{"Field":"favorite_sport","Type":"varchar(50)","Null":"YES","Key":"","Default":null,"Extra":""},{"Field":"favorite_team","Type":"varchar(50)","Null":"YES","Key":"","Default":null,"Extra":""},{"Field":"account_type","Type":"enum('user','admin')","Null":"YES","Key":"","Default":"user","Extra":""}]
[23-Apr-2025 10:55:07 Europe/Berlin] Number of users in database: 13
[23-Apr-2025 10:55:07 Europe/Berlin] All tables initialized successfully
[23-Apr-2025 10:55:07 Europe/Berlin] Connected to database. Tables found: favorites, feedback, matches, matches_backup, matches_new, news, newsletter, notifications, players, subscriptions, users
[23-Apr-2025 10:55:07 Europe/Berlin] Executing SQL: CREATE TABLE IF NOT EXISTS users (
                id INT AUTO_INCREMENT PRIMARY KEY,
                username VARCHAR(50) NOT NULL UNIQUE,
                password VARCHAR(255) NOT NULL,
                email VARCHAR(100) NOT NULL UNIQUE,
                account_type ENUM('user', 'admin') DEFAULT 'user',
                created_at TIMESTAMP DEFAULT CURRENT_TIMESTAMP
            )
[23-Apr-2025 10:55:07 Europe/Berlin] With params: []
[23-Apr-2025 10:55:07 Europe/Berlin] Query executed successfully. Found 0 rows
[23-Apr-2025 10:55:07 Europe/Berlin] Users table created or already exists
[23-Apr-2025 10:55:07 Europe/Berlin] Users table structure: [{"Field":"id","Type":"int(11)","Null":"NO","Key":"PRI","Default":null,"Extra":"auto_increment"},{"Field":"username","Type":"varchar(50)","Null":"NO","Key":"","Default":null,"Extra":""},{"Field":"email","Type":"varchar(100)","Null":"NO","Key":"UNI","Default":null,"Extra":""},{"Field":"password","Type":"varchar(255)","Null":"NO","Key":"","Default":null,"Extra":""},{"Field":"role","Type":"enum('user','admin')","Null":"YES","Key":"","Default":"user","Extra":""},{"Field":"verification_code","Type":"varchar(100)","Null":"YES","Key":"","Default":null,"Extra":""},{"Field":"is_verified","Type":"tinyint(1)","Null":"YES","Key":"","Default":"0","Extra":""},{"Field":"created_at","Type":"timestamp","Null":"NO","Key":"","Default":"current_timestamp()","Extra":""},{"Field":"favorite_sport","Type":"varchar(50)","Null":"YES","Key":"","Default":null,"Extra":""},{"Field":"favorite_team","Type":"varchar(50)","Null":"YES","Key":"","Default":null,"Extra":""},{"Field":"account_type","Type":"enum('user','admin')","Null":"YES","Key":"","Default":"user","Extra":""}]
[23-Apr-2025 10:55:07 Europe/Berlin] Number of users in database: 13
[23-Apr-2025 10:55:07 Europe/Berlin] All tables initialized successfully
[23-Apr-2025 10:55:07 Europe/Berlin] Database tables initialized successfully
[23-Apr-2025 10:55:07 Europe/Berlin] Executing SQL: SELECT * FROM users WHERE id = :id
[23-Apr-2025 10:55:07 Europe/Berlin] With params: {":id":12}
[23-Apr-2025 10:55:07 Europe/Berlin] Query executed successfully. Found 1 rows
[23-Apr-2025 10:55:07 Europe/Berlin] User loaded from session: varunpndey
[23-Apr-2025 10:55:07 Europe/Berlin] Executing SQL: SELECT * FROM users WHERE id = :id
[23-Apr-2025 10:55:07 Europe/Berlin] With params: {":id":12}
[23-Apr-2025 10:55:07 Europe/Berlin] Query executed successfully. Found 1 rows
[23-Apr-2025 10:55:07 Europe/Berlin] Executing SQL: SELECT * FROM news ORDER BY created_at DESC
[23-Apr-2025 10:55:07 Europe/Berlin] With params: []
[23-Apr-2025 10:55:07 Europe/Berlin] Query executed successfully. Found 9 rows
[23-Apr-2025 10:55:07 Europe/Berlin] Executing SQL: SELECT * FROM feedback ORDER BY created_at DESC
[23-Apr-2025 10:55:07 Europe/Berlin] With params: []
[23-Apr-2025 10:55:07 Europe/Berlin] Query executed successfully. Found 10 rows
[23-Apr-2025 10:55:07 Europe/Berlin] Executing SQL: SELECT * FROM matches WHERE status = 'live'
[23-Apr-2025 10:55:07 Europe/Berlin] With params: []
[23-Apr-2025 10:55:07 Europe/Berlin] Query executed successfully. Found 0 rows
[23-Apr-2025 10:55:07 Europe/Berlin] Executing SQL: SELECT * FROM matches WHERE 1=1 ORDER BY match_time DESC
[23-Apr-2025 10:55:07 Europe/Berlin] With params: []
[23-Apr-2025 10:55:07 Europe/Berlin] Query executed successfully. Found 5 rows
[23-Apr-2025 10:55:07 Europe/Berlin] PHP Warning:  Undefined array key "status" in /Applications/XAMPP/xamppfiles/htdocs/sportsync/public/admin.php on line 865
[23-Apr-2025 10:55:07 Europe/Berlin] PHP Warning:  Undefined array key "status" in /Applications/XAMPP/xamppfiles/htdocs/sportsync/public/admin.php on line 866
[23-Apr-2025 10:55:07 Europe/Berlin] PHP Warning:  Undefined array key "status" in /Applications/XAMPP/xamppfiles/htdocs/sportsync/public/admin.php on line 867
[23-Apr-2025 10:55:07 Europe/Berlin] PHP Warning:  Undefined array key "status" in /Applications/XAMPP/xamppfiles/htdocs/sportsync/public/admin.php on line 865
[23-Apr-2025 10:55:07 Europe/Berlin] PHP Warning:  Undefined array key "status" in /Applications/XAMPP/xamppfiles/htdocs/sportsync/public/admin.php on line 866
[23-Apr-2025 10:55:07 Europe/Berlin] PHP Warning:  Undefined array key "status" in /Applications/XAMPP/xamppfiles/htdocs/sportsync/public/admin.php on line 867
[23-Apr-2025 10:55:07 Europe/Berlin] PHP Warning:  Undefined array key "status" in /Applications/XAMPP/xamppfiles/htdocs/sportsync/public/admin.php on line 865
[23-Apr-2025 10:55:07 Europe/Berlin] PHP Warning:  Undefined array key "status" in /Applications/XAMPP/xamppfiles/htdocs/sportsync/public/admin.php on line 866
[23-Apr-2025 10:55:07 Europe/Berlin] PHP Warning:  Undefined array key "status" in /Applications/XAMPP/xamppfiles/htdocs/sportsync/public/admin.php on line 867
[23-Apr-2025 10:55:07 Europe/Berlin] PHP Warning:  Undefined array key "status" in /Applications/XAMPP/xamppfiles/htdocs/sportsync/public/admin.php on line 865
[23-Apr-2025 10:55:07 Europe/Berlin] PHP Warning:  Undefined array key "status" in /Applications/XAMPP/xamppfiles/htdocs/sportsync/public/admin.php on line 866
[23-Apr-2025 10:55:07 Europe/Berlin] PHP Warning:  Undefined array key "status" in /Applications/XAMPP/xamppfiles/htdocs/sportsync/public/admin.php on line 867
[23-Apr-2025 10:55:07 Europe/Berlin] PHP Warning:  Undefined array key "status" in /Applications/XAMPP/xamppfiles/htdocs/sportsync/public/admin.php on line 865
[23-Apr-2025 10:55:07 Europe/Berlin] PHP Warning:  Undefined array key "status" in /Applications/XAMPP/xamppfiles/htdocs/sportsync/public/admin.php on line 866
[23-Apr-2025 10:55:07 Europe/Berlin] PHP Warning:  Undefined array key "status" in /Applications/XAMPP/xamppfiles/htdocs/sportsync/public/admin.php on line 867
[23-Apr-2025 10:55:07 Europe/Berlin] PHP Warning:  Undefined array key "status" in /Applications/XAMPP/xamppfiles/htdocs/sportsync/public/admin.php on line 865
[23-Apr-2025 10:55:07 Europe/Berlin] PHP Warning:  Undefined array key "status" in /Applications/XAMPP/xamppfiles/htdocs/sportsync/public/admin.php on line 866
[23-Apr-2025 10:55:07 Europe/Berlin] PHP Warning:  Undefined array key "status" in /Applications/XAMPP/xamppfiles/htdocs/sportsync/public/admin.php on line 867
[23-Apr-2025 10:55:07 Europe/Berlin] PHP Warning:  Undefined array key "status" in /Applications/XAMPP/xamppfiles/htdocs/sportsync/public/admin.php on line 865
[23-Apr-2025 10:55:07 Europe/Berlin] PHP Warning:  Undefined array key "status" in /Applications/XAMPP/xamppfiles/htdocs/sportsync/public/admin.php on line 866
[23-Apr-2025 10:55:07 Europe/Berlin] PHP Warning:  Undefined array key "status" in /Applications/XAMPP/xamppfiles/htdocs/sportsync/public/admin.php on line 867
[23-Apr-2025 10:55:07 Europe/Berlin] PHP Warning:  Undefined array key "status" in /Applications/XAMPP/xamppfiles/htdocs/sportsync/public/admin.php on line 865
[23-Apr-2025 10:55:07 Europe/Berlin] PHP Warning:  Undefined array key "status" in /Applications/XAMPP/xamppfiles/htdocs/sportsync/public/admin.php on line 866
[23-Apr-2025 10:55:07 Europe/Berlin] PHP Warning:  Undefined array key "status" in /Applications/XAMPP/xamppfiles/htdocs/sportsync/public/admin.php on line 867
[23-Apr-2025 10:55:07 Europe/Berlin] PHP Warning:  Undefined array key "status" in /Applications/XAMPP/xamppfiles/htdocs/sportsync/public/admin.php on line 865
[23-Apr-2025 10:55:07 Europe/Berlin] PHP Warning:  Undefined array key "status" in /Applications/XAMPP/xamppfiles/htdocs/sportsync/public/admin.php on line 866
[23-Apr-2025 10:55:07 Europe/Berlin] PHP Warning:  Undefined array key "status" in /Applications/XAMPP/xamppfiles/htdocs/sportsync/public/admin.php on line 867
[23-Apr-2025 10:55:07 Europe/Berlin] PHP Warning:  Undefined array key "status" in /Applications/XAMPP/xamppfiles/htdocs/sportsync/public/admin.php on line 865
[23-Apr-2025 10:55:07 Europe/Berlin] PHP Warning:  Undefined array key "status" in /Applications/XAMPP/xamppfiles/htdocs/sportsync/public/admin.php on line 866
[23-Apr-2025 10:55:07 Europe/Berlin] PHP Warning:  Undefined array key "status" in /Applications/XAMPP/xamppfiles/htdocs/sportsync/public/admin.php on line 867
[23-Apr-2025 10:55:12 Europe/Berlin] Connected to database. Tables found: favorites, feedback, matches, matches_backup, matches_new, news, newsletter, notifications, players, subscriptions, users
[23-Apr-2025 10:55:12 Europe/Berlin] Executing SQL: CREATE TABLE IF NOT EXISTS users (
                id INT AUTO_INCREMENT PRIMARY KEY,
                username VARCHAR(50) NOT NULL UNIQUE,
                password VARCHAR(255) NOT NULL,
                email VARCHAR(100) NOT NULL UNIQUE,
                account_type ENUM('user', 'admin') DEFAULT 'user',
                created_at TIMESTAMP DEFAULT CURRENT_TIMESTAMP
            )
[23-Apr-2025 10:55:12 Europe/Berlin] With params: []
[23-Apr-2025 10:55:12 Europe/Berlin] Query executed successfully. Found 0 rows
[23-Apr-2025 10:55:12 Europe/Berlin] Users table created or already exists
[23-Apr-2025 10:55:12 Europe/Berlin] Users table structure: [{"Field":"id","Type":"int(11)","Null":"NO","Key":"PRI","Default":null,"Extra":"auto_increment"},{"Field":"username","Type":"varchar(50)","Null":"NO","Key":"","Default":null,"Extra":""},{"Field":"email","Type":"varchar(100)","Null":"NO","Key":"UNI","Default":null,"Extra":""},{"Field":"password","Type":"varchar(255)","Null":"NO","Key":"","Default":null,"Extra":""},{"Field":"role","Type":"enum('user','admin')","Null":"YES","Key":"","Default":"user","Extra":""},{"Field":"verification_code","Type":"varchar(100)","Null":"YES","Key":"","Default":null,"Extra":""},{"Field":"is_verified","Type":"tinyint(1)","Null":"YES","Key":"","Default":"0","Extra":""},{"Field":"created_at","Type":"timestamp","Null":"NO","Key":"","Default":"current_timestamp()","Extra":""},{"Field":"favorite_sport","Type":"varchar(50)","Null":"YES","Key":"","Default":null,"Extra":""},{"Field":"favorite_team","Type":"varchar(50)","Null":"YES","Key":"","Default":null,"Extra":""},{"Field":"account_type","Type":"enum('user','admin')","Null":"YES","Key":"","Default":"user","Extra":""}]
[23-Apr-2025 10:55:12 Europe/Berlin] Number of users in database: 13
[23-Apr-2025 10:55:12 Europe/Berlin] All tables initialized successfully
[23-Apr-2025 10:55:12 Europe/Berlin] Connected to database. Tables found: favorites, feedback, matches, matches_backup, matches_new, news, newsletter, notifications, players, subscriptions, users
[23-Apr-2025 10:55:12 Europe/Berlin] Executing SQL: CREATE TABLE IF NOT EXISTS users (
                id INT AUTO_INCREMENT PRIMARY KEY,
                username VARCHAR(50) NOT NULL UNIQUE,
                password VARCHAR(255) NOT NULL,
                email VARCHAR(100) NOT NULL UNIQUE,
                account_type ENUM('user', 'admin') DEFAULT 'user',
                created_at TIMESTAMP DEFAULT CURRENT_TIMESTAMP
            )
[23-Apr-2025 10:55:12 Europe/Berlin] With params: []
[23-Apr-2025 10:55:12 Europe/Berlin] Query executed successfully. Found 0 rows
[23-Apr-2025 10:55:12 Europe/Berlin] Users table created or already exists
[23-Apr-2025 10:55:12 Europe/Berlin] Users table structure: [{"Field":"id","Type":"int(11)","Null":"NO","Key":"PRI","Default":null,"Extra":"auto_increment"},{"Field":"username","Type":"varchar(50)","Null":"NO","Key":"","Default":null,"Extra":""},{"Field":"email","Type":"varchar(100)","Null":"NO","Key":"UNI","Default":null,"Extra":""},{"Field":"password","Type":"varchar(255)","Null":"NO","Key":"","Default":null,"Extra":""},{"Field":"role","Type":"enum('user','admin')","Null":"YES","Key":"","Default":"user","Extra":""},{"Field":"verification_code","Type":"varchar(100)","Null":"YES","Key":"","Default":null,"Extra":""},{"Field":"is_verified","Type":"tinyint(1)","Null":"YES","Key":"","Default":"0","Extra":""},{"Field":"created_at","Type":"timestamp","Null":"NO","Key":"","Default":"current_timestamp()","Extra":""},{"Field":"favorite_sport","Type":"varchar(50)","Null":"YES","Key":"","Default":null,"Extra":""},{"Field":"favorite_team","Type":"varchar(50)","Null":"YES","Key":"","Default":null,"Extra":""},{"Field":"account_type","Type":"enum('user','admin')","Null":"YES","Key":"","Default":"user","Extra":""}]
[23-Apr-2025 10:55:12 Europe/Berlin] Number of users in database: 13
[23-Apr-2025 10:55:12 Europe/Berlin] All tables initialized successfully
[23-Apr-2025 10:55:12 Europe/Berlin] Database tables initialized successfully
[23-Apr-2025 10:55:12 Europe/Berlin] Executing SQL: SELECT * FROM users WHERE id = :id
[23-Apr-2025 10:55:12 Europe/Berlin] With params: {":id":12}
[23-Apr-2025 10:55:12 Europe/Berlin] Query executed successfully. Found 1 rows
[23-Apr-2025 10:55:12 Europe/Berlin] User loaded from session: varunpndey
[23-Apr-2025 10:55:12 Europe/Berlin] Header - Session status: 2
[23-Apr-2025 10:55:12 Europe/Berlin] Header - Session data: {"user_id":12,"username":"varunpndey","email":"va@gmail.com","account_type":"admin"}
[23-Apr-2025 10:55:12 Europe/Berlin] Header - After session start - Status: 2
[23-Apr-2025 10:55:12 Europe/Berlin] Header - After session start - Data: {"user_id":12,"username":"varunpndey","email":"va@gmail.com","account_type":"admin"}
[23-Apr-2025 10:55:12 Europe/Berlin] Header - Is logged in: Yes
[23-Apr-2025 10:55:42 Europe/Berlin] Connected to database. Tables found: favorites, feedback, matches, matches_backup, matches_new, news, newsletter, notifications, players, subscriptions, users
[23-Apr-2025 10:55:42 Europe/Berlin] Executing SQL: CREATE TABLE IF NOT EXISTS users (
                id INT AUTO_INCREMENT PRIMARY KEY,
                username VARCHAR(50) NOT NULL UNIQUE,
                password VARCHAR(255) NOT NULL,
                email VARCHAR(100) NOT NULL UNIQUE,
                account_type ENUM('user', 'admin') DEFAULT 'user',
                created_at TIMESTAMP DEFAULT CURRENT_TIMESTAMP
            )
[23-Apr-2025 10:55:42 Europe/Berlin] With params: []
[23-Apr-2025 10:55:42 Europe/Berlin] Query executed successfully. Found 0 rows
[23-Apr-2025 10:55:42 Europe/Berlin] Users table created or already exists
[23-Apr-2025 10:55:42 Europe/Berlin] Users table structure: [{"Field":"id","Type":"int(11)","Null":"NO","Key":"PRI","Default":null,"Extra":"auto_increment"},{"Field":"username","Type":"varchar(50)","Null":"NO","Key":"","Default":null,"Extra":""},{"Field":"email","Type":"varchar(100)","Null":"NO","Key":"UNI","Default":null,"Extra":""},{"Field":"password","Type":"varchar(255)","Null":"NO","Key":"","Default":null,"Extra":""},{"Field":"role","Type":"enum('user','admin')","Null":"YES","Key":"","Default":"user","Extra":""},{"Field":"verification_code","Type":"varchar(100)","Null":"YES","Key":"","Default":null,"Extra":""},{"Field":"is_verified","Type":"tinyint(1)","Null":"YES","Key":"","Default":"0","Extra":""},{"Field":"created_at","Type":"timestamp","Null":"NO","Key":"","Default":"current_timestamp()","Extra":""},{"Field":"favorite_sport","Type":"varchar(50)","Null":"YES","Key":"","Default":null,"Extra":""},{"Field":"favorite_team","Type":"varchar(50)","Null":"YES","Key":"","Default":null,"Extra":""},{"Field":"account_type","Type":"enum('user','admin')","Null":"YES","Key":"","Default":"user","Extra":""}]
[23-Apr-2025 10:55:42 Europe/Berlin] Number of users in database: 13
[23-Apr-2025 10:55:42 Europe/Berlin] All tables initialized successfully
[23-Apr-2025 10:55:42 Europe/Berlin] Connected to database. Tables found: favorites, feedback, matches, matches_backup, matches_new, news, newsletter, notifications, players, subscriptions, users
[23-Apr-2025 10:55:42 Europe/Berlin] Executing SQL: CREATE TABLE IF NOT EXISTS users (
                id INT AUTO_INCREMENT PRIMARY KEY,
                username VARCHAR(50) NOT NULL UNIQUE,
                password VARCHAR(255) NOT NULL,
                email VARCHAR(100) NOT NULL UNIQUE,
                account_type ENUM('user', 'admin') DEFAULT 'user',
                created_at TIMESTAMP DEFAULT CURRENT_TIMESTAMP
            )
[23-Apr-2025 10:55:42 Europe/Berlin] With params: []
[23-Apr-2025 10:55:42 Europe/Berlin] Query executed successfully. Found 0 rows
[23-Apr-2025 10:55:42 Europe/Berlin] Users table created or already exists
[23-Apr-2025 10:55:42 Europe/Berlin] Users table structure: [{"Field":"id","Type":"int(11)","Null":"NO","Key":"PRI","Default":null,"Extra":"auto_increment"},{"Field":"username","Type":"varchar(50)","Null":"NO","Key":"","Default":null,"Extra":""},{"Field":"email","Type":"varchar(100)","Null":"NO","Key":"UNI","Default":null,"Extra":""},{"Field":"password","Type":"varchar(255)","Null":"NO","Key":"","Default":null,"Extra":""},{"Field":"role","Type":"enum('user','admin')","Null":"YES","Key":"","Default":"user","Extra":""},{"Field":"verification_code","Type":"varchar(100)","Null":"YES","Key":"","Default":null,"Extra":""},{"Field":"is_verified","Type":"tinyint(1)","Null":"YES","Key":"","Default":"0","Extra":""},{"Field":"created_at","Type":"timestamp","Null":"NO","Key":"","Default":"current_timestamp()","Extra":""},{"Field":"favorite_sport","Type":"varchar(50)","Null":"YES","Key":"","Default":null,"Extra":""},{"Field":"favorite_team","Type":"varchar(50)","Null":"YES","Key":"","Default":null,"Extra":""},{"Field":"account_type","Type":"enum('user','admin')","Null":"YES","Key":"","Default":"user","Extra":""}]
[23-Apr-2025 10:55:42 Europe/Berlin] Number of users in database: 13
[23-Apr-2025 10:55:42 Europe/Berlin] All tables initialized successfully
[23-Apr-2025 10:55:42 Europe/Berlin] Database tables initialized successfully
[23-Apr-2025 10:55:42 Europe/Berlin] Executing SQL: SELECT * FROM users WHERE id = :id
[23-Apr-2025 10:55:42 Europe/Berlin] With params: {":id":12}
[23-Apr-2025 10:55:42 Europe/Berlin] Query executed successfully. Found 1 rows
[23-Apr-2025 10:55:42 Europe/Berlin] User loaded from session: varunpndey
[23-Apr-2025 10:55:42 Europe/Berlin] PHP Warning:  Undefined array key "subscribe_email" in /Applications/XAMPP/xamppfiles/htdocs/sportsync/public/index.php on line 13
[23-Apr-2025 10:55:42 Europe/Berlin] Database error in subscribeNewsletter: SQLSTATE[23000]: Integrity constraint violation: 1048 Column 'email' cannot be null
[23-Apr-2025 10:55:42 Europe/Berlin] Header - Session status: 2
[23-Apr-2025 10:55:42 Europe/Berlin] Header - Session data: {"user_id":12,"username":"varunpndey","email":"va@gmail.com","account_type":"admin"}
[23-Apr-2025 10:55:42 Europe/Berlin] Header - After session start - Status: 2
[23-Apr-2025 10:55:42 Europe/Berlin] Header - After session start - Data: {"user_id":12,"username":"varunpndey","email":"va@gmail.com","account_type":"admin"}
[23-Apr-2025 10:55:42 Europe/Berlin] Header - Is logged in: Yes
[23-Apr-2025 10:55:42 Europe/Berlin] Executing SQL: SELECT * FROM news ORDER BY created_at DESC LIMIT 5
[23-Apr-2025 10:55:42 Europe/Berlin] With params: []
[23-Apr-2025 10:55:42 Europe/Berlin] Query executed successfully. Found 5 rows
[23-Apr-2025 10:55:42 Europe/Berlin] Executing SQL: SELECT * FROM matches WHERE status = 'live'
[23-Apr-2025 10:55:42 Europe/Berlin] With params: []
[23-Apr-2025 10:55:42 Europe/Berlin] Query executed successfully. Found 0 rows
[23-Apr-2025 10:55:42 Europe/Berlin] Form submitted with email: varunpndey@outlook.com
[23-Apr-2025 10:55:42 Europe/Berlin] PHP Fatal error:  Uncaught Error: Class "PHPMailer\PHPMailer\PHPMailer\PHPMailer\PHPMailer" not found in /Applications/XAMPP/xamppfiles/htdocs/sportsync/backend/email.php:12
Stack trace:
#0 /Applications/XAMPP/xamppfiles/htdocs/sportsync/backend/email.php(77): sendEmail('varunpndey@outl...', 'Welcome to Spor...', '\n            <d...')
#1 /Applications/XAMPP/xamppfiles/htdocs/sportsync/public/footer.php(38): sendSubscriptionEmail('varunpndey@outl...')
#2 /Applications/XAMPP/xamppfiles/htdocs/sportsync/public/home.php(144): include('/Applications/X...')
#3 /Applications/XAMPP/xamppfiles/htdocs/sportsync/public/index.php(76): require('/Applications/X...')
#4 {main}
  thrown in /Applications/XAMPP/xamppfiles/htdocs/sportsync/backend/email.php on line 12
[23-Apr-2025 17:10:10 Europe/Berlin] Connected to database. Tables found: favorites, feedback, matches, matches_backup, matches_new, news, newsletter, notifications, players, subscriptions, users
[23-Apr-2025 17:10:10 Europe/Berlin] Executing SQL: CREATE TABLE IF NOT EXISTS users (
                id INT AUTO_INCREMENT PRIMARY KEY,
                username VARCHAR(50) NOT NULL UNIQUE,
                password VARCHAR(255) NOT NULL,
                email VARCHAR(100) NOT NULL UNIQUE,
                account_type ENUM('user', 'admin') DEFAULT 'user',
                created_at TIMESTAMP DEFAULT CURRENT_TIMESTAMP
            )
[23-Apr-2025 17:10:10 Europe/Berlin] With params: []
[23-Apr-2025 17:10:10 Europe/Berlin] Query executed successfully. Found 0 rows
[23-Apr-2025 17:10:10 Europe/Berlin] Users table created or already exists
[23-Apr-2025 17:10:10 Europe/Berlin] Users table structure: [{"Field":"id","Type":"int(11)","Null":"NO","Key":"PRI","Default":null,"Extra":"auto_increment"},{"Field":"username","Type":"varchar(50)","Null":"NO","Key":"","Default":null,"Extra":""},{"Field":"email","Type":"varchar(100)","Null":"NO","Key":"UNI","Default":null,"Extra":""},{"Field":"password","Type":"varchar(255)","Null":"NO","Key":"","Default":null,"Extra":""},{"Field":"role","Type":"enum('user','admin')","Null":"YES","Key":"","Default":"user","Extra":""},{"Field":"verification_code","Type":"varchar(100)","Null":"YES","Key":"","Default":null,"Extra":""},{"Field":"is_verified","Type":"tinyint(1)","Null":"YES","Key":"","Default":"0","Extra":""},{"Field":"created_at","Type":"timestamp","Null":"NO","Key":"","Default":"current_timestamp()","Extra":""},{"Field":"favorite_sport","Type":"varchar(50)","Null":"YES","Key":"","Default":null,"Extra":""},{"Field":"favorite_team","Type":"varchar(50)","Null":"YES","Key":"","Default":null,"Extra":""},{"Field":"account_type","Type":"enum('user','admin')","Null":"YES","Key":"","Default":"user","Extra":""}]
[23-Apr-2025 17:10:10 Europe/Berlin] Number of users in database: 13
[23-Apr-2025 17:10:10 Europe/Berlin] All tables initialized successfully
[23-Apr-2025 17:10:10 Europe/Berlin] Connected to database. Tables found: favorites, feedback, matches, matches_backup, matches_new, news, newsletter, notifications, players, subscriptions, users
[23-Apr-2025 17:10:10 Europe/Berlin] Executing SQL: CREATE TABLE IF NOT EXISTS users (
                id INT AUTO_INCREMENT PRIMARY KEY,
                username VARCHAR(50) NOT NULL UNIQUE,
                password VARCHAR(255) NOT NULL,
                email VARCHAR(100) NOT NULL UNIQUE,
                account_type ENUM('user', 'admin') DEFAULT 'user',
                created_at TIMESTAMP DEFAULT CURRENT_TIMESTAMP
            )
[23-Apr-2025 17:10:10 Europe/Berlin] With params: []
[23-Apr-2025 17:10:10 Europe/Berlin] Query executed successfully. Found 0 rows
[23-Apr-2025 17:10:10 Europe/Berlin] Users table created or already exists
[23-Apr-2025 17:10:10 Europe/Berlin] Users table structure: [{"Field":"id","Type":"int(11)","Null":"NO","Key":"PRI","Default":null,"Extra":"auto_increment"},{"Field":"username","Type":"varchar(50)","Null":"NO","Key":"","Default":null,"Extra":""},{"Field":"email","Type":"varchar(100)","Null":"NO","Key":"UNI","Default":null,"Extra":""},{"Field":"password","Type":"varchar(255)","Null":"NO","Key":"","Default":null,"Extra":""},{"Field":"role","Type":"enum('user','admin')","Null":"YES","Key":"","Default":"user","Extra":""},{"Field":"verification_code","Type":"varchar(100)","Null":"YES","Key":"","Default":null,"Extra":""},{"Field":"is_verified","Type":"tinyint(1)","Null":"YES","Key":"","Default":"0","Extra":""},{"Field":"created_at","Type":"timestamp","Null":"NO","Key":"","Default":"current_timestamp()","Extra":""},{"Field":"favorite_sport","Type":"varchar(50)","Null":"YES","Key":"","Default":null,"Extra":""},{"Field":"favorite_team","Type":"varchar(50)","Null":"YES","Key":"","Default":null,"Extra":""},{"Field":"account_type","Type":"enum('user','admin')","Null":"YES","Key":"","Default":"user","Extra":""}]
[23-Apr-2025 17:10:10 Europe/Berlin] Number of users in database: 13
[23-Apr-2025 17:10:10 Europe/Berlin] All tables initialized successfully
[23-Apr-2025 17:10:10 Europe/Berlin] Database tables initialized successfully
[23-Apr-2025 17:10:10 Europe/Berlin] Executing SQL: SELECT * FROM users WHERE id = :id
[23-Apr-2025 17:10:10 Europe/Berlin] With params: {":id":12}
[23-Apr-2025 17:10:10 Europe/Berlin] Query executed successfully. Found 1 rows
[23-Apr-2025 17:10:10 Europe/Berlin] User loaded from session: varunpndey
[23-Apr-2025 17:10:10 Europe/Berlin] PHP Warning:  Undefined array key "subscribe_email" in /Applications/XAMPP/xamppfiles/htdocs/sportsync/public/index.php on line 13
[23-Apr-2025 17:10:10 Europe/Berlin] Database error in subscribeNewsletter: SQLSTATE[23000]: Integrity constraint violation: 1048 Column 'email' cannot be null
[23-Apr-2025 17:10:10 Europe/Berlin] Header - Session status: 2
[23-Apr-2025 17:10:10 Europe/Berlin] Header - Session data: {"user_id":12,"username":"varunpndey","email":"va@gmail.com","account_type":"admin"}
[23-Apr-2025 17:10:10 Europe/Berlin] Header - After session start - Status: 2
[23-Apr-2025 17:10:10 Europe/Berlin] Header - After session start - Data: {"user_id":12,"username":"varunpndey","email":"va@gmail.com","account_type":"admin"}
[23-Apr-2025 17:10:10 Europe/Berlin] Header - Is logged in: Yes
[23-Apr-2025 17:10:10 Europe/Berlin] Executing SQL: SELECT * FROM news ORDER BY created_at DESC LIMIT 5
[23-Apr-2025 17:10:10 Europe/Berlin] With params: []
[23-Apr-2025 17:10:10 Europe/Berlin] Query executed successfully. Found 5 rows
[23-Apr-2025 17:10:10 Europe/Berlin] Executing SQL: SELECT * FROM matches WHERE status = 'live'
[23-Apr-2025 17:10:10 Europe/Berlin] With params: []
[23-Apr-2025 17:10:10 Europe/Berlin] Query executed successfully. Found 0 rows
[23-Apr-2025 17:10:10 Europe/Berlin] Form submitted with email: varunpndey@outlook.com
[23-Apr-2025 17:10:18 Europe/Berlin] Connected to database. Tables found: favorites, feedback, matches, matches_backup, matches_new, news, newsletter, notifications, players, subscriptions, users
[23-Apr-2025 17:10:18 Europe/Berlin] Executing SQL: CREATE TABLE IF NOT EXISTS users (
                id INT AUTO_INCREMENT PRIMARY KEY,
                username VARCHAR(50) NOT NULL UNIQUE,
                password VARCHAR(255) NOT NULL,
                email VARCHAR(100) NOT NULL UNIQUE,
                account_type ENUM('user', 'admin') DEFAULT 'user',
                created_at TIMESTAMP DEFAULT CURRENT_TIMESTAMP
            )
[23-Apr-2025 17:10:18 Europe/Berlin] With params: []
[23-Apr-2025 17:10:18 Europe/Berlin] Query executed successfully. Found 0 rows
[23-Apr-2025 17:10:18 Europe/Berlin] Users table created or already exists
[23-Apr-2025 17:10:18 Europe/Berlin] Users table structure: [{"Field":"id","Type":"int(11)","Null":"NO","Key":"PRI","Default":null,"Extra":"auto_increment"},{"Field":"username","Type":"varchar(50)","Null":"NO","Key":"","Default":null,"Extra":""},{"Field":"email","Type":"varchar(100)","Null":"NO","Key":"UNI","Default":null,"Extra":""},{"Field":"password","Type":"varchar(255)","Null":"NO","Key":"","Default":null,"Extra":""},{"Field":"role","Type":"enum('user','admin')","Null":"YES","Key":"","Default":"user","Extra":""},{"Field":"verification_code","Type":"varchar(100)","Null":"YES","Key":"","Default":null,"Extra":""},{"Field":"is_verified","Type":"tinyint(1)","Null":"YES","Key":"","Default":"0","Extra":""},{"Field":"created_at","Type":"timestamp","Null":"NO","Key":"","Default":"current_timestamp()","Extra":""},{"Field":"favorite_sport","Type":"varchar(50)","Null":"YES","Key":"","Default":null,"Extra":""},{"Field":"favorite_team","Type":"varchar(50)","Null":"YES","Key":"","Default":null,"Extra":""},{"Field":"account_type","Type":"enum('user','admin')","Null":"YES","Key":"","Default":"user","Extra":""}]
[23-Apr-2025 17:10:18 Europe/Berlin] Number of users in database: 13
[23-Apr-2025 17:10:18 Europe/Berlin] All tables initialized successfully
[23-Apr-2025 17:10:18 Europe/Berlin] Connected to database. Tables found: favorites, feedback, matches, matches_backup, matches_new, news, newsletter, notifications, players, subscriptions, users
[23-Apr-2025 17:10:18 Europe/Berlin] Executing SQL: CREATE TABLE IF NOT EXISTS users (
                id INT AUTO_INCREMENT PRIMARY KEY,
                username VARCHAR(50) NOT NULL UNIQUE,
                password VARCHAR(255) NOT NULL,
                email VARCHAR(100) NOT NULL UNIQUE,
                account_type ENUM('user', 'admin') DEFAULT 'user',
                created_at TIMESTAMP DEFAULT CURRENT_TIMESTAMP
            )
[23-Apr-2025 17:10:18 Europe/Berlin] With params: []
[23-Apr-2025 17:10:18 Europe/Berlin] Query executed successfully. Found 0 rows
[23-Apr-2025 17:10:18 Europe/Berlin] Users table created or already exists
[23-Apr-2025 17:10:18 Europe/Berlin] Users table structure: [{"Field":"id","Type":"int(11)","Null":"NO","Key":"PRI","Default":null,"Extra":"auto_increment"},{"Field":"username","Type":"varchar(50)","Null":"NO","Key":"","Default":null,"Extra":""},{"Field":"email","Type":"varchar(100)","Null":"NO","Key":"UNI","Default":null,"Extra":""},{"Field":"password","Type":"varchar(255)","Null":"NO","Key":"","Default":null,"Extra":""},{"Field":"role","Type":"enum('user','admin')","Null":"YES","Key":"","Default":"user","Extra":""},{"Field":"verification_code","Type":"varchar(100)","Null":"YES","Key":"","Default":null,"Extra":""},{"Field":"is_verified","Type":"tinyint(1)","Null":"YES","Key":"","Default":"0","Extra":""},{"Field":"created_at","Type":"timestamp","Null":"NO","Key":"","Default":"current_timestamp()","Extra":""},{"Field":"favorite_sport","Type":"varchar(50)","Null":"YES","Key":"","Default":null,"Extra":""},{"Field":"favorite_team","Type":"varchar(50)","Null":"YES","Key":"","Default":null,"Extra":""},{"Field":"account_type","Type":"enum('user','admin')","Null":"YES","Key":"","Default":"user","Extra":""}]
[23-Apr-2025 17:10:18 Europe/Berlin] Number of users in database: 13
[23-Apr-2025 17:10:18 Europe/Berlin] All tables initialized successfully
[23-Apr-2025 17:10:18 Europe/Berlin] Database tables initialized successfully
[23-Apr-2025 17:10:18 Europe/Berlin] Executing SQL: SELECT * FROM users WHERE id = :id
[23-Apr-2025 17:10:18 Europe/Berlin] With params: {":id":12}
[23-Apr-2025 17:10:18 Europe/Berlin] Query executed successfully. Found 1 rows
[23-Apr-2025 17:10:18 Europe/Berlin] User loaded from session: varunpndey
[23-Apr-2025 17:10:18 Europe/Berlin] Header - Session status: 2
[23-Apr-2025 17:10:18 Europe/Berlin] Header - Session data: {"user_id":12,"username":"varunpndey","email":"va@gmail.com","account_type":"admin"}
[23-Apr-2025 17:10:18 Europe/Berlin] Header - After session start - Status: 2
[23-Apr-2025 17:10:18 Europe/Berlin] Header - After session start - Data: {"user_id":12,"username":"varunpndey","email":"va@gmail.com","account_type":"admin"}
[23-Apr-2025 17:10:18 Europe/Berlin] Header - Is logged in: Yes
[23-Apr-2025 17:10:18 Europe/Berlin] Executing SQL: SELECT * FROM matches WHERE status = 'live'
[23-Apr-2025 17:10:18 Europe/Berlin] With params: []
[23-Apr-2025 17:10:18 Europe/Berlin] Query executed successfully. Found 0 rows
[23-Apr-2025 17:10:18 Europe/Berlin] Connected to database. Tables found: favorites, feedback, matches, matches_backup, matches_new, news, newsletter, notifications, players, subscriptions, users
[23-Apr-2025 17:10:18 Europe/Berlin] Executing SQL: CREATE TABLE IF NOT EXISTS users (
                id INT AUTO_INCREMENT PRIMARY KEY,
                username VARCHAR(50) NOT NULL UNIQUE,
                password VARCHAR(255) NOT NULL,
                email VARCHAR(100) NOT NULL UNIQUE,
                account_type ENUM('user', 'admin') DEFAULT 'user',
                created_at TIMESTAMP DEFAULT CURRENT_TIMESTAMP
            )
[23-Apr-2025 17:10:18 Europe/Berlin] With params: []
[23-Apr-2025 17:10:18 Europe/Berlin] Query executed successfully. Found 0 rows
[23-Apr-2025 17:10:18 Europe/Berlin] Users table created or already exists
[23-Apr-2025 17:10:18 Europe/Berlin] Users table structure: [{"Field":"id","Type":"int(11)","Null":"NO","Key":"PRI","Default":null,"Extra":"auto_increment"},{"Field":"username","Type":"varchar(50)","Null":"NO","Key":"","Default":null,"Extra":""},{"Field":"email","Type":"varchar(100)","Null":"NO","Key":"UNI","Default":null,"Extra":""},{"Field":"password","Type":"varchar(255)","Null":"NO","Key":"","Default":null,"Extra":""},{"Field":"role","Type":"enum('user','admin')","Null":"YES","Key":"","Default":"user","Extra":""},{"Field":"verification_code","Type":"varchar(100)","Null":"YES","Key":"","Default":null,"Extra":""},{"Field":"is_verified","Type":"tinyint(1)","Null":"YES","Key":"","Default":"0","Extra":""},{"Field":"created_at","Type":"timestamp","Null":"NO","Key":"","Default":"current_timestamp()","Extra":""},{"Field":"favorite_sport","Type":"varchar(50)","Null":"YES","Key":"","Default":null,"Extra":""},{"Field":"favorite_team","Type":"varchar(50)","Null":"YES","Key":"","Default":null,"Extra":""},{"Field":"account_type","Type":"enum('user','admin')","Null":"YES","Key":"","Default":"user","Extra":""}]
[23-Apr-2025 17:10:18 Europe/Berlin] Number of users in database: 13
[23-Apr-2025 17:10:18 Europe/Berlin] All tables initialized successfully
[23-Apr-2025 17:10:18 Europe/Berlin] Connected to database. Tables found: favorites, feedback, matches, matches_backup, matches_new, news, newsletter, notifications, players, subscriptions, users
[23-Apr-2025 17:10:18 Europe/Berlin] Executing SQL: CREATE TABLE IF NOT EXISTS users (
                id INT AUTO_INCREMENT PRIMARY KEY,
                username VARCHAR(50) NOT NULL UNIQUE,
                password VARCHAR(255) NOT NULL,
                email VARCHAR(100) NOT NULL UNIQUE,
                account_type ENUM('user', 'admin') DEFAULT 'user',
                created_at TIMESTAMP DEFAULT CURRENT_TIMESTAMP
            )
[23-Apr-2025 17:10:18 Europe/Berlin] With params: []
[23-Apr-2025 17:10:18 Europe/Berlin] Query executed successfully. Found 0 rows
[23-Apr-2025 17:10:18 Europe/Berlin] Users table created or already exists
[23-Apr-2025 17:10:18 Europe/Berlin] Users table structure: [{"Field":"id","Type":"int(11)","Null":"NO","Key":"PRI","Default":null,"Extra":"auto_increment"},{"Field":"username","Type":"varchar(50)","Null":"NO","Key":"","Default":null,"Extra":""},{"Field":"email","Type":"varchar(100)","Null":"NO","Key":"UNI","Default":null,"Extra":""},{"Field":"password","Type":"varchar(255)","Null":"NO","Key":"","Default":null,"Extra":""},{"Field":"role","Type":"enum('user','admin')","Null":"YES","Key":"","Default":"user","Extra":""},{"Field":"verification_code","Type":"varchar(100)","Null":"YES","Key":"","Default":null,"Extra":""},{"Field":"is_verified","Type":"tinyint(1)","Null":"YES","Key":"","Default":"0","Extra":""},{"Field":"created_at","Type":"timestamp","Null":"NO","Key":"","Default":"current_timestamp()","Extra":""},{"Field":"favorite_sport","Type":"varchar(50)","Null":"YES","Key":"","Default":null,"Extra":""},{"Field":"favorite_team","Type":"varchar(50)","Null":"YES","Key":"","Default":null,"Extra":""},{"Field":"account_type","Type":"enum('user','admin')","Null":"YES","Key":"","Default":"user","Extra":""}]
[23-Apr-2025 17:10:18 Europe/Berlin] Number of users in database: 13
[23-Apr-2025 17:10:18 Europe/Berlin] All tables initialized successfully
[23-Apr-2025 17:10:18 Europe/Berlin] Database tables initialized successfully
[23-Apr-2025 17:10:18 Europe/Berlin] Executing SQL: SELECT * FROM users WHERE id = :id
[23-Apr-2025 17:10:18 Europe/Berlin] With params: {":id":12}
[23-Apr-2025 17:10:18 Europe/Berlin] Query executed successfully. Found 1 rows
[23-Apr-2025 17:10:18 Europe/Berlin] User loaded from session: varunpndey
[23-Apr-2025 17:10:18 Europe/Berlin] Header - Session status: 2
[23-Apr-2025 17:10:18 Europe/Berlin] Header - Session data: {"user_id":12,"username":"varunpndey","email":"va@gmail.com","account_type":"admin"}
[23-Apr-2025 17:10:18 Europe/Berlin] Header - After session start - Status: 2
[23-Apr-2025 17:10:18 Europe/Berlin] Header - After session start - Data: {"user_id":12,"username":"varunpndey","email":"va@gmail.com","account_type":"admin"}
[23-Apr-2025 17:10:18 Europe/Berlin] Header - Is logged in: Yes
[23-Apr-2025 17:10:18 Europe/Berlin] Executing SQL: SELECT * FROM matches WHERE sport = :sport ORDER BY match_time DESC
[23-Apr-2025 17:10:18 Europe/Berlin] With params: {":sport":"cricket"}
[23-Apr-2025 17:10:18 Europe/Berlin] Query executed successfully. Found 4 rows
[23-Apr-2025 17:10:18 Europe/Berlin] Executing SQL: SELECT * FROM matches WHERE sport = :sport AND status = :status
[23-Apr-2025 17:10:18 Europe/Berlin] With params: {":sport":"cricket",":status":"live"}
[23-Apr-2025 17:10:18 Europe/Berlin] Query executed successfully. Found 0 rows
[23-Apr-2025 17:10:18 Europe/Berlin] Executing SQL: SELECT COUNT(*) as count FROM favorites 
                    WHERE user_id = :user_id AND match_id = :match_id
[23-Apr-2025 17:10:18 Europe/Berlin] With params: {":user_id":12,":match_id":42}
[23-Apr-2025 17:10:18 Europe/Berlin] Query executed successfully. Found 1 rows
[23-Apr-2025 17:10:18 Europe/Berlin] Executing SQL: SELECT COUNT(*) as count FROM favorites 
                    WHERE user_id = :user_id AND match_id = :match_id
[23-Apr-2025 17:10:18 Europe/Berlin] With params: {":user_id":12,":match_id":43}
[23-Apr-2025 17:10:18 Europe/Berlin] Query executed successfully. Found 1 rows
[23-Apr-2025 17:10:18 Europe/Berlin] Executing SQL: SELECT COUNT(*) as count FROM favorites 
                    WHERE user_id = :user_id AND match_id = :match_id
[23-Apr-2025 17:10:18 Europe/Berlin] With params: {":user_id":12,":match_id":38}
[23-Apr-2025 17:10:18 Europe/Berlin] Query executed successfully. Found 1 rows
[23-Apr-2025 17:10:18 Europe/Berlin] Executing SQL: SELECT COUNT(*) as count FROM favorites 
                    WHERE user_id = :user_id AND match_id = :match_id
[23-Apr-2025 17:10:18 Europe/Berlin] With params: {":user_id":12,":match_id":37}
[23-Apr-2025 17:10:18 Europe/Berlin] Query executed successfully. Found 1 rows
[23-Apr-2025 17:10:21 Europe/Berlin] Connected to database. Tables found: favorites, feedback, matches, matches_backup, matches_new, news, newsletter, notifications, players, subscriptions, users
[23-Apr-2025 17:10:21 Europe/Berlin] Executing SQL: CREATE TABLE IF NOT EXISTS users (
                id INT AUTO_INCREMENT PRIMARY KEY,
                username VARCHAR(50) NOT NULL UNIQUE,
                password VARCHAR(255) NOT NULL,
                email VARCHAR(100) NOT NULL UNIQUE,
                account_type ENUM('user', 'admin') DEFAULT 'user',
                created_at TIMESTAMP DEFAULT CURRENT_TIMESTAMP
            )
[23-Apr-2025 17:10:21 Europe/Berlin] With params: []
[23-Apr-2025 17:10:21 Europe/Berlin] Query executed successfully. Found 0 rows
[23-Apr-2025 17:10:21 Europe/Berlin] Users table created or already exists
[23-Apr-2025 17:10:21 Europe/Berlin] Users table structure: [{"Field":"id","Type":"int(11)","Null":"NO","Key":"PRI","Default":null,"Extra":"auto_increment"},{"Field":"username","Type":"varchar(50)","Null":"NO","Key":"","Default":null,"Extra":""},{"Field":"email","Type":"varchar(100)","Null":"NO","Key":"UNI","Default":null,"Extra":""},{"Field":"password","Type":"varchar(255)","Null":"NO","Key":"","Default":null,"Extra":""},{"Field":"role","Type":"enum('user','admin')","Null":"YES","Key":"","Default":"user","Extra":""},{"Field":"verification_code","Type":"varchar(100)","Null":"YES","Key":"","Default":null,"Extra":""},{"Field":"is_verified","Type":"tinyint(1)","Null":"YES","Key":"","Default":"0","Extra":""},{"Field":"created_at","Type":"timestamp","Null":"NO","Key":"","Default":"current_timestamp()","Extra":""},{"Field":"favorite_sport","Type":"varchar(50)","Null":"YES","Key":"","Default":null,"Extra":""},{"Field":"favorite_team","Type":"varchar(50)","Null":"YES","Key":"","Default":null,"Extra":""},{"Field":"account_type","Type":"enum('user','admin')","Null":"YES","Key":"","Default":"user","Extra":""}]
[23-Apr-2025 17:10:21 Europe/Berlin] Number of users in database: 13
[23-Apr-2025 17:10:21 Europe/Berlin] All tables initialized successfully
[23-Apr-2025 17:10:21 Europe/Berlin] Connected to database. Tables found: favorites, feedback, matches, matches_backup, matches_new, news, newsletter, notifications, players, subscriptions, users
[23-Apr-2025 17:10:21 Europe/Berlin] Executing SQL: CREATE TABLE IF NOT EXISTS users (
                id INT AUTO_INCREMENT PRIMARY KEY,
                username VARCHAR(50) NOT NULL UNIQUE,
                password VARCHAR(255) NOT NULL,
                email VARCHAR(100) NOT NULL UNIQUE,
                account_type ENUM('user', 'admin') DEFAULT 'user',
                created_at TIMESTAMP DEFAULT CURRENT_TIMESTAMP
            )
[23-Apr-2025 17:10:21 Europe/Berlin] With params: []
[23-Apr-2025 17:10:21 Europe/Berlin] Query executed successfully. Found 0 rows
[23-Apr-2025 17:10:21 Europe/Berlin] Users table created or already exists
[23-Apr-2025 17:10:21 Europe/Berlin] Users table structure: [{"Field":"id","Type":"int(11)","Null":"NO","Key":"PRI","Default":null,"Extra":"auto_increment"},{"Field":"username","Type":"varchar(50)","Null":"NO","Key":"","Default":null,"Extra":""},{"Field":"email","Type":"varchar(100)","Null":"NO","Key":"UNI","Default":null,"Extra":""},{"Field":"password","Type":"varchar(255)","Null":"NO","Key":"","Default":null,"Extra":""},{"Field":"role","Type":"enum('user','admin')","Null":"YES","Key":"","Default":"user","Extra":""},{"Field":"verification_code","Type":"varchar(100)","Null":"YES","Key":"","Default":null,"Extra":""},{"Field":"is_verified","Type":"tinyint(1)","Null":"YES","Key":"","Default":"0","Extra":""},{"Field":"created_at","Type":"timestamp","Null":"NO","Key":"","Default":"current_timestamp()","Extra":""},{"Field":"favorite_sport","Type":"varchar(50)","Null":"YES","Key":"","Default":null,"Extra":""},{"Field":"favorite_team","Type":"varchar(50)","Null":"YES","Key":"","Default":null,"Extra":""},{"Field":"account_type","Type":"enum('user','admin')","Null":"YES","Key":"","Default":"user","Extra":""}]
[23-Apr-2025 17:10:21 Europe/Berlin] Number of users in database: 13
[23-Apr-2025 17:10:21 Europe/Berlin] All tables initialized successfully
[23-Apr-2025 17:10:21 Europe/Berlin] Database tables initialized successfully
[23-Apr-2025 17:10:21 Europe/Berlin] Executing SQL: SELECT * FROM users WHERE id = :id
[23-Apr-2025 17:10:21 Europe/Berlin] With params: {":id":12}
[23-Apr-2025 17:10:21 Europe/Berlin] Query executed successfully. Found 1 rows
[23-Apr-2025 17:10:21 Europe/Berlin] User loaded from session: varunpndey
[23-Apr-2025 17:10:21 Europe/Berlin] Executing SQL: SELECT * FROM matches WHERE id = :id
[23-Apr-2025 17:10:21 Europe/Berlin] With params: {":id":43}
[23-Apr-2025 17:10:21 Europe/Berlin] Query executed successfully. Found 1 rows
[23-Apr-2025 17:10:21 Europe/Berlin] Header - Session status: 2
[23-Apr-2025 17:10:21 Europe/Berlin] Header - Session data: {"user_id":12,"username":"varunpndey","email":"va@gmail.com","account_type":"admin"}
[23-Apr-2025 17:10:21 Europe/Berlin] Header - After session start - Status: 2
[23-Apr-2025 17:10:21 Europe/Berlin] Header - After session start - Data: {"user_id":12,"username":"varunpndey","email":"va@gmail.com","account_type":"admin"}
[23-Apr-2025 17:10:21 Europe/Berlin] Header - Is logged in: Yes
[23-Apr-2025 17:10:24 Europe/Berlin] Connected to database. Tables found: favorites, feedback, matches, matches_backup, matches_new, news, newsletter, notifications, players, subscriptions, users
[23-Apr-2025 17:10:24 Europe/Berlin] Executing SQL: CREATE TABLE IF NOT EXISTS users (
                id INT AUTO_INCREMENT PRIMARY KEY,
                username VARCHAR(50) NOT NULL UNIQUE,
                password VARCHAR(255) NOT NULL,
                email VARCHAR(100) NOT NULL UNIQUE,
                account_type ENUM('user', 'admin') DEFAULT 'user',
                created_at TIMESTAMP DEFAULT CURRENT_TIMESTAMP
            )
[23-Apr-2025 17:10:24 Europe/Berlin] With params: []
[23-Apr-2025 17:10:24 Europe/Berlin] Query executed successfully. Found 0 rows
[23-Apr-2025 17:10:24 Europe/Berlin] Users table created or already exists
[23-Apr-2025 17:10:24 Europe/Berlin] Users table structure: [{"Field":"id","Type":"int(11)","Null":"NO","Key":"PRI","Default":null,"Extra":"auto_increment"},{"Field":"username","Type":"varchar(50)","Null":"NO","Key":"","Default":null,"Extra":""},{"Field":"email","Type":"varchar(100)","Null":"NO","Key":"UNI","Default":null,"Extra":""},{"Field":"password","Type":"varchar(255)","Null":"NO","Key":"","Default":null,"Extra":""},{"Field":"role","Type":"enum('user','admin')","Null":"YES","Key":"","Default":"user","Extra":""},{"Field":"verification_code","Type":"varchar(100)","Null":"YES","Key":"","Default":null,"Extra":""},{"Field":"is_verified","Type":"tinyint(1)","Null":"YES","Key":"","Default":"0","Extra":""},{"Field":"created_at","Type":"timestamp","Null":"NO","Key":"","Default":"current_timestamp()","Extra":""},{"Field":"favorite_sport","Type":"varchar(50)","Null":"YES","Key":"","Default":null,"Extra":""},{"Field":"favorite_team","Type":"varchar(50)","Null":"YES","Key":"","Default":null,"Extra":""},{"Field":"account_type","Type":"enum('user','admin')","Null":"YES","Key":"","Default":"user","Extra":""}]
[23-Apr-2025 17:10:24 Europe/Berlin] Number of users in database: 13
[23-Apr-2025 17:10:24 Europe/Berlin] All tables initialized successfully
[23-Apr-2025 17:10:24 Europe/Berlin] Connected to database. Tables found: favorites, feedback, matches, matches_backup, matches_new, news, newsletter, notifications, players, subscriptions, users
[23-Apr-2025 17:10:24 Europe/Berlin] Executing SQL: CREATE TABLE IF NOT EXISTS users (
                id INT AUTO_INCREMENT PRIMARY KEY,
                username VARCHAR(50) NOT NULL UNIQUE,
                password VARCHAR(255) NOT NULL,
                email VARCHAR(100) NOT NULL UNIQUE,
                account_type ENUM('user', 'admin') DEFAULT 'user',
                created_at TIMESTAMP DEFAULT CURRENT_TIMESTAMP
            )
[23-Apr-2025 17:10:24 Europe/Berlin] With params: []
[23-Apr-2025 17:10:24 Europe/Berlin] Query executed successfully. Found 0 rows
[23-Apr-2025 17:10:24 Europe/Berlin] Users table created or already exists
[23-Apr-2025 17:10:24 Europe/Berlin] Users table structure: [{"Field":"id","Type":"int(11)","Null":"NO","Key":"PRI","Default":null,"Extra":"auto_increment"},{"Field":"username","Type":"varchar(50)","Null":"NO","Key":"","Default":null,"Extra":""},{"Field":"email","Type":"varchar(100)","Null":"NO","Key":"UNI","Default":null,"Extra":""},{"Field":"password","Type":"varchar(255)","Null":"NO","Key":"","Default":null,"Extra":""},{"Field":"role","Type":"enum('user','admin')","Null":"YES","Key":"","Default":"user","Extra":""},{"Field":"verification_code","Type":"varchar(100)","Null":"YES","Key":"","Default":null,"Extra":""},{"Field":"is_verified","Type":"tinyint(1)","Null":"YES","Key":"","Default":"0","Extra":""},{"Field":"created_at","Type":"timestamp","Null":"NO","Key":"","Default":"current_timestamp()","Extra":""},{"Field":"favorite_sport","Type":"varchar(50)","Null":"YES","Key":"","Default":null,"Extra":""},{"Field":"favorite_team","Type":"varchar(50)","Null":"YES","Key":"","Default":null,"Extra":""},{"Field":"account_type","Type":"enum('user','admin')","Null":"YES","Key":"","Default":"user","Extra":""}]
[23-Apr-2025 17:10:24 Europe/Berlin] Number of users in database: 13
[23-Apr-2025 17:10:24 Europe/Berlin] All tables initialized successfully
[23-Apr-2025 17:10:24 Europe/Berlin] Database tables initialized successfully
[23-Apr-2025 17:10:24 Europe/Berlin] Executing SQL: SELECT * FROM users WHERE id = :id
[23-Apr-2025 17:10:24 Europe/Berlin] With params: {":id":12}
[23-Apr-2025 17:10:24 Europe/Berlin] Query executed successfully. Found 1 rows
[23-Apr-2025 17:10:24 Europe/Berlin] User loaded from session: varunpndey
[23-Apr-2025 17:10:24 Europe/Berlin] Header - Session status: 2
[23-Apr-2025 17:10:24 Europe/Berlin] Header - Session data: {"user_id":12,"username":"varunpndey","email":"va@gmail.com","account_type":"admin"}
[23-Apr-2025 17:10:24 Europe/Berlin] Header - After session start - Status: 2
[23-Apr-2025 17:10:24 Europe/Berlin] Header - After session start - Data: {"user_id":12,"username":"varunpndey","email":"va@gmail.com","account_type":"admin"}
[23-Apr-2025 17:10:24 Europe/Berlin] Header - Is logged in: Yes
[23-Apr-2025 17:10:24 Europe/Berlin] Executing SQL: SELECT * FROM matches WHERE sport = :sport ORDER BY match_time DESC
[23-Apr-2025 17:10:24 Europe/Berlin] With params: {":sport":"football"}
[23-Apr-2025 17:10:24 Europe/Berlin] Query executed successfully. Found 1 rows
[23-Apr-2025 17:10:24 Europe/Berlin] Executing SQL: SELECT * FROM matches WHERE sport = :sport AND status = :status
[23-Apr-2025 17:10:24 Europe/Berlin] With params: {":sport":"football",":status":"live"}
[23-Apr-2025 17:10:24 Europe/Berlin] Query executed successfully. Found 0 rows
[23-Apr-2025 17:10:24 Europe/Berlin] Executing SQL: SELECT COUNT(*) as count FROM favorites 
                    WHERE user_id = :user_id AND match_id = :match_id
[23-Apr-2025 17:10:24 Europe/Berlin] With params: {":user_id":12,":match_id":41}
[23-Apr-2025 17:10:24 Europe/Berlin] Query executed successfully. Found 1 rows
[23-Apr-2025 17:10:25 Europe/Berlin] Connected to database. Tables found: favorites, feedback, matches, matches_backup, matches_new, news, newsletter, notifications, players, subscriptions, users
[23-Apr-2025 17:10:25 Europe/Berlin] Executing SQL: CREATE TABLE IF NOT EXISTS users (
                id INT AUTO_INCREMENT PRIMARY KEY,
                username VARCHAR(50) NOT NULL UNIQUE,
                password VARCHAR(255) NOT NULL,
                email VARCHAR(100) NOT NULL UNIQUE,
                account_type ENUM('user', 'admin') DEFAULT 'user',
                created_at TIMESTAMP DEFAULT CURRENT_TIMESTAMP
            )
[23-Apr-2025 17:10:25 Europe/Berlin] With params: []
[23-Apr-2025 17:10:25 Europe/Berlin] Query executed successfully. Found 0 rows
[23-Apr-2025 17:10:25 Europe/Berlin] Users table created or already exists
[23-Apr-2025 17:10:25 Europe/Berlin] Users table structure: [{"Field":"id","Type":"int(11)","Null":"NO","Key":"PRI","Default":null,"Extra":"auto_increment"},{"Field":"username","Type":"varchar(50)","Null":"NO","Key":"","Default":null,"Extra":""},{"Field":"email","Type":"varchar(100)","Null":"NO","Key":"UNI","Default":null,"Extra":""},{"Field":"password","Type":"varchar(255)","Null":"NO","Key":"","Default":null,"Extra":""},{"Field":"role","Type":"enum('user','admin')","Null":"YES","Key":"","Default":"user","Extra":""},{"Field":"verification_code","Type":"varchar(100)","Null":"YES","Key":"","Default":null,"Extra":""},{"Field":"is_verified","Type":"tinyint(1)","Null":"YES","Key":"","Default":"0","Extra":""},{"Field":"created_at","Type":"timestamp","Null":"NO","Key":"","Default":"current_timestamp()","Extra":""},{"Field":"favorite_sport","Type":"varchar(50)","Null":"YES","Key":"","Default":null,"Extra":""},{"Field":"favorite_team","Type":"varchar(50)","Null":"YES","Key":"","Default":null,"Extra":""},{"Field":"account_type","Type":"enum('user','admin')","Null":"YES","Key":"","Default":"user","Extra":""}]
[23-Apr-2025 17:10:25 Europe/Berlin] Number of users in database: 13
[23-Apr-2025 17:10:25 Europe/Berlin] All tables initialized successfully
[23-Apr-2025 17:10:25 Europe/Berlin] Connected to database. Tables found: favorites, feedback, matches, matches_backup, matches_new, news, newsletter, notifications, players, subscriptions, users
[23-Apr-2025 17:10:25 Europe/Berlin] Executing SQL: CREATE TABLE IF NOT EXISTS users (
                id INT AUTO_INCREMENT PRIMARY KEY,
                username VARCHAR(50) NOT NULL UNIQUE,
                password VARCHAR(255) NOT NULL,
                email VARCHAR(100) NOT NULL UNIQUE,
                account_type ENUM('user', 'admin') DEFAULT 'user',
                created_at TIMESTAMP DEFAULT CURRENT_TIMESTAMP
            )
[23-Apr-2025 17:10:25 Europe/Berlin] With params: []
[23-Apr-2025 17:10:25 Europe/Berlin] Query executed successfully. Found 0 rows
[23-Apr-2025 17:10:25 Europe/Berlin] Users table created or already exists
[23-Apr-2025 17:10:25 Europe/Berlin] Users table structure: [{"Field":"id","Type":"int(11)","Null":"NO","Key":"PRI","Default":null,"Extra":"auto_increment"},{"Field":"username","Type":"varchar(50)","Null":"NO","Key":"","Default":null,"Extra":""},{"Field":"email","Type":"varchar(100)","Null":"NO","Key":"UNI","Default":null,"Extra":""},{"Field":"password","Type":"varchar(255)","Null":"NO","Key":"","Default":null,"Extra":""},{"Field":"role","Type":"enum('user','admin')","Null":"YES","Key":"","Default":"user","Extra":""},{"Field":"verification_code","Type":"varchar(100)","Null":"YES","Key":"","Default":null,"Extra":""},{"Field":"is_verified","Type":"tinyint(1)","Null":"YES","Key":"","Default":"0","Extra":""},{"Field":"created_at","Type":"timestamp","Null":"NO","Key":"","Default":"current_timestamp()","Extra":""},{"Field":"favorite_sport","Type":"varchar(50)","Null":"YES","Key":"","Default":null,"Extra":""},{"Field":"favorite_team","Type":"varchar(50)","Null":"YES","Key":"","Default":null,"Extra":""},{"Field":"account_type","Type":"enum('user','admin')","Null":"YES","Key":"","Default":"user","Extra":""}]
[23-Apr-2025 17:10:25 Europe/Berlin] Number of users in database: 13
[23-Apr-2025 17:10:25 Europe/Berlin] All tables initialized successfully
[23-Apr-2025 17:10:25 Europe/Berlin] Database tables initialized successfully
[23-Apr-2025 17:10:25 Europe/Berlin] Executing SQL: SELECT * FROM users WHERE id = :id
[23-Apr-2025 17:10:25 Europe/Berlin] With params: {":id":12}
[23-Apr-2025 17:10:25 Europe/Berlin] Query executed successfully. Found 1 rows
[23-Apr-2025 17:10:25 Europe/Berlin] User loaded from session: varunpndey
[23-Apr-2025 17:10:25 Europe/Berlin] Executing SQL: SELECT * FROM matches WHERE id = :id
[23-Apr-2025 17:10:25 Europe/Berlin] With params: {":id":41}
[23-Apr-2025 17:10:25 Europe/Berlin] Query executed successfully. Found 1 rows
[23-Apr-2025 17:10:25 Europe/Berlin] Header - Session status: 2
[23-Apr-2025 17:10:25 Europe/Berlin] Header - Session data: {"user_id":12,"username":"varunpndey","email":"va@gmail.com","account_type":"admin"}
[23-Apr-2025 17:10:25 Europe/Berlin] Header - After session start - Status: 2
[23-Apr-2025 17:10:25 Europe/Berlin] Header - After session start - Data: {"user_id":12,"username":"varunpndey","email":"va@gmail.com","account_type":"admin"}
[23-Apr-2025 17:10:25 Europe/Berlin] Header - Is logged in: Yes
[23-Apr-2025 17:10:54 Europe/Berlin] Connected to database. Tables found: favorites, feedback, matches, matches_backup, matches_new, news, newsletter, notifications, players, subscriptions, users
[23-Apr-2025 17:10:54 Europe/Berlin] Executing SQL: CREATE TABLE IF NOT EXISTS users (
                id INT AUTO_INCREMENT PRIMARY KEY,
                username VARCHAR(50) NOT NULL UNIQUE,
                password VARCHAR(255) NOT NULL,
                email VARCHAR(100) NOT NULL UNIQUE,
                account_type ENUM('user', 'admin') DEFAULT 'user',
                created_at TIMESTAMP DEFAULT CURRENT_TIMESTAMP
            )
[23-Apr-2025 17:10:54 Europe/Berlin] With params: []
[23-Apr-2025 17:10:54 Europe/Berlin] Query executed successfully. Found 0 rows
[23-Apr-2025 17:10:54 Europe/Berlin] Users table created or already exists
[23-Apr-2025 17:10:54 Europe/Berlin] Users table structure: [{"Field":"id","Type":"int(11)","Null":"NO","Key":"PRI","Default":null,"Extra":"auto_increment"},{"Field":"username","Type":"varchar(50)","Null":"NO","Key":"","Default":null,"Extra":""},{"Field":"email","Type":"varchar(100)","Null":"NO","Key":"UNI","Default":null,"Extra":""},{"Field":"password","Type":"varchar(255)","Null":"NO","Key":"","Default":null,"Extra":""},{"Field":"role","Type":"enum('user','admin')","Null":"YES","Key":"","Default":"user","Extra":""},{"Field":"verification_code","Type":"varchar(100)","Null":"YES","Key":"","Default":null,"Extra":""},{"Field":"is_verified","Type":"tinyint(1)","Null":"YES","Key":"","Default":"0","Extra":""},{"Field":"created_at","Type":"timestamp","Null":"NO","Key":"","Default":"current_timestamp()","Extra":""},{"Field":"favorite_sport","Type":"varchar(50)","Null":"YES","Key":"","Default":null,"Extra":""},{"Field":"favorite_team","Type":"varchar(50)","Null":"YES","Key":"","Default":null,"Extra":""},{"Field":"account_type","Type":"enum('user','admin')","Null":"YES","Key":"","Default":"user","Extra":""}]
[23-Apr-2025 17:10:54 Europe/Berlin] Number of users in database: 13
[23-Apr-2025 17:10:54 Europe/Berlin] All tables initialized successfully
[23-Apr-2025 17:10:54 Europe/Berlin] API Request received: /sportsync/backend/match.php?action=fetch_matches&sport=football&all=true
[23-Apr-2025 17:10:54 Europe/Berlin] GET parameters: Array
(
    [action] => fetch_matches
    [sport] => football
    [all] => true
)

[23-Apr-2025 17:10:54 Europe/Berlin] Executing SQL: SELECT * FROM matches WHERE sport = :sport ORDER BY match_time DESC
[23-Apr-2025 17:10:54 Europe/Berlin] With params: {":sport":"football"}
[23-Apr-2025 17:10:54 Europe/Berlin] Query executed successfully. Found 1 rows
[23-Apr-2025 17:11:01 Europe/Berlin] Connected to database. Tables found: favorites, feedback, matches, matches_backup, matches_new, news, newsletter, notifications, players, subscriptions, users
[23-Apr-2025 17:11:01 Europe/Berlin] Executing SQL: CREATE TABLE IF NOT EXISTS users (
                id INT AUTO_INCREMENT PRIMARY KEY,
                username VARCHAR(50) NOT NULL UNIQUE,
                password VARCHAR(255) NOT NULL,
                email VARCHAR(100) NOT NULL UNIQUE,
                account_type ENUM('user', 'admin') DEFAULT 'user',
                created_at TIMESTAMP DEFAULT CURRENT_TIMESTAMP
            )
[23-Apr-2025 17:11:01 Europe/Berlin] With params: []
[23-Apr-2025 17:11:01 Europe/Berlin] Query executed successfully. Found 0 rows
[23-Apr-2025 17:11:01 Europe/Berlin] Users table created or already exists
[23-Apr-2025 17:11:01 Europe/Berlin] Users table structure: [{"Field":"id","Type":"int(11)","Null":"NO","Key":"PRI","Default":null,"Extra":"auto_increment"},{"Field":"username","Type":"varchar(50)","Null":"NO","Key":"","Default":null,"Extra":""},{"Field":"email","Type":"varchar(100)","Null":"NO","Key":"UNI","Default":null,"Extra":""},{"Field":"password","Type":"varchar(255)","Null":"NO","Key":"","Default":null,"Extra":""},{"Field":"role","Type":"enum('user','admin')","Null":"YES","Key":"","Default":"user","Extra":""},{"Field":"verification_code","Type":"varchar(100)","Null":"YES","Key":"","Default":null,"Extra":""},{"Field":"is_verified","Type":"tinyint(1)","Null":"YES","Key":"","Default":"0","Extra":""},{"Field":"created_at","Type":"timestamp","Null":"NO","Key":"","Default":"current_timestamp()","Extra":""},{"Field":"favorite_sport","Type":"varchar(50)","Null":"YES","Key":"","Default":null,"Extra":""},{"Field":"favorite_team","Type":"varchar(50)","Null":"YES","Key":"","Default":null,"Extra":""},{"Field":"account_type","Type":"enum('user','admin')","Null":"YES","Key":"","Default":"user","Extra":""}]
[23-Apr-2025 17:11:01 Europe/Berlin] Number of users in database: 13
[23-Apr-2025 17:11:01 Europe/Berlin] All tables initialized successfully
[23-Apr-2025 17:11:01 Europe/Berlin] Connected to database. Tables found: favorites, feedback, matches, matches_backup, matches_new, news, newsletter, notifications, players, subscriptions, users
[23-Apr-2025 17:11:01 Europe/Berlin] Executing SQL: CREATE TABLE IF NOT EXISTS users (
                id INT AUTO_INCREMENT PRIMARY KEY,
                username VARCHAR(50) NOT NULL UNIQUE,
                password VARCHAR(255) NOT NULL,
                email VARCHAR(100) NOT NULL UNIQUE,
                account_type ENUM('user', 'admin') DEFAULT 'user',
                created_at TIMESTAMP DEFAULT CURRENT_TIMESTAMP
            )
[23-Apr-2025 17:11:01 Europe/Berlin] With params: []
[23-Apr-2025 17:11:01 Europe/Berlin] Query executed successfully. Found 0 rows
[23-Apr-2025 17:11:01 Europe/Berlin] Users table created or already exists
[23-Apr-2025 17:11:01 Europe/Berlin] Users table structure: [{"Field":"id","Type":"int(11)","Null":"NO","Key":"PRI","Default":null,"Extra":"auto_increment"},{"Field":"username","Type":"varchar(50)","Null":"NO","Key":"","Default":null,"Extra":""},{"Field":"email","Type":"varchar(100)","Null":"NO","Key":"UNI","Default":null,"Extra":""},{"Field":"password","Type":"varchar(255)","Null":"NO","Key":"","Default":null,"Extra":""},{"Field":"role","Type":"enum('user','admin')","Null":"YES","Key":"","Default":"user","Extra":""},{"Field":"verification_code","Type":"varchar(100)","Null":"YES","Key":"","Default":null,"Extra":""},{"Field":"is_verified","Type":"tinyint(1)","Null":"YES","Key":"","Default":"0","Extra":""},{"Field":"created_at","Type":"timestamp","Null":"NO","Key":"","Default":"current_timestamp()","Extra":""},{"Field":"favorite_sport","Type":"varchar(50)","Null":"YES","Key":"","Default":null,"Extra":""},{"Field":"favorite_team","Type":"varchar(50)","Null":"YES","Key":"","Default":null,"Extra":""},{"Field":"account_type","Type":"enum('user','admin')","Null":"YES","Key":"","Default":"user","Extra":""}]
[23-Apr-2025 17:11:01 Europe/Berlin] Number of users in database: 13
[23-Apr-2025 17:11:01 Europe/Berlin] All tables initialized successfully
[23-Apr-2025 17:11:01 Europe/Berlin] Database tables initialized successfully
[23-Apr-2025 17:11:01 Europe/Berlin] Executing SQL: SELECT * FROM users WHERE id = :id
[23-Apr-2025 17:11:01 Europe/Berlin] With params: {":id":12}
[23-Apr-2025 17:11:01 Europe/Berlin] Query executed successfully. Found 1 rows
[23-Apr-2025 17:11:01 Europe/Berlin] User loaded from session: varunpndey
[23-Apr-2025 17:11:01 Europe/Berlin] Header - Session status: 2
[23-Apr-2025 17:11:01 Europe/Berlin] Header - Session data: {"user_id":12,"username":"varunpndey","email":"va@gmail.com","account_type":"admin"}
[23-Apr-2025 17:11:01 Europe/Berlin] Header - After session start - Status: 2
[23-Apr-2025 17:11:01 Europe/Berlin] Header - After session start - Data: {"user_id":12,"username":"varunpndey","email":"va@gmail.com","account_type":"admin"}
[23-Apr-2025 17:11:01 Europe/Berlin] Header - Is logged in: Yes
[23-Apr-2025 17:11:01 Europe/Berlin] Executing SQL: SELECT * FROM matches WHERE sport = :sport ORDER BY match_time DESC
[23-Apr-2025 17:11:01 Europe/Berlin] With params: {":sport":"football"}
[23-Apr-2025 17:11:01 Europe/Berlin] Query executed successfully. Found 1 rows
[23-Apr-2025 17:11:01 Europe/Berlin] Executing SQL: SELECT * FROM matches WHERE sport = :sport AND status = :status
[23-Apr-2025 17:11:01 Europe/Berlin] With params: {":sport":"football",":status":"live"}
[23-Apr-2025 17:11:01 Europe/Berlin] Query executed successfully. Found 0 rows
[23-Apr-2025 17:11:01 Europe/Berlin] Executing SQL: SELECT COUNT(*) as count FROM favorites 
                    WHERE user_id = :user_id AND match_id = :match_id
[23-Apr-2025 17:11:01 Europe/Berlin] With params: {":user_id":12,":match_id":41}
[23-Apr-2025 17:11:01 Europe/Berlin] Query executed successfully. Found 1 rows
[23-Apr-2025 17:11:03 Europe/Berlin] Connected to database. Tables found: favorites, feedback, matches, matches_backup, matches_new, news, newsletter, notifications, players, subscriptions, users
[23-Apr-2025 17:11:03 Europe/Berlin] Executing SQL: CREATE TABLE IF NOT EXISTS users (
                id INT AUTO_INCREMENT PRIMARY KEY,
                username VARCHAR(50) NOT NULL UNIQUE,
                password VARCHAR(255) NOT NULL,
                email VARCHAR(100) NOT NULL UNIQUE,
                account_type ENUM('user', 'admin') DEFAULT 'user',
                created_at TIMESTAMP DEFAULT CURRENT_TIMESTAMP
            )
[23-Apr-2025 17:11:03 Europe/Berlin] With params: []
[23-Apr-2025 17:11:03 Europe/Berlin] Query executed successfully. Found 0 rows
[23-Apr-2025 17:11:03 Europe/Berlin] Users table created or already exists
[23-Apr-2025 17:11:03 Europe/Berlin] Users table structure: [{"Field":"id","Type":"int(11)","Null":"NO","Key":"PRI","Default":null,"Extra":"auto_increment"},{"Field":"username","Type":"varchar(50)","Null":"NO","Key":"","Default":null,"Extra":""},{"Field":"email","Type":"varchar(100)","Null":"NO","Key":"UNI","Default":null,"Extra":""},{"Field":"password","Type":"varchar(255)","Null":"NO","Key":"","Default":null,"Extra":""},{"Field":"role","Type":"enum('user','admin')","Null":"YES","Key":"","Default":"user","Extra":""},{"Field":"verification_code","Type":"varchar(100)","Null":"YES","Key":"","Default":null,"Extra":""},{"Field":"is_verified","Type":"tinyint(1)","Null":"YES","Key":"","Default":"0","Extra":""},{"Field":"created_at","Type":"timestamp","Null":"NO","Key":"","Default":"current_timestamp()","Extra":""},{"Field":"favorite_sport","Type":"varchar(50)","Null":"YES","Key":"","Default":null,"Extra":""},{"Field":"favorite_team","Type":"varchar(50)","Null":"YES","Key":"","Default":null,"Extra":""},{"Field":"account_type","Type":"enum('user','admin')","Null":"YES","Key":"","Default":"user","Extra":""}]
[23-Apr-2025 17:11:03 Europe/Berlin] Number of users in database: 13
[23-Apr-2025 17:11:03 Europe/Berlin] All tables initialized successfully
[23-Apr-2025 17:11:03 Europe/Berlin] Connected to database. Tables found: favorites, feedback, matches, matches_backup, matches_new, news, newsletter, notifications, players, subscriptions, users
[23-Apr-2025 17:11:03 Europe/Berlin] Executing SQL: CREATE TABLE IF NOT EXISTS users (
                id INT AUTO_INCREMENT PRIMARY KEY,
                username VARCHAR(50) NOT NULL UNIQUE,
                password VARCHAR(255) NOT NULL,
                email VARCHAR(100) NOT NULL UNIQUE,
                account_type ENUM('user', 'admin') DEFAULT 'user',
                created_at TIMESTAMP DEFAULT CURRENT_TIMESTAMP
            )
[23-Apr-2025 17:11:03 Europe/Berlin] With params: []
[23-Apr-2025 17:11:03 Europe/Berlin] Query executed successfully. Found 0 rows
[23-Apr-2025 17:11:03 Europe/Berlin] Users table created or already exists
[23-Apr-2025 17:11:03 Europe/Berlin] Users table structure: [{"Field":"id","Type":"int(11)","Null":"NO","Key":"PRI","Default":null,"Extra":"auto_increment"},{"Field":"username","Type":"varchar(50)","Null":"NO","Key":"","Default":null,"Extra":""},{"Field":"email","Type":"varchar(100)","Null":"NO","Key":"UNI","Default":null,"Extra":""},{"Field":"password","Type":"varchar(255)","Null":"NO","Key":"","Default":null,"Extra":""},{"Field":"role","Type":"enum('user','admin')","Null":"YES","Key":"","Default":"user","Extra":""},{"Field":"verification_code","Type":"varchar(100)","Null":"YES","Key":"","Default":null,"Extra":""},{"Field":"is_verified","Type":"tinyint(1)","Null":"YES","Key":"","Default":"0","Extra":""},{"Field":"created_at","Type":"timestamp","Null":"NO","Key":"","Default":"current_timestamp()","Extra":""},{"Field":"favorite_sport","Type":"varchar(50)","Null":"YES","Key":"","Default":null,"Extra":""},{"Field":"favorite_team","Type":"varchar(50)","Null":"YES","Key":"","Default":null,"Extra":""},{"Field":"account_type","Type":"enum('user','admin')","Null":"YES","Key":"","Default":"user","Extra":""}]
[23-Apr-2025 17:11:03 Europe/Berlin] Number of users in database: 13
[23-Apr-2025 17:11:03 Europe/Berlin] All tables initialized successfully
[23-Apr-2025 17:11:03 Europe/Berlin] Database tables initialized successfully
[23-Apr-2025 17:11:03 Europe/Berlin] Executing SQL: SELECT * FROM users WHERE id = :id
[23-Apr-2025 17:11:03 Europe/Berlin] With params: {":id":12}
[23-Apr-2025 17:11:03 Europe/Berlin] Query executed successfully. Found 1 rows
[23-Apr-2025 17:11:03 Europe/Berlin] User loaded from session: varunpndey
[23-Apr-2025 17:11:03 Europe/Berlin] Executing SQL: SELECT * FROM users WHERE id = :id
[23-Apr-2025 17:11:03 Europe/Berlin] With params: {":id":12}
[23-Apr-2025 17:11:03 Europe/Berlin] Query executed successfully. Found 1 rows
[23-Apr-2025 17:11:03 Europe/Berlin] Executing SQL: SELECT * FROM news ORDER BY created_at DESC
[23-Apr-2025 17:11:03 Europe/Berlin] With params: []
[23-Apr-2025 17:11:03 Europe/Berlin] Query executed successfully. Found 9 rows
[23-Apr-2025 17:11:03 Europe/Berlin] Executing SQL: SELECT * FROM feedback ORDER BY created_at DESC
[23-Apr-2025 17:11:03 Europe/Berlin] With params: []
[23-Apr-2025 17:11:03 Europe/Berlin] Query executed successfully. Found 10 rows
[23-Apr-2025 17:11:03 Europe/Berlin] Executing SQL: SELECT * FROM matches WHERE status = 'live'
[23-Apr-2025 17:11:03 Europe/Berlin] With params: []
[23-Apr-2025 17:11:03 Europe/Berlin] Query executed successfully. Found 0 rows
[23-Apr-2025 17:11:03 Europe/Berlin] Executing SQL: SELECT * FROM matches WHERE 1=1 ORDER BY match_time DESC
[23-Apr-2025 17:11:03 Europe/Berlin] With params: []
[23-Apr-2025 17:11:03 Europe/Berlin] Query executed successfully. Found 5 rows
[23-Apr-2025 17:11:03 Europe/Berlin] PHP Warning:  Undefined array key "status" in /Applications/XAMPP/xamppfiles/htdocs/sportsync/public/admin.php on line 865
[23-Apr-2025 17:11:03 Europe/Berlin] PHP Warning:  Undefined array key "status" in /Applications/XAMPP/xamppfiles/htdocs/sportsync/public/admin.php on line 866
[23-Apr-2025 17:11:03 Europe/Berlin] PHP Warning:  Undefined array key "status" in /Applications/XAMPP/xamppfiles/htdocs/sportsync/public/admin.php on line 867
[23-Apr-2025 17:11:03 Europe/Berlin] PHP Warning:  Undefined array key "status" in /Applications/XAMPP/xamppfiles/htdocs/sportsync/public/admin.php on line 865
[23-Apr-2025 17:11:03 Europe/Berlin] PHP Warning:  Undefined array key "status" in /Applications/XAMPP/xamppfiles/htdocs/sportsync/public/admin.php on line 866
[23-Apr-2025 17:11:03 Europe/Berlin] PHP Warning:  Undefined array key "status" in /Applications/XAMPP/xamppfiles/htdocs/sportsync/public/admin.php on line 867
[23-Apr-2025 17:11:03 Europe/Berlin] PHP Warning:  Undefined array key "status" in /Applications/XAMPP/xamppfiles/htdocs/sportsync/public/admin.php on line 865
[23-Apr-2025 17:11:03 Europe/Berlin] PHP Warning:  Undefined array key "status" in /Applications/XAMPP/xamppfiles/htdocs/sportsync/public/admin.php on line 866
[23-Apr-2025 17:11:03 Europe/Berlin] PHP Warning:  Undefined array key "status" in /Applications/XAMPP/xamppfiles/htdocs/sportsync/public/admin.php on line 867
[23-Apr-2025 17:11:03 Europe/Berlin] PHP Warning:  Undefined array key "status" in /Applications/XAMPP/xamppfiles/htdocs/sportsync/public/admin.php on line 865
[23-Apr-2025 17:11:03 Europe/Berlin] PHP Warning:  Undefined array key "status" in /Applications/XAMPP/xamppfiles/htdocs/sportsync/public/admin.php on line 866
[23-Apr-2025 17:11:03 Europe/Berlin] PHP Warning:  Undefined array key "status" in /Applications/XAMPP/xamppfiles/htdocs/sportsync/public/admin.php on line 867
[23-Apr-2025 17:11:03 Europe/Berlin] PHP Warning:  Undefined array key "status" in /Applications/XAMPP/xamppfiles/htdocs/sportsync/public/admin.php on line 865
[23-Apr-2025 17:11:03 Europe/Berlin] PHP Warning:  Undefined array key "status" in /Applications/XAMPP/xamppfiles/htdocs/sportsync/public/admin.php on line 866
[23-Apr-2025 17:11:03 Europe/Berlin] PHP Warning:  Undefined array key "status" in /Applications/XAMPP/xamppfiles/htdocs/sportsync/public/admin.php on line 867
[23-Apr-2025 17:11:03 Europe/Berlin] PHP Warning:  Undefined array key "status" in /Applications/XAMPP/xamppfiles/htdocs/sportsync/public/admin.php on line 865
[23-Apr-2025 17:11:03 Europe/Berlin] PHP Warning:  Undefined array key "status" in /Applications/XAMPP/xamppfiles/htdocs/sportsync/public/admin.php on line 866
[23-Apr-2025 17:11:03 Europe/Berlin] PHP Warning:  Undefined array key "status" in /Applications/XAMPP/xamppfiles/htdocs/sportsync/public/admin.php on line 867
[23-Apr-2025 17:11:03 Europe/Berlin] PHP Warning:  Undefined array key "status" in /Applications/XAMPP/xamppfiles/htdocs/sportsync/public/admin.php on line 865
[23-Apr-2025 17:11:03 Europe/Berlin] PHP Warning:  Undefined array key "status" in /Applications/XAMPP/xamppfiles/htdocs/sportsync/public/admin.php on line 866
[23-Apr-2025 17:11:03 Europe/Berlin] PHP Warning:  Undefined array key "status" in /Applications/XAMPP/xamppfiles/htdocs/sportsync/public/admin.php on line 867
[23-Apr-2025 17:11:03 Europe/Berlin] PHP Warning:  Undefined array key "status" in /Applications/XAMPP/xamppfiles/htdocs/sportsync/public/admin.php on line 865
[23-Apr-2025 17:11:03 Europe/Berlin] PHP Warning:  Undefined array key "status" in /Applications/XAMPP/xamppfiles/htdocs/sportsync/public/admin.php on line 866
[23-Apr-2025 17:11:03 Europe/Berlin] PHP Warning:  Undefined array key "status" in /Applications/XAMPP/xamppfiles/htdocs/sportsync/public/admin.php on line 867
[23-Apr-2025 17:11:03 Europe/Berlin] PHP Warning:  Undefined array key "status" in /Applications/XAMPP/xamppfiles/htdocs/sportsync/public/admin.php on line 865
[23-Apr-2025 17:11:03 Europe/Berlin] PHP Warning:  Undefined array key "status" in /Applications/XAMPP/xamppfiles/htdocs/sportsync/public/admin.php on line 866
[23-Apr-2025 17:11:03 Europe/Berlin] PHP Warning:  Undefined array key "status" in /Applications/XAMPP/xamppfiles/htdocs/sportsync/public/admin.php on line 867
[23-Apr-2025 17:11:03 Europe/Berlin] PHP Warning:  Undefined array key "status" in /Applications/XAMPP/xamppfiles/htdocs/sportsync/public/admin.php on line 865
[23-Apr-2025 17:11:03 Europe/Berlin] PHP Warning:  Undefined array key "status" in /Applications/XAMPP/xamppfiles/htdocs/sportsync/public/admin.php on line 866
[23-Apr-2025 17:11:03 Europe/Berlin] PHP Warning:  Undefined array key "status" in /Applications/XAMPP/xamppfiles/htdocs/sportsync/public/admin.php on line 867
[23-Apr-2025 17:11:14 Europe/Berlin] Connected to database. Tables found: favorites, feedback, matches, matches_backup, matches_new, news, newsletter, notifications, players, subscriptions, users
[23-Apr-2025 17:11:14 Europe/Berlin] Executing SQL: CREATE TABLE IF NOT EXISTS users (
                id INT AUTO_INCREMENT PRIMARY KEY,
                username VARCHAR(50) NOT NULL UNIQUE,
                password VARCHAR(255) NOT NULL,
                email VARCHAR(100) NOT NULL UNIQUE,
                account_type ENUM('user', 'admin') DEFAULT 'user',
                created_at TIMESTAMP DEFAULT CURRENT_TIMESTAMP
            )
[23-Apr-2025 17:11:14 Europe/Berlin] With params: []
[23-Apr-2025 17:11:14 Europe/Berlin] Query executed successfully. Found 0 rows
[23-Apr-2025 17:11:14 Europe/Berlin] Users table created or already exists
[23-Apr-2025 17:11:14 Europe/Berlin] Users table structure: [{"Field":"id","Type":"int(11)","Null":"NO","Key":"PRI","Default":null,"Extra":"auto_increment"},{"Field":"username","Type":"varchar(50)","Null":"NO","Key":"","Default":null,"Extra":""},{"Field":"email","Type":"varchar(100)","Null":"NO","Key":"UNI","Default":null,"Extra":""},{"Field":"password","Type":"varchar(255)","Null":"NO","Key":"","Default":null,"Extra":""},{"Field":"role","Type":"enum('user','admin')","Null":"YES","Key":"","Default":"user","Extra":""},{"Field":"verification_code","Type":"varchar(100)","Null":"YES","Key":"","Default":null,"Extra":""},{"Field":"is_verified","Type":"tinyint(1)","Null":"YES","Key":"","Default":"0","Extra":""},{"Field":"created_at","Type":"timestamp","Null":"NO","Key":"","Default":"current_timestamp()","Extra":""},{"Field":"favorite_sport","Type":"varchar(50)","Null":"YES","Key":"","Default":null,"Extra":""},{"Field":"favorite_team","Type":"varchar(50)","Null":"YES","Key":"","Default":null,"Extra":""},{"Field":"account_type","Type":"enum('user','admin')","Null":"YES","Key":"","Default":"user","Extra":""}]
[23-Apr-2025 17:11:14 Europe/Berlin] Number of users in database: 13
[23-Apr-2025 17:11:14 Europe/Berlin] All tables initialized successfully
[23-Apr-2025 17:11:14 Europe/Berlin] Connected to database. Tables found: favorites, feedback, matches, matches_backup, matches_new, news, newsletter, notifications, players, subscriptions, users
[23-Apr-2025 17:11:14 Europe/Berlin] Executing SQL: CREATE TABLE IF NOT EXISTS users (
                id INT AUTO_INCREMENT PRIMARY KEY,
                username VARCHAR(50) NOT NULL UNIQUE,
                password VARCHAR(255) NOT NULL,
                email VARCHAR(100) NOT NULL UNIQUE,
                account_type ENUM('user', 'admin') DEFAULT 'user',
                created_at TIMESTAMP DEFAULT CURRENT_TIMESTAMP
            )
[23-Apr-2025 17:11:14 Europe/Berlin] With params: []
[23-Apr-2025 17:11:14 Europe/Berlin] Query executed successfully. Found 0 rows
[23-Apr-2025 17:11:14 Europe/Berlin] Users table created or already exists
[23-Apr-2025 17:11:15 Europe/Berlin] Users table structure: [{"Field":"id","Type":"int(11)","Null":"NO","Key":"PRI","Default":null,"Extra":"auto_increment"},{"Field":"username","Type":"varchar(50)","Null":"NO","Key":"","Default":null,"Extra":""},{"Field":"email","Type":"varchar(100)","Null":"NO","Key":"UNI","Default":null,"Extra":""},{"Field":"password","Type":"varchar(255)","Null":"NO","Key":"","Default":null,"Extra":""},{"Field":"role","Type":"enum('user','admin')","Null":"YES","Key":"","Default":"user","Extra":""},{"Field":"verification_code","Type":"varchar(100)","Null":"YES","Key":"","Default":null,"Extra":""},{"Field":"is_verified","Type":"tinyint(1)","Null":"YES","Key":"","Default":"0","Extra":""},{"Field":"created_at","Type":"timestamp","Null":"NO","Key":"","Default":"current_timestamp()","Extra":""},{"Field":"favorite_sport","Type":"varchar(50)","Null":"YES","Key":"","Default":null,"Extra":""},{"Field":"favorite_team","Type":"varchar(50)","Null":"YES","Key":"","Default":null,"Extra":""},{"Field":"account_type","Type":"enum('user','admin')","Null":"YES","Key":"","Default":"user","Extra":""}]
[23-Apr-2025 17:11:15 Europe/Berlin] Number of users in database: 13
[23-Apr-2025 17:11:15 Europe/Berlin] All tables initialized successfully
[23-Apr-2025 17:11:15 Europe/Berlin] Database tables initialized successfully
[23-Apr-2025 17:11:15 Europe/Berlin] Executing SQL: SELECT * FROM users WHERE id = :id
[23-Apr-2025 17:11:15 Europe/Berlin] With params: {":id":12}
[23-Apr-2025 17:11:15 Europe/Berlin] Query executed successfully. Found 1 rows
[23-Apr-2025 17:11:15 Europe/Berlin] User loaded from session: varunpndey
[23-Apr-2025 17:11:15 Europe/Berlin] Executing SQL: SELECT * FROM users WHERE id = :id
[23-Apr-2025 17:11:15 Europe/Berlin] With params: {":id":12}
[23-Apr-2025 17:11:15 Europe/Berlin] Query executed successfully. Found 1 rows
[23-Apr-2025 17:11:15 Europe/Berlin] Executing SQL: SELECT * FROM news ORDER BY created_at DESC
[23-Apr-2025 17:11:15 Europe/Berlin] With params: []
[23-Apr-2025 17:11:15 Europe/Berlin] Query executed successfully. Found 9 rows
[23-Apr-2025 17:11:15 Europe/Berlin] Executing SQL: SELECT * FROM feedback ORDER BY created_at DESC
[23-Apr-2025 17:11:15 Europe/Berlin] With params: []
[23-Apr-2025 17:11:15 Europe/Berlin] Query executed successfully. Found 10 rows
[23-Apr-2025 17:11:15 Europe/Berlin] Executing SQL: SELECT * FROM matches WHERE status = 'live'
[23-Apr-2025 17:11:15 Europe/Berlin] With params: []
[23-Apr-2025 17:11:15 Europe/Berlin] Query executed successfully. Found 0 rows
[23-Apr-2025 17:11:15 Europe/Berlin] Executing SQL: SELECT * FROM matches WHERE 1=1 ORDER BY match_time DESC
[23-Apr-2025 17:11:15 Europe/Berlin] With params: []
[23-Apr-2025 17:11:15 Europe/Berlin] Query executed successfully. Found 5 rows
[23-Apr-2025 17:11:15 Europe/Berlin] PHP Warning:  Undefined array key "status" in /Applications/XAMPP/xamppfiles/htdocs/sportsync/public/admin.php on line 865
[23-Apr-2025 17:11:15 Europe/Berlin] PHP Warning:  Undefined array key "status" in /Applications/XAMPP/xamppfiles/htdocs/sportsync/public/admin.php on line 866
[23-Apr-2025 17:11:15 Europe/Berlin] PHP Warning:  Undefined array key "status" in /Applications/XAMPP/xamppfiles/htdocs/sportsync/public/admin.php on line 867
[23-Apr-2025 17:11:15 Europe/Berlin] PHP Warning:  Undefined array key "status" in /Applications/XAMPP/xamppfiles/htdocs/sportsync/public/admin.php on line 865
[23-Apr-2025 17:11:15 Europe/Berlin] PHP Warning:  Undefined array key "status" in /Applications/XAMPP/xamppfiles/htdocs/sportsync/public/admin.php on line 866
[23-Apr-2025 17:11:15 Europe/Berlin] PHP Warning:  Undefined array key "status" in /Applications/XAMPP/xamppfiles/htdocs/sportsync/public/admin.php on line 867
[23-Apr-2025 17:11:15 Europe/Berlin] PHP Warning:  Undefined array key "status" in /Applications/XAMPP/xamppfiles/htdocs/sportsync/public/admin.php on line 865
[23-Apr-2025 17:11:15 Europe/Berlin] PHP Warning:  Undefined array key "status" in /Applications/XAMPP/xamppfiles/htdocs/sportsync/public/admin.php on line 866
[23-Apr-2025 17:11:15 Europe/Berlin] PHP Warning:  Undefined array key "status" in /Applications/XAMPP/xamppfiles/htdocs/sportsync/public/admin.php on line 867
[23-Apr-2025 17:11:15 Europe/Berlin] PHP Warning:  Undefined array key "status" in /Applications/XAMPP/xamppfiles/htdocs/sportsync/public/admin.php on line 865
[23-Apr-2025 17:11:15 Europe/Berlin] PHP Warning:  Undefined array key "status" in /Applications/XAMPP/xamppfiles/htdocs/sportsync/public/admin.php on line 866
[23-Apr-2025 17:11:15 Europe/Berlin] PHP Warning:  Undefined array key "status" in /Applications/XAMPP/xamppfiles/htdocs/sportsync/public/admin.php on line 867
[23-Apr-2025 17:11:15 Europe/Berlin] PHP Warning:  Undefined array key "status" in /Applications/XAMPP/xamppfiles/htdocs/sportsync/public/admin.php on line 865
[23-Apr-2025 17:11:15 Europe/Berlin] PHP Warning:  Undefined array key "status" in /Applications/XAMPP/xamppfiles/htdocs/sportsync/public/admin.php on line 866
[23-Apr-2025 17:11:15 Europe/Berlin] PHP Warning:  Undefined array key "status" in /Applications/XAMPP/xamppfiles/htdocs/sportsync/public/admin.php on line 867
[23-Apr-2025 17:11:15 Europe/Berlin] PHP Warning:  Undefined array key "status" in /Applications/XAMPP/xamppfiles/htdocs/sportsync/public/admin.php on line 865
[23-Apr-2025 17:11:15 Europe/Berlin] PHP Warning:  Undefined array key "status" in /Applications/XAMPP/xamppfiles/htdocs/sportsync/public/admin.php on line 866
[23-Apr-2025 17:11:15 Europe/Berlin] PHP Warning:  Undefined array key "status" in /Applications/XAMPP/xamppfiles/htdocs/sportsync/public/admin.php on line 867
[23-Apr-2025 17:11:15 Europe/Berlin] PHP Warning:  Undefined array key "status" in /Applications/XAMPP/xamppfiles/htdocs/sportsync/public/admin.php on line 865
[23-Apr-2025 17:11:15 Europe/Berlin] PHP Warning:  Undefined array key "status" in /Applications/XAMPP/xamppfiles/htdocs/sportsync/public/admin.php on line 866
[23-Apr-2025 17:11:15 Europe/Berlin] PHP Warning:  Undefined array key "status" in /Applications/XAMPP/xamppfiles/htdocs/sportsync/public/admin.php on line 867
[23-Apr-2025 17:11:15 Europe/Berlin] PHP Warning:  Undefined array key "status" in /Applications/XAMPP/xamppfiles/htdocs/sportsync/public/admin.php on line 865
[23-Apr-2025 17:11:15 Europe/Berlin] PHP Warning:  Undefined array key "status" in /Applications/XAMPP/xamppfiles/htdocs/sportsync/public/admin.php on line 866
[23-Apr-2025 17:11:15 Europe/Berlin] PHP Warning:  Undefined array key "status" in /Applications/XAMPP/xamppfiles/htdocs/sportsync/public/admin.php on line 867
[23-Apr-2025 17:11:15 Europe/Berlin] PHP Warning:  Undefined array key "status" in /Applications/XAMPP/xamppfiles/htdocs/sportsync/public/admin.php on line 865
[23-Apr-2025 17:11:15 Europe/Berlin] PHP Warning:  Undefined array key "status" in /Applications/XAMPP/xamppfiles/htdocs/sportsync/public/admin.php on line 866
[23-Apr-2025 17:11:15 Europe/Berlin] PHP Warning:  Undefined array key "status" in /Applications/XAMPP/xamppfiles/htdocs/sportsync/public/admin.php on line 867
[23-Apr-2025 17:11:15 Europe/Berlin] PHP Warning:  Undefined array key "status" in /Applications/XAMPP/xamppfiles/htdocs/sportsync/public/admin.php on line 865
[23-Apr-2025 17:11:15 Europe/Berlin] PHP Warning:  Undefined array key "status" in /Applications/XAMPP/xamppfiles/htdocs/sportsync/public/admin.php on line 866
[23-Apr-2025 17:11:15 Europe/Berlin] PHP Warning:  Undefined array key "status" in /Applications/XAMPP/xamppfiles/htdocs/sportsync/public/admin.php on line 867
[23-Apr-2025 17:11:59 Europe/Berlin] Connected to database. Tables found: favorites, feedback, matches, matches_backup, matches_new, news, newsletter, notifications, players, subscriptions, users
[23-Apr-2025 17:11:59 Europe/Berlin] Executing SQL: CREATE TABLE IF NOT EXISTS users (
                id INT AUTO_INCREMENT PRIMARY KEY,
                username VARCHAR(50) NOT NULL UNIQUE,
                password VARCHAR(255) NOT NULL,
                email VARCHAR(100) NOT NULL UNIQUE,
                account_type ENUM('user', 'admin') DEFAULT 'user',
                created_at TIMESTAMP DEFAULT CURRENT_TIMESTAMP
            )
[23-Apr-2025 17:11:59 Europe/Berlin] With params: []
[23-Apr-2025 17:11:59 Europe/Berlin] Query executed successfully. Found 0 rows
[23-Apr-2025 17:11:59 Europe/Berlin] Users table created or already exists
[23-Apr-2025 17:11:59 Europe/Berlin] Users table structure: [{"Field":"id","Type":"int(11)","Null":"NO","Key":"PRI","Default":null,"Extra":"auto_increment"},{"Field":"username","Type":"varchar(50)","Null":"NO","Key":"","Default":null,"Extra":""},{"Field":"email","Type":"varchar(100)","Null":"NO","Key":"UNI","Default":null,"Extra":""},{"Field":"password","Type":"varchar(255)","Null":"NO","Key":"","Default":null,"Extra":""},{"Field":"role","Type":"enum('user','admin')","Null":"YES","Key":"","Default":"user","Extra":""},{"Field":"verification_code","Type":"varchar(100)","Null":"YES","Key":"","Default":null,"Extra":""},{"Field":"is_verified","Type":"tinyint(1)","Null":"YES","Key":"","Default":"0","Extra":""},{"Field":"created_at","Type":"timestamp","Null":"NO","Key":"","Default":"current_timestamp()","Extra":""},{"Field":"favorite_sport","Type":"varchar(50)","Null":"YES","Key":"","Default":null,"Extra":""},{"Field":"favorite_team","Type":"varchar(50)","Null":"YES","Key":"","Default":null,"Extra":""},{"Field":"account_type","Type":"enum('user','admin')","Null":"YES","Key":"","Default":"user","Extra":""}]
[23-Apr-2025 17:11:59 Europe/Berlin] Number of users in database: 13
[23-Apr-2025 17:11:59 Europe/Berlin] All tables initialized successfully
[23-Apr-2025 17:11:59 Europe/Berlin] Connected to database. Tables found: favorites, feedback, matches, matches_backup, matches_new, news, newsletter, notifications, players, subscriptions, users
[23-Apr-2025 17:11:59 Europe/Berlin] Executing SQL: CREATE TABLE IF NOT EXISTS users (
                id INT AUTO_INCREMENT PRIMARY KEY,
                username VARCHAR(50) NOT NULL UNIQUE,
                password VARCHAR(255) NOT NULL,
                email VARCHAR(100) NOT NULL UNIQUE,
                account_type ENUM('user', 'admin') DEFAULT 'user',
                created_at TIMESTAMP DEFAULT CURRENT_TIMESTAMP
            )
[23-Apr-2025 17:11:59 Europe/Berlin] With params: []
[23-Apr-2025 17:11:59 Europe/Berlin] Query executed successfully. Found 0 rows
[23-Apr-2025 17:11:59 Europe/Berlin] Users table created or already exists
[23-Apr-2025 17:11:59 Europe/Berlin] Users table structure: [{"Field":"id","Type":"int(11)","Null":"NO","Key":"PRI","Default":null,"Extra":"auto_increment"},{"Field":"username","Type":"varchar(50)","Null":"NO","Key":"","Default":null,"Extra":""},{"Field":"email","Type":"varchar(100)","Null":"NO","Key":"UNI","Default":null,"Extra":""},{"Field":"password","Type":"varchar(255)","Null":"NO","Key":"","Default":null,"Extra":""},{"Field":"role","Type":"enum('user','admin')","Null":"YES","Key":"","Default":"user","Extra":""},{"Field":"verification_code","Type":"varchar(100)","Null":"YES","Key":"","Default":null,"Extra":""},{"Field":"is_verified","Type":"tinyint(1)","Null":"YES","Key":"","Default":"0","Extra":""},{"Field":"created_at","Type":"timestamp","Null":"NO","Key":"","Default":"current_timestamp()","Extra":""},{"Field":"favorite_sport","Type":"varchar(50)","Null":"YES","Key":"","Default":null,"Extra":""},{"Field":"favorite_team","Type":"varchar(50)","Null":"YES","Key":"","Default":null,"Extra":""},{"Field":"account_type","Type":"enum('user','admin')","Null":"YES","Key":"","Default":"user","Extra":""}]
[23-Apr-2025 17:11:59 Europe/Berlin] Number of users in database: 13
[23-Apr-2025 17:11:59 Europe/Berlin] All tables initialized successfully
[23-Apr-2025 17:11:59 Europe/Berlin] Database tables initialized successfully
[23-Apr-2025 17:11:59 Europe/Berlin] Executing SQL: SELECT * FROM users WHERE id = :id
[23-Apr-2025 17:11:59 Europe/Berlin] With params: {":id":12}
[23-Apr-2025 17:11:59 Europe/Berlin] Query executed successfully. Found 1 rows
[23-Apr-2025 17:11:59 Europe/Berlin] User loaded from session: varunpndey
[23-Apr-2025 17:11:59 Europe/Berlin] Executing SQL: SELECT * FROM users WHERE id = :id
[23-Apr-2025 17:11:59 Europe/Berlin] With params: {":id":12}
[23-Apr-2025 17:11:59 Europe/Berlin] Query executed successfully. Found 1 rows
[23-Apr-2025 17:11:59 Europe/Berlin] Executing SQL: DELETE FROM news WHERE id = :id
[23-Apr-2025 17:11:59 Europe/Berlin] With params: {":id":"12"}
[23-Apr-2025 17:11:59 Europe/Berlin] Query executed successfully. Found 0 rows
[23-Apr-2025 17:11:59 Europe/Berlin] PHP Fatal error:  Uncaught Error: Call to a member function rowCount() on array in /Applications/XAMPP/xamppfiles/htdocs/sportsync/backend/news.php:94
Stack trace:
#0 /Applications/XAMPP/xamppfiles/htdocs/sportsync/public/admin.php(246): deleteNews('12')
#1 /Applications/XAMPP/xamppfiles/htdocs/sportsync/public/index.php(38): require('/Applications/X...')
#2 {main}
  thrown in /Applications/XAMPP/xamppfiles/htdocs/sportsync/backend/news.php on line 94
[23-Apr-2025 17:12:00 Europe/Berlin] Connected to database. Tables found: favorites, feedback, matches, matches_backup, matches_new, news, newsletter, notifications, players, subscriptions, users
[23-Apr-2025 17:12:00 Europe/Berlin] Executing SQL: CREATE TABLE IF NOT EXISTS users (
                id INT AUTO_INCREMENT PRIMARY KEY,
                username VARCHAR(50) NOT NULL UNIQUE,
                password VARCHAR(255) NOT NULL,
                email VARCHAR(100) NOT NULL UNIQUE,
                account_type ENUM('user', 'admin') DEFAULT 'user',
                created_at TIMESTAMP DEFAULT CURRENT_TIMESTAMP
            )
[23-Apr-2025 17:12:00 Europe/Berlin] With params: []
[23-Apr-2025 17:12:00 Europe/Berlin] Query executed successfully. Found 0 rows
[23-Apr-2025 17:12:00 Europe/Berlin] Users table created or already exists
[23-Apr-2025 17:12:00 Europe/Berlin] Users table structure: [{"Field":"id","Type":"int(11)","Null":"NO","Key":"PRI","Default":null,"Extra":"auto_increment"},{"Field":"username","Type":"varchar(50)","Null":"NO","Key":"","Default":null,"Extra":""},{"Field":"email","Type":"varchar(100)","Null":"NO","Key":"UNI","Default":null,"Extra":""},{"Field":"password","Type":"varchar(255)","Null":"NO","Key":"","Default":null,"Extra":""},{"Field":"role","Type":"enum('user','admin')","Null":"YES","Key":"","Default":"user","Extra":""},{"Field":"verification_code","Type":"varchar(100)","Null":"YES","Key":"","Default":null,"Extra":""},{"Field":"is_verified","Type":"tinyint(1)","Null":"YES","Key":"","Default":"0","Extra":""},{"Field":"created_at","Type":"timestamp","Null":"NO","Key":"","Default":"current_timestamp()","Extra":""},{"Field":"favorite_sport","Type":"varchar(50)","Null":"YES","Key":"","Default":null,"Extra":""},{"Field":"favorite_team","Type":"varchar(50)","Null":"YES","Key":"","Default":null,"Extra":""},{"Field":"account_type","Type":"enum('user','admin')","Null":"YES","Key":"","Default":"user","Extra":""}]
[23-Apr-2025 17:12:00 Europe/Berlin] Number of users in database: 13
[23-Apr-2025 17:12:00 Europe/Berlin] All tables initialized successfully
[23-Apr-2025 17:12:00 Europe/Berlin] API Request received: /sportsync/backend/match.php?action=fetch_matches&sport=football&all=true
[23-Apr-2025 17:12:00 Europe/Berlin] GET parameters: Array
(
    [action] => fetch_matches
    [sport] => football
    [all] => true
)

[23-Apr-2025 17:12:00 Europe/Berlin] Executing SQL: SELECT * FROM matches WHERE sport = :sport ORDER BY match_time DESC
[23-Apr-2025 17:12:00 Europe/Berlin] With params: {":sport":"football"}
[23-Apr-2025 17:12:00 Europe/Berlin] Query executed successfully. Found 1 rows
[23-Apr-2025 17:12:02 Europe/Berlin] Connected to database. Tables found: favorites, feedback, matches, matches_backup, matches_new, news, newsletter, notifications, players, subscriptions, users
[23-Apr-2025 17:12:02 Europe/Berlin] Executing SQL: CREATE TABLE IF NOT EXISTS users (
                id INT AUTO_INCREMENT PRIMARY KEY,
                username VARCHAR(50) NOT NULL UNIQUE,
                password VARCHAR(255) NOT NULL,
                email VARCHAR(100) NOT NULL UNIQUE,
                account_type ENUM('user', 'admin') DEFAULT 'user',
                created_at TIMESTAMP DEFAULT CURRENT_TIMESTAMP
            )
[23-Apr-2025 17:12:02 Europe/Berlin] With params: []
[23-Apr-2025 17:12:02 Europe/Berlin] Query executed successfully. Found 0 rows
[23-Apr-2025 17:12:02 Europe/Berlin] Users table created or already exists
[23-Apr-2025 17:12:02 Europe/Berlin] Users table structure: [{"Field":"id","Type":"int(11)","Null":"NO","Key":"PRI","Default":null,"Extra":"auto_increment"},{"Field":"username","Type":"varchar(50)","Null":"NO","Key":"","Default":null,"Extra":""},{"Field":"email","Type":"varchar(100)","Null":"NO","Key":"UNI","Default":null,"Extra":""},{"Field":"password","Type":"varchar(255)","Null":"NO","Key":"","Default":null,"Extra":""},{"Field":"role","Type":"enum('user','admin')","Null":"YES","Key":"","Default":"user","Extra":""},{"Field":"verification_code","Type":"varchar(100)","Null":"YES","Key":"","Default":null,"Extra":""},{"Field":"is_verified","Type":"tinyint(1)","Null":"YES","Key":"","Default":"0","Extra":""},{"Field":"created_at","Type":"timestamp","Null":"NO","Key":"","Default":"current_timestamp()","Extra":""},{"Field":"favorite_sport","Type":"varchar(50)","Null":"YES","Key":"","Default":null,"Extra":""},{"Field":"favorite_team","Type":"varchar(50)","Null":"YES","Key":"","Default":null,"Extra":""},{"Field":"account_type","Type":"enum('user','admin')","Null":"YES","Key":"","Default":"user","Extra":""}]
[23-Apr-2025 17:12:02 Europe/Berlin] Number of users in database: 13
[23-Apr-2025 17:12:02 Europe/Berlin] All tables initialized successfully
[23-Apr-2025 17:12:02 Europe/Berlin] Connected to database. Tables found: favorites, feedback, matches, matches_backup, matches_new, news, newsletter, notifications, players, subscriptions, users
[23-Apr-2025 17:12:02 Europe/Berlin] Executing SQL: CREATE TABLE IF NOT EXISTS users (
                id INT AUTO_INCREMENT PRIMARY KEY,
                username VARCHAR(50) NOT NULL UNIQUE,
                password VARCHAR(255) NOT NULL,
                email VARCHAR(100) NOT NULL UNIQUE,
                account_type ENUM('user', 'admin') DEFAULT 'user',
                created_at TIMESTAMP DEFAULT CURRENT_TIMESTAMP
            )
[23-Apr-2025 17:12:02 Europe/Berlin] With params: []
[23-Apr-2025 17:12:02 Europe/Berlin] Query executed successfully. Found 0 rows
[23-Apr-2025 17:12:02 Europe/Berlin] Users table created or already exists
[23-Apr-2025 17:12:02 Europe/Berlin] Users table structure: [{"Field":"id","Type":"int(11)","Null":"NO","Key":"PRI","Default":null,"Extra":"auto_increment"},{"Field":"username","Type":"varchar(50)","Null":"NO","Key":"","Default":null,"Extra":""},{"Field":"email","Type":"varchar(100)","Null":"NO","Key":"UNI","Default":null,"Extra":""},{"Field":"password","Type":"varchar(255)","Null":"NO","Key":"","Default":null,"Extra":""},{"Field":"role","Type":"enum('user','admin')","Null":"YES","Key":"","Default":"user","Extra":""},{"Field":"verification_code","Type":"varchar(100)","Null":"YES","Key":"","Default":null,"Extra":""},{"Field":"is_verified","Type":"tinyint(1)","Null":"YES","Key":"","Default":"0","Extra":""},{"Field":"created_at","Type":"timestamp","Null":"NO","Key":"","Default":"current_timestamp()","Extra":""},{"Field":"favorite_sport","Type":"varchar(50)","Null":"YES","Key":"","Default":null,"Extra":""},{"Field":"favorite_team","Type":"varchar(50)","Null":"YES","Key":"","Default":null,"Extra":""},{"Field":"account_type","Type":"enum('user','admin')","Null":"YES","Key":"","Default":"user","Extra":""}]
[23-Apr-2025 17:12:02 Europe/Berlin] Number of users in database: 13
[23-Apr-2025 17:12:02 Europe/Berlin] All tables initialized successfully
[23-Apr-2025 17:12:02 Europe/Berlin] Database tables initialized successfully
[23-Apr-2025 17:12:02 Europe/Berlin] Executing SQL: SELECT * FROM users WHERE id = :id
[23-Apr-2025 17:12:02 Europe/Berlin] With params: {":id":12}
[23-Apr-2025 17:12:02 Europe/Berlin] Query executed successfully. Found 1 rows
[23-Apr-2025 17:12:02 Europe/Berlin] User loaded from session: varunpndey
[23-Apr-2025 17:12:02 Europe/Berlin] Executing SQL: SELECT * FROM users WHERE id = :id
[23-Apr-2025 17:12:02 Europe/Berlin] With params: {":id":12}
[23-Apr-2025 17:12:02 Europe/Berlin] Query executed successfully. Found 1 rows
[23-Apr-2025 17:12:02 Europe/Berlin] Executing SQL: SELECT * FROM news ORDER BY created_at DESC
[23-Apr-2025 17:12:02 Europe/Berlin] With params: []
[23-Apr-2025 17:12:02 Europe/Berlin] Query executed successfully. Found 8 rows
[23-Apr-2025 17:12:02 Europe/Berlin] Executing SQL: SELECT * FROM feedback ORDER BY created_at DESC
[23-Apr-2025 17:12:02 Europe/Berlin] With params: []
[23-Apr-2025 17:12:02 Europe/Berlin] Query executed successfully. Found 10 rows
[23-Apr-2025 17:12:02 Europe/Berlin] Executing SQL: SELECT * FROM matches WHERE status = 'live'
[23-Apr-2025 17:12:02 Europe/Berlin] With params: []
[23-Apr-2025 17:12:02 Europe/Berlin] Query executed successfully. Found 0 rows
[23-Apr-2025 17:12:02 Europe/Berlin] Executing SQL: SELECT * FROM matches WHERE 1=1 ORDER BY match_time DESC
[23-Apr-2025 17:12:02 Europe/Berlin] With params: []
[23-Apr-2025 17:12:02 Europe/Berlin] Query executed successfully. Found 5 rows
[23-Apr-2025 17:12:02 Europe/Berlin] PHP Warning:  Undefined array key "status" in /Applications/XAMPP/xamppfiles/htdocs/sportsync/public/admin.php on line 865
[23-Apr-2025 17:12:02 Europe/Berlin] PHP Warning:  Undefined array key "status" in /Applications/XAMPP/xamppfiles/htdocs/sportsync/public/admin.php on line 866
[23-Apr-2025 17:12:02 Europe/Berlin] PHP Warning:  Undefined array key "status" in /Applications/XAMPP/xamppfiles/htdocs/sportsync/public/admin.php on line 867
[23-Apr-2025 17:12:02 Europe/Berlin] PHP Warning:  Undefined array key "status" in /Applications/XAMPP/xamppfiles/htdocs/sportsync/public/admin.php on line 865
[23-Apr-2025 17:12:02 Europe/Berlin] PHP Warning:  Undefined array key "status" in /Applications/XAMPP/xamppfiles/htdocs/sportsync/public/admin.php on line 866
[23-Apr-2025 17:12:02 Europe/Berlin] PHP Warning:  Undefined array key "status" in /Applications/XAMPP/xamppfiles/htdocs/sportsync/public/admin.php on line 867
[23-Apr-2025 17:12:02 Europe/Berlin] PHP Warning:  Undefined array key "status" in /Applications/XAMPP/xamppfiles/htdocs/sportsync/public/admin.php on line 865
[23-Apr-2025 17:12:02 Europe/Berlin] PHP Warning:  Undefined array key "status" in /Applications/XAMPP/xamppfiles/htdocs/sportsync/public/admin.php on line 866
[23-Apr-2025 17:12:02 Europe/Berlin] PHP Warning:  Undefined array key "status" in /Applications/XAMPP/xamppfiles/htdocs/sportsync/public/admin.php on line 867
[23-Apr-2025 17:12:02 Europe/Berlin] PHP Warning:  Undefined array key "status" in /Applications/XAMPP/xamppfiles/htdocs/sportsync/public/admin.php on line 865
[23-Apr-2025 17:12:02 Europe/Berlin] PHP Warning:  Undefined array key "status" in /Applications/XAMPP/xamppfiles/htdocs/sportsync/public/admin.php on line 866
[23-Apr-2025 17:12:02 Europe/Berlin] PHP Warning:  Undefined array key "status" in /Applications/XAMPP/xamppfiles/htdocs/sportsync/public/admin.php on line 867
[23-Apr-2025 17:12:02 Europe/Berlin] PHP Warning:  Undefined array key "status" in /Applications/XAMPP/xamppfiles/htdocs/sportsync/public/admin.php on line 865
[23-Apr-2025 17:12:02 Europe/Berlin] PHP Warning:  Undefined array key "status" in /Applications/XAMPP/xamppfiles/htdocs/sportsync/public/admin.php on line 866
[23-Apr-2025 17:12:02 Europe/Berlin] PHP Warning:  Undefined array key "status" in /Applications/XAMPP/xamppfiles/htdocs/sportsync/public/admin.php on line 867
[23-Apr-2025 17:12:02 Europe/Berlin] PHP Warning:  Undefined array key "status" in /Applications/XAMPP/xamppfiles/htdocs/sportsync/public/admin.php on line 865
[23-Apr-2025 17:12:02 Europe/Berlin] PHP Warning:  Undefined array key "status" in /Applications/XAMPP/xamppfiles/htdocs/sportsync/public/admin.php on line 866
[23-Apr-2025 17:12:02 Europe/Berlin] PHP Warning:  Undefined array key "status" in /Applications/XAMPP/xamppfiles/htdocs/sportsync/public/admin.php on line 867
[23-Apr-2025 17:12:02 Europe/Berlin] PHP Warning:  Undefined array key "status" in /Applications/XAMPP/xamppfiles/htdocs/sportsync/public/admin.php on line 865
[23-Apr-2025 17:12:02 Europe/Berlin] PHP Warning:  Undefined array key "status" in /Applications/XAMPP/xamppfiles/htdocs/sportsync/public/admin.php on line 866
[23-Apr-2025 17:12:02 Europe/Berlin] PHP Warning:  Undefined array key "status" in /Applications/XAMPP/xamppfiles/htdocs/sportsync/public/admin.php on line 867
[23-Apr-2025 17:12:02 Europe/Berlin] PHP Warning:  Undefined array key "status" in /Applications/XAMPP/xamppfiles/htdocs/sportsync/public/admin.php on line 865
[23-Apr-2025 17:12:02 Europe/Berlin] PHP Warning:  Undefined array key "status" in /Applications/XAMPP/xamppfiles/htdocs/sportsync/public/admin.php on line 866
[23-Apr-2025 17:12:02 Europe/Berlin] PHP Warning:  Undefined array key "status" in /Applications/XAMPP/xamppfiles/htdocs/sportsync/public/admin.php on line 867
[23-Apr-2025 17:12:02 Europe/Berlin] PHP Warning:  Undefined array key "status" in /Applications/XAMPP/xamppfiles/htdocs/sportsync/public/admin.php on line 865
[23-Apr-2025 17:12:02 Europe/Berlin] PHP Warning:  Undefined array key "status" in /Applications/XAMPP/xamppfiles/htdocs/sportsync/public/admin.php on line 866
[23-Apr-2025 17:12:02 Europe/Berlin] PHP Warning:  Undefined array key "status" in /Applications/XAMPP/xamppfiles/htdocs/sportsync/public/admin.php on line 867
[23-Apr-2025 17:12:02 Europe/Berlin] PHP Warning:  Undefined array key "status" in /Applications/XAMPP/xamppfiles/htdocs/sportsync/public/admin.php on line 865
[23-Apr-2025 17:12:02 Europe/Berlin] PHP Warning:  Undefined array key "status" in /Applications/XAMPP/xamppfiles/htdocs/sportsync/public/admin.php on line 866
[23-Apr-2025 17:12:02 Europe/Berlin] PHP Warning:  Undefined array key "status" in /Applications/XAMPP/xamppfiles/htdocs/sportsync/public/admin.php on line 867
[23-Apr-2025 17:15:05 Europe/Berlin] Connected to database. Tables found: favorites, feedback, matches, matches_backup, matches_new, news, newsletter, notifications, players, subscriptions, users
[23-Apr-2025 17:15:05 Europe/Berlin] Executing SQL: CREATE TABLE IF NOT EXISTS users (
                id INT AUTO_INCREMENT PRIMARY KEY,
                username VARCHAR(50) NOT NULL UNIQUE,
                password VARCHAR(255) NOT NULL,
                email VARCHAR(100) NOT NULL UNIQUE,
                account_type ENUM('user', 'admin') DEFAULT 'user',
                created_at TIMESTAMP DEFAULT CURRENT_TIMESTAMP
            )
[23-Apr-2025 17:15:05 Europe/Berlin] With params: []
[23-Apr-2025 17:15:05 Europe/Berlin] Query executed successfully. Found 0 rows
[23-Apr-2025 17:15:05 Europe/Berlin] Users table created or already exists
[23-Apr-2025 17:15:05 Europe/Berlin] Users table structure: [{"Field":"id","Type":"int(11)","Null":"NO","Key":"PRI","Default":null,"Extra":"auto_increment"},{"Field":"username","Type":"varchar(50)","Null":"NO","Key":"","Default":null,"Extra":""},{"Field":"email","Type":"varchar(100)","Null":"NO","Key":"UNI","Default":null,"Extra":""},{"Field":"password","Type":"varchar(255)","Null":"NO","Key":"","Default":null,"Extra":""},{"Field":"role","Type":"enum('user','admin')","Null":"YES","Key":"","Default":"user","Extra":""},{"Field":"verification_code","Type":"varchar(100)","Null":"YES","Key":"","Default":null,"Extra":""},{"Field":"is_verified","Type":"tinyint(1)","Null":"YES","Key":"","Default":"0","Extra":""},{"Field":"created_at","Type":"timestamp","Null":"NO","Key":"","Default":"current_timestamp()","Extra":""},{"Field":"favorite_sport","Type":"varchar(50)","Null":"YES","Key":"","Default":null,"Extra":""},{"Field":"favorite_team","Type":"varchar(50)","Null":"YES","Key":"","Default":null,"Extra":""},{"Field":"account_type","Type":"enum('user','admin')","Null":"YES","Key":"","Default":"user","Extra":""}]
[23-Apr-2025 17:15:05 Europe/Berlin] Number of users in database: 13
[23-Apr-2025 17:15:05 Europe/Berlin] All tables initialized successfully
[23-Apr-2025 17:15:05 Europe/Berlin] Connected to database. Tables found: favorites, feedback, matches, matches_backup, matches_new, news, newsletter, notifications, players, subscriptions, users
[23-Apr-2025 17:15:05 Europe/Berlin] Executing SQL: CREATE TABLE IF NOT EXISTS users (
                id INT AUTO_INCREMENT PRIMARY KEY,
                username VARCHAR(50) NOT NULL UNIQUE,
                password VARCHAR(255) NOT NULL,
                email VARCHAR(100) NOT NULL UNIQUE,
                account_type ENUM('user', 'admin') DEFAULT 'user',
                created_at TIMESTAMP DEFAULT CURRENT_TIMESTAMP
            )
[23-Apr-2025 17:15:05 Europe/Berlin] With params: []
[23-Apr-2025 17:15:05 Europe/Berlin] Query executed successfully. Found 0 rows
[23-Apr-2025 17:15:05 Europe/Berlin] Users table created or already exists
[23-Apr-2025 17:15:05 Europe/Berlin] Users table structure: [{"Field":"id","Type":"int(11)","Null":"NO","Key":"PRI","Default":null,"Extra":"auto_increment"},{"Field":"username","Type":"varchar(50)","Null":"NO","Key":"","Default":null,"Extra":""},{"Field":"email","Type":"varchar(100)","Null":"NO","Key":"UNI","Default":null,"Extra":""},{"Field":"password","Type":"varchar(255)","Null":"NO","Key":"","Default":null,"Extra":""},{"Field":"role","Type":"enum('user','admin')","Null":"YES","Key":"","Default":"user","Extra":""},{"Field":"verification_code","Type":"varchar(100)","Null":"YES","Key":"","Default":null,"Extra":""},{"Field":"is_verified","Type":"tinyint(1)","Null":"YES","Key":"","Default":"0","Extra":""},{"Field":"created_at","Type":"timestamp","Null":"NO","Key":"","Default":"current_timestamp()","Extra":""},{"Field":"favorite_sport","Type":"varchar(50)","Null":"YES","Key":"","Default":null,"Extra":""},{"Field":"favorite_team","Type":"varchar(50)","Null":"YES","Key":"","Default":null,"Extra":""},{"Field":"account_type","Type":"enum('user','admin')","Null":"YES","Key":"","Default":"user","Extra":""}]
[23-Apr-2025 17:15:05 Europe/Berlin] Number of users in database: 13
[23-Apr-2025 17:15:05 Europe/Berlin] All tables initialized successfully
[23-Apr-2025 17:15:05 Europe/Berlin] Database tables initialized successfully
[23-Apr-2025 17:15:05 Europe/Berlin] Executing SQL: SELECT * FROM users WHERE id = :id
[23-Apr-2025 17:15:05 Europe/Berlin] With params: {":id":12}
[23-Apr-2025 17:15:05 Europe/Berlin] Query executed successfully. Found 1 rows
[23-Apr-2025 17:15:05 Europe/Berlin] User loaded from session: varunpndey
[23-Apr-2025 17:15:05 Europe/Berlin] Executing SQL: SELECT * FROM users WHERE id = :id
[23-Apr-2025 17:15:05 Europe/Berlin] With params: {":id":12}
[23-Apr-2025 17:15:05 Europe/Berlin] Query executed successfully. Found 1 rows
[23-Apr-2025 17:15:05 Europe/Berlin] Executing SQL: SELECT * FROM news ORDER BY created_at DESC
[23-Apr-2025 17:15:05 Europe/Berlin] With params: []
[23-Apr-2025 17:15:05 Europe/Berlin] Query executed successfully. Found 8 rows
[23-Apr-2025 17:15:05 Europe/Berlin] Executing SQL: SELECT * FROM feedback ORDER BY created_at DESC
[23-Apr-2025 17:15:05 Europe/Berlin] With params: []
[23-Apr-2025 17:15:05 Europe/Berlin] Query executed successfully. Found 10 rows
[23-Apr-2025 17:15:05 Europe/Berlin] Executing SQL: SELECT * FROM matches WHERE status = 'live'
[23-Apr-2025 17:15:05 Europe/Berlin] With params: []
[23-Apr-2025 17:15:05 Europe/Berlin] Query executed successfully. Found 0 rows
[23-Apr-2025 17:15:05 Europe/Berlin] Executing SQL: SELECT * FROM matches WHERE 1=1 ORDER BY match_time DESC
[23-Apr-2025 17:15:05 Europe/Berlin] With params: []
[23-Apr-2025 17:15:05 Europe/Berlin] Query executed successfully. Found 5 rows
[23-Apr-2025 17:15:05 Europe/Berlin] PHP Warning:  Undefined array key "status" in /Applications/XAMPP/xamppfiles/htdocs/sportsync/public/admin.php on line 865
[23-Apr-2025 17:15:05 Europe/Berlin] PHP Warning:  Undefined array key "status" in /Applications/XAMPP/xamppfiles/htdocs/sportsync/public/admin.php on line 866
[23-Apr-2025 17:15:05 Europe/Berlin] PHP Warning:  Undefined array key "status" in /Applications/XAMPP/xamppfiles/htdocs/sportsync/public/admin.php on line 867
[23-Apr-2025 17:15:05 Europe/Berlin] PHP Warning:  Undefined array key "status" in /Applications/XAMPP/xamppfiles/htdocs/sportsync/public/admin.php on line 865
[23-Apr-2025 17:15:05 Europe/Berlin] PHP Warning:  Undefined array key "status" in /Applications/XAMPP/xamppfiles/htdocs/sportsync/public/admin.php on line 866
[23-Apr-2025 17:15:05 Europe/Berlin] PHP Warning:  Undefined array key "status" in /Applications/XAMPP/xamppfiles/htdocs/sportsync/public/admin.php on line 867
[23-Apr-2025 17:15:05 Europe/Berlin] PHP Warning:  Undefined array key "status" in /Applications/XAMPP/xamppfiles/htdocs/sportsync/public/admin.php on line 865
[23-Apr-2025 17:15:05 Europe/Berlin] PHP Warning:  Undefined array key "status" in /Applications/XAMPP/xamppfiles/htdocs/sportsync/public/admin.php on line 866
[23-Apr-2025 17:15:05 Europe/Berlin] PHP Warning:  Undefined array key "status" in /Applications/XAMPP/xamppfiles/htdocs/sportsync/public/admin.php on line 867
[23-Apr-2025 17:15:05 Europe/Berlin] PHP Warning:  Undefined array key "status" in /Applications/XAMPP/xamppfiles/htdocs/sportsync/public/admin.php on line 865
[23-Apr-2025 17:15:05 Europe/Berlin] PHP Warning:  Undefined array key "status" in /Applications/XAMPP/xamppfiles/htdocs/sportsync/public/admin.php on line 866
[23-Apr-2025 17:15:05 Europe/Berlin] PHP Warning:  Undefined array key "status" in /Applications/XAMPP/xamppfiles/htdocs/sportsync/public/admin.php on line 867
[23-Apr-2025 17:15:05 Europe/Berlin] PHP Warning:  Undefined array key "status" in /Applications/XAMPP/xamppfiles/htdocs/sportsync/public/admin.php on line 865
[23-Apr-2025 17:15:05 Europe/Berlin] PHP Warning:  Undefined array key "status" in /Applications/XAMPP/xamppfiles/htdocs/sportsync/public/admin.php on line 866
[23-Apr-2025 17:15:05 Europe/Berlin] PHP Warning:  Undefined array key "status" in /Applications/XAMPP/xamppfiles/htdocs/sportsync/public/admin.php on line 867
[23-Apr-2025 17:15:05 Europe/Berlin] PHP Warning:  Undefined array key "status" in /Applications/XAMPP/xamppfiles/htdocs/sportsync/public/admin.php on line 865
[23-Apr-2025 17:15:05 Europe/Berlin] PHP Warning:  Undefined array key "status" in /Applications/XAMPP/xamppfiles/htdocs/sportsync/public/admin.php on line 866
[23-Apr-2025 17:15:05 Europe/Berlin] PHP Warning:  Undefined array key "status" in /Applications/XAMPP/xamppfiles/htdocs/sportsync/public/admin.php on line 867
[23-Apr-2025 17:15:05 Europe/Berlin] PHP Warning:  Undefined array key "status" in /Applications/XAMPP/xamppfiles/htdocs/sportsync/public/admin.php on line 865
[23-Apr-2025 17:15:05 Europe/Berlin] PHP Warning:  Undefined array key "status" in /Applications/XAMPP/xamppfiles/htdocs/sportsync/public/admin.php on line 866
[23-Apr-2025 17:15:05 Europe/Berlin] PHP Warning:  Undefined array key "status" in /Applications/XAMPP/xamppfiles/htdocs/sportsync/public/admin.php on line 867
[23-Apr-2025 17:15:05 Europe/Berlin] PHP Warning:  Undefined array key "status" in /Applications/XAMPP/xamppfiles/htdocs/sportsync/public/admin.php on line 865
[23-Apr-2025 17:15:05 Europe/Berlin] PHP Warning:  Undefined array key "status" in /Applications/XAMPP/xamppfiles/htdocs/sportsync/public/admin.php on line 866
[23-Apr-2025 17:15:05 Europe/Berlin] PHP Warning:  Undefined array key "status" in /Applications/XAMPP/xamppfiles/htdocs/sportsync/public/admin.php on line 867
[23-Apr-2025 17:15:05 Europe/Berlin] PHP Warning:  Undefined array key "status" in /Applications/XAMPP/xamppfiles/htdocs/sportsync/public/admin.php on line 865
[23-Apr-2025 17:15:05 Europe/Berlin] PHP Warning:  Undefined array key "status" in /Applications/XAMPP/xamppfiles/htdocs/sportsync/public/admin.php on line 866
[23-Apr-2025 17:15:05 Europe/Berlin] PHP Warning:  Undefined array key "status" in /Applications/XAMPP/xamppfiles/htdocs/sportsync/public/admin.php on line 867
[23-Apr-2025 17:15:05 Europe/Berlin] PHP Warning:  Undefined array key "status" in /Applications/XAMPP/xamppfiles/htdocs/sportsync/public/admin.php on line 865
[23-Apr-2025 17:15:05 Europe/Berlin] PHP Warning:  Undefined array key "status" in /Applications/XAMPP/xamppfiles/htdocs/sportsync/public/admin.php on line 866
[23-Apr-2025 17:15:05 Europe/Berlin] PHP Warning:  Undefined array key "status" in /Applications/XAMPP/xamppfiles/htdocs/sportsync/public/admin.php on line 867
[23-Apr-2025 17:17:06 Europe/Berlin] Connected to database. Tables found: favorites, feedback, matches, matches_backup, matches_new, news, newsletter, notifications, players, subscriptions, users
[23-Apr-2025 17:17:06 Europe/Berlin] Executing SQL: CREATE TABLE IF NOT EXISTS users (
                id INT AUTO_INCREMENT PRIMARY KEY,
                username VARCHAR(50) NOT NULL UNIQUE,
                password VARCHAR(255) NOT NULL,
                email VARCHAR(100) NOT NULL UNIQUE,
                account_type ENUM('user', 'admin') DEFAULT 'user',
                created_at TIMESTAMP DEFAULT CURRENT_TIMESTAMP
            )
[23-Apr-2025 17:17:06 Europe/Berlin] With params: []
[23-Apr-2025 17:17:06 Europe/Berlin] Query executed successfully. Found 0 rows
[23-Apr-2025 17:17:06 Europe/Berlin] Users table created or already exists
[23-Apr-2025 17:17:06 Europe/Berlin] Users table structure: [{"Field":"id","Type":"int(11)","Null":"NO","Key":"PRI","Default":null,"Extra":"auto_increment"},{"Field":"username","Type":"varchar(50)","Null":"NO","Key":"","Default":null,"Extra":""},{"Field":"email","Type":"varchar(100)","Null":"NO","Key":"UNI","Default":null,"Extra":""},{"Field":"password","Type":"varchar(255)","Null":"NO","Key":"","Default":null,"Extra":""},{"Field":"role","Type":"enum('user','admin')","Null":"YES","Key":"","Default":"user","Extra":""},{"Field":"verification_code","Type":"varchar(100)","Null":"YES","Key":"","Default":null,"Extra":""},{"Field":"is_verified","Type":"tinyint(1)","Null":"YES","Key":"","Default":"0","Extra":""},{"Field":"created_at","Type":"timestamp","Null":"NO","Key":"","Default":"current_timestamp()","Extra":""},{"Field":"favorite_sport","Type":"varchar(50)","Null":"YES","Key":"","Default":null,"Extra":""},{"Field":"favorite_team","Type":"varchar(50)","Null":"YES","Key":"","Default":null,"Extra":""},{"Field":"account_type","Type":"enum('user','admin')","Null":"YES","Key":"","Default":"user","Extra":""}]
[23-Apr-2025 17:17:06 Europe/Berlin] Number of users in database: 13
[23-Apr-2025 17:17:06 Europe/Berlin] All tables initialized successfully
[23-Apr-2025 17:17:06 Europe/Berlin] Connected to database. Tables found: favorites, feedback, matches, matches_backup, matches_new, news, newsletter, notifications, players, subscriptions, users
[23-Apr-2025 17:17:06 Europe/Berlin] Executing SQL: CREATE TABLE IF NOT EXISTS users (
                id INT AUTO_INCREMENT PRIMARY KEY,
                username VARCHAR(50) NOT NULL UNIQUE,
                password VARCHAR(255) NOT NULL,
                email VARCHAR(100) NOT NULL UNIQUE,
                account_type ENUM('user', 'admin') DEFAULT 'user',
                created_at TIMESTAMP DEFAULT CURRENT_TIMESTAMP
            )
[23-Apr-2025 17:17:06 Europe/Berlin] With params: []
[23-Apr-2025 17:17:06 Europe/Berlin] Query executed successfully. Found 0 rows
[23-Apr-2025 17:17:06 Europe/Berlin] Users table created or already exists
[23-Apr-2025 17:17:06 Europe/Berlin] Users table structure: [{"Field":"id","Type":"int(11)","Null":"NO","Key":"PRI","Default":null,"Extra":"auto_increment"},{"Field":"username","Type":"varchar(50)","Null":"NO","Key":"","Default":null,"Extra":""},{"Field":"email","Type":"varchar(100)","Null":"NO","Key":"UNI","Default":null,"Extra":""},{"Field":"password","Type":"varchar(255)","Null":"NO","Key":"","Default":null,"Extra":""},{"Field":"role","Type":"enum('user','admin')","Null":"YES","Key":"","Default":"user","Extra":""},{"Field":"verification_code","Type":"varchar(100)","Null":"YES","Key":"","Default":null,"Extra":""},{"Field":"is_verified","Type":"tinyint(1)","Null":"YES","Key":"","Default":"0","Extra":""},{"Field":"created_at","Type":"timestamp","Null":"NO","Key":"","Default":"current_timestamp()","Extra":""},{"Field":"favorite_sport","Type":"varchar(50)","Null":"YES","Key":"","Default":null,"Extra":""},{"Field":"favorite_team","Type":"varchar(50)","Null":"YES","Key":"","Default":null,"Extra":""},{"Field":"account_type","Type":"enum('user','admin')","Null":"YES","Key":"","Default":"user","Extra":""}]
[23-Apr-2025 17:17:06 Europe/Berlin] Number of users in database: 13
[23-Apr-2025 17:17:06 Europe/Berlin] All tables initialized successfully
[23-Apr-2025 17:17:06 Europe/Berlin] Database tables initialized successfully
[23-Apr-2025 17:17:06 Europe/Berlin] Executing SQL: SELECT * FROM users WHERE id = :id
[23-Apr-2025 17:17:06 Europe/Berlin] With params: {":id":12}
[23-Apr-2025 17:17:06 Europe/Berlin] Query executed successfully. Found 1 rows
[23-Apr-2025 17:17:06 Europe/Berlin] User loaded from session: varunpndey
[23-Apr-2025 17:17:06 Europe/Berlin] Executing SQL: SELECT * FROM users WHERE id = :id
[23-Apr-2025 17:17:06 Europe/Berlin] With params: {":id":12}
[23-Apr-2025 17:17:06 Europe/Berlin] Query executed successfully. Found 1 rows
[23-Apr-2025 17:17:06 Europe/Berlin] Executing SQL: SELECT * FROM news ORDER BY created_at DESC
[23-Apr-2025 17:17:06 Europe/Berlin] With params: []
[23-Apr-2025 17:17:06 Europe/Berlin] Query executed successfully. Found 8 rows
[23-Apr-2025 17:17:06 Europe/Berlin] Executing SQL: SELECT * FROM feedback ORDER BY created_at DESC
[23-Apr-2025 17:17:06 Europe/Berlin] With params: []
[23-Apr-2025 17:17:06 Europe/Berlin] Query executed successfully. Found 10 rows
[23-Apr-2025 17:17:06 Europe/Berlin] Executing SQL: SELECT * FROM matches WHERE status = 'live'
[23-Apr-2025 17:17:06 Europe/Berlin] With params: []
[23-Apr-2025 17:17:06 Europe/Berlin] Query executed successfully. Found 0 rows
[23-Apr-2025 17:17:06 Europe/Berlin] Executing SQL: SELECT * FROM matches WHERE 1=1 ORDER BY match_time DESC
[23-Apr-2025 17:17:06 Europe/Berlin] With params: []
[23-Apr-2025 17:17:06 Europe/Berlin] Query executed successfully. Found 5 rows
[23-Apr-2025 17:17:06 Europe/Berlin] PHP Warning:  Undefined array key "status" in /Applications/XAMPP/xamppfiles/htdocs/sportsync/public/admin.php on line 865
[23-Apr-2025 17:17:06 Europe/Berlin] PHP Warning:  Undefined array key "status" in /Applications/XAMPP/xamppfiles/htdocs/sportsync/public/admin.php on line 866
[23-Apr-2025 17:17:06 Europe/Berlin] PHP Warning:  Undefined array key "status" in /Applications/XAMPP/xamppfiles/htdocs/sportsync/public/admin.php on line 867
[23-Apr-2025 17:17:06 Europe/Berlin] PHP Warning:  Undefined array key "status" in /Applications/XAMPP/xamppfiles/htdocs/sportsync/public/admin.php on line 865
[23-Apr-2025 17:17:06 Europe/Berlin] PHP Warning:  Undefined array key "status" in /Applications/XAMPP/xamppfiles/htdocs/sportsync/public/admin.php on line 866
[23-Apr-2025 17:17:06 Europe/Berlin] PHP Warning:  Undefined array key "status" in /Applications/XAMPP/xamppfiles/htdocs/sportsync/public/admin.php on line 867
[23-Apr-2025 17:17:06 Europe/Berlin] PHP Warning:  Undefined array key "status" in /Applications/XAMPP/xamppfiles/htdocs/sportsync/public/admin.php on line 865
[23-Apr-2025 17:17:06 Europe/Berlin] PHP Warning:  Undefined array key "status" in /Applications/XAMPP/xamppfiles/htdocs/sportsync/public/admin.php on line 866
[23-Apr-2025 17:17:06 Europe/Berlin] PHP Warning:  Undefined array key "status" in /Applications/XAMPP/xamppfiles/htdocs/sportsync/public/admin.php on line 867
[23-Apr-2025 17:17:06 Europe/Berlin] PHP Warning:  Undefined array key "status" in /Applications/XAMPP/xamppfiles/htdocs/sportsync/public/admin.php on line 865
[23-Apr-2025 17:17:06 Europe/Berlin] PHP Warning:  Undefined array key "status" in /Applications/XAMPP/xamppfiles/htdocs/sportsync/public/admin.php on line 866
[23-Apr-2025 17:17:06 Europe/Berlin] PHP Warning:  Undefined array key "status" in /Applications/XAMPP/xamppfiles/htdocs/sportsync/public/admin.php on line 867
[23-Apr-2025 17:17:06 Europe/Berlin] PHP Warning:  Undefined array key "status" in /Applications/XAMPP/xamppfiles/htdocs/sportsync/public/admin.php on line 865
[23-Apr-2025 17:17:06 Europe/Berlin] PHP Warning:  Undefined array key "status" in /Applications/XAMPP/xamppfiles/htdocs/sportsync/public/admin.php on line 866
[23-Apr-2025 17:17:06 Europe/Berlin] PHP Warning:  Undefined array key "status" in /Applications/XAMPP/xamppfiles/htdocs/sportsync/public/admin.php on line 867
[23-Apr-2025 17:17:06 Europe/Berlin] PHP Warning:  Undefined array key "status" in /Applications/XAMPP/xamppfiles/htdocs/sportsync/public/admin.php on line 865
[23-Apr-2025 17:17:06 Europe/Berlin] PHP Warning:  Undefined array key "status" in /Applications/XAMPP/xamppfiles/htdocs/sportsync/public/admin.php on line 866
[23-Apr-2025 17:17:06 Europe/Berlin] PHP Warning:  Undefined array key "status" in /Applications/XAMPP/xamppfiles/htdocs/sportsync/public/admin.php on line 867
[23-Apr-2025 17:17:06 Europe/Berlin] PHP Warning:  Undefined array key "status" in /Applications/XAMPP/xamppfiles/htdocs/sportsync/public/admin.php on line 865
[23-Apr-2025 17:17:06 Europe/Berlin] PHP Warning:  Undefined array key "status" in /Applications/XAMPP/xamppfiles/htdocs/sportsync/public/admin.php on line 866
[23-Apr-2025 17:17:06 Europe/Berlin] PHP Warning:  Undefined array key "status" in /Applications/XAMPP/xamppfiles/htdocs/sportsync/public/admin.php on line 867
[23-Apr-2025 17:17:06 Europe/Berlin] PHP Warning:  Undefined array key "status" in /Applications/XAMPP/xamppfiles/htdocs/sportsync/public/admin.php on line 865
[23-Apr-2025 17:17:06 Europe/Berlin] PHP Warning:  Undefined array key "status" in /Applications/XAMPP/xamppfiles/htdocs/sportsync/public/admin.php on line 866
[23-Apr-2025 17:17:06 Europe/Berlin] PHP Warning:  Undefined array key "status" in /Applications/XAMPP/xamppfiles/htdocs/sportsync/public/admin.php on line 867
[23-Apr-2025 17:17:06 Europe/Berlin] PHP Warning:  Undefined array key "status" in /Applications/XAMPP/xamppfiles/htdocs/sportsync/public/admin.php on line 865
[23-Apr-2025 17:17:06 Europe/Berlin] PHP Warning:  Undefined array key "status" in /Applications/XAMPP/xamppfiles/htdocs/sportsync/public/admin.php on line 866
[23-Apr-2025 17:17:06 Europe/Berlin] PHP Warning:  Undefined array key "status" in /Applications/XAMPP/xamppfiles/htdocs/sportsync/public/admin.php on line 867
[23-Apr-2025 17:17:06 Europe/Berlin] PHP Warning:  Undefined array key "status" in /Applications/XAMPP/xamppfiles/htdocs/sportsync/public/admin.php on line 865
[23-Apr-2025 17:17:06 Europe/Berlin] PHP Warning:  Undefined array key "status" in /Applications/XAMPP/xamppfiles/htdocs/sportsync/public/admin.php on line 866
[23-Apr-2025 17:17:06 Europe/Berlin] PHP Warning:  Undefined array key "status" in /Applications/XAMPP/xamppfiles/htdocs/sportsync/public/admin.php on line 867
[23-Apr-2025 17:21:28 Europe/Berlin] Connected to database. Tables found: favorites, feedback, matches, matches_backup, matches_new, news, newsletter, notifications, players, subscriptions, users
[23-Apr-2025 17:21:28 Europe/Berlin] Executing SQL: CREATE TABLE IF NOT EXISTS users (
                id INT AUTO_INCREMENT PRIMARY KEY,
                username VARCHAR(50) NOT NULL UNIQUE,
                password VARCHAR(255) NOT NULL,
                email VARCHAR(100) NOT NULL UNIQUE,
                account_type ENUM('user', 'admin') DEFAULT 'user',
                created_at TIMESTAMP DEFAULT CURRENT_TIMESTAMP
            )
[23-Apr-2025 17:21:28 Europe/Berlin] With params: []
[23-Apr-2025 17:21:28 Europe/Berlin] Query executed successfully. Found 0 rows
[23-Apr-2025 17:21:28 Europe/Berlin] Users table created or already exists
[23-Apr-2025 17:21:28 Europe/Berlin] Users table structure: [{"Field":"id","Type":"int(11)","Null":"NO","Key":"PRI","Default":null,"Extra":"auto_increment"},{"Field":"username","Type":"varchar(50)","Null":"NO","Key":"","Default":null,"Extra":""},{"Field":"email","Type":"varchar(100)","Null":"NO","Key":"UNI","Default":null,"Extra":""},{"Field":"password","Type":"varchar(255)","Null":"NO","Key":"","Default":null,"Extra":""},{"Field":"role","Type":"enum('user','admin')","Null":"YES","Key":"","Default":"user","Extra":""},{"Field":"verification_code","Type":"varchar(100)","Null":"YES","Key":"","Default":null,"Extra":""},{"Field":"is_verified","Type":"tinyint(1)","Null":"YES","Key":"","Default":"0","Extra":""},{"Field":"created_at","Type":"timestamp","Null":"NO","Key":"","Default":"current_timestamp()","Extra":""},{"Field":"favorite_sport","Type":"varchar(50)","Null":"YES","Key":"","Default":null,"Extra":""},{"Field":"favorite_team","Type":"varchar(50)","Null":"YES","Key":"","Default":null,"Extra":""},{"Field":"account_type","Type":"enum('user','admin')","Null":"YES","Key":"","Default":"user","Extra":""}]
[23-Apr-2025 17:21:28 Europe/Berlin] Number of users in database: 13
[23-Apr-2025 17:21:28 Europe/Berlin] All tables initialized successfully
[23-Apr-2025 17:21:28 Europe/Berlin] Connected to database. Tables found: favorites, feedback, matches, matches_backup, matches_new, news, newsletter, notifications, players, subscriptions, users
[23-Apr-2025 17:21:28 Europe/Berlin] Executing SQL: CREATE TABLE IF NOT EXISTS users (
                id INT AUTO_INCREMENT PRIMARY KEY,
                username VARCHAR(50) NOT NULL UNIQUE,
                password VARCHAR(255) NOT NULL,
                email VARCHAR(100) NOT NULL UNIQUE,
                account_type ENUM('user', 'admin') DEFAULT 'user',
                created_at TIMESTAMP DEFAULT CURRENT_TIMESTAMP
            )
[23-Apr-2025 17:21:28 Europe/Berlin] With params: []
[23-Apr-2025 17:21:28 Europe/Berlin] Query executed successfully. Found 0 rows
[23-Apr-2025 17:21:28 Europe/Berlin] Users table created or already exists
[23-Apr-2025 17:21:28 Europe/Berlin] Users table structure: [{"Field":"id","Type":"int(11)","Null":"NO","Key":"PRI","Default":null,"Extra":"auto_increment"},{"Field":"username","Type":"varchar(50)","Null":"NO","Key":"","Default":null,"Extra":""},{"Field":"email","Type":"varchar(100)","Null":"NO","Key":"UNI","Default":null,"Extra":""},{"Field":"password","Type":"varchar(255)","Null":"NO","Key":"","Default":null,"Extra":""},{"Field":"role","Type":"enum('user','admin')","Null":"YES","Key":"","Default":"user","Extra":""},{"Field":"verification_code","Type":"varchar(100)","Null":"YES","Key":"","Default":null,"Extra":""},{"Field":"is_verified","Type":"tinyint(1)","Null":"YES","Key":"","Default":"0","Extra":""},{"Field":"created_at","Type":"timestamp","Null":"NO","Key":"","Default":"current_timestamp()","Extra":""},{"Field":"favorite_sport","Type":"varchar(50)","Null":"YES","Key":"","Default":null,"Extra":""},{"Field":"favorite_team","Type":"varchar(50)","Null":"YES","Key":"","Default":null,"Extra":""},{"Field":"account_type","Type":"enum('user','admin')","Null":"YES","Key":"","Default":"user","Extra":""}]
[23-Apr-2025 17:21:28 Europe/Berlin] Number of users in database: 13
[23-Apr-2025 17:21:28 Europe/Berlin] All tables initialized successfully
[23-Apr-2025 17:21:28 Europe/Berlin] Database tables initialized successfully
[23-Apr-2025 17:21:28 Europe/Berlin] Executing SQL: SELECT * FROM users WHERE id = :id
[23-Apr-2025 17:21:28 Europe/Berlin] With params: {":id":12}
[23-Apr-2025 17:21:28 Europe/Berlin] Query executed successfully. Found 1 rows
[23-Apr-2025 17:21:28 Europe/Berlin] User loaded from session: varunpndey
[23-Apr-2025 17:21:28 Europe/Berlin] Executing SQL: SELECT * FROM users WHERE id = :id
[23-Apr-2025 17:21:28 Europe/Berlin] With params: {":id":12}
[23-Apr-2025 17:21:28 Europe/Berlin] Query executed successfully. Found 1 rows
[23-Apr-2025 17:21:28 Europe/Berlin] Executing SQL: UPDATE matches SET team1 = :team1, team2 = :team2, venue = :venue, match_time = :match_time, sport = :sport, status = :status, team1_score = :team1_score, team2_score = :team2_score, team1_wickets = :team1_wickets, team2_wickets = :team2_wickets, team1_overs = :team1_overs, team2_overs = :team2_overs WHERE id = :id
[23-Apr-2025 17:21:28 Europe/Berlin] With params: {":id":"42",":team1":"Rcb",":team2":"PBKS",":venue":"kolkata",":match_time":"2025-04-27T10:00",":sport":"cricket",":status":"live",":team1_score":"0",":team2_score":"0",":team1_wickets":"0",":team2_wickets":"0",":team1_overs":"0.0",":team2_overs":"0.0"}
[23-Apr-2025 17:21:28 Europe/Berlin] Query executed successfully. Found 0 rows
[23-Apr-2025 17:21:29 Europe/Berlin] Connected to database. Tables found: favorites, feedback, matches, matches_backup, matches_new, news, newsletter, notifications, players, subscriptions, users
[23-Apr-2025 17:21:29 Europe/Berlin] Executing SQL: CREATE TABLE IF NOT EXISTS users (
                id INT AUTO_INCREMENT PRIMARY KEY,
                username VARCHAR(50) NOT NULL UNIQUE,
                password VARCHAR(255) NOT NULL,
                email VARCHAR(100) NOT NULL UNIQUE,
                account_type ENUM('user', 'admin') DEFAULT 'user',
                created_at TIMESTAMP DEFAULT CURRENT_TIMESTAMP
            )
[23-Apr-2025 17:21:29 Europe/Berlin] With params: []
[23-Apr-2025 17:21:29 Europe/Berlin] Query executed successfully. Found 0 rows
[23-Apr-2025 17:21:29 Europe/Berlin] Users table created or already exists
[23-Apr-2025 17:21:29 Europe/Berlin] Users table structure: [{"Field":"id","Type":"int(11)","Null":"NO","Key":"PRI","Default":null,"Extra":"auto_increment"},{"Field":"username","Type":"varchar(50)","Null":"NO","Key":"","Default":null,"Extra":""},{"Field":"email","Type":"varchar(100)","Null":"NO","Key":"UNI","Default":null,"Extra":""},{"Field":"password","Type":"varchar(255)","Null":"NO","Key":"","Default":null,"Extra":""},{"Field":"role","Type":"enum('user','admin')","Null":"YES","Key":"","Default":"user","Extra":""},{"Field":"verification_code","Type":"varchar(100)","Null":"YES","Key":"","Default":null,"Extra":""},{"Field":"is_verified","Type":"tinyint(1)","Null":"YES","Key":"","Default":"0","Extra":""},{"Field":"created_at","Type":"timestamp","Null":"NO","Key":"","Default":"current_timestamp()","Extra":""},{"Field":"favorite_sport","Type":"varchar(50)","Null":"YES","Key":"","Default":null,"Extra":""},{"Field":"favorite_team","Type":"varchar(50)","Null":"YES","Key":"","Default":null,"Extra":""},{"Field":"account_type","Type":"enum('user','admin')","Null":"YES","Key":"","Default":"user","Extra":""}]
[23-Apr-2025 17:21:29 Europe/Berlin] Number of users in database: 13
[23-Apr-2025 17:21:29 Europe/Berlin] All tables initialized successfully
[23-Apr-2025 17:21:29 Europe/Berlin] Connected to database. Tables found: favorites, feedback, matches, matches_backup, matches_new, news, newsletter, notifications, players, subscriptions, users
[23-Apr-2025 17:21:29 Europe/Berlin] Executing SQL: CREATE TABLE IF NOT EXISTS users (
                id INT AUTO_INCREMENT PRIMARY KEY,
                username VARCHAR(50) NOT NULL UNIQUE,
                password VARCHAR(255) NOT NULL,
                email VARCHAR(100) NOT NULL UNIQUE,
                account_type ENUM('user', 'admin') DEFAULT 'user',
                created_at TIMESTAMP DEFAULT CURRENT_TIMESTAMP
            )
[23-Apr-2025 17:21:29 Europe/Berlin] With params: []
[23-Apr-2025 17:21:29 Europe/Berlin] Query executed successfully. Found 0 rows
[23-Apr-2025 17:21:29 Europe/Berlin] Users table created or already exists
[23-Apr-2025 17:21:29 Europe/Berlin] Users table structure: [{"Field":"id","Type":"int(11)","Null":"NO","Key":"PRI","Default":null,"Extra":"auto_increment"},{"Field":"username","Type":"varchar(50)","Null":"NO","Key":"","Default":null,"Extra":""},{"Field":"email","Type":"varchar(100)","Null":"NO","Key":"UNI","Default":null,"Extra":""},{"Field":"password","Type":"varchar(255)","Null":"NO","Key":"","Default":null,"Extra":""},{"Field":"role","Type":"enum('user','admin')","Null":"YES","Key":"","Default":"user","Extra":""},{"Field":"verification_code","Type":"varchar(100)","Null":"YES","Key":"","Default":null,"Extra":""},{"Field":"is_verified","Type":"tinyint(1)","Null":"YES","Key":"","Default":"0","Extra":""},{"Field":"created_at","Type":"timestamp","Null":"NO","Key":"","Default":"current_timestamp()","Extra":""},{"Field":"favorite_sport","Type":"varchar(50)","Null":"YES","Key":"","Default":null,"Extra":""},{"Field":"favorite_team","Type":"varchar(50)","Null":"YES","Key":"","Default":null,"Extra":""},{"Field":"account_type","Type":"enum('user','admin')","Null":"YES","Key":"","Default":"user","Extra":""}]
[23-Apr-2025 17:21:29 Europe/Berlin] Number of users in database: 13
[23-Apr-2025 17:21:29 Europe/Berlin] All tables initialized successfully
[23-Apr-2025 17:21:29 Europe/Berlin] Database tables initialized successfully
[23-Apr-2025 17:21:29 Europe/Berlin] Executing SQL: SELECT * FROM users WHERE id = :id
[23-Apr-2025 17:21:29 Europe/Berlin] With params: {":id":12}
[23-Apr-2025 17:21:29 Europe/Berlin] Query executed successfully. Found 1 rows
[23-Apr-2025 17:21:29 Europe/Berlin] User loaded from session: varunpndey
[23-Apr-2025 17:21:29 Europe/Berlin] Executing SQL: SELECT * FROM users WHERE id = :id
[23-Apr-2025 17:21:29 Europe/Berlin] With params: {":id":12}
[23-Apr-2025 17:21:29 Europe/Berlin] Query executed successfully. Found 1 rows
[23-Apr-2025 17:21:29 Europe/Berlin] Executing SQL: SELECT * FROM news ORDER BY created_at DESC
[23-Apr-2025 17:21:29 Europe/Berlin] With params: []
[23-Apr-2025 17:21:29 Europe/Berlin] Query executed successfully. Found 8 rows
[23-Apr-2025 17:21:29 Europe/Berlin] Executing SQL: SELECT * FROM feedback ORDER BY created_at DESC
[23-Apr-2025 17:21:29 Europe/Berlin] With params: []
[23-Apr-2025 17:21:29 Europe/Berlin] Query executed successfully. Found 10 rows
[23-Apr-2025 17:21:29 Europe/Berlin] Executing SQL: SELECT * FROM matches WHERE status = 'live'
[23-Apr-2025 17:21:29 Europe/Berlin] With params: []
[23-Apr-2025 17:21:29 Europe/Berlin] Query executed successfully. Found 1 rows
[23-Apr-2025 17:21:29 Europe/Berlin] Executing SQL: SELECT * FROM matches WHERE 1=1 ORDER BY match_time DESC
[23-Apr-2025 17:21:29 Europe/Berlin] With params: []
[23-Apr-2025 17:21:29 Europe/Berlin] Query executed successfully. Found 5 rows
[23-Apr-2025 17:21:29 Europe/Berlin] PHP Warning:  Undefined array key "status" in /Applications/XAMPP/xamppfiles/htdocs/sportsync/public/admin.php on line 865
[23-Apr-2025 17:21:29 Europe/Berlin] PHP Warning:  Undefined array key "status" in /Applications/XAMPP/xamppfiles/htdocs/sportsync/public/admin.php on line 866
[23-Apr-2025 17:21:29 Europe/Berlin] PHP Warning:  Undefined array key "status" in /Applications/XAMPP/xamppfiles/htdocs/sportsync/public/admin.php on line 867
[23-Apr-2025 17:21:29 Europe/Berlin] PHP Warning:  Undefined array key "status" in /Applications/XAMPP/xamppfiles/htdocs/sportsync/public/admin.php on line 865
[23-Apr-2025 17:21:29 Europe/Berlin] PHP Warning:  Undefined array key "status" in /Applications/XAMPP/xamppfiles/htdocs/sportsync/public/admin.php on line 866
[23-Apr-2025 17:21:29 Europe/Berlin] PHP Warning:  Undefined array key "status" in /Applications/XAMPP/xamppfiles/htdocs/sportsync/public/admin.php on line 867
[23-Apr-2025 17:21:29 Europe/Berlin] PHP Warning:  Undefined array key "status" in /Applications/XAMPP/xamppfiles/htdocs/sportsync/public/admin.php on line 865
[23-Apr-2025 17:21:29 Europe/Berlin] PHP Warning:  Undefined array key "status" in /Applications/XAMPP/xamppfiles/htdocs/sportsync/public/admin.php on line 866
[23-Apr-2025 17:21:29 Europe/Berlin] PHP Warning:  Undefined array key "status" in /Applications/XAMPP/xamppfiles/htdocs/sportsync/public/admin.php on line 867
[23-Apr-2025 17:21:29 Europe/Berlin] PHP Warning:  Undefined array key "status" in /Applications/XAMPP/xamppfiles/htdocs/sportsync/public/admin.php on line 865
[23-Apr-2025 17:21:29 Europe/Berlin] PHP Warning:  Undefined array key "status" in /Applications/XAMPP/xamppfiles/htdocs/sportsync/public/admin.php on line 866
[23-Apr-2025 17:21:29 Europe/Berlin] PHP Warning:  Undefined array key "status" in /Applications/XAMPP/xamppfiles/htdocs/sportsync/public/admin.php on line 867
[23-Apr-2025 17:21:29 Europe/Berlin] PHP Warning:  Undefined array key "status" in /Applications/XAMPP/xamppfiles/htdocs/sportsync/public/admin.php on line 865
[23-Apr-2025 17:21:29 Europe/Berlin] PHP Warning:  Undefined array key "status" in /Applications/XAMPP/xamppfiles/htdocs/sportsync/public/admin.php on line 866
[23-Apr-2025 17:21:29 Europe/Berlin] PHP Warning:  Undefined array key "status" in /Applications/XAMPP/xamppfiles/htdocs/sportsync/public/admin.php on line 867
[23-Apr-2025 17:21:29 Europe/Berlin] PHP Warning:  Undefined array key "status" in /Applications/XAMPP/xamppfiles/htdocs/sportsync/public/admin.php on line 865
[23-Apr-2025 17:21:29 Europe/Berlin] PHP Warning:  Undefined array key "status" in /Applications/XAMPP/xamppfiles/htdocs/sportsync/public/admin.php on line 866
[23-Apr-2025 17:21:29 Europe/Berlin] PHP Warning:  Undefined array key "status" in /Applications/XAMPP/xamppfiles/htdocs/sportsync/public/admin.php on line 867
[23-Apr-2025 17:21:29 Europe/Berlin] PHP Warning:  Undefined array key "status" in /Applications/XAMPP/xamppfiles/htdocs/sportsync/public/admin.php on line 865
[23-Apr-2025 17:21:29 Europe/Berlin] PHP Warning:  Undefined array key "status" in /Applications/XAMPP/xamppfiles/htdocs/sportsync/public/admin.php on line 866
[23-Apr-2025 17:21:29 Europe/Berlin] PHP Warning:  Undefined array key "status" in /Applications/XAMPP/xamppfiles/htdocs/sportsync/public/admin.php on line 867
[23-Apr-2025 17:21:29 Europe/Berlin] PHP Warning:  Undefined array key "status" in /Applications/XAMPP/xamppfiles/htdocs/sportsync/public/admin.php on line 865
[23-Apr-2025 17:21:29 Europe/Berlin] PHP Warning:  Undefined array key "status" in /Applications/XAMPP/xamppfiles/htdocs/sportsync/public/admin.php on line 866
[23-Apr-2025 17:21:29 Europe/Berlin] PHP Warning:  Undefined array key "status" in /Applications/XAMPP/xamppfiles/htdocs/sportsync/public/admin.php on line 867
[23-Apr-2025 17:21:29 Europe/Berlin] PHP Warning:  Undefined array key "status" in /Applications/XAMPP/xamppfiles/htdocs/sportsync/public/admin.php on line 865
[23-Apr-2025 17:21:29 Europe/Berlin] PHP Warning:  Undefined array key "status" in /Applications/XAMPP/xamppfiles/htdocs/sportsync/public/admin.php on line 866
[23-Apr-2025 17:21:29 Europe/Berlin] PHP Warning:  Undefined array key "status" in /Applications/XAMPP/xamppfiles/htdocs/sportsync/public/admin.php on line 867
[23-Apr-2025 17:21:29 Europe/Berlin] PHP Warning:  Undefined array key "status" in /Applications/XAMPP/xamppfiles/htdocs/sportsync/public/admin.php on line 865
[23-Apr-2025 17:21:29 Europe/Berlin] PHP Warning:  Undefined array key "status" in /Applications/XAMPP/xamppfiles/htdocs/sportsync/public/admin.php on line 866
[23-Apr-2025 17:21:29 Europe/Berlin] PHP Warning:  Undefined array key "status" in /Applications/XAMPP/xamppfiles/htdocs/sportsync/public/admin.php on line 867
[23-Apr-2025 17:21:59 Europe/Berlin] Connected to database. Tables found: favorites, feedback, matches, matches_backup, matches_new, news, newsletter, notifications, players, subscriptions, users
[23-Apr-2025 17:21:59 Europe/Berlin] Executing SQL: CREATE TABLE IF NOT EXISTS users (
                id INT AUTO_INCREMENT PRIMARY KEY,
                username VARCHAR(50) NOT NULL UNIQUE,
                password VARCHAR(255) NOT NULL,
                email VARCHAR(100) NOT NULL UNIQUE,
                account_type ENUM('user', 'admin') DEFAULT 'user',
                created_at TIMESTAMP DEFAULT CURRENT_TIMESTAMP
            )
[23-Apr-2025 17:21:59 Europe/Berlin] With params: []
[23-Apr-2025 17:21:59 Europe/Berlin] Query executed successfully. Found 0 rows
[23-Apr-2025 17:21:59 Europe/Berlin] Users table created or already exists
[23-Apr-2025 17:21:59 Europe/Berlin] Users table structure: [{"Field":"id","Type":"int(11)","Null":"NO","Key":"PRI","Default":null,"Extra":"auto_increment"},{"Field":"username","Type":"varchar(50)","Null":"NO","Key":"","Default":null,"Extra":""},{"Field":"email","Type":"varchar(100)","Null":"NO","Key":"UNI","Default":null,"Extra":""},{"Field":"password","Type":"varchar(255)","Null":"NO","Key":"","Default":null,"Extra":""},{"Field":"role","Type":"enum('user','admin')","Null":"YES","Key":"","Default":"user","Extra":""},{"Field":"verification_code","Type":"varchar(100)","Null":"YES","Key":"","Default":null,"Extra":""},{"Field":"is_verified","Type":"tinyint(1)","Null":"YES","Key":"","Default":"0","Extra":""},{"Field":"created_at","Type":"timestamp","Null":"NO","Key":"","Default":"current_timestamp()","Extra":""},{"Field":"favorite_sport","Type":"varchar(50)","Null":"YES","Key":"","Default":null,"Extra":""},{"Field":"favorite_team","Type":"varchar(50)","Null":"YES","Key":"","Default":null,"Extra":""},{"Field":"account_type","Type":"enum('user','admin')","Null":"YES","Key":"","Default":"user","Extra":""}]
[23-Apr-2025 17:21:59 Europe/Berlin] Number of users in database: 13
[23-Apr-2025 17:21:59 Europe/Berlin] All tables initialized successfully
[23-Apr-2025 17:21:59 Europe/Berlin] Connected to database. Tables found: favorites, feedback, matches, matches_backup, matches_new, news, newsletter, notifications, players, subscriptions, users
[23-Apr-2025 17:21:59 Europe/Berlin] Executing SQL: CREATE TABLE IF NOT EXISTS users (
                id INT AUTO_INCREMENT PRIMARY KEY,
                username VARCHAR(50) NOT NULL UNIQUE,
                password VARCHAR(255) NOT NULL,
                email VARCHAR(100) NOT NULL UNIQUE,
                account_type ENUM('user', 'admin') DEFAULT 'user',
                created_at TIMESTAMP DEFAULT CURRENT_TIMESTAMP
            )
[23-Apr-2025 17:21:59 Europe/Berlin] With params: []
[23-Apr-2025 17:21:59 Europe/Berlin] Query executed successfully. Found 0 rows
[23-Apr-2025 17:21:59 Europe/Berlin] Users table created or already exists
[23-Apr-2025 17:21:59 Europe/Berlin] Users table structure: [{"Field":"id","Type":"int(11)","Null":"NO","Key":"PRI","Default":null,"Extra":"auto_increment"},{"Field":"username","Type":"varchar(50)","Null":"NO","Key":"","Default":null,"Extra":""},{"Field":"email","Type":"varchar(100)","Null":"NO","Key":"UNI","Default":null,"Extra":""},{"Field":"password","Type":"varchar(255)","Null":"NO","Key":"","Default":null,"Extra":""},{"Field":"role","Type":"enum('user','admin')","Null":"YES","Key":"","Default":"user","Extra":""},{"Field":"verification_code","Type":"varchar(100)","Null":"YES","Key":"","Default":null,"Extra":""},{"Field":"is_verified","Type":"tinyint(1)","Null":"YES","Key":"","Default":"0","Extra":""},{"Field":"created_at","Type":"timestamp","Null":"NO","Key":"","Default":"current_timestamp()","Extra":""},{"Field":"favorite_sport","Type":"varchar(50)","Null":"YES","Key":"","Default":null,"Extra":""},{"Field":"favorite_team","Type":"varchar(50)","Null":"YES","Key":"","Default":null,"Extra":""},{"Field":"account_type","Type":"enum('user','admin')","Null":"YES","Key":"","Default":"user","Extra":""}]
[23-Apr-2025 17:21:59 Europe/Berlin] Number of users in database: 13
[23-Apr-2025 17:21:59 Europe/Berlin] All tables initialized successfully
[23-Apr-2025 17:21:59 Europe/Berlin] Database tables initialized successfully
[23-Apr-2025 17:21:59 Europe/Berlin] Executing SQL: SELECT * FROM users WHERE id = :id
[23-Apr-2025 17:21:59 Europe/Berlin] With params: {":id":12}
[23-Apr-2025 17:21:59 Europe/Berlin] Query executed successfully. Found 1 rows
[23-Apr-2025 17:21:59 Europe/Berlin] User loaded from session: varunpndey
[23-Apr-2025 17:21:59 Europe/Berlin] Executing SQL: SELECT * FROM users WHERE id = :id
[23-Apr-2025 17:21:59 Europe/Berlin] With params: {":id":12}
[23-Apr-2025 17:21:59 Europe/Berlin] Query executed successfully. Found 1 rows
[23-Apr-2025 17:21:59 Europe/Berlin] Executing SQL: UPDATE matches SET team1 = :team1, team2 = :team2, venue = :venue, match_time = :match_time, sport = :sport, status = :status, team1_score = :team1_score, team2_score = :team2_score, team1_wickets = :team1_wickets, team2_wickets = :team2_wickets, team1_overs = :team1_overs, team2_overs = :team2_overs WHERE id = :id
[23-Apr-2025 17:21:59 Europe/Berlin] With params: {":id":"42",":team1":"Rcb",":team2":"PBKS",":venue":"kolkata",":match_time":"2025-04-27T04:30",":sport":"cricket",":status":"live",":team1_score":"127",":team2_score":"0",":team1_wickets":"3",":team2_wickets":"0",":team1_overs":"13",":team2_overs":"0.0"}
[23-Apr-2025 17:21:59 Europe/Berlin] Query executed successfully. Found 0 rows
[23-Apr-2025 17:22:01 Europe/Berlin] Connected to database. Tables found: favorites, feedback, matches, matches_backup, matches_new, news, newsletter, notifications, players, subscriptions, users
[23-Apr-2025 17:22:01 Europe/Berlin] Executing SQL: CREATE TABLE IF NOT EXISTS users (
                id INT AUTO_INCREMENT PRIMARY KEY,
                username VARCHAR(50) NOT NULL UNIQUE,
                password VARCHAR(255) NOT NULL,
                email VARCHAR(100) NOT NULL UNIQUE,
                account_type ENUM('user', 'admin') DEFAULT 'user',
                created_at TIMESTAMP DEFAULT CURRENT_TIMESTAMP
            )
[23-Apr-2025 17:22:01 Europe/Berlin] With params: []
[23-Apr-2025 17:22:01 Europe/Berlin] Query executed successfully. Found 0 rows
[23-Apr-2025 17:22:01 Europe/Berlin] Users table created or already exists
[23-Apr-2025 17:22:01 Europe/Berlin] Users table structure: [{"Field":"id","Type":"int(11)","Null":"NO","Key":"PRI","Default":null,"Extra":"auto_increment"},{"Field":"username","Type":"varchar(50)","Null":"NO","Key":"","Default":null,"Extra":""},{"Field":"email","Type":"varchar(100)","Null":"NO","Key":"UNI","Default":null,"Extra":""},{"Field":"password","Type":"varchar(255)","Null":"NO","Key":"","Default":null,"Extra":""},{"Field":"role","Type":"enum('user','admin')","Null":"YES","Key":"","Default":"user","Extra":""},{"Field":"verification_code","Type":"varchar(100)","Null":"YES","Key":"","Default":null,"Extra":""},{"Field":"is_verified","Type":"tinyint(1)","Null":"YES","Key":"","Default":"0","Extra":""},{"Field":"created_at","Type":"timestamp","Null":"NO","Key":"","Default":"current_timestamp()","Extra":""},{"Field":"favorite_sport","Type":"varchar(50)","Null":"YES","Key":"","Default":null,"Extra":""},{"Field":"favorite_team","Type":"varchar(50)","Null":"YES","Key":"","Default":null,"Extra":""},{"Field":"account_type","Type":"enum('user','admin')","Null":"YES","Key":"","Default":"user","Extra":""}]
[23-Apr-2025 17:22:01 Europe/Berlin] Number of users in database: 13
[23-Apr-2025 17:22:01 Europe/Berlin] All tables initialized successfully
[23-Apr-2025 17:22:01 Europe/Berlin] Connected to database. Tables found: favorites, feedback, matches, matches_backup, matches_new, news, newsletter, notifications, players, subscriptions, users
[23-Apr-2025 17:22:01 Europe/Berlin] Executing SQL: CREATE TABLE IF NOT EXISTS users (
                id INT AUTO_INCREMENT PRIMARY KEY,
                username VARCHAR(50) NOT NULL UNIQUE,
                password VARCHAR(255) NOT NULL,
                email VARCHAR(100) NOT NULL UNIQUE,
                account_type ENUM('user', 'admin') DEFAULT 'user',
                created_at TIMESTAMP DEFAULT CURRENT_TIMESTAMP
            )
[23-Apr-2025 17:22:01 Europe/Berlin] With params: []
[23-Apr-2025 17:22:01 Europe/Berlin] Query executed successfully. Found 0 rows
[23-Apr-2025 17:22:01 Europe/Berlin] Users table created or already exists
[23-Apr-2025 17:22:01 Europe/Berlin] Users table structure: [{"Field":"id","Type":"int(11)","Null":"NO","Key":"PRI","Default":null,"Extra":"auto_increment"},{"Field":"username","Type":"varchar(50)","Null":"NO","Key":"","Default":null,"Extra":""},{"Field":"email","Type":"varchar(100)","Null":"NO","Key":"UNI","Default":null,"Extra":""},{"Field":"password","Type":"varchar(255)","Null":"NO","Key":"","Default":null,"Extra":""},{"Field":"role","Type":"enum('user','admin')","Null":"YES","Key":"","Default":"user","Extra":""},{"Field":"verification_code","Type":"varchar(100)","Null":"YES","Key":"","Default":null,"Extra":""},{"Field":"is_verified","Type":"tinyint(1)","Null":"YES","Key":"","Default":"0","Extra":""},{"Field":"created_at","Type":"timestamp","Null":"NO","Key":"","Default":"current_timestamp()","Extra":""},{"Field":"favorite_sport","Type":"varchar(50)","Null":"YES","Key":"","Default":null,"Extra":""},{"Field":"favorite_team","Type":"varchar(50)","Null":"YES","Key":"","Default":null,"Extra":""},{"Field":"account_type","Type":"enum('user','admin')","Null":"YES","Key":"","Default":"user","Extra":""}]
[23-Apr-2025 17:22:01 Europe/Berlin] Number of users in database: 13
[23-Apr-2025 17:22:01 Europe/Berlin] All tables initialized successfully
[23-Apr-2025 17:22:01 Europe/Berlin] Database tables initialized successfully
[23-Apr-2025 17:22:01 Europe/Berlin] Executing SQL: SELECT * FROM users WHERE id = :id
[23-Apr-2025 17:22:01 Europe/Berlin] With params: {":id":12}
[23-Apr-2025 17:22:01 Europe/Berlin] Query executed successfully. Found 1 rows
[23-Apr-2025 17:22:01 Europe/Berlin] User loaded from session: varunpndey
[23-Apr-2025 17:22:01 Europe/Berlin] Executing SQL: SELECT * FROM users WHERE id = :id
[23-Apr-2025 17:22:01 Europe/Berlin] With params: {":id":12}
[23-Apr-2025 17:22:01 Europe/Berlin] Query executed successfully. Found 1 rows
[23-Apr-2025 17:22:01 Europe/Berlin] Executing SQL: SELECT * FROM news ORDER BY created_at DESC
[23-Apr-2025 17:22:01 Europe/Berlin] With params: []
[23-Apr-2025 17:22:01 Europe/Berlin] Query executed successfully. Found 8 rows
[23-Apr-2025 17:22:01 Europe/Berlin] Executing SQL: SELECT * FROM feedback ORDER BY created_at DESC
[23-Apr-2025 17:22:01 Europe/Berlin] With params: []
[23-Apr-2025 17:22:01 Europe/Berlin] Query executed successfully. Found 10 rows
[23-Apr-2025 17:22:01 Europe/Berlin] Executing SQL: SELECT * FROM matches WHERE status = 'live'
[23-Apr-2025 17:22:01 Europe/Berlin] With params: []
[23-Apr-2025 17:22:01 Europe/Berlin] Query executed successfully. Found 1 rows
[23-Apr-2025 17:22:01 Europe/Berlin] Executing SQL: SELECT * FROM matches WHERE 1=1 ORDER BY match_time DESC
[23-Apr-2025 17:22:01 Europe/Berlin] With params: []
[23-Apr-2025 17:22:01 Europe/Berlin] Query executed successfully. Found 5 rows
[23-Apr-2025 17:22:01 Europe/Berlin] PHP Warning:  Undefined array key "status" in /Applications/XAMPP/xamppfiles/htdocs/sportsync/public/admin.php on line 865
[23-Apr-2025 17:22:01 Europe/Berlin] PHP Warning:  Undefined array key "status" in /Applications/XAMPP/xamppfiles/htdocs/sportsync/public/admin.php on line 866
[23-Apr-2025 17:22:01 Europe/Berlin] PHP Warning:  Undefined array key "status" in /Applications/XAMPP/xamppfiles/htdocs/sportsync/public/admin.php on line 867
[23-Apr-2025 17:22:01 Europe/Berlin] PHP Warning:  Undefined array key "status" in /Applications/XAMPP/xamppfiles/htdocs/sportsync/public/admin.php on line 865
[23-Apr-2025 17:22:01 Europe/Berlin] PHP Warning:  Undefined array key "status" in /Applications/XAMPP/xamppfiles/htdocs/sportsync/public/admin.php on line 866
[23-Apr-2025 17:22:01 Europe/Berlin] PHP Warning:  Undefined array key "status" in /Applications/XAMPP/xamppfiles/htdocs/sportsync/public/admin.php on line 867
[23-Apr-2025 17:22:01 Europe/Berlin] PHP Warning:  Undefined array key "status" in /Applications/XAMPP/xamppfiles/htdocs/sportsync/public/admin.php on line 865
[23-Apr-2025 17:22:01 Europe/Berlin] PHP Warning:  Undefined array key "status" in /Applications/XAMPP/xamppfiles/htdocs/sportsync/public/admin.php on line 866
[23-Apr-2025 17:22:01 Europe/Berlin] PHP Warning:  Undefined array key "status" in /Applications/XAMPP/xamppfiles/htdocs/sportsync/public/admin.php on line 867
[23-Apr-2025 17:22:01 Europe/Berlin] PHP Warning:  Undefined array key "status" in /Applications/XAMPP/xamppfiles/htdocs/sportsync/public/admin.php on line 865
[23-Apr-2025 17:22:01 Europe/Berlin] PHP Warning:  Undefined array key "status" in /Applications/XAMPP/xamppfiles/htdocs/sportsync/public/admin.php on line 866
[23-Apr-2025 17:22:01 Europe/Berlin] PHP Warning:  Undefined array key "status" in /Applications/XAMPP/xamppfiles/htdocs/sportsync/public/admin.php on line 867
[23-Apr-2025 17:22:01 Europe/Berlin] PHP Warning:  Undefined array key "status" in /Applications/XAMPP/xamppfiles/htdocs/sportsync/public/admin.php on line 865
[23-Apr-2025 17:22:01 Europe/Berlin] PHP Warning:  Undefined array key "status" in /Applications/XAMPP/xamppfiles/htdocs/sportsync/public/admin.php on line 866
[23-Apr-2025 17:22:01 Europe/Berlin] PHP Warning:  Undefined array key "status" in /Applications/XAMPP/xamppfiles/htdocs/sportsync/public/admin.php on line 867
[23-Apr-2025 17:22:01 Europe/Berlin] PHP Warning:  Undefined array key "status" in /Applications/XAMPP/xamppfiles/htdocs/sportsync/public/admin.php on line 865
[23-Apr-2025 17:22:01 Europe/Berlin] PHP Warning:  Undefined array key "status" in /Applications/XAMPP/xamppfiles/htdocs/sportsync/public/admin.php on line 866
[23-Apr-2025 17:22:01 Europe/Berlin] PHP Warning:  Undefined array key "status" in /Applications/XAMPP/xamppfiles/htdocs/sportsync/public/admin.php on line 867
[23-Apr-2025 17:22:01 Europe/Berlin] PHP Warning:  Undefined array key "status" in /Applications/XAMPP/xamppfiles/htdocs/sportsync/public/admin.php on line 865
[23-Apr-2025 17:22:01 Europe/Berlin] PHP Warning:  Undefined array key "status" in /Applications/XAMPP/xamppfiles/htdocs/sportsync/public/admin.php on line 866
[23-Apr-2025 17:22:01 Europe/Berlin] PHP Warning:  Undefined array key "status" in /Applications/XAMPP/xamppfiles/htdocs/sportsync/public/admin.php on line 867
[23-Apr-2025 17:22:01 Europe/Berlin] PHP Warning:  Undefined array key "status" in /Applications/XAMPP/xamppfiles/htdocs/sportsync/public/admin.php on line 865
[23-Apr-2025 17:22:01 Europe/Berlin] PHP Warning:  Undefined array key "status" in /Applications/XAMPP/xamppfiles/htdocs/sportsync/public/admin.php on line 866
[23-Apr-2025 17:22:01 Europe/Berlin] PHP Warning:  Undefined array key "status" in /Applications/XAMPP/xamppfiles/htdocs/sportsync/public/admin.php on line 867
[23-Apr-2025 17:22:01 Europe/Berlin] PHP Warning:  Undefined array key "status" in /Applications/XAMPP/xamppfiles/htdocs/sportsync/public/admin.php on line 865
[23-Apr-2025 17:22:01 Europe/Berlin] PHP Warning:  Undefined array key "status" in /Applications/XAMPP/xamppfiles/htdocs/sportsync/public/admin.php on line 866
[23-Apr-2025 17:22:01 Europe/Berlin] PHP Warning:  Undefined array key "status" in /Applications/XAMPP/xamppfiles/htdocs/sportsync/public/admin.php on line 867
[23-Apr-2025 17:22:01 Europe/Berlin] PHP Warning:  Undefined array key "status" in /Applications/XAMPP/xamppfiles/htdocs/sportsync/public/admin.php on line 865
[23-Apr-2025 17:22:01 Europe/Berlin] PHP Warning:  Undefined array key "status" in /Applications/XAMPP/xamppfiles/htdocs/sportsync/public/admin.php on line 866
[23-Apr-2025 17:22:01 Europe/Berlin] PHP Warning:  Undefined array key "status" in /Applications/XAMPP/xamppfiles/htdocs/sportsync/public/admin.php on line 867
[23-Apr-2025 17:22:04 Europe/Berlin] Connected to database. Tables found: favorites, feedback, matches, matches_backup, matches_new, news, newsletter, notifications, players, subscriptions, users
[23-Apr-2025 17:22:04 Europe/Berlin] Executing SQL: CREATE TABLE IF NOT EXISTS users (
                id INT AUTO_INCREMENT PRIMARY KEY,
                username VARCHAR(50) NOT NULL UNIQUE,
                password VARCHAR(255) NOT NULL,
                email VARCHAR(100) NOT NULL UNIQUE,
                account_type ENUM('user', 'admin') DEFAULT 'user',
                created_at TIMESTAMP DEFAULT CURRENT_TIMESTAMP
            )
[23-Apr-2025 17:22:04 Europe/Berlin] With params: []
[23-Apr-2025 17:22:04 Europe/Berlin] Query executed successfully. Found 0 rows
[23-Apr-2025 17:22:04 Europe/Berlin] Users table created or already exists
[23-Apr-2025 17:22:04 Europe/Berlin] Users table structure: [{"Field":"id","Type":"int(11)","Null":"NO","Key":"PRI","Default":null,"Extra":"auto_increment"},{"Field":"username","Type":"varchar(50)","Null":"NO","Key":"","Default":null,"Extra":""},{"Field":"email","Type":"varchar(100)","Null":"NO","Key":"UNI","Default":null,"Extra":""},{"Field":"password","Type":"varchar(255)","Null":"NO","Key":"","Default":null,"Extra":""},{"Field":"role","Type":"enum('user','admin')","Null":"YES","Key":"","Default":"user","Extra":""},{"Field":"verification_code","Type":"varchar(100)","Null":"YES","Key":"","Default":null,"Extra":""},{"Field":"is_verified","Type":"tinyint(1)","Null":"YES","Key":"","Default":"0","Extra":""},{"Field":"created_at","Type":"timestamp","Null":"NO","Key":"","Default":"current_timestamp()","Extra":""},{"Field":"favorite_sport","Type":"varchar(50)","Null":"YES","Key":"","Default":null,"Extra":""},{"Field":"favorite_team","Type":"varchar(50)","Null":"YES","Key":"","Default":null,"Extra":""},{"Field":"account_type","Type":"enum('user','admin')","Null":"YES","Key":"","Default":"user","Extra":""}]
[23-Apr-2025 17:22:04 Europe/Berlin] Number of users in database: 13
[23-Apr-2025 17:22:04 Europe/Berlin] All tables initialized successfully
[23-Apr-2025 17:22:04 Europe/Berlin] Connected to database. Tables found: favorites, feedback, matches, matches_backup, matches_new, news, newsletter, notifications, players, subscriptions, users
[23-Apr-2025 17:22:04 Europe/Berlin] Executing SQL: CREATE TABLE IF NOT EXISTS users (
                id INT AUTO_INCREMENT PRIMARY KEY,
                username VARCHAR(50) NOT NULL UNIQUE,
                password VARCHAR(255) NOT NULL,
                email VARCHAR(100) NOT NULL UNIQUE,
                account_type ENUM('user', 'admin') DEFAULT 'user',
                created_at TIMESTAMP DEFAULT CURRENT_TIMESTAMP
            )
[23-Apr-2025 17:22:04 Europe/Berlin] With params: []
[23-Apr-2025 17:22:04 Europe/Berlin] Query executed successfully. Found 0 rows
[23-Apr-2025 17:22:04 Europe/Berlin] Users table created or already exists
[23-Apr-2025 17:22:04 Europe/Berlin] Users table structure: [{"Field":"id","Type":"int(11)","Null":"NO","Key":"PRI","Default":null,"Extra":"auto_increment"},{"Field":"username","Type":"varchar(50)","Null":"NO","Key":"","Default":null,"Extra":""},{"Field":"email","Type":"varchar(100)","Null":"NO","Key":"UNI","Default":null,"Extra":""},{"Field":"password","Type":"varchar(255)","Null":"NO","Key":"","Default":null,"Extra":""},{"Field":"role","Type":"enum('user','admin')","Null":"YES","Key":"","Default":"user","Extra":""},{"Field":"verification_code","Type":"varchar(100)","Null":"YES","Key":"","Default":null,"Extra":""},{"Field":"is_verified","Type":"tinyint(1)","Null":"YES","Key":"","Default":"0","Extra":""},{"Field":"created_at","Type":"timestamp","Null":"NO","Key":"","Default":"current_timestamp()","Extra":""},{"Field":"favorite_sport","Type":"varchar(50)","Null":"YES","Key":"","Default":null,"Extra":""},{"Field":"favorite_team","Type":"varchar(50)","Null":"YES","Key":"","Default":null,"Extra":""},{"Field":"account_type","Type":"enum('user','admin')","Null":"YES","Key":"","Default":"user","Extra":""}]
[23-Apr-2025 17:22:04 Europe/Berlin] Number of users in database: 13
[23-Apr-2025 17:22:04 Europe/Berlin] All tables initialized successfully
[23-Apr-2025 17:22:04 Europe/Berlin] Database tables initialized successfully
[23-Apr-2025 17:22:04 Europe/Berlin] Executing SQL: SELECT * FROM users WHERE id = :id
[23-Apr-2025 17:22:04 Europe/Berlin] With params: {":id":12}
[23-Apr-2025 17:22:04 Europe/Berlin] Query executed successfully. Found 1 rows
[23-Apr-2025 17:22:04 Europe/Berlin] User loaded from session: varunpndey
[23-Apr-2025 17:22:04 Europe/Berlin] Header - Session status: 2
[23-Apr-2025 17:22:04 Europe/Berlin] Header - Session data: {"user_id":12,"username":"varunpndey","email":"va@gmail.com","account_type":"admin"}
[23-Apr-2025 17:22:04 Europe/Berlin] Header - After session start - Status: 2
[23-Apr-2025 17:22:04 Europe/Berlin] Header - After session start - Data: {"user_id":12,"username":"varunpndey","email":"va@gmail.com","account_type":"admin"}
[23-Apr-2025 17:22:04 Europe/Berlin] Header - Is logged in: Yes
[23-Apr-2025 17:22:04 Europe/Berlin] Executing SQL: SELECT * FROM news ORDER BY created_at DESC LIMIT 5
[23-Apr-2025 17:22:04 Europe/Berlin] With params: []
[23-Apr-2025 17:22:04 Europe/Berlin] Query executed successfully. Found 5 rows
[23-Apr-2025 17:22:04 Europe/Berlin] Executing SQL: SELECT * FROM matches WHERE status = 'live'
[23-Apr-2025 17:22:04 Europe/Berlin] With params: []
[23-Apr-2025 17:22:04 Europe/Berlin] Query executed successfully. Found 1 rows
[23-Apr-2025 17:22:04 Europe/Berlin] Executing SQL: SELECT COUNT(*) as count FROM favorites 
                    WHERE user_id = :user_id AND match_id = :match_id
[23-Apr-2025 17:22:04 Europe/Berlin] With params: {":user_id":12,":match_id":42}
[23-Apr-2025 17:22:04 Europe/Berlin] Query executed successfully. Found 1 rows
[23-Apr-2025 17:22:11 Europe/Berlin] Connected to database. Tables found: favorites, feedback, matches, matches_backup, matches_new, news, newsletter, notifications, players, subscriptions, users
[23-Apr-2025 17:22:11 Europe/Berlin] Executing SQL: CREATE TABLE IF NOT EXISTS users (
                id INT AUTO_INCREMENT PRIMARY KEY,
                username VARCHAR(50) NOT NULL UNIQUE,
                password VARCHAR(255) NOT NULL,
                email VARCHAR(100) NOT NULL UNIQUE,
                account_type ENUM('user', 'admin') DEFAULT 'user',
                created_at TIMESTAMP DEFAULT CURRENT_TIMESTAMP
            )
[23-Apr-2025 17:22:11 Europe/Berlin] With params: []
[23-Apr-2025 17:22:11 Europe/Berlin] Query executed successfully. Found 0 rows
[23-Apr-2025 17:22:11 Europe/Berlin] Users table created or already exists
[23-Apr-2025 17:22:11 Europe/Berlin] Users table structure: [{"Field":"id","Type":"int(11)","Null":"NO","Key":"PRI","Default":null,"Extra":"auto_increment"},{"Field":"username","Type":"varchar(50)","Null":"NO","Key":"","Default":null,"Extra":""},{"Field":"email","Type":"varchar(100)","Null":"NO","Key":"UNI","Default":null,"Extra":""},{"Field":"password","Type":"varchar(255)","Null":"NO","Key":"","Default":null,"Extra":""},{"Field":"role","Type":"enum('user','admin')","Null":"YES","Key":"","Default":"user","Extra":""},{"Field":"verification_code","Type":"varchar(100)","Null":"YES","Key":"","Default":null,"Extra":""},{"Field":"is_verified","Type":"tinyint(1)","Null":"YES","Key":"","Default":"0","Extra":""},{"Field":"created_at","Type":"timestamp","Null":"NO","Key":"","Default":"current_timestamp()","Extra":""},{"Field":"favorite_sport","Type":"varchar(50)","Null":"YES","Key":"","Default":null,"Extra":""},{"Field":"favorite_team","Type":"varchar(50)","Null":"YES","Key":"","Default":null,"Extra":""},{"Field":"account_type","Type":"enum('user','admin')","Null":"YES","Key":"","Default":"user","Extra":""}]
[23-Apr-2025 17:22:11 Europe/Berlin] Number of users in database: 13
[23-Apr-2025 17:22:11 Europe/Berlin] All tables initialized successfully
[23-Apr-2025 17:22:11 Europe/Berlin] API Request received: /sportsync/backend/match.php
[23-Apr-2025 17:22:11 Europe/Berlin] GET parameters: Array
(
)

[23-Apr-2025 17:22:14 Europe/Berlin] Connected to database. Tables found: favorites, feedback, matches, matches_backup, matches_new, news, newsletter, notifications, players, subscriptions, users
[23-Apr-2025 17:22:14 Europe/Berlin] Executing SQL: CREATE TABLE IF NOT EXISTS users (
                id INT AUTO_INCREMENT PRIMARY KEY,
                username VARCHAR(50) NOT NULL UNIQUE,
                password VARCHAR(255) NOT NULL,
                email VARCHAR(100) NOT NULL UNIQUE,
                account_type ENUM('user', 'admin') DEFAULT 'user',
                created_at TIMESTAMP DEFAULT CURRENT_TIMESTAMP
            )
[23-Apr-2025 17:22:14 Europe/Berlin] With params: []
[23-Apr-2025 17:22:14 Europe/Berlin] Query executed successfully. Found 0 rows
[23-Apr-2025 17:22:14 Europe/Berlin] Users table created or already exists
[23-Apr-2025 17:22:14 Europe/Berlin] Users table structure: [{"Field":"id","Type":"int(11)","Null":"NO","Key":"PRI","Default":null,"Extra":"auto_increment"},{"Field":"username","Type":"varchar(50)","Null":"NO","Key":"","Default":null,"Extra":""},{"Field":"email","Type":"varchar(100)","Null":"NO","Key":"UNI","Default":null,"Extra":""},{"Field":"password","Type":"varchar(255)","Null":"NO","Key":"","Default":null,"Extra":""},{"Field":"role","Type":"enum('user','admin')","Null":"YES","Key":"","Default":"user","Extra":""},{"Field":"verification_code","Type":"varchar(100)","Null":"YES","Key":"","Default":null,"Extra":""},{"Field":"is_verified","Type":"tinyint(1)","Null":"YES","Key":"","Default":"0","Extra":""},{"Field":"created_at","Type":"timestamp","Null":"NO","Key":"","Default":"current_timestamp()","Extra":""},{"Field":"favorite_sport","Type":"varchar(50)","Null":"YES","Key":"","Default":null,"Extra":""},{"Field":"favorite_team","Type":"varchar(50)","Null":"YES","Key":"","Default":null,"Extra":""},{"Field":"account_type","Type":"enum('user','admin')","Null":"YES","Key":"","Default":"user","Extra":""}]
[23-Apr-2025 17:22:14 Europe/Berlin] Number of users in database: 13
[23-Apr-2025 17:22:14 Europe/Berlin] All tables initialized successfully
[23-Apr-2025 17:22:14 Europe/Berlin] Connected to database. Tables found: favorites, feedback, matches, matches_backup, matches_new, news, newsletter, notifications, players, subscriptions, users
[23-Apr-2025 17:22:14 Europe/Berlin] Executing SQL: CREATE TABLE IF NOT EXISTS users (
                id INT AUTO_INCREMENT PRIMARY KEY,
                username VARCHAR(50) NOT NULL UNIQUE,
                password VARCHAR(255) NOT NULL,
                email VARCHAR(100) NOT NULL UNIQUE,
                account_type ENUM('user', 'admin') DEFAULT 'user',
                created_at TIMESTAMP DEFAULT CURRENT_TIMESTAMP
            )
[23-Apr-2025 17:22:14 Europe/Berlin] With params: []
[23-Apr-2025 17:22:14 Europe/Berlin] Query executed successfully. Found 0 rows
[23-Apr-2025 17:22:14 Europe/Berlin] Users table created or already exists
[23-Apr-2025 17:22:14 Europe/Berlin] Users table structure: [{"Field":"id","Type":"int(11)","Null":"NO","Key":"PRI","Default":null,"Extra":"auto_increment"},{"Field":"username","Type":"varchar(50)","Null":"NO","Key":"","Default":null,"Extra":""},{"Field":"email","Type":"varchar(100)","Null":"NO","Key":"UNI","Default":null,"Extra":""},{"Field":"password","Type":"varchar(255)","Null":"NO","Key":"","Default":null,"Extra":""},{"Field":"role","Type":"enum('user','admin')","Null":"YES","Key":"","Default":"user","Extra":""},{"Field":"verification_code","Type":"varchar(100)","Null":"YES","Key":"","Default":null,"Extra":""},{"Field":"is_verified","Type":"tinyint(1)","Null":"YES","Key":"","Default":"0","Extra":""},{"Field":"created_at","Type":"timestamp","Null":"NO","Key":"","Default":"current_timestamp()","Extra":""},{"Field":"favorite_sport","Type":"varchar(50)","Null":"YES","Key":"","Default":null,"Extra":""},{"Field":"favorite_team","Type":"varchar(50)","Null":"YES","Key":"","Default":null,"Extra":""},{"Field":"account_type","Type":"enum('user','admin')","Null":"YES","Key":"","Default":"user","Extra":""}]
[23-Apr-2025 17:22:14 Europe/Berlin] Number of users in database: 13
[23-Apr-2025 17:22:14 Europe/Berlin] All tables initialized successfully
[23-Apr-2025 17:22:14 Europe/Berlin] Database tables initialized successfully
[23-Apr-2025 17:22:14 Europe/Berlin] Executing SQL: SELECT * FROM users WHERE id = :id
[23-Apr-2025 17:22:14 Europe/Berlin] With params: {":id":12}
[23-Apr-2025 17:22:14 Europe/Berlin] Query executed successfully. Found 1 rows
[23-Apr-2025 17:22:14 Europe/Berlin] User loaded from session: varunpndey
[23-Apr-2025 17:22:14 Europe/Berlin] Header - Session status: 2
[23-Apr-2025 17:22:14 Europe/Berlin] Header - Session data: {"user_id":12,"username":"varunpndey","email":"va@gmail.com","account_type":"admin"}
[23-Apr-2025 17:22:14 Europe/Berlin] Header - After session start - Status: 2
[23-Apr-2025 17:22:14 Europe/Berlin] Header - After session start - Data: {"user_id":12,"username":"varunpndey","email":"va@gmail.com","account_type":"admin"}
[23-Apr-2025 17:22:14 Europe/Berlin] Header - Is logged in: Yes
[23-Apr-2025 17:22:14 Europe/Berlin] Executing SQL: SELECT * FROM matches WHERE sport = :sport ORDER BY match_time DESC
[23-Apr-2025 17:22:14 Europe/Berlin] With params: {":sport":"football"}
[23-Apr-2025 17:22:14 Europe/Berlin] Query executed successfully. Found 1 rows
[23-Apr-2025 17:22:14 Europe/Berlin] Executing SQL: SELECT * FROM matches WHERE sport = :sport AND status = :status
[23-Apr-2025 17:22:14 Europe/Berlin] With params: {":sport":"football",":status":"live"}
[23-Apr-2025 17:22:14 Europe/Berlin] Query executed successfully. Found 0 rows
[23-Apr-2025 17:22:14 Europe/Berlin] Executing SQL: SELECT COUNT(*) as count FROM favorites 
                    WHERE user_id = :user_id AND match_id = :match_id
[23-Apr-2025 17:22:14 Europe/Berlin] With params: {":user_id":12,":match_id":41}
[23-Apr-2025 17:22:14 Europe/Berlin] Query executed successfully. Found 1 rows
[23-Apr-2025 17:22:17 Europe/Berlin] Connected to database. Tables found: favorites, feedback, matches, matches_backup, matches_new, news, newsletter, notifications, players, subscriptions, users
[23-Apr-2025 17:22:17 Europe/Berlin] Executing SQL: CREATE TABLE IF NOT EXISTS users (
                id INT AUTO_INCREMENT PRIMARY KEY,
                username VARCHAR(50) NOT NULL UNIQUE,
                password VARCHAR(255) NOT NULL,
                email VARCHAR(100) NOT NULL UNIQUE,
                account_type ENUM('user', 'admin') DEFAULT 'user',
                created_at TIMESTAMP DEFAULT CURRENT_TIMESTAMP
            )
[23-Apr-2025 17:22:17 Europe/Berlin] With params: []
[23-Apr-2025 17:22:17 Europe/Berlin] Query executed successfully. Found 0 rows
[23-Apr-2025 17:22:17 Europe/Berlin] Users table created or already exists
[23-Apr-2025 17:22:17 Europe/Berlin] Users table structure: [{"Field":"id","Type":"int(11)","Null":"NO","Key":"PRI","Default":null,"Extra":"auto_increment"},{"Field":"username","Type":"varchar(50)","Null":"NO","Key":"","Default":null,"Extra":""},{"Field":"email","Type":"varchar(100)","Null":"NO","Key":"UNI","Default":null,"Extra":""},{"Field":"password","Type":"varchar(255)","Null":"NO","Key":"","Default":null,"Extra":""},{"Field":"role","Type":"enum('user','admin')","Null":"YES","Key":"","Default":"user","Extra":""},{"Field":"verification_code","Type":"varchar(100)","Null":"YES","Key":"","Default":null,"Extra":""},{"Field":"is_verified","Type":"tinyint(1)","Null":"YES","Key":"","Default":"0","Extra":""},{"Field":"created_at","Type":"timestamp","Null":"NO","Key":"","Default":"current_timestamp()","Extra":""},{"Field":"favorite_sport","Type":"varchar(50)","Null":"YES","Key":"","Default":null,"Extra":""},{"Field":"favorite_team","Type":"varchar(50)","Null":"YES","Key":"","Default":null,"Extra":""},{"Field":"account_type","Type":"enum('user','admin')","Null":"YES","Key":"","Default":"user","Extra":""}]
[23-Apr-2025 17:22:17 Europe/Berlin] Number of users in database: 13
[23-Apr-2025 17:22:17 Europe/Berlin] All tables initialized successfully
[23-Apr-2025 17:22:17 Europe/Berlin] API Request received: /sportsync/backend/match.php?_=1745421737652
[23-Apr-2025 17:22:17 Europe/Berlin] GET parameters: Array
(
    [_] => 1745421737652
)

[23-Apr-2025 17:22:21 Europe/Berlin] Connected to database. Tables found: favorites, feedback, matches, matches_backup, matches_new, news, newsletter, notifications, players, subscriptions, users
[23-Apr-2025 17:22:21 Europe/Berlin] Executing SQL: CREATE TABLE IF NOT EXISTS users (
                id INT AUTO_INCREMENT PRIMARY KEY,
                username VARCHAR(50) NOT NULL UNIQUE,
                password VARCHAR(255) NOT NULL,
                email VARCHAR(100) NOT NULL UNIQUE,
                account_type ENUM('user', 'admin') DEFAULT 'user',
                created_at TIMESTAMP DEFAULT CURRENT_TIMESTAMP
            )
[23-Apr-2025 17:22:21 Europe/Berlin] With params: []
[23-Apr-2025 17:22:21 Europe/Berlin] Query executed successfully. Found 0 rows
[23-Apr-2025 17:22:21 Europe/Berlin] Users table created or already exists
[23-Apr-2025 17:22:21 Europe/Berlin] Users table structure: [{"Field":"id","Type":"int(11)","Null":"NO","Key":"PRI","Default":null,"Extra":"auto_increment"},{"Field":"username","Type":"varchar(50)","Null":"NO","Key":"","Default":null,"Extra":""},{"Field":"email","Type":"varchar(100)","Null":"NO","Key":"UNI","Default":null,"Extra":""},{"Field":"password","Type":"varchar(255)","Null":"NO","Key":"","Default":null,"Extra":""},{"Field":"role","Type":"enum('user','admin')","Null":"YES","Key":"","Default":"user","Extra":""},{"Field":"verification_code","Type":"varchar(100)","Null":"YES","Key":"","Default":null,"Extra":""},{"Field":"is_verified","Type":"tinyint(1)","Null":"YES","Key":"","Default":"0","Extra":""},{"Field":"created_at","Type":"timestamp","Null":"NO","Key":"","Default":"current_timestamp()","Extra":""},{"Field":"favorite_sport","Type":"varchar(50)","Null":"YES","Key":"","Default":null,"Extra":""},{"Field":"favorite_team","Type":"varchar(50)","Null":"YES","Key":"","Default":null,"Extra":""},{"Field":"account_type","Type":"enum('user','admin')","Null":"YES","Key":"","Default":"user","Extra":""}]
[23-Apr-2025 17:22:21 Europe/Berlin] Number of users in database: 13
[23-Apr-2025 17:22:21 Europe/Berlin] All tables initialized successfully
[23-Apr-2025 17:22:21 Europe/Berlin] API Request received: /sportsync/backend/match.php?action=fetch_matches&sport=football&status=live
[23-Apr-2025 17:22:21 Europe/Berlin] GET parameters: Array
(
    [action] => fetch_matches
    [sport] => football
    [status] => live
)

[23-Apr-2025 17:22:21 Europe/Berlin] Executing SQL: SELECT * FROM matches WHERE sport = :sport AND status = :status
[23-Apr-2025 17:22:21 Europe/Berlin] With params: {":sport":"football",":status":"live"}
[23-Apr-2025 17:22:21 Europe/Berlin] Query executed successfully. Found 0 rows
[23-Apr-2025 17:22:22 Europe/Berlin] Connected to database. Tables found: favorites, feedback, matches, matches_backup, matches_new, news, newsletter, notifications, players, subscriptions, users
[23-Apr-2025 17:22:22 Europe/Berlin] Executing SQL: CREATE TABLE IF NOT EXISTS users (
                id INT AUTO_INCREMENT PRIMARY KEY,
                username VARCHAR(50) NOT NULL UNIQUE,
                password VARCHAR(255) NOT NULL,
                email VARCHAR(100) NOT NULL UNIQUE,
                account_type ENUM('user', 'admin') DEFAULT 'user',
                created_at TIMESTAMP DEFAULT CURRENT_TIMESTAMP
            )
[23-Apr-2025 17:22:22 Europe/Berlin] With params: []
[23-Apr-2025 17:22:22 Europe/Berlin] Query executed successfully. Found 0 rows
[23-Apr-2025 17:22:22 Europe/Berlin] Users table created or already exists
[23-Apr-2025 17:22:22 Europe/Berlin] Users table structure: [{"Field":"id","Type":"int(11)","Null":"NO","Key":"PRI","Default":null,"Extra":"auto_increment"},{"Field":"username","Type":"varchar(50)","Null":"NO","Key":"","Default":null,"Extra":""},{"Field":"email","Type":"varchar(100)","Null":"NO","Key":"UNI","Default":null,"Extra":""},{"Field":"password","Type":"varchar(255)","Null":"NO","Key":"","Default":null,"Extra":""},{"Field":"role","Type":"enum('user','admin')","Null":"YES","Key":"","Default":"user","Extra":""},{"Field":"verification_code","Type":"varchar(100)","Null":"YES","Key":"","Default":null,"Extra":""},{"Field":"is_verified","Type":"tinyint(1)","Null":"YES","Key":"","Default":"0","Extra":""},{"Field":"created_at","Type":"timestamp","Null":"NO","Key":"","Default":"current_timestamp()","Extra":""},{"Field":"favorite_sport","Type":"varchar(50)","Null":"YES","Key":"","Default":null,"Extra":""},{"Field":"favorite_team","Type":"varchar(50)","Null":"YES","Key":"","Default":null,"Extra":""},{"Field":"account_type","Type":"enum('user','admin')","Null":"YES","Key":"","Default":"user","Extra":""}]
[23-Apr-2025 17:22:22 Europe/Berlin] Number of users in database: 13
[23-Apr-2025 17:22:22 Europe/Berlin] All tables initialized successfully
[23-Apr-2025 17:22:22 Europe/Berlin] API Request received: /sportsync/backend/match.php?action=fetch_matches&sport=football&all=true
[23-Apr-2025 17:22:22 Europe/Berlin] GET parameters: Array
(
    [action] => fetch_matches
    [sport] => football
    [all] => true
)

[23-Apr-2025 17:22:22 Europe/Berlin] Executing SQL: SELECT * FROM matches WHERE sport = :sport ORDER BY match_time DESC
[23-Apr-2025 17:22:22 Europe/Berlin] With params: {":sport":"football"}
[23-Apr-2025 17:22:22 Europe/Berlin] Query executed successfully. Found 1 rows
[23-Apr-2025 17:22:30 Europe/Berlin] Connected to database. Tables found: favorites, feedback, matches, matches_backup, matches_new, news, newsletter, notifications, players, subscriptions, users
[23-Apr-2025 17:22:30 Europe/Berlin] Executing SQL: CREATE TABLE IF NOT EXISTS users (
                id INT AUTO_INCREMENT PRIMARY KEY,
                username VARCHAR(50) NOT NULL UNIQUE,
                password VARCHAR(255) NOT NULL,
                email VARCHAR(100) NOT NULL UNIQUE,
                account_type ENUM('user', 'admin') DEFAULT 'user',
                created_at TIMESTAMP DEFAULT CURRENT_TIMESTAMP
            )
[23-Apr-2025 17:22:30 Europe/Berlin] With params: []
[23-Apr-2025 17:22:30 Europe/Berlin] Query executed successfully. Found 0 rows
[23-Apr-2025 17:22:30 Europe/Berlin] Users table created or already exists
[23-Apr-2025 17:22:30 Europe/Berlin] Users table structure: [{"Field":"id","Type":"int(11)","Null":"NO","Key":"PRI","Default":null,"Extra":"auto_increment"},{"Field":"username","Type":"varchar(50)","Null":"NO","Key":"","Default":null,"Extra":""},{"Field":"email","Type":"varchar(100)","Null":"NO","Key":"UNI","Default":null,"Extra":""},{"Field":"password","Type":"varchar(255)","Null":"NO","Key":"","Default":null,"Extra":""},{"Field":"role","Type":"enum('user','admin')","Null":"YES","Key":"","Default":"user","Extra":""},{"Field":"verification_code","Type":"varchar(100)","Null":"YES","Key":"","Default":null,"Extra":""},{"Field":"is_verified","Type":"tinyint(1)","Null":"YES","Key":"","Default":"0","Extra":""},{"Field":"created_at","Type":"timestamp","Null":"NO","Key":"","Default":"current_timestamp()","Extra":""},{"Field":"favorite_sport","Type":"varchar(50)","Null":"YES","Key":"","Default":null,"Extra":""},{"Field":"favorite_team","Type":"varchar(50)","Null":"YES","Key":"","Default":null,"Extra":""},{"Field":"account_type","Type":"enum('user','admin')","Null":"YES","Key":"","Default":"user","Extra":""}]
[23-Apr-2025 17:22:30 Europe/Berlin] Number of users in database: 13
[23-Apr-2025 17:22:30 Europe/Berlin] All tables initialized successfully
[23-Apr-2025 17:22:30 Europe/Berlin] Connected to database. Tables found: favorites, feedback, matches, matches_backup, matches_new, news, newsletter, notifications, players, subscriptions, users
[23-Apr-2025 17:22:30 Europe/Berlin] Executing SQL: CREATE TABLE IF NOT EXISTS users (
                id INT AUTO_INCREMENT PRIMARY KEY,
                username VARCHAR(50) NOT NULL UNIQUE,
                password VARCHAR(255) NOT NULL,
                email VARCHAR(100) NOT NULL UNIQUE,
                account_type ENUM('user', 'admin') DEFAULT 'user',
                created_at TIMESTAMP DEFAULT CURRENT_TIMESTAMP
            )
[23-Apr-2025 17:22:30 Europe/Berlin] With params: []
[23-Apr-2025 17:22:30 Europe/Berlin] Query executed successfully. Found 0 rows
[23-Apr-2025 17:22:30 Europe/Berlin] Users table created or already exists
[23-Apr-2025 17:22:30 Europe/Berlin] Users table structure: [{"Field":"id","Type":"int(11)","Null":"NO","Key":"PRI","Default":null,"Extra":"auto_increment"},{"Field":"username","Type":"varchar(50)","Null":"NO","Key":"","Default":null,"Extra":""},{"Field":"email","Type":"varchar(100)","Null":"NO","Key":"UNI","Default":null,"Extra":""},{"Field":"password","Type":"varchar(255)","Null":"NO","Key":"","Default":null,"Extra":""},{"Field":"role","Type":"enum('user','admin')","Null":"YES","Key":"","Default":"user","Extra":""},{"Field":"verification_code","Type":"varchar(100)","Null":"YES","Key":"","Default":null,"Extra":""},{"Field":"is_verified","Type":"tinyint(1)","Null":"YES","Key":"","Default":"0","Extra":""},{"Field":"created_at","Type":"timestamp","Null":"NO","Key":"","Default":"current_timestamp()","Extra":""},{"Field":"favorite_sport","Type":"varchar(50)","Null":"YES","Key":"","Default":null,"Extra":""},{"Field":"favorite_team","Type":"varchar(50)","Null":"YES","Key":"","Default":null,"Extra":""},{"Field":"account_type","Type":"enum('user','admin')","Null":"YES","Key":"","Default":"user","Extra":""}]
[23-Apr-2025 17:22:30 Europe/Berlin] Number of users in database: 13
[23-Apr-2025 17:22:30 Europe/Berlin] All tables initialized successfully
[23-Apr-2025 17:22:30 Europe/Berlin] Database tables initialized successfully
[23-Apr-2025 17:22:30 Europe/Berlin] Executing SQL: SELECT * FROM users WHERE id = :id
[23-Apr-2025 17:22:30 Europe/Berlin] With params: {":id":12}
[23-Apr-2025 17:22:30 Europe/Berlin] Query executed successfully. Found 1 rows
[23-Apr-2025 17:22:30 Europe/Berlin] User loaded from session: varunpndey
[23-Apr-2025 17:22:30 Europe/Berlin] Executing SQL: SELECT * FROM users WHERE id = :id
[23-Apr-2025 17:22:30 Europe/Berlin] With params: {":id":12}
[23-Apr-2025 17:22:30 Europe/Berlin] Query executed successfully. Found 1 rows
[23-Apr-2025 17:22:30 Europe/Berlin] Executing SQL: SELECT * FROM news ORDER BY created_at DESC
[23-Apr-2025 17:22:30 Europe/Berlin] With params: []
[23-Apr-2025 17:22:30 Europe/Berlin] Query executed successfully. Found 8 rows
[23-Apr-2025 17:22:30 Europe/Berlin] Executing SQL: SELECT * FROM feedback ORDER BY created_at DESC
[23-Apr-2025 17:22:30 Europe/Berlin] With params: []
[23-Apr-2025 17:22:30 Europe/Berlin] Query executed successfully. Found 10 rows
[23-Apr-2025 17:22:30 Europe/Berlin] Executing SQL: SELECT * FROM matches WHERE status = 'live'
[23-Apr-2025 17:22:30 Europe/Berlin] With params: []
[23-Apr-2025 17:22:30 Europe/Berlin] Query executed successfully. Found 1 rows
[23-Apr-2025 17:22:30 Europe/Berlin] Executing SQL: SELECT * FROM matches WHERE 1=1 ORDER BY match_time DESC
[23-Apr-2025 17:22:30 Europe/Berlin] With params: []
[23-Apr-2025 17:22:30 Europe/Berlin] Query executed successfully. Found 5 rows
[23-Apr-2025 17:22:30 Europe/Berlin] PHP Warning:  Undefined array key "status" in /Applications/XAMPP/xamppfiles/htdocs/sportsync/public/admin.php on line 865
[23-Apr-2025 17:22:30 Europe/Berlin] PHP Warning:  Undefined array key "status" in /Applications/XAMPP/xamppfiles/htdocs/sportsync/public/admin.php on line 866
[23-Apr-2025 17:22:30 Europe/Berlin] PHP Warning:  Undefined array key "status" in /Applications/XAMPP/xamppfiles/htdocs/sportsync/public/admin.php on line 867
[23-Apr-2025 17:22:30 Europe/Berlin] PHP Warning:  Undefined array key "status" in /Applications/XAMPP/xamppfiles/htdocs/sportsync/public/admin.php on line 865
[23-Apr-2025 17:22:30 Europe/Berlin] PHP Warning:  Undefined array key "status" in /Applications/XAMPP/xamppfiles/htdocs/sportsync/public/admin.php on line 866
[23-Apr-2025 17:22:30 Europe/Berlin] PHP Warning:  Undefined array key "status" in /Applications/XAMPP/xamppfiles/htdocs/sportsync/public/admin.php on line 867
[23-Apr-2025 17:22:30 Europe/Berlin] PHP Warning:  Undefined array key "status" in /Applications/XAMPP/xamppfiles/htdocs/sportsync/public/admin.php on line 865
[23-Apr-2025 17:22:30 Europe/Berlin] PHP Warning:  Undefined array key "status" in /Applications/XAMPP/xamppfiles/htdocs/sportsync/public/admin.php on line 866
[23-Apr-2025 17:22:30 Europe/Berlin] PHP Warning:  Undefined array key "status" in /Applications/XAMPP/xamppfiles/htdocs/sportsync/public/admin.php on line 867
[23-Apr-2025 17:22:30 Europe/Berlin] PHP Warning:  Undefined array key "status" in /Applications/XAMPP/xamppfiles/htdocs/sportsync/public/admin.php on line 865
[23-Apr-2025 17:22:30 Europe/Berlin] PHP Warning:  Undefined array key "status" in /Applications/XAMPP/xamppfiles/htdocs/sportsync/public/admin.php on line 866
[23-Apr-2025 17:22:30 Europe/Berlin] PHP Warning:  Undefined array key "status" in /Applications/XAMPP/xamppfiles/htdocs/sportsync/public/admin.php on line 867
[23-Apr-2025 17:22:30 Europe/Berlin] PHP Warning:  Undefined array key "status" in /Applications/XAMPP/xamppfiles/htdocs/sportsync/public/admin.php on line 865
[23-Apr-2025 17:22:30 Europe/Berlin] PHP Warning:  Undefined array key "status" in /Applications/XAMPP/xamppfiles/htdocs/sportsync/public/admin.php on line 866
[23-Apr-2025 17:22:30 Europe/Berlin] PHP Warning:  Undefined array key "status" in /Applications/XAMPP/xamppfiles/htdocs/sportsync/public/admin.php on line 867
[23-Apr-2025 17:22:30 Europe/Berlin] PHP Warning:  Undefined array key "status" in /Applications/XAMPP/xamppfiles/htdocs/sportsync/public/admin.php on line 865
[23-Apr-2025 17:22:30 Europe/Berlin] PHP Warning:  Undefined array key "status" in /Applications/XAMPP/xamppfiles/htdocs/sportsync/public/admin.php on line 866
[23-Apr-2025 17:22:30 Europe/Berlin] PHP Warning:  Undefined array key "status" in /Applications/XAMPP/xamppfiles/htdocs/sportsync/public/admin.php on line 867
[23-Apr-2025 17:22:30 Europe/Berlin] PHP Warning:  Undefined array key "status" in /Applications/XAMPP/xamppfiles/htdocs/sportsync/public/admin.php on line 865
[23-Apr-2025 17:22:30 Europe/Berlin] PHP Warning:  Undefined array key "status" in /Applications/XAMPP/xamppfiles/htdocs/sportsync/public/admin.php on line 866
[23-Apr-2025 17:22:30 Europe/Berlin] PHP Warning:  Undefined array key "status" in /Applications/XAMPP/xamppfiles/htdocs/sportsync/public/admin.php on line 867
[23-Apr-2025 17:22:30 Europe/Berlin] PHP Warning:  Undefined array key "status" in /Applications/XAMPP/xamppfiles/htdocs/sportsync/public/admin.php on line 865
[23-Apr-2025 17:22:30 Europe/Berlin] PHP Warning:  Undefined array key "status" in /Applications/XAMPP/xamppfiles/htdocs/sportsync/public/admin.php on line 866
[23-Apr-2025 17:22:30 Europe/Berlin] PHP Warning:  Undefined array key "status" in /Applications/XAMPP/xamppfiles/htdocs/sportsync/public/admin.php on line 867
[23-Apr-2025 17:22:30 Europe/Berlin] PHP Warning:  Undefined array key "status" in /Applications/XAMPP/xamppfiles/htdocs/sportsync/public/admin.php on line 865
[23-Apr-2025 17:22:30 Europe/Berlin] PHP Warning:  Undefined array key "status" in /Applications/XAMPP/xamppfiles/htdocs/sportsync/public/admin.php on line 866
[23-Apr-2025 17:22:30 Europe/Berlin] PHP Warning:  Undefined array key "status" in /Applications/XAMPP/xamppfiles/htdocs/sportsync/public/admin.php on line 867
[23-Apr-2025 17:22:30 Europe/Berlin] PHP Warning:  Undefined array key "status" in /Applications/XAMPP/xamppfiles/htdocs/sportsync/public/admin.php on line 865
[23-Apr-2025 17:22:30 Europe/Berlin] PHP Warning:  Undefined array key "status" in /Applications/XAMPP/xamppfiles/htdocs/sportsync/public/admin.php on line 866
[23-Apr-2025 17:22:30 Europe/Berlin] PHP Warning:  Undefined array key "status" in /Applications/XAMPP/xamppfiles/htdocs/sportsync/public/admin.php on line 867
[23-Apr-2025 17:22:35 Europe/Berlin] Connected to database. Tables found: favorites, feedback, matches, matches_backup, matches_new, news, newsletter, notifications, players, subscriptions, users
[23-Apr-2025 17:22:35 Europe/Berlin] Executing SQL: CREATE TABLE IF NOT EXISTS users (
                id INT AUTO_INCREMENT PRIMARY KEY,
                username VARCHAR(50) NOT NULL UNIQUE,
                password VARCHAR(255) NOT NULL,
                email VARCHAR(100) NOT NULL UNIQUE,
                account_type ENUM('user', 'admin') DEFAULT 'user',
                created_at TIMESTAMP DEFAULT CURRENT_TIMESTAMP
            )
[23-Apr-2025 17:22:35 Europe/Berlin] With params: []
[23-Apr-2025 17:22:35 Europe/Berlin] Query executed successfully. Found 0 rows
[23-Apr-2025 17:22:35 Europe/Berlin] Users table created or already exists
[23-Apr-2025 17:22:35 Europe/Berlin] Users table structure: [{"Field":"id","Type":"int(11)","Null":"NO","Key":"PRI","Default":null,"Extra":"auto_increment"},{"Field":"username","Type":"varchar(50)","Null":"NO","Key":"","Default":null,"Extra":""},{"Field":"email","Type":"varchar(100)","Null":"NO","Key":"UNI","Default":null,"Extra":""},{"Field":"password","Type":"varchar(255)","Null":"NO","Key":"","Default":null,"Extra":""},{"Field":"role","Type":"enum('user','admin')","Null":"YES","Key":"","Default":"user","Extra":""},{"Field":"verification_code","Type":"varchar(100)","Null":"YES","Key":"","Default":null,"Extra":""},{"Field":"is_verified","Type":"tinyint(1)","Null":"YES","Key":"","Default":"0","Extra":""},{"Field":"created_at","Type":"timestamp","Null":"NO","Key":"","Default":"current_timestamp()","Extra":""},{"Field":"favorite_sport","Type":"varchar(50)","Null":"YES","Key":"","Default":null,"Extra":""},{"Field":"favorite_team","Type":"varchar(50)","Null":"YES","Key":"","Default":null,"Extra":""},{"Field":"account_type","Type":"enum('user','admin')","Null":"YES","Key":"","Default":"user","Extra":""}]
[23-Apr-2025 17:22:35 Europe/Berlin] Number of users in database: 13
[23-Apr-2025 17:22:35 Europe/Berlin] All tables initialized successfully
[23-Apr-2025 17:22:35 Europe/Berlin] Connected to database. Tables found: favorites, feedback, matches, matches_backup, matches_new, news, newsletter, notifications, players, subscriptions, users
[23-Apr-2025 17:22:35 Europe/Berlin] Executing SQL: CREATE TABLE IF NOT EXISTS users (
                id INT AUTO_INCREMENT PRIMARY KEY,
                username VARCHAR(50) NOT NULL UNIQUE,
                password VARCHAR(255) NOT NULL,
                email VARCHAR(100) NOT NULL UNIQUE,
                account_type ENUM('user', 'admin') DEFAULT 'user',
                created_at TIMESTAMP DEFAULT CURRENT_TIMESTAMP
            )
[23-Apr-2025 17:22:35 Europe/Berlin] With params: []
[23-Apr-2025 17:22:35 Europe/Berlin] Query executed successfully. Found 0 rows
[23-Apr-2025 17:22:35 Europe/Berlin] Users table created or already exists
[23-Apr-2025 17:22:35 Europe/Berlin] Users table structure: [{"Field":"id","Type":"int(11)","Null":"NO","Key":"PRI","Default":null,"Extra":"auto_increment"},{"Field":"username","Type":"varchar(50)","Null":"NO","Key":"","Default":null,"Extra":""},{"Field":"email","Type":"varchar(100)","Null":"NO","Key":"UNI","Default":null,"Extra":""},{"Field":"password","Type":"varchar(255)","Null":"NO","Key":"","Default":null,"Extra":""},{"Field":"role","Type":"enum('user','admin')","Null":"YES","Key":"","Default":"user","Extra":""},{"Field":"verification_code","Type":"varchar(100)","Null":"YES","Key":"","Default":null,"Extra":""},{"Field":"is_verified","Type":"tinyint(1)","Null":"YES","Key":"","Default":"0","Extra":""},{"Field":"created_at","Type":"timestamp","Null":"NO","Key":"","Default":"current_timestamp()","Extra":""},{"Field":"favorite_sport","Type":"varchar(50)","Null":"YES","Key":"","Default":null,"Extra":""},{"Field":"favorite_team","Type":"varchar(50)","Null":"YES","Key":"","Default":null,"Extra":""},{"Field":"account_type","Type":"enum('user','admin')","Null":"YES","Key":"","Default":"user","Extra":""}]
[23-Apr-2025 17:22:35 Europe/Berlin] Number of users in database: 13
[23-Apr-2025 17:22:35 Europe/Berlin] All tables initialized successfully
[23-Apr-2025 17:22:35 Europe/Berlin] Database tables initialized successfully
[23-Apr-2025 17:22:35 Europe/Berlin] Executing SQL: SELECT * FROM users WHERE id = :id
[23-Apr-2025 17:22:35 Europe/Berlin] With params: {":id":12}
[23-Apr-2025 17:22:35 Europe/Berlin] Query executed successfully. Found 1 rows
[23-Apr-2025 17:22:35 Europe/Berlin] User loaded from session: varunpndey
[23-Apr-2025 17:22:35 Europe/Berlin] Header - Session status: 2
[23-Apr-2025 17:22:35 Europe/Berlin] Header - Session data: {"user_id":12,"username":"varunpndey","email":"va@gmail.com","account_type":"admin"}
[23-Apr-2025 17:22:35 Europe/Berlin] Header - After session start - Status: 2
[23-Apr-2025 17:22:35 Europe/Berlin] Header - After session start - Data: {"user_id":12,"username":"varunpndey","email":"va@gmail.com","account_type":"admin"}
[23-Apr-2025 17:22:35 Europe/Berlin] Header - Is logged in: Yes
[23-Apr-2025 17:22:35 Europe/Berlin] Executing SQL: SELECT * FROM news ORDER BY created_at DESC LIMIT 5
[23-Apr-2025 17:22:35 Europe/Berlin] With params: []
[23-Apr-2025 17:22:35 Europe/Berlin] Query executed successfully. Found 5 rows
[23-Apr-2025 17:22:35 Europe/Berlin] Executing SQL: SELECT * FROM matches WHERE status = 'live'
[23-Apr-2025 17:22:35 Europe/Berlin] With params: []
[23-Apr-2025 17:22:35 Europe/Berlin] Query executed successfully. Found 1 rows
[23-Apr-2025 17:22:35 Europe/Berlin] Executing SQL: SELECT COUNT(*) as count FROM favorites 
                    WHERE user_id = :user_id AND match_id = :match_id
[23-Apr-2025 17:22:35 Europe/Berlin] With params: {":user_id":12,":match_id":42}
[23-Apr-2025 17:22:35 Europe/Berlin] Query executed successfully. Found 1 rows
[23-Apr-2025 17:22:41 Europe/Berlin] Connected to database. Tables found: favorites, feedback, matches, matches_backup, matches_new, news, newsletter, notifications, players, subscriptions, users
[23-Apr-2025 17:22:41 Europe/Berlin] Executing SQL: CREATE TABLE IF NOT EXISTS users (
                id INT AUTO_INCREMENT PRIMARY KEY,
                username VARCHAR(50) NOT NULL UNIQUE,
                password VARCHAR(255) NOT NULL,
                email VARCHAR(100) NOT NULL UNIQUE,
                account_type ENUM('user', 'admin') DEFAULT 'user',
                created_at TIMESTAMP DEFAULT CURRENT_TIMESTAMP
            )
[23-Apr-2025 17:22:41 Europe/Berlin] With params: []
[23-Apr-2025 17:22:41 Europe/Berlin] Query executed successfully. Found 0 rows
[23-Apr-2025 17:22:41 Europe/Berlin] Users table created or already exists
[23-Apr-2025 17:22:41 Europe/Berlin] Users table structure: [{"Field":"id","Type":"int(11)","Null":"NO","Key":"PRI","Default":null,"Extra":"auto_increment"},{"Field":"username","Type":"varchar(50)","Null":"NO","Key":"","Default":null,"Extra":""},{"Field":"email","Type":"varchar(100)","Null":"NO","Key":"UNI","Default":null,"Extra":""},{"Field":"password","Type":"varchar(255)","Null":"NO","Key":"","Default":null,"Extra":""},{"Field":"role","Type":"enum('user','admin')","Null":"YES","Key":"","Default":"user","Extra":""},{"Field":"verification_code","Type":"varchar(100)","Null":"YES","Key":"","Default":null,"Extra":""},{"Field":"is_verified","Type":"tinyint(1)","Null":"YES","Key":"","Default":"0","Extra":""},{"Field":"created_at","Type":"timestamp","Null":"NO","Key":"","Default":"current_timestamp()","Extra":""},{"Field":"favorite_sport","Type":"varchar(50)","Null":"YES","Key":"","Default":null,"Extra":""},{"Field":"favorite_team","Type":"varchar(50)","Null":"YES","Key":"","Default":null,"Extra":""},{"Field":"account_type","Type":"enum('user','admin')","Null":"YES","Key":"","Default":"user","Extra":""}]
[23-Apr-2025 17:22:41 Europe/Berlin] Number of users in database: 13
[23-Apr-2025 17:22:41 Europe/Berlin] All tables initialized successfully
[23-Apr-2025 17:22:41 Europe/Berlin] Connected to database. Tables found: favorites, feedback, matches, matches_backup, matches_new, news, newsletter, notifications, players, subscriptions, users
[23-Apr-2025 17:22:41 Europe/Berlin] Executing SQL: CREATE TABLE IF NOT EXISTS users (
                id INT AUTO_INCREMENT PRIMARY KEY,
                username VARCHAR(50) NOT NULL UNIQUE,
                password VARCHAR(255) NOT NULL,
                email VARCHAR(100) NOT NULL UNIQUE,
                account_type ENUM('user', 'admin') DEFAULT 'user',
                created_at TIMESTAMP DEFAULT CURRENT_TIMESTAMP
            )
[23-Apr-2025 17:22:41 Europe/Berlin] With params: []
[23-Apr-2025 17:22:41 Europe/Berlin] Query executed successfully. Found 0 rows
[23-Apr-2025 17:22:41 Europe/Berlin] Users table created or already exists
[23-Apr-2025 17:22:41 Europe/Berlin] Users table structure: [{"Field":"id","Type":"int(11)","Null":"NO","Key":"PRI","Default":null,"Extra":"auto_increment"},{"Field":"username","Type":"varchar(50)","Null":"NO","Key":"","Default":null,"Extra":""},{"Field":"email","Type":"varchar(100)","Null":"NO","Key":"UNI","Default":null,"Extra":""},{"Field":"password","Type":"varchar(255)","Null":"NO","Key":"","Default":null,"Extra":""},{"Field":"role","Type":"enum('user','admin')","Null":"YES","Key":"","Default":"user","Extra":""},{"Field":"verification_code","Type":"varchar(100)","Null":"YES","Key":"","Default":null,"Extra":""},{"Field":"is_verified","Type":"tinyint(1)","Null":"YES","Key":"","Default":"0","Extra":""},{"Field":"created_at","Type":"timestamp","Null":"NO","Key":"","Default":"current_timestamp()","Extra":""},{"Field":"favorite_sport","Type":"varchar(50)","Null":"YES","Key":"","Default":null,"Extra":""},{"Field":"favorite_team","Type":"varchar(50)","Null":"YES","Key":"","Default":null,"Extra":""},{"Field":"account_type","Type":"enum('user','admin')","Null":"YES","Key":"","Default":"user","Extra":""}]
[23-Apr-2025 17:22:41 Europe/Berlin] Number of users in database: 13
[23-Apr-2025 17:22:41 Europe/Berlin] All tables initialized successfully
[23-Apr-2025 17:22:41 Europe/Berlin] Database tables initialized successfully
[23-Apr-2025 17:22:41 Europe/Berlin] Executing SQL: SELECT * FROM users WHERE id = :id
[23-Apr-2025 17:22:41 Europe/Berlin] With params: {":id":12}
[23-Apr-2025 17:22:41 Europe/Berlin] Query executed successfully. Found 1 rows
[23-Apr-2025 17:22:41 Europe/Berlin] User loaded from session: varunpndey
[23-Apr-2025 17:22:41 Europe/Berlin] Header - Session status: 2
[23-Apr-2025 17:22:41 Europe/Berlin] Header - Session data: {"user_id":12,"username":"varunpndey","email":"va@gmail.com","account_type":"admin"}
[23-Apr-2025 17:22:41 Europe/Berlin] Header - After session start - Status: 2
[23-Apr-2025 17:22:41 Europe/Berlin] Header - After session start - Data: {"user_id":12,"username":"varunpndey","email":"va@gmail.com","account_type":"admin"}
[23-Apr-2025 17:22:41 Europe/Berlin] Header - Is logged in: Yes
[23-Apr-2025 17:22:41 Europe/Berlin] Executing SQL: SELECT * FROM matches WHERE sport = :sport ORDER BY match_time DESC
[23-Apr-2025 17:22:41 Europe/Berlin] With params: {":sport":"football"}
[23-Apr-2025 17:22:41 Europe/Berlin] Query executed successfully. Found 1 rows
[23-Apr-2025 17:22:41 Europe/Berlin] Executing SQL: SELECT * FROM matches WHERE sport = :sport AND status = :status
[23-Apr-2025 17:22:41 Europe/Berlin] With params: {":sport":"football",":status":"live"}
[23-Apr-2025 17:22:41 Europe/Berlin] Query executed successfully. Found 0 rows
[23-Apr-2025 17:22:41 Europe/Berlin] Executing SQL: SELECT COUNT(*) as count FROM favorites 
                    WHERE user_id = :user_id AND match_id = :match_id
[23-Apr-2025 17:22:41 Europe/Berlin] With params: {":user_id":12,":match_id":41}
[23-Apr-2025 17:22:41 Europe/Berlin] Query executed successfully. Found 1 rows
[23-Apr-2025 17:22:50 Europe/Berlin] Connected to database. Tables found: favorites, feedback, matches, matches_backup, matches_new, news, newsletter, notifications, players, subscriptions, users
[23-Apr-2025 17:22:50 Europe/Berlin] Executing SQL: CREATE TABLE IF NOT EXISTS users (
                id INT AUTO_INCREMENT PRIMARY KEY,
                username VARCHAR(50) NOT NULL UNIQUE,
                password VARCHAR(255) NOT NULL,
                email VARCHAR(100) NOT NULL UNIQUE,
                account_type ENUM('user', 'admin') DEFAULT 'user',
                created_at TIMESTAMP DEFAULT CURRENT_TIMESTAMP
            )
[23-Apr-2025 17:22:50 Europe/Berlin] With params: []
[23-Apr-2025 17:22:50 Europe/Berlin] Query executed successfully. Found 0 rows
[23-Apr-2025 17:22:50 Europe/Berlin] Users table created or already exists
[23-Apr-2025 17:22:50 Europe/Berlin] Users table structure: [{"Field":"id","Type":"int(11)","Null":"NO","Key":"PRI","Default":null,"Extra":"auto_increment"},{"Field":"username","Type":"varchar(50)","Null":"NO","Key":"","Default":null,"Extra":""},{"Field":"email","Type":"varchar(100)","Null":"NO","Key":"UNI","Default":null,"Extra":""},{"Field":"password","Type":"varchar(255)","Null":"NO","Key":"","Default":null,"Extra":""},{"Field":"role","Type":"enum('user','admin')","Null":"YES","Key":"","Default":"user","Extra":""},{"Field":"verification_code","Type":"varchar(100)","Null":"YES","Key":"","Default":null,"Extra":""},{"Field":"is_verified","Type":"tinyint(1)","Null":"YES","Key":"","Default":"0","Extra":""},{"Field":"created_at","Type":"timestamp","Null":"NO","Key":"","Default":"current_timestamp()","Extra":""},{"Field":"favorite_sport","Type":"varchar(50)","Null":"YES","Key":"","Default":null,"Extra":""},{"Field":"favorite_team","Type":"varchar(50)","Null":"YES","Key":"","Default":null,"Extra":""},{"Field":"account_type","Type":"enum('user','admin')","Null":"YES","Key":"","Default":"user","Extra":""}]
[23-Apr-2025 17:22:50 Europe/Berlin] Number of users in database: 13
[23-Apr-2025 17:22:50 Europe/Berlin] All tables initialized successfully
[23-Apr-2025 17:22:50 Europe/Berlin] Connected to database. Tables found: favorites, feedback, matches, matches_backup, matches_new, news, newsletter, notifications, players, subscriptions, users
[23-Apr-2025 17:22:50 Europe/Berlin] Executing SQL: CREATE TABLE IF NOT EXISTS users (
                id INT AUTO_INCREMENT PRIMARY KEY,
                username VARCHAR(50) NOT NULL UNIQUE,
                password VARCHAR(255) NOT NULL,
                email VARCHAR(100) NOT NULL UNIQUE,
                account_type ENUM('user', 'admin') DEFAULT 'user',
                created_at TIMESTAMP DEFAULT CURRENT_TIMESTAMP
            )
[23-Apr-2025 17:22:50 Europe/Berlin] With params: []
[23-Apr-2025 17:22:50 Europe/Berlin] Query executed successfully. Found 0 rows
[23-Apr-2025 17:22:50 Europe/Berlin] Users table created or already exists
[23-Apr-2025 17:22:50 Europe/Berlin] Users table structure: [{"Field":"id","Type":"int(11)","Null":"NO","Key":"PRI","Default":null,"Extra":"auto_increment"},{"Field":"username","Type":"varchar(50)","Null":"NO","Key":"","Default":null,"Extra":""},{"Field":"email","Type":"varchar(100)","Null":"NO","Key":"UNI","Default":null,"Extra":""},{"Field":"password","Type":"varchar(255)","Null":"NO","Key":"","Default":null,"Extra":""},{"Field":"role","Type":"enum('user','admin')","Null":"YES","Key":"","Default":"user","Extra":""},{"Field":"verification_code","Type":"varchar(100)","Null":"YES","Key":"","Default":null,"Extra":""},{"Field":"is_verified","Type":"tinyint(1)","Null":"YES","Key":"","Default":"0","Extra":""},{"Field":"created_at","Type":"timestamp","Null":"NO","Key":"","Default":"current_timestamp()","Extra":""},{"Field":"favorite_sport","Type":"varchar(50)","Null":"YES","Key":"","Default":null,"Extra":""},{"Field":"favorite_team","Type":"varchar(50)","Null":"YES","Key":"","Default":null,"Extra":""},{"Field":"account_type","Type":"enum('user','admin')","Null":"YES","Key":"","Default":"user","Extra":""}]
[23-Apr-2025 17:22:50 Europe/Berlin] Number of users in database: 13
[23-Apr-2025 17:22:50 Europe/Berlin] All tables initialized successfully
[23-Apr-2025 17:22:50 Europe/Berlin] Database tables initialized successfully
[23-Apr-2025 17:22:50 Europe/Berlin] Executing SQL: SELECT * FROM users WHERE id = :id
[23-Apr-2025 17:22:50 Europe/Berlin] With params: {":id":12}
[23-Apr-2025 17:22:50 Europe/Berlin] Query executed successfully. Found 1 rows
[23-Apr-2025 17:22:50 Europe/Berlin] User loaded from session: varunpndey
[23-Apr-2025 17:22:50 Europe/Berlin] Header - Session status: 2
[23-Apr-2025 17:22:50 Europe/Berlin] Header - Session data: {"user_id":12,"username":"varunpndey","email":"va@gmail.com","account_type":"admin"}
[23-Apr-2025 17:22:50 Europe/Berlin] Header - After session start - Status: 2
[23-Apr-2025 17:22:50 Europe/Berlin] Header - After session start - Data: {"user_id":12,"username":"varunpndey","email":"va@gmail.com","account_type":"admin"}
[23-Apr-2025 17:22:50 Europe/Berlin] Header - Is logged in: Yes
[23-Apr-2025 17:22:50 Europe/Berlin] Executing SQL: SELECT * FROM matches WHERE sport = :sport ORDER BY match_time DESC
[23-Apr-2025 17:22:50 Europe/Berlin] With params: {":sport":"cricket"}
[23-Apr-2025 17:22:50 Europe/Berlin] Query executed successfully. Found 4 rows
[23-Apr-2025 17:22:50 Europe/Berlin] Executing SQL: SELECT * FROM matches WHERE sport = :sport AND status = :status
[23-Apr-2025 17:22:50 Europe/Berlin] With params: {":sport":"cricket",":status":"live"}
[23-Apr-2025 17:22:50 Europe/Berlin] Query executed successfully. Found 1 rows
[23-Apr-2025 17:22:50 Europe/Berlin] Executing SQL: SELECT COUNT(*) as count FROM favorites 
                    WHERE user_id = :user_id AND match_id = :match_id
[23-Apr-2025 17:22:50 Europe/Berlin] With params: {":user_id":12,":match_id":42}
[23-Apr-2025 17:22:50 Europe/Berlin] Query executed successfully. Found 1 rows
[23-Apr-2025 17:22:50 Europe/Berlin] Executing SQL: SELECT COUNT(*) as count FROM favorites 
                    WHERE user_id = :user_id AND match_id = :match_id
[23-Apr-2025 17:22:50 Europe/Berlin] With params: {":user_id":12,":match_id":43}
[23-Apr-2025 17:22:50 Europe/Berlin] Query executed successfully. Found 1 rows
[23-Apr-2025 17:22:50 Europe/Berlin] Executing SQL: SELECT COUNT(*) as count FROM favorites 
                    WHERE user_id = :user_id AND match_id = :match_id
[23-Apr-2025 17:22:50 Europe/Berlin] With params: {":user_id":12,":match_id":38}
[23-Apr-2025 17:22:50 Europe/Berlin] Query executed successfully. Found 1 rows
[23-Apr-2025 17:22:50 Europe/Berlin] Executing SQL: SELECT COUNT(*) as count FROM favorites 
                    WHERE user_id = :user_id AND match_id = :match_id
[23-Apr-2025 17:22:50 Europe/Berlin] With params: {":user_id":12,":match_id":37}
[23-Apr-2025 17:22:50 Europe/Berlin] Query executed successfully. Found 1 rows
[23-Apr-2025 17:22:55 Europe/Berlin] Connected to database. Tables found: favorites, feedback, matches, matches_backup, matches_new, news, newsletter, notifications, players, subscriptions, users
[23-Apr-2025 17:22:55 Europe/Berlin] Executing SQL: CREATE TABLE IF NOT EXISTS users (
                id INT AUTO_INCREMENT PRIMARY KEY,
                username VARCHAR(50) NOT NULL UNIQUE,
                password VARCHAR(255) NOT NULL,
                email VARCHAR(100) NOT NULL UNIQUE,
                account_type ENUM('user', 'admin') DEFAULT 'user',
                created_at TIMESTAMP DEFAULT CURRENT_TIMESTAMP
            )
[23-Apr-2025 17:22:55 Europe/Berlin] With params: []
[23-Apr-2025 17:22:55 Europe/Berlin] Query executed successfully. Found 0 rows
[23-Apr-2025 17:22:55 Europe/Berlin] Users table created or already exists
[23-Apr-2025 17:22:55 Europe/Berlin] Users table structure: [{"Field":"id","Type":"int(11)","Null":"NO","Key":"PRI","Default":null,"Extra":"auto_increment"},{"Field":"username","Type":"varchar(50)","Null":"NO","Key":"","Default":null,"Extra":""},{"Field":"email","Type":"varchar(100)","Null":"NO","Key":"UNI","Default":null,"Extra":""},{"Field":"password","Type":"varchar(255)","Null":"NO","Key":"","Default":null,"Extra":""},{"Field":"role","Type":"enum('user','admin')","Null":"YES","Key":"","Default":"user","Extra":""},{"Field":"verification_code","Type":"varchar(100)","Null":"YES","Key":"","Default":null,"Extra":""},{"Field":"is_verified","Type":"tinyint(1)","Null":"YES","Key":"","Default":"0","Extra":""},{"Field":"created_at","Type":"timestamp","Null":"NO","Key":"","Default":"current_timestamp()","Extra":""},{"Field":"favorite_sport","Type":"varchar(50)","Null":"YES","Key":"","Default":null,"Extra":""},{"Field":"favorite_team","Type":"varchar(50)","Null":"YES","Key":"","Default":null,"Extra":""},{"Field":"account_type","Type":"enum('user','admin')","Null":"YES","Key":"","Default":"user","Extra":""}]
[23-Apr-2025 17:22:55 Europe/Berlin] Number of users in database: 13
[23-Apr-2025 17:22:55 Europe/Berlin] All tables initialized successfully
[23-Apr-2025 17:22:55 Europe/Berlin] API Request received: /sportsync/backend/match.php?action=fetch_matches&sport=cricket&all=true
[23-Apr-2025 17:22:55 Europe/Berlin] GET parameters: Array
(
    [action] => fetch_matches
    [sport] => cricket
    [all] => true
)

[23-Apr-2025 17:22:55 Europe/Berlin] Executing SQL: SELECT * FROM matches WHERE sport = :sport ORDER BY match_time DESC
[23-Apr-2025 17:22:55 Europe/Berlin] With params: {":sport":"cricket"}
[23-Apr-2025 17:22:55 Europe/Berlin] Query executed successfully. Found 4 rows
[23-Apr-2025 17:22:56 Europe/Berlin] Connected to database. Tables found: favorites, feedback, matches, matches_backup, matches_new, news, newsletter, notifications, players, subscriptions, users
[23-Apr-2025 17:22:56 Europe/Berlin] Executing SQL: CREATE TABLE IF NOT EXISTS users (
                id INT AUTO_INCREMENT PRIMARY KEY,
                username VARCHAR(50) NOT NULL UNIQUE,
                password VARCHAR(255) NOT NULL,
                email VARCHAR(100) NOT NULL UNIQUE,
                account_type ENUM('user', 'admin') DEFAULT 'user',
                created_at TIMESTAMP DEFAULT CURRENT_TIMESTAMP
            )
[23-Apr-2025 17:22:56 Europe/Berlin] With params: []
[23-Apr-2025 17:22:56 Europe/Berlin] Query executed successfully. Found 0 rows
[23-Apr-2025 17:22:56 Europe/Berlin] Users table created or already exists
[23-Apr-2025 17:22:56 Europe/Berlin] Users table structure: [{"Field":"id","Type":"int(11)","Null":"NO","Key":"PRI","Default":null,"Extra":"auto_increment"},{"Field":"username","Type":"varchar(50)","Null":"NO","Key":"","Default":null,"Extra":""},{"Field":"email","Type":"varchar(100)","Null":"NO","Key":"UNI","Default":null,"Extra":""},{"Field":"password","Type":"varchar(255)","Null":"NO","Key":"","Default":null,"Extra":""},{"Field":"role","Type":"enum('user','admin')","Null":"YES","Key":"","Default":"user","Extra":""},{"Field":"verification_code","Type":"varchar(100)","Null":"YES","Key":"","Default":null,"Extra":""},{"Field":"is_verified","Type":"tinyint(1)","Null":"YES","Key":"","Default":"0","Extra":""},{"Field":"created_at","Type":"timestamp","Null":"NO","Key":"","Default":"current_timestamp()","Extra":""},{"Field":"favorite_sport","Type":"varchar(50)","Null":"YES","Key":"","Default":null,"Extra":""},{"Field":"favorite_team","Type":"varchar(50)","Null":"YES","Key":"","Default":null,"Extra":""},{"Field":"account_type","Type":"enum('user','admin')","Null":"YES","Key":"","Default":"user","Extra":""}]
[23-Apr-2025 17:22:56 Europe/Berlin] Number of users in database: 13
[23-Apr-2025 17:22:56 Europe/Berlin] All tables initialized successfully
[23-Apr-2025 17:22:56 Europe/Berlin] Connected to database. Tables found: favorites, feedback, matches, matches_backup, matches_new, news, newsletter, notifications, players, subscriptions, users
[23-Apr-2025 17:22:56 Europe/Berlin] Executing SQL: CREATE TABLE IF NOT EXISTS users (
                id INT AUTO_INCREMENT PRIMARY KEY,
                username VARCHAR(50) NOT NULL UNIQUE,
                password VARCHAR(255) NOT NULL,
                email VARCHAR(100) NOT NULL UNIQUE,
                account_type ENUM('user', 'admin') DEFAULT 'user',
                created_at TIMESTAMP DEFAULT CURRENT_TIMESTAMP
            )
[23-Apr-2025 17:22:56 Europe/Berlin] With params: []
[23-Apr-2025 17:22:56 Europe/Berlin] Query executed successfully. Found 0 rows
[23-Apr-2025 17:22:56 Europe/Berlin] Users table created or already exists
[23-Apr-2025 17:22:56 Europe/Berlin] Users table structure: [{"Field":"id","Type":"int(11)","Null":"NO","Key":"PRI","Default":null,"Extra":"auto_increment"},{"Field":"username","Type":"varchar(50)","Null":"NO","Key":"","Default":null,"Extra":""},{"Field":"email","Type":"varchar(100)","Null":"NO","Key":"UNI","Default":null,"Extra":""},{"Field":"password","Type":"varchar(255)","Null":"NO","Key":"","Default":null,"Extra":""},{"Field":"role","Type":"enum('user','admin')","Null":"YES","Key":"","Default":"user","Extra":""},{"Field":"verification_code","Type":"varchar(100)","Null":"YES","Key":"","Default":null,"Extra":""},{"Field":"is_verified","Type":"tinyint(1)","Null":"YES","Key":"","Default":"0","Extra":""},{"Field":"created_at","Type":"timestamp","Null":"NO","Key":"","Default":"current_timestamp()","Extra":""},{"Field":"favorite_sport","Type":"varchar(50)","Null":"YES","Key":"","Default":null,"Extra":""},{"Field":"favorite_team","Type":"varchar(50)","Null":"YES","Key":"","Default":null,"Extra":""},{"Field":"account_type","Type":"enum('user','admin')","Null":"YES","Key":"","Default":"user","Extra":""}]
[23-Apr-2025 17:22:56 Europe/Berlin] Number of users in database: 13
[23-Apr-2025 17:22:56 Europe/Berlin] All tables initialized successfully
[23-Apr-2025 17:22:56 Europe/Berlin] Database tables initialized successfully
[23-Apr-2025 17:22:56 Europe/Berlin] Executing SQL: SELECT * FROM users WHERE id = :id
[23-Apr-2025 17:22:56 Europe/Berlin] With params: {":id":12}
[23-Apr-2025 17:22:56 Europe/Berlin] Query executed successfully. Found 1 rows
[23-Apr-2025 17:22:56 Europe/Berlin] User loaded from session: varunpndey
[23-Apr-2025 17:22:56 Europe/Berlin] Header - Session status: 2
[23-Apr-2025 17:22:56 Europe/Berlin] Header - Session data: {"user_id":12,"username":"varunpndey","email":"va@gmail.com","account_type":"admin"}
[23-Apr-2025 17:22:56 Europe/Berlin] Header - After session start - Status: 2
[23-Apr-2025 17:22:56 Europe/Berlin] Header - After session start - Data: {"user_id":12,"username":"varunpndey","email":"va@gmail.com","account_type":"admin"}
[23-Apr-2025 17:22:56 Europe/Berlin] Header - Is logged in: Yes
[23-Apr-2025 17:22:56 Europe/Berlin] Executing SQL: SELECT * FROM matches WHERE status = 'live'
[23-Apr-2025 17:22:56 Europe/Berlin] With params: []
[23-Apr-2025 17:22:56 Europe/Berlin] Query executed successfully. Found 1 rows
[23-Apr-2025 17:22:56 Europe/Berlin] Executing SQL: SELECT COUNT(*) as count FROM favorites 
                    WHERE user_id = :user_id AND match_id = :match_id
[23-Apr-2025 17:22:56 Europe/Berlin] With params: {":user_id":12,":match_id":42}
[23-Apr-2025 17:22:56 Europe/Berlin] Query executed successfully. Found 1 rows
[23-Apr-2025 17:22:58 Europe/Berlin] Connected to database. Tables found: favorites, feedback, matches, matches_backup, matches_new, news, newsletter, notifications, players, subscriptions, users
[23-Apr-2025 17:22:58 Europe/Berlin] Executing SQL: CREATE TABLE IF NOT EXISTS users (
                id INT AUTO_INCREMENT PRIMARY KEY,
                username VARCHAR(50) NOT NULL UNIQUE,
                password VARCHAR(255) NOT NULL,
                email VARCHAR(100) NOT NULL UNIQUE,
                account_type ENUM('user', 'admin') DEFAULT 'user',
                created_at TIMESTAMP DEFAULT CURRENT_TIMESTAMP
            )
[23-Apr-2025 17:22:58 Europe/Berlin] With params: []
[23-Apr-2025 17:22:58 Europe/Berlin] Query executed successfully. Found 0 rows
[23-Apr-2025 17:22:58 Europe/Berlin] Users table created or already exists
[23-Apr-2025 17:22:58 Europe/Berlin] Users table structure: [{"Field":"id","Type":"int(11)","Null":"NO","Key":"PRI","Default":null,"Extra":"auto_increment"},{"Field":"username","Type":"varchar(50)","Null":"NO","Key":"","Default":null,"Extra":""},{"Field":"email","Type":"varchar(100)","Null":"NO","Key":"UNI","Default":null,"Extra":""},{"Field":"password","Type":"varchar(255)","Null":"NO","Key":"","Default":null,"Extra":""},{"Field":"role","Type":"enum('user','admin')","Null":"YES","Key":"","Default":"user","Extra":""},{"Field":"verification_code","Type":"varchar(100)","Null":"YES","Key":"","Default":null,"Extra":""},{"Field":"is_verified","Type":"tinyint(1)","Null":"YES","Key":"","Default":"0","Extra":""},{"Field":"created_at","Type":"timestamp","Null":"NO","Key":"","Default":"current_timestamp()","Extra":""},{"Field":"favorite_sport","Type":"varchar(50)","Null":"YES","Key":"","Default":null,"Extra":""},{"Field":"favorite_team","Type":"varchar(50)","Null":"YES","Key":"","Default":null,"Extra":""},{"Field":"account_type","Type":"enum('user','admin')","Null":"YES","Key":"","Default":"user","Extra":""}]
[23-Apr-2025 17:22:58 Europe/Berlin] Number of users in database: 13
[23-Apr-2025 17:22:58 Europe/Berlin] All tables initialized successfully
[23-Apr-2025 17:22:58 Europe/Berlin] Connected to database. Tables found: favorites, feedback, matches, matches_backup, matches_new, news, newsletter, notifications, players, subscriptions, users
[23-Apr-2025 17:22:58 Europe/Berlin] Executing SQL: CREATE TABLE IF NOT EXISTS users (
                id INT AUTO_INCREMENT PRIMARY KEY,
                username VARCHAR(50) NOT NULL UNIQUE,
                password VARCHAR(255) NOT NULL,
                email VARCHAR(100) NOT NULL UNIQUE,
                account_type ENUM('user', 'admin') DEFAULT 'user',
                created_at TIMESTAMP DEFAULT CURRENT_TIMESTAMP
            )
[23-Apr-2025 17:22:58 Europe/Berlin] With params: []
[23-Apr-2025 17:22:58 Europe/Berlin] Query executed successfully. Found 0 rows
[23-Apr-2025 17:22:58 Europe/Berlin] Users table created or already exists
[23-Apr-2025 17:22:58 Europe/Berlin] Users table structure: [{"Field":"id","Type":"int(11)","Null":"NO","Key":"PRI","Default":null,"Extra":"auto_increment"},{"Field":"username","Type":"varchar(50)","Null":"NO","Key":"","Default":null,"Extra":""},{"Field":"email","Type":"varchar(100)","Null":"NO","Key":"UNI","Default":null,"Extra":""},{"Field":"password","Type":"varchar(255)","Null":"NO","Key":"","Default":null,"Extra":""},{"Field":"role","Type":"enum('user','admin')","Null":"YES","Key":"","Default":"user","Extra":""},{"Field":"verification_code","Type":"varchar(100)","Null":"YES","Key":"","Default":null,"Extra":""},{"Field":"is_verified","Type":"tinyint(1)","Null":"YES","Key":"","Default":"0","Extra":""},{"Field":"created_at","Type":"timestamp","Null":"NO","Key":"","Default":"current_timestamp()","Extra":""},{"Field":"favorite_sport","Type":"varchar(50)","Null":"YES","Key":"","Default":null,"Extra":""},{"Field":"favorite_team","Type":"varchar(50)","Null":"YES","Key":"","Default":null,"Extra":""},{"Field":"account_type","Type":"enum('user','admin')","Null":"YES","Key":"","Default":"user","Extra":""}]
[23-Apr-2025 17:22:58 Europe/Berlin] Number of users in database: 13
[23-Apr-2025 17:22:58 Europe/Berlin] All tables initialized successfully
[23-Apr-2025 17:22:58 Europe/Berlin] Database tables initialized successfully
[23-Apr-2025 17:22:58 Europe/Berlin] Executing SQL: SELECT * FROM users WHERE id = :id
[23-Apr-2025 17:22:58 Europe/Berlin] With params: {":id":12}
[23-Apr-2025 17:22:58 Europe/Berlin] Query executed successfully. Found 1 rows
[23-Apr-2025 17:22:58 Europe/Berlin] User loaded from session: varunpndey
[23-Apr-2025 17:22:58 Europe/Berlin] Header - Session status: 2
[23-Apr-2025 17:22:58 Europe/Berlin] Header - Session data: {"user_id":12,"username":"varunpndey","email":"va@gmail.com","account_type":"admin"}
[23-Apr-2025 17:22:58 Europe/Berlin] Header - After session start - Status: 2
[23-Apr-2025 17:22:58 Europe/Berlin] Header - After session start - Data: {"user_id":12,"username":"varunpndey","email":"va@gmail.com","account_type":"admin"}
[23-Apr-2025 17:22:58 Europe/Berlin] Header - Is logged in: Yes
[23-Apr-2025 17:22:58 Europe/Berlin] Executing SQL: SELECT * FROM matches WHERE sport = :sport AND status IN ('live', 'upcoming') ORDER BY match_time DESC
[23-Apr-2025 17:22:58 Europe/Berlin] With params: {":sport":"football"}
[23-Apr-2025 17:22:58 Europe/Berlin] Query executed successfully. Found 1 rows
[23-Apr-2025 17:22:58 Europe/Berlin] Executing SQL: SELECT COUNT(*) as count FROM favorites 
                    WHERE user_id = :user_id AND match_id = :match_id
[23-Apr-2025 17:22:58 Europe/Berlin] With params: {":user_id":12,":match_id":41}
[23-Apr-2025 17:22:58 Europe/Berlin] Query executed successfully. Found 1 rows
[23-Apr-2025 17:22:59 Europe/Berlin] Connected to database. Tables found: favorites, feedback, matches, matches_backup, matches_new, news, newsletter, notifications, players, subscriptions, users
[23-Apr-2025 17:22:59 Europe/Berlin] Executing SQL: CREATE TABLE IF NOT EXISTS users (
                id INT AUTO_INCREMENT PRIMARY KEY,
                username VARCHAR(50) NOT NULL UNIQUE,
                password VARCHAR(255) NOT NULL,
                email VARCHAR(100) NOT NULL UNIQUE,
                account_type ENUM('user', 'admin') DEFAULT 'user',
                created_at TIMESTAMP DEFAULT CURRENT_TIMESTAMP
            )
[23-Apr-2025 17:22:59 Europe/Berlin] With params: []
[23-Apr-2025 17:22:59 Europe/Berlin] Query executed successfully. Found 0 rows
[23-Apr-2025 17:22:59 Europe/Berlin] Users table created or already exists
[23-Apr-2025 17:22:59 Europe/Berlin] Users table structure: [{"Field":"id","Type":"int(11)","Null":"NO","Key":"PRI","Default":null,"Extra":"auto_increment"},{"Field":"username","Type":"varchar(50)","Null":"NO","Key":"","Default":null,"Extra":""},{"Field":"email","Type":"varchar(100)","Null":"NO","Key":"UNI","Default":null,"Extra":""},{"Field":"password","Type":"varchar(255)","Null":"NO","Key":"","Default":null,"Extra":""},{"Field":"role","Type":"enum('user','admin')","Null":"YES","Key":"","Default":"user","Extra":""},{"Field":"verification_code","Type":"varchar(100)","Null":"YES","Key":"","Default":null,"Extra":""},{"Field":"is_verified","Type":"tinyint(1)","Null":"YES","Key":"","Default":"0","Extra":""},{"Field":"created_at","Type":"timestamp","Null":"NO","Key":"","Default":"current_timestamp()","Extra":""},{"Field":"favorite_sport","Type":"varchar(50)","Null":"YES","Key":"","Default":null,"Extra":""},{"Field":"favorite_team","Type":"varchar(50)","Null":"YES","Key":"","Default":null,"Extra":""},{"Field":"account_type","Type":"enum('user','admin')","Null":"YES","Key":"","Default":"user","Extra":""}]
[23-Apr-2025 17:22:59 Europe/Berlin] Number of users in database: 13
[23-Apr-2025 17:22:59 Europe/Berlin] All tables initialized successfully
[23-Apr-2025 17:22:59 Europe/Berlin] Connected to database. Tables found: favorites, feedback, matches, matches_backup, matches_new, news, newsletter, notifications, players, subscriptions, users
[23-Apr-2025 17:22:59 Europe/Berlin] Executing SQL: CREATE TABLE IF NOT EXISTS users (
                id INT AUTO_INCREMENT PRIMARY KEY,
                username VARCHAR(50) NOT NULL UNIQUE,
                password VARCHAR(255) NOT NULL,
                email VARCHAR(100) NOT NULL UNIQUE,
                account_type ENUM('user', 'admin') DEFAULT 'user',
                created_at TIMESTAMP DEFAULT CURRENT_TIMESTAMP
            )
[23-Apr-2025 17:22:59 Europe/Berlin] With params: []
[23-Apr-2025 17:22:59 Europe/Berlin] Query executed successfully. Found 0 rows
[23-Apr-2025 17:22:59 Europe/Berlin] Users table created or already exists
[23-Apr-2025 17:22:59 Europe/Berlin] Users table structure: [{"Field":"id","Type":"int(11)","Null":"NO","Key":"PRI","Default":null,"Extra":"auto_increment"},{"Field":"username","Type":"varchar(50)","Null":"NO","Key":"","Default":null,"Extra":""},{"Field":"email","Type":"varchar(100)","Null":"NO","Key":"UNI","Default":null,"Extra":""},{"Field":"password","Type":"varchar(255)","Null":"NO","Key":"","Default":null,"Extra":""},{"Field":"role","Type":"enum('user','admin')","Null":"YES","Key":"","Default":"user","Extra":""},{"Field":"verification_code","Type":"varchar(100)","Null":"YES","Key":"","Default":null,"Extra":""},{"Field":"is_verified","Type":"tinyint(1)","Null":"YES","Key":"","Default":"0","Extra":""},{"Field":"created_at","Type":"timestamp","Null":"NO","Key":"","Default":"current_timestamp()","Extra":""},{"Field":"favorite_sport","Type":"varchar(50)","Null":"YES","Key":"","Default":null,"Extra":""},{"Field":"favorite_team","Type":"varchar(50)","Null":"YES","Key":"","Default":null,"Extra":""},{"Field":"account_type","Type":"enum('user','admin')","Null":"YES","Key":"","Default":"user","Extra":""}]
[23-Apr-2025 17:22:59 Europe/Berlin] Number of users in database: 13
[23-Apr-2025 17:22:59 Europe/Berlin] All tables initialized successfully
[23-Apr-2025 17:22:59 Europe/Berlin] Database tables initialized successfully
[23-Apr-2025 17:22:59 Europe/Berlin] Executing SQL: SELECT * FROM users WHERE id = :id
[23-Apr-2025 17:22:59 Europe/Berlin] With params: {":id":12}
[23-Apr-2025 17:22:59 Europe/Berlin] Query executed successfully. Found 1 rows
[23-Apr-2025 17:22:59 Europe/Berlin] User loaded from session: varunpndey
[23-Apr-2025 17:22:59 Europe/Berlin] Header - Session status: 2
[23-Apr-2025 17:22:59 Europe/Berlin] Header - Session data: {"user_id":12,"username":"varunpndey","email":"va@gmail.com","account_type":"admin"}
[23-Apr-2025 17:22:59 Europe/Berlin] Header - After session start - Status: 2
[23-Apr-2025 17:22:59 Europe/Berlin] Header - After session start - Data: {"user_id":12,"username":"varunpndey","email":"va@gmail.com","account_type":"admin"}
[23-Apr-2025 17:22:59 Europe/Berlin] Header - Is logged in: Yes
[23-Apr-2025 17:22:59 Europe/Berlin] Executing SQL: SELECT * FROM matches WHERE sport = :sport AND status IN ('live', 'upcoming') ORDER BY match_time DESC
[23-Apr-2025 17:22:59 Europe/Berlin] With params: {":sport":"cricket"}
[23-Apr-2025 17:22:59 Europe/Berlin] Query executed successfully. Found 4 rows
[23-Apr-2025 17:22:59 Europe/Berlin] Executing SQL: SELECT COUNT(*) as count FROM favorites 
                    WHERE user_id = :user_id AND match_id = :match_id
[23-Apr-2025 17:22:59 Europe/Berlin] With params: {":user_id":12,":match_id":42}
[23-Apr-2025 17:22:59 Europe/Berlin] Query executed successfully. Found 1 rows
[23-Apr-2025 17:22:59 Europe/Berlin] Executing SQL: SELECT COUNT(*) as count FROM favorites 
                    WHERE user_id = :user_id AND match_id = :match_id
[23-Apr-2025 17:22:59 Europe/Berlin] With params: {":user_id":12,":match_id":43}
[23-Apr-2025 17:22:59 Europe/Berlin] Query executed successfully. Found 1 rows
[23-Apr-2025 17:22:59 Europe/Berlin] Executing SQL: SELECT COUNT(*) as count FROM favorites 
                    WHERE user_id = :user_id AND match_id = :match_id
[23-Apr-2025 17:22:59 Europe/Berlin] With params: {":user_id":12,":match_id":38}
[23-Apr-2025 17:22:59 Europe/Berlin] Query executed successfully. Found 1 rows
[23-Apr-2025 17:22:59 Europe/Berlin] Executing SQL: SELECT COUNT(*) as count FROM favorites 
                    WHERE user_id = :user_id AND match_id = :match_id
[23-Apr-2025 17:22:59 Europe/Berlin] With params: {":user_id":12,":match_id":37}
[23-Apr-2025 17:22:59 Europe/Berlin] Query executed successfully. Found 1 rows
[23-Apr-2025 17:23:05 Europe/Berlin] Connected to database. Tables found: favorites, feedback, matches, matches_backup, matches_new, news, newsletter, notifications, players, subscriptions, users
[23-Apr-2025 17:23:05 Europe/Berlin] Executing SQL: CREATE TABLE IF NOT EXISTS users (
                id INT AUTO_INCREMENT PRIMARY KEY,
                username VARCHAR(50) NOT NULL UNIQUE,
                password VARCHAR(255) NOT NULL,
                email VARCHAR(100) NOT NULL UNIQUE,
                account_type ENUM('user', 'admin') DEFAULT 'user',
                created_at TIMESTAMP DEFAULT CURRENT_TIMESTAMP
            )
[23-Apr-2025 17:23:05 Europe/Berlin] With params: []
[23-Apr-2025 17:23:05 Europe/Berlin] Query executed successfully. Found 0 rows
[23-Apr-2025 17:23:05 Europe/Berlin] Users table created or already exists
[23-Apr-2025 17:23:05 Europe/Berlin] Users table structure: [{"Field":"id","Type":"int(11)","Null":"NO","Key":"PRI","Default":null,"Extra":"auto_increment"},{"Field":"username","Type":"varchar(50)","Null":"NO","Key":"","Default":null,"Extra":""},{"Field":"email","Type":"varchar(100)","Null":"NO","Key":"UNI","Default":null,"Extra":""},{"Field":"password","Type":"varchar(255)","Null":"NO","Key":"","Default":null,"Extra":""},{"Field":"role","Type":"enum('user','admin')","Null":"YES","Key":"","Default":"user","Extra":""},{"Field":"verification_code","Type":"varchar(100)","Null":"YES","Key":"","Default":null,"Extra":""},{"Field":"is_verified","Type":"tinyint(1)","Null":"YES","Key":"","Default":"0","Extra":""},{"Field":"created_at","Type":"timestamp","Null":"NO","Key":"","Default":"current_timestamp()","Extra":""},{"Field":"favorite_sport","Type":"varchar(50)","Null":"YES","Key":"","Default":null,"Extra":""},{"Field":"favorite_team","Type":"varchar(50)","Null":"YES","Key":"","Default":null,"Extra":""},{"Field":"account_type","Type":"enum('user','admin')","Null":"YES","Key":"","Default":"user","Extra":""}]
[23-Apr-2025 17:23:05 Europe/Berlin] Number of users in database: 13
[23-Apr-2025 17:23:05 Europe/Berlin] All tables initialized successfully
[23-Apr-2025 17:23:05 Europe/Berlin] Connected to database. Tables found: favorites, feedback, matches, matches_backup, matches_new, news, newsletter, notifications, players, subscriptions, users
[23-Apr-2025 17:23:05 Europe/Berlin] Executing SQL: CREATE TABLE IF NOT EXISTS users (
                id INT AUTO_INCREMENT PRIMARY KEY,
                username VARCHAR(50) NOT NULL UNIQUE,
                password VARCHAR(255) NOT NULL,
                email VARCHAR(100) NOT NULL UNIQUE,
                account_type ENUM('user', 'admin') DEFAULT 'user',
                created_at TIMESTAMP DEFAULT CURRENT_TIMESTAMP
            )
[23-Apr-2025 17:23:05 Europe/Berlin] With params: []
[23-Apr-2025 17:23:05 Europe/Berlin] Query executed successfully. Found 0 rows
[23-Apr-2025 17:23:05 Europe/Berlin] Users table created or already exists
[23-Apr-2025 17:23:05 Europe/Berlin] Users table structure: [{"Field":"id","Type":"int(11)","Null":"NO","Key":"PRI","Default":null,"Extra":"auto_increment"},{"Field":"username","Type":"varchar(50)","Null":"NO","Key":"","Default":null,"Extra":""},{"Field":"email","Type":"varchar(100)","Null":"NO","Key":"UNI","Default":null,"Extra":""},{"Field":"password","Type":"varchar(255)","Null":"NO","Key":"","Default":null,"Extra":""},{"Field":"role","Type":"enum('user','admin')","Null":"YES","Key":"","Default":"user","Extra":""},{"Field":"verification_code","Type":"varchar(100)","Null":"YES","Key":"","Default":null,"Extra":""},{"Field":"is_verified","Type":"tinyint(1)","Null":"YES","Key":"","Default":"0","Extra":""},{"Field":"created_at","Type":"timestamp","Null":"NO","Key":"","Default":"current_timestamp()","Extra":""},{"Field":"favorite_sport","Type":"varchar(50)","Null":"YES","Key":"","Default":null,"Extra":""},{"Field":"favorite_team","Type":"varchar(50)","Null":"YES","Key":"","Default":null,"Extra":""},{"Field":"account_type","Type":"enum('user','admin')","Null":"YES","Key":"","Default":"user","Extra":""}]
[23-Apr-2025 17:23:05 Europe/Berlin] Number of users in database: 13
[23-Apr-2025 17:23:05 Europe/Berlin] All tables initialized successfully
[23-Apr-2025 17:23:05 Europe/Berlin] Database tables initialized successfully
[23-Apr-2025 17:23:05 Europe/Berlin] Executing SQL: SELECT * FROM users WHERE id = :id
[23-Apr-2025 17:23:05 Europe/Berlin] With params: {":id":12}
[23-Apr-2025 17:23:05 Europe/Berlin] Query executed successfully. Found 1 rows
[23-Apr-2025 17:23:05 Europe/Berlin] User loaded from session: varunpndey
[23-Apr-2025 17:23:05 Europe/Berlin] Header - Session status: 2
[23-Apr-2025 17:23:05 Europe/Berlin] Header - Session data: {"user_id":12,"username":"varunpndey","email":"va@gmail.com","account_type":"admin"}
[23-Apr-2025 17:23:05 Europe/Berlin] Header - After session start - Status: 2
[23-Apr-2025 17:23:05 Europe/Berlin] Header - After session start - Data: {"user_id":12,"username":"varunpndey","email":"va@gmail.com","account_type":"admin"}
[23-Apr-2025 17:23:05 Europe/Berlin] Header - Is logged in: Yes
[23-Apr-2025 17:23:05 Europe/Berlin] Executing SQL: SELECT * FROM matches WHERE sport = :sport ORDER BY match_time DESC
[23-Apr-2025 17:23:05 Europe/Berlin] With params: {":sport":"football"}
[23-Apr-2025 17:23:05 Europe/Berlin] Query executed successfully. Found 1 rows
[23-Apr-2025 17:23:05 Europe/Berlin] Executing SQL: SELECT * FROM matches WHERE sport = :sport AND status = :status
[23-Apr-2025 17:23:05 Europe/Berlin] With params: {":sport":"football",":status":"live"}
[23-Apr-2025 17:23:05 Europe/Berlin] Query executed successfully. Found 0 rows
[23-Apr-2025 17:23:05 Europe/Berlin] Executing SQL: SELECT COUNT(*) as count FROM favorites 
                    WHERE user_id = :user_id AND match_id = :match_id
[23-Apr-2025 17:23:05 Europe/Berlin] With params: {":user_id":12,":match_id":41}
[23-Apr-2025 17:23:05 Europe/Berlin] Query executed successfully. Found 1 rows
[23-Apr-2025 17:23:12 Europe/Berlin] Connected to database. Tables found: favorites, feedback, matches, matches_backup, matches_new, news, newsletter, notifications, players, subscriptions, users
[23-Apr-2025 17:23:12 Europe/Berlin] Executing SQL: CREATE TABLE IF NOT EXISTS users (
                id INT AUTO_INCREMENT PRIMARY KEY,
                username VARCHAR(50) NOT NULL UNIQUE,
                password VARCHAR(255) NOT NULL,
                email VARCHAR(100) NOT NULL UNIQUE,
                account_type ENUM('user', 'admin') DEFAULT 'user',
                created_at TIMESTAMP DEFAULT CURRENT_TIMESTAMP
            )
[23-Apr-2025 17:23:12 Europe/Berlin] With params: []
[23-Apr-2025 17:23:12 Europe/Berlin] Query executed successfully. Found 0 rows
[23-Apr-2025 17:23:12 Europe/Berlin] Users table created or already exists
[23-Apr-2025 17:23:12 Europe/Berlin] Users table structure: [{"Field":"id","Type":"int(11)","Null":"NO","Key":"PRI","Default":null,"Extra":"auto_increment"},{"Field":"username","Type":"varchar(50)","Null":"NO","Key":"","Default":null,"Extra":""},{"Field":"email","Type":"varchar(100)","Null":"NO","Key":"UNI","Default":null,"Extra":""},{"Field":"password","Type":"varchar(255)","Null":"NO","Key":"","Default":null,"Extra":""},{"Field":"role","Type":"enum('user','admin')","Null":"YES","Key":"","Default":"user","Extra":""},{"Field":"verification_code","Type":"varchar(100)","Null":"YES","Key":"","Default":null,"Extra":""},{"Field":"is_verified","Type":"tinyint(1)","Null":"YES","Key":"","Default":"0","Extra":""},{"Field":"created_at","Type":"timestamp","Null":"NO","Key":"","Default":"current_timestamp()","Extra":""},{"Field":"favorite_sport","Type":"varchar(50)","Null":"YES","Key":"","Default":null,"Extra":""},{"Field":"favorite_team","Type":"varchar(50)","Null":"YES","Key":"","Default":null,"Extra":""},{"Field":"account_type","Type":"enum('user','admin')","Null":"YES","Key":"","Default":"user","Extra":""}]
[23-Apr-2025 17:23:12 Europe/Berlin] Number of users in database: 13
[23-Apr-2025 17:23:12 Europe/Berlin] All tables initialized successfully
[23-Apr-2025 17:23:12 Europe/Berlin] Connected to database. Tables found: favorites, feedback, matches, matches_backup, matches_new, news, newsletter, notifications, players, subscriptions, users
[23-Apr-2025 17:23:12 Europe/Berlin] Executing SQL: CREATE TABLE IF NOT EXISTS users (
                id INT AUTO_INCREMENT PRIMARY KEY,
                username VARCHAR(50) NOT NULL UNIQUE,
                password VARCHAR(255) NOT NULL,
                email VARCHAR(100) NOT NULL UNIQUE,
                account_type ENUM('user', 'admin') DEFAULT 'user',
                created_at TIMESTAMP DEFAULT CURRENT_TIMESTAMP
            )
[23-Apr-2025 17:23:12 Europe/Berlin] With params: []
[23-Apr-2025 17:23:12 Europe/Berlin] Query executed successfully. Found 0 rows
[23-Apr-2025 17:23:12 Europe/Berlin] Users table created or already exists
[23-Apr-2025 17:23:12 Europe/Berlin] Users table structure: [{"Field":"id","Type":"int(11)","Null":"NO","Key":"PRI","Default":null,"Extra":"auto_increment"},{"Field":"username","Type":"varchar(50)","Null":"NO","Key":"","Default":null,"Extra":""},{"Field":"email","Type":"varchar(100)","Null":"NO","Key":"UNI","Default":null,"Extra":""},{"Field":"password","Type":"varchar(255)","Null":"NO","Key":"","Default":null,"Extra":""},{"Field":"role","Type":"enum('user','admin')","Null":"YES","Key":"","Default":"user","Extra":""},{"Field":"verification_code","Type":"varchar(100)","Null":"YES","Key":"","Default":null,"Extra":""},{"Field":"is_verified","Type":"tinyint(1)","Null":"YES","Key":"","Default":"0","Extra":""},{"Field":"created_at","Type":"timestamp","Null":"NO","Key":"","Default":"current_timestamp()","Extra":""},{"Field":"favorite_sport","Type":"varchar(50)","Null":"YES","Key":"","Default":null,"Extra":""},{"Field":"favorite_team","Type":"varchar(50)","Null":"YES","Key":"","Default":null,"Extra":""},{"Field":"account_type","Type":"enum('user','admin')","Null":"YES","Key":"","Default":"user","Extra":""}]
[23-Apr-2025 17:23:12 Europe/Berlin] Number of users in database: 13
[23-Apr-2025 17:23:12 Europe/Berlin] All tables initialized successfully
[23-Apr-2025 17:23:12 Europe/Berlin] Database tables initialized successfully
[23-Apr-2025 17:23:12 Europe/Berlin] Executing SQL: SELECT * FROM users WHERE id = :id
[23-Apr-2025 17:23:12 Europe/Berlin] With params: {":id":12}
[23-Apr-2025 17:23:12 Europe/Berlin] Query executed successfully. Found 1 rows
[23-Apr-2025 17:23:12 Europe/Berlin] User loaded from session: varunpndey
[23-Apr-2025 17:23:12 Europe/Berlin] Executing SQL: SELECT * FROM matches WHERE id = :id
[23-Apr-2025 17:23:12 Europe/Berlin] With params: {":id":41}
[23-Apr-2025 17:23:12 Europe/Berlin] Query executed successfully. Found 1 rows
[23-Apr-2025 17:23:12 Europe/Berlin] Header - Session status: 2
[23-Apr-2025 17:23:12 Europe/Berlin] Header - Session data: {"user_id":12,"username":"varunpndey","email":"va@gmail.com","account_type":"admin"}
[23-Apr-2025 17:23:12 Europe/Berlin] Header - After session start - Status: 2
[23-Apr-2025 17:23:12 Europe/Berlin] Header - After session start - Data: {"user_id":12,"username":"varunpndey","email":"va@gmail.com","account_type":"admin"}
[23-Apr-2025 17:23:12 Europe/Berlin] Header - Is logged in: Yes
[23-Apr-2025 17:33:43 Europe/Berlin] Connected to database. Tables found: favorites, feedback, matches, matches_backup, matches_new, news, newsletter, notifications, players, subscriptions, users
[23-Apr-2025 17:33:43 Europe/Berlin] Executing SQL: CREATE TABLE IF NOT EXISTS users (
                id INT AUTO_INCREMENT PRIMARY KEY,
                username VARCHAR(50) NOT NULL UNIQUE,
                password VARCHAR(255) NOT NULL,
                email VARCHAR(100) NOT NULL UNIQUE,
                account_type ENUM('user', 'admin') DEFAULT 'user',
                created_at TIMESTAMP DEFAULT CURRENT_TIMESTAMP
            )
[23-Apr-2025 17:33:43 Europe/Berlin] With params: []
[23-Apr-2025 17:33:43 Europe/Berlin] Query executed successfully. Found 0 rows
[23-Apr-2025 17:33:43 Europe/Berlin] Users table created or already exists
[23-Apr-2025 17:33:43 Europe/Berlin] Users table structure: [{"Field":"id","Type":"int(11)","Null":"NO","Key":"PRI","Default":null,"Extra":"auto_increment"},{"Field":"username","Type":"varchar(50)","Null":"NO","Key":"","Default":null,"Extra":""},{"Field":"email","Type":"varchar(100)","Null":"NO","Key":"UNI","Default":null,"Extra":""},{"Field":"password","Type":"varchar(255)","Null":"NO","Key":"","Default":null,"Extra":""},{"Field":"role","Type":"enum('user','admin')","Null":"YES","Key":"","Default":"user","Extra":""},{"Field":"verification_code","Type":"varchar(100)","Null":"YES","Key":"","Default":null,"Extra":""},{"Field":"is_verified","Type":"tinyint(1)","Null":"YES","Key":"","Default":"0","Extra":""},{"Field":"created_at","Type":"timestamp","Null":"NO","Key":"","Default":"current_timestamp()","Extra":""},{"Field":"favorite_sport","Type":"varchar(50)","Null":"YES","Key":"","Default":null,"Extra":""},{"Field":"favorite_team","Type":"varchar(50)","Null":"YES","Key":"","Default":null,"Extra":""},{"Field":"account_type","Type":"enum('user','admin')","Null":"YES","Key":"","Default":"user","Extra":""}]
[23-Apr-2025 17:33:43 Europe/Berlin] Number of users in database: 13
[23-Apr-2025 17:33:43 Europe/Berlin] All tables initialized successfully
[23-Apr-2025 17:33:43 Europe/Berlin] Connected to database. Tables found: favorites, feedback, matches, matches_backup, matches_new, news, newsletter, notifications, players, subscriptions, users
[23-Apr-2025 17:33:43 Europe/Berlin] Executing SQL: CREATE TABLE IF NOT EXISTS users (
                id INT AUTO_INCREMENT PRIMARY KEY,
                username VARCHAR(50) NOT NULL UNIQUE,
                password VARCHAR(255) NOT NULL,
                email VARCHAR(100) NOT NULL UNIQUE,
                account_type ENUM('user', 'admin') DEFAULT 'user',
                created_at TIMESTAMP DEFAULT CURRENT_TIMESTAMP
            )
[23-Apr-2025 17:33:43 Europe/Berlin] With params: []
[23-Apr-2025 17:33:43 Europe/Berlin] Query executed successfully. Found 0 rows
[23-Apr-2025 17:33:43 Europe/Berlin] Users table created or already exists
[23-Apr-2025 17:33:43 Europe/Berlin] Users table structure: [{"Field":"id","Type":"int(11)","Null":"NO","Key":"PRI","Default":null,"Extra":"auto_increment"},{"Field":"username","Type":"varchar(50)","Null":"NO","Key":"","Default":null,"Extra":""},{"Field":"email","Type":"varchar(100)","Null":"NO","Key":"UNI","Default":null,"Extra":""},{"Field":"password","Type":"varchar(255)","Null":"NO","Key":"","Default":null,"Extra":""},{"Field":"role","Type":"enum('user','admin')","Null":"YES","Key":"","Default":"user","Extra":""},{"Field":"verification_code","Type":"varchar(100)","Null":"YES","Key":"","Default":null,"Extra":""},{"Field":"is_verified","Type":"tinyint(1)","Null":"YES","Key":"","Default":"0","Extra":""},{"Field":"created_at","Type":"timestamp","Null":"NO","Key":"","Default":"current_timestamp()","Extra":""},{"Field":"favorite_sport","Type":"varchar(50)","Null":"YES","Key":"","Default":null,"Extra":""},{"Field":"favorite_team","Type":"varchar(50)","Null":"YES","Key":"","Default":null,"Extra":""},{"Field":"account_type","Type":"enum('user','admin')","Null":"YES","Key":"","Default":"user","Extra":""}]
[23-Apr-2025 17:33:43 Europe/Berlin] Number of users in database: 13
[23-Apr-2025 17:33:43 Europe/Berlin] All tables initialized successfully
[23-Apr-2025 17:33:43 Europe/Berlin] Database tables initialized successfully
[23-Apr-2025 17:33:43 Europe/Berlin] Executing SQL: SELECT * FROM users WHERE id = :id
[23-Apr-2025 17:33:43 Europe/Berlin] With params: {":id":12}
[23-Apr-2025 17:33:43 Europe/Berlin] Query executed successfully. Found 1 rows
[23-Apr-2025 17:33:43 Europe/Berlin] User loaded from session: varunpndey
[23-Apr-2025 17:33:43 Europe/Berlin] Executing SQL: SELECT * FROM matches WHERE id = :id
[23-Apr-2025 17:33:43 Europe/Berlin] With params: {":id":41}
[23-Apr-2025 17:33:43 Europe/Berlin] Query executed successfully. Found 1 rows
[23-Apr-2025 17:33:43 Europe/Berlin] Header - Session status: 2
[23-Apr-2025 17:33:43 Europe/Berlin] Header - Session data: {"user_id":12,"username":"varunpndey","email":"va@gmail.com","account_type":"admin"}
[23-Apr-2025 17:33:43 Europe/Berlin] Header - After session start - Status: 2
[23-Apr-2025 17:33:43 Europe/Berlin] Header - After session start - Data: {"user_id":12,"username":"varunpndey","email":"va@gmail.com","account_type":"admin"}
[23-Apr-2025 17:33:43 Europe/Berlin] Header - Is logged in: Yes
[23-Apr-2025 17:33:54 Europe/Berlin] Connected to database. Tables found: favorites, feedback, matches, matches_backup, matches_new, news, newsletter, notifications, players, subscriptions, users
[23-Apr-2025 17:33:54 Europe/Berlin] Executing SQL: CREATE TABLE IF NOT EXISTS users (
                id INT AUTO_INCREMENT PRIMARY KEY,
                username VARCHAR(50) NOT NULL UNIQUE,
                password VARCHAR(255) NOT NULL,
                email VARCHAR(100) NOT NULL UNIQUE,
                account_type ENUM('user', 'admin') DEFAULT 'user',
                created_at TIMESTAMP DEFAULT CURRENT_TIMESTAMP
            )
[23-Apr-2025 17:33:54 Europe/Berlin] With params: []
[23-Apr-2025 17:33:54 Europe/Berlin] Query executed successfully. Found 0 rows
[23-Apr-2025 17:33:54 Europe/Berlin] Users table created or already exists
[23-Apr-2025 17:33:54 Europe/Berlin] Users table structure: [{"Field":"id","Type":"int(11)","Null":"NO","Key":"PRI","Default":null,"Extra":"auto_increment"},{"Field":"username","Type":"varchar(50)","Null":"NO","Key":"","Default":null,"Extra":""},{"Field":"email","Type":"varchar(100)","Null":"NO","Key":"UNI","Default":null,"Extra":""},{"Field":"password","Type":"varchar(255)","Null":"NO","Key":"","Default":null,"Extra":""},{"Field":"role","Type":"enum('user','admin')","Null":"YES","Key":"","Default":"user","Extra":""},{"Field":"verification_code","Type":"varchar(100)","Null":"YES","Key":"","Default":null,"Extra":""},{"Field":"is_verified","Type":"tinyint(1)","Null":"YES","Key":"","Default":"0","Extra":""},{"Field":"created_at","Type":"timestamp","Null":"NO","Key":"","Default":"current_timestamp()","Extra":""},{"Field":"favorite_sport","Type":"varchar(50)","Null":"YES","Key":"","Default":null,"Extra":""},{"Field":"favorite_team","Type":"varchar(50)","Null":"YES","Key":"","Default":null,"Extra":""},{"Field":"account_type","Type":"enum('user','admin')","Null":"YES","Key":"","Default":"user","Extra":""}]
[23-Apr-2025 17:33:54 Europe/Berlin] Number of users in database: 13
[23-Apr-2025 17:33:54 Europe/Berlin] All tables initialized successfully
[23-Apr-2025 17:33:54 Europe/Berlin] Connected to database. Tables found: favorites, feedback, matches, matches_backup, matches_new, news, newsletter, notifications, players, subscriptions, users
[23-Apr-2025 17:33:54 Europe/Berlin] Executing SQL: CREATE TABLE IF NOT EXISTS users (
                id INT AUTO_INCREMENT PRIMARY KEY,
                username VARCHAR(50) NOT NULL UNIQUE,
                password VARCHAR(255) NOT NULL,
                email VARCHAR(100) NOT NULL UNIQUE,
                account_type ENUM('user', 'admin') DEFAULT 'user',
                created_at TIMESTAMP DEFAULT CURRENT_TIMESTAMP
            )
[23-Apr-2025 17:33:54 Europe/Berlin] With params: []
[23-Apr-2025 17:33:54 Europe/Berlin] Query executed successfully. Found 0 rows
[23-Apr-2025 17:33:54 Europe/Berlin] Users table created or already exists
[23-Apr-2025 17:33:54 Europe/Berlin] Users table structure: [{"Field":"id","Type":"int(11)","Null":"NO","Key":"PRI","Default":null,"Extra":"auto_increment"},{"Field":"username","Type":"varchar(50)","Null":"NO","Key":"","Default":null,"Extra":""},{"Field":"email","Type":"varchar(100)","Null":"NO","Key":"UNI","Default":null,"Extra":""},{"Field":"password","Type":"varchar(255)","Null":"NO","Key":"","Default":null,"Extra":""},{"Field":"role","Type":"enum('user','admin')","Null":"YES","Key":"","Default":"user","Extra":""},{"Field":"verification_code","Type":"varchar(100)","Null":"YES","Key":"","Default":null,"Extra":""},{"Field":"is_verified","Type":"tinyint(1)","Null":"YES","Key":"","Default":"0","Extra":""},{"Field":"created_at","Type":"timestamp","Null":"NO","Key":"","Default":"current_timestamp()","Extra":""},{"Field":"favorite_sport","Type":"varchar(50)","Null":"YES","Key":"","Default":null,"Extra":""},{"Field":"favorite_team","Type":"varchar(50)","Null":"YES","Key":"","Default":null,"Extra":""},{"Field":"account_type","Type":"enum('user','admin')","Null":"YES","Key":"","Default":"user","Extra":""}]
[23-Apr-2025 17:33:54 Europe/Berlin] Number of users in database: 13
[23-Apr-2025 17:33:54 Europe/Berlin] All tables initialized successfully
[23-Apr-2025 17:33:54 Europe/Berlin] Database tables initialized successfully
[23-Apr-2025 17:33:54 Europe/Berlin] Executing SQL: SELECT * FROM users WHERE id = :id
[23-Apr-2025 17:33:54 Europe/Berlin] With params: {":id":12}
[23-Apr-2025 17:33:54 Europe/Berlin] Query executed successfully. Found 1 rows
[23-Apr-2025 17:33:54 Europe/Berlin] User loaded from session: varunpndey
[23-Apr-2025 17:33:54 Europe/Berlin] Header - Session status: 2
[23-Apr-2025 17:33:54 Europe/Berlin] Header - Session data: {"user_id":12,"username":"varunpndey","email":"va@gmail.com","account_type":"admin"}
[23-Apr-2025 17:33:54 Europe/Berlin] Header - After session start - Status: 2
[23-Apr-2025 17:33:54 Europe/Berlin] Header - After session start - Data: {"user_id":12,"username":"varunpndey","email":"va@gmail.com","account_type":"admin"}
[23-Apr-2025 17:33:54 Europe/Berlin] Header - Is logged in: Yes
[23-Apr-2025 17:33:54 Europe/Berlin] Executing SQL: SELECT * FROM matches WHERE sport = :sport ORDER BY match_time DESC
[23-Apr-2025 17:33:54 Europe/Berlin] With params: {":sport":"football"}
[23-Apr-2025 17:33:54 Europe/Berlin] Query executed successfully. Found 1 rows
[23-Apr-2025 17:33:54 Europe/Berlin] Executing SQL: SELECT * FROM matches WHERE sport = :sport AND status = :status
[23-Apr-2025 17:33:54 Europe/Berlin] With params: {":sport":"football",":status":"live"}
[23-Apr-2025 17:33:54 Europe/Berlin] Query executed successfully. Found 0 rows
[23-Apr-2025 17:33:54 Europe/Berlin] Executing SQL: SELECT COUNT(*) as count FROM favorites 
                    WHERE user_id = :user_id AND match_id = :match_id
[23-Apr-2025 17:33:54 Europe/Berlin] With params: {":user_id":12,":match_id":41}
[23-Apr-2025 17:33:54 Europe/Berlin] Query executed successfully. Found 1 rows
[23-Apr-2025 17:33:56 Europe/Berlin] Connected to database. Tables found: favorites, feedback, matches, matches_backup, matches_new, news, newsletter, notifications, players, subscriptions, users
[23-Apr-2025 17:33:56 Europe/Berlin] Executing SQL: CREATE TABLE IF NOT EXISTS users (
                id INT AUTO_INCREMENT PRIMARY KEY,
                username VARCHAR(50) NOT NULL UNIQUE,
                password VARCHAR(255) NOT NULL,
                email VARCHAR(100) NOT NULL UNIQUE,
                account_type ENUM('user', 'admin') DEFAULT 'user',
                created_at TIMESTAMP DEFAULT CURRENT_TIMESTAMP
            )
[23-Apr-2025 17:33:56 Europe/Berlin] With params: []
[23-Apr-2025 17:33:56 Europe/Berlin] Query executed successfully. Found 0 rows
[23-Apr-2025 17:33:56 Europe/Berlin] Users table created or already exists
[23-Apr-2025 17:33:56 Europe/Berlin] Users table structure: [{"Field":"id","Type":"int(11)","Null":"NO","Key":"PRI","Default":null,"Extra":"auto_increment"},{"Field":"username","Type":"varchar(50)","Null":"NO","Key":"","Default":null,"Extra":""},{"Field":"email","Type":"varchar(100)","Null":"NO","Key":"UNI","Default":null,"Extra":""},{"Field":"password","Type":"varchar(255)","Null":"NO","Key":"","Default":null,"Extra":""},{"Field":"role","Type":"enum('user','admin')","Null":"YES","Key":"","Default":"user","Extra":""},{"Field":"verification_code","Type":"varchar(100)","Null":"YES","Key":"","Default":null,"Extra":""},{"Field":"is_verified","Type":"tinyint(1)","Null":"YES","Key":"","Default":"0","Extra":""},{"Field":"created_at","Type":"timestamp","Null":"NO","Key":"","Default":"current_timestamp()","Extra":""},{"Field":"favorite_sport","Type":"varchar(50)","Null":"YES","Key":"","Default":null,"Extra":""},{"Field":"favorite_team","Type":"varchar(50)","Null":"YES","Key":"","Default":null,"Extra":""},{"Field":"account_type","Type":"enum('user','admin')","Null":"YES","Key":"","Default":"user","Extra":""}]
[23-Apr-2025 17:33:56 Europe/Berlin] Number of users in database: 13
[23-Apr-2025 17:33:56 Europe/Berlin] All tables initialized successfully
[23-Apr-2025 17:33:56 Europe/Berlin] Connected to database. Tables found: favorites, feedback, matches, matches_backup, matches_new, news, newsletter, notifications, players, subscriptions, users
[23-Apr-2025 17:33:56 Europe/Berlin] Executing SQL: CREATE TABLE IF NOT EXISTS users (
                id INT AUTO_INCREMENT PRIMARY KEY,
                username VARCHAR(50) NOT NULL UNIQUE,
                password VARCHAR(255) NOT NULL,
                email VARCHAR(100) NOT NULL UNIQUE,
                account_type ENUM('user', 'admin') DEFAULT 'user',
                created_at TIMESTAMP DEFAULT CURRENT_TIMESTAMP
            )
[23-Apr-2025 17:33:56 Europe/Berlin] With params: []
[23-Apr-2025 17:33:56 Europe/Berlin] Query executed successfully. Found 0 rows
[23-Apr-2025 17:33:56 Europe/Berlin] Users table created or already exists
[23-Apr-2025 17:33:56 Europe/Berlin] Users table structure: [{"Field":"id","Type":"int(11)","Null":"NO","Key":"PRI","Default":null,"Extra":"auto_increment"},{"Field":"username","Type":"varchar(50)","Null":"NO","Key":"","Default":null,"Extra":""},{"Field":"email","Type":"varchar(100)","Null":"NO","Key":"UNI","Default":null,"Extra":""},{"Field":"password","Type":"varchar(255)","Null":"NO","Key":"","Default":null,"Extra":""},{"Field":"role","Type":"enum('user','admin')","Null":"YES","Key":"","Default":"user","Extra":""},{"Field":"verification_code","Type":"varchar(100)","Null":"YES","Key":"","Default":null,"Extra":""},{"Field":"is_verified","Type":"tinyint(1)","Null":"YES","Key":"","Default":"0","Extra":""},{"Field":"created_at","Type":"timestamp","Null":"NO","Key":"","Default":"current_timestamp()","Extra":""},{"Field":"favorite_sport","Type":"varchar(50)","Null":"YES","Key":"","Default":null,"Extra":""},{"Field":"favorite_team","Type":"varchar(50)","Null":"YES","Key":"","Default":null,"Extra":""},{"Field":"account_type","Type":"enum('user','admin')","Null":"YES","Key":"","Default":"user","Extra":""}]
[23-Apr-2025 17:33:56 Europe/Berlin] Number of users in database: 13
[23-Apr-2025 17:33:56 Europe/Berlin] All tables initialized successfully
[23-Apr-2025 17:33:56 Europe/Berlin] Database tables initialized successfully
[23-Apr-2025 17:33:56 Europe/Berlin] Executing SQL: SELECT * FROM users WHERE id = :id
[23-Apr-2025 17:33:56 Europe/Berlin] With params: {":id":12}
[23-Apr-2025 17:33:56 Europe/Berlin] Query executed successfully. Found 1 rows
[23-Apr-2025 17:33:56 Europe/Berlin] User loaded from session: varunpndey
[23-Apr-2025 17:33:56 Europe/Berlin] Header - Session status: 2
[23-Apr-2025 17:33:56 Europe/Berlin] Header - Session data: {"user_id":12,"username":"varunpndey","email":"va@gmail.com","account_type":"admin"}
[23-Apr-2025 17:33:56 Europe/Berlin] Header - After session start - Status: 2
[23-Apr-2025 17:33:56 Europe/Berlin] Header - After session start - Data: {"user_id":12,"username":"varunpndey","email":"va@gmail.com","account_type":"admin"}
[23-Apr-2025 17:33:56 Europe/Berlin] Header - Is logged in: Yes
[23-Apr-2025 17:33:56 Europe/Berlin] Executing SQL: SELECT * FROM matches WHERE sport = :sport ORDER BY match_time DESC
[23-Apr-2025 17:33:56 Europe/Berlin] With params: {":sport":"cricket"}
[23-Apr-2025 17:33:56 Europe/Berlin] Query executed successfully. Found 4 rows
[23-Apr-2025 17:33:56 Europe/Berlin] Executing SQL: SELECT * FROM matches WHERE sport = :sport AND status = :status
[23-Apr-2025 17:33:56 Europe/Berlin] With params: {":sport":"cricket",":status":"live"}
[23-Apr-2025 17:33:56 Europe/Berlin] Query executed successfully. Found 1 rows
[23-Apr-2025 17:33:56 Europe/Berlin] Executing SQL: SELECT COUNT(*) as count FROM favorites 
                    WHERE user_id = :user_id AND match_id = :match_id
[23-Apr-2025 17:33:56 Europe/Berlin] With params: {":user_id":12,":match_id":42}
[23-Apr-2025 17:33:56 Europe/Berlin] Query executed successfully. Found 1 rows
[23-Apr-2025 17:33:56 Europe/Berlin] Executing SQL: SELECT COUNT(*) as count FROM favorites 
                    WHERE user_id = :user_id AND match_id = :match_id
[23-Apr-2025 17:33:56 Europe/Berlin] With params: {":user_id":12,":match_id":43}
[23-Apr-2025 17:33:56 Europe/Berlin] Query executed successfully. Found 1 rows
[23-Apr-2025 17:33:56 Europe/Berlin] Executing SQL: SELECT COUNT(*) as count FROM favorites 
                    WHERE user_id = :user_id AND match_id = :match_id
[23-Apr-2025 17:33:56 Europe/Berlin] With params: {":user_id":12,":match_id":38}
[23-Apr-2025 17:33:56 Europe/Berlin] Query executed successfully. Found 1 rows
[23-Apr-2025 17:33:56 Europe/Berlin] Executing SQL: SELECT COUNT(*) as count FROM favorites 
                    WHERE user_id = :user_id AND match_id = :match_id
[23-Apr-2025 17:33:56 Europe/Berlin] With params: {":user_id":12,":match_id":37}
[23-Apr-2025 17:33:56 Europe/Berlin] Query executed successfully. Found 1 rows
[23-Apr-2025 17:33:57 Europe/Berlin] Connected to database. Tables found: favorites, feedback, matches, matches_backup, matches_new, news, newsletter, notifications, players, subscriptions, users
[23-Apr-2025 17:33:57 Europe/Berlin] Executing SQL: CREATE TABLE IF NOT EXISTS users (
                id INT AUTO_INCREMENT PRIMARY KEY,
                username VARCHAR(50) NOT NULL UNIQUE,
                password VARCHAR(255) NOT NULL,
                email VARCHAR(100) NOT NULL UNIQUE,
                account_type ENUM('user', 'admin') DEFAULT 'user',
                created_at TIMESTAMP DEFAULT CURRENT_TIMESTAMP
            )
[23-Apr-2025 17:33:57 Europe/Berlin] With params: []
[23-Apr-2025 17:33:57 Europe/Berlin] Query executed successfully. Found 0 rows
[23-Apr-2025 17:33:57 Europe/Berlin] Users table created or already exists
[23-Apr-2025 17:33:58 Europe/Berlin] Users table structure: [{"Field":"id","Type":"int(11)","Null":"NO","Key":"PRI","Default":null,"Extra":"auto_increment"},{"Field":"username","Type":"varchar(50)","Null":"NO","Key":"","Default":null,"Extra":""},{"Field":"email","Type":"varchar(100)","Null":"NO","Key":"UNI","Default":null,"Extra":""},{"Field":"password","Type":"varchar(255)","Null":"NO","Key":"","Default":null,"Extra":""},{"Field":"role","Type":"enum('user','admin')","Null":"YES","Key":"","Default":"user","Extra":""},{"Field":"verification_code","Type":"varchar(100)","Null":"YES","Key":"","Default":null,"Extra":""},{"Field":"is_verified","Type":"tinyint(1)","Null":"YES","Key":"","Default":"0","Extra":""},{"Field":"created_at","Type":"timestamp","Null":"NO","Key":"","Default":"current_timestamp()","Extra":""},{"Field":"favorite_sport","Type":"varchar(50)","Null":"YES","Key":"","Default":null,"Extra":""},{"Field":"favorite_team","Type":"varchar(50)","Null":"YES","Key":"","Default":null,"Extra":""},{"Field":"account_type","Type":"enum('user','admin')","Null":"YES","Key":"","Default":"user","Extra":""}]
[23-Apr-2025 17:33:58 Europe/Berlin] Number of users in database: 13
[23-Apr-2025 17:33:58 Europe/Berlin] All tables initialized successfully
[23-Apr-2025 17:33:58 Europe/Berlin] Connected to database. Tables found: favorites, feedback, matches, matches_backup, matches_new, news, newsletter, notifications, players, subscriptions, users
[23-Apr-2025 17:33:58 Europe/Berlin] Executing SQL: CREATE TABLE IF NOT EXISTS users (
                id INT AUTO_INCREMENT PRIMARY KEY,
                username VARCHAR(50) NOT NULL UNIQUE,
                password VARCHAR(255) NOT NULL,
                email VARCHAR(100) NOT NULL UNIQUE,
                account_type ENUM('user', 'admin') DEFAULT 'user',
                created_at TIMESTAMP DEFAULT CURRENT_TIMESTAMP
            )
[23-Apr-2025 17:33:58 Europe/Berlin] With params: []
[23-Apr-2025 17:33:58 Europe/Berlin] Query executed successfully. Found 0 rows
[23-Apr-2025 17:33:58 Europe/Berlin] Users table created or already exists
[23-Apr-2025 17:33:58 Europe/Berlin] Users table structure: [{"Field":"id","Type":"int(11)","Null":"NO","Key":"PRI","Default":null,"Extra":"auto_increment"},{"Field":"username","Type":"varchar(50)","Null":"NO","Key":"","Default":null,"Extra":""},{"Field":"email","Type":"varchar(100)","Null":"NO","Key":"UNI","Default":null,"Extra":""},{"Field":"password","Type":"varchar(255)","Null":"NO","Key":"","Default":null,"Extra":""},{"Field":"role","Type":"enum('user','admin')","Null":"YES","Key":"","Default":"user","Extra":""},{"Field":"verification_code","Type":"varchar(100)","Null":"YES","Key":"","Default":null,"Extra":""},{"Field":"is_verified","Type":"tinyint(1)","Null":"YES","Key":"","Default":"0","Extra":""},{"Field":"created_at","Type":"timestamp","Null":"NO","Key":"","Default":"current_timestamp()","Extra":""},{"Field":"favorite_sport","Type":"varchar(50)","Null":"YES","Key":"","Default":null,"Extra":""},{"Field":"favorite_team","Type":"varchar(50)","Null":"YES","Key":"","Default":null,"Extra":""},{"Field":"account_type","Type":"enum('user','admin')","Null":"YES","Key":"","Default":"user","Extra":""}]
[23-Apr-2025 17:33:58 Europe/Berlin] Number of users in database: 13
[23-Apr-2025 17:33:58 Europe/Berlin] All tables initialized successfully
[23-Apr-2025 17:33:58 Europe/Berlin] Database tables initialized successfully
[23-Apr-2025 17:33:58 Europe/Berlin] Executing SQL: SELECT * FROM users WHERE id = :id
[23-Apr-2025 17:33:58 Europe/Berlin] With params: {":id":12}
[23-Apr-2025 17:33:58 Europe/Berlin] Query executed successfully. Found 1 rows
[23-Apr-2025 17:33:58 Europe/Berlin] User loaded from session: varunpndey
[23-Apr-2025 17:33:58 Europe/Berlin] Header - Session status: 2
[23-Apr-2025 17:33:58 Europe/Berlin] Header - Session data: {"user_id":12,"username":"varunpndey","email":"va@gmail.com","account_type":"admin"}
[23-Apr-2025 17:33:58 Europe/Berlin] Header - After session start - Status: 2
[23-Apr-2025 17:33:58 Europe/Berlin] Header - After session start - Data: {"user_id":12,"username":"varunpndey","email":"va@gmail.com","account_type":"admin"}
[23-Apr-2025 17:33:58 Europe/Berlin] Header - Is logged in: Yes
[23-Apr-2025 17:33:58 Europe/Berlin] Executing SQL: SELECT * FROM matches WHERE sport = :sport ORDER BY match_time DESC
[23-Apr-2025 17:33:58 Europe/Berlin] With params: {":sport":"football"}
[23-Apr-2025 17:33:58 Europe/Berlin] Query executed successfully. Found 1 rows
[23-Apr-2025 17:33:58 Europe/Berlin] Executing SQL: SELECT * FROM matches WHERE sport = :sport AND status = :status
[23-Apr-2025 17:33:58 Europe/Berlin] With params: {":sport":"football",":status":"live"}
[23-Apr-2025 17:33:58 Europe/Berlin] Query executed successfully. Found 0 rows
[23-Apr-2025 17:33:58 Europe/Berlin] Executing SQL: SELECT COUNT(*) as count FROM favorites 
                    WHERE user_id = :user_id AND match_id = :match_id
[23-Apr-2025 17:33:58 Europe/Berlin] With params: {":user_id":12,":match_id":41}
[23-Apr-2025 17:33:58 Europe/Berlin] Query executed successfully. Found 1 rows
[23-Apr-2025 17:33:59 Europe/Berlin] Connected to database. Tables found: favorites, feedback, matches, matches_backup, matches_new, news, newsletter, notifications, players, subscriptions, users
[23-Apr-2025 17:33:59 Europe/Berlin] Executing SQL: CREATE TABLE IF NOT EXISTS users (
                id INT AUTO_INCREMENT PRIMARY KEY,
                username VARCHAR(50) NOT NULL UNIQUE,
                password VARCHAR(255) NOT NULL,
                email VARCHAR(100) NOT NULL UNIQUE,
                account_type ENUM('user', 'admin') DEFAULT 'user',
                created_at TIMESTAMP DEFAULT CURRENT_TIMESTAMP
            )
[23-Apr-2025 17:33:59 Europe/Berlin] With params: []
[23-Apr-2025 17:33:59 Europe/Berlin] Query executed successfully. Found 0 rows
[23-Apr-2025 17:33:59 Europe/Berlin] Users table created or already exists
[23-Apr-2025 17:33:59 Europe/Berlin] Users table structure: [{"Field":"id","Type":"int(11)","Null":"NO","Key":"PRI","Default":null,"Extra":"auto_increment"},{"Field":"username","Type":"varchar(50)","Null":"NO","Key":"","Default":null,"Extra":""},{"Field":"email","Type":"varchar(100)","Null":"NO","Key":"UNI","Default":null,"Extra":""},{"Field":"password","Type":"varchar(255)","Null":"NO","Key":"","Default":null,"Extra":""},{"Field":"role","Type":"enum('user','admin')","Null":"YES","Key":"","Default":"user","Extra":""},{"Field":"verification_code","Type":"varchar(100)","Null":"YES","Key":"","Default":null,"Extra":""},{"Field":"is_verified","Type":"tinyint(1)","Null":"YES","Key":"","Default":"0","Extra":""},{"Field":"created_at","Type":"timestamp","Null":"NO","Key":"","Default":"current_timestamp()","Extra":""},{"Field":"favorite_sport","Type":"varchar(50)","Null":"YES","Key":"","Default":null,"Extra":""},{"Field":"favorite_team","Type":"varchar(50)","Null":"YES","Key":"","Default":null,"Extra":""},{"Field":"account_type","Type":"enum('user','admin')","Null":"YES","Key":"","Default":"user","Extra":""}]
[23-Apr-2025 17:33:59 Europe/Berlin] Number of users in database: 13
[23-Apr-2025 17:33:59 Europe/Berlin] All tables initialized successfully
[23-Apr-2025 17:33:59 Europe/Berlin] Connected to database. Tables found: favorites, feedback, matches, matches_backup, matches_new, news, newsletter, notifications, players, subscriptions, users
[23-Apr-2025 17:33:59 Europe/Berlin] Executing SQL: CREATE TABLE IF NOT EXISTS users (
                id INT AUTO_INCREMENT PRIMARY KEY,
                username VARCHAR(50) NOT NULL UNIQUE,
                password VARCHAR(255) NOT NULL,
                email VARCHAR(100) NOT NULL UNIQUE,
                account_type ENUM('user', 'admin') DEFAULT 'user',
                created_at TIMESTAMP DEFAULT CURRENT_TIMESTAMP
            )
[23-Apr-2025 17:33:59 Europe/Berlin] With params: []
[23-Apr-2025 17:33:59 Europe/Berlin] Query executed successfully. Found 0 rows
[23-Apr-2025 17:33:59 Europe/Berlin] Users table created or already exists
[23-Apr-2025 17:33:59 Europe/Berlin] Users table structure: [{"Field":"id","Type":"int(11)","Null":"NO","Key":"PRI","Default":null,"Extra":"auto_increment"},{"Field":"username","Type":"varchar(50)","Null":"NO","Key":"","Default":null,"Extra":""},{"Field":"email","Type":"varchar(100)","Null":"NO","Key":"UNI","Default":null,"Extra":""},{"Field":"password","Type":"varchar(255)","Null":"NO","Key":"","Default":null,"Extra":""},{"Field":"role","Type":"enum('user','admin')","Null":"YES","Key":"","Default":"user","Extra":""},{"Field":"verification_code","Type":"varchar(100)","Null":"YES","Key":"","Default":null,"Extra":""},{"Field":"is_verified","Type":"tinyint(1)","Null":"YES","Key":"","Default":"0","Extra":""},{"Field":"created_at","Type":"timestamp","Null":"NO","Key":"","Default":"current_timestamp()","Extra":""},{"Field":"favorite_sport","Type":"varchar(50)","Null":"YES","Key":"","Default":null,"Extra":""},{"Field":"favorite_team","Type":"varchar(50)","Null":"YES","Key":"","Default":null,"Extra":""},{"Field":"account_type","Type":"enum('user','admin')","Null":"YES","Key":"","Default":"user","Extra":""}]
[23-Apr-2025 17:33:59 Europe/Berlin] Number of users in database: 13
[23-Apr-2025 17:33:59 Europe/Berlin] All tables initialized successfully
[23-Apr-2025 17:33:59 Europe/Berlin] Database tables initialized successfully
[23-Apr-2025 17:33:59 Europe/Berlin] Executing SQL: SELECT * FROM users WHERE id = :id
[23-Apr-2025 17:33:59 Europe/Berlin] With params: {":id":12}
[23-Apr-2025 17:33:59 Europe/Berlin] Query executed successfully. Found 1 rows
[23-Apr-2025 17:33:59 Europe/Berlin] User loaded from session: varunpndey
[23-Apr-2025 17:33:59 Europe/Berlin] Executing SQL: SELECT * FROM matches WHERE id = :id
[23-Apr-2025 17:33:59 Europe/Berlin] With params: {":id":41}
[23-Apr-2025 17:33:59 Europe/Berlin] Query executed successfully. Found 1 rows
[23-Apr-2025 17:33:59 Europe/Berlin] Header - Session status: 2
[23-Apr-2025 17:33:59 Europe/Berlin] Header - Session data: {"user_id":12,"username":"varunpndey","email":"va@gmail.com","account_type":"admin"}
[23-Apr-2025 17:33:59 Europe/Berlin] Header - After session start - Status: 2
[23-Apr-2025 17:33:59 Europe/Berlin] Header - After session start - Data: {"user_id":12,"username":"varunpndey","email":"va@gmail.com","account_type":"admin"}
[23-Apr-2025 17:33:59 Europe/Berlin] Header - Is logged in: Yes
[23-Apr-2025 17:34:01 Europe/Berlin] Connected to database. Tables found: favorites, feedback, matches, matches_backup, matches_new, news, newsletter, notifications, players, subscriptions, users
[23-Apr-2025 17:34:01 Europe/Berlin] Executing SQL: CREATE TABLE IF NOT EXISTS users (
                id INT AUTO_INCREMENT PRIMARY KEY,
                username VARCHAR(50) NOT NULL UNIQUE,
                password VARCHAR(255) NOT NULL,
                email VARCHAR(100) NOT NULL UNIQUE,
                account_type ENUM('user', 'admin') DEFAULT 'user',
                created_at TIMESTAMP DEFAULT CURRENT_TIMESTAMP
            )
[23-Apr-2025 17:34:01 Europe/Berlin] With params: []
[23-Apr-2025 17:34:01 Europe/Berlin] Query executed successfully. Found 0 rows
[23-Apr-2025 17:34:01 Europe/Berlin] Users table created or already exists
[23-Apr-2025 17:34:01 Europe/Berlin] Users table structure: [{"Field":"id","Type":"int(11)","Null":"NO","Key":"PRI","Default":null,"Extra":"auto_increment"},{"Field":"username","Type":"varchar(50)","Null":"NO","Key":"","Default":null,"Extra":""},{"Field":"email","Type":"varchar(100)","Null":"NO","Key":"UNI","Default":null,"Extra":""},{"Field":"password","Type":"varchar(255)","Null":"NO","Key":"","Default":null,"Extra":""},{"Field":"role","Type":"enum('user','admin')","Null":"YES","Key":"","Default":"user","Extra":""},{"Field":"verification_code","Type":"varchar(100)","Null":"YES","Key":"","Default":null,"Extra":""},{"Field":"is_verified","Type":"tinyint(1)","Null":"YES","Key":"","Default":"0","Extra":""},{"Field":"created_at","Type":"timestamp","Null":"NO","Key":"","Default":"current_timestamp()","Extra":""},{"Field":"favorite_sport","Type":"varchar(50)","Null":"YES","Key":"","Default":null,"Extra":""},{"Field":"favorite_team","Type":"varchar(50)","Null":"YES","Key":"","Default":null,"Extra":""},{"Field":"account_type","Type":"enum('user','admin')","Null":"YES","Key":"","Default":"user","Extra":""}]
[23-Apr-2025 17:34:01 Europe/Berlin] Number of users in database: 13
[23-Apr-2025 17:34:01 Europe/Berlin] All tables initialized successfully
[23-Apr-2025 17:34:01 Europe/Berlin] Connected to database. Tables found: favorites, feedback, matches, matches_backup, matches_new, news, newsletter, notifications, players, subscriptions, users
[23-Apr-2025 17:34:01 Europe/Berlin] Executing SQL: CREATE TABLE IF NOT EXISTS users (
                id INT AUTO_INCREMENT PRIMARY KEY,
                username VARCHAR(50) NOT NULL UNIQUE,
                password VARCHAR(255) NOT NULL,
                email VARCHAR(100) NOT NULL UNIQUE,
                account_type ENUM('user', 'admin') DEFAULT 'user',
                created_at TIMESTAMP DEFAULT CURRENT_TIMESTAMP
            )
[23-Apr-2025 17:34:01 Europe/Berlin] With params: []
[23-Apr-2025 17:34:01 Europe/Berlin] Query executed successfully. Found 0 rows
[23-Apr-2025 17:34:01 Europe/Berlin] Users table created or already exists
[23-Apr-2025 17:34:01 Europe/Berlin] Users table structure: [{"Field":"id","Type":"int(11)","Null":"NO","Key":"PRI","Default":null,"Extra":"auto_increment"},{"Field":"username","Type":"varchar(50)","Null":"NO","Key":"","Default":null,"Extra":""},{"Field":"email","Type":"varchar(100)","Null":"NO","Key":"UNI","Default":null,"Extra":""},{"Field":"password","Type":"varchar(255)","Null":"NO","Key":"","Default":null,"Extra":""},{"Field":"role","Type":"enum('user','admin')","Null":"YES","Key":"","Default":"user","Extra":""},{"Field":"verification_code","Type":"varchar(100)","Null":"YES","Key":"","Default":null,"Extra":""},{"Field":"is_verified","Type":"tinyint(1)","Null":"YES","Key":"","Default":"0","Extra":""},{"Field":"created_at","Type":"timestamp","Null":"NO","Key":"","Default":"current_timestamp()","Extra":""},{"Field":"favorite_sport","Type":"varchar(50)","Null":"YES","Key":"","Default":null,"Extra":""},{"Field":"favorite_team","Type":"varchar(50)","Null":"YES","Key":"","Default":null,"Extra":""},{"Field":"account_type","Type":"enum('user','admin')","Null":"YES","Key":"","Default":"user","Extra":""}]
[23-Apr-2025 17:34:01 Europe/Berlin] Number of users in database: 13
[23-Apr-2025 17:34:01 Europe/Berlin] All tables initialized successfully
[23-Apr-2025 17:34:01 Europe/Berlin] Database tables initialized successfully
[23-Apr-2025 17:34:01 Europe/Berlin] Executing SQL: SELECT * FROM users WHERE id = :id
[23-Apr-2025 17:34:01 Europe/Berlin] With params: {":id":12}
[23-Apr-2025 17:34:01 Europe/Berlin] Query executed successfully. Found 1 rows
[23-Apr-2025 17:34:01 Europe/Berlin] User loaded from session: varunpndey
[23-Apr-2025 17:34:01 Europe/Berlin] Header - Session status: 2
[23-Apr-2025 17:34:01 Europe/Berlin] Header - Session data: {"user_id":12,"username":"varunpndey","email":"va@gmail.com","account_type":"admin"}
[23-Apr-2025 17:34:01 Europe/Berlin] Header - After session start - Status: 2
[23-Apr-2025 17:34:01 Europe/Berlin] Header - After session start - Data: {"user_id":12,"username":"varunpndey","email":"va@gmail.com","account_type":"admin"}
[23-Apr-2025 17:34:01 Europe/Berlin] Header - Is logged in: Yes
[23-Apr-2025 17:34:01 Europe/Berlin] Executing SQL: SELECT * FROM matches WHERE sport = :sport ORDER BY match_time DESC
[23-Apr-2025 17:34:01 Europe/Berlin] With params: {":sport":"cricket"}
[23-Apr-2025 17:34:01 Europe/Berlin] Query executed successfully. Found 4 rows
[23-Apr-2025 17:34:01 Europe/Berlin] Executing SQL: SELECT * FROM matches WHERE sport = :sport AND status = :status
[23-Apr-2025 17:34:01 Europe/Berlin] With params: {":sport":"cricket",":status":"live"}
[23-Apr-2025 17:34:01 Europe/Berlin] Query executed successfully. Found 1 rows
[23-Apr-2025 17:34:01 Europe/Berlin] Executing SQL: SELECT COUNT(*) as count FROM favorites 
                    WHERE user_id = :user_id AND match_id = :match_id
[23-Apr-2025 17:34:01 Europe/Berlin] With params: {":user_id":12,":match_id":42}
[23-Apr-2025 17:34:01 Europe/Berlin] Query executed successfully. Found 1 rows
[23-Apr-2025 17:34:01 Europe/Berlin] Executing SQL: SELECT COUNT(*) as count FROM favorites 
                    WHERE user_id = :user_id AND match_id = :match_id
[23-Apr-2025 17:34:01 Europe/Berlin] With params: {":user_id":12,":match_id":43}
[23-Apr-2025 17:34:01 Europe/Berlin] Query executed successfully. Found 1 rows
[23-Apr-2025 17:34:01 Europe/Berlin] Executing SQL: SELECT COUNT(*) as count FROM favorites 
                    WHERE user_id = :user_id AND match_id = :match_id
[23-Apr-2025 17:34:01 Europe/Berlin] With params: {":user_id":12,":match_id":38}
[23-Apr-2025 17:34:01 Europe/Berlin] Query executed successfully. Found 1 rows
[23-Apr-2025 17:34:01 Europe/Berlin] Executing SQL: SELECT COUNT(*) as count FROM favorites 
                    WHERE user_id = :user_id AND match_id = :match_id
[23-Apr-2025 17:34:01 Europe/Berlin] With params: {":user_id":12,":match_id":37}
[23-Apr-2025 17:34:01 Europe/Berlin] Query executed successfully. Found 1 rows
[23-Apr-2025 17:34:02 Europe/Berlin] Connected to database. Tables found: favorites, feedback, matches, matches_backup, matches_new, news, newsletter, notifications, players, subscriptions, users
[23-Apr-2025 17:34:02 Europe/Berlin] Executing SQL: CREATE TABLE IF NOT EXISTS users (
                id INT AUTO_INCREMENT PRIMARY KEY,
                username VARCHAR(50) NOT NULL UNIQUE,
                password VARCHAR(255) NOT NULL,
                email VARCHAR(100) NOT NULL UNIQUE,
                account_type ENUM('user', 'admin') DEFAULT 'user',
                created_at TIMESTAMP DEFAULT CURRENT_TIMESTAMP
            )
[23-Apr-2025 17:34:02 Europe/Berlin] With params: []
[23-Apr-2025 17:34:02 Europe/Berlin] Query executed successfully. Found 0 rows
[23-Apr-2025 17:34:02 Europe/Berlin] Users table created or already exists
[23-Apr-2025 17:34:02 Europe/Berlin] Users table structure: [{"Field":"id","Type":"int(11)","Null":"NO","Key":"PRI","Default":null,"Extra":"auto_increment"},{"Field":"username","Type":"varchar(50)","Null":"NO","Key":"","Default":null,"Extra":""},{"Field":"email","Type":"varchar(100)","Null":"NO","Key":"UNI","Default":null,"Extra":""},{"Field":"password","Type":"varchar(255)","Null":"NO","Key":"","Default":null,"Extra":""},{"Field":"role","Type":"enum('user','admin')","Null":"YES","Key":"","Default":"user","Extra":""},{"Field":"verification_code","Type":"varchar(100)","Null":"YES","Key":"","Default":null,"Extra":""},{"Field":"is_verified","Type":"tinyint(1)","Null":"YES","Key":"","Default":"0","Extra":""},{"Field":"created_at","Type":"timestamp","Null":"NO","Key":"","Default":"current_timestamp()","Extra":""},{"Field":"favorite_sport","Type":"varchar(50)","Null":"YES","Key":"","Default":null,"Extra":""},{"Field":"favorite_team","Type":"varchar(50)","Null":"YES","Key":"","Default":null,"Extra":""},{"Field":"account_type","Type":"enum('user','admin')","Null":"YES","Key":"","Default":"user","Extra":""}]
[23-Apr-2025 17:34:02 Europe/Berlin] Number of users in database: 13
[23-Apr-2025 17:34:02 Europe/Berlin] All tables initialized successfully
[23-Apr-2025 17:34:02 Europe/Berlin] Connected to database. Tables found: favorites, feedback, matches, matches_backup, matches_new, news, newsletter, notifications, players, subscriptions, users
[23-Apr-2025 17:34:02 Europe/Berlin] Executing SQL: CREATE TABLE IF NOT EXISTS users (
                id INT AUTO_INCREMENT PRIMARY KEY,
                username VARCHAR(50) NOT NULL UNIQUE,
                password VARCHAR(255) NOT NULL,
                email VARCHAR(100) NOT NULL UNIQUE,
                account_type ENUM('user', 'admin') DEFAULT 'user',
                created_at TIMESTAMP DEFAULT CURRENT_TIMESTAMP
            )
[23-Apr-2025 17:34:02 Europe/Berlin] With params: []
[23-Apr-2025 17:34:02 Europe/Berlin] Query executed successfully. Found 0 rows
[23-Apr-2025 17:34:02 Europe/Berlin] Users table created or already exists
[23-Apr-2025 17:34:02 Europe/Berlin] Users table structure: [{"Field":"id","Type":"int(11)","Null":"NO","Key":"PRI","Default":null,"Extra":"auto_increment"},{"Field":"username","Type":"varchar(50)","Null":"NO","Key":"","Default":null,"Extra":""},{"Field":"email","Type":"varchar(100)","Null":"NO","Key":"UNI","Default":null,"Extra":""},{"Field":"password","Type":"varchar(255)","Null":"NO","Key":"","Default":null,"Extra":""},{"Field":"role","Type":"enum('user','admin')","Null":"YES","Key":"","Default":"user","Extra":""},{"Field":"verification_code","Type":"varchar(100)","Null":"YES","Key":"","Default":null,"Extra":""},{"Field":"is_verified","Type":"tinyint(1)","Null":"YES","Key":"","Default":"0","Extra":""},{"Field":"created_at","Type":"timestamp","Null":"NO","Key":"","Default":"current_timestamp()","Extra":""},{"Field":"favorite_sport","Type":"varchar(50)","Null":"YES","Key":"","Default":null,"Extra":""},{"Field":"favorite_team","Type":"varchar(50)","Null":"YES","Key":"","Default":null,"Extra":""},{"Field":"account_type","Type":"enum('user','admin')","Null":"YES","Key":"","Default":"user","Extra":""}]
[23-Apr-2025 17:34:02 Europe/Berlin] Number of users in database: 13
[23-Apr-2025 17:34:02 Europe/Berlin] All tables initialized successfully
[23-Apr-2025 17:34:02 Europe/Berlin] Database tables initialized successfully
[23-Apr-2025 17:34:02 Europe/Berlin] Executing SQL: SELECT * FROM users WHERE id = :id
[23-Apr-2025 17:34:02 Europe/Berlin] With params: {":id":12}
[23-Apr-2025 17:34:02 Europe/Berlin] Query executed successfully. Found 1 rows
[23-Apr-2025 17:34:02 Europe/Berlin] User loaded from session: varunpndey
[23-Apr-2025 17:34:02 Europe/Berlin] Executing SQL: SELECT * FROM matches WHERE id = :id
[23-Apr-2025 17:34:02 Europe/Berlin] With params: {":id":42}
[23-Apr-2025 17:34:02 Europe/Berlin] Query executed successfully. Found 1 rows
[23-Apr-2025 17:34:02 Europe/Berlin] Header - Session status: 2
[23-Apr-2025 17:34:02 Europe/Berlin] Header - Session data: {"user_id":12,"username":"varunpndey","email":"va@gmail.com","account_type":"admin"}
[23-Apr-2025 17:34:02 Europe/Berlin] Header - After session start - Status: 2
[23-Apr-2025 17:34:02 Europe/Berlin] Header - After session start - Data: {"user_id":12,"username":"varunpndey","email":"va@gmail.com","account_type":"admin"}
[23-Apr-2025 17:34:02 Europe/Berlin] Header - Is logged in: Yes
[23-Apr-2025 17:34:03 Europe/Berlin] Connected to database. Tables found: favorites, feedback, matches, matches_backup, matches_new, news, newsletter, notifications, players, subscriptions, users
[23-Apr-2025 17:34:03 Europe/Berlin] Executing SQL: CREATE TABLE IF NOT EXISTS users (
                id INT AUTO_INCREMENT PRIMARY KEY,
                username VARCHAR(50) NOT NULL UNIQUE,
                password VARCHAR(255) NOT NULL,
                email VARCHAR(100) NOT NULL UNIQUE,
                account_type ENUM('user', 'admin') DEFAULT 'user',
                created_at TIMESTAMP DEFAULT CURRENT_TIMESTAMP
            )
[23-Apr-2025 17:34:03 Europe/Berlin] With params: []
[23-Apr-2025 17:34:03 Europe/Berlin] Query executed successfully. Found 0 rows
[23-Apr-2025 17:34:03 Europe/Berlin] Users table created or already exists
[23-Apr-2025 17:34:03 Europe/Berlin] Users table structure: [{"Field":"id","Type":"int(11)","Null":"NO","Key":"PRI","Default":null,"Extra":"auto_increment"},{"Field":"username","Type":"varchar(50)","Null":"NO","Key":"","Default":null,"Extra":""},{"Field":"email","Type":"varchar(100)","Null":"NO","Key":"UNI","Default":null,"Extra":""},{"Field":"password","Type":"varchar(255)","Null":"NO","Key":"","Default":null,"Extra":""},{"Field":"role","Type":"enum('user','admin')","Null":"YES","Key":"","Default":"user","Extra":""},{"Field":"verification_code","Type":"varchar(100)","Null":"YES","Key":"","Default":null,"Extra":""},{"Field":"is_verified","Type":"tinyint(1)","Null":"YES","Key":"","Default":"0","Extra":""},{"Field":"created_at","Type":"timestamp","Null":"NO","Key":"","Default":"current_timestamp()","Extra":""},{"Field":"favorite_sport","Type":"varchar(50)","Null":"YES","Key":"","Default":null,"Extra":""},{"Field":"favorite_team","Type":"varchar(50)","Null":"YES","Key":"","Default":null,"Extra":""},{"Field":"account_type","Type":"enum('user','admin')","Null":"YES","Key":"","Default":"user","Extra":""}]
[23-Apr-2025 17:34:03 Europe/Berlin] Number of users in database: 13
[23-Apr-2025 17:34:03 Europe/Berlin] All tables initialized successfully
[23-Apr-2025 17:34:03 Europe/Berlin] Connected to database. Tables found: favorites, feedback, matches, matches_backup, matches_new, news, newsletter, notifications, players, subscriptions, users
[23-Apr-2025 17:34:03 Europe/Berlin] Executing SQL: CREATE TABLE IF NOT EXISTS users (
                id INT AUTO_INCREMENT PRIMARY KEY,
                username VARCHAR(50) NOT NULL UNIQUE,
                password VARCHAR(255) NOT NULL,
                email VARCHAR(100) NOT NULL UNIQUE,
                account_type ENUM('user', 'admin') DEFAULT 'user',
                created_at TIMESTAMP DEFAULT CURRENT_TIMESTAMP
            )
[23-Apr-2025 17:34:03 Europe/Berlin] With params: []
[23-Apr-2025 17:34:03 Europe/Berlin] Query executed successfully. Found 0 rows
[23-Apr-2025 17:34:03 Europe/Berlin] Users table created or already exists
[23-Apr-2025 17:34:03 Europe/Berlin] Users table structure: [{"Field":"id","Type":"int(11)","Null":"NO","Key":"PRI","Default":null,"Extra":"auto_increment"},{"Field":"username","Type":"varchar(50)","Null":"NO","Key":"","Default":null,"Extra":""},{"Field":"email","Type":"varchar(100)","Null":"NO","Key":"UNI","Default":null,"Extra":""},{"Field":"password","Type":"varchar(255)","Null":"NO","Key":"","Default":null,"Extra":""},{"Field":"role","Type":"enum('user','admin')","Null":"YES","Key":"","Default":"user","Extra":""},{"Field":"verification_code","Type":"varchar(100)","Null":"YES","Key":"","Default":null,"Extra":""},{"Field":"is_verified","Type":"tinyint(1)","Null":"YES","Key":"","Default":"0","Extra":""},{"Field":"created_at","Type":"timestamp","Null":"NO","Key":"","Default":"current_timestamp()","Extra":""},{"Field":"favorite_sport","Type":"varchar(50)","Null":"YES","Key":"","Default":null,"Extra":""},{"Field":"favorite_team","Type":"varchar(50)","Null":"YES","Key":"","Default":null,"Extra":""},{"Field":"account_type","Type":"enum('user','admin')","Null":"YES","Key":"","Default":"user","Extra":""}]
[23-Apr-2025 17:34:03 Europe/Berlin] Number of users in database: 13
[23-Apr-2025 17:34:03 Europe/Berlin] All tables initialized successfully
[23-Apr-2025 17:34:03 Europe/Berlin] Database tables initialized successfully
[23-Apr-2025 17:34:03 Europe/Berlin] Executing SQL: SELECT * FROM users WHERE id = :id
[23-Apr-2025 17:34:03 Europe/Berlin] With params: {":id":12}
[23-Apr-2025 17:34:03 Europe/Berlin] Query executed successfully. Found 1 rows
[23-Apr-2025 17:34:03 Europe/Berlin] User loaded from session: varunpndey
[23-Apr-2025 17:34:03 Europe/Berlin] Header - Session status: 2
[23-Apr-2025 17:34:03 Europe/Berlin] Header - Session data: {"user_id":12,"username":"varunpndey","email":"va@gmail.com","account_type":"admin"}
[23-Apr-2025 17:34:03 Europe/Berlin] Header - After session start - Status: 2
[23-Apr-2025 17:34:03 Europe/Berlin] Header - After session start - Data: {"user_id":12,"username":"varunpndey","email":"va@gmail.com","account_type":"admin"}
[23-Apr-2025 17:34:03 Europe/Berlin] Header - Is logged in: Yes
[23-Apr-2025 17:34:03 Europe/Berlin] Executing SQL: SELECT * FROM matches WHERE sport = :sport ORDER BY match_time DESC
[23-Apr-2025 17:34:03 Europe/Berlin] With params: {":sport":"cricket"}
[23-Apr-2025 17:34:03 Europe/Berlin] Query executed successfully. Found 4 rows
[23-Apr-2025 17:34:03 Europe/Berlin] Executing SQL: SELECT * FROM matches WHERE sport = :sport AND status = :status
[23-Apr-2025 17:34:03 Europe/Berlin] With params: {":sport":"cricket",":status":"live"}
[23-Apr-2025 17:34:03 Europe/Berlin] Query executed successfully. Found 1 rows
[23-Apr-2025 17:34:03 Europe/Berlin] Executing SQL: SELECT COUNT(*) as count FROM favorites 
                    WHERE user_id = :user_id AND match_id = :match_id
[23-Apr-2025 17:34:03 Europe/Berlin] With params: {":user_id":12,":match_id":42}
[23-Apr-2025 17:34:03 Europe/Berlin] Query executed successfully. Found 1 rows
[23-Apr-2025 17:34:03 Europe/Berlin] Executing SQL: SELECT COUNT(*) as count FROM favorites 
                    WHERE user_id = :user_id AND match_id = :match_id
[23-Apr-2025 17:34:03 Europe/Berlin] With params: {":user_id":12,":match_id":43}
[23-Apr-2025 17:34:03 Europe/Berlin] Query executed successfully. Found 1 rows
[23-Apr-2025 17:34:03 Europe/Berlin] Executing SQL: SELECT COUNT(*) as count FROM favorites 
                    WHERE user_id = :user_id AND match_id = :match_id
[23-Apr-2025 17:34:03 Europe/Berlin] With params: {":user_id":12,":match_id":38}
[23-Apr-2025 17:34:03 Europe/Berlin] Query executed successfully. Found 1 rows
[23-Apr-2025 17:34:03 Europe/Berlin] Executing SQL: SELECT COUNT(*) as count FROM favorites 
                    WHERE user_id = :user_id AND match_id = :match_id
[23-Apr-2025 17:34:03 Europe/Berlin] With params: {":user_id":12,":match_id":37}
[23-Apr-2025 17:34:03 Europe/Berlin] Query executed successfully. Found 1 rows
[23-Apr-2025 17:34:33 Europe/Berlin] Connected to database. Tables found: favorites, feedback, matches, matches_backup, matches_new, news, newsletter, notifications, players, subscriptions, users
[23-Apr-2025 17:34:33 Europe/Berlin] Executing SQL: CREATE TABLE IF NOT EXISTS users (
                id INT AUTO_INCREMENT PRIMARY KEY,
                username VARCHAR(50) NOT NULL UNIQUE,
                password VARCHAR(255) NOT NULL,
                email VARCHAR(100) NOT NULL UNIQUE,
                account_type ENUM('user', 'admin') DEFAULT 'user',
                created_at TIMESTAMP DEFAULT CURRENT_TIMESTAMP
            )
[23-Apr-2025 17:34:33 Europe/Berlin] With params: []
[23-Apr-2025 17:34:33 Europe/Berlin] Query executed successfully. Found 0 rows
[23-Apr-2025 17:34:33 Europe/Berlin] Users table created or already exists
[23-Apr-2025 17:34:33 Europe/Berlin] Users table structure: [{"Field":"id","Type":"int(11)","Null":"NO","Key":"PRI","Default":null,"Extra":"auto_increment"},{"Field":"username","Type":"varchar(50)","Null":"NO","Key":"","Default":null,"Extra":""},{"Field":"email","Type":"varchar(100)","Null":"NO","Key":"UNI","Default":null,"Extra":""},{"Field":"password","Type":"varchar(255)","Null":"NO","Key":"","Default":null,"Extra":""},{"Field":"role","Type":"enum('user','admin')","Null":"YES","Key":"","Default":"user","Extra":""},{"Field":"verification_code","Type":"varchar(100)","Null":"YES","Key":"","Default":null,"Extra":""},{"Field":"is_verified","Type":"tinyint(1)","Null":"YES","Key":"","Default":"0","Extra":""},{"Field":"created_at","Type":"timestamp","Null":"NO","Key":"","Default":"current_timestamp()","Extra":""},{"Field":"favorite_sport","Type":"varchar(50)","Null":"YES","Key":"","Default":null,"Extra":""},{"Field":"favorite_team","Type":"varchar(50)","Null":"YES","Key":"","Default":null,"Extra":""},{"Field":"account_type","Type":"enum('user','admin')","Null":"YES","Key":"","Default":"user","Extra":""}]
[23-Apr-2025 17:34:33 Europe/Berlin] Number of users in database: 13
[23-Apr-2025 17:34:33 Europe/Berlin] All tables initialized successfully
[23-Apr-2025 17:34:33 Europe/Berlin] API Request received: /sportsync/backend/match.php?action=fetch_matches&sport=cricket&all=true
[23-Apr-2025 17:34:33 Europe/Berlin] GET parameters: Array
(
    [action] => fetch_matches
    [sport] => cricket
    [all] => true
)

[23-Apr-2025 17:34:33 Europe/Berlin] Executing SQL: SELECT * FROM matches WHERE sport = :sport ORDER BY match_time DESC
[23-Apr-2025 17:34:33 Europe/Berlin] With params: {":sport":"cricket"}
[23-Apr-2025 17:34:33 Europe/Berlin] Query executed successfully. Found 4 rows
[23-Apr-2025 17:35:03 Europe/Berlin] Connected to database. Tables found: favorites, feedback, matches, matches_backup, matches_new, news, newsletter, notifications, players, subscriptions, users
[23-Apr-2025 17:35:03 Europe/Berlin] Executing SQL: CREATE TABLE IF NOT EXISTS users (
                id INT AUTO_INCREMENT PRIMARY KEY,
                username VARCHAR(50) NOT NULL UNIQUE,
                password VARCHAR(255) NOT NULL,
                email VARCHAR(100) NOT NULL UNIQUE,
                account_type ENUM('user', 'admin') DEFAULT 'user',
                created_at TIMESTAMP DEFAULT CURRENT_TIMESTAMP
            )
[23-Apr-2025 17:35:03 Europe/Berlin] With params: []
[23-Apr-2025 17:35:03 Europe/Berlin] Query executed successfully. Found 0 rows
[23-Apr-2025 17:35:03 Europe/Berlin] Users table created or already exists
[23-Apr-2025 17:35:03 Europe/Berlin] Users table structure: [{"Field":"id","Type":"int(11)","Null":"NO","Key":"PRI","Default":null,"Extra":"auto_increment"},{"Field":"username","Type":"varchar(50)","Null":"NO","Key":"","Default":null,"Extra":""},{"Field":"email","Type":"varchar(100)","Null":"NO","Key":"UNI","Default":null,"Extra":""},{"Field":"password","Type":"varchar(255)","Null":"NO","Key":"","Default":null,"Extra":""},{"Field":"role","Type":"enum('user','admin')","Null":"YES","Key":"","Default":"user","Extra":""},{"Field":"verification_code","Type":"varchar(100)","Null":"YES","Key":"","Default":null,"Extra":""},{"Field":"is_verified","Type":"tinyint(1)","Null":"YES","Key":"","Default":"0","Extra":""},{"Field":"created_at","Type":"timestamp","Null":"NO","Key":"","Default":"current_timestamp()","Extra":""},{"Field":"favorite_sport","Type":"varchar(50)","Null":"YES","Key":"","Default":null,"Extra":""},{"Field":"favorite_team","Type":"varchar(50)","Null":"YES","Key":"","Default":null,"Extra":""},{"Field":"account_type","Type":"enum('user','admin')","Null":"YES","Key":"","Default":"user","Extra":""}]
[23-Apr-2025 17:35:03 Europe/Berlin] Number of users in database: 13
[23-Apr-2025 17:35:03 Europe/Berlin] All tables initialized successfully
[23-Apr-2025 17:35:03 Europe/Berlin] API Request received: /sportsync/backend/match.php?action=fetch_matches&sport=cricket&all=true
[23-Apr-2025 17:35:03 Europe/Berlin] GET parameters: Array
(
    [action] => fetch_matches
    [sport] => cricket
    [all] => true
)

[23-Apr-2025 17:35:03 Europe/Berlin] Executing SQL: SELECT * FROM matches WHERE sport = :sport ORDER BY match_time DESC
[23-Apr-2025 17:35:03 Europe/Berlin] With params: {":sport":"cricket"}
[23-Apr-2025 17:35:03 Europe/Berlin] Query executed successfully. Found 4 rows
[23-Apr-2025 17:35:33 Europe/Berlin] Connected to database. Tables found: favorites, feedback, matches, matches_backup, matches_new, news, newsletter, notifications, players, subscriptions, users
[23-Apr-2025 17:35:33 Europe/Berlin] Executing SQL: CREATE TABLE IF NOT EXISTS users (
                id INT AUTO_INCREMENT PRIMARY KEY,
                username VARCHAR(50) NOT NULL UNIQUE,
                password VARCHAR(255) NOT NULL,
                email VARCHAR(100) NOT NULL UNIQUE,
                account_type ENUM('user', 'admin') DEFAULT 'user',
                created_at TIMESTAMP DEFAULT CURRENT_TIMESTAMP
            )
[23-Apr-2025 17:35:33 Europe/Berlin] With params: []
[23-Apr-2025 17:35:33 Europe/Berlin] Query executed successfully. Found 0 rows
[23-Apr-2025 17:35:33 Europe/Berlin] Users table created or already exists
[23-Apr-2025 17:35:33 Europe/Berlin] Users table structure: [{"Field":"id","Type":"int(11)","Null":"NO","Key":"PRI","Default":null,"Extra":"auto_increment"},{"Field":"username","Type":"varchar(50)","Null":"NO","Key":"","Default":null,"Extra":""},{"Field":"email","Type":"varchar(100)","Null":"NO","Key":"UNI","Default":null,"Extra":""},{"Field":"password","Type":"varchar(255)","Null":"NO","Key":"","Default":null,"Extra":""},{"Field":"role","Type":"enum('user','admin')","Null":"YES","Key":"","Default":"user","Extra":""},{"Field":"verification_code","Type":"varchar(100)","Null":"YES","Key":"","Default":null,"Extra":""},{"Field":"is_verified","Type":"tinyint(1)","Null":"YES","Key":"","Default":"0","Extra":""},{"Field":"created_at","Type":"timestamp","Null":"NO","Key":"","Default":"current_timestamp()","Extra":""},{"Field":"favorite_sport","Type":"varchar(50)","Null":"YES","Key":"","Default":null,"Extra":""},{"Field":"favorite_team","Type":"varchar(50)","Null":"YES","Key":"","Default":null,"Extra":""},{"Field":"account_type","Type":"enum('user','admin')","Null":"YES","Key":"","Default":"user","Extra":""}]
[23-Apr-2025 17:35:33 Europe/Berlin] Number of users in database: 13
[23-Apr-2025 17:35:33 Europe/Berlin] All tables initialized successfully
[23-Apr-2025 17:35:33 Europe/Berlin] API Request received: /sportsync/backend/match.php?action=fetch_matches&sport=cricket&all=true
[23-Apr-2025 17:35:33 Europe/Berlin] GET parameters: Array
(
    [action] => fetch_matches
    [sport] => cricket
    [all] => true
)

[23-Apr-2025 17:35:33 Europe/Berlin] Executing SQL: SELECT * FROM matches WHERE sport = :sport ORDER BY match_time DESC
[23-Apr-2025 17:35:33 Europe/Berlin] With params: {":sport":"cricket"}
[23-Apr-2025 17:35:33 Europe/Berlin] Query executed successfully. Found 4 rows
[23-Apr-2025 17:36:02 Europe/Berlin] Connected to database. Tables found: favorites, feedback, matches, matches_backup, matches_new, news, newsletter, notifications, players, subscriptions, users
[23-Apr-2025 17:36:02 Europe/Berlin] Executing SQL: CREATE TABLE IF NOT EXISTS users (
                id INT AUTO_INCREMENT PRIMARY KEY,
                username VARCHAR(50) NOT NULL UNIQUE,
                password VARCHAR(255) NOT NULL,
                email VARCHAR(100) NOT NULL UNIQUE,
                account_type ENUM('user', 'admin') DEFAULT 'user',
                created_at TIMESTAMP DEFAULT CURRENT_TIMESTAMP
            )
[23-Apr-2025 17:36:02 Europe/Berlin] With params: []
[23-Apr-2025 17:36:02 Europe/Berlin] Query executed successfully. Found 0 rows
[23-Apr-2025 17:36:02 Europe/Berlin] Users table created or already exists
[23-Apr-2025 17:36:02 Europe/Berlin] Users table structure: [{"Field":"id","Type":"int(11)","Null":"NO","Key":"PRI","Default":null,"Extra":"auto_increment"},{"Field":"username","Type":"varchar(50)","Null":"NO","Key":"","Default":null,"Extra":""},{"Field":"email","Type":"varchar(100)","Null":"NO","Key":"UNI","Default":null,"Extra":""},{"Field":"password","Type":"varchar(255)","Null":"NO","Key":"","Default":null,"Extra":""},{"Field":"role","Type":"enum('user','admin')","Null":"YES","Key":"","Default":"user","Extra":""},{"Field":"verification_code","Type":"varchar(100)","Null":"YES","Key":"","Default":null,"Extra":""},{"Field":"is_verified","Type":"tinyint(1)","Null":"YES","Key":"","Default":"0","Extra":""},{"Field":"created_at","Type":"timestamp","Null":"NO","Key":"","Default":"current_timestamp()","Extra":""},{"Field":"favorite_sport","Type":"varchar(50)","Null":"YES","Key":"","Default":null,"Extra":""},{"Field":"favorite_team","Type":"varchar(50)","Null":"YES","Key":"","Default":null,"Extra":""},{"Field":"account_type","Type":"enum('user','admin')","Null":"YES","Key":"","Default":"user","Extra":""}]
[23-Apr-2025 17:36:02 Europe/Berlin] Number of users in database: 13
[23-Apr-2025 17:36:02 Europe/Berlin] All tables initialized successfully
[23-Apr-2025 17:36:02 Europe/Berlin] Connected to database. Tables found: favorites, feedback, matches, matches_backup, matches_new, news, newsletter, notifications, players, subscriptions, users
[23-Apr-2025 17:36:02 Europe/Berlin] Executing SQL: CREATE TABLE IF NOT EXISTS users (
                id INT AUTO_INCREMENT PRIMARY KEY,
                username VARCHAR(50) NOT NULL UNIQUE,
                password VARCHAR(255) NOT NULL,
                email VARCHAR(100) NOT NULL UNIQUE,
                account_type ENUM('user', 'admin') DEFAULT 'user',
                created_at TIMESTAMP DEFAULT CURRENT_TIMESTAMP
            )
[23-Apr-2025 17:36:02 Europe/Berlin] With params: []
[23-Apr-2025 17:36:02 Europe/Berlin] Query executed successfully. Found 0 rows
[23-Apr-2025 17:36:02 Europe/Berlin] Users table created or already exists
[23-Apr-2025 17:36:02 Europe/Berlin] Users table structure: [{"Field":"id","Type":"int(11)","Null":"NO","Key":"PRI","Default":null,"Extra":"auto_increment"},{"Field":"username","Type":"varchar(50)","Null":"NO","Key":"","Default":null,"Extra":""},{"Field":"email","Type":"varchar(100)","Null":"NO","Key":"UNI","Default":null,"Extra":""},{"Field":"password","Type":"varchar(255)","Null":"NO","Key":"","Default":null,"Extra":""},{"Field":"role","Type":"enum('user','admin')","Null":"YES","Key":"","Default":"user","Extra":""},{"Field":"verification_code","Type":"varchar(100)","Null":"YES","Key":"","Default":null,"Extra":""},{"Field":"is_verified","Type":"tinyint(1)","Null":"YES","Key":"","Default":"0","Extra":""},{"Field":"created_at","Type":"timestamp","Null":"NO","Key":"","Default":"current_timestamp()","Extra":""},{"Field":"favorite_sport","Type":"varchar(50)","Null":"YES","Key":"","Default":null,"Extra":""},{"Field":"favorite_team","Type":"varchar(50)","Null":"YES","Key":"","Default":null,"Extra":""},{"Field":"account_type","Type":"enum('user','admin')","Null":"YES","Key":"","Default":"user","Extra":""}]
[23-Apr-2025 17:36:02 Europe/Berlin] Number of users in database: 13
[23-Apr-2025 17:36:02 Europe/Berlin] All tables initialized successfully
[23-Apr-2025 17:36:02 Europe/Berlin] Database tables initialized successfully
[23-Apr-2025 17:36:02 Europe/Berlin] Executing SQL: SELECT * FROM users WHERE id = :id
[23-Apr-2025 17:36:02 Europe/Berlin] With params: {":id":12}
[23-Apr-2025 17:36:02 Europe/Berlin] Query executed successfully. Found 1 rows
[23-Apr-2025 17:36:02 Europe/Berlin] User loaded from session: varunpndey
[23-Apr-2025 17:36:02 Europe/Berlin] Executing SQL: SELECT * FROM users WHERE id = :id
[23-Apr-2025 17:36:02 Europe/Berlin] With params: {":id":12}
[23-Apr-2025 17:36:02 Europe/Berlin] Query executed successfully. Found 1 rows
[23-Apr-2025 17:36:02 Europe/Berlin] Executing SQL: SELECT * FROM news ORDER BY created_at DESC
[23-Apr-2025 17:36:02 Europe/Berlin] With params: []
[23-Apr-2025 17:36:02 Europe/Berlin] Query executed successfully. Found 8 rows
[23-Apr-2025 17:36:02 Europe/Berlin] Executing SQL: SELECT * FROM feedback ORDER BY created_at DESC
[23-Apr-2025 17:36:02 Europe/Berlin] With params: []
[23-Apr-2025 17:36:02 Europe/Berlin] Query executed successfully. Found 10 rows
[23-Apr-2025 17:36:02 Europe/Berlin] Executing SQL: SELECT * FROM matches WHERE status = 'live'
[23-Apr-2025 17:36:02 Europe/Berlin] With params: []
[23-Apr-2025 17:36:02 Europe/Berlin] Query executed successfully. Found 1 rows
[23-Apr-2025 17:36:02 Europe/Berlin] Executing SQL: SELECT * FROM matches WHERE 1=1 ORDER BY match_time DESC
[23-Apr-2025 17:36:02 Europe/Berlin] With params: []
[23-Apr-2025 17:36:02 Europe/Berlin] Query executed successfully. Found 5 rows
[23-Apr-2025 17:36:02 Europe/Berlin] PHP Warning:  Undefined array key "status" in /Applications/XAMPP/xamppfiles/htdocs/sportsync/public/admin.php on line 865
[23-Apr-2025 17:36:02 Europe/Berlin] PHP Warning:  Undefined array key "status" in /Applications/XAMPP/xamppfiles/htdocs/sportsync/public/admin.php on line 866
[23-Apr-2025 17:36:02 Europe/Berlin] PHP Warning:  Undefined array key "status" in /Applications/XAMPP/xamppfiles/htdocs/sportsync/public/admin.php on line 867
[23-Apr-2025 17:36:02 Europe/Berlin] PHP Warning:  Undefined array key "status" in /Applications/XAMPP/xamppfiles/htdocs/sportsync/public/admin.php on line 865
[23-Apr-2025 17:36:02 Europe/Berlin] PHP Warning:  Undefined array key "status" in /Applications/XAMPP/xamppfiles/htdocs/sportsync/public/admin.php on line 866
[23-Apr-2025 17:36:02 Europe/Berlin] PHP Warning:  Undefined array key "status" in /Applications/XAMPP/xamppfiles/htdocs/sportsync/public/admin.php on line 867
[23-Apr-2025 17:36:02 Europe/Berlin] PHP Warning:  Undefined array key "status" in /Applications/XAMPP/xamppfiles/htdocs/sportsync/public/admin.php on line 865
[23-Apr-2025 17:36:02 Europe/Berlin] PHP Warning:  Undefined array key "status" in /Applications/XAMPP/xamppfiles/htdocs/sportsync/public/admin.php on line 866
[23-Apr-2025 17:36:02 Europe/Berlin] PHP Warning:  Undefined array key "status" in /Applications/XAMPP/xamppfiles/htdocs/sportsync/public/admin.php on line 867
[23-Apr-2025 17:36:02 Europe/Berlin] PHP Warning:  Undefined array key "status" in /Applications/XAMPP/xamppfiles/htdocs/sportsync/public/admin.php on line 865
[23-Apr-2025 17:36:02 Europe/Berlin] PHP Warning:  Undefined array key "status" in /Applications/XAMPP/xamppfiles/htdocs/sportsync/public/admin.php on line 866
[23-Apr-2025 17:36:02 Europe/Berlin] PHP Warning:  Undefined array key "status" in /Applications/XAMPP/xamppfiles/htdocs/sportsync/public/admin.php on line 867
[23-Apr-2025 17:36:02 Europe/Berlin] PHP Warning:  Undefined array key "status" in /Applications/XAMPP/xamppfiles/htdocs/sportsync/public/admin.php on line 865
[23-Apr-2025 17:36:02 Europe/Berlin] PHP Warning:  Undefined array key "status" in /Applications/XAMPP/xamppfiles/htdocs/sportsync/public/admin.php on line 866
[23-Apr-2025 17:36:02 Europe/Berlin] PHP Warning:  Undefined array key "status" in /Applications/XAMPP/xamppfiles/htdocs/sportsync/public/admin.php on line 867
[23-Apr-2025 17:36:02 Europe/Berlin] PHP Warning:  Undefined array key "status" in /Applications/XAMPP/xamppfiles/htdocs/sportsync/public/admin.php on line 865
[23-Apr-2025 17:36:02 Europe/Berlin] PHP Warning:  Undefined array key "status" in /Applications/XAMPP/xamppfiles/htdocs/sportsync/public/admin.php on line 866
[23-Apr-2025 17:36:02 Europe/Berlin] PHP Warning:  Undefined array key "status" in /Applications/XAMPP/xamppfiles/htdocs/sportsync/public/admin.php on line 867
[23-Apr-2025 17:36:02 Europe/Berlin] PHP Warning:  Undefined array key "status" in /Applications/XAMPP/xamppfiles/htdocs/sportsync/public/admin.php on line 865
[23-Apr-2025 17:36:02 Europe/Berlin] PHP Warning:  Undefined array key "status" in /Applications/XAMPP/xamppfiles/htdocs/sportsync/public/admin.php on line 866
[23-Apr-2025 17:36:02 Europe/Berlin] PHP Warning:  Undefined array key "status" in /Applications/XAMPP/xamppfiles/htdocs/sportsync/public/admin.php on line 867
[23-Apr-2025 17:36:02 Europe/Berlin] PHP Warning:  Undefined array key "status" in /Applications/XAMPP/xamppfiles/htdocs/sportsync/public/admin.php on line 865
[23-Apr-2025 17:36:02 Europe/Berlin] PHP Warning:  Undefined array key "status" in /Applications/XAMPP/xamppfiles/htdocs/sportsync/public/admin.php on line 866
[23-Apr-2025 17:36:02 Europe/Berlin] PHP Warning:  Undefined array key "status" in /Applications/XAMPP/xamppfiles/htdocs/sportsync/public/admin.php on line 867
[23-Apr-2025 17:36:02 Europe/Berlin] PHP Warning:  Undefined array key "status" in /Applications/XAMPP/xamppfiles/htdocs/sportsync/public/admin.php on line 865
[23-Apr-2025 17:36:02 Europe/Berlin] PHP Warning:  Undefined array key "status" in /Applications/XAMPP/xamppfiles/htdocs/sportsync/public/admin.php on line 866
[23-Apr-2025 17:36:02 Europe/Berlin] PHP Warning:  Undefined array key "status" in /Applications/XAMPP/xamppfiles/htdocs/sportsync/public/admin.php on line 867
[23-Apr-2025 17:36:02 Europe/Berlin] PHP Warning:  Undefined array key "status" in /Applications/XAMPP/xamppfiles/htdocs/sportsync/public/admin.php on line 865
[23-Apr-2025 17:36:02 Europe/Berlin] PHP Warning:  Undefined array key "status" in /Applications/XAMPP/xamppfiles/htdocs/sportsync/public/admin.php on line 866
[23-Apr-2025 17:36:02 Europe/Berlin] PHP Warning:  Undefined array key "status" in /Applications/XAMPP/xamppfiles/htdocs/sportsync/public/admin.php on line 867
[23-Apr-2025 17:38:01 Europe/Berlin] Connected to database. Tables found: favorites, feedback, matches, matches_backup, matches_new, news, newsletter, notifications, players, subscriptions, users
[23-Apr-2025 17:38:01 Europe/Berlin] Executing SQL: CREATE TABLE IF NOT EXISTS users (
                id INT AUTO_INCREMENT PRIMARY KEY,
                username VARCHAR(50) NOT NULL UNIQUE,
                password VARCHAR(255) NOT NULL,
                email VARCHAR(100) NOT NULL UNIQUE,
                account_type ENUM('user', 'admin') DEFAULT 'user',
                created_at TIMESTAMP DEFAULT CURRENT_TIMESTAMP
            )
[23-Apr-2025 17:38:01 Europe/Berlin] With params: []
[23-Apr-2025 17:38:01 Europe/Berlin] Query executed successfully. Found 0 rows
[23-Apr-2025 17:38:01 Europe/Berlin] Users table created or already exists
[23-Apr-2025 17:38:01 Europe/Berlin] Users table structure: [{"Field":"id","Type":"int(11)","Null":"NO","Key":"PRI","Default":null,"Extra":"auto_increment"},{"Field":"username","Type":"varchar(50)","Null":"NO","Key":"","Default":null,"Extra":""},{"Field":"email","Type":"varchar(100)","Null":"NO","Key":"UNI","Default":null,"Extra":""},{"Field":"password","Type":"varchar(255)","Null":"NO","Key":"","Default":null,"Extra":""},{"Field":"role","Type":"enum('user','admin')","Null":"YES","Key":"","Default":"user","Extra":""},{"Field":"verification_code","Type":"varchar(100)","Null":"YES","Key":"","Default":null,"Extra":""},{"Field":"is_verified","Type":"tinyint(1)","Null":"YES","Key":"","Default":"0","Extra":""},{"Field":"created_at","Type":"timestamp","Null":"NO","Key":"","Default":"current_timestamp()","Extra":""},{"Field":"favorite_sport","Type":"varchar(50)","Null":"YES","Key":"","Default":null,"Extra":""},{"Field":"favorite_team","Type":"varchar(50)","Null":"YES","Key":"","Default":null,"Extra":""},{"Field":"account_type","Type":"enum('user','admin')","Null":"YES","Key":"","Default":"user","Extra":""}]
[23-Apr-2025 17:38:01 Europe/Berlin] Number of users in database: 13
[23-Apr-2025 17:38:01 Europe/Berlin] All tables initialized successfully
[23-Apr-2025 17:38:01 Europe/Berlin] Connected to database. Tables found: favorites, feedback, matches, matches_backup, matches_new, news, newsletter, notifications, players, subscriptions, users
[23-Apr-2025 17:38:01 Europe/Berlin] Executing SQL: CREATE TABLE IF NOT EXISTS users (
                id INT AUTO_INCREMENT PRIMARY KEY,
                username VARCHAR(50) NOT NULL UNIQUE,
                password VARCHAR(255) NOT NULL,
                email VARCHAR(100) NOT NULL UNIQUE,
                account_type ENUM('user', 'admin') DEFAULT 'user',
                created_at TIMESTAMP DEFAULT CURRENT_TIMESTAMP
            )
[23-Apr-2025 17:38:01 Europe/Berlin] With params: []
[23-Apr-2025 17:38:01 Europe/Berlin] Query executed successfully. Found 0 rows
[23-Apr-2025 17:38:01 Europe/Berlin] Users table created or already exists
[23-Apr-2025 17:38:01 Europe/Berlin] Users table structure: [{"Field":"id","Type":"int(11)","Null":"NO","Key":"PRI","Default":null,"Extra":"auto_increment"},{"Field":"username","Type":"varchar(50)","Null":"NO","Key":"","Default":null,"Extra":""},{"Field":"email","Type":"varchar(100)","Null":"NO","Key":"UNI","Default":null,"Extra":""},{"Field":"password","Type":"varchar(255)","Null":"NO","Key":"","Default":null,"Extra":""},{"Field":"role","Type":"enum('user','admin')","Null":"YES","Key":"","Default":"user","Extra":""},{"Field":"verification_code","Type":"varchar(100)","Null":"YES","Key":"","Default":null,"Extra":""},{"Field":"is_verified","Type":"tinyint(1)","Null":"YES","Key":"","Default":"0","Extra":""},{"Field":"created_at","Type":"timestamp","Null":"NO","Key":"","Default":"current_timestamp()","Extra":""},{"Field":"favorite_sport","Type":"varchar(50)","Null":"YES","Key":"","Default":null,"Extra":""},{"Field":"favorite_team","Type":"varchar(50)","Null":"YES","Key":"","Default":null,"Extra":""},{"Field":"account_type","Type":"enum('user','admin')","Null":"YES","Key":"","Default":"user","Extra":""}]
[23-Apr-2025 17:38:01 Europe/Berlin] Number of users in database: 13
[23-Apr-2025 17:38:01 Europe/Berlin] All tables initialized successfully
[23-Apr-2025 17:38:01 Europe/Berlin] Database tables initialized successfully
[23-Apr-2025 17:38:01 Europe/Berlin] Executing SQL: SELECT * FROM users WHERE id = :id
[23-Apr-2025 17:38:01 Europe/Berlin] With params: {":id":12}
[23-Apr-2025 17:38:01 Europe/Berlin] Query executed successfully. Found 1 rows
[23-Apr-2025 17:38:01 Europe/Berlin] User loaded from session: varunpndey
[23-Apr-2025 17:38:01 Europe/Berlin] Executing SQL: SELECT * FROM users WHERE id = :id
[23-Apr-2025 17:38:01 Europe/Berlin] With params: {":id":12}
[23-Apr-2025 17:38:01 Europe/Berlin] Query executed successfully. Found 1 rows
[23-Apr-2025 17:38:01 Europe/Berlin] Executing SQL: UPDATE matches SET team1 = :team1, team2 = :team2, venue = :venue, match_time = :match_time, sport = :sport, status = :status, team1_score = :team1_score, team2_score = :team2_score, team1_shots = :team1_shots, team2_shots = :team2_shots, team1_possession = :team1_possession, team2_possession = :team2_possession WHERE id = :id
[23-Apr-2025 17:38:01 Europe/Berlin] With params: {":id":"41",":team1":"Mohun Bagan",":team2":"Begluru",":venue":"kolkata",":match_time":"2025-04-22T08:00",":sport":"football",":status":"live",":team1_score":"3",":team2_score":"2",":team1_shots":"6",":team2_shots":"3",":team1_possession":"40",":team2_possession":"60"}
[23-Apr-2025 17:38:01 Europe/Berlin] Error in executeQuery: SQLSTATE[42S22]: Column not found: 1054 Unknown column 'team1_shots' in 'field list'
[23-Apr-2025 17:38:01 Europe/Berlin] Error updating match: SQLSTATE[42S22]: Column not found: 1054 Unknown column 'team1_shots' in 'field list'
[23-Apr-2025 17:38:01 Europe/Berlin] Error updating match: Failed to update match: SQLSTATE[42S22]: Column not found: 1054 Unknown column 'team1_shots' in 'field list'
[23-Apr-2025 17:39:52 Europe/Berlin] Connected to database. Tables found: favorites, feedback, matches, matches_backup, matches_new, news, newsletter, notifications, players, subscriptions, users
[23-Apr-2025 17:39:52 Europe/Berlin] Executing SQL: CREATE TABLE IF NOT EXISTS users (
                id INT AUTO_INCREMENT PRIMARY KEY,
                username VARCHAR(50) NOT NULL UNIQUE,
                password VARCHAR(255) NOT NULL,
                email VARCHAR(100) NOT NULL UNIQUE,
                account_type ENUM('user', 'admin') DEFAULT 'user',
                created_at TIMESTAMP DEFAULT CURRENT_TIMESTAMP
            )
[23-Apr-2025 17:39:52 Europe/Berlin] With params: []
[23-Apr-2025 17:39:52 Europe/Berlin] Query executed successfully. Found 0 rows
[23-Apr-2025 17:39:52 Europe/Berlin] Users table created or already exists
[23-Apr-2025 17:39:52 Europe/Berlin] Users table structure: [{"Field":"id","Type":"int(11)","Null":"NO","Key":"PRI","Default":null,"Extra":"auto_increment"},{"Field":"username","Type":"varchar(50)","Null":"NO","Key":"","Default":null,"Extra":""},{"Field":"email","Type":"varchar(100)","Null":"NO","Key":"UNI","Default":null,"Extra":""},{"Field":"password","Type":"varchar(255)","Null":"NO","Key":"","Default":null,"Extra":""},{"Field":"role","Type":"enum('user','admin')","Null":"YES","Key":"","Default":"user","Extra":""},{"Field":"verification_code","Type":"varchar(100)","Null":"YES","Key":"","Default":null,"Extra":""},{"Field":"is_verified","Type":"tinyint(1)","Null":"YES","Key":"","Default":"0","Extra":""},{"Field":"created_at","Type":"timestamp","Null":"NO","Key":"","Default":"current_timestamp()","Extra":""},{"Field":"favorite_sport","Type":"varchar(50)","Null":"YES","Key":"","Default":null,"Extra":""},{"Field":"favorite_team","Type":"varchar(50)","Null":"YES","Key":"","Default":null,"Extra":""},{"Field":"account_type","Type":"enum('user','admin')","Null":"YES","Key":"","Default":"user","Extra":""}]
[23-Apr-2025 17:39:52 Europe/Berlin] Number of users in database: 13
[23-Apr-2025 17:39:52 Europe/Berlin] All tables initialized successfully
[23-Apr-2025 17:39:52 Europe/Berlin] Connected to database. Tables found: favorites, feedback, matches, matches_backup, matches_new, news, newsletter, notifications, players, subscriptions, users
[23-Apr-2025 17:39:52 Europe/Berlin] Executing SQL: CREATE TABLE IF NOT EXISTS users (
                id INT AUTO_INCREMENT PRIMARY KEY,
                username VARCHAR(50) NOT NULL UNIQUE,
                password VARCHAR(255) NOT NULL,
                email VARCHAR(100) NOT NULL UNIQUE,
                account_type ENUM('user', 'admin') DEFAULT 'user',
                created_at TIMESTAMP DEFAULT CURRENT_TIMESTAMP
            )
[23-Apr-2025 17:39:52 Europe/Berlin] With params: []
[23-Apr-2025 17:39:52 Europe/Berlin] Query executed successfully. Found 0 rows
[23-Apr-2025 17:39:52 Europe/Berlin] Users table created or already exists
[23-Apr-2025 17:39:52 Europe/Berlin] Users table structure: [{"Field":"id","Type":"int(11)","Null":"NO","Key":"PRI","Default":null,"Extra":"auto_increment"},{"Field":"username","Type":"varchar(50)","Null":"NO","Key":"","Default":null,"Extra":""},{"Field":"email","Type":"varchar(100)","Null":"NO","Key":"UNI","Default":null,"Extra":""},{"Field":"password","Type":"varchar(255)","Null":"NO","Key":"","Default":null,"Extra":""},{"Field":"role","Type":"enum('user','admin')","Null":"YES","Key":"","Default":"user","Extra":""},{"Field":"verification_code","Type":"varchar(100)","Null":"YES","Key":"","Default":null,"Extra":""},{"Field":"is_verified","Type":"tinyint(1)","Null":"YES","Key":"","Default":"0","Extra":""},{"Field":"created_at","Type":"timestamp","Null":"NO","Key":"","Default":"current_timestamp()","Extra":""},{"Field":"favorite_sport","Type":"varchar(50)","Null":"YES","Key":"","Default":null,"Extra":""},{"Field":"favorite_team","Type":"varchar(50)","Null":"YES","Key":"","Default":null,"Extra":""},{"Field":"account_type","Type":"enum('user','admin')","Null":"YES","Key":"","Default":"user","Extra":""}]
[23-Apr-2025 17:39:52 Europe/Berlin] Number of users in database: 13
[23-Apr-2025 17:39:52 Europe/Berlin] All tables initialized successfully
[23-Apr-2025 17:39:52 Europe/Berlin] Database tables initialized successfully
[23-Apr-2025 17:39:52 Europe/Berlin] Executing SQL: SELECT * FROM users WHERE id = :id
[23-Apr-2025 17:39:52 Europe/Berlin] With params: {":id":12}
[23-Apr-2025 17:39:52 Europe/Berlin] Query executed successfully. Found 1 rows
[23-Apr-2025 17:39:52 Europe/Berlin] User loaded from session: varunpndey
[23-Apr-2025 17:39:52 Europe/Berlin] Executing SQL: SELECT * FROM users WHERE id = :id
[23-Apr-2025 17:39:52 Europe/Berlin] With params: {":id":12}
[23-Apr-2025 17:39:52 Europe/Berlin] Query executed successfully. Found 1 rows
[23-Apr-2025 17:39:52 Europe/Berlin] Executing SQL: UPDATE matches SET team1 = :team1, team2 = :team2, venue = :venue, match_time = :match_time, sport = :sport, status = :status, team1_score = :team1_score, team2_score = :team2_score, team1_shots = :team1_shots, team2_shots = :team2_shots, team1_possession = :team1_possession, team2_possession = :team2_possession WHERE id = :id
[23-Apr-2025 17:39:52 Europe/Berlin] With params: {":id":"41",":team1":"Mi",":team2":"Kkr",":venue":"kolkata",":match_time":"2025-04-22T08:00",":sport":"football",":status":"live",":team1_score":"0",":team2_score":"0",":team1_shots":"0",":team2_shots":"0",":team1_possession":"50",":team2_possession":"50"}
[23-Apr-2025 17:39:52 Europe/Berlin] Error in executeQuery: SQLSTATE[42S22]: Column not found: 1054 Unknown column 'team1_shots' in 'field list'
[23-Apr-2025 17:39:52 Europe/Berlin] Error updating match: SQLSTATE[42S22]: Column not found: 1054 Unknown column 'team1_shots' in 'field list'
[23-Apr-2025 17:39:52 Europe/Berlin] Error updating match: Failed to update match: SQLSTATE[42S22]: Column not found: 1054 Unknown column 'team1_shots' in 'field list'
[23-Apr-2025 17:40:05 Europe/Berlin] Connected to database. Tables found: favorites, feedback, matches, matches_backup, matches_new, news, newsletter, notifications, players, subscriptions, users
[23-Apr-2025 17:40:05 Europe/Berlin] Executing SQL: CREATE TABLE IF NOT EXISTS users (
                id INT AUTO_INCREMENT PRIMARY KEY,
                username VARCHAR(50) NOT NULL UNIQUE,
                password VARCHAR(255) NOT NULL,
                email VARCHAR(100) NOT NULL UNIQUE,
                account_type ENUM('user', 'admin') DEFAULT 'user',
                created_at TIMESTAMP DEFAULT CURRENT_TIMESTAMP
            )
[23-Apr-2025 17:40:05 Europe/Berlin] With params: []
[23-Apr-2025 17:40:05 Europe/Berlin] Query executed successfully. Found 0 rows
[23-Apr-2025 17:40:05 Europe/Berlin] Users table created or already exists
[23-Apr-2025 17:40:05 Europe/Berlin] Users table structure: [{"Field":"id","Type":"int(11)","Null":"NO","Key":"PRI","Default":null,"Extra":"auto_increment"},{"Field":"username","Type":"varchar(50)","Null":"NO","Key":"","Default":null,"Extra":""},{"Field":"email","Type":"varchar(100)","Null":"NO","Key":"UNI","Default":null,"Extra":""},{"Field":"password","Type":"varchar(255)","Null":"NO","Key":"","Default":null,"Extra":""},{"Field":"role","Type":"enum('user','admin')","Null":"YES","Key":"","Default":"user","Extra":""},{"Field":"verification_code","Type":"varchar(100)","Null":"YES","Key":"","Default":null,"Extra":""},{"Field":"is_verified","Type":"tinyint(1)","Null":"YES","Key":"","Default":"0","Extra":""},{"Field":"created_at","Type":"timestamp","Null":"NO","Key":"","Default":"current_timestamp()","Extra":""},{"Field":"favorite_sport","Type":"varchar(50)","Null":"YES","Key":"","Default":null,"Extra":""},{"Field":"favorite_team","Type":"varchar(50)","Null":"YES","Key":"","Default":null,"Extra":""},{"Field":"account_type","Type":"enum('user','admin')","Null":"YES","Key":"","Default":"user","Extra":""}]
[23-Apr-2025 17:40:05 Europe/Berlin] Number of users in database: 13
[23-Apr-2025 17:40:05 Europe/Berlin] All tables initialized successfully
[23-Apr-2025 17:40:05 Europe/Berlin] Connected to database. Tables found: favorites, feedback, matches, matches_backup, matches_new, news, newsletter, notifications, players, subscriptions, users
[23-Apr-2025 17:40:05 Europe/Berlin] Executing SQL: CREATE TABLE IF NOT EXISTS users (
                id INT AUTO_INCREMENT PRIMARY KEY,
                username VARCHAR(50) NOT NULL UNIQUE,
                password VARCHAR(255) NOT NULL,
                email VARCHAR(100) NOT NULL UNIQUE,
                account_type ENUM('user', 'admin') DEFAULT 'user',
                created_at TIMESTAMP DEFAULT CURRENT_TIMESTAMP
            )
[23-Apr-2025 17:40:05 Europe/Berlin] With params: []
[23-Apr-2025 17:40:05 Europe/Berlin] Query executed successfully. Found 0 rows
[23-Apr-2025 17:40:05 Europe/Berlin] Users table created or already exists
[23-Apr-2025 17:40:05 Europe/Berlin] Users table structure: [{"Field":"id","Type":"int(11)","Null":"NO","Key":"PRI","Default":null,"Extra":"auto_increment"},{"Field":"username","Type":"varchar(50)","Null":"NO","Key":"","Default":null,"Extra":""},{"Field":"email","Type":"varchar(100)","Null":"NO","Key":"UNI","Default":null,"Extra":""},{"Field":"password","Type":"varchar(255)","Null":"NO","Key":"","Default":null,"Extra":""},{"Field":"role","Type":"enum('user','admin')","Null":"YES","Key":"","Default":"user","Extra":""},{"Field":"verification_code","Type":"varchar(100)","Null":"YES","Key":"","Default":null,"Extra":""},{"Field":"is_verified","Type":"tinyint(1)","Null":"YES","Key":"","Default":"0","Extra":""},{"Field":"created_at","Type":"timestamp","Null":"NO","Key":"","Default":"current_timestamp()","Extra":""},{"Field":"favorite_sport","Type":"varchar(50)","Null":"YES","Key":"","Default":null,"Extra":""},{"Field":"favorite_team","Type":"varchar(50)","Null":"YES","Key":"","Default":null,"Extra":""},{"Field":"account_type","Type":"enum('user','admin')","Null":"YES","Key":"","Default":"user","Extra":""}]
[23-Apr-2025 17:40:05 Europe/Berlin] Number of users in database: 13
[23-Apr-2025 17:40:05 Europe/Berlin] All tables initialized successfully
[23-Apr-2025 17:40:05 Europe/Berlin] Database tables initialized successfully
[23-Apr-2025 17:40:05 Europe/Berlin] Executing SQL: SELECT * FROM users WHERE id = :id
[23-Apr-2025 17:40:05 Europe/Berlin] With params: {":id":12}
[23-Apr-2025 17:40:05 Europe/Berlin] Query executed successfully. Found 1 rows
[23-Apr-2025 17:40:05 Europe/Berlin] User loaded from session: varunpndey
[23-Apr-2025 17:40:05 Europe/Berlin] Executing SQL: SELECT * FROM users WHERE id = :id
[23-Apr-2025 17:40:05 Europe/Berlin] With params: {":id":12}
[23-Apr-2025 17:40:05 Europe/Berlin] Query executed successfully. Found 1 rows
[23-Apr-2025 17:40:05 Europe/Berlin] Executing SQL: SELECT * FROM news ORDER BY created_at DESC
[23-Apr-2025 17:40:05 Europe/Berlin] With params: []
[23-Apr-2025 17:40:05 Europe/Berlin] Query executed successfully. Found 8 rows
[23-Apr-2025 17:40:05 Europe/Berlin] Executing SQL: SELECT * FROM feedback ORDER BY created_at DESC
[23-Apr-2025 17:40:05 Europe/Berlin] With params: []
[23-Apr-2025 17:40:05 Europe/Berlin] Query executed successfully. Found 10 rows
[23-Apr-2025 17:40:05 Europe/Berlin] Executing SQL: UPDATE feedback SET status = :status WHERE id = :id
[23-Apr-2025 17:40:05 Europe/Berlin] With params: {":status":"responded",":id":"10"}
[23-Apr-2025 17:40:05 Europe/Berlin] Error in executeQuery: SQLSTATE[42S22]: Column not found: 1054 Unknown column 'status' in 'field list'
[23-Apr-2025 17:40:05 Europe/Berlin] Executing SQL: SELECT * FROM matches WHERE status = 'live'
[23-Apr-2025 17:40:05 Europe/Berlin] With params: []
[23-Apr-2025 17:40:05 Europe/Berlin] Query executed successfully. Found 1 rows
[23-Apr-2025 17:40:05 Europe/Berlin] Executing SQL: SELECT * FROM matches WHERE 1=1 ORDER BY match_time DESC
[23-Apr-2025 17:40:05 Europe/Berlin] With params: []
[23-Apr-2025 17:40:05 Europe/Berlin] Query executed successfully. Found 5 rows
[23-Apr-2025 17:40:05 Europe/Berlin] PHP Warning:  Undefined array key "status" in /Applications/XAMPP/xamppfiles/htdocs/sportsync/public/admin.php on line 865
[23-Apr-2025 17:40:05 Europe/Berlin] PHP Warning:  Undefined array key "status" in /Applications/XAMPP/xamppfiles/htdocs/sportsync/public/admin.php on line 866
[23-Apr-2025 17:40:05 Europe/Berlin] PHP Warning:  Undefined array key "status" in /Applications/XAMPP/xamppfiles/htdocs/sportsync/public/admin.php on line 867
[23-Apr-2025 17:40:05 Europe/Berlin] PHP Warning:  Undefined array key "status" in /Applications/XAMPP/xamppfiles/htdocs/sportsync/public/admin.php on line 865
[23-Apr-2025 17:40:05 Europe/Berlin] PHP Warning:  Undefined array key "status" in /Applications/XAMPP/xamppfiles/htdocs/sportsync/public/admin.php on line 866
[23-Apr-2025 17:40:05 Europe/Berlin] PHP Warning:  Undefined array key "status" in /Applications/XAMPP/xamppfiles/htdocs/sportsync/public/admin.php on line 867
[23-Apr-2025 17:40:05 Europe/Berlin] PHP Warning:  Undefined array key "status" in /Applications/XAMPP/xamppfiles/htdocs/sportsync/public/admin.php on line 865
[23-Apr-2025 17:40:05 Europe/Berlin] PHP Warning:  Undefined array key "status" in /Applications/XAMPP/xamppfiles/htdocs/sportsync/public/admin.php on line 866
[23-Apr-2025 17:40:05 Europe/Berlin] PHP Warning:  Undefined array key "status" in /Applications/XAMPP/xamppfiles/htdocs/sportsync/public/admin.php on line 867
[23-Apr-2025 17:40:05 Europe/Berlin] PHP Warning:  Undefined array key "status" in /Applications/XAMPP/xamppfiles/htdocs/sportsync/public/admin.php on line 865
[23-Apr-2025 17:40:05 Europe/Berlin] PHP Warning:  Undefined array key "status" in /Applications/XAMPP/xamppfiles/htdocs/sportsync/public/admin.php on line 866
[23-Apr-2025 17:40:05 Europe/Berlin] PHP Warning:  Undefined array key "status" in /Applications/XAMPP/xamppfiles/htdocs/sportsync/public/admin.php on line 867
[23-Apr-2025 17:40:05 Europe/Berlin] PHP Warning:  Undefined array key "status" in /Applications/XAMPP/xamppfiles/htdocs/sportsync/public/admin.php on line 865
[23-Apr-2025 17:40:05 Europe/Berlin] PHP Warning:  Undefined array key "status" in /Applications/XAMPP/xamppfiles/htdocs/sportsync/public/admin.php on line 866
[23-Apr-2025 17:40:05 Europe/Berlin] PHP Warning:  Undefined array key "status" in /Applications/XAMPP/xamppfiles/htdocs/sportsync/public/admin.php on line 867
[23-Apr-2025 17:40:05 Europe/Berlin] PHP Warning:  Undefined array key "status" in /Applications/XAMPP/xamppfiles/htdocs/sportsync/public/admin.php on line 865
[23-Apr-2025 17:40:05 Europe/Berlin] PHP Warning:  Undefined array key "status" in /Applications/XAMPP/xamppfiles/htdocs/sportsync/public/admin.php on line 866
[23-Apr-2025 17:40:05 Europe/Berlin] PHP Warning:  Undefined array key "status" in /Applications/XAMPP/xamppfiles/htdocs/sportsync/public/admin.php on line 867
[23-Apr-2025 17:40:05 Europe/Berlin] PHP Warning:  Undefined array key "status" in /Applications/XAMPP/xamppfiles/htdocs/sportsync/public/admin.php on line 865
[23-Apr-2025 17:40:05 Europe/Berlin] PHP Warning:  Undefined array key "status" in /Applications/XAMPP/xamppfiles/htdocs/sportsync/public/admin.php on line 866
[23-Apr-2025 17:40:05 Europe/Berlin] PHP Warning:  Undefined array key "status" in /Applications/XAMPP/xamppfiles/htdocs/sportsync/public/admin.php on line 867
[23-Apr-2025 17:40:05 Europe/Berlin] PHP Warning:  Undefined array key "status" in /Applications/XAMPP/xamppfiles/htdocs/sportsync/public/admin.php on line 865
[23-Apr-2025 17:40:05 Europe/Berlin] PHP Warning:  Undefined array key "status" in /Applications/XAMPP/xamppfiles/htdocs/sportsync/public/admin.php on line 866
[23-Apr-2025 17:40:05 Europe/Berlin] PHP Warning:  Undefined array key "status" in /Applications/XAMPP/xamppfiles/htdocs/sportsync/public/admin.php on line 867
[23-Apr-2025 17:40:05 Europe/Berlin] PHP Warning:  Undefined array key "status" in /Applications/XAMPP/xamppfiles/htdocs/sportsync/public/admin.php on line 865
[23-Apr-2025 17:40:05 Europe/Berlin] PHP Warning:  Undefined array key "status" in /Applications/XAMPP/xamppfiles/htdocs/sportsync/public/admin.php on line 866
[23-Apr-2025 17:40:05 Europe/Berlin] PHP Warning:  Undefined array key "status" in /Applications/XAMPP/xamppfiles/htdocs/sportsync/public/admin.php on line 867
[23-Apr-2025 17:40:05 Europe/Berlin] PHP Warning:  Undefined array key "status" in /Applications/XAMPP/xamppfiles/htdocs/sportsync/public/admin.php on line 865
[23-Apr-2025 17:40:05 Europe/Berlin] PHP Warning:  Undefined array key "status" in /Applications/XAMPP/xamppfiles/htdocs/sportsync/public/admin.php on line 866
[23-Apr-2025 17:40:05 Europe/Berlin] PHP Warning:  Undefined array key "status" in /Applications/XAMPP/xamppfiles/htdocs/sportsync/public/admin.php on line 867
[23-Apr-2025 17:40:15 Europe/Berlin] Connected to database. Tables found: favorites, feedback, matches, matches_backup, matches_new, news, newsletter, notifications, players, subscriptions, users
[23-Apr-2025 17:40:15 Europe/Berlin] Executing SQL: CREATE TABLE IF NOT EXISTS users (
                id INT AUTO_INCREMENT PRIMARY KEY,
                username VARCHAR(50) NOT NULL UNIQUE,
                password VARCHAR(255) NOT NULL,
                email VARCHAR(100) NOT NULL UNIQUE,
                account_type ENUM('user', 'admin') DEFAULT 'user',
                created_at TIMESTAMP DEFAULT CURRENT_TIMESTAMP
            )
[23-Apr-2025 17:40:15 Europe/Berlin] With params: []
[23-Apr-2025 17:40:15 Europe/Berlin] Query executed successfully. Found 0 rows
[23-Apr-2025 17:40:15 Europe/Berlin] Users table created or already exists
[23-Apr-2025 17:40:15 Europe/Berlin] Users table structure: [{"Field":"id","Type":"int(11)","Null":"NO","Key":"PRI","Default":null,"Extra":"auto_increment"},{"Field":"username","Type":"varchar(50)","Null":"NO","Key":"","Default":null,"Extra":""},{"Field":"email","Type":"varchar(100)","Null":"NO","Key":"UNI","Default":null,"Extra":""},{"Field":"password","Type":"varchar(255)","Null":"NO","Key":"","Default":null,"Extra":""},{"Field":"role","Type":"enum('user','admin')","Null":"YES","Key":"","Default":"user","Extra":""},{"Field":"verification_code","Type":"varchar(100)","Null":"YES","Key":"","Default":null,"Extra":""},{"Field":"is_verified","Type":"tinyint(1)","Null":"YES","Key":"","Default":"0","Extra":""},{"Field":"created_at","Type":"timestamp","Null":"NO","Key":"","Default":"current_timestamp()","Extra":""},{"Field":"favorite_sport","Type":"varchar(50)","Null":"YES","Key":"","Default":null,"Extra":""},{"Field":"favorite_team","Type":"varchar(50)","Null":"YES","Key":"","Default":null,"Extra":""},{"Field":"account_type","Type":"enum('user','admin')","Null":"YES","Key":"","Default":"user","Extra":""}]
[23-Apr-2025 17:40:15 Europe/Berlin] Number of users in database: 13
[23-Apr-2025 17:40:15 Europe/Berlin] All tables initialized successfully
[23-Apr-2025 17:40:15 Europe/Berlin] Connected to database. Tables found: favorites, feedback, matches, matches_backup, matches_new, news, newsletter, notifications, players, subscriptions, users
[23-Apr-2025 17:40:15 Europe/Berlin] Executing SQL: CREATE TABLE IF NOT EXISTS users (
                id INT AUTO_INCREMENT PRIMARY KEY,
                username VARCHAR(50) NOT NULL UNIQUE,
                password VARCHAR(255) NOT NULL,
                email VARCHAR(100) NOT NULL UNIQUE,
                account_type ENUM('user', 'admin') DEFAULT 'user',
                created_at TIMESTAMP DEFAULT CURRENT_TIMESTAMP
            )
[23-Apr-2025 17:40:15 Europe/Berlin] With params: []
[23-Apr-2025 17:40:15 Europe/Berlin] Query executed successfully. Found 0 rows
[23-Apr-2025 17:40:15 Europe/Berlin] Users table created or already exists
[23-Apr-2025 17:40:15 Europe/Berlin] Users table structure: [{"Field":"id","Type":"int(11)","Null":"NO","Key":"PRI","Default":null,"Extra":"auto_increment"},{"Field":"username","Type":"varchar(50)","Null":"NO","Key":"","Default":null,"Extra":""},{"Field":"email","Type":"varchar(100)","Null":"NO","Key":"UNI","Default":null,"Extra":""},{"Field":"password","Type":"varchar(255)","Null":"NO","Key":"","Default":null,"Extra":""},{"Field":"role","Type":"enum('user','admin')","Null":"YES","Key":"","Default":"user","Extra":""},{"Field":"verification_code","Type":"varchar(100)","Null":"YES","Key":"","Default":null,"Extra":""},{"Field":"is_verified","Type":"tinyint(1)","Null":"YES","Key":"","Default":"0","Extra":""},{"Field":"created_at","Type":"timestamp","Null":"NO","Key":"","Default":"current_timestamp()","Extra":""},{"Field":"favorite_sport","Type":"varchar(50)","Null":"YES","Key":"","Default":null,"Extra":""},{"Field":"favorite_team","Type":"varchar(50)","Null":"YES","Key":"","Default":null,"Extra":""},{"Field":"account_type","Type":"enum('user','admin')","Null":"YES","Key":"","Default":"user","Extra":""}]
[23-Apr-2025 17:40:15 Europe/Berlin] Number of users in database: 13
[23-Apr-2025 17:40:15 Europe/Berlin] All tables initialized successfully
[23-Apr-2025 17:40:15 Europe/Berlin] Database tables initialized successfully
[23-Apr-2025 17:40:15 Europe/Berlin] Executing SQL: SELECT * FROM users WHERE id = :id
[23-Apr-2025 17:40:15 Europe/Berlin] With params: {":id":12}
[23-Apr-2025 17:40:15 Europe/Berlin] Query executed successfully. Found 1 rows
[23-Apr-2025 17:40:15 Europe/Berlin] User loaded from session: varunpndey
[23-Apr-2025 17:40:15 Europe/Berlin] Header - Session status: 2
[23-Apr-2025 17:40:15 Europe/Berlin] Header - Session data: {"user_id":12,"username":"varunpndey","email":"va@gmail.com","account_type":"admin"}
[23-Apr-2025 17:40:15 Europe/Berlin] Header - After session start - Status: 2
[23-Apr-2025 17:40:15 Europe/Berlin] Header - After session start - Data: {"user_id":12,"username":"varunpndey","email":"va@gmail.com","account_type":"admin"}
[23-Apr-2025 17:40:15 Europe/Berlin] Header - Is logged in: Yes
[23-Apr-2025 17:40:15 Europe/Berlin] Executing SQL: SELECT * FROM news ORDER BY created_at DESC LIMIT 5
[23-Apr-2025 17:40:15 Europe/Berlin] With params: []
[23-Apr-2025 17:40:15 Europe/Berlin] Query executed successfully. Found 5 rows
[23-Apr-2025 17:40:15 Europe/Berlin] Executing SQL: SELECT * FROM matches WHERE status = 'live'
[23-Apr-2025 17:40:15 Europe/Berlin] With params: []
[23-Apr-2025 17:40:15 Europe/Berlin] Query executed successfully. Found 1 rows
[23-Apr-2025 17:40:15 Europe/Berlin] Executing SQL: SELECT COUNT(*) as count FROM favorites 
                    WHERE user_id = :user_id AND match_id = :match_id
[23-Apr-2025 17:40:15 Europe/Berlin] With params: {":user_id":12,":match_id":42}
[23-Apr-2025 17:40:15 Europe/Berlin] Query executed successfully. Found 1 rows
[23-Apr-2025 17:40:34 Europe/Berlin] Connected to database. Tables found: favorites, feedback, matches, matches_backup, matches_new, news, newsletter, notifications, players, subscriptions, users
[23-Apr-2025 17:40:34 Europe/Berlin] Executing SQL: CREATE TABLE IF NOT EXISTS users (
                id INT AUTO_INCREMENT PRIMARY KEY,
                username VARCHAR(50) NOT NULL UNIQUE,
                password VARCHAR(255) NOT NULL,
                email VARCHAR(100) NOT NULL UNIQUE,
                account_type ENUM('user', 'admin') DEFAULT 'user',
                created_at TIMESTAMP DEFAULT CURRENT_TIMESTAMP
            )
[23-Apr-2025 17:40:34 Europe/Berlin] With params: []
[23-Apr-2025 17:40:34 Europe/Berlin] Query executed successfully. Found 0 rows
[23-Apr-2025 17:40:34 Europe/Berlin] Users table created or already exists
[23-Apr-2025 17:40:34 Europe/Berlin] Users table structure: [{"Field":"id","Type":"int(11)","Null":"NO","Key":"PRI","Default":null,"Extra":"auto_increment"},{"Field":"username","Type":"varchar(50)","Null":"NO","Key":"","Default":null,"Extra":""},{"Field":"email","Type":"varchar(100)","Null":"NO","Key":"UNI","Default":null,"Extra":""},{"Field":"password","Type":"varchar(255)","Null":"NO","Key":"","Default":null,"Extra":""},{"Field":"role","Type":"enum('user','admin')","Null":"YES","Key":"","Default":"user","Extra":""},{"Field":"verification_code","Type":"varchar(100)","Null":"YES","Key":"","Default":null,"Extra":""},{"Field":"is_verified","Type":"tinyint(1)","Null":"YES","Key":"","Default":"0","Extra":""},{"Field":"created_at","Type":"timestamp","Null":"NO","Key":"","Default":"current_timestamp()","Extra":""},{"Field":"favorite_sport","Type":"varchar(50)","Null":"YES","Key":"","Default":null,"Extra":""},{"Field":"favorite_team","Type":"varchar(50)","Null":"YES","Key":"","Default":null,"Extra":""},{"Field":"account_type","Type":"enum('user','admin')","Null":"YES","Key":"","Default":"user","Extra":""}]
[23-Apr-2025 17:40:34 Europe/Berlin] Number of users in database: 13
[23-Apr-2025 17:40:34 Europe/Berlin] All tables initialized successfully
[23-Apr-2025 17:40:34 Europe/Berlin] Connected to database. Tables found: favorites, feedback, matches, matches_backup, matches_new, news, newsletter, notifications, players, subscriptions, users
[23-Apr-2025 17:40:34 Europe/Berlin] Executing SQL: CREATE TABLE IF NOT EXISTS users (
                id INT AUTO_INCREMENT PRIMARY KEY,
                username VARCHAR(50) NOT NULL UNIQUE,
                password VARCHAR(255) NOT NULL,
                email VARCHAR(100) NOT NULL UNIQUE,
                account_type ENUM('user', 'admin') DEFAULT 'user',
                created_at TIMESTAMP DEFAULT CURRENT_TIMESTAMP
            )
[23-Apr-2025 17:40:34 Europe/Berlin] With params: []
[23-Apr-2025 17:40:34 Europe/Berlin] Query executed successfully. Found 0 rows
[23-Apr-2025 17:40:34 Europe/Berlin] Users table created or already exists
[23-Apr-2025 17:40:34 Europe/Berlin] Users table structure: [{"Field":"id","Type":"int(11)","Null":"NO","Key":"PRI","Default":null,"Extra":"auto_increment"},{"Field":"username","Type":"varchar(50)","Null":"NO","Key":"","Default":null,"Extra":""},{"Field":"email","Type":"varchar(100)","Null":"NO","Key":"UNI","Default":null,"Extra":""},{"Field":"password","Type":"varchar(255)","Null":"NO","Key":"","Default":null,"Extra":""},{"Field":"role","Type":"enum('user','admin')","Null":"YES","Key":"","Default":"user","Extra":""},{"Field":"verification_code","Type":"varchar(100)","Null":"YES","Key":"","Default":null,"Extra":""},{"Field":"is_verified","Type":"tinyint(1)","Null":"YES","Key":"","Default":"0","Extra":""},{"Field":"created_at","Type":"timestamp","Null":"NO","Key":"","Default":"current_timestamp()","Extra":""},{"Field":"favorite_sport","Type":"varchar(50)","Null":"YES","Key":"","Default":null,"Extra":""},{"Field":"favorite_team","Type":"varchar(50)","Null":"YES","Key":"","Default":null,"Extra":""},{"Field":"account_type","Type":"enum('user','admin')","Null":"YES","Key":"","Default":"user","Extra":""}]
[23-Apr-2025 17:40:34 Europe/Berlin] Number of users in database: 13
[23-Apr-2025 17:40:34 Europe/Berlin] All tables initialized successfully
[23-Apr-2025 17:40:34 Europe/Berlin] Database tables initialized successfully
[23-Apr-2025 17:40:34 Europe/Berlin] Executing SQL: SELECT * FROM users WHERE id = :id
[23-Apr-2025 17:40:34 Europe/Berlin] With params: {":id":12}
[23-Apr-2025 17:40:34 Europe/Berlin] Query executed successfully. Found 1 rows
[23-Apr-2025 17:40:34 Europe/Berlin] User loaded from session: varunpndey
[23-Apr-2025 17:40:34 Europe/Berlin] Header - Session status: 2
[23-Apr-2025 17:40:34 Europe/Berlin] Header - Session data: {"user_id":12,"username":"varunpndey","email":"va@gmail.com","account_type":"admin"}
[23-Apr-2025 17:40:34 Europe/Berlin] Header - After session start - Status: 2
[23-Apr-2025 17:40:34 Europe/Berlin] Header - After session start - Data: {"user_id":12,"username":"varunpndey","email":"va@gmail.com","account_type":"admin"}
[23-Apr-2025 17:40:34 Europe/Berlin] Header - Is logged in: Yes
[23-Apr-2025 17:40:34 Europe/Berlin] Executing SQL: SELECT * FROM news ORDER BY created_at DESC LIMIT 5
[23-Apr-2025 17:40:34 Europe/Berlin] With params: []
[23-Apr-2025 17:40:34 Europe/Berlin] Query executed successfully. Found 5 rows
[23-Apr-2025 17:40:34 Europe/Berlin] Executing SQL: SELECT * FROM matches WHERE status = 'live'
[23-Apr-2025 17:40:34 Europe/Berlin] With params: []
[23-Apr-2025 17:40:34 Europe/Berlin] Query executed successfully. Found 1 rows
[23-Apr-2025 17:40:34 Europe/Berlin] Executing SQL: SELECT COUNT(*) as count FROM favorites 
                    WHERE user_id = :user_id AND match_id = :match_id
[23-Apr-2025 17:40:34 Europe/Berlin] With params: {":user_id":12,":match_id":42}
[23-Apr-2025 17:40:34 Europe/Berlin] Query executed successfully. Found 1 rows
[23-Apr-2025 19:44:04 Europe/Berlin] Connected to database. Tables found: favorites, feedback, matches, matches_backup, matches_new, news, newsletter, notifications, players, subscriptions, users
[23-Apr-2025 19:44:04 Europe/Berlin] Executing SQL: CREATE TABLE IF NOT EXISTS users (
                id INT AUTO_INCREMENT PRIMARY KEY,
                username VARCHAR(50) NOT NULL UNIQUE,
                password VARCHAR(255) NOT NULL,
                email VARCHAR(100) NOT NULL UNIQUE,
                account_type ENUM('user', 'admin') DEFAULT 'user',
                created_at TIMESTAMP DEFAULT CURRENT_TIMESTAMP
            )
[23-Apr-2025 19:44:04 Europe/Berlin] With params: []
[23-Apr-2025 19:44:04 Europe/Berlin] Query executed successfully. Found 0 rows
[23-Apr-2025 19:44:04 Europe/Berlin] Users table created or already exists
[23-Apr-2025 19:44:04 Europe/Berlin] Users table structure: [{"Field":"id","Type":"int(11)","Null":"NO","Key":"PRI","Default":null,"Extra":"auto_increment"},{"Field":"username","Type":"varchar(50)","Null":"NO","Key":"","Default":null,"Extra":""},{"Field":"email","Type":"varchar(100)","Null":"NO","Key":"UNI","Default":null,"Extra":""},{"Field":"password","Type":"varchar(255)","Null":"NO","Key":"","Default":null,"Extra":""},{"Field":"role","Type":"enum('user','admin')","Null":"YES","Key":"","Default":"user","Extra":""},{"Field":"verification_code","Type":"varchar(100)","Null":"YES","Key":"","Default":null,"Extra":""},{"Field":"is_verified","Type":"tinyint(1)","Null":"YES","Key":"","Default":"0","Extra":""},{"Field":"created_at","Type":"timestamp","Null":"NO","Key":"","Default":"current_timestamp()","Extra":""},{"Field":"favorite_sport","Type":"varchar(50)","Null":"YES","Key":"","Default":null,"Extra":""},{"Field":"favorite_team","Type":"varchar(50)","Null":"YES","Key":"","Default":null,"Extra":""},{"Field":"account_type","Type":"enum('user','admin')","Null":"YES","Key":"","Default":"user","Extra":""}]
[23-Apr-2025 19:44:04 Europe/Berlin] Number of users in database: 13
[23-Apr-2025 19:44:04 Europe/Berlin] All tables initialized successfully
[23-Apr-2025 19:44:04 Europe/Berlin] Connected to database. Tables found: favorites, feedback, matches, matches_backup, matches_new, news, newsletter, notifications, players, subscriptions, users
[23-Apr-2025 19:44:04 Europe/Berlin] Executing SQL: CREATE TABLE IF NOT EXISTS users (
                id INT AUTO_INCREMENT PRIMARY KEY,
                username VARCHAR(50) NOT NULL UNIQUE,
                password VARCHAR(255) NOT NULL,
                email VARCHAR(100) NOT NULL UNIQUE,
                account_type ENUM('user', 'admin') DEFAULT 'user',
                created_at TIMESTAMP DEFAULT CURRENT_TIMESTAMP
            )
[23-Apr-2025 19:44:04 Europe/Berlin] With params: []
[23-Apr-2025 19:44:04 Europe/Berlin] Query executed successfully. Found 0 rows
[23-Apr-2025 19:44:04 Europe/Berlin] Users table created or already exists
[23-Apr-2025 19:44:04 Europe/Berlin] Users table structure: [{"Field":"id","Type":"int(11)","Null":"NO","Key":"PRI","Default":null,"Extra":"auto_increment"},{"Field":"username","Type":"varchar(50)","Null":"NO","Key":"","Default":null,"Extra":""},{"Field":"email","Type":"varchar(100)","Null":"NO","Key":"UNI","Default":null,"Extra":""},{"Field":"password","Type":"varchar(255)","Null":"NO","Key":"","Default":null,"Extra":""},{"Field":"role","Type":"enum('user','admin')","Null":"YES","Key":"","Default":"user","Extra":""},{"Field":"verification_code","Type":"varchar(100)","Null":"YES","Key":"","Default":null,"Extra":""},{"Field":"is_verified","Type":"tinyint(1)","Null":"YES","Key":"","Default":"0","Extra":""},{"Field":"created_at","Type":"timestamp","Null":"NO","Key":"","Default":"current_timestamp()","Extra":""},{"Field":"favorite_sport","Type":"varchar(50)","Null":"YES","Key":"","Default":null,"Extra":""},{"Field":"favorite_team","Type":"varchar(50)","Null":"YES","Key":"","Default":null,"Extra":""},{"Field":"account_type","Type":"enum('user','admin')","Null":"YES","Key":"","Default":"user","Extra":""}]
[23-Apr-2025 19:44:04 Europe/Berlin] Number of users in database: 13
[23-Apr-2025 19:44:04 Europe/Berlin] All tables initialized successfully
[23-Apr-2025 19:44:04 Europe/Berlin] Database tables initialized successfully
[23-Apr-2025 19:44:04 Europe/Berlin] Executing SQL: SELECT * FROM users WHERE id = :id
[23-Apr-2025 19:44:04 Europe/Berlin] With params: {":id":12}
[23-Apr-2025 19:44:04 Europe/Berlin] Query executed successfully. Found 1 rows
[23-Apr-2025 19:44:04 Europe/Berlin] User loaded from session: varunpndey
[23-Apr-2025 19:44:04 Europe/Berlin] Header - Session status: 2
[23-Apr-2025 19:44:04 Europe/Berlin] Header - Session data: {"user_id":12,"username":"varunpndey","email":"va@gmail.com","account_type":"admin"}
[23-Apr-2025 19:44:04 Europe/Berlin] Header - After session start - Status: 2
[23-Apr-2025 19:44:04 Europe/Berlin] Header - After session start - Data: {"user_id":12,"username":"varunpndey","email":"va@gmail.com","account_type":"admin"}
[23-Apr-2025 19:44:04 Europe/Berlin] Header - Is logged in: Yes
[23-Apr-2025 19:44:16 Europe/Berlin] Connected to database. Tables found: favorites, feedback, matches, matches_backup, matches_new, news, newsletter, notifications, players, subscriptions, users
[23-Apr-2025 19:44:16 Europe/Berlin] Executing SQL: CREATE TABLE IF NOT EXISTS users (
                id INT AUTO_INCREMENT PRIMARY KEY,
                username VARCHAR(50) NOT NULL UNIQUE,
                password VARCHAR(255) NOT NULL,
                email VARCHAR(100) NOT NULL UNIQUE,
                account_type ENUM('user', 'admin') DEFAULT 'user',
                created_at TIMESTAMP DEFAULT CURRENT_TIMESTAMP
            )
[23-Apr-2025 19:44:16 Europe/Berlin] With params: []
[23-Apr-2025 19:44:16 Europe/Berlin] Query executed successfully. Found 0 rows
[23-Apr-2025 19:44:16 Europe/Berlin] Users table created or already exists
[23-Apr-2025 19:44:16 Europe/Berlin] Users table structure: [{"Field":"id","Type":"int(11)","Null":"NO","Key":"PRI","Default":null,"Extra":"auto_increment"},{"Field":"username","Type":"varchar(50)","Null":"NO","Key":"","Default":null,"Extra":""},{"Field":"email","Type":"varchar(100)","Null":"NO","Key":"UNI","Default":null,"Extra":""},{"Field":"password","Type":"varchar(255)","Null":"NO","Key":"","Default":null,"Extra":""},{"Field":"role","Type":"enum('user','admin')","Null":"YES","Key":"","Default":"user","Extra":""},{"Field":"verification_code","Type":"varchar(100)","Null":"YES","Key":"","Default":null,"Extra":""},{"Field":"is_verified","Type":"tinyint(1)","Null":"YES","Key":"","Default":"0","Extra":""},{"Field":"created_at","Type":"timestamp","Null":"NO","Key":"","Default":"current_timestamp()","Extra":""},{"Field":"favorite_sport","Type":"varchar(50)","Null":"YES","Key":"","Default":null,"Extra":""},{"Field":"favorite_team","Type":"varchar(50)","Null":"YES","Key":"","Default":null,"Extra":""},{"Field":"account_type","Type":"enum('user','admin')","Null":"YES","Key":"","Default":"user","Extra":""}]
[23-Apr-2025 19:44:16 Europe/Berlin] Number of users in database: 13
[23-Apr-2025 19:44:16 Europe/Berlin] All tables initialized successfully
[23-Apr-2025 19:44:16 Europe/Berlin] Connected to database. Tables found: favorites, feedback, matches, matches_backup, matches_new, news, newsletter, notifications, players, subscriptions, users
[23-Apr-2025 19:44:16 Europe/Berlin] Executing SQL: CREATE TABLE IF NOT EXISTS users (
                id INT AUTO_INCREMENT PRIMARY KEY,
                username VARCHAR(50) NOT NULL UNIQUE,
                password VARCHAR(255) NOT NULL,
                email VARCHAR(100) NOT NULL UNIQUE,
                account_type ENUM('user', 'admin') DEFAULT 'user',
                created_at TIMESTAMP DEFAULT CURRENT_TIMESTAMP
            )
[23-Apr-2025 19:44:16 Europe/Berlin] With params: []
[23-Apr-2025 19:44:16 Europe/Berlin] Query executed successfully. Found 0 rows
[23-Apr-2025 19:44:16 Europe/Berlin] Users table created or already exists
[23-Apr-2025 19:44:16 Europe/Berlin] Users table structure: [{"Field":"id","Type":"int(11)","Null":"NO","Key":"PRI","Default":null,"Extra":"auto_increment"},{"Field":"username","Type":"varchar(50)","Null":"NO","Key":"","Default":null,"Extra":""},{"Field":"email","Type":"varchar(100)","Null":"NO","Key":"UNI","Default":null,"Extra":""},{"Field":"password","Type":"varchar(255)","Null":"NO","Key":"","Default":null,"Extra":""},{"Field":"role","Type":"enum('user','admin')","Null":"YES","Key":"","Default":"user","Extra":""},{"Field":"verification_code","Type":"varchar(100)","Null":"YES","Key":"","Default":null,"Extra":""},{"Field":"is_verified","Type":"tinyint(1)","Null":"YES","Key":"","Default":"0","Extra":""},{"Field":"created_at","Type":"timestamp","Null":"NO","Key":"","Default":"current_timestamp()","Extra":""},{"Field":"favorite_sport","Type":"varchar(50)","Null":"YES","Key":"","Default":null,"Extra":""},{"Field":"favorite_team","Type":"varchar(50)","Null":"YES","Key":"","Default":null,"Extra":""},{"Field":"account_type","Type":"enum('user','admin')","Null":"YES","Key":"","Default":"user","Extra":""}]
[23-Apr-2025 19:44:16 Europe/Berlin] Number of users in database: 13
[23-Apr-2025 19:44:16 Europe/Berlin] All tables initialized successfully
[23-Apr-2025 19:44:16 Europe/Berlin] Database tables initialized successfully
[23-Apr-2025 19:44:16 Europe/Berlin] Executing SQL: SELECT * FROM users WHERE id = :id
[23-Apr-2025 19:44:16 Europe/Berlin] With params: {":id":12}
[23-Apr-2025 19:44:16 Europe/Berlin] Query executed successfully. Found 1 rows
[23-Apr-2025 19:44:16 Europe/Berlin] User loaded from session: varunpndey
[23-Apr-2025 19:44:16 Europe/Berlin] PHP Warning:  session_destroy(): Trying to destroy uninitialized session in /Applications/XAMPP/xamppfiles/htdocs/sportsync/public/logout.php on line 22
[23-Apr-2025 19:44:16 Europe/Berlin] Connected to database. Tables found: favorites, feedback, matches, matches_backup, matches_new, news, newsletter, notifications, players, subscriptions, users
[23-Apr-2025 19:44:16 Europe/Berlin] Executing SQL: CREATE TABLE IF NOT EXISTS users (
                id INT AUTO_INCREMENT PRIMARY KEY,
                username VARCHAR(50) NOT NULL UNIQUE,
                password VARCHAR(255) NOT NULL,
                email VARCHAR(100) NOT NULL UNIQUE,
                account_type ENUM('user', 'admin') DEFAULT 'user',
                created_at TIMESTAMP DEFAULT CURRENT_TIMESTAMP
            )
[23-Apr-2025 19:44:16 Europe/Berlin] With params: []
[23-Apr-2025 19:44:16 Europe/Berlin] Query executed successfully. Found 0 rows
[23-Apr-2025 19:44:16 Europe/Berlin] Users table created or already exists
[23-Apr-2025 19:44:16 Europe/Berlin] Users table structure: [{"Field":"id","Type":"int(11)","Null":"NO","Key":"PRI","Default":null,"Extra":"auto_increment"},{"Field":"username","Type":"varchar(50)","Null":"NO","Key":"","Default":null,"Extra":""},{"Field":"email","Type":"varchar(100)","Null":"NO","Key":"UNI","Default":null,"Extra":""},{"Field":"password","Type":"varchar(255)","Null":"NO","Key":"","Default":null,"Extra":""},{"Field":"role","Type":"enum('user','admin')","Null":"YES","Key":"","Default":"user","Extra":""},{"Field":"verification_code","Type":"varchar(100)","Null":"YES","Key":"","Default":null,"Extra":""},{"Field":"is_verified","Type":"tinyint(1)","Null":"YES","Key":"","Default":"0","Extra":""},{"Field":"created_at","Type":"timestamp","Null":"NO","Key":"","Default":"current_timestamp()","Extra":""},{"Field":"favorite_sport","Type":"varchar(50)","Null":"YES","Key":"","Default":null,"Extra":""},{"Field":"favorite_team","Type":"varchar(50)","Null":"YES","Key":"","Default":null,"Extra":""},{"Field":"account_type","Type":"enum('user','admin')","Null":"YES","Key":"","Default":"user","Extra":""}]
[23-Apr-2025 19:44:16 Europe/Berlin] Number of users in database: 13
[23-Apr-2025 19:44:16 Europe/Berlin] All tables initialized successfully
[23-Apr-2025 19:44:16 Europe/Berlin] Connected to database. Tables found: favorites, feedback, matches, matches_backup, matches_new, news, newsletter, notifications, players, subscriptions, users
[23-Apr-2025 19:44:16 Europe/Berlin] Executing SQL: CREATE TABLE IF NOT EXISTS users (
                id INT AUTO_INCREMENT PRIMARY KEY,
                username VARCHAR(50) NOT NULL UNIQUE,
                password VARCHAR(255) NOT NULL,
                email VARCHAR(100) NOT NULL UNIQUE,
                account_type ENUM('user', 'admin') DEFAULT 'user',
                created_at TIMESTAMP DEFAULT CURRENT_TIMESTAMP
            )
[23-Apr-2025 19:44:16 Europe/Berlin] With params: []
[23-Apr-2025 19:44:16 Europe/Berlin] Query executed successfully. Found 0 rows
[23-Apr-2025 19:44:16 Europe/Berlin] Users table created or already exists
[23-Apr-2025 19:44:16 Europe/Berlin] Users table structure: [{"Field":"id","Type":"int(11)","Null":"NO","Key":"PRI","Default":null,"Extra":"auto_increment"},{"Field":"username","Type":"varchar(50)","Null":"NO","Key":"","Default":null,"Extra":""},{"Field":"email","Type":"varchar(100)","Null":"NO","Key":"UNI","Default":null,"Extra":""},{"Field":"password","Type":"varchar(255)","Null":"NO","Key":"","Default":null,"Extra":""},{"Field":"role","Type":"enum('user','admin')","Null":"YES","Key":"","Default":"user","Extra":""},{"Field":"verification_code","Type":"varchar(100)","Null":"YES","Key":"","Default":null,"Extra":""},{"Field":"is_verified","Type":"tinyint(1)","Null":"YES","Key":"","Default":"0","Extra":""},{"Field":"created_at","Type":"timestamp","Null":"NO","Key":"","Default":"current_timestamp()","Extra":""},{"Field":"favorite_sport","Type":"varchar(50)","Null":"YES","Key":"","Default":null,"Extra":""},{"Field":"favorite_team","Type":"varchar(50)","Null":"YES","Key":"","Default":null,"Extra":""},{"Field":"account_type","Type":"enum('user','admin')","Null":"YES","Key":"","Default":"user","Extra":""}]
[23-Apr-2025 19:44:16 Europe/Berlin] Number of users in database: 13
[23-Apr-2025 19:44:16 Europe/Berlin] All tables initialized successfully
[23-Apr-2025 19:44:16 Europe/Berlin] Database tables initialized successfully
[23-Apr-2025 19:44:16 Europe/Berlin] Header - Session status: 2
[23-Apr-2025 19:44:16 Europe/Berlin] Header - Session data: []
[23-Apr-2025 19:44:16 Europe/Berlin] Header - After session start - Status: 2
[23-Apr-2025 19:44:16 Europe/Berlin] Header - After session start - Data: []
[23-Apr-2025 19:44:16 Europe/Berlin] Header - Is logged in: No
[23-Apr-2025 19:44:16 Europe/Berlin] Executing SQL: SELECT * FROM news ORDER BY created_at DESC LIMIT 5
[23-Apr-2025 19:44:16 Europe/Berlin] With params: []
[23-Apr-2025 19:44:16 Europe/Berlin] Query executed successfully. Found 5 rows
[23-Apr-2025 19:44:16 Europe/Berlin] Executing SQL: SELECT * FROM matches WHERE status = 'live'
[23-Apr-2025 19:44:16 Europe/Berlin] With params: []
[23-Apr-2025 19:44:16 Europe/Berlin] Query executed successfully. Found 1 rows
[23-Apr-2025 19:44:17 Europe/Berlin] Connected to database. Tables found: favorites, feedback, matches, matches_backup, matches_new, news, newsletter, notifications, players, subscriptions, users
[23-Apr-2025 19:44:17 Europe/Berlin] Executing SQL: CREATE TABLE IF NOT EXISTS users (
                id INT AUTO_INCREMENT PRIMARY KEY,
                username VARCHAR(50) NOT NULL UNIQUE,
                password VARCHAR(255) NOT NULL,
                email VARCHAR(100) NOT NULL UNIQUE,
                account_type ENUM('user', 'admin') DEFAULT 'user',
                created_at TIMESTAMP DEFAULT CURRENT_TIMESTAMP
            )
[23-Apr-2025 19:44:17 Europe/Berlin] With params: []
[23-Apr-2025 19:44:17 Europe/Berlin] Query executed successfully. Found 0 rows
[23-Apr-2025 19:44:17 Europe/Berlin] Users table created or already exists
[23-Apr-2025 19:44:17 Europe/Berlin] Users table structure: [{"Field":"id","Type":"int(11)","Null":"NO","Key":"PRI","Default":null,"Extra":"auto_increment"},{"Field":"username","Type":"varchar(50)","Null":"NO","Key":"","Default":null,"Extra":""},{"Field":"email","Type":"varchar(100)","Null":"NO","Key":"UNI","Default":null,"Extra":""},{"Field":"password","Type":"varchar(255)","Null":"NO","Key":"","Default":null,"Extra":""},{"Field":"role","Type":"enum('user','admin')","Null":"YES","Key":"","Default":"user","Extra":""},{"Field":"verification_code","Type":"varchar(100)","Null":"YES","Key":"","Default":null,"Extra":""},{"Field":"is_verified","Type":"tinyint(1)","Null":"YES","Key":"","Default":"0","Extra":""},{"Field":"created_at","Type":"timestamp","Null":"NO","Key":"","Default":"current_timestamp()","Extra":""},{"Field":"favorite_sport","Type":"varchar(50)","Null":"YES","Key":"","Default":null,"Extra":""},{"Field":"favorite_team","Type":"varchar(50)","Null":"YES","Key":"","Default":null,"Extra":""},{"Field":"account_type","Type":"enum('user','admin')","Null":"YES","Key":"","Default":"user","Extra":""}]
[23-Apr-2025 19:44:17 Europe/Berlin] Number of users in database: 13
[23-Apr-2025 19:44:17 Europe/Berlin] All tables initialized successfully
[23-Apr-2025 19:44:17 Europe/Berlin] Connected to database. Tables found: favorites, feedback, matches, matches_backup, matches_new, news, newsletter, notifications, players, subscriptions, users
[23-Apr-2025 19:44:17 Europe/Berlin] Executing SQL: CREATE TABLE IF NOT EXISTS users (
                id INT AUTO_INCREMENT PRIMARY KEY,
                username VARCHAR(50) NOT NULL UNIQUE,
                password VARCHAR(255) NOT NULL,
                email VARCHAR(100) NOT NULL UNIQUE,
                account_type ENUM('user', 'admin') DEFAULT 'user',
                created_at TIMESTAMP DEFAULT CURRENT_TIMESTAMP
            )
[23-Apr-2025 19:44:17 Europe/Berlin] With params: []
[23-Apr-2025 19:44:17 Europe/Berlin] Query executed successfully. Found 0 rows
[23-Apr-2025 19:44:17 Europe/Berlin] Users table created or already exists
[23-Apr-2025 19:44:17 Europe/Berlin] Users table structure: [{"Field":"id","Type":"int(11)","Null":"NO","Key":"PRI","Default":null,"Extra":"auto_increment"},{"Field":"username","Type":"varchar(50)","Null":"NO","Key":"","Default":null,"Extra":""},{"Field":"email","Type":"varchar(100)","Null":"NO","Key":"UNI","Default":null,"Extra":""},{"Field":"password","Type":"varchar(255)","Null":"NO","Key":"","Default":null,"Extra":""},{"Field":"role","Type":"enum('user','admin')","Null":"YES","Key":"","Default":"user","Extra":""},{"Field":"verification_code","Type":"varchar(100)","Null":"YES","Key":"","Default":null,"Extra":""},{"Field":"is_verified","Type":"tinyint(1)","Null":"YES","Key":"","Default":"0","Extra":""},{"Field":"created_at","Type":"timestamp","Null":"NO","Key":"","Default":"current_timestamp()","Extra":""},{"Field":"favorite_sport","Type":"varchar(50)","Null":"YES","Key":"","Default":null,"Extra":""},{"Field":"favorite_team","Type":"varchar(50)","Null":"YES","Key":"","Default":null,"Extra":""},{"Field":"account_type","Type":"enum('user','admin')","Null":"YES","Key":"","Default":"user","Extra":""}]
[23-Apr-2025 19:44:17 Europe/Berlin] Number of users in database: 13
[23-Apr-2025 19:44:17 Europe/Berlin] All tables initialized successfully
[23-Apr-2025 19:44:17 Europe/Berlin] Database tables initialized successfully
[23-Apr-2025 19:44:17 Europe/Berlin] Login page - Session status: 2
[23-Apr-2025 19:44:17 Europe/Berlin] Login page - Session data: []
[23-Apr-2025 19:44:17 Europe/Berlin] Header - Session status: 2
[23-Apr-2025 19:44:17 Europe/Berlin] Header - Session data: []
[23-Apr-2025 19:44:17 Europe/Berlin] Header - After session start - Status: 2
[23-Apr-2025 19:44:17 Europe/Berlin] Header - After session start - Data: []
[23-Apr-2025 19:44:17 Europe/Berlin] Header - Is logged in: No
[23-Apr-2025 19:44:17 Europe/Berlin] Login page - Final session status: 2
[23-Apr-2025 19:44:17 Europe/Berlin] Login page - Final session data: []
[23-Apr-2025 19:44:18 Europe/Berlin] Connected to database. Tables found: favorites, feedback, matches, matches_backup, matches_new, news, newsletter, notifications, players, subscriptions, users
[23-Apr-2025 19:44:18 Europe/Berlin] Executing SQL: CREATE TABLE IF NOT EXISTS users (
                id INT AUTO_INCREMENT PRIMARY KEY,
                username VARCHAR(50) NOT NULL UNIQUE,
                password VARCHAR(255) NOT NULL,
                email VARCHAR(100) NOT NULL UNIQUE,
                account_type ENUM('user', 'admin') DEFAULT 'user',
                created_at TIMESTAMP DEFAULT CURRENT_TIMESTAMP
            )
[23-Apr-2025 19:44:18 Europe/Berlin] With params: []
[23-Apr-2025 19:44:18 Europe/Berlin] Query executed successfully. Found 0 rows
[23-Apr-2025 19:44:18 Europe/Berlin] Users table created or already exists
[23-Apr-2025 19:44:18 Europe/Berlin] Users table structure: [{"Field":"id","Type":"int(11)","Null":"NO","Key":"PRI","Default":null,"Extra":"auto_increment"},{"Field":"username","Type":"varchar(50)","Null":"NO","Key":"","Default":null,"Extra":""},{"Field":"email","Type":"varchar(100)","Null":"NO","Key":"UNI","Default":null,"Extra":""},{"Field":"password","Type":"varchar(255)","Null":"NO","Key":"","Default":null,"Extra":""},{"Field":"role","Type":"enum('user','admin')","Null":"YES","Key":"","Default":"user","Extra":""},{"Field":"verification_code","Type":"varchar(100)","Null":"YES","Key":"","Default":null,"Extra":""},{"Field":"is_verified","Type":"tinyint(1)","Null":"YES","Key":"","Default":"0","Extra":""},{"Field":"created_at","Type":"timestamp","Null":"NO","Key":"","Default":"current_timestamp()","Extra":""},{"Field":"favorite_sport","Type":"varchar(50)","Null":"YES","Key":"","Default":null,"Extra":""},{"Field":"favorite_team","Type":"varchar(50)","Null":"YES","Key":"","Default":null,"Extra":""},{"Field":"account_type","Type":"enum('user','admin')","Null":"YES","Key":"","Default":"user","Extra":""}]
[23-Apr-2025 19:44:18 Europe/Berlin] Number of users in database: 13
[23-Apr-2025 19:44:18 Europe/Berlin] All tables initialized successfully
[23-Apr-2025 19:44:18 Europe/Berlin] Connected to database. Tables found: favorites, feedback, matches, matches_backup, matches_new, news, newsletter, notifications, players, subscriptions, users
[23-Apr-2025 19:44:18 Europe/Berlin] Executing SQL: CREATE TABLE IF NOT EXISTS users (
                id INT AUTO_INCREMENT PRIMARY KEY,
                username VARCHAR(50) NOT NULL UNIQUE,
                password VARCHAR(255) NOT NULL,
                email VARCHAR(100) NOT NULL UNIQUE,
                account_type ENUM('user', 'admin') DEFAULT 'user',
                created_at TIMESTAMP DEFAULT CURRENT_TIMESTAMP
            )
[23-Apr-2025 19:44:18 Europe/Berlin] With params: []
[23-Apr-2025 19:44:18 Europe/Berlin] Query executed successfully. Found 0 rows
[23-Apr-2025 19:44:18 Europe/Berlin] Users table created or already exists
[23-Apr-2025 19:44:18 Europe/Berlin] Users table structure: [{"Field":"id","Type":"int(11)","Null":"NO","Key":"PRI","Default":null,"Extra":"auto_increment"},{"Field":"username","Type":"varchar(50)","Null":"NO","Key":"","Default":null,"Extra":""},{"Field":"email","Type":"varchar(100)","Null":"NO","Key":"UNI","Default":null,"Extra":""},{"Field":"password","Type":"varchar(255)","Null":"NO","Key":"","Default":null,"Extra":""},{"Field":"role","Type":"enum('user','admin')","Null":"YES","Key":"","Default":"user","Extra":""},{"Field":"verification_code","Type":"varchar(100)","Null":"YES","Key":"","Default":null,"Extra":""},{"Field":"is_verified","Type":"tinyint(1)","Null":"YES","Key":"","Default":"0","Extra":""},{"Field":"created_at","Type":"timestamp","Null":"NO","Key":"","Default":"current_timestamp()","Extra":""},{"Field":"favorite_sport","Type":"varchar(50)","Null":"YES","Key":"","Default":null,"Extra":""},{"Field":"favorite_team","Type":"varchar(50)","Null":"YES","Key":"","Default":null,"Extra":""},{"Field":"account_type","Type":"enum('user','admin')","Null":"YES","Key":"","Default":"user","Extra":""}]
[23-Apr-2025 19:44:18 Europe/Berlin] Number of users in database: 13
[23-Apr-2025 19:44:18 Europe/Berlin] All tables initialized successfully
[23-Apr-2025 19:44:18 Europe/Berlin] Database tables initialized successfully
[23-Apr-2025 19:44:18 Europe/Berlin] Header - Session status: 2
[23-Apr-2025 19:44:18 Europe/Berlin] Header - Session data: []
[23-Apr-2025 19:44:18 Europe/Berlin] Header - After session start - Status: 2
[23-Apr-2025 19:44:18 Europe/Berlin] Header - After session start - Data: []
[23-Apr-2025 19:44:18 Europe/Berlin] Header - Is logged in: No
[23-Apr-2025 19:44:21 Europe/Berlin] Connected to database. Tables found: favorites, feedback, matches, matches_backup, matches_new, news, newsletter, notifications, players, subscriptions, users
[23-Apr-2025 19:44:21 Europe/Berlin] Executing SQL: CREATE TABLE IF NOT EXISTS users (
                id INT AUTO_INCREMENT PRIMARY KEY,
                username VARCHAR(50) NOT NULL UNIQUE,
                password VARCHAR(255) NOT NULL,
                email VARCHAR(100) NOT NULL UNIQUE,
                account_type ENUM('user', 'admin') DEFAULT 'user',
                created_at TIMESTAMP DEFAULT CURRENT_TIMESTAMP
            )
[23-Apr-2025 19:44:21 Europe/Berlin] With params: []
[23-Apr-2025 19:44:21 Europe/Berlin] Query executed successfully. Found 0 rows
[23-Apr-2025 19:44:21 Europe/Berlin] Users table created or already exists
[23-Apr-2025 19:44:21 Europe/Berlin] Users table structure: [{"Field":"id","Type":"int(11)","Null":"NO","Key":"PRI","Default":null,"Extra":"auto_increment"},{"Field":"username","Type":"varchar(50)","Null":"NO","Key":"","Default":null,"Extra":""},{"Field":"email","Type":"varchar(100)","Null":"NO","Key":"UNI","Default":null,"Extra":""},{"Field":"password","Type":"varchar(255)","Null":"NO","Key":"","Default":null,"Extra":""},{"Field":"role","Type":"enum('user','admin')","Null":"YES","Key":"","Default":"user","Extra":""},{"Field":"verification_code","Type":"varchar(100)","Null":"YES","Key":"","Default":null,"Extra":""},{"Field":"is_verified","Type":"tinyint(1)","Null":"YES","Key":"","Default":"0","Extra":""},{"Field":"created_at","Type":"timestamp","Null":"NO","Key":"","Default":"current_timestamp()","Extra":""},{"Field":"favorite_sport","Type":"varchar(50)","Null":"YES","Key":"","Default":null,"Extra":""},{"Field":"favorite_team","Type":"varchar(50)","Null":"YES","Key":"","Default":null,"Extra":""},{"Field":"account_type","Type":"enum('user','admin')","Null":"YES","Key":"","Default":"user","Extra":""}]
[23-Apr-2025 19:44:21 Europe/Berlin] Number of users in database: 13
[23-Apr-2025 19:44:21 Europe/Berlin] All tables initialized successfully
[23-Apr-2025 19:44:21 Europe/Berlin] Connected to database. Tables found: favorites, feedback, matches, matches_backup, matches_new, news, newsletter, notifications, players, subscriptions, users
[23-Apr-2025 19:44:21 Europe/Berlin] Executing SQL: CREATE TABLE IF NOT EXISTS users (
                id INT AUTO_INCREMENT PRIMARY KEY,
                username VARCHAR(50) NOT NULL UNIQUE,
                password VARCHAR(255) NOT NULL,
                email VARCHAR(100) NOT NULL UNIQUE,
                account_type ENUM('user', 'admin') DEFAULT 'user',
                created_at TIMESTAMP DEFAULT CURRENT_TIMESTAMP
            )
[23-Apr-2025 19:44:21 Europe/Berlin] With params: []
[23-Apr-2025 19:44:21 Europe/Berlin] Query executed successfully. Found 0 rows
[23-Apr-2025 19:44:21 Europe/Berlin] Users table created or already exists
[23-Apr-2025 19:44:21 Europe/Berlin] Users table structure: [{"Field":"id","Type":"int(11)","Null":"NO","Key":"PRI","Default":null,"Extra":"auto_increment"},{"Field":"username","Type":"varchar(50)","Null":"NO","Key":"","Default":null,"Extra":""},{"Field":"email","Type":"varchar(100)","Null":"NO","Key":"UNI","Default":null,"Extra":""},{"Field":"password","Type":"varchar(255)","Null":"NO","Key":"","Default":null,"Extra":""},{"Field":"role","Type":"enum('user','admin')","Null":"YES","Key":"","Default":"user","Extra":""},{"Field":"verification_code","Type":"varchar(100)","Null":"YES","Key":"","Default":null,"Extra":""},{"Field":"is_verified","Type":"tinyint(1)","Null":"YES","Key":"","Default":"0","Extra":""},{"Field":"created_at","Type":"timestamp","Null":"NO","Key":"","Default":"current_timestamp()","Extra":""},{"Field":"favorite_sport","Type":"varchar(50)","Null":"YES","Key":"","Default":null,"Extra":""},{"Field":"favorite_team","Type":"varchar(50)","Null":"YES","Key":"","Default":null,"Extra":""},{"Field":"account_type","Type":"enum('user','admin')","Null":"YES","Key":"","Default":"user","Extra":""}]
[23-Apr-2025 19:44:21 Europe/Berlin] Number of users in database: 13
[23-Apr-2025 19:44:21 Europe/Berlin] All tables initialized successfully
[23-Apr-2025 19:44:21 Europe/Berlin] Database tables initialized successfully
[23-Apr-2025 19:44:21 Europe/Berlin] Login page - Session status: 2
[23-Apr-2025 19:44:21 Europe/Berlin] Login page - Session data: []
[23-Apr-2025 19:44:21 Europe/Berlin] Header - Session status: 2
[23-Apr-2025 19:44:21 Europe/Berlin] Header - Session data: []
[23-Apr-2025 19:44:21 Europe/Berlin] Header - After session start - Status: 2
[23-Apr-2025 19:44:21 Europe/Berlin] Header - After session start - Data: []
[23-Apr-2025 19:44:21 Europe/Berlin] Header - Is logged in: No
[23-Apr-2025 19:44:21 Europe/Berlin] Login page - Final session status: 2
[23-Apr-2025 19:44:21 Europe/Berlin] Login page - Final session data: []
[23-Apr-2025 19:44:21 Europe/Berlin] Connected to database. Tables found: favorites, feedback, matches, matches_backup, matches_new, news, newsletter, notifications, players, subscriptions, users
[23-Apr-2025 19:44:21 Europe/Berlin] Executing SQL: CREATE TABLE IF NOT EXISTS users (
                id INT AUTO_INCREMENT PRIMARY KEY,
                username VARCHAR(50) NOT NULL UNIQUE,
                password VARCHAR(255) NOT NULL,
                email VARCHAR(100) NOT NULL UNIQUE,
                account_type ENUM('user', 'admin') DEFAULT 'user',
                created_at TIMESTAMP DEFAULT CURRENT_TIMESTAMP
            )
[23-Apr-2025 19:44:21 Europe/Berlin] With params: []
[23-Apr-2025 19:44:21 Europe/Berlin] Query executed successfully. Found 0 rows
[23-Apr-2025 19:44:21 Europe/Berlin] Users table created or already exists
[23-Apr-2025 19:44:21 Europe/Berlin] Users table structure: [{"Field":"id","Type":"int(11)","Null":"NO","Key":"PRI","Default":null,"Extra":"auto_increment"},{"Field":"username","Type":"varchar(50)","Null":"NO","Key":"","Default":null,"Extra":""},{"Field":"email","Type":"varchar(100)","Null":"NO","Key":"UNI","Default":null,"Extra":""},{"Field":"password","Type":"varchar(255)","Null":"NO","Key":"","Default":null,"Extra":""},{"Field":"role","Type":"enum('user','admin')","Null":"YES","Key":"","Default":"user","Extra":""},{"Field":"verification_code","Type":"varchar(100)","Null":"YES","Key":"","Default":null,"Extra":""},{"Field":"is_verified","Type":"tinyint(1)","Null":"YES","Key":"","Default":"0","Extra":""},{"Field":"created_at","Type":"timestamp","Null":"NO","Key":"","Default":"current_timestamp()","Extra":""},{"Field":"favorite_sport","Type":"varchar(50)","Null":"YES","Key":"","Default":null,"Extra":""},{"Field":"favorite_team","Type":"varchar(50)","Null":"YES","Key":"","Default":null,"Extra":""},{"Field":"account_type","Type":"enum('user','admin')","Null":"YES","Key":"","Default":"user","Extra":""}]
[23-Apr-2025 19:44:21 Europe/Berlin] Number of users in database: 13
[23-Apr-2025 19:44:21 Europe/Berlin] All tables initialized successfully
[23-Apr-2025 19:44:21 Europe/Berlin] Connected to database. Tables found: favorites, feedback, matches, matches_backup, matches_new, news, newsletter, notifications, players, subscriptions, users
[23-Apr-2025 19:44:21 Europe/Berlin] Executing SQL: CREATE TABLE IF NOT EXISTS users (
                id INT AUTO_INCREMENT PRIMARY KEY,
                username VARCHAR(50) NOT NULL UNIQUE,
                password VARCHAR(255) NOT NULL,
                email VARCHAR(100) NOT NULL UNIQUE,
                account_type ENUM('user', 'admin') DEFAULT 'user',
                created_at TIMESTAMP DEFAULT CURRENT_TIMESTAMP
            )
[23-Apr-2025 19:44:21 Europe/Berlin] With params: []
[23-Apr-2025 19:44:21 Europe/Berlin] Query executed successfully. Found 0 rows
[23-Apr-2025 19:44:21 Europe/Berlin] Users table created or already exists
[23-Apr-2025 19:44:21 Europe/Berlin] Users table structure: [{"Field":"id","Type":"int(11)","Null":"NO","Key":"PRI","Default":null,"Extra":"auto_increment"},{"Field":"username","Type":"varchar(50)","Null":"NO","Key":"","Default":null,"Extra":""},{"Field":"email","Type":"varchar(100)","Null":"NO","Key":"UNI","Default":null,"Extra":""},{"Field":"password","Type":"varchar(255)","Null":"NO","Key":"","Default":null,"Extra":""},{"Field":"role","Type":"enum('user','admin')","Null":"YES","Key":"","Default":"user","Extra":""},{"Field":"verification_code","Type":"varchar(100)","Null":"YES","Key":"","Default":null,"Extra":""},{"Field":"is_verified","Type":"tinyint(1)","Null":"YES","Key":"","Default":"0","Extra":""},{"Field":"created_at","Type":"timestamp","Null":"NO","Key":"","Default":"current_timestamp()","Extra":""},{"Field":"favorite_sport","Type":"varchar(50)","Null":"YES","Key":"","Default":null,"Extra":""},{"Field":"favorite_team","Type":"varchar(50)","Null":"YES","Key":"","Default":null,"Extra":""},{"Field":"account_type","Type":"enum('user','admin')","Null":"YES","Key":"","Default":"user","Extra":""}]
[23-Apr-2025 19:44:21 Europe/Berlin] Number of users in database: 13
[23-Apr-2025 19:44:21 Europe/Berlin] All tables initialized successfully
[23-Apr-2025 19:44:21 Europe/Berlin] Database tables initialized successfully
[23-Apr-2025 19:44:21 Europe/Berlin] Header - Session status: 2
[23-Apr-2025 19:44:21 Europe/Berlin] Header - Session data: []
[23-Apr-2025 19:44:21 Europe/Berlin] Header - After session start - Status: 2
[23-Apr-2025 19:44:21 Europe/Berlin] Header - After session start - Data: []
[23-Apr-2025 19:44:21 Europe/Berlin] Header - Is logged in: No
[23-Apr-2025 19:44:22 Europe/Berlin] Connected to database. Tables found: favorites, feedback, matches, matches_backup, matches_new, news, newsletter, notifications, players, subscriptions, users
[23-Apr-2025 19:44:22 Europe/Berlin] Executing SQL: CREATE TABLE IF NOT EXISTS users (
                id INT AUTO_INCREMENT PRIMARY KEY,
                username VARCHAR(50) NOT NULL UNIQUE,
                password VARCHAR(255) NOT NULL,
                email VARCHAR(100) NOT NULL UNIQUE,
                account_type ENUM('user', 'admin') DEFAULT 'user',
                created_at TIMESTAMP DEFAULT CURRENT_TIMESTAMP
            )
[23-Apr-2025 19:44:22 Europe/Berlin] With params: []
[23-Apr-2025 19:44:22 Europe/Berlin] Query executed successfully. Found 0 rows
[23-Apr-2025 19:44:22 Europe/Berlin] Users table created or already exists
[23-Apr-2025 19:44:22 Europe/Berlin] Users table structure: [{"Field":"id","Type":"int(11)","Null":"NO","Key":"PRI","Default":null,"Extra":"auto_increment"},{"Field":"username","Type":"varchar(50)","Null":"NO","Key":"","Default":null,"Extra":""},{"Field":"email","Type":"varchar(100)","Null":"NO","Key":"UNI","Default":null,"Extra":""},{"Field":"password","Type":"varchar(255)","Null":"NO","Key":"","Default":null,"Extra":""},{"Field":"role","Type":"enum('user','admin')","Null":"YES","Key":"","Default":"user","Extra":""},{"Field":"verification_code","Type":"varchar(100)","Null":"YES","Key":"","Default":null,"Extra":""},{"Field":"is_verified","Type":"tinyint(1)","Null":"YES","Key":"","Default":"0","Extra":""},{"Field":"created_at","Type":"timestamp","Null":"NO","Key":"","Default":"current_timestamp()","Extra":""},{"Field":"favorite_sport","Type":"varchar(50)","Null":"YES","Key":"","Default":null,"Extra":""},{"Field":"favorite_team","Type":"varchar(50)","Null":"YES","Key":"","Default":null,"Extra":""},{"Field":"account_type","Type":"enum('user','admin')","Null":"YES","Key":"","Default":"user","Extra":""}]
[23-Apr-2025 19:44:22 Europe/Berlin] Number of users in database: 13
[23-Apr-2025 19:44:22 Europe/Berlin] All tables initialized successfully
[23-Apr-2025 19:44:22 Europe/Berlin] Connected to database. Tables found: favorites, feedback, matches, matches_backup, matches_new, news, newsletter, notifications, players, subscriptions, users
[23-Apr-2025 19:44:22 Europe/Berlin] Executing SQL: CREATE TABLE IF NOT EXISTS users (
                id INT AUTO_INCREMENT PRIMARY KEY,
                username VARCHAR(50) NOT NULL UNIQUE,
                password VARCHAR(255) NOT NULL,
                email VARCHAR(100) NOT NULL UNIQUE,
                account_type ENUM('user', 'admin') DEFAULT 'user',
                created_at TIMESTAMP DEFAULT CURRENT_TIMESTAMP
            )
[23-Apr-2025 19:44:22 Europe/Berlin] With params: []
[23-Apr-2025 19:44:22 Europe/Berlin] Query executed successfully. Found 0 rows
[23-Apr-2025 19:44:22 Europe/Berlin] Users table created or already exists
[23-Apr-2025 19:44:22 Europe/Berlin] Users table structure: [{"Field":"id","Type":"int(11)","Null":"NO","Key":"PRI","Default":null,"Extra":"auto_increment"},{"Field":"username","Type":"varchar(50)","Null":"NO","Key":"","Default":null,"Extra":""},{"Field":"email","Type":"varchar(100)","Null":"NO","Key":"UNI","Default":null,"Extra":""},{"Field":"password","Type":"varchar(255)","Null":"NO","Key":"","Default":null,"Extra":""},{"Field":"role","Type":"enum('user','admin')","Null":"YES","Key":"","Default":"user","Extra":""},{"Field":"verification_code","Type":"varchar(100)","Null":"YES","Key":"","Default":null,"Extra":""},{"Field":"is_verified","Type":"tinyint(1)","Null":"YES","Key":"","Default":"0","Extra":""},{"Field":"created_at","Type":"timestamp","Null":"NO","Key":"","Default":"current_timestamp()","Extra":""},{"Field":"favorite_sport","Type":"varchar(50)","Null":"YES","Key":"","Default":null,"Extra":""},{"Field":"favorite_team","Type":"varchar(50)","Null":"YES","Key":"","Default":null,"Extra":""},{"Field":"account_type","Type":"enum('user','admin')","Null":"YES","Key":"","Default":"user","Extra":""}]
[23-Apr-2025 19:44:22 Europe/Berlin] Number of users in database: 13
[23-Apr-2025 19:44:22 Europe/Berlin] All tables initialized successfully
[23-Apr-2025 19:44:22 Europe/Berlin] Database tables initialized successfully
[23-Apr-2025 19:44:22 Europe/Berlin] Header - Session status: 2
[23-Apr-2025 19:44:22 Europe/Berlin] Header - Session data: []
[23-Apr-2025 19:44:22 Europe/Berlin] Header - After session start - Status: 2
[23-Apr-2025 19:44:22 Europe/Berlin] Header - After session start - Data: []
[23-Apr-2025 19:44:22 Europe/Berlin] Header - Is logged in: No
[23-Apr-2025 19:44:22 Europe/Berlin] Connected to database. Tables found: favorites, feedback, matches, matches_backup, matches_new, news, newsletter, notifications, players, subscriptions, users
[23-Apr-2025 19:44:22 Europe/Berlin] Executing SQL: CREATE TABLE IF NOT EXISTS users (
                id INT AUTO_INCREMENT PRIMARY KEY,
                username VARCHAR(50) NOT NULL UNIQUE,
                password VARCHAR(255) NOT NULL,
                email VARCHAR(100) NOT NULL UNIQUE,
                account_type ENUM('user', 'admin') DEFAULT 'user',
                created_at TIMESTAMP DEFAULT CURRENT_TIMESTAMP
            )
[23-Apr-2025 19:44:22 Europe/Berlin] With params: []
[23-Apr-2025 19:44:22 Europe/Berlin] Query executed successfully. Found 0 rows
[23-Apr-2025 19:44:22 Europe/Berlin] Users table created or already exists
[23-Apr-2025 19:44:22 Europe/Berlin] Users table structure: [{"Field":"id","Type":"int(11)","Null":"NO","Key":"PRI","Default":null,"Extra":"auto_increment"},{"Field":"username","Type":"varchar(50)","Null":"NO","Key":"","Default":null,"Extra":""},{"Field":"email","Type":"varchar(100)","Null":"NO","Key":"UNI","Default":null,"Extra":""},{"Field":"password","Type":"varchar(255)","Null":"NO","Key":"","Default":null,"Extra":""},{"Field":"role","Type":"enum('user','admin')","Null":"YES","Key":"","Default":"user","Extra":""},{"Field":"verification_code","Type":"varchar(100)","Null":"YES","Key":"","Default":null,"Extra":""},{"Field":"is_verified","Type":"tinyint(1)","Null":"YES","Key":"","Default":"0","Extra":""},{"Field":"created_at","Type":"timestamp","Null":"NO","Key":"","Default":"current_timestamp()","Extra":""},{"Field":"favorite_sport","Type":"varchar(50)","Null":"YES","Key":"","Default":null,"Extra":""},{"Field":"favorite_team","Type":"varchar(50)","Null":"YES","Key":"","Default":null,"Extra":""},{"Field":"account_type","Type":"enum('user','admin')","Null":"YES","Key":"","Default":"user","Extra":""}]
[23-Apr-2025 19:44:22 Europe/Berlin] Number of users in database: 13
[23-Apr-2025 19:44:22 Europe/Berlin] All tables initialized successfully
[23-Apr-2025 19:44:22 Europe/Berlin] Connected to database. Tables found: favorites, feedback, matches, matches_backup, matches_new, news, newsletter, notifications, players, subscriptions, users
[23-Apr-2025 19:44:22 Europe/Berlin] Executing SQL: CREATE TABLE IF NOT EXISTS users (
                id INT AUTO_INCREMENT PRIMARY KEY,
                username VARCHAR(50) NOT NULL UNIQUE,
                password VARCHAR(255) NOT NULL,
                email VARCHAR(100) NOT NULL UNIQUE,
                account_type ENUM('user', 'admin') DEFAULT 'user',
                created_at TIMESTAMP DEFAULT CURRENT_TIMESTAMP
            )
[23-Apr-2025 19:44:22 Europe/Berlin] With params: []
[23-Apr-2025 19:44:22 Europe/Berlin] Query executed successfully. Found 0 rows
[23-Apr-2025 19:44:22 Europe/Berlin] Users table created or already exists
[23-Apr-2025 19:44:22 Europe/Berlin] Users table structure: [{"Field":"id","Type":"int(11)","Null":"NO","Key":"PRI","Default":null,"Extra":"auto_increment"},{"Field":"username","Type":"varchar(50)","Null":"NO","Key":"","Default":null,"Extra":""},{"Field":"email","Type":"varchar(100)","Null":"NO","Key":"UNI","Default":null,"Extra":""},{"Field":"password","Type":"varchar(255)","Null":"NO","Key":"","Default":null,"Extra":""},{"Field":"role","Type":"enum('user','admin')","Null":"YES","Key":"","Default":"user","Extra":""},{"Field":"verification_code","Type":"varchar(100)","Null":"YES","Key":"","Default":null,"Extra":""},{"Field":"is_verified","Type":"tinyint(1)","Null":"YES","Key":"","Default":"0","Extra":""},{"Field":"created_at","Type":"timestamp","Null":"NO","Key":"","Default":"current_timestamp()","Extra":""},{"Field":"favorite_sport","Type":"varchar(50)","Null":"YES","Key":"","Default":null,"Extra":""},{"Field":"favorite_team","Type":"varchar(50)","Null":"YES","Key":"","Default":null,"Extra":""},{"Field":"account_type","Type":"enum('user','admin')","Null":"YES","Key":"","Default":"user","Extra":""}]
[23-Apr-2025 19:44:22 Europe/Berlin] Number of users in database: 13
[23-Apr-2025 19:44:22 Europe/Berlin] All tables initialized successfully
[23-Apr-2025 19:44:22 Europe/Berlin] Database tables initialized successfully
[23-Apr-2025 19:44:22 Europe/Berlin] Login page - Session status: 2
[23-Apr-2025 19:44:22 Europe/Berlin] Login page - Session data: []
[23-Apr-2025 19:44:22 Europe/Berlin] Header - Session status: 2
[23-Apr-2025 19:44:22 Europe/Berlin] Header - Session data: []
[23-Apr-2025 19:44:22 Europe/Berlin] Header - After session start - Status: 2
[23-Apr-2025 19:44:22 Europe/Berlin] Header - After session start - Data: []
[23-Apr-2025 19:44:22 Europe/Berlin] Header - Is logged in: No
[23-Apr-2025 19:44:22 Europe/Berlin] Login page - Final session status: 2
[23-Apr-2025 19:44:22 Europe/Berlin] Login page - Final session data: []
[23-Apr-2025 19:44:23 Europe/Berlin] Connected to database. Tables found: favorites, feedback, matches, matches_backup, matches_new, news, newsletter, notifications, players, subscriptions, users
[23-Apr-2025 19:44:23 Europe/Berlin] Executing SQL: CREATE TABLE IF NOT EXISTS users (
                id INT AUTO_INCREMENT PRIMARY KEY,
                username VARCHAR(50) NOT NULL UNIQUE,
                password VARCHAR(255) NOT NULL,
                email VARCHAR(100) NOT NULL UNIQUE,
                account_type ENUM('user', 'admin') DEFAULT 'user',
                created_at TIMESTAMP DEFAULT CURRENT_TIMESTAMP
            )
[23-Apr-2025 19:44:23 Europe/Berlin] With params: []
[23-Apr-2025 19:44:23 Europe/Berlin] Query executed successfully. Found 0 rows
[23-Apr-2025 19:44:23 Europe/Berlin] Users table created or already exists
[23-Apr-2025 19:44:23 Europe/Berlin] Users table structure: [{"Field":"id","Type":"int(11)","Null":"NO","Key":"PRI","Default":null,"Extra":"auto_increment"},{"Field":"username","Type":"varchar(50)","Null":"NO","Key":"","Default":null,"Extra":""},{"Field":"email","Type":"varchar(100)","Null":"NO","Key":"UNI","Default":null,"Extra":""},{"Field":"password","Type":"varchar(255)","Null":"NO","Key":"","Default":null,"Extra":""},{"Field":"role","Type":"enum('user','admin')","Null":"YES","Key":"","Default":"user","Extra":""},{"Field":"verification_code","Type":"varchar(100)","Null":"YES","Key":"","Default":null,"Extra":""},{"Field":"is_verified","Type":"tinyint(1)","Null":"YES","Key":"","Default":"0","Extra":""},{"Field":"created_at","Type":"timestamp","Null":"NO","Key":"","Default":"current_timestamp()","Extra":""},{"Field":"favorite_sport","Type":"varchar(50)","Null":"YES","Key":"","Default":null,"Extra":""},{"Field":"favorite_team","Type":"varchar(50)","Null":"YES","Key":"","Default":null,"Extra":""},{"Field":"account_type","Type":"enum('user','admin')","Null":"YES","Key":"","Default":"user","Extra":""}]
[23-Apr-2025 19:44:23 Europe/Berlin] Number of users in database: 13
[23-Apr-2025 19:44:23 Europe/Berlin] All tables initialized successfully
[23-Apr-2025 19:44:23 Europe/Berlin] Connected to database. Tables found: favorites, feedback, matches, matches_backup, matches_new, news, newsletter, notifications, players, subscriptions, users
[23-Apr-2025 19:44:23 Europe/Berlin] Executing SQL: CREATE TABLE IF NOT EXISTS users (
                id INT AUTO_INCREMENT PRIMARY KEY,
                username VARCHAR(50) NOT NULL UNIQUE,
                password VARCHAR(255) NOT NULL,
                email VARCHAR(100) NOT NULL UNIQUE,
                account_type ENUM('user', 'admin') DEFAULT 'user',
                created_at TIMESTAMP DEFAULT CURRENT_TIMESTAMP
            )
[23-Apr-2025 19:44:23 Europe/Berlin] With params: []
[23-Apr-2025 19:44:23 Europe/Berlin] Query executed successfully. Found 0 rows
[23-Apr-2025 19:44:23 Europe/Berlin] Users table created or already exists
[23-Apr-2025 19:44:23 Europe/Berlin] Users table structure: [{"Field":"id","Type":"int(11)","Null":"NO","Key":"PRI","Default":null,"Extra":"auto_increment"},{"Field":"username","Type":"varchar(50)","Null":"NO","Key":"","Default":null,"Extra":""},{"Field":"email","Type":"varchar(100)","Null":"NO","Key":"UNI","Default":null,"Extra":""},{"Field":"password","Type":"varchar(255)","Null":"NO","Key":"","Default":null,"Extra":""},{"Field":"role","Type":"enum('user','admin')","Null":"YES","Key":"","Default":"user","Extra":""},{"Field":"verification_code","Type":"varchar(100)","Null":"YES","Key":"","Default":null,"Extra":""},{"Field":"is_verified","Type":"tinyint(1)","Null":"YES","Key":"","Default":"0","Extra":""},{"Field":"created_at","Type":"timestamp","Null":"NO","Key":"","Default":"current_timestamp()","Extra":""},{"Field":"favorite_sport","Type":"varchar(50)","Null":"YES","Key":"","Default":null,"Extra":""},{"Field":"favorite_team","Type":"varchar(50)","Null":"YES","Key":"","Default":null,"Extra":""},{"Field":"account_type","Type":"enum('user','admin')","Null":"YES","Key":"","Default":"user","Extra":""}]
[23-Apr-2025 19:44:23 Europe/Berlin] Number of users in database: 13
[23-Apr-2025 19:44:23 Europe/Berlin] All tables initialized successfully
[23-Apr-2025 19:44:23 Europe/Berlin] Database tables initialized successfully
[23-Apr-2025 19:44:23 Europe/Berlin] Header - Session status: 2
[23-Apr-2025 19:44:23 Europe/Berlin] Header - Session data: []
[23-Apr-2025 19:44:23 Europe/Berlin] Header - After session start - Status: 2
[23-Apr-2025 19:44:23 Europe/Berlin] Header - After session start - Data: []
[23-Apr-2025 19:44:23 Europe/Berlin] Header - Is logged in: No
[23-Apr-2025 19:44:37 Europe/Berlin] Connected to database. Tables found: favorites, feedback, matches, matches_backup, matches_new, news, newsletter, notifications, players, subscriptions, users
[23-Apr-2025 19:44:37 Europe/Berlin] Executing SQL: CREATE TABLE IF NOT EXISTS users (
                id INT AUTO_INCREMENT PRIMARY KEY,
                username VARCHAR(50) NOT NULL UNIQUE,
                password VARCHAR(255) NOT NULL,
                email VARCHAR(100) NOT NULL UNIQUE,
                account_type ENUM('user', 'admin') DEFAULT 'user',
                created_at TIMESTAMP DEFAULT CURRENT_TIMESTAMP
            )
[23-Apr-2025 19:44:37 Europe/Berlin] With params: []
[23-Apr-2025 19:44:37 Europe/Berlin] Query executed successfully. Found 0 rows
[23-Apr-2025 19:44:37 Europe/Berlin] Users table created or already exists
[23-Apr-2025 19:44:37 Europe/Berlin] Users table structure: [{"Field":"id","Type":"int(11)","Null":"NO","Key":"PRI","Default":null,"Extra":"auto_increment"},{"Field":"username","Type":"varchar(50)","Null":"NO","Key":"","Default":null,"Extra":""},{"Field":"email","Type":"varchar(100)","Null":"NO","Key":"UNI","Default":null,"Extra":""},{"Field":"password","Type":"varchar(255)","Null":"NO","Key":"","Default":null,"Extra":""},{"Field":"role","Type":"enum('user','admin')","Null":"YES","Key":"","Default":"user","Extra":""},{"Field":"verification_code","Type":"varchar(100)","Null":"YES","Key":"","Default":null,"Extra":""},{"Field":"is_verified","Type":"tinyint(1)","Null":"YES","Key":"","Default":"0","Extra":""},{"Field":"created_at","Type":"timestamp","Null":"NO","Key":"","Default":"current_timestamp()","Extra":""},{"Field":"favorite_sport","Type":"varchar(50)","Null":"YES","Key":"","Default":null,"Extra":""},{"Field":"favorite_team","Type":"varchar(50)","Null":"YES","Key":"","Default":null,"Extra":""},{"Field":"account_type","Type":"enum('user','admin')","Null":"YES","Key":"","Default":"user","Extra":""}]
[23-Apr-2025 19:44:37 Europe/Berlin] Number of users in database: 13
[23-Apr-2025 19:44:37 Europe/Berlin] All tables initialized successfully
[23-Apr-2025 19:44:37 Europe/Berlin] Connected to database. Tables found: favorites, feedback, matches, matches_backup, matches_new, news, newsletter, notifications, players, subscriptions, users
[23-Apr-2025 19:44:37 Europe/Berlin] Executing SQL: CREATE TABLE IF NOT EXISTS users (
                id INT AUTO_INCREMENT PRIMARY KEY,
                username VARCHAR(50) NOT NULL UNIQUE,
                password VARCHAR(255) NOT NULL,
                email VARCHAR(100) NOT NULL UNIQUE,
                account_type ENUM('user', 'admin') DEFAULT 'user',
                created_at TIMESTAMP DEFAULT CURRENT_TIMESTAMP
            )
[23-Apr-2025 19:44:37 Europe/Berlin] With params: []
[23-Apr-2025 19:44:37 Europe/Berlin] Query executed successfully. Found 0 rows
[23-Apr-2025 19:44:37 Europe/Berlin] Users table created or already exists
[23-Apr-2025 19:44:37 Europe/Berlin] Users table structure: [{"Field":"id","Type":"int(11)","Null":"NO","Key":"PRI","Default":null,"Extra":"auto_increment"},{"Field":"username","Type":"varchar(50)","Null":"NO","Key":"","Default":null,"Extra":""},{"Field":"email","Type":"varchar(100)","Null":"NO","Key":"UNI","Default":null,"Extra":""},{"Field":"password","Type":"varchar(255)","Null":"NO","Key":"","Default":null,"Extra":""},{"Field":"role","Type":"enum('user','admin')","Null":"YES","Key":"","Default":"user","Extra":""},{"Field":"verification_code","Type":"varchar(100)","Null":"YES","Key":"","Default":null,"Extra":""},{"Field":"is_verified","Type":"tinyint(1)","Null":"YES","Key":"","Default":"0","Extra":""},{"Field":"created_at","Type":"timestamp","Null":"NO","Key":"","Default":"current_timestamp()","Extra":""},{"Field":"favorite_sport","Type":"varchar(50)","Null":"YES","Key":"","Default":null,"Extra":""},{"Field":"favorite_team","Type":"varchar(50)","Null":"YES","Key":"","Default":null,"Extra":""},{"Field":"account_type","Type":"enum('user','admin')","Null":"YES","Key":"","Default":"user","Extra":""}]
[23-Apr-2025 19:44:37 Europe/Berlin] Number of users in database: 13
[23-Apr-2025 19:44:37 Europe/Berlin] All tables initialized successfully
[23-Apr-2025 19:44:37 Europe/Berlin] Database tables initialized successfully
[23-Apr-2025 19:44:37 Europe/Berlin] Login page - Session status: 2
[23-Apr-2025 19:44:37 Europe/Berlin] Login page - Session data: []
[23-Apr-2025 19:44:37 Europe/Berlin] Header - Session status: 2
[23-Apr-2025 19:44:37 Europe/Berlin] Header - Session data: []
[23-Apr-2025 19:44:37 Europe/Berlin] Header - After session start - Status: 2
[23-Apr-2025 19:44:37 Europe/Berlin] Header - After session start - Data: []
[23-Apr-2025 19:44:37 Europe/Berlin] Header - Is logged in: No
[23-Apr-2025 19:44:37 Europe/Berlin] Login page - Final session status: 2
[23-Apr-2025 19:44:37 Europe/Berlin] Login page - Final session data: []
[23-Apr-2025 19:44:38 Europe/Berlin] Connected to database. Tables found: favorites, feedback, matches, matches_backup, matches_new, news, newsletter, notifications, players, subscriptions, users
[23-Apr-2025 19:44:38 Europe/Berlin] Executing SQL: CREATE TABLE IF NOT EXISTS users (
                id INT AUTO_INCREMENT PRIMARY KEY,
                username VARCHAR(50) NOT NULL UNIQUE,
                password VARCHAR(255) NOT NULL,
                email VARCHAR(100) NOT NULL UNIQUE,
                account_type ENUM('user', 'admin') DEFAULT 'user',
                created_at TIMESTAMP DEFAULT CURRENT_TIMESTAMP
            )
[23-Apr-2025 19:44:38 Europe/Berlin] With params: []
[23-Apr-2025 19:44:38 Europe/Berlin] Query executed successfully. Found 0 rows
[23-Apr-2025 19:44:38 Europe/Berlin] Users table created or already exists
[23-Apr-2025 19:44:38 Europe/Berlin] Users table structure: [{"Field":"id","Type":"int(11)","Null":"NO","Key":"PRI","Default":null,"Extra":"auto_increment"},{"Field":"username","Type":"varchar(50)","Null":"NO","Key":"","Default":null,"Extra":""},{"Field":"email","Type":"varchar(100)","Null":"NO","Key":"UNI","Default":null,"Extra":""},{"Field":"password","Type":"varchar(255)","Null":"NO","Key":"","Default":null,"Extra":""},{"Field":"role","Type":"enum('user','admin')","Null":"YES","Key":"","Default":"user","Extra":""},{"Field":"verification_code","Type":"varchar(100)","Null":"YES","Key":"","Default":null,"Extra":""},{"Field":"is_verified","Type":"tinyint(1)","Null":"YES","Key":"","Default":"0","Extra":""},{"Field":"created_at","Type":"timestamp","Null":"NO","Key":"","Default":"current_timestamp()","Extra":""},{"Field":"favorite_sport","Type":"varchar(50)","Null":"YES","Key":"","Default":null,"Extra":""},{"Field":"favorite_team","Type":"varchar(50)","Null":"YES","Key":"","Default":null,"Extra":""},{"Field":"account_type","Type":"enum('user','admin')","Null":"YES","Key":"","Default":"user","Extra":""}]
[23-Apr-2025 19:44:38 Europe/Berlin] Number of users in database: 13
[23-Apr-2025 19:44:38 Europe/Berlin] All tables initialized successfully
[23-Apr-2025 19:44:38 Europe/Berlin] Connected to database. Tables found: favorites, feedback, matches, matches_backup, matches_new, news, newsletter, notifications, players, subscriptions, users
[23-Apr-2025 19:44:38 Europe/Berlin] Executing SQL: CREATE TABLE IF NOT EXISTS users (
                id INT AUTO_INCREMENT PRIMARY KEY,
                username VARCHAR(50) NOT NULL UNIQUE,
                password VARCHAR(255) NOT NULL,
                email VARCHAR(100) NOT NULL UNIQUE,
                account_type ENUM('user', 'admin') DEFAULT 'user',
                created_at TIMESTAMP DEFAULT CURRENT_TIMESTAMP
            )
[23-Apr-2025 19:44:38 Europe/Berlin] With params: []
[23-Apr-2025 19:44:38 Europe/Berlin] Query executed successfully. Found 0 rows
[23-Apr-2025 19:44:38 Europe/Berlin] Users table created or already exists
[23-Apr-2025 19:44:38 Europe/Berlin] Users table structure: [{"Field":"id","Type":"int(11)","Null":"NO","Key":"PRI","Default":null,"Extra":"auto_increment"},{"Field":"username","Type":"varchar(50)","Null":"NO","Key":"","Default":null,"Extra":""},{"Field":"email","Type":"varchar(100)","Null":"NO","Key":"UNI","Default":null,"Extra":""},{"Field":"password","Type":"varchar(255)","Null":"NO","Key":"","Default":null,"Extra":""},{"Field":"role","Type":"enum('user','admin')","Null":"YES","Key":"","Default":"user","Extra":""},{"Field":"verification_code","Type":"varchar(100)","Null":"YES","Key":"","Default":null,"Extra":""},{"Field":"is_verified","Type":"tinyint(1)","Null":"YES","Key":"","Default":"0","Extra":""},{"Field":"created_at","Type":"timestamp","Null":"NO","Key":"","Default":"current_timestamp()","Extra":""},{"Field":"favorite_sport","Type":"varchar(50)","Null":"YES","Key":"","Default":null,"Extra":""},{"Field":"favorite_team","Type":"varchar(50)","Null":"YES","Key":"","Default":null,"Extra":""},{"Field":"account_type","Type":"enum('user','admin')","Null":"YES","Key":"","Default":"user","Extra":""}]
[23-Apr-2025 19:44:38 Europe/Berlin] Number of users in database: 13
[23-Apr-2025 19:44:38 Europe/Berlin] All tables initialized successfully
[23-Apr-2025 19:44:38 Europe/Berlin] Database tables initialized successfully
[23-Apr-2025 19:44:38 Europe/Berlin] Header - Session status: 2
[23-Apr-2025 19:44:38 Europe/Berlin] Header - Session data: []
[23-Apr-2025 19:44:38 Europe/Berlin] Header - After session start - Status: 2
[23-Apr-2025 19:44:38 Europe/Berlin] Header - After session start - Data: []
[23-Apr-2025 19:44:38 Europe/Berlin] Header - Is logged in: No
[23-Apr-2025 19:45:00 Europe/Berlin] Connected to database. Tables found: favorites, feedback, matches, matches_backup, matches_new, news, newsletter, notifications, players, subscriptions, users
[23-Apr-2025 19:45:00 Europe/Berlin] Executing SQL: CREATE TABLE IF NOT EXISTS users (
                id INT AUTO_INCREMENT PRIMARY KEY,
                username VARCHAR(50) NOT NULL UNIQUE,
                password VARCHAR(255) NOT NULL,
                email VARCHAR(100) NOT NULL UNIQUE,
                account_type ENUM('user', 'admin') DEFAULT 'user',
                created_at TIMESTAMP DEFAULT CURRENT_TIMESTAMP
            )
[23-Apr-2025 19:45:00 Europe/Berlin] With params: []
[23-Apr-2025 19:45:00 Europe/Berlin] Query executed successfully. Found 0 rows
[23-Apr-2025 19:45:00 Europe/Berlin] Users table created or already exists
[23-Apr-2025 19:45:00 Europe/Berlin] Users table structure: [{"Field":"id","Type":"int(11)","Null":"NO","Key":"PRI","Default":null,"Extra":"auto_increment"},{"Field":"username","Type":"varchar(50)","Null":"NO","Key":"","Default":null,"Extra":""},{"Field":"email","Type":"varchar(100)","Null":"NO","Key":"UNI","Default":null,"Extra":""},{"Field":"password","Type":"varchar(255)","Null":"NO","Key":"","Default":null,"Extra":""},{"Field":"role","Type":"enum('user','admin')","Null":"YES","Key":"","Default":"user","Extra":""},{"Field":"verification_code","Type":"varchar(100)","Null":"YES","Key":"","Default":null,"Extra":""},{"Field":"is_verified","Type":"tinyint(1)","Null":"YES","Key":"","Default":"0","Extra":""},{"Field":"created_at","Type":"timestamp","Null":"NO","Key":"","Default":"current_timestamp()","Extra":""},{"Field":"favorite_sport","Type":"varchar(50)","Null":"YES","Key":"","Default":null,"Extra":""},{"Field":"favorite_team","Type":"varchar(50)","Null":"YES","Key":"","Default":null,"Extra":""},{"Field":"account_type","Type":"enum('user','admin')","Null":"YES","Key":"","Default":"user","Extra":""}]
[23-Apr-2025 19:45:00 Europe/Berlin] Number of users in database: 13
[23-Apr-2025 19:45:00 Europe/Berlin] All tables initialized successfully
[23-Apr-2025 19:45:00 Europe/Berlin] Connected to database. Tables found: favorites, feedback, matches, matches_backup, matches_new, news, newsletter, notifications, players, subscriptions, users
[23-Apr-2025 19:45:00 Europe/Berlin] Executing SQL: CREATE TABLE IF NOT EXISTS users (
                id INT AUTO_INCREMENT PRIMARY KEY,
                username VARCHAR(50) NOT NULL UNIQUE,
                password VARCHAR(255) NOT NULL,
                email VARCHAR(100) NOT NULL UNIQUE,
                account_type ENUM('user', 'admin') DEFAULT 'user',
                created_at TIMESTAMP DEFAULT CURRENT_TIMESTAMP
            )
[23-Apr-2025 19:45:00 Europe/Berlin] With params: []
[23-Apr-2025 19:45:00 Europe/Berlin] Query executed successfully. Found 0 rows
[23-Apr-2025 19:45:00 Europe/Berlin] Users table created or already exists
[23-Apr-2025 19:45:00 Europe/Berlin] Users table structure: [{"Field":"id","Type":"int(11)","Null":"NO","Key":"PRI","Default":null,"Extra":"auto_increment"},{"Field":"username","Type":"varchar(50)","Null":"NO","Key":"","Default":null,"Extra":""},{"Field":"email","Type":"varchar(100)","Null":"NO","Key":"UNI","Default":null,"Extra":""},{"Field":"password","Type":"varchar(255)","Null":"NO","Key":"","Default":null,"Extra":""},{"Field":"role","Type":"enum('user','admin')","Null":"YES","Key":"","Default":"user","Extra":""},{"Field":"verification_code","Type":"varchar(100)","Null":"YES","Key":"","Default":null,"Extra":""},{"Field":"is_verified","Type":"tinyint(1)","Null":"YES","Key":"","Default":"0","Extra":""},{"Field":"created_at","Type":"timestamp","Null":"NO","Key":"","Default":"current_timestamp()","Extra":""},{"Field":"favorite_sport","Type":"varchar(50)","Null":"YES","Key":"","Default":null,"Extra":""},{"Field":"favorite_team","Type":"varchar(50)","Null":"YES","Key":"","Default":null,"Extra":""},{"Field":"account_type","Type":"enum('user','admin')","Null":"YES","Key":"","Default":"user","Extra":""}]
[23-Apr-2025 19:45:00 Europe/Berlin] Number of users in database: 13
[23-Apr-2025 19:45:00 Europe/Berlin] All tables initialized successfully
[23-Apr-2025 19:45:00 Europe/Berlin] Database tables initialized successfully
[23-Apr-2025 19:45:00 Europe/Berlin] Header - Session status: 2
[23-Apr-2025 19:45:00 Europe/Berlin] Header - Session data: []
[23-Apr-2025 19:45:00 Europe/Berlin] Header - After session start - Status: 2
[23-Apr-2025 19:45:00 Europe/Berlin] Header - After session start - Data: []
[23-Apr-2025 19:45:00 Europe/Berlin] Header - Is logged in: No
[23-Apr-2025 19:45:00 Europe/Berlin] Executing SQL: SELECT * FROM news ORDER BY created_at DESC LIMIT 5
[23-Apr-2025 19:45:00 Europe/Berlin] With params: []
[23-Apr-2025 19:45:00 Europe/Berlin] Query executed successfully. Found 5 rows
[23-Apr-2025 19:45:00 Europe/Berlin] Executing SQL: SELECT * FROM matches WHERE status = 'live'
[23-Apr-2025 19:45:00 Europe/Berlin] With params: []
[23-Apr-2025 19:45:00 Europe/Berlin] Query executed successfully. Found 1 rows
[23-Apr-2025 19:45:04 Europe/Berlin] Connected to database. Tables found: favorites, feedback, matches, matches_backup, matches_new, news, newsletter, notifications, players, subscriptions, users
[23-Apr-2025 19:45:04 Europe/Berlin] Executing SQL: CREATE TABLE IF NOT EXISTS users (
                id INT AUTO_INCREMENT PRIMARY KEY,
                username VARCHAR(50) NOT NULL UNIQUE,
                password VARCHAR(255) NOT NULL,
                email VARCHAR(100) NOT NULL UNIQUE,
                account_type ENUM('user', 'admin') DEFAULT 'user',
                created_at TIMESTAMP DEFAULT CURRENT_TIMESTAMP
            )
[23-Apr-2025 19:45:04 Europe/Berlin] With params: []
[23-Apr-2025 19:45:04 Europe/Berlin] Query executed successfully. Found 0 rows
[23-Apr-2025 19:45:04 Europe/Berlin] Users table created or already exists
[23-Apr-2025 19:45:04 Europe/Berlin] Users table structure: [{"Field":"id","Type":"int(11)","Null":"NO","Key":"PRI","Default":null,"Extra":"auto_increment"},{"Field":"username","Type":"varchar(50)","Null":"NO","Key":"","Default":null,"Extra":""},{"Field":"email","Type":"varchar(100)","Null":"NO","Key":"UNI","Default":null,"Extra":""},{"Field":"password","Type":"varchar(255)","Null":"NO","Key":"","Default":null,"Extra":""},{"Field":"role","Type":"enum('user','admin')","Null":"YES","Key":"","Default":"user","Extra":""},{"Field":"verification_code","Type":"varchar(100)","Null":"YES","Key":"","Default":null,"Extra":""},{"Field":"is_verified","Type":"tinyint(1)","Null":"YES","Key":"","Default":"0","Extra":""},{"Field":"created_at","Type":"timestamp","Null":"NO","Key":"","Default":"current_timestamp()","Extra":""},{"Field":"favorite_sport","Type":"varchar(50)","Null":"YES","Key":"","Default":null,"Extra":""},{"Field":"favorite_team","Type":"varchar(50)","Null":"YES","Key":"","Default":null,"Extra":""},{"Field":"account_type","Type":"enum('user','admin')","Null":"YES","Key":"","Default":"user","Extra":""}]
[23-Apr-2025 19:45:04 Europe/Berlin] Number of users in database: 13
[23-Apr-2025 19:45:04 Europe/Berlin] All tables initialized successfully
[23-Apr-2025 19:45:04 Europe/Berlin] Connected to database. Tables found: favorites, feedback, matches, matches_backup, matches_new, news, newsletter, notifications, players, subscriptions, users
[23-Apr-2025 19:45:04 Europe/Berlin] Executing SQL: CREATE TABLE IF NOT EXISTS users (
                id INT AUTO_INCREMENT PRIMARY KEY,
                username VARCHAR(50) NOT NULL UNIQUE,
                password VARCHAR(255) NOT NULL,
                email VARCHAR(100) NOT NULL UNIQUE,
                account_type ENUM('user', 'admin') DEFAULT 'user',
                created_at TIMESTAMP DEFAULT CURRENT_TIMESTAMP
            )
[23-Apr-2025 19:45:04 Europe/Berlin] With params: []
[23-Apr-2025 19:45:04 Europe/Berlin] Query executed successfully. Found 0 rows
[23-Apr-2025 19:45:04 Europe/Berlin] Users table created or already exists
[23-Apr-2025 19:45:04 Europe/Berlin] Users table structure: [{"Field":"id","Type":"int(11)","Null":"NO","Key":"PRI","Default":null,"Extra":"auto_increment"},{"Field":"username","Type":"varchar(50)","Null":"NO","Key":"","Default":null,"Extra":""},{"Field":"email","Type":"varchar(100)","Null":"NO","Key":"UNI","Default":null,"Extra":""},{"Field":"password","Type":"varchar(255)","Null":"NO","Key":"","Default":null,"Extra":""},{"Field":"role","Type":"enum('user','admin')","Null":"YES","Key":"","Default":"user","Extra":""},{"Field":"verification_code","Type":"varchar(100)","Null":"YES","Key":"","Default":null,"Extra":""},{"Field":"is_verified","Type":"tinyint(1)","Null":"YES","Key":"","Default":"0","Extra":""},{"Field":"created_at","Type":"timestamp","Null":"NO","Key":"","Default":"current_timestamp()","Extra":""},{"Field":"favorite_sport","Type":"varchar(50)","Null":"YES","Key":"","Default":null,"Extra":""},{"Field":"favorite_team","Type":"varchar(50)","Null":"YES","Key":"","Default":null,"Extra":""},{"Field":"account_type","Type":"enum('user','admin')","Null":"YES","Key":"","Default":"user","Extra":""}]
[23-Apr-2025 19:45:04 Europe/Berlin] Number of users in database: 13
[23-Apr-2025 19:45:04 Europe/Berlin] All tables initialized successfully
[23-Apr-2025 19:45:04 Europe/Berlin] Database tables initialized successfully
[23-Apr-2025 19:45:04 Europe/Berlin] Header - Session status: 2
[23-Apr-2025 19:45:04 Europe/Berlin] Header - Session data: []
[23-Apr-2025 19:45:04 Europe/Berlin] Header - After session start - Status: 2
[23-Apr-2025 19:45:04 Europe/Berlin] Header - After session start - Data: []
[23-Apr-2025 19:45:04 Europe/Berlin] Header - Is logged in: No
[23-Apr-2025 19:45:42 Europe/Berlin] Connected to database. Tables found: favorites, feedback, matches, matches_backup, matches_new, news, newsletter, notifications, players, subscriptions, users
[23-Apr-2025 19:45:42 Europe/Berlin] Executing SQL: CREATE TABLE IF NOT EXISTS users (
                id INT AUTO_INCREMENT PRIMARY KEY,
                username VARCHAR(50) NOT NULL UNIQUE,
                password VARCHAR(255) NOT NULL,
                email VARCHAR(100) NOT NULL UNIQUE,
                account_type ENUM('user', 'admin') DEFAULT 'user',
                created_at TIMESTAMP DEFAULT CURRENT_TIMESTAMP
            )
[23-Apr-2025 19:45:42 Europe/Berlin] With params: []
[23-Apr-2025 19:45:42 Europe/Berlin] Query executed successfully. Found 0 rows
[23-Apr-2025 19:45:42 Europe/Berlin] Users table created or already exists
[23-Apr-2025 19:45:42 Europe/Berlin] Users table structure: [{"Field":"id","Type":"int(11)","Null":"NO","Key":"PRI","Default":null,"Extra":"auto_increment"},{"Field":"username","Type":"varchar(50)","Null":"NO","Key":"","Default":null,"Extra":""},{"Field":"email","Type":"varchar(100)","Null":"NO","Key":"UNI","Default":null,"Extra":""},{"Field":"password","Type":"varchar(255)","Null":"NO","Key":"","Default":null,"Extra":""},{"Field":"role","Type":"enum('user','admin')","Null":"YES","Key":"","Default":"user","Extra":""},{"Field":"verification_code","Type":"varchar(100)","Null":"YES","Key":"","Default":null,"Extra":""},{"Field":"is_verified","Type":"tinyint(1)","Null":"YES","Key":"","Default":"0","Extra":""},{"Field":"created_at","Type":"timestamp","Null":"NO","Key":"","Default":"current_timestamp()","Extra":""},{"Field":"favorite_sport","Type":"varchar(50)","Null":"YES","Key":"","Default":null,"Extra":""},{"Field":"favorite_team","Type":"varchar(50)","Null":"YES","Key":"","Default":null,"Extra":""},{"Field":"account_type","Type":"enum('user','admin')","Null":"YES","Key":"","Default":"user","Extra":""}]
[23-Apr-2025 19:45:42 Europe/Berlin] Number of users in database: 13
[23-Apr-2025 19:45:42 Europe/Berlin] All tables initialized successfully
[23-Apr-2025 19:45:42 Europe/Berlin] Connected to database. Tables found: favorites, feedback, matches, matches_backup, matches_new, news, newsletter, notifications, players, subscriptions, users
[23-Apr-2025 19:45:42 Europe/Berlin] Executing SQL: CREATE TABLE IF NOT EXISTS users (
                id INT AUTO_INCREMENT PRIMARY KEY,
                username VARCHAR(50) NOT NULL UNIQUE,
                password VARCHAR(255) NOT NULL,
                email VARCHAR(100) NOT NULL UNIQUE,
                account_type ENUM('user', 'admin') DEFAULT 'user',
                created_at TIMESTAMP DEFAULT CURRENT_TIMESTAMP
            )
[23-Apr-2025 19:45:42 Europe/Berlin] With params: []
[23-Apr-2025 19:45:42 Europe/Berlin] Query executed successfully. Found 0 rows
[23-Apr-2025 19:45:42 Europe/Berlin] Users table created or already exists
[23-Apr-2025 19:45:42 Europe/Berlin] Users table structure: [{"Field":"id","Type":"int(11)","Null":"NO","Key":"PRI","Default":null,"Extra":"auto_increment"},{"Field":"username","Type":"varchar(50)","Null":"NO","Key":"","Default":null,"Extra":""},{"Field":"email","Type":"varchar(100)","Null":"NO","Key":"UNI","Default":null,"Extra":""},{"Field":"password","Type":"varchar(255)","Null":"NO","Key":"","Default":null,"Extra":""},{"Field":"role","Type":"enum('user','admin')","Null":"YES","Key":"","Default":"user","Extra":""},{"Field":"verification_code","Type":"varchar(100)","Null":"YES","Key":"","Default":null,"Extra":""},{"Field":"is_verified","Type":"tinyint(1)","Null":"YES","Key":"","Default":"0","Extra":""},{"Field":"created_at","Type":"timestamp","Null":"NO","Key":"","Default":"current_timestamp()","Extra":""},{"Field":"favorite_sport","Type":"varchar(50)","Null":"YES","Key":"","Default":null,"Extra":""},{"Field":"favorite_team","Type":"varchar(50)","Null":"YES","Key":"","Default":null,"Extra":""},{"Field":"account_type","Type":"enum('user','admin')","Null":"YES","Key":"","Default":"user","Extra":""}]
[23-Apr-2025 19:45:42 Europe/Berlin] Number of users in database: 13
[23-Apr-2025 19:45:42 Europe/Berlin] All tables initialized successfully
[23-Apr-2025 19:45:42 Europe/Berlin] Database tables initialized successfully
[23-Apr-2025 19:45:42 Europe/Berlin] Header - Session status: 2
[23-Apr-2025 19:45:42 Europe/Berlin] Header - Session data: []
[23-Apr-2025 19:45:42 Europe/Berlin] Header - After session start - Status: 2
[23-Apr-2025 19:45:42 Europe/Berlin] Header - After session start - Data: []
[23-Apr-2025 19:45:42 Europe/Berlin] Header - Is logged in: No
[23-Apr-2025 19:45:42 Europe/Berlin] Executing SQL: SELECT * FROM matches WHERE status = 'live'
[23-Apr-2025 19:45:42 Europe/Berlin] With params: []
[23-Apr-2025 19:45:42 Europe/Berlin] Query executed successfully. Found 1 rows
[23-Apr-2025 19:45:47 Europe/Berlin] Connected to database. Tables found: favorites, feedback, matches, matches_backup, matches_new, news, newsletter, notifications, players, subscriptions, users
[23-Apr-2025 19:45:47 Europe/Berlin] Executing SQL: CREATE TABLE IF NOT EXISTS users (
                id INT AUTO_INCREMENT PRIMARY KEY,
                username VARCHAR(50) NOT NULL UNIQUE,
                password VARCHAR(255) NOT NULL,
                email VARCHAR(100) NOT NULL UNIQUE,
                account_type ENUM('user', 'admin') DEFAULT 'user',
                created_at TIMESTAMP DEFAULT CURRENT_TIMESTAMP
            )
[23-Apr-2025 19:45:47 Europe/Berlin] With params: []
[23-Apr-2025 19:45:47 Europe/Berlin] Query executed successfully. Found 0 rows
[23-Apr-2025 19:45:47 Europe/Berlin] Users table created or already exists
[23-Apr-2025 19:45:47 Europe/Berlin] Users table structure: [{"Field":"id","Type":"int(11)","Null":"NO","Key":"PRI","Default":null,"Extra":"auto_increment"},{"Field":"username","Type":"varchar(50)","Null":"NO","Key":"","Default":null,"Extra":""},{"Field":"email","Type":"varchar(100)","Null":"NO","Key":"UNI","Default":null,"Extra":""},{"Field":"password","Type":"varchar(255)","Null":"NO","Key":"","Default":null,"Extra":""},{"Field":"role","Type":"enum('user','admin')","Null":"YES","Key":"","Default":"user","Extra":""},{"Field":"verification_code","Type":"varchar(100)","Null":"YES","Key":"","Default":null,"Extra":""},{"Field":"is_verified","Type":"tinyint(1)","Null":"YES","Key":"","Default":"0","Extra":""},{"Field":"created_at","Type":"timestamp","Null":"NO","Key":"","Default":"current_timestamp()","Extra":""},{"Field":"favorite_sport","Type":"varchar(50)","Null":"YES","Key":"","Default":null,"Extra":""},{"Field":"favorite_team","Type":"varchar(50)","Null":"YES","Key":"","Default":null,"Extra":""},{"Field":"account_type","Type":"enum('user','admin')","Null":"YES","Key":"","Default":"user","Extra":""}]
[23-Apr-2025 19:45:47 Europe/Berlin] Number of users in database: 13
[23-Apr-2025 19:45:47 Europe/Berlin] All tables initialized successfully
[23-Apr-2025 19:45:47 Europe/Berlin] Connected to database. Tables found: favorites, feedback, matches, matches_backup, matches_new, news, newsletter, notifications, players, subscriptions, users
[23-Apr-2025 19:45:47 Europe/Berlin] Executing SQL: CREATE TABLE IF NOT EXISTS users (
                id INT AUTO_INCREMENT PRIMARY KEY,
                username VARCHAR(50) NOT NULL UNIQUE,
                password VARCHAR(255) NOT NULL,
                email VARCHAR(100) NOT NULL UNIQUE,
                account_type ENUM('user', 'admin') DEFAULT 'user',
                created_at TIMESTAMP DEFAULT CURRENT_TIMESTAMP
            )
[23-Apr-2025 19:45:47 Europe/Berlin] With params: []
[23-Apr-2025 19:45:47 Europe/Berlin] Query executed successfully. Found 0 rows
[23-Apr-2025 19:45:47 Europe/Berlin] Users table created or already exists
[23-Apr-2025 19:45:47 Europe/Berlin] Users table structure: [{"Field":"id","Type":"int(11)","Null":"NO","Key":"PRI","Default":null,"Extra":"auto_increment"},{"Field":"username","Type":"varchar(50)","Null":"NO","Key":"","Default":null,"Extra":""},{"Field":"email","Type":"varchar(100)","Null":"NO","Key":"UNI","Default":null,"Extra":""},{"Field":"password","Type":"varchar(255)","Null":"NO","Key":"","Default":null,"Extra":""},{"Field":"role","Type":"enum('user','admin')","Null":"YES","Key":"","Default":"user","Extra":""},{"Field":"verification_code","Type":"varchar(100)","Null":"YES","Key":"","Default":null,"Extra":""},{"Field":"is_verified","Type":"tinyint(1)","Null":"YES","Key":"","Default":"0","Extra":""},{"Field":"created_at","Type":"timestamp","Null":"NO","Key":"","Default":"current_timestamp()","Extra":""},{"Field":"favorite_sport","Type":"varchar(50)","Null":"YES","Key":"","Default":null,"Extra":""},{"Field":"favorite_team","Type":"varchar(50)","Null":"YES","Key":"","Default":null,"Extra":""},{"Field":"account_type","Type":"enum('user','admin')","Null":"YES","Key":"","Default":"user","Extra":""}]
[23-Apr-2025 19:45:47 Europe/Berlin] Number of users in database: 13
[23-Apr-2025 19:45:47 Europe/Berlin] All tables initialized successfully
[23-Apr-2025 19:45:47 Europe/Berlin] Database tables initialized successfully
[23-Apr-2025 19:45:47 Europe/Berlin] Header - Session status: 2
[23-Apr-2025 19:45:47 Europe/Berlin] Header - Session data: []
[23-Apr-2025 19:45:47 Europe/Berlin] Header - After session start - Status: 2
[23-Apr-2025 19:45:47 Europe/Berlin] Header - After session start - Data: []
[23-Apr-2025 19:45:47 Europe/Berlin] Header - Is logged in: No
[23-Apr-2025 19:45:47 Europe/Berlin] Executing SQL: SELECT * FROM matches WHERE sport = :sport ORDER BY match_time DESC
[23-Apr-2025 19:45:47 Europe/Berlin] With params: {":sport":"cricket"}
[23-Apr-2025 19:45:47 Europe/Berlin] Query executed successfully. Found 4 rows
[23-Apr-2025 19:45:47 Europe/Berlin] Executing SQL: SELECT * FROM matches WHERE sport = :sport AND status = :status
[23-Apr-2025 19:45:47 Europe/Berlin] With params: {":sport":"cricket",":status":"live"}
[23-Apr-2025 19:45:47 Europe/Berlin] Query executed successfully. Found 1 rows
[23-Apr-2025 19:45:49 Europe/Berlin] Connected to database. Tables found: favorites, feedback, matches, matches_backup, matches_new, news, newsletter, notifications, players, subscriptions, users
[23-Apr-2025 19:45:49 Europe/Berlin] Executing SQL: CREATE TABLE IF NOT EXISTS users (
                id INT AUTO_INCREMENT PRIMARY KEY,
                username VARCHAR(50) NOT NULL UNIQUE,
                password VARCHAR(255) NOT NULL,
                email VARCHAR(100) NOT NULL UNIQUE,
                account_type ENUM('user', 'admin') DEFAULT 'user',
                created_at TIMESTAMP DEFAULT CURRENT_TIMESTAMP
            )
[23-Apr-2025 19:45:49 Europe/Berlin] With params: []
[23-Apr-2025 19:45:49 Europe/Berlin] Query executed successfully. Found 0 rows
[23-Apr-2025 19:45:49 Europe/Berlin] Users table created or already exists
[23-Apr-2025 19:45:49 Europe/Berlin] Users table structure: [{"Field":"id","Type":"int(11)","Null":"NO","Key":"PRI","Default":null,"Extra":"auto_increment"},{"Field":"username","Type":"varchar(50)","Null":"NO","Key":"","Default":null,"Extra":""},{"Field":"email","Type":"varchar(100)","Null":"NO","Key":"UNI","Default":null,"Extra":""},{"Field":"password","Type":"varchar(255)","Null":"NO","Key":"","Default":null,"Extra":""},{"Field":"role","Type":"enum('user','admin')","Null":"YES","Key":"","Default":"user","Extra":""},{"Field":"verification_code","Type":"varchar(100)","Null":"YES","Key":"","Default":null,"Extra":""},{"Field":"is_verified","Type":"tinyint(1)","Null":"YES","Key":"","Default":"0","Extra":""},{"Field":"created_at","Type":"timestamp","Null":"NO","Key":"","Default":"current_timestamp()","Extra":""},{"Field":"favorite_sport","Type":"varchar(50)","Null":"YES","Key":"","Default":null,"Extra":""},{"Field":"favorite_team","Type":"varchar(50)","Null":"YES","Key":"","Default":null,"Extra":""},{"Field":"account_type","Type":"enum('user','admin')","Null":"YES","Key":"","Default":"user","Extra":""}]
[23-Apr-2025 19:45:49 Europe/Berlin] Number of users in database: 13
[23-Apr-2025 19:45:49 Europe/Berlin] All tables initialized successfully
[23-Apr-2025 19:45:49 Europe/Berlin] Connected to database. Tables found: favorites, feedback, matches, matches_backup, matches_new, news, newsletter, notifications, players, subscriptions, users
[23-Apr-2025 19:45:49 Europe/Berlin] Executing SQL: CREATE TABLE IF NOT EXISTS users (
                id INT AUTO_INCREMENT PRIMARY KEY,
                username VARCHAR(50) NOT NULL UNIQUE,
                password VARCHAR(255) NOT NULL,
                email VARCHAR(100) NOT NULL UNIQUE,
                account_type ENUM('user', 'admin') DEFAULT 'user',
                created_at TIMESTAMP DEFAULT CURRENT_TIMESTAMP
            )
[23-Apr-2025 19:45:49 Europe/Berlin] With params: []
[23-Apr-2025 19:45:49 Europe/Berlin] Query executed successfully. Found 0 rows
[23-Apr-2025 19:45:49 Europe/Berlin] Users table created or already exists
[23-Apr-2025 19:45:49 Europe/Berlin] Users table structure: [{"Field":"id","Type":"int(11)","Null":"NO","Key":"PRI","Default":null,"Extra":"auto_increment"},{"Field":"username","Type":"varchar(50)","Null":"NO","Key":"","Default":null,"Extra":""},{"Field":"email","Type":"varchar(100)","Null":"NO","Key":"UNI","Default":null,"Extra":""},{"Field":"password","Type":"varchar(255)","Null":"NO","Key":"","Default":null,"Extra":""},{"Field":"role","Type":"enum('user','admin')","Null":"YES","Key":"","Default":"user","Extra":""},{"Field":"verification_code","Type":"varchar(100)","Null":"YES","Key":"","Default":null,"Extra":""},{"Field":"is_verified","Type":"tinyint(1)","Null":"YES","Key":"","Default":"0","Extra":""},{"Field":"created_at","Type":"timestamp","Null":"NO","Key":"","Default":"current_timestamp()","Extra":""},{"Field":"favorite_sport","Type":"varchar(50)","Null":"YES","Key":"","Default":null,"Extra":""},{"Field":"favorite_team","Type":"varchar(50)","Null":"YES","Key":"","Default":null,"Extra":""},{"Field":"account_type","Type":"enum('user','admin')","Null":"YES","Key":"","Default":"user","Extra":""}]
[23-Apr-2025 19:45:49 Europe/Berlin] Number of users in database: 13
[23-Apr-2025 19:45:49 Europe/Berlin] All tables initialized successfully
[23-Apr-2025 19:45:49 Europe/Berlin] Database tables initialized successfully
[23-Apr-2025 19:45:49 Europe/Berlin] Header - Session status: 2
[23-Apr-2025 19:45:49 Europe/Berlin] Header - Session data: []
[23-Apr-2025 19:45:49 Europe/Berlin] Header - After session start - Status: 2
[23-Apr-2025 19:45:49 Europe/Berlin] Header - After session start - Data: []
[23-Apr-2025 19:45:49 Europe/Berlin] Header - Is logged in: No
[23-Apr-2025 19:45:49 Europe/Berlin] Executing SQL: SELECT * FROM matches WHERE status = 'live'
[23-Apr-2025 19:45:49 Europe/Berlin] With params: []
[23-Apr-2025 19:45:49 Europe/Berlin] Query executed successfully. Found 1 rows
[23-Apr-2025 19:45:50 Europe/Berlin] Connected to database. Tables found: favorites, feedback, matches, matches_backup, matches_new, news, newsletter, notifications, players, subscriptions, users
[23-Apr-2025 19:45:50 Europe/Berlin] Executing SQL: CREATE TABLE IF NOT EXISTS users (
                id INT AUTO_INCREMENT PRIMARY KEY,
                username VARCHAR(50) NOT NULL UNIQUE,
                password VARCHAR(255) NOT NULL,
                email VARCHAR(100) NOT NULL UNIQUE,
                account_type ENUM('user', 'admin') DEFAULT 'user',
                created_at TIMESTAMP DEFAULT CURRENT_TIMESTAMP
            )
[23-Apr-2025 19:45:50 Europe/Berlin] With params: []
[23-Apr-2025 19:45:50 Europe/Berlin] Query executed successfully. Found 0 rows
[23-Apr-2025 19:45:50 Europe/Berlin] Users table created or already exists
[23-Apr-2025 19:45:50 Europe/Berlin] Users table structure: [{"Field":"id","Type":"int(11)","Null":"NO","Key":"PRI","Default":null,"Extra":"auto_increment"},{"Field":"username","Type":"varchar(50)","Null":"NO","Key":"","Default":null,"Extra":""},{"Field":"email","Type":"varchar(100)","Null":"NO","Key":"UNI","Default":null,"Extra":""},{"Field":"password","Type":"varchar(255)","Null":"NO","Key":"","Default":null,"Extra":""},{"Field":"role","Type":"enum('user','admin')","Null":"YES","Key":"","Default":"user","Extra":""},{"Field":"verification_code","Type":"varchar(100)","Null":"YES","Key":"","Default":null,"Extra":""},{"Field":"is_verified","Type":"tinyint(1)","Null":"YES","Key":"","Default":"0","Extra":""},{"Field":"created_at","Type":"timestamp","Null":"NO","Key":"","Default":"current_timestamp()","Extra":""},{"Field":"favorite_sport","Type":"varchar(50)","Null":"YES","Key":"","Default":null,"Extra":""},{"Field":"favorite_team","Type":"varchar(50)","Null":"YES","Key":"","Default":null,"Extra":""},{"Field":"account_type","Type":"enum('user','admin')","Null":"YES","Key":"","Default":"user","Extra":""}]
[23-Apr-2025 19:45:50 Europe/Berlin] Number of users in database: 13
[23-Apr-2025 19:45:50 Europe/Berlin] All tables initialized successfully
[23-Apr-2025 19:45:50 Europe/Berlin] Connected to database. Tables found: favorites, feedback, matches, matches_backup, matches_new, news, newsletter, notifications, players, subscriptions, users
[23-Apr-2025 19:45:50 Europe/Berlin] Executing SQL: CREATE TABLE IF NOT EXISTS users (
                id INT AUTO_INCREMENT PRIMARY KEY,
                username VARCHAR(50) NOT NULL UNIQUE,
                password VARCHAR(255) NOT NULL,
                email VARCHAR(100) NOT NULL UNIQUE,
                account_type ENUM('user', 'admin') DEFAULT 'user',
                created_at TIMESTAMP DEFAULT CURRENT_TIMESTAMP
            )
[23-Apr-2025 19:45:50 Europe/Berlin] With params: []
[23-Apr-2025 19:45:50 Europe/Berlin] Query executed successfully. Found 0 rows
[23-Apr-2025 19:45:50 Europe/Berlin] Users table created or already exists
[23-Apr-2025 19:45:50 Europe/Berlin] Users table structure: [{"Field":"id","Type":"int(11)","Null":"NO","Key":"PRI","Default":null,"Extra":"auto_increment"},{"Field":"username","Type":"varchar(50)","Null":"NO","Key":"","Default":null,"Extra":""},{"Field":"email","Type":"varchar(100)","Null":"NO","Key":"UNI","Default":null,"Extra":""},{"Field":"password","Type":"varchar(255)","Null":"NO","Key":"","Default":null,"Extra":""},{"Field":"role","Type":"enum('user','admin')","Null":"YES","Key":"","Default":"user","Extra":""},{"Field":"verification_code","Type":"varchar(100)","Null":"YES","Key":"","Default":null,"Extra":""},{"Field":"is_verified","Type":"tinyint(1)","Null":"YES","Key":"","Default":"0","Extra":""},{"Field":"created_at","Type":"timestamp","Null":"NO","Key":"","Default":"current_timestamp()","Extra":""},{"Field":"favorite_sport","Type":"varchar(50)","Null":"YES","Key":"","Default":null,"Extra":""},{"Field":"favorite_team","Type":"varchar(50)","Null":"YES","Key":"","Default":null,"Extra":""},{"Field":"account_type","Type":"enum('user','admin')","Null":"YES","Key":"","Default":"user","Extra":""}]
[23-Apr-2025 19:45:50 Europe/Berlin] Number of users in database: 13
[23-Apr-2025 19:45:50 Europe/Berlin] All tables initialized successfully
[23-Apr-2025 19:45:50 Europe/Berlin] Database tables initialized successfully
[23-Apr-2025 19:45:50 Europe/Berlin] Header - Session status: 2
[23-Apr-2025 19:45:50 Europe/Berlin] Header - Session data: []
[23-Apr-2025 19:45:50 Europe/Berlin] Header - After session start - Status: 2
[23-Apr-2025 19:45:50 Europe/Berlin] Header - After session start - Data: []
[23-Apr-2025 19:45:50 Europe/Berlin] Header - Is logged in: No
[23-Apr-2025 19:45:50 Europe/Berlin] Executing SQL: SELECT * FROM matches WHERE sport = :sport ORDER BY match_time DESC
[23-Apr-2025 19:45:50 Europe/Berlin] With params: {":sport":"cricket"}
[23-Apr-2025 19:45:50 Europe/Berlin] Query executed successfully. Found 4 rows
[23-Apr-2025 19:45:50 Europe/Berlin] Executing SQL: SELECT * FROM matches WHERE sport = :sport AND status = :status
[23-Apr-2025 19:45:50 Europe/Berlin] With params: {":sport":"cricket",":status":"live"}
[23-Apr-2025 19:45:50 Europe/Berlin] Query executed successfully. Found 1 rows
[23-Apr-2025 19:45:55 Europe/Berlin] Connected to database. Tables found: favorites, feedback, matches, matches_backup, matches_new, news, newsletter, notifications, players, subscriptions, users
[23-Apr-2025 19:45:55 Europe/Berlin] Executing SQL: CREATE TABLE IF NOT EXISTS users (
                id INT AUTO_INCREMENT PRIMARY KEY,
                username VARCHAR(50) NOT NULL UNIQUE,
                password VARCHAR(255) NOT NULL,
                email VARCHAR(100) NOT NULL UNIQUE,
                account_type ENUM('user', 'admin') DEFAULT 'user',
                created_at TIMESTAMP DEFAULT CURRENT_TIMESTAMP
            )
[23-Apr-2025 19:45:55 Europe/Berlin] With params: []
[23-Apr-2025 19:45:55 Europe/Berlin] Query executed successfully. Found 0 rows
[23-Apr-2025 19:45:55 Europe/Berlin] Users table created or already exists
[23-Apr-2025 19:45:55 Europe/Berlin] Users table structure: [{"Field":"id","Type":"int(11)","Null":"NO","Key":"PRI","Default":null,"Extra":"auto_increment"},{"Field":"username","Type":"varchar(50)","Null":"NO","Key":"","Default":null,"Extra":""},{"Field":"email","Type":"varchar(100)","Null":"NO","Key":"UNI","Default":null,"Extra":""},{"Field":"password","Type":"varchar(255)","Null":"NO","Key":"","Default":null,"Extra":""},{"Field":"role","Type":"enum('user','admin')","Null":"YES","Key":"","Default":"user","Extra":""},{"Field":"verification_code","Type":"varchar(100)","Null":"YES","Key":"","Default":null,"Extra":""},{"Field":"is_verified","Type":"tinyint(1)","Null":"YES","Key":"","Default":"0","Extra":""},{"Field":"created_at","Type":"timestamp","Null":"NO","Key":"","Default":"current_timestamp()","Extra":""},{"Field":"favorite_sport","Type":"varchar(50)","Null":"YES","Key":"","Default":null,"Extra":""},{"Field":"favorite_team","Type":"varchar(50)","Null":"YES","Key":"","Default":null,"Extra":""},{"Field":"account_type","Type":"enum('user','admin')","Null":"YES","Key":"","Default":"user","Extra":""}]
[23-Apr-2025 19:45:55 Europe/Berlin] Number of users in database: 13
[23-Apr-2025 19:45:55 Europe/Berlin] All tables initialized successfully
[23-Apr-2025 19:45:55 Europe/Berlin] API Request received: /sportsync/backend/match.php?action=fetch_matches&sport=cricket&status=live
[23-Apr-2025 19:45:55 Europe/Berlin] GET parameters: Array
(
    [action] => fetch_matches
    [sport] => cricket
    [status] => live
)

[23-Apr-2025 19:45:55 Europe/Berlin] Executing SQL: SELECT * FROM matches WHERE sport = :sport AND status = :status
[23-Apr-2025 19:45:55 Europe/Berlin] With params: {":sport":"cricket",":status":"live"}
[23-Apr-2025 19:45:55 Europe/Berlin] Query executed successfully. Found 1 rows
[23-Apr-2025 19:46:21 Europe/Berlin] Connected to database. Tables found: favorites, feedback, matches, matches_backup, matches_new, news, newsletter, notifications, players, subscriptions, users
[23-Apr-2025 19:46:21 Europe/Berlin] Executing SQL: CREATE TABLE IF NOT EXISTS users (
                id INT AUTO_INCREMENT PRIMARY KEY,
                username VARCHAR(50) NOT NULL UNIQUE,
                password VARCHAR(255) NOT NULL,
                email VARCHAR(100) NOT NULL UNIQUE,
                account_type ENUM('user', 'admin') DEFAULT 'user',
                created_at TIMESTAMP DEFAULT CURRENT_TIMESTAMP
            )
[23-Apr-2025 19:46:21 Europe/Berlin] With params: []
[23-Apr-2025 19:46:21 Europe/Berlin] Query executed successfully. Found 0 rows
[23-Apr-2025 19:46:21 Europe/Berlin] Users table created or already exists
[23-Apr-2025 19:46:21 Europe/Berlin] Users table structure: [{"Field":"id","Type":"int(11)","Null":"NO","Key":"PRI","Default":null,"Extra":"auto_increment"},{"Field":"username","Type":"varchar(50)","Null":"NO","Key":"","Default":null,"Extra":""},{"Field":"email","Type":"varchar(100)","Null":"NO","Key":"UNI","Default":null,"Extra":""},{"Field":"password","Type":"varchar(255)","Null":"NO","Key":"","Default":null,"Extra":""},{"Field":"role","Type":"enum('user','admin')","Null":"YES","Key":"","Default":"user","Extra":""},{"Field":"verification_code","Type":"varchar(100)","Null":"YES","Key":"","Default":null,"Extra":""},{"Field":"is_verified","Type":"tinyint(1)","Null":"YES","Key":"","Default":"0","Extra":""},{"Field":"created_at","Type":"timestamp","Null":"NO","Key":"","Default":"current_timestamp()","Extra":""},{"Field":"favorite_sport","Type":"varchar(50)","Null":"YES","Key":"","Default":null,"Extra":""},{"Field":"favorite_team","Type":"varchar(50)","Null":"YES","Key":"","Default":null,"Extra":""},{"Field":"account_type","Type":"enum('user','admin')","Null":"YES","Key":"","Default":"user","Extra":""}]
[23-Apr-2025 19:46:21 Europe/Berlin] Number of users in database: 13
[23-Apr-2025 19:46:21 Europe/Berlin] All tables initialized successfully
[23-Apr-2025 19:46:21 Europe/Berlin] API Request received: /sportsync/backend/match.php?action=fetch_matches&sport=cricket&status=live
[23-Apr-2025 19:46:21 Europe/Berlin] GET parameters: Array
(
    [action] => fetch_matches
    [sport] => cricket
    [status] => live
)

[23-Apr-2025 19:46:21 Europe/Berlin] Executing SQL: SELECT * FROM matches WHERE sport = :sport AND status = :status
[23-Apr-2025 19:46:21 Europe/Berlin] With params: {":sport":"cricket",":status":"live"}
[23-Apr-2025 19:46:21 Europe/Berlin] Query executed successfully. Found 1 rows
[23-Apr-2025 19:46:51 Europe/Berlin] Connected to database. Tables found: favorites, feedback, matches, matches_backup, matches_new, news, newsletter, notifications, players, subscriptions, users
[23-Apr-2025 19:46:51 Europe/Berlin] Executing SQL: CREATE TABLE IF NOT EXISTS users (
                id INT AUTO_INCREMENT PRIMARY KEY,
                username VARCHAR(50) NOT NULL UNIQUE,
                password VARCHAR(255) NOT NULL,
                email VARCHAR(100) NOT NULL UNIQUE,
                account_type ENUM('user', 'admin') DEFAULT 'user',
                created_at TIMESTAMP DEFAULT CURRENT_TIMESTAMP
            )
[23-Apr-2025 19:46:51 Europe/Berlin] With params: []
[23-Apr-2025 19:46:51 Europe/Berlin] Query executed successfully. Found 0 rows
[23-Apr-2025 19:46:51 Europe/Berlin] Users table created or already exists
[23-Apr-2025 19:46:51 Europe/Berlin] Users table structure: [{"Field":"id","Type":"int(11)","Null":"NO","Key":"PRI","Default":null,"Extra":"auto_increment"},{"Field":"username","Type":"varchar(50)","Null":"NO","Key":"","Default":null,"Extra":""},{"Field":"email","Type":"varchar(100)","Null":"NO","Key":"UNI","Default":null,"Extra":""},{"Field":"password","Type":"varchar(255)","Null":"NO","Key":"","Default":null,"Extra":""},{"Field":"role","Type":"enum('user','admin')","Null":"YES","Key":"","Default":"user","Extra":""},{"Field":"verification_code","Type":"varchar(100)","Null":"YES","Key":"","Default":null,"Extra":""},{"Field":"is_verified","Type":"tinyint(1)","Null":"YES","Key":"","Default":"0","Extra":""},{"Field":"created_at","Type":"timestamp","Null":"NO","Key":"","Default":"current_timestamp()","Extra":""},{"Field":"favorite_sport","Type":"varchar(50)","Null":"YES","Key":"","Default":null,"Extra":""},{"Field":"favorite_team","Type":"varchar(50)","Null":"YES","Key":"","Default":null,"Extra":""},{"Field":"account_type","Type":"enum('user','admin')","Null":"YES","Key":"","Default":"user","Extra":""}]
[23-Apr-2025 19:46:51 Europe/Berlin] Number of users in database: 13
[23-Apr-2025 19:46:51 Europe/Berlin] All tables initialized successfully
[23-Apr-2025 19:46:51 Europe/Berlin] API Request received: /sportsync/backend/match.php?action=fetch_matches&sport=cricket&status=live
[23-Apr-2025 19:46:51 Europe/Berlin] GET parameters: Array
(
    [action] => fetch_matches
    [sport] => cricket
    [status] => live
)

[23-Apr-2025 19:46:51 Europe/Berlin] Executing SQL: SELECT * FROM matches WHERE sport = :sport AND status = :status
[23-Apr-2025 19:46:51 Europe/Berlin] With params: {":sport":"cricket",":status":"live"}
[23-Apr-2025 19:46:51 Europe/Berlin] Query executed successfully. Found 1 rows
[23-Apr-2025 19:47:21 Europe/Berlin] Connected to database. Tables found: favorites, feedback, matches, matches_backup, matches_new, news, newsletter, notifications, players, subscriptions, users
[23-Apr-2025 19:47:21 Europe/Berlin] Executing SQL: CREATE TABLE IF NOT EXISTS users (
                id INT AUTO_INCREMENT PRIMARY KEY,
                username VARCHAR(50) NOT NULL UNIQUE,
                password VARCHAR(255) NOT NULL,
                email VARCHAR(100) NOT NULL UNIQUE,
                account_type ENUM('user', 'admin') DEFAULT 'user',
                created_at TIMESTAMP DEFAULT CURRENT_TIMESTAMP
            )
[23-Apr-2025 19:47:21 Europe/Berlin] With params: []
[23-Apr-2025 19:47:21 Europe/Berlin] Query executed successfully. Found 0 rows
[23-Apr-2025 19:47:21 Europe/Berlin] Users table created or already exists
[23-Apr-2025 19:47:21 Europe/Berlin] Users table structure: [{"Field":"id","Type":"int(11)","Null":"NO","Key":"PRI","Default":null,"Extra":"auto_increment"},{"Field":"username","Type":"varchar(50)","Null":"NO","Key":"","Default":null,"Extra":""},{"Field":"email","Type":"varchar(100)","Null":"NO","Key":"UNI","Default":null,"Extra":""},{"Field":"password","Type":"varchar(255)","Null":"NO","Key":"","Default":null,"Extra":""},{"Field":"role","Type":"enum('user','admin')","Null":"YES","Key":"","Default":"user","Extra":""},{"Field":"verification_code","Type":"varchar(100)","Null":"YES","Key":"","Default":null,"Extra":""},{"Field":"is_verified","Type":"tinyint(1)","Null":"YES","Key":"","Default":"0","Extra":""},{"Field":"created_at","Type":"timestamp","Null":"NO","Key":"","Default":"current_timestamp()","Extra":""},{"Field":"favorite_sport","Type":"varchar(50)","Null":"YES","Key":"","Default":null,"Extra":""},{"Field":"favorite_team","Type":"varchar(50)","Null":"YES","Key":"","Default":null,"Extra":""},{"Field":"account_type","Type":"enum('user','admin')","Null":"YES","Key":"","Default":"user","Extra":""}]
[23-Apr-2025 19:47:21 Europe/Berlin] Number of users in database: 13
[23-Apr-2025 19:47:21 Europe/Berlin] All tables initialized successfully
[23-Apr-2025 19:47:21 Europe/Berlin] API Request received: /sportsync/backend/match.php?action=fetch_matches&sport=cricket&status=live
[23-Apr-2025 19:47:21 Europe/Berlin] GET parameters: Array
(
    [action] => fetch_matches
    [sport] => cricket
    [status] => live
)

[23-Apr-2025 19:47:21 Europe/Berlin] Executing SQL: SELECT * FROM matches WHERE sport = :sport AND status = :status
[23-Apr-2025 19:47:21 Europe/Berlin] With params: {":sport":"cricket",":status":"live"}
[23-Apr-2025 19:47:21 Europe/Berlin] Query executed successfully. Found 1 rows
[23-Apr-2025 19:47:51 Europe/Berlin] Connected to database. Tables found: favorites, feedback, matches, matches_backup, matches_new, news, newsletter, notifications, players, subscriptions, users
[23-Apr-2025 19:47:51 Europe/Berlin] Executing SQL: CREATE TABLE IF NOT EXISTS users (
                id INT AUTO_INCREMENT PRIMARY KEY,
                username VARCHAR(50) NOT NULL UNIQUE,
                password VARCHAR(255) NOT NULL,
                email VARCHAR(100) NOT NULL UNIQUE,
                account_type ENUM('user', 'admin') DEFAULT 'user',
                created_at TIMESTAMP DEFAULT CURRENT_TIMESTAMP
            )
[23-Apr-2025 19:47:51 Europe/Berlin] With params: []
[23-Apr-2025 19:47:51 Europe/Berlin] Query executed successfully. Found 0 rows
[23-Apr-2025 19:47:51 Europe/Berlin] Users table created or already exists
[23-Apr-2025 19:47:51 Europe/Berlin] Users table structure: [{"Field":"id","Type":"int(11)","Null":"NO","Key":"PRI","Default":null,"Extra":"auto_increment"},{"Field":"username","Type":"varchar(50)","Null":"NO","Key":"","Default":null,"Extra":""},{"Field":"email","Type":"varchar(100)","Null":"NO","Key":"UNI","Default":null,"Extra":""},{"Field":"password","Type":"varchar(255)","Null":"NO","Key":"","Default":null,"Extra":""},{"Field":"role","Type":"enum('user','admin')","Null":"YES","Key":"","Default":"user","Extra":""},{"Field":"verification_code","Type":"varchar(100)","Null":"YES","Key":"","Default":null,"Extra":""},{"Field":"is_verified","Type":"tinyint(1)","Null":"YES","Key":"","Default":"0","Extra":""},{"Field":"created_at","Type":"timestamp","Null":"NO","Key":"","Default":"current_timestamp()","Extra":""},{"Field":"favorite_sport","Type":"varchar(50)","Null":"YES","Key":"","Default":null,"Extra":""},{"Field":"favorite_team","Type":"varchar(50)","Null":"YES","Key":"","Default":null,"Extra":""},{"Field":"account_type","Type":"enum('user','admin')","Null":"YES","Key":"","Default":"user","Extra":""}]
[23-Apr-2025 19:47:51 Europe/Berlin] Number of users in database: 13
[23-Apr-2025 19:47:51 Europe/Berlin] All tables initialized successfully
[23-Apr-2025 19:47:51 Europe/Berlin] API Request received: /sportsync/backend/match.php?action=fetch_matches&sport=cricket&status=live
[23-Apr-2025 19:47:51 Europe/Berlin] GET parameters: Array
(
    [action] => fetch_matches
    [sport] => cricket
    [status] => live
)

[23-Apr-2025 19:47:51 Europe/Berlin] Executing SQL: SELECT * FROM matches WHERE sport = :sport AND status = :status
[23-Apr-2025 19:47:51 Europe/Berlin] With params: {":sport":"cricket",":status":"live"}
[23-Apr-2025 19:47:51 Europe/Berlin] Query executed successfully. Found 1 rows
[23-Apr-2025 19:48:21 Europe/Berlin] Connected to database. Tables found: favorites, feedback, matches, matches_backup, matches_new, news, newsletter, notifications, players, subscriptions, users
[23-Apr-2025 19:48:21 Europe/Berlin] Executing SQL: CREATE TABLE IF NOT EXISTS users (
                id INT AUTO_INCREMENT PRIMARY KEY,
                username VARCHAR(50) NOT NULL UNIQUE,
                password VARCHAR(255) NOT NULL,
                email VARCHAR(100) NOT NULL UNIQUE,
                account_type ENUM('user', 'admin') DEFAULT 'user',
                created_at TIMESTAMP DEFAULT CURRENT_TIMESTAMP
            )
[23-Apr-2025 19:48:21 Europe/Berlin] With params: []
[23-Apr-2025 19:48:21 Europe/Berlin] Query executed successfully. Found 0 rows
[23-Apr-2025 19:48:21 Europe/Berlin] Users table created or already exists
[23-Apr-2025 19:48:21 Europe/Berlin] Users table structure: [{"Field":"id","Type":"int(11)","Null":"NO","Key":"PRI","Default":null,"Extra":"auto_increment"},{"Field":"username","Type":"varchar(50)","Null":"NO","Key":"","Default":null,"Extra":""},{"Field":"email","Type":"varchar(100)","Null":"NO","Key":"UNI","Default":null,"Extra":""},{"Field":"password","Type":"varchar(255)","Null":"NO","Key":"","Default":null,"Extra":""},{"Field":"role","Type":"enum('user','admin')","Null":"YES","Key":"","Default":"user","Extra":""},{"Field":"verification_code","Type":"varchar(100)","Null":"YES","Key":"","Default":null,"Extra":""},{"Field":"is_verified","Type":"tinyint(1)","Null":"YES","Key":"","Default":"0","Extra":""},{"Field":"created_at","Type":"timestamp","Null":"NO","Key":"","Default":"current_timestamp()","Extra":""},{"Field":"favorite_sport","Type":"varchar(50)","Null":"YES","Key":"","Default":null,"Extra":""},{"Field":"favorite_team","Type":"varchar(50)","Null":"YES","Key":"","Default":null,"Extra":""},{"Field":"account_type","Type":"enum('user','admin')","Null":"YES","Key":"","Default":"user","Extra":""}]
[23-Apr-2025 19:48:21 Europe/Berlin] Number of users in database: 13
[23-Apr-2025 19:48:21 Europe/Berlin] All tables initialized successfully
[23-Apr-2025 19:48:21 Europe/Berlin] API Request received: /sportsync/backend/match.php?action=fetch_matches&sport=cricket&status=live
[23-Apr-2025 19:48:21 Europe/Berlin] GET parameters: Array
(
    [action] => fetch_matches
    [sport] => cricket
    [status] => live
)

[23-Apr-2025 19:48:21 Europe/Berlin] Executing SQL: SELECT * FROM matches WHERE sport = :sport AND status = :status
[23-Apr-2025 19:48:21 Europe/Berlin] With params: {":sport":"cricket",":status":"live"}
[23-Apr-2025 19:48:21 Europe/Berlin] Query executed successfully. Found 1 rows
[23-Apr-2025 19:49:22 Europe/Berlin] Connected to database. Tables found: favorites, feedback, matches, matches_backup, matches_new, news, newsletter, notifications, players, subscriptions, users
[23-Apr-2025 19:49:22 Europe/Berlin] Executing SQL: CREATE TABLE IF NOT EXISTS users (
                id INT AUTO_INCREMENT PRIMARY KEY,
                username VARCHAR(50) NOT NULL UNIQUE,
                password VARCHAR(255) NOT NULL,
                email VARCHAR(100) NOT NULL UNIQUE,
                account_type ENUM('user', 'admin') DEFAULT 'user',
                created_at TIMESTAMP DEFAULT CURRENT_TIMESTAMP
            )
[23-Apr-2025 19:49:22 Europe/Berlin] With params: []
[23-Apr-2025 19:49:22 Europe/Berlin] Query executed successfully. Found 0 rows
[23-Apr-2025 19:49:22 Europe/Berlin] Users table created or already exists
[23-Apr-2025 19:49:22 Europe/Berlin] Users table structure: [{"Field":"id","Type":"int(11)","Null":"NO","Key":"PRI","Default":null,"Extra":"auto_increment"},{"Field":"username","Type":"varchar(50)","Null":"NO","Key":"","Default":null,"Extra":""},{"Field":"email","Type":"varchar(100)","Null":"NO","Key":"UNI","Default":null,"Extra":""},{"Field":"password","Type":"varchar(255)","Null":"NO","Key":"","Default":null,"Extra":""},{"Field":"role","Type":"enum('user','admin')","Null":"YES","Key":"","Default":"user","Extra":""},{"Field":"verification_code","Type":"varchar(100)","Null":"YES","Key":"","Default":null,"Extra":""},{"Field":"is_verified","Type":"tinyint(1)","Null":"YES","Key":"","Default":"0","Extra":""},{"Field":"created_at","Type":"timestamp","Null":"NO","Key":"","Default":"current_timestamp()","Extra":""},{"Field":"favorite_sport","Type":"varchar(50)","Null":"YES","Key":"","Default":null,"Extra":""},{"Field":"favorite_team","Type":"varchar(50)","Null":"YES","Key":"","Default":null,"Extra":""},{"Field":"account_type","Type":"enum('user','admin')","Null":"YES","Key":"","Default":"user","Extra":""}]
[23-Apr-2025 19:49:22 Europe/Berlin] Number of users in database: 13
[23-Apr-2025 19:49:22 Europe/Berlin] All tables initialized successfully
[23-Apr-2025 19:49:22 Europe/Berlin] API Request received: /sportsync/backend/match.php?action=fetch_matches&sport=cricket&status=live
[23-Apr-2025 19:49:22 Europe/Berlin] GET parameters: Array
(
    [action] => fetch_matches
    [sport] => cricket
    [status] => live
)

[23-Apr-2025 19:49:22 Europe/Berlin] Executing SQL: SELECT * FROM matches WHERE sport = :sport AND status = :status
[23-Apr-2025 19:49:22 Europe/Berlin] With params: {":sport":"cricket",":status":"live"}
[23-Apr-2025 19:49:22 Europe/Berlin] Query executed successfully. Found 1 rows
[23-Apr-2025 19:50:23 Europe/Berlin] Connected to database. Tables found: favorites, feedback, matches, matches_backup, matches_new, news, newsletter, notifications, players, subscriptions, users
[23-Apr-2025 19:50:23 Europe/Berlin] Executing SQL: CREATE TABLE IF NOT EXISTS users (
                id INT AUTO_INCREMENT PRIMARY KEY,
                username VARCHAR(50) NOT NULL UNIQUE,
                password VARCHAR(255) NOT NULL,
                email VARCHAR(100) NOT NULL UNIQUE,
                account_type ENUM('user', 'admin') DEFAULT 'user',
                created_at TIMESTAMP DEFAULT CURRENT_TIMESTAMP
            )
[23-Apr-2025 19:50:23 Europe/Berlin] With params: []
[23-Apr-2025 19:50:23 Europe/Berlin] Query executed successfully. Found 0 rows
[23-Apr-2025 19:50:23 Europe/Berlin] Users table created or already exists
[23-Apr-2025 19:50:23 Europe/Berlin] Users table structure: [{"Field":"id","Type":"int(11)","Null":"NO","Key":"PRI","Default":null,"Extra":"auto_increment"},{"Field":"username","Type":"varchar(50)","Null":"NO","Key":"","Default":null,"Extra":""},{"Field":"email","Type":"varchar(100)","Null":"NO","Key":"UNI","Default":null,"Extra":""},{"Field":"password","Type":"varchar(255)","Null":"NO","Key":"","Default":null,"Extra":""},{"Field":"role","Type":"enum('user','admin')","Null":"YES","Key":"","Default":"user","Extra":""},{"Field":"verification_code","Type":"varchar(100)","Null":"YES","Key":"","Default":null,"Extra":""},{"Field":"is_verified","Type":"tinyint(1)","Null":"YES","Key":"","Default":"0","Extra":""},{"Field":"created_at","Type":"timestamp","Null":"NO","Key":"","Default":"current_timestamp()","Extra":""},{"Field":"favorite_sport","Type":"varchar(50)","Null":"YES","Key":"","Default":null,"Extra":""},{"Field":"favorite_team","Type":"varchar(50)","Null":"YES","Key":"","Default":null,"Extra":""},{"Field":"account_type","Type":"enum('user','admin')","Null":"YES","Key":"","Default":"user","Extra":""}]
[23-Apr-2025 19:50:23 Europe/Berlin] Number of users in database: 13
[23-Apr-2025 19:50:23 Europe/Berlin] All tables initialized successfully
[23-Apr-2025 19:50:23 Europe/Berlin] API Request received: /sportsync/backend/match.php?action=fetch_matches&sport=cricket&status=live
[23-Apr-2025 19:50:23 Europe/Berlin] GET parameters: Array
(
    [action] => fetch_matches
    [sport] => cricket
    [status] => live
)

[23-Apr-2025 19:50:23 Europe/Berlin] Executing SQL: SELECT * FROM matches WHERE sport = :sport AND status = :status
[23-Apr-2025 19:50:23 Europe/Berlin] With params: {":sport":"cricket",":status":"live"}
[23-Apr-2025 19:50:23 Europe/Berlin] Query executed successfully. Found 1 rows
[23-Apr-2025 19:51:24 Europe/Berlin] Connected to database. Tables found: favorites, feedback, matches, matches_backup, matches_new, news, newsletter, notifications, players, subscriptions, users
[23-Apr-2025 19:51:24 Europe/Berlin] Executing SQL: CREATE TABLE IF NOT EXISTS users (
                id INT AUTO_INCREMENT PRIMARY KEY,
                username VARCHAR(50) NOT NULL UNIQUE,
                password VARCHAR(255) NOT NULL,
                email VARCHAR(100) NOT NULL UNIQUE,
                account_type ENUM('user', 'admin') DEFAULT 'user',
                created_at TIMESTAMP DEFAULT CURRENT_TIMESTAMP
            )
[23-Apr-2025 19:51:24 Europe/Berlin] With params: []
[23-Apr-2025 19:51:24 Europe/Berlin] Query executed successfully. Found 0 rows
[23-Apr-2025 19:51:24 Europe/Berlin] Users table created or already exists
[23-Apr-2025 19:51:24 Europe/Berlin] Users table structure: [{"Field":"id","Type":"int(11)","Null":"NO","Key":"PRI","Default":null,"Extra":"auto_increment"},{"Field":"username","Type":"varchar(50)","Null":"NO","Key":"","Default":null,"Extra":""},{"Field":"email","Type":"varchar(100)","Null":"NO","Key":"UNI","Default":null,"Extra":""},{"Field":"password","Type":"varchar(255)","Null":"NO","Key":"","Default":null,"Extra":""},{"Field":"role","Type":"enum('user','admin')","Null":"YES","Key":"","Default":"user","Extra":""},{"Field":"verification_code","Type":"varchar(100)","Null":"YES","Key":"","Default":null,"Extra":""},{"Field":"is_verified","Type":"tinyint(1)","Null":"YES","Key":"","Default":"0","Extra":""},{"Field":"created_at","Type":"timestamp","Null":"NO","Key":"","Default":"current_timestamp()","Extra":""},{"Field":"favorite_sport","Type":"varchar(50)","Null":"YES","Key":"","Default":null,"Extra":""},{"Field":"favorite_team","Type":"varchar(50)","Null":"YES","Key":"","Default":null,"Extra":""},{"Field":"account_type","Type":"enum('user','admin')","Null":"YES","Key":"","Default":"user","Extra":""}]
[23-Apr-2025 19:51:24 Europe/Berlin] Number of users in database: 13
[23-Apr-2025 19:51:24 Europe/Berlin] All tables initialized successfully
[23-Apr-2025 19:51:24 Europe/Berlin] API Request received: /sportsync/backend/match.php?action=fetch_matches&sport=cricket&status=live
[23-Apr-2025 19:51:24 Europe/Berlin] GET parameters: Array
(
    [action] => fetch_matches
    [sport] => cricket
    [status] => live
)

[23-Apr-2025 19:51:24 Europe/Berlin] Executing SQL: SELECT * FROM matches WHERE sport = :sport AND status = :status
[23-Apr-2025 19:51:24 Europe/Berlin] With params: {":sport":"cricket",":status":"live"}
[23-Apr-2025 19:51:24 Europe/Berlin] Query executed successfully. Found 1 rows
[23-Apr-2025 19:52:25 Europe/Berlin] Connected to database. Tables found: favorites, feedback, matches, matches_backup, matches_new, news, newsletter, notifications, players, subscriptions, users
[23-Apr-2025 19:52:25 Europe/Berlin] Executing SQL: CREATE TABLE IF NOT EXISTS users (
                id INT AUTO_INCREMENT PRIMARY KEY,
                username VARCHAR(50) NOT NULL UNIQUE,
                password VARCHAR(255) NOT NULL,
                email VARCHAR(100) NOT NULL UNIQUE,
                account_type ENUM('user', 'admin') DEFAULT 'user',
                created_at TIMESTAMP DEFAULT CURRENT_TIMESTAMP
            )
[23-Apr-2025 19:52:25 Europe/Berlin] With params: []
[23-Apr-2025 19:52:25 Europe/Berlin] Query executed successfully. Found 0 rows
[23-Apr-2025 19:52:25 Europe/Berlin] Users table created or already exists
[23-Apr-2025 19:52:25 Europe/Berlin] Users table structure: [{"Field":"id","Type":"int(11)","Null":"NO","Key":"PRI","Default":null,"Extra":"auto_increment"},{"Field":"username","Type":"varchar(50)","Null":"NO","Key":"","Default":null,"Extra":""},{"Field":"email","Type":"varchar(100)","Null":"NO","Key":"UNI","Default":null,"Extra":""},{"Field":"password","Type":"varchar(255)","Null":"NO","Key":"","Default":null,"Extra":""},{"Field":"role","Type":"enum('user','admin')","Null":"YES","Key":"","Default":"user","Extra":""},{"Field":"verification_code","Type":"varchar(100)","Null":"YES","Key":"","Default":null,"Extra":""},{"Field":"is_verified","Type":"tinyint(1)","Null":"YES","Key":"","Default":"0","Extra":""},{"Field":"created_at","Type":"timestamp","Null":"NO","Key":"","Default":"current_timestamp()","Extra":""},{"Field":"favorite_sport","Type":"varchar(50)","Null":"YES","Key":"","Default":null,"Extra":""},{"Field":"favorite_team","Type":"varchar(50)","Null":"YES","Key":"","Default":null,"Extra":""},{"Field":"account_type","Type":"enum('user','admin')","Null":"YES","Key":"","Default":"user","Extra":""}]
[23-Apr-2025 19:52:25 Europe/Berlin] Number of users in database: 13
[23-Apr-2025 19:52:25 Europe/Berlin] All tables initialized successfully
[23-Apr-2025 19:52:25 Europe/Berlin] API Request received: /sportsync/backend/match.php?action=fetch_matches&sport=cricket&status=live
[23-Apr-2025 19:52:25 Europe/Berlin] GET parameters: Array
(
    [action] => fetch_matches
    [sport] => cricket
    [status] => live
)

[23-Apr-2025 19:52:25 Europe/Berlin] Executing SQL: SELECT * FROM matches WHERE sport = :sport AND status = :status
[23-Apr-2025 19:52:25 Europe/Berlin] With params: {":sport":"cricket",":status":"live"}
[23-Apr-2025 19:52:25 Europe/Berlin] Query executed successfully. Found 1 rows
[23-Apr-2025 20:04:35 Europe/Berlin] Connected to database. Tables found: favorites, feedback, matches, matches_backup, matches_new, news, newsletter, notifications, players, subscriptions, users
[23-Apr-2025 20:04:35 Europe/Berlin] Executing SQL: CREATE TABLE IF NOT EXISTS users (
                id INT AUTO_INCREMENT PRIMARY KEY,
                username VARCHAR(50) NOT NULL UNIQUE,
                password VARCHAR(255) NOT NULL,
                email VARCHAR(100) NOT NULL UNIQUE,
                account_type ENUM('user', 'admin') DEFAULT 'user',
                created_at TIMESTAMP DEFAULT CURRENT_TIMESTAMP
            )
[23-Apr-2025 20:04:35 Europe/Berlin] With params: []
[23-Apr-2025 20:04:35 Europe/Berlin] Query executed successfully. Found 0 rows
[23-Apr-2025 20:04:35 Europe/Berlin] Users table created or already exists
[23-Apr-2025 20:04:35 Europe/Berlin] Users table structure: [{"Field":"id","Type":"int(11)","Null":"NO","Key":"PRI","Default":null,"Extra":"auto_increment"},{"Field":"username","Type":"varchar(50)","Null":"NO","Key":"","Default":null,"Extra":""},{"Field":"email","Type":"varchar(100)","Null":"NO","Key":"UNI","Default":null,"Extra":""},{"Field":"password","Type":"varchar(255)","Null":"NO","Key":"","Default":null,"Extra":""},{"Field":"role","Type":"enum('user','admin')","Null":"YES","Key":"","Default":"user","Extra":""},{"Field":"verification_code","Type":"varchar(100)","Null":"YES","Key":"","Default":null,"Extra":""},{"Field":"is_verified","Type":"tinyint(1)","Null":"YES","Key":"","Default":"0","Extra":""},{"Field":"created_at","Type":"timestamp","Null":"NO","Key":"","Default":"current_timestamp()","Extra":""},{"Field":"favorite_sport","Type":"varchar(50)","Null":"YES","Key":"","Default":null,"Extra":""},{"Field":"favorite_team","Type":"varchar(50)","Null":"YES","Key":"","Default":null,"Extra":""},{"Field":"account_type","Type":"enum('user','admin')","Null":"YES","Key":"","Default":"user","Extra":""}]
[23-Apr-2025 20:04:35 Europe/Berlin] Number of users in database: 13
[23-Apr-2025 20:04:35 Europe/Berlin] All tables initialized successfully
[23-Apr-2025 20:04:35 Europe/Berlin] API Request received: /sportsync/backend/match.php?action=fetch_matches&sport=cricket&status=live
[23-Apr-2025 20:04:35 Europe/Berlin] GET parameters: Array
(
    [action] => fetch_matches
    [sport] => cricket
    [status] => live
)

[23-Apr-2025 20:04:35 Europe/Berlin] Executing SQL: SELECT * FROM matches WHERE sport = :sport AND status = :status
[23-Apr-2025 20:04:35 Europe/Berlin] With params: {":sport":"cricket",":status":"live"}
[23-Apr-2025 20:04:35 Europe/Berlin] Query executed successfully. Found 1 rows
[23-Apr-2025 20:05:36 Europe/Berlin] Connected to database. Tables found: favorites, feedback, matches, matches_backup, matches_new, news, newsletter, notifications, players, subscriptions, users
[23-Apr-2025 20:05:36 Europe/Berlin] Executing SQL: CREATE TABLE IF NOT EXISTS users (
                id INT AUTO_INCREMENT PRIMARY KEY,
                username VARCHAR(50) NOT NULL UNIQUE,
                password VARCHAR(255) NOT NULL,
                email VARCHAR(100) NOT NULL UNIQUE,
                account_type ENUM('user', 'admin') DEFAULT 'user',
                created_at TIMESTAMP DEFAULT CURRENT_TIMESTAMP
            )
[23-Apr-2025 20:05:36 Europe/Berlin] With params: []
[23-Apr-2025 20:05:36 Europe/Berlin] Query executed successfully. Found 0 rows
[23-Apr-2025 20:05:36 Europe/Berlin] Users table created or already exists
[23-Apr-2025 20:05:36 Europe/Berlin] Users table structure: [{"Field":"id","Type":"int(11)","Null":"NO","Key":"PRI","Default":null,"Extra":"auto_increment"},{"Field":"username","Type":"varchar(50)","Null":"NO","Key":"","Default":null,"Extra":""},{"Field":"email","Type":"varchar(100)","Null":"NO","Key":"UNI","Default":null,"Extra":""},{"Field":"password","Type":"varchar(255)","Null":"NO","Key":"","Default":null,"Extra":""},{"Field":"role","Type":"enum('user','admin')","Null":"YES","Key":"","Default":"user","Extra":""},{"Field":"verification_code","Type":"varchar(100)","Null":"YES","Key":"","Default":null,"Extra":""},{"Field":"is_verified","Type":"tinyint(1)","Null":"YES","Key":"","Default":"0","Extra":""},{"Field":"created_at","Type":"timestamp","Null":"NO","Key":"","Default":"current_timestamp()","Extra":""},{"Field":"favorite_sport","Type":"varchar(50)","Null":"YES","Key":"","Default":null,"Extra":""},{"Field":"favorite_team","Type":"varchar(50)","Null":"YES","Key":"","Default":null,"Extra":""},{"Field":"account_type","Type":"enum('user','admin')","Null":"YES","Key":"","Default":"user","Extra":""}]
[23-Apr-2025 20:05:36 Europe/Berlin] Number of users in database: 13
[23-Apr-2025 20:05:36 Europe/Berlin] All tables initialized successfully
[23-Apr-2025 20:05:36 Europe/Berlin] API Request received: /sportsync/backend/match.php?action=fetch_matches&sport=cricket&status=live
[23-Apr-2025 20:05:36 Europe/Berlin] GET parameters: Array
(
    [action] => fetch_matches
    [sport] => cricket
    [status] => live
)

[23-Apr-2025 20:05:36 Europe/Berlin] Executing SQL: SELECT * FROM matches WHERE sport = :sport AND status = :status
[23-Apr-2025 20:05:36 Europe/Berlin] With params: {":sport":"cricket",":status":"live"}
[23-Apr-2025 20:05:36 Europe/Berlin] Query executed successfully. Found 1 rows
[23-Apr-2025 20:06:37 Europe/Berlin] Connected to database. Tables found: favorites, feedback, matches, matches_backup, matches_new, news, newsletter, notifications, players, subscriptions, users
[23-Apr-2025 20:06:37 Europe/Berlin] Executing SQL: CREATE TABLE IF NOT EXISTS users (
                id INT AUTO_INCREMENT PRIMARY KEY,
                username VARCHAR(50) NOT NULL UNIQUE,
                password VARCHAR(255) NOT NULL,
                email VARCHAR(100) NOT NULL UNIQUE,
                account_type ENUM('user', 'admin') DEFAULT 'user',
                created_at TIMESTAMP DEFAULT CURRENT_TIMESTAMP
            )
[23-Apr-2025 20:06:37 Europe/Berlin] With params: []
[23-Apr-2025 20:06:37 Europe/Berlin] Query executed successfully. Found 0 rows
[23-Apr-2025 20:06:37 Europe/Berlin] Users table created or already exists
[23-Apr-2025 20:06:37 Europe/Berlin] Users table structure: [{"Field":"id","Type":"int(11)","Null":"NO","Key":"PRI","Default":null,"Extra":"auto_increment"},{"Field":"username","Type":"varchar(50)","Null":"NO","Key":"","Default":null,"Extra":""},{"Field":"email","Type":"varchar(100)","Null":"NO","Key":"UNI","Default":null,"Extra":""},{"Field":"password","Type":"varchar(255)","Null":"NO","Key":"","Default":null,"Extra":""},{"Field":"role","Type":"enum('user','admin')","Null":"YES","Key":"","Default":"user","Extra":""},{"Field":"verification_code","Type":"varchar(100)","Null":"YES","Key":"","Default":null,"Extra":""},{"Field":"is_verified","Type":"tinyint(1)","Null":"YES","Key":"","Default":"0","Extra":""},{"Field":"created_at","Type":"timestamp","Null":"NO","Key":"","Default":"current_timestamp()","Extra":""},{"Field":"favorite_sport","Type":"varchar(50)","Null":"YES","Key":"","Default":null,"Extra":""},{"Field":"favorite_team","Type":"varchar(50)","Null":"YES","Key":"","Default":null,"Extra":""},{"Field":"account_type","Type":"enum('user','admin')","Null":"YES","Key":"","Default":"user","Extra":""}]
[23-Apr-2025 20:06:37 Europe/Berlin] Number of users in database: 13
[23-Apr-2025 20:06:37 Europe/Berlin] All tables initialized successfully
[23-Apr-2025 20:06:37 Europe/Berlin] API Request received: /sportsync/backend/match.php?action=fetch_matches&sport=cricket&status=live
[23-Apr-2025 20:06:37 Europe/Berlin] GET parameters: Array
(
    [action] => fetch_matches
    [sport] => cricket
    [status] => live
)

[23-Apr-2025 20:06:37 Europe/Berlin] Executing SQL: SELECT * FROM matches WHERE sport = :sport AND status = :status
[23-Apr-2025 20:06:37 Europe/Berlin] With params: {":sport":"cricket",":status":"live"}
[23-Apr-2025 20:06:37 Europe/Berlin] Query executed successfully. Found 1 rows
[23-Apr-2025 20:07:38 Europe/Berlin] Connected to database. Tables found: favorites, feedback, matches, matches_backup, matches_new, news, newsletter, notifications, players, subscriptions, users
[23-Apr-2025 20:07:38 Europe/Berlin] Executing SQL: CREATE TABLE IF NOT EXISTS users (
                id INT AUTO_INCREMENT PRIMARY KEY,
                username VARCHAR(50) NOT NULL UNIQUE,
                password VARCHAR(255) NOT NULL,
                email VARCHAR(100) NOT NULL UNIQUE,
                account_type ENUM('user', 'admin') DEFAULT 'user',
                created_at TIMESTAMP DEFAULT CURRENT_TIMESTAMP
            )
[23-Apr-2025 20:07:38 Europe/Berlin] With params: []
[23-Apr-2025 20:07:38 Europe/Berlin] Query executed successfully. Found 0 rows
[23-Apr-2025 20:07:38 Europe/Berlin] Users table created or already exists
[23-Apr-2025 20:07:38 Europe/Berlin] Users table structure: [{"Field":"id","Type":"int(11)","Null":"NO","Key":"PRI","Default":null,"Extra":"auto_increment"},{"Field":"username","Type":"varchar(50)","Null":"NO","Key":"","Default":null,"Extra":""},{"Field":"email","Type":"varchar(100)","Null":"NO","Key":"UNI","Default":null,"Extra":""},{"Field":"password","Type":"varchar(255)","Null":"NO","Key":"","Default":null,"Extra":""},{"Field":"role","Type":"enum('user','admin')","Null":"YES","Key":"","Default":"user","Extra":""},{"Field":"verification_code","Type":"varchar(100)","Null":"YES","Key":"","Default":null,"Extra":""},{"Field":"is_verified","Type":"tinyint(1)","Null":"YES","Key":"","Default":"0","Extra":""},{"Field":"created_at","Type":"timestamp","Null":"NO","Key":"","Default":"current_timestamp()","Extra":""},{"Field":"favorite_sport","Type":"varchar(50)","Null":"YES","Key":"","Default":null,"Extra":""},{"Field":"favorite_team","Type":"varchar(50)","Null":"YES","Key":"","Default":null,"Extra":""},{"Field":"account_type","Type":"enum('user','admin')","Null":"YES","Key":"","Default":"user","Extra":""}]
[23-Apr-2025 20:07:38 Europe/Berlin] Number of users in database: 13
[23-Apr-2025 20:07:38 Europe/Berlin] All tables initialized successfully
[23-Apr-2025 20:07:38 Europe/Berlin] API Request received: /sportsync/backend/match.php?action=fetch_matches&sport=cricket&status=live
[23-Apr-2025 20:07:38 Europe/Berlin] GET parameters: Array
(
    [action] => fetch_matches
    [sport] => cricket
    [status] => live
)

[23-Apr-2025 20:07:38 Europe/Berlin] Executing SQL: SELECT * FROM matches WHERE sport = :sport AND status = :status
[23-Apr-2025 20:07:38 Europe/Berlin] With params: {":sport":"cricket",":status":"live"}
[23-Apr-2025 20:07:38 Europe/Berlin] Query executed successfully. Found 1 rows
[23-Apr-2025 20:08:39 Europe/Berlin] Connected to database. Tables found: favorites, feedback, matches, matches_backup, matches_new, news, newsletter, notifications, players, subscriptions, users
[23-Apr-2025 20:08:39 Europe/Berlin] Executing SQL: CREATE TABLE IF NOT EXISTS users (
                id INT AUTO_INCREMENT PRIMARY KEY,
                username VARCHAR(50) NOT NULL UNIQUE,
                password VARCHAR(255) NOT NULL,
                email VARCHAR(100) NOT NULL UNIQUE,
                account_type ENUM('user', 'admin') DEFAULT 'user',
                created_at TIMESTAMP DEFAULT CURRENT_TIMESTAMP
            )
[23-Apr-2025 20:08:39 Europe/Berlin] With params: []
[23-Apr-2025 20:08:39 Europe/Berlin] Query executed successfully. Found 0 rows
[23-Apr-2025 20:08:39 Europe/Berlin] Users table created or already exists
[23-Apr-2025 20:08:39 Europe/Berlin] Users table structure: [{"Field":"id","Type":"int(11)","Null":"NO","Key":"PRI","Default":null,"Extra":"auto_increment"},{"Field":"username","Type":"varchar(50)","Null":"NO","Key":"","Default":null,"Extra":""},{"Field":"email","Type":"varchar(100)","Null":"NO","Key":"UNI","Default":null,"Extra":""},{"Field":"password","Type":"varchar(255)","Null":"NO","Key":"","Default":null,"Extra":""},{"Field":"role","Type":"enum('user','admin')","Null":"YES","Key":"","Default":"user","Extra":""},{"Field":"verification_code","Type":"varchar(100)","Null":"YES","Key":"","Default":null,"Extra":""},{"Field":"is_verified","Type":"tinyint(1)","Null":"YES","Key":"","Default":"0","Extra":""},{"Field":"created_at","Type":"timestamp","Null":"NO","Key":"","Default":"current_timestamp()","Extra":""},{"Field":"favorite_sport","Type":"varchar(50)","Null":"YES","Key":"","Default":null,"Extra":""},{"Field":"favorite_team","Type":"varchar(50)","Null":"YES","Key":"","Default":null,"Extra":""},{"Field":"account_type","Type":"enum('user','admin')","Null":"YES","Key":"","Default":"user","Extra":""}]
[23-Apr-2025 20:08:39 Europe/Berlin] Number of users in database: 13
[23-Apr-2025 20:08:39 Europe/Berlin] All tables initialized successfully
[23-Apr-2025 20:08:39 Europe/Berlin] API Request received: /sportsync/backend/match.php?action=fetch_matches&sport=cricket&status=live
[23-Apr-2025 20:08:39 Europe/Berlin] GET parameters: Array
(
    [action] => fetch_matches
    [sport] => cricket
    [status] => live
)

[23-Apr-2025 20:08:39 Europe/Berlin] Executing SQL: SELECT * FROM matches WHERE sport = :sport AND status = :status
[23-Apr-2025 20:08:39 Europe/Berlin] With params: {":sport":"cricket",":status":"live"}
[23-Apr-2025 20:08:39 Europe/Berlin] Query executed successfully. Found 1 rows
[23-Apr-2025 20:09:40 Europe/Berlin] Connected to database. Tables found: favorites, feedback, matches, matches_backup, matches_new, news, newsletter, notifications, players, subscriptions, users
[23-Apr-2025 20:09:40 Europe/Berlin] Executing SQL: CREATE TABLE IF NOT EXISTS users (
                id INT AUTO_INCREMENT PRIMARY KEY,
                username VARCHAR(50) NOT NULL UNIQUE,
                password VARCHAR(255) NOT NULL,
                email VARCHAR(100) NOT NULL UNIQUE,
                account_type ENUM('user', 'admin') DEFAULT 'user',
                created_at TIMESTAMP DEFAULT CURRENT_TIMESTAMP
            )
[23-Apr-2025 20:09:40 Europe/Berlin] With params: []
[23-Apr-2025 20:09:40 Europe/Berlin] Query executed successfully. Found 0 rows
[23-Apr-2025 20:09:40 Europe/Berlin] Users table created or already exists
[23-Apr-2025 20:09:40 Europe/Berlin] Users table structure: [{"Field":"id","Type":"int(11)","Null":"NO","Key":"PRI","Default":null,"Extra":"auto_increment"},{"Field":"username","Type":"varchar(50)","Null":"NO","Key":"","Default":null,"Extra":""},{"Field":"email","Type":"varchar(100)","Null":"NO","Key":"UNI","Default":null,"Extra":""},{"Field":"password","Type":"varchar(255)","Null":"NO","Key":"","Default":null,"Extra":""},{"Field":"role","Type":"enum('user','admin')","Null":"YES","Key":"","Default":"user","Extra":""},{"Field":"verification_code","Type":"varchar(100)","Null":"YES","Key":"","Default":null,"Extra":""},{"Field":"is_verified","Type":"tinyint(1)","Null":"YES","Key":"","Default":"0","Extra":""},{"Field":"created_at","Type":"timestamp","Null":"NO","Key":"","Default":"current_timestamp()","Extra":""},{"Field":"favorite_sport","Type":"varchar(50)","Null":"YES","Key":"","Default":null,"Extra":""},{"Field":"favorite_team","Type":"varchar(50)","Null":"YES","Key":"","Default":null,"Extra":""},{"Field":"account_type","Type":"enum('user','admin')","Null":"YES","Key":"","Default":"user","Extra":""}]
[23-Apr-2025 20:09:40 Europe/Berlin] Number of users in database: 13
[23-Apr-2025 20:09:40 Europe/Berlin] All tables initialized successfully
[23-Apr-2025 20:09:40 Europe/Berlin] API Request received: /sportsync/backend/match.php?action=fetch_matches&sport=cricket&status=live
[23-Apr-2025 20:09:40 Europe/Berlin] GET parameters: Array
(
    [action] => fetch_matches
    [sport] => cricket
    [status] => live
)

[23-Apr-2025 20:09:40 Europe/Berlin] Executing SQL: SELECT * FROM matches WHERE sport = :sport AND status = :status
[23-Apr-2025 20:09:40 Europe/Berlin] With params: {":sport":"cricket",":status":"live"}
[23-Apr-2025 20:09:40 Europe/Berlin] Query executed successfully. Found 1 rows
[23-Apr-2025 20:10:41 Europe/Berlin] Connected to database. Tables found: favorites, feedback, matches, matches_backup, matches_new, news, newsletter, notifications, players, subscriptions, users
[23-Apr-2025 20:10:41 Europe/Berlin] Executing SQL: CREATE TABLE IF NOT EXISTS users (
                id INT AUTO_INCREMENT PRIMARY KEY,
                username VARCHAR(50) NOT NULL UNIQUE,
                password VARCHAR(255) NOT NULL,
                email VARCHAR(100) NOT NULL UNIQUE,
                account_type ENUM('user', 'admin') DEFAULT 'user',
                created_at TIMESTAMP DEFAULT CURRENT_TIMESTAMP
            )
[23-Apr-2025 20:10:41 Europe/Berlin] With params: []
[23-Apr-2025 20:10:41 Europe/Berlin] Query executed successfully. Found 0 rows
[23-Apr-2025 20:10:41 Europe/Berlin] Users table created or already exists
[23-Apr-2025 20:10:41 Europe/Berlin] Users table structure: [{"Field":"id","Type":"int(11)","Null":"NO","Key":"PRI","Default":null,"Extra":"auto_increment"},{"Field":"username","Type":"varchar(50)","Null":"NO","Key":"","Default":null,"Extra":""},{"Field":"email","Type":"varchar(100)","Null":"NO","Key":"UNI","Default":null,"Extra":""},{"Field":"password","Type":"varchar(255)","Null":"NO","Key":"","Default":null,"Extra":""},{"Field":"role","Type":"enum('user','admin')","Null":"YES","Key":"","Default":"user","Extra":""},{"Field":"verification_code","Type":"varchar(100)","Null":"YES","Key":"","Default":null,"Extra":""},{"Field":"is_verified","Type":"tinyint(1)","Null":"YES","Key":"","Default":"0","Extra":""},{"Field":"created_at","Type":"timestamp","Null":"NO","Key":"","Default":"current_timestamp()","Extra":""},{"Field":"favorite_sport","Type":"varchar(50)","Null":"YES","Key":"","Default":null,"Extra":""},{"Field":"favorite_team","Type":"varchar(50)","Null":"YES","Key":"","Default":null,"Extra":""},{"Field":"account_type","Type":"enum('user','admin')","Null":"YES","Key":"","Default":"user","Extra":""}]
[23-Apr-2025 20:10:41 Europe/Berlin] Number of users in database: 13
[23-Apr-2025 20:10:41 Europe/Berlin] All tables initialized successfully
[23-Apr-2025 20:10:41 Europe/Berlin] API Request received: /sportsync/backend/match.php?action=fetch_matches&sport=cricket&status=live
[23-Apr-2025 20:10:41 Europe/Berlin] GET parameters: Array
(
    [action] => fetch_matches
    [sport] => cricket
    [status] => live
)

[23-Apr-2025 20:10:41 Europe/Berlin] Executing SQL: SELECT * FROM matches WHERE sport = :sport AND status = :status
[23-Apr-2025 20:10:41 Europe/Berlin] With params: {":sport":"cricket",":status":"live"}
[23-Apr-2025 20:10:41 Europe/Berlin] Query executed successfully. Found 1 rows
[23-Apr-2025 20:11:42 Europe/Berlin] Connected to database. Tables found: favorites, feedback, matches, matches_backup, matches_new, news, newsletter, notifications, players, subscriptions, users
[23-Apr-2025 20:11:42 Europe/Berlin] Executing SQL: CREATE TABLE IF NOT EXISTS users (
                id INT AUTO_INCREMENT PRIMARY KEY,
                username VARCHAR(50) NOT NULL UNIQUE,
                password VARCHAR(255) NOT NULL,
                email VARCHAR(100) NOT NULL UNIQUE,
                account_type ENUM('user', 'admin') DEFAULT 'user',
                created_at TIMESTAMP DEFAULT CURRENT_TIMESTAMP
            )
[23-Apr-2025 20:11:42 Europe/Berlin] With params: []
[23-Apr-2025 20:11:42 Europe/Berlin] Query executed successfully. Found 0 rows
[23-Apr-2025 20:11:42 Europe/Berlin] Users table created or already exists
[23-Apr-2025 20:11:42 Europe/Berlin] Users table structure: [{"Field":"id","Type":"int(11)","Null":"NO","Key":"PRI","Default":null,"Extra":"auto_increment"},{"Field":"username","Type":"varchar(50)","Null":"NO","Key":"","Default":null,"Extra":""},{"Field":"email","Type":"varchar(100)","Null":"NO","Key":"UNI","Default":null,"Extra":""},{"Field":"password","Type":"varchar(255)","Null":"NO","Key":"","Default":null,"Extra":""},{"Field":"role","Type":"enum('user','admin')","Null":"YES","Key":"","Default":"user","Extra":""},{"Field":"verification_code","Type":"varchar(100)","Null":"YES","Key":"","Default":null,"Extra":""},{"Field":"is_verified","Type":"tinyint(1)","Null":"YES","Key":"","Default":"0","Extra":""},{"Field":"created_at","Type":"timestamp","Null":"NO","Key":"","Default":"current_timestamp()","Extra":""},{"Field":"favorite_sport","Type":"varchar(50)","Null":"YES","Key":"","Default":null,"Extra":""},{"Field":"favorite_team","Type":"varchar(50)","Null":"YES","Key":"","Default":null,"Extra":""},{"Field":"account_type","Type":"enum('user','admin')","Null":"YES","Key":"","Default":"user","Extra":""}]
[23-Apr-2025 20:11:42 Europe/Berlin] Number of users in database: 13
[23-Apr-2025 20:11:42 Europe/Berlin] All tables initialized successfully
[23-Apr-2025 20:11:42 Europe/Berlin] API Request received: /sportsync/backend/match.php?action=fetch_matches&sport=cricket&status=live
[23-Apr-2025 20:11:42 Europe/Berlin] GET parameters: Array
(
    [action] => fetch_matches
    [sport] => cricket
    [status] => live
)

[23-Apr-2025 20:11:42 Europe/Berlin] Executing SQL: SELECT * FROM matches WHERE sport = :sport AND status = :status
[23-Apr-2025 20:11:42 Europe/Berlin] With params: {":sport":"cricket",":status":"live"}
[23-Apr-2025 20:11:42 Europe/Berlin] Query executed successfully. Found 1 rows
[23-Apr-2025 20:12:43 Europe/Berlin] Connected to database. Tables found: favorites, feedback, matches, matches_backup, matches_new, news, newsletter, notifications, players, subscriptions, users
[23-Apr-2025 20:12:43 Europe/Berlin] Executing SQL: CREATE TABLE IF NOT EXISTS users (
                id INT AUTO_INCREMENT PRIMARY KEY,
                username VARCHAR(50) NOT NULL UNIQUE,
                password VARCHAR(255) NOT NULL,
                email VARCHAR(100) NOT NULL UNIQUE,
                account_type ENUM('user', 'admin') DEFAULT 'user',
                created_at TIMESTAMP DEFAULT CURRENT_TIMESTAMP
            )
[23-Apr-2025 20:12:43 Europe/Berlin] With params: []
[23-Apr-2025 20:12:43 Europe/Berlin] Query executed successfully. Found 0 rows
[23-Apr-2025 20:12:43 Europe/Berlin] Users table created or already exists
[23-Apr-2025 20:12:43 Europe/Berlin] Users table structure: [{"Field":"id","Type":"int(11)","Null":"NO","Key":"PRI","Default":null,"Extra":"auto_increment"},{"Field":"username","Type":"varchar(50)","Null":"NO","Key":"","Default":null,"Extra":""},{"Field":"email","Type":"varchar(100)","Null":"NO","Key":"UNI","Default":null,"Extra":""},{"Field":"password","Type":"varchar(255)","Null":"NO","Key":"","Default":null,"Extra":""},{"Field":"role","Type":"enum('user','admin')","Null":"YES","Key":"","Default":"user","Extra":""},{"Field":"verification_code","Type":"varchar(100)","Null":"YES","Key":"","Default":null,"Extra":""},{"Field":"is_verified","Type":"tinyint(1)","Null":"YES","Key":"","Default":"0","Extra":""},{"Field":"created_at","Type":"timestamp","Null":"NO","Key":"","Default":"current_timestamp()","Extra":""},{"Field":"favorite_sport","Type":"varchar(50)","Null":"YES","Key":"","Default":null,"Extra":""},{"Field":"favorite_team","Type":"varchar(50)","Null":"YES","Key":"","Default":null,"Extra":""},{"Field":"account_type","Type":"enum('user','admin')","Null":"YES","Key":"","Default":"user","Extra":""}]
[23-Apr-2025 20:12:43 Europe/Berlin] Number of users in database: 13
[23-Apr-2025 20:12:43 Europe/Berlin] All tables initialized successfully
[23-Apr-2025 20:12:43 Europe/Berlin] API Request received: /sportsync/backend/match.php?action=fetch_matches&sport=cricket&status=live
[23-Apr-2025 20:12:43 Europe/Berlin] GET parameters: Array
(
    [action] => fetch_matches
    [sport] => cricket
    [status] => live
)

[23-Apr-2025 20:12:43 Europe/Berlin] Executing SQL: SELECT * FROM matches WHERE sport = :sport AND status = :status
[23-Apr-2025 20:12:43 Europe/Berlin] With params: {":sport":"cricket",":status":"live"}
[23-Apr-2025 20:12:43 Europe/Berlin] Query executed successfully. Found 1 rows
[23-Apr-2025 20:13:44 Europe/Berlin] Connected to database. Tables found: favorites, feedback, matches, matches_backup, matches_new, news, newsletter, notifications, players, subscriptions, users
[23-Apr-2025 20:13:44 Europe/Berlin] Executing SQL: CREATE TABLE IF NOT EXISTS users (
                id INT AUTO_INCREMENT PRIMARY KEY,
                username VARCHAR(50) NOT NULL UNIQUE,
                password VARCHAR(255) NOT NULL,
                email VARCHAR(100) NOT NULL UNIQUE,
                account_type ENUM('user', 'admin') DEFAULT 'user',
                created_at TIMESTAMP DEFAULT CURRENT_TIMESTAMP
            )
[23-Apr-2025 20:13:44 Europe/Berlin] With params: []
[23-Apr-2025 20:13:44 Europe/Berlin] Query executed successfully. Found 0 rows
[23-Apr-2025 20:13:44 Europe/Berlin] Users table created or already exists
[23-Apr-2025 20:13:44 Europe/Berlin] Users table structure: [{"Field":"id","Type":"int(11)","Null":"NO","Key":"PRI","Default":null,"Extra":"auto_increment"},{"Field":"username","Type":"varchar(50)","Null":"NO","Key":"","Default":null,"Extra":""},{"Field":"email","Type":"varchar(100)","Null":"NO","Key":"UNI","Default":null,"Extra":""},{"Field":"password","Type":"varchar(255)","Null":"NO","Key":"","Default":null,"Extra":""},{"Field":"role","Type":"enum('user','admin')","Null":"YES","Key":"","Default":"user","Extra":""},{"Field":"verification_code","Type":"varchar(100)","Null":"YES","Key":"","Default":null,"Extra":""},{"Field":"is_verified","Type":"tinyint(1)","Null":"YES","Key":"","Default":"0","Extra":""},{"Field":"created_at","Type":"timestamp","Null":"NO","Key":"","Default":"current_timestamp()","Extra":""},{"Field":"favorite_sport","Type":"varchar(50)","Null":"YES","Key":"","Default":null,"Extra":""},{"Field":"favorite_team","Type":"varchar(50)","Null":"YES","Key":"","Default":null,"Extra":""},{"Field":"account_type","Type":"enum('user','admin')","Null":"YES","Key":"","Default":"user","Extra":""}]
[23-Apr-2025 20:13:44 Europe/Berlin] Number of users in database: 13
[23-Apr-2025 20:13:44 Europe/Berlin] All tables initialized successfully
[23-Apr-2025 20:13:44 Europe/Berlin] API Request received: /sportsync/backend/match.php?action=fetch_matches&sport=cricket&status=live
[23-Apr-2025 20:13:44 Europe/Berlin] GET parameters: Array
(
    [action] => fetch_matches
    [sport] => cricket
    [status] => live
)

[23-Apr-2025 20:13:44 Europe/Berlin] Executing SQL: SELECT * FROM matches WHERE sport = :sport AND status = :status
[23-Apr-2025 20:13:44 Europe/Berlin] With params: {":sport":"cricket",":status":"live"}
[23-Apr-2025 20:13:44 Europe/Berlin] Query executed successfully. Found 1 rows
[23-Apr-2025 20:14:45 Europe/Berlin] Connected to database. Tables found: favorites, feedback, matches, matches_backup, matches_new, news, newsletter, notifications, players, subscriptions, users
[23-Apr-2025 20:14:45 Europe/Berlin] Executing SQL: CREATE TABLE IF NOT EXISTS users (
                id INT AUTO_INCREMENT PRIMARY KEY,
                username VARCHAR(50) NOT NULL UNIQUE,
                password VARCHAR(255) NOT NULL,
                email VARCHAR(100) NOT NULL UNIQUE,
                account_type ENUM('user', 'admin') DEFAULT 'user',
                created_at TIMESTAMP DEFAULT CURRENT_TIMESTAMP
            )
[23-Apr-2025 20:14:45 Europe/Berlin] With params: []
[23-Apr-2025 20:14:45 Europe/Berlin] Query executed successfully. Found 0 rows
[23-Apr-2025 20:14:45 Europe/Berlin] Users table created or already exists
[23-Apr-2025 20:14:45 Europe/Berlin] Users table structure: [{"Field":"id","Type":"int(11)","Null":"NO","Key":"PRI","Default":null,"Extra":"auto_increment"},{"Field":"username","Type":"varchar(50)","Null":"NO","Key":"","Default":null,"Extra":""},{"Field":"email","Type":"varchar(100)","Null":"NO","Key":"UNI","Default":null,"Extra":""},{"Field":"password","Type":"varchar(255)","Null":"NO","Key":"","Default":null,"Extra":""},{"Field":"role","Type":"enum('user','admin')","Null":"YES","Key":"","Default":"user","Extra":""},{"Field":"verification_code","Type":"varchar(100)","Null":"YES","Key":"","Default":null,"Extra":""},{"Field":"is_verified","Type":"tinyint(1)","Null":"YES","Key":"","Default":"0","Extra":""},{"Field":"created_at","Type":"timestamp","Null":"NO","Key":"","Default":"current_timestamp()","Extra":""},{"Field":"favorite_sport","Type":"varchar(50)","Null":"YES","Key":"","Default":null,"Extra":""},{"Field":"favorite_team","Type":"varchar(50)","Null":"YES","Key":"","Default":null,"Extra":""},{"Field":"account_type","Type":"enum('user','admin')","Null":"YES","Key":"","Default":"user","Extra":""}]
[23-Apr-2025 20:14:45 Europe/Berlin] Number of users in database: 13
[23-Apr-2025 20:14:45 Europe/Berlin] All tables initialized successfully
[23-Apr-2025 20:14:45 Europe/Berlin] API Request received: /sportsync/backend/match.php?action=fetch_matches&sport=cricket&status=live
[23-Apr-2025 20:14:45 Europe/Berlin] GET parameters: Array
(
    [action] => fetch_matches
    [sport] => cricket
    [status] => live
)

[23-Apr-2025 20:14:45 Europe/Berlin] Executing SQL: SELECT * FROM matches WHERE sport = :sport AND status = :status
[23-Apr-2025 20:14:45 Europe/Berlin] With params: {":sport":"cricket",":status":"live"}
[23-Apr-2025 20:14:45 Europe/Berlin] Query executed successfully. Found 1 rows
[23-Apr-2025 20:15:46 Europe/Berlin] Connected to database. Tables found: favorites, feedback, matches, matches_backup, matches_new, news, newsletter, notifications, players, subscriptions, users
[23-Apr-2025 20:15:46 Europe/Berlin] Executing SQL: CREATE TABLE IF NOT EXISTS users (
                id INT AUTO_INCREMENT PRIMARY KEY,
                username VARCHAR(50) NOT NULL UNIQUE,
                password VARCHAR(255) NOT NULL,
                email VARCHAR(100) NOT NULL UNIQUE,
                account_type ENUM('user', 'admin') DEFAULT 'user',
                created_at TIMESTAMP DEFAULT CURRENT_TIMESTAMP
            )
[23-Apr-2025 20:15:46 Europe/Berlin] With params: []
[23-Apr-2025 20:15:46 Europe/Berlin] Query executed successfully. Found 0 rows
[23-Apr-2025 20:15:46 Europe/Berlin] Users table created or already exists
[23-Apr-2025 20:15:46 Europe/Berlin] Users table structure: [{"Field":"id","Type":"int(11)","Null":"NO","Key":"PRI","Default":null,"Extra":"auto_increment"},{"Field":"username","Type":"varchar(50)","Null":"NO","Key":"","Default":null,"Extra":""},{"Field":"email","Type":"varchar(100)","Null":"NO","Key":"UNI","Default":null,"Extra":""},{"Field":"password","Type":"varchar(255)","Null":"NO","Key":"","Default":null,"Extra":""},{"Field":"role","Type":"enum('user','admin')","Null":"YES","Key":"","Default":"user","Extra":""},{"Field":"verification_code","Type":"varchar(100)","Null":"YES","Key":"","Default":null,"Extra":""},{"Field":"is_verified","Type":"tinyint(1)","Null":"YES","Key":"","Default":"0","Extra":""},{"Field":"created_at","Type":"timestamp","Null":"NO","Key":"","Default":"current_timestamp()","Extra":""},{"Field":"favorite_sport","Type":"varchar(50)","Null":"YES","Key":"","Default":null,"Extra":""},{"Field":"favorite_team","Type":"varchar(50)","Null":"YES","Key":"","Default":null,"Extra":""},{"Field":"account_type","Type":"enum('user','admin')","Null":"YES","Key":"","Default":"user","Extra":""}]
[23-Apr-2025 20:15:46 Europe/Berlin] Number of users in database: 13
[23-Apr-2025 20:15:46 Europe/Berlin] All tables initialized successfully
[23-Apr-2025 20:15:46 Europe/Berlin] API Request received: /sportsync/backend/match.php?action=fetch_matches&sport=cricket&status=live
[23-Apr-2025 20:15:46 Europe/Berlin] GET parameters: Array
(
    [action] => fetch_matches
    [sport] => cricket
    [status] => live
)

[23-Apr-2025 20:15:46 Europe/Berlin] Executing SQL: SELECT * FROM matches WHERE sport = :sport AND status = :status
[23-Apr-2025 20:15:46 Europe/Berlin] With params: {":sport":"cricket",":status":"live"}
[23-Apr-2025 20:15:46 Europe/Berlin] Query executed successfully. Found 1 rows
[23-Apr-2025 20:16:47 Europe/Berlin] Connected to database. Tables found: favorites, feedback, matches, matches_backup, matches_new, news, newsletter, notifications, players, subscriptions, users
[23-Apr-2025 20:16:47 Europe/Berlin] Executing SQL: CREATE TABLE IF NOT EXISTS users (
                id INT AUTO_INCREMENT PRIMARY KEY,
                username VARCHAR(50) NOT NULL UNIQUE,
                password VARCHAR(255) NOT NULL,
                email VARCHAR(100) NOT NULL UNIQUE,
                account_type ENUM('user', 'admin') DEFAULT 'user',
                created_at TIMESTAMP DEFAULT CURRENT_TIMESTAMP
            )
[23-Apr-2025 20:16:47 Europe/Berlin] With params: []
[23-Apr-2025 20:16:47 Europe/Berlin] Query executed successfully. Found 0 rows
[23-Apr-2025 20:16:47 Europe/Berlin] Users table created or already exists
[23-Apr-2025 20:16:47 Europe/Berlin] Users table structure: [{"Field":"id","Type":"int(11)","Null":"NO","Key":"PRI","Default":null,"Extra":"auto_increment"},{"Field":"username","Type":"varchar(50)","Null":"NO","Key":"","Default":null,"Extra":""},{"Field":"email","Type":"varchar(100)","Null":"NO","Key":"UNI","Default":null,"Extra":""},{"Field":"password","Type":"varchar(255)","Null":"NO","Key":"","Default":null,"Extra":""},{"Field":"role","Type":"enum('user','admin')","Null":"YES","Key":"","Default":"user","Extra":""},{"Field":"verification_code","Type":"varchar(100)","Null":"YES","Key":"","Default":null,"Extra":""},{"Field":"is_verified","Type":"tinyint(1)","Null":"YES","Key":"","Default":"0","Extra":""},{"Field":"created_at","Type":"timestamp","Null":"NO","Key":"","Default":"current_timestamp()","Extra":""},{"Field":"favorite_sport","Type":"varchar(50)","Null":"YES","Key":"","Default":null,"Extra":""},{"Field":"favorite_team","Type":"varchar(50)","Null":"YES","Key":"","Default":null,"Extra":""},{"Field":"account_type","Type":"enum('user','admin')","Null":"YES","Key":"","Default":"user","Extra":""}]
[23-Apr-2025 20:16:47 Europe/Berlin] Number of users in database: 13
[23-Apr-2025 20:16:47 Europe/Berlin] All tables initialized successfully
[23-Apr-2025 20:16:47 Europe/Berlin] API Request received: /sportsync/backend/match.php?action=fetch_matches&sport=cricket&status=live
[23-Apr-2025 20:16:47 Europe/Berlin] GET parameters: Array
(
    [action] => fetch_matches
    [sport] => cricket
    [status] => live
)

[23-Apr-2025 20:16:47 Europe/Berlin] Executing SQL: SELECT * FROM matches WHERE sport = :sport AND status = :status
[23-Apr-2025 20:16:47 Europe/Berlin] With params: {":sport":"cricket",":status":"live"}
[23-Apr-2025 20:16:47 Europe/Berlin] Query executed successfully. Found 1 rows
[23-Apr-2025 20:17:23 Europe/Berlin] Connected to database. Tables found: favorites, feedback, matches, matches_backup, matches_new, news, newsletter, notifications, players, subscriptions, users
[23-Apr-2025 20:17:23 Europe/Berlin] Executing SQL: CREATE TABLE IF NOT EXISTS users (
                id INT AUTO_INCREMENT PRIMARY KEY,
                username VARCHAR(50) NOT NULL UNIQUE,
                password VARCHAR(255) NOT NULL,
                email VARCHAR(100) NOT NULL UNIQUE,
                account_type ENUM('user', 'admin') DEFAULT 'user',
                created_at TIMESTAMP DEFAULT CURRENT_TIMESTAMP
            )
[23-Apr-2025 20:17:23 Europe/Berlin] With params: []
[23-Apr-2025 20:17:23 Europe/Berlin] Query executed successfully. Found 0 rows
[23-Apr-2025 20:17:23 Europe/Berlin] Users table created or already exists
[23-Apr-2025 20:17:23 Europe/Berlin] Users table structure: [{"Field":"id","Type":"int(11)","Null":"NO","Key":"PRI","Default":null,"Extra":"auto_increment"},{"Field":"username","Type":"varchar(50)","Null":"NO","Key":"","Default":null,"Extra":""},{"Field":"email","Type":"varchar(100)","Null":"NO","Key":"UNI","Default":null,"Extra":""},{"Field":"password","Type":"varchar(255)","Null":"NO","Key":"","Default":null,"Extra":""},{"Field":"role","Type":"enum('user','admin')","Null":"YES","Key":"","Default":"user","Extra":""},{"Field":"verification_code","Type":"varchar(100)","Null":"YES","Key":"","Default":null,"Extra":""},{"Field":"is_verified","Type":"tinyint(1)","Null":"YES","Key":"","Default":"0","Extra":""},{"Field":"created_at","Type":"timestamp","Null":"NO","Key":"","Default":"current_timestamp()","Extra":""},{"Field":"favorite_sport","Type":"varchar(50)","Null":"YES","Key":"","Default":null,"Extra":""},{"Field":"favorite_team","Type":"varchar(50)","Null":"YES","Key":"","Default":null,"Extra":""},{"Field":"account_type","Type":"enum('user','admin')","Null":"YES","Key":"","Default":"user","Extra":""}]
[23-Apr-2025 20:17:23 Europe/Berlin] Number of users in database: 13
[23-Apr-2025 20:17:23 Europe/Berlin] All tables initialized successfully
[23-Apr-2025 20:17:23 Europe/Berlin] API Request received: /sportsync/backend/match.php?action=fetch_matches&sport=cricket&status=live
[23-Apr-2025 20:17:23 Europe/Berlin] GET parameters: Array
(
    [action] => fetch_matches
    [sport] => cricket
    [status] => live
)

[23-Apr-2025 20:17:23 Europe/Berlin] Executing SQL: SELECT * FROM matches WHERE sport = :sport AND status = :status
[23-Apr-2025 20:17:23 Europe/Berlin] With params: {":sport":"cricket",":status":"live"}
[23-Apr-2025 20:17:23 Europe/Berlin] Query executed successfully. Found 1 rows
[23-Apr-2025 20:17:30 Europe/Berlin] Connected to database. Tables found: favorites, feedback, matches, matches_backup, matches_new, news, newsletter, notifications, players, subscriptions, users
[23-Apr-2025 20:17:30 Europe/Berlin] Executing SQL: CREATE TABLE IF NOT EXISTS users (
                id INT AUTO_INCREMENT PRIMARY KEY,
                username VARCHAR(50) NOT NULL UNIQUE,
                password VARCHAR(255) NOT NULL,
                email VARCHAR(100) NOT NULL UNIQUE,
                account_type ENUM('user', 'admin') DEFAULT 'user',
                created_at TIMESTAMP DEFAULT CURRENT_TIMESTAMP
            )
[23-Apr-2025 20:17:30 Europe/Berlin] With params: []
[23-Apr-2025 20:17:30 Europe/Berlin] Query executed successfully. Found 0 rows
[23-Apr-2025 20:17:30 Europe/Berlin] Users table created or already exists
[23-Apr-2025 20:17:30 Europe/Berlin] Users table structure: [{"Field":"id","Type":"int(11)","Null":"NO","Key":"PRI","Default":null,"Extra":"auto_increment"},{"Field":"username","Type":"varchar(50)","Null":"NO","Key":"","Default":null,"Extra":""},{"Field":"email","Type":"varchar(100)","Null":"NO","Key":"UNI","Default":null,"Extra":""},{"Field":"password","Type":"varchar(255)","Null":"NO","Key":"","Default":null,"Extra":""},{"Field":"role","Type":"enum('user','admin')","Null":"YES","Key":"","Default":"user","Extra":""},{"Field":"verification_code","Type":"varchar(100)","Null":"YES","Key":"","Default":null,"Extra":""},{"Field":"is_verified","Type":"tinyint(1)","Null":"YES","Key":"","Default":"0","Extra":""},{"Field":"created_at","Type":"timestamp","Null":"NO","Key":"","Default":"current_timestamp()","Extra":""},{"Field":"favorite_sport","Type":"varchar(50)","Null":"YES","Key":"","Default":null,"Extra":""},{"Field":"favorite_team","Type":"varchar(50)","Null":"YES","Key":"","Default":null,"Extra":""},{"Field":"account_type","Type":"enum('user','admin')","Null":"YES","Key":"","Default":"user","Extra":""}]
[23-Apr-2025 20:17:30 Europe/Berlin] Number of users in database: 13
[23-Apr-2025 20:17:30 Europe/Berlin] All tables initialized successfully
[23-Apr-2025 20:17:30 Europe/Berlin] API Request received: /sportsync/backend/match.php?action=fetch_matches&sport=cricket&status=live
[23-Apr-2025 20:17:30 Europe/Berlin] GET parameters: Array
(
    [action] => fetch_matches
    [sport] => cricket
    [status] => live
)

[23-Apr-2025 20:17:30 Europe/Berlin] Executing SQL: SELECT * FROM matches WHERE sport = :sport AND status = :status
[23-Apr-2025 20:17:30 Europe/Berlin] With params: {":sport":"cricket",":status":"live"}
[23-Apr-2025 20:17:30 Europe/Berlin] Query executed successfully. Found 1 rows
[23-Apr-2025 20:18:00 Europe/Berlin] Connected to database. Tables found: favorites, feedback, matches, matches_backup, matches_new, news, newsletter, notifications, players, subscriptions, users
[23-Apr-2025 20:18:00 Europe/Berlin] Executing SQL: CREATE TABLE IF NOT EXISTS users (
                id INT AUTO_INCREMENT PRIMARY KEY,
                username VARCHAR(50) NOT NULL UNIQUE,
                password VARCHAR(255) NOT NULL,
                email VARCHAR(100) NOT NULL UNIQUE,
                account_type ENUM('user', 'admin') DEFAULT 'user',
                created_at TIMESTAMP DEFAULT CURRENT_TIMESTAMP
            )
[23-Apr-2025 20:18:00 Europe/Berlin] With params: []
[23-Apr-2025 20:18:00 Europe/Berlin] Query executed successfully. Found 0 rows
[23-Apr-2025 20:18:00 Europe/Berlin] Users table created or already exists
[23-Apr-2025 20:18:00 Europe/Berlin] Users table structure: [{"Field":"id","Type":"int(11)","Null":"NO","Key":"PRI","Default":null,"Extra":"auto_increment"},{"Field":"username","Type":"varchar(50)","Null":"NO","Key":"","Default":null,"Extra":""},{"Field":"email","Type":"varchar(100)","Null":"NO","Key":"UNI","Default":null,"Extra":""},{"Field":"password","Type":"varchar(255)","Null":"NO","Key":"","Default":null,"Extra":""},{"Field":"role","Type":"enum('user','admin')","Null":"YES","Key":"","Default":"user","Extra":""},{"Field":"verification_code","Type":"varchar(100)","Null":"YES","Key":"","Default":null,"Extra":""},{"Field":"is_verified","Type":"tinyint(1)","Null":"YES","Key":"","Default":"0","Extra":""},{"Field":"created_at","Type":"timestamp","Null":"NO","Key":"","Default":"current_timestamp()","Extra":""},{"Field":"favorite_sport","Type":"varchar(50)","Null":"YES","Key":"","Default":null,"Extra":""},{"Field":"favorite_team","Type":"varchar(50)","Null":"YES","Key":"","Default":null,"Extra":""},{"Field":"account_type","Type":"enum('user','admin')","Null":"YES","Key":"","Default":"user","Extra":""}]
[23-Apr-2025 20:18:00 Europe/Berlin] Number of users in database: 13
[23-Apr-2025 20:18:00 Europe/Berlin] All tables initialized successfully
[23-Apr-2025 20:18:00 Europe/Berlin] API Request received: /sportsync/backend/match.php?action=fetch_matches&sport=cricket&status=live
[23-Apr-2025 20:18:00 Europe/Berlin] GET parameters: Array
(
    [action] => fetch_matches
    [sport] => cricket
    [status] => live
)

[23-Apr-2025 20:18:00 Europe/Berlin] Executing SQL: SELECT * FROM matches WHERE sport = :sport AND status = :status
[23-Apr-2025 20:18:00 Europe/Berlin] With params: {":sport":"cricket",":status":"live"}
[23-Apr-2025 20:18:00 Europe/Berlin] Query executed successfully. Found 1 rows
[23-Apr-2025 20:18:55 Europe/Berlin] Connected to database. Tables found: favorites, feedback, matches, matches_backup, matches_new, news, newsletter, notifications, players, subscriptions, users
[23-Apr-2025 20:18:55 Europe/Berlin] Executing SQL: CREATE TABLE IF NOT EXISTS users (
                id INT AUTO_INCREMENT PRIMARY KEY,
                username VARCHAR(50) NOT NULL UNIQUE,
                password VARCHAR(255) NOT NULL,
                email VARCHAR(100) NOT NULL UNIQUE,
                account_type ENUM('user', 'admin') DEFAULT 'user',
                created_at TIMESTAMP DEFAULT CURRENT_TIMESTAMP
            )
[23-Apr-2025 20:18:55 Europe/Berlin] With params: []
[23-Apr-2025 20:18:55 Europe/Berlin] Query executed successfully. Found 0 rows
[23-Apr-2025 20:18:55 Europe/Berlin] Users table created or already exists
[23-Apr-2025 20:18:55 Europe/Berlin] Users table structure: [{"Field":"id","Type":"int(11)","Null":"NO","Key":"PRI","Default":null,"Extra":"auto_increment"},{"Field":"username","Type":"varchar(50)","Null":"NO","Key":"","Default":null,"Extra":""},{"Field":"email","Type":"varchar(100)","Null":"NO","Key":"UNI","Default":null,"Extra":""},{"Field":"password","Type":"varchar(255)","Null":"NO","Key":"","Default":null,"Extra":""},{"Field":"role","Type":"enum('user','admin')","Null":"YES","Key":"","Default":"user","Extra":""},{"Field":"verification_code","Type":"varchar(100)","Null":"YES","Key":"","Default":null,"Extra":""},{"Field":"is_verified","Type":"tinyint(1)","Null":"YES","Key":"","Default":"0","Extra":""},{"Field":"created_at","Type":"timestamp","Null":"NO","Key":"","Default":"current_timestamp()","Extra":""},{"Field":"favorite_sport","Type":"varchar(50)","Null":"YES","Key":"","Default":null,"Extra":""},{"Field":"favorite_team","Type":"varchar(50)","Null":"YES","Key":"","Default":null,"Extra":""},{"Field":"account_type","Type":"enum('user','admin')","Null":"YES","Key":"","Default":"user","Extra":""}]
[23-Apr-2025 20:18:55 Europe/Berlin] Number of users in database: 13
[23-Apr-2025 20:18:55 Europe/Berlin] All tables initialized successfully
[23-Apr-2025 20:18:55 Europe/Berlin] API Request received: /sportsync/backend/match.php?action=fetch_matches&sport=cricket&status=live
[23-Apr-2025 20:18:55 Europe/Berlin] GET parameters: Array
(
    [action] => fetch_matches
    [sport] => cricket
    [status] => live
)

[23-Apr-2025 20:18:55 Europe/Berlin] Executing SQL: SELECT * FROM matches WHERE sport = :sport AND status = :status
[23-Apr-2025 20:18:55 Europe/Berlin] With params: {":sport":"cricket",":status":"live"}
[23-Apr-2025 20:18:55 Europe/Berlin] Query executed successfully. Found 1 rows
[23-Apr-2025 20:19:55 Europe/Berlin] Connected to database. Tables found: favorites, feedback, matches, matches_backup, matches_new, news, newsletter, notifications, players, subscriptions, users
[23-Apr-2025 20:19:55 Europe/Berlin] Executing SQL: CREATE TABLE IF NOT EXISTS users (
                id INT AUTO_INCREMENT PRIMARY KEY,
                username VARCHAR(50) NOT NULL UNIQUE,
                password VARCHAR(255) NOT NULL,
                email VARCHAR(100) NOT NULL UNIQUE,
                account_type ENUM('user', 'admin') DEFAULT 'user',
                created_at TIMESTAMP DEFAULT CURRENT_TIMESTAMP
            )
[23-Apr-2025 20:19:55 Europe/Berlin] With params: []
[23-Apr-2025 20:19:55 Europe/Berlin] Query executed successfully. Found 0 rows
[23-Apr-2025 20:19:55 Europe/Berlin] Users table created or already exists
[23-Apr-2025 20:19:55 Europe/Berlin] Users table structure: [{"Field":"id","Type":"int(11)","Null":"NO","Key":"PRI","Default":null,"Extra":"auto_increment"},{"Field":"username","Type":"varchar(50)","Null":"NO","Key":"","Default":null,"Extra":""},{"Field":"email","Type":"varchar(100)","Null":"NO","Key":"UNI","Default":null,"Extra":""},{"Field":"password","Type":"varchar(255)","Null":"NO","Key":"","Default":null,"Extra":""},{"Field":"role","Type":"enum('user','admin')","Null":"YES","Key":"","Default":"user","Extra":""},{"Field":"verification_code","Type":"varchar(100)","Null":"YES","Key":"","Default":null,"Extra":""},{"Field":"is_verified","Type":"tinyint(1)","Null":"YES","Key":"","Default":"0","Extra":""},{"Field":"created_at","Type":"timestamp","Null":"NO","Key":"","Default":"current_timestamp()","Extra":""},{"Field":"favorite_sport","Type":"varchar(50)","Null":"YES","Key":"","Default":null,"Extra":""},{"Field":"favorite_team","Type":"varchar(50)","Null":"YES","Key":"","Default":null,"Extra":""},{"Field":"account_type","Type":"enum('user','admin')","Null":"YES","Key":"","Default":"user","Extra":""}]
[23-Apr-2025 20:19:55 Europe/Berlin] Number of users in database: 13
[23-Apr-2025 20:19:55 Europe/Berlin] All tables initialized successfully
[23-Apr-2025 20:19:55 Europe/Berlin] API Request received: /sportsync/backend/match.php?action=fetch_matches&sport=cricket&status=live
[23-Apr-2025 20:19:55 Europe/Berlin] GET parameters: Array
(
    [action] => fetch_matches
    [sport] => cricket
    [status] => live
)

[23-Apr-2025 20:19:55 Europe/Berlin] Executing SQL: SELECT * FROM matches WHERE sport = :sport AND status = :status
[23-Apr-2025 20:19:55 Europe/Berlin] With params: {":sport":"cricket",":status":"live"}
[23-Apr-2025 20:19:55 Europe/Berlin] Query executed successfully. Found 1 rows
[23-Apr-2025 20:20:55 Europe/Berlin] Connected to database. Tables found: favorites, feedback, matches, matches_backup, matches_new, news, newsletter, notifications, players, subscriptions, users
[23-Apr-2025 20:20:55 Europe/Berlin] Executing SQL: CREATE TABLE IF NOT EXISTS users (
                id INT AUTO_INCREMENT PRIMARY KEY,
                username VARCHAR(50) NOT NULL UNIQUE,
                password VARCHAR(255) NOT NULL,
                email VARCHAR(100) NOT NULL UNIQUE,
                account_type ENUM('user', 'admin') DEFAULT 'user',
                created_at TIMESTAMP DEFAULT CURRENT_TIMESTAMP
            )
[23-Apr-2025 20:20:55 Europe/Berlin] With params: []
[23-Apr-2025 20:20:55 Europe/Berlin] Query executed successfully. Found 0 rows
[23-Apr-2025 20:20:55 Europe/Berlin] Users table created or already exists
[23-Apr-2025 20:20:55 Europe/Berlin] Users table structure: [{"Field":"id","Type":"int(11)","Null":"NO","Key":"PRI","Default":null,"Extra":"auto_increment"},{"Field":"username","Type":"varchar(50)","Null":"NO","Key":"","Default":null,"Extra":""},{"Field":"email","Type":"varchar(100)","Null":"NO","Key":"UNI","Default":null,"Extra":""},{"Field":"password","Type":"varchar(255)","Null":"NO","Key":"","Default":null,"Extra":""},{"Field":"role","Type":"enum('user','admin')","Null":"YES","Key":"","Default":"user","Extra":""},{"Field":"verification_code","Type":"varchar(100)","Null":"YES","Key":"","Default":null,"Extra":""},{"Field":"is_verified","Type":"tinyint(1)","Null":"YES","Key":"","Default":"0","Extra":""},{"Field":"created_at","Type":"timestamp","Null":"NO","Key":"","Default":"current_timestamp()","Extra":""},{"Field":"favorite_sport","Type":"varchar(50)","Null":"YES","Key":"","Default":null,"Extra":""},{"Field":"favorite_team","Type":"varchar(50)","Null":"YES","Key":"","Default":null,"Extra":""},{"Field":"account_type","Type":"enum('user','admin')","Null":"YES","Key":"","Default":"user","Extra":""}]
[23-Apr-2025 20:20:55 Europe/Berlin] Number of users in database: 13
[23-Apr-2025 20:20:55 Europe/Berlin] All tables initialized successfully
[23-Apr-2025 20:20:55 Europe/Berlin] API Request received: /sportsync/backend/match.php?action=fetch_matches&sport=cricket&status=live
[23-Apr-2025 20:20:55 Europe/Berlin] GET parameters: Array
(
    [action] => fetch_matches
    [sport] => cricket
    [status] => live
)

[23-Apr-2025 20:20:55 Europe/Berlin] Executing SQL: SELECT * FROM matches WHERE sport = :sport AND status = :status
[23-Apr-2025 20:20:55 Europe/Berlin] With params: {":sport":"cricket",":status":"live"}
[23-Apr-2025 20:20:55 Europe/Berlin] Query executed successfully. Found 1 rows
[23-Apr-2025 20:21:55 Europe/Berlin] Connected to database. Tables found: favorites, feedback, matches, matches_backup, matches_new, news, newsletter, notifications, players, subscriptions, users
[23-Apr-2025 20:21:55 Europe/Berlin] Executing SQL: CREATE TABLE IF NOT EXISTS users (
                id INT AUTO_INCREMENT PRIMARY KEY,
                username VARCHAR(50) NOT NULL UNIQUE,
                password VARCHAR(255) NOT NULL,
                email VARCHAR(100) NOT NULL UNIQUE,
                account_type ENUM('user', 'admin') DEFAULT 'user',
                created_at TIMESTAMP DEFAULT CURRENT_TIMESTAMP
            )
[23-Apr-2025 20:21:55 Europe/Berlin] With params: []
[23-Apr-2025 20:21:55 Europe/Berlin] Query executed successfully. Found 0 rows
[23-Apr-2025 20:21:55 Europe/Berlin] Users table created or already exists
[23-Apr-2025 20:21:55 Europe/Berlin] Users table structure: [{"Field":"id","Type":"int(11)","Null":"NO","Key":"PRI","Default":null,"Extra":"auto_increment"},{"Field":"username","Type":"varchar(50)","Null":"NO","Key":"","Default":null,"Extra":""},{"Field":"email","Type":"varchar(100)","Null":"NO","Key":"UNI","Default":null,"Extra":""},{"Field":"password","Type":"varchar(255)","Null":"NO","Key":"","Default":null,"Extra":""},{"Field":"role","Type":"enum('user','admin')","Null":"YES","Key":"","Default":"user","Extra":""},{"Field":"verification_code","Type":"varchar(100)","Null":"YES","Key":"","Default":null,"Extra":""},{"Field":"is_verified","Type":"tinyint(1)","Null":"YES","Key":"","Default":"0","Extra":""},{"Field":"created_at","Type":"timestamp","Null":"NO","Key":"","Default":"current_timestamp()","Extra":""},{"Field":"favorite_sport","Type":"varchar(50)","Null":"YES","Key":"","Default":null,"Extra":""},{"Field":"favorite_team","Type":"varchar(50)","Null":"YES","Key":"","Default":null,"Extra":""},{"Field":"account_type","Type":"enum('user','admin')","Null":"YES","Key":"","Default":"user","Extra":""}]
[23-Apr-2025 20:21:55 Europe/Berlin] Number of users in database: 13
[23-Apr-2025 20:21:55 Europe/Berlin] All tables initialized successfully
[23-Apr-2025 20:21:55 Europe/Berlin] API Request received: /sportsync/backend/match.php?action=fetch_matches&sport=cricket&status=live
[23-Apr-2025 20:21:55 Europe/Berlin] GET parameters: Array
(
    [action] => fetch_matches
    [sport] => cricket
    [status] => live
)

[23-Apr-2025 20:21:55 Europe/Berlin] Executing SQL: SELECT * FROM matches WHERE sport = :sport AND status = :status
[23-Apr-2025 20:21:55 Europe/Berlin] With params: {":sport":"cricket",":status":"live"}
[23-Apr-2025 20:21:55 Europe/Berlin] Query executed successfully. Found 1 rows
[23-Apr-2025 20:22:55 Europe/Berlin] Connected to database. Tables found: favorites, feedback, matches, matches_backup, matches_new, news, newsletter, notifications, players, subscriptions, users
[23-Apr-2025 20:22:55 Europe/Berlin] Executing SQL: CREATE TABLE IF NOT EXISTS users (
                id INT AUTO_INCREMENT PRIMARY KEY,
                username VARCHAR(50) NOT NULL UNIQUE,
                password VARCHAR(255) NOT NULL,
                email VARCHAR(100) NOT NULL UNIQUE,
                account_type ENUM('user', 'admin') DEFAULT 'user',
                created_at TIMESTAMP DEFAULT CURRENT_TIMESTAMP
            )
[23-Apr-2025 20:22:55 Europe/Berlin] With params: []
[23-Apr-2025 20:22:55 Europe/Berlin] Query executed successfully. Found 0 rows
[23-Apr-2025 20:22:55 Europe/Berlin] Users table created or already exists
[23-Apr-2025 20:22:55 Europe/Berlin] Users table structure: [{"Field":"id","Type":"int(11)","Null":"NO","Key":"PRI","Default":null,"Extra":"auto_increment"},{"Field":"username","Type":"varchar(50)","Null":"NO","Key":"","Default":null,"Extra":""},{"Field":"email","Type":"varchar(100)","Null":"NO","Key":"UNI","Default":null,"Extra":""},{"Field":"password","Type":"varchar(255)","Null":"NO","Key":"","Default":null,"Extra":""},{"Field":"role","Type":"enum('user','admin')","Null":"YES","Key":"","Default":"user","Extra":""},{"Field":"verification_code","Type":"varchar(100)","Null":"YES","Key":"","Default":null,"Extra":""},{"Field":"is_verified","Type":"tinyint(1)","Null":"YES","Key":"","Default":"0","Extra":""},{"Field":"created_at","Type":"timestamp","Null":"NO","Key":"","Default":"current_timestamp()","Extra":""},{"Field":"favorite_sport","Type":"varchar(50)","Null":"YES","Key":"","Default":null,"Extra":""},{"Field":"favorite_team","Type":"varchar(50)","Null":"YES","Key":"","Default":null,"Extra":""},{"Field":"account_type","Type":"enum('user','admin')","Null":"YES","Key":"","Default":"user","Extra":""}]
[23-Apr-2025 20:22:55 Europe/Berlin] Number of users in database: 13
[23-Apr-2025 20:22:55 Europe/Berlin] All tables initialized successfully
[23-Apr-2025 20:22:55 Europe/Berlin] API Request received: /sportsync/backend/match.php?action=fetch_matches&sport=cricket&status=live
[23-Apr-2025 20:22:55 Europe/Berlin] GET parameters: Array
(
    [action] => fetch_matches
    [sport] => cricket
    [status] => live
)

[23-Apr-2025 20:22:55 Europe/Berlin] Executing SQL: SELECT * FROM matches WHERE sport = :sport AND status = :status
[23-Apr-2025 20:22:55 Europe/Berlin] With params: {":sport":"cricket",":status":"live"}
[23-Apr-2025 20:22:55 Europe/Berlin] Query executed successfully. Found 1 rows
[23-Apr-2025 20:23:55 Europe/Berlin] Connected to database. Tables found: favorites, feedback, matches, matches_backup, matches_new, news, newsletter, notifications, players, subscriptions, users
[23-Apr-2025 20:23:55 Europe/Berlin] Executing SQL: CREATE TABLE IF NOT EXISTS users (
                id INT AUTO_INCREMENT PRIMARY KEY,
                username VARCHAR(50) NOT NULL UNIQUE,
                password VARCHAR(255) NOT NULL,
                email VARCHAR(100) NOT NULL UNIQUE,
                account_type ENUM('user', 'admin') DEFAULT 'user',
                created_at TIMESTAMP DEFAULT CURRENT_TIMESTAMP
            )
[23-Apr-2025 20:23:55 Europe/Berlin] With params: []
[23-Apr-2025 20:23:55 Europe/Berlin] Query executed successfully. Found 0 rows
[23-Apr-2025 20:23:55 Europe/Berlin] Users table created or already exists
[23-Apr-2025 20:23:55 Europe/Berlin] Users table structure: [{"Field":"id","Type":"int(11)","Null":"NO","Key":"PRI","Default":null,"Extra":"auto_increment"},{"Field":"username","Type":"varchar(50)","Null":"NO","Key":"","Default":null,"Extra":""},{"Field":"email","Type":"varchar(100)","Null":"NO","Key":"UNI","Default":null,"Extra":""},{"Field":"password","Type":"varchar(255)","Null":"NO","Key":"","Default":null,"Extra":""},{"Field":"role","Type":"enum('user','admin')","Null":"YES","Key":"","Default":"user","Extra":""},{"Field":"verification_code","Type":"varchar(100)","Null":"YES","Key":"","Default":null,"Extra":""},{"Field":"is_verified","Type":"tinyint(1)","Null":"YES","Key":"","Default":"0","Extra":""},{"Field":"created_at","Type":"timestamp","Null":"NO","Key":"","Default":"current_timestamp()","Extra":""},{"Field":"favorite_sport","Type":"varchar(50)","Null":"YES","Key":"","Default":null,"Extra":""},{"Field":"favorite_team","Type":"varchar(50)","Null":"YES","Key":"","Default":null,"Extra":""},{"Field":"account_type","Type":"enum('user','admin')","Null":"YES","Key":"","Default":"user","Extra":""}]
[23-Apr-2025 20:23:55 Europe/Berlin] Number of users in database: 13
[23-Apr-2025 20:23:55 Europe/Berlin] All tables initialized successfully
[23-Apr-2025 20:23:55 Europe/Berlin] API Request received: /sportsync/backend/match.php?action=fetch_matches&sport=cricket&status=live
[23-Apr-2025 20:23:55 Europe/Berlin] GET parameters: Array
(
    [action] => fetch_matches
    [sport] => cricket
    [status] => live
)

[23-Apr-2025 20:23:55 Europe/Berlin] Executing SQL: SELECT * FROM matches WHERE sport = :sport AND status = :status
[23-Apr-2025 20:23:55 Europe/Berlin] With params: {":sport":"cricket",":status":"live"}
[23-Apr-2025 20:23:55 Europe/Berlin] Query executed successfully. Found 1 rows
[23-Apr-2025 20:24:55 Europe/Berlin] Connected to database. Tables found: favorites, feedback, matches, matches_backup, matches_new, news, newsletter, notifications, players, subscriptions, users
[23-Apr-2025 20:24:55 Europe/Berlin] Executing SQL: CREATE TABLE IF NOT EXISTS users (
                id INT AUTO_INCREMENT PRIMARY KEY,
                username VARCHAR(50) NOT NULL UNIQUE,
                password VARCHAR(255) NOT NULL,
                email VARCHAR(100) NOT NULL UNIQUE,
                account_type ENUM('user', 'admin') DEFAULT 'user',
                created_at TIMESTAMP DEFAULT CURRENT_TIMESTAMP
            )
[23-Apr-2025 20:24:55 Europe/Berlin] With params: []
[23-Apr-2025 20:24:55 Europe/Berlin] Query executed successfully. Found 0 rows
[23-Apr-2025 20:24:55 Europe/Berlin] Users table created or already exists
[23-Apr-2025 20:24:55 Europe/Berlin] Users table structure: [{"Field":"id","Type":"int(11)","Null":"NO","Key":"PRI","Default":null,"Extra":"auto_increment"},{"Field":"username","Type":"varchar(50)","Null":"NO","Key":"","Default":null,"Extra":""},{"Field":"email","Type":"varchar(100)","Null":"NO","Key":"UNI","Default":null,"Extra":""},{"Field":"password","Type":"varchar(255)","Null":"NO","Key":"","Default":null,"Extra":""},{"Field":"role","Type":"enum('user','admin')","Null":"YES","Key":"","Default":"user","Extra":""},{"Field":"verification_code","Type":"varchar(100)","Null":"YES","Key":"","Default":null,"Extra":""},{"Field":"is_verified","Type":"tinyint(1)","Null":"YES","Key":"","Default":"0","Extra":""},{"Field":"created_at","Type":"timestamp","Null":"NO","Key":"","Default":"current_timestamp()","Extra":""},{"Field":"favorite_sport","Type":"varchar(50)","Null":"YES","Key":"","Default":null,"Extra":""},{"Field":"favorite_team","Type":"varchar(50)","Null":"YES","Key":"","Default":null,"Extra":""},{"Field":"account_type","Type":"enum('user','admin')","Null":"YES","Key":"","Default":"user","Extra":""}]
[23-Apr-2025 20:24:55 Europe/Berlin] Number of users in database: 13
[23-Apr-2025 20:24:55 Europe/Berlin] All tables initialized successfully
[23-Apr-2025 20:24:55 Europe/Berlin] API Request received: /sportsync/backend/match.php?action=fetch_matches&sport=cricket&status=live
[23-Apr-2025 20:24:55 Europe/Berlin] GET parameters: Array
(
    [action] => fetch_matches
    [sport] => cricket
    [status] => live
)

[23-Apr-2025 20:24:55 Europe/Berlin] Executing SQL: SELECT * FROM matches WHERE sport = :sport AND status = :status
[23-Apr-2025 20:24:55 Europe/Berlin] With params: {":sport":"cricket",":status":"live"}
[23-Apr-2025 20:24:55 Europe/Berlin] Query executed successfully. Found 1 rows
[23-Apr-2025 20:25:55 Europe/Berlin] Connected to database. Tables found: favorites, feedback, matches, matches_backup, matches_new, news, newsletter, notifications, players, subscriptions, users
[23-Apr-2025 20:25:55 Europe/Berlin] Executing SQL: CREATE TABLE IF NOT EXISTS users (
                id INT AUTO_INCREMENT PRIMARY KEY,
                username VARCHAR(50) NOT NULL UNIQUE,
                password VARCHAR(255) NOT NULL,
                email VARCHAR(100) NOT NULL UNIQUE,
                account_type ENUM('user', 'admin') DEFAULT 'user',
                created_at TIMESTAMP DEFAULT CURRENT_TIMESTAMP
            )
[23-Apr-2025 20:25:55 Europe/Berlin] With params: []
[23-Apr-2025 20:25:55 Europe/Berlin] Query executed successfully. Found 0 rows
[23-Apr-2025 20:25:55 Europe/Berlin] Users table created or already exists
[23-Apr-2025 20:25:55 Europe/Berlin] Users table structure: [{"Field":"id","Type":"int(11)","Null":"NO","Key":"PRI","Default":null,"Extra":"auto_increment"},{"Field":"username","Type":"varchar(50)","Null":"NO","Key":"","Default":null,"Extra":""},{"Field":"email","Type":"varchar(100)","Null":"NO","Key":"UNI","Default":null,"Extra":""},{"Field":"password","Type":"varchar(255)","Null":"NO","Key":"","Default":null,"Extra":""},{"Field":"role","Type":"enum('user','admin')","Null":"YES","Key":"","Default":"user","Extra":""},{"Field":"verification_code","Type":"varchar(100)","Null":"YES","Key":"","Default":null,"Extra":""},{"Field":"is_verified","Type":"tinyint(1)","Null":"YES","Key":"","Default":"0","Extra":""},{"Field":"created_at","Type":"timestamp","Null":"NO","Key":"","Default":"current_timestamp()","Extra":""},{"Field":"favorite_sport","Type":"varchar(50)","Null":"YES","Key":"","Default":null,"Extra":""},{"Field":"favorite_team","Type":"varchar(50)","Null":"YES","Key":"","Default":null,"Extra":""},{"Field":"account_type","Type":"enum('user','admin')","Null":"YES","Key":"","Default":"user","Extra":""}]
[23-Apr-2025 20:25:55 Europe/Berlin] Number of users in database: 13
[23-Apr-2025 20:25:55 Europe/Berlin] All tables initialized successfully
[23-Apr-2025 20:25:55 Europe/Berlin] API Request received: /sportsync/backend/match.php?action=fetch_matches&sport=cricket&status=live
[23-Apr-2025 20:25:55 Europe/Berlin] GET parameters: Array
(
    [action] => fetch_matches
    [sport] => cricket
    [status] => live
)

[23-Apr-2025 20:25:55 Europe/Berlin] Executing SQL: SELECT * FROM matches WHERE sport = :sport AND status = :status
[23-Apr-2025 20:25:55 Europe/Berlin] With params: {":sport":"cricket",":status":"live"}
[23-Apr-2025 20:25:55 Europe/Berlin] Query executed successfully. Found 1 rows
[23-Apr-2025 20:26:17 Europe/Berlin] Connected to database. Tables found: favorites, feedback, matches, matches_backup, matches_new, news, newsletter, notifications, players, subscriptions, users
[23-Apr-2025 20:26:17 Europe/Berlin] Executing SQL: CREATE TABLE IF NOT EXISTS users (
                id INT AUTO_INCREMENT PRIMARY KEY,
                username VARCHAR(50) NOT NULL UNIQUE,
                password VARCHAR(255) NOT NULL,
                email VARCHAR(100) NOT NULL UNIQUE,
                account_type ENUM('user', 'admin') DEFAULT 'user',
                created_at TIMESTAMP DEFAULT CURRENT_TIMESTAMP
            )
[23-Apr-2025 20:26:17 Europe/Berlin] With params: []
[23-Apr-2025 20:26:17 Europe/Berlin] Query executed successfully. Found 0 rows
[23-Apr-2025 20:26:17 Europe/Berlin] Users table created or already exists
[23-Apr-2025 20:26:18 Europe/Berlin] Users table structure: [{"Field":"id","Type":"int(11)","Null":"NO","Key":"PRI","Default":null,"Extra":"auto_increment"},{"Field":"username","Type":"varchar(50)","Null":"NO","Key":"","Default":null,"Extra":""},{"Field":"email","Type":"varchar(100)","Null":"NO","Key":"UNI","Default":null,"Extra":""},{"Field":"password","Type":"varchar(255)","Null":"NO","Key":"","Default":null,"Extra":""},{"Field":"role","Type":"enum('user','admin')","Null":"YES","Key":"","Default":"user","Extra":""},{"Field":"verification_code","Type":"varchar(100)","Null":"YES","Key":"","Default":null,"Extra":""},{"Field":"is_verified","Type":"tinyint(1)","Null":"YES","Key":"","Default":"0","Extra":""},{"Field":"created_at","Type":"timestamp","Null":"NO","Key":"","Default":"current_timestamp()","Extra":""},{"Field":"favorite_sport","Type":"varchar(50)","Null":"YES","Key":"","Default":null,"Extra":""},{"Field":"favorite_team","Type":"varchar(50)","Null":"YES","Key":"","Default":null,"Extra":""},{"Field":"account_type","Type":"enum('user','admin')","Null":"YES","Key":"","Default":"user","Extra":""}]
[23-Apr-2025 20:26:18 Europe/Berlin] Number of users in database: 13
[23-Apr-2025 20:26:18 Europe/Berlin] All tables initialized successfully
[23-Apr-2025 20:26:18 Europe/Berlin] API Request received: /sportsync/backend/match.php?action=fetch_matches&sport=cricket&status=live
[23-Apr-2025 20:26:18 Europe/Berlin] GET parameters: Array
(
    [action] => fetch_matches
    [sport] => cricket
    [status] => live
)

[23-Apr-2025 20:26:18 Europe/Berlin] Executing SQL: SELECT * FROM matches WHERE sport = :sport AND status = :status
[23-Apr-2025 20:26:18 Europe/Berlin] With params: {":sport":"cricket",":status":"live"}
[23-Apr-2025 20:26:18 Europe/Berlin] Query executed successfully. Found 1 rows
[23-Apr-2025 20:26:19 Europe/Berlin] Connected to database. Tables found: favorites, feedback, matches, matches_backup, matches_new, news, newsletter, notifications, players, subscriptions, users
[23-Apr-2025 20:26:19 Europe/Berlin] Executing SQL: CREATE TABLE IF NOT EXISTS users (
                id INT AUTO_INCREMENT PRIMARY KEY,
                username VARCHAR(50) NOT NULL UNIQUE,
                password VARCHAR(255) NOT NULL,
                email VARCHAR(100) NOT NULL UNIQUE,
                account_type ENUM('user', 'admin') DEFAULT 'user',
                created_at TIMESTAMP DEFAULT CURRENT_TIMESTAMP
            )
[23-Apr-2025 20:26:19 Europe/Berlin] With params: []
[23-Apr-2025 20:26:19 Europe/Berlin] Query executed successfully. Found 0 rows
[23-Apr-2025 20:26:19 Europe/Berlin] Users table created or already exists
[23-Apr-2025 20:26:19 Europe/Berlin] Users table structure: [{"Field":"id","Type":"int(11)","Null":"NO","Key":"PRI","Default":null,"Extra":"auto_increment"},{"Field":"username","Type":"varchar(50)","Null":"NO","Key":"","Default":null,"Extra":""},{"Field":"email","Type":"varchar(100)","Null":"NO","Key":"UNI","Default":null,"Extra":""},{"Field":"password","Type":"varchar(255)","Null":"NO","Key":"","Default":null,"Extra":""},{"Field":"role","Type":"enum('user','admin')","Null":"YES","Key":"","Default":"user","Extra":""},{"Field":"verification_code","Type":"varchar(100)","Null":"YES","Key":"","Default":null,"Extra":""},{"Field":"is_verified","Type":"tinyint(1)","Null":"YES","Key":"","Default":"0","Extra":""},{"Field":"created_at","Type":"timestamp","Null":"NO","Key":"","Default":"current_timestamp()","Extra":""},{"Field":"favorite_sport","Type":"varchar(50)","Null":"YES","Key":"","Default":null,"Extra":""},{"Field":"favorite_team","Type":"varchar(50)","Null":"YES","Key":"","Default":null,"Extra":""},{"Field":"account_type","Type":"enum('user','admin')","Null":"YES","Key":"","Default":"user","Extra":""}]
[23-Apr-2025 20:26:19 Europe/Berlin] Number of users in database: 13
[23-Apr-2025 20:26:19 Europe/Berlin] All tables initialized successfully
[23-Apr-2025 20:26:19 Europe/Berlin] Connected to database. Tables found: favorites, feedback, matches, matches_backup, matches_new, news, newsletter, notifications, players, subscriptions, users
[23-Apr-2025 20:26:19 Europe/Berlin] Executing SQL: CREATE TABLE IF NOT EXISTS users (
                id INT AUTO_INCREMENT PRIMARY KEY,
                username VARCHAR(50) NOT NULL UNIQUE,
                password VARCHAR(255) NOT NULL,
                email VARCHAR(100) NOT NULL UNIQUE,
                account_type ENUM('user', 'admin') DEFAULT 'user',
                created_at TIMESTAMP DEFAULT CURRENT_TIMESTAMP
            )
[23-Apr-2025 20:26:19 Europe/Berlin] With params: []
[23-Apr-2025 20:26:19 Europe/Berlin] Query executed successfully. Found 0 rows
[23-Apr-2025 20:26:19 Europe/Berlin] Users table created or already exists
[23-Apr-2025 20:26:19 Europe/Berlin] Users table structure: [{"Field":"id","Type":"int(11)","Null":"NO","Key":"PRI","Default":null,"Extra":"auto_increment"},{"Field":"username","Type":"varchar(50)","Null":"NO","Key":"","Default":null,"Extra":""},{"Field":"email","Type":"varchar(100)","Null":"NO","Key":"UNI","Default":null,"Extra":""},{"Field":"password","Type":"varchar(255)","Null":"NO","Key":"","Default":null,"Extra":""},{"Field":"role","Type":"enum('user','admin')","Null":"YES","Key":"","Default":"user","Extra":""},{"Field":"verification_code","Type":"varchar(100)","Null":"YES","Key":"","Default":null,"Extra":""},{"Field":"is_verified","Type":"tinyint(1)","Null":"YES","Key":"","Default":"0","Extra":""},{"Field":"created_at","Type":"timestamp","Null":"NO","Key":"","Default":"current_timestamp()","Extra":""},{"Field":"favorite_sport","Type":"varchar(50)","Null":"YES","Key":"","Default":null,"Extra":""},{"Field":"favorite_team","Type":"varchar(50)","Null":"YES","Key":"","Default":null,"Extra":""},{"Field":"account_type","Type":"enum('user','admin')","Null":"YES","Key":"","Default":"user","Extra":""}]
[23-Apr-2025 20:26:19 Europe/Berlin] Number of users in database: 13
[23-Apr-2025 20:26:19 Europe/Berlin] All tables initialized successfully
[23-Apr-2025 20:26:19 Europe/Berlin] Database tables initialized successfully
[23-Apr-2025 20:26:19 Europe/Berlin] Header - Session status: 2
[23-Apr-2025 20:26:19 Europe/Berlin] Header - Session data: []
[23-Apr-2025 20:26:19 Europe/Berlin] Header - After session start - Status: 2
[23-Apr-2025 20:26:19 Europe/Berlin] Header - After session start - Data: []
[23-Apr-2025 20:26:19 Europe/Berlin] Header - Is logged in: No
[23-Apr-2025 20:26:19 Europe/Berlin] Executing SQL: SELECT * FROM matches WHERE sport = :sport ORDER BY match_time DESC
[23-Apr-2025 20:26:19 Europe/Berlin] With params: {":sport":"cricket"}
[23-Apr-2025 20:26:19 Europe/Berlin] Query executed successfully. Found 4 rows
[23-Apr-2025 20:26:19 Europe/Berlin] Executing SQL: SELECT * FROM matches WHERE sport = :sport AND status = :status
[23-Apr-2025 20:26:19 Europe/Berlin] With params: {":sport":"cricket",":status":"live"}
[23-Apr-2025 20:26:19 Europe/Berlin] Query executed successfully. Found 1 rows
[23-Apr-2025 20:26:25 Europe/Berlin] Connected to database. Tables found: favorites, feedback, matches, matches_backup, matches_new, news, newsletter, notifications, players, subscriptions, users
[23-Apr-2025 20:26:25 Europe/Berlin] Executing SQL: CREATE TABLE IF NOT EXISTS users (
                id INT AUTO_INCREMENT PRIMARY KEY,
                username VARCHAR(50) NOT NULL UNIQUE,
                password VARCHAR(255) NOT NULL,
                email VARCHAR(100) NOT NULL UNIQUE,
                account_type ENUM('user', 'admin') DEFAULT 'user',
                created_at TIMESTAMP DEFAULT CURRENT_TIMESTAMP
            )
[23-Apr-2025 20:26:25 Europe/Berlin] With params: []
[23-Apr-2025 20:26:25 Europe/Berlin] Query executed successfully. Found 0 rows
[23-Apr-2025 20:26:25 Europe/Berlin] Users table created or already exists
[23-Apr-2025 20:26:25 Europe/Berlin] Users table structure: [{"Field":"id","Type":"int(11)","Null":"NO","Key":"PRI","Default":null,"Extra":"auto_increment"},{"Field":"username","Type":"varchar(50)","Null":"NO","Key":"","Default":null,"Extra":""},{"Field":"email","Type":"varchar(100)","Null":"NO","Key":"UNI","Default":null,"Extra":""},{"Field":"password","Type":"varchar(255)","Null":"NO","Key":"","Default":null,"Extra":""},{"Field":"role","Type":"enum('user','admin')","Null":"YES","Key":"","Default":"user","Extra":""},{"Field":"verification_code","Type":"varchar(100)","Null":"YES","Key":"","Default":null,"Extra":""},{"Field":"is_verified","Type":"tinyint(1)","Null":"YES","Key":"","Default":"0","Extra":""},{"Field":"created_at","Type":"timestamp","Null":"NO","Key":"","Default":"current_timestamp()","Extra":""},{"Field":"favorite_sport","Type":"varchar(50)","Null":"YES","Key":"","Default":null,"Extra":""},{"Field":"favorite_team","Type":"varchar(50)","Null":"YES","Key":"","Default":null,"Extra":""},{"Field":"account_type","Type":"enum('user','admin')","Null":"YES","Key":"","Default":"user","Extra":""}]
[23-Apr-2025 20:26:25 Europe/Berlin] Number of users in database: 13
[23-Apr-2025 20:26:25 Europe/Berlin] All tables initialized successfully
[23-Apr-2025 20:26:25 Europe/Berlin] Connected to database. Tables found: favorites, feedback, matches, matches_backup, matches_new, news, newsletter, notifications, players, subscriptions, users
[23-Apr-2025 20:26:25 Europe/Berlin] Executing SQL: CREATE TABLE IF NOT EXISTS users (
                id INT AUTO_INCREMENT PRIMARY KEY,
                username VARCHAR(50) NOT NULL UNIQUE,
                password VARCHAR(255) NOT NULL,
                email VARCHAR(100) NOT NULL UNIQUE,
                account_type ENUM('user', 'admin') DEFAULT 'user',
                created_at TIMESTAMP DEFAULT CURRENT_TIMESTAMP
            )
[23-Apr-2025 20:26:25 Europe/Berlin] With params: []
[23-Apr-2025 20:26:25 Europe/Berlin] Query executed successfully. Found 0 rows
[23-Apr-2025 20:26:25 Europe/Berlin] Users table created or already exists
[23-Apr-2025 20:26:25 Europe/Berlin] Users table structure: [{"Field":"id","Type":"int(11)","Null":"NO","Key":"PRI","Default":null,"Extra":"auto_increment"},{"Field":"username","Type":"varchar(50)","Null":"NO","Key":"","Default":null,"Extra":""},{"Field":"email","Type":"varchar(100)","Null":"NO","Key":"UNI","Default":null,"Extra":""},{"Field":"password","Type":"varchar(255)","Null":"NO","Key":"","Default":null,"Extra":""},{"Field":"role","Type":"enum('user','admin')","Null":"YES","Key":"","Default":"user","Extra":""},{"Field":"verification_code","Type":"varchar(100)","Null":"YES","Key":"","Default":null,"Extra":""},{"Field":"is_verified","Type":"tinyint(1)","Null":"YES","Key":"","Default":"0","Extra":""},{"Field":"created_at","Type":"timestamp","Null":"NO","Key":"","Default":"current_timestamp()","Extra":""},{"Field":"favorite_sport","Type":"varchar(50)","Null":"YES","Key":"","Default":null,"Extra":""},{"Field":"favorite_team","Type":"varchar(50)","Null":"YES","Key":"","Default":null,"Extra":""},{"Field":"account_type","Type":"enum('user','admin')","Null":"YES","Key":"","Default":"user","Extra":""}]
[23-Apr-2025 20:26:25 Europe/Berlin] Number of users in database: 13
[23-Apr-2025 20:26:25 Europe/Berlin] All tables initialized successfully
[23-Apr-2025 20:26:25 Europe/Berlin] Database tables initialized successfully
[23-Apr-2025 20:26:39 Europe/Berlin] Connected to database. Tables found: favorites, feedback, matches, matches_backup, matches_new, news, newsletter, notifications, players, subscriptions, users
[23-Apr-2025 20:26:39 Europe/Berlin] Executing SQL: CREATE TABLE IF NOT EXISTS users (
                id INT AUTO_INCREMENT PRIMARY KEY,
                username VARCHAR(50) NOT NULL UNIQUE,
                password VARCHAR(255) NOT NULL,
                email VARCHAR(100) NOT NULL UNIQUE,
                account_type ENUM('user', 'admin') DEFAULT 'user',
                created_at TIMESTAMP DEFAULT CURRENT_TIMESTAMP
            )
[23-Apr-2025 20:26:39 Europe/Berlin] With params: []
[23-Apr-2025 20:26:39 Europe/Berlin] Query executed successfully. Found 0 rows
[23-Apr-2025 20:26:39 Europe/Berlin] Users table created or already exists
[23-Apr-2025 20:26:39 Europe/Berlin] Users table structure: [{"Field":"id","Type":"int(11)","Null":"NO","Key":"PRI","Default":null,"Extra":"auto_increment"},{"Field":"username","Type":"varchar(50)","Null":"NO","Key":"","Default":null,"Extra":""},{"Field":"email","Type":"varchar(100)","Null":"NO","Key":"UNI","Default":null,"Extra":""},{"Field":"password","Type":"varchar(255)","Null":"NO","Key":"","Default":null,"Extra":""},{"Field":"role","Type":"enum('user','admin')","Null":"YES","Key":"","Default":"user","Extra":""},{"Field":"verification_code","Type":"varchar(100)","Null":"YES","Key":"","Default":null,"Extra":""},{"Field":"is_verified","Type":"tinyint(1)","Null":"YES","Key":"","Default":"0","Extra":""},{"Field":"created_at","Type":"timestamp","Null":"NO","Key":"","Default":"current_timestamp()","Extra":""},{"Field":"favorite_sport","Type":"varchar(50)","Null":"YES","Key":"","Default":null,"Extra":""},{"Field":"favorite_team","Type":"varchar(50)","Null":"YES","Key":"","Default":null,"Extra":""},{"Field":"account_type","Type":"enum('user','admin')","Null":"YES","Key":"","Default":"user","Extra":""}]
[23-Apr-2025 20:26:39 Europe/Berlin] Number of users in database: 13
[23-Apr-2025 20:26:39 Europe/Berlin] All tables initialized successfully
[23-Apr-2025 20:26:39 Europe/Berlin] Connected to database. Tables found: favorites, feedback, matches, matches_backup, matches_new, news, newsletter, notifications, players, subscriptions, users
[23-Apr-2025 20:26:39 Europe/Berlin] Executing SQL: CREATE TABLE IF NOT EXISTS users (
                id INT AUTO_INCREMENT PRIMARY KEY,
                username VARCHAR(50) NOT NULL UNIQUE,
                password VARCHAR(255) NOT NULL,
                email VARCHAR(100) NOT NULL UNIQUE,
                account_type ENUM('user', 'admin') DEFAULT 'user',
                created_at TIMESTAMP DEFAULT CURRENT_TIMESTAMP
            )
[23-Apr-2025 20:26:39 Europe/Berlin] With params: []
[23-Apr-2025 20:26:39 Europe/Berlin] Query executed successfully. Found 0 rows
[23-Apr-2025 20:26:39 Europe/Berlin] Users table created or already exists
[23-Apr-2025 20:26:39 Europe/Berlin] Users table structure: [{"Field":"id","Type":"int(11)","Null":"NO","Key":"PRI","Default":null,"Extra":"auto_increment"},{"Field":"username","Type":"varchar(50)","Null":"NO","Key":"","Default":null,"Extra":""},{"Field":"email","Type":"varchar(100)","Null":"NO","Key":"UNI","Default":null,"Extra":""},{"Field":"password","Type":"varchar(255)","Null":"NO","Key":"","Default":null,"Extra":""},{"Field":"role","Type":"enum('user','admin')","Null":"YES","Key":"","Default":"user","Extra":""},{"Field":"verification_code","Type":"varchar(100)","Null":"YES","Key":"","Default":null,"Extra":""},{"Field":"is_verified","Type":"tinyint(1)","Null":"YES","Key":"","Default":"0","Extra":""},{"Field":"created_at","Type":"timestamp","Null":"NO","Key":"","Default":"current_timestamp()","Extra":""},{"Field":"favorite_sport","Type":"varchar(50)","Null":"YES","Key":"","Default":null,"Extra":""},{"Field":"favorite_team","Type":"varchar(50)","Null":"YES","Key":"","Default":null,"Extra":""},{"Field":"account_type","Type":"enum('user','admin')","Null":"YES","Key":"","Default":"user","Extra":""}]
[23-Apr-2025 20:26:39 Europe/Berlin] Number of users in database: 13
[23-Apr-2025 20:26:39 Europe/Berlin] All tables initialized successfully
[23-Apr-2025 20:26:39 Europe/Berlin] Database tables initialized successfully
[23-Apr-2025 20:26:39 Europe/Berlin] Header - Session status: 2
[23-Apr-2025 20:26:39 Europe/Berlin] Header - Session data: []
[23-Apr-2025 20:26:39 Europe/Berlin] Header - After session start - Status: 2
[23-Apr-2025 20:26:39 Europe/Berlin] Header - After session start - Data: []
[23-Apr-2025 20:26:39 Europe/Berlin] Header - Is logged in: No
[23-Apr-2025 20:26:39 Europe/Berlin] Executing SQL: SELECT * FROM news ORDER BY created_at DESC LIMIT 5
[23-Apr-2025 20:26:39 Europe/Berlin] With params: []
[23-Apr-2025 20:26:39 Europe/Berlin] Query executed successfully. Found 5 rows
[23-Apr-2025 20:26:39 Europe/Berlin] Executing SQL: SELECT * FROM matches WHERE status = 'live'
[23-Apr-2025 20:26:39 Europe/Berlin] With params: []
[23-Apr-2025 20:26:39 Europe/Berlin] Query executed successfully. Found 1 rows
[23-Apr-2025 20:26:49 Europe/Berlin] Connected to database. Tables found: favorites, feedback, matches, matches_backup, matches_new, news, newsletter, notifications, players, subscriptions, users
[23-Apr-2025 20:26:49 Europe/Berlin] Executing SQL: CREATE TABLE IF NOT EXISTS users (
                id INT AUTO_INCREMENT PRIMARY KEY,
                username VARCHAR(50) NOT NULL UNIQUE,
                password VARCHAR(255) NOT NULL,
                email VARCHAR(100) NOT NULL UNIQUE,
                account_type ENUM('user', 'admin') DEFAULT 'user',
                created_at TIMESTAMP DEFAULT CURRENT_TIMESTAMP
            )
[23-Apr-2025 20:26:49 Europe/Berlin] With params: []
[23-Apr-2025 20:26:49 Europe/Berlin] Query executed successfully. Found 0 rows
[23-Apr-2025 20:26:49 Europe/Berlin] Users table created or already exists
[23-Apr-2025 20:26:49 Europe/Berlin] Users table structure: [{"Field":"id","Type":"int(11)","Null":"NO","Key":"PRI","Default":null,"Extra":"auto_increment"},{"Field":"username","Type":"varchar(50)","Null":"NO","Key":"","Default":null,"Extra":""},{"Field":"email","Type":"varchar(100)","Null":"NO","Key":"UNI","Default":null,"Extra":""},{"Field":"password","Type":"varchar(255)","Null":"NO","Key":"","Default":null,"Extra":""},{"Field":"role","Type":"enum('user','admin')","Null":"YES","Key":"","Default":"user","Extra":""},{"Field":"verification_code","Type":"varchar(100)","Null":"YES","Key":"","Default":null,"Extra":""},{"Field":"is_verified","Type":"tinyint(1)","Null":"YES","Key":"","Default":"0","Extra":""},{"Field":"created_at","Type":"timestamp","Null":"NO","Key":"","Default":"current_timestamp()","Extra":""},{"Field":"favorite_sport","Type":"varchar(50)","Null":"YES","Key":"","Default":null,"Extra":""},{"Field":"favorite_team","Type":"varchar(50)","Null":"YES","Key":"","Default":null,"Extra":""},{"Field":"account_type","Type":"enum('user','admin')","Null":"YES","Key":"","Default":"user","Extra":""}]
[23-Apr-2025 20:26:49 Europe/Berlin] Number of users in database: 13
[23-Apr-2025 20:26:49 Europe/Berlin] All tables initialized successfully
[23-Apr-2025 20:26:49 Europe/Berlin] API Request received: /sportsync/backend/match.php?action=fetch_matches&sport=cricket&all=true
[23-Apr-2025 20:26:49 Europe/Berlin] GET parameters: Array
(
    [action] => fetch_matches
    [sport] => cricket
    [all] => true
)

[23-Apr-2025 20:26:49 Europe/Berlin] Executing SQL: SELECT * FROM matches WHERE sport = :sport ORDER BY match_time DESC
[23-Apr-2025 20:26:49 Europe/Berlin] With params: {":sport":"cricket"}
[23-Apr-2025 20:26:49 Europe/Berlin] Query executed successfully. Found 4 rows
[23-Apr-2025 20:27:19 Europe/Berlin] Connected to database. Tables found: favorites, feedback, matches, matches_backup, matches_new, news, newsletter, notifications, players, subscriptions, users
[23-Apr-2025 20:27:19 Europe/Berlin] Executing SQL: CREATE TABLE IF NOT EXISTS users (
                id INT AUTO_INCREMENT PRIMARY KEY,
                username VARCHAR(50) NOT NULL UNIQUE,
                password VARCHAR(255) NOT NULL,
                email VARCHAR(100) NOT NULL UNIQUE,
                account_type ENUM('user', 'admin') DEFAULT 'user',
                created_at TIMESTAMP DEFAULT CURRENT_TIMESTAMP
            )
[23-Apr-2025 20:27:19 Europe/Berlin] With params: []
[23-Apr-2025 20:27:19 Europe/Berlin] Query executed successfully. Found 0 rows
[23-Apr-2025 20:27:19 Europe/Berlin] Users table created or already exists
[23-Apr-2025 20:27:19 Europe/Berlin] Users table structure: [{"Field":"id","Type":"int(11)","Null":"NO","Key":"PRI","Default":null,"Extra":"auto_increment"},{"Field":"username","Type":"varchar(50)","Null":"NO","Key":"","Default":null,"Extra":""},{"Field":"email","Type":"varchar(100)","Null":"NO","Key":"UNI","Default":null,"Extra":""},{"Field":"password","Type":"varchar(255)","Null":"NO","Key":"","Default":null,"Extra":""},{"Field":"role","Type":"enum('user','admin')","Null":"YES","Key":"","Default":"user","Extra":""},{"Field":"verification_code","Type":"varchar(100)","Null":"YES","Key":"","Default":null,"Extra":""},{"Field":"is_verified","Type":"tinyint(1)","Null":"YES","Key":"","Default":"0","Extra":""},{"Field":"created_at","Type":"timestamp","Null":"NO","Key":"","Default":"current_timestamp()","Extra":""},{"Field":"favorite_sport","Type":"varchar(50)","Null":"YES","Key":"","Default":null,"Extra":""},{"Field":"favorite_team","Type":"varchar(50)","Null":"YES","Key":"","Default":null,"Extra":""},{"Field":"account_type","Type":"enum('user','admin')","Null":"YES","Key":"","Default":"user","Extra":""}]
[23-Apr-2025 20:27:19 Europe/Berlin] Number of users in database: 13
[23-Apr-2025 20:27:19 Europe/Berlin] All tables initialized successfully
[23-Apr-2025 20:27:19 Europe/Berlin] API Request received: /sportsync/backend/match.php?action=fetch_matches&sport=cricket&all=true
[23-Apr-2025 20:27:19 Europe/Berlin] GET parameters: Array
(
    [action] => fetch_matches
    [sport] => cricket
    [all] => true
)

[23-Apr-2025 20:27:19 Europe/Berlin] Executing SQL: SELECT * FROM matches WHERE sport = :sport ORDER BY match_time DESC
[23-Apr-2025 20:27:19 Europe/Berlin] With params: {":sport":"cricket"}
[23-Apr-2025 20:27:19 Europe/Berlin] Query executed successfully. Found 4 rows
[23-Apr-2025 20:27:38 Europe/Berlin] Connected to database. Tables found: favorites, feedback, matches, matches_backup, matches_new, news, newsletter, notifications, players, subscriptions, users
[23-Apr-2025 20:27:38 Europe/Berlin] Executing SQL: CREATE TABLE IF NOT EXISTS users (
                id INT AUTO_INCREMENT PRIMARY KEY,
                username VARCHAR(50) NOT NULL UNIQUE,
                password VARCHAR(255) NOT NULL,
                email VARCHAR(100) NOT NULL UNIQUE,
                account_type ENUM('user', 'admin') DEFAULT 'user',
                created_at TIMESTAMP DEFAULT CURRENT_TIMESTAMP
            )
[23-Apr-2025 20:27:38 Europe/Berlin] With params: []
[23-Apr-2025 20:27:38 Europe/Berlin] Query executed successfully. Found 0 rows
[23-Apr-2025 20:27:38 Europe/Berlin] Users table created or already exists
[23-Apr-2025 20:27:38 Europe/Berlin] Users table structure: [{"Field":"id","Type":"int(11)","Null":"NO","Key":"PRI","Default":null,"Extra":"auto_increment"},{"Field":"username","Type":"varchar(50)","Null":"NO","Key":"","Default":null,"Extra":""},{"Field":"email","Type":"varchar(100)","Null":"NO","Key":"UNI","Default":null,"Extra":""},{"Field":"password","Type":"varchar(255)","Null":"NO","Key":"","Default":null,"Extra":""},{"Field":"role","Type":"enum('user','admin')","Null":"YES","Key":"","Default":"user","Extra":""},{"Field":"verification_code","Type":"varchar(100)","Null":"YES","Key":"","Default":null,"Extra":""},{"Field":"is_verified","Type":"tinyint(1)","Null":"YES","Key":"","Default":"0","Extra":""},{"Field":"created_at","Type":"timestamp","Null":"NO","Key":"","Default":"current_timestamp()","Extra":""},{"Field":"favorite_sport","Type":"varchar(50)","Null":"YES","Key":"","Default":null,"Extra":""},{"Field":"favorite_team","Type":"varchar(50)","Null":"YES","Key":"","Default":null,"Extra":""},{"Field":"account_type","Type":"enum('user','admin')","Null":"YES","Key":"","Default":"user","Extra":""}]
[23-Apr-2025 20:27:38 Europe/Berlin] Number of users in database: 13
[23-Apr-2025 20:27:38 Europe/Berlin] All tables initialized successfully
[23-Apr-2025 20:27:38 Europe/Berlin] Connected to database. Tables found: favorites, feedback, matches, matches_backup, matches_new, news, newsletter, notifications, players, subscriptions, users
[23-Apr-2025 20:27:38 Europe/Berlin] Executing SQL: CREATE TABLE IF NOT EXISTS users (
                id INT AUTO_INCREMENT PRIMARY KEY,
                username VARCHAR(50) NOT NULL UNIQUE,
                password VARCHAR(255) NOT NULL,
                email VARCHAR(100) NOT NULL UNIQUE,
                account_type ENUM('user', 'admin') DEFAULT 'user',
                created_at TIMESTAMP DEFAULT CURRENT_TIMESTAMP
            )
[23-Apr-2025 20:27:38 Europe/Berlin] With params: []
[23-Apr-2025 20:27:38 Europe/Berlin] Query executed successfully. Found 0 rows
[23-Apr-2025 20:27:38 Europe/Berlin] Users table created or already exists
[23-Apr-2025 20:27:38 Europe/Berlin] Users table structure: [{"Field":"id","Type":"int(11)","Null":"NO","Key":"PRI","Default":null,"Extra":"auto_increment"},{"Field":"username","Type":"varchar(50)","Null":"NO","Key":"","Default":null,"Extra":""},{"Field":"email","Type":"varchar(100)","Null":"NO","Key":"UNI","Default":null,"Extra":""},{"Field":"password","Type":"varchar(255)","Null":"NO","Key":"","Default":null,"Extra":""},{"Field":"role","Type":"enum('user','admin')","Null":"YES","Key":"","Default":"user","Extra":""},{"Field":"verification_code","Type":"varchar(100)","Null":"YES","Key":"","Default":null,"Extra":""},{"Field":"is_verified","Type":"tinyint(1)","Null":"YES","Key":"","Default":"0","Extra":""},{"Field":"created_at","Type":"timestamp","Null":"NO","Key":"","Default":"current_timestamp()","Extra":""},{"Field":"favorite_sport","Type":"varchar(50)","Null":"YES","Key":"","Default":null,"Extra":""},{"Field":"favorite_team","Type":"varchar(50)","Null":"YES","Key":"","Default":null,"Extra":""},{"Field":"account_type","Type":"enum('user','admin')","Null":"YES","Key":"","Default":"user","Extra":""}]
[23-Apr-2025 20:27:38 Europe/Berlin] Number of users in database: 13
[23-Apr-2025 20:27:38 Europe/Berlin] All tables initialized successfully
[23-Apr-2025 20:27:38 Europe/Berlin] Database tables initialized successfully
[23-Apr-2025 20:27:38 Europe/Berlin] PHP Warning:  Undefined array key "subscribe_email" in /Applications/XAMPP/xamppfiles/htdocs/sportsync/public/index.php on line 13
[23-Apr-2025 20:27:38 Europe/Berlin] Database error in subscribeNewsletter: SQLSTATE[23000]: Integrity constraint violation: 1048 Column 'email' cannot be null
[23-Apr-2025 20:27:38 Europe/Berlin] Header - Session status: 2
[23-Apr-2025 20:27:38 Europe/Berlin] Header - Session data: []
[23-Apr-2025 20:27:38 Europe/Berlin] Header - After session start - Status: 2
[23-Apr-2025 20:27:38 Europe/Berlin] Header - After session start - Data: []
[23-Apr-2025 20:27:38 Europe/Berlin] Header - Is logged in: No
[23-Apr-2025 20:27:38 Europe/Berlin] Executing SQL: SELECT * FROM news ORDER BY created_at DESC LIMIT 5
[23-Apr-2025 20:27:38 Europe/Berlin] With params: []
[23-Apr-2025 20:27:38 Europe/Berlin] Query executed successfully. Found 5 rows
[23-Apr-2025 20:27:38 Europe/Berlin] Executing SQL: SELECT * FROM matches WHERE status = 'live'
[23-Apr-2025 20:27:38 Europe/Berlin] With params: []
[23-Apr-2025 20:27:38 Europe/Berlin] Query executed successfully. Found 1 rows
[23-Apr-2025 20:27:38 Europe/Berlin] Form submitted with email: varunpndey@outlook.com
[23-Apr-2025 20:27:44 Europe/Berlin] Connected to database. Tables found: favorites, feedback, matches, matches_backup, matches_new, news, newsletter, notifications, players, subscriptions, users
[23-Apr-2025 20:27:44 Europe/Berlin] Executing SQL: CREATE TABLE IF NOT EXISTS users (
                id INT AUTO_INCREMENT PRIMARY KEY,
                username VARCHAR(50) NOT NULL UNIQUE,
                password VARCHAR(255) NOT NULL,
                email VARCHAR(100) NOT NULL UNIQUE,
                account_type ENUM('user', 'admin') DEFAULT 'user',
                created_at TIMESTAMP DEFAULT CURRENT_TIMESTAMP
            )
[23-Apr-2025 20:27:44 Europe/Berlin] With params: []
[23-Apr-2025 20:27:44 Europe/Berlin] Query executed successfully. Found 0 rows
[23-Apr-2025 20:27:44 Europe/Berlin] Users table created or already exists
[23-Apr-2025 20:27:44 Europe/Berlin] Users table structure: [{"Field":"id","Type":"int(11)","Null":"NO","Key":"PRI","Default":null,"Extra":"auto_increment"},{"Field":"username","Type":"varchar(50)","Null":"NO","Key":"","Default":null,"Extra":""},{"Field":"email","Type":"varchar(100)","Null":"NO","Key":"UNI","Default":null,"Extra":""},{"Field":"password","Type":"varchar(255)","Null":"NO","Key":"","Default":null,"Extra":""},{"Field":"role","Type":"enum('user','admin')","Null":"YES","Key":"","Default":"user","Extra":""},{"Field":"verification_code","Type":"varchar(100)","Null":"YES","Key":"","Default":null,"Extra":""},{"Field":"is_verified","Type":"tinyint(1)","Null":"YES","Key":"","Default":"0","Extra":""},{"Field":"created_at","Type":"timestamp","Null":"NO","Key":"","Default":"current_timestamp()","Extra":""},{"Field":"favorite_sport","Type":"varchar(50)","Null":"YES","Key":"","Default":null,"Extra":""},{"Field":"favorite_team","Type":"varchar(50)","Null":"YES","Key":"","Default":null,"Extra":""},{"Field":"account_type","Type":"enum('user','admin')","Null":"YES","Key":"","Default":"user","Extra":""}]
[23-Apr-2025 20:27:44 Europe/Berlin] Number of users in database: 13
[23-Apr-2025 20:27:44 Europe/Berlin] All tables initialized successfully
[23-Apr-2025 20:27:44 Europe/Berlin] Connected to database. Tables found: favorites, feedback, matches, matches_backup, matches_new, news, newsletter, notifications, players, subscriptions, users
[23-Apr-2025 20:27:44 Europe/Berlin] Executing SQL: CREATE TABLE IF NOT EXISTS users (
                id INT AUTO_INCREMENT PRIMARY KEY,
                username VARCHAR(50) NOT NULL UNIQUE,
                password VARCHAR(255) NOT NULL,
                email VARCHAR(100) NOT NULL UNIQUE,
                account_type ENUM('user', 'admin') DEFAULT 'user',
                created_at TIMESTAMP DEFAULT CURRENT_TIMESTAMP
            )
[23-Apr-2025 20:27:44 Europe/Berlin] With params: []
[23-Apr-2025 20:27:44 Europe/Berlin] Query executed successfully. Found 0 rows
[23-Apr-2025 20:27:44 Europe/Berlin] Users table created or already exists
[23-Apr-2025 20:27:44 Europe/Berlin] Users table structure: [{"Field":"id","Type":"int(11)","Null":"NO","Key":"PRI","Default":null,"Extra":"auto_increment"},{"Field":"username","Type":"varchar(50)","Null":"NO","Key":"","Default":null,"Extra":""},{"Field":"email","Type":"varchar(100)","Null":"NO","Key":"UNI","Default":null,"Extra":""},{"Field":"password","Type":"varchar(255)","Null":"NO","Key":"","Default":null,"Extra":""},{"Field":"role","Type":"enum('user','admin')","Null":"YES","Key":"","Default":"user","Extra":""},{"Field":"verification_code","Type":"varchar(100)","Null":"YES","Key":"","Default":null,"Extra":""},{"Field":"is_verified","Type":"tinyint(1)","Null":"YES","Key":"","Default":"0","Extra":""},{"Field":"created_at","Type":"timestamp","Null":"NO","Key":"","Default":"current_timestamp()","Extra":""},{"Field":"favorite_sport","Type":"varchar(50)","Null":"YES","Key":"","Default":null,"Extra":""},{"Field":"favorite_team","Type":"varchar(50)","Null":"YES","Key":"","Default":null,"Extra":""},{"Field":"account_type","Type":"enum('user','admin')","Null":"YES","Key":"","Default":"user","Extra":""}]
[23-Apr-2025 20:27:44 Europe/Berlin] Number of users in database: 13
[23-Apr-2025 20:27:44 Europe/Berlin] All tables initialized successfully
[23-Apr-2025 20:27:44 Europe/Berlin] Database tables initialized successfully
[23-Apr-2025 20:28:19 Europe/Berlin] Connected to database. Tables found: favorites, feedback, matches, matches_backup, matches_new, news, newsletter, notifications, players, subscriptions, users
[23-Apr-2025 20:28:19 Europe/Berlin] Executing SQL: CREATE TABLE IF NOT EXISTS users (
                id INT AUTO_INCREMENT PRIMARY KEY,
                username VARCHAR(50) NOT NULL UNIQUE,
                password VARCHAR(255) NOT NULL,
                email VARCHAR(100) NOT NULL UNIQUE,
                account_type ENUM('user', 'admin') DEFAULT 'user',
                created_at TIMESTAMP DEFAULT CURRENT_TIMESTAMP
            )
[23-Apr-2025 20:28:19 Europe/Berlin] With params: []
[23-Apr-2025 20:28:19 Europe/Berlin] Query executed successfully. Found 0 rows
[23-Apr-2025 20:28:19 Europe/Berlin] Users table created or already exists
[23-Apr-2025 20:28:19 Europe/Berlin] Users table structure: [{"Field":"id","Type":"int(11)","Null":"NO","Key":"PRI","Default":null,"Extra":"auto_increment"},{"Field":"username","Type":"varchar(50)","Null":"NO","Key":"","Default":null,"Extra":""},{"Field":"email","Type":"varchar(100)","Null":"NO","Key":"UNI","Default":null,"Extra":""},{"Field":"password","Type":"varchar(255)","Null":"NO","Key":"","Default":null,"Extra":""},{"Field":"role","Type":"enum('user','admin')","Null":"YES","Key":"","Default":"user","Extra":""},{"Field":"verification_code","Type":"varchar(100)","Null":"YES","Key":"","Default":null,"Extra":""},{"Field":"is_verified","Type":"tinyint(1)","Null":"YES","Key":"","Default":"0","Extra":""},{"Field":"created_at","Type":"timestamp","Null":"NO","Key":"","Default":"current_timestamp()","Extra":""},{"Field":"favorite_sport","Type":"varchar(50)","Null":"YES","Key":"","Default":null,"Extra":""},{"Field":"favorite_team","Type":"varchar(50)","Null":"YES","Key":"","Default":null,"Extra":""},{"Field":"account_type","Type":"enum('user','admin')","Null":"YES","Key":"","Default":"user","Extra":""}]
[23-Apr-2025 20:28:19 Europe/Berlin] Number of users in database: 13
[23-Apr-2025 20:28:19 Europe/Berlin] All tables initialized successfully
[23-Apr-2025 20:28:19 Europe/Berlin] API Request received: /sportsync/backend/match.php?action=fetch_matches&sport=cricket&all=true
[23-Apr-2025 20:28:19 Europe/Berlin] GET parameters: Array
(
    [action] => fetch_matches
    [sport] => cricket
    [all] => true
)

[23-Apr-2025 20:28:19 Europe/Berlin] Executing SQL: SELECT * FROM matches WHERE sport = :sport ORDER BY match_time DESC
[23-Apr-2025 20:28:19 Europe/Berlin] With params: {":sport":"cricket"}
[23-Apr-2025 20:28:19 Europe/Berlin] Query executed successfully. Found 4 rows
[23-Apr-2025 20:28:49 Europe/Berlin] Connected to database. Tables found: favorites, feedback, matches, matches_backup, matches_new, news, newsletter, notifications, players, subscriptions, users
[23-Apr-2025 20:28:49 Europe/Berlin] Executing SQL: CREATE TABLE IF NOT EXISTS users (
                id INT AUTO_INCREMENT PRIMARY KEY,
                username VARCHAR(50) NOT NULL UNIQUE,
                password VARCHAR(255) NOT NULL,
                email VARCHAR(100) NOT NULL UNIQUE,
                account_type ENUM('user', 'admin') DEFAULT 'user',
                created_at TIMESTAMP DEFAULT CURRENT_TIMESTAMP
            )
[23-Apr-2025 20:28:49 Europe/Berlin] With params: []
[23-Apr-2025 20:28:49 Europe/Berlin] Query executed successfully. Found 0 rows
[23-Apr-2025 20:28:49 Europe/Berlin] Users table created or already exists
[23-Apr-2025 20:28:49 Europe/Berlin] Users table structure: [{"Field":"id","Type":"int(11)","Null":"NO","Key":"PRI","Default":null,"Extra":"auto_increment"},{"Field":"username","Type":"varchar(50)","Null":"NO","Key":"","Default":null,"Extra":""},{"Field":"email","Type":"varchar(100)","Null":"NO","Key":"UNI","Default":null,"Extra":""},{"Field":"password","Type":"varchar(255)","Null":"NO","Key":"","Default":null,"Extra":""},{"Field":"role","Type":"enum('user','admin')","Null":"YES","Key":"","Default":"user","Extra":""},{"Field":"verification_code","Type":"varchar(100)","Null":"YES","Key":"","Default":null,"Extra":""},{"Field":"is_verified","Type":"tinyint(1)","Null":"YES","Key":"","Default":"0","Extra":""},{"Field":"created_at","Type":"timestamp","Null":"NO","Key":"","Default":"current_timestamp()","Extra":""},{"Field":"favorite_sport","Type":"varchar(50)","Null":"YES","Key":"","Default":null,"Extra":""},{"Field":"favorite_team","Type":"varchar(50)","Null":"YES","Key":"","Default":null,"Extra":""},{"Field":"account_type","Type":"enum('user','admin')","Null":"YES","Key":"","Default":"user","Extra":""}]
[23-Apr-2025 20:28:49 Europe/Berlin] Number of users in database: 13
[23-Apr-2025 20:28:49 Europe/Berlin] All tables initialized successfully
[23-Apr-2025 20:28:49 Europe/Berlin] API Request received: /sportsync/backend/match.php?action=fetch_matches&sport=cricket&all=true
[23-Apr-2025 20:28:49 Europe/Berlin] GET parameters: Array
(
    [action] => fetch_matches
    [sport] => cricket
    [all] => true
)

[23-Apr-2025 20:28:49 Europe/Berlin] Executing SQL: SELECT * FROM matches WHERE sport = :sport ORDER BY match_time DESC
[23-Apr-2025 20:28:49 Europe/Berlin] With params: {":sport":"cricket"}
[23-Apr-2025 20:28:49 Europe/Berlin] Query executed successfully. Found 4 rows
[23-Apr-2025 20:29:19 Europe/Berlin] Connected to database. Tables found: favorites, feedback, matches, matches_backup, matches_new, news, newsletter, notifications, players, subscriptions, users
[23-Apr-2025 20:29:19 Europe/Berlin] Executing SQL: CREATE TABLE IF NOT EXISTS users (
                id INT AUTO_INCREMENT PRIMARY KEY,
                username VARCHAR(50) NOT NULL UNIQUE,
                password VARCHAR(255) NOT NULL,
                email VARCHAR(100) NOT NULL UNIQUE,
                account_type ENUM('user', 'admin') DEFAULT 'user',
                created_at TIMESTAMP DEFAULT CURRENT_TIMESTAMP
            )
[23-Apr-2025 20:29:19 Europe/Berlin] With params: []
[23-Apr-2025 20:29:19 Europe/Berlin] Query executed successfully. Found 0 rows
[23-Apr-2025 20:29:19 Europe/Berlin] Users table created or already exists
[23-Apr-2025 20:29:19 Europe/Berlin] Users table structure: [{"Field":"id","Type":"int(11)","Null":"NO","Key":"PRI","Default":null,"Extra":"auto_increment"},{"Field":"username","Type":"varchar(50)","Null":"NO","Key":"","Default":null,"Extra":""},{"Field":"email","Type":"varchar(100)","Null":"NO","Key":"UNI","Default":null,"Extra":""},{"Field":"password","Type":"varchar(255)","Null":"NO","Key":"","Default":null,"Extra":""},{"Field":"role","Type":"enum('user','admin')","Null":"YES","Key":"","Default":"user","Extra":""},{"Field":"verification_code","Type":"varchar(100)","Null":"YES","Key":"","Default":null,"Extra":""},{"Field":"is_verified","Type":"tinyint(1)","Null":"YES","Key":"","Default":"0","Extra":""},{"Field":"created_at","Type":"timestamp","Null":"NO","Key":"","Default":"current_timestamp()","Extra":""},{"Field":"favorite_sport","Type":"varchar(50)","Null":"YES","Key":"","Default":null,"Extra":""},{"Field":"favorite_team","Type":"varchar(50)","Null":"YES","Key":"","Default":null,"Extra":""},{"Field":"account_type","Type":"enum('user','admin')","Null":"YES","Key":"","Default":"user","Extra":""}]
[23-Apr-2025 20:29:19 Europe/Berlin] Number of users in database: 13
[23-Apr-2025 20:29:19 Europe/Berlin] All tables initialized successfully
[23-Apr-2025 20:29:19 Europe/Berlin] API Request received: /sportsync/backend/match.php?action=fetch_matches&sport=cricket&all=true
[23-Apr-2025 20:29:19 Europe/Berlin] GET parameters: Array
(
    [action] => fetch_matches
    [sport] => cricket
    [all] => true
)

[23-Apr-2025 20:29:19 Europe/Berlin] Executing SQL: SELECT * FROM matches WHERE sport = :sport ORDER BY match_time DESC
[23-Apr-2025 20:29:19 Europe/Berlin] With params: {":sport":"cricket"}
[23-Apr-2025 20:29:19 Europe/Berlin] Query executed successfully. Found 4 rows
[23-Apr-2025 20:29:55 Europe/Berlin] Connected to database. Tables found: favorites, feedback, matches, matches_backup, matches_new, news, newsletter, notifications, players, subscriptions, users
[23-Apr-2025 20:29:55 Europe/Berlin] Executing SQL: CREATE TABLE IF NOT EXISTS users (
                id INT AUTO_INCREMENT PRIMARY KEY,
                username VARCHAR(50) NOT NULL UNIQUE,
                password VARCHAR(255) NOT NULL,
                email VARCHAR(100) NOT NULL UNIQUE,
                account_type ENUM('user', 'admin') DEFAULT 'user',
                created_at TIMESTAMP DEFAULT CURRENT_TIMESTAMP
            )
[23-Apr-2025 20:29:55 Europe/Berlin] With params: []
[23-Apr-2025 20:29:55 Europe/Berlin] Query executed successfully. Found 0 rows
[23-Apr-2025 20:29:55 Europe/Berlin] Users table created or already exists
[23-Apr-2025 20:29:55 Europe/Berlin] Users table structure: [{"Field":"id","Type":"int(11)","Null":"NO","Key":"PRI","Default":null,"Extra":"auto_increment"},{"Field":"username","Type":"varchar(50)","Null":"NO","Key":"","Default":null,"Extra":""},{"Field":"email","Type":"varchar(100)","Null":"NO","Key":"UNI","Default":null,"Extra":""},{"Field":"password","Type":"varchar(255)","Null":"NO","Key":"","Default":null,"Extra":""},{"Field":"role","Type":"enum('user','admin')","Null":"YES","Key":"","Default":"user","Extra":""},{"Field":"verification_code","Type":"varchar(100)","Null":"YES","Key":"","Default":null,"Extra":""},{"Field":"is_verified","Type":"tinyint(1)","Null":"YES","Key":"","Default":"0","Extra":""},{"Field":"created_at","Type":"timestamp","Null":"NO","Key":"","Default":"current_timestamp()","Extra":""},{"Field":"favorite_sport","Type":"varchar(50)","Null":"YES","Key":"","Default":null,"Extra":""},{"Field":"favorite_team","Type":"varchar(50)","Null":"YES","Key":"","Default":null,"Extra":""},{"Field":"account_type","Type":"enum('user','admin')","Null":"YES","Key":"","Default":"user","Extra":""}]
[23-Apr-2025 20:29:55 Europe/Berlin] Number of users in database: 13
[23-Apr-2025 20:29:55 Europe/Berlin] All tables initialized successfully
[23-Apr-2025 20:29:55 Europe/Berlin] API Request received: /sportsync/backend/match.php?action=fetch_matches&sport=cricket&all=true
[23-Apr-2025 20:29:55 Europe/Berlin] GET parameters: Array
(
    [action] => fetch_matches
    [sport] => cricket
    [all] => true
)

[23-Apr-2025 20:29:55 Europe/Berlin] Executing SQL: SELECT * FROM matches WHERE sport = :sport ORDER BY match_time DESC
[23-Apr-2025 20:29:55 Europe/Berlin] With params: {":sport":"cricket"}
[23-Apr-2025 20:29:55 Europe/Berlin] Query executed successfully. Found 4 rows
[23-Apr-2025 20:30:19 Europe/Berlin] Connected to database. Tables found: favorites, feedback, matches, matches_backup, matches_new, news, newsletter, notifications, players, subscriptions, users
[23-Apr-2025 20:30:19 Europe/Berlin] Executing SQL: CREATE TABLE IF NOT EXISTS users (
                id INT AUTO_INCREMENT PRIMARY KEY,
                username VARCHAR(50) NOT NULL UNIQUE,
                password VARCHAR(255) NOT NULL,
                email VARCHAR(100) NOT NULL UNIQUE,
                account_type ENUM('user', 'admin') DEFAULT 'user',
                created_at TIMESTAMP DEFAULT CURRENT_TIMESTAMP
            )
[23-Apr-2025 20:30:19 Europe/Berlin] With params: []
[23-Apr-2025 20:30:19 Europe/Berlin] Query executed successfully. Found 0 rows
[23-Apr-2025 20:30:19 Europe/Berlin] Users table created or already exists
[23-Apr-2025 20:30:19 Europe/Berlin] Users table structure: [{"Field":"id","Type":"int(11)","Null":"NO","Key":"PRI","Default":null,"Extra":"auto_increment"},{"Field":"username","Type":"varchar(50)","Null":"NO","Key":"","Default":null,"Extra":""},{"Field":"email","Type":"varchar(100)","Null":"NO","Key":"UNI","Default":null,"Extra":""},{"Field":"password","Type":"varchar(255)","Null":"NO","Key":"","Default":null,"Extra":""},{"Field":"role","Type":"enum('user','admin')","Null":"YES","Key":"","Default":"user","Extra":""},{"Field":"verification_code","Type":"varchar(100)","Null":"YES","Key":"","Default":null,"Extra":""},{"Field":"is_verified","Type":"tinyint(1)","Null":"YES","Key":"","Default":"0","Extra":""},{"Field":"created_at","Type":"timestamp","Null":"NO","Key":"","Default":"current_timestamp()","Extra":""},{"Field":"favorite_sport","Type":"varchar(50)","Null":"YES","Key":"","Default":null,"Extra":""},{"Field":"favorite_team","Type":"varchar(50)","Null":"YES","Key":"","Default":null,"Extra":""},{"Field":"account_type","Type":"enum('user','admin')","Null":"YES","Key":"","Default":"user","Extra":""}]
[23-Apr-2025 20:30:19 Europe/Berlin] Number of users in database: 13
[23-Apr-2025 20:30:19 Europe/Berlin] All tables initialized successfully
[23-Apr-2025 20:30:19 Europe/Berlin] API Request received: /sportsync/backend/match.php?action=fetch_matches&sport=cricket&all=true
[23-Apr-2025 20:30:19 Europe/Berlin] GET parameters: Array
(
    [action] => fetch_matches
    [sport] => cricket
    [all] => true
)

[23-Apr-2025 20:30:19 Europe/Berlin] Executing SQL: SELECT * FROM matches WHERE sport = :sport ORDER BY match_time DESC
[23-Apr-2025 20:30:19 Europe/Berlin] With params: {":sport":"cricket"}
[23-Apr-2025 20:30:19 Europe/Berlin] Query executed successfully. Found 4 rows
[23-Apr-2025 20:30:49 Europe/Berlin] Connected to database. Tables found: favorites, feedback, matches, matches_backup, matches_new, news, newsletter, notifications, players, subscriptions, users
[23-Apr-2025 20:30:49 Europe/Berlin] Executing SQL: CREATE TABLE IF NOT EXISTS users (
                id INT AUTO_INCREMENT PRIMARY KEY,
                username VARCHAR(50) NOT NULL UNIQUE,
                password VARCHAR(255) NOT NULL,
                email VARCHAR(100) NOT NULL UNIQUE,
                account_type ENUM('user', 'admin') DEFAULT 'user',
                created_at TIMESTAMP DEFAULT CURRENT_TIMESTAMP
            )
[23-Apr-2025 20:30:49 Europe/Berlin] With params: []
[23-Apr-2025 20:30:49 Europe/Berlin] Query executed successfully. Found 0 rows
[23-Apr-2025 20:30:49 Europe/Berlin] Users table created or already exists
[23-Apr-2025 20:30:49 Europe/Berlin] Users table structure: [{"Field":"id","Type":"int(11)","Null":"NO","Key":"PRI","Default":null,"Extra":"auto_increment"},{"Field":"username","Type":"varchar(50)","Null":"NO","Key":"","Default":null,"Extra":""},{"Field":"email","Type":"varchar(100)","Null":"NO","Key":"UNI","Default":null,"Extra":""},{"Field":"password","Type":"varchar(255)","Null":"NO","Key":"","Default":null,"Extra":""},{"Field":"role","Type":"enum('user','admin')","Null":"YES","Key":"","Default":"user","Extra":""},{"Field":"verification_code","Type":"varchar(100)","Null":"YES","Key":"","Default":null,"Extra":""},{"Field":"is_verified","Type":"tinyint(1)","Null":"YES","Key":"","Default":"0","Extra":""},{"Field":"created_at","Type":"timestamp","Null":"NO","Key":"","Default":"current_timestamp()","Extra":""},{"Field":"favorite_sport","Type":"varchar(50)","Null":"YES","Key":"","Default":null,"Extra":""},{"Field":"favorite_team","Type":"varchar(50)","Null":"YES","Key":"","Default":null,"Extra":""},{"Field":"account_type","Type":"enum('user','admin')","Null":"YES","Key":"","Default":"user","Extra":""}]
[23-Apr-2025 20:30:49 Europe/Berlin] Number of users in database: 13
[23-Apr-2025 20:30:49 Europe/Berlin] All tables initialized successfully
[23-Apr-2025 20:30:49 Europe/Berlin] Connected to database. Tables found: favorites, feedback, matches, matches_backup, matches_new, news, newsletter, notifications, players, subscriptions, users
[23-Apr-2025 20:30:49 Europe/Berlin] Executing SQL: CREATE TABLE IF NOT EXISTS users (
                id INT AUTO_INCREMENT PRIMARY KEY,
                username VARCHAR(50) NOT NULL UNIQUE,
                password VARCHAR(255) NOT NULL,
                email VARCHAR(100) NOT NULL UNIQUE,
                account_type ENUM('user', 'admin') DEFAULT 'user',
                created_at TIMESTAMP DEFAULT CURRENT_TIMESTAMP
            )
[23-Apr-2025 20:30:49 Europe/Berlin] With params: []
[23-Apr-2025 20:30:49 Europe/Berlin] Query executed successfully. Found 0 rows
[23-Apr-2025 20:30:49 Europe/Berlin] Users table created or already exists
[23-Apr-2025 20:30:49 Europe/Berlin] Users table structure: [{"Field":"id","Type":"int(11)","Null":"NO","Key":"PRI","Default":null,"Extra":"auto_increment"},{"Field":"username","Type":"varchar(50)","Null":"NO","Key":"","Default":null,"Extra":""},{"Field":"email","Type":"varchar(100)","Null":"NO","Key":"UNI","Default":null,"Extra":""},{"Field":"password","Type":"varchar(255)","Null":"NO","Key":"","Default":null,"Extra":""},{"Field":"role","Type":"enum('user','admin')","Null":"YES","Key":"","Default":"user","Extra":""},{"Field":"verification_code","Type":"varchar(100)","Null":"YES","Key":"","Default":null,"Extra":""},{"Field":"is_verified","Type":"tinyint(1)","Null":"YES","Key":"","Default":"0","Extra":""},{"Field":"created_at","Type":"timestamp","Null":"NO","Key":"","Default":"current_timestamp()","Extra":""},{"Field":"favorite_sport","Type":"varchar(50)","Null":"YES","Key":"","Default":null,"Extra":""},{"Field":"favorite_team","Type":"varchar(50)","Null":"YES","Key":"","Default":null,"Extra":""},{"Field":"account_type","Type":"enum('user','admin')","Null":"YES","Key":"","Default":"user","Extra":""}]
[23-Apr-2025 20:30:49 Europe/Berlin] Number of users in database: 13
[23-Apr-2025 20:30:49 Europe/Berlin] All tables initialized successfully
[23-Apr-2025 20:30:49 Europe/Berlin] Database tables initialized successfully
[23-Apr-2025 20:30:49 Europe/Berlin] Header - Session status: 2
[23-Apr-2025 20:30:49 Europe/Berlin] Header - Session data: []
[23-Apr-2025 20:30:49 Europe/Berlin] Header - After session start - Status: 2
[23-Apr-2025 20:30:49 Europe/Berlin] Header - After session start - Data: []
[23-Apr-2025 20:30:49 Europe/Berlin] Header - Is logged in: No
[23-Apr-2025 20:30:49 Europe/Berlin] Executing SQL: SELECT * FROM matches WHERE sport = :sport ORDER BY match_time DESC
[23-Apr-2025 20:30:49 Europe/Berlin] With params: {":sport":"cricket"}
[23-Apr-2025 20:30:49 Europe/Berlin] Query executed successfully. Found 4 rows
[23-Apr-2025 20:30:49 Europe/Berlin] Executing SQL: SELECT * FROM matches WHERE sport = :sport AND status = :status
[23-Apr-2025 20:30:49 Europe/Berlin] With params: {":sport":"cricket",":status":"live"}
[23-Apr-2025 20:30:49 Europe/Berlin] Query executed successfully. Found 1 rows
[23-Apr-2025 20:31:19 Europe/Berlin] Connected to database. Tables found: favorites, feedback, matches, matches_backup, matches_new, news, newsletter, notifications, players, subscriptions, users
[23-Apr-2025 20:31:19 Europe/Berlin] Executing SQL: CREATE TABLE IF NOT EXISTS users (
                id INT AUTO_INCREMENT PRIMARY KEY,
                username VARCHAR(50) NOT NULL UNIQUE,
                password VARCHAR(255) NOT NULL,
                email VARCHAR(100) NOT NULL UNIQUE,
                account_type ENUM('user', 'admin') DEFAULT 'user',
                created_at TIMESTAMP DEFAULT CURRENT_TIMESTAMP
            )
[23-Apr-2025 20:31:19 Europe/Berlin] With params: []
[23-Apr-2025 20:31:19 Europe/Berlin] Query executed successfully. Found 0 rows
[23-Apr-2025 20:31:19 Europe/Berlin] Users table created or already exists
[23-Apr-2025 20:31:19 Europe/Berlin] Users table structure: [{"Field":"id","Type":"int(11)","Null":"NO","Key":"PRI","Default":null,"Extra":"auto_increment"},{"Field":"username","Type":"varchar(50)","Null":"NO","Key":"","Default":null,"Extra":""},{"Field":"email","Type":"varchar(100)","Null":"NO","Key":"UNI","Default":null,"Extra":""},{"Field":"password","Type":"varchar(255)","Null":"NO","Key":"","Default":null,"Extra":""},{"Field":"role","Type":"enum('user','admin')","Null":"YES","Key":"","Default":"user","Extra":""},{"Field":"verification_code","Type":"varchar(100)","Null":"YES","Key":"","Default":null,"Extra":""},{"Field":"is_verified","Type":"tinyint(1)","Null":"YES","Key":"","Default":"0","Extra":""},{"Field":"created_at","Type":"timestamp","Null":"NO","Key":"","Default":"current_timestamp()","Extra":""},{"Field":"favorite_sport","Type":"varchar(50)","Null":"YES","Key":"","Default":null,"Extra":""},{"Field":"favorite_team","Type":"varchar(50)","Null":"YES","Key":"","Default":null,"Extra":""},{"Field":"account_type","Type":"enum('user','admin')","Null":"YES","Key":"","Default":"user","Extra":""}]
[23-Apr-2025 20:31:19 Europe/Berlin] Number of users in database: 13
[23-Apr-2025 20:31:19 Europe/Berlin] All tables initialized successfully
[23-Apr-2025 20:31:19 Europe/Berlin] API Request received: /sportsync/backend/match.php?action=fetch_matches&sport=cricket&all=true
[23-Apr-2025 20:31:19 Europe/Berlin] GET parameters: Array
(
    [action] => fetch_matches
    [sport] => cricket
    [all] => true
)

[23-Apr-2025 20:31:19 Europe/Berlin] Executing SQL: SELECT * FROM matches WHERE sport = :sport ORDER BY match_time DESC
[23-Apr-2025 20:31:19 Europe/Berlin] With params: {":sport":"cricket"}
[23-Apr-2025 20:31:19 Europe/Berlin] Query executed successfully. Found 4 rows
[23-Apr-2025 20:31:26 Europe/Berlin] Connected to database. Tables found: favorites, feedback, matches, matches_backup, matches_new, news, newsletter, notifications, players, subscriptions, users
[23-Apr-2025 20:31:26 Europe/Berlin] Executing SQL: CREATE TABLE IF NOT EXISTS users (
                id INT AUTO_INCREMENT PRIMARY KEY,
                username VARCHAR(50) NOT NULL UNIQUE,
                password VARCHAR(255) NOT NULL,
                email VARCHAR(100) NOT NULL UNIQUE,
                account_type ENUM('user', 'admin') DEFAULT 'user',
                created_at TIMESTAMP DEFAULT CURRENT_TIMESTAMP
            )
[23-Apr-2025 20:31:26 Europe/Berlin] With params: []
[23-Apr-2025 20:31:26 Europe/Berlin] Query executed successfully. Found 0 rows
[23-Apr-2025 20:31:26 Europe/Berlin] Users table created or already exists
[23-Apr-2025 20:31:26 Europe/Berlin] Users table structure: [{"Field":"id","Type":"int(11)","Null":"NO","Key":"PRI","Default":null,"Extra":"auto_increment"},{"Field":"username","Type":"varchar(50)","Null":"NO","Key":"","Default":null,"Extra":""},{"Field":"email","Type":"varchar(100)","Null":"NO","Key":"UNI","Default":null,"Extra":""},{"Field":"password","Type":"varchar(255)","Null":"NO","Key":"","Default":null,"Extra":""},{"Field":"role","Type":"enum('user','admin')","Null":"YES","Key":"","Default":"user","Extra":""},{"Field":"verification_code","Type":"varchar(100)","Null":"YES","Key":"","Default":null,"Extra":""},{"Field":"is_verified","Type":"tinyint(1)","Null":"YES","Key":"","Default":"0","Extra":""},{"Field":"created_at","Type":"timestamp","Null":"NO","Key":"","Default":"current_timestamp()","Extra":""},{"Field":"favorite_sport","Type":"varchar(50)","Null":"YES","Key":"","Default":null,"Extra":""},{"Field":"favorite_team","Type":"varchar(50)","Null":"YES","Key":"","Default":null,"Extra":""},{"Field":"account_type","Type":"enum('user','admin')","Null":"YES","Key":"","Default":"user","Extra":""}]
[23-Apr-2025 20:31:26 Europe/Berlin] Number of users in database: 13
[23-Apr-2025 20:31:26 Europe/Berlin] All tables initialized successfully
[23-Apr-2025 20:31:26 Europe/Berlin] Connected to database. Tables found: favorites, feedback, matches, matches_backup, matches_new, news, newsletter, notifications, players, subscriptions, users
[23-Apr-2025 20:31:26 Europe/Berlin] Executing SQL: CREATE TABLE IF NOT EXISTS users (
                id INT AUTO_INCREMENT PRIMARY KEY,
                username VARCHAR(50) NOT NULL UNIQUE,
                password VARCHAR(255) NOT NULL,
                email VARCHAR(100) NOT NULL UNIQUE,
                account_type ENUM('user', 'admin') DEFAULT 'user',
                created_at TIMESTAMP DEFAULT CURRENT_TIMESTAMP
            )
[23-Apr-2025 20:31:26 Europe/Berlin] With params: []
[23-Apr-2025 20:31:26 Europe/Berlin] Query executed successfully. Found 0 rows
[23-Apr-2025 20:31:26 Europe/Berlin] Users table created or already exists
[23-Apr-2025 20:31:26 Europe/Berlin] Users table structure: [{"Field":"id","Type":"int(11)","Null":"NO","Key":"PRI","Default":null,"Extra":"auto_increment"},{"Field":"username","Type":"varchar(50)","Null":"NO","Key":"","Default":null,"Extra":""},{"Field":"email","Type":"varchar(100)","Null":"NO","Key":"UNI","Default":null,"Extra":""},{"Field":"password","Type":"varchar(255)","Null":"NO","Key":"","Default":null,"Extra":""},{"Field":"role","Type":"enum('user','admin')","Null":"YES","Key":"","Default":"user","Extra":""},{"Field":"verification_code","Type":"varchar(100)","Null":"YES","Key":"","Default":null,"Extra":""},{"Field":"is_verified","Type":"tinyint(1)","Null":"YES","Key":"","Default":"0","Extra":""},{"Field":"created_at","Type":"timestamp","Null":"NO","Key":"","Default":"current_timestamp()","Extra":""},{"Field":"favorite_sport","Type":"varchar(50)","Null":"YES","Key":"","Default":null,"Extra":""},{"Field":"favorite_team","Type":"varchar(50)","Null":"YES","Key":"","Default":null,"Extra":""},{"Field":"account_type","Type":"enum('user','admin')","Null":"YES","Key":"","Default":"user","Extra":""}]
[23-Apr-2025 20:31:26 Europe/Berlin] Number of users in database: 13
[23-Apr-2025 20:31:26 Europe/Berlin] All tables initialized successfully
[23-Apr-2025 20:31:26 Europe/Berlin] Database tables initialized successfully
[23-Apr-2025 20:31:26 Europe/Berlin] Header - Session status: 2
[23-Apr-2025 20:31:26 Europe/Berlin] Header - Session data: []
[23-Apr-2025 20:31:26 Europe/Berlin] Header - After session start - Status: 2
[23-Apr-2025 20:31:26 Europe/Berlin] Header - After session start - Data: []
[23-Apr-2025 20:31:26 Europe/Berlin] Header - Is logged in: No
[23-Apr-2025 20:31:26 Europe/Berlin] Executing SQL: SELECT * FROM matches WHERE sport = :sport ORDER BY match_time DESC
[23-Apr-2025 20:31:26 Europe/Berlin] With params: {":sport":"cricket"}
[23-Apr-2025 20:31:26 Europe/Berlin] Query executed successfully. Found 4 rows
[23-Apr-2025 20:31:26 Europe/Berlin] Executing SQL: SELECT * FROM matches WHERE sport = :sport AND status = :status
[23-Apr-2025 20:31:26 Europe/Berlin] With params: {":sport":"cricket",":status":"live"}
[23-Apr-2025 20:31:26 Europe/Berlin] Query executed successfully. Found 1 rows
[23-Apr-2025 20:33:00 Europe/Berlin] Connected to database. Tables found: favorites, feedback, matches, matches_backup, matches_new, news, newsletter, notifications, players, subscriptions, users
[23-Apr-2025 20:33:00 Europe/Berlin] Executing SQL: CREATE TABLE IF NOT EXISTS users (
                id INT AUTO_INCREMENT PRIMARY KEY,
                username VARCHAR(50) NOT NULL UNIQUE,
                password VARCHAR(255) NOT NULL,
                email VARCHAR(100) NOT NULL UNIQUE,
                account_type ENUM('user', 'admin') DEFAULT 'user',
                created_at TIMESTAMP DEFAULT CURRENT_TIMESTAMP
            )
[23-Apr-2025 20:33:00 Europe/Berlin] With params: []
[23-Apr-2025 20:33:00 Europe/Berlin] Query executed successfully. Found 0 rows
[23-Apr-2025 20:33:00 Europe/Berlin] Users table created or already exists
[23-Apr-2025 20:33:00 Europe/Berlin] Users table structure: [{"Field":"id","Type":"int(11)","Null":"NO","Key":"PRI","Default":null,"Extra":"auto_increment"},{"Field":"username","Type":"varchar(50)","Null":"NO","Key":"","Default":null,"Extra":""},{"Field":"email","Type":"varchar(100)","Null":"NO","Key":"UNI","Default":null,"Extra":""},{"Field":"password","Type":"varchar(255)","Null":"NO","Key":"","Default":null,"Extra":""},{"Field":"role","Type":"enum('user','admin')","Null":"YES","Key":"","Default":"user","Extra":""},{"Field":"verification_code","Type":"varchar(100)","Null":"YES","Key":"","Default":null,"Extra":""},{"Field":"is_verified","Type":"tinyint(1)","Null":"YES","Key":"","Default":"0","Extra":""},{"Field":"created_at","Type":"timestamp","Null":"NO","Key":"","Default":"current_timestamp()","Extra":""},{"Field":"favorite_sport","Type":"varchar(50)","Null":"YES","Key":"","Default":null,"Extra":""},{"Field":"favorite_team","Type":"varchar(50)","Null":"YES","Key":"","Default":null,"Extra":""},{"Field":"account_type","Type":"enum('user','admin')","Null":"YES","Key":"","Default":"user","Extra":""}]
[23-Apr-2025 20:33:00 Europe/Berlin] Number of users in database: 13
[23-Apr-2025 20:33:00 Europe/Berlin] All tables initialized successfully
[23-Apr-2025 20:33:00 Europe/Berlin] API Request received: /sportsync/backend/match.php?action=fetch_matches&sport=cricket&all=true
[23-Apr-2025 20:33:00 Europe/Berlin] GET parameters: Array
(
    [action] => fetch_matches
    [sport] => cricket
    [all] => true
)

[23-Apr-2025 20:33:00 Europe/Berlin] Executing SQL: SELECT * FROM matches WHERE sport = :sport ORDER BY match_time DESC
[23-Apr-2025 20:33:00 Europe/Berlin] With params: {":sport":"cricket"}
[23-Apr-2025 20:33:00 Europe/Berlin] Query executed successfully. Found 4 rows
[23-Apr-2025 20:33:08 Europe/Berlin] Connected to database. Tables found: favorites, feedback, matches, matches_backup, matches_new, news, newsletter, notifications, players, subscriptions, users
[23-Apr-2025 20:33:08 Europe/Berlin] Executing SQL: CREATE TABLE IF NOT EXISTS users (
                id INT AUTO_INCREMENT PRIMARY KEY,
                username VARCHAR(50) NOT NULL UNIQUE,
                password VARCHAR(255) NOT NULL,
                email VARCHAR(100) NOT NULL UNIQUE,
                account_type ENUM('user', 'admin') DEFAULT 'user',
                created_at TIMESTAMP DEFAULT CURRENT_TIMESTAMP
            )
[23-Apr-2025 20:33:08 Europe/Berlin] With params: []
[23-Apr-2025 20:33:08 Europe/Berlin] Query executed successfully. Found 0 rows
[23-Apr-2025 20:33:08 Europe/Berlin] Users table created or already exists
[23-Apr-2025 20:33:08 Europe/Berlin] Users table structure: [{"Field":"id","Type":"int(11)","Null":"NO","Key":"PRI","Default":null,"Extra":"auto_increment"},{"Field":"username","Type":"varchar(50)","Null":"NO","Key":"","Default":null,"Extra":""},{"Field":"email","Type":"varchar(100)","Null":"NO","Key":"UNI","Default":null,"Extra":""},{"Field":"password","Type":"varchar(255)","Null":"NO","Key":"","Default":null,"Extra":""},{"Field":"role","Type":"enum('user','admin')","Null":"YES","Key":"","Default":"user","Extra":""},{"Field":"verification_code","Type":"varchar(100)","Null":"YES","Key":"","Default":null,"Extra":""},{"Field":"is_verified","Type":"tinyint(1)","Null":"YES","Key":"","Default":"0","Extra":""},{"Field":"created_at","Type":"timestamp","Null":"NO","Key":"","Default":"current_timestamp()","Extra":""},{"Field":"favorite_sport","Type":"varchar(50)","Null":"YES","Key":"","Default":null,"Extra":""},{"Field":"favorite_team","Type":"varchar(50)","Null":"YES","Key":"","Default":null,"Extra":""},{"Field":"account_type","Type":"enum('user','admin')","Null":"YES","Key":"","Default":"user","Extra":""}]
[23-Apr-2025 20:33:08 Europe/Berlin] Number of users in database: 13
[23-Apr-2025 20:33:08 Europe/Berlin] All tables initialized successfully
[23-Apr-2025 20:33:08 Europe/Berlin] Connected to database. Tables found: favorites, feedback, matches, matches_backup, matches_new, news, newsletter, notifications, players, subscriptions, users
[23-Apr-2025 20:33:08 Europe/Berlin] Executing SQL: CREATE TABLE IF NOT EXISTS users (
                id INT AUTO_INCREMENT PRIMARY KEY,
                username VARCHAR(50) NOT NULL UNIQUE,
                password VARCHAR(255) NOT NULL,
                email VARCHAR(100) NOT NULL UNIQUE,
                account_type ENUM('user', 'admin') DEFAULT 'user',
                created_at TIMESTAMP DEFAULT CURRENT_TIMESTAMP
            )
[23-Apr-2025 20:33:08 Europe/Berlin] With params: []
[23-Apr-2025 20:33:08 Europe/Berlin] Query executed successfully. Found 0 rows
[23-Apr-2025 20:33:08 Europe/Berlin] Users table created or already exists
[23-Apr-2025 20:33:08 Europe/Berlin] Users table structure: [{"Field":"id","Type":"int(11)","Null":"NO","Key":"PRI","Default":null,"Extra":"auto_increment"},{"Field":"username","Type":"varchar(50)","Null":"NO","Key":"","Default":null,"Extra":""},{"Field":"email","Type":"varchar(100)","Null":"NO","Key":"UNI","Default":null,"Extra":""},{"Field":"password","Type":"varchar(255)","Null":"NO","Key":"","Default":null,"Extra":""},{"Field":"role","Type":"enum('user','admin')","Null":"YES","Key":"","Default":"user","Extra":""},{"Field":"verification_code","Type":"varchar(100)","Null":"YES","Key":"","Default":null,"Extra":""},{"Field":"is_verified","Type":"tinyint(1)","Null":"YES","Key":"","Default":"0","Extra":""},{"Field":"created_at","Type":"timestamp","Null":"NO","Key":"","Default":"current_timestamp()","Extra":""},{"Field":"favorite_sport","Type":"varchar(50)","Null":"YES","Key":"","Default":null,"Extra":""},{"Field":"favorite_team","Type":"varchar(50)","Null":"YES","Key":"","Default":null,"Extra":""},{"Field":"account_type","Type":"enum('user','admin')","Null":"YES","Key":"","Default":"user","Extra":""}]
[23-Apr-2025 20:33:08 Europe/Berlin] Number of users in database: 13
[23-Apr-2025 20:33:08 Europe/Berlin] All tables initialized successfully
[23-Apr-2025 20:33:08 Europe/Berlin] Database tables initialized successfully
[23-Apr-2025 20:33:08 Europe/Berlin] PHP Warning:  Undefined array key "subscribe_email" in /Applications/XAMPP/xamppfiles/htdocs/sportsync/public/index.php on line 13
[23-Apr-2025 20:33:08 Europe/Berlin] Database error in subscribeNewsletter: SQLSTATE[23000]: Integrity constraint violation: 1048 Column 'email' cannot be null
[23-Apr-2025 20:33:08 Europe/Berlin] Header - Session status: 2
[23-Apr-2025 20:33:08 Europe/Berlin] Header - Session data: []
[23-Apr-2025 20:33:08 Europe/Berlin] Header - After session start - Status: 2
[23-Apr-2025 20:33:08 Europe/Berlin] Header - After session start - Data: []
[23-Apr-2025 20:33:08 Europe/Berlin] Header - Is logged in: No
[23-Apr-2025 20:33:08 Europe/Berlin] Executing SQL: SELECT * FROM news ORDER BY created_at DESC LIMIT 5
[23-Apr-2025 20:33:08 Europe/Berlin] With params: []
[23-Apr-2025 20:33:08 Europe/Berlin] Query executed successfully. Found 5 rows
[23-Apr-2025 20:33:08 Europe/Berlin] Executing SQL: SELECT * FROM matches WHERE status = 'live'
[23-Apr-2025 20:33:08 Europe/Berlin] With params: []
[23-Apr-2025 20:33:08 Europe/Berlin] Query executed successfully. Found 1 rows
[23-Apr-2025 20:33:08 Europe/Berlin] Form submitted with email: alpha@gmail.com
[23-Apr-2025 20:33:15 Europe/Berlin] Email sent successfully to: alpha@gmail.com
[23-Apr-2025 20:33:15 Europe/Berlin] Connected to database. Tables found: favorites, feedback, matches, matches_backup, matches_new, news, newsletter, notifications, players, subscriptions, users
[23-Apr-2025 20:33:15 Europe/Berlin] Executing SQL: CREATE TABLE IF NOT EXISTS users (
                id INT AUTO_INCREMENT PRIMARY KEY,
                username VARCHAR(50) NOT NULL UNIQUE,
                password VARCHAR(255) NOT NULL,
                email VARCHAR(100) NOT NULL UNIQUE,
                account_type ENUM('user', 'admin') DEFAULT 'user',
                created_at TIMESTAMP DEFAULT CURRENT_TIMESTAMP
            )
[23-Apr-2025 20:33:15 Europe/Berlin] With params: []
[23-Apr-2025 20:33:15 Europe/Berlin] Query executed successfully. Found 0 rows
[23-Apr-2025 20:33:15 Europe/Berlin] Users table created or already exists
[23-Apr-2025 20:33:15 Europe/Berlin] Users table structure: [{"Field":"id","Type":"int(11)","Null":"NO","Key":"PRI","Default":null,"Extra":"auto_increment"},{"Field":"username","Type":"varchar(50)","Null":"NO","Key":"","Default":null,"Extra":""},{"Field":"email","Type":"varchar(100)","Null":"NO","Key":"UNI","Default":null,"Extra":""},{"Field":"password","Type":"varchar(255)","Null":"NO","Key":"","Default":null,"Extra":""},{"Field":"role","Type":"enum('user','admin')","Null":"YES","Key":"","Default":"user","Extra":""},{"Field":"verification_code","Type":"varchar(100)","Null":"YES","Key":"","Default":null,"Extra":""},{"Field":"is_verified","Type":"tinyint(1)","Null":"YES","Key":"","Default":"0","Extra":""},{"Field":"created_at","Type":"timestamp","Null":"NO","Key":"","Default":"current_timestamp()","Extra":""},{"Field":"favorite_sport","Type":"varchar(50)","Null":"YES","Key":"","Default":null,"Extra":""},{"Field":"favorite_team","Type":"varchar(50)","Null":"YES","Key":"","Default":null,"Extra":""},{"Field":"account_type","Type":"enum('user','admin')","Null":"YES","Key":"","Default":"user","Extra":""}]
[23-Apr-2025 20:33:15 Europe/Berlin] Number of users in database: 13
[23-Apr-2025 20:33:15 Europe/Berlin] All tables initialized successfully
[23-Apr-2025 20:33:15 Europe/Berlin] Connected to database. Tables found: favorites, feedback, matches, matches_backup, matches_new, news, newsletter, notifications, players, subscriptions, users
[23-Apr-2025 20:33:15 Europe/Berlin] Executing SQL: CREATE TABLE IF NOT EXISTS users (
                id INT AUTO_INCREMENT PRIMARY KEY,
                username VARCHAR(50) NOT NULL UNIQUE,
                password VARCHAR(255) NOT NULL,
                email VARCHAR(100) NOT NULL UNIQUE,
                account_type ENUM('user', 'admin') DEFAULT 'user',
                created_at TIMESTAMP DEFAULT CURRENT_TIMESTAMP
            )
[23-Apr-2025 20:33:15 Europe/Berlin] With params: []
[23-Apr-2025 20:33:15 Europe/Berlin] Query executed successfully. Found 0 rows
[23-Apr-2025 20:33:15 Europe/Berlin] Users table created or already exists
[23-Apr-2025 20:33:15 Europe/Berlin] Users table structure: [{"Field":"id","Type":"int(11)","Null":"NO","Key":"PRI","Default":null,"Extra":"auto_increment"},{"Field":"username","Type":"varchar(50)","Null":"NO","Key":"","Default":null,"Extra":""},{"Field":"email","Type":"varchar(100)","Null":"NO","Key":"UNI","Default":null,"Extra":""},{"Field":"password","Type":"varchar(255)","Null":"NO","Key":"","Default":null,"Extra":""},{"Field":"role","Type":"enum('user','admin')","Null":"YES","Key":"","Default":"user","Extra":""},{"Field":"verification_code","Type":"varchar(100)","Null":"YES","Key":"","Default":null,"Extra":""},{"Field":"is_verified","Type":"tinyint(1)","Null":"YES","Key":"","Default":"0","Extra":""},{"Field":"created_at","Type":"timestamp","Null":"NO","Key":"","Default":"current_timestamp()","Extra":""},{"Field":"favorite_sport","Type":"varchar(50)","Null":"YES","Key":"","Default":null,"Extra":""},{"Field":"favorite_team","Type":"varchar(50)","Null":"YES","Key":"","Default":null,"Extra":""},{"Field":"account_type","Type":"enum('user','admin')","Null":"YES","Key":"","Default":"user","Extra":""}]
[23-Apr-2025 20:33:15 Europe/Berlin] Number of users in database: 13
[23-Apr-2025 20:33:15 Europe/Berlin] All tables initialized successfully
[23-Apr-2025 20:33:15 Europe/Berlin] Database tables initialized successfully
[23-Apr-2025 20:33:15 Europe/Berlin] Header - Session status: 2
[23-Apr-2025 20:33:15 Europe/Berlin] Header - Session data: {"success_message":"Thank you for subscribing! We've sent a confirmation email."}
[23-Apr-2025 20:33:15 Europe/Berlin] Header - After session start - Status: 2
[23-Apr-2025 20:33:15 Europe/Berlin] Header - After session start - Data: {"success_message":"Thank you for subscribing! We've sent a confirmation email."}
[23-Apr-2025 20:33:15 Europe/Berlin] Header - Is logged in: No
[23-Apr-2025 20:33:15 Europe/Berlin] Executing SQL: SELECT * FROM news ORDER BY created_at DESC LIMIT 5
[23-Apr-2025 20:33:15 Europe/Berlin] With params: []
[23-Apr-2025 20:33:15 Europe/Berlin] Query executed successfully. Found 5 rows
[23-Apr-2025 20:33:15 Europe/Berlin] Executing SQL: SELECT * FROM matches WHERE status = 'live'
[23-Apr-2025 20:33:15 Europe/Berlin] With params: []
[23-Apr-2025 20:33:15 Europe/Berlin] Query executed successfully. Found 1 rows
[23-Apr-2025 20:34:01 Europe/Berlin] Connected to database. Tables found: favorites, feedback, matches, matches_backup, matches_new, news, newsletter, notifications, players, subscriptions, users
[23-Apr-2025 20:34:01 Europe/Berlin] Executing SQL: CREATE TABLE IF NOT EXISTS users (
                id INT AUTO_INCREMENT PRIMARY KEY,
                username VARCHAR(50) NOT NULL UNIQUE,
                password VARCHAR(255) NOT NULL,
                email VARCHAR(100) NOT NULL UNIQUE,
                account_type ENUM('user', 'admin') DEFAULT 'user',
                created_at TIMESTAMP DEFAULT CURRENT_TIMESTAMP
            )
[23-Apr-2025 20:34:01 Europe/Berlin] With params: []
[23-Apr-2025 20:34:01 Europe/Berlin] Query executed successfully. Found 0 rows
[23-Apr-2025 20:34:01 Europe/Berlin] Users table created or already exists
[23-Apr-2025 20:34:01 Europe/Berlin] Users table structure: [{"Field":"id","Type":"int(11)","Null":"NO","Key":"PRI","Default":null,"Extra":"auto_increment"},{"Field":"username","Type":"varchar(50)","Null":"NO","Key":"","Default":null,"Extra":""},{"Field":"email","Type":"varchar(100)","Null":"NO","Key":"UNI","Default":null,"Extra":""},{"Field":"password","Type":"varchar(255)","Null":"NO","Key":"","Default":null,"Extra":""},{"Field":"role","Type":"enum('user','admin')","Null":"YES","Key":"","Default":"user","Extra":""},{"Field":"verification_code","Type":"varchar(100)","Null":"YES","Key":"","Default":null,"Extra":""},{"Field":"is_verified","Type":"tinyint(1)","Null":"YES","Key":"","Default":"0","Extra":""},{"Field":"created_at","Type":"timestamp","Null":"NO","Key":"","Default":"current_timestamp()","Extra":""},{"Field":"favorite_sport","Type":"varchar(50)","Null":"YES","Key":"","Default":null,"Extra":""},{"Field":"favorite_team","Type":"varchar(50)","Null":"YES","Key":"","Default":null,"Extra":""},{"Field":"account_type","Type":"enum('user','admin')","Null":"YES","Key":"","Default":"user","Extra":""}]
[23-Apr-2025 20:34:01 Europe/Berlin] Number of users in database: 13
[23-Apr-2025 20:34:01 Europe/Berlin] All tables initialized successfully
[23-Apr-2025 20:34:01 Europe/Berlin] Connected to database. Tables found: favorites, feedback, matches, matches_backup, matches_new, news, newsletter, notifications, players, subscriptions, users
[23-Apr-2025 20:34:01 Europe/Berlin] Executing SQL: CREATE TABLE IF NOT EXISTS users (
                id INT AUTO_INCREMENT PRIMARY KEY,
                username VARCHAR(50) NOT NULL UNIQUE,
                password VARCHAR(255) NOT NULL,
                email VARCHAR(100) NOT NULL UNIQUE,
                account_type ENUM('user', 'admin') DEFAULT 'user',
                created_at TIMESTAMP DEFAULT CURRENT_TIMESTAMP
            )
[23-Apr-2025 20:34:01 Europe/Berlin] With params: []
[23-Apr-2025 20:34:01 Europe/Berlin] Query executed successfully. Found 0 rows
[23-Apr-2025 20:34:01 Europe/Berlin] Users table created or already exists
[23-Apr-2025 20:34:01 Europe/Berlin] Users table structure: [{"Field":"id","Type":"int(11)","Null":"NO","Key":"PRI","Default":null,"Extra":"auto_increment"},{"Field":"username","Type":"varchar(50)","Null":"NO","Key":"","Default":null,"Extra":""},{"Field":"email","Type":"varchar(100)","Null":"NO","Key":"UNI","Default":null,"Extra":""},{"Field":"password","Type":"varchar(255)","Null":"NO","Key":"","Default":null,"Extra":""},{"Field":"role","Type":"enum('user','admin')","Null":"YES","Key":"","Default":"user","Extra":""},{"Field":"verification_code","Type":"varchar(100)","Null":"YES","Key":"","Default":null,"Extra":""},{"Field":"is_verified","Type":"tinyint(1)","Null":"YES","Key":"","Default":"0","Extra":""},{"Field":"created_at","Type":"timestamp","Null":"NO","Key":"","Default":"current_timestamp()","Extra":""},{"Field":"favorite_sport","Type":"varchar(50)","Null":"YES","Key":"","Default":null,"Extra":""},{"Field":"favorite_team","Type":"varchar(50)","Null":"YES","Key":"","Default":null,"Extra":""},{"Field":"account_type","Type":"enum('user','admin')","Null":"YES","Key":"","Default":"user","Extra":""}]
[23-Apr-2025 20:34:01 Europe/Berlin] Number of users in database: 13
[23-Apr-2025 20:34:01 Europe/Berlin] All tables initialized successfully
[23-Apr-2025 20:34:01 Europe/Berlin] Database tables initialized successfully
[23-Apr-2025 20:34:01 Europe/Berlin] PHP Warning:  Undefined array key "subscribe_email" in /Applications/XAMPP/xamppfiles/htdocs/sportsync/public/index.php on line 13
[23-Apr-2025 20:34:01 Europe/Berlin] Database error in subscribeNewsletter: SQLSTATE[23000]: Integrity constraint violation: 1048 Column 'email' cannot be null
[23-Apr-2025 20:34:01 Europe/Berlin] Header - Session status: 2
[23-Apr-2025 20:34:01 Europe/Berlin] Header - Session data: []
[23-Apr-2025 20:34:01 Europe/Berlin] Header - After session start - Status: 2
[23-Apr-2025 20:34:01 Europe/Berlin] Header - After session start - Data: []
[23-Apr-2025 20:34:01 Europe/Berlin] Header - Is logged in: No
[23-Apr-2025 20:34:01 Europe/Berlin] Executing SQL: SELECT * FROM news ORDER BY created_at DESC LIMIT 5
[23-Apr-2025 20:34:01 Europe/Berlin] With params: []
[23-Apr-2025 20:34:01 Europe/Berlin] Query executed successfully. Found 5 rows
[23-Apr-2025 20:34:01 Europe/Berlin] Executing SQL: SELECT * FROM matches WHERE status = 'live'
[23-Apr-2025 20:34:01 Europe/Berlin] With params: []
[23-Apr-2025 20:34:01 Europe/Berlin] Query executed successfully. Found 1 rows
[23-Apr-2025 20:34:01 Europe/Berlin] Form submitted with email: varunpndey@outlook.com
[23-Apr-2025 20:34:06 Europe/Berlin] Email sent successfully to: varunpndey@outlook.com
[23-Apr-2025 20:34:06 Europe/Berlin] Connected to database. Tables found: favorites, feedback, matches, matches_backup, matches_new, news, newsletter, notifications, players, subscriptions, users
[23-Apr-2025 20:34:06 Europe/Berlin] Executing SQL: CREATE TABLE IF NOT EXISTS users (
                id INT AUTO_INCREMENT PRIMARY KEY,
                username VARCHAR(50) NOT NULL UNIQUE,
                password VARCHAR(255) NOT NULL,
                email VARCHAR(100) NOT NULL UNIQUE,
                account_type ENUM('user', 'admin') DEFAULT 'user',
                created_at TIMESTAMP DEFAULT CURRENT_TIMESTAMP
            )
[23-Apr-2025 20:34:06 Europe/Berlin] With params: []
[23-Apr-2025 20:34:06 Europe/Berlin] Query executed successfully. Found 0 rows
[23-Apr-2025 20:34:06 Europe/Berlin] Users table created or already exists
[23-Apr-2025 20:34:06 Europe/Berlin] Users table structure: [{"Field":"id","Type":"int(11)","Null":"NO","Key":"PRI","Default":null,"Extra":"auto_increment"},{"Field":"username","Type":"varchar(50)","Null":"NO","Key":"","Default":null,"Extra":""},{"Field":"email","Type":"varchar(100)","Null":"NO","Key":"UNI","Default":null,"Extra":""},{"Field":"password","Type":"varchar(255)","Null":"NO","Key":"","Default":null,"Extra":""},{"Field":"role","Type":"enum('user','admin')","Null":"YES","Key":"","Default":"user","Extra":""},{"Field":"verification_code","Type":"varchar(100)","Null":"YES","Key":"","Default":null,"Extra":""},{"Field":"is_verified","Type":"tinyint(1)","Null":"YES","Key":"","Default":"0","Extra":""},{"Field":"created_at","Type":"timestamp","Null":"NO","Key":"","Default":"current_timestamp()","Extra":""},{"Field":"favorite_sport","Type":"varchar(50)","Null":"YES","Key":"","Default":null,"Extra":""},{"Field":"favorite_team","Type":"varchar(50)","Null":"YES","Key":"","Default":null,"Extra":""},{"Field":"account_type","Type":"enum('user','admin')","Null":"YES","Key":"","Default":"user","Extra":""}]
[23-Apr-2025 20:34:06 Europe/Berlin] Number of users in database: 13
[23-Apr-2025 20:34:06 Europe/Berlin] All tables initialized successfully
[23-Apr-2025 20:34:06 Europe/Berlin] Connected to database. Tables found: favorites, feedback, matches, matches_backup, matches_new, news, newsletter, notifications, players, subscriptions, users
[23-Apr-2025 20:34:06 Europe/Berlin] Executing SQL: CREATE TABLE IF NOT EXISTS users (
                id INT AUTO_INCREMENT PRIMARY KEY,
                username VARCHAR(50) NOT NULL UNIQUE,
                password VARCHAR(255) NOT NULL,
                email VARCHAR(100) NOT NULL UNIQUE,
                account_type ENUM('user', 'admin') DEFAULT 'user',
                created_at TIMESTAMP DEFAULT CURRENT_TIMESTAMP
            )
[23-Apr-2025 20:34:06 Europe/Berlin] With params: []
[23-Apr-2025 20:34:06 Europe/Berlin] Query executed successfully. Found 0 rows
[23-Apr-2025 20:34:06 Europe/Berlin] Users table created or already exists
[23-Apr-2025 20:34:06 Europe/Berlin] Users table structure: [{"Field":"id","Type":"int(11)","Null":"NO","Key":"PRI","Default":null,"Extra":"auto_increment"},{"Field":"username","Type":"varchar(50)","Null":"NO","Key":"","Default":null,"Extra":""},{"Field":"email","Type":"varchar(100)","Null":"NO","Key":"UNI","Default":null,"Extra":""},{"Field":"password","Type":"varchar(255)","Null":"NO","Key":"","Default":null,"Extra":""},{"Field":"role","Type":"enum('user','admin')","Null":"YES","Key":"","Default":"user","Extra":""},{"Field":"verification_code","Type":"varchar(100)","Null":"YES","Key":"","Default":null,"Extra":""},{"Field":"is_verified","Type":"tinyint(1)","Null":"YES","Key":"","Default":"0","Extra":""},{"Field":"created_at","Type":"timestamp","Null":"NO","Key":"","Default":"current_timestamp()","Extra":""},{"Field":"favorite_sport","Type":"varchar(50)","Null":"YES","Key":"","Default":null,"Extra":""},{"Field":"favorite_team","Type":"varchar(50)","Null":"YES","Key":"","Default":null,"Extra":""},{"Field":"account_type","Type":"enum('user','admin')","Null":"YES","Key":"","Default":"user","Extra":""}]
[23-Apr-2025 20:34:06 Europe/Berlin] Number of users in database: 13
[23-Apr-2025 20:34:06 Europe/Berlin] All tables initialized successfully
[23-Apr-2025 20:34:06 Europe/Berlin] Database tables initialized successfully
[23-Apr-2025 20:34:06 Europe/Berlin] Header - Session status: 2
[23-Apr-2025 20:34:06 Europe/Berlin] Header - Session data: {"success_message":"Thank you for subscribing! We've sent a confirmation email."}
[23-Apr-2025 20:34:06 Europe/Berlin] Header - After session start - Status: 2
[23-Apr-2025 20:34:06 Europe/Berlin] Header - After session start - Data: {"success_message":"Thank you for subscribing! We've sent a confirmation email."}
[23-Apr-2025 20:34:06 Europe/Berlin] Header - Is logged in: No
[23-Apr-2025 20:34:06 Europe/Berlin] Executing SQL: SELECT * FROM news ORDER BY created_at DESC LIMIT 5
[23-Apr-2025 20:34:06 Europe/Berlin] With params: []
[23-Apr-2025 20:34:06 Europe/Berlin] Query executed successfully. Found 5 rows
[23-Apr-2025 20:34:06 Europe/Berlin] Executing SQL: SELECT * FROM matches WHERE status = 'live'
[23-Apr-2025 20:34:06 Europe/Berlin] With params: []
[23-Apr-2025 20:34:06 Europe/Berlin] Query executed successfully. Found 1 rows
[23-Apr-2025 20:35:22 Europe/Berlin] Connected to database. Tables found: favorites, feedback, matches, matches_backup, matches_new, news, newsletter, notifications, players, subscriptions, users
[23-Apr-2025 20:35:22 Europe/Berlin] Executing SQL: CREATE TABLE IF NOT EXISTS users (
                id INT AUTO_INCREMENT PRIMARY KEY,
                username VARCHAR(50) NOT NULL UNIQUE,
                password VARCHAR(255) NOT NULL,
                email VARCHAR(100) NOT NULL UNIQUE,
                account_type ENUM('user', 'admin') DEFAULT 'user',
                created_at TIMESTAMP DEFAULT CURRENT_TIMESTAMP
            )
[23-Apr-2025 20:35:22 Europe/Berlin] With params: []
[23-Apr-2025 20:35:22 Europe/Berlin] Query executed successfully. Found 0 rows
[23-Apr-2025 20:35:22 Europe/Berlin] Users table created or already exists
[23-Apr-2025 20:35:22 Europe/Berlin] Users table structure: [{"Field":"id","Type":"int(11)","Null":"NO","Key":"PRI","Default":null,"Extra":"auto_increment"},{"Field":"username","Type":"varchar(50)","Null":"NO","Key":"","Default":null,"Extra":""},{"Field":"email","Type":"varchar(100)","Null":"NO","Key":"UNI","Default":null,"Extra":""},{"Field":"password","Type":"varchar(255)","Null":"NO","Key":"","Default":null,"Extra":""},{"Field":"role","Type":"enum('user','admin')","Null":"YES","Key":"","Default":"user","Extra":""},{"Field":"verification_code","Type":"varchar(100)","Null":"YES","Key":"","Default":null,"Extra":""},{"Field":"is_verified","Type":"tinyint(1)","Null":"YES","Key":"","Default":"0","Extra":""},{"Field":"created_at","Type":"timestamp","Null":"NO","Key":"","Default":"current_timestamp()","Extra":""},{"Field":"favorite_sport","Type":"varchar(50)","Null":"YES","Key":"","Default":null,"Extra":""},{"Field":"favorite_team","Type":"varchar(50)","Null":"YES","Key":"","Default":null,"Extra":""},{"Field":"account_type","Type":"enum('user','admin')","Null":"YES","Key":"","Default":"user","Extra":""}]
[23-Apr-2025 20:35:22 Europe/Berlin] Number of users in database: 13
[23-Apr-2025 20:35:22 Europe/Berlin] All tables initialized successfully
[23-Apr-2025 20:35:22 Europe/Berlin] Connected to database. Tables found: favorites, feedback, matches, matches_backup, matches_new, news, newsletter, notifications, players, subscriptions, users
[23-Apr-2025 20:35:22 Europe/Berlin] Executing SQL: CREATE TABLE IF NOT EXISTS users (
                id INT AUTO_INCREMENT PRIMARY KEY,
                username VARCHAR(50) NOT NULL UNIQUE,
                password VARCHAR(255) NOT NULL,
                email VARCHAR(100) NOT NULL UNIQUE,
                account_type ENUM('user', 'admin') DEFAULT 'user',
                created_at TIMESTAMP DEFAULT CURRENT_TIMESTAMP
            )
[23-Apr-2025 20:35:22 Europe/Berlin] With params: []
[23-Apr-2025 20:35:22 Europe/Berlin] Query executed successfully. Found 0 rows
[23-Apr-2025 20:35:22 Europe/Berlin] Users table created or already exists
[23-Apr-2025 20:35:22 Europe/Berlin] Users table structure: [{"Field":"id","Type":"int(11)","Null":"NO","Key":"PRI","Default":null,"Extra":"auto_increment"},{"Field":"username","Type":"varchar(50)","Null":"NO","Key":"","Default":null,"Extra":""},{"Field":"email","Type":"varchar(100)","Null":"NO","Key":"UNI","Default":null,"Extra":""},{"Field":"password","Type":"varchar(255)","Null":"NO","Key":"","Default":null,"Extra":""},{"Field":"role","Type":"enum('user','admin')","Null":"YES","Key":"","Default":"user","Extra":""},{"Field":"verification_code","Type":"varchar(100)","Null":"YES","Key":"","Default":null,"Extra":""},{"Field":"is_verified","Type":"tinyint(1)","Null":"YES","Key":"","Default":"0","Extra":""},{"Field":"created_at","Type":"timestamp","Null":"NO","Key":"","Default":"current_timestamp()","Extra":""},{"Field":"favorite_sport","Type":"varchar(50)","Null":"YES","Key":"","Default":null,"Extra":""},{"Field":"favorite_team","Type":"varchar(50)","Null":"YES","Key":"","Default":null,"Extra":""},{"Field":"account_type","Type":"enum('user','admin')","Null":"YES","Key":"","Default":"user","Extra":""}]
[23-Apr-2025 20:35:22 Europe/Berlin] Number of users in database: 13
[23-Apr-2025 20:35:22 Europe/Berlin] All tables initialized successfully
[23-Apr-2025 20:35:22 Europe/Berlin] Database tables initialized successfully
[23-Apr-2025 20:35:22 Europe/Berlin] PHP Warning:  Undefined array key "subscribe_email" in /Applications/XAMPP/xamppfiles/htdocs/sportsync/public/index.php on line 13
[23-Apr-2025 20:35:22 Europe/Berlin] Database error in subscribeNewsletter: SQLSTATE[23000]: Integrity constraint violation: 1048 Column 'email' cannot be null
[23-Apr-2025 20:35:22 Europe/Berlin] Header - Session status: 2
[23-Apr-2025 20:35:22 Europe/Berlin] Header - Session data: []
[23-Apr-2025 20:35:22 Europe/Berlin] Header - After session start - Status: 2
[23-Apr-2025 20:35:22 Europe/Berlin] Header - After session start - Data: []
[23-Apr-2025 20:35:22 Europe/Berlin] Header - Is logged in: No
[23-Apr-2025 20:35:22 Europe/Berlin] Executing SQL: SELECT * FROM news ORDER BY created_at DESC LIMIT 5
[23-Apr-2025 20:35:22 Europe/Berlin] With params: []
[23-Apr-2025 20:35:22 Europe/Berlin] Query executed successfully. Found 5 rows
[23-Apr-2025 20:35:22 Europe/Berlin] Executing SQL: SELECT * FROM matches WHERE status = 'live'
[23-Apr-2025 20:35:22 Europe/Berlin] With params: []
[23-Apr-2025 20:35:22 Europe/Berlin] Query executed successfully. Found 1 rows
[23-Apr-2025 20:35:22 Europe/Berlin] Form submitted with email: aayushpunia12@gmail.com
[23-Apr-2025 20:35:46 Europe/Berlin] Email sent successfully to: aayushpunia12@gmail.com
[23-Apr-2025 20:35:46 Europe/Berlin] Connected to database. Tables found: favorites, feedback, matches, matches_backup, matches_new, news, newsletter, notifications, players, subscriptions, users
[23-Apr-2025 20:35:46 Europe/Berlin] Executing SQL: CREATE TABLE IF NOT EXISTS users (
                id INT AUTO_INCREMENT PRIMARY KEY,
                username VARCHAR(50) NOT NULL UNIQUE,
                password VARCHAR(255) NOT NULL,
                email VARCHAR(100) NOT NULL UNIQUE,
                account_type ENUM('user', 'admin') DEFAULT 'user',
                created_at TIMESTAMP DEFAULT CURRENT_TIMESTAMP
            )
[23-Apr-2025 20:35:46 Europe/Berlin] With params: []
[23-Apr-2025 20:35:46 Europe/Berlin] Query executed successfully. Found 0 rows
[23-Apr-2025 20:35:46 Europe/Berlin] Users table created or already exists
[23-Apr-2025 20:35:46 Europe/Berlin] Users table structure: [{"Field":"id","Type":"int(11)","Null":"NO","Key":"PRI","Default":null,"Extra":"auto_increment"},{"Field":"username","Type":"varchar(50)","Null":"NO","Key":"","Default":null,"Extra":""},{"Field":"email","Type":"varchar(100)","Null":"NO","Key":"UNI","Default":null,"Extra":""},{"Field":"password","Type":"varchar(255)","Null":"NO","Key":"","Default":null,"Extra":""},{"Field":"role","Type":"enum('user','admin')","Null":"YES","Key":"","Default":"user","Extra":""},{"Field":"verification_code","Type":"varchar(100)","Null":"YES","Key":"","Default":null,"Extra":""},{"Field":"is_verified","Type":"tinyint(1)","Null":"YES","Key":"","Default":"0","Extra":""},{"Field":"created_at","Type":"timestamp","Null":"NO","Key":"","Default":"current_timestamp()","Extra":""},{"Field":"favorite_sport","Type":"varchar(50)","Null":"YES","Key":"","Default":null,"Extra":""},{"Field":"favorite_team","Type":"varchar(50)","Null":"YES","Key":"","Default":null,"Extra":""},{"Field":"account_type","Type":"enum('user','admin')","Null":"YES","Key":"","Default":"user","Extra":""}]
[23-Apr-2025 20:35:46 Europe/Berlin] Number of users in database: 13
[23-Apr-2025 20:35:46 Europe/Berlin] All tables initialized successfully
[23-Apr-2025 20:35:46 Europe/Berlin] Connected to database. Tables found: favorites, feedback, matches, matches_backup, matches_new, news, newsletter, notifications, players, subscriptions, users
[23-Apr-2025 20:35:46 Europe/Berlin] Executing SQL: CREATE TABLE IF NOT EXISTS users (
                id INT AUTO_INCREMENT PRIMARY KEY,
                username VARCHAR(50) NOT NULL UNIQUE,
                password VARCHAR(255) NOT NULL,
                email VARCHAR(100) NOT NULL UNIQUE,
                account_type ENUM('user', 'admin') DEFAULT 'user',
                created_at TIMESTAMP DEFAULT CURRENT_TIMESTAMP
            )
[23-Apr-2025 20:35:46 Europe/Berlin] With params: []
[23-Apr-2025 20:35:46 Europe/Berlin] Query executed successfully. Found 0 rows
[23-Apr-2025 20:35:46 Europe/Berlin] Users table created or already exists
[23-Apr-2025 20:35:46 Europe/Berlin] Users table structure: [{"Field":"id","Type":"int(11)","Null":"NO","Key":"PRI","Default":null,"Extra":"auto_increment"},{"Field":"username","Type":"varchar(50)","Null":"NO","Key":"","Default":null,"Extra":""},{"Field":"email","Type":"varchar(100)","Null":"NO","Key":"UNI","Default":null,"Extra":""},{"Field":"password","Type":"varchar(255)","Null":"NO","Key":"","Default":null,"Extra":""},{"Field":"role","Type":"enum('user','admin')","Null":"YES","Key":"","Default":"user","Extra":""},{"Field":"verification_code","Type":"varchar(100)","Null":"YES","Key":"","Default":null,"Extra":""},{"Field":"is_verified","Type":"tinyint(1)","Null":"YES","Key":"","Default":"0","Extra":""},{"Field":"created_at","Type":"timestamp","Null":"NO","Key":"","Default":"current_timestamp()","Extra":""},{"Field":"favorite_sport","Type":"varchar(50)","Null":"YES","Key":"","Default":null,"Extra":""},{"Field":"favorite_team","Type":"varchar(50)","Null":"YES","Key":"","Default":null,"Extra":""},{"Field":"account_type","Type":"enum('user','admin')","Null":"YES","Key":"","Default":"user","Extra":""}]
[23-Apr-2025 20:35:46 Europe/Berlin] Number of users in database: 13
[23-Apr-2025 20:35:46 Europe/Berlin] All tables initialized successfully
[23-Apr-2025 20:35:46 Europe/Berlin] Database tables initialized successfully
[23-Apr-2025 20:35:46 Europe/Berlin] Header - Session status: 2
[23-Apr-2025 20:35:46 Europe/Berlin] Header - Session data: {"success_message":"Thank you for subscribing! We've sent a confirmation email."}
[23-Apr-2025 20:35:46 Europe/Berlin] Header - After session start - Status: 2
[23-Apr-2025 20:35:46 Europe/Berlin] Header - After session start - Data: {"success_message":"Thank you for subscribing! We've sent a confirmation email."}
[23-Apr-2025 20:35:46 Europe/Berlin] Header - Is logged in: No
[23-Apr-2025 20:35:46 Europe/Berlin] Executing SQL: SELECT * FROM news ORDER BY created_at DESC LIMIT 5
[23-Apr-2025 20:35:46 Europe/Berlin] With params: []
[23-Apr-2025 20:35:46 Europe/Berlin] Query executed successfully. Found 5 rows
[23-Apr-2025 20:35:46 Europe/Berlin] Executing SQL: SELECT * FROM matches WHERE status = 'live'
[23-Apr-2025 20:35:46 Europe/Berlin] With params: []
[23-Apr-2025 20:35:46 Europe/Berlin] Query executed successfully. Found 1 rows
[23-Apr-2025 20:42:16 Europe/Berlin] Connected to database. Tables found: favorites, feedback, matches, matches_backup, matches_new, news, newsletter, notifications, players, subscriptions, users
[23-Apr-2025 20:42:16 Europe/Berlin] Executing SQL: CREATE TABLE IF NOT EXISTS users (
                id INT AUTO_INCREMENT PRIMARY KEY,
                username VARCHAR(50) NOT NULL UNIQUE,
                password VARCHAR(255) NOT NULL,
                email VARCHAR(100) NOT NULL UNIQUE,
                account_type ENUM('user', 'admin') DEFAULT 'user',
                created_at TIMESTAMP DEFAULT CURRENT_TIMESTAMP
            )
[23-Apr-2025 20:42:16 Europe/Berlin] With params: []
[23-Apr-2025 20:42:16 Europe/Berlin] Query executed successfully. Found 0 rows
[23-Apr-2025 20:42:16 Europe/Berlin] Users table created or already exists
[23-Apr-2025 20:42:16 Europe/Berlin] Users table structure: [{"Field":"id","Type":"int(11)","Null":"NO","Key":"PRI","Default":null,"Extra":"auto_increment"},{"Field":"username","Type":"varchar(50)","Null":"NO","Key":"","Default":null,"Extra":""},{"Field":"email","Type":"varchar(100)","Null":"NO","Key":"UNI","Default":null,"Extra":""},{"Field":"password","Type":"varchar(255)","Null":"NO","Key":"","Default":null,"Extra":""},{"Field":"role","Type":"enum('user','admin')","Null":"YES","Key":"","Default":"user","Extra":""},{"Field":"verification_code","Type":"varchar(100)","Null":"YES","Key":"","Default":null,"Extra":""},{"Field":"is_verified","Type":"tinyint(1)","Null":"YES","Key":"","Default":"0","Extra":""},{"Field":"created_at","Type":"timestamp","Null":"NO","Key":"","Default":"current_timestamp()","Extra":""},{"Field":"favorite_sport","Type":"varchar(50)","Null":"YES","Key":"","Default":null,"Extra":""},{"Field":"favorite_team","Type":"varchar(50)","Null":"YES","Key":"","Default":null,"Extra":""},{"Field":"account_type","Type":"enum('user','admin')","Null":"YES","Key":"","Default":"user","Extra":""}]
[23-Apr-2025 20:42:16 Europe/Berlin] Number of users in database: 13
[23-Apr-2025 20:42:16 Europe/Berlin] All tables initialized successfully
[23-Apr-2025 20:42:16 Europe/Berlin] Connected to database. Tables found: favorites, feedback, matches, matches_backup, matches_new, news, newsletter, notifications, players, subscriptions, users
[23-Apr-2025 20:42:16 Europe/Berlin] Executing SQL: CREATE TABLE IF NOT EXISTS users (
                id INT AUTO_INCREMENT PRIMARY KEY,
                username VARCHAR(50) NOT NULL UNIQUE,
                password VARCHAR(255) NOT NULL,
                email VARCHAR(100) NOT NULL UNIQUE,
                account_type ENUM('user', 'admin') DEFAULT 'user',
                created_at TIMESTAMP DEFAULT CURRENT_TIMESTAMP
            )
[23-Apr-2025 20:42:16 Europe/Berlin] With params: []
[23-Apr-2025 20:42:16 Europe/Berlin] Query executed successfully. Found 0 rows
[23-Apr-2025 20:42:16 Europe/Berlin] Users table created or already exists
[23-Apr-2025 20:42:16 Europe/Berlin] Users table structure: [{"Field":"id","Type":"int(11)","Null":"NO","Key":"PRI","Default":null,"Extra":"auto_increment"},{"Field":"username","Type":"varchar(50)","Null":"NO","Key":"","Default":null,"Extra":""},{"Field":"email","Type":"varchar(100)","Null":"NO","Key":"UNI","Default":null,"Extra":""},{"Field":"password","Type":"varchar(255)","Null":"NO","Key":"","Default":null,"Extra":""},{"Field":"role","Type":"enum('user','admin')","Null":"YES","Key":"","Default":"user","Extra":""},{"Field":"verification_code","Type":"varchar(100)","Null":"YES","Key":"","Default":null,"Extra":""},{"Field":"is_verified","Type":"tinyint(1)","Null":"YES","Key":"","Default":"0","Extra":""},{"Field":"created_at","Type":"timestamp","Null":"NO","Key":"","Default":"current_timestamp()","Extra":""},{"Field":"favorite_sport","Type":"varchar(50)","Null":"YES","Key":"","Default":null,"Extra":""},{"Field":"favorite_team","Type":"varchar(50)","Null":"YES","Key":"","Default":null,"Extra":""},{"Field":"account_type","Type":"enum('user','admin')","Null":"YES","Key":"","Default":"user","Extra":""}]
[23-Apr-2025 20:42:16 Europe/Berlin] Number of users in database: 13
[23-Apr-2025 20:42:16 Europe/Berlin] All tables initialized successfully
[23-Apr-2025 20:42:16 Europe/Berlin] Database tables initialized successfully
[23-Apr-2025 20:42:16 Europe/Berlin] Header - Session status: 2
[23-Apr-2025 20:42:16 Europe/Berlin] Header - Session data: []
[23-Apr-2025 20:42:16 Europe/Berlin] Header - After session start - Status: 2
[23-Apr-2025 20:42:16 Europe/Berlin] Header - After session start - Data: []
[23-Apr-2025 20:42:16 Europe/Berlin] Header - Is logged in: No
[23-Apr-2025 20:42:16 Europe/Berlin] Executing SQL: SELECT * FROM news ORDER BY created_at DESC LIMIT 5
[23-Apr-2025 20:42:16 Europe/Berlin] With params: []
[23-Apr-2025 20:42:16 Europe/Berlin] Query executed successfully. Found 5 rows
[23-Apr-2025 20:42:16 Europe/Berlin] Executing SQL: SELECT * FROM matches WHERE status = 'live'
[23-Apr-2025 20:42:16 Europe/Berlin] With params: []
[23-Apr-2025 20:42:16 Europe/Berlin] Query executed successfully. Found 1 rows
[23-Apr-2025 20:42:23 Europe/Berlin] Connected to database. Tables found: favorites, feedback, matches, matches_backup, matches_new, news, newsletter, notifications, players, subscriptions, users
[23-Apr-2025 20:42:23 Europe/Berlin] Executing SQL: CREATE TABLE IF NOT EXISTS users (
                id INT AUTO_INCREMENT PRIMARY KEY,
                username VARCHAR(50) NOT NULL UNIQUE,
                password VARCHAR(255) NOT NULL,
                email VARCHAR(100) NOT NULL UNIQUE,
                account_type ENUM('user', 'admin') DEFAULT 'user',
                created_at TIMESTAMP DEFAULT CURRENT_TIMESTAMP
            )
[23-Apr-2025 20:42:23 Europe/Berlin] With params: []
[23-Apr-2025 20:42:23 Europe/Berlin] Query executed successfully. Found 0 rows
[23-Apr-2025 20:42:23 Europe/Berlin] Users table created or already exists
[23-Apr-2025 20:42:23 Europe/Berlin] Users table structure: [{"Field":"id","Type":"int(11)","Null":"NO","Key":"PRI","Default":null,"Extra":"auto_increment"},{"Field":"username","Type":"varchar(50)","Null":"NO","Key":"","Default":null,"Extra":""},{"Field":"email","Type":"varchar(100)","Null":"NO","Key":"UNI","Default":null,"Extra":""},{"Field":"password","Type":"varchar(255)","Null":"NO","Key":"","Default":null,"Extra":""},{"Field":"role","Type":"enum('user','admin')","Null":"YES","Key":"","Default":"user","Extra":""},{"Field":"verification_code","Type":"varchar(100)","Null":"YES","Key":"","Default":null,"Extra":""},{"Field":"is_verified","Type":"tinyint(1)","Null":"YES","Key":"","Default":"0","Extra":""},{"Field":"created_at","Type":"timestamp","Null":"NO","Key":"","Default":"current_timestamp()","Extra":""},{"Field":"favorite_sport","Type":"varchar(50)","Null":"YES","Key":"","Default":null,"Extra":""},{"Field":"favorite_team","Type":"varchar(50)","Null":"YES","Key":"","Default":null,"Extra":""},{"Field":"account_type","Type":"enum('user','admin')","Null":"YES","Key":"","Default":"user","Extra":""}]
[23-Apr-2025 20:42:23 Europe/Berlin] Number of users in database: 13
[23-Apr-2025 20:42:23 Europe/Berlin] All tables initialized successfully
[23-Apr-2025 20:42:23 Europe/Berlin] Connected to database. Tables found: favorites, feedback, matches, matches_backup, matches_new, news, newsletter, notifications, players, subscriptions, users
[23-Apr-2025 20:42:23 Europe/Berlin] Executing SQL: CREATE TABLE IF NOT EXISTS users (
                id INT AUTO_INCREMENT PRIMARY KEY,
                username VARCHAR(50) NOT NULL UNIQUE,
                password VARCHAR(255) NOT NULL,
                email VARCHAR(100) NOT NULL UNIQUE,
                account_type ENUM('user', 'admin') DEFAULT 'user',
                created_at TIMESTAMP DEFAULT CURRENT_TIMESTAMP
            )
[23-Apr-2025 20:42:23 Europe/Berlin] With params: []
[23-Apr-2025 20:42:23 Europe/Berlin] Query executed successfully. Found 0 rows
[23-Apr-2025 20:42:23 Europe/Berlin] Users table created or already exists
[23-Apr-2025 20:42:23 Europe/Berlin] Users table structure: [{"Field":"id","Type":"int(11)","Null":"NO","Key":"PRI","Default":null,"Extra":"auto_increment"},{"Field":"username","Type":"varchar(50)","Null":"NO","Key":"","Default":null,"Extra":""},{"Field":"email","Type":"varchar(100)","Null":"NO","Key":"UNI","Default":null,"Extra":""},{"Field":"password","Type":"varchar(255)","Null":"NO","Key":"","Default":null,"Extra":""},{"Field":"role","Type":"enum('user','admin')","Null":"YES","Key":"","Default":"user","Extra":""},{"Field":"verification_code","Type":"varchar(100)","Null":"YES","Key":"","Default":null,"Extra":""},{"Field":"is_verified","Type":"tinyint(1)","Null":"YES","Key":"","Default":"0","Extra":""},{"Field":"created_at","Type":"timestamp","Null":"NO","Key":"","Default":"current_timestamp()","Extra":""},{"Field":"favorite_sport","Type":"varchar(50)","Null":"YES","Key":"","Default":null,"Extra":""},{"Field":"favorite_team","Type":"varchar(50)","Null":"YES","Key":"","Default":null,"Extra":""},{"Field":"account_type","Type":"enum('user','admin')","Null":"YES","Key":"","Default":"user","Extra":""}]
[23-Apr-2025 20:42:23 Europe/Berlin] Number of users in database: 13
[23-Apr-2025 20:42:23 Europe/Berlin] All tables initialized successfully
[23-Apr-2025 20:42:23 Europe/Berlin] Database tables initialized successfully
[23-Apr-2025 20:42:23 Europe/Berlin] Login page - Session status: 2
[23-Apr-2025 20:42:23 Europe/Berlin] Login page - Session data: []
[23-Apr-2025 20:42:23 Europe/Berlin] Header - Session status: 2
[23-Apr-2025 20:42:23 Europe/Berlin] Header - Session data: []
[23-Apr-2025 20:42:23 Europe/Berlin] Header - After session start - Status: 2
[23-Apr-2025 20:42:23 Europe/Berlin] Header - After session start - Data: []
[23-Apr-2025 20:42:23 Europe/Berlin] Header - Is logged in: No
[23-Apr-2025 20:42:23 Europe/Berlin] Login page - Final session status: 2
[23-Apr-2025 20:42:23 Europe/Berlin] Login page - Final session data: []
[23-Apr-2025 20:42:31 Europe/Berlin] Connected to database. Tables found: favorites, feedback, matches, matches_backup, matches_new, news, newsletter, notifications, players, subscriptions, users
[23-Apr-2025 20:42:31 Europe/Berlin] Executing SQL: CREATE TABLE IF NOT EXISTS users (
                id INT AUTO_INCREMENT PRIMARY KEY,
                username VARCHAR(50) NOT NULL UNIQUE,
                password VARCHAR(255) NOT NULL,
                email VARCHAR(100) NOT NULL UNIQUE,
                account_type ENUM('user', 'admin') DEFAULT 'user',
                created_at TIMESTAMP DEFAULT CURRENT_TIMESTAMP
            )
[23-Apr-2025 20:42:31 Europe/Berlin] With params: []
[23-Apr-2025 20:42:31 Europe/Berlin] Query executed successfully. Found 0 rows
[23-Apr-2025 20:42:31 Europe/Berlin] Users table created or already exists
[23-Apr-2025 20:42:31 Europe/Berlin] Users table structure: [{"Field":"id","Type":"int(11)","Null":"NO","Key":"PRI","Default":null,"Extra":"auto_increment"},{"Field":"username","Type":"varchar(50)","Null":"NO","Key":"","Default":null,"Extra":""},{"Field":"email","Type":"varchar(100)","Null":"NO","Key":"UNI","Default":null,"Extra":""},{"Field":"password","Type":"varchar(255)","Null":"NO","Key":"","Default":null,"Extra":""},{"Field":"role","Type":"enum('user','admin')","Null":"YES","Key":"","Default":"user","Extra":""},{"Field":"verification_code","Type":"varchar(100)","Null":"YES","Key":"","Default":null,"Extra":""},{"Field":"is_verified","Type":"tinyint(1)","Null":"YES","Key":"","Default":"0","Extra":""},{"Field":"created_at","Type":"timestamp","Null":"NO","Key":"","Default":"current_timestamp()","Extra":""},{"Field":"favorite_sport","Type":"varchar(50)","Null":"YES","Key":"","Default":null,"Extra":""},{"Field":"favorite_team","Type":"varchar(50)","Null":"YES","Key":"","Default":null,"Extra":""},{"Field":"account_type","Type":"enum('user','admin')","Null":"YES","Key":"","Default":"user","Extra":""}]
[23-Apr-2025 20:42:31 Europe/Berlin] Number of users in database: 13
[23-Apr-2025 20:42:31 Europe/Berlin] All tables initialized successfully
[23-Apr-2025 20:42:31 Europe/Berlin] Connected to database. Tables found: favorites, feedback, matches, matches_backup, matches_new, news, newsletter, notifications, players, subscriptions, users
[23-Apr-2025 20:42:31 Europe/Berlin] Executing SQL: CREATE TABLE IF NOT EXISTS users (
                id INT AUTO_INCREMENT PRIMARY KEY,
                username VARCHAR(50) NOT NULL UNIQUE,
                password VARCHAR(255) NOT NULL,
                email VARCHAR(100) NOT NULL UNIQUE,
                account_type ENUM('user', 'admin') DEFAULT 'user',
                created_at TIMESTAMP DEFAULT CURRENT_TIMESTAMP
            )
[23-Apr-2025 20:42:31 Europe/Berlin] With params: []
[23-Apr-2025 20:42:31 Europe/Berlin] Query executed successfully. Found 0 rows
[23-Apr-2025 20:42:31 Europe/Berlin] Users table created or already exists
[23-Apr-2025 20:42:31 Europe/Berlin] Users table structure: [{"Field":"id","Type":"int(11)","Null":"NO","Key":"PRI","Default":null,"Extra":"auto_increment"},{"Field":"username","Type":"varchar(50)","Null":"NO","Key":"","Default":null,"Extra":""},{"Field":"email","Type":"varchar(100)","Null":"NO","Key":"UNI","Default":null,"Extra":""},{"Field":"password","Type":"varchar(255)","Null":"NO","Key":"","Default":null,"Extra":""},{"Field":"role","Type":"enum('user','admin')","Null":"YES","Key":"","Default":"user","Extra":""},{"Field":"verification_code","Type":"varchar(100)","Null":"YES","Key":"","Default":null,"Extra":""},{"Field":"is_verified","Type":"tinyint(1)","Null":"YES","Key":"","Default":"0","Extra":""},{"Field":"created_at","Type":"timestamp","Null":"NO","Key":"","Default":"current_timestamp()","Extra":""},{"Field":"favorite_sport","Type":"varchar(50)","Null":"YES","Key":"","Default":null,"Extra":""},{"Field":"favorite_team","Type":"varchar(50)","Null":"YES","Key":"","Default":null,"Extra":""},{"Field":"account_type","Type":"enum('user','admin')","Null":"YES","Key":"","Default":"user","Extra":""}]
[23-Apr-2025 20:42:31 Europe/Berlin] Number of users in database: 13
[23-Apr-2025 20:42:31 Europe/Berlin] All tables initialized successfully
[23-Apr-2025 20:42:31 Europe/Berlin] Database tables initialized successfully
[23-Apr-2025 20:42:31 Europe/Berlin] Login page - Session status: 2
[23-Apr-2025 20:42:31 Europe/Berlin] Login page - Session data: []
[23-Apr-2025 20:42:31 Europe/Berlin] Header - Session status: 2
[23-Apr-2025 20:42:31 Europe/Berlin] Header - Session data: []
[23-Apr-2025 20:42:31 Europe/Berlin] Header - After session start - Status: 2
[23-Apr-2025 20:42:31 Europe/Berlin] Header - After session start - Data: []
[23-Apr-2025 20:42:31 Europe/Berlin] Header - Is logged in: No
[23-Apr-2025 20:42:31 Europe/Berlin] Login attempt - Email: va@gmail.com
[23-Apr-2025 20:42:31 Europe/Berlin] Attempting login for email: va@gmail.com
[23-Apr-2025 20:42:31 Europe/Berlin] Executing query with params: {":email":"va@gmail.com"}
[23-Apr-2025 20:42:31 Europe/Berlin] Executing SQL: SELECT * FROM users WHERE email = :email
[23-Apr-2025 20:42:31 Europe/Berlin] With params: {":email":"va@gmail.com"}
[23-Apr-2025 20:42:31 Europe/Berlin] Query executed successfully. Found 1 rows
[23-Apr-2025 20:42:31 Europe/Berlin] Query result: [{"id":12,"username":"varunpndey","email":"va@gmail.com","password":"$2y$10$MBSXTHnEZF2qi2.37obk3eFA6l\/VdV9TDviLUU0TqJ4jJSeuU\/0Ju","role":"admin","verification_code":null,"is_verified":0,"created_at":"2025-04-20 11:08:14","favorite_sport":null,"favorite_team":null,"account_type":"admin"}]
[23-Apr-2025 20:42:31 Europe/Berlin] User found: {"id":12,"username":"varunpndey","email":"va@gmail.com","password":"$2y$10$MBSXTHnEZF2qi2.37obk3eFA6l\/VdV9TDviLUU0TqJ4jJSeuU\/0Ju","role":"admin","verification_code":null,"is_verified":0,"created_at":"2025-04-20 11:08:14","favorite_sport":null,"favorite_team":null,"account_type":"admin"}
[23-Apr-2025 20:42:31 Europe/Berlin] Session variables set: {"user_id":12,"username":"varunpndey","email":"va@gmail.com","account_type":"admin"}
[23-Apr-2025 20:42:31 Europe/Berlin] Login result: {"success":true}
[23-Apr-2025 20:42:31 Europe/Berlin] Login successful - Session data: {"user_id":12,"username":"varunpndey","email":"va@gmail.com","account_type":"admin"}
[23-Apr-2025 20:42:31 Europe/Berlin] Login successful - Account type: admin
[23-Apr-2025 20:42:31 Europe/Berlin] Login successful - User ID: 12
[23-Apr-2025 20:42:31 Europe/Berlin] Login successful - Username: varunpndey
[23-Apr-2025 20:42:31 Europe/Berlin] Login successful - Redirecting to home
[23-Apr-2025 20:42:31 Europe/Berlin] Connected to database. Tables found: favorites, feedback, matches, matches_backup, matches_new, news, newsletter, notifications, players, subscriptions, users
[23-Apr-2025 20:42:31 Europe/Berlin] Executing SQL: CREATE TABLE IF NOT EXISTS users (
                id INT AUTO_INCREMENT PRIMARY KEY,
                username VARCHAR(50) NOT NULL UNIQUE,
                password VARCHAR(255) NOT NULL,
                email VARCHAR(100) NOT NULL UNIQUE,
                account_type ENUM('user', 'admin') DEFAULT 'user',
                created_at TIMESTAMP DEFAULT CURRENT_TIMESTAMP
            )
[23-Apr-2025 20:42:31 Europe/Berlin] With params: []
[23-Apr-2025 20:42:31 Europe/Berlin] Query executed successfully. Found 0 rows
[23-Apr-2025 20:42:31 Europe/Berlin] Users table created or already exists
[23-Apr-2025 20:42:31 Europe/Berlin] Users table structure: [{"Field":"id","Type":"int(11)","Null":"NO","Key":"PRI","Default":null,"Extra":"auto_increment"},{"Field":"username","Type":"varchar(50)","Null":"NO","Key":"","Default":null,"Extra":""},{"Field":"email","Type":"varchar(100)","Null":"NO","Key":"UNI","Default":null,"Extra":""},{"Field":"password","Type":"varchar(255)","Null":"NO","Key":"","Default":null,"Extra":""},{"Field":"role","Type":"enum('user','admin')","Null":"YES","Key":"","Default":"user","Extra":""},{"Field":"verification_code","Type":"varchar(100)","Null":"YES","Key":"","Default":null,"Extra":""},{"Field":"is_verified","Type":"tinyint(1)","Null":"YES","Key":"","Default":"0","Extra":""},{"Field":"created_at","Type":"timestamp","Null":"NO","Key":"","Default":"current_timestamp()","Extra":""},{"Field":"favorite_sport","Type":"varchar(50)","Null":"YES","Key":"","Default":null,"Extra":""},{"Field":"favorite_team","Type":"varchar(50)","Null":"YES","Key":"","Default":null,"Extra":""},{"Field":"account_type","Type":"enum('user','admin')","Null":"YES","Key":"","Default":"user","Extra":""}]
[23-Apr-2025 20:42:31 Europe/Berlin] Number of users in database: 13
[23-Apr-2025 20:42:31 Europe/Berlin] All tables initialized successfully
[23-Apr-2025 20:42:31 Europe/Berlin] Connected to database. Tables found: favorites, feedback, matches, matches_backup, matches_new, news, newsletter, notifications, players, subscriptions, users
[23-Apr-2025 20:42:31 Europe/Berlin] Executing SQL: CREATE TABLE IF NOT EXISTS users (
                id INT AUTO_INCREMENT PRIMARY KEY,
                username VARCHAR(50) NOT NULL UNIQUE,
                password VARCHAR(255) NOT NULL,
                email VARCHAR(100) NOT NULL UNIQUE,
                account_type ENUM('user', 'admin') DEFAULT 'user',
                created_at TIMESTAMP DEFAULT CURRENT_TIMESTAMP
            )
[23-Apr-2025 20:42:31 Europe/Berlin] With params: []
[23-Apr-2025 20:42:31 Europe/Berlin] Query executed successfully. Found 0 rows
[23-Apr-2025 20:42:31 Europe/Berlin] Users table created or already exists
[23-Apr-2025 20:42:31 Europe/Berlin] Users table structure: [{"Field":"id","Type":"int(11)","Null":"NO","Key":"PRI","Default":null,"Extra":"auto_increment"},{"Field":"username","Type":"varchar(50)","Null":"NO","Key":"","Default":null,"Extra":""},{"Field":"email","Type":"varchar(100)","Null":"NO","Key":"UNI","Default":null,"Extra":""},{"Field":"password","Type":"varchar(255)","Null":"NO","Key":"","Default":null,"Extra":""},{"Field":"role","Type":"enum('user','admin')","Null":"YES","Key":"","Default":"user","Extra":""},{"Field":"verification_code","Type":"varchar(100)","Null":"YES","Key":"","Default":null,"Extra":""},{"Field":"is_verified","Type":"tinyint(1)","Null":"YES","Key":"","Default":"0","Extra":""},{"Field":"created_at","Type":"timestamp","Null":"NO","Key":"","Default":"current_timestamp()","Extra":""},{"Field":"favorite_sport","Type":"varchar(50)","Null":"YES","Key":"","Default":null,"Extra":""},{"Field":"favorite_team","Type":"varchar(50)","Null":"YES","Key":"","Default":null,"Extra":""},{"Field":"account_type","Type":"enum('user','admin')","Null":"YES","Key":"","Default":"user","Extra":""}]
[23-Apr-2025 20:42:31 Europe/Berlin] Number of users in database: 13
[23-Apr-2025 20:42:31 Europe/Berlin] All tables initialized successfully
[23-Apr-2025 20:42:31 Europe/Berlin] Database tables initialized successfully
[23-Apr-2025 20:42:31 Europe/Berlin] Executing SQL: SELECT * FROM users WHERE id = :id
[23-Apr-2025 20:42:31 Europe/Berlin] With params: {":id":12}
[23-Apr-2025 20:42:31 Europe/Berlin] Query executed successfully. Found 1 rows
[23-Apr-2025 20:42:31 Europe/Berlin] User loaded from session: varunpndey
[23-Apr-2025 20:42:31 Europe/Berlin] Header - Session status: 2
[23-Apr-2025 20:42:31 Europe/Berlin] Header - Session data: {"user_id":12,"username":"varunpndey","email":"va@gmail.com","account_type":"admin"}
[23-Apr-2025 20:42:31 Europe/Berlin] Header - After session start - Status: 2
[23-Apr-2025 20:42:31 Europe/Berlin] Header - After session start - Data: {"user_id":12,"username":"varunpndey","email":"va@gmail.com","account_type":"admin"}
[23-Apr-2025 20:42:31 Europe/Berlin] Header - Is logged in: Yes
[23-Apr-2025 20:42:31 Europe/Berlin] Executing SQL: SELECT * FROM news ORDER BY created_at DESC LIMIT 5
[23-Apr-2025 20:42:31 Europe/Berlin] With params: []
[23-Apr-2025 20:42:31 Europe/Berlin] Query executed successfully. Found 5 rows
[23-Apr-2025 20:42:31 Europe/Berlin] Executing SQL: SELECT * FROM matches WHERE status = 'live'
[23-Apr-2025 20:42:31 Europe/Berlin] With params: []
[23-Apr-2025 20:42:31 Europe/Berlin] Query executed successfully. Found 1 rows
[23-Apr-2025 20:42:31 Europe/Berlin] Executing SQL: SELECT COUNT(*) as count FROM favorites 
                    WHERE user_id = :user_id AND match_id = :match_id
[23-Apr-2025 20:42:31 Europe/Berlin] With params: {":user_id":12,":match_id":42}
[23-Apr-2025 20:42:31 Europe/Berlin] Query executed successfully. Found 1 rows
[23-Apr-2025 20:42:37 Europe/Berlin] Connected to database. Tables found: favorites, feedback, matches, matches_backup, matches_new, news, newsletter, notifications, players, subscriptions, users
[23-Apr-2025 20:42:37 Europe/Berlin] Executing SQL: CREATE TABLE IF NOT EXISTS users (
                id INT AUTO_INCREMENT PRIMARY KEY,
                username VARCHAR(50) NOT NULL UNIQUE,
                password VARCHAR(255) NOT NULL,
                email VARCHAR(100) NOT NULL UNIQUE,
                account_type ENUM('user', 'admin') DEFAULT 'user',
                created_at TIMESTAMP DEFAULT CURRENT_TIMESTAMP
            )
[23-Apr-2025 20:42:37 Europe/Berlin] With params: []
[23-Apr-2025 20:42:37 Europe/Berlin] Query executed successfully. Found 0 rows
[23-Apr-2025 20:42:37 Europe/Berlin] Users table created or already exists
[23-Apr-2025 20:42:37 Europe/Berlin] Users table structure: [{"Field":"id","Type":"int(11)","Null":"NO","Key":"PRI","Default":null,"Extra":"auto_increment"},{"Field":"username","Type":"varchar(50)","Null":"NO","Key":"","Default":null,"Extra":""},{"Field":"email","Type":"varchar(100)","Null":"NO","Key":"UNI","Default":null,"Extra":""},{"Field":"password","Type":"varchar(255)","Null":"NO","Key":"","Default":null,"Extra":""},{"Field":"role","Type":"enum('user','admin')","Null":"YES","Key":"","Default":"user","Extra":""},{"Field":"verification_code","Type":"varchar(100)","Null":"YES","Key":"","Default":null,"Extra":""},{"Field":"is_verified","Type":"tinyint(1)","Null":"YES","Key":"","Default":"0","Extra":""},{"Field":"created_at","Type":"timestamp","Null":"NO","Key":"","Default":"current_timestamp()","Extra":""},{"Field":"favorite_sport","Type":"varchar(50)","Null":"YES","Key":"","Default":null,"Extra":""},{"Field":"favorite_team","Type":"varchar(50)","Null":"YES","Key":"","Default":null,"Extra":""},{"Field":"account_type","Type":"enum('user','admin')","Null":"YES","Key":"","Default":"user","Extra":""}]
[23-Apr-2025 20:42:37 Europe/Berlin] Number of users in database: 13
[23-Apr-2025 20:42:37 Europe/Berlin] All tables initialized successfully
[23-Apr-2025 20:42:37 Europe/Berlin] Connected to database. Tables found: favorites, feedback, matches, matches_backup, matches_new, news, newsletter, notifications, players, subscriptions, users
[23-Apr-2025 20:42:37 Europe/Berlin] Executing SQL: CREATE TABLE IF NOT EXISTS users (
                id INT AUTO_INCREMENT PRIMARY KEY,
                username VARCHAR(50) NOT NULL UNIQUE,
                password VARCHAR(255) NOT NULL,
                email VARCHAR(100) NOT NULL UNIQUE,
                account_type ENUM('user', 'admin') DEFAULT 'user',
                created_at TIMESTAMP DEFAULT CURRENT_TIMESTAMP
            )
[23-Apr-2025 20:42:37 Europe/Berlin] With params: []
[23-Apr-2025 20:42:37 Europe/Berlin] Query executed successfully. Found 0 rows
[23-Apr-2025 20:42:37 Europe/Berlin] Users table created or already exists
[23-Apr-2025 20:42:37 Europe/Berlin] Users table structure: [{"Field":"id","Type":"int(11)","Null":"NO","Key":"PRI","Default":null,"Extra":"auto_increment"},{"Field":"username","Type":"varchar(50)","Null":"NO","Key":"","Default":null,"Extra":""},{"Field":"email","Type":"varchar(100)","Null":"NO","Key":"UNI","Default":null,"Extra":""},{"Field":"password","Type":"varchar(255)","Null":"NO","Key":"","Default":null,"Extra":""},{"Field":"role","Type":"enum('user','admin')","Null":"YES","Key":"","Default":"user","Extra":""},{"Field":"verification_code","Type":"varchar(100)","Null":"YES","Key":"","Default":null,"Extra":""},{"Field":"is_verified","Type":"tinyint(1)","Null":"YES","Key":"","Default":"0","Extra":""},{"Field":"created_at","Type":"timestamp","Null":"NO","Key":"","Default":"current_timestamp()","Extra":""},{"Field":"favorite_sport","Type":"varchar(50)","Null":"YES","Key":"","Default":null,"Extra":""},{"Field":"favorite_team","Type":"varchar(50)","Null":"YES","Key":"","Default":null,"Extra":""},{"Field":"account_type","Type":"enum('user','admin')","Null":"YES","Key":"","Default":"user","Extra":""}]
[23-Apr-2025 20:42:37 Europe/Berlin] Number of users in database: 13
[23-Apr-2025 20:42:37 Europe/Berlin] All tables initialized successfully
[23-Apr-2025 20:42:37 Europe/Berlin] Database tables initialized successfully
[23-Apr-2025 20:42:37 Europe/Berlin] Executing SQL: SELECT * FROM users WHERE id = :id
[23-Apr-2025 20:42:37 Europe/Berlin] With params: {":id":12}
[23-Apr-2025 20:42:37 Europe/Berlin] Query executed successfully. Found 1 rows
[23-Apr-2025 20:42:37 Europe/Berlin] User loaded from session: varunpndey
[23-Apr-2025 20:42:37 Europe/Berlin] Executing SQL: SELECT * FROM users WHERE id = :id
[23-Apr-2025 20:42:37 Europe/Berlin] With params: {":id":12}
[23-Apr-2025 20:42:37 Europe/Berlin] Query executed successfully. Found 1 rows
[23-Apr-2025 20:42:37 Europe/Berlin] Executing SQL: SELECT * FROM news ORDER BY created_at DESC
[23-Apr-2025 20:42:37 Europe/Berlin] With params: []
[23-Apr-2025 20:42:37 Europe/Berlin] Query executed successfully. Found 8 rows
[23-Apr-2025 20:42:37 Europe/Berlin] Executing SQL: SELECT * FROM feedback ORDER BY created_at DESC
[23-Apr-2025 20:42:37 Europe/Berlin] With params: []
[23-Apr-2025 20:42:37 Europe/Berlin] Query executed successfully. Found 10 rows
[23-Apr-2025 20:42:37 Europe/Berlin] Executing SQL: SELECT * FROM matches WHERE status = 'live'
[23-Apr-2025 20:42:37 Europe/Berlin] With params: []
[23-Apr-2025 20:42:37 Europe/Berlin] Query executed successfully. Found 1 rows
[23-Apr-2025 20:42:37 Europe/Berlin] Executing SQL: SELECT * FROM matches WHERE 1=1 ORDER BY match_time DESC
[23-Apr-2025 20:42:37 Europe/Berlin] With params: []
[23-Apr-2025 20:42:37 Europe/Berlin] Query executed successfully. Found 5 rows
[23-Apr-2025 20:42:37 Europe/Berlin] PHP Warning:  Undefined array key "status" in /Applications/XAMPP/xamppfiles/htdocs/sportsync/public/admin.php on line 865
[23-Apr-2025 20:42:37 Europe/Berlin] PHP Warning:  Undefined array key "status" in /Applications/XAMPP/xamppfiles/htdocs/sportsync/public/admin.php on line 866
[23-Apr-2025 20:42:37 Europe/Berlin] PHP Warning:  Undefined array key "status" in /Applications/XAMPP/xamppfiles/htdocs/sportsync/public/admin.php on line 867
[23-Apr-2025 20:42:37 Europe/Berlin] PHP Warning:  Undefined array key "status" in /Applications/XAMPP/xamppfiles/htdocs/sportsync/public/admin.php on line 865
[23-Apr-2025 20:42:37 Europe/Berlin] PHP Warning:  Undefined array key "status" in /Applications/XAMPP/xamppfiles/htdocs/sportsync/public/admin.php on line 866
[23-Apr-2025 20:42:37 Europe/Berlin] PHP Warning:  Undefined array key "status" in /Applications/XAMPP/xamppfiles/htdocs/sportsync/public/admin.php on line 867
[23-Apr-2025 20:42:37 Europe/Berlin] PHP Warning:  Undefined array key "status" in /Applications/XAMPP/xamppfiles/htdocs/sportsync/public/admin.php on line 865
[23-Apr-2025 20:42:37 Europe/Berlin] PHP Warning:  Undefined array key "status" in /Applications/XAMPP/xamppfiles/htdocs/sportsync/public/admin.php on line 866
[23-Apr-2025 20:42:37 Europe/Berlin] PHP Warning:  Undefined array key "status" in /Applications/XAMPP/xamppfiles/htdocs/sportsync/public/admin.php on line 867
[23-Apr-2025 20:42:37 Europe/Berlin] PHP Warning:  Undefined array key "status" in /Applications/XAMPP/xamppfiles/htdocs/sportsync/public/admin.php on line 865
[23-Apr-2025 20:42:37 Europe/Berlin] PHP Warning:  Undefined array key "status" in /Applications/XAMPP/xamppfiles/htdocs/sportsync/public/admin.php on line 866
[23-Apr-2025 20:42:37 Europe/Berlin] PHP Warning:  Undefined array key "status" in /Applications/XAMPP/xamppfiles/htdocs/sportsync/public/admin.php on line 867
[23-Apr-2025 20:42:37 Europe/Berlin] PHP Warning:  Undefined array key "status" in /Applications/XAMPP/xamppfiles/htdocs/sportsync/public/admin.php on line 865
[23-Apr-2025 20:42:37 Europe/Berlin] PHP Warning:  Undefined array key "status" in /Applications/XAMPP/xamppfiles/htdocs/sportsync/public/admin.php on line 866
[23-Apr-2025 20:42:37 Europe/Berlin] PHP Warning:  Undefined array key "status" in /Applications/XAMPP/xamppfiles/htdocs/sportsync/public/admin.php on line 867
[23-Apr-2025 20:42:37 Europe/Berlin] PHP Warning:  Undefined array key "status" in /Applications/XAMPP/xamppfiles/htdocs/sportsync/public/admin.php on line 865
[23-Apr-2025 20:42:37 Europe/Berlin] PHP Warning:  Undefined array key "status" in /Applications/XAMPP/xamppfiles/htdocs/sportsync/public/admin.php on line 866
[23-Apr-2025 20:42:37 Europe/Berlin] PHP Warning:  Undefined array key "status" in /Applications/XAMPP/xamppfiles/htdocs/sportsync/public/admin.php on line 867
[23-Apr-2025 20:42:37 Europe/Berlin] PHP Warning:  Undefined array key "status" in /Applications/XAMPP/xamppfiles/htdocs/sportsync/public/admin.php on line 865
[23-Apr-2025 20:42:37 Europe/Berlin] PHP Warning:  Undefined array key "status" in /Applications/XAMPP/xamppfiles/htdocs/sportsync/public/admin.php on line 866
[23-Apr-2025 20:42:37 Europe/Berlin] PHP Warning:  Undefined array key "status" in /Applications/XAMPP/xamppfiles/htdocs/sportsync/public/admin.php on line 867
[23-Apr-2025 20:42:37 Europe/Berlin] PHP Warning:  Undefined array key "status" in /Applications/XAMPP/xamppfiles/htdocs/sportsync/public/admin.php on line 865
[23-Apr-2025 20:42:37 Europe/Berlin] PHP Warning:  Undefined array key "status" in /Applications/XAMPP/xamppfiles/htdocs/sportsync/public/admin.php on line 866
[23-Apr-2025 20:42:37 Europe/Berlin] PHP Warning:  Undefined array key "status" in /Applications/XAMPP/xamppfiles/htdocs/sportsync/public/admin.php on line 867
[23-Apr-2025 20:42:37 Europe/Berlin] PHP Warning:  Undefined array key "status" in /Applications/XAMPP/xamppfiles/htdocs/sportsync/public/admin.php on line 865
[23-Apr-2025 20:42:37 Europe/Berlin] PHP Warning:  Undefined array key "status" in /Applications/XAMPP/xamppfiles/htdocs/sportsync/public/admin.php on line 866
[23-Apr-2025 20:42:37 Europe/Berlin] PHP Warning:  Undefined array key "status" in /Applications/XAMPP/xamppfiles/htdocs/sportsync/public/admin.php on line 867
[23-Apr-2025 20:42:37 Europe/Berlin] PHP Warning:  Undefined array key "status" in /Applications/XAMPP/xamppfiles/htdocs/sportsync/public/admin.php on line 865
[23-Apr-2025 20:42:37 Europe/Berlin] PHP Warning:  Undefined array key "status" in /Applications/XAMPP/xamppfiles/htdocs/sportsync/public/admin.php on line 866
[23-Apr-2025 20:42:37 Europe/Berlin] PHP Warning:  Undefined array key "status" in /Applications/XAMPP/xamppfiles/htdocs/sportsync/public/admin.php on line 867
[23-Apr-2025 20:42:50 Europe/Berlin] Connected to database. Tables found: favorites, feedback, matches, matches_backup, matches_new, news, newsletter, notifications, players, subscriptions, users
[23-Apr-2025 20:42:50 Europe/Berlin] Executing SQL: CREATE TABLE IF NOT EXISTS users (
                id INT AUTO_INCREMENT PRIMARY KEY,
                username VARCHAR(50) NOT NULL UNIQUE,
                password VARCHAR(255) NOT NULL,
                email VARCHAR(100) NOT NULL UNIQUE,
                account_type ENUM('user', 'admin') DEFAULT 'user',
                created_at TIMESTAMP DEFAULT CURRENT_TIMESTAMP
            )
[23-Apr-2025 20:42:50 Europe/Berlin] With params: []
[23-Apr-2025 20:42:50 Europe/Berlin] Query executed successfully. Found 0 rows
[23-Apr-2025 20:42:50 Europe/Berlin] Users table created or already exists
[23-Apr-2025 20:42:50 Europe/Berlin] Users table structure: [{"Field":"id","Type":"int(11)","Null":"NO","Key":"PRI","Default":null,"Extra":"auto_increment"},{"Field":"username","Type":"varchar(50)","Null":"NO","Key":"","Default":null,"Extra":""},{"Field":"email","Type":"varchar(100)","Null":"NO","Key":"UNI","Default":null,"Extra":""},{"Field":"password","Type":"varchar(255)","Null":"NO","Key":"","Default":null,"Extra":""},{"Field":"role","Type":"enum('user','admin')","Null":"YES","Key":"","Default":"user","Extra":""},{"Field":"verification_code","Type":"varchar(100)","Null":"YES","Key":"","Default":null,"Extra":""},{"Field":"is_verified","Type":"tinyint(1)","Null":"YES","Key":"","Default":"0","Extra":""},{"Field":"created_at","Type":"timestamp","Null":"NO","Key":"","Default":"current_timestamp()","Extra":""},{"Field":"favorite_sport","Type":"varchar(50)","Null":"YES","Key":"","Default":null,"Extra":""},{"Field":"favorite_team","Type":"varchar(50)","Null":"YES","Key":"","Default":null,"Extra":""},{"Field":"account_type","Type":"enum('user','admin')","Null":"YES","Key":"","Default":"user","Extra":""}]
[23-Apr-2025 20:42:50 Europe/Berlin] Number of users in database: 13
[23-Apr-2025 20:42:50 Europe/Berlin] All tables initialized successfully
[23-Apr-2025 20:42:50 Europe/Berlin] Connected to database. Tables found: favorites, feedback, matches, matches_backup, matches_new, news, newsletter, notifications, players, subscriptions, users
[23-Apr-2025 20:42:50 Europe/Berlin] Executing SQL: CREATE TABLE IF NOT EXISTS users (
                id INT AUTO_INCREMENT PRIMARY KEY,
                username VARCHAR(50) NOT NULL UNIQUE,
                password VARCHAR(255) NOT NULL,
                email VARCHAR(100) NOT NULL UNIQUE,
                account_type ENUM('user', 'admin') DEFAULT 'user',
                created_at TIMESTAMP DEFAULT CURRENT_TIMESTAMP
            )
[23-Apr-2025 20:42:50 Europe/Berlin] With params: []
[23-Apr-2025 20:42:50 Europe/Berlin] Query executed successfully. Found 0 rows
[23-Apr-2025 20:42:50 Europe/Berlin] Users table created or already exists
[23-Apr-2025 20:42:50 Europe/Berlin] Users table structure: [{"Field":"id","Type":"int(11)","Null":"NO","Key":"PRI","Default":null,"Extra":"auto_increment"},{"Field":"username","Type":"varchar(50)","Null":"NO","Key":"","Default":null,"Extra":""},{"Field":"email","Type":"varchar(100)","Null":"NO","Key":"UNI","Default":null,"Extra":""},{"Field":"password","Type":"varchar(255)","Null":"NO","Key":"","Default":null,"Extra":""},{"Field":"role","Type":"enum('user','admin')","Null":"YES","Key":"","Default":"user","Extra":""},{"Field":"verification_code","Type":"varchar(100)","Null":"YES","Key":"","Default":null,"Extra":""},{"Field":"is_verified","Type":"tinyint(1)","Null":"YES","Key":"","Default":"0","Extra":""},{"Field":"created_at","Type":"timestamp","Null":"NO","Key":"","Default":"current_timestamp()","Extra":""},{"Field":"favorite_sport","Type":"varchar(50)","Null":"YES","Key":"","Default":null,"Extra":""},{"Field":"favorite_team","Type":"varchar(50)","Null":"YES","Key":"","Default":null,"Extra":""},{"Field":"account_type","Type":"enum('user','admin')","Null":"YES","Key":"","Default":"user","Extra":""}]
[23-Apr-2025 20:42:50 Europe/Berlin] Number of users in database: 13
[23-Apr-2025 20:42:50 Europe/Berlin] All tables initialized successfully
[23-Apr-2025 20:42:50 Europe/Berlin] Database tables initialized successfully
[23-Apr-2025 20:42:50 Europe/Berlin] Executing SQL: SELECT * FROM users WHERE id = :id
[23-Apr-2025 20:42:50 Europe/Berlin] With params: {":id":12}
[23-Apr-2025 20:42:50 Europe/Berlin] Query executed successfully. Found 1 rows
[23-Apr-2025 20:42:50 Europe/Berlin] User loaded from session: varunpndey
[23-Apr-2025 20:42:50 Europe/Berlin] Executing SQL: SELECT * FROM users WHERE id = :id
[23-Apr-2025 20:42:50 Europe/Berlin] With params: {":id":12}
[23-Apr-2025 20:42:50 Europe/Berlin] Query executed successfully. Found 1 rows
[23-Apr-2025 20:42:50 Europe/Berlin] Executing SQL: DELETE FROM news WHERE id = :id
[23-Apr-2025 20:42:50 Europe/Berlin] With params: {":id":"9"}
[23-Apr-2025 20:42:50 Europe/Berlin] Query executed successfully. Found 0 rows
[23-Apr-2025 20:42:50 Europe/Berlin] PHP Fatal error:  Uncaught Error: Call to a member function rowCount() on array in /Applications/XAMPP/xamppfiles/htdocs/sportsync/backend/news.php:94
Stack trace:
#0 /Applications/XAMPP/xamppfiles/htdocs/sportsync/public/admin.php(246): deleteNews('9')
#1 /Applications/XAMPP/xamppfiles/htdocs/sportsync/public/index.php(38): require('/Applications/X...')
#2 {main}
  thrown in /Applications/XAMPP/xamppfiles/htdocs/sportsync/backend/news.php on line 94
[23-Apr-2025 20:42:55 Europe/Berlin] Connected to database. Tables found: favorites, feedback, matches, matches_backup, matches_new, news, newsletter, notifications, players, subscriptions, users
[23-Apr-2025 20:42:55 Europe/Berlin] Executing SQL: CREATE TABLE IF NOT EXISTS users (
                id INT AUTO_INCREMENT PRIMARY KEY,
                username VARCHAR(50) NOT NULL UNIQUE,
                password VARCHAR(255) NOT NULL,
                email VARCHAR(100) NOT NULL UNIQUE,
                account_type ENUM('user', 'admin') DEFAULT 'user',
                created_at TIMESTAMP DEFAULT CURRENT_TIMESTAMP
            )
[23-Apr-2025 20:42:55 Europe/Berlin] With params: []
[23-Apr-2025 20:42:55 Europe/Berlin] Query executed successfully. Found 0 rows
[23-Apr-2025 20:42:55 Europe/Berlin] Users table created or already exists
[23-Apr-2025 20:42:55 Europe/Berlin] Users table structure: [{"Field":"id","Type":"int(11)","Null":"NO","Key":"PRI","Default":null,"Extra":"auto_increment"},{"Field":"username","Type":"varchar(50)","Null":"NO","Key":"","Default":null,"Extra":""},{"Field":"email","Type":"varchar(100)","Null":"NO","Key":"UNI","Default":null,"Extra":""},{"Field":"password","Type":"varchar(255)","Null":"NO","Key":"","Default":null,"Extra":""},{"Field":"role","Type":"enum('user','admin')","Null":"YES","Key":"","Default":"user","Extra":""},{"Field":"verification_code","Type":"varchar(100)","Null":"YES","Key":"","Default":null,"Extra":""},{"Field":"is_verified","Type":"tinyint(1)","Null":"YES","Key":"","Default":"0","Extra":""},{"Field":"created_at","Type":"timestamp","Null":"NO","Key":"","Default":"current_timestamp()","Extra":""},{"Field":"favorite_sport","Type":"varchar(50)","Null":"YES","Key":"","Default":null,"Extra":""},{"Field":"favorite_team","Type":"varchar(50)","Null":"YES","Key":"","Default":null,"Extra":""},{"Field":"account_type","Type":"enum('user','admin')","Null":"YES","Key":"","Default":"user","Extra":""}]
[23-Apr-2025 20:42:55 Europe/Berlin] Number of users in database: 13
[23-Apr-2025 20:42:55 Europe/Berlin] All tables initialized successfully
[23-Apr-2025 20:42:55 Europe/Berlin] Connected to database. Tables found: favorites, feedback, matches, matches_backup, matches_new, news, newsletter, notifications, players, subscriptions, users
[23-Apr-2025 20:42:55 Europe/Berlin] Executing SQL: CREATE TABLE IF NOT EXISTS users (
                id INT AUTO_INCREMENT PRIMARY KEY,
                username VARCHAR(50) NOT NULL UNIQUE,
                password VARCHAR(255) NOT NULL,
                email VARCHAR(100) NOT NULL UNIQUE,
                account_type ENUM('user', 'admin') DEFAULT 'user',
                created_at TIMESTAMP DEFAULT CURRENT_TIMESTAMP
            )
[23-Apr-2025 20:42:55 Europe/Berlin] With params: []
[23-Apr-2025 20:42:55 Europe/Berlin] Query executed successfully. Found 0 rows
[23-Apr-2025 20:42:55 Europe/Berlin] Users table created or already exists
[23-Apr-2025 20:42:55 Europe/Berlin] Users table structure: [{"Field":"id","Type":"int(11)","Null":"NO","Key":"PRI","Default":null,"Extra":"auto_increment"},{"Field":"username","Type":"varchar(50)","Null":"NO","Key":"","Default":null,"Extra":""},{"Field":"email","Type":"varchar(100)","Null":"NO","Key":"UNI","Default":null,"Extra":""},{"Field":"password","Type":"varchar(255)","Null":"NO","Key":"","Default":null,"Extra":""},{"Field":"role","Type":"enum('user','admin')","Null":"YES","Key":"","Default":"user","Extra":""},{"Field":"verification_code","Type":"varchar(100)","Null":"YES","Key":"","Default":null,"Extra":""},{"Field":"is_verified","Type":"tinyint(1)","Null":"YES","Key":"","Default":"0","Extra":""},{"Field":"created_at","Type":"timestamp","Null":"NO","Key":"","Default":"current_timestamp()","Extra":""},{"Field":"favorite_sport","Type":"varchar(50)","Null":"YES","Key":"","Default":null,"Extra":""},{"Field":"favorite_team","Type":"varchar(50)","Null":"YES","Key":"","Default":null,"Extra":""},{"Field":"account_type","Type":"enum('user','admin')","Null":"YES","Key":"","Default":"user","Extra":""}]
[23-Apr-2025 20:42:55 Europe/Berlin] Number of users in database: 13
[23-Apr-2025 20:42:55 Europe/Berlin] All tables initialized successfully
[23-Apr-2025 20:42:55 Europe/Berlin] Database tables initialized successfully
[23-Apr-2025 20:42:55 Europe/Berlin] Executing SQL: SELECT * FROM users WHERE id = :id
[23-Apr-2025 20:42:55 Europe/Berlin] With params: {":id":12}
[23-Apr-2025 20:42:55 Europe/Berlin] Query executed successfully. Found 1 rows
[23-Apr-2025 20:42:55 Europe/Berlin] User loaded from session: varunpndey
[23-Apr-2025 20:42:55 Europe/Berlin] Executing SQL: SELECT * FROM users WHERE id = :id
[23-Apr-2025 20:42:55 Europe/Berlin] With params: {":id":12}
[23-Apr-2025 20:42:55 Europe/Berlin] Query executed successfully. Found 1 rows
[23-Apr-2025 20:42:55 Europe/Berlin] Executing SQL: SELECT * FROM news ORDER BY created_at DESC
[23-Apr-2025 20:42:55 Europe/Berlin] With params: []
[23-Apr-2025 20:42:55 Europe/Berlin] Query executed successfully. Found 7 rows
[23-Apr-2025 20:42:55 Europe/Berlin] Executing SQL: SELECT * FROM feedback ORDER BY created_at DESC
[23-Apr-2025 20:42:55 Europe/Berlin] With params: []
[23-Apr-2025 20:42:55 Europe/Berlin] Query executed successfully. Found 10 rows
[23-Apr-2025 20:42:55 Europe/Berlin] Executing SQL: SELECT * FROM matches WHERE status = 'live'
[23-Apr-2025 20:42:55 Europe/Berlin] With params: []
[23-Apr-2025 20:42:55 Europe/Berlin] Query executed successfully. Found 1 rows
[23-Apr-2025 20:42:55 Europe/Berlin] Executing SQL: SELECT * FROM matches WHERE 1=1 ORDER BY match_time DESC
[23-Apr-2025 20:42:55 Europe/Berlin] With params: []
[23-Apr-2025 20:42:55 Europe/Berlin] Query executed successfully. Found 5 rows
[23-Apr-2025 20:42:55 Europe/Berlin] PHP Warning:  Undefined array key "status" in /Applications/XAMPP/xamppfiles/htdocs/sportsync/public/admin.php on line 865
[23-Apr-2025 20:42:55 Europe/Berlin] PHP Warning:  Undefined array key "status" in /Applications/XAMPP/xamppfiles/htdocs/sportsync/public/admin.php on line 866
[23-Apr-2025 20:42:55 Europe/Berlin] PHP Warning:  Undefined array key "status" in /Applications/XAMPP/xamppfiles/htdocs/sportsync/public/admin.php on line 867
[23-Apr-2025 20:42:55 Europe/Berlin] PHP Warning:  Undefined array key "status" in /Applications/XAMPP/xamppfiles/htdocs/sportsync/public/admin.php on line 865
[23-Apr-2025 20:42:55 Europe/Berlin] PHP Warning:  Undefined array key "status" in /Applications/XAMPP/xamppfiles/htdocs/sportsync/public/admin.php on line 866
[23-Apr-2025 20:42:55 Europe/Berlin] PHP Warning:  Undefined array key "status" in /Applications/XAMPP/xamppfiles/htdocs/sportsync/public/admin.php on line 867
[23-Apr-2025 20:42:55 Europe/Berlin] PHP Warning:  Undefined array key "status" in /Applications/XAMPP/xamppfiles/htdocs/sportsync/public/admin.php on line 865
[23-Apr-2025 20:42:55 Europe/Berlin] PHP Warning:  Undefined array key "status" in /Applications/XAMPP/xamppfiles/htdocs/sportsync/public/admin.php on line 866
[23-Apr-2025 20:42:55 Europe/Berlin] PHP Warning:  Undefined array key "status" in /Applications/XAMPP/xamppfiles/htdocs/sportsync/public/admin.php on line 867
[23-Apr-2025 20:42:55 Europe/Berlin] PHP Warning:  Undefined array key "status" in /Applications/XAMPP/xamppfiles/htdocs/sportsync/public/admin.php on line 865
[23-Apr-2025 20:42:55 Europe/Berlin] PHP Warning:  Undefined array key "status" in /Applications/XAMPP/xamppfiles/htdocs/sportsync/public/admin.php on line 866
[23-Apr-2025 20:42:55 Europe/Berlin] PHP Warning:  Undefined array key "status" in /Applications/XAMPP/xamppfiles/htdocs/sportsync/public/admin.php on line 867
[23-Apr-2025 20:42:55 Europe/Berlin] PHP Warning:  Undefined array key "status" in /Applications/XAMPP/xamppfiles/htdocs/sportsync/public/admin.php on line 865
[23-Apr-2025 20:42:55 Europe/Berlin] PHP Warning:  Undefined array key "status" in /Applications/XAMPP/xamppfiles/htdocs/sportsync/public/admin.php on line 866
[23-Apr-2025 20:42:55 Europe/Berlin] PHP Warning:  Undefined array key "status" in /Applications/XAMPP/xamppfiles/htdocs/sportsync/public/admin.php on line 867
[23-Apr-2025 20:42:55 Europe/Berlin] PHP Warning:  Undefined array key "status" in /Applications/XAMPP/xamppfiles/htdocs/sportsync/public/admin.php on line 865
[23-Apr-2025 20:42:55 Europe/Berlin] PHP Warning:  Undefined array key "status" in /Applications/XAMPP/xamppfiles/htdocs/sportsync/public/admin.php on line 866
[23-Apr-2025 20:42:55 Europe/Berlin] PHP Warning:  Undefined array key "status" in /Applications/XAMPP/xamppfiles/htdocs/sportsync/public/admin.php on line 867
[23-Apr-2025 20:42:55 Europe/Berlin] PHP Warning:  Undefined array key "status" in /Applications/XAMPP/xamppfiles/htdocs/sportsync/public/admin.php on line 865
[23-Apr-2025 20:42:55 Europe/Berlin] PHP Warning:  Undefined array key "status" in /Applications/XAMPP/xamppfiles/htdocs/sportsync/public/admin.php on line 866
[23-Apr-2025 20:42:55 Europe/Berlin] PHP Warning:  Undefined array key "status" in /Applications/XAMPP/xamppfiles/htdocs/sportsync/public/admin.php on line 867
[23-Apr-2025 20:42:55 Europe/Berlin] PHP Warning:  Undefined array key "status" in /Applications/XAMPP/xamppfiles/htdocs/sportsync/public/admin.php on line 865
[23-Apr-2025 20:42:55 Europe/Berlin] PHP Warning:  Undefined array key "status" in /Applications/XAMPP/xamppfiles/htdocs/sportsync/public/admin.php on line 866
[23-Apr-2025 20:42:55 Europe/Berlin] PHP Warning:  Undefined array key "status" in /Applications/XAMPP/xamppfiles/htdocs/sportsync/public/admin.php on line 867
[23-Apr-2025 20:42:55 Europe/Berlin] PHP Warning:  Undefined array key "status" in /Applications/XAMPP/xamppfiles/htdocs/sportsync/public/admin.php on line 865
[23-Apr-2025 20:42:55 Europe/Berlin] PHP Warning:  Undefined array key "status" in /Applications/XAMPP/xamppfiles/htdocs/sportsync/public/admin.php on line 866
[23-Apr-2025 20:42:55 Europe/Berlin] PHP Warning:  Undefined array key "status" in /Applications/XAMPP/xamppfiles/htdocs/sportsync/public/admin.php on line 867
[23-Apr-2025 20:42:55 Europe/Berlin] PHP Warning:  Undefined array key "status" in /Applications/XAMPP/xamppfiles/htdocs/sportsync/public/admin.php on line 865
[23-Apr-2025 20:42:55 Europe/Berlin] PHP Warning:  Undefined array key "status" in /Applications/XAMPP/xamppfiles/htdocs/sportsync/public/admin.php on line 866
[23-Apr-2025 20:42:55 Europe/Berlin] PHP Warning:  Undefined array key "status" in /Applications/XAMPP/xamppfiles/htdocs/sportsync/public/admin.php on line 867
[23-Apr-2025 20:43:02 Europe/Berlin] Connected to database. Tables found: favorites, feedback, matches, matches_backup, matches_new, news, newsletter, notifications, players, subscriptions, users
[23-Apr-2025 20:43:02 Europe/Berlin] Executing SQL: CREATE TABLE IF NOT EXISTS users (
                id INT AUTO_INCREMENT PRIMARY KEY,
                username VARCHAR(50) NOT NULL UNIQUE,
                password VARCHAR(255) NOT NULL,
                email VARCHAR(100) NOT NULL UNIQUE,
                account_type ENUM('user', 'admin') DEFAULT 'user',
                created_at TIMESTAMP DEFAULT CURRENT_TIMESTAMP
            )
[23-Apr-2025 20:43:02 Europe/Berlin] With params: []
[23-Apr-2025 20:43:02 Europe/Berlin] Query executed successfully. Found 0 rows
[23-Apr-2025 20:43:02 Europe/Berlin] Users table created or already exists
[23-Apr-2025 20:43:02 Europe/Berlin] Users table structure: [{"Field":"id","Type":"int(11)","Null":"NO","Key":"PRI","Default":null,"Extra":"auto_increment"},{"Field":"username","Type":"varchar(50)","Null":"NO","Key":"","Default":null,"Extra":""},{"Field":"email","Type":"varchar(100)","Null":"NO","Key":"UNI","Default":null,"Extra":""},{"Field":"password","Type":"varchar(255)","Null":"NO","Key":"","Default":null,"Extra":""},{"Field":"role","Type":"enum('user','admin')","Null":"YES","Key":"","Default":"user","Extra":""},{"Field":"verification_code","Type":"varchar(100)","Null":"YES","Key":"","Default":null,"Extra":""},{"Field":"is_verified","Type":"tinyint(1)","Null":"YES","Key":"","Default":"0","Extra":""},{"Field":"created_at","Type":"timestamp","Null":"NO","Key":"","Default":"current_timestamp()","Extra":""},{"Field":"favorite_sport","Type":"varchar(50)","Null":"YES","Key":"","Default":null,"Extra":""},{"Field":"favorite_team","Type":"varchar(50)","Null":"YES","Key":"","Default":null,"Extra":""},{"Field":"account_type","Type":"enum('user','admin')","Null":"YES","Key":"","Default":"user","Extra":""}]
[23-Apr-2025 20:43:02 Europe/Berlin] Number of users in database: 13
[23-Apr-2025 20:43:02 Europe/Berlin] All tables initialized successfully
[23-Apr-2025 20:43:02 Europe/Berlin] Connected to database. Tables found: favorites, feedback, matches, matches_backup, matches_new, news, newsletter, notifications, players, subscriptions, users
[23-Apr-2025 20:43:02 Europe/Berlin] Executing SQL: CREATE TABLE IF NOT EXISTS users (
                id INT AUTO_INCREMENT PRIMARY KEY,
                username VARCHAR(50) NOT NULL UNIQUE,
                password VARCHAR(255) NOT NULL,
                email VARCHAR(100) NOT NULL UNIQUE,
                account_type ENUM('user', 'admin') DEFAULT 'user',
                created_at TIMESTAMP DEFAULT CURRENT_TIMESTAMP
            )
[23-Apr-2025 20:43:02 Europe/Berlin] With params: []
[23-Apr-2025 20:43:02 Europe/Berlin] Query executed successfully. Found 0 rows
[23-Apr-2025 20:43:02 Europe/Berlin] Users table created or already exists
[23-Apr-2025 20:43:02 Europe/Berlin] Users table structure: [{"Field":"id","Type":"int(11)","Null":"NO","Key":"PRI","Default":null,"Extra":"auto_increment"},{"Field":"username","Type":"varchar(50)","Null":"NO","Key":"","Default":null,"Extra":""},{"Field":"email","Type":"varchar(100)","Null":"NO","Key":"UNI","Default":null,"Extra":""},{"Field":"password","Type":"varchar(255)","Null":"NO","Key":"","Default":null,"Extra":""},{"Field":"role","Type":"enum('user','admin')","Null":"YES","Key":"","Default":"user","Extra":""},{"Field":"verification_code","Type":"varchar(100)","Null":"YES","Key":"","Default":null,"Extra":""},{"Field":"is_verified","Type":"tinyint(1)","Null":"YES","Key":"","Default":"0","Extra":""},{"Field":"created_at","Type":"timestamp","Null":"NO","Key":"","Default":"current_timestamp()","Extra":""},{"Field":"favorite_sport","Type":"varchar(50)","Null":"YES","Key":"","Default":null,"Extra":""},{"Field":"favorite_team","Type":"varchar(50)","Null":"YES","Key":"","Default":null,"Extra":""},{"Field":"account_type","Type":"enum('user','admin')","Null":"YES","Key":"","Default":"user","Extra":""}]
[23-Apr-2025 20:43:02 Europe/Berlin] Number of users in database: 13
[23-Apr-2025 20:43:02 Europe/Berlin] All tables initialized successfully
[23-Apr-2025 20:43:02 Europe/Berlin] Database tables initialized successfully
[23-Apr-2025 20:43:02 Europe/Berlin] Executing SQL: SELECT * FROM users WHERE id = :id
[23-Apr-2025 20:43:02 Europe/Berlin] With params: {":id":12}
[23-Apr-2025 20:43:02 Europe/Berlin] Query executed successfully. Found 1 rows
[23-Apr-2025 20:43:02 Europe/Berlin] User loaded from session: varunpndey
[23-Apr-2025 20:43:02 Europe/Berlin] Executing SQL: SELECT * FROM users WHERE id = :id
[23-Apr-2025 20:43:02 Europe/Berlin] With params: {":id":12}
[23-Apr-2025 20:43:02 Europe/Berlin] Query executed successfully. Found 1 rows
[23-Apr-2025 20:43:02 Europe/Berlin] Executing SQL: DELETE FROM news WHERE id = :id
[23-Apr-2025 20:43:02 Europe/Berlin] With params: {":id":"10"}
[23-Apr-2025 20:43:02 Europe/Berlin] Query executed successfully. Found 0 rows
[23-Apr-2025 20:43:02 Europe/Berlin] PHP Fatal error:  Uncaught Error: Call to a member function rowCount() on array in /Applications/XAMPP/xamppfiles/htdocs/sportsync/backend/news.php:94
Stack trace:
#0 /Applications/XAMPP/xamppfiles/htdocs/sportsync/public/admin.php(246): deleteNews('10')
#1 /Applications/XAMPP/xamppfiles/htdocs/sportsync/public/index.php(38): require('/Applications/X...')
#2 {main}
  thrown in /Applications/XAMPP/xamppfiles/htdocs/sportsync/backend/news.php on line 94
[23-Apr-2025 20:43:16 Europe/Berlin] Connected to database. Tables found: favorites, feedback, matches, matches_backup, matches_new, news, newsletter, notifications, players, subscriptions, users
[23-Apr-2025 20:43:16 Europe/Berlin] Executing SQL: CREATE TABLE IF NOT EXISTS users (
                id INT AUTO_INCREMENT PRIMARY KEY,
                username VARCHAR(50) NOT NULL UNIQUE,
                password VARCHAR(255) NOT NULL,
                email VARCHAR(100) NOT NULL UNIQUE,
                account_type ENUM('user', 'admin') DEFAULT 'user',
                created_at TIMESTAMP DEFAULT CURRENT_TIMESTAMP
            )
[23-Apr-2025 20:43:16 Europe/Berlin] With params: []
[23-Apr-2025 20:43:16 Europe/Berlin] Query executed successfully. Found 0 rows
[23-Apr-2025 20:43:16 Europe/Berlin] Users table created or already exists
[23-Apr-2025 20:43:16 Europe/Berlin] Users table structure: [{"Field":"id","Type":"int(11)","Null":"NO","Key":"PRI","Default":null,"Extra":"auto_increment"},{"Field":"username","Type":"varchar(50)","Null":"NO","Key":"","Default":null,"Extra":""},{"Field":"email","Type":"varchar(100)","Null":"NO","Key":"UNI","Default":null,"Extra":""},{"Field":"password","Type":"varchar(255)","Null":"NO","Key":"","Default":null,"Extra":""},{"Field":"role","Type":"enum('user','admin')","Null":"YES","Key":"","Default":"user","Extra":""},{"Field":"verification_code","Type":"varchar(100)","Null":"YES","Key":"","Default":null,"Extra":""},{"Field":"is_verified","Type":"tinyint(1)","Null":"YES","Key":"","Default":"0","Extra":""},{"Field":"created_at","Type":"timestamp","Null":"NO","Key":"","Default":"current_timestamp()","Extra":""},{"Field":"favorite_sport","Type":"varchar(50)","Null":"YES","Key":"","Default":null,"Extra":""},{"Field":"favorite_team","Type":"varchar(50)","Null":"YES","Key":"","Default":null,"Extra":""},{"Field":"account_type","Type":"enum('user','admin')","Null":"YES","Key":"","Default":"user","Extra":""}]
[23-Apr-2025 20:43:16 Europe/Berlin] Number of users in database: 13
[23-Apr-2025 20:43:16 Europe/Berlin] All tables initialized successfully
[23-Apr-2025 20:43:16 Europe/Berlin] Connected to database. Tables found: favorites, feedback, matches, matches_backup, matches_new, news, newsletter, notifications, players, subscriptions, users
[23-Apr-2025 20:43:16 Europe/Berlin] Executing SQL: CREATE TABLE IF NOT EXISTS users (
                id INT AUTO_INCREMENT PRIMARY KEY,
                username VARCHAR(50) NOT NULL UNIQUE,
                password VARCHAR(255) NOT NULL,
                email VARCHAR(100) NOT NULL UNIQUE,
                account_type ENUM('user', 'admin') DEFAULT 'user',
                created_at TIMESTAMP DEFAULT CURRENT_TIMESTAMP
            )
[23-Apr-2025 20:43:16 Europe/Berlin] With params: []
[23-Apr-2025 20:43:16 Europe/Berlin] Query executed successfully. Found 0 rows
[23-Apr-2025 20:43:16 Europe/Berlin] Users table created or already exists
[23-Apr-2025 20:43:16 Europe/Berlin] Users table structure: [{"Field":"id","Type":"int(11)","Null":"NO","Key":"PRI","Default":null,"Extra":"auto_increment"},{"Field":"username","Type":"varchar(50)","Null":"NO","Key":"","Default":null,"Extra":""},{"Field":"email","Type":"varchar(100)","Null":"NO","Key":"UNI","Default":null,"Extra":""},{"Field":"password","Type":"varchar(255)","Null":"NO","Key":"","Default":null,"Extra":""},{"Field":"role","Type":"enum('user','admin')","Null":"YES","Key":"","Default":"user","Extra":""},{"Field":"verification_code","Type":"varchar(100)","Null":"YES","Key":"","Default":null,"Extra":""},{"Field":"is_verified","Type":"tinyint(1)","Null":"YES","Key":"","Default":"0","Extra":""},{"Field":"created_at","Type":"timestamp","Null":"NO","Key":"","Default":"current_timestamp()","Extra":""},{"Field":"favorite_sport","Type":"varchar(50)","Null":"YES","Key":"","Default":null,"Extra":""},{"Field":"favorite_team","Type":"varchar(50)","Null":"YES","Key":"","Default":null,"Extra":""},{"Field":"account_type","Type":"enum('user','admin')","Null":"YES","Key":"","Default":"user","Extra":""}]
[23-Apr-2025 20:43:16 Europe/Berlin] Number of users in database: 13
[23-Apr-2025 20:43:16 Europe/Berlin] All tables initialized successfully
[23-Apr-2025 20:43:16 Europe/Berlin] Database tables initialized successfully
[23-Apr-2025 20:43:16 Europe/Berlin] Executing SQL: SELECT * FROM users WHERE id = :id
[23-Apr-2025 20:43:16 Europe/Berlin] With params: {":id":12}
[23-Apr-2025 20:43:16 Europe/Berlin] Query executed successfully. Found 1 rows
[23-Apr-2025 20:43:16 Europe/Berlin] User loaded from session: varunpndey
[23-Apr-2025 20:43:16 Europe/Berlin] Executing SQL: SELECT * FROM users WHERE id = :id
[23-Apr-2025 20:43:16 Europe/Berlin] With params: {":id":12}
[23-Apr-2025 20:43:16 Europe/Berlin] Query executed successfully. Found 1 rows
[23-Apr-2025 20:43:16 Europe/Berlin] Executing SQL: SELECT * FROM news ORDER BY created_at DESC
[23-Apr-2025 20:43:16 Europe/Berlin] With params: []
[23-Apr-2025 20:43:16 Europe/Berlin] Query executed successfully. Found 6 rows
[23-Apr-2025 20:43:16 Europe/Berlin] Executing SQL: SELECT * FROM feedback ORDER BY created_at DESC
[23-Apr-2025 20:43:16 Europe/Berlin] With params: []
[23-Apr-2025 20:43:16 Europe/Berlin] Query executed successfully. Found 10 rows
[23-Apr-2025 20:43:16 Europe/Berlin] Executing SQL: SELECT * FROM matches WHERE status = 'live'
[23-Apr-2025 20:43:16 Europe/Berlin] With params: []
[23-Apr-2025 20:43:16 Europe/Berlin] Query executed successfully. Found 1 rows
[23-Apr-2025 20:43:16 Europe/Berlin] Executing SQL: SELECT * FROM matches WHERE 1=1 ORDER BY match_time DESC
[23-Apr-2025 20:43:16 Europe/Berlin] With params: []
[23-Apr-2025 20:43:16 Europe/Berlin] Query executed successfully. Found 5 rows
[23-Apr-2025 20:43:16 Europe/Berlin] PHP Warning:  Undefined array key "status" in /Applications/XAMPP/xamppfiles/htdocs/sportsync/public/admin.php on line 865
[23-Apr-2025 20:43:16 Europe/Berlin] PHP Warning:  Undefined array key "status" in /Applications/XAMPP/xamppfiles/htdocs/sportsync/public/admin.php on line 866
[23-Apr-2025 20:43:16 Europe/Berlin] PHP Warning:  Undefined array key "status" in /Applications/XAMPP/xamppfiles/htdocs/sportsync/public/admin.php on line 867
[23-Apr-2025 20:43:16 Europe/Berlin] PHP Warning:  Undefined array key "status" in /Applications/XAMPP/xamppfiles/htdocs/sportsync/public/admin.php on line 865
[23-Apr-2025 20:43:16 Europe/Berlin] PHP Warning:  Undefined array key "status" in /Applications/XAMPP/xamppfiles/htdocs/sportsync/public/admin.php on line 866
[23-Apr-2025 20:43:16 Europe/Berlin] PHP Warning:  Undefined array key "status" in /Applications/XAMPP/xamppfiles/htdocs/sportsync/public/admin.php on line 867
[23-Apr-2025 20:43:16 Europe/Berlin] PHP Warning:  Undefined array key "status" in /Applications/XAMPP/xamppfiles/htdocs/sportsync/public/admin.php on line 865
[23-Apr-2025 20:43:16 Europe/Berlin] PHP Warning:  Undefined array key "status" in /Applications/XAMPP/xamppfiles/htdocs/sportsync/public/admin.php on line 866
[23-Apr-2025 20:43:16 Europe/Berlin] PHP Warning:  Undefined array key "status" in /Applications/XAMPP/xamppfiles/htdocs/sportsync/public/admin.php on line 867
[23-Apr-2025 20:43:16 Europe/Berlin] PHP Warning:  Undefined array key "status" in /Applications/XAMPP/xamppfiles/htdocs/sportsync/public/admin.php on line 865
[23-Apr-2025 20:43:16 Europe/Berlin] PHP Warning:  Undefined array key "status" in /Applications/XAMPP/xamppfiles/htdocs/sportsync/public/admin.php on line 866
[23-Apr-2025 20:43:16 Europe/Berlin] PHP Warning:  Undefined array key "status" in /Applications/XAMPP/xamppfiles/htdocs/sportsync/public/admin.php on line 867
[23-Apr-2025 20:43:16 Europe/Berlin] PHP Warning:  Undefined array key "status" in /Applications/XAMPP/xamppfiles/htdocs/sportsync/public/admin.php on line 865
[23-Apr-2025 20:43:16 Europe/Berlin] PHP Warning:  Undefined array key "status" in /Applications/XAMPP/xamppfiles/htdocs/sportsync/public/admin.php on line 866
[23-Apr-2025 20:43:16 Europe/Berlin] PHP Warning:  Undefined array key "status" in /Applications/XAMPP/xamppfiles/htdocs/sportsync/public/admin.php on line 867
[23-Apr-2025 20:43:16 Europe/Berlin] PHP Warning:  Undefined array key "status" in /Applications/XAMPP/xamppfiles/htdocs/sportsync/public/admin.php on line 865
[23-Apr-2025 20:43:16 Europe/Berlin] PHP Warning:  Undefined array key "status" in /Applications/XAMPP/xamppfiles/htdocs/sportsync/public/admin.php on line 866
[23-Apr-2025 20:43:16 Europe/Berlin] PHP Warning:  Undefined array key "status" in /Applications/XAMPP/xamppfiles/htdocs/sportsync/public/admin.php on line 867
[23-Apr-2025 20:43:16 Europe/Berlin] PHP Warning:  Undefined array key "status" in /Applications/XAMPP/xamppfiles/htdocs/sportsync/public/admin.php on line 865
[23-Apr-2025 20:43:16 Europe/Berlin] PHP Warning:  Undefined array key "status" in /Applications/XAMPP/xamppfiles/htdocs/sportsync/public/admin.php on line 866
[23-Apr-2025 20:43:16 Europe/Berlin] PHP Warning:  Undefined array key "status" in /Applications/XAMPP/xamppfiles/htdocs/sportsync/public/admin.php on line 867
[23-Apr-2025 20:43:16 Europe/Berlin] PHP Warning:  Undefined array key "status" in /Applications/XAMPP/xamppfiles/htdocs/sportsync/public/admin.php on line 865
[23-Apr-2025 20:43:16 Europe/Berlin] PHP Warning:  Undefined array key "status" in /Applications/XAMPP/xamppfiles/htdocs/sportsync/public/admin.php on line 866
[23-Apr-2025 20:43:16 Europe/Berlin] PHP Warning:  Undefined array key "status" in /Applications/XAMPP/xamppfiles/htdocs/sportsync/public/admin.php on line 867
[23-Apr-2025 20:43:16 Europe/Berlin] PHP Warning:  Undefined array key "status" in /Applications/XAMPP/xamppfiles/htdocs/sportsync/public/admin.php on line 865
[23-Apr-2025 20:43:16 Europe/Berlin] PHP Warning:  Undefined array key "status" in /Applications/XAMPP/xamppfiles/htdocs/sportsync/public/admin.php on line 866
[23-Apr-2025 20:43:16 Europe/Berlin] PHP Warning:  Undefined array key "status" in /Applications/XAMPP/xamppfiles/htdocs/sportsync/public/admin.php on line 867
[23-Apr-2025 20:43:16 Europe/Berlin] PHP Warning:  Undefined array key "status" in /Applications/XAMPP/xamppfiles/htdocs/sportsync/public/admin.php on line 865
[23-Apr-2025 20:43:16 Europe/Berlin] PHP Warning:  Undefined array key "status" in /Applications/XAMPP/xamppfiles/htdocs/sportsync/public/admin.php on line 866
[23-Apr-2025 20:43:16 Europe/Berlin] PHP Warning:  Undefined array key "status" in /Applications/XAMPP/xamppfiles/htdocs/sportsync/public/admin.php on line 867
[23-Apr-2025 20:43:19 Europe/Berlin] Connected to database. Tables found: favorites, feedback, matches, matches_backup, matches_new, news, newsletter, notifications, players, subscriptions, users
[23-Apr-2025 20:43:19 Europe/Berlin] Executing SQL: CREATE TABLE IF NOT EXISTS users (
                id INT AUTO_INCREMENT PRIMARY KEY,
                username VARCHAR(50) NOT NULL UNIQUE,
                password VARCHAR(255) NOT NULL,
                email VARCHAR(100) NOT NULL UNIQUE,
                account_type ENUM('user', 'admin') DEFAULT 'user',
                created_at TIMESTAMP DEFAULT CURRENT_TIMESTAMP
            )
[23-Apr-2025 20:43:19 Europe/Berlin] With params: []
[23-Apr-2025 20:43:19 Europe/Berlin] Query executed successfully. Found 0 rows
[23-Apr-2025 20:43:19 Europe/Berlin] Users table created or already exists
[23-Apr-2025 20:43:19 Europe/Berlin] Users table structure: [{"Field":"id","Type":"int(11)","Null":"NO","Key":"PRI","Default":null,"Extra":"auto_increment"},{"Field":"username","Type":"varchar(50)","Null":"NO","Key":"","Default":null,"Extra":""},{"Field":"email","Type":"varchar(100)","Null":"NO","Key":"UNI","Default":null,"Extra":""},{"Field":"password","Type":"varchar(255)","Null":"NO","Key":"","Default":null,"Extra":""},{"Field":"role","Type":"enum('user','admin')","Null":"YES","Key":"","Default":"user","Extra":""},{"Field":"verification_code","Type":"varchar(100)","Null":"YES","Key":"","Default":null,"Extra":""},{"Field":"is_verified","Type":"tinyint(1)","Null":"YES","Key":"","Default":"0","Extra":""},{"Field":"created_at","Type":"timestamp","Null":"NO","Key":"","Default":"current_timestamp()","Extra":""},{"Field":"favorite_sport","Type":"varchar(50)","Null":"YES","Key":"","Default":null,"Extra":""},{"Field":"favorite_team","Type":"varchar(50)","Null":"YES","Key":"","Default":null,"Extra":""},{"Field":"account_type","Type":"enum('user','admin')","Null":"YES","Key":"","Default":"user","Extra":""}]
[23-Apr-2025 20:43:19 Europe/Berlin] Number of users in database: 13
[23-Apr-2025 20:43:19 Europe/Berlin] All tables initialized successfully
[23-Apr-2025 20:43:19 Europe/Berlin] Connected to database. Tables found: favorites, feedback, matches, matches_backup, matches_new, news, newsletter, notifications, players, subscriptions, users
[23-Apr-2025 20:43:19 Europe/Berlin] Executing SQL: CREATE TABLE IF NOT EXISTS users (
                id INT AUTO_INCREMENT PRIMARY KEY,
                username VARCHAR(50) NOT NULL UNIQUE,
                password VARCHAR(255) NOT NULL,
                email VARCHAR(100) NOT NULL UNIQUE,
                account_type ENUM('user', 'admin') DEFAULT 'user',
                created_at TIMESTAMP DEFAULT CURRENT_TIMESTAMP
            )
[23-Apr-2025 20:43:19 Europe/Berlin] With params: []
[23-Apr-2025 20:43:19 Europe/Berlin] Query executed successfully. Found 0 rows
[23-Apr-2025 20:43:19 Europe/Berlin] Users table created or already exists
[23-Apr-2025 20:43:19 Europe/Berlin] Users table structure: [{"Field":"id","Type":"int(11)","Null":"NO","Key":"PRI","Default":null,"Extra":"auto_increment"},{"Field":"username","Type":"varchar(50)","Null":"NO","Key":"","Default":null,"Extra":""},{"Field":"email","Type":"varchar(100)","Null":"NO","Key":"UNI","Default":null,"Extra":""},{"Field":"password","Type":"varchar(255)","Null":"NO","Key":"","Default":null,"Extra":""},{"Field":"role","Type":"enum('user','admin')","Null":"YES","Key":"","Default":"user","Extra":""},{"Field":"verification_code","Type":"varchar(100)","Null":"YES","Key":"","Default":null,"Extra":""},{"Field":"is_verified","Type":"tinyint(1)","Null":"YES","Key":"","Default":"0","Extra":""},{"Field":"created_at","Type":"timestamp","Null":"NO","Key":"","Default":"current_timestamp()","Extra":""},{"Field":"favorite_sport","Type":"varchar(50)","Null":"YES","Key":"","Default":null,"Extra":""},{"Field":"favorite_team","Type":"varchar(50)","Null":"YES","Key":"","Default":null,"Extra":""},{"Field":"account_type","Type":"enum('user','admin')","Null":"YES","Key":"","Default":"user","Extra":""}]
[23-Apr-2025 20:43:19 Europe/Berlin] Number of users in database: 13
[23-Apr-2025 20:43:19 Europe/Berlin] All tables initialized successfully
[23-Apr-2025 20:43:19 Europe/Berlin] Database tables initialized successfully
[23-Apr-2025 20:43:19 Europe/Berlin] Executing SQL: SELECT * FROM users WHERE id = :id
[23-Apr-2025 20:43:19 Europe/Berlin] With params: {":id":12}
[23-Apr-2025 20:43:19 Europe/Berlin] Query executed successfully. Found 1 rows
[23-Apr-2025 20:43:19 Europe/Berlin] User loaded from session: varunpndey
[23-Apr-2025 20:43:19 Europe/Berlin] Header - Session status: 2
[23-Apr-2025 20:43:19 Europe/Berlin] Header - Session data: {"user_id":12,"username":"varunpndey","email":"va@gmail.com","account_type":"admin"}
[23-Apr-2025 20:43:19 Europe/Berlin] Header - After session start - Status: 2
[23-Apr-2025 20:43:19 Europe/Berlin] Header - After session start - Data: {"user_id":12,"username":"varunpndey","email":"va@gmail.com","account_type":"admin"}
[23-Apr-2025 20:43:19 Europe/Berlin] Header - Is logged in: Yes
[23-Apr-2025 20:43:19 Europe/Berlin] Executing SQL: SELECT * FROM news ORDER BY created_at DESC LIMIT 5
[23-Apr-2025 20:43:19 Europe/Berlin] With params: []
[23-Apr-2025 20:43:19 Europe/Berlin] Query executed successfully. Found 5 rows
[23-Apr-2025 20:43:19 Europe/Berlin] Executing SQL: SELECT * FROM matches WHERE status = 'live'
[23-Apr-2025 20:43:19 Europe/Berlin] With params: []
[23-Apr-2025 20:43:19 Europe/Berlin] Query executed successfully. Found 1 rows
[23-Apr-2025 20:43:19 Europe/Berlin] Executing SQL: SELECT COUNT(*) as count FROM favorites 
                    WHERE user_id = :user_id AND match_id = :match_id
[23-Apr-2025 20:43:19 Europe/Berlin] With params: {":user_id":12,":match_id":42}
[23-Apr-2025 20:43:19 Europe/Berlin] Query executed successfully. Found 1 rows
[23-Apr-2025 20:43:22 Europe/Berlin] Connected to database. Tables found: favorites, feedback, matches, matches_backup, matches_new, news, newsletter, notifications, players, subscriptions, users
[23-Apr-2025 20:43:22 Europe/Berlin] Executing SQL: CREATE TABLE IF NOT EXISTS users (
                id INT AUTO_INCREMENT PRIMARY KEY,
                username VARCHAR(50) NOT NULL UNIQUE,
                password VARCHAR(255) NOT NULL,
                email VARCHAR(100) NOT NULL UNIQUE,
                account_type ENUM('user', 'admin') DEFAULT 'user',
                created_at TIMESTAMP DEFAULT CURRENT_TIMESTAMP
            )
[23-Apr-2025 20:43:22 Europe/Berlin] With params: []
[23-Apr-2025 20:43:22 Europe/Berlin] Query executed successfully. Found 0 rows
[23-Apr-2025 20:43:22 Europe/Berlin] Users table created or already exists
[23-Apr-2025 20:43:22 Europe/Berlin] Users table structure: [{"Field":"id","Type":"int(11)","Null":"NO","Key":"PRI","Default":null,"Extra":"auto_increment"},{"Field":"username","Type":"varchar(50)","Null":"NO","Key":"","Default":null,"Extra":""},{"Field":"email","Type":"varchar(100)","Null":"NO","Key":"UNI","Default":null,"Extra":""},{"Field":"password","Type":"varchar(255)","Null":"NO","Key":"","Default":null,"Extra":""},{"Field":"role","Type":"enum('user','admin')","Null":"YES","Key":"","Default":"user","Extra":""},{"Field":"verification_code","Type":"varchar(100)","Null":"YES","Key":"","Default":null,"Extra":""},{"Field":"is_verified","Type":"tinyint(1)","Null":"YES","Key":"","Default":"0","Extra":""},{"Field":"created_at","Type":"timestamp","Null":"NO","Key":"","Default":"current_timestamp()","Extra":""},{"Field":"favorite_sport","Type":"varchar(50)","Null":"YES","Key":"","Default":null,"Extra":""},{"Field":"favorite_team","Type":"varchar(50)","Null":"YES","Key":"","Default":null,"Extra":""},{"Field":"account_type","Type":"enum('user','admin')","Null":"YES","Key":"","Default":"user","Extra":""}]
[23-Apr-2025 20:43:22 Europe/Berlin] Number of users in database: 13
[23-Apr-2025 20:43:22 Europe/Berlin] All tables initialized successfully
[23-Apr-2025 20:43:22 Europe/Berlin] Connected to database. Tables found: favorites, feedback, matches, matches_backup, matches_new, news, newsletter, notifications, players, subscriptions, users
[23-Apr-2025 20:43:22 Europe/Berlin] Executing SQL: CREATE TABLE IF NOT EXISTS users (
                id INT AUTO_INCREMENT PRIMARY KEY,
                username VARCHAR(50) NOT NULL UNIQUE,
                password VARCHAR(255) NOT NULL,
                email VARCHAR(100) NOT NULL UNIQUE,
                account_type ENUM('user', 'admin') DEFAULT 'user',
                created_at TIMESTAMP DEFAULT CURRENT_TIMESTAMP
            )
[23-Apr-2025 20:43:22 Europe/Berlin] With params: []
[23-Apr-2025 20:43:22 Europe/Berlin] Query executed successfully. Found 0 rows
[23-Apr-2025 20:43:22 Europe/Berlin] Users table created or already exists
[23-Apr-2025 20:43:22 Europe/Berlin] Users table structure: [{"Field":"id","Type":"int(11)","Null":"NO","Key":"PRI","Default":null,"Extra":"auto_increment"},{"Field":"username","Type":"varchar(50)","Null":"NO","Key":"","Default":null,"Extra":""},{"Field":"email","Type":"varchar(100)","Null":"NO","Key":"UNI","Default":null,"Extra":""},{"Field":"password","Type":"varchar(255)","Null":"NO","Key":"","Default":null,"Extra":""},{"Field":"role","Type":"enum('user','admin')","Null":"YES","Key":"","Default":"user","Extra":""},{"Field":"verification_code","Type":"varchar(100)","Null":"YES","Key":"","Default":null,"Extra":""},{"Field":"is_verified","Type":"tinyint(1)","Null":"YES","Key":"","Default":"0","Extra":""},{"Field":"created_at","Type":"timestamp","Null":"NO","Key":"","Default":"current_timestamp()","Extra":""},{"Field":"favorite_sport","Type":"varchar(50)","Null":"YES","Key":"","Default":null,"Extra":""},{"Field":"favorite_team","Type":"varchar(50)","Null":"YES","Key":"","Default":null,"Extra":""},{"Field":"account_type","Type":"enum('user','admin')","Null":"YES","Key":"","Default":"user","Extra":""}]
[23-Apr-2025 20:43:22 Europe/Berlin] Number of users in database: 13
[23-Apr-2025 20:43:22 Europe/Berlin] All tables initialized successfully
[23-Apr-2025 20:43:22 Europe/Berlin] Database tables initialized successfully
[23-Apr-2025 20:43:22 Europe/Berlin] Executing SQL: SELECT * FROM users WHERE id = :id
[23-Apr-2025 20:43:22 Europe/Berlin] With params: {":id":12}
[23-Apr-2025 20:43:22 Europe/Berlin] Query executed successfully. Found 1 rows
[23-Apr-2025 20:43:22 Europe/Berlin] User loaded from session: varunpndey
[23-Apr-2025 20:43:22 Europe/Berlin] PHP Notice:  session_start(): Ignoring session_start() because a session is already active in /Applications/XAMPP/xamppfiles/htdocs/sportsync/public/dashboard.php on line 2
[23-Apr-2025 20:43:22 Europe/Berlin] Executing SQL: SELECT * FROM users WHERE id = :id
[23-Apr-2025 20:43:22 Europe/Berlin] With params: {":id":12}
[23-Apr-2025 20:43:22 Europe/Berlin] Query executed successfully. Found 1 rows
[23-Apr-2025 20:43:22 Europe/Berlin] Header - Session status: 2
[23-Apr-2025 20:43:22 Europe/Berlin] Header - Session data: {"user_id":12,"username":"varunpndey","email":"va@gmail.com","account_type":"admin"}
[23-Apr-2025 20:43:22 Europe/Berlin] Header - After session start - Status: 2
[23-Apr-2025 20:43:22 Europe/Berlin] Header - After session start - Data: {"user_id":12,"username":"varunpndey","email":"va@gmail.com","account_type":"admin"}
[23-Apr-2025 20:43:22 Europe/Berlin] Header - Is logged in: Yes
[23-Apr-2025 20:43:34 Europe/Berlin] Connected to database. Tables found: favorites, feedback, matches, matches_backup, matches_new, news, newsletter, notifications, players, subscriptions, users
[23-Apr-2025 20:43:34 Europe/Berlin] Executing SQL: CREATE TABLE IF NOT EXISTS users (
                id INT AUTO_INCREMENT PRIMARY KEY,
                username VARCHAR(50) NOT NULL UNIQUE,
                password VARCHAR(255) NOT NULL,
                email VARCHAR(100) NOT NULL UNIQUE,
                account_type ENUM('user', 'admin') DEFAULT 'user',
                created_at TIMESTAMP DEFAULT CURRENT_TIMESTAMP
            )
[23-Apr-2025 20:43:34 Europe/Berlin] With params: []
[23-Apr-2025 20:43:34 Europe/Berlin] Query executed successfully. Found 0 rows
[23-Apr-2025 20:43:34 Europe/Berlin] Users table created or already exists
[23-Apr-2025 20:43:34 Europe/Berlin] Users table structure: [{"Field":"id","Type":"int(11)","Null":"NO","Key":"PRI","Default":null,"Extra":"auto_increment"},{"Field":"username","Type":"varchar(50)","Null":"NO","Key":"","Default":null,"Extra":""},{"Field":"email","Type":"varchar(100)","Null":"NO","Key":"UNI","Default":null,"Extra":""},{"Field":"password","Type":"varchar(255)","Null":"NO","Key":"","Default":null,"Extra":""},{"Field":"role","Type":"enum('user','admin')","Null":"YES","Key":"","Default":"user","Extra":""},{"Field":"verification_code","Type":"varchar(100)","Null":"YES","Key":"","Default":null,"Extra":""},{"Field":"is_verified","Type":"tinyint(1)","Null":"YES","Key":"","Default":"0","Extra":""},{"Field":"created_at","Type":"timestamp","Null":"NO","Key":"","Default":"current_timestamp()","Extra":""},{"Field":"favorite_sport","Type":"varchar(50)","Null":"YES","Key":"","Default":null,"Extra":""},{"Field":"favorite_team","Type":"varchar(50)","Null":"YES","Key":"","Default":null,"Extra":""},{"Field":"account_type","Type":"enum('user','admin')","Null":"YES","Key":"","Default":"user","Extra":""}]
[23-Apr-2025 20:43:34 Europe/Berlin] Number of users in database: 13
[23-Apr-2025 20:43:34 Europe/Berlin] All tables initialized successfully
[23-Apr-2025 20:43:34 Europe/Berlin] Connected to database. Tables found: favorites, feedback, matches, matches_backup, matches_new, news, newsletter, notifications, players, subscriptions, users
[23-Apr-2025 20:43:34 Europe/Berlin] Executing SQL: CREATE TABLE IF NOT EXISTS users (
                id INT AUTO_INCREMENT PRIMARY KEY,
                username VARCHAR(50) NOT NULL UNIQUE,
                password VARCHAR(255) NOT NULL,
                email VARCHAR(100) NOT NULL UNIQUE,
                account_type ENUM('user', 'admin') DEFAULT 'user',
                created_at TIMESTAMP DEFAULT CURRENT_TIMESTAMP
            )
[23-Apr-2025 20:43:34 Europe/Berlin] With params: []
[23-Apr-2025 20:43:34 Europe/Berlin] Query executed successfully. Found 0 rows
[23-Apr-2025 20:43:34 Europe/Berlin] Users table created or already exists
[23-Apr-2025 20:43:34 Europe/Berlin] Users table structure: [{"Field":"id","Type":"int(11)","Null":"NO","Key":"PRI","Default":null,"Extra":"auto_increment"},{"Field":"username","Type":"varchar(50)","Null":"NO","Key":"","Default":null,"Extra":""},{"Field":"email","Type":"varchar(100)","Null":"NO","Key":"UNI","Default":null,"Extra":""},{"Field":"password","Type":"varchar(255)","Null":"NO","Key":"","Default":null,"Extra":""},{"Field":"role","Type":"enum('user','admin')","Null":"YES","Key":"","Default":"user","Extra":""},{"Field":"verification_code","Type":"varchar(100)","Null":"YES","Key":"","Default":null,"Extra":""},{"Field":"is_verified","Type":"tinyint(1)","Null":"YES","Key":"","Default":"0","Extra":""},{"Field":"created_at","Type":"timestamp","Null":"NO","Key":"","Default":"current_timestamp()","Extra":""},{"Field":"favorite_sport","Type":"varchar(50)","Null":"YES","Key":"","Default":null,"Extra":""},{"Field":"favorite_team","Type":"varchar(50)","Null":"YES","Key":"","Default":null,"Extra":""},{"Field":"account_type","Type":"enum('user','admin')","Null":"YES","Key":"","Default":"user","Extra":""}]
[23-Apr-2025 20:43:34 Europe/Berlin] Number of users in database: 13
[23-Apr-2025 20:43:34 Europe/Berlin] All tables initialized successfully
[23-Apr-2025 20:43:34 Europe/Berlin] Database tables initialized successfully
[23-Apr-2025 20:43:34 Europe/Berlin] Executing SQL: SELECT * FROM users WHERE id = :id
[23-Apr-2025 20:43:34 Europe/Berlin] With params: {":id":12}
[23-Apr-2025 20:43:34 Europe/Berlin] Query executed successfully. Found 1 rows
[23-Apr-2025 20:43:34 Europe/Berlin] User loaded from session: varunpndey
[23-Apr-2025 20:43:34 Europe/Berlin] PHP Notice:  session_start(): Ignoring session_start() because a session is already active in /Applications/XAMPP/xamppfiles/htdocs/sportsync/public/dashboard.php on line 2
[23-Apr-2025 20:43:34 Europe/Berlin] Executing SQL: SELECT * FROM users WHERE id = :id
[23-Apr-2025 20:43:34 Europe/Berlin] With params: {":id":12}
[23-Apr-2025 20:43:34 Europe/Berlin] Query executed successfully. Found 1 rows
[23-Apr-2025 20:43:34 Europe/Berlin] Header - Session status: 2
[23-Apr-2025 20:43:34 Europe/Berlin] Header - Session data: {"user_id":12,"username":"varunpndey","email":"va@gmail.com","account_type":"admin"}
[23-Apr-2025 20:43:34 Europe/Berlin] Header - After session start - Status: 2
[23-Apr-2025 20:43:34 Europe/Berlin] Header - After session start - Data: {"user_id":12,"username":"varunpndey","email":"va@gmail.com","account_type":"admin"}
[23-Apr-2025 20:43:34 Europe/Berlin] Header - Is logged in: Yes
[23-Apr-2025 20:43:37 Europe/Berlin] Connected to database. Tables found: favorites, feedback, matches, matches_backup, matches_new, news, newsletter, notifications, players, subscriptions, users
[23-Apr-2025 20:43:37 Europe/Berlin] Executing SQL: CREATE TABLE IF NOT EXISTS users (
                id INT AUTO_INCREMENT PRIMARY KEY,
                username VARCHAR(50) NOT NULL UNIQUE,
                password VARCHAR(255) NOT NULL,
                email VARCHAR(100) NOT NULL UNIQUE,
                account_type ENUM('user', 'admin') DEFAULT 'user',
                created_at TIMESTAMP DEFAULT CURRENT_TIMESTAMP
            )
[23-Apr-2025 20:43:37 Europe/Berlin] With params: []
[23-Apr-2025 20:43:37 Europe/Berlin] Query executed successfully. Found 0 rows
[23-Apr-2025 20:43:37 Europe/Berlin] Users table created or already exists
[23-Apr-2025 20:43:37 Europe/Berlin] Users table structure: [{"Field":"id","Type":"int(11)","Null":"NO","Key":"PRI","Default":null,"Extra":"auto_increment"},{"Field":"username","Type":"varchar(50)","Null":"NO","Key":"","Default":null,"Extra":""},{"Field":"email","Type":"varchar(100)","Null":"NO","Key":"UNI","Default":null,"Extra":""},{"Field":"password","Type":"varchar(255)","Null":"NO","Key":"","Default":null,"Extra":""},{"Field":"role","Type":"enum('user','admin')","Null":"YES","Key":"","Default":"user","Extra":""},{"Field":"verification_code","Type":"varchar(100)","Null":"YES","Key":"","Default":null,"Extra":""},{"Field":"is_verified","Type":"tinyint(1)","Null":"YES","Key":"","Default":"0","Extra":""},{"Field":"created_at","Type":"timestamp","Null":"NO","Key":"","Default":"current_timestamp()","Extra":""},{"Field":"favorite_sport","Type":"varchar(50)","Null":"YES","Key":"","Default":null,"Extra":""},{"Field":"favorite_team","Type":"varchar(50)","Null":"YES","Key":"","Default":null,"Extra":""},{"Field":"account_type","Type":"enum('user','admin')","Null":"YES","Key":"","Default":"user","Extra":""}]
[23-Apr-2025 20:43:37 Europe/Berlin] Number of users in database: 13
[23-Apr-2025 20:43:37 Europe/Berlin] All tables initialized successfully
[23-Apr-2025 20:43:37 Europe/Berlin] Connected to database. Tables found: favorites, feedback, matches, matches_backup, matches_new, news, newsletter, notifications, players, subscriptions, users
[23-Apr-2025 20:43:37 Europe/Berlin] Executing SQL: CREATE TABLE IF NOT EXISTS users (
                id INT AUTO_INCREMENT PRIMARY KEY,
                username VARCHAR(50) NOT NULL UNIQUE,
                password VARCHAR(255) NOT NULL,
                email VARCHAR(100) NOT NULL UNIQUE,
                account_type ENUM('user', 'admin') DEFAULT 'user',
                created_at TIMESTAMP DEFAULT CURRENT_TIMESTAMP
            )
[23-Apr-2025 20:43:37 Europe/Berlin] With params: []
[23-Apr-2025 20:43:37 Europe/Berlin] Query executed successfully. Found 0 rows
[23-Apr-2025 20:43:37 Europe/Berlin] Users table created or already exists
[23-Apr-2025 20:43:37 Europe/Berlin] Users table structure: [{"Field":"id","Type":"int(11)","Null":"NO","Key":"PRI","Default":null,"Extra":"auto_increment"},{"Field":"username","Type":"varchar(50)","Null":"NO","Key":"","Default":null,"Extra":""},{"Field":"email","Type":"varchar(100)","Null":"NO","Key":"UNI","Default":null,"Extra":""},{"Field":"password","Type":"varchar(255)","Null":"NO","Key":"","Default":null,"Extra":""},{"Field":"role","Type":"enum('user','admin')","Null":"YES","Key":"","Default":"user","Extra":""},{"Field":"verification_code","Type":"varchar(100)","Null":"YES","Key":"","Default":null,"Extra":""},{"Field":"is_verified","Type":"tinyint(1)","Null":"YES","Key":"","Default":"0","Extra":""},{"Field":"created_at","Type":"timestamp","Null":"NO","Key":"","Default":"current_timestamp()","Extra":""},{"Field":"favorite_sport","Type":"varchar(50)","Null":"YES","Key":"","Default":null,"Extra":""},{"Field":"favorite_team","Type":"varchar(50)","Null":"YES","Key":"","Default":null,"Extra":""},{"Field":"account_type","Type":"enum('user','admin')","Null":"YES","Key":"","Default":"user","Extra":""}]
[23-Apr-2025 20:43:37 Europe/Berlin] Number of users in database: 13
[23-Apr-2025 20:43:37 Europe/Berlin] All tables initialized successfully
[23-Apr-2025 20:43:37 Europe/Berlin] Database tables initialized successfully
[23-Apr-2025 20:43:37 Europe/Berlin] Executing SQL: SELECT * FROM users WHERE id = :id
[23-Apr-2025 20:43:37 Europe/Berlin] With params: {":id":12}
[23-Apr-2025 20:43:37 Europe/Berlin] Query executed successfully. Found 1 rows
[23-Apr-2025 20:43:37 Europe/Berlin] User loaded from session: varunpndey
[23-Apr-2025 20:43:37 Europe/Berlin] Header - Session status: 2
[23-Apr-2025 20:43:37 Europe/Berlin] Header - Session data: {"user_id":12,"username":"varunpndey","email":"va@gmail.com","account_type":"admin"}
[23-Apr-2025 20:43:37 Europe/Berlin] Header - After session start - Status: 2
[23-Apr-2025 20:43:37 Europe/Berlin] Header - After session start - Data: {"user_id":12,"username":"varunpndey","email":"va@gmail.com","account_type":"admin"}
[23-Apr-2025 20:43:37 Europe/Berlin] Header - Is logged in: Yes
[23-Apr-2025 20:43:37 Europe/Berlin] Executing SQL: SELECT * FROM news ORDER BY created_at DESC LIMIT 5
[23-Apr-2025 20:43:37 Europe/Berlin] With params: []
[23-Apr-2025 20:43:37 Europe/Berlin] Query executed successfully. Found 5 rows
[23-Apr-2025 20:43:37 Europe/Berlin] Executing SQL: SELECT * FROM matches WHERE status = 'live'
[23-Apr-2025 20:43:37 Europe/Berlin] With params: []
[23-Apr-2025 20:43:37 Europe/Berlin] Query executed successfully. Found 1 rows
[23-Apr-2025 20:43:37 Europe/Berlin] Executing SQL: SELECT COUNT(*) as count FROM favorites 
                    WHERE user_id = :user_id AND match_id = :match_id
[23-Apr-2025 20:43:37 Europe/Berlin] With params: {":user_id":12,":match_id":42}
[23-Apr-2025 20:43:37 Europe/Berlin] Query executed successfully. Found 1 rows
[23-Apr-2025 20:45:51 Europe/Berlin] Connected to database. Tables found: favorites, feedback, matches, matches_backup, matches_new, news, newsletter, notifications, players, subscriptions, users
[23-Apr-2025 20:45:51 Europe/Berlin] Executing SQL: CREATE TABLE IF NOT EXISTS users (
                id INT AUTO_INCREMENT PRIMARY KEY,
                username VARCHAR(50) NOT NULL UNIQUE,
                password VARCHAR(255) NOT NULL,
                email VARCHAR(100) NOT NULL UNIQUE,
                account_type ENUM('user', 'admin') DEFAULT 'user',
                created_at TIMESTAMP DEFAULT CURRENT_TIMESTAMP
            )
[23-Apr-2025 20:45:51 Europe/Berlin] With params: []
[23-Apr-2025 20:45:51 Europe/Berlin] Query executed successfully. Found 0 rows
[23-Apr-2025 20:45:51 Europe/Berlin] Users table created or already exists
[23-Apr-2025 20:45:51 Europe/Berlin] Users table structure: [{"Field":"id","Type":"int(11)","Null":"NO","Key":"PRI","Default":null,"Extra":"auto_increment"},{"Field":"username","Type":"varchar(50)","Null":"NO","Key":"","Default":null,"Extra":""},{"Field":"email","Type":"varchar(100)","Null":"NO","Key":"UNI","Default":null,"Extra":""},{"Field":"password","Type":"varchar(255)","Null":"NO","Key":"","Default":null,"Extra":""},{"Field":"role","Type":"enum('user','admin')","Null":"YES","Key":"","Default":"user","Extra":""},{"Field":"verification_code","Type":"varchar(100)","Null":"YES","Key":"","Default":null,"Extra":""},{"Field":"is_verified","Type":"tinyint(1)","Null":"YES","Key":"","Default":"0","Extra":""},{"Field":"created_at","Type":"timestamp","Null":"NO","Key":"","Default":"current_timestamp()","Extra":""},{"Field":"favorite_sport","Type":"varchar(50)","Null":"YES","Key":"","Default":null,"Extra":""},{"Field":"favorite_team","Type":"varchar(50)","Null":"YES","Key":"","Default":null,"Extra":""},{"Field":"account_type","Type":"enum('user','admin')","Null":"YES","Key":"","Default":"user","Extra":""}]
[23-Apr-2025 20:45:51 Europe/Berlin] Number of users in database: 13
[23-Apr-2025 20:45:51 Europe/Berlin] All tables initialized successfully
[23-Apr-2025 20:45:51 Europe/Berlin] Connected to database. Tables found: favorites, feedback, matches, matches_backup, matches_new, news, newsletter, notifications, players, subscriptions, users
[23-Apr-2025 20:45:51 Europe/Berlin] Executing SQL: CREATE TABLE IF NOT EXISTS users (
                id INT AUTO_INCREMENT PRIMARY KEY,
                username VARCHAR(50) NOT NULL UNIQUE,
                password VARCHAR(255) NOT NULL,
                email VARCHAR(100) NOT NULL UNIQUE,
                account_type ENUM('user', 'admin') DEFAULT 'user',
                created_at TIMESTAMP DEFAULT CURRENT_TIMESTAMP
            )
[23-Apr-2025 20:45:51 Europe/Berlin] With params: []
[23-Apr-2025 20:45:51 Europe/Berlin] Query executed successfully. Found 0 rows
[23-Apr-2025 20:45:51 Europe/Berlin] Users table created or already exists
[23-Apr-2025 20:45:51 Europe/Berlin] Users table structure: [{"Field":"id","Type":"int(11)","Null":"NO","Key":"PRI","Default":null,"Extra":"auto_increment"},{"Field":"username","Type":"varchar(50)","Null":"NO","Key":"","Default":null,"Extra":""},{"Field":"email","Type":"varchar(100)","Null":"NO","Key":"UNI","Default":null,"Extra":""},{"Field":"password","Type":"varchar(255)","Null":"NO","Key":"","Default":null,"Extra":""},{"Field":"role","Type":"enum('user','admin')","Null":"YES","Key":"","Default":"user","Extra":""},{"Field":"verification_code","Type":"varchar(100)","Null":"YES","Key":"","Default":null,"Extra":""},{"Field":"is_verified","Type":"tinyint(1)","Null":"YES","Key":"","Default":"0","Extra":""},{"Field":"created_at","Type":"timestamp","Null":"NO","Key":"","Default":"current_timestamp()","Extra":""},{"Field":"favorite_sport","Type":"varchar(50)","Null":"YES","Key":"","Default":null,"Extra":""},{"Field":"favorite_team","Type":"varchar(50)","Null":"YES","Key":"","Default":null,"Extra":""},{"Field":"account_type","Type":"enum('user','admin')","Null":"YES","Key":"","Default":"user","Extra":""}]
[23-Apr-2025 20:45:51 Europe/Berlin] Number of users in database: 13
[23-Apr-2025 20:45:51 Europe/Berlin] All tables initialized successfully
[23-Apr-2025 20:45:51 Europe/Berlin] Database tables initialized successfully
[23-Apr-2025 20:45:51 Europe/Berlin] Executing SQL: SELECT * FROM users WHERE id = :id
[23-Apr-2025 20:45:51 Europe/Berlin] With params: {":id":12}
[23-Apr-2025 20:45:51 Europe/Berlin] Query executed successfully. Found 1 rows
[23-Apr-2025 20:45:51 Europe/Berlin] User loaded from session: varunpndey
[23-Apr-2025 20:45:51 Europe/Berlin] Header - Session status: 2
[23-Apr-2025 20:45:51 Europe/Berlin] Header - Session data: {"user_id":12,"username":"varunpndey","email":"va@gmail.com","account_type":"admin"}
[23-Apr-2025 20:45:51 Europe/Berlin] Header - After session start - Status: 2
[23-Apr-2025 20:45:51 Europe/Berlin] Header - After session start - Data: {"user_id":12,"username":"varunpndey","email":"va@gmail.com","account_type":"admin"}
[23-Apr-2025 20:45:51 Europe/Berlin] Header - Is logged in: Yes
[23-Apr-2025 20:45:51 Europe/Berlin] Executing SQL: SELECT * FROM news ORDER BY created_at DESC LIMIT 5
[23-Apr-2025 20:45:51 Europe/Berlin] With params: []
[23-Apr-2025 20:45:51 Europe/Berlin] Query executed successfully. Found 5 rows
[23-Apr-2025 20:45:51 Europe/Berlin] Executing SQL: SELECT * FROM matches WHERE status = 'live'
[23-Apr-2025 20:45:51 Europe/Berlin] With params: []
[23-Apr-2025 20:45:51 Europe/Berlin] Query executed successfully. Found 1 rows
[23-Apr-2025 20:45:51 Europe/Berlin] Executing SQL: SELECT COUNT(*) as count FROM favorites 
                    WHERE user_id = :user_id AND match_id = :match_id
[23-Apr-2025 20:45:51 Europe/Berlin] With params: {":user_id":12,":match_id":42}
[23-Apr-2025 20:45:51 Europe/Berlin] Query executed successfully. Found 1 rows
[23-Apr-2025 20:45:55 Europe/Berlin] Connected to database. Tables found: favorites, feedback, matches, matches_backup, matches_new, news, newsletter, notifications, players, subscriptions, users
[23-Apr-2025 20:45:55 Europe/Berlin] Executing SQL: CREATE TABLE IF NOT EXISTS users (
                id INT AUTO_INCREMENT PRIMARY KEY,
                username VARCHAR(50) NOT NULL UNIQUE,
                password VARCHAR(255) NOT NULL,
                email VARCHAR(100) NOT NULL UNIQUE,
                account_type ENUM('user', 'admin') DEFAULT 'user',
                created_at TIMESTAMP DEFAULT CURRENT_TIMESTAMP
            )
[23-Apr-2025 20:45:55 Europe/Berlin] With params: []
[23-Apr-2025 20:45:55 Europe/Berlin] Query executed successfully. Found 0 rows
[23-Apr-2025 20:45:55 Europe/Berlin] Users table created or already exists
[23-Apr-2025 20:45:55 Europe/Berlin] Users table structure: [{"Field":"id","Type":"int(11)","Null":"NO","Key":"PRI","Default":null,"Extra":"auto_increment"},{"Field":"username","Type":"varchar(50)","Null":"NO","Key":"","Default":null,"Extra":""},{"Field":"email","Type":"varchar(100)","Null":"NO","Key":"UNI","Default":null,"Extra":""},{"Field":"password","Type":"varchar(255)","Null":"NO","Key":"","Default":null,"Extra":""},{"Field":"role","Type":"enum('user','admin')","Null":"YES","Key":"","Default":"user","Extra":""},{"Field":"verification_code","Type":"varchar(100)","Null":"YES","Key":"","Default":null,"Extra":""},{"Field":"is_verified","Type":"tinyint(1)","Null":"YES","Key":"","Default":"0","Extra":""},{"Field":"created_at","Type":"timestamp","Null":"NO","Key":"","Default":"current_timestamp()","Extra":""},{"Field":"favorite_sport","Type":"varchar(50)","Null":"YES","Key":"","Default":null,"Extra":""},{"Field":"favorite_team","Type":"varchar(50)","Null":"YES","Key":"","Default":null,"Extra":""},{"Field":"account_type","Type":"enum('user','admin')","Null":"YES","Key":"","Default":"user","Extra":""}]
[23-Apr-2025 20:45:55 Europe/Berlin] Number of users in database: 13
[23-Apr-2025 20:45:55 Europe/Berlin] All tables initialized successfully
[23-Apr-2025 20:45:55 Europe/Berlin] Connected to database. Tables found: favorites, feedback, matches, matches_backup, matches_new, news, newsletter, notifications, players, subscriptions, users
[23-Apr-2025 20:45:55 Europe/Berlin] Executing SQL: CREATE TABLE IF NOT EXISTS users (
                id INT AUTO_INCREMENT PRIMARY KEY,
                username VARCHAR(50) NOT NULL UNIQUE,
                password VARCHAR(255) NOT NULL,
                email VARCHAR(100) NOT NULL UNIQUE,
                account_type ENUM('user', 'admin') DEFAULT 'user',
                created_at TIMESTAMP DEFAULT CURRENT_TIMESTAMP
            )
[23-Apr-2025 20:45:55 Europe/Berlin] With params: []
[23-Apr-2025 20:45:55 Europe/Berlin] Query executed successfully. Found 0 rows
[23-Apr-2025 20:45:55 Europe/Berlin] Users table created or already exists
[23-Apr-2025 20:45:55 Europe/Berlin] Users table structure: [{"Field":"id","Type":"int(11)","Null":"NO","Key":"PRI","Default":null,"Extra":"auto_increment"},{"Field":"username","Type":"varchar(50)","Null":"NO","Key":"","Default":null,"Extra":""},{"Field":"email","Type":"varchar(100)","Null":"NO","Key":"UNI","Default":null,"Extra":""},{"Field":"password","Type":"varchar(255)","Null":"NO","Key":"","Default":null,"Extra":""},{"Field":"role","Type":"enum('user','admin')","Null":"YES","Key":"","Default":"user","Extra":""},{"Field":"verification_code","Type":"varchar(100)","Null":"YES","Key":"","Default":null,"Extra":""},{"Field":"is_verified","Type":"tinyint(1)","Null":"YES","Key":"","Default":"0","Extra":""},{"Field":"created_at","Type":"timestamp","Null":"NO","Key":"","Default":"current_timestamp()","Extra":""},{"Field":"favorite_sport","Type":"varchar(50)","Null":"YES","Key":"","Default":null,"Extra":""},{"Field":"favorite_team","Type":"varchar(50)","Null":"YES","Key":"","Default":null,"Extra":""},{"Field":"account_type","Type":"enum('user','admin')","Null":"YES","Key":"","Default":"user","Extra":""}]
[23-Apr-2025 20:45:55 Europe/Berlin] Number of users in database: 13
[23-Apr-2025 20:45:55 Europe/Berlin] All tables initialized successfully
[23-Apr-2025 20:45:55 Europe/Berlin] Database tables initialized successfully
[23-Apr-2025 20:45:55 Europe/Berlin] Executing SQL: SELECT * FROM users WHERE id = :id
[23-Apr-2025 20:45:55 Europe/Berlin] With params: {":id":12}
[23-Apr-2025 20:45:55 Europe/Berlin] Query executed successfully. Found 1 rows
[23-Apr-2025 20:45:55 Europe/Berlin] User loaded from session: varunpndey
[23-Apr-2025 20:45:59 Europe/Berlin] Connected to database. Tables found: favorites, feedback, matches, matches_backup, matches_new, news, newsletter, notifications, players, subscriptions, users
[23-Apr-2025 20:45:59 Europe/Berlin] Executing SQL: CREATE TABLE IF NOT EXISTS users (
                id INT AUTO_INCREMENT PRIMARY KEY,
                username VARCHAR(50) NOT NULL UNIQUE,
                password VARCHAR(255) NOT NULL,
                email VARCHAR(100) NOT NULL UNIQUE,
                account_type ENUM('user', 'admin') DEFAULT 'user',
                created_at TIMESTAMP DEFAULT CURRENT_TIMESTAMP
            )
[23-Apr-2025 20:45:59 Europe/Berlin] With params: []
[23-Apr-2025 20:45:59 Europe/Berlin] Query executed successfully. Found 0 rows
[23-Apr-2025 20:45:59 Europe/Berlin] Users table created or already exists
[23-Apr-2025 20:45:59 Europe/Berlin] Users table structure: [{"Field":"id","Type":"int(11)","Null":"NO","Key":"PRI","Default":null,"Extra":"auto_increment"},{"Field":"username","Type":"varchar(50)","Null":"NO","Key":"","Default":null,"Extra":""},{"Field":"email","Type":"varchar(100)","Null":"NO","Key":"UNI","Default":null,"Extra":""},{"Field":"password","Type":"varchar(255)","Null":"NO","Key":"","Default":null,"Extra":""},{"Field":"role","Type":"enum('user','admin')","Null":"YES","Key":"","Default":"user","Extra":""},{"Field":"verification_code","Type":"varchar(100)","Null":"YES","Key":"","Default":null,"Extra":""},{"Field":"is_verified","Type":"tinyint(1)","Null":"YES","Key":"","Default":"0","Extra":""},{"Field":"created_at","Type":"timestamp","Null":"NO","Key":"","Default":"current_timestamp()","Extra":""},{"Field":"favorite_sport","Type":"varchar(50)","Null":"YES","Key":"","Default":null,"Extra":""},{"Field":"favorite_team","Type":"varchar(50)","Null":"YES","Key":"","Default":null,"Extra":""},{"Field":"account_type","Type":"enum('user','admin')","Null":"YES","Key":"","Default":"user","Extra":""}]
[23-Apr-2025 20:45:59 Europe/Berlin] Number of users in database: 13
[23-Apr-2025 20:45:59 Europe/Berlin] All tables initialized successfully
[23-Apr-2025 20:45:59 Europe/Berlin] Connected to database. Tables found: favorites, feedback, matches, matches_backup, matches_new, news, newsletter, notifications, players, subscriptions, users
[23-Apr-2025 20:45:59 Europe/Berlin] Executing SQL: CREATE TABLE IF NOT EXISTS users (
                id INT AUTO_INCREMENT PRIMARY KEY,
                username VARCHAR(50) NOT NULL UNIQUE,
                password VARCHAR(255) NOT NULL,
                email VARCHAR(100) NOT NULL UNIQUE,
                account_type ENUM('user', 'admin') DEFAULT 'user',
                created_at TIMESTAMP DEFAULT CURRENT_TIMESTAMP
            )
[23-Apr-2025 20:45:59 Europe/Berlin] With params: []
[23-Apr-2025 20:45:59 Europe/Berlin] Query executed successfully. Found 0 rows
[23-Apr-2025 20:45:59 Europe/Berlin] Users table created or already exists
[23-Apr-2025 20:45:59 Europe/Berlin] Users table structure: [{"Field":"id","Type":"int(11)","Null":"NO","Key":"PRI","Default":null,"Extra":"auto_increment"},{"Field":"username","Type":"varchar(50)","Null":"NO","Key":"","Default":null,"Extra":""},{"Field":"email","Type":"varchar(100)","Null":"NO","Key":"UNI","Default":null,"Extra":""},{"Field":"password","Type":"varchar(255)","Null":"NO","Key":"","Default":null,"Extra":""},{"Field":"role","Type":"enum('user','admin')","Null":"YES","Key":"","Default":"user","Extra":""},{"Field":"verification_code","Type":"varchar(100)","Null":"YES","Key":"","Default":null,"Extra":""},{"Field":"is_verified","Type":"tinyint(1)","Null":"YES","Key":"","Default":"0","Extra":""},{"Field":"created_at","Type":"timestamp","Null":"NO","Key":"","Default":"current_timestamp()","Extra":""},{"Field":"favorite_sport","Type":"varchar(50)","Null":"YES","Key":"","Default":null,"Extra":""},{"Field":"favorite_team","Type":"varchar(50)","Null":"YES","Key":"","Default":null,"Extra":""},{"Field":"account_type","Type":"enum('user','admin')","Null":"YES","Key":"","Default":"user","Extra":""}]
[23-Apr-2025 20:45:59 Europe/Berlin] Number of users in database: 13
[23-Apr-2025 20:45:59 Europe/Berlin] All tables initialized successfully
[23-Apr-2025 20:45:59 Europe/Berlin] Database tables initialized successfully
[23-Apr-2025 20:45:59 Europe/Berlin] Executing SQL: SELECT * FROM users WHERE id = :id
[23-Apr-2025 20:45:59 Europe/Berlin] With params: {":id":12}
[23-Apr-2025 20:45:59 Europe/Berlin] Query executed successfully. Found 1 rows
[23-Apr-2025 20:45:59 Europe/Berlin] User loaded from session: varunpndey
[23-Apr-2025 20:45:59 Europe/Berlin] PHP Warning:  Undefined array key "subscribe_email" in /Applications/XAMPP/xamppfiles/htdocs/sportsync/public/index.php on line 13
[23-Apr-2025 20:45:59 Europe/Berlin] Database error in subscribeNewsletter: SQLSTATE[23000]: Integrity constraint violation: 1048 Column 'email' cannot be null
[23-Apr-2025 20:45:59 Europe/Berlin] Header - Session status: 2
[23-Apr-2025 20:45:59 Europe/Berlin] Header - Session data: {"user_id":12,"username":"varunpndey","email":"va@gmail.com","account_type":"admin"}
[23-Apr-2025 20:45:59 Europe/Berlin] Header - After session start - Status: 2
[23-Apr-2025 20:45:59 Europe/Berlin] Header - After session start - Data: {"user_id":12,"username":"varunpndey","email":"va@gmail.com","account_type":"admin"}
[23-Apr-2025 20:45:59 Europe/Berlin] Header - Is logged in: Yes
[23-Apr-2025 20:45:59 Europe/Berlin] Executing SQL: SELECT * FROM news ORDER BY created_at DESC LIMIT 5
[23-Apr-2025 20:45:59 Europe/Berlin] With params: []
[23-Apr-2025 20:45:59 Europe/Berlin] Query executed successfully. Found 5 rows
[23-Apr-2025 20:45:59 Europe/Berlin] Executing SQL: SELECT * FROM matches WHERE status = 'live'
[23-Apr-2025 20:45:59 Europe/Berlin] With params: []
[23-Apr-2025 20:45:59 Europe/Berlin] Query executed successfully. Found 1 rows
[23-Apr-2025 20:45:59 Europe/Berlin] Executing SQL: SELECT COUNT(*) as count FROM favorites 
                    WHERE user_id = :user_id AND match_id = :match_id
[23-Apr-2025 20:45:59 Europe/Berlin] With params: {":user_id":12,":match_id":42}
[23-Apr-2025 20:45:59 Europe/Berlin] Query executed successfully. Found 1 rows
[23-Apr-2025 20:45:59 Europe/Berlin] Newsletter form submitted with email: varunpndey@outlook.com
[23-Apr-2025 20:45:59 Europe/Berlin] Successfully added subscription for: varunpndey@outlook.com
[23-Apr-2025 20:46:05 Europe/Berlin] Email sent successfully to: varunpndey@outlook.com
[23-Apr-2025 20:46:05 Europe/Berlin] Connected to database. Tables found: favorites, feedback, matches, matches_backup, matches_new, news, newsletter, notifications, players, subscriptions, users
[23-Apr-2025 20:46:05 Europe/Berlin] Executing SQL: CREATE TABLE IF NOT EXISTS users (
                id INT AUTO_INCREMENT PRIMARY KEY,
                username VARCHAR(50) NOT NULL UNIQUE,
                password VARCHAR(255) NOT NULL,
                email VARCHAR(100) NOT NULL UNIQUE,
                account_type ENUM('user', 'admin') DEFAULT 'user',
                created_at TIMESTAMP DEFAULT CURRENT_TIMESTAMP
            )
[23-Apr-2025 20:46:05 Europe/Berlin] With params: []
[23-Apr-2025 20:46:05 Europe/Berlin] Query executed successfully. Found 0 rows
[23-Apr-2025 20:46:05 Europe/Berlin] Users table created or already exists
[23-Apr-2025 20:46:05 Europe/Berlin] Users table structure: [{"Field":"id","Type":"int(11)","Null":"NO","Key":"PRI","Default":null,"Extra":"auto_increment"},{"Field":"username","Type":"varchar(50)","Null":"NO","Key":"","Default":null,"Extra":""},{"Field":"email","Type":"varchar(100)","Null":"NO","Key":"UNI","Default":null,"Extra":""},{"Field":"password","Type":"varchar(255)","Null":"NO","Key":"","Default":null,"Extra":""},{"Field":"role","Type":"enum('user','admin')","Null":"YES","Key":"","Default":"user","Extra":""},{"Field":"verification_code","Type":"varchar(100)","Null":"YES","Key":"","Default":null,"Extra":""},{"Field":"is_verified","Type":"tinyint(1)","Null":"YES","Key":"","Default":"0","Extra":""},{"Field":"created_at","Type":"timestamp","Null":"NO","Key":"","Default":"current_timestamp()","Extra":""},{"Field":"favorite_sport","Type":"varchar(50)","Null":"YES","Key":"","Default":null,"Extra":""},{"Field":"favorite_team","Type":"varchar(50)","Null":"YES","Key":"","Default":null,"Extra":""},{"Field":"account_type","Type":"enum('user','admin')","Null":"YES","Key":"","Default":"user","Extra":""}]
[23-Apr-2025 20:46:05 Europe/Berlin] Number of users in database: 13
[23-Apr-2025 20:46:05 Europe/Berlin] All tables initialized successfully
[23-Apr-2025 20:46:05 Europe/Berlin] Connected to database. Tables found: favorites, feedback, matches, matches_backup, matches_new, news, newsletter, notifications, players, subscriptions, users
[23-Apr-2025 20:46:05 Europe/Berlin] Executing SQL: CREATE TABLE IF NOT EXISTS users (
                id INT AUTO_INCREMENT PRIMARY KEY,
                username VARCHAR(50) NOT NULL UNIQUE,
                password VARCHAR(255) NOT NULL,
                email VARCHAR(100) NOT NULL UNIQUE,
                account_type ENUM('user', 'admin') DEFAULT 'user',
                created_at TIMESTAMP DEFAULT CURRENT_TIMESTAMP
            )
[23-Apr-2025 20:46:05 Europe/Berlin] With params: []
[23-Apr-2025 20:46:05 Europe/Berlin] Query executed successfully. Found 0 rows
[23-Apr-2025 20:46:05 Europe/Berlin] Users table created or already exists
[23-Apr-2025 20:46:05 Europe/Berlin] Users table structure: [{"Field":"id","Type":"int(11)","Null":"NO","Key":"PRI","Default":null,"Extra":"auto_increment"},{"Field":"username","Type":"varchar(50)","Null":"NO","Key":"","Default":null,"Extra":""},{"Field":"email","Type":"varchar(100)","Null":"NO","Key":"UNI","Default":null,"Extra":""},{"Field":"password","Type":"varchar(255)","Null":"NO","Key":"","Default":null,"Extra":""},{"Field":"role","Type":"enum('user','admin')","Null":"YES","Key":"","Default":"user","Extra":""},{"Field":"verification_code","Type":"varchar(100)","Null":"YES","Key":"","Default":null,"Extra":""},{"Field":"is_verified","Type":"tinyint(1)","Null":"YES","Key":"","Default":"0","Extra":""},{"Field":"created_at","Type":"timestamp","Null":"NO","Key":"","Default":"current_timestamp()","Extra":""},{"Field":"favorite_sport","Type":"varchar(50)","Null":"YES","Key":"","Default":null,"Extra":""},{"Field":"favorite_team","Type":"varchar(50)","Null":"YES","Key":"","Default":null,"Extra":""},{"Field":"account_type","Type":"enum('user','admin')","Null":"YES","Key":"","Default":"user","Extra":""}]
[23-Apr-2025 20:46:05 Europe/Berlin] Number of users in database: 13
[23-Apr-2025 20:46:05 Europe/Berlin] All tables initialized successfully
[23-Apr-2025 20:46:05 Europe/Berlin] Database tables initialized successfully
[23-Apr-2025 20:46:05 Europe/Berlin] Executing SQL: SELECT * FROM users WHERE id = :id
[23-Apr-2025 20:46:05 Europe/Berlin] With params: {":id":12}
[23-Apr-2025 20:46:05 Europe/Berlin] Query executed successfully. Found 1 rows
[23-Apr-2025 20:46:05 Europe/Berlin] User loaded from session: varunpndey
[23-Apr-2025 20:46:05 Europe/Berlin] Header - Session status: 2
[23-Apr-2025 20:46:05 Europe/Berlin] Header - Session data: {"user_id":12,"username":"varunpndey","email":"va@gmail.com","account_type":"admin","success_message":"Thank you for subscribing! We've sent a confirmation email."}
[23-Apr-2025 20:46:05 Europe/Berlin] Header - After session start - Status: 2
[23-Apr-2025 20:46:05 Europe/Berlin] Header - After session start - Data: {"user_id":12,"username":"varunpndey","email":"va@gmail.com","account_type":"admin","success_message":"Thank you for subscribing! We've sent a confirmation email."}
[23-Apr-2025 20:46:05 Europe/Berlin] Header - Is logged in: Yes
[23-Apr-2025 20:46:05 Europe/Berlin] Executing SQL: SELECT * FROM news ORDER BY created_at DESC LIMIT 5
[23-Apr-2025 20:46:05 Europe/Berlin] With params: []
[23-Apr-2025 20:46:05 Europe/Berlin] Query executed successfully. Found 5 rows
[23-Apr-2025 20:46:05 Europe/Berlin] Executing SQL: SELECT * FROM matches WHERE status = 'live'
[23-Apr-2025 20:46:05 Europe/Berlin] With params: []
[23-Apr-2025 20:46:05 Europe/Berlin] Query executed successfully. Found 1 rows
[23-Apr-2025 20:46:05 Europe/Berlin] Executing SQL: SELECT COUNT(*) as count FROM favorites 
                    WHERE user_id = :user_id AND match_id = :match_id
[23-Apr-2025 20:46:05 Europe/Berlin] With params: {":user_id":12,":match_id":42}
[23-Apr-2025 20:46:05 Europe/Berlin] Query executed successfully. Found 1 rows
[23-Apr-2025 20:47:10 Europe/Berlin] Connected to database. Tables found: favorites, feedback, matches, matches_backup, matches_new, news, newsletter, notifications, players, subscriptions, users
[23-Apr-2025 20:47:10 Europe/Berlin] Executing SQL: CREATE TABLE IF NOT EXISTS users (
                id INT AUTO_INCREMENT PRIMARY KEY,
                username VARCHAR(50) NOT NULL UNIQUE,
                password VARCHAR(255) NOT NULL,
                email VARCHAR(100) NOT NULL UNIQUE,
                account_type ENUM('user', 'admin') DEFAULT 'user',
                created_at TIMESTAMP DEFAULT CURRENT_TIMESTAMP
            )
[23-Apr-2025 20:47:10 Europe/Berlin] With params: []
[23-Apr-2025 20:47:10 Europe/Berlin] Query executed successfully. Found 0 rows
[23-Apr-2025 20:47:10 Europe/Berlin] Users table created or already exists
[23-Apr-2025 20:47:10 Europe/Berlin] Users table structure: [{"Field":"id","Type":"int(11)","Null":"NO","Key":"PRI","Default":null,"Extra":"auto_increment"},{"Field":"username","Type":"varchar(50)","Null":"NO","Key":"","Default":null,"Extra":""},{"Field":"email","Type":"varchar(100)","Null":"NO","Key":"UNI","Default":null,"Extra":""},{"Field":"password","Type":"varchar(255)","Null":"NO","Key":"","Default":null,"Extra":""},{"Field":"role","Type":"enum('user','admin')","Null":"YES","Key":"","Default":"user","Extra":""},{"Field":"verification_code","Type":"varchar(100)","Null":"YES","Key":"","Default":null,"Extra":""},{"Field":"is_verified","Type":"tinyint(1)","Null":"YES","Key":"","Default":"0","Extra":""},{"Field":"created_at","Type":"timestamp","Null":"NO","Key":"","Default":"current_timestamp()","Extra":""},{"Field":"favorite_sport","Type":"varchar(50)","Null":"YES","Key":"","Default":null,"Extra":""},{"Field":"favorite_team","Type":"varchar(50)","Null":"YES","Key":"","Default":null,"Extra":""},{"Field":"account_type","Type":"enum('user','admin')","Null":"YES","Key":"","Default":"user","Extra":""}]
[23-Apr-2025 20:47:10 Europe/Berlin] Number of users in database: 13
[23-Apr-2025 20:47:10 Europe/Berlin] All tables initialized successfully
[23-Apr-2025 20:47:10 Europe/Berlin] Connected to database. Tables found: favorites, feedback, matches, matches_backup, matches_new, news, newsletter, notifications, players, subscriptions, users
[23-Apr-2025 20:47:10 Europe/Berlin] Executing SQL: CREATE TABLE IF NOT EXISTS users (
                id INT AUTO_INCREMENT PRIMARY KEY,
                username VARCHAR(50) NOT NULL UNIQUE,
                password VARCHAR(255) NOT NULL,
                email VARCHAR(100) NOT NULL UNIQUE,
                account_type ENUM('user', 'admin') DEFAULT 'user',
                created_at TIMESTAMP DEFAULT CURRENT_TIMESTAMP
            )
[23-Apr-2025 20:47:10 Europe/Berlin] With params: []
[23-Apr-2025 20:47:10 Europe/Berlin] Query executed successfully. Found 0 rows
[23-Apr-2025 20:47:10 Europe/Berlin] Users table created or already exists
[23-Apr-2025 20:47:10 Europe/Berlin] Users table structure: [{"Field":"id","Type":"int(11)","Null":"NO","Key":"PRI","Default":null,"Extra":"auto_increment"},{"Field":"username","Type":"varchar(50)","Null":"NO","Key":"","Default":null,"Extra":""},{"Field":"email","Type":"varchar(100)","Null":"NO","Key":"UNI","Default":null,"Extra":""},{"Field":"password","Type":"varchar(255)","Null":"NO","Key":"","Default":null,"Extra":""},{"Field":"role","Type":"enum('user','admin')","Null":"YES","Key":"","Default":"user","Extra":""},{"Field":"verification_code","Type":"varchar(100)","Null":"YES","Key":"","Default":null,"Extra":""},{"Field":"is_verified","Type":"tinyint(1)","Null":"YES","Key":"","Default":"0","Extra":""},{"Field":"created_at","Type":"timestamp","Null":"NO","Key":"","Default":"current_timestamp()","Extra":""},{"Field":"favorite_sport","Type":"varchar(50)","Null":"YES","Key":"","Default":null,"Extra":""},{"Field":"favorite_team","Type":"varchar(50)","Null":"YES","Key":"","Default":null,"Extra":""},{"Field":"account_type","Type":"enum('user','admin')","Null":"YES","Key":"","Default":"user","Extra":""}]
[23-Apr-2025 20:47:10 Europe/Berlin] Number of users in database: 13
[23-Apr-2025 20:47:10 Europe/Berlin] All tables initialized successfully
[23-Apr-2025 20:47:10 Europe/Berlin] Database tables initialized successfully
[23-Apr-2025 20:47:10 Europe/Berlin] Executing SQL: SELECT * FROM users WHERE id = :id
[23-Apr-2025 20:47:10 Europe/Berlin] With params: {":id":12}
[23-Apr-2025 20:47:10 Europe/Berlin] Query executed successfully. Found 1 rows
[23-Apr-2025 20:47:10 Europe/Berlin] User loaded from session: varunpndey
[23-Apr-2025 20:52:59 Europe/Berlin] Connected to database. Tables found: favorites, feedback, matches, matches_backup, matches_new, news, newsletter, notifications, players, subscriptions, users
[23-Apr-2025 20:52:59 Europe/Berlin] Executing SQL: CREATE TABLE IF NOT EXISTS users (
                id INT AUTO_INCREMENT PRIMARY KEY,
                username VARCHAR(50) NOT NULL UNIQUE,
                password VARCHAR(255) NOT NULL,
                email VARCHAR(100) NOT NULL UNIQUE,
                account_type ENUM('user', 'admin') DEFAULT 'user',
                created_at TIMESTAMP DEFAULT CURRENT_TIMESTAMP
            )
[23-Apr-2025 20:52:59 Europe/Berlin] With params: []
[23-Apr-2025 20:52:59 Europe/Berlin] Query executed successfully. Found 0 rows
[23-Apr-2025 20:52:59 Europe/Berlin] Users table created or already exists
[23-Apr-2025 20:52:59 Europe/Berlin] Users table structure: [{"Field":"id","Type":"int(11)","Null":"NO","Key":"PRI","Default":null,"Extra":"auto_increment"},{"Field":"username","Type":"varchar(50)","Null":"NO","Key":"","Default":null,"Extra":""},{"Field":"email","Type":"varchar(100)","Null":"NO","Key":"UNI","Default":null,"Extra":""},{"Field":"password","Type":"varchar(255)","Null":"NO","Key":"","Default":null,"Extra":""},{"Field":"role","Type":"enum('user','admin')","Null":"YES","Key":"","Default":"user","Extra":""},{"Field":"verification_code","Type":"varchar(100)","Null":"YES","Key":"","Default":null,"Extra":""},{"Field":"is_verified","Type":"tinyint(1)","Null":"YES","Key":"","Default":"0","Extra":""},{"Field":"created_at","Type":"timestamp","Null":"NO","Key":"","Default":"current_timestamp()","Extra":""},{"Field":"favorite_sport","Type":"varchar(50)","Null":"YES","Key":"","Default":null,"Extra":""},{"Field":"favorite_team","Type":"varchar(50)","Null":"YES","Key":"","Default":null,"Extra":""},{"Field":"account_type","Type":"enum('user','admin')","Null":"YES","Key":"","Default":"user","Extra":""}]
[23-Apr-2025 20:52:59 Europe/Berlin] Number of users in database: 13
[23-Apr-2025 20:52:59 Europe/Berlin] All tables initialized successfully
[23-Apr-2025 20:52:59 Europe/Berlin] Connected to database. Tables found: favorites, feedback, matches, matches_backup, matches_new, news, newsletter, notifications, players, subscriptions, users
[23-Apr-2025 20:52:59 Europe/Berlin] Executing SQL: CREATE TABLE IF NOT EXISTS users (
                id INT AUTO_INCREMENT PRIMARY KEY,
                username VARCHAR(50) NOT NULL UNIQUE,
                password VARCHAR(255) NOT NULL,
                email VARCHAR(100) NOT NULL UNIQUE,
                account_type ENUM('user', 'admin') DEFAULT 'user',
                created_at TIMESTAMP DEFAULT CURRENT_TIMESTAMP
            )
[23-Apr-2025 20:52:59 Europe/Berlin] With params: []
[23-Apr-2025 20:52:59 Europe/Berlin] Query executed successfully. Found 0 rows
[23-Apr-2025 20:52:59 Europe/Berlin] Users table created or already exists
[23-Apr-2025 20:52:59 Europe/Berlin] Users table structure: [{"Field":"id","Type":"int(11)","Null":"NO","Key":"PRI","Default":null,"Extra":"auto_increment"},{"Field":"username","Type":"varchar(50)","Null":"NO","Key":"","Default":null,"Extra":""},{"Field":"email","Type":"varchar(100)","Null":"NO","Key":"UNI","Default":null,"Extra":""},{"Field":"password","Type":"varchar(255)","Null":"NO","Key":"","Default":null,"Extra":""},{"Field":"role","Type":"enum('user','admin')","Null":"YES","Key":"","Default":"user","Extra":""},{"Field":"verification_code","Type":"varchar(100)","Null":"YES","Key":"","Default":null,"Extra":""},{"Field":"is_verified","Type":"tinyint(1)","Null":"YES","Key":"","Default":"0","Extra":""},{"Field":"created_at","Type":"timestamp","Null":"NO","Key":"","Default":"current_timestamp()","Extra":""},{"Field":"favorite_sport","Type":"varchar(50)","Null":"YES","Key":"","Default":null,"Extra":""},{"Field":"favorite_team","Type":"varchar(50)","Null":"YES","Key":"","Default":null,"Extra":""},{"Field":"account_type","Type":"enum('user','admin')","Null":"YES","Key":"","Default":"user","Extra":""}]
[23-Apr-2025 20:52:59 Europe/Berlin] Number of users in database: 13
[23-Apr-2025 20:52:59 Europe/Berlin] All tables initialized successfully
[23-Apr-2025 20:52:59 Europe/Berlin] Database tables initialized successfully
[23-Apr-2025 20:52:59 Europe/Berlin] Executing SQL: SELECT * FROM users WHERE id = :id
[23-Apr-2025 20:52:59 Europe/Berlin] With params: {":id":12}
[23-Apr-2025 20:52:59 Europe/Berlin] Query executed successfully. Found 1 rows
[23-Apr-2025 20:52:59 Europe/Berlin] User loaded from session: varunpndey
[23-Apr-2025 20:52:59 Europe/Berlin] Header - Session status: 2
[23-Apr-2025 20:52:59 Europe/Berlin] Header - Session data: {"user_id":12,"username":"varunpndey","email":"va@gmail.com","account_type":"admin"}
[23-Apr-2025 20:52:59 Europe/Berlin] Header - After session start - Status: 2
[23-Apr-2025 20:52:59 Europe/Berlin] Header - After session start - Data: {"user_id":12,"username":"varunpndey","email":"va@gmail.com","account_type":"admin"}
[23-Apr-2025 20:52:59 Europe/Berlin] Header - Is logged in: Yes
[23-Apr-2025 20:52:59 Europe/Berlin] Executing SQL: SELECT * FROM news ORDER BY created_at DESC LIMIT 5
[23-Apr-2025 20:52:59 Europe/Berlin] With params: []
[23-Apr-2025 20:52:59 Europe/Berlin] Query executed successfully. Found 5 rows
[23-Apr-2025 20:52:59 Europe/Berlin] Executing SQL: SELECT * FROM matches WHERE status = 'live'
[23-Apr-2025 20:52:59 Europe/Berlin] With params: []
[23-Apr-2025 20:52:59 Europe/Berlin] Query executed successfully. Found 1 rows
[23-Apr-2025 20:52:59 Europe/Berlin] Executing SQL: SELECT COUNT(*) as count FROM favorites 
                    WHERE user_id = :user_id AND match_id = :match_id
[23-Apr-2025 20:52:59 Europe/Berlin] With params: {":user_id":12,":match_id":42}
[23-Apr-2025 20:52:59 Europe/Berlin] Query executed successfully. Found 1 rows
[23-Apr-2025 20:53:00 Europe/Berlin] Connected to database. Tables found: favorites, feedback, matches, matches_backup, matches_new, news, newsletter, notifications, players, subscriptions, users
[23-Apr-2025 20:53:00 Europe/Berlin] Executing SQL: CREATE TABLE IF NOT EXISTS users (
                id INT AUTO_INCREMENT PRIMARY KEY,
                username VARCHAR(50) NOT NULL UNIQUE,
                password VARCHAR(255) NOT NULL,
                email VARCHAR(100) NOT NULL UNIQUE,
                account_type ENUM('user', 'admin') DEFAULT 'user',
                created_at TIMESTAMP DEFAULT CURRENT_TIMESTAMP
            )
[23-Apr-2025 20:53:00 Europe/Berlin] With params: []
[23-Apr-2025 20:53:00 Europe/Berlin] Query executed successfully. Found 0 rows
[23-Apr-2025 20:53:00 Europe/Berlin] Users table created or already exists
[23-Apr-2025 20:53:00 Europe/Berlin] Users table structure: [{"Field":"id","Type":"int(11)","Null":"NO","Key":"PRI","Default":null,"Extra":"auto_increment"},{"Field":"username","Type":"varchar(50)","Null":"NO","Key":"","Default":null,"Extra":""},{"Field":"email","Type":"varchar(100)","Null":"NO","Key":"UNI","Default":null,"Extra":""},{"Field":"password","Type":"varchar(255)","Null":"NO","Key":"","Default":null,"Extra":""},{"Field":"role","Type":"enum('user','admin')","Null":"YES","Key":"","Default":"user","Extra":""},{"Field":"verification_code","Type":"varchar(100)","Null":"YES","Key":"","Default":null,"Extra":""},{"Field":"is_verified","Type":"tinyint(1)","Null":"YES","Key":"","Default":"0","Extra":""},{"Field":"created_at","Type":"timestamp","Null":"NO","Key":"","Default":"current_timestamp()","Extra":""},{"Field":"favorite_sport","Type":"varchar(50)","Null":"YES","Key":"","Default":null,"Extra":""},{"Field":"favorite_team","Type":"varchar(50)","Null":"YES","Key":"","Default":null,"Extra":""},{"Field":"account_type","Type":"enum('user','admin')","Null":"YES","Key":"","Default":"user","Extra":""}]
[23-Apr-2025 20:53:00 Europe/Berlin] Number of users in database: 13
[23-Apr-2025 20:53:00 Europe/Berlin] All tables initialized successfully
[23-Apr-2025 20:53:00 Europe/Berlin] Connected to database. Tables found: favorites, feedback, matches, matches_backup, matches_new, news, newsletter, notifications, players, subscriptions, users
[23-Apr-2025 20:53:00 Europe/Berlin] Executing SQL: CREATE TABLE IF NOT EXISTS users (
                id INT AUTO_INCREMENT PRIMARY KEY,
                username VARCHAR(50) NOT NULL UNIQUE,
                password VARCHAR(255) NOT NULL,
                email VARCHAR(100) NOT NULL UNIQUE,
                account_type ENUM('user', 'admin') DEFAULT 'user',
                created_at TIMESTAMP DEFAULT CURRENT_TIMESTAMP
            )
[23-Apr-2025 20:53:00 Europe/Berlin] With params: []
[23-Apr-2025 20:53:00 Europe/Berlin] Query executed successfully. Found 0 rows
[23-Apr-2025 20:53:00 Europe/Berlin] Users table created or already exists
[23-Apr-2025 20:53:00 Europe/Berlin] Users table structure: [{"Field":"id","Type":"int(11)","Null":"NO","Key":"PRI","Default":null,"Extra":"auto_increment"},{"Field":"username","Type":"varchar(50)","Null":"NO","Key":"","Default":null,"Extra":""},{"Field":"email","Type":"varchar(100)","Null":"NO","Key":"UNI","Default":null,"Extra":""},{"Field":"password","Type":"varchar(255)","Null":"NO","Key":"","Default":null,"Extra":""},{"Field":"role","Type":"enum('user','admin')","Null":"YES","Key":"","Default":"user","Extra":""},{"Field":"verification_code","Type":"varchar(100)","Null":"YES","Key":"","Default":null,"Extra":""},{"Field":"is_verified","Type":"tinyint(1)","Null":"YES","Key":"","Default":"0","Extra":""},{"Field":"created_at","Type":"timestamp","Null":"NO","Key":"","Default":"current_timestamp()","Extra":""},{"Field":"favorite_sport","Type":"varchar(50)","Null":"YES","Key":"","Default":null,"Extra":""},{"Field":"favorite_team","Type":"varchar(50)","Null":"YES","Key":"","Default":null,"Extra":""},{"Field":"account_type","Type":"enum('user','admin')","Null":"YES","Key":"","Default":"user","Extra":""}]
[23-Apr-2025 20:53:00 Europe/Berlin] Number of users in database: 13
[23-Apr-2025 20:53:00 Europe/Berlin] All tables initialized successfully
[23-Apr-2025 20:53:00 Europe/Berlin] Database tables initialized successfully
[23-Apr-2025 20:53:00 Europe/Berlin] Executing SQL: SELECT * FROM users WHERE id = :id
[23-Apr-2025 20:53:00 Europe/Berlin] With params: {":id":12}
[23-Apr-2025 20:53:00 Europe/Berlin] Query executed successfully. Found 1 rows
[23-Apr-2025 20:53:00 Europe/Berlin] User loaded from session: varunpndey
[23-Apr-2025 20:53:00 Europe/Berlin] Header - Session status: 2
[23-Apr-2025 20:53:00 Europe/Berlin] Header - Session data: {"user_id":12,"username":"varunpndey","email":"va@gmail.com","account_type":"admin"}
[23-Apr-2025 20:53:00 Europe/Berlin] Header - After session start - Status: 2
[23-Apr-2025 20:53:00 Europe/Berlin] Header - After session start - Data: {"user_id":12,"username":"varunpndey","email":"va@gmail.com","account_type":"admin"}
[23-Apr-2025 20:53:00 Europe/Berlin] Header - Is logged in: Yes
[23-Apr-2025 20:53:00 Europe/Berlin] Executing SQL: SELECT * FROM news ORDER BY created_at DESC LIMIT 5
[23-Apr-2025 20:53:00 Europe/Berlin] With params: []
[23-Apr-2025 20:53:00 Europe/Berlin] Query executed successfully. Found 5 rows
[23-Apr-2025 20:53:00 Europe/Berlin] Executing SQL: SELECT * FROM matches WHERE status = 'live'
[23-Apr-2025 20:53:00 Europe/Berlin] With params: []
[23-Apr-2025 20:53:00 Europe/Berlin] Query executed successfully. Found 1 rows
[23-Apr-2025 20:53:00 Europe/Berlin] Executing SQL: SELECT COUNT(*) as count FROM favorites 
                    WHERE user_id = :user_id AND match_id = :match_id
[23-Apr-2025 20:53:00 Europe/Berlin] With params: {":user_id":12,":match_id":42}
[23-Apr-2025 20:53:00 Europe/Berlin] Query executed successfully. Found 1 rows
[23-Apr-2025 20:53:02 Europe/Berlin] Connected to database. Tables found: favorites, feedback, matches, matches_backup, matches_new, news, newsletter, notifications, players, subscriptions, users
[23-Apr-2025 20:53:02 Europe/Berlin] Executing SQL: CREATE TABLE IF NOT EXISTS users (
                id INT AUTO_INCREMENT PRIMARY KEY,
                username VARCHAR(50) NOT NULL UNIQUE,
                password VARCHAR(255) NOT NULL,
                email VARCHAR(100) NOT NULL UNIQUE,
                account_type ENUM('user', 'admin') DEFAULT 'user',
                created_at TIMESTAMP DEFAULT CURRENT_TIMESTAMP
            )
[23-Apr-2025 20:53:02 Europe/Berlin] With params: []
[23-Apr-2025 20:53:02 Europe/Berlin] Query executed successfully. Found 0 rows
[23-Apr-2025 20:53:02 Europe/Berlin] Users table created or already exists
[23-Apr-2025 20:53:02 Europe/Berlin] Users table structure: [{"Field":"id","Type":"int(11)","Null":"NO","Key":"PRI","Default":null,"Extra":"auto_increment"},{"Field":"username","Type":"varchar(50)","Null":"NO","Key":"","Default":null,"Extra":""},{"Field":"email","Type":"varchar(100)","Null":"NO","Key":"UNI","Default":null,"Extra":""},{"Field":"password","Type":"varchar(255)","Null":"NO","Key":"","Default":null,"Extra":""},{"Field":"role","Type":"enum('user','admin')","Null":"YES","Key":"","Default":"user","Extra":""},{"Field":"verification_code","Type":"varchar(100)","Null":"YES","Key":"","Default":null,"Extra":""},{"Field":"is_verified","Type":"tinyint(1)","Null":"YES","Key":"","Default":"0","Extra":""},{"Field":"created_at","Type":"timestamp","Null":"NO","Key":"","Default":"current_timestamp()","Extra":""},{"Field":"favorite_sport","Type":"varchar(50)","Null":"YES","Key":"","Default":null,"Extra":""},{"Field":"favorite_team","Type":"varchar(50)","Null":"YES","Key":"","Default":null,"Extra":""},{"Field":"account_type","Type":"enum('user','admin')","Null":"YES","Key":"","Default":"user","Extra":""}]
[23-Apr-2025 20:53:02 Europe/Berlin] Number of users in database: 13
[23-Apr-2025 20:53:02 Europe/Berlin] All tables initialized successfully
[23-Apr-2025 20:53:02 Europe/Berlin] Connected to database. Tables found: favorites, feedback, matches, matches_backup, matches_new, news, newsletter, notifications, players, subscriptions, users
[23-Apr-2025 20:53:02 Europe/Berlin] Executing SQL: CREATE TABLE IF NOT EXISTS users (
                id INT AUTO_INCREMENT PRIMARY KEY,
                username VARCHAR(50) NOT NULL UNIQUE,
                password VARCHAR(255) NOT NULL,
                email VARCHAR(100) NOT NULL UNIQUE,
                account_type ENUM('user', 'admin') DEFAULT 'user',
                created_at TIMESTAMP DEFAULT CURRENT_TIMESTAMP
            )
[23-Apr-2025 20:53:02 Europe/Berlin] With params: []
[23-Apr-2025 20:53:02 Europe/Berlin] Query executed successfully. Found 0 rows
[23-Apr-2025 20:53:02 Europe/Berlin] Users table created or already exists
[23-Apr-2025 20:53:02 Europe/Berlin] Users table structure: [{"Field":"id","Type":"int(11)","Null":"NO","Key":"PRI","Default":null,"Extra":"auto_increment"},{"Field":"username","Type":"varchar(50)","Null":"NO","Key":"","Default":null,"Extra":""},{"Field":"email","Type":"varchar(100)","Null":"NO","Key":"UNI","Default":null,"Extra":""},{"Field":"password","Type":"varchar(255)","Null":"NO","Key":"","Default":null,"Extra":""},{"Field":"role","Type":"enum('user','admin')","Null":"YES","Key":"","Default":"user","Extra":""},{"Field":"verification_code","Type":"varchar(100)","Null":"YES","Key":"","Default":null,"Extra":""},{"Field":"is_verified","Type":"tinyint(1)","Null":"YES","Key":"","Default":"0","Extra":""},{"Field":"created_at","Type":"timestamp","Null":"NO","Key":"","Default":"current_timestamp()","Extra":""},{"Field":"favorite_sport","Type":"varchar(50)","Null":"YES","Key":"","Default":null,"Extra":""},{"Field":"favorite_team","Type":"varchar(50)","Null":"YES","Key":"","Default":null,"Extra":""},{"Field":"account_type","Type":"enum('user','admin')","Null":"YES","Key":"","Default":"user","Extra":""}]
[23-Apr-2025 20:53:02 Europe/Berlin] Number of users in database: 13
[23-Apr-2025 20:53:02 Europe/Berlin] All tables initialized successfully
[23-Apr-2025 20:53:02 Europe/Berlin] Database tables initialized successfully
[23-Apr-2025 20:53:02 Europe/Berlin] Executing SQL: SELECT * FROM users WHERE id = :id
[23-Apr-2025 20:53:02 Europe/Berlin] With params: {":id":12}
[23-Apr-2025 20:53:02 Europe/Berlin] Query executed successfully. Found 1 rows
[23-Apr-2025 20:53:02 Europe/Berlin] User loaded from session: varunpndey
[23-Apr-2025 20:53:13 Europe/Berlin] Connected to database. Tables found: favorites, feedback, matches, matches_backup, matches_new, news, newsletter, notifications, players, subscriptions, users
[23-Apr-2025 20:53:13 Europe/Berlin] Executing SQL: CREATE TABLE IF NOT EXISTS users (
                id INT AUTO_INCREMENT PRIMARY KEY,
                username VARCHAR(50) NOT NULL UNIQUE,
                password VARCHAR(255) NOT NULL,
                email VARCHAR(100) NOT NULL UNIQUE,
                account_type ENUM('user', 'admin') DEFAULT 'user',
                created_at TIMESTAMP DEFAULT CURRENT_TIMESTAMP
            )
[23-Apr-2025 20:53:13 Europe/Berlin] With params: []
[23-Apr-2025 20:53:13 Europe/Berlin] Query executed successfully. Found 0 rows
[23-Apr-2025 20:53:13 Europe/Berlin] Users table created or already exists
[23-Apr-2025 20:53:13 Europe/Berlin] Users table structure: [{"Field":"id","Type":"int(11)","Null":"NO","Key":"PRI","Default":null,"Extra":"auto_increment"},{"Field":"username","Type":"varchar(50)","Null":"NO","Key":"","Default":null,"Extra":""},{"Field":"email","Type":"varchar(100)","Null":"NO","Key":"UNI","Default":null,"Extra":""},{"Field":"password","Type":"varchar(255)","Null":"NO","Key":"","Default":null,"Extra":""},{"Field":"role","Type":"enum('user','admin')","Null":"YES","Key":"","Default":"user","Extra":""},{"Field":"verification_code","Type":"varchar(100)","Null":"YES","Key":"","Default":null,"Extra":""},{"Field":"is_verified","Type":"tinyint(1)","Null":"YES","Key":"","Default":"0","Extra":""},{"Field":"created_at","Type":"timestamp","Null":"NO","Key":"","Default":"current_timestamp()","Extra":""},{"Field":"favorite_sport","Type":"varchar(50)","Null":"YES","Key":"","Default":null,"Extra":""},{"Field":"favorite_team","Type":"varchar(50)","Null":"YES","Key":"","Default":null,"Extra":""},{"Field":"account_type","Type":"enum('user','admin')","Null":"YES","Key":"","Default":"user","Extra":""}]
[23-Apr-2025 20:53:13 Europe/Berlin] Number of users in database: 13
[23-Apr-2025 20:53:13 Europe/Berlin] All tables initialized successfully
[23-Apr-2025 20:53:13 Europe/Berlin] Connected to database. Tables found: favorites, feedback, matches, matches_backup, matches_new, news, newsletter, notifications, players, subscriptions, users
[23-Apr-2025 20:53:13 Europe/Berlin] Executing SQL: CREATE TABLE IF NOT EXISTS users (
                id INT AUTO_INCREMENT PRIMARY KEY,
                username VARCHAR(50) NOT NULL UNIQUE,
                password VARCHAR(255) NOT NULL,
                email VARCHAR(100) NOT NULL UNIQUE,
                account_type ENUM('user', 'admin') DEFAULT 'user',
                created_at TIMESTAMP DEFAULT CURRENT_TIMESTAMP
            )
[23-Apr-2025 20:53:13 Europe/Berlin] With params: []
[23-Apr-2025 20:53:13 Europe/Berlin] Query executed successfully. Found 0 rows
[23-Apr-2025 20:53:13 Europe/Berlin] Users table created or already exists
[23-Apr-2025 20:53:13 Europe/Berlin] Users table structure: [{"Field":"id","Type":"int(11)","Null":"NO","Key":"PRI","Default":null,"Extra":"auto_increment"},{"Field":"username","Type":"varchar(50)","Null":"NO","Key":"","Default":null,"Extra":""},{"Field":"email","Type":"varchar(100)","Null":"NO","Key":"UNI","Default":null,"Extra":""},{"Field":"password","Type":"varchar(255)","Null":"NO","Key":"","Default":null,"Extra":""},{"Field":"role","Type":"enum('user','admin')","Null":"YES","Key":"","Default":"user","Extra":""},{"Field":"verification_code","Type":"varchar(100)","Null":"YES","Key":"","Default":null,"Extra":""},{"Field":"is_verified","Type":"tinyint(1)","Null":"YES","Key":"","Default":"0","Extra":""},{"Field":"created_at","Type":"timestamp","Null":"NO","Key":"","Default":"current_timestamp()","Extra":""},{"Field":"favorite_sport","Type":"varchar(50)","Null":"YES","Key":"","Default":null,"Extra":""},{"Field":"favorite_team","Type":"varchar(50)","Null":"YES","Key":"","Default":null,"Extra":""},{"Field":"account_type","Type":"enum('user','admin')","Null":"YES","Key":"","Default":"user","Extra":""}]
[23-Apr-2025 20:53:13 Europe/Berlin] Number of users in database: 13
[23-Apr-2025 20:53:13 Europe/Berlin] All tables initialized successfully
[23-Apr-2025 20:53:13 Europe/Berlin] Database tables initialized successfully
[23-Apr-2025 20:53:13 Europe/Berlin] Executing SQL: SELECT * FROM users WHERE id = :id
[23-Apr-2025 20:53:13 Europe/Berlin] With params: {":id":12}
[23-Apr-2025 20:53:13 Europe/Berlin] Query executed successfully. Found 1 rows
[23-Apr-2025 20:53:13 Europe/Berlin] User loaded from session: varunpndey
[23-Apr-2025 20:53:13 Europe/Berlin] Header - Session status: 2
[23-Apr-2025 20:53:13 Europe/Berlin] Header - Session data: {"user_id":12,"username":"varunpndey","email":"va@gmail.com","account_type":"admin"}
[23-Apr-2025 20:53:13 Europe/Berlin] Header - After session start - Status: 2
[23-Apr-2025 20:53:13 Europe/Berlin] Header - After session start - Data: {"user_id":12,"username":"varunpndey","email":"va@gmail.com","account_type":"admin"}
[23-Apr-2025 20:53:13 Europe/Berlin] Header - Is logged in: Yes
[23-Apr-2025 20:53:13 Europe/Berlin] Executing SQL: SELECT * FROM news ORDER BY created_at DESC LIMIT 5
[23-Apr-2025 20:53:13 Europe/Berlin] With params: []
[23-Apr-2025 20:53:13 Europe/Berlin] Query executed successfully. Found 5 rows
[23-Apr-2025 20:53:13 Europe/Berlin] Executing SQL: SELECT * FROM matches WHERE status = 'live'
[23-Apr-2025 20:53:13 Europe/Berlin] With params: []
[23-Apr-2025 20:53:13 Europe/Berlin] Query executed successfully. Found 1 rows
[23-Apr-2025 20:53:13 Europe/Berlin] Executing SQL: SELECT COUNT(*) as count FROM favorites 
                    WHERE user_id = :user_id AND match_id = :match_id
[23-Apr-2025 20:53:13 Europe/Berlin] With params: {":user_id":12,":match_id":42}
[23-Apr-2025 20:53:13 Europe/Berlin] Query executed successfully. Found 1 rows
[23-Apr-2025 20:53:16 Europe/Berlin] Connected to database. Tables found: favorites, feedback, matches, matches_backup, matches_new, news, newsletter, notifications, players, subscriptions, users
[23-Apr-2025 20:53:16 Europe/Berlin] Executing SQL: CREATE TABLE IF NOT EXISTS users (
                id INT AUTO_INCREMENT PRIMARY KEY,
                username VARCHAR(50) NOT NULL UNIQUE,
                password VARCHAR(255) NOT NULL,
                email VARCHAR(100) NOT NULL UNIQUE,
                account_type ENUM('user', 'admin') DEFAULT 'user',
                created_at TIMESTAMP DEFAULT CURRENT_TIMESTAMP
            )
[23-Apr-2025 20:53:16 Europe/Berlin] With params: []
[23-Apr-2025 20:53:16 Europe/Berlin] Query executed successfully. Found 0 rows
[23-Apr-2025 20:53:16 Europe/Berlin] Users table created or already exists
[23-Apr-2025 20:53:16 Europe/Berlin] Users table structure: [{"Field":"id","Type":"int(11)","Null":"NO","Key":"PRI","Default":null,"Extra":"auto_increment"},{"Field":"username","Type":"varchar(50)","Null":"NO","Key":"","Default":null,"Extra":""},{"Field":"email","Type":"varchar(100)","Null":"NO","Key":"UNI","Default":null,"Extra":""},{"Field":"password","Type":"varchar(255)","Null":"NO","Key":"","Default":null,"Extra":""},{"Field":"role","Type":"enum('user','admin')","Null":"YES","Key":"","Default":"user","Extra":""},{"Field":"verification_code","Type":"varchar(100)","Null":"YES","Key":"","Default":null,"Extra":""},{"Field":"is_verified","Type":"tinyint(1)","Null":"YES","Key":"","Default":"0","Extra":""},{"Field":"created_at","Type":"timestamp","Null":"NO","Key":"","Default":"current_timestamp()","Extra":""},{"Field":"favorite_sport","Type":"varchar(50)","Null":"YES","Key":"","Default":null,"Extra":""},{"Field":"favorite_team","Type":"varchar(50)","Null":"YES","Key":"","Default":null,"Extra":""},{"Field":"account_type","Type":"enum('user','admin')","Null":"YES","Key":"","Default":"user","Extra":""}]
[23-Apr-2025 20:53:16 Europe/Berlin] Number of users in database: 13
[23-Apr-2025 20:53:16 Europe/Berlin] All tables initialized successfully
[23-Apr-2025 20:53:16 Europe/Berlin] Connected to database. Tables found: favorites, feedback, matches, matches_backup, matches_new, news, newsletter, notifications, players, subscriptions, users
[23-Apr-2025 20:53:16 Europe/Berlin] Executing SQL: CREATE TABLE IF NOT EXISTS users (
                id INT AUTO_INCREMENT PRIMARY KEY,
                username VARCHAR(50) NOT NULL UNIQUE,
                password VARCHAR(255) NOT NULL,
                email VARCHAR(100) NOT NULL UNIQUE,
                account_type ENUM('user', 'admin') DEFAULT 'user',
                created_at TIMESTAMP DEFAULT CURRENT_TIMESTAMP
            )
[23-Apr-2025 20:53:16 Europe/Berlin] With params: []
[23-Apr-2025 20:53:16 Europe/Berlin] Query executed successfully. Found 0 rows
[23-Apr-2025 20:53:16 Europe/Berlin] Users table created or already exists
[23-Apr-2025 20:53:16 Europe/Berlin] Users table structure: [{"Field":"id","Type":"int(11)","Null":"NO","Key":"PRI","Default":null,"Extra":"auto_increment"},{"Field":"username","Type":"varchar(50)","Null":"NO","Key":"","Default":null,"Extra":""},{"Field":"email","Type":"varchar(100)","Null":"NO","Key":"UNI","Default":null,"Extra":""},{"Field":"password","Type":"varchar(255)","Null":"NO","Key":"","Default":null,"Extra":""},{"Field":"role","Type":"enum('user','admin')","Null":"YES","Key":"","Default":"user","Extra":""},{"Field":"verification_code","Type":"varchar(100)","Null":"YES","Key":"","Default":null,"Extra":""},{"Field":"is_verified","Type":"tinyint(1)","Null":"YES","Key":"","Default":"0","Extra":""},{"Field":"created_at","Type":"timestamp","Null":"NO","Key":"","Default":"current_timestamp()","Extra":""},{"Field":"favorite_sport","Type":"varchar(50)","Null":"YES","Key":"","Default":null,"Extra":""},{"Field":"favorite_team","Type":"varchar(50)","Null":"YES","Key":"","Default":null,"Extra":""},{"Field":"account_type","Type":"enum('user','admin')","Null":"YES","Key":"","Default":"user","Extra":""}]
[23-Apr-2025 20:53:16 Europe/Berlin] Number of users in database: 13
[23-Apr-2025 20:53:16 Europe/Berlin] All tables initialized successfully
[23-Apr-2025 20:53:16 Europe/Berlin] Database tables initialized successfully
[23-Apr-2025 20:53:16 Europe/Berlin] Executing SQL: SELECT * FROM users WHERE id = :id
[23-Apr-2025 20:53:16 Europe/Berlin] With params: {":id":12}
[23-Apr-2025 20:53:16 Europe/Berlin] Query executed successfully. Found 1 rows
[23-Apr-2025 20:53:16 Europe/Berlin] User loaded from session: varunpndey
[23-Apr-2025 22:30:36 Europe/Berlin] Connected to database. Tables found: favorites, feedback, matches, matches_backup, matches_new, news, newsletter, notifications, players, subscriptions, users
[23-Apr-2025 22:30:36 Europe/Berlin] Executing SQL: CREATE TABLE IF NOT EXISTS users (
                id INT AUTO_INCREMENT PRIMARY KEY,
                username VARCHAR(50) NOT NULL UNIQUE,
                password VARCHAR(255) NOT NULL,
                email VARCHAR(100) NOT NULL UNIQUE,
                account_type ENUM('user', 'admin') DEFAULT 'user',
                created_at TIMESTAMP DEFAULT CURRENT_TIMESTAMP
            )
[23-Apr-2025 22:30:36 Europe/Berlin] With params: []
[23-Apr-2025 22:30:36 Europe/Berlin] Query executed successfully. Found 0 rows
[23-Apr-2025 22:30:36 Europe/Berlin] Users table created or already exists
[23-Apr-2025 22:30:36 Europe/Berlin] Users table structure: [{"Field":"id","Type":"int(11)","Null":"NO","Key":"PRI","Default":null,"Extra":"auto_increment"},{"Field":"username","Type":"varchar(50)","Null":"NO","Key":"","Default":null,"Extra":""},{"Field":"email","Type":"varchar(100)","Null":"NO","Key":"UNI","Default":null,"Extra":""},{"Field":"password","Type":"varchar(255)","Null":"NO","Key":"","Default":null,"Extra":""},{"Field":"role","Type":"enum('user','admin')","Null":"YES","Key":"","Default":"user","Extra":""},{"Field":"verification_code","Type":"varchar(100)","Null":"YES","Key":"","Default":null,"Extra":""},{"Field":"is_verified","Type":"tinyint(1)","Null":"YES","Key":"","Default":"0","Extra":""},{"Field":"created_at","Type":"timestamp","Null":"NO","Key":"","Default":"current_timestamp()","Extra":""},{"Field":"favorite_sport","Type":"varchar(50)","Null":"YES","Key":"","Default":null,"Extra":""},{"Field":"favorite_team","Type":"varchar(50)","Null":"YES","Key":"","Default":null,"Extra":""},{"Field":"account_type","Type":"enum('user','admin')","Null":"YES","Key":"","Default":"user","Extra":""}]
[23-Apr-2025 22:30:36 Europe/Berlin] Number of users in database: 13
[23-Apr-2025 22:30:36 Europe/Berlin] All tables initialized successfully
[23-Apr-2025 22:30:36 Europe/Berlin] Connected to database. Tables found: favorites, feedback, matches, matches_backup, matches_new, news, newsletter, notifications, players, subscriptions, users
[23-Apr-2025 22:30:36 Europe/Berlin] Executing SQL: CREATE TABLE IF NOT EXISTS users (
                id INT AUTO_INCREMENT PRIMARY KEY,
                username VARCHAR(50) NOT NULL UNIQUE,
                password VARCHAR(255) NOT NULL,
                email VARCHAR(100) NOT NULL UNIQUE,
                account_type ENUM('user', 'admin') DEFAULT 'user',
                created_at TIMESTAMP DEFAULT CURRENT_TIMESTAMP
            )
[23-Apr-2025 22:30:36 Europe/Berlin] With params: []
[23-Apr-2025 22:30:36 Europe/Berlin] Query executed successfully. Found 0 rows
[23-Apr-2025 22:30:36 Europe/Berlin] Users table created or already exists
[23-Apr-2025 22:30:36 Europe/Berlin] Users table structure: [{"Field":"id","Type":"int(11)","Null":"NO","Key":"PRI","Default":null,"Extra":"auto_increment"},{"Field":"username","Type":"varchar(50)","Null":"NO","Key":"","Default":null,"Extra":""},{"Field":"email","Type":"varchar(100)","Null":"NO","Key":"UNI","Default":null,"Extra":""},{"Field":"password","Type":"varchar(255)","Null":"NO","Key":"","Default":null,"Extra":""},{"Field":"role","Type":"enum('user','admin')","Null":"YES","Key":"","Default":"user","Extra":""},{"Field":"verification_code","Type":"varchar(100)","Null":"YES","Key":"","Default":null,"Extra":""},{"Field":"is_verified","Type":"tinyint(1)","Null":"YES","Key":"","Default":"0","Extra":""},{"Field":"created_at","Type":"timestamp","Null":"NO","Key":"","Default":"current_timestamp()","Extra":""},{"Field":"favorite_sport","Type":"varchar(50)","Null":"YES","Key":"","Default":null,"Extra":""},{"Field":"favorite_team","Type":"varchar(50)","Null":"YES","Key":"","Default":null,"Extra":""},{"Field":"account_type","Type":"enum('user','admin')","Null":"YES","Key":"","Default":"user","Extra":""}]
[23-Apr-2025 22:30:36 Europe/Berlin] Number of users in database: 13
[23-Apr-2025 22:30:36 Europe/Berlin] All tables initialized successfully
[23-Apr-2025 22:30:36 Europe/Berlin] Database tables initialized successfully
[23-Apr-2025 22:30:36 Europe/Berlin] Executing SQL: SELECT * FROM users WHERE id = :id
[23-Apr-2025 22:30:36 Europe/Berlin] With params: {":id":12}
[23-Apr-2025 22:30:36 Europe/Berlin] Query executed successfully. Found 1 rows
[23-Apr-2025 22:30:36 Europe/Berlin] User loaded from session: varunpndey
[23-Apr-2025 22:30:36 Europe/Berlin] Header - Session status: 2
[23-Apr-2025 22:30:36 Europe/Berlin] Header - Session data: {"user_id":12,"username":"varunpndey","email":"va@gmail.com","account_type":"admin"}
[23-Apr-2025 22:30:36 Europe/Berlin] Header - After session start - Status: 2
[23-Apr-2025 22:30:36 Europe/Berlin] Header - After session start - Data: {"user_id":12,"username":"varunpndey","email":"va@gmail.com","account_type":"admin"}
[23-Apr-2025 22:30:36 Europe/Berlin] Header - Is logged in: Yes
[23-Apr-2025 22:30:36 Europe/Berlin] Executing SQL: SELECT * FROM news ORDER BY created_at DESC LIMIT 5
[23-Apr-2025 22:30:36 Europe/Berlin] With params: []
[23-Apr-2025 22:30:36 Europe/Berlin] Query executed successfully. Found 5 rows
[23-Apr-2025 22:30:36 Europe/Berlin] Executing SQL: SELECT * FROM matches WHERE status = 'live'
[23-Apr-2025 22:30:36 Europe/Berlin] With params: []
[23-Apr-2025 22:30:36 Europe/Berlin] Query executed successfully. Found 1 rows
[23-Apr-2025 22:30:36 Europe/Berlin] Executing SQL: SELECT COUNT(*) as count FROM favorites 
                    WHERE user_id = :user_id AND match_id = :match_id
[23-Apr-2025 22:30:36 Europe/Berlin] With params: {":user_id":12,":match_id":42}
[23-Apr-2025 22:30:36 Europe/Berlin] Query executed successfully. Found 1 rows
[23-Apr-2025 22:30:37 Europe/Berlin] Connected to database. Tables found: favorites, feedback, matches, matches_backup, matches_new, news, newsletter, notifications, players, subscriptions, users
[23-Apr-2025 22:30:37 Europe/Berlin] Executing SQL: CREATE TABLE IF NOT EXISTS users (
                id INT AUTO_INCREMENT PRIMARY KEY,
                username VARCHAR(50) NOT NULL UNIQUE,
                password VARCHAR(255) NOT NULL,
                email VARCHAR(100) NOT NULL UNIQUE,
                account_type ENUM('user', 'admin') DEFAULT 'user',
                created_at TIMESTAMP DEFAULT CURRENT_TIMESTAMP
            )
[23-Apr-2025 22:30:37 Europe/Berlin] With params: []
[23-Apr-2025 22:30:37 Europe/Berlin] Query executed successfully. Found 0 rows
[23-Apr-2025 22:30:37 Europe/Berlin] Users table created or already exists
[23-Apr-2025 22:30:37 Europe/Berlin] Users table structure: [{"Field":"id","Type":"int(11)","Null":"NO","Key":"PRI","Default":null,"Extra":"auto_increment"},{"Field":"username","Type":"varchar(50)","Null":"NO","Key":"","Default":null,"Extra":""},{"Field":"email","Type":"varchar(100)","Null":"NO","Key":"UNI","Default":null,"Extra":""},{"Field":"password","Type":"varchar(255)","Null":"NO","Key":"","Default":null,"Extra":""},{"Field":"role","Type":"enum('user','admin')","Null":"YES","Key":"","Default":"user","Extra":""},{"Field":"verification_code","Type":"varchar(100)","Null":"YES","Key":"","Default":null,"Extra":""},{"Field":"is_verified","Type":"tinyint(1)","Null":"YES","Key":"","Default":"0","Extra":""},{"Field":"created_at","Type":"timestamp","Null":"NO","Key":"","Default":"current_timestamp()","Extra":""},{"Field":"favorite_sport","Type":"varchar(50)","Null":"YES","Key":"","Default":null,"Extra":""},{"Field":"favorite_team","Type":"varchar(50)","Null":"YES","Key":"","Default":null,"Extra":""},{"Field":"account_type","Type":"enum('user','admin')","Null":"YES","Key":"","Default":"user","Extra":""}]
[23-Apr-2025 22:30:37 Europe/Berlin] Number of users in database: 13
[23-Apr-2025 22:30:37 Europe/Berlin] All tables initialized successfully
[23-Apr-2025 22:30:37 Europe/Berlin] Connected to database. Tables found: favorites, feedback, matches, matches_backup, matches_new, news, newsletter, notifications, players, subscriptions, users
[23-Apr-2025 22:30:37 Europe/Berlin] Executing SQL: CREATE TABLE IF NOT EXISTS users (
                id INT AUTO_INCREMENT PRIMARY KEY,
                username VARCHAR(50) NOT NULL UNIQUE,
                password VARCHAR(255) NOT NULL,
                email VARCHAR(100) NOT NULL UNIQUE,
                account_type ENUM('user', 'admin') DEFAULT 'user',
                created_at TIMESTAMP DEFAULT CURRENT_TIMESTAMP
            )
[23-Apr-2025 22:30:37 Europe/Berlin] With params: []
[23-Apr-2025 22:30:37 Europe/Berlin] Query executed successfully. Found 0 rows
[23-Apr-2025 22:30:37 Europe/Berlin] Users table created or already exists
[23-Apr-2025 22:30:37 Europe/Berlin] Users table structure: [{"Field":"id","Type":"int(11)","Null":"NO","Key":"PRI","Default":null,"Extra":"auto_increment"},{"Field":"username","Type":"varchar(50)","Null":"NO","Key":"","Default":null,"Extra":""},{"Field":"email","Type":"varchar(100)","Null":"NO","Key":"UNI","Default":null,"Extra":""},{"Field":"password","Type":"varchar(255)","Null":"NO","Key":"","Default":null,"Extra":""},{"Field":"role","Type":"enum('user','admin')","Null":"YES","Key":"","Default":"user","Extra":""},{"Field":"verification_code","Type":"varchar(100)","Null":"YES","Key":"","Default":null,"Extra":""},{"Field":"is_verified","Type":"tinyint(1)","Null":"YES","Key":"","Default":"0","Extra":""},{"Field":"created_at","Type":"timestamp","Null":"NO","Key":"","Default":"current_timestamp()","Extra":""},{"Field":"favorite_sport","Type":"varchar(50)","Null":"YES","Key":"","Default":null,"Extra":""},{"Field":"favorite_team","Type":"varchar(50)","Null":"YES","Key":"","Default":null,"Extra":""},{"Field":"account_type","Type":"enum('user','admin')","Null":"YES","Key":"","Default":"user","Extra":""}]
[23-Apr-2025 22:30:37 Europe/Berlin] Number of users in database: 13
[23-Apr-2025 22:30:37 Europe/Berlin] All tables initialized successfully
[23-Apr-2025 22:30:37 Europe/Berlin] Database tables initialized successfully
[23-Apr-2025 22:30:37 Europe/Berlin] Executing SQL: SELECT * FROM users WHERE id = :id
[23-Apr-2025 22:30:37 Europe/Berlin] With params: {":id":12}
[23-Apr-2025 22:30:37 Europe/Berlin] Query executed successfully. Found 1 rows
[23-Apr-2025 22:30:37 Europe/Berlin] User loaded from session: varunpndey
[23-Apr-2025 22:30:37 Europe/Berlin] Header - Session status: 2
[23-Apr-2025 22:30:37 Europe/Berlin] Header - Session data: {"user_id":12,"username":"varunpndey","email":"va@gmail.com","account_type":"admin"}
[23-Apr-2025 22:30:37 Europe/Berlin] Header - After session start - Status: 2
[23-Apr-2025 22:30:37 Europe/Berlin] Header - After session start - Data: {"user_id":12,"username":"varunpndey","email":"va@gmail.com","account_type":"admin"}
[23-Apr-2025 22:30:37 Europe/Berlin] Header - Is logged in: Yes
[23-Apr-2025 22:30:37 Europe/Berlin] Executing SQL: SELECT * FROM news ORDER BY created_at DESC LIMIT 5
[23-Apr-2025 22:30:37 Europe/Berlin] With params: []
[23-Apr-2025 22:30:37 Europe/Berlin] Query executed successfully. Found 5 rows
[23-Apr-2025 22:30:37 Europe/Berlin] Executing SQL: SELECT * FROM matches WHERE status = 'live'
[23-Apr-2025 22:30:37 Europe/Berlin] With params: []
[23-Apr-2025 22:30:37 Europe/Berlin] Query executed successfully. Found 1 rows
[23-Apr-2025 22:30:37 Europe/Berlin] Executing SQL: SELECT COUNT(*) as count FROM favorites 
                    WHERE user_id = :user_id AND match_id = :match_id
[23-Apr-2025 22:30:37 Europe/Berlin] With params: {":user_id":12,":match_id":42}
[23-Apr-2025 22:30:37 Europe/Berlin] Query executed successfully. Found 1 rows
[23-Apr-2025 22:30:40 Europe/Berlin] Connected to database. Tables found: favorites, feedback, matches, matches_backup, matches_new, news, newsletter, notifications, players, subscriptions, users
[23-Apr-2025 22:30:40 Europe/Berlin] Executing SQL: CREATE TABLE IF NOT EXISTS users (
                id INT AUTO_INCREMENT PRIMARY KEY,
                username VARCHAR(50) NOT NULL UNIQUE,
                password VARCHAR(255) NOT NULL,
                email VARCHAR(100) NOT NULL UNIQUE,
                account_type ENUM('user', 'admin') DEFAULT 'user',
                created_at TIMESTAMP DEFAULT CURRENT_TIMESTAMP
            )
[23-Apr-2025 22:30:40 Europe/Berlin] With params: []
[23-Apr-2025 22:30:40 Europe/Berlin] Query executed successfully. Found 0 rows
[23-Apr-2025 22:30:40 Europe/Berlin] Users table created or already exists
[23-Apr-2025 22:30:40 Europe/Berlin] Users table structure: [{"Field":"id","Type":"int(11)","Null":"NO","Key":"PRI","Default":null,"Extra":"auto_increment"},{"Field":"username","Type":"varchar(50)","Null":"NO","Key":"","Default":null,"Extra":""},{"Field":"email","Type":"varchar(100)","Null":"NO","Key":"UNI","Default":null,"Extra":""},{"Field":"password","Type":"varchar(255)","Null":"NO","Key":"","Default":null,"Extra":""},{"Field":"role","Type":"enum('user','admin')","Null":"YES","Key":"","Default":"user","Extra":""},{"Field":"verification_code","Type":"varchar(100)","Null":"YES","Key":"","Default":null,"Extra":""},{"Field":"is_verified","Type":"tinyint(1)","Null":"YES","Key":"","Default":"0","Extra":""},{"Field":"created_at","Type":"timestamp","Null":"NO","Key":"","Default":"current_timestamp()","Extra":""},{"Field":"favorite_sport","Type":"varchar(50)","Null":"YES","Key":"","Default":null,"Extra":""},{"Field":"favorite_team","Type":"varchar(50)","Null":"YES","Key":"","Default":null,"Extra":""},{"Field":"account_type","Type":"enum('user','admin')","Null":"YES","Key":"","Default":"user","Extra":""}]
[23-Apr-2025 22:30:40 Europe/Berlin] Number of users in database: 13
[23-Apr-2025 22:30:40 Europe/Berlin] All tables initialized successfully
[23-Apr-2025 22:30:40 Europe/Berlin] Connected to database. Tables found: favorites, feedback, matches, matches_backup, matches_new, news, newsletter, notifications, players, subscriptions, users
[23-Apr-2025 22:30:40 Europe/Berlin] Executing SQL: CREATE TABLE IF NOT EXISTS users (
                id INT AUTO_INCREMENT PRIMARY KEY,
                username VARCHAR(50) NOT NULL UNIQUE,
                password VARCHAR(255) NOT NULL,
                email VARCHAR(100) NOT NULL UNIQUE,
                account_type ENUM('user', 'admin') DEFAULT 'user',
                created_at TIMESTAMP DEFAULT CURRENT_TIMESTAMP
            )
[23-Apr-2025 22:30:40 Europe/Berlin] With params: []
[23-Apr-2025 22:30:40 Europe/Berlin] Query executed successfully. Found 0 rows
[23-Apr-2025 22:30:40 Europe/Berlin] Users table created or already exists
[23-Apr-2025 22:30:40 Europe/Berlin] Users table structure: [{"Field":"id","Type":"int(11)","Null":"NO","Key":"PRI","Default":null,"Extra":"auto_increment"},{"Field":"username","Type":"varchar(50)","Null":"NO","Key":"","Default":null,"Extra":""},{"Field":"email","Type":"varchar(100)","Null":"NO","Key":"UNI","Default":null,"Extra":""},{"Field":"password","Type":"varchar(255)","Null":"NO","Key":"","Default":null,"Extra":""},{"Field":"role","Type":"enum('user','admin')","Null":"YES","Key":"","Default":"user","Extra":""},{"Field":"verification_code","Type":"varchar(100)","Null":"YES","Key":"","Default":null,"Extra":""},{"Field":"is_verified","Type":"tinyint(1)","Null":"YES","Key":"","Default":"0","Extra":""},{"Field":"created_at","Type":"timestamp","Null":"NO","Key":"","Default":"current_timestamp()","Extra":""},{"Field":"favorite_sport","Type":"varchar(50)","Null":"YES","Key":"","Default":null,"Extra":""},{"Field":"favorite_team","Type":"varchar(50)","Null":"YES","Key":"","Default":null,"Extra":""},{"Field":"account_type","Type":"enum('user','admin')","Null":"YES","Key":"","Default":"user","Extra":""}]
[23-Apr-2025 22:30:40 Europe/Berlin] Number of users in database: 13
[23-Apr-2025 22:30:40 Europe/Berlin] All tables initialized successfully
[23-Apr-2025 22:30:40 Europe/Berlin] Database tables initialized successfully
[23-Apr-2025 22:30:40 Europe/Berlin] Executing SQL: SELECT * FROM users WHERE id = :id
[23-Apr-2025 22:30:40 Europe/Berlin] With params: {":id":12}
[23-Apr-2025 22:30:40 Europe/Berlin] Query executed successfully. Found 1 rows
[23-Apr-2025 22:30:40 Europe/Berlin] User loaded from session: varunpndey
[23-Apr-2025 22:31:07 Europe/Berlin] Connected to database. Tables found: favorites, feedback, matches, matches_backup, matches_new, news, newsletter, notifications, players, subscriptions, users
[23-Apr-2025 22:31:07 Europe/Berlin] Executing SQL: CREATE TABLE IF NOT EXISTS users (
                id INT AUTO_INCREMENT PRIMARY KEY,
                username VARCHAR(50) NOT NULL UNIQUE,
                password VARCHAR(255) NOT NULL,
                email VARCHAR(100) NOT NULL UNIQUE,
                account_type ENUM('user', 'admin') DEFAULT 'user',
                created_at TIMESTAMP DEFAULT CURRENT_TIMESTAMP
            )
[23-Apr-2025 22:31:07 Europe/Berlin] With params: []
[23-Apr-2025 22:31:07 Europe/Berlin] Query executed successfully. Found 0 rows
[23-Apr-2025 22:31:07 Europe/Berlin] Users table created or already exists
[23-Apr-2025 22:31:07 Europe/Berlin] Users table structure: [{"Field":"id","Type":"int(11)","Null":"NO","Key":"PRI","Default":null,"Extra":"auto_increment"},{"Field":"username","Type":"varchar(50)","Null":"NO","Key":"","Default":null,"Extra":""},{"Field":"email","Type":"varchar(100)","Null":"NO","Key":"UNI","Default":null,"Extra":""},{"Field":"password","Type":"varchar(255)","Null":"NO","Key":"","Default":null,"Extra":""},{"Field":"role","Type":"enum('user','admin')","Null":"YES","Key":"","Default":"user","Extra":""},{"Field":"verification_code","Type":"varchar(100)","Null":"YES","Key":"","Default":null,"Extra":""},{"Field":"is_verified","Type":"tinyint(1)","Null":"YES","Key":"","Default":"0","Extra":""},{"Field":"created_at","Type":"timestamp","Null":"NO","Key":"","Default":"current_timestamp()","Extra":""},{"Field":"favorite_sport","Type":"varchar(50)","Null":"YES","Key":"","Default":null,"Extra":""},{"Field":"favorite_team","Type":"varchar(50)","Null":"YES","Key":"","Default":null,"Extra":""},{"Field":"account_type","Type":"enum('user','admin')","Null":"YES","Key":"","Default":"user","Extra":""}]
[23-Apr-2025 22:31:07 Europe/Berlin] Number of users in database: 13
[23-Apr-2025 22:31:07 Europe/Berlin] All tables initialized successfully
[23-Apr-2025 22:31:07 Europe/Berlin] Connected to database. Tables found: favorites, feedback, matches, matches_backup, matches_new, news, newsletter, notifications, players, subscriptions, users
[23-Apr-2025 22:31:07 Europe/Berlin] Executing SQL: CREATE TABLE IF NOT EXISTS users (
                id INT AUTO_INCREMENT PRIMARY KEY,
                username VARCHAR(50) NOT NULL UNIQUE,
                password VARCHAR(255) NOT NULL,
                email VARCHAR(100) NOT NULL UNIQUE,
                account_type ENUM('user', 'admin') DEFAULT 'user',
                created_at TIMESTAMP DEFAULT CURRENT_TIMESTAMP
            )
[23-Apr-2025 22:31:07 Europe/Berlin] With params: []
[23-Apr-2025 22:31:07 Europe/Berlin] Query executed successfully. Found 0 rows
[23-Apr-2025 22:31:07 Europe/Berlin] Users table created or already exists
[23-Apr-2025 22:31:07 Europe/Berlin] Users table structure: [{"Field":"id","Type":"int(11)","Null":"NO","Key":"PRI","Default":null,"Extra":"auto_increment"},{"Field":"username","Type":"varchar(50)","Null":"NO","Key":"","Default":null,"Extra":""},{"Field":"email","Type":"varchar(100)","Null":"NO","Key":"UNI","Default":null,"Extra":""},{"Field":"password","Type":"varchar(255)","Null":"NO","Key":"","Default":null,"Extra":""},{"Field":"role","Type":"enum('user','admin')","Null":"YES","Key":"","Default":"user","Extra":""},{"Field":"verification_code","Type":"varchar(100)","Null":"YES","Key":"","Default":null,"Extra":""},{"Field":"is_verified","Type":"tinyint(1)","Null":"YES","Key":"","Default":"0","Extra":""},{"Field":"created_at","Type":"timestamp","Null":"NO","Key":"","Default":"current_timestamp()","Extra":""},{"Field":"favorite_sport","Type":"varchar(50)","Null":"YES","Key":"","Default":null,"Extra":""},{"Field":"favorite_team","Type":"varchar(50)","Null":"YES","Key":"","Default":null,"Extra":""},{"Field":"account_type","Type":"enum('user','admin')","Null":"YES","Key":"","Default":"user","Extra":""}]
[23-Apr-2025 22:31:07 Europe/Berlin] Number of users in database: 13
[23-Apr-2025 22:31:07 Europe/Berlin] All tables initialized successfully
[23-Apr-2025 22:31:07 Europe/Berlin] Database tables initialized successfully
[23-Apr-2025 22:31:07 Europe/Berlin] Executing SQL: SELECT * FROM users WHERE id = :id
[23-Apr-2025 22:31:07 Europe/Berlin] With params: {":id":12}
[23-Apr-2025 22:31:07 Europe/Berlin] Query executed successfully. Found 1 rows
[23-Apr-2025 22:31:07 Europe/Berlin] User loaded from session: varunpndey
[23-Apr-2025 22:31:42 Europe/Berlin] Connected to database. Tables found: favorites, feedback, matches, matches_backup, matches_new, news, newsletter, notifications, players, subscriptions, users
[23-Apr-2025 22:31:42 Europe/Berlin] Executing SQL: CREATE TABLE IF NOT EXISTS users (
                id INT AUTO_INCREMENT PRIMARY KEY,
                username VARCHAR(50) NOT NULL UNIQUE,
                password VARCHAR(255) NOT NULL,
                email VARCHAR(100) NOT NULL UNIQUE,
                account_type ENUM('user', 'admin') DEFAULT 'user',
                created_at TIMESTAMP DEFAULT CURRENT_TIMESTAMP
            )
[23-Apr-2025 22:31:42 Europe/Berlin] With params: []
[23-Apr-2025 22:31:42 Europe/Berlin] Query executed successfully. Found 0 rows
[23-Apr-2025 22:31:42 Europe/Berlin] Users table created or already exists
[23-Apr-2025 22:31:42 Europe/Berlin] Users table structure: [{"Field":"id","Type":"int(11)","Null":"NO","Key":"PRI","Default":null,"Extra":"auto_increment"},{"Field":"username","Type":"varchar(50)","Null":"NO","Key":"","Default":null,"Extra":""},{"Field":"email","Type":"varchar(100)","Null":"NO","Key":"UNI","Default":null,"Extra":""},{"Field":"password","Type":"varchar(255)","Null":"NO","Key":"","Default":null,"Extra":""},{"Field":"role","Type":"enum('user','admin')","Null":"YES","Key":"","Default":"user","Extra":""},{"Field":"verification_code","Type":"varchar(100)","Null":"YES","Key":"","Default":null,"Extra":""},{"Field":"is_verified","Type":"tinyint(1)","Null":"YES","Key":"","Default":"0","Extra":""},{"Field":"created_at","Type":"timestamp","Null":"NO","Key":"","Default":"current_timestamp()","Extra":""},{"Field":"favorite_sport","Type":"varchar(50)","Null":"YES","Key":"","Default":null,"Extra":""},{"Field":"favorite_team","Type":"varchar(50)","Null":"YES","Key":"","Default":null,"Extra":""},{"Field":"account_type","Type":"enum('user','admin')","Null":"YES","Key":"","Default":"user","Extra":""}]
[23-Apr-2025 22:31:42 Europe/Berlin] Number of users in database: 13
[23-Apr-2025 22:31:42 Europe/Berlin] All tables initialized successfully
[23-Apr-2025 22:31:42 Europe/Berlin] Connected to database. Tables found: favorites, feedback, matches, matches_backup, matches_new, news, newsletter, notifications, players, subscriptions, users
[23-Apr-2025 22:31:42 Europe/Berlin] Executing SQL: CREATE TABLE IF NOT EXISTS users (
                id INT AUTO_INCREMENT PRIMARY KEY,
                username VARCHAR(50) NOT NULL UNIQUE,
                password VARCHAR(255) NOT NULL,
                email VARCHAR(100) NOT NULL UNIQUE,
                account_type ENUM('user', 'admin') DEFAULT 'user',
                created_at TIMESTAMP DEFAULT CURRENT_TIMESTAMP
            )
[23-Apr-2025 22:31:42 Europe/Berlin] With params: []
[23-Apr-2025 22:31:42 Europe/Berlin] Query executed successfully. Found 0 rows
[23-Apr-2025 22:31:42 Europe/Berlin] Users table created or already exists
[23-Apr-2025 22:31:42 Europe/Berlin] Users table structure: [{"Field":"id","Type":"int(11)","Null":"NO","Key":"PRI","Default":null,"Extra":"auto_increment"},{"Field":"username","Type":"varchar(50)","Null":"NO","Key":"","Default":null,"Extra":""},{"Field":"email","Type":"varchar(100)","Null":"NO","Key":"UNI","Default":null,"Extra":""},{"Field":"password","Type":"varchar(255)","Null":"NO","Key":"","Default":null,"Extra":""},{"Field":"role","Type":"enum('user','admin')","Null":"YES","Key":"","Default":"user","Extra":""},{"Field":"verification_code","Type":"varchar(100)","Null":"YES","Key":"","Default":null,"Extra":""},{"Field":"is_verified","Type":"tinyint(1)","Null":"YES","Key":"","Default":"0","Extra":""},{"Field":"created_at","Type":"timestamp","Null":"NO","Key":"","Default":"current_timestamp()","Extra":""},{"Field":"favorite_sport","Type":"varchar(50)","Null":"YES","Key":"","Default":null,"Extra":""},{"Field":"favorite_team","Type":"varchar(50)","Null":"YES","Key":"","Default":null,"Extra":""},{"Field":"account_type","Type":"enum('user','admin')","Null":"YES","Key":"","Default":"user","Extra":""}]
[23-Apr-2025 22:31:42 Europe/Berlin] Number of users in database: 13
[23-Apr-2025 22:31:42 Europe/Berlin] All tables initialized successfully
[23-Apr-2025 22:31:42 Europe/Berlin] Database tables initialized successfully
[23-Apr-2025 22:31:42 Europe/Berlin] Executing SQL: SELECT * FROM users WHERE id = :id
[23-Apr-2025 22:31:42 Europe/Berlin] With params: {":id":12}
[23-Apr-2025 22:31:42 Europe/Berlin] Query executed successfully. Found 1 rows
[23-Apr-2025 22:31:42 Europe/Berlin] User loaded from session: varunpndey
[23-Apr-2025 22:31:46 Europe/Berlin] Connected to database. Tables found: favorites, feedback, matches, matches_backup, matches_new, news, newsletter, notifications, players, subscriptions, users
[23-Apr-2025 22:31:46 Europe/Berlin] Executing SQL: CREATE TABLE IF NOT EXISTS users (
                id INT AUTO_INCREMENT PRIMARY KEY,
                username VARCHAR(50) NOT NULL UNIQUE,
                password VARCHAR(255) NOT NULL,
                email VARCHAR(100) NOT NULL UNIQUE,
                account_type ENUM('user', 'admin') DEFAULT 'user',
                created_at TIMESTAMP DEFAULT CURRENT_TIMESTAMP
            )
[23-Apr-2025 22:31:46 Europe/Berlin] With params: []
[23-Apr-2025 22:31:46 Europe/Berlin] Query executed successfully. Found 0 rows
[23-Apr-2025 22:31:46 Europe/Berlin] Users table created or already exists
[23-Apr-2025 22:31:46 Europe/Berlin] Users table structure: [{"Field":"id","Type":"int(11)","Null":"NO","Key":"PRI","Default":null,"Extra":"auto_increment"},{"Field":"username","Type":"varchar(50)","Null":"NO","Key":"","Default":null,"Extra":""},{"Field":"email","Type":"varchar(100)","Null":"NO","Key":"UNI","Default":null,"Extra":""},{"Field":"password","Type":"varchar(255)","Null":"NO","Key":"","Default":null,"Extra":""},{"Field":"role","Type":"enum('user','admin')","Null":"YES","Key":"","Default":"user","Extra":""},{"Field":"verification_code","Type":"varchar(100)","Null":"YES","Key":"","Default":null,"Extra":""},{"Field":"is_verified","Type":"tinyint(1)","Null":"YES","Key":"","Default":"0","Extra":""},{"Field":"created_at","Type":"timestamp","Null":"NO","Key":"","Default":"current_timestamp()","Extra":""},{"Field":"favorite_sport","Type":"varchar(50)","Null":"YES","Key":"","Default":null,"Extra":""},{"Field":"favorite_team","Type":"varchar(50)","Null":"YES","Key":"","Default":null,"Extra":""},{"Field":"account_type","Type":"enum('user','admin')","Null":"YES","Key":"","Default":"user","Extra":""}]
[23-Apr-2025 22:31:46 Europe/Berlin] Number of users in database: 13
[23-Apr-2025 22:31:46 Europe/Berlin] All tables initialized successfully
[23-Apr-2025 22:31:46 Europe/Berlin] Connected to database. Tables found: favorites, feedback, matches, matches_backup, matches_new, news, newsletter, notifications, players, subscriptions, users
[23-Apr-2025 22:31:46 Europe/Berlin] Executing SQL: CREATE TABLE IF NOT EXISTS users (
                id INT AUTO_INCREMENT PRIMARY KEY,
                username VARCHAR(50) NOT NULL UNIQUE,
                password VARCHAR(255) NOT NULL,
                email VARCHAR(100) NOT NULL UNIQUE,
                account_type ENUM('user', 'admin') DEFAULT 'user',
                created_at TIMESTAMP DEFAULT CURRENT_TIMESTAMP
            )
[23-Apr-2025 22:31:46 Europe/Berlin] With params: []
[23-Apr-2025 22:31:46 Europe/Berlin] Query executed successfully. Found 0 rows
[23-Apr-2025 22:31:46 Europe/Berlin] Users table created or already exists
[23-Apr-2025 22:31:46 Europe/Berlin] Users table structure: [{"Field":"id","Type":"int(11)","Null":"NO","Key":"PRI","Default":null,"Extra":"auto_increment"},{"Field":"username","Type":"varchar(50)","Null":"NO","Key":"","Default":null,"Extra":""},{"Field":"email","Type":"varchar(100)","Null":"NO","Key":"UNI","Default":null,"Extra":""},{"Field":"password","Type":"varchar(255)","Null":"NO","Key":"","Default":null,"Extra":""},{"Field":"role","Type":"enum('user','admin')","Null":"YES","Key":"","Default":"user","Extra":""},{"Field":"verification_code","Type":"varchar(100)","Null":"YES","Key":"","Default":null,"Extra":""},{"Field":"is_verified","Type":"tinyint(1)","Null":"YES","Key":"","Default":"0","Extra":""},{"Field":"created_at","Type":"timestamp","Null":"NO","Key":"","Default":"current_timestamp()","Extra":""},{"Field":"favorite_sport","Type":"varchar(50)","Null":"YES","Key":"","Default":null,"Extra":""},{"Field":"favorite_team","Type":"varchar(50)","Null":"YES","Key":"","Default":null,"Extra":""},{"Field":"account_type","Type":"enum('user','admin')","Null":"YES","Key":"","Default":"user","Extra":""}]
[23-Apr-2025 22:31:46 Europe/Berlin] Number of users in database: 13
[23-Apr-2025 22:31:46 Europe/Berlin] All tables initialized successfully
[23-Apr-2025 22:31:46 Europe/Berlin] Database tables initialized successfully
[23-Apr-2025 22:31:46 Europe/Berlin] Executing SQL: SELECT * FROM users WHERE id = :id
[23-Apr-2025 22:31:46 Europe/Berlin] With params: {":id":12}
[23-Apr-2025 22:31:46 Europe/Berlin] Query executed successfully. Found 1 rows
[23-Apr-2025 22:31:46 Europe/Berlin] User loaded from session: varunpndey
[23-Apr-2025 22:31:48 Europe/Berlin] Connected to database. Tables found: favorites, feedback, matches, matches_backup, matches_new, news, newsletter, notifications, players, subscriptions, users
[23-Apr-2025 22:31:48 Europe/Berlin] Executing SQL: CREATE TABLE IF NOT EXISTS users (
                id INT AUTO_INCREMENT PRIMARY KEY,
                username VARCHAR(50) NOT NULL UNIQUE,
                password VARCHAR(255) NOT NULL,
                email VARCHAR(100) NOT NULL UNIQUE,
                account_type ENUM('user', 'admin') DEFAULT 'user',
                created_at TIMESTAMP DEFAULT CURRENT_TIMESTAMP
            )
[23-Apr-2025 22:31:48 Europe/Berlin] With params: []
[23-Apr-2025 22:31:48 Europe/Berlin] Query executed successfully. Found 0 rows
[23-Apr-2025 22:31:48 Europe/Berlin] Users table created or already exists
[23-Apr-2025 22:31:48 Europe/Berlin] Users table structure: [{"Field":"id","Type":"int(11)","Null":"NO","Key":"PRI","Default":null,"Extra":"auto_increment"},{"Field":"username","Type":"varchar(50)","Null":"NO","Key":"","Default":null,"Extra":""},{"Field":"email","Type":"varchar(100)","Null":"NO","Key":"UNI","Default":null,"Extra":""},{"Field":"password","Type":"varchar(255)","Null":"NO","Key":"","Default":null,"Extra":""},{"Field":"role","Type":"enum('user','admin')","Null":"YES","Key":"","Default":"user","Extra":""},{"Field":"verification_code","Type":"varchar(100)","Null":"YES","Key":"","Default":null,"Extra":""},{"Field":"is_verified","Type":"tinyint(1)","Null":"YES","Key":"","Default":"0","Extra":""},{"Field":"created_at","Type":"timestamp","Null":"NO","Key":"","Default":"current_timestamp()","Extra":""},{"Field":"favorite_sport","Type":"varchar(50)","Null":"YES","Key":"","Default":null,"Extra":""},{"Field":"favorite_team","Type":"varchar(50)","Null":"YES","Key":"","Default":null,"Extra":""},{"Field":"account_type","Type":"enum('user','admin')","Null":"YES","Key":"","Default":"user","Extra":""}]
[23-Apr-2025 22:31:48 Europe/Berlin] Number of users in database: 13
[23-Apr-2025 22:31:48 Europe/Berlin] All tables initialized successfully
[23-Apr-2025 22:31:48 Europe/Berlin] Connected to database. Tables found: favorites, feedback, matches, matches_backup, matches_new, news, newsletter, notifications, players, subscriptions, users
[23-Apr-2025 22:31:48 Europe/Berlin] Executing SQL: CREATE TABLE IF NOT EXISTS users (
                id INT AUTO_INCREMENT PRIMARY KEY,
                username VARCHAR(50) NOT NULL UNIQUE,
                password VARCHAR(255) NOT NULL,
                email VARCHAR(100) NOT NULL UNIQUE,
                account_type ENUM('user', 'admin') DEFAULT 'user',
                created_at TIMESTAMP DEFAULT CURRENT_TIMESTAMP
            )
[23-Apr-2025 22:31:48 Europe/Berlin] With params: []
[23-Apr-2025 22:31:48 Europe/Berlin] Query executed successfully. Found 0 rows
[23-Apr-2025 22:31:48 Europe/Berlin] Users table created or already exists
[23-Apr-2025 22:31:48 Europe/Berlin] Users table structure: [{"Field":"id","Type":"int(11)","Null":"NO","Key":"PRI","Default":null,"Extra":"auto_increment"},{"Field":"username","Type":"varchar(50)","Null":"NO","Key":"","Default":null,"Extra":""},{"Field":"email","Type":"varchar(100)","Null":"NO","Key":"UNI","Default":null,"Extra":""},{"Field":"password","Type":"varchar(255)","Null":"NO","Key":"","Default":null,"Extra":""},{"Field":"role","Type":"enum('user','admin')","Null":"YES","Key":"","Default":"user","Extra":""},{"Field":"verification_code","Type":"varchar(100)","Null":"YES","Key":"","Default":null,"Extra":""},{"Field":"is_verified","Type":"tinyint(1)","Null":"YES","Key":"","Default":"0","Extra":""},{"Field":"created_at","Type":"timestamp","Null":"NO","Key":"","Default":"current_timestamp()","Extra":""},{"Field":"favorite_sport","Type":"varchar(50)","Null":"YES","Key":"","Default":null,"Extra":""},{"Field":"favorite_team","Type":"varchar(50)","Null":"YES","Key":"","Default":null,"Extra":""},{"Field":"account_type","Type":"enum('user','admin')","Null":"YES","Key":"","Default":"user","Extra":""}]
[23-Apr-2025 22:31:48 Europe/Berlin] Number of users in database: 13
[23-Apr-2025 22:31:48 Europe/Berlin] All tables initialized successfully
[23-Apr-2025 22:31:48 Europe/Berlin] Database tables initialized successfully
[23-Apr-2025 22:31:48 Europe/Berlin] Executing SQL: SELECT * FROM users WHERE id = :id
[23-Apr-2025 22:31:48 Europe/Berlin] With params: {":id":12}
[23-Apr-2025 22:31:48 Europe/Berlin] Query executed successfully. Found 1 rows
[23-Apr-2025 22:31:48 Europe/Berlin] User loaded from session: varunpndey
[23-Apr-2025 22:31:52 Europe/Berlin] Connected to database. Tables found: favorites, feedback, matches, matches_backup, matches_new, news, newsletter, notifications, players, subscriptions, users
[23-Apr-2025 22:31:52 Europe/Berlin] Executing SQL: CREATE TABLE IF NOT EXISTS users (
                id INT AUTO_INCREMENT PRIMARY KEY,
                username VARCHAR(50) NOT NULL UNIQUE,
                password VARCHAR(255) NOT NULL,
                email VARCHAR(100) NOT NULL UNIQUE,
                account_type ENUM('user', 'admin') DEFAULT 'user',
                created_at TIMESTAMP DEFAULT CURRENT_TIMESTAMP
            )
[23-Apr-2025 22:31:52 Europe/Berlin] With params: []
[23-Apr-2025 22:31:52 Europe/Berlin] Query executed successfully. Found 0 rows
[23-Apr-2025 22:31:52 Europe/Berlin] Users table created or already exists
[23-Apr-2025 22:31:52 Europe/Berlin] Users table structure: [{"Field":"id","Type":"int(11)","Null":"NO","Key":"PRI","Default":null,"Extra":"auto_increment"},{"Field":"username","Type":"varchar(50)","Null":"NO","Key":"","Default":null,"Extra":""},{"Field":"email","Type":"varchar(100)","Null":"NO","Key":"UNI","Default":null,"Extra":""},{"Field":"password","Type":"varchar(255)","Null":"NO","Key":"","Default":null,"Extra":""},{"Field":"role","Type":"enum('user','admin')","Null":"YES","Key":"","Default":"user","Extra":""},{"Field":"verification_code","Type":"varchar(100)","Null":"YES","Key":"","Default":null,"Extra":""},{"Field":"is_verified","Type":"tinyint(1)","Null":"YES","Key":"","Default":"0","Extra":""},{"Field":"created_at","Type":"timestamp","Null":"NO","Key":"","Default":"current_timestamp()","Extra":""},{"Field":"favorite_sport","Type":"varchar(50)","Null":"YES","Key":"","Default":null,"Extra":""},{"Field":"favorite_team","Type":"varchar(50)","Null":"YES","Key":"","Default":null,"Extra":""},{"Field":"account_type","Type":"enum('user','admin')","Null":"YES","Key":"","Default":"user","Extra":""}]
[23-Apr-2025 22:31:52 Europe/Berlin] Number of users in database: 13
[23-Apr-2025 22:31:52 Europe/Berlin] All tables initialized successfully
[23-Apr-2025 22:31:52 Europe/Berlin] Connected to database. Tables found: favorites, feedback, matches, matches_backup, matches_new, news, newsletter, notifications, players, subscriptions, users
[23-Apr-2025 22:31:52 Europe/Berlin] Executing SQL: CREATE TABLE IF NOT EXISTS users (
                id INT AUTO_INCREMENT PRIMARY KEY,
                username VARCHAR(50) NOT NULL UNIQUE,
                password VARCHAR(255) NOT NULL,
                email VARCHAR(100) NOT NULL UNIQUE,
                account_type ENUM('user', 'admin') DEFAULT 'user',
                created_at TIMESTAMP DEFAULT CURRENT_TIMESTAMP
            )
[23-Apr-2025 22:31:52 Europe/Berlin] With params: []
[23-Apr-2025 22:31:52 Europe/Berlin] Query executed successfully. Found 0 rows
[23-Apr-2025 22:31:52 Europe/Berlin] Users table created or already exists
[23-Apr-2025 22:31:52 Europe/Berlin] Users table structure: [{"Field":"id","Type":"int(11)","Null":"NO","Key":"PRI","Default":null,"Extra":"auto_increment"},{"Field":"username","Type":"varchar(50)","Null":"NO","Key":"","Default":null,"Extra":""},{"Field":"email","Type":"varchar(100)","Null":"NO","Key":"UNI","Default":null,"Extra":""},{"Field":"password","Type":"varchar(255)","Null":"NO","Key":"","Default":null,"Extra":""},{"Field":"role","Type":"enum('user','admin')","Null":"YES","Key":"","Default":"user","Extra":""},{"Field":"verification_code","Type":"varchar(100)","Null":"YES","Key":"","Default":null,"Extra":""},{"Field":"is_verified","Type":"tinyint(1)","Null":"YES","Key":"","Default":"0","Extra":""},{"Field":"created_at","Type":"timestamp","Null":"NO","Key":"","Default":"current_timestamp()","Extra":""},{"Field":"favorite_sport","Type":"varchar(50)","Null":"YES","Key":"","Default":null,"Extra":""},{"Field":"favorite_team","Type":"varchar(50)","Null":"YES","Key":"","Default":null,"Extra":""},{"Field":"account_type","Type":"enum('user','admin')","Null":"YES","Key":"","Default":"user","Extra":""}]
[23-Apr-2025 22:31:52 Europe/Berlin] Number of users in database: 13
[23-Apr-2025 22:31:52 Europe/Berlin] All tables initialized successfully
[23-Apr-2025 22:31:52 Europe/Berlin] Database tables initialized successfully
[23-Apr-2025 22:31:52 Europe/Berlin] Executing SQL: SELECT * FROM users WHERE id = :id
[23-Apr-2025 22:31:52 Europe/Berlin] With params: {":id":12}
[23-Apr-2025 22:31:52 Europe/Berlin] Query executed successfully. Found 1 rows
[23-Apr-2025 22:31:52 Europe/Berlin] User loaded from session: varunpndey
[23-Apr-2025 22:31:54 Europe/Berlin] Connected to database. Tables found: favorites, feedback, matches, matches_backup, matches_new, news, newsletter, notifications, players, subscriptions, users
[23-Apr-2025 22:31:54 Europe/Berlin] Executing SQL: CREATE TABLE IF NOT EXISTS users (
                id INT AUTO_INCREMENT PRIMARY KEY,
                username VARCHAR(50) NOT NULL UNIQUE,
                password VARCHAR(255) NOT NULL,
                email VARCHAR(100) NOT NULL UNIQUE,
                account_type ENUM('user', 'admin') DEFAULT 'user',
                created_at TIMESTAMP DEFAULT CURRENT_TIMESTAMP
            )
[23-Apr-2025 22:31:54 Europe/Berlin] With params: []
[23-Apr-2025 22:31:54 Europe/Berlin] Query executed successfully. Found 0 rows
[23-Apr-2025 22:31:54 Europe/Berlin] Users table created or already exists
[23-Apr-2025 22:31:54 Europe/Berlin] Users table structure: [{"Field":"id","Type":"int(11)","Null":"NO","Key":"PRI","Default":null,"Extra":"auto_increment"},{"Field":"username","Type":"varchar(50)","Null":"NO","Key":"","Default":null,"Extra":""},{"Field":"email","Type":"varchar(100)","Null":"NO","Key":"UNI","Default":null,"Extra":""},{"Field":"password","Type":"varchar(255)","Null":"NO","Key":"","Default":null,"Extra":""},{"Field":"role","Type":"enum('user','admin')","Null":"YES","Key":"","Default":"user","Extra":""},{"Field":"verification_code","Type":"varchar(100)","Null":"YES","Key":"","Default":null,"Extra":""},{"Field":"is_verified","Type":"tinyint(1)","Null":"YES","Key":"","Default":"0","Extra":""},{"Field":"created_at","Type":"timestamp","Null":"NO","Key":"","Default":"current_timestamp()","Extra":""},{"Field":"favorite_sport","Type":"varchar(50)","Null":"YES","Key":"","Default":null,"Extra":""},{"Field":"favorite_team","Type":"varchar(50)","Null":"YES","Key":"","Default":null,"Extra":""},{"Field":"account_type","Type":"enum('user','admin')","Null":"YES","Key":"","Default":"user","Extra":""}]
[23-Apr-2025 22:31:54 Europe/Berlin] Number of users in database: 13
[23-Apr-2025 22:31:54 Europe/Berlin] All tables initialized successfully
[23-Apr-2025 22:31:54 Europe/Berlin] Connected to database. Tables found: favorites, feedback, matches, matches_backup, matches_new, news, newsletter, notifications, players, subscriptions, users
[23-Apr-2025 22:31:54 Europe/Berlin] Executing SQL: CREATE TABLE IF NOT EXISTS users (
                id INT AUTO_INCREMENT PRIMARY KEY,
                username VARCHAR(50) NOT NULL UNIQUE,
                password VARCHAR(255) NOT NULL,
                email VARCHAR(100) NOT NULL UNIQUE,
                account_type ENUM('user', 'admin') DEFAULT 'user',
                created_at TIMESTAMP DEFAULT CURRENT_TIMESTAMP
            )
[23-Apr-2025 22:31:54 Europe/Berlin] With params: []
[23-Apr-2025 22:31:54 Europe/Berlin] Query executed successfully. Found 0 rows
[23-Apr-2025 22:31:54 Europe/Berlin] Users table created or already exists
[23-Apr-2025 22:31:54 Europe/Berlin] Users table structure: [{"Field":"id","Type":"int(11)","Null":"NO","Key":"PRI","Default":null,"Extra":"auto_increment"},{"Field":"username","Type":"varchar(50)","Null":"NO","Key":"","Default":null,"Extra":""},{"Field":"email","Type":"varchar(100)","Null":"NO","Key":"UNI","Default":null,"Extra":""},{"Field":"password","Type":"varchar(255)","Null":"NO","Key":"","Default":null,"Extra":""},{"Field":"role","Type":"enum('user','admin')","Null":"YES","Key":"","Default":"user","Extra":""},{"Field":"verification_code","Type":"varchar(100)","Null":"YES","Key":"","Default":null,"Extra":""},{"Field":"is_verified","Type":"tinyint(1)","Null":"YES","Key":"","Default":"0","Extra":""},{"Field":"created_at","Type":"timestamp","Null":"NO","Key":"","Default":"current_timestamp()","Extra":""},{"Field":"favorite_sport","Type":"varchar(50)","Null":"YES","Key":"","Default":null,"Extra":""},{"Field":"favorite_team","Type":"varchar(50)","Null":"YES","Key":"","Default":null,"Extra":""},{"Field":"account_type","Type":"enum('user','admin')","Null":"YES","Key":"","Default":"user","Extra":""}]
[23-Apr-2025 22:31:54 Europe/Berlin] Number of users in database: 13
[23-Apr-2025 22:31:54 Europe/Berlin] All tables initialized successfully
[23-Apr-2025 22:31:54 Europe/Berlin] Database tables initialized successfully
[23-Apr-2025 22:31:54 Europe/Berlin] Executing SQL: SELECT * FROM users WHERE id = :id
[23-Apr-2025 22:31:54 Europe/Berlin] With params: {":id":12}
[23-Apr-2025 22:31:54 Europe/Berlin] Query executed successfully. Found 1 rows
[23-Apr-2025 22:31:54 Europe/Berlin] User loaded from session: varunpndey
[23-Apr-2025 22:32:10 Europe/Berlin] Connected to database. Tables found: favorites, feedback, matches, matches_backup, matches_new, news, newsletter, notifications, players, subscriptions, users
[23-Apr-2025 22:32:10 Europe/Berlin] Executing SQL: CREATE TABLE IF NOT EXISTS users (
                id INT AUTO_INCREMENT PRIMARY KEY,
                username VARCHAR(50) NOT NULL UNIQUE,
                password VARCHAR(255) NOT NULL,
                email VARCHAR(100) NOT NULL UNIQUE,
                account_type ENUM('user', 'admin') DEFAULT 'user',
                created_at TIMESTAMP DEFAULT CURRENT_TIMESTAMP
            )
[23-Apr-2025 22:32:10 Europe/Berlin] With params: []
[23-Apr-2025 22:32:10 Europe/Berlin] Query executed successfully. Found 0 rows
[23-Apr-2025 22:32:10 Europe/Berlin] Users table created or already exists
[23-Apr-2025 22:32:10 Europe/Berlin] Users table structure: [{"Field":"id","Type":"int(11)","Null":"NO","Key":"PRI","Default":null,"Extra":"auto_increment"},{"Field":"username","Type":"varchar(50)","Null":"NO","Key":"","Default":null,"Extra":""},{"Field":"email","Type":"varchar(100)","Null":"NO","Key":"UNI","Default":null,"Extra":""},{"Field":"password","Type":"varchar(255)","Null":"NO","Key":"","Default":null,"Extra":""},{"Field":"role","Type":"enum('user','admin')","Null":"YES","Key":"","Default":"user","Extra":""},{"Field":"verification_code","Type":"varchar(100)","Null":"YES","Key":"","Default":null,"Extra":""},{"Field":"is_verified","Type":"tinyint(1)","Null":"YES","Key":"","Default":"0","Extra":""},{"Field":"created_at","Type":"timestamp","Null":"NO","Key":"","Default":"current_timestamp()","Extra":""},{"Field":"favorite_sport","Type":"varchar(50)","Null":"YES","Key":"","Default":null,"Extra":""},{"Field":"favorite_team","Type":"varchar(50)","Null":"YES","Key":"","Default":null,"Extra":""},{"Field":"account_type","Type":"enum('user','admin')","Null":"YES","Key":"","Default":"user","Extra":""}]
[23-Apr-2025 22:32:10 Europe/Berlin] Number of users in database: 13
[23-Apr-2025 22:32:10 Europe/Berlin] All tables initialized successfully
[23-Apr-2025 22:32:10 Europe/Berlin] Connected to database. Tables found: favorites, feedback, matches, matches_backup, matches_new, news, newsletter, notifications, players, subscriptions, users
[23-Apr-2025 22:32:10 Europe/Berlin] Executing SQL: CREATE TABLE IF NOT EXISTS users (
                id INT AUTO_INCREMENT PRIMARY KEY,
                username VARCHAR(50) NOT NULL UNIQUE,
                password VARCHAR(255) NOT NULL,
                email VARCHAR(100) NOT NULL UNIQUE,
                account_type ENUM('user', 'admin') DEFAULT 'user',
                created_at TIMESTAMP DEFAULT CURRENT_TIMESTAMP
            )
[23-Apr-2025 22:32:10 Europe/Berlin] With params: []
[23-Apr-2025 22:32:10 Europe/Berlin] Query executed successfully. Found 0 rows
[23-Apr-2025 22:32:10 Europe/Berlin] Users table created or already exists
[23-Apr-2025 22:32:10 Europe/Berlin] Users table structure: [{"Field":"id","Type":"int(11)","Null":"NO","Key":"PRI","Default":null,"Extra":"auto_increment"},{"Field":"username","Type":"varchar(50)","Null":"NO","Key":"","Default":null,"Extra":""},{"Field":"email","Type":"varchar(100)","Null":"NO","Key":"UNI","Default":null,"Extra":""},{"Field":"password","Type":"varchar(255)","Null":"NO","Key":"","Default":null,"Extra":""},{"Field":"role","Type":"enum('user','admin')","Null":"YES","Key":"","Default":"user","Extra":""},{"Field":"verification_code","Type":"varchar(100)","Null":"YES","Key":"","Default":null,"Extra":""},{"Field":"is_verified","Type":"tinyint(1)","Null":"YES","Key":"","Default":"0","Extra":""},{"Field":"created_at","Type":"timestamp","Null":"NO","Key":"","Default":"current_timestamp()","Extra":""},{"Field":"favorite_sport","Type":"varchar(50)","Null":"YES","Key":"","Default":null,"Extra":""},{"Field":"favorite_team","Type":"varchar(50)","Null":"YES","Key":"","Default":null,"Extra":""},{"Field":"account_type","Type":"enum('user','admin')","Null":"YES","Key":"","Default":"user","Extra":""}]
[23-Apr-2025 22:32:10 Europe/Berlin] Number of users in database: 13
[23-Apr-2025 22:32:10 Europe/Berlin] All tables initialized successfully
[23-Apr-2025 22:32:10 Europe/Berlin] Database tables initialized successfully
[23-Apr-2025 22:32:10 Europe/Berlin] Executing SQL: SELECT * FROM users WHERE id = :id
[23-Apr-2025 22:32:10 Europe/Berlin] With params: {":id":12}
[23-Apr-2025 22:32:10 Europe/Berlin] Query executed successfully. Found 1 rows
[23-Apr-2025 22:32:10 Europe/Berlin] User loaded from session: varunpndey
[23-Apr-2025 22:32:12 Europe/Berlin] Connected to database. Tables found: favorites, feedback, matches, matches_backup, matches_new, news, newsletter, notifications, players, subscriptions, users
[23-Apr-2025 22:32:12 Europe/Berlin] Executing SQL: CREATE TABLE IF NOT EXISTS users (
                id INT AUTO_INCREMENT PRIMARY KEY,
                username VARCHAR(50) NOT NULL UNIQUE,
                password VARCHAR(255) NOT NULL,
                email VARCHAR(100) NOT NULL UNIQUE,
                account_type ENUM('user', 'admin') DEFAULT 'user',
                created_at TIMESTAMP DEFAULT CURRENT_TIMESTAMP
            )
[23-Apr-2025 22:32:12 Europe/Berlin] With params: []
[23-Apr-2025 22:32:12 Europe/Berlin] Query executed successfully. Found 0 rows
[23-Apr-2025 22:32:12 Europe/Berlin] Users table created or already exists
[23-Apr-2025 22:32:12 Europe/Berlin] Users table structure: [{"Field":"id","Type":"int(11)","Null":"NO","Key":"PRI","Default":null,"Extra":"auto_increment"},{"Field":"username","Type":"varchar(50)","Null":"NO","Key":"","Default":null,"Extra":""},{"Field":"email","Type":"varchar(100)","Null":"NO","Key":"UNI","Default":null,"Extra":""},{"Field":"password","Type":"varchar(255)","Null":"NO","Key":"","Default":null,"Extra":""},{"Field":"role","Type":"enum('user','admin')","Null":"YES","Key":"","Default":"user","Extra":""},{"Field":"verification_code","Type":"varchar(100)","Null":"YES","Key":"","Default":null,"Extra":""},{"Field":"is_verified","Type":"tinyint(1)","Null":"YES","Key":"","Default":"0","Extra":""},{"Field":"created_at","Type":"timestamp","Null":"NO","Key":"","Default":"current_timestamp()","Extra":""},{"Field":"favorite_sport","Type":"varchar(50)","Null":"YES","Key":"","Default":null,"Extra":""},{"Field":"favorite_team","Type":"varchar(50)","Null":"YES","Key":"","Default":null,"Extra":""},{"Field":"account_type","Type":"enum('user','admin')","Null":"YES","Key":"","Default":"user","Extra":""}]
[23-Apr-2025 22:32:12 Europe/Berlin] Number of users in database: 13
[23-Apr-2025 22:32:12 Europe/Berlin] All tables initialized successfully
[23-Apr-2025 22:32:12 Europe/Berlin] Connected to database. Tables found: favorites, feedback, matches, matches_backup, matches_new, news, newsletter, notifications, players, subscriptions, users
[23-Apr-2025 22:32:12 Europe/Berlin] Executing SQL: CREATE TABLE IF NOT EXISTS users (
                id INT AUTO_INCREMENT PRIMARY KEY,
                username VARCHAR(50) NOT NULL UNIQUE,
                password VARCHAR(255) NOT NULL,
                email VARCHAR(100) NOT NULL UNIQUE,
                account_type ENUM('user', 'admin') DEFAULT 'user',
                created_at TIMESTAMP DEFAULT CURRENT_TIMESTAMP
            )
[23-Apr-2025 22:32:12 Europe/Berlin] With params: []
[23-Apr-2025 22:32:12 Europe/Berlin] Query executed successfully. Found 0 rows
[23-Apr-2025 22:32:12 Europe/Berlin] Users table created or already exists
[23-Apr-2025 22:32:12 Europe/Berlin] Users table structure: [{"Field":"id","Type":"int(11)","Null":"NO","Key":"PRI","Default":null,"Extra":"auto_increment"},{"Field":"username","Type":"varchar(50)","Null":"NO","Key":"","Default":null,"Extra":""},{"Field":"email","Type":"varchar(100)","Null":"NO","Key":"UNI","Default":null,"Extra":""},{"Field":"password","Type":"varchar(255)","Null":"NO","Key":"","Default":null,"Extra":""},{"Field":"role","Type":"enum('user','admin')","Null":"YES","Key":"","Default":"user","Extra":""},{"Field":"verification_code","Type":"varchar(100)","Null":"YES","Key":"","Default":null,"Extra":""},{"Field":"is_verified","Type":"tinyint(1)","Null":"YES","Key":"","Default":"0","Extra":""},{"Field":"created_at","Type":"timestamp","Null":"NO","Key":"","Default":"current_timestamp()","Extra":""},{"Field":"favorite_sport","Type":"varchar(50)","Null":"YES","Key":"","Default":null,"Extra":""},{"Field":"favorite_team","Type":"varchar(50)","Null":"YES","Key":"","Default":null,"Extra":""},{"Field":"account_type","Type":"enum('user','admin')","Null":"YES","Key":"","Default":"user","Extra":""}]
[23-Apr-2025 22:32:12 Europe/Berlin] Number of users in database: 13
[23-Apr-2025 22:32:12 Europe/Berlin] All tables initialized successfully
[23-Apr-2025 22:32:12 Europe/Berlin] Database tables initialized successfully
[23-Apr-2025 22:32:12 Europe/Berlin] Executing SQL: SELECT * FROM users WHERE id = :id
[23-Apr-2025 22:32:12 Europe/Berlin] With params: {":id":12}
[23-Apr-2025 22:32:12 Europe/Berlin] Query executed successfully. Found 1 rows
[23-Apr-2025 22:32:12 Europe/Berlin] User loaded from session: varunpndey
[23-Apr-2025 22:32:12 Europe/Berlin] Header - Session status: 2
[23-Apr-2025 22:32:12 Europe/Berlin] Header - Session data: {"user_id":12,"username":"varunpndey","email":"va@gmail.com","account_type":"admin"}
[23-Apr-2025 22:32:12 Europe/Berlin] Header - After session start - Status: 2
[23-Apr-2025 22:32:12 Europe/Berlin] Header - After session start - Data: {"user_id":12,"username":"varunpndey","email":"va@gmail.com","account_type":"admin"}
[23-Apr-2025 22:32:12 Europe/Berlin] Header - Is logged in: Yes
[23-Apr-2025 22:32:12 Europe/Berlin] Executing SQL: SELECT * FROM news ORDER BY created_at DESC LIMIT 5
[23-Apr-2025 22:32:12 Europe/Berlin] With params: []
[23-Apr-2025 22:32:12 Europe/Berlin] Query executed successfully. Found 5 rows
[23-Apr-2025 22:32:12 Europe/Berlin] Executing SQL: SELECT * FROM matches WHERE status = 'live'
[23-Apr-2025 22:32:12 Europe/Berlin] With params: []
[23-Apr-2025 22:32:12 Europe/Berlin] Query executed successfully. Found 1 rows
[23-Apr-2025 22:32:12 Europe/Berlin] Executing SQL: SELECT COUNT(*) as count FROM favorites 
                    WHERE user_id = :user_id AND match_id = :match_id
[23-Apr-2025 22:32:12 Europe/Berlin] With params: {":user_id":12,":match_id":42}
[23-Apr-2025 22:32:12 Europe/Berlin] Query executed successfully. Found 1 rows
[23-Apr-2025 22:32:17 Europe/Berlin] Connected to database. Tables found: favorites, feedback, matches, matches_backup, matches_new, news, newsletter, notifications, players, subscriptions, users
[23-Apr-2025 22:32:17 Europe/Berlin] Executing SQL: CREATE TABLE IF NOT EXISTS users (
                id INT AUTO_INCREMENT PRIMARY KEY,
                username VARCHAR(50) NOT NULL UNIQUE,
                password VARCHAR(255) NOT NULL,
                email VARCHAR(100) NOT NULL UNIQUE,
                account_type ENUM('user', 'admin') DEFAULT 'user',
                created_at TIMESTAMP DEFAULT CURRENT_TIMESTAMP
            )
[23-Apr-2025 22:32:17 Europe/Berlin] With params: []
[23-Apr-2025 22:32:17 Europe/Berlin] Query executed successfully. Found 0 rows
[23-Apr-2025 22:32:17 Europe/Berlin] Users table created or already exists
[23-Apr-2025 22:32:17 Europe/Berlin] Users table structure: [{"Field":"id","Type":"int(11)","Null":"NO","Key":"PRI","Default":null,"Extra":"auto_increment"},{"Field":"username","Type":"varchar(50)","Null":"NO","Key":"","Default":null,"Extra":""},{"Field":"email","Type":"varchar(100)","Null":"NO","Key":"UNI","Default":null,"Extra":""},{"Field":"password","Type":"varchar(255)","Null":"NO","Key":"","Default":null,"Extra":""},{"Field":"role","Type":"enum('user','admin')","Null":"YES","Key":"","Default":"user","Extra":""},{"Field":"verification_code","Type":"varchar(100)","Null":"YES","Key":"","Default":null,"Extra":""},{"Field":"is_verified","Type":"tinyint(1)","Null":"YES","Key":"","Default":"0","Extra":""},{"Field":"created_at","Type":"timestamp","Null":"NO","Key":"","Default":"current_timestamp()","Extra":""},{"Field":"favorite_sport","Type":"varchar(50)","Null":"YES","Key":"","Default":null,"Extra":""},{"Field":"favorite_team","Type":"varchar(50)","Null":"YES","Key":"","Default":null,"Extra":""},{"Field":"account_type","Type":"enum('user','admin')","Null":"YES","Key":"","Default":"user","Extra":""}]
[23-Apr-2025 22:32:17 Europe/Berlin] Number of users in database: 13
[23-Apr-2025 22:32:17 Europe/Berlin] All tables initialized successfully
[23-Apr-2025 22:32:17 Europe/Berlin] Connected to database. Tables found: favorites, feedback, matches, matches_backup, matches_new, news, newsletter, notifications, players, subscriptions, users
[23-Apr-2025 22:32:17 Europe/Berlin] Executing SQL: CREATE TABLE IF NOT EXISTS users (
                id INT AUTO_INCREMENT PRIMARY KEY,
                username VARCHAR(50) NOT NULL UNIQUE,
                password VARCHAR(255) NOT NULL,
                email VARCHAR(100) NOT NULL UNIQUE,
                account_type ENUM('user', 'admin') DEFAULT 'user',
                created_at TIMESTAMP DEFAULT CURRENT_TIMESTAMP
            )
[23-Apr-2025 22:32:17 Europe/Berlin] With params: []
[23-Apr-2025 22:32:17 Europe/Berlin] Query executed successfully. Found 0 rows
[23-Apr-2025 22:32:17 Europe/Berlin] Users table created or already exists
[23-Apr-2025 22:32:17 Europe/Berlin] Users table structure: [{"Field":"id","Type":"int(11)","Null":"NO","Key":"PRI","Default":null,"Extra":"auto_increment"},{"Field":"username","Type":"varchar(50)","Null":"NO","Key":"","Default":null,"Extra":""},{"Field":"email","Type":"varchar(100)","Null":"NO","Key":"UNI","Default":null,"Extra":""},{"Field":"password","Type":"varchar(255)","Null":"NO","Key":"","Default":null,"Extra":""},{"Field":"role","Type":"enum('user','admin')","Null":"YES","Key":"","Default":"user","Extra":""},{"Field":"verification_code","Type":"varchar(100)","Null":"YES","Key":"","Default":null,"Extra":""},{"Field":"is_verified","Type":"tinyint(1)","Null":"YES","Key":"","Default":"0","Extra":""},{"Field":"created_at","Type":"timestamp","Null":"NO","Key":"","Default":"current_timestamp()","Extra":""},{"Field":"favorite_sport","Type":"varchar(50)","Null":"YES","Key":"","Default":null,"Extra":""},{"Field":"favorite_team","Type":"varchar(50)","Null":"YES","Key":"","Default":null,"Extra":""},{"Field":"account_type","Type":"enum('user','admin')","Null":"YES","Key":"","Default":"user","Extra":""}]
[23-Apr-2025 22:32:17 Europe/Berlin] Number of users in database: 13
[23-Apr-2025 22:32:17 Europe/Berlin] All tables initialized successfully
[23-Apr-2025 22:32:17 Europe/Berlin] Database tables initialized successfully
[23-Apr-2025 22:32:17 Europe/Berlin] Executing SQL: SELECT * FROM users WHERE id = :id
[23-Apr-2025 22:32:17 Europe/Berlin] With params: {":id":12}
[23-Apr-2025 22:32:17 Europe/Berlin] Query executed successfully. Found 1 rows
[23-Apr-2025 22:32:17 Europe/Berlin] User loaded from session: varunpndey
[23-Apr-2025 22:32:17 Europe/Berlin] Executing SQL: SELECT * FROM users WHERE id = :id
[23-Apr-2025 22:32:17 Europe/Berlin] With params: {":id":12}
[23-Apr-2025 22:32:17 Europe/Berlin] Query executed successfully. Found 1 rows
[23-Apr-2025 22:32:17 Europe/Berlin] Executing SQL: SELECT * FROM news ORDER BY created_at DESC
[23-Apr-2025 22:32:17 Europe/Berlin] With params: []
[23-Apr-2025 22:32:17 Europe/Berlin] Query executed successfully. Found 6 rows
[23-Apr-2025 22:32:17 Europe/Berlin] Executing SQL: SELECT * FROM feedback ORDER BY created_at DESC
[23-Apr-2025 22:32:17 Europe/Berlin] With params: []
[23-Apr-2025 22:32:17 Europe/Berlin] Query executed successfully. Found 10 rows
[23-Apr-2025 22:32:17 Europe/Berlin] Executing SQL: SELECT * FROM matches WHERE status = 'live'
[23-Apr-2025 22:32:17 Europe/Berlin] With params: []
[23-Apr-2025 22:32:17 Europe/Berlin] Query executed successfully. Found 1 rows
[23-Apr-2025 22:32:17 Europe/Berlin] Executing SQL: SELECT * FROM matches WHERE 1=1 ORDER BY match_time DESC
[23-Apr-2025 22:32:17 Europe/Berlin] With params: []
[23-Apr-2025 22:32:17 Europe/Berlin] Query executed successfully. Found 5 rows
[23-Apr-2025 22:32:17 Europe/Berlin] PHP Warning:  Undefined array key "status" in /Applications/XAMPP/xamppfiles/htdocs/sportsync/public/admin.php on line 865
[23-Apr-2025 22:32:17 Europe/Berlin] PHP Warning:  Undefined array key "status" in /Applications/XAMPP/xamppfiles/htdocs/sportsync/public/admin.php on line 866
[23-Apr-2025 22:32:17 Europe/Berlin] PHP Warning:  Undefined array key "status" in /Applications/XAMPP/xamppfiles/htdocs/sportsync/public/admin.php on line 867
[23-Apr-2025 22:32:17 Europe/Berlin] PHP Warning:  Undefined array key "status" in /Applications/XAMPP/xamppfiles/htdocs/sportsync/public/admin.php on line 865
[23-Apr-2025 22:32:17 Europe/Berlin] PHP Warning:  Undefined array key "status" in /Applications/XAMPP/xamppfiles/htdocs/sportsync/public/admin.php on line 866
[23-Apr-2025 22:32:17 Europe/Berlin] PHP Warning:  Undefined array key "status" in /Applications/XAMPP/xamppfiles/htdocs/sportsync/public/admin.php on line 867
[23-Apr-2025 22:32:17 Europe/Berlin] PHP Warning:  Undefined array key "status" in /Applications/XAMPP/xamppfiles/htdocs/sportsync/public/admin.php on line 865
[23-Apr-2025 22:32:17 Europe/Berlin] PHP Warning:  Undefined array key "status" in /Applications/XAMPP/xamppfiles/htdocs/sportsync/public/admin.php on line 866
[23-Apr-2025 22:32:17 Europe/Berlin] PHP Warning:  Undefined array key "status" in /Applications/XAMPP/xamppfiles/htdocs/sportsync/public/admin.php on line 867
[23-Apr-2025 22:32:17 Europe/Berlin] PHP Warning:  Undefined array key "status" in /Applications/XAMPP/xamppfiles/htdocs/sportsync/public/admin.php on line 865
[23-Apr-2025 22:32:17 Europe/Berlin] PHP Warning:  Undefined array key "status" in /Applications/XAMPP/xamppfiles/htdocs/sportsync/public/admin.php on line 866
[23-Apr-2025 22:32:17 Europe/Berlin] PHP Warning:  Undefined array key "status" in /Applications/XAMPP/xamppfiles/htdocs/sportsync/public/admin.php on line 867
[23-Apr-2025 22:32:17 Europe/Berlin] PHP Warning:  Undefined array key "status" in /Applications/XAMPP/xamppfiles/htdocs/sportsync/public/admin.php on line 865
[23-Apr-2025 22:32:17 Europe/Berlin] PHP Warning:  Undefined array key "status" in /Applications/XAMPP/xamppfiles/htdocs/sportsync/public/admin.php on line 866
[23-Apr-2025 22:32:17 Europe/Berlin] PHP Warning:  Undefined array key "status" in /Applications/XAMPP/xamppfiles/htdocs/sportsync/public/admin.php on line 867
[23-Apr-2025 22:32:17 Europe/Berlin] PHP Warning:  Undefined array key "status" in /Applications/XAMPP/xamppfiles/htdocs/sportsync/public/admin.php on line 865
[23-Apr-2025 22:32:17 Europe/Berlin] PHP Warning:  Undefined array key "status" in /Applications/XAMPP/xamppfiles/htdocs/sportsync/public/admin.php on line 866
[23-Apr-2025 22:32:17 Europe/Berlin] PHP Warning:  Undefined array key "status" in /Applications/XAMPP/xamppfiles/htdocs/sportsync/public/admin.php on line 867
[23-Apr-2025 22:32:17 Europe/Berlin] PHP Warning:  Undefined array key "status" in /Applications/XAMPP/xamppfiles/htdocs/sportsync/public/admin.php on line 865
[23-Apr-2025 22:32:17 Europe/Berlin] PHP Warning:  Undefined array key "status" in /Applications/XAMPP/xamppfiles/htdocs/sportsync/public/admin.php on line 866
[23-Apr-2025 22:32:17 Europe/Berlin] PHP Warning:  Undefined array key "status" in /Applications/XAMPP/xamppfiles/htdocs/sportsync/public/admin.php on line 867
[23-Apr-2025 22:32:17 Europe/Berlin] PHP Warning:  Undefined array key "status" in /Applications/XAMPP/xamppfiles/htdocs/sportsync/public/admin.php on line 865
[23-Apr-2025 22:32:17 Europe/Berlin] PHP Warning:  Undefined array key "status" in /Applications/XAMPP/xamppfiles/htdocs/sportsync/public/admin.php on line 866
[23-Apr-2025 22:32:17 Europe/Berlin] PHP Warning:  Undefined array key "status" in /Applications/XAMPP/xamppfiles/htdocs/sportsync/public/admin.php on line 867
[23-Apr-2025 22:32:17 Europe/Berlin] PHP Warning:  Undefined array key "status" in /Applications/XAMPP/xamppfiles/htdocs/sportsync/public/admin.php on line 865
[23-Apr-2025 22:32:17 Europe/Berlin] PHP Warning:  Undefined array key "status" in /Applications/XAMPP/xamppfiles/htdocs/sportsync/public/admin.php on line 866
[23-Apr-2025 22:32:17 Europe/Berlin] PHP Warning:  Undefined array key "status" in /Applications/XAMPP/xamppfiles/htdocs/sportsync/public/admin.php on line 867
[23-Apr-2025 22:32:17 Europe/Berlin] PHP Warning:  Undefined array key "status" in /Applications/XAMPP/xamppfiles/htdocs/sportsync/public/admin.php on line 865
[23-Apr-2025 22:32:17 Europe/Berlin] PHP Warning:  Undefined array key "status" in /Applications/XAMPP/xamppfiles/htdocs/sportsync/public/admin.php on line 866
[23-Apr-2025 22:32:17 Europe/Berlin] PHP Warning:  Undefined array key "status" in /Applications/XAMPP/xamppfiles/htdocs/sportsync/public/admin.php on line 867
[23-Apr-2025 22:32:41 Europe/Berlin] Connected to database. Tables found: favorites, feedback, matches, matches_backup, matches_new, news, newsletter, notifications, players, subscriptions, users
[23-Apr-2025 22:32:41 Europe/Berlin] Executing SQL: CREATE TABLE IF NOT EXISTS users (
                id INT AUTO_INCREMENT PRIMARY KEY,
                username VARCHAR(50) NOT NULL UNIQUE,
                password VARCHAR(255) NOT NULL,
                email VARCHAR(100) NOT NULL UNIQUE,
                account_type ENUM('user', 'admin') DEFAULT 'user',
                created_at TIMESTAMP DEFAULT CURRENT_TIMESTAMP
            )
[23-Apr-2025 22:32:41 Europe/Berlin] With params: []
[23-Apr-2025 22:32:41 Europe/Berlin] Query executed successfully. Found 0 rows
[23-Apr-2025 22:32:41 Europe/Berlin] Users table created or already exists
[23-Apr-2025 22:32:41 Europe/Berlin] Users table structure: [{"Field":"id","Type":"int(11)","Null":"NO","Key":"PRI","Default":null,"Extra":"auto_increment"},{"Field":"username","Type":"varchar(50)","Null":"NO","Key":"","Default":null,"Extra":""},{"Field":"email","Type":"varchar(100)","Null":"NO","Key":"UNI","Default":null,"Extra":""},{"Field":"password","Type":"varchar(255)","Null":"NO","Key":"","Default":null,"Extra":""},{"Field":"role","Type":"enum('user','admin')","Null":"YES","Key":"","Default":"user","Extra":""},{"Field":"verification_code","Type":"varchar(100)","Null":"YES","Key":"","Default":null,"Extra":""},{"Field":"is_verified","Type":"tinyint(1)","Null":"YES","Key":"","Default":"0","Extra":""},{"Field":"created_at","Type":"timestamp","Null":"NO","Key":"","Default":"current_timestamp()","Extra":""},{"Field":"favorite_sport","Type":"varchar(50)","Null":"YES","Key":"","Default":null,"Extra":""},{"Field":"favorite_team","Type":"varchar(50)","Null":"YES","Key":"","Default":null,"Extra":""},{"Field":"account_type","Type":"enum('user','admin')","Null":"YES","Key":"","Default":"user","Extra":""}]
[23-Apr-2025 22:32:41 Europe/Berlin] Number of users in database: 13
[23-Apr-2025 22:32:41 Europe/Berlin] All tables initialized successfully
[23-Apr-2025 22:32:41 Europe/Berlin] Connected to database. Tables found: favorites, feedback, matches, matches_backup, matches_new, news, newsletter, notifications, players, subscriptions, users
[23-Apr-2025 22:32:41 Europe/Berlin] Executing SQL: CREATE TABLE IF NOT EXISTS users (
                id INT AUTO_INCREMENT PRIMARY KEY,
                username VARCHAR(50) NOT NULL UNIQUE,
                password VARCHAR(255) NOT NULL,
                email VARCHAR(100) NOT NULL UNIQUE,
                account_type ENUM('user', 'admin') DEFAULT 'user',
                created_at TIMESTAMP DEFAULT CURRENT_TIMESTAMP
            )
[23-Apr-2025 22:32:41 Europe/Berlin] With params: []
[23-Apr-2025 22:32:41 Europe/Berlin] Query executed successfully. Found 0 rows
[23-Apr-2025 22:32:41 Europe/Berlin] Users table created or already exists
[23-Apr-2025 22:32:41 Europe/Berlin] Users table structure: [{"Field":"id","Type":"int(11)","Null":"NO","Key":"PRI","Default":null,"Extra":"auto_increment"},{"Field":"username","Type":"varchar(50)","Null":"NO","Key":"","Default":null,"Extra":""},{"Field":"email","Type":"varchar(100)","Null":"NO","Key":"UNI","Default":null,"Extra":""},{"Field":"password","Type":"varchar(255)","Null":"NO","Key":"","Default":null,"Extra":""},{"Field":"role","Type":"enum('user','admin')","Null":"YES","Key":"","Default":"user","Extra":""},{"Field":"verification_code","Type":"varchar(100)","Null":"YES","Key":"","Default":null,"Extra":""},{"Field":"is_verified","Type":"tinyint(1)","Null":"YES","Key":"","Default":"0","Extra":""},{"Field":"created_at","Type":"timestamp","Null":"NO","Key":"","Default":"current_timestamp()","Extra":""},{"Field":"favorite_sport","Type":"varchar(50)","Null":"YES","Key":"","Default":null,"Extra":""},{"Field":"favorite_team","Type":"varchar(50)","Null":"YES","Key":"","Default":null,"Extra":""},{"Field":"account_type","Type":"enum('user','admin')","Null":"YES","Key":"","Default":"user","Extra":""}]
[23-Apr-2025 22:32:41 Europe/Berlin] Number of users in database: 13
[23-Apr-2025 22:32:41 Europe/Berlin] All tables initialized successfully
[23-Apr-2025 22:32:41 Europe/Berlin] Database tables initialized successfully
[23-Apr-2025 22:32:41 Europe/Berlin] Executing SQL: SELECT * FROM users WHERE id = :id
[23-Apr-2025 22:32:41 Europe/Berlin] With params: {":id":12}
[23-Apr-2025 22:32:41 Europe/Berlin] Query executed successfully. Found 1 rows
[23-Apr-2025 22:32:41 Europe/Berlin] User loaded from session: varunpndey
[23-Apr-2025 22:32:41 Europe/Berlin] Header - Session status: 2
[23-Apr-2025 22:32:41 Europe/Berlin] Header - Session data: {"user_id":12,"username":"varunpndey","email":"va@gmail.com","account_type":"admin"}
[23-Apr-2025 22:32:41 Europe/Berlin] Header - After session start - Status: 2
[23-Apr-2025 22:32:41 Europe/Berlin] Header - After session start - Data: {"user_id":12,"username":"varunpndey","email":"va@gmail.com","account_type":"admin"}
[23-Apr-2025 22:32:41 Europe/Berlin] Header - Is logged in: Yes
[23-Apr-2025 22:32:41 Europe/Berlin] Executing SQL: SELECT * FROM news ORDER BY created_at DESC LIMIT 5
[23-Apr-2025 22:32:41 Europe/Berlin] With params: []
[23-Apr-2025 22:32:41 Europe/Berlin] Query executed successfully. Found 5 rows
[23-Apr-2025 22:32:41 Europe/Berlin] Executing SQL: SELECT * FROM matches WHERE status = 'live'
[23-Apr-2025 22:32:41 Europe/Berlin] With params: []
[23-Apr-2025 22:32:41 Europe/Berlin] Query executed successfully. Found 1 rows
[23-Apr-2025 22:32:41 Europe/Berlin] Executing SQL: SELECT COUNT(*) as count FROM favorites 
                    WHERE user_id = :user_id AND match_id = :match_id
[23-Apr-2025 22:32:41 Europe/Berlin] With params: {":user_id":12,":match_id":42}
[23-Apr-2025 22:32:41 Europe/Berlin] Query executed successfully. Found 1 rows
[23-Apr-2025 22:32:46 Europe/Berlin] Connected to database. Tables found: favorites, feedback, matches, matches_backup, matches_new, news, newsletter, notifications, players, subscriptions, users
[23-Apr-2025 22:32:46 Europe/Berlin] Executing SQL: CREATE TABLE IF NOT EXISTS users (
                id INT AUTO_INCREMENT PRIMARY KEY,
                username VARCHAR(50) NOT NULL UNIQUE,
                password VARCHAR(255) NOT NULL,
                email VARCHAR(100) NOT NULL UNIQUE,
                account_type ENUM('user', 'admin') DEFAULT 'user',
                created_at TIMESTAMP DEFAULT CURRENT_TIMESTAMP
            )
[23-Apr-2025 22:32:46 Europe/Berlin] With params: []
[23-Apr-2025 22:32:46 Europe/Berlin] Query executed successfully. Found 0 rows
[23-Apr-2025 22:32:46 Europe/Berlin] Users table created or already exists
[23-Apr-2025 22:32:46 Europe/Berlin] Users table structure: [{"Field":"id","Type":"int(11)","Null":"NO","Key":"PRI","Default":null,"Extra":"auto_increment"},{"Field":"username","Type":"varchar(50)","Null":"NO","Key":"","Default":null,"Extra":""},{"Field":"email","Type":"varchar(100)","Null":"NO","Key":"UNI","Default":null,"Extra":""},{"Field":"password","Type":"varchar(255)","Null":"NO","Key":"","Default":null,"Extra":""},{"Field":"role","Type":"enum('user','admin')","Null":"YES","Key":"","Default":"user","Extra":""},{"Field":"verification_code","Type":"varchar(100)","Null":"YES","Key":"","Default":null,"Extra":""},{"Field":"is_verified","Type":"tinyint(1)","Null":"YES","Key":"","Default":"0","Extra":""},{"Field":"created_at","Type":"timestamp","Null":"NO","Key":"","Default":"current_timestamp()","Extra":""},{"Field":"favorite_sport","Type":"varchar(50)","Null":"YES","Key":"","Default":null,"Extra":""},{"Field":"favorite_team","Type":"varchar(50)","Null":"YES","Key":"","Default":null,"Extra":""},{"Field":"account_type","Type":"enum('user','admin')","Null":"YES","Key":"","Default":"user","Extra":""}]
[23-Apr-2025 22:32:46 Europe/Berlin] Number of users in database: 13
[23-Apr-2025 22:32:46 Europe/Berlin] All tables initialized successfully
[23-Apr-2025 22:32:46 Europe/Berlin] Connected to database. Tables found: favorites, feedback, matches, matches_backup, matches_new, news, newsletter, notifications, players, subscriptions, users
[23-Apr-2025 22:32:46 Europe/Berlin] Executing SQL: CREATE TABLE IF NOT EXISTS users (
                id INT AUTO_INCREMENT PRIMARY KEY,
                username VARCHAR(50) NOT NULL UNIQUE,
                password VARCHAR(255) NOT NULL,
                email VARCHAR(100) NOT NULL UNIQUE,
                account_type ENUM('user', 'admin') DEFAULT 'user',
                created_at TIMESTAMP DEFAULT CURRENT_TIMESTAMP
            )
[23-Apr-2025 22:32:46 Europe/Berlin] With params: []
[23-Apr-2025 22:32:46 Europe/Berlin] Query executed successfully. Found 0 rows
[23-Apr-2025 22:32:46 Europe/Berlin] Users table created or already exists
[23-Apr-2025 22:32:46 Europe/Berlin] Users table structure: [{"Field":"id","Type":"int(11)","Null":"NO","Key":"PRI","Default":null,"Extra":"auto_increment"},{"Field":"username","Type":"varchar(50)","Null":"NO","Key":"","Default":null,"Extra":""},{"Field":"email","Type":"varchar(100)","Null":"NO","Key":"UNI","Default":null,"Extra":""},{"Field":"password","Type":"varchar(255)","Null":"NO","Key":"","Default":null,"Extra":""},{"Field":"role","Type":"enum('user','admin')","Null":"YES","Key":"","Default":"user","Extra":""},{"Field":"verification_code","Type":"varchar(100)","Null":"YES","Key":"","Default":null,"Extra":""},{"Field":"is_verified","Type":"tinyint(1)","Null":"YES","Key":"","Default":"0","Extra":""},{"Field":"created_at","Type":"timestamp","Null":"NO","Key":"","Default":"current_timestamp()","Extra":""},{"Field":"favorite_sport","Type":"varchar(50)","Null":"YES","Key":"","Default":null,"Extra":""},{"Field":"favorite_team","Type":"varchar(50)","Null":"YES","Key":"","Default":null,"Extra":""},{"Field":"account_type","Type":"enum('user','admin')","Null":"YES","Key":"","Default":"user","Extra":""}]
[23-Apr-2025 22:32:46 Europe/Berlin] Number of users in database: 13
[23-Apr-2025 22:32:46 Europe/Berlin] All tables initialized successfully
[23-Apr-2025 22:32:46 Europe/Berlin] Database tables initialized successfully
[23-Apr-2025 22:32:46 Europe/Berlin] Executing SQL: SELECT * FROM users WHERE id = :id
[23-Apr-2025 22:32:46 Europe/Berlin] With params: {":id":12}
[23-Apr-2025 22:32:46 Europe/Berlin] Query executed successfully. Found 1 rows
[23-Apr-2025 22:32:46 Europe/Berlin] User loaded from session: varunpndey
[23-Apr-2025 22:32:46 Europe/Berlin] Header - Session status: 2
[23-Apr-2025 22:32:46 Europe/Berlin] Header - Session data: {"user_id":12,"username":"varunpndey","email":"va@gmail.com","account_type":"admin"}
[23-Apr-2025 22:32:46 Europe/Berlin] Header - After session start - Status: 2
[23-Apr-2025 22:32:46 Europe/Berlin] Header - After session start - Data: {"user_id":12,"username":"varunpndey","email":"va@gmail.com","account_type":"admin"}
[23-Apr-2025 22:32:46 Europe/Berlin] Header - Is logged in: Yes
[23-Apr-2025 22:32:46 Europe/Berlin] Executing SQL: SELECT * FROM matches WHERE sport = :sport ORDER BY match_time DESC
[23-Apr-2025 22:32:46 Europe/Berlin] With params: {":sport":"football"}
[23-Apr-2025 22:32:46 Europe/Berlin] Query executed successfully. Found 1 rows
[23-Apr-2025 22:32:46 Europe/Berlin] Executing SQL: SELECT * FROM matches WHERE sport = :sport AND status = :status
[23-Apr-2025 22:32:46 Europe/Berlin] With params: {":sport":"football",":status":"live"}
[23-Apr-2025 22:32:46 Europe/Berlin] Query executed successfully. Found 0 rows
[23-Apr-2025 22:32:46 Europe/Berlin] Executing SQL: SELECT COUNT(*) as count FROM favorites 
                    WHERE user_id = :user_id AND match_id = :match_id
[23-Apr-2025 22:32:46 Europe/Berlin] With params: {":user_id":12,":match_id":41}
[23-Apr-2025 22:32:46 Europe/Berlin] Query executed successfully. Found 1 rows
[23-Apr-2025 22:32:49 Europe/Berlin] Connected to database. Tables found: favorites, feedback, matches, matches_backup, matches_new, news, newsletter, notifications, players, subscriptions, users
[23-Apr-2025 22:32:49 Europe/Berlin] Executing SQL: CREATE TABLE IF NOT EXISTS users (
                id INT AUTO_INCREMENT PRIMARY KEY,
                username VARCHAR(50) NOT NULL UNIQUE,
                password VARCHAR(255) NOT NULL,
                email VARCHAR(100) NOT NULL UNIQUE,
                account_type ENUM('user', 'admin') DEFAULT 'user',
                created_at TIMESTAMP DEFAULT CURRENT_TIMESTAMP
            )
[23-Apr-2025 22:32:49 Europe/Berlin] With params: []
[23-Apr-2025 22:32:49 Europe/Berlin] Query executed successfully. Found 0 rows
[23-Apr-2025 22:32:49 Europe/Berlin] Users table created or already exists
[23-Apr-2025 22:32:49 Europe/Berlin] Users table structure: [{"Field":"id","Type":"int(11)","Null":"NO","Key":"PRI","Default":null,"Extra":"auto_increment"},{"Field":"username","Type":"varchar(50)","Null":"NO","Key":"","Default":null,"Extra":""},{"Field":"email","Type":"varchar(100)","Null":"NO","Key":"UNI","Default":null,"Extra":""},{"Field":"password","Type":"varchar(255)","Null":"NO","Key":"","Default":null,"Extra":""},{"Field":"role","Type":"enum('user','admin')","Null":"YES","Key":"","Default":"user","Extra":""},{"Field":"verification_code","Type":"varchar(100)","Null":"YES","Key":"","Default":null,"Extra":""},{"Field":"is_verified","Type":"tinyint(1)","Null":"YES","Key":"","Default":"0","Extra":""},{"Field":"created_at","Type":"timestamp","Null":"NO","Key":"","Default":"current_timestamp()","Extra":""},{"Field":"favorite_sport","Type":"varchar(50)","Null":"YES","Key":"","Default":null,"Extra":""},{"Field":"favorite_team","Type":"varchar(50)","Null":"YES","Key":"","Default":null,"Extra":""},{"Field":"account_type","Type":"enum('user','admin')","Null":"YES","Key":"","Default":"user","Extra":""}]
[23-Apr-2025 22:32:49 Europe/Berlin] Number of users in database: 13
[23-Apr-2025 22:32:49 Europe/Berlin] All tables initialized successfully
[23-Apr-2025 22:32:49 Europe/Berlin] Connected to database. Tables found: favorites, feedback, matches, matches_backup, matches_new, news, newsletter, notifications, players, subscriptions, users
[23-Apr-2025 22:32:49 Europe/Berlin] Executing SQL: CREATE TABLE IF NOT EXISTS users (
                id INT AUTO_INCREMENT PRIMARY KEY,
                username VARCHAR(50) NOT NULL UNIQUE,
                password VARCHAR(255) NOT NULL,
                email VARCHAR(100) NOT NULL UNIQUE,
                account_type ENUM('user', 'admin') DEFAULT 'user',
                created_at TIMESTAMP DEFAULT CURRENT_TIMESTAMP
            )
[23-Apr-2025 22:32:49 Europe/Berlin] With params: []
[23-Apr-2025 22:32:49 Europe/Berlin] Query executed successfully. Found 0 rows
[23-Apr-2025 22:32:49 Europe/Berlin] Users table created or already exists
[23-Apr-2025 22:32:49 Europe/Berlin] Users table structure: [{"Field":"id","Type":"int(11)","Null":"NO","Key":"PRI","Default":null,"Extra":"auto_increment"},{"Field":"username","Type":"varchar(50)","Null":"NO","Key":"","Default":null,"Extra":""},{"Field":"email","Type":"varchar(100)","Null":"NO","Key":"UNI","Default":null,"Extra":""},{"Field":"password","Type":"varchar(255)","Null":"NO","Key":"","Default":null,"Extra":""},{"Field":"role","Type":"enum('user','admin')","Null":"YES","Key":"","Default":"user","Extra":""},{"Field":"verification_code","Type":"varchar(100)","Null":"YES","Key":"","Default":null,"Extra":""},{"Field":"is_verified","Type":"tinyint(1)","Null":"YES","Key":"","Default":"0","Extra":""},{"Field":"created_at","Type":"timestamp","Null":"NO","Key":"","Default":"current_timestamp()","Extra":""},{"Field":"favorite_sport","Type":"varchar(50)","Null":"YES","Key":"","Default":null,"Extra":""},{"Field":"favorite_team","Type":"varchar(50)","Null":"YES","Key":"","Default":null,"Extra":""},{"Field":"account_type","Type":"enum('user','admin')","Null":"YES","Key":"","Default":"user","Extra":""}]
[23-Apr-2025 22:32:49 Europe/Berlin] Number of users in database: 13
[23-Apr-2025 22:32:49 Europe/Berlin] All tables initialized successfully
[23-Apr-2025 22:32:49 Europe/Berlin] Database tables initialized successfully
[23-Apr-2025 22:32:49 Europe/Berlin] Executing SQL: SELECT * FROM users WHERE id = :id
[23-Apr-2025 22:32:49 Europe/Berlin] With params: {":id":12}
[23-Apr-2025 22:32:49 Europe/Berlin] Query executed successfully. Found 1 rows
[23-Apr-2025 22:32:49 Europe/Berlin] User loaded from session: varunpndey
[23-Apr-2025 22:32:49 Europe/Berlin] Header - Session status: 2
[23-Apr-2025 22:32:49 Europe/Berlin] Header - Session data: {"user_id":12,"username":"varunpndey","email":"va@gmail.com","account_type":"admin"}
[23-Apr-2025 22:32:49 Europe/Berlin] Header - After session start - Status: 2
[23-Apr-2025 22:32:49 Europe/Berlin] Header - After session start - Data: {"user_id":12,"username":"varunpndey","email":"va@gmail.com","account_type":"admin"}
[23-Apr-2025 22:32:49 Europe/Berlin] Header - Is logged in: Yes
[23-Apr-2025 22:32:49 Europe/Berlin] Executing SQL: SELECT * FROM matches WHERE sport = :sport ORDER BY match_time DESC
[23-Apr-2025 22:32:49 Europe/Berlin] With params: {":sport":"cricket"}
[23-Apr-2025 22:32:49 Europe/Berlin] Query executed successfully. Found 4 rows
[23-Apr-2025 22:32:49 Europe/Berlin] Executing SQL: SELECT * FROM matches WHERE sport = :sport AND status = :status
[23-Apr-2025 22:32:49 Europe/Berlin] With params: {":sport":"cricket",":status":"live"}
[23-Apr-2025 22:32:49 Europe/Berlin] Query executed successfully. Found 1 rows
[23-Apr-2025 22:32:49 Europe/Berlin] Executing SQL: SELECT COUNT(*) as count FROM favorites 
                    WHERE user_id = :user_id AND match_id = :match_id
[23-Apr-2025 22:32:49 Europe/Berlin] With params: {":user_id":12,":match_id":42}
[23-Apr-2025 22:32:49 Europe/Berlin] Query executed successfully. Found 1 rows
[23-Apr-2025 22:32:49 Europe/Berlin] Executing SQL: SELECT COUNT(*) as count FROM favorites 
                    WHERE user_id = :user_id AND match_id = :match_id
[23-Apr-2025 22:32:49 Europe/Berlin] With params: {":user_id":12,":match_id":43}
[23-Apr-2025 22:32:49 Europe/Berlin] Query executed successfully. Found 1 rows
[23-Apr-2025 22:32:49 Europe/Berlin] Executing SQL: SELECT COUNT(*) as count FROM favorites 
                    WHERE user_id = :user_id AND match_id = :match_id
[23-Apr-2025 22:32:49 Europe/Berlin] With params: {":user_id":12,":match_id":38}
[23-Apr-2025 22:32:49 Europe/Berlin] Query executed successfully. Found 1 rows
[23-Apr-2025 22:32:49 Europe/Berlin] Executing SQL: SELECT COUNT(*) as count FROM favorites 
                    WHERE user_id = :user_id AND match_id = :match_id
[23-Apr-2025 22:32:49 Europe/Berlin] With params: {":user_id":12,":match_id":37}
[23-Apr-2025 22:32:49 Europe/Berlin] Query executed successfully. Found 1 rows
[23-Apr-2025 22:32:53 Europe/Berlin] Connected to database. Tables found: favorites, feedback, matches, matches_backup, matches_new, news, newsletter, notifications, players, subscriptions, users
[23-Apr-2025 22:32:53 Europe/Berlin] Executing SQL: CREATE TABLE IF NOT EXISTS users (
                id INT AUTO_INCREMENT PRIMARY KEY,
                username VARCHAR(50) NOT NULL UNIQUE,
                password VARCHAR(255) NOT NULL,
                email VARCHAR(100) NOT NULL UNIQUE,
                account_type ENUM('user', 'admin') DEFAULT 'user',
                created_at TIMESTAMP DEFAULT CURRENT_TIMESTAMP
            )
[23-Apr-2025 22:32:53 Europe/Berlin] With params: []
[23-Apr-2025 22:32:53 Europe/Berlin] Query executed successfully. Found 0 rows
[23-Apr-2025 22:32:53 Europe/Berlin] Users table created or already exists
[23-Apr-2025 22:32:53 Europe/Berlin] Users table structure: [{"Field":"id","Type":"int(11)","Null":"NO","Key":"PRI","Default":null,"Extra":"auto_increment"},{"Field":"username","Type":"varchar(50)","Null":"NO","Key":"","Default":null,"Extra":""},{"Field":"email","Type":"varchar(100)","Null":"NO","Key":"UNI","Default":null,"Extra":""},{"Field":"password","Type":"varchar(255)","Null":"NO","Key":"","Default":null,"Extra":""},{"Field":"role","Type":"enum('user','admin')","Null":"YES","Key":"","Default":"user","Extra":""},{"Field":"verification_code","Type":"varchar(100)","Null":"YES","Key":"","Default":null,"Extra":""},{"Field":"is_verified","Type":"tinyint(1)","Null":"YES","Key":"","Default":"0","Extra":""},{"Field":"created_at","Type":"timestamp","Null":"NO","Key":"","Default":"current_timestamp()","Extra":""},{"Field":"favorite_sport","Type":"varchar(50)","Null":"YES","Key":"","Default":null,"Extra":""},{"Field":"favorite_team","Type":"varchar(50)","Null":"YES","Key":"","Default":null,"Extra":""},{"Field":"account_type","Type":"enum('user','admin')","Null":"YES","Key":"","Default":"user","Extra":""}]
[23-Apr-2025 22:32:53 Europe/Berlin] Number of users in database: 13
[23-Apr-2025 22:32:53 Europe/Berlin] All tables initialized successfully
[23-Apr-2025 22:32:53 Europe/Berlin] Connected to database. Tables found: favorites, feedback, matches, matches_backup, matches_new, news, newsletter, notifications, players, subscriptions, users
[23-Apr-2025 22:32:53 Europe/Berlin] Executing SQL: CREATE TABLE IF NOT EXISTS users (
                id INT AUTO_INCREMENT PRIMARY KEY,
                username VARCHAR(50) NOT NULL UNIQUE,
                password VARCHAR(255) NOT NULL,
                email VARCHAR(100) NOT NULL UNIQUE,
                account_type ENUM('user', 'admin') DEFAULT 'user',
                created_at TIMESTAMP DEFAULT CURRENT_TIMESTAMP
            )
[23-Apr-2025 22:32:53 Europe/Berlin] With params: []
[23-Apr-2025 22:32:53 Europe/Berlin] Query executed successfully. Found 0 rows
[23-Apr-2025 22:32:53 Europe/Berlin] Users table created or already exists
[23-Apr-2025 22:32:53 Europe/Berlin] Users table structure: [{"Field":"id","Type":"int(11)","Null":"NO","Key":"PRI","Default":null,"Extra":"auto_increment"},{"Field":"username","Type":"varchar(50)","Null":"NO","Key":"","Default":null,"Extra":""},{"Field":"email","Type":"varchar(100)","Null":"NO","Key":"UNI","Default":null,"Extra":""},{"Field":"password","Type":"varchar(255)","Null":"NO","Key":"","Default":null,"Extra":""},{"Field":"role","Type":"enum('user','admin')","Null":"YES","Key":"","Default":"user","Extra":""},{"Field":"verification_code","Type":"varchar(100)","Null":"YES","Key":"","Default":null,"Extra":""},{"Field":"is_verified","Type":"tinyint(1)","Null":"YES","Key":"","Default":"0","Extra":""},{"Field":"created_at","Type":"timestamp","Null":"NO","Key":"","Default":"current_timestamp()","Extra":""},{"Field":"favorite_sport","Type":"varchar(50)","Null":"YES","Key":"","Default":null,"Extra":""},{"Field":"favorite_team","Type":"varchar(50)","Null":"YES","Key":"","Default":null,"Extra":""},{"Field":"account_type","Type":"enum('user','admin')","Null":"YES","Key":"","Default":"user","Extra":""}]
[23-Apr-2025 22:32:53 Europe/Berlin] Number of users in database: 13
[23-Apr-2025 22:32:53 Europe/Berlin] All tables initialized successfully
[23-Apr-2025 22:32:53 Europe/Berlin] Database tables initialized successfully
[23-Apr-2025 22:32:53 Europe/Berlin] Executing SQL: SELECT * FROM users WHERE id = :id
[23-Apr-2025 22:32:53 Europe/Berlin] With params: {":id":12}
[23-Apr-2025 22:32:53 Europe/Berlin] Query executed successfully. Found 1 rows
[23-Apr-2025 22:32:53 Europe/Berlin] User loaded from session: varunpndey
[23-Apr-2025 22:32:53 Europe/Berlin] Header - Session status: 2
[23-Apr-2025 22:32:53 Europe/Berlin] Header - Session data: {"user_id":12,"username":"varunpndey","email":"va@gmail.com","account_type":"admin"}
[23-Apr-2025 22:32:53 Europe/Berlin] Header - After session start - Status: 2
[23-Apr-2025 22:32:53 Europe/Berlin] Header - After session start - Data: {"user_id":12,"username":"varunpndey","email":"va@gmail.com","account_type":"admin"}
[23-Apr-2025 22:32:53 Europe/Berlin] Header - Is logged in: Yes
[23-Apr-2025 22:32:53 Europe/Berlin] Executing SQL: SELECT * FROM matches WHERE status = 'live'
[23-Apr-2025 22:32:53 Europe/Berlin] With params: []
[23-Apr-2025 22:32:53 Europe/Berlin] Query executed successfully. Found 1 rows
[23-Apr-2025 22:32:53 Europe/Berlin] Executing SQL: SELECT COUNT(*) as count FROM favorites 
                    WHERE user_id = :user_id AND match_id = :match_id
[23-Apr-2025 22:32:53 Europe/Berlin] With params: {":user_id":12,":match_id":42}
[23-Apr-2025 22:32:53 Europe/Berlin] Query executed successfully. Found 1 rows
[23-Apr-2025 22:32:56 Europe/Berlin] Connected to database. Tables found: favorites, feedback, matches, matches_backup, matches_new, news, newsletter, notifications, players, subscriptions, users
[23-Apr-2025 22:32:56 Europe/Berlin] Executing SQL: CREATE TABLE IF NOT EXISTS users (
                id INT AUTO_INCREMENT PRIMARY KEY,
                username VARCHAR(50) NOT NULL UNIQUE,
                password VARCHAR(255) NOT NULL,
                email VARCHAR(100) NOT NULL UNIQUE,
                account_type ENUM('user', 'admin') DEFAULT 'user',
                created_at TIMESTAMP DEFAULT CURRENT_TIMESTAMP
            )
[23-Apr-2025 22:32:56 Europe/Berlin] With params: []
[23-Apr-2025 22:32:56 Europe/Berlin] Query executed successfully. Found 0 rows
[23-Apr-2025 22:32:56 Europe/Berlin] Users table created or already exists
[23-Apr-2025 22:32:56 Europe/Berlin] Users table structure: [{"Field":"id","Type":"int(11)","Null":"NO","Key":"PRI","Default":null,"Extra":"auto_increment"},{"Field":"username","Type":"varchar(50)","Null":"NO","Key":"","Default":null,"Extra":""},{"Field":"email","Type":"varchar(100)","Null":"NO","Key":"UNI","Default":null,"Extra":""},{"Field":"password","Type":"varchar(255)","Null":"NO","Key":"","Default":null,"Extra":""},{"Field":"role","Type":"enum('user','admin')","Null":"YES","Key":"","Default":"user","Extra":""},{"Field":"verification_code","Type":"varchar(100)","Null":"YES","Key":"","Default":null,"Extra":""},{"Field":"is_verified","Type":"tinyint(1)","Null":"YES","Key":"","Default":"0","Extra":""},{"Field":"created_at","Type":"timestamp","Null":"NO","Key":"","Default":"current_timestamp()","Extra":""},{"Field":"favorite_sport","Type":"varchar(50)","Null":"YES","Key":"","Default":null,"Extra":""},{"Field":"favorite_team","Type":"varchar(50)","Null":"YES","Key":"","Default":null,"Extra":""},{"Field":"account_type","Type":"enum('user','admin')","Null":"YES","Key":"","Default":"user","Extra":""}]
[23-Apr-2025 22:32:56 Europe/Berlin] Number of users in database: 13
[23-Apr-2025 22:32:56 Europe/Berlin] All tables initialized successfully
[23-Apr-2025 22:32:56 Europe/Berlin] Connected to database. Tables found: favorites, feedback, matches, matches_backup, matches_new, news, newsletter, notifications, players, subscriptions, users
[23-Apr-2025 22:32:56 Europe/Berlin] Executing SQL: CREATE TABLE IF NOT EXISTS users (
                id INT AUTO_INCREMENT PRIMARY KEY,
                username VARCHAR(50) NOT NULL UNIQUE,
                password VARCHAR(255) NOT NULL,
                email VARCHAR(100) NOT NULL UNIQUE,
                account_type ENUM('user', 'admin') DEFAULT 'user',
                created_at TIMESTAMP DEFAULT CURRENT_TIMESTAMP
            )
[23-Apr-2025 22:32:56 Europe/Berlin] With params: []
[23-Apr-2025 22:32:56 Europe/Berlin] Query executed successfully. Found 0 rows
[23-Apr-2025 22:32:56 Europe/Berlin] Users table created or already exists
[23-Apr-2025 22:32:56 Europe/Berlin] Users table structure: [{"Field":"id","Type":"int(11)","Null":"NO","Key":"PRI","Default":null,"Extra":"auto_increment"},{"Field":"username","Type":"varchar(50)","Null":"NO","Key":"","Default":null,"Extra":""},{"Field":"email","Type":"varchar(100)","Null":"NO","Key":"UNI","Default":null,"Extra":""},{"Field":"password","Type":"varchar(255)","Null":"NO","Key":"","Default":null,"Extra":""},{"Field":"role","Type":"enum('user','admin')","Null":"YES","Key":"","Default":"user","Extra":""},{"Field":"verification_code","Type":"varchar(100)","Null":"YES","Key":"","Default":null,"Extra":""},{"Field":"is_verified","Type":"tinyint(1)","Null":"YES","Key":"","Default":"0","Extra":""},{"Field":"created_at","Type":"timestamp","Null":"NO","Key":"","Default":"current_timestamp()","Extra":""},{"Field":"favorite_sport","Type":"varchar(50)","Null":"YES","Key":"","Default":null,"Extra":""},{"Field":"favorite_team","Type":"varchar(50)","Null":"YES","Key":"","Default":null,"Extra":""},{"Field":"account_type","Type":"enum('user','admin')","Null":"YES","Key":"","Default":"user","Extra":""}]
[23-Apr-2025 22:32:56 Europe/Berlin] Number of users in database: 13
[23-Apr-2025 22:32:56 Europe/Berlin] All tables initialized successfully
[23-Apr-2025 22:32:56 Europe/Berlin] Database tables initialized successfully
[23-Apr-2025 22:32:56 Europe/Berlin] Executing SQL: SELECT * FROM users WHERE id = :id
[23-Apr-2025 22:32:56 Europe/Berlin] With params: {":id":12}
[23-Apr-2025 22:32:56 Europe/Berlin] Query executed successfully. Found 1 rows
[23-Apr-2025 22:32:56 Europe/Berlin] User loaded from session: varunpndey
[23-Apr-2025 22:32:59 Europe/Berlin] Connected to database. Tables found: favorites, feedback, matches, matches_backup, matches_new, news, newsletter, notifications, players, subscriptions, users
[23-Apr-2025 22:32:59 Europe/Berlin] Executing SQL: CREATE TABLE IF NOT EXISTS users (
                id INT AUTO_INCREMENT PRIMARY KEY,
                username VARCHAR(50) NOT NULL UNIQUE,
                password VARCHAR(255) NOT NULL,
                email VARCHAR(100) NOT NULL UNIQUE,
                account_type ENUM('user', 'admin') DEFAULT 'user',
                created_at TIMESTAMP DEFAULT CURRENT_TIMESTAMP
            )
[23-Apr-2025 22:32:59 Europe/Berlin] With params: []
[23-Apr-2025 22:32:59 Europe/Berlin] Query executed successfully. Found 0 rows
[23-Apr-2025 22:32:59 Europe/Berlin] Users table created or already exists
[23-Apr-2025 22:32:59 Europe/Berlin] Users table structure: [{"Field":"id","Type":"int(11)","Null":"NO","Key":"PRI","Default":null,"Extra":"auto_increment"},{"Field":"username","Type":"varchar(50)","Null":"NO","Key":"","Default":null,"Extra":""},{"Field":"email","Type":"varchar(100)","Null":"NO","Key":"UNI","Default":null,"Extra":""},{"Field":"password","Type":"varchar(255)","Null":"NO","Key":"","Default":null,"Extra":""},{"Field":"role","Type":"enum('user','admin')","Null":"YES","Key":"","Default":"user","Extra":""},{"Field":"verification_code","Type":"varchar(100)","Null":"YES","Key":"","Default":null,"Extra":""},{"Field":"is_verified","Type":"tinyint(1)","Null":"YES","Key":"","Default":"0","Extra":""},{"Field":"created_at","Type":"timestamp","Null":"NO","Key":"","Default":"current_timestamp()","Extra":""},{"Field":"favorite_sport","Type":"varchar(50)","Null":"YES","Key":"","Default":null,"Extra":""},{"Field":"favorite_team","Type":"varchar(50)","Null":"YES","Key":"","Default":null,"Extra":""},{"Field":"account_type","Type":"enum('user','admin')","Null":"YES","Key":"","Default":"user","Extra":""}]
[23-Apr-2025 22:32:59 Europe/Berlin] Number of users in database: 13
[23-Apr-2025 22:32:59 Europe/Berlin] All tables initialized successfully
[23-Apr-2025 22:32:59 Europe/Berlin] Connected to database. Tables found: favorites, feedback, matches, matches_backup, matches_new, news, newsletter, notifications, players, subscriptions, users
[23-Apr-2025 22:32:59 Europe/Berlin] Executing SQL: CREATE TABLE IF NOT EXISTS users (
                id INT AUTO_INCREMENT PRIMARY KEY,
                username VARCHAR(50) NOT NULL UNIQUE,
                password VARCHAR(255) NOT NULL,
                email VARCHAR(100) NOT NULL UNIQUE,
                account_type ENUM('user', 'admin') DEFAULT 'user',
                created_at TIMESTAMP DEFAULT CURRENT_TIMESTAMP
            )
[23-Apr-2025 22:32:59 Europe/Berlin] With params: []
[23-Apr-2025 22:32:59 Europe/Berlin] Query executed successfully. Found 0 rows
[23-Apr-2025 22:32:59 Europe/Berlin] Users table created or already exists
[23-Apr-2025 22:32:59 Europe/Berlin] Users table structure: [{"Field":"id","Type":"int(11)","Null":"NO","Key":"PRI","Default":null,"Extra":"auto_increment"},{"Field":"username","Type":"varchar(50)","Null":"NO","Key":"","Default":null,"Extra":""},{"Field":"email","Type":"varchar(100)","Null":"NO","Key":"UNI","Default":null,"Extra":""},{"Field":"password","Type":"varchar(255)","Null":"NO","Key":"","Default":null,"Extra":""},{"Field":"role","Type":"enum('user','admin')","Null":"YES","Key":"","Default":"user","Extra":""},{"Field":"verification_code","Type":"varchar(100)","Null":"YES","Key":"","Default":null,"Extra":""},{"Field":"is_verified","Type":"tinyint(1)","Null":"YES","Key":"","Default":"0","Extra":""},{"Field":"created_at","Type":"timestamp","Null":"NO","Key":"","Default":"current_timestamp()","Extra":""},{"Field":"favorite_sport","Type":"varchar(50)","Null":"YES","Key":"","Default":null,"Extra":""},{"Field":"favorite_team","Type":"varchar(50)","Null":"YES","Key":"","Default":null,"Extra":""},{"Field":"account_type","Type":"enum('user','admin')","Null":"YES","Key":"","Default":"user","Extra":""}]
[23-Apr-2025 22:32:59 Europe/Berlin] Number of users in database: 13
[23-Apr-2025 22:32:59 Europe/Berlin] All tables initialized successfully
[23-Apr-2025 22:32:59 Europe/Berlin] Database tables initialized successfully
[23-Apr-2025 22:32:59 Europe/Berlin] Executing SQL: SELECT * FROM users WHERE id = :id
[23-Apr-2025 22:32:59 Europe/Berlin] With params: {":id":12}
[23-Apr-2025 22:32:59 Europe/Berlin] Query executed successfully. Found 1 rows
[23-Apr-2025 22:32:59 Europe/Berlin] User loaded from session: varunpndey
[23-Apr-2025 22:33:01 Europe/Berlin] Connected to database. Tables found: favorites, feedback, matches, matches_backup, matches_new, news, newsletter, notifications, players, subscriptions, users
[23-Apr-2025 22:33:01 Europe/Berlin] Executing SQL: CREATE TABLE IF NOT EXISTS users (
                id INT AUTO_INCREMENT PRIMARY KEY,
                username VARCHAR(50) NOT NULL UNIQUE,
                password VARCHAR(255) NOT NULL,
                email VARCHAR(100) NOT NULL UNIQUE,
                account_type ENUM('user', 'admin') DEFAULT 'user',
                created_at TIMESTAMP DEFAULT CURRENT_TIMESTAMP
            )
[23-Apr-2025 22:33:01 Europe/Berlin] With params: []
[23-Apr-2025 22:33:01 Europe/Berlin] Query executed successfully. Found 0 rows
[23-Apr-2025 22:33:01 Europe/Berlin] Users table created or already exists
[23-Apr-2025 22:33:01 Europe/Berlin] Users table structure: [{"Field":"id","Type":"int(11)","Null":"NO","Key":"PRI","Default":null,"Extra":"auto_increment"},{"Field":"username","Type":"varchar(50)","Null":"NO","Key":"","Default":null,"Extra":""},{"Field":"email","Type":"varchar(100)","Null":"NO","Key":"UNI","Default":null,"Extra":""},{"Field":"password","Type":"varchar(255)","Null":"NO","Key":"","Default":null,"Extra":""},{"Field":"role","Type":"enum('user','admin')","Null":"YES","Key":"","Default":"user","Extra":""},{"Field":"verification_code","Type":"varchar(100)","Null":"YES","Key":"","Default":null,"Extra":""},{"Field":"is_verified","Type":"tinyint(1)","Null":"YES","Key":"","Default":"0","Extra":""},{"Field":"created_at","Type":"timestamp","Null":"NO","Key":"","Default":"current_timestamp()","Extra":""},{"Field":"favorite_sport","Type":"varchar(50)","Null":"YES","Key":"","Default":null,"Extra":""},{"Field":"favorite_team","Type":"varchar(50)","Null":"YES","Key":"","Default":null,"Extra":""},{"Field":"account_type","Type":"enum('user','admin')","Null":"YES","Key":"","Default":"user","Extra":""}]
[23-Apr-2025 22:33:01 Europe/Berlin] Number of users in database: 13
[23-Apr-2025 22:33:01 Europe/Berlin] All tables initialized successfully
[23-Apr-2025 22:33:01 Europe/Berlin] Connected to database. Tables found: favorites, feedback, matches, matches_backup, matches_new, news, newsletter, notifications, players, subscriptions, users
[23-Apr-2025 22:33:01 Europe/Berlin] Executing SQL: CREATE TABLE IF NOT EXISTS users (
                id INT AUTO_INCREMENT PRIMARY KEY,
                username VARCHAR(50) NOT NULL UNIQUE,
                password VARCHAR(255) NOT NULL,
                email VARCHAR(100) NOT NULL UNIQUE,
                account_type ENUM('user', 'admin') DEFAULT 'user',
                created_at TIMESTAMP DEFAULT CURRENT_TIMESTAMP
            )
[23-Apr-2025 22:33:01 Europe/Berlin] With params: []
[23-Apr-2025 22:33:01 Europe/Berlin] Query executed successfully. Found 0 rows
[23-Apr-2025 22:33:01 Europe/Berlin] Users table created or already exists
[23-Apr-2025 22:33:01 Europe/Berlin] Users table structure: [{"Field":"id","Type":"int(11)","Null":"NO","Key":"PRI","Default":null,"Extra":"auto_increment"},{"Field":"username","Type":"varchar(50)","Null":"NO","Key":"","Default":null,"Extra":""},{"Field":"email","Type":"varchar(100)","Null":"NO","Key":"UNI","Default":null,"Extra":""},{"Field":"password","Type":"varchar(255)","Null":"NO","Key":"","Default":null,"Extra":""},{"Field":"role","Type":"enum('user','admin')","Null":"YES","Key":"","Default":"user","Extra":""},{"Field":"verification_code","Type":"varchar(100)","Null":"YES","Key":"","Default":null,"Extra":""},{"Field":"is_verified","Type":"tinyint(1)","Null":"YES","Key":"","Default":"0","Extra":""},{"Field":"created_at","Type":"timestamp","Null":"NO","Key":"","Default":"current_timestamp()","Extra":""},{"Field":"favorite_sport","Type":"varchar(50)","Null":"YES","Key":"","Default":null,"Extra":""},{"Field":"favorite_team","Type":"varchar(50)","Null":"YES","Key":"","Default":null,"Extra":""},{"Field":"account_type","Type":"enum('user','admin')","Null":"YES","Key":"","Default":"user","Extra":""}]
[23-Apr-2025 22:33:01 Europe/Berlin] Number of users in database: 13
[23-Apr-2025 22:33:01 Europe/Berlin] All tables initialized successfully
[23-Apr-2025 22:33:01 Europe/Berlin] Database tables initialized successfully
[23-Apr-2025 22:33:01 Europe/Berlin] Executing SQL: SELECT * FROM users WHERE id = :id
[23-Apr-2025 22:33:01 Europe/Berlin] With params: {":id":12}
[23-Apr-2025 22:33:01 Europe/Berlin] Query executed successfully. Found 1 rows
[23-Apr-2025 22:33:01 Europe/Berlin] User loaded from session: varunpndey
[23-Apr-2025 22:33:03 Europe/Berlin] Connected to database. Tables found: favorites, feedback, matches, matches_backup, matches_new, news, newsletter, notifications, players, subscriptions, users
[23-Apr-2025 22:33:03 Europe/Berlin] Executing SQL: CREATE TABLE IF NOT EXISTS users (
                id INT AUTO_INCREMENT PRIMARY KEY,
                username VARCHAR(50) NOT NULL UNIQUE,
                password VARCHAR(255) NOT NULL,
                email VARCHAR(100) NOT NULL UNIQUE,
                account_type ENUM('user', 'admin') DEFAULT 'user',
                created_at TIMESTAMP DEFAULT CURRENT_TIMESTAMP
            )
[23-Apr-2025 22:33:03 Europe/Berlin] With params: []
[23-Apr-2025 22:33:03 Europe/Berlin] Query executed successfully. Found 0 rows
[23-Apr-2025 22:33:03 Europe/Berlin] Users table created or already exists
[23-Apr-2025 22:33:03 Europe/Berlin] Users table structure: [{"Field":"id","Type":"int(11)","Null":"NO","Key":"PRI","Default":null,"Extra":"auto_increment"},{"Field":"username","Type":"varchar(50)","Null":"NO","Key":"","Default":null,"Extra":""},{"Field":"email","Type":"varchar(100)","Null":"NO","Key":"UNI","Default":null,"Extra":""},{"Field":"password","Type":"varchar(255)","Null":"NO","Key":"","Default":null,"Extra":""},{"Field":"role","Type":"enum('user','admin')","Null":"YES","Key":"","Default":"user","Extra":""},{"Field":"verification_code","Type":"varchar(100)","Null":"YES","Key":"","Default":null,"Extra":""},{"Field":"is_verified","Type":"tinyint(1)","Null":"YES","Key":"","Default":"0","Extra":""},{"Field":"created_at","Type":"timestamp","Null":"NO","Key":"","Default":"current_timestamp()","Extra":""},{"Field":"favorite_sport","Type":"varchar(50)","Null":"YES","Key":"","Default":null,"Extra":""},{"Field":"favorite_team","Type":"varchar(50)","Null":"YES","Key":"","Default":null,"Extra":""},{"Field":"account_type","Type":"enum('user','admin')","Null":"YES","Key":"","Default":"user","Extra":""}]
[23-Apr-2025 22:33:03 Europe/Berlin] Number of users in database: 13
[23-Apr-2025 22:33:03 Europe/Berlin] All tables initialized successfully
[23-Apr-2025 22:33:03 Europe/Berlin] Connected to database. Tables found: favorites, feedback, matches, matches_backup, matches_new, news, newsletter, notifications, players, subscriptions, users
[23-Apr-2025 22:33:03 Europe/Berlin] Executing SQL: CREATE TABLE IF NOT EXISTS users (
                id INT AUTO_INCREMENT PRIMARY KEY,
                username VARCHAR(50) NOT NULL UNIQUE,
                password VARCHAR(255) NOT NULL,
                email VARCHAR(100) NOT NULL UNIQUE,
                account_type ENUM('user', 'admin') DEFAULT 'user',
                created_at TIMESTAMP DEFAULT CURRENT_TIMESTAMP
            )
[23-Apr-2025 22:33:03 Europe/Berlin] With params: []
[23-Apr-2025 22:33:03 Europe/Berlin] Query executed successfully. Found 0 rows
[23-Apr-2025 22:33:03 Europe/Berlin] Users table created or already exists
[23-Apr-2025 22:33:03 Europe/Berlin] Users table structure: [{"Field":"id","Type":"int(11)","Null":"NO","Key":"PRI","Default":null,"Extra":"auto_increment"},{"Field":"username","Type":"varchar(50)","Null":"NO","Key":"","Default":null,"Extra":""},{"Field":"email","Type":"varchar(100)","Null":"NO","Key":"UNI","Default":null,"Extra":""},{"Field":"password","Type":"varchar(255)","Null":"NO","Key":"","Default":null,"Extra":""},{"Field":"role","Type":"enum('user','admin')","Null":"YES","Key":"","Default":"user","Extra":""},{"Field":"verification_code","Type":"varchar(100)","Null":"YES","Key":"","Default":null,"Extra":""},{"Field":"is_verified","Type":"tinyint(1)","Null":"YES","Key":"","Default":"0","Extra":""},{"Field":"created_at","Type":"timestamp","Null":"NO","Key":"","Default":"current_timestamp()","Extra":""},{"Field":"favorite_sport","Type":"varchar(50)","Null":"YES","Key":"","Default":null,"Extra":""},{"Field":"favorite_team","Type":"varchar(50)","Null":"YES","Key":"","Default":null,"Extra":""},{"Field":"account_type","Type":"enum('user','admin')","Null":"YES","Key":"","Default":"user","Extra":""}]
[23-Apr-2025 22:33:03 Europe/Berlin] Number of users in database: 13
[23-Apr-2025 22:33:03 Europe/Berlin] All tables initialized successfully
[23-Apr-2025 22:33:03 Europe/Berlin] Database tables initialized successfully
[23-Apr-2025 22:33:03 Europe/Berlin] Executing SQL: SELECT * FROM users WHERE id = :id
[23-Apr-2025 22:33:03 Europe/Berlin] With params: {":id":12}
[23-Apr-2025 22:33:03 Europe/Berlin] Query executed successfully. Found 1 rows
[23-Apr-2025 22:33:03 Europe/Berlin] User loaded from session: varunpndey
[23-Apr-2025 22:33:05 Europe/Berlin] Connected to database. Tables found: favorites, feedback, matches, matches_backup, matches_new, news, newsletter, notifications, players, subscriptions, users
[23-Apr-2025 22:33:05 Europe/Berlin] Executing SQL: CREATE TABLE IF NOT EXISTS users (
                id INT AUTO_INCREMENT PRIMARY KEY,
                username VARCHAR(50) NOT NULL UNIQUE,
                password VARCHAR(255) NOT NULL,
                email VARCHAR(100) NOT NULL UNIQUE,
                account_type ENUM('user', 'admin') DEFAULT 'user',
                created_at TIMESTAMP DEFAULT CURRENT_TIMESTAMP
            )
[23-Apr-2025 22:33:05 Europe/Berlin] With params: []
[23-Apr-2025 22:33:05 Europe/Berlin] Query executed successfully. Found 0 rows
[23-Apr-2025 22:33:05 Europe/Berlin] Users table created or already exists
[23-Apr-2025 22:33:05 Europe/Berlin] Users table structure: [{"Field":"id","Type":"int(11)","Null":"NO","Key":"PRI","Default":null,"Extra":"auto_increment"},{"Field":"username","Type":"varchar(50)","Null":"NO","Key":"","Default":null,"Extra":""},{"Field":"email","Type":"varchar(100)","Null":"NO","Key":"UNI","Default":null,"Extra":""},{"Field":"password","Type":"varchar(255)","Null":"NO","Key":"","Default":null,"Extra":""},{"Field":"role","Type":"enum('user','admin')","Null":"YES","Key":"","Default":"user","Extra":""},{"Field":"verification_code","Type":"varchar(100)","Null":"YES","Key":"","Default":null,"Extra":""},{"Field":"is_verified","Type":"tinyint(1)","Null":"YES","Key":"","Default":"0","Extra":""},{"Field":"created_at","Type":"timestamp","Null":"NO","Key":"","Default":"current_timestamp()","Extra":""},{"Field":"favorite_sport","Type":"varchar(50)","Null":"YES","Key":"","Default":null,"Extra":""},{"Field":"favorite_team","Type":"varchar(50)","Null":"YES","Key":"","Default":null,"Extra":""},{"Field":"account_type","Type":"enum('user','admin')","Null":"YES","Key":"","Default":"user","Extra":""}]
[23-Apr-2025 22:33:05 Europe/Berlin] Number of users in database: 13
[23-Apr-2025 22:33:05 Europe/Berlin] All tables initialized successfully
[23-Apr-2025 22:33:05 Europe/Berlin] Connected to database. Tables found: favorites, feedback, matches, matches_backup, matches_new, news, newsletter, notifications, players, subscriptions, users
[23-Apr-2025 22:33:05 Europe/Berlin] Executing SQL: CREATE TABLE IF NOT EXISTS users (
                id INT AUTO_INCREMENT PRIMARY KEY,
                username VARCHAR(50) NOT NULL UNIQUE,
                password VARCHAR(255) NOT NULL,
                email VARCHAR(100) NOT NULL UNIQUE,
                account_type ENUM('user', 'admin') DEFAULT 'user',
                created_at TIMESTAMP DEFAULT CURRENT_TIMESTAMP
            )
[23-Apr-2025 22:33:05 Europe/Berlin] With params: []
[23-Apr-2025 22:33:05 Europe/Berlin] Query executed successfully. Found 0 rows
[23-Apr-2025 22:33:05 Europe/Berlin] Users table created or already exists
[23-Apr-2025 22:33:05 Europe/Berlin] Users table structure: [{"Field":"id","Type":"int(11)","Null":"NO","Key":"PRI","Default":null,"Extra":"auto_increment"},{"Field":"username","Type":"varchar(50)","Null":"NO","Key":"","Default":null,"Extra":""},{"Field":"email","Type":"varchar(100)","Null":"NO","Key":"UNI","Default":null,"Extra":""},{"Field":"password","Type":"varchar(255)","Null":"NO","Key":"","Default":null,"Extra":""},{"Field":"role","Type":"enum('user','admin')","Null":"YES","Key":"","Default":"user","Extra":""},{"Field":"verification_code","Type":"varchar(100)","Null":"YES","Key":"","Default":null,"Extra":""},{"Field":"is_verified","Type":"tinyint(1)","Null":"YES","Key":"","Default":"0","Extra":""},{"Field":"created_at","Type":"timestamp","Null":"NO","Key":"","Default":"current_timestamp()","Extra":""},{"Field":"favorite_sport","Type":"varchar(50)","Null":"YES","Key":"","Default":null,"Extra":""},{"Field":"favorite_team","Type":"varchar(50)","Null":"YES","Key":"","Default":null,"Extra":""},{"Field":"account_type","Type":"enum('user','admin')","Null":"YES","Key":"","Default":"user","Extra":""}]
[23-Apr-2025 22:33:05 Europe/Berlin] Number of users in database: 13
[23-Apr-2025 22:33:05 Europe/Berlin] All tables initialized successfully
[23-Apr-2025 22:33:05 Europe/Berlin] Database tables initialized successfully
[23-Apr-2025 22:33:05 Europe/Berlin] Executing SQL: SELECT * FROM users WHERE id = :id
[23-Apr-2025 22:33:05 Europe/Berlin] With params: {":id":12}
[23-Apr-2025 22:33:05 Europe/Berlin] Query executed successfully. Found 1 rows
[23-Apr-2025 22:33:05 Europe/Berlin] User loaded from session: varunpndey
[23-Apr-2025 22:34:34 Europe/Berlin] Connected to database. Tables found: favorites, feedback, matches, matches_backup, matches_new, news, newsletter, notifications, players, subscriptions, users
[23-Apr-2025 22:34:34 Europe/Berlin] Executing SQL: CREATE TABLE IF NOT EXISTS users (
                id INT AUTO_INCREMENT PRIMARY KEY,
                username VARCHAR(50) NOT NULL UNIQUE,
                password VARCHAR(255) NOT NULL,
                email VARCHAR(100) NOT NULL UNIQUE,
                account_type ENUM('user', 'admin') DEFAULT 'user',
                created_at TIMESTAMP DEFAULT CURRENT_TIMESTAMP
            )
[23-Apr-2025 22:34:34 Europe/Berlin] With params: []
[23-Apr-2025 22:34:34 Europe/Berlin] Query executed successfully. Found 0 rows
[23-Apr-2025 22:34:34 Europe/Berlin] Users table created or already exists
[23-Apr-2025 22:34:34 Europe/Berlin] Users table structure: [{"Field":"id","Type":"int(11)","Null":"NO","Key":"PRI","Default":null,"Extra":"auto_increment"},{"Field":"username","Type":"varchar(50)","Null":"NO","Key":"","Default":null,"Extra":""},{"Field":"email","Type":"varchar(100)","Null":"NO","Key":"UNI","Default":null,"Extra":""},{"Field":"password","Type":"varchar(255)","Null":"NO","Key":"","Default":null,"Extra":""},{"Field":"role","Type":"enum('user','admin')","Null":"YES","Key":"","Default":"user","Extra":""},{"Field":"verification_code","Type":"varchar(100)","Null":"YES","Key":"","Default":null,"Extra":""},{"Field":"is_verified","Type":"tinyint(1)","Null":"YES","Key":"","Default":"0","Extra":""},{"Field":"created_at","Type":"timestamp","Null":"NO","Key":"","Default":"current_timestamp()","Extra":""},{"Field":"favorite_sport","Type":"varchar(50)","Null":"YES","Key":"","Default":null,"Extra":""},{"Field":"favorite_team","Type":"varchar(50)","Null":"YES","Key":"","Default":null,"Extra":""},{"Field":"account_type","Type":"enum('user','admin')","Null":"YES","Key":"","Default":"user","Extra":""}]
[23-Apr-2025 22:34:34 Europe/Berlin] Number of users in database: 13
[23-Apr-2025 22:34:34 Europe/Berlin] All tables initialized successfully
[23-Apr-2025 22:34:34 Europe/Berlin] Connected to database. Tables found: favorites, feedback, matches, matches_backup, matches_new, news, newsletter, notifications, players, subscriptions, users
[23-Apr-2025 22:34:34 Europe/Berlin] Executing SQL: CREATE TABLE IF NOT EXISTS users (
                id INT AUTO_INCREMENT PRIMARY KEY,
                username VARCHAR(50) NOT NULL UNIQUE,
                password VARCHAR(255) NOT NULL,
                email VARCHAR(100) NOT NULL UNIQUE,
                account_type ENUM('user', 'admin') DEFAULT 'user',
                created_at TIMESTAMP DEFAULT CURRENT_TIMESTAMP
            )
[23-Apr-2025 22:34:34 Europe/Berlin] With params: []
[23-Apr-2025 22:34:34 Europe/Berlin] Query executed successfully. Found 0 rows
[23-Apr-2025 22:34:34 Europe/Berlin] Users table created or already exists
[23-Apr-2025 22:34:34 Europe/Berlin] Users table structure: [{"Field":"id","Type":"int(11)","Null":"NO","Key":"PRI","Default":null,"Extra":"auto_increment"},{"Field":"username","Type":"varchar(50)","Null":"NO","Key":"","Default":null,"Extra":""},{"Field":"email","Type":"varchar(100)","Null":"NO","Key":"UNI","Default":null,"Extra":""},{"Field":"password","Type":"varchar(255)","Null":"NO","Key":"","Default":null,"Extra":""},{"Field":"role","Type":"enum('user','admin')","Null":"YES","Key":"","Default":"user","Extra":""},{"Field":"verification_code","Type":"varchar(100)","Null":"YES","Key":"","Default":null,"Extra":""},{"Field":"is_verified","Type":"tinyint(1)","Null":"YES","Key":"","Default":"0","Extra":""},{"Field":"created_at","Type":"timestamp","Null":"NO","Key":"","Default":"current_timestamp()","Extra":""},{"Field":"favorite_sport","Type":"varchar(50)","Null":"YES","Key":"","Default":null,"Extra":""},{"Field":"favorite_team","Type":"varchar(50)","Null":"YES","Key":"","Default":null,"Extra":""},{"Field":"account_type","Type":"enum('user','admin')","Null":"YES","Key":"","Default":"user","Extra":""}]
[23-Apr-2025 22:34:34 Europe/Berlin] Number of users in database: 13
[23-Apr-2025 22:34:34 Europe/Berlin] All tables initialized successfully
[23-Apr-2025 22:34:34 Europe/Berlin] Database tables initialized successfully
[23-Apr-2025 22:34:34 Europe/Berlin] Executing SQL: SELECT * FROM users WHERE id = :id
[23-Apr-2025 22:34:34 Europe/Berlin] With params: {":id":12}
[23-Apr-2025 22:34:34 Europe/Berlin] Query executed successfully. Found 1 rows
[23-Apr-2025 22:34:34 Europe/Berlin] User loaded from session: varunpndey
[23-Apr-2025 22:34:47 Europe/Berlin] Connected to database. Tables found: favorites, feedback, matches, matches_backup, matches_new, news, newsletter, notifications, players, subscriptions, users
[23-Apr-2025 22:34:47 Europe/Berlin] Executing SQL: CREATE TABLE IF NOT EXISTS users (
                id INT AUTO_INCREMENT PRIMARY KEY,
                username VARCHAR(50) NOT NULL UNIQUE,
                password VARCHAR(255) NOT NULL,
                email VARCHAR(100) NOT NULL UNIQUE,
                account_type ENUM('user', 'admin') DEFAULT 'user',
                created_at TIMESTAMP DEFAULT CURRENT_TIMESTAMP
            )
[23-Apr-2025 22:34:47 Europe/Berlin] With params: []
[23-Apr-2025 22:34:47 Europe/Berlin] Query executed successfully. Found 0 rows
[23-Apr-2025 22:34:47 Europe/Berlin] Users table created or already exists
[23-Apr-2025 22:34:47 Europe/Berlin] Users table structure: [{"Field":"id","Type":"int(11)","Null":"NO","Key":"PRI","Default":null,"Extra":"auto_increment"},{"Field":"username","Type":"varchar(50)","Null":"NO","Key":"","Default":null,"Extra":""},{"Field":"email","Type":"varchar(100)","Null":"NO","Key":"UNI","Default":null,"Extra":""},{"Field":"password","Type":"varchar(255)","Null":"NO","Key":"","Default":null,"Extra":""},{"Field":"role","Type":"enum('user','admin')","Null":"YES","Key":"","Default":"user","Extra":""},{"Field":"verification_code","Type":"varchar(100)","Null":"YES","Key":"","Default":null,"Extra":""},{"Field":"is_verified","Type":"tinyint(1)","Null":"YES","Key":"","Default":"0","Extra":""},{"Field":"created_at","Type":"timestamp","Null":"NO","Key":"","Default":"current_timestamp()","Extra":""},{"Field":"favorite_sport","Type":"varchar(50)","Null":"YES","Key":"","Default":null,"Extra":""},{"Field":"favorite_team","Type":"varchar(50)","Null":"YES","Key":"","Default":null,"Extra":""},{"Field":"account_type","Type":"enum('user','admin')","Null":"YES","Key":"","Default":"user","Extra":""}]
[23-Apr-2025 22:34:47 Europe/Berlin] Number of users in database: 13
[23-Apr-2025 22:34:47 Europe/Berlin] All tables initialized successfully
[23-Apr-2025 22:34:47 Europe/Berlin] Connected to database. Tables found: favorites, feedback, matches, matches_backup, matches_new, news, newsletter, notifications, players, subscriptions, users
[23-Apr-2025 22:34:47 Europe/Berlin] Executing SQL: CREATE TABLE IF NOT EXISTS users (
                id INT AUTO_INCREMENT PRIMARY KEY,
                username VARCHAR(50) NOT NULL UNIQUE,
                password VARCHAR(255) NOT NULL,
                email VARCHAR(100) NOT NULL UNIQUE,
                account_type ENUM('user', 'admin') DEFAULT 'user',
                created_at TIMESTAMP DEFAULT CURRENT_TIMESTAMP
            )
[23-Apr-2025 22:34:47 Europe/Berlin] With params: []
[23-Apr-2025 22:34:47 Europe/Berlin] Query executed successfully. Found 0 rows
[23-Apr-2025 22:34:47 Europe/Berlin] Users table created or already exists
[23-Apr-2025 22:34:47 Europe/Berlin] Users table structure: [{"Field":"id","Type":"int(11)","Null":"NO","Key":"PRI","Default":null,"Extra":"auto_increment"},{"Field":"username","Type":"varchar(50)","Null":"NO","Key":"","Default":null,"Extra":""},{"Field":"email","Type":"varchar(100)","Null":"NO","Key":"UNI","Default":null,"Extra":""},{"Field":"password","Type":"varchar(255)","Null":"NO","Key":"","Default":null,"Extra":""},{"Field":"role","Type":"enum('user','admin')","Null":"YES","Key":"","Default":"user","Extra":""},{"Field":"verification_code","Type":"varchar(100)","Null":"YES","Key":"","Default":null,"Extra":""},{"Field":"is_verified","Type":"tinyint(1)","Null":"YES","Key":"","Default":"0","Extra":""},{"Field":"created_at","Type":"timestamp","Null":"NO","Key":"","Default":"current_timestamp()","Extra":""},{"Field":"favorite_sport","Type":"varchar(50)","Null":"YES","Key":"","Default":null,"Extra":""},{"Field":"favorite_team","Type":"varchar(50)","Null":"YES","Key":"","Default":null,"Extra":""},{"Field":"account_type","Type":"enum('user','admin')","Null":"YES","Key":"","Default":"user","Extra":""}]
[23-Apr-2025 22:34:47 Europe/Berlin] Number of users in database: 13
[23-Apr-2025 22:34:47 Europe/Berlin] All tables initialized successfully
[23-Apr-2025 22:34:47 Europe/Berlin] Database tables initialized successfully
[23-Apr-2025 22:34:47 Europe/Berlin] Executing SQL: SELECT * FROM users WHERE id = :id
[23-Apr-2025 22:34:47 Europe/Berlin] With params: {":id":12}
[23-Apr-2025 22:34:47 Europe/Berlin] Query executed successfully. Found 1 rows
[23-Apr-2025 22:34:47 Europe/Berlin] User loaded from session: varunpndey
[23-Apr-2025 22:41:30 Europe/Berlin] Connected to database. Tables found: favorites, feedback, matches, matches_backup, matches_new, news, newsletter, notifications, players, subscriptions, users
[23-Apr-2025 22:41:30 Europe/Berlin] Executing SQL: CREATE TABLE IF NOT EXISTS users (
                id INT AUTO_INCREMENT PRIMARY KEY,
                username VARCHAR(50) NOT NULL UNIQUE,
                password VARCHAR(255) NOT NULL,
                email VARCHAR(100) NOT NULL UNIQUE,
                account_type ENUM('user', 'admin') DEFAULT 'user',
                created_at TIMESTAMP DEFAULT CURRENT_TIMESTAMP
            )
[23-Apr-2025 22:41:30 Europe/Berlin] With params: []
[23-Apr-2025 22:41:30 Europe/Berlin] Query executed successfully. Found 0 rows
[23-Apr-2025 22:41:30 Europe/Berlin] Users table created or already exists
[23-Apr-2025 22:41:30 Europe/Berlin] Users table structure: [{"Field":"id","Type":"int(11)","Null":"NO","Key":"PRI","Default":null,"Extra":"auto_increment"},{"Field":"username","Type":"varchar(50)","Null":"NO","Key":"","Default":null,"Extra":""},{"Field":"email","Type":"varchar(100)","Null":"NO","Key":"UNI","Default":null,"Extra":""},{"Field":"password","Type":"varchar(255)","Null":"NO","Key":"","Default":null,"Extra":""},{"Field":"role","Type":"enum('user','admin')","Null":"YES","Key":"","Default":"user","Extra":""},{"Field":"verification_code","Type":"varchar(100)","Null":"YES","Key":"","Default":null,"Extra":""},{"Field":"is_verified","Type":"tinyint(1)","Null":"YES","Key":"","Default":"0","Extra":""},{"Field":"created_at","Type":"timestamp","Null":"NO","Key":"","Default":"current_timestamp()","Extra":""},{"Field":"favorite_sport","Type":"varchar(50)","Null":"YES","Key":"","Default":null,"Extra":""},{"Field":"favorite_team","Type":"varchar(50)","Null":"YES","Key":"","Default":null,"Extra":""},{"Field":"account_type","Type":"enum('user','admin')","Null":"YES","Key":"","Default":"user","Extra":""}]
[23-Apr-2025 22:41:30 Europe/Berlin] Number of users in database: 13
[23-Apr-2025 22:41:30 Europe/Berlin] All tables initialized successfully
[23-Apr-2025 22:41:30 Europe/Berlin] Connected to database. Tables found: favorites, feedback, matches, matches_backup, matches_new, news, newsletter, notifications, players, subscriptions, users
[23-Apr-2025 22:41:30 Europe/Berlin] Executing SQL: CREATE TABLE IF NOT EXISTS users (
                id INT AUTO_INCREMENT PRIMARY KEY,
                username VARCHAR(50) NOT NULL UNIQUE,
                password VARCHAR(255) NOT NULL,
                email VARCHAR(100) NOT NULL UNIQUE,
                account_type ENUM('user', 'admin') DEFAULT 'user',
                created_at TIMESTAMP DEFAULT CURRENT_TIMESTAMP
            )
[23-Apr-2025 22:41:30 Europe/Berlin] With params: []
[23-Apr-2025 22:41:30 Europe/Berlin] Query executed successfully. Found 0 rows
[23-Apr-2025 22:41:30 Europe/Berlin] Users table created or already exists
[23-Apr-2025 22:41:30 Europe/Berlin] Users table structure: [{"Field":"id","Type":"int(11)","Null":"NO","Key":"PRI","Default":null,"Extra":"auto_increment"},{"Field":"username","Type":"varchar(50)","Null":"NO","Key":"","Default":null,"Extra":""},{"Field":"email","Type":"varchar(100)","Null":"NO","Key":"UNI","Default":null,"Extra":""},{"Field":"password","Type":"varchar(255)","Null":"NO","Key":"","Default":null,"Extra":""},{"Field":"role","Type":"enum('user','admin')","Null":"YES","Key":"","Default":"user","Extra":""},{"Field":"verification_code","Type":"varchar(100)","Null":"YES","Key":"","Default":null,"Extra":""},{"Field":"is_verified","Type":"tinyint(1)","Null":"YES","Key":"","Default":"0","Extra":""},{"Field":"created_at","Type":"timestamp","Null":"NO","Key":"","Default":"current_timestamp()","Extra":""},{"Field":"favorite_sport","Type":"varchar(50)","Null":"YES","Key":"","Default":null,"Extra":""},{"Field":"favorite_team","Type":"varchar(50)","Null":"YES","Key":"","Default":null,"Extra":""},{"Field":"account_type","Type":"enum('user','admin')","Null":"YES","Key":"","Default":"user","Extra":""}]
[23-Apr-2025 22:41:30 Europe/Berlin] Number of users in database: 13
[23-Apr-2025 22:41:30 Europe/Berlin] All tables initialized successfully
[23-Apr-2025 22:41:30 Europe/Berlin] Database tables initialized successfully
[23-Apr-2025 22:41:30 Europe/Berlin] Executing SQL: SELECT * FROM users WHERE id = :id
[23-Apr-2025 22:41:30 Europe/Berlin] With params: {":id":12}
[23-Apr-2025 22:41:30 Europe/Berlin] Query executed successfully. Found 1 rows
[23-Apr-2025 22:41:30 Europe/Berlin] User loaded from session: varunpndey
[23-Apr-2025 22:41:30 Europe/Berlin] Header - Session status: 2
[23-Apr-2025 22:41:30 Europe/Berlin] Header - Session data: {"user_id":12,"username":"varunpndey","email":"va@gmail.com","account_type":"admin"}
[23-Apr-2025 22:41:30 Europe/Berlin] Header - After session start - Status: 2
[23-Apr-2025 22:41:30 Europe/Berlin] Header - After session start - Data: {"user_id":12,"username":"varunpndey","email":"va@gmail.com","account_type":"admin"}
[23-Apr-2025 22:41:30 Europe/Berlin] Header - Is logged in: Yes
[23-Apr-2025 22:41:30 Europe/Berlin] Executing SQL: SELECT * FROM matches WHERE status = 'live'
[23-Apr-2025 22:41:30 Europe/Berlin] With params: []
[23-Apr-2025 22:41:30 Europe/Berlin] Query executed successfully. Found 1 rows
[23-Apr-2025 22:41:30 Europe/Berlin] Executing SQL: SELECT COUNT(*) as count FROM favorites 
                    WHERE user_id = :user_id AND match_id = :match_id
[23-Apr-2025 22:41:30 Europe/Berlin] With params: {":user_id":12,":match_id":42}
[23-Apr-2025 22:41:30 Europe/Berlin] Query executed successfully. Found 1 rows
[23-Apr-2025 22:41:31 Europe/Berlin] Connected to database. Tables found: favorites, feedback, matches, matches_backup, matches_new, news, newsletter, notifications, players, subscriptions, users
[23-Apr-2025 22:41:31 Europe/Berlin] Executing SQL: CREATE TABLE IF NOT EXISTS users (
                id INT AUTO_INCREMENT PRIMARY KEY,
                username VARCHAR(50) NOT NULL UNIQUE,
                password VARCHAR(255) NOT NULL,
                email VARCHAR(100) NOT NULL UNIQUE,
                account_type ENUM('user', 'admin') DEFAULT 'user',
                created_at TIMESTAMP DEFAULT CURRENT_TIMESTAMP
            )
[23-Apr-2025 22:41:31 Europe/Berlin] With params: []
[23-Apr-2025 22:41:31 Europe/Berlin] Query executed successfully. Found 0 rows
[23-Apr-2025 22:41:31 Europe/Berlin] Users table created or already exists
[23-Apr-2025 22:41:31 Europe/Berlin] Users table structure: [{"Field":"id","Type":"int(11)","Null":"NO","Key":"PRI","Default":null,"Extra":"auto_increment"},{"Field":"username","Type":"varchar(50)","Null":"NO","Key":"","Default":null,"Extra":""},{"Field":"email","Type":"varchar(100)","Null":"NO","Key":"UNI","Default":null,"Extra":""},{"Field":"password","Type":"varchar(255)","Null":"NO","Key":"","Default":null,"Extra":""},{"Field":"role","Type":"enum('user','admin')","Null":"YES","Key":"","Default":"user","Extra":""},{"Field":"verification_code","Type":"varchar(100)","Null":"YES","Key":"","Default":null,"Extra":""},{"Field":"is_verified","Type":"tinyint(1)","Null":"YES","Key":"","Default":"0","Extra":""},{"Field":"created_at","Type":"timestamp","Null":"NO","Key":"","Default":"current_timestamp()","Extra":""},{"Field":"favorite_sport","Type":"varchar(50)","Null":"YES","Key":"","Default":null,"Extra":""},{"Field":"favorite_team","Type":"varchar(50)","Null":"YES","Key":"","Default":null,"Extra":""},{"Field":"account_type","Type":"enum('user','admin')","Null":"YES","Key":"","Default":"user","Extra":""}]
[23-Apr-2025 22:41:31 Europe/Berlin] Number of users in database: 13
[23-Apr-2025 22:41:31 Europe/Berlin] All tables initialized successfully
[23-Apr-2025 22:41:31 Europe/Berlin] Connected to database. Tables found: favorites, feedback, matches, matches_backup, matches_new, news, newsletter, notifications, players, subscriptions, users
[23-Apr-2025 22:41:31 Europe/Berlin] Executing SQL: CREATE TABLE IF NOT EXISTS users (
                id INT AUTO_INCREMENT PRIMARY KEY,
                username VARCHAR(50) NOT NULL UNIQUE,
                password VARCHAR(255) NOT NULL,
                email VARCHAR(100) NOT NULL UNIQUE,
                account_type ENUM('user', 'admin') DEFAULT 'user',
                created_at TIMESTAMP DEFAULT CURRENT_TIMESTAMP
            )
[23-Apr-2025 22:41:31 Europe/Berlin] With params: []
[23-Apr-2025 22:41:31 Europe/Berlin] Query executed successfully. Found 0 rows
[23-Apr-2025 22:41:31 Europe/Berlin] Users table created or already exists
[23-Apr-2025 22:41:31 Europe/Berlin] Users table structure: [{"Field":"id","Type":"int(11)","Null":"NO","Key":"PRI","Default":null,"Extra":"auto_increment"},{"Field":"username","Type":"varchar(50)","Null":"NO","Key":"","Default":null,"Extra":""},{"Field":"email","Type":"varchar(100)","Null":"NO","Key":"UNI","Default":null,"Extra":""},{"Field":"password","Type":"varchar(255)","Null":"NO","Key":"","Default":null,"Extra":""},{"Field":"role","Type":"enum('user','admin')","Null":"YES","Key":"","Default":"user","Extra":""},{"Field":"verification_code","Type":"varchar(100)","Null":"YES","Key":"","Default":null,"Extra":""},{"Field":"is_verified","Type":"tinyint(1)","Null":"YES","Key":"","Default":"0","Extra":""},{"Field":"created_at","Type":"timestamp","Null":"NO","Key":"","Default":"current_timestamp()","Extra":""},{"Field":"favorite_sport","Type":"varchar(50)","Null":"YES","Key":"","Default":null,"Extra":""},{"Field":"favorite_team","Type":"varchar(50)","Null":"YES","Key":"","Default":null,"Extra":""},{"Field":"account_type","Type":"enum('user','admin')","Null":"YES","Key":"","Default":"user","Extra":""}]
[23-Apr-2025 22:41:31 Europe/Berlin] Number of users in database: 13
[23-Apr-2025 22:41:31 Europe/Berlin] All tables initialized successfully
[23-Apr-2025 22:41:31 Europe/Berlin] Database tables initialized successfully
[23-Apr-2025 22:41:31 Europe/Berlin] Executing SQL: SELECT * FROM users WHERE id = :id
[23-Apr-2025 22:41:31 Europe/Berlin] With params: {":id":12}
[23-Apr-2025 22:41:31 Europe/Berlin] Query executed successfully. Found 1 rows
[23-Apr-2025 22:41:31 Europe/Berlin] User loaded from session: varunpndey
[23-Apr-2025 22:41:31 Europe/Berlin] Header - Session status: 2
[23-Apr-2025 22:41:32 Europe/Berlin] Header - Session data: {"user_id":12,"username":"varunpndey","email":"va@gmail.com","account_type":"admin"}
[23-Apr-2025 22:41:32 Europe/Berlin] Header - After session start - Status: 2
[23-Apr-2025 22:41:32 Europe/Berlin] Header - After session start - Data: {"user_id":12,"username":"varunpndey","email":"va@gmail.com","account_type":"admin"}
[23-Apr-2025 22:41:32 Europe/Berlin] Header - Is logged in: Yes
[23-Apr-2025 22:41:32 Europe/Berlin] Executing SQL: SELECT * FROM news ORDER BY created_at DESC LIMIT 5
[23-Apr-2025 22:41:32 Europe/Berlin] With params: []
[23-Apr-2025 22:41:32 Europe/Berlin] Query executed successfully. Found 5 rows
[23-Apr-2025 22:41:32 Europe/Berlin] Executing SQL: SELECT * FROM matches WHERE status = 'live'
[23-Apr-2025 22:41:32 Europe/Berlin] With params: []
[23-Apr-2025 22:41:32 Europe/Berlin] Query executed successfully. Found 1 rows
[23-Apr-2025 22:41:32 Europe/Berlin] Executing SQL: SELECT COUNT(*) as count FROM favorites 
                    WHERE user_id = :user_id AND match_id = :match_id
[23-Apr-2025 22:41:32 Europe/Berlin] With params: {":user_id":12,":match_id":42}
[23-Apr-2025 22:41:32 Europe/Berlin] Query executed successfully. Found 1 rows
[23-Apr-2025 22:41:38 Europe/Berlin] Connected to database. Tables found: favorites, feedback, matches, matches_backup, matches_new, news, newsletter, notifications, players, subscriptions, users
[23-Apr-2025 22:41:38 Europe/Berlin] Executing SQL: CREATE TABLE IF NOT EXISTS users (
                id INT AUTO_INCREMENT PRIMARY KEY,
                username VARCHAR(50) NOT NULL UNIQUE,
                password VARCHAR(255) NOT NULL,
                email VARCHAR(100) NOT NULL UNIQUE,
                account_type ENUM('user', 'admin') DEFAULT 'user',
                created_at TIMESTAMP DEFAULT CURRENT_TIMESTAMP
            )
[23-Apr-2025 22:41:38 Europe/Berlin] With params: []
[23-Apr-2025 22:41:38 Europe/Berlin] Query executed successfully. Found 0 rows
[23-Apr-2025 22:41:38 Europe/Berlin] Users table created or already exists
[23-Apr-2025 22:41:38 Europe/Berlin] Users table structure: [{"Field":"id","Type":"int(11)","Null":"NO","Key":"PRI","Default":null,"Extra":"auto_increment"},{"Field":"username","Type":"varchar(50)","Null":"NO","Key":"","Default":null,"Extra":""},{"Field":"email","Type":"varchar(100)","Null":"NO","Key":"UNI","Default":null,"Extra":""},{"Field":"password","Type":"varchar(255)","Null":"NO","Key":"","Default":null,"Extra":""},{"Field":"role","Type":"enum('user','admin')","Null":"YES","Key":"","Default":"user","Extra":""},{"Field":"verification_code","Type":"varchar(100)","Null":"YES","Key":"","Default":null,"Extra":""},{"Field":"is_verified","Type":"tinyint(1)","Null":"YES","Key":"","Default":"0","Extra":""},{"Field":"created_at","Type":"timestamp","Null":"NO","Key":"","Default":"current_timestamp()","Extra":""},{"Field":"favorite_sport","Type":"varchar(50)","Null":"YES","Key":"","Default":null,"Extra":""},{"Field":"favorite_team","Type":"varchar(50)","Null":"YES","Key":"","Default":null,"Extra":""},{"Field":"account_type","Type":"enum('user','admin')","Null":"YES","Key":"","Default":"user","Extra":""}]
[23-Apr-2025 22:41:38 Europe/Berlin] Number of users in database: 13
[23-Apr-2025 22:41:38 Europe/Berlin] All tables initialized successfully
[23-Apr-2025 22:41:38 Europe/Berlin] Connected to database. Tables found: favorites, feedback, matches, matches_backup, matches_new, news, newsletter, notifications, players, subscriptions, users
[23-Apr-2025 22:41:38 Europe/Berlin] Executing SQL: CREATE TABLE IF NOT EXISTS users (
                id INT AUTO_INCREMENT PRIMARY KEY,
                username VARCHAR(50) NOT NULL UNIQUE,
                password VARCHAR(255) NOT NULL,
                email VARCHAR(100) NOT NULL UNIQUE,
                account_type ENUM('user', 'admin') DEFAULT 'user',
                created_at TIMESTAMP DEFAULT CURRENT_TIMESTAMP
            )
[23-Apr-2025 22:41:38 Europe/Berlin] With params: []
[23-Apr-2025 22:41:38 Europe/Berlin] Query executed successfully. Found 0 rows
[23-Apr-2025 22:41:38 Europe/Berlin] Users table created or already exists
[23-Apr-2025 22:41:38 Europe/Berlin] Users table structure: [{"Field":"id","Type":"int(11)","Null":"NO","Key":"PRI","Default":null,"Extra":"auto_increment"},{"Field":"username","Type":"varchar(50)","Null":"NO","Key":"","Default":null,"Extra":""},{"Field":"email","Type":"varchar(100)","Null":"NO","Key":"UNI","Default":null,"Extra":""},{"Field":"password","Type":"varchar(255)","Null":"NO","Key":"","Default":null,"Extra":""},{"Field":"role","Type":"enum('user','admin')","Null":"YES","Key":"","Default":"user","Extra":""},{"Field":"verification_code","Type":"varchar(100)","Null":"YES","Key":"","Default":null,"Extra":""},{"Field":"is_verified","Type":"tinyint(1)","Null":"YES","Key":"","Default":"0","Extra":""},{"Field":"created_at","Type":"timestamp","Null":"NO","Key":"","Default":"current_timestamp()","Extra":""},{"Field":"favorite_sport","Type":"varchar(50)","Null":"YES","Key":"","Default":null,"Extra":""},{"Field":"favorite_team","Type":"varchar(50)","Null":"YES","Key":"","Default":null,"Extra":""},{"Field":"account_type","Type":"enum('user','admin')","Null":"YES","Key":"","Default":"user","Extra":""}]
[23-Apr-2025 22:41:38 Europe/Berlin] Number of users in database: 13
[23-Apr-2025 22:41:38 Europe/Berlin] All tables initialized successfully
[23-Apr-2025 22:41:38 Europe/Berlin] Database tables initialized successfully
[23-Apr-2025 22:41:38 Europe/Berlin] Executing SQL: SELECT * FROM users WHERE id = :id
[23-Apr-2025 22:41:38 Europe/Berlin] With params: {":id":12}
[23-Apr-2025 22:41:38 Europe/Berlin] Query executed successfully. Found 1 rows
[23-Apr-2025 22:41:38 Europe/Berlin] User loaded from session: varunpndey
[23-Apr-2025 22:41:38 Europe/Berlin] Header - Session status: 2
[23-Apr-2025 22:41:38 Europe/Berlin] Header - Session data: {"user_id":12,"username":"varunpndey","email":"va@gmail.com","account_type":"admin"}
[23-Apr-2025 22:41:38 Europe/Berlin] Header - After session start - Status: 2
[23-Apr-2025 22:41:38 Europe/Berlin] Header - After session start - Data: {"user_id":12,"username":"varunpndey","email":"va@gmail.com","account_type":"admin"}
[23-Apr-2025 22:41:38 Europe/Berlin] Header - Is logged in: Yes
[23-Apr-2025 22:41:38 Europe/Berlin] Executing SQL: SELECT * FROM news ORDER BY created_at DESC LIMIT 5
[23-Apr-2025 22:41:38 Europe/Berlin] With params: []
[23-Apr-2025 22:41:38 Europe/Berlin] Query executed successfully. Found 5 rows
[23-Apr-2025 22:41:38 Europe/Berlin] Executing SQL: SELECT * FROM matches WHERE status = 'live'
[23-Apr-2025 22:41:38 Europe/Berlin] With params: []
[23-Apr-2025 22:41:38 Europe/Berlin] Query executed successfully. Found 1 rows
[23-Apr-2025 22:41:38 Europe/Berlin] Executing SQL: SELECT COUNT(*) as count FROM favorites 
                    WHERE user_id = :user_id AND match_id = :match_id
[23-Apr-2025 22:41:38 Europe/Berlin] With params: {":user_id":12,":match_id":42}
[23-Apr-2025 22:41:38 Europe/Berlin] Query executed successfully. Found 1 rows
[23-Apr-2025 22:42:24 Europe/Berlin] Connected to database. Tables found: favorites, feedback, matches, matches_backup, matches_new, news, newsletter, notifications, players, subscriptions, users
[23-Apr-2025 22:42:24 Europe/Berlin] Executing SQL: CREATE TABLE IF NOT EXISTS users (
                id INT AUTO_INCREMENT PRIMARY KEY,
                username VARCHAR(50) NOT NULL UNIQUE,
                password VARCHAR(255) NOT NULL,
                email VARCHAR(100) NOT NULL UNIQUE,
                account_type ENUM('user', 'admin') DEFAULT 'user',
                created_at TIMESTAMP DEFAULT CURRENT_TIMESTAMP
            )
[23-Apr-2025 22:42:24 Europe/Berlin] With params: []
[23-Apr-2025 22:42:24 Europe/Berlin] Query executed successfully. Found 0 rows
[23-Apr-2025 22:42:24 Europe/Berlin] Users table created or already exists
[23-Apr-2025 22:42:24 Europe/Berlin] Users table structure: [{"Field":"id","Type":"int(11)","Null":"NO","Key":"PRI","Default":null,"Extra":"auto_increment"},{"Field":"username","Type":"varchar(50)","Null":"NO","Key":"","Default":null,"Extra":""},{"Field":"email","Type":"varchar(100)","Null":"NO","Key":"UNI","Default":null,"Extra":""},{"Field":"password","Type":"varchar(255)","Null":"NO","Key":"","Default":null,"Extra":""},{"Field":"role","Type":"enum('user','admin')","Null":"YES","Key":"","Default":"user","Extra":""},{"Field":"verification_code","Type":"varchar(100)","Null":"YES","Key":"","Default":null,"Extra":""},{"Field":"is_verified","Type":"tinyint(1)","Null":"YES","Key":"","Default":"0","Extra":""},{"Field":"created_at","Type":"timestamp","Null":"NO","Key":"","Default":"current_timestamp()","Extra":""},{"Field":"favorite_sport","Type":"varchar(50)","Null":"YES","Key":"","Default":null,"Extra":""},{"Field":"favorite_team","Type":"varchar(50)","Null":"YES","Key":"","Default":null,"Extra":""},{"Field":"account_type","Type":"enum('user','admin')","Null":"YES","Key":"","Default":"user","Extra":""}]
[23-Apr-2025 22:42:24 Europe/Berlin] Number of users in database: 13
[23-Apr-2025 22:42:24 Europe/Berlin] All tables initialized successfully
[23-Apr-2025 22:42:24 Europe/Berlin] Connected to database. Tables found: favorites, feedback, matches, matches_backup, matches_new, news, newsletter, notifications, players, subscriptions, users
[23-Apr-2025 22:42:24 Europe/Berlin] Executing SQL: CREATE TABLE IF NOT EXISTS users (
                id INT AUTO_INCREMENT PRIMARY KEY,
                username VARCHAR(50) NOT NULL UNIQUE,
                password VARCHAR(255) NOT NULL,
                email VARCHAR(100) NOT NULL UNIQUE,
                account_type ENUM('user', 'admin') DEFAULT 'user',
                created_at TIMESTAMP DEFAULT CURRENT_TIMESTAMP
            )
[23-Apr-2025 22:42:24 Europe/Berlin] With params: []
[23-Apr-2025 22:42:24 Europe/Berlin] Query executed successfully. Found 0 rows
[23-Apr-2025 22:42:24 Europe/Berlin] Users table created or already exists
[23-Apr-2025 22:42:24 Europe/Berlin] Users table structure: [{"Field":"id","Type":"int(11)","Null":"NO","Key":"PRI","Default":null,"Extra":"auto_increment"},{"Field":"username","Type":"varchar(50)","Null":"NO","Key":"","Default":null,"Extra":""},{"Field":"email","Type":"varchar(100)","Null":"NO","Key":"UNI","Default":null,"Extra":""},{"Field":"password","Type":"varchar(255)","Null":"NO","Key":"","Default":null,"Extra":""},{"Field":"role","Type":"enum('user','admin')","Null":"YES","Key":"","Default":"user","Extra":""},{"Field":"verification_code","Type":"varchar(100)","Null":"YES","Key":"","Default":null,"Extra":""},{"Field":"is_verified","Type":"tinyint(1)","Null":"YES","Key":"","Default":"0","Extra":""},{"Field":"created_at","Type":"timestamp","Null":"NO","Key":"","Default":"current_timestamp()","Extra":""},{"Field":"favorite_sport","Type":"varchar(50)","Null":"YES","Key":"","Default":null,"Extra":""},{"Field":"favorite_team","Type":"varchar(50)","Null":"YES","Key":"","Default":null,"Extra":""},{"Field":"account_type","Type":"enum('user','admin')","Null":"YES","Key":"","Default":"user","Extra":""}]
[23-Apr-2025 22:42:24 Europe/Berlin] Number of users in database: 13
[23-Apr-2025 22:42:24 Europe/Berlin] All tables initialized successfully
[23-Apr-2025 22:42:24 Europe/Berlin] Database tables initialized successfully
[23-Apr-2025 22:42:24 Europe/Berlin] Executing SQL: SELECT * FROM users WHERE id = :id
[23-Apr-2025 22:42:24 Europe/Berlin] With params: {":id":12}
[23-Apr-2025 22:42:24 Europe/Berlin] Query executed successfully. Found 1 rows
[23-Apr-2025 22:42:24 Europe/Berlin] User loaded from session: varunpndey
[23-Apr-2025 22:42:24 Europe/Berlin] Executing SQL: SELECT * FROM users WHERE id = :id
[23-Apr-2025 22:42:24 Europe/Berlin] With params: {":id":12}
[23-Apr-2025 22:42:24 Europe/Berlin] Query executed successfully. Found 1 rows
[23-Apr-2025 22:42:24 Europe/Berlin] Executing SQL: SELECT * FROM news ORDER BY created_at DESC
[23-Apr-2025 22:42:24 Europe/Berlin] With params: []
[23-Apr-2025 22:42:24 Europe/Berlin] Query executed successfully. Found 6 rows
[23-Apr-2025 22:42:24 Europe/Berlin] Executing SQL: SELECT * FROM feedback ORDER BY created_at DESC
[23-Apr-2025 22:42:24 Europe/Berlin] With params: []
[23-Apr-2025 22:42:24 Europe/Berlin] Query executed successfully. Found 11 rows
[23-Apr-2025 22:42:24 Europe/Berlin] Executing SQL: SELECT * FROM matches WHERE status = 'live'
[23-Apr-2025 22:42:24 Europe/Berlin] With params: []
[23-Apr-2025 22:42:24 Europe/Berlin] Query executed successfully. Found 1 rows
[23-Apr-2025 22:42:24 Europe/Berlin] Executing SQL: SELECT * FROM matches WHERE 1=1 ORDER BY match_time DESC
[23-Apr-2025 22:42:24 Europe/Berlin] With params: []
[23-Apr-2025 22:42:24 Europe/Berlin] Query executed successfully. Found 5 rows
[23-Apr-2025 22:43:58 Europe/Berlin] Connected to database. Tables found: favorites, feedback, matches, matches_backup, matches_new, news, newsletter, notifications, players, subscriptions, users
[23-Apr-2025 22:43:58 Europe/Berlin] Executing SQL: CREATE TABLE IF NOT EXISTS users (
                id INT AUTO_INCREMENT PRIMARY KEY,
                username VARCHAR(50) NOT NULL UNIQUE,
                password VARCHAR(255) NOT NULL,
                email VARCHAR(100) NOT NULL UNIQUE,
                account_type ENUM('user', 'admin') DEFAULT 'user',
                created_at TIMESTAMP DEFAULT CURRENT_TIMESTAMP
            )
[23-Apr-2025 22:43:58 Europe/Berlin] With params: []
[23-Apr-2025 22:43:58 Europe/Berlin] Query executed successfully. Found 0 rows
[23-Apr-2025 22:43:58 Europe/Berlin] Users table created or already exists
[23-Apr-2025 22:43:58 Europe/Berlin] Users table structure: [{"Field":"id","Type":"int(11)","Null":"NO","Key":"PRI","Default":null,"Extra":"auto_increment"},{"Field":"username","Type":"varchar(50)","Null":"NO","Key":"","Default":null,"Extra":""},{"Field":"email","Type":"varchar(100)","Null":"NO","Key":"UNI","Default":null,"Extra":""},{"Field":"password","Type":"varchar(255)","Null":"NO","Key":"","Default":null,"Extra":""},{"Field":"role","Type":"enum('user','admin')","Null":"YES","Key":"","Default":"user","Extra":""},{"Field":"verification_code","Type":"varchar(100)","Null":"YES","Key":"","Default":null,"Extra":""},{"Field":"is_verified","Type":"tinyint(1)","Null":"YES","Key":"","Default":"0","Extra":""},{"Field":"created_at","Type":"timestamp","Null":"NO","Key":"","Default":"current_timestamp()","Extra":""},{"Field":"favorite_sport","Type":"varchar(50)","Null":"YES","Key":"","Default":null,"Extra":""},{"Field":"favorite_team","Type":"varchar(50)","Null":"YES","Key":"","Default":null,"Extra":""},{"Field":"account_type","Type":"enum('user','admin')","Null":"YES","Key":"","Default":"user","Extra":""}]
[23-Apr-2025 22:43:58 Europe/Berlin] Number of users in database: 13
[23-Apr-2025 22:43:58 Europe/Berlin] All tables initialized successfully
[23-Apr-2025 22:43:58 Europe/Berlin] Connected to database. Tables found: favorites, feedback, matches, matches_backup, matches_new, news, newsletter, notifications, players, subscriptions, users
[23-Apr-2025 22:43:58 Europe/Berlin] Executing SQL: CREATE TABLE IF NOT EXISTS users (
                id INT AUTO_INCREMENT PRIMARY KEY,
                username VARCHAR(50) NOT NULL UNIQUE,
                password VARCHAR(255) NOT NULL,
                email VARCHAR(100) NOT NULL UNIQUE,
                account_type ENUM('user', 'admin') DEFAULT 'user',
                created_at TIMESTAMP DEFAULT CURRENT_TIMESTAMP
            )
[23-Apr-2025 22:43:58 Europe/Berlin] With params: []
[23-Apr-2025 22:43:58 Europe/Berlin] Query executed successfully. Found 0 rows
[23-Apr-2025 22:43:58 Europe/Berlin] Users table created or already exists
[23-Apr-2025 22:43:58 Europe/Berlin] Users table structure: [{"Field":"id","Type":"int(11)","Null":"NO","Key":"PRI","Default":null,"Extra":"auto_increment"},{"Field":"username","Type":"varchar(50)","Null":"NO","Key":"","Default":null,"Extra":""},{"Field":"email","Type":"varchar(100)","Null":"NO","Key":"UNI","Default":null,"Extra":""},{"Field":"password","Type":"varchar(255)","Null":"NO","Key":"","Default":null,"Extra":""},{"Field":"role","Type":"enum('user','admin')","Null":"YES","Key":"","Default":"user","Extra":""},{"Field":"verification_code","Type":"varchar(100)","Null":"YES","Key":"","Default":null,"Extra":""},{"Field":"is_verified","Type":"tinyint(1)","Null":"YES","Key":"","Default":"0","Extra":""},{"Field":"created_at","Type":"timestamp","Null":"NO","Key":"","Default":"current_timestamp()","Extra":""},{"Field":"favorite_sport","Type":"varchar(50)","Null":"YES","Key":"","Default":null,"Extra":""},{"Field":"favorite_team","Type":"varchar(50)","Null":"YES","Key":"","Default":null,"Extra":""},{"Field":"account_type","Type":"enum('user','admin')","Null":"YES","Key":"","Default":"user","Extra":""}]
[23-Apr-2025 22:43:58 Europe/Berlin] Number of users in database: 13
[23-Apr-2025 22:43:58 Europe/Berlin] All tables initialized successfully
[23-Apr-2025 22:43:58 Europe/Berlin] Database tables initialized successfully
[23-Apr-2025 22:43:58 Europe/Berlin] Executing SQL: SELECT * FROM users WHERE id = :id
[23-Apr-2025 22:43:58 Europe/Berlin] With params: {":id":12}
[23-Apr-2025 22:43:58 Europe/Berlin] Query executed successfully. Found 1 rows
[23-Apr-2025 22:43:58 Europe/Berlin] User loaded from session: varunpndey
[23-Apr-2025 22:43:58 Europe/Berlin] Executing SQL: SELECT * FROM users WHERE id = :id
[23-Apr-2025 22:43:58 Europe/Berlin] With params: {":id":12}
[23-Apr-2025 22:43:58 Europe/Berlin] Query executed successfully. Found 1 rows
[23-Apr-2025 22:43:58 Europe/Berlin] Executing SQL: SELECT * FROM news ORDER BY created_at DESC
[23-Apr-2025 22:43:58 Europe/Berlin] With params: []
[23-Apr-2025 22:43:58 Europe/Berlin] Query executed successfully. Found 6 rows
[23-Apr-2025 22:43:58 Europe/Berlin] Executing SQL: SELECT * FROM feedback ORDER BY created_at DESC
[23-Apr-2025 22:43:58 Europe/Berlin] With params: []
[23-Apr-2025 22:43:58 Europe/Berlin] Query executed successfully. Found 11 rows
[23-Apr-2025 22:43:58 Europe/Berlin] Executing SQL: SELECT * FROM matches WHERE status = 'live'
[23-Apr-2025 22:43:58 Europe/Berlin] With params: []
[23-Apr-2025 22:43:58 Europe/Berlin] Query executed successfully. Found 1 rows
[23-Apr-2025 22:43:58 Europe/Berlin] Executing SQL: SELECT * FROM matches WHERE 1=1 ORDER BY match_time DESC
[23-Apr-2025 22:43:58 Europe/Berlin] With params: []
[23-Apr-2025 22:43:58 Europe/Berlin] Query executed successfully. Found 5 rows
[23-Apr-2025 22:44:01 Europe/Berlin] Connected to database. Tables found: favorites, feedback, matches, matches_backup, matches_new, news, newsletter, notifications, players, subscriptions, users
[23-Apr-2025 22:44:01 Europe/Berlin] Executing SQL: CREATE TABLE IF NOT EXISTS users (
                id INT AUTO_INCREMENT PRIMARY KEY,
                username VARCHAR(50) NOT NULL UNIQUE,
                password VARCHAR(255) NOT NULL,
                email VARCHAR(100) NOT NULL UNIQUE,
                account_type ENUM('user', 'admin') DEFAULT 'user',
                created_at TIMESTAMP DEFAULT CURRENT_TIMESTAMP
            )
[23-Apr-2025 22:44:01 Europe/Berlin] With params: []
[23-Apr-2025 22:44:01 Europe/Berlin] Query executed successfully. Found 0 rows
[23-Apr-2025 22:44:01 Europe/Berlin] Users table created or already exists
[23-Apr-2025 22:44:01 Europe/Berlin] Users table structure: [{"Field":"id","Type":"int(11)","Null":"NO","Key":"PRI","Default":null,"Extra":"auto_increment"},{"Field":"username","Type":"varchar(50)","Null":"NO","Key":"","Default":null,"Extra":""},{"Field":"email","Type":"varchar(100)","Null":"NO","Key":"UNI","Default":null,"Extra":""},{"Field":"password","Type":"varchar(255)","Null":"NO","Key":"","Default":null,"Extra":""},{"Field":"role","Type":"enum('user','admin')","Null":"YES","Key":"","Default":"user","Extra":""},{"Field":"verification_code","Type":"varchar(100)","Null":"YES","Key":"","Default":null,"Extra":""},{"Field":"is_verified","Type":"tinyint(1)","Null":"YES","Key":"","Default":"0","Extra":""},{"Field":"created_at","Type":"timestamp","Null":"NO","Key":"","Default":"current_timestamp()","Extra":""},{"Field":"favorite_sport","Type":"varchar(50)","Null":"YES","Key":"","Default":null,"Extra":""},{"Field":"favorite_team","Type":"varchar(50)","Null":"YES","Key":"","Default":null,"Extra":""},{"Field":"account_type","Type":"enum('user','admin')","Null":"YES","Key":"","Default":"user","Extra":""}]
[23-Apr-2025 22:44:01 Europe/Berlin] Number of users in database: 13
[23-Apr-2025 22:44:01 Europe/Berlin] All tables initialized successfully
[23-Apr-2025 22:44:01 Europe/Berlin] Connected to database. Tables found: favorites, feedback, matches, matches_backup, matches_new, news, newsletter, notifications, players, subscriptions, users
[23-Apr-2025 22:44:01 Europe/Berlin] Executing SQL: CREATE TABLE IF NOT EXISTS users (
                id INT AUTO_INCREMENT PRIMARY KEY,
                username VARCHAR(50) NOT NULL UNIQUE,
                password VARCHAR(255) NOT NULL,
                email VARCHAR(100) NOT NULL UNIQUE,
                account_type ENUM('user', 'admin') DEFAULT 'user',
                created_at TIMESTAMP DEFAULT CURRENT_TIMESTAMP
            )
[23-Apr-2025 22:44:01 Europe/Berlin] With params: []
[23-Apr-2025 22:44:01 Europe/Berlin] Query executed successfully. Found 0 rows
[23-Apr-2025 22:44:01 Europe/Berlin] Users table created or already exists
[23-Apr-2025 22:44:01 Europe/Berlin] Users table structure: [{"Field":"id","Type":"int(11)","Null":"NO","Key":"PRI","Default":null,"Extra":"auto_increment"},{"Field":"username","Type":"varchar(50)","Null":"NO","Key":"","Default":null,"Extra":""},{"Field":"email","Type":"varchar(100)","Null":"NO","Key":"UNI","Default":null,"Extra":""},{"Field":"password","Type":"varchar(255)","Null":"NO","Key":"","Default":null,"Extra":""},{"Field":"role","Type":"enum('user','admin')","Null":"YES","Key":"","Default":"user","Extra":""},{"Field":"verification_code","Type":"varchar(100)","Null":"YES","Key":"","Default":null,"Extra":""},{"Field":"is_verified","Type":"tinyint(1)","Null":"YES","Key":"","Default":"0","Extra":""},{"Field":"created_at","Type":"timestamp","Null":"NO","Key":"","Default":"current_timestamp()","Extra":""},{"Field":"favorite_sport","Type":"varchar(50)","Null":"YES","Key":"","Default":null,"Extra":""},{"Field":"favorite_team","Type":"varchar(50)","Null":"YES","Key":"","Default":null,"Extra":""},{"Field":"account_type","Type":"enum('user','admin')","Null":"YES","Key":"","Default":"user","Extra":""}]
[23-Apr-2025 22:44:01 Europe/Berlin] Number of users in database: 13
[23-Apr-2025 22:44:01 Europe/Berlin] All tables initialized successfully
[23-Apr-2025 22:44:01 Europe/Berlin] Database tables initialized successfully
[23-Apr-2025 22:44:01 Europe/Berlin] Executing SQL: SELECT * FROM users WHERE id = :id
[23-Apr-2025 22:44:01 Europe/Berlin] With params: {":id":12}
[23-Apr-2025 22:44:01 Europe/Berlin] Query executed successfully. Found 1 rows
[23-Apr-2025 22:44:01 Europe/Berlin] User loaded from session: varunpndey
[23-Apr-2025 22:44:01 Europe/Berlin] PHP Notice:  session_start(): Ignoring session_start() because a session is already active in /Applications/XAMPP/xamppfiles/htdocs/sportsync/public/feedback.php on line 2
[23-Apr-2025 22:48:44 Europe/Berlin] Connected to database. Tables found: favorites, feedback, matches, matches_backup, matches_new, news, newsletter, notifications, players, subscriptions, users
[23-Apr-2025 22:48:44 Europe/Berlin] Executing SQL: CREATE TABLE IF NOT EXISTS users (
                id INT AUTO_INCREMENT PRIMARY KEY,
                username VARCHAR(50) NOT NULL UNIQUE,
                password VARCHAR(255) NOT NULL,
                email VARCHAR(100) NOT NULL UNIQUE,
                account_type ENUM('user', 'admin') DEFAULT 'user',
                created_at TIMESTAMP DEFAULT CURRENT_TIMESTAMP
            )
[23-Apr-2025 22:48:44 Europe/Berlin] With params: []
[23-Apr-2025 22:48:44 Europe/Berlin] Query executed successfully. Found 0 rows
[23-Apr-2025 22:48:44 Europe/Berlin] Users table created or already exists
[23-Apr-2025 22:48:44 Europe/Berlin] Users table structure: [{"Field":"id","Type":"int(11)","Null":"NO","Key":"PRI","Default":null,"Extra":"auto_increment"},{"Field":"username","Type":"varchar(50)","Null":"NO","Key":"","Default":null,"Extra":""},{"Field":"email","Type":"varchar(100)","Null":"NO","Key":"UNI","Default":null,"Extra":""},{"Field":"password","Type":"varchar(255)","Null":"NO","Key":"","Default":null,"Extra":""},{"Field":"role","Type":"enum('user','admin')","Null":"YES","Key":"","Default":"user","Extra":""},{"Field":"verification_code","Type":"varchar(100)","Null":"YES","Key":"","Default":null,"Extra":""},{"Field":"is_verified","Type":"tinyint(1)","Null":"YES","Key":"","Default":"0","Extra":""},{"Field":"created_at","Type":"timestamp","Null":"NO","Key":"","Default":"current_timestamp()","Extra":""},{"Field":"favorite_sport","Type":"varchar(50)","Null":"YES","Key":"","Default":null,"Extra":""},{"Field":"favorite_team","Type":"varchar(50)","Null":"YES","Key":"","Default":null,"Extra":""},{"Field":"account_type","Type":"enum('user','admin')","Null":"YES","Key":"","Default":"user","Extra":""}]
[23-Apr-2025 22:48:44 Europe/Berlin] Number of users in database: 13
[23-Apr-2025 22:48:44 Europe/Berlin] All tables initialized successfully
[23-Apr-2025 22:48:44 Europe/Berlin] Connected to database. Tables found: favorites, feedback, matches, matches_backup, matches_new, news, newsletter, notifications, players, subscriptions, users
[23-Apr-2025 22:48:44 Europe/Berlin] Executing SQL: CREATE TABLE IF NOT EXISTS users (
                id INT AUTO_INCREMENT PRIMARY KEY,
                username VARCHAR(50) NOT NULL UNIQUE,
                password VARCHAR(255) NOT NULL,
                email VARCHAR(100) NOT NULL UNIQUE,
                account_type ENUM('user', 'admin') DEFAULT 'user',
                created_at TIMESTAMP DEFAULT CURRENT_TIMESTAMP
            )
[23-Apr-2025 22:48:44 Europe/Berlin] With params: []
[23-Apr-2025 22:48:44 Europe/Berlin] Query executed successfully. Found 0 rows
[23-Apr-2025 22:48:44 Europe/Berlin] Users table created or already exists
[23-Apr-2025 22:48:44 Europe/Berlin] Users table structure: [{"Field":"id","Type":"int(11)","Null":"NO","Key":"PRI","Default":null,"Extra":"auto_increment"},{"Field":"username","Type":"varchar(50)","Null":"NO","Key":"","Default":null,"Extra":""},{"Field":"email","Type":"varchar(100)","Null":"NO","Key":"UNI","Default":null,"Extra":""},{"Field":"password","Type":"varchar(255)","Null":"NO","Key":"","Default":null,"Extra":""},{"Field":"role","Type":"enum('user','admin')","Null":"YES","Key":"","Default":"user","Extra":""},{"Field":"verification_code","Type":"varchar(100)","Null":"YES","Key":"","Default":null,"Extra":""},{"Field":"is_verified","Type":"tinyint(1)","Null":"YES","Key":"","Default":"0","Extra":""},{"Field":"created_at","Type":"timestamp","Null":"NO","Key":"","Default":"current_timestamp()","Extra":""},{"Field":"favorite_sport","Type":"varchar(50)","Null":"YES","Key":"","Default":null,"Extra":""},{"Field":"favorite_team","Type":"varchar(50)","Null":"YES","Key":"","Default":null,"Extra":""},{"Field":"account_type","Type":"enum('user','admin')","Null":"YES","Key":"","Default":"user","Extra":""}]
[23-Apr-2025 22:48:44 Europe/Berlin] Number of users in database: 13
[23-Apr-2025 22:48:44 Europe/Berlin] All tables initialized successfully
[23-Apr-2025 22:48:44 Europe/Berlin] Database tables initialized successfully
[23-Apr-2025 22:48:44 Europe/Berlin] Executing SQL: SELECT * FROM users WHERE id = :id
[23-Apr-2025 22:48:44 Europe/Berlin] With params: {":id":12}
[23-Apr-2025 22:48:44 Europe/Berlin] Query executed successfully. Found 1 rows
[23-Apr-2025 22:48:44 Europe/Berlin] User loaded from session: varunpndey
[23-Apr-2025 22:48:44 Europe/Berlin] Executing SQL: SELECT * FROM users WHERE id = :id
[23-Apr-2025 22:48:44 Europe/Berlin] With params: {":id":12}
[23-Apr-2025 22:48:44 Europe/Berlin] Query executed successfully. Found 1 rows
[23-Apr-2025 22:48:44 Europe/Berlin] Executing SQL: SELECT * FROM news ORDER BY created_at DESC
[23-Apr-2025 22:48:44 Europe/Berlin] With params: []
[23-Apr-2025 22:48:44 Europe/Berlin] Query executed successfully. Found 6 rows
[23-Apr-2025 22:48:44 Europe/Berlin] Executing SQL: SELECT * FROM feedback ORDER BY created_at DESC
[23-Apr-2025 22:48:44 Europe/Berlin] With params: []
[23-Apr-2025 22:48:44 Europe/Berlin] Query executed successfully. Found 11 rows
[23-Apr-2025 22:48:44 Europe/Berlin] Executing SQL: SELECT * FROM matches WHERE status = 'live'
[23-Apr-2025 22:48:44 Europe/Berlin] With params: []
[23-Apr-2025 22:48:44 Europe/Berlin] Query executed successfully. Found 1 rows
[23-Apr-2025 22:48:44 Europe/Berlin] Executing SQL: SELECT * FROM matches WHERE 1=1 ORDER BY match_time DESC
[23-Apr-2025 22:48:44 Europe/Berlin] With params: []
[23-Apr-2025 22:48:44 Europe/Berlin] Query executed successfully. Found 5 rows
[23-Apr-2025 22:48:45 Europe/Berlin] Connected to database. Tables found: favorites, feedback, matches, matches_backup, matches_new, news, newsletter, notifications, players, subscriptions, users
[23-Apr-2025 22:48:45 Europe/Berlin] Executing SQL: CREATE TABLE IF NOT EXISTS users (
                id INT AUTO_INCREMENT PRIMARY KEY,
                username VARCHAR(50) NOT NULL UNIQUE,
                password VARCHAR(255) NOT NULL,
                email VARCHAR(100) NOT NULL UNIQUE,
                account_type ENUM('user', 'admin') DEFAULT 'user',
                created_at TIMESTAMP DEFAULT CURRENT_TIMESTAMP
            )
[23-Apr-2025 22:48:45 Europe/Berlin] With params: []
[23-Apr-2025 22:48:45 Europe/Berlin] Query executed successfully. Found 0 rows
[23-Apr-2025 22:48:45 Europe/Berlin] Users table created or already exists
[23-Apr-2025 22:48:45 Europe/Berlin] Users table structure: [{"Field":"id","Type":"int(11)","Null":"NO","Key":"PRI","Default":null,"Extra":"auto_increment"},{"Field":"username","Type":"varchar(50)","Null":"NO","Key":"","Default":null,"Extra":""},{"Field":"email","Type":"varchar(100)","Null":"NO","Key":"UNI","Default":null,"Extra":""},{"Field":"password","Type":"varchar(255)","Null":"NO","Key":"","Default":null,"Extra":""},{"Field":"role","Type":"enum('user','admin')","Null":"YES","Key":"","Default":"user","Extra":""},{"Field":"verification_code","Type":"varchar(100)","Null":"YES","Key":"","Default":null,"Extra":""},{"Field":"is_verified","Type":"tinyint(1)","Null":"YES","Key":"","Default":"0","Extra":""},{"Field":"created_at","Type":"timestamp","Null":"NO","Key":"","Default":"current_timestamp()","Extra":""},{"Field":"favorite_sport","Type":"varchar(50)","Null":"YES","Key":"","Default":null,"Extra":""},{"Field":"favorite_team","Type":"varchar(50)","Null":"YES","Key":"","Default":null,"Extra":""},{"Field":"account_type","Type":"enum('user','admin')","Null":"YES","Key":"","Default":"user","Extra":""}]
[23-Apr-2025 22:48:45 Europe/Berlin] Number of users in database: 13
[23-Apr-2025 22:48:45 Europe/Berlin] All tables initialized successfully
[23-Apr-2025 22:48:45 Europe/Berlin] Connected to database. Tables found: favorites, feedback, matches, matches_backup, matches_new, news, newsletter, notifications, players, subscriptions, users
[23-Apr-2025 22:48:45 Europe/Berlin] Executing SQL: CREATE TABLE IF NOT EXISTS users (
                id INT AUTO_INCREMENT PRIMARY KEY,
                username VARCHAR(50) NOT NULL UNIQUE,
                password VARCHAR(255) NOT NULL,
                email VARCHAR(100) NOT NULL UNIQUE,
                account_type ENUM('user', 'admin') DEFAULT 'user',
                created_at TIMESTAMP DEFAULT CURRENT_TIMESTAMP
            )
[23-Apr-2025 22:48:45 Europe/Berlin] With params: []
[23-Apr-2025 22:48:45 Europe/Berlin] Query executed successfully. Found 0 rows
[23-Apr-2025 22:48:45 Europe/Berlin] Users table created or already exists
[23-Apr-2025 22:48:45 Europe/Berlin] Users table structure: [{"Field":"id","Type":"int(11)","Null":"NO","Key":"PRI","Default":null,"Extra":"auto_increment"},{"Field":"username","Type":"varchar(50)","Null":"NO","Key":"","Default":null,"Extra":""},{"Field":"email","Type":"varchar(100)","Null":"NO","Key":"UNI","Default":null,"Extra":""},{"Field":"password","Type":"varchar(255)","Null":"NO","Key":"","Default":null,"Extra":""},{"Field":"role","Type":"enum('user','admin')","Null":"YES","Key":"","Default":"user","Extra":""},{"Field":"verification_code","Type":"varchar(100)","Null":"YES","Key":"","Default":null,"Extra":""},{"Field":"is_verified","Type":"tinyint(1)","Null":"YES","Key":"","Default":"0","Extra":""},{"Field":"created_at","Type":"timestamp","Null":"NO","Key":"","Default":"current_timestamp()","Extra":""},{"Field":"favorite_sport","Type":"varchar(50)","Null":"YES","Key":"","Default":null,"Extra":""},{"Field":"favorite_team","Type":"varchar(50)","Null":"YES","Key":"","Default":null,"Extra":""},{"Field":"account_type","Type":"enum('user','admin')","Null":"YES","Key":"","Default":"user","Extra":""}]
[23-Apr-2025 22:48:45 Europe/Berlin] Number of users in database: 13
[23-Apr-2025 22:48:45 Europe/Berlin] All tables initialized successfully
[23-Apr-2025 22:48:45 Europe/Berlin] Database tables initialized successfully
[23-Apr-2025 22:48:45 Europe/Berlin] Executing SQL: SELECT * FROM users WHERE id = :id
[23-Apr-2025 22:48:45 Europe/Berlin] With params: {":id":12}
[23-Apr-2025 22:48:45 Europe/Berlin] Query executed successfully. Found 1 rows
[23-Apr-2025 22:48:45 Europe/Berlin] User loaded from session: varunpndey
[23-Apr-2025 22:48:45 Europe/Berlin] Executing SQL: SELECT * FROM users WHERE id = :id
[23-Apr-2025 22:48:45 Europe/Berlin] With params: {":id":12}
[23-Apr-2025 22:48:45 Europe/Berlin] Query executed successfully. Found 1 rows
[23-Apr-2025 22:48:45 Europe/Berlin] Executing SQL: SELECT * FROM news ORDER BY created_at DESC
[23-Apr-2025 22:48:45 Europe/Berlin] With params: []
[23-Apr-2025 22:48:45 Europe/Berlin] Query executed successfully. Found 6 rows
[23-Apr-2025 22:48:45 Europe/Berlin] Executing SQL: SELECT * FROM feedback ORDER BY created_at DESC
[23-Apr-2025 22:48:45 Europe/Berlin] With params: []
[23-Apr-2025 22:48:45 Europe/Berlin] Query executed successfully. Found 11 rows
[23-Apr-2025 22:48:45 Europe/Berlin] Executing SQL: SELECT * FROM matches WHERE status = 'live'
[23-Apr-2025 22:48:45 Europe/Berlin] With params: []
[23-Apr-2025 22:48:45 Europe/Berlin] Query executed successfully. Found 1 rows
[23-Apr-2025 22:48:45 Europe/Berlin] Executing SQL: SELECT * FROM matches WHERE 1=1 ORDER BY match_time DESC
[23-Apr-2025 22:48:45 Europe/Berlin] With params: []
[23-Apr-2025 22:48:45 Europe/Berlin] Query executed successfully. Found 5 rows
[23-Apr-2025 22:48:47 Europe/Berlin] Connected to database. Tables found: favorites, feedback, matches, matches_backup, matches_new, news, newsletter, notifications, players, subscriptions, users
[23-Apr-2025 22:48:47 Europe/Berlin] Executing SQL: CREATE TABLE IF NOT EXISTS users (
                id INT AUTO_INCREMENT PRIMARY KEY,
                username VARCHAR(50) NOT NULL UNIQUE,
                password VARCHAR(255) NOT NULL,
                email VARCHAR(100) NOT NULL UNIQUE,
                account_type ENUM('user', 'admin') DEFAULT 'user',
                created_at TIMESTAMP DEFAULT CURRENT_TIMESTAMP
            )
[23-Apr-2025 22:48:47 Europe/Berlin] With params: []
[23-Apr-2025 22:48:47 Europe/Berlin] Query executed successfully. Found 0 rows
[23-Apr-2025 22:48:47 Europe/Berlin] Users table created or already exists
[23-Apr-2025 22:48:47 Europe/Berlin] Users table structure: [{"Field":"id","Type":"int(11)","Null":"NO","Key":"PRI","Default":null,"Extra":"auto_increment"},{"Field":"username","Type":"varchar(50)","Null":"NO","Key":"","Default":null,"Extra":""},{"Field":"email","Type":"varchar(100)","Null":"NO","Key":"UNI","Default":null,"Extra":""},{"Field":"password","Type":"varchar(255)","Null":"NO","Key":"","Default":null,"Extra":""},{"Field":"role","Type":"enum('user','admin')","Null":"YES","Key":"","Default":"user","Extra":""},{"Field":"verification_code","Type":"varchar(100)","Null":"YES","Key":"","Default":null,"Extra":""},{"Field":"is_verified","Type":"tinyint(1)","Null":"YES","Key":"","Default":"0","Extra":""},{"Field":"created_at","Type":"timestamp","Null":"NO","Key":"","Default":"current_timestamp()","Extra":""},{"Field":"favorite_sport","Type":"varchar(50)","Null":"YES","Key":"","Default":null,"Extra":""},{"Field":"favorite_team","Type":"varchar(50)","Null":"YES","Key":"","Default":null,"Extra":""},{"Field":"account_type","Type":"enum('user','admin')","Null":"YES","Key":"","Default":"user","Extra":""}]
[23-Apr-2025 22:48:47 Europe/Berlin] Number of users in database: 13
[23-Apr-2025 22:48:47 Europe/Berlin] All tables initialized successfully
[23-Apr-2025 22:48:47 Europe/Berlin] Connected to database. Tables found: favorites, feedback, matches, matches_backup, matches_new, news, newsletter, notifications, players, subscriptions, users
[23-Apr-2025 22:48:47 Europe/Berlin] Executing SQL: CREATE TABLE IF NOT EXISTS users (
                id INT AUTO_INCREMENT PRIMARY KEY,
                username VARCHAR(50) NOT NULL UNIQUE,
                password VARCHAR(255) NOT NULL,
                email VARCHAR(100) NOT NULL UNIQUE,
                account_type ENUM('user', 'admin') DEFAULT 'user',
                created_at TIMESTAMP DEFAULT CURRENT_TIMESTAMP
            )
[23-Apr-2025 22:48:47 Europe/Berlin] With params: []
[23-Apr-2025 22:48:47 Europe/Berlin] Query executed successfully. Found 0 rows
[23-Apr-2025 22:48:47 Europe/Berlin] Users table created or already exists
[23-Apr-2025 22:48:47 Europe/Berlin] Users table structure: [{"Field":"id","Type":"int(11)","Null":"NO","Key":"PRI","Default":null,"Extra":"auto_increment"},{"Field":"username","Type":"varchar(50)","Null":"NO","Key":"","Default":null,"Extra":""},{"Field":"email","Type":"varchar(100)","Null":"NO","Key":"UNI","Default":null,"Extra":""},{"Field":"password","Type":"varchar(255)","Null":"NO","Key":"","Default":null,"Extra":""},{"Field":"role","Type":"enum('user','admin')","Null":"YES","Key":"","Default":"user","Extra":""},{"Field":"verification_code","Type":"varchar(100)","Null":"YES","Key":"","Default":null,"Extra":""},{"Field":"is_verified","Type":"tinyint(1)","Null":"YES","Key":"","Default":"0","Extra":""},{"Field":"created_at","Type":"timestamp","Null":"NO","Key":"","Default":"current_timestamp()","Extra":""},{"Field":"favorite_sport","Type":"varchar(50)","Null":"YES","Key":"","Default":null,"Extra":""},{"Field":"favorite_team","Type":"varchar(50)","Null":"YES","Key":"","Default":null,"Extra":""},{"Field":"account_type","Type":"enum('user','admin')","Null":"YES","Key":"","Default":"user","Extra":""}]
[23-Apr-2025 22:48:47 Europe/Berlin] Number of users in database: 13
[23-Apr-2025 22:48:47 Europe/Berlin] All tables initialized successfully
[23-Apr-2025 22:48:47 Europe/Berlin] Database tables initialized successfully
[23-Apr-2025 22:48:47 Europe/Berlin] Executing SQL: SELECT * FROM users WHERE id = :id
[23-Apr-2025 22:48:47 Europe/Berlin] With params: {":id":12}
[23-Apr-2025 22:48:47 Europe/Berlin] Query executed successfully. Found 1 rows
[23-Apr-2025 22:48:47 Europe/Berlin] User loaded from session: varunpndey
[23-Apr-2025 22:48:47 Europe/Berlin] PHP Notice:  session_start(): Ignoring session_start() because a session is already active in /Applications/XAMPP/xamppfiles/htdocs/sportsync/public/feedback.php on line 2
[23-Apr-2025 22:49:10 Europe/Berlin] Connected to database. Tables found: favorites, feedback, matches, matches_backup, matches_new, news, newsletter, notifications, players, subscriptions, users
[23-Apr-2025 22:49:10 Europe/Berlin] Executing SQL: CREATE TABLE IF NOT EXISTS users (
                id INT AUTO_INCREMENT PRIMARY KEY,
                username VARCHAR(50) NOT NULL UNIQUE,
                password VARCHAR(255) NOT NULL,
                email VARCHAR(100) NOT NULL UNIQUE,
                account_type ENUM('user', 'admin') DEFAULT 'user',
                created_at TIMESTAMP DEFAULT CURRENT_TIMESTAMP
            )
[23-Apr-2025 22:49:10 Europe/Berlin] With params: []
[23-Apr-2025 22:49:10 Europe/Berlin] Query executed successfully. Found 0 rows
[23-Apr-2025 22:49:10 Europe/Berlin] Users table created or already exists
[23-Apr-2025 22:49:10 Europe/Berlin] Users table structure: [{"Field":"id","Type":"int(11)","Null":"NO","Key":"PRI","Default":null,"Extra":"auto_increment"},{"Field":"username","Type":"varchar(50)","Null":"NO","Key":"","Default":null,"Extra":""},{"Field":"email","Type":"varchar(100)","Null":"NO","Key":"UNI","Default":null,"Extra":""},{"Field":"password","Type":"varchar(255)","Null":"NO","Key":"","Default":null,"Extra":""},{"Field":"role","Type":"enum('user','admin')","Null":"YES","Key":"","Default":"user","Extra":""},{"Field":"verification_code","Type":"varchar(100)","Null":"YES","Key":"","Default":null,"Extra":""},{"Field":"is_verified","Type":"tinyint(1)","Null":"YES","Key":"","Default":"0","Extra":""},{"Field":"created_at","Type":"timestamp","Null":"NO","Key":"","Default":"current_timestamp()","Extra":""},{"Field":"favorite_sport","Type":"varchar(50)","Null":"YES","Key":"","Default":null,"Extra":""},{"Field":"favorite_team","Type":"varchar(50)","Null":"YES","Key":"","Default":null,"Extra":""},{"Field":"account_type","Type":"enum('user','admin')","Null":"YES","Key":"","Default":"user","Extra":""}]
[23-Apr-2025 22:49:10 Europe/Berlin] Number of users in database: 13
[23-Apr-2025 22:49:10 Europe/Berlin] All tables initialized successfully
[23-Apr-2025 22:49:10 Europe/Berlin] Connected to database. Tables found: favorites, feedback, matches, matches_backup, matches_new, news, newsletter, notifications, players, subscriptions, users
[23-Apr-2025 22:49:10 Europe/Berlin] Executing SQL: CREATE TABLE IF NOT EXISTS users (
                id INT AUTO_INCREMENT PRIMARY KEY,
                username VARCHAR(50) NOT NULL UNIQUE,
                password VARCHAR(255) NOT NULL,
                email VARCHAR(100) NOT NULL UNIQUE,
                account_type ENUM('user', 'admin') DEFAULT 'user',
                created_at TIMESTAMP DEFAULT CURRENT_TIMESTAMP
            )
[23-Apr-2025 22:49:10 Europe/Berlin] With params: []
[23-Apr-2025 22:49:10 Europe/Berlin] Query executed successfully. Found 0 rows
[23-Apr-2025 22:49:10 Europe/Berlin] Users table created or already exists
[23-Apr-2025 22:49:10 Europe/Berlin] Users table structure: [{"Field":"id","Type":"int(11)","Null":"NO","Key":"PRI","Default":null,"Extra":"auto_increment"},{"Field":"username","Type":"varchar(50)","Null":"NO","Key":"","Default":null,"Extra":""},{"Field":"email","Type":"varchar(100)","Null":"NO","Key":"UNI","Default":null,"Extra":""},{"Field":"password","Type":"varchar(255)","Null":"NO","Key":"","Default":null,"Extra":""},{"Field":"role","Type":"enum('user','admin')","Null":"YES","Key":"","Default":"user","Extra":""},{"Field":"verification_code","Type":"varchar(100)","Null":"YES","Key":"","Default":null,"Extra":""},{"Field":"is_verified","Type":"tinyint(1)","Null":"YES","Key":"","Default":"0","Extra":""},{"Field":"created_at","Type":"timestamp","Null":"NO","Key":"","Default":"current_timestamp()","Extra":""},{"Field":"favorite_sport","Type":"varchar(50)","Null":"YES","Key":"","Default":null,"Extra":""},{"Field":"favorite_team","Type":"varchar(50)","Null":"YES","Key":"","Default":null,"Extra":""},{"Field":"account_type","Type":"enum('user','admin')","Null":"YES","Key":"","Default":"user","Extra":""}]
[23-Apr-2025 22:49:10 Europe/Berlin] Number of users in database: 13
[23-Apr-2025 22:49:10 Europe/Berlin] All tables initialized successfully
[23-Apr-2025 22:49:10 Europe/Berlin] Database tables initialized successfully
[23-Apr-2025 22:49:10 Europe/Berlin] Executing SQL: SELECT * FROM users WHERE id = :id
[23-Apr-2025 22:49:10 Europe/Berlin] With params: {":id":12}
[23-Apr-2025 22:49:10 Europe/Berlin] Query executed successfully. Found 1 rows
[23-Apr-2025 22:49:10 Europe/Berlin] User loaded from session: varunpndey
[23-Apr-2025 22:49:10 Europe/Berlin] PHP Notice:  session_start(): Ignoring session_start() because a session is already active in /Applications/XAMPP/xamppfiles/htdocs/sportsync/public/feedback.php on line 2
[23-Apr-2025 22:51:26 Europe/Berlin] Connected to database. Tables found: favorites, feedback, matches, matches_backup, matches_new, news, newsletter, notifications, players, subscriptions, users
[23-Apr-2025 22:51:26 Europe/Berlin] Executing SQL: CREATE TABLE IF NOT EXISTS users (
                id INT AUTO_INCREMENT PRIMARY KEY,
                username VARCHAR(50) NOT NULL UNIQUE,
                password VARCHAR(255) NOT NULL,
                email VARCHAR(100) NOT NULL UNIQUE,
                account_type ENUM('user', 'admin') DEFAULT 'user',
                created_at TIMESTAMP DEFAULT CURRENT_TIMESTAMP
            )
[23-Apr-2025 22:51:26 Europe/Berlin] With params: []
[23-Apr-2025 22:51:26 Europe/Berlin] Query executed successfully. Found 0 rows
[23-Apr-2025 22:51:26 Europe/Berlin] Users table created or already exists
[23-Apr-2025 22:51:26 Europe/Berlin] Users table structure: [{"Field":"id","Type":"int(11)","Null":"NO","Key":"PRI","Default":null,"Extra":"auto_increment"},{"Field":"username","Type":"varchar(50)","Null":"NO","Key":"","Default":null,"Extra":""},{"Field":"email","Type":"varchar(100)","Null":"NO","Key":"UNI","Default":null,"Extra":""},{"Field":"password","Type":"varchar(255)","Null":"NO","Key":"","Default":null,"Extra":""},{"Field":"role","Type":"enum('user','admin')","Null":"YES","Key":"","Default":"user","Extra":""},{"Field":"verification_code","Type":"varchar(100)","Null":"YES","Key":"","Default":null,"Extra":""},{"Field":"is_verified","Type":"tinyint(1)","Null":"YES","Key":"","Default":"0","Extra":""},{"Field":"created_at","Type":"timestamp","Null":"NO","Key":"","Default":"current_timestamp()","Extra":""},{"Field":"favorite_sport","Type":"varchar(50)","Null":"YES","Key":"","Default":null,"Extra":""},{"Field":"favorite_team","Type":"varchar(50)","Null":"YES","Key":"","Default":null,"Extra":""},{"Field":"account_type","Type":"enum('user','admin')","Null":"YES","Key":"","Default":"user","Extra":""}]
[23-Apr-2025 22:51:26 Europe/Berlin] Number of users in database: 13
[23-Apr-2025 22:51:26 Europe/Berlin] All tables initialized successfully
[23-Apr-2025 22:51:26 Europe/Berlin] Connected to database. Tables found: favorites, feedback, matches, matches_backup, matches_new, news, newsletter, notifications, players, subscriptions, users
[23-Apr-2025 22:51:26 Europe/Berlin] Executing SQL: CREATE TABLE IF NOT EXISTS users (
                id INT AUTO_INCREMENT PRIMARY KEY,
                username VARCHAR(50) NOT NULL UNIQUE,
                password VARCHAR(255) NOT NULL,
                email VARCHAR(100) NOT NULL UNIQUE,
                account_type ENUM('user', 'admin') DEFAULT 'user',
                created_at TIMESTAMP DEFAULT CURRENT_TIMESTAMP
            )
[23-Apr-2025 22:51:26 Europe/Berlin] With params: []
[23-Apr-2025 22:51:26 Europe/Berlin] Query executed successfully. Found 0 rows
[23-Apr-2025 22:51:26 Europe/Berlin] Users table created or already exists
[23-Apr-2025 22:51:26 Europe/Berlin] Users table structure: [{"Field":"id","Type":"int(11)","Null":"NO","Key":"PRI","Default":null,"Extra":"auto_increment"},{"Field":"username","Type":"varchar(50)","Null":"NO","Key":"","Default":null,"Extra":""},{"Field":"email","Type":"varchar(100)","Null":"NO","Key":"UNI","Default":null,"Extra":""},{"Field":"password","Type":"varchar(255)","Null":"NO","Key":"","Default":null,"Extra":""},{"Field":"role","Type":"enum('user','admin')","Null":"YES","Key":"","Default":"user","Extra":""},{"Field":"verification_code","Type":"varchar(100)","Null":"YES","Key":"","Default":null,"Extra":""},{"Field":"is_verified","Type":"tinyint(1)","Null":"YES","Key":"","Default":"0","Extra":""},{"Field":"created_at","Type":"timestamp","Null":"NO","Key":"","Default":"current_timestamp()","Extra":""},{"Field":"favorite_sport","Type":"varchar(50)","Null":"YES","Key":"","Default":null,"Extra":""},{"Field":"favorite_team","Type":"varchar(50)","Null":"YES","Key":"","Default":null,"Extra":""},{"Field":"account_type","Type":"enum('user','admin')","Null":"YES","Key":"","Default":"user","Extra":""}]
[23-Apr-2025 22:51:26 Europe/Berlin] Number of users in database: 13
[23-Apr-2025 22:51:26 Europe/Berlin] All tables initialized successfully
[23-Apr-2025 22:51:26 Europe/Berlin] Database tables initialized successfully
[23-Apr-2025 22:51:26 Europe/Berlin] Executing SQL: SELECT * FROM users WHERE id = :id
[23-Apr-2025 22:51:26 Europe/Berlin] With params: {":id":12}
[23-Apr-2025 22:51:26 Europe/Berlin] Query executed successfully. Found 1 rows
[23-Apr-2025 22:51:26 Europe/Berlin] User loaded from session: varunpndey
[23-Apr-2025 22:51:26 Europe/Berlin] PHP Notice:  session_start(): Ignoring session_start() because a session is already active in /Applications/XAMPP/xamppfiles/htdocs/sportsync/public/feedback.php on line 2
[23-Apr-2025 22:51:26 Europe/Berlin] Header - Session status: 2
[23-Apr-2025 22:51:26 Europe/Berlin] Header - Session data: {"user_id":12,"username":"varunpndey","email":"va@gmail.com","account_type":"admin"}
[23-Apr-2025 22:51:26 Europe/Berlin] Header - After session start - Status: 2
[23-Apr-2025 22:51:26 Europe/Berlin] Header - After session start - Data: {"user_id":12,"username":"varunpndey","email":"va@gmail.com","account_type":"admin"}
[23-Apr-2025 22:51:26 Europe/Berlin] Header - Is logged in: Yes
[23-Apr-2025 22:51:37 Europe/Berlin] Connected to database. Tables found: favorites, feedback, matches, matches_backup, matches_new, news, newsletter, notifications, players, subscriptions, users
[23-Apr-2025 22:51:37 Europe/Berlin] Executing SQL: CREATE TABLE IF NOT EXISTS users (
                id INT AUTO_INCREMENT PRIMARY KEY,
                username VARCHAR(50) NOT NULL UNIQUE,
                password VARCHAR(255) NOT NULL,
                email VARCHAR(100) NOT NULL UNIQUE,
                account_type ENUM('user', 'admin') DEFAULT 'user',
                created_at TIMESTAMP DEFAULT CURRENT_TIMESTAMP
            )
[23-Apr-2025 22:51:37 Europe/Berlin] With params: []
[23-Apr-2025 22:51:37 Europe/Berlin] Query executed successfully. Found 0 rows
[23-Apr-2025 22:51:37 Europe/Berlin] Users table created or already exists
[23-Apr-2025 22:51:37 Europe/Berlin] Users table structure: [{"Field":"id","Type":"int(11)","Null":"NO","Key":"PRI","Default":null,"Extra":"auto_increment"},{"Field":"username","Type":"varchar(50)","Null":"NO","Key":"","Default":null,"Extra":""},{"Field":"email","Type":"varchar(100)","Null":"NO","Key":"UNI","Default":null,"Extra":""},{"Field":"password","Type":"varchar(255)","Null":"NO","Key":"","Default":null,"Extra":""},{"Field":"role","Type":"enum('user','admin')","Null":"YES","Key":"","Default":"user","Extra":""},{"Field":"verification_code","Type":"varchar(100)","Null":"YES","Key":"","Default":null,"Extra":""},{"Field":"is_verified","Type":"tinyint(1)","Null":"YES","Key":"","Default":"0","Extra":""},{"Field":"created_at","Type":"timestamp","Null":"NO","Key":"","Default":"current_timestamp()","Extra":""},{"Field":"favorite_sport","Type":"varchar(50)","Null":"YES","Key":"","Default":null,"Extra":""},{"Field":"favorite_team","Type":"varchar(50)","Null":"YES","Key":"","Default":null,"Extra":""},{"Field":"account_type","Type":"enum('user','admin')","Null":"YES","Key":"","Default":"user","Extra":""}]
[23-Apr-2025 22:51:37 Europe/Berlin] Number of users in database: 13
[23-Apr-2025 22:51:37 Europe/Berlin] All tables initialized successfully
[23-Apr-2025 22:51:37 Europe/Berlin] Connected to database. Tables found: favorites, feedback, matches, matches_backup, matches_new, news, newsletter, notifications, players, subscriptions, users
[23-Apr-2025 22:51:37 Europe/Berlin] Executing SQL: CREATE TABLE IF NOT EXISTS users (
                id INT AUTO_INCREMENT PRIMARY KEY,
                username VARCHAR(50) NOT NULL UNIQUE,
                password VARCHAR(255) NOT NULL,
                email VARCHAR(100) NOT NULL UNIQUE,
                account_type ENUM('user', 'admin') DEFAULT 'user',
                created_at TIMESTAMP DEFAULT CURRENT_TIMESTAMP
            )
[23-Apr-2025 22:51:37 Europe/Berlin] With params: []
[23-Apr-2025 22:51:37 Europe/Berlin] Query executed successfully. Found 0 rows
[23-Apr-2025 22:51:37 Europe/Berlin] Users table created or already exists
[23-Apr-2025 22:51:37 Europe/Berlin] Users table structure: [{"Field":"id","Type":"int(11)","Null":"NO","Key":"PRI","Default":null,"Extra":"auto_increment"},{"Field":"username","Type":"varchar(50)","Null":"NO","Key":"","Default":null,"Extra":""},{"Field":"email","Type":"varchar(100)","Null":"NO","Key":"UNI","Default":null,"Extra":""},{"Field":"password","Type":"varchar(255)","Null":"NO","Key":"","Default":null,"Extra":""},{"Field":"role","Type":"enum('user','admin')","Null":"YES","Key":"","Default":"user","Extra":""},{"Field":"verification_code","Type":"varchar(100)","Null":"YES","Key":"","Default":null,"Extra":""},{"Field":"is_verified","Type":"tinyint(1)","Null":"YES","Key":"","Default":"0","Extra":""},{"Field":"created_at","Type":"timestamp","Null":"NO","Key":"","Default":"current_timestamp()","Extra":""},{"Field":"favorite_sport","Type":"varchar(50)","Null":"YES","Key":"","Default":null,"Extra":""},{"Field":"favorite_team","Type":"varchar(50)","Null":"YES","Key":"","Default":null,"Extra":""},{"Field":"account_type","Type":"enum('user','admin')","Null":"YES","Key":"","Default":"user","Extra":""}]
[23-Apr-2025 22:51:37 Europe/Berlin] Number of users in database: 13
[23-Apr-2025 22:51:37 Europe/Berlin] All tables initialized successfully
[23-Apr-2025 22:51:37 Europe/Berlin] Database tables initialized successfully
[23-Apr-2025 22:51:37 Europe/Berlin] Executing SQL: SELECT * FROM users WHERE id = :id
[23-Apr-2025 22:51:37 Europe/Berlin] With params: {":id":12}
[23-Apr-2025 22:51:37 Europe/Berlin] Query executed successfully. Found 1 rows
[23-Apr-2025 22:51:37 Europe/Berlin] User loaded from session: varunpndey
[23-Apr-2025 22:51:37 Europe/Berlin] PHP Notice:  session_start(): Ignoring session_start() because a session is already active in /Applications/XAMPP/xamppfiles/htdocs/sportsync/public/feedback.php on line 2
[23-Apr-2025 22:51:37 Europe/Berlin] Feedback form submitted - Name: Varun Joshi, Email: varunpndey@outlook.com, Subject: helppp
[23-Apr-2025 22:51:37 Europe/Berlin] Executing SQL: INSERT INTO feedback (name, email, subject, message, status) VALUES (:name, :email, :subject, :message, :status) with params: Array
(
    [:name] => Varun Joshi
    [:email] => varunpndey@outlook.com
    [:subject] => helppp
    [:message] => qwet 5 r65r 567ytg
    [:status] => pending
)

[23-Apr-2025 22:51:37 Europe/Berlin] Attempting to send email to: varunpndey@outlook.com with subject: Thank you for your feedback - SportSync
[23-Apr-2025 22:51:40 Europe/Berlin] PHPMailer [2] : SERVER -> CLIENT: 220 smtp.gmail.com ESMTP d9443c01a7336-22c50eb48f7sm109361785ad.138 - gsmtp

[23-Apr-2025 22:51:40 Europe/Berlin] PHPMailer [1] : CLIENT -> SERVER: EHLO localhost

[23-Apr-2025 22:51:41 Europe/Berlin] PHPMailer [2] : SERVER -> CLIENT: 250-smtp.gmail.com at your service, [49.15.102.192]
250-SIZE 35882577
250-8BITMIME
250-STARTTLS
250-ENHANCEDSTATUSCODES
250-PIPELINING
250-CHUNKING
250 SMTPUTF8

[23-Apr-2025 22:51:41 Europe/Berlin] PHPMailer [1] : CLIENT -> SERVER: STARTTLS

[23-Apr-2025 22:51:41 Europe/Berlin] PHPMailer [2] : SERVER -> CLIENT: 220 2.0.0 Ready to start TLS

[23-Apr-2025 22:51:41 Europe/Berlin] PHPMailer [1] : CLIENT -> SERVER: EHLO localhost

[23-Apr-2025 22:51:43 Europe/Berlin] PHPMailer [2] : SERVER -> CLIENT: 250-smtp.gmail.com at your service, [49.15.102.192]
250-SIZE 35882577
250-8BITMIME
250-AUTH LOGIN PLAIN XOAUTH2 PLAIN-CLIENTTOKEN OAUTHBEARER XOAUTH
250-ENHANCEDSTATUSCODES
250-PIPELINING
250-CHUNKING
250 SMTPUTF8

[23-Apr-2025 22:51:43 Europe/Berlin] PHPMailer [1] : CLIENT -> SERVER: AUTH LOGIN

[23-Apr-2025 22:51:45 Europe/Berlin] PHPMailer [2] : SERVER -> CLIENT: 334 VXNlcm5hbWU6

[23-Apr-2025 22:51:45 Europe/Berlin] PHPMailer [1] : CLIENT -> SERVER: [credentials hidden]
[23-Apr-2025 22:51:46 Europe/Berlin] PHPMailer [2] : SERVER -> CLIENT: 334 UGFzc3dvcmQ6

[23-Apr-2025 22:51:46 Europe/Berlin] PHPMailer [1] : CLIENT -> SERVER: [credentials hidden]
[23-Apr-2025 22:51:46 Europe/Berlin] PHPMailer [2] : SERVER -> CLIENT: 235 2.7.0 Accepted

[23-Apr-2025 22:51:46 Europe/Berlin] PHPMailer [1] : CLIENT -> SERVER: MAIL FROM:<joshivarun266@gmail.com>

[23-Apr-2025 22:51:47 Europe/Berlin] PHPMailer [2] : SERVER -> CLIENT: 250 2.1.0 OK d9443c01a7336-22c50eb48f7sm109361785ad.138 - gsmtp

[23-Apr-2025 22:51:47 Europe/Berlin] PHPMailer [1] : CLIENT -> SERVER: RCPT TO:<varunpndey@outlook.com>

[23-Apr-2025 22:51:47 Europe/Berlin] PHPMailer [2] : SERVER -> CLIENT: 250 2.1.5 OK d9443c01a7336-22c50eb48f7sm109361785ad.138 - gsmtp

[23-Apr-2025 22:51:47 Europe/Berlin] PHPMailer [1] : CLIENT -> SERVER: DATA

[23-Apr-2025 22:51:48 Europe/Berlin] PHPMailer [2] : SERVER -> CLIENT: 354 Go ahead d9443c01a7336-22c50eb48f7sm109361785ad.138 - gsmtp

[23-Apr-2025 22:51:48 Europe/Berlin] PHPMailer [1] : CLIENT -> SERVER: Date: Wed, 23 Apr 2025 22:51:37 +0200

[23-Apr-2025 22:51:48 Europe/Berlin] PHPMailer [1] : CLIENT -> SERVER: To: varunpndey@outlook.com

[23-Apr-2025 22:51:48 Europe/Berlin] PHPMailer [1] : CLIENT -> SERVER: From: SportSync <joshivarun266@gmail.com>

[23-Apr-2025 22:51:48 Europe/Berlin] PHPMailer [1] : CLIENT -> SERVER: Subject: Thank you for your feedback - SportSync

[23-Apr-2025 22:51:48 Europe/Berlin] PHPMailer [1] : CLIENT -> SERVER: Message-ID: <Ye0a3Ev2Vjlih609Qyuazl0kY7RuprXxyGLh650Q@localhost>

[23-Apr-2025 22:51:48 Europe/Berlin] PHPMailer [1] : CLIENT -> SERVER: X-Mailer: PHPMailer 6.9.3 (https://github.com/PHPMailer/PHPMailer)

[23-Apr-2025 22:51:48 Europe/Berlin] PHPMailer [1] : CLIENT -> SERVER: MIME-Version: 1.0

[23-Apr-2025 22:51:48 Europe/Berlin] PHPMailer [1] : CLIENT -> SERVER: Content-Type: multipart/alternative;

[23-Apr-2025 22:51:48 Europe/Berlin] PHPMailer [1] : CLIENT -> SERVER:  boundary="b1=_Ye0a3Ev2Vjlih609Qyuazl0kY7RuprXxyGLh650Q"

[23-Apr-2025 22:51:48 Europe/Berlin] PHPMailer [1] : CLIENT -> SERVER: Content-Transfer-Encoding: 8bit

[23-Apr-2025 22:51:48 Europe/Berlin] PHPMailer [1] : CLIENT -> SERVER: 

[23-Apr-2025 22:51:48 Europe/Berlin] PHPMailer [1] : CLIENT -> SERVER: --b1=_Ye0a3Ev2Vjlih609Qyuazl0kY7RuprXxyGLh650Q

[23-Apr-2025 22:51:48 Europe/Berlin] PHPMailer [1] : CLIENT -> SERVER: Content-Type: text/plain; charset=us-ascii

[23-Apr-2025 22:51:48 Europe/Berlin] PHPMailer [1] : CLIENT -> SERVER: 

[23-Apr-2025 22:51:48 Europe/Berlin] PHPMailer [1] : CLIENT -> SERVER: 

[23-Apr-2025 22:51:48 Europe/Berlin] PHPMailer [1] : CLIENT -> SERVER:             

[23-Apr-2025 22:51:48 Europe/Berlin] PHPMailer [1] : CLIENT -> SERVER:                 Thank you for your valuable feedback!

[23-Apr-2025 22:51:48 Europe/Berlin] PHPMailer [1] : CLIENT -> SERVER:                 Dear Varun Joshi,

[23-Apr-2025 22:51:48 Europe/Berlin] PHPMailer [1] : CLIENT -> SERVER:                 We have received your feedback regarding helppp and appreciate you taking the time to share your thoughts with us.

[23-Apr-2025 22:51:48 Europe/Berlin] PHPMailer [1] : CLIENT -> SERVER:                 Your message:

[23-Apr-2025 22:51:48 Europe/Berlin] PHPMailer [1] : CLIENT -> SERVER:                 

[23-Apr-2025 22:51:48 Europe/Berlin] PHPMailer [1] : CLIENT -> SERVER:                     qwet 5 r65r 567ytg

[23-Apr-2025 22:51:48 Europe/Berlin] PHPMailer [1] : CLIENT -> SERVER:                 

[23-Apr-2025 22:51:48 Europe/Berlin] PHPMailer [1] : CLIENT -> SERVER:                 We will review your feedback and get back to you if necessary.

[23-Apr-2025 22:51:48 Europe/Berlin] PHPMailer [1] : CLIENT -> SERVER:                 Best regards,

[23-Apr-2025 22:51:48 Europe/Berlin] PHPMailer [1] : CLIENT -> SERVER: The SportSync Team

[23-Apr-2025 22:51:48 Europe/Berlin] PHPMailer [1] : CLIENT -> SERVER:             

[23-Apr-2025 22:51:48 Europe/Berlin] PHPMailer [1] : CLIENT -> SERVER:         

[23-Apr-2025 22:51:48 Europe/Berlin] PHPMailer [1] : CLIENT -> SERVER: 

[23-Apr-2025 22:51:48 Europe/Berlin] PHPMailer [1] : CLIENT -> SERVER: --b1=_Ye0a3Ev2Vjlih609Qyuazl0kY7RuprXxyGLh650Q

[23-Apr-2025 22:51:48 Europe/Berlin] PHPMailer [1] : CLIENT -> SERVER: Content-Type: text/html; charset=us-ascii

[23-Apr-2025 22:51:48 Europe/Berlin] PHPMailer [1] : CLIENT -> SERVER: 

[23-Apr-2025 22:51:48 Europe/Berlin] PHPMailer [1] : CLIENT -> SERVER: 

[23-Apr-2025 22:51:48 Europe/Berlin] PHPMailer [1] : CLIENT -> SERVER:             <div style='font-family: Arial, sans-serif; max-width: 600px; margin: 0 auto;'>

[23-Apr-2025 22:51:48 Europe/Berlin] PHPMailer [1] : CLIENT -> SERVER:                 <h2 style='color: #dc2626;'>Thank you for your valuable feedback!</h2>

[23-Apr-2025 22:51:48 Europe/Berlin] PHPMailer [1] : CLIENT -> SERVER:                 <p>Dear Varun Joshi,</p>

[23-Apr-2025 22:51:48 Europe/Berlin] PHPMailer [1] : CLIENT -> SERVER:                 <p>We have received your feedback regarding <strong>helppp</strong> and appreciate you taking the time to share your thoughts with us.</p>

[23-Apr-2025 22:51:48 Europe/Berlin] PHPMailer [1] : CLIENT -> SERVER:                 <p>Your message:</p>

[23-Apr-2025 22:51:48 Europe/Berlin] PHPMailer [1] : CLIENT -> SERVER:                 <div style='background-color: #f3f4f6; padding: 15px; border-radius: 5px; margin: 15px 0;'>

[23-Apr-2025 22:51:48 Europe/Berlin] PHPMailer [1] : CLIENT -> SERVER:                     qwet 5 r65r 567ytg

[23-Apr-2025 22:51:48 Europe/Berlin] PHPMailer [1] : CLIENT -> SERVER:                 </div>

[23-Apr-2025 22:51:48 Europe/Berlin] PHPMailer [1] : CLIENT -> SERVER:                 <p>We will review your feedback and get back to you if necessary.</p>

[23-Apr-2025 22:51:48 Europe/Berlin] PHPMailer [1] : CLIENT -> SERVER:                 <p>Best regards,<br>The SportSync Team</p>

[23-Apr-2025 22:51:48 Europe/Berlin] PHPMailer [1] : CLIENT -> SERVER:             </div>

[23-Apr-2025 22:51:48 Europe/Berlin] PHPMailer [1] : CLIENT -> SERVER:         

[23-Apr-2025 22:51:48 Europe/Berlin] PHPMailer [1] : CLIENT -> SERVER: 

[23-Apr-2025 22:51:48 Europe/Berlin] PHPMailer [1] : CLIENT -> SERVER: 

[23-Apr-2025 22:51:48 Europe/Berlin] PHPMailer [1] : CLIENT -> SERVER: --b1=_Ye0a3Ev2Vjlih609Qyuazl0kY7RuprXxyGLh650Q--

[23-Apr-2025 22:51:48 Europe/Berlin] PHPMailer [1] : CLIENT -> SERVER: 

[23-Apr-2025 22:51:48 Europe/Berlin] PHPMailer [1] : CLIENT -> SERVER: .

[23-Apr-2025 22:51:51 Europe/Berlin] PHPMailer [2] : SERVER -> CLIENT: 250 2.0.0 OK  1745441510 d9443c01a7336-22c50eb48f7sm109361785ad.138 - gsmtp

[23-Apr-2025 22:51:51 Europe/Berlin] PHPMailer [1] : CLIENT -> SERVER: QUIT

[23-Apr-2025 22:51:51 Europe/Berlin] PHPMailer [2] : SERVER -> CLIENT: 221 2.0.0 closing connection d9443c01a7336-22c50eb48f7sm109361785ad.138 - gsmtp

[23-Apr-2025 22:51:51 Europe/Berlin] Email sent successfully to: varunpndey@outlook.com
[23-Apr-2025 22:51:51 Europe/Berlin] Feedback email sending result: Success
[23-Apr-2025 22:51:51 Europe/Berlin] Connected to database. Tables found: favorites, feedback, matches, matches_backup, matches_new, news, newsletter, notifications, players, subscriptions, users
[23-Apr-2025 22:51:51 Europe/Berlin] Executing SQL: CREATE TABLE IF NOT EXISTS users (
                id INT AUTO_INCREMENT PRIMARY KEY,
                username VARCHAR(50) NOT NULL UNIQUE,
                password VARCHAR(255) NOT NULL,
                email VARCHAR(100) NOT NULL UNIQUE,
                account_type ENUM('user', 'admin') DEFAULT 'user',
                created_at TIMESTAMP DEFAULT CURRENT_TIMESTAMP
            )
[23-Apr-2025 22:51:51 Europe/Berlin] With params: []
[23-Apr-2025 22:51:51 Europe/Berlin] Query executed successfully. Found 0 rows
[23-Apr-2025 22:51:51 Europe/Berlin] Users table created or already exists
[23-Apr-2025 22:51:51 Europe/Berlin] Users table structure: [{"Field":"id","Type":"int(11)","Null":"NO","Key":"PRI","Default":null,"Extra":"auto_increment"},{"Field":"username","Type":"varchar(50)","Null":"NO","Key":"","Default":null,"Extra":""},{"Field":"email","Type":"varchar(100)","Null":"NO","Key":"UNI","Default":null,"Extra":""},{"Field":"password","Type":"varchar(255)","Null":"NO","Key":"","Default":null,"Extra":""},{"Field":"role","Type":"enum('user','admin')","Null":"YES","Key":"","Default":"user","Extra":""},{"Field":"verification_code","Type":"varchar(100)","Null":"YES","Key":"","Default":null,"Extra":""},{"Field":"is_verified","Type":"tinyint(1)","Null":"YES","Key":"","Default":"0","Extra":""},{"Field":"created_at","Type":"timestamp","Null":"NO","Key":"","Default":"current_timestamp()","Extra":""},{"Field":"favorite_sport","Type":"varchar(50)","Null":"YES","Key":"","Default":null,"Extra":""},{"Field":"favorite_team","Type":"varchar(50)","Null":"YES","Key":"","Default":null,"Extra":""},{"Field":"account_type","Type":"enum('user','admin')","Null":"YES","Key":"","Default":"user","Extra":""}]
[23-Apr-2025 22:51:51 Europe/Berlin] Number of users in database: 13
[23-Apr-2025 22:51:51 Europe/Berlin] All tables initialized successfully
[23-Apr-2025 22:51:51 Europe/Berlin] Connected to database. Tables found: favorites, feedback, matches, matches_backup, matches_new, news, newsletter, notifications, players, subscriptions, users
[23-Apr-2025 22:51:51 Europe/Berlin] Executing SQL: CREATE TABLE IF NOT EXISTS users (
                id INT AUTO_INCREMENT PRIMARY KEY,
                username VARCHAR(50) NOT NULL UNIQUE,
                password VARCHAR(255) NOT NULL,
                email VARCHAR(100) NOT NULL UNIQUE,
                account_type ENUM('user', 'admin') DEFAULT 'user',
                created_at TIMESTAMP DEFAULT CURRENT_TIMESTAMP
            )
[23-Apr-2025 22:51:51 Europe/Berlin] With params: []
[23-Apr-2025 22:51:51 Europe/Berlin] Query executed successfully. Found 0 rows
[23-Apr-2025 22:51:51 Europe/Berlin] Users table created or already exists
[23-Apr-2025 22:51:51 Europe/Berlin] Users table structure: [{"Field":"id","Type":"int(11)","Null":"NO","Key":"PRI","Default":null,"Extra":"auto_increment"},{"Field":"username","Type":"varchar(50)","Null":"NO","Key":"","Default":null,"Extra":""},{"Field":"email","Type":"varchar(100)","Null":"NO","Key":"UNI","Default":null,"Extra":""},{"Field":"password","Type":"varchar(255)","Null":"NO","Key":"","Default":null,"Extra":""},{"Field":"role","Type":"enum('user','admin')","Null":"YES","Key":"","Default":"user","Extra":""},{"Field":"verification_code","Type":"varchar(100)","Null":"YES","Key":"","Default":null,"Extra":""},{"Field":"is_verified","Type":"tinyint(1)","Null":"YES","Key":"","Default":"0","Extra":""},{"Field":"created_at","Type":"timestamp","Null":"NO","Key":"","Default":"current_timestamp()","Extra":""},{"Field":"favorite_sport","Type":"varchar(50)","Null":"YES","Key":"","Default":null,"Extra":""},{"Field":"favorite_team","Type":"varchar(50)","Null":"YES","Key":"","Default":null,"Extra":""},{"Field":"account_type","Type":"enum('user','admin')","Null":"YES","Key":"","Default":"user","Extra":""}]
[23-Apr-2025 22:51:51 Europe/Berlin] Number of users in database: 13
[23-Apr-2025 22:51:51 Europe/Berlin] All tables initialized successfully
[23-Apr-2025 22:51:51 Europe/Berlin] Database tables initialized successfully
[23-Apr-2025 22:51:51 Europe/Berlin] Executing SQL: SELECT * FROM users WHERE id = :id
[23-Apr-2025 22:51:51 Europe/Berlin] With params: {":id":12}
[23-Apr-2025 22:51:51 Europe/Berlin] Query executed successfully. Found 1 rows
[23-Apr-2025 22:51:51 Europe/Berlin] User loaded from session: varunpndey
[23-Apr-2025 22:51:51 Europe/Berlin] Header - Session status: 2
[23-Apr-2025 22:51:51 Europe/Berlin] Header - Session data: {"user_id":12,"username":"varunpndey","email":"va@gmail.com","account_type":"admin","success_message":"Thank you for your feedback! We have sent a confirmation email to your inbox."}
[23-Apr-2025 22:51:51 Europe/Berlin] Header - After session start - Status: 2
[23-Apr-2025 22:51:51 Europe/Berlin] Header - After session start - Data: {"user_id":12,"username":"varunpndey","email":"va@gmail.com","account_type":"admin","success_message":"Thank you for your feedback! We have sent a confirmation email to your inbox."}
[23-Apr-2025 22:51:51 Europe/Berlin] Header - Is logged in: Yes
[23-Apr-2025 22:51:59 Europe/Berlin] Connected to database. Tables found: favorites, feedback, matches, matches_backup, matches_new, news, newsletter, notifications, players, subscriptions, users
[23-Apr-2025 22:51:59 Europe/Berlin] Executing SQL: CREATE TABLE IF NOT EXISTS users (
                id INT AUTO_INCREMENT PRIMARY KEY,
                username VARCHAR(50) NOT NULL UNIQUE,
                password VARCHAR(255) NOT NULL,
                email VARCHAR(100) NOT NULL UNIQUE,
                account_type ENUM('user', 'admin') DEFAULT 'user',
                created_at TIMESTAMP DEFAULT CURRENT_TIMESTAMP
            )
[23-Apr-2025 22:51:59 Europe/Berlin] With params: []
[23-Apr-2025 22:51:59 Europe/Berlin] Query executed successfully. Found 0 rows
[23-Apr-2025 22:51:59 Europe/Berlin] Users table created or already exists
[23-Apr-2025 22:51:59 Europe/Berlin] Users table structure: [{"Field":"id","Type":"int(11)","Null":"NO","Key":"PRI","Default":null,"Extra":"auto_increment"},{"Field":"username","Type":"varchar(50)","Null":"NO","Key":"","Default":null,"Extra":""},{"Field":"email","Type":"varchar(100)","Null":"NO","Key":"UNI","Default":null,"Extra":""},{"Field":"password","Type":"varchar(255)","Null":"NO","Key":"","Default":null,"Extra":""},{"Field":"role","Type":"enum('user','admin')","Null":"YES","Key":"","Default":"user","Extra":""},{"Field":"verification_code","Type":"varchar(100)","Null":"YES","Key":"","Default":null,"Extra":""},{"Field":"is_verified","Type":"tinyint(1)","Null":"YES","Key":"","Default":"0","Extra":""},{"Field":"created_at","Type":"timestamp","Null":"NO","Key":"","Default":"current_timestamp()","Extra":""},{"Field":"favorite_sport","Type":"varchar(50)","Null":"YES","Key":"","Default":null,"Extra":""},{"Field":"favorite_team","Type":"varchar(50)","Null":"YES","Key":"","Default":null,"Extra":""},{"Field":"account_type","Type":"enum('user','admin')","Null":"YES","Key":"","Default":"user","Extra":""}]
[23-Apr-2025 22:51:59 Europe/Berlin] Number of users in database: 13
[23-Apr-2025 22:51:59 Europe/Berlin] All tables initialized successfully
[23-Apr-2025 22:51:59 Europe/Berlin] Connected to database. Tables found: favorites, feedback, matches, matches_backup, matches_new, news, newsletter, notifications, players, subscriptions, users
[23-Apr-2025 22:51:59 Europe/Berlin] Executing SQL: CREATE TABLE IF NOT EXISTS users (
                id INT AUTO_INCREMENT PRIMARY KEY,
                username VARCHAR(50) NOT NULL UNIQUE,
                password VARCHAR(255) NOT NULL,
                email VARCHAR(100) NOT NULL UNIQUE,
                account_type ENUM('user', 'admin') DEFAULT 'user',
                created_at TIMESTAMP DEFAULT CURRENT_TIMESTAMP
            )
[23-Apr-2025 22:51:59 Europe/Berlin] With params: []
[23-Apr-2025 22:51:59 Europe/Berlin] Query executed successfully. Found 0 rows
[23-Apr-2025 22:51:59 Europe/Berlin] Users table created or already exists
[23-Apr-2025 22:51:59 Europe/Berlin] Users table structure: [{"Field":"id","Type":"int(11)","Null":"NO","Key":"PRI","Default":null,"Extra":"auto_increment"},{"Field":"username","Type":"varchar(50)","Null":"NO","Key":"","Default":null,"Extra":""},{"Field":"email","Type":"varchar(100)","Null":"NO","Key":"UNI","Default":null,"Extra":""},{"Field":"password","Type":"varchar(255)","Null":"NO","Key":"","Default":null,"Extra":""},{"Field":"role","Type":"enum('user','admin')","Null":"YES","Key":"","Default":"user","Extra":""},{"Field":"verification_code","Type":"varchar(100)","Null":"YES","Key":"","Default":null,"Extra":""},{"Field":"is_verified","Type":"tinyint(1)","Null":"YES","Key":"","Default":"0","Extra":""},{"Field":"created_at","Type":"timestamp","Null":"NO","Key":"","Default":"current_timestamp()","Extra":""},{"Field":"favorite_sport","Type":"varchar(50)","Null":"YES","Key":"","Default":null,"Extra":""},{"Field":"favorite_team","Type":"varchar(50)","Null":"YES","Key":"","Default":null,"Extra":""},{"Field":"account_type","Type":"enum('user','admin')","Null":"YES","Key":"","Default":"user","Extra":""}]
[23-Apr-2025 22:51:59 Europe/Berlin] Number of users in database: 13
[23-Apr-2025 22:51:59 Europe/Berlin] All tables initialized successfully
[23-Apr-2025 22:51:59 Europe/Berlin] Database tables initialized successfully
[23-Apr-2025 22:51:59 Europe/Berlin] Executing SQL: SELECT * FROM users WHERE id = :id
[23-Apr-2025 22:51:59 Europe/Berlin] With params: {":id":12}
[23-Apr-2025 22:51:59 Europe/Berlin] Query executed successfully. Found 1 rows
[23-Apr-2025 22:51:59 Europe/Berlin] User loaded from session: varunpndey
[23-Apr-2025 22:51:59 Europe/Berlin] Executing SQL: SELECT * FROM users WHERE id = :id
[23-Apr-2025 22:51:59 Europe/Berlin] With params: {":id":12}
[23-Apr-2025 22:51:59 Europe/Berlin] Query executed successfully. Found 1 rows
[23-Apr-2025 22:51:59 Europe/Berlin] Executing SQL: SELECT * FROM news ORDER BY created_at DESC
[23-Apr-2025 22:51:59 Europe/Berlin] With params: []
[23-Apr-2025 22:51:59 Europe/Berlin] Query executed successfully. Found 6 rows
[23-Apr-2025 22:51:59 Europe/Berlin] Executing SQL: SELECT * FROM feedback ORDER BY created_at DESC
[23-Apr-2025 22:51:59 Europe/Berlin] With params: []
[23-Apr-2025 22:51:59 Europe/Berlin] Query executed successfully. Found 12 rows
[23-Apr-2025 22:51:59 Europe/Berlin] Executing SQL: SELECT * FROM matches WHERE status = 'live'
[23-Apr-2025 22:51:59 Europe/Berlin] With params: []
[23-Apr-2025 22:51:59 Europe/Berlin] Query executed successfully. Found 1 rows
[23-Apr-2025 22:51:59 Europe/Berlin] Executing SQL: SELECT * FROM matches WHERE 1=1 ORDER BY match_time DESC
[23-Apr-2025 22:51:59 Europe/Berlin] With params: []
[23-Apr-2025 22:51:59 Europe/Berlin] Query executed successfully. Found 5 rows
[23-Apr-2025 22:52:15 Europe/Berlin] Connected to database. Tables found: favorites, feedback, matches, matches_backup, matches_new, news, newsletter, notifications, players, subscriptions, users
[23-Apr-2025 22:52:15 Europe/Berlin] Executing SQL: CREATE TABLE IF NOT EXISTS users (
                id INT AUTO_INCREMENT PRIMARY KEY,
                username VARCHAR(50) NOT NULL UNIQUE,
                password VARCHAR(255) NOT NULL,
                email VARCHAR(100) NOT NULL UNIQUE,
                account_type ENUM('user', 'admin') DEFAULT 'user',
                created_at TIMESTAMP DEFAULT CURRENT_TIMESTAMP
            )
[23-Apr-2025 22:52:15 Europe/Berlin] With params: []
[23-Apr-2025 22:52:15 Europe/Berlin] Query executed successfully. Found 0 rows
[23-Apr-2025 22:52:15 Europe/Berlin] Users table created or already exists
[23-Apr-2025 22:52:15 Europe/Berlin] Users table structure: [{"Field":"id","Type":"int(11)","Null":"NO","Key":"PRI","Default":null,"Extra":"auto_increment"},{"Field":"username","Type":"varchar(50)","Null":"NO","Key":"","Default":null,"Extra":""},{"Field":"email","Type":"varchar(100)","Null":"NO","Key":"UNI","Default":null,"Extra":""},{"Field":"password","Type":"varchar(255)","Null":"NO","Key":"","Default":null,"Extra":""},{"Field":"role","Type":"enum('user','admin')","Null":"YES","Key":"","Default":"user","Extra":""},{"Field":"verification_code","Type":"varchar(100)","Null":"YES","Key":"","Default":null,"Extra":""},{"Field":"is_verified","Type":"tinyint(1)","Null":"YES","Key":"","Default":"0","Extra":""},{"Field":"created_at","Type":"timestamp","Null":"NO","Key":"","Default":"current_timestamp()","Extra":""},{"Field":"favorite_sport","Type":"varchar(50)","Null":"YES","Key":"","Default":null,"Extra":""},{"Field":"favorite_team","Type":"varchar(50)","Null":"YES","Key":"","Default":null,"Extra":""},{"Field":"account_type","Type":"enum('user','admin')","Null":"YES","Key":"","Default":"user","Extra":""}]
[23-Apr-2025 22:52:15 Europe/Berlin] Number of users in database: 13
[23-Apr-2025 22:52:15 Europe/Berlin] All tables initialized successfully
[23-Apr-2025 22:52:15 Europe/Berlin] Connected to database. Tables found: favorites, feedback, matches, matches_backup, matches_new, news, newsletter, notifications, players, subscriptions, users
[23-Apr-2025 22:52:15 Europe/Berlin] Executing SQL: CREATE TABLE IF NOT EXISTS users (
                id INT AUTO_INCREMENT PRIMARY KEY,
                username VARCHAR(50) NOT NULL UNIQUE,
                password VARCHAR(255) NOT NULL,
                email VARCHAR(100) NOT NULL UNIQUE,
                account_type ENUM('user', 'admin') DEFAULT 'user',
                created_at TIMESTAMP DEFAULT CURRENT_TIMESTAMP
            )
[23-Apr-2025 22:52:15 Europe/Berlin] With params: []
[23-Apr-2025 22:52:15 Europe/Berlin] Query executed successfully. Found 0 rows
[23-Apr-2025 22:52:15 Europe/Berlin] Users table created or already exists
[23-Apr-2025 22:52:15 Europe/Berlin] Users table structure: [{"Field":"id","Type":"int(11)","Null":"NO","Key":"PRI","Default":null,"Extra":"auto_increment"},{"Field":"username","Type":"varchar(50)","Null":"NO","Key":"","Default":null,"Extra":""},{"Field":"email","Type":"varchar(100)","Null":"NO","Key":"UNI","Default":null,"Extra":""},{"Field":"password","Type":"varchar(255)","Null":"NO","Key":"","Default":null,"Extra":""},{"Field":"role","Type":"enum('user','admin')","Null":"YES","Key":"","Default":"user","Extra":""},{"Field":"verification_code","Type":"varchar(100)","Null":"YES","Key":"","Default":null,"Extra":""},{"Field":"is_verified","Type":"tinyint(1)","Null":"YES","Key":"","Default":"0","Extra":""},{"Field":"created_at","Type":"timestamp","Null":"NO","Key":"","Default":"current_timestamp()","Extra":""},{"Field":"favorite_sport","Type":"varchar(50)","Null":"YES","Key":"","Default":null,"Extra":""},{"Field":"favorite_team","Type":"varchar(50)","Null":"YES","Key":"","Default":null,"Extra":""},{"Field":"account_type","Type":"enum('user','admin')","Null":"YES","Key":"","Default":"user","Extra":""}]
[23-Apr-2025 22:52:15 Europe/Berlin] Number of users in database: 13
[23-Apr-2025 22:52:15 Europe/Berlin] All tables initialized successfully
[23-Apr-2025 22:52:15 Europe/Berlin] Database tables initialized successfully
[23-Apr-2025 22:52:15 Europe/Berlin] Executing SQL: SELECT * FROM users WHERE id = :id
[23-Apr-2025 22:52:15 Europe/Berlin] With params: {":id":12}
[23-Apr-2025 22:52:15 Europe/Berlin] Query executed successfully. Found 1 rows
[23-Apr-2025 22:52:15 Europe/Berlin] User loaded from session: varunpndey
[23-Apr-2025 22:52:15 Europe/Berlin] Header - Session status: 2
[23-Apr-2025 22:52:15 Europe/Berlin] Header - Session data: {"user_id":12,"username":"varunpndey","email":"va@gmail.com","account_type":"admin"}
[23-Apr-2025 22:52:15 Europe/Berlin] Header - After session start - Status: 2
[23-Apr-2025 22:52:15 Europe/Berlin] Header - After session start - Data: {"user_id":12,"username":"varunpndey","email":"va@gmail.com","account_type":"admin"}
[23-Apr-2025 22:52:15 Europe/Berlin] Header - Is logged in: Yes
[23-Apr-2025 22:52:15 Europe/Berlin] Executing SQL: SELECT * FROM news ORDER BY created_at DESC LIMIT 5
[23-Apr-2025 22:52:15 Europe/Berlin] With params: []
[23-Apr-2025 22:52:15 Europe/Berlin] Query executed successfully. Found 5 rows
[23-Apr-2025 22:52:15 Europe/Berlin] Executing SQL: SELECT * FROM matches WHERE status = 'live'
[23-Apr-2025 22:52:15 Europe/Berlin] With params: []
[23-Apr-2025 22:52:15 Europe/Berlin] Query executed successfully. Found 1 rows
[23-Apr-2025 22:52:15 Europe/Berlin] Executing SQL: SELECT COUNT(*) as count FROM favorites 
                    WHERE user_id = :user_id AND match_id = :match_id
[23-Apr-2025 22:52:15 Europe/Berlin] With params: {":user_id":12,":match_id":42}
[23-Apr-2025 22:52:15 Europe/Berlin] Query executed successfully. Found 1 rows
[23-Apr-2025 22:52:18 Europe/Berlin] Connected to database. Tables found: favorites, feedback, matches, matches_backup, matches_new, news, newsletter, notifications, players, subscriptions, users
[23-Apr-2025 22:52:18 Europe/Berlin] Executing SQL: CREATE TABLE IF NOT EXISTS users (
                id INT AUTO_INCREMENT PRIMARY KEY,
                username VARCHAR(50) NOT NULL UNIQUE,
                password VARCHAR(255) NOT NULL,
                email VARCHAR(100) NOT NULL UNIQUE,
                account_type ENUM('user', 'admin') DEFAULT 'user',
                created_at TIMESTAMP DEFAULT CURRENT_TIMESTAMP
            )
[23-Apr-2025 22:52:18 Europe/Berlin] With params: []
[23-Apr-2025 22:52:18 Europe/Berlin] Query executed successfully. Found 0 rows
[23-Apr-2025 22:52:18 Europe/Berlin] Users table created or already exists
[23-Apr-2025 22:52:18 Europe/Berlin] Users table structure: [{"Field":"id","Type":"int(11)","Null":"NO","Key":"PRI","Default":null,"Extra":"auto_increment"},{"Field":"username","Type":"varchar(50)","Null":"NO","Key":"","Default":null,"Extra":""},{"Field":"email","Type":"varchar(100)","Null":"NO","Key":"UNI","Default":null,"Extra":""},{"Field":"password","Type":"varchar(255)","Null":"NO","Key":"","Default":null,"Extra":""},{"Field":"role","Type":"enum('user','admin')","Null":"YES","Key":"","Default":"user","Extra":""},{"Field":"verification_code","Type":"varchar(100)","Null":"YES","Key":"","Default":null,"Extra":""},{"Field":"is_verified","Type":"tinyint(1)","Null":"YES","Key":"","Default":"0","Extra":""},{"Field":"created_at","Type":"timestamp","Null":"NO","Key":"","Default":"current_timestamp()","Extra":""},{"Field":"favorite_sport","Type":"varchar(50)","Null":"YES","Key":"","Default":null,"Extra":""},{"Field":"favorite_team","Type":"varchar(50)","Null":"YES","Key":"","Default":null,"Extra":""},{"Field":"account_type","Type":"enum('user','admin')","Null":"YES","Key":"","Default":"user","Extra":""}]
[23-Apr-2025 22:52:18 Europe/Berlin] Number of users in database: 13
[23-Apr-2025 22:52:18 Europe/Berlin] All tables initialized successfully
[23-Apr-2025 22:52:18 Europe/Berlin] Connected to database. Tables found: favorites, feedback, matches, matches_backup, matches_new, news, newsletter, notifications, players, subscriptions, users
[23-Apr-2025 22:52:18 Europe/Berlin] Executing SQL: CREATE TABLE IF NOT EXISTS users (
                id INT AUTO_INCREMENT PRIMARY KEY,
                username VARCHAR(50) NOT NULL UNIQUE,
                password VARCHAR(255) NOT NULL,
                email VARCHAR(100) NOT NULL UNIQUE,
                account_type ENUM('user', 'admin') DEFAULT 'user',
                created_at TIMESTAMP DEFAULT CURRENT_TIMESTAMP
            )
[23-Apr-2025 22:52:18 Europe/Berlin] With params: []
[23-Apr-2025 22:52:18 Europe/Berlin] Query executed successfully. Found 0 rows
[23-Apr-2025 22:52:18 Europe/Berlin] Users table created or already exists
[23-Apr-2025 22:52:18 Europe/Berlin] Users table structure: [{"Field":"id","Type":"int(11)","Null":"NO","Key":"PRI","Default":null,"Extra":"auto_increment"},{"Field":"username","Type":"varchar(50)","Null":"NO","Key":"","Default":null,"Extra":""},{"Field":"email","Type":"varchar(100)","Null":"NO","Key":"UNI","Default":null,"Extra":""},{"Field":"password","Type":"varchar(255)","Null":"NO","Key":"","Default":null,"Extra":""},{"Field":"role","Type":"enum('user','admin')","Null":"YES","Key":"","Default":"user","Extra":""},{"Field":"verification_code","Type":"varchar(100)","Null":"YES","Key":"","Default":null,"Extra":""},{"Field":"is_verified","Type":"tinyint(1)","Null":"YES","Key":"","Default":"0","Extra":""},{"Field":"created_at","Type":"timestamp","Null":"NO","Key":"","Default":"current_timestamp()","Extra":""},{"Field":"favorite_sport","Type":"varchar(50)","Null":"YES","Key":"","Default":null,"Extra":""},{"Field":"favorite_team","Type":"varchar(50)","Null":"YES","Key":"","Default":null,"Extra":""},{"Field":"account_type","Type":"enum('user','admin')","Null":"YES","Key":"","Default":"user","Extra":""}]
[23-Apr-2025 22:52:18 Europe/Berlin] Number of users in database: 13
[23-Apr-2025 22:52:18 Europe/Berlin] All tables initialized successfully
[23-Apr-2025 22:52:18 Europe/Berlin] Database tables initialized successfully
[23-Apr-2025 22:52:18 Europe/Berlin] Executing SQL: SELECT * FROM users WHERE id = :id
[23-Apr-2025 22:52:18 Europe/Berlin] With params: {":id":12}
[23-Apr-2025 22:52:18 Europe/Berlin] Query executed successfully. Found 1 rows
[23-Apr-2025 22:52:18 Europe/Berlin] User loaded from session: varunpndey
[23-Apr-2025 22:52:18 Europe/Berlin] Header - Session status: 2
[23-Apr-2025 22:52:18 Europe/Berlin] Header - Session data: {"user_id":12,"username":"varunpndey","email":"va@gmail.com","account_type":"admin"}
[23-Apr-2025 22:52:18 Europe/Berlin] Header - After session start - Status: 2
[23-Apr-2025 22:52:18 Europe/Berlin] Header - After session start - Data: {"user_id":12,"username":"varunpndey","email":"va@gmail.com","account_type":"admin"}
[23-Apr-2025 22:52:18 Europe/Berlin] Header - Is logged in: Yes
[23-Apr-2025 22:52:18 Europe/Berlin] Executing SQL: SELECT * FROM matches WHERE status = 'live'
[23-Apr-2025 22:52:18 Europe/Berlin] With params: []
[23-Apr-2025 22:52:18 Europe/Berlin] Query executed successfully. Found 1 rows
[23-Apr-2025 22:52:18 Europe/Berlin] Executing SQL: SELECT COUNT(*) as count FROM favorites 
                    WHERE user_id = :user_id AND match_id = :match_id
[23-Apr-2025 22:52:18 Europe/Berlin] With params: {":user_id":12,":match_id":42}
[23-Apr-2025 22:52:18 Europe/Berlin] Query executed successfully. Found 1 rows
[23-Apr-2025 22:52:39 Europe/Berlin] Connected to database. Tables found: favorites, feedback, matches, matches_backup, matches_new, news, newsletter, notifications, players, subscriptions, users
[23-Apr-2025 22:52:39 Europe/Berlin] Executing SQL: CREATE TABLE IF NOT EXISTS users (
                id INT AUTO_INCREMENT PRIMARY KEY,
                username VARCHAR(50) NOT NULL UNIQUE,
                password VARCHAR(255) NOT NULL,
                email VARCHAR(100) NOT NULL UNIQUE,
                account_type ENUM('user', 'admin') DEFAULT 'user',
                created_at TIMESTAMP DEFAULT CURRENT_TIMESTAMP
            )
[23-Apr-2025 22:52:39 Europe/Berlin] With params: []
[23-Apr-2025 22:52:39 Europe/Berlin] Query executed successfully. Found 0 rows
[23-Apr-2025 22:52:39 Europe/Berlin] Users table created or already exists
[23-Apr-2025 22:52:39 Europe/Berlin] Users table structure: [{"Field":"id","Type":"int(11)","Null":"NO","Key":"PRI","Default":null,"Extra":"auto_increment"},{"Field":"username","Type":"varchar(50)","Null":"NO","Key":"","Default":null,"Extra":""},{"Field":"email","Type":"varchar(100)","Null":"NO","Key":"UNI","Default":null,"Extra":""},{"Field":"password","Type":"varchar(255)","Null":"NO","Key":"","Default":null,"Extra":""},{"Field":"role","Type":"enum('user','admin')","Null":"YES","Key":"","Default":"user","Extra":""},{"Field":"verification_code","Type":"varchar(100)","Null":"YES","Key":"","Default":null,"Extra":""},{"Field":"is_verified","Type":"tinyint(1)","Null":"YES","Key":"","Default":"0","Extra":""},{"Field":"created_at","Type":"timestamp","Null":"NO","Key":"","Default":"current_timestamp()","Extra":""},{"Field":"favorite_sport","Type":"varchar(50)","Null":"YES","Key":"","Default":null,"Extra":""},{"Field":"favorite_team","Type":"varchar(50)","Null":"YES","Key":"","Default":null,"Extra":""},{"Field":"account_type","Type":"enum('user','admin')","Null":"YES","Key":"","Default":"user","Extra":""}]
[23-Apr-2025 22:52:39 Europe/Berlin] Number of users in database: 13
[23-Apr-2025 22:52:39 Europe/Berlin] All tables initialized successfully
[23-Apr-2025 22:52:39 Europe/Berlin] Connected to database. Tables found: favorites, feedback, matches, matches_backup, matches_new, news, newsletter, notifications, players, subscriptions, users
[23-Apr-2025 22:52:39 Europe/Berlin] Executing SQL: CREATE TABLE IF NOT EXISTS users (
                id INT AUTO_INCREMENT PRIMARY KEY,
                username VARCHAR(50) NOT NULL UNIQUE,
                password VARCHAR(255) NOT NULL,
                email VARCHAR(100) NOT NULL UNIQUE,
                account_type ENUM('user', 'admin') DEFAULT 'user',
                created_at TIMESTAMP DEFAULT CURRENT_TIMESTAMP
            )
[23-Apr-2025 22:52:39 Europe/Berlin] With params: []
[23-Apr-2025 22:52:39 Europe/Berlin] Query executed successfully. Found 0 rows
[23-Apr-2025 22:52:39 Europe/Berlin] Users table created or already exists
[23-Apr-2025 22:52:39 Europe/Berlin] Users table structure: [{"Field":"id","Type":"int(11)","Null":"NO","Key":"PRI","Default":null,"Extra":"auto_increment"},{"Field":"username","Type":"varchar(50)","Null":"NO","Key":"","Default":null,"Extra":""},{"Field":"email","Type":"varchar(100)","Null":"NO","Key":"UNI","Default":null,"Extra":""},{"Field":"password","Type":"varchar(255)","Null":"NO","Key":"","Default":null,"Extra":""},{"Field":"role","Type":"enum('user','admin')","Null":"YES","Key":"","Default":"user","Extra":""},{"Field":"verification_code","Type":"varchar(100)","Null":"YES","Key":"","Default":null,"Extra":""},{"Field":"is_verified","Type":"tinyint(1)","Null":"YES","Key":"","Default":"0","Extra":""},{"Field":"created_at","Type":"timestamp","Null":"NO","Key":"","Default":"current_timestamp()","Extra":""},{"Field":"favorite_sport","Type":"varchar(50)","Null":"YES","Key":"","Default":null,"Extra":""},{"Field":"favorite_team","Type":"varchar(50)","Null":"YES","Key":"","Default":null,"Extra":""},{"Field":"account_type","Type":"enum('user','admin')","Null":"YES","Key":"","Default":"user","Extra":""}]
[23-Apr-2025 22:52:39 Europe/Berlin] Number of users in database: 13
[23-Apr-2025 22:52:39 Europe/Berlin] All tables initialized successfully
[23-Apr-2025 22:52:39 Europe/Berlin] Database tables initialized successfully
[23-Apr-2025 22:52:39 Europe/Berlin] Executing SQL: SELECT * FROM users WHERE id = :id
[23-Apr-2025 22:52:39 Europe/Berlin] With params: {":id":12}
[23-Apr-2025 22:52:39 Europe/Berlin] Query executed successfully. Found 1 rows
[23-Apr-2025 22:52:39 Europe/Berlin] User loaded from session: varunpndey
[23-Apr-2025 22:52:39 Europe/Berlin] Header - Session status: 2
[23-Apr-2025 22:52:39 Europe/Berlin] Header - Session data: {"user_id":12,"username":"varunpndey","email":"va@gmail.com","account_type":"admin"}
[23-Apr-2025 22:52:39 Europe/Berlin] Header - After session start - Status: 2
[23-Apr-2025 22:52:39 Europe/Berlin] Header - After session start - Data: {"user_id":12,"username":"varunpndey","email":"va@gmail.com","account_type":"admin"}
[23-Apr-2025 22:52:39 Europe/Berlin] Header - Is logged in: Yes
[23-Apr-2025 22:52:39 Europe/Berlin] Executing SQL: SELECT * FROM matches WHERE sport = :sport AND status IN ('live', 'upcoming') ORDER BY match_time DESC
[23-Apr-2025 22:52:39 Europe/Berlin] With params: {":sport":"football"}
[23-Apr-2025 22:52:39 Europe/Berlin] Query executed successfully. Found 1 rows
[23-Apr-2025 22:52:39 Europe/Berlin] Executing SQL: SELECT COUNT(*) as count FROM favorites 
                    WHERE user_id = :user_id AND match_id = :match_id
[23-Apr-2025 22:52:39 Europe/Berlin] With params: {":user_id":12,":match_id":41}
[23-Apr-2025 22:52:39 Europe/Berlin] Query executed successfully. Found 1 rows
[23-Apr-2025 22:52:40 Europe/Berlin] Connected to database. Tables found: favorites, feedback, matches, matches_backup, matches_new, news, newsletter, notifications, players, subscriptions, users
[23-Apr-2025 22:52:40 Europe/Berlin] Executing SQL: CREATE TABLE IF NOT EXISTS users (
                id INT AUTO_INCREMENT PRIMARY KEY,
                username VARCHAR(50) NOT NULL UNIQUE,
                password VARCHAR(255) NOT NULL,
                email VARCHAR(100) NOT NULL UNIQUE,
                account_type ENUM('user', 'admin') DEFAULT 'user',
                created_at TIMESTAMP DEFAULT CURRENT_TIMESTAMP
            )
[23-Apr-2025 22:52:40 Europe/Berlin] With params: []
[23-Apr-2025 22:52:40 Europe/Berlin] Query executed successfully. Found 0 rows
[23-Apr-2025 22:52:40 Europe/Berlin] Users table created or already exists
[23-Apr-2025 22:52:40 Europe/Berlin] Users table structure: [{"Field":"id","Type":"int(11)","Null":"NO","Key":"PRI","Default":null,"Extra":"auto_increment"},{"Field":"username","Type":"varchar(50)","Null":"NO","Key":"","Default":null,"Extra":""},{"Field":"email","Type":"varchar(100)","Null":"NO","Key":"UNI","Default":null,"Extra":""},{"Field":"password","Type":"varchar(255)","Null":"NO","Key":"","Default":null,"Extra":""},{"Field":"role","Type":"enum('user','admin')","Null":"YES","Key":"","Default":"user","Extra":""},{"Field":"verification_code","Type":"varchar(100)","Null":"YES","Key":"","Default":null,"Extra":""},{"Field":"is_verified","Type":"tinyint(1)","Null":"YES","Key":"","Default":"0","Extra":""},{"Field":"created_at","Type":"timestamp","Null":"NO","Key":"","Default":"current_timestamp()","Extra":""},{"Field":"favorite_sport","Type":"varchar(50)","Null":"YES","Key":"","Default":null,"Extra":""},{"Field":"favorite_team","Type":"varchar(50)","Null":"YES","Key":"","Default":null,"Extra":""},{"Field":"account_type","Type":"enum('user','admin')","Null":"YES","Key":"","Default":"user","Extra":""}]
[23-Apr-2025 22:52:40 Europe/Berlin] Number of users in database: 13
[23-Apr-2025 22:52:40 Europe/Berlin] All tables initialized successfully
[23-Apr-2025 22:52:40 Europe/Berlin] Connected to database. Tables found: favorites, feedback, matches, matches_backup, matches_new, news, newsletter, notifications, players, subscriptions, users
[23-Apr-2025 22:52:40 Europe/Berlin] Executing SQL: CREATE TABLE IF NOT EXISTS users (
                id INT AUTO_INCREMENT PRIMARY KEY,
                username VARCHAR(50) NOT NULL UNIQUE,
                password VARCHAR(255) NOT NULL,
                email VARCHAR(100) NOT NULL UNIQUE,
                account_type ENUM('user', 'admin') DEFAULT 'user',
                created_at TIMESTAMP DEFAULT CURRENT_TIMESTAMP
            )
[23-Apr-2025 22:52:40 Europe/Berlin] With params: []
[23-Apr-2025 22:52:40 Europe/Berlin] Query executed successfully. Found 0 rows
[23-Apr-2025 22:52:40 Europe/Berlin] Users table created or already exists
[23-Apr-2025 22:52:40 Europe/Berlin] Users table structure: [{"Field":"id","Type":"int(11)","Null":"NO","Key":"PRI","Default":null,"Extra":"auto_increment"},{"Field":"username","Type":"varchar(50)","Null":"NO","Key":"","Default":null,"Extra":""},{"Field":"email","Type":"varchar(100)","Null":"NO","Key":"UNI","Default":null,"Extra":""},{"Field":"password","Type":"varchar(255)","Null":"NO","Key":"","Default":null,"Extra":""},{"Field":"role","Type":"enum('user','admin')","Null":"YES","Key":"","Default":"user","Extra":""},{"Field":"verification_code","Type":"varchar(100)","Null":"YES","Key":"","Default":null,"Extra":""},{"Field":"is_verified","Type":"tinyint(1)","Null":"YES","Key":"","Default":"0","Extra":""},{"Field":"created_at","Type":"timestamp","Null":"NO","Key":"","Default":"current_timestamp()","Extra":""},{"Field":"favorite_sport","Type":"varchar(50)","Null":"YES","Key":"","Default":null,"Extra":""},{"Field":"favorite_team","Type":"varchar(50)","Null":"YES","Key":"","Default":null,"Extra":""},{"Field":"account_type","Type":"enum('user','admin')","Null":"YES","Key":"","Default":"user","Extra":""}]
[23-Apr-2025 22:52:40 Europe/Berlin] Number of users in database: 13
[23-Apr-2025 22:52:40 Europe/Berlin] All tables initialized successfully
[23-Apr-2025 22:52:40 Europe/Berlin] Database tables initialized successfully
[23-Apr-2025 22:52:40 Europe/Berlin] Executing SQL: SELECT * FROM users WHERE id = :id
[23-Apr-2025 22:52:40 Europe/Berlin] With params: {":id":12}
[23-Apr-2025 22:52:40 Europe/Berlin] Query executed successfully. Found 1 rows
[23-Apr-2025 22:52:40 Europe/Berlin] User loaded from session: varunpndey
[23-Apr-2025 22:52:40 Europe/Berlin] Header - Session status: 2
[23-Apr-2025 22:52:40 Europe/Berlin] Header - Session data: {"user_id":12,"username":"varunpndey","email":"va@gmail.com","account_type":"admin"}
[23-Apr-2025 22:52:40 Europe/Berlin] Header - After session start - Status: 2
[23-Apr-2025 22:52:40 Europe/Berlin] Header - After session start - Data: {"user_id":12,"username":"varunpndey","email":"va@gmail.com","account_type":"admin"}
[23-Apr-2025 22:52:40 Europe/Berlin] Header - Is logged in: Yes
[23-Apr-2025 22:52:40 Europe/Berlin] Executing SQL: SELECT * FROM matches WHERE sport = :sport AND status IN ('live', 'upcoming') ORDER BY match_time DESC
[23-Apr-2025 22:52:40 Europe/Berlin] With params: {":sport":"cricket"}
[23-Apr-2025 22:52:40 Europe/Berlin] Query executed successfully. Found 4 rows
[23-Apr-2025 22:52:40 Europe/Berlin] Executing SQL: SELECT COUNT(*) as count FROM favorites 
                    WHERE user_id = :user_id AND match_id = :match_id
[23-Apr-2025 22:52:40 Europe/Berlin] With params: {":user_id":12,":match_id":42}
[23-Apr-2025 22:52:40 Europe/Berlin] Query executed successfully. Found 1 rows
[23-Apr-2025 22:52:40 Europe/Berlin] Executing SQL: SELECT COUNT(*) as count FROM favorites 
                    WHERE user_id = :user_id AND match_id = :match_id
[23-Apr-2025 22:52:40 Europe/Berlin] With params: {":user_id":12,":match_id":43}
[23-Apr-2025 22:52:40 Europe/Berlin] Query executed successfully. Found 1 rows
[23-Apr-2025 22:52:40 Europe/Berlin] Executing SQL: SELECT COUNT(*) as count FROM favorites 
                    WHERE user_id = :user_id AND match_id = :match_id
[23-Apr-2025 22:52:40 Europe/Berlin] With params: {":user_id":12,":match_id":38}
[23-Apr-2025 22:52:40 Europe/Berlin] Query executed successfully. Found 1 rows
[23-Apr-2025 22:52:40 Europe/Berlin] Executing SQL: SELECT COUNT(*) as count FROM favorites 
                    WHERE user_id = :user_id AND match_id = :match_id
[23-Apr-2025 22:52:40 Europe/Berlin] With params: {":user_id":12,":match_id":37}
[23-Apr-2025 22:52:40 Europe/Berlin] Query executed successfully. Found 1 rows
[23-Apr-2025 22:52:44 Europe/Berlin] Connected to database. Tables found: favorites, feedback, matches, matches_backup, matches_new, news, newsletter, notifications, players, subscriptions, users
[23-Apr-2025 22:52:44 Europe/Berlin] Executing SQL: CREATE TABLE IF NOT EXISTS users (
                id INT AUTO_INCREMENT PRIMARY KEY,
                username VARCHAR(50) NOT NULL UNIQUE,
                password VARCHAR(255) NOT NULL,
                email VARCHAR(100) NOT NULL UNIQUE,
                account_type ENUM('user', 'admin') DEFAULT 'user',
                created_at TIMESTAMP DEFAULT CURRENT_TIMESTAMP
            )
[23-Apr-2025 22:52:44 Europe/Berlin] With params: []
[23-Apr-2025 22:52:44 Europe/Berlin] Query executed successfully. Found 0 rows
[23-Apr-2025 22:52:44 Europe/Berlin] Users table created or already exists
[23-Apr-2025 22:52:44 Europe/Berlin] Users table structure: [{"Field":"id","Type":"int(11)","Null":"NO","Key":"PRI","Default":null,"Extra":"auto_increment"},{"Field":"username","Type":"varchar(50)","Null":"NO","Key":"","Default":null,"Extra":""},{"Field":"email","Type":"varchar(100)","Null":"NO","Key":"UNI","Default":null,"Extra":""},{"Field":"password","Type":"varchar(255)","Null":"NO","Key":"","Default":null,"Extra":""},{"Field":"role","Type":"enum('user','admin')","Null":"YES","Key":"","Default":"user","Extra":""},{"Field":"verification_code","Type":"varchar(100)","Null":"YES","Key":"","Default":null,"Extra":""},{"Field":"is_verified","Type":"tinyint(1)","Null":"YES","Key":"","Default":"0","Extra":""},{"Field":"created_at","Type":"timestamp","Null":"NO","Key":"","Default":"current_timestamp()","Extra":""},{"Field":"favorite_sport","Type":"varchar(50)","Null":"YES","Key":"","Default":null,"Extra":""},{"Field":"favorite_team","Type":"varchar(50)","Null":"YES","Key":"","Default":null,"Extra":""},{"Field":"account_type","Type":"enum('user','admin')","Null":"YES","Key":"","Default":"user","Extra":""}]
[23-Apr-2025 22:52:44 Europe/Berlin] Number of users in database: 13
[23-Apr-2025 22:52:44 Europe/Berlin] All tables initialized successfully
[23-Apr-2025 22:52:44 Europe/Berlin] Connected to database. Tables found: favorites, feedback, matches, matches_backup, matches_new, news, newsletter, notifications, players, subscriptions, users
[23-Apr-2025 22:52:44 Europe/Berlin] Executing SQL: CREATE TABLE IF NOT EXISTS users (
                id INT AUTO_INCREMENT PRIMARY KEY,
                username VARCHAR(50) NOT NULL UNIQUE,
                password VARCHAR(255) NOT NULL,
                email VARCHAR(100) NOT NULL UNIQUE,
                account_type ENUM('user', 'admin') DEFAULT 'user',
                created_at TIMESTAMP DEFAULT CURRENT_TIMESTAMP
            )
[23-Apr-2025 22:52:44 Europe/Berlin] With params: []
[23-Apr-2025 22:52:44 Europe/Berlin] Query executed successfully. Found 0 rows
[23-Apr-2025 22:52:44 Europe/Berlin] Users table created or already exists
[23-Apr-2025 22:52:44 Europe/Berlin] Users table structure: [{"Field":"id","Type":"int(11)","Null":"NO","Key":"PRI","Default":null,"Extra":"auto_increment"},{"Field":"username","Type":"varchar(50)","Null":"NO","Key":"","Default":null,"Extra":""},{"Field":"email","Type":"varchar(100)","Null":"NO","Key":"UNI","Default":null,"Extra":""},{"Field":"password","Type":"varchar(255)","Null":"NO","Key":"","Default":null,"Extra":""},{"Field":"role","Type":"enum('user','admin')","Null":"YES","Key":"","Default":"user","Extra":""},{"Field":"verification_code","Type":"varchar(100)","Null":"YES","Key":"","Default":null,"Extra":""},{"Field":"is_verified","Type":"tinyint(1)","Null":"YES","Key":"","Default":"0","Extra":""},{"Field":"created_at","Type":"timestamp","Null":"NO","Key":"","Default":"current_timestamp()","Extra":""},{"Field":"favorite_sport","Type":"varchar(50)","Null":"YES","Key":"","Default":null,"Extra":""},{"Field":"favorite_team","Type":"varchar(50)","Null":"YES","Key":"","Default":null,"Extra":""},{"Field":"account_type","Type":"enum('user','admin')","Null":"YES","Key":"","Default":"user","Extra":""}]
[23-Apr-2025 22:52:44 Europe/Berlin] Number of users in database: 13
[23-Apr-2025 22:52:44 Europe/Berlin] All tables initialized successfully
[23-Apr-2025 22:52:44 Europe/Berlin] Database tables initialized successfully
[23-Apr-2025 22:52:44 Europe/Berlin] Executing SQL: SELECT * FROM users WHERE id = :id
[23-Apr-2025 22:52:44 Europe/Berlin] With params: {":id":12}
[23-Apr-2025 22:52:44 Europe/Berlin] Query executed successfully. Found 1 rows
[23-Apr-2025 22:52:44 Europe/Berlin] User loaded from session: varunpndey
[23-Apr-2025 22:52:44 Europe/Berlin] Header - Session status: 2
[23-Apr-2025 22:52:44 Europe/Berlin] Header - Session data: {"user_id":12,"username":"varunpndey","email":"va@gmail.com","account_type":"admin"}
[23-Apr-2025 22:52:44 Europe/Berlin] Header - After session start - Status: 2
[23-Apr-2025 22:52:44 Europe/Berlin] Header - After session start - Data: {"user_id":12,"username":"varunpndey","email":"va@gmail.com","account_type":"admin"}
[23-Apr-2025 22:52:44 Europe/Berlin] Header - Is logged in: Yes
[23-Apr-2025 22:52:44 Europe/Berlin] Executing SQL: SELECT * FROM matches WHERE sport = :sport ORDER BY match_time DESC
[23-Apr-2025 22:52:44 Europe/Berlin] With params: {":sport":"cricket"}
[23-Apr-2025 22:52:44 Europe/Berlin] Query executed successfully. Found 4 rows
[23-Apr-2025 22:52:44 Europe/Berlin] Executing SQL: SELECT * FROM matches WHERE sport = :sport AND status = :status
[23-Apr-2025 22:52:44 Europe/Berlin] With params: {":sport":"cricket",":status":"live"}
[23-Apr-2025 22:52:44 Europe/Berlin] Query executed successfully. Found 1 rows
[23-Apr-2025 22:52:44 Europe/Berlin] Executing SQL: SELECT COUNT(*) as count FROM favorites 
                    WHERE user_id = :user_id AND match_id = :match_id
[23-Apr-2025 22:52:44 Europe/Berlin] With params: {":user_id":12,":match_id":42}
[23-Apr-2025 22:52:44 Europe/Berlin] Query executed successfully. Found 1 rows
[23-Apr-2025 22:52:44 Europe/Berlin] Executing SQL: SELECT COUNT(*) as count FROM favorites 
                    WHERE user_id = :user_id AND match_id = :match_id
[23-Apr-2025 22:52:44 Europe/Berlin] With params: {":user_id":12,":match_id":43}
[23-Apr-2025 22:52:44 Europe/Berlin] Query executed successfully. Found 1 rows
[23-Apr-2025 22:52:44 Europe/Berlin] Executing SQL: SELECT COUNT(*) as count FROM favorites 
                    WHERE user_id = :user_id AND match_id = :match_id
[23-Apr-2025 22:52:44 Europe/Berlin] With params: {":user_id":12,":match_id":38}
[23-Apr-2025 22:52:44 Europe/Berlin] Query executed successfully. Found 1 rows
[23-Apr-2025 22:52:44 Europe/Berlin] Executing SQL: SELECT COUNT(*) as count FROM favorites 
                    WHERE user_id = :user_id AND match_id = :match_id
[23-Apr-2025 22:52:44 Europe/Berlin] With params: {":user_id":12,":match_id":37}
[23-Apr-2025 22:52:44 Europe/Berlin] Query executed successfully. Found 1 rows
[23-Apr-2025 22:52:45 Europe/Berlin] Connected to database. Tables found: favorites, feedback, matches, matches_backup, matches_new, news, newsletter, notifications, players, subscriptions, users
[23-Apr-2025 22:52:45 Europe/Berlin] Executing SQL: CREATE TABLE IF NOT EXISTS users (
                id INT AUTO_INCREMENT PRIMARY KEY,
                username VARCHAR(50) NOT NULL UNIQUE,
                password VARCHAR(255) NOT NULL,
                email VARCHAR(100) NOT NULL UNIQUE,
                account_type ENUM('user', 'admin') DEFAULT 'user',
                created_at TIMESTAMP DEFAULT CURRENT_TIMESTAMP
            )
[23-Apr-2025 22:52:45 Europe/Berlin] With params: []
[23-Apr-2025 22:52:45 Europe/Berlin] Query executed successfully. Found 0 rows
[23-Apr-2025 22:52:45 Europe/Berlin] Users table created or already exists
[23-Apr-2025 22:52:45 Europe/Berlin] Users table structure: [{"Field":"id","Type":"int(11)","Null":"NO","Key":"PRI","Default":null,"Extra":"auto_increment"},{"Field":"username","Type":"varchar(50)","Null":"NO","Key":"","Default":null,"Extra":""},{"Field":"email","Type":"varchar(100)","Null":"NO","Key":"UNI","Default":null,"Extra":""},{"Field":"password","Type":"varchar(255)","Null":"NO","Key":"","Default":null,"Extra":""},{"Field":"role","Type":"enum('user','admin')","Null":"YES","Key":"","Default":"user","Extra":""},{"Field":"verification_code","Type":"varchar(100)","Null":"YES","Key":"","Default":null,"Extra":""},{"Field":"is_verified","Type":"tinyint(1)","Null":"YES","Key":"","Default":"0","Extra":""},{"Field":"created_at","Type":"timestamp","Null":"NO","Key":"","Default":"current_timestamp()","Extra":""},{"Field":"favorite_sport","Type":"varchar(50)","Null":"YES","Key":"","Default":null,"Extra":""},{"Field":"favorite_team","Type":"varchar(50)","Null":"YES","Key":"","Default":null,"Extra":""},{"Field":"account_type","Type":"enum('user','admin')","Null":"YES","Key":"","Default":"user","Extra":""}]
[23-Apr-2025 22:52:45 Europe/Berlin] Number of users in database: 13
[23-Apr-2025 22:52:45 Europe/Berlin] All tables initialized successfully
[23-Apr-2025 22:52:45 Europe/Berlin] Connected to database. Tables found: favorites, feedback, matches, matches_backup, matches_new, news, newsletter, notifications, players, subscriptions, users
[23-Apr-2025 22:52:45 Europe/Berlin] Executing SQL: CREATE TABLE IF NOT EXISTS users (
                id INT AUTO_INCREMENT PRIMARY KEY,
                username VARCHAR(50) NOT NULL UNIQUE,
                password VARCHAR(255) NOT NULL,
                email VARCHAR(100) NOT NULL UNIQUE,
                account_type ENUM('user', 'admin') DEFAULT 'user',
                created_at TIMESTAMP DEFAULT CURRENT_TIMESTAMP
            )
[23-Apr-2025 22:52:45 Europe/Berlin] With params: []
[23-Apr-2025 22:52:45 Europe/Berlin] Query executed successfully. Found 0 rows
[23-Apr-2025 22:52:45 Europe/Berlin] Users table created or already exists
[23-Apr-2025 22:52:45 Europe/Berlin] Users table structure: [{"Field":"id","Type":"int(11)","Null":"NO","Key":"PRI","Default":null,"Extra":"auto_increment"},{"Field":"username","Type":"varchar(50)","Null":"NO","Key":"","Default":null,"Extra":""},{"Field":"email","Type":"varchar(100)","Null":"NO","Key":"UNI","Default":null,"Extra":""},{"Field":"password","Type":"varchar(255)","Null":"NO","Key":"","Default":null,"Extra":""},{"Field":"role","Type":"enum('user','admin')","Null":"YES","Key":"","Default":"user","Extra":""},{"Field":"verification_code","Type":"varchar(100)","Null":"YES","Key":"","Default":null,"Extra":""},{"Field":"is_verified","Type":"tinyint(1)","Null":"YES","Key":"","Default":"0","Extra":""},{"Field":"created_at","Type":"timestamp","Null":"NO","Key":"","Default":"current_timestamp()","Extra":""},{"Field":"favorite_sport","Type":"varchar(50)","Null":"YES","Key":"","Default":null,"Extra":""},{"Field":"favorite_team","Type":"varchar(50)","Null":"YES","Key":"","Default":null,"Extra":""},{"Field":"account_type","Type":"enum('user','admin')","Null":"YES","Key":"","Default":"user","Extra":""}]
[23-Apr-2025 22:52:45 Europe/Berlin] Number of users in database: 13
[23-Apr-2025 22:52:45 Europe/Berlin] All tables initialized successfully
[23-Apr-2025 22:52:45 Europe/Berlin] Database tables initialized successfully
[23-Apr-2025 22:52:45 Europe/Berlin] Executing SQL: SELECT * FROM users WHERE id = :id
[23-Apr-2025 22:52:45 Europe/Berlin] With params: {":id":12}
[23-Apr-2025 22:52:45 Europe/Berlin] Query executed successfully. Found 1 rows
[23-Apr-2025 22:52:45 Europe/Berlin] User loaded from session: varunpndey
[23-Apr-2025 22:52:45 Europe/Berlin] Executing SQL: SELECT * FROM matches WHERE id = :id
[23-Apr-2025 22:52:45 Europe/Berlin] With params: {":id":42}
[23-Apr-2025 22:52:45 Europe/Berlin] Query executed successfully. Found 1 rows
[23-Apr-2025 22:52:45 Europe/Berlin] Header - Session status: 2
[23-Apr-2025 22:52:45 Europe/Berlin] Header - Session data: {"user_id":12,"username":"varunpndey","email":"va@gmail.com","account_type":"admin"}
[23-Apr-2025 22:52:45 Europe/Berlin] Header - After session start - Status: 2
[23-Apr-2025 22:52:45 Europe/Berlin] Header - After session start - Data: {"user_id":12,"username":"varunpndey","email":"va@gmail.com","account_type":"admin"}
[23-Apr-2025 22:52:45 Europe/Berlin] Header - Is logged in: Yes
[23-Apr-2025 22:52:51 Europe/Berlin] Connected to database. Tables found: favorites, feedback, matches, matches_backup, matches_new, news, newsletter, notifications, players, subscriptions, users
[23-Apr-2025 22:52:51 Europe/Berlin] Executing SQL: CREATE TABLE IF NOT EXISTS users (
                id INT AUTO_INCREMENT PRIMARY KEY,
                username VARCHAR(50) NOT NULL UNIQUE,
                password VARCHAR(255) NOT NULL,
                email VARCHAR(100) NOT NULL UNIQUE,
                account_type ENUM('user', 'admin') DEFAULT 'user',
                created_at TIMESTAMP DEFAULT CURRENT_TIMESTAMP
            )
[23-Apr-2025 22:52:51 Europe/Berlin] With params: []
[23-Apr-2025 22:52:51 Europe/Berlin] Query executed successfully. Found 0 rows
[23-Apr-2025 22:52:51 Europe/Berlin] Users table created or already exists
[23-Apr-2025 22:52:51 Europe/Berlin] Users table structure: [{"Field":"id","Type":"int(11)","Null":"NO","Key":"PRI","Default":null,"Extra":"auto_increment"},{"Field":"username","Type":"varchar(50)","Null":"NO","Key":"","Default":null,"Extra":""},{"Field":"email","Type":"varchar(100)","Null":"NO","Key":"UNI","Default":null,"Extra":""},{"Field":"password","Type":"varchar(255)","Null":"NO","Key":"","Default":null,"Extra":""},{"Field":"role","Type":"enum('user','admin')","Null":"YES","Key":"","Default":"user","Extra":""},{"Field":"verification_code","Type":"varchar(100)","Null":"YES","Key":"","Default":null,"Extra":""},{"Field":"is_verified","Type":"tinyint(1)","Null":"YES","Key":"","Default":"0","Extra":""},{"Field":"created_at","Type":"timestamp","Null":"NO","Key":"","Default":"current_timestamp()","Extra":""},{"Field":"favorite_sport","Type":"varchar(50)","Null":"YES","Key":"","Default":null,"Extra":""},{"Field":"favorite_team","Type":"varchar(50)","Null":"YES","Key":"","Default":null,"Extra":""},{"Field":"account_type","Type":"enum('user','admin')","Null":"YES","Key":"","Default":"user","Extra":""}]
[23-Apr-2025 22:52:51 Europe/Berlin] Number of users in database: 13
[23-Apr-2025 22:52:51 Europe/Berlin] All tables initialized successfully
[23-Apr-2025 22:52:51 Europe/Berlin] Connected to database. Tables found: favorites, feedback, matches, matches_backup, matches_new, news, newsletter, notifications, players, subscriptions, users
[23-Apr-2025 22:52:51 Europe/Berlin] Executing SQL: CREATE TABLE IF NOT EXISTS users (
                id INT AUTO_INCREMENT PRIMARY KEY,
                username VARCHAR(50) NOT NULL UNIQUE,
                password VARCHAR(255) NOT NULL,
                email VARCHAR(100) NOT NULL UNIQUE,
                account_type ENUM('user', 'admin') DEFAULT 'user',
                created_at TIMESTAMP DEFAULT CURRENT_TIMESTAMP
            )
[23-Apr-2025 22:52:51 Europe/Berlin] With params: []
[23-Apr-2025 22:52:51 Europe/Berlin] Query executed successfully. Found 0 rows
[23-Apr-2025 22:52:51 Europe/Berlin] Users table created or already exists
[23-Apr-2025 22:52:51 Europe/Berlin] Users table structure: [{"Field":"id","Type":"int(11)","Null":"NO","Key":"PRI","Default":null,"Extra":"auto_increment"},{"Field":"username","Type":"varchar(50)","Null":"NO","Key":"","Default":null,"Extra":""},{"Field":"email","Type":"varchar(100)","Null":"NO","Key":"UNI","Default":null,"Extra":""},{"Field":"password","Type":"varchar(255)","Null":"NO","Key":"","Default":null,"Extra":""},{"Field":"role","Type":"enum('user','admin')","Null":"YES","Key":"","Default":"user","Extra":""},{"Field":"verification_code","Type":"varchar(100)","Null":"YES","Key":"","Default":null,"Extra":""},{"Field":"is_verified","Type":"tinyint(1)","Null":"YES","Key":"","Default":"0","Extra":""},{"Field":"created_at","Type":"timestamp","Null":"NO","Key":"","Default":"current_timestamp()","Extra":""},{"Field":"favorite_sport","Type":"varchar(50)","Null":"YES","Key":"","Default":null,"Extra":""},{"Field":"favorite_team","Type":"varchar(50)","Null":"YES","Key":"","Default":null,"Extra":""},{"Field":"account_type","Type":"enum('user','admin')","Null":"YES","Key":"","Default":"user","Extra":""}]
[23-Apr-2025 22:52:51 Europe/Berlin] Number of users in database: 13
[23-Apr-2025 22:52:51 Europe/Berlin] All tables initialized successfully
[23-Apr-2025 22:52:51 Europe/Berlin] Database tables initialized successfully
[23-Apr-2025 22:52:51 Europe/Berlin] Executing SQL: SELECT * FROM users WHERE id = :id
[23-Apr-2025 22:52:51 Europe/Berlin] With params: {":id":12}
[23-Apr-2025 22:52:51 Europe/Berlin] Query executed successfully. Found 1 rows
[23-Apr-2025 22:52:51 Europe/Berlin] User loaded from session: varunpndey
[23-Apr-2025 22:52:51 Europe/Berlin] Connected to database. Tables found: favorites, feedback, matches, matches_backup, matches_new, news, newsletter, notifications, players, subscriptions, users
[23-Apr-2025 22:52:51 Europe/Berlin] Executing SQL: CREATE TABLE IF NOT EXISTS users (
                id INT AUTO_INCREMENT PRIMARY KEY,
                username VARCHAR(50) NOT NULL UNIQUE,
                password VARCHAR(255) NOT NULL,
                email VARCHAR(100) NOT NULL UNIQUE,
                account_type ENUM('user', 'admin') DEFAULT 'user',
                created_at TIMESTAMP DEFAULT CURRENT_TIMESTAMP
            )
[23-Apr-2025 22:52:51 Europe/Berlin] With params: []
[23-Apr-2025 22:52:51 Europe/Berlin] Query executed successfully. Found 0 rows
[23-Apr-2025 22:52:51 Europe/Berlin] Users table created or already exists
[23-Apr-2025 22:52:51 Europe/Berlin] Users table structure: [{"Field":"id","Type":"int(11)","Null":"NO","Key":"PRI","Default":null,"Extra":"auto_increment"},{"Field":"username","Type":"varchar(50)","Null":"NO","Key":"","Default":null,"Extra":""},{"Field":"email","Type":"varchar(100)","Null":"NO","Key":"UNI","Default":null,"Extra":""},{"Field":"password","Type":"varchar(255)","Null":"NO","Key":"","Default":null,"Extra":""},{"Field":"role","Type":"enum('user','admin')","Null":"YES","Key":"","Default":"user","Extra":""},{"Field":"verification_code","Type":"varchar(100)","Null":"YES","Key":"","Default":null,"Extra":""},{"Field":"is_verified","Type":"tinyint(1)","Null":"YES","Key":"","Default":"0","Extra":""},{"Field":"created_at","Type":"timestamp","Null":"NO","Key":"","Default":"current_timestamp()","Extra":""},{"Field":"favorite_sport","Type":"varchar(50)","Null":"YES","Key":"","Default":null,"Extra":""},{"Field":"favorite_team","Type":"varchar(50)","Null":"YES","Key":"","Default":null,"Extra":""},{"Field":"account_type","Type":"enum('user','admin')","Null":"YES","Key":"","Default":"user","Extra":""}]
[23-Apr-2025 22:52:51 Europe/Berlin] Number of users in database: 13
[23-Apr-2025 22:52:51 Europe/Berlin] All tables initialized successfully
[23-Apr-2025 22:52:51 Europe/Berlin] Connected to database. Tables found: favorites, feedback, matches, matches_backup, matches_new, news, newsletter, notifications, players, subscriptions, users
[23-Apr-2025 22:52:51 Europe/Berlin] Executing SQL: CREATE TABLE IF NOT EXISTS users (
                id INT AUTO_INCREMENT PRIMARY KEY,
                username VARCHAR(50) NOT NULL UNIQUE,
                password VARCHAR(255) NOT NULL,
                email VARCHAR(100) NOT NULL UNIQUE,
                account_type ENUM('user', 'admin') DEFAULT 'user',
                created_at TIMESTAMP DEFAULT CURRENT_TIMESTAMP
            )
[23-Apr-2025 22:52:51 Europe/Berlin] With params: []
[23-Apr-2025 22:52:51 Europe/Berlin] Query executed successfully. Found 0 rows
[23-Apr-2025 22:52:51 Europe/Berlin] Users table created or already exists
[23-Apr-2025 22:52:51 Europe/Berlin] Users table structure: [{"Field":"id","Type":"int(11)","Null":"NO","Key":"PRI","Default":null,"Extra":"auto_increment"},{"Field":"username","Type":"varchar(50)","Null":"NO","Key":"","Default":null,"Extra":""},{"Field":"email","Type":"varchar(100)","Null":"NO","Key":"UNI","Default":null,"Extra":""},{"Field":"password","Type":"varchar(255)","Null":"NO","Key":"","Default":null,"Extra":""},{"Field":"role","Type":"enum('user','admin')","Null":"YES","Key":"","Default":"user","Extra":""},{"Field":"verification_code","Type":"varchar(100)","Null":"YES","Key":"","Default":null,"Extra":""},{"Field":"is_verified","Type":"tinyint(1)","Null":"YES","Key":"","Default":"0","Extra":""},{"Field":"created_at","Type":"timestamp","Null":"NO","Key":"","Default":"current_timestamp()","Extra":""},{"Field":"favorite_sport","Type":"varchar(50)","Null":"YES","Key":"","Default":null,"Extra":""},{"Field":"favorite_team","Type":"varchar(50)","Null":"YES","Key":"","Default":null,"Extra":""},{"Field":"account_type","Type":"enum('user','admin')","Null":"YES","Key":"","Default":"user","Extra":""}]
[23-Apr-2025 22:52:51 Europe/Berlin] Number of users in database: 13
[23-Apr-2025 22:52:51 Europe/Berlin] All tables initialized successfully
[23-Apr-2025 22:52:51 Europe/Berlin] Database tables initialized successfully
[23-Apr-2025 22:52:51 Europe/Berlin] Executing SQL: SELECT * FROM users WHERE id = :id
[23-Apr-2025 22:52:51 Europe/Berlin] With params: {":id":12}
[23-Apr-2025 22:52:51 Europe/Berlin] Query executed successfully. Found 1 rows
[23-Apr-2025 22:52:51 Europe/Berlin] User loaded from session: varunpndey
[23-Apr-2025 22:52:51 Europe/Berlin] Header - Session status: 2
[23-Apr-2025 22:52:51 Europe/Berlin] Header - Session data: {"user_id":12,"username":"varunpndey","email":"va@gmail.com","account_type":"admin"}
[23-Apr-2025 22:52:51 Europe/Berlin] Header - After session start - Status: 2
[23-Apr-2025 22:52:51 Europe/Berlin] Header - After session start - Data: {"user_id":12,"username":"varunpndey","email":"va@gmail.com","account_type":"admin"}
[23-Apr-2025 22:52:51 Europe/Berlin] Header - Is logged in: Yes
[23-Apr-2025 22:52:51 Europe/Berlin] Executing SQL: SELECT * FROM news ORDER BY created_at DESC LIMIT 5
[23-Apr-2025 22:52:51 Europe/Berlin] With params: []
[23-Apr-2025 22:52:51 Europe/Berlin] Query executed successfully. Found 5 rows
[23-Apr-2025 22:52:51 Europe/Berlin] Executing SQL: SELECT * FROM matches WHERE status = 'live'
[23-Apr-2025 22:52:51 Europe/Berlin] With params: []
[23-Apr-2025 22:52:51 Europe/Berlin] Query executed successfully. Found 1 rows
[23-Apr-2025 22:52:51 Europe/Berlin] Executing SQL: SELECT COUNT(*) as count FROM favorites 
                    WHERE user_id = :user_id AND match_id = :match_id
[23-Apr-2025 22:52:51 Europe/Berlin] With params: {":user_id":12,":match_id":42}
[23-Apr-2025 22:52:51 Europe/Berlin] Query executed successfully. Found 1 rows
[23-Apr-2025 22:52:54 Europe/Berlin] Connected to database. Tables found: favorites, feedback, matches, matches_backup, matches_new, news, newsletter, notifications, players, subscriptions, users
[23-Apr-2025 22:52:54 Europe/Berlin] Executing SQL: CREATE TABLE IF NOT EXISTS users (
                id INT AUTO_INCREMENT PRIMARY KEY,
                username VARCHAR(50) NOT NULL UNIQUE,
                password VARCHAR(255) NOT NULL,
                email VARCHAR(100) NOT NULL UNIQUE,
                account_type ENUM('user', 'admin') DEFAULT 'user',
                created_at TIMESTAMP DEFAULT CURRENT_TIMESTAMP
            )
[23-Apr-2025 22:52:54 Europe/Berlin] With params: []
[23-Apr-2025 22:52:54 Europe/Berlin] Query executed successfully. Found 0 rows
[23-Apr-2025 22:52:54 Europe/Berlin] Users table created or already exists
[23-Apr-2025 22:52:54 Europe/Berlin] Users table structure: [{"Field":"id","Type":"int(11)","Null":"NO","Key":"PRI","Default":null,"Extra":"auto_increment"},{"Field":"username","Type":"varchar(50)","Null":"NO","Key":"","Default":null,"Extra":""},{"Field":"email","Type":"varchar(100)","Null":"NO","Key":"UNI","Default":null,"Extra":""},{"Field":"password","Type":"varchar(255)","Null":"NO","Key":"","Default":null,"Extra":""},{"Field":"role","Type":"enum('user','admin')","Null":"YES","Key":"","Default":"user","Extra":""},{"Field":"verification_code","Type":"varchar(100)","Null":"YES","Key":"","Default":null,"Extra":""},{"Field":"is_verified","Type":"tinyint(1)","Null":"YES","Key":"","Default":"0","Extra":""},{"Field":"created_at","Type":"timestamp","Null":"NO","Key":"","Default":"current_timestamp()","Extra":""},{"Field":"favorite_sport","Type":"varchar(50)","Null":"YES","Key":"","Default":null,"Extra":""},{"Field":"favorite_team","Type":"varchar(50)","Null":"YES","Key":"","Default":null,"Extra":""},{"Field":"account_type","Type":"enum('user','admin')","Null":"YES","Key":"","Default":"user","Extra":""}]
[23-Apr-2025 22:52:54 Europe/Berlin] Number of users in database: 13
[23-Apr-2025 22:52:54 Europe/Berlin] All tables initialized successfully
[23-Apr-2025 22:52:54 Europe/Berlin] Connected to database. Tables found: favorites, feedback, matches, matches_backup, matches_new, news, newsletter, notifications, players, subscriptions, users
[23-Apr-2025 22:52:54 Europe/Berlin] Executing SQL: CREATE TABLE IF NOT EXISTS users (
                id INT AUTO_INCREMENT PRIMARY KEY,
                username VARCHAR(50) NOT NULL UNIQUE,
                password VARCHAR(255) NOT NULL,
                email VARCHAR(100) NOT NULL UNIQUE,
                account_type ENUM('user', 'admin') DEFAULT 'user',
                created_at TIMESTAMP DEFAULT CURRENT_TIMESTAMP
            )
[23-Apr-2025 22:52:54 Europe/Berlin] With params: []
[23-Apr-2025 22:52:54 Europe/Berlin] Query executed successfully. Found 0 rows
[23-Apr-2025 22:52:54 Europe/Berlin] Users table created or already exists
[23-Apr-2025 22:52:54 Europe/Berlin] Users table structure: [{"Field":"id","Type":"int(11)","Null":"NO","Key":"PRI","Default":null,"Extra":"auto_increment"},{"Field":"username","Type":"varchar(50)","Null":"NO","Key":"","Default":null,"Extra":""},{"Field":"email","Type":"varchar(100)","Null":"NO","Key":"UNI","Default":null,"Extra":""},{"Field":"password","Type":"varchar(255)","Null":"NO","Key":"","Default":null,"Extra":""},{"Field":"role","Type":"enum('user','admin')","Null":"YES","Key":"","Default":"user","Extra":""},{"Field":"verification_code","Type":"varchar(100)","Null":"YES","Key":"","Default":null,"Extra":""},{"Field":"is_verified","Type":"tinyint(1)","Null":"YES","Key":"","Default":"0","Extra":""},{"Field":"created_at","Type":"timestamp","Null":"NO","Key":"","Default":"current_timestamp()","Extra":""},{"Field":"favorite_sport","Type":"varchar(50)","Null":"YES","Key":"","Default":null,"Extra":""},{"Field":"favorite_team","Type":"varchar(50)","Null":"YES","Key":"","Default":null,"Extra":""},{"Field":"account_type","Type":"enum('user','admin')","Null":"YES","Key":"","Default":"user","Extra":""}]
[23-Apr-2025 22:52:54 Europe/Berlin] Number of users in database: 13
[23-Apr-2025 22:52:54 Europe/Berlin] All tables initialized successfully
[23-Apr-2025 22:52:54 Europe/Berlin] Database tables initialized successfully
[23-Apr-2025 22:52:54 Europe/Berlin] Executing SQL: SELECT * FROM users WHERE id = :id
[23-Apr-2025 22:52:54 Europe/Berlin] With params: {":id":12}
[23-Apr-2025 22:52:54 Europe/Berlin] Query executed successfully. Found 1 rows
[23-Apr-2025 22:52:54 Europe/Berlin] User loaded from session: varunpndey
[23-Apr-2025 22:52:54 Europe/Berlin] Header - Session status: 2
[23-Apr-2025 22:52:54 Europe/Berlin] Header - Session data: {"user_id":12,"username":"varunpndey","email":"va@gmail.com","account_type":"admin"}
[23-Apr-2025 22:52:54 Europe/Berlin] Header - After session start - Status: 2
[23-Apr-2025 22:52:54 Europe/Berlin] Header - After session start - Data: {"user_id":12,"username":"varunpndey","email":"va@gmail.com","account_type":"admin"}
[23-Apr-2025 22:52:54 Europe/Berlin] Header - Is logged in: Yes
[23-Apr-2025 22:52:54 Europe/Berlin] Executing SQL: SELECT m.* FROM matches m 
                    INNER JOIN favorites f ON m.id = f.match_id 
                    WHERE f.user_id = :user_id 
                    ORDER BY m.match_time DESC
[23-Apr-2025 22:52:54 Europe/Berlin] With params: {":user_id":12}
[23-Apr-2025 22:52:54 Europe/Berlin] Query executed successfully. Found 0 rows
[23-Apr-2025 22:52:56 Europe/Berlin] Connected to database. Tables found: favorites, feedback, matches, matches_backup, matches_new, news, newsletter, notifications, players, subscriptions, users
[23-Apr-2025 22:52:56 Europe/Berlin] Executing SQL: CREATE TABLE IF NOT EXISTS users (
                id INT AUTO_INCREMENT PRIMARY KEY,
                username VARCHAR(50) NOT NULL UNIQUE,
                password VARCHAR(255) NOT NULL,
                email VARCHAR(100) NOT NULL UNIQUE,
                account_type ENUM('user', 'admin') DEFAULT 'user',
                created_at TIMESTAMP DEFAULT CURRENT_TIMESTAMP
            )
[23-Apr-2025 22:52:56 Europe/Berlin] With params: []
[23-Apr-2025 22:52:56 Europe/Berlin] Query executed successfully. Found 0 rows
[23-Apr-2025 22:52:56 Europe/Berlin] Users table created or already exists
[23-Apr-2025 22:52:56 Europe/Berlin] Users table structure: [{"Field":"id","Type":"int(11)","Null":"NO","Key":"PRI","Default":null,"Extra":"auto_increment"},{"Field":"username","Type":"varchar(50)","Null":"NO","Key":"","Default":null,"Extra":""},{"Field":"email","Type":"varchar(100)","Null":"NO","Key":"UNI","Default":null,"Extra":""},{"Field":"password","Type":"varchar(255)","Null":"NO","Key":"","Default":null,"Extra":""},{"Field":"role","Type":"enum('user','admin')","Null":"YES","Key":"","Default":"user","Extra":""},{"Field":"verification_code","Type":"varchar(100)","Null":"YES","Key":"","Default":null,"Extra":""},{"Field":"is_verified","Type":"tinyint(1)","Null":"YES","Key":"","Default":"0","Extra":""},{"Field":"created_at","Type":"timestamp","Null":"NO","Key":"","Default":"current_timestamp()","Extra":""},{"Field":"favorite_sport","Type":"varchar(50)","Null":"YES","Key":"","Default":null,"Extra":""},{"Field":"favorite_team","Type":"varchar(50)","Null":"YES","Key":"","Default":null,"Extra":""},{"Field":"account_type","Type":"enum('user','admin')","Null":"YES","Key":"","Default":"user","Extra":""}]
[23-Apr-2025 22:52:56 Europe/Berlin] Number of users in database: 13
[23-Apr-2025 22:52:56 Europe/Berlin] All tables initialized successfully
[23-Apr-2025 22:52:56 Europe/Berlin] Connected to database. Tables found: favorites, feedback, matches, matches_backup, matches_new, news, newsletter, notifications, players, subscriptions, users
[23-Apr-2025 22:52:56 Europe/Berlin] Executing SQL: CREATE TABLE IF NOT EXISTS users (
                id INT AUTO_INCREMENT PRIMARY KEY,
                username VARCHAR(50) NOT NULL UNIQUE,
                password VARCHAR(255) NOT NULL,
                email VARCHAR(100) NOT NULL UNIQUE,
                account_type ENUM('user', 'admin') DEFAULT 'user',
                created_at TIMESTAMP DEFAULT CURRENT_TIMESTAMP
            )
[23-Apr-2025 22:52:56 Europe/Berlin] With params: []
[23-Apr-2025 22:52:56 Europe/Berlin] Query executed successfully. Found 0 rows
[23-Apr-2025 22:52:56 Europe/Berlin] Users table created or already exists
[23-Apr-2025 22:52:56 Europe/Berlin] Users table structure: [{"Field":"id","Type":"int(11)","Null":"NO","Key":"PRI","Default":null,"Extra":"auto_increment"},{"Field":"username","Type":"varchar(50)","Null":"NO","Key":"","Default":null,"Extra":""},{"Field":"email","Type":"varchar(100)","Null":"NO","Key":"UNI","Default":null,"Extra":""},{"Field":"password","Type":"varchar(255)","Null":"NO","Key":"","Default":null,"Extra":""},{"Field":"role","Type":"enum('user','admin')","Null":"YES","Key":"","Default":"user","Extra":""},{"Field":"verification_code","Type":"varchar(100)","Null":"YES","Key":"","Default":null,"Extra":""},{"Field":"is_verified","Type":"tinyint(1)","Null":"YES","Key":"","Default":"0","Extra":""},{"Field":"created_at","Type":"timestamp","Null":"NO","Key":"","Default":"current_timestamp()","Extra":""},{"Field":"favorite_sport","Type":"varchar(50)","Null":"YES","Key":"","Default":null,"Extra":""},{"Field":"favorite_team","Type":"varchar(50)","Null":"YES","Key":"","Default":null,"Extra":""},{"Field":"account_type","Type":"enum('user','admin')","Null":"YES","Key":"","Default":"user","Extra":""}]
[23-Apr-2025 22:52:56 Europe/Berlin] Number of users in database: 13
[23-Apr-2025 22:52:56 Europe/Berlin] All tables initialized successfully
[23-Apr-2025 22:52:56 Europe/Berlin] Database tables initialized successfully
[23-Apr-2025 22:52:56 Europe/Berlin] Executing SQL: SELECT * FROM users WHERE id = :id
[23-Apr-2025 22:52:56 Europe/Berlin] With params: {":id":12}
[23-Apr-2025 22:52:56 Europe/Berlin] Query executed successfully. Found 1 rows
[23-Apr-2025 22:52:56 Europe/Berlin] User loaded from session: varunpndey
[23-Apr-2025 22:52:56 Europe/Berlin] PHP Notice:  session_start(): Ignoring session_start() because a session is already active in /Applications/XAMPP/xamppfiles/htdocs/sportsync/public/dashboard.php on line 2
[23-Apr-2025 22:52:56 Europe/Berlin] Executing SQL: SELECT * FROM users WHERE id = :id
[23-Apr-2025 22:52:56 Europe/Berlin] With params: {":id":12}
[23-Apr-2025 22:52:56 Europe/Berlin] Query executed successfully. Found 1 rows
[23-Apr-2025 22:52:56 Europe/Berlin] Header - Session status: 2
[23-Apr-2025 22:52:56 Europe/Berlin] Header - Session data: {"user_id":12,"username":"varunpndey","email":"va@gmail.com","account_type":"admin"}
[23-Apr-2025 22:52:56 Europe/Berlin] Header - After session start - Status: 2
[23-Apr-2025 22:52:56 Europe/Berlin] Header - After session start - Data: {"user_id":12,"username":"varunpndey","email":"va@gmail.com","account_type":"admin"}
[23-Apr-2025 22:52:56 Europe/Berlin] Header - Is logged in: Yes
[23-Apr-2025 22:53:00 Europe/Berlin] Connected to database. Tables found: favorites, feedback, matches, matches_backup, matches_new, news, newsletter, notifications, players, subscriptions, users
[23-Apr-2025 22:53:00 Europe/Berlin] Executing SQL: CREATE TABLE IF NOT EXISTS users (
                id INT AUTO_INCREMENT PRIMARY KEY,
                username VARCHAR(50) NOT NULL UNIQUE,
                password VARCHAR(255) NOT NULL,
                email VARCHAR(100) NOT NULL UNIQUE,
                account_type ENUM('user', 'admin') DEFAULT 'user',
                created_at TIMESTAMP DEFAULT CURRENT_TIMESTAMP
            )
[23-Apr-2025 22:53:00 Europe/Berlin] With params: []
[23-Apr-2025 22:53:00 Europe/Berlin] Query executed successfully. Found 0 rows
[23-Apr-2025 22:53:00 Europe/Berlin] Users table created or already exists
[23-Apr-2025 22:53:00 Europe/Berlin] Users table structure: [{"Field":"id","Type":"int(11)","Null":"NO","Key":"PRI","Default":null,"Extra":"auto_increment"},{"Field":"username","Type":"varchar(50)","Null":"NO","Key":"","Default":null,"Extra":""},{"Field":"email","Type":"varchar(100)","Null":"NO","Key":"UNI","Default":null,"Extra":""},{"Field":"password","Type":"varchar(255)","Null":"NO","Key":"","Default":null,"Extra":""},{"Field":"role","Type":"enum('user','admin')","Null":"YES","Key":"","Default":"user","Extra":""},{"Field":"verification_code","Type":"varchar(100)","Null":"YES","Key":"","Default":null,"Extra":""},{"Field":"is_verified","Type":"tinyint(1)","Null":"YES","Key":"","Default":"0","Extra":""},{"Field":"created_at","Type":"timestamp","Null":"NO","Key":"","Default":"current_timestamp()","Extra":""},{"Field":"favorite_sport","Type":"varchar(50)","Null":"YES","Key":"","Default":null,"Extra":""},{"Field":"favorite_team","Type":"varchar(50)","Null":"YES","Key":"","Default":null,"Extra":""},{"Field":"account_type","Type":"enum('user','admin')","Null":"YES","Key":"","Default":"user","Extra":""}]
[23-Apr-2025 22:53:00 Europe/Berlin] Number of users in database: 13
[23-Apr-2025 22:53:00 Europe/Berlin] All tables initialized successfully
[23-Apr-2025 22:53:00 Europe/Berlin] Connected to database. Tables found: favorites, feedback, matches, matches_backup, matches_new, news, newsletter, notifications, players, subscriptions, users
[23-Apr-2025 22:53:00 Europe/Berlin] Executing SQL: CREATE TABLE IF NOT EXISTS users (
                id INT AUTO_INCREMENT PRIMARY KEY,
                username VARCHAR(50) NOT NULL UNIQUE,
                password VARCHAR(255) NOT NULL,
                email VARCHAR(100) NOT NULL UNIQUE,
                account_type ENUM('user', 'admin') DEFAULT 'user',
                created_at TIMESTAMP DEFAULT CURRENT_TIMESTAMP
            )
[23-Apr-2025 22:53:00 Europe/Berlin] With params: []
[23-Apr-2025 22:53:00 Europe/Berlin] Query executed successfully. Found 0 rows
[23-Apr-2025 22:53:00 Europe/Berlin] Users table created or already exists
[23-Apr-2025 22:53:00 Europe/Berlin] Users table structure: [{"Field":"id","Type":"int(11)","Null":"NO","Key":"PRI","Default":null,"Extra":"auto_increment"},{"Field":"username","Type":"varchar(50)","Null":"NO","Key":"","Default":null,"Extra":""},{"Field":"email","Type":"varchar(100)","Null":"NO","Key":"UNI","Default":null,"Extra":""},{"Field":"password","Type":"varchar(255)","Null":"NO","Key":"","Default":null,"Extra":""},{"Field":"role","Type":"enum('user','admin')","Null":"YES","Key":"","Default":"user","Extra":""},{"Field":"verification_code","Type":"varchar(100)","Null":"YES","Key":"","Default":null,"Extra":""},{"Field":"is_verified","Type":"tinyint(1)","Null":"YES","Key":"","Default":"0","Extra":""},{"Field":"created_at","Type":"timestamp","Null":"NO","Key":"","Default":"current_timestamp()","Extra":""},{"Field":"favorite_sport","Type":"varchar(50)","Null":"YES","Key":"","Default":null,"Extra":""},{"Field":"favorite_team","Type":"varchar(50)","Null":"YES","Key":"","Default":null,"Extra":""},{"Field":"account_type","Type":"enum('user','admin')","Null":"YES","Key":"","Default":"user","Extra":""}]
[23-Apr-2025 22:53:00 Europe/Berlin] Number of users in database: 13
[23-Apr-2025 22:53:00 Europe/Berlin] All tables initialized successfully
[23-Apr-2025 22:53:00 Europe/Berlin] Database tables initialized successfully
[23-Apr-2025 22:53:00 Europe/Berlin] Executing SQL: SELECT * FROM users WHERE id = :id
[23-Apr-2025 22:53:00 Europe/Berlin] With params: {":id":12}
[23-Apr-2025 22:53:00 Europe/Berlin] Query executed successfully. Found 1 rows
[23-Apr-2025 22:53:00 Europe/Berlin] User loaded from session: varunpndey
[23-Apr-2025 22:53:00 Europe/Berlin] Executing SQL: SELECT * FROM users WHERE id = :id
[23-Apr-2025 22:53:00 Europe/Berlin] With params: {":id":12}
[23-Apr-2025 22:53:00 Europe/Berlin] Query executed successfully. Found 1 rows
[23-Apr-2025 22:53:00 Europe/Berlin] Executing SQL: SELECT * FROM news ORDER BY created_at DESC
[23-Apr-2025 22:53:00 Europe/Berlin] With params: []
[23-Apr-2025 22:53:00 Europe/Berlin] Query executed successfully. Found 6 rows
[23-Apr-2025 22:53:00 Europe/Berlin] Executing SQL: SELECT * FROM feedback ORDER BY created_at DESC
[23-Apr-2025 22:53:00 Europe/Berlin] With params: []
[23-Apr-2025 22:53:00 Europe/Berlin] Query executed successfully. Found 12 rows
[23-Apr-2025 22:53:00 Europe/Berlin] Executing SQL: SELECT * FROM matches WHERE status = 'live'
[23-Apr-2025 22:53:00 Europe/Berlin] With params: []
[23-Apr-2025 22:53:00 Europe/Berlin] Query executed successfully. Found 1 rows
[23-Apr-2025 22:53:00 Europe/Berlin] Executing SQL: SELECT * FROM matches WHERE 1=1 ORDER BY match_time DESC
[23-Apr-2025 22:53:00 Europe/Berlin] With params: []
[23-Apr-2025 22:53:00 Europe/Berlin] Query executed successfully. Found 5 rows
[23-Apr-2025 22:55:27 Europe/Berlin] Connected to database. Tables found: favorites, feedback, matches, matches_backup, matches_new, news, newsletter, notifications, players, subscriptions, users
[23-Apr-2025 22:55:27 Europe/Berlin] Executing SQL: CREATE TABLE IF NOT EXISTS users (
                id INT AUTO_INCREMENT PRIMARY KEY,
                username VARCHAR(50) NOT NULL UNIQUE,
                password VARCHAR(255) NOT NULL,
                email VARCHAR(100) NOT NULL UNIQUE,
                account_type ENUM('user', 'admin') DEFAULT 'user',
                created_at TIMESTAMP DEFAULT CURRENT_TIMESTAMP
            )
[23-Apr-2025 22:55:27 Europe/Berlin] With params: []
[23-Apr-2025 22:55:27 Europe/Berlin] Query executed successfully. Found 0 rows
[23-Apr-2025 22:55:27 Europe/Berlin] Users table created or already exists
[23-Apr-2025 22:55:27 Europe/Berlin] Users table structure: [{"Field":"id","Type":"int(11)","Null":"NO","Key":"PRI","Default":null,"Extra":"auto_increment"},{"Field":"username","Type":"varchar(50)","Null":"NO","Key":"","Default":null,"Extra":""},{"Field":"email","Type":"varchar(100)","Null":"NO","Key":"UNI","Default":null,"Extra":""},{"Field":"password","Type":"varchar(255)","Null":"NO","Key":"","Default":null,"Extra":""},{"Field":"role","Type":"enum('user','admin')","Null":"YES","Key":"","Default":"user","Extra":""},{"Field":"verification_code","Type":"varchar(100)","Null":"YES","Key":"","Default":null,"Extra":""},{"Field":"is_verified","Type":"tinyint(1)","Null":"YES","Key":"","Default":"0","Extra":""},{"Field":"created_at","Type":"timestamp","Null":"NO","Key":"","Default":"current_timestamp()","Extra":""},{"Field":"favorite_sport","Type":"varchar(50)","Null":"YES","Key":"","Default":null,"Extra":""},{"Field":"favorite_team","Type":"varchar(50)","Null":"YES","Key":"","Default":null,"Extra":""},{"Field":"account_type","Type":"enum('user','admin')","Null":"YES","Key":"","Default":"user","Extra":""}]
[23-Apr-2025 22:55:27 Europe/Berlin] Number of users in database: 13
[23-Apr-2025 22:55:27 Europe/Berlin] All tables initialized successfully
[23-Apr-2025 22:55:27 Europe/Berlin] Connected to database. Tables found: favorites, feedback, matches, matches_backup, matches_new, news, newsletter, notifications, players, subscriptions, users
[23-Apr-2025 22:55:27 Europe/Berlin] Executing SQL: CREATE TABLE IF NOT EXISTS users (
                id INT AUTO_INCREMENT PRIMARY KEY,
                username VARCHAR(50) NOT NULL UNIQUE,
                password VARCHAR(255) NOT NULL,
                email VARCHAR(100) NOT NULL UNIQUE,
                account_type ENUM('user', 'admin') DEFAULT 'user',
                created_at TIMESTAMP DEFAULT CURRENT_TIMESTAMP
            )
[23-Apr-2025 22:55:27 Europe/Berlin] With params: []
[23-Apr-2025 22:55:27 Europe/Berlin] Query executed successfully. Found 0 rows
[23-Apr-2025 22:55:27 Europe/Berlin] Users table created or already exists
[23-Apr-2025 22:55:27 Europe/Berlin] Users table structure: [{"Field":"id","Type":"int(11)","Null":"NO","Key":"PRI","Default":null,"Extra":"auto_increment"},{"Field":"username","Type":"varchar(50)","Null":"NO","Key":"","Default":null,"Extra":""},{"Field":"email","Type":"varchar(100)","Null":"NO","Key":"UNI","Default":null,"Extra":""},{"Field":"password","Type":"varchar(255)","Null":"NO","Key":"","Default":null,"Extra":""},{"Field":"role","Type":"enum('user','admin')","Null":"YES","Key":"","Default":"user","Extra":""},{"Field":"verification_code","Type":"varchar(100)","Null":"YES","Key":"","Default":null,"Extra":""},{"Field":"is_verified","Type":"tinyint(1)","Null":"YES","Key":"","Default":"0","Extra":""},{"Field":"created_at","Type":"timestamp","Null":"NO","Key":"","Default":"current_timestamp()","Extra":""},{"Field":"favorite_sport","Type":"varchar(50)","Null":"YES","Key":"","Default":null,"Extra":""},{"Field":"favorite_team","Type":"varchar(50)","Null":"YES","Key":"","Default":null,"Extra":""},{"Field":"account_type","Type":"enum('user','admin')","Null":"YES","Key":"","Default":"user","Extra":""}]
[23-Apr-2025 22:55:27 Europe/Berlin] Number of users in database: 13
[23-Apr-2025 22:55:27 Europe/Berlin] All tables initialized successfully
[23-Apr-2025 22:55:27 Europe/Berlin] Database tables initialized successfully
[23-Apr-2025 22:55:27 Europe/Berlin] Executing SQL: SELECT * FROM users WHERE id = :id
[23-Apr-2025 22:55:27 Europe/Berlin] With params: {":id":12}
[23-Apr-2025 22:55:27 Europe/Berlin] Query executed successfully. Found 1 rows
[23-Apr-2025 22:55:27 Europe/Berlin] User loaded from session: varunpndey
[23-Apr-2025 22:55:27 Europe/Berlin] PHP Warning:  Undefined array key "subscribe_email" in /Applications/XAMPP/xamppfiles/htdocs/sportsync/public/index.php on line 13
[23-Apr-2025 22:55:27 Europe/Berlin] Database error in subscribeNewsletter: SQLSTATE[23000]: Integrity constraint violation: 1048 Column 'email' cannot be null
[23-Apr-2025 22:55:27 Europe/Berlin] Header - Session status: 2
[23-Apr-2025 22:55:27 Europe/Berlin] Header - Session data: {"user_id":12,"username":"varunpndey","email":"va@gmail.com","account_type":"admin"}
[23-Apr-2025 22:55:27 Europe/Berlin] Header - After session start - Status: 2
[23-Apr-2025 22:55:27 Europe/Berlin] Header - After session start - Data: {"user_id":12,"username":"varunpndey","email":"va@gmail.com","account_type":"admin"}
[23-Apr-2025 22:55:27 Europe/Berlin] Header - Is logged in: Yes
[23-Apr-2025 22:55:27 Europe/Berlin] Executing SQL: SELECT * FROM news ORDER BY created_at DESC LIMIT 5
[23-Apr-2025 22:55:27 Europe/Berlin] With params: []
[23-Apr-2025 22:55:27 Europe/Berlin] Query executed successfully. Found 5 rows
[23-Apr-2025 22:55:27 Europe/Berlin] Executing SQL: SELECT * FROM matches WHERE status = 'live'
[23-Apr-2025 22:55:27 Europe/Berlin] With params: []
[23-Apr-2025 22:55:27 Europe/Berlin] Query executed successfully. Found 1 rows
[23-Apr-2025 22:55:27 Europe/Berlin] Executing SQL: SELECT COUNT(*) as count FROM favorites 
                    WHERE user_id = :user_id AND match_id = :match_id
[23-Apr-2025 22:55:27 Europe/Berlin] With params: {":user_id":12,":match_id":42}
[23-Apr-2025 22:55:27 Europe/Berlin] Query executed successfully. Found 1 rows
[23-Apr-2025 22:55:27 Europe/Berlin] Newsletter form submitted with email: varunpndey@outlook.com
[23-Apr-2025 22:55:27 Europe/Berlin] Successfully added subscription for: varunpndey@outlook.com
[23-Apr-2025 22:55:27 Europe/Berlin] Attempting to send email to: varunpndey@outlook.com with subject: Welcome to SportSync Newsletter!
[23-Apr-2025 22:55:28 Europe/Berlin] PHPMailer [2] : SERVER -> CLIENT: 220 smtp.gmail.com ESMTP d9443c01a7336-22c50fe2411sm109215925ad.256 - gsmtp

[23-Apr-2025 22:55:28 Europe/Berlin] PHPMailer [1] : CLIENT -> SERVER: EHLO localhost

[23-Apr-2025 22:55:28 Europe/Berlin] PHPMailer [2] : SERVER -> CLIENT: 250-smtp.gmail.com at your service, [49.15.102.192]
250-SIZE 35882577
250-8BITMIME
250-STARTTLS
250-ENHANCEDSTATUSCODES
250-PIPELINING
250-CHUNKING
250 SMTPUTF8

[23-Apr-2025 22:55:28 Europe/Berlin] PHPMailer [1] : CLIENT -> SERVER: STARTTLS

[23-Apr-2025 22:55:29 Europe/Berlin] PHPMailer [2] : SERVER -> CLIENT: 220 2.0.0 Ready to start TLS

[23-Apr-2025 22:55:29 Europe/Berlin] PHPMailer [1] : CLIENT -> SERVER: EHLO localhost

[23-Apr-2025 22:55:30 Europe/Berlin] PHPMailer [2] : SERVER -> CLIENT: 250-smtp.gmail.com at your service, [49.15.102.192]
250-SIZE 35882577
250-8BITMIME
250-AUTH LOGIN PLAIN XOAUTH2 PLAIN-CLIENTTOKEN OAUTHBEARER XOAUTH
250-ENHANCEDSTATUSCODES
250-PIPELINING
250-CHUNKING
250 SMTPUTF8

[23-Apr-2025 22:55:30 Europe/Berlin] PHPMailer [1] : CLIENT -> SERVER: AUTH LOGIN

[23-Apr-2025 22:55:30 Europe/Berlin] PHPMailer [2] : SERVER -> CLIENT: 334 VXNlcm5hbWU6

[23-Apr-2025 22:55:30 Europe/Berlin] PHPMailer [1] : CLIENT -> SERVER: [credentials hidden]
[23-Apr-2025 22:55:31 Europe/Berlin] PHPMailer [2] : SERVER -> CLIENT: 334 UGFzc3dvcmQ6

[23-Apr-2025 22:55:31 Europe/Berlin] PHPMailer [1] : CLIENT -> SERVER: [credentials hidden]
[23-Apr-2025 22:55:31 Europe/Berlin] PHPMailer [2] : SERVER -> CLIENT: 235 2.7.0 Accepted

[23-Apr-2025 22:55:31 Europe/Berlin] PHPMailer [1] : CLIENT -> SERVER: MAIL FROM:<joshivarun266@gmail.com>

[23-Apr-2025 22:55:32 Europe/Berlin] PHPMailer [2] : SERVER -> CLIENT: 250 2.1.0 OK d9443c01a7336-22c50fe2411sm109215925ad.256 - gsmtp

[23-Apr-2025 22:55:32 Europe/Berlin] PHPMailer [1] : CLIENT -> SERVER: RCPT TO:<varunpndey@outlook.com>

[23-Apr-2025 22:55:32 Europe/Berlin] PHPMailer [2] : SERVER -> CLIENT: 250 2.1.5 OK d9443c01a7336-22c50fe2411sm109215925ad.256 - gsmtp

[23-Apr-2025 22:55:32 Europe/Berlin] PHPMailer [1] : CLIENT -> SERVER: DATA

[23-Apr-2025 22:55:32 Europe/Berlin] PHPMailer [2] : SERVER -> CLIENT: 354 Go ahead d9443c01a7336-22c50fe2411sm109215925ad.256 - gsmtp

[23-Apr-2025 22:55:32 Europe/Berlin] PHPMailer [1] : CLIENT -> SERVER: Date: Wed, 23 Apr 2025 22:55:27 +0200

[23-Apr-2025 22:55:32 Europe/Berlin] PHPMailer [1] : CLIENT -> SERVER: To: varunpndey@outlook.com

[23-Apr-2025 22:55:32 Europe/Berlin] PHPMailer [1] : CLIENT -> SERVER: From: SportSync <joshivarun266@gmail.com>

[23-Apr-2025 22:55:32 Europe/Berlin] PHPMailer [1] : CLIENT -> SERVER: Subject: Welcome to SportSync Newsletter!

[23-Apr-2025 22:55:32 Europe/Berlin] PHPMailer [1] : CLIENT -> SERVER: Message-ID: <dkPbcU9tKONb6etCjMseVy5BIWRcOilhuliBowzQ@localhost>

[23-Apr-2025 22:55:32 Europe/Berlin] PHPMailer [1] : CLIENT -> SERVER: X-Mailer: PHPMailer 6.9.3 (https://github.com/PHPMailer/PHPMailer)

[23-Apr-2025 22:55:32 Europe/Berlin] PHPMailer [1] : CLIENT -> SERVER: MIME-Version: 1.0

[23-Apr-2025 22:55:32 Europe/Berlin] PHPMailer [1] : CLIENT -> SERVER: Content-Type: multipart/alternative;

[23-Apr-2025 22:55:32 Europe/Berlin] PHPMailer [1] : CLIENT -> SERVER:  boundary="b1=_dkPbcU9tKONb6etCjMseVy5BIWRcOilhuliBowzQ"

[23-Apr-2025 22:55:32 Europe/Berlin] PHPMailer [1] : CLIENT -> SERVER: Content-Transfer-Encoding: 8bit

[23-Apr-2025 22:55:32 Europe/Berlin] PHPMailer [1] : CLIENT -> SERVER: 

[23-Apr-2025 22:55:32 Europe/Berlin] PHPMailer [1] : CLIENT -> SERVER: --b1=_dkPbcU9tKONb6etCjMseVy5BIWRcOilhuliBowzQ

[23-Apr-2025 22:55:32 Europe/Berlin] PHPMailer [1] : CLIENT -> SERVER: Content-Type: text/plain; charset=us-ascii

[23-Apr-2025 22:55:32 Europe/Berlin] PHPMailer [1] : CLIENT -> SERVER: 

[23-Apr-2025 22:55:32 Europe/Berlin] PHPMailer [1] : CLIENT -> SERVER: 

[23-Apr-2025 22:55:32 Europe/Berlin] PHPMailer [1] : CLIENT -> SERVER:             

[23-Apr-2025 22:55:32 Europe/Berlin] PHPMailer [1] : CLIENT -> SERVER:                 Thank you for subscribing!

[23-Apr-2025 22:55:32 Europe/Berlin] PHPMailer [1] : CLIENT -> SERVER:                 Welcome to the SportSync newsletter!

[23-Apr-2025 22:55:32 Europe/Berlin] PHPMailer [1] : CLIENT -> SERVER:                 You have successfully subscribed to receive updates about:

[23-Apr-2025 22:55:32 Europe/Berlin] PHPMailer [1] : CLIENT -> SERVER:                 

[23-Apr-2025 22:55:32 Europe/Berlin] PHPMailer [1] : CLIENT -> SERVER:                     Latest match scores and updates

[23-Apr-2025 22:55:32 Europe/Berlin] PHPMailer [1] : CLIENT -> SERVER:                     Breaking sports news

[23-Apr-2025 22:55:32 Europe/Berlin] PHPMailer [1] : CLIENT -> SERVER:                     Special events and tournaments

[23-Apr-2025 22:55:32 Europe/Berlin] PHPMailer [1] : CLIENT -> SERVER:                     Exclusive content and analysis

[23-Apr-2025 22:55:32 Europe/Berlin] PHPMailer [1] : CLIENT -> SERVER:                 

[23-Apr-2025 22:55:32 Europe/Berlin] PHPMailer [1] : CLIENT -> SERVER:                 We're excited to keep you informed about all the latest happenings in the world of sports!

[23-Apr-2025 22:55:32 Europe/Berlin] PHPMailer [1] : CLIENT -> SERVER:                 Best regards,

[23-Apr-2025 22:55:32 Europe/Berlin] PHPMailer [1] : CLIENT -> SERVER: The SportSync Team

[23-Apr-2025 22:55:32 Europe/Berlin] PHPMailer [1] : CLIENT -> SERVER:             

[23-Apr-2025 22:55:32 Europe/Berlin] PHPMailer [1] : CLIENT -> SERVER:         

[23-Apr-2025 22:55:32 Europe/Berlin] PHPMailer [1] : CLIENT -> SERVER: 

[23-Apr-2025 22:55:32 Europe/Berlin] PHPMailer [1] : CLIENT -> SERVER: --b1=_dkPbcU9tKONb6etCjMseVy5BIWRcOilhuliBowzQ

[23-Apr-2025 22:55:32 Europe/Berlin] PHPMailer [1] : CLIENT -> SERVER: Content-Type: text/html; charset=us-ascii

[23-Apr-2025 22:55:32 Europe/Berlin] PHPMailer [1] : CLIENT -> SERVER: 

[23-Apr-2025 22:55:32 Europe/Berlin] PHPMailer [1] : CLIENT -> SERVER: 

[23-Apr-2025 22:55:32 Europe/Berlin] PHPMailer [1] : CLIENT -> SERVER:             <div style='font-family: Arial, sans-serif; max-width: 600px; margin: 0 auto;'>

[23-Apr-2025 22:55:32 Europe/Berlin] PHPMailer [1] : CLIENT -> SERVER:                 <h2 style='color: #dc2626;'>Thank you for subscribing!</h2>

[23-Apr-2025 22:55:32 Europe/Berlin] PHPMailer [1] : CLIENT -> SERVER:                 <p>Welcome to the SportSync newsletter!</p>

[23-Apr-2025 22:55:32 Europe/Berlin] PHPMailer [1] : CLIENT -> SERVER:                 <p>You have successfully subscribed to receive updates about:</p>

[23-Apr-2025 22:55:32 Europe/Berlin] PHPMailer [1] : CLIENT -> SERVER:                 <ul>

[23-Apr-2025 22:55:32 Europe/Berlin] PHPMailer [1] : CLIENT -> SERVER:                     <li>Latest match scores and updates</li>

[23-Apr-2025 22:55:32 Europe/Berlin] PHPMailer [1] : CLIENT -> SERVER:                     <li>Breaking sports news</li>

[23-Apr-2025 22:55:32 Europe/Berlin] PHPMailer [1] : CLIENT -> SERVER:                     <li>Special events and tournaments</li>

[23-Apr-2025 22:55:32 Europe/Berlin] PHPMailer [1] : CLIENT -> SERVER:                     <li>Exclusive content and analysis</li>

[23-Apr-2025 22:55:32 Europe/Berlin] PHPMailer [1] : CLIENT -> SERVER:                 </ul>

[23-Apr-2025 22:55:32 Europe/Berlin] PHPMailer [1] : CLIENT -> SERVER:                 <p>We're excited to keep you informed about all the latest happenings in the world of sports!</p>

[23-Apr-2025 22:55:32 Europe/Berlin] PHPMailer [1] : CLIENT -> SERVER:                 <p>Best regards,<br>The SportSync Team</p>

[23-Apr-2025 22:55:32 Europe/Berlin] PHPMailer [1] : CLIENT -> SERVER:             </div>

[23-Apr-2025 22:55:32 Europe/Berlin] PHPMailer [1] : CLIENT -> SERVER:         

[23-Apr-2025 22:55:32 Europe/Berlin] PHPMailer [1] : CLIENT -> SERVER: 

[23-Apr-2025 22:55:32 Europe/Berlin] PHPMailer [1] : CLIENT -> SERVER: 

[23-Apr-2025 22:55:32 Europe/Berlin] PHPMailer [1] : CLIENT -> SERVER: --b1=_dkPbcU9tKONb6etCjMseVy5BIWRcOilhuliBowzQ--

[23-Apr-2025 22:55:32 Europe/Berlin] PHPMailer [1] : CLIENT -> SERVER: 

[23-Apr-2025 22:55:32 Europe/Berlin] PHPMailer [1] : CLIENT -> SERVER: .

[23-Apr-2025 22:55:33 Europe/Berlin] PHPMailer [2] : SERVER -> CLIENT: 250 2.0.0 OK  1745441733 d9443c01a7336-22c50fe2411sm109215925ad.256 - gsmtp

[23-Apr-2025 22:55:33 Europe/Berlin] PHPMailer [1] : CLIENT -> SERVER: QUIT

[23-Apr-2025 22:55:34 Europe/Berlin] PHPMailer [2] : SERVER -> CLIENT: 221 2.0.0 closing connection d9443c01a7336-22c50fe2411sm109215925ad.256 - gsmtp

[23-Apr-2025 22:55:34 Europe/Berlin] Email sent successfully to: varunpndey@outlook.com
[23-Apr-2025 22:55:34 Europe/Berlin] Connected to database. Tables found: favorites, feedback, matches, matches_backup, matches_new, news, newsletter, notifications, players, subscriptions, users
[23-Apr-2025 22:55:34 Europe/Berlin] Executing SQL: CREATE TABLE IF NOT EXISTS users (
                id INT AUTO_INCREMENT PRIMARY KEY,
                username VARCHAR(50) NOT NULL UNIQUE,
                password VARCHAR(255) NOT NULL,
                email VARCHAR(100) NOT NULL UNIQUE,
                account_type ENUM('user', 'admin') DEFAULT 'user',
                created_at TIMESTAMP DEFAULT CURRENT_TIMESTAMP
            )
[23-Apr-2025 22:55:34 Europe/Berlin] With params: []
[23-Apr-2025 22:55:34 Europe/Berlin] Query executed successfully. Found 0 rows
[23-Apr-2025 22:55:34 Europe/Berlin] Users table created or already exists
[23-Apr-2025 22:55:34 Europe/Berlin] Users table structure: [{"Field":"id","Type":"int(11)","Null":"NO","Key":"PRI","Default":null,"Extra":"auto_increment"},{"Field":"username","Type":"varchar(50)","Null":"NO","Key":"","Default":null,"Extra":""},{"Field":"email","Type":"varchar(100)","Null":"NO","Key":"UNI","Default":null,"Extra":""},{"Field":"password","Type":"varchar(255)","Null":"NO","Key":"","Default":null,"Extra":""},{"Field":"role","Type":"enum('user','admin')","Null":"YES","Key":"","Default":"user","Extra":""},{"Field":"verification_code","Type":"varchar(100)","Null":"YES","Key":"","Default":null,"Extra":""},{"Field":"is_verified","Type":"tinyint(1)","Null":"YES","Key":"","Default":"0","Extra":""},{"Field":"created_at","Type":"timestamp","Null":"NO","Key":"","Default":"current_timestamp()","Extra":""},{"Field":"favorite_sport","Type":"varchar(50)","Null":"YES","Key":"","Default":null,"Extra":""},{"Field":"favorite_team","Type":"varchar(50)","Null":"YES","Key":"","Default":null,"Extra":""},{"Field":"account_type","Type":"enum('user','admin')","Null":"YES","Key":"","Default":"user","Extra":""}]
[23-Apr-2025 22:55:34 Europe/Berlin] Number of users in database: 13
[23-Apr-2025 22:55:34 Europe/Berlin] All tables initialized successfully
[23-Apr-2025 22:55:34 Europe/Berlin] Connected to database. Tables found: favorites, feedback, matches, matches_backup, matches_new, news, newsletter, notifications, players, subscriptions, users
[23-Apr-2025 22:55:34 Europe/Berlin] Executing SQL: CREATE TABLE IF NOT EXISTS users (
                id INT AUTO_INCREMENT PRIMARY KEY,
                username VARCHAR(50) NOT NULL UNIQUE,
                password VARCHAR(255) NOT NULL,
                email VARCHAR(100) NOT NULL UNIQUE,
                account_type ENUM('user', 'admin') DEFAULT 'user',
                created_at TIMESTAMP DEFAULT CURRENT_TIMESTAMP
            )
[23-Apr-2025 22:55:34 Europe/Berlin] With params: []
[23-Apr-2025 22:55:34 Europe/Berlin] Query executed successfully. Found 0 rows
[23-Apr-2025 22:55:34 Europe/Berlin] Users table created or already exists
[23-Apr-2025 22:55:34 Europe/Berlin] Users table structure: [{"Field":"id","Type":"int(11)","Null":"NO","Key":"PRI","Default":null,"Extra":"auto_increment"},{"Field":"username","Type":"varchar(50)","Null":"NO","Key":"","Default":null,"Extra":""},{"Field":"email","Type":"varchar(100)","Null":"NO","Key":"UNI","Default":null,"Extra":""},{"Field":"password","Type":"varchar(255)","Null":"NO","Key":"","Default":null,"Extra":""},{"Field":"role","Type":"enum('user','admin')","Null":"YES","Key":"","Default":"user","Extra":""},{"Field":"verification_code","Type":"varchar(100)","Null":"YES","Key":"","Default":null,"Extra":""},{"Field":"is_verified","Type":"tinyint(1)","Null":"YES","Key":"","Default":"0","Extra":""},{"Field":"created_at","Type":"timestamp","Null":"NO","Key":"","Default":"current_timestamp()","Extra":""},{"Field":"favorite_sport","Type":"varchar(50)","Null":"YES","Key":"","Default":null,"Extra":""},{"Field":"favorite_team","Type":"varchar(50)","Null":"YES","Key":"","Default":null,"Extra":""},{"Field":"account_type","Type":"enum('user','admin')","Null":"YES","Key":"","Default":"user","Extra":""}]
[23-Apr-2025 22:55:34 Europe/Berlin] Number of users in database: 13
[23-Apr-2025 22:55:34 Europe/Berlin] All tables initialized successfully
[23-Apr-2025 22:55:34 Europe/Berlin] Database tables initialized successfully
[23-Apr-2025 22:55:34 Europe/Berlin] Executing SQL: SELECT * FROM users WHERE id = :id
[23-Apr-2025 22:55:34 Europe/Berlin] With params: {":id":12}
[23-Apr-2025 22:55:34 Europe/Berlin] Query executed successfully. Found 1 rows
[23-Apr-2025 22:55:34 Europe/Berlin] User loaded from session: varunpndey
[23-Apr-2025 22:55:34 Europe/Berlin] Header - Session status: 2
[23-Apr-2025 22:55:34 Europe/Berlin] Header - Session data: {"user_id":12,"username":"varunpndey","email":"va@gmail.com","account_type":"admin","success_message":"Thank you for subscribing! We've sent a confirmation email."}
[23-Apr-2025 22:55:34 Europe/Berlin] Header - After session start - Status: 2
[23-Apr-2025 22:55:34 Europe/Berlin] Header - After session start - Data: {"user_id":12,"username":"varunpndey","email":"va@gmail.com","account_type":"admin","success_message":"Thank you for subscribing! We've sent a confirmation email."}
[23-Apr-2025 22:55:34 Europe/Berlin] Header - Is logged in: Yes
[23-Apr-2025 22:55:34 Europe/Berlin] Executing SQL: SELECT * FROM news ORDER BY created_at DESC LIMIT 5
[23-Apr-2025 22:55:34 Europe/Berlin] With params: []
[23-Apr-2025 22:55:34 Europe/Berlin] Query executed successfully. Found 5 rows
[23-Apr-2025 22:55:34 Europe/Berlin] Executing SQL: SELECT * FROM matches WHERE status = 'live'
[23-Apr-2025 22:55:34 Europe/Berlin] With params: []
[23-Apr-2025 22:55:34 Europe/Berlin] Query executed successfully. Found 1 rows
[23-Apr-2025 22:55:34 Europe/Berlin] Executing SQL: SELECT COUNT(*) as count FROM favorites 
                    WHERE user_id = :user_id AND match_id = :match_id
[23-Apr-2025 22:55:34 Europe/Berlin] With params: {":user_id":12,":match_id":42}
[23-Apr-2025 22:55:34 Europe/Berlin] Query executed successfully. Found 1 rows
[23-Apr-2025 22:56:34 Europe/Berlin] Connected to database. Tables found: favorites, feedback, matches, matches_backup, matches_new, news, newsletter, notifications, players, subscriptions, users
[23-Apr-2025 22:56:34 Europe/Berlin] Executing SQL: CREATE TABLE IF NOT EXISTS users (
                id INT AUTO_INCREMENT PRIMARY KEY,
                username VARCHAR(50) NOT NULL UNIQUE,
                password VARCHAR(255) NOT NULL,
                email VARCHAR(100) NOT NULL UNIQUE,
                account_type ENUM('user', 'admin') DEFAULT 'user',
                created_at TIMESTAMP DEFAULT CURRENT_TIMESTAMP
            )
[23-Apr-2025 22:56:34 Europe/Berlin] With params: []
[23-Apr-2025 22:56:34 Europe/Berlin] Query executed successfully. Found 0 rows
[23-Apr-2025 22:56:34 Europe/Berlin] Users table created or already exists
[23-Apr-2025 22:56:34 Europe/Berlin] Users table structure: [{"Field":"id","Type":"int(11)","Null":"NO","Key":"PRI","Default":null,"Extra":"auto_increment"},{"Field":"username","Type":"varchar(50)","Null":"NO","Key":"","Default":null,"Extra":""},{"Field":"email","Type":"varchar(100)","Null":"NO","Key":"UNI","Default":null,"Extra":""},{"Field":"password","Type":"varchar(255)","Null":"NO","Key":"","Default":null,"Extra":""},{"Field":"role","Type":"enum('user','admin')","Null":"YES","Key":"","Default":"user","Extra":""},{"Field":"verification_code","Type":"varchar(100)","Null":"YES","Key":"","Default":null,"Extra":""},{"Field":"is_verified","Type":"tinyint(1)","Null":"YES","Key":"","Default":"0","Extra":""},{"Field":"created_at","Type":"timestamp","Null":"NO","Key":"","Default":"current_timestamp()","Extra":""},{"Field":"favorite_sport","Type":"varchar(50)","Null":"YES","Key":"","Default":null,"Extra":""},{"Field":"favorite_team","Type":"varchar(50)","Null":"YES","Key":"","Default":null,"Extra":""},{"Field":"account_type","Type":"enum('user','admin')","Null":"YES","Key":"","Default":"user","Extra":""}]
[23-Apr-2025 22:56:34 Europe/Berlin] Number of users in database: 13
[23-Apr-2025 22:56:34 Europe/Berlin] All tables initialized successfully
[23-Apr-2025 22:56:34 Europe/Berlin] Connected to database. Tables found: favorites, feedback, matches, matches_backup, matches_new, news, newsletter, notifications, players, subscriptions, users
[23-Apr-2025 22:56:34 Europe/Berlin] Executing SQL: CREATE TABLE IF NOT EXISTS users (
                id INT AUTO_INCREMENT PRIMARY KEY,
                username VARCHAR(50) NOT NULL UNIQUE,
                password VARCHAR(255) NOT NULL,
                email VARCHAR(100) NOT NULL UNIQUE,
                account_type ENUM('user', 'admin') DEFAULT 'user',
                created_at TIMESTAMP DEFAULT CURRENT_TIMESTAMP
            )
[23-Apr-2025 22:56:34 Europe/Berlin] With params: []
[23-Apr-2025 22:56:34 Europe/Berlin] Query executed successfully. Found 0 rows
[23-Apr-2025 22:56:34 Europe/Berlin] Users table created or already exists
[23-Apr-2025 22:56:34 Europe/Berlin] Users table structure: [{"Field":"id","Type":"int(11)","Null":"NO","Key":"PRI","Default":null,"Extra":"auto_increment"},{"Field":"username","Type":"varchar(50)","Null":"NO","Key":"","Default":null,"Extra":""},{"Field":"email","Type":"varchar(100)","Null":"NO","Key":"UNI","Default":null,"Extra":""},{"Field":"password","Type":"varchar(255)","Null":"NO","Key":"","Default":null,"Extra":""},{"Field":"role","Type":"enum('user','admin')","Null":"YES","Key":"","Default":"user","Extra":""},{"Field":"verification_code","Type":"varchar(100)","Null":"YES","Key":"","Default":null,"Extra":""},{"Field":"is_verified","Type":"tinyint(1)","Null":"YES","Key":"","Default":"0","Extra":""},{"Field":"created_at","Type":"timestamp","Null":"NO","Key":"","Default":"current_timestamp()","Extra":""},{"Field":"favorite_sport","Type":"varchar(50)","Null":"YES","Key":"","Default":null,"Extra":""},{"Field":"favorite_team","Type":"varchar(50)","Null":"YES","Key":"","Default":null,"Extra":""},{"Field":"account_type","Type":"enum('user','admin')","Null":"YES","Key":"","Default":"user","Extra":""}]
[23-Apr-2025 22:56:34 Europe/Berlin] Number of users in database: 13
[23-Apr-2025 22:56:34 Europe/Berlin] All tables initialized successfully
[23-Apr-2025 22:56:34 Europe/Berlin] Database tables initialized successfully
[23-Apr-2025 22:56:34 Europe/Berlin] Executing SQL: SELECT * FROM users WHERE id = :id
[23-Apr-2025 22:56:34 Europe/Berlin] With params: {":id":12}
[23-Apr-2025 22:56:34 Europe/Berlin] Query executed successfully. Found 1 rows
[23-Apr-2025 22:56:34 Europe/Berlin] User loaded from session: varunpndey
[23-Apr-2025 22:56:34 Europe/Berlin] PHP Notice:  session_start(): Ignoring session_start() because a session is already active in /Applications/XAMPP/xamppfiles/htdocs/sportsync/public/dashboard.php on line 2
[23-Apr-2025 22:56:34 Europe/Berlin] Executing SQL: SELECT * FROM users WHERE id = :id
[23-Apr-2025 22:56:34 Europe/Berlin] With params: {":id":12}
[23-Apr-2025 22:56:34 Europe/Berlin] Query executed successfully. Found 1 rows
[23-Apr-2025 22:56:34 Europe/Berlin] Header - Session status: 2
[23-Apr-2025 22:56:34 Europe/Berlin] Header - Session data: {"user_id":12,"username":"varunpndey","email":"va@gmail.com","account_type":"admin"}
[23-Apr-2025 22:56:34 Europe/Berlin] Header - After session start - Status: 2
[23-Apr-2025 22:56:34 Europe/Berlin] Header - After session start - Data: {"user_id":12,"username":"varunpndey","email":"va@gmail.com","account_type":"admin"}
[23-Apr-2025 22:56:34 Europe/Berlin] Header - Is logged in: Yes
[23-Apr-2025 22:56:37 Europe/Berlin] Connected to database. Tables found: favorites, feedback, matches, matches_backup, matches_new, news, newsletter, notifications, players, subscriptions, users
[23-Apr-2025 22:56:37 Europe/Berlin] Executing SQL: CREATE TABLE IF NOT EXISTS users (
                id INT AUTO_INCREMENT PRIMARY KEY,
                username VARCHAR(50) NOT NULL UNIQUE,
                password VARCHAR(255) NOT NULL,
                email VARCHAR(100) NOT NULL UNIQUE,
                account_type ENUM('user', 'admin') DEFAULT 'user',
                created_at TIMESTAMP DEFAULT CURRENT_TIMESTAMP
            )
[23-Apr-2025 22:56:37 Europe/Berlin] With params: []
[23-Apr-2025 22:56:37 Europe/Berlin] Query executed successfully. Found 0 rows
[23-Apr-2025 22:56:37 Europe/Berlin] Users table created or already exists
[23-Apr-2025 22:56:37 Europe/Berlin] Users table structure: [{"Field":"id","Type":"int(11)","Null":"NO","Key":"PRI","Default":null,"Extra":"auto_increment"},{"Field":"username","Type":"varchar(50)","Null":"NO","Key":"","Default":null,"Extra":""},{"Field":"email","Type":"varchar(100)","Null":"NO","Key":"UNI","Default":null,"Extra":""},{"Field":"password","Type":"varchar(255)","Null":"NO","Key":"","Default":null,"Extra":""},{"Field":"role","Type":"enum('user','admin')","Null":"YES","Key":"","Default":"user","Extra":""},{"Field":"verification_code","Type":"varchar(100)","Null":"YES","Key":"","Default":null,"Extra":""},{"Field":"is_verified","Type":"tinyint(1)","Null":"YES","Key":"","Default":"0","Extra":""},{"Field":"created_at","Type":"timestamp","Null":"NO","Key":"","Default":"current_timestamp()","Extra":""},{"Field":"favorite_sport","Type":"varchar(50)","Null":"YES","Key":"","Default":null,"Extra":""},{"Field":"favorite_team","Type":"varchar(50)","Null":"YES","Key":"","Default":null,"Extra":""},{"Field":"account_type","Type":"enum('user','admin')","Null":"YES","Key":"","Default":"user","Extra":""}]
[23-Apr-2025 22:56:37 Europe/Berlin] Number of users in database: 13
[23-Apr-2025 22:56:37 Europe/Berlin] All tables initialized successfully
[23-Apr-2025 22:56:37 Europe/Berlin] Connected to database. Tables found: favorites, feedback, matches, matches_backup, matches_new, news, newsletter, notifications, players, subscriptions, users
[23-Apr-2025 22:56:37 Europe/Berlin] Executing SQL: CREATE TABLE IF NOT EXISTS users (
                id INT AUTO_INCREMENT PRIMARY KEY,
                username VARCHAR(50) NOT NULL UNIQUE,
                password VARCHAR(255) NOT NULL,
                email VARCHAR(100) NOT NULL UNIQUE,
                account_type ENUM('user', 'admin') DEFAULT 'user',
                created_at TIMESTAMP DEFAULT CURRENT_TIMESTAMP
            )
[23-Apr-2025 22:56:37 Europe/Berlin] With params: []
[23-Apr-2025 22:56:37 Europe/Berlin] Query executed successfully. Found 0 rows
[23-Apr-2025 22:56:37 Europe/Berlin] Users table created or already exists
[23-Apr-2025 22:56:37 Europe/Berlin] Users table structure: [{"Field":"id","Type":"int(11)","Null":"NO","Key":"PRI","Default":null,"Extra":"auto_increment"},{"Field":"username","Type":"varchar(50)","Null":"NO","Key":"","Default":null,"Extra":""},{"Field":"email","Type":"varchar(100)","Null":"NO","Key":"UNI","Default":null,"Extra":""},{"Field":"password","Type":"varchar(255)","Null":"NO","Key":"","Default":null,"Extra":""},{"Field":"role","Type":"enum('user','admin')","Null":"YES","Key":"","Default":"user","Extra":""},{"Field":"verification_code","Type":"varchar(100)","Null":"YES","Key":"","Default":null,"Extra":""},{"Field":"is_verified","Type":"tinyint(1)","Null":"YES","Key":"","Default":"0","Extra":""},{"Field":"created_at","Type":"timestamp","Null":"NO","Key":"","Default":"current_timestamp()","Extra":""},{"Field":"favorite_sport","Type":"varchar(50)","Null":"YES","Key":"","Default":null,"Extra":""},{"Field":"favorite_team","Type":"varchar(50)","Null":"YES","Key":"","Default":null,"Extra":""},{"Field":"account_type","Type":"enum('user','admin')","Null":"YES","Key":"","Default":"user","Extra":""}]
[23-Apr-2025 22:56:37 Europe/Berlin] Number of users in database: 13
[23-Apr-2025 22:56:37 Europe/Berlin] All tables initialized successfully
[23-Apr-2025 22:56:37 Europe/Berlin] Database tables initialized successfully
[23-Apr-2025 22:56:37 Europe/Berlin] Executing SQL: SELECT * FROM users WHERE id = :id
[23-Apr-2025 22:56:37 Europe/Berlin] With params: {":id":12}
[23-Apr-2025 22:56:37 Europe/Berlin] Query executed successfully. Found 1 rows
[23-Apr-2025 22:56:37 Europe/Berlin] User loaded from session: varunpndey
[23-Apr-2025 22:56:37 Europe/Berlin] Executing SQL: SELECT * FROM users WHERE id = :id
[23-Apr-2025 22:56:37 Europe/Berlin] With params: {":id":12}
[23-Apr-2025 22:56:37 Europe/Berlin] Query executed successfully. Found 1 rows
[23-Apr-2025 22:56:37 Europe/Berlin] Executing SQL: SELECT * FROM news ORDER BY created_at DESC
[23-Apr-2025 22:56:37 Europe/Berlin] With params: []
[23-Apr-2025 22:56:37 Europe/Berlin] Query executed successfully. Found 6 rows
[23-Apr-2025 22:56:37 Europe/Berlin] Executing SQL: SELECT * FROM feedback ORDER BY created_at DESC
[23-Apr-2025 22:56:37 Europe/Berlin] With params: []
[23-Apr-2025 22:56:37 Europe/Berlin] Query executed successfully. Found 12 rows
[23-Apr-2025 22:56:37 Europe/Berlin] Executing SQL: SELECT * FROM matches WHERE status = 'live'
[23-Apr-2025 22:56:37 Europe/Berlin] With params: []
[23-Apr-2025 22:56:37 Europe/Berlin] Query executed successfully. Found 1 rows
[23-Apr-2025 22:56:37 Europe/Berlin] Executing SQL: SELECT * FROM matches WHERE 1=1 ORDER BY match_time DESC
[23-Apr-2025 22:56:37 Europe/Berlin] With params: []
[23-Apr-2025 22:56:37 Europe/Berlin] Query executed successfully. Found 5 rows
[23-Apr-2025 23:00:10 Europe/Berlin] Connected to database. Tables found: favorites, feedback, matches, matches_backup, matches_new, news, newsletter, notifications, players, subscriptions, users
[23-Apr-2025 23:00:10 Europe/Berlin] Executing SQL: CREATE TABLE IF NOT EXISTS users (
                id INT AUTO_INCREMENT PRIMARY KEY,
                username VARCHAR(50) NOT NULL UNIQUE,
                password VARCHAR(255) NOT NULL,
                email VARCHAR(100) NOT NULL UNIQUE,
                account_type ENUM('user', 'admin') DEFAULT 'user',
                created_at TIMESTAMP DEFAULT CURRENT_TIMESTAMP
            )
[23-Apr-2025 23:00:10 Europe/Berlin] With params: []
[23-Apr-2025 23:00:10 Europe/Berlin] Query executed successfully. Found 0 rows
[23-Apr-2025 23:00:10 Europe/Berlin] Users table created or already exists
[23-Apr-2025 23:00:10 Europe/Berlin] Users table structure: [{"Field":"id","Type":"int(11)","Null":"NO","Key":"PRI","Default":null,"Extra":"auto_increment"},{"Field":"username","Type":"varchar(50)","Null":"NO","Key":"","Default":null,"Extra":""},{"Field":"email","Type":"varchar(100)","Null":"NO","Key":"UNI","Default":null,"Extra":""},{"Field":"password","Type":"varchar(255)","Null":"NO","Key":"","Default":null,"Extra":""},{"Field":"role","Type":"enum('user','admin')","Null":"YES","Key":"","Default":"user","Extra":""},{"Field":"verification_code","Type":"varchar(100)","Null":"YES","Key":"","Default":null,"Extra":""},{"Field":"is_verified","Type":"tinyint(1)","Null":"YES","Key":"","Default":"0","Extra":""},{"Field":"created_at","Type":"timestamp","Null":"NO","Key":"","Default":"current_timestamp()","Extra":""},{"Field":"favorite_sport","Type":"varchar(50)","Null":"YES","Key":"","Default":null,"Extra":""},{"Field":"favorite_team","Type":"varchar(50)","Null":"YES","Key":"","Default":null,"Extra":""},{"Field":"account_type","Type":"enum('user','admin')","Null":"YES","Key":"","Default":"user","Extra":""}]
[23-Apr-2025 23:00:10 Europe/Berlin] Number of users in database: 13
[23-Apr-2025 23:00:10 Europe/Berlin] All tables initialized successfully
[23-Apr-2025 23:00:10 Europe/Berlin] Executing SQL: SELECT * FROM matches WHERE id = :id
[23-Apr-2025 23:00:10 Europe/Berlin] With params: {":id":"43"}
[23-Apr-2025 23:00:10 Europe/Berlin] Query executed successfully. Found 1 rows
[23-Apr-2025 23:00:10 Europe/Berlin] Executing SQL: DELETE FROM matches WHERE id = :id
[23-Apr-2025 23:00:10 Europe/Berlin] With params: {":id":"43"}
[23-Apr-2025 23:00:10 Europe/Berlin] Query executed successfully. Found 0 rows
[23-Apr-2025 23:00:12 Europe/Berlin] Connected to database. Tables found: favorites, feedback, matches, matches_backup, matches_new, news, newsletter, notifications, players, subscriptions, users
[23-Apr-2025 23:00:12 Europe/Berlin] Executing SQL: CREATE TABLE IF NOT EXISTS users (
                id INT AUTO_INCREMENT PRIMARY KEY,
                username VARCHAR(50) NOT NULL UNIQUE,
                password VARCHAR(255) NOT NULL,
                email VARCHAR(100) NOT NULL UNIQUE,
                account_type ENUM('user', 'admin') DEFAULT 'user',
                created_at TIMESTAMP DEFAULT CURRENT_TIMESTAMP
            )
[23-Apr-2025 23:00:12 Europe/Berlin] With params: []
[23-Apr-2025 23:00:12 Europe/Berlin] Query executed successfully. Found 0 rows
[23-Apr-2025 23:00:12 Europe/Berlin] Users table created or already exists
[23-Apr-2025 23:00:12 Europe/Berlin] Users table structure: [{"Field":"id","Type":"int(11)","Null":"NO","Key":"PRI","Default":null,"Extra":"auto_increment"},{"Field":"username","Type":"varchar(50)","Null":"NO","Key":"","Default":null,"Extra":""},{"Field":"email","Type":"varchar(100)","Null":"NO","Key":"UNI","Default":null,"Extra":""},{"Field":"password","Type":"varchar(255)","Null":"NO","Key":"","Default":null,"Extra":""},{"Field":"role","Type":"enum('user','admin')","Null":"YES","Key":"","Default":"user","Extra":""},{"Field":"verification_code","Type":"varchar(100)","Null":"YES","Key":"","Default":null,"Extra":""},{"Field":"is_verified","Type":"tinyint(1)","Null":"YES","Key":"","Default":"0","Extra":""},{"Field":"created_at","Type":"timestamp","Null":"NO","Key":"","Default":"current_timestamp()","Extra":""},{"Field":"favorite_sport","Type":"varchar(50)","Null":"YES","Key":"","Default":null,"Extra":""},{"Field":"favorite_team","Type":"varchar(50)","Null":"YES","Key":"","Default":null,"Extra":""},{"Field":"account_type","Type":"enum('user','admin')","Null":"YES","Key":"","Default":"user","Extra":""}]
[23-Apr-2025 23:00:12 Europe/Berlin] Number of users in database: 13
[23-Apr-2025 23:00:12 Europe/Berlin] All tables initialized successfully
[23-Apr-2025 23:00:12 Europe/Berlin] Connected to database. Tables found: favorites, feedback, matches, matches_backup, matches_new, news, newsletter, notifications, players, subscriptions, users
[23-Apr-2025 23:00:12 Europe/Berlin] Executing SQL: CREATE TABLE IF NOT EXISTS users (
                id INT AUTO_INCREMENT PRIMARY KEY,
                username VARCHAR(50) NOT NULL UNIQUE,
                password VARCHAR(255) NOT NULL,
                email VARCHAR(100) NOT NULL UNIQUE,
                account_type ENUM('user', 'admin') DEFAULT 'user',
                created_at TIMESTAMP DEFAULT CURRENT_TIMESTAMP
            )
[23-Apr-2025 23:00:12 Europe/Berlin] With params: []
[23-Apr-2025 23:00:12 Europe/Berlin] Query executed successfully. Found 0 rows
[23-Apr-2025 23:00:12 Europe/Berlin] Users table created or already exists
[23-Apr-2025 23:00:12 Europe/Berlin] Users table structure: [{"Field":"id","Type":"int(11)","Null":"NO","Key":"PRI","Default":null,"Extra":"auto_increment"},{"Field":"username","Type":"varchar(50)","Null":"NO","Key":"","Default":null,"Extra":""},{"Field":"email","Type":"varchar(100)","Null":"NO","Key":"UNI","Default":null,"Extra":""},{"Field":"password","Type":"varchar(255)","Null":"NO","Key":"","Default":null,"Extra":""},{"Field":"role","Type":"enum('user','admin')","Null":"YES","Key":"","Default":"user","Extra":""},{"Field":"verification_code","Type":"varchar(100)","Null":"YES","Key":"","Default":null,"Extra":""},{"Field":"is_verified","Type":"tinyint(1)","Null":"YES","Key":"","Default":"0","Extra":""},{"Field":"created_at","Type":"timestamp","Null":"NO","Key":"","Default":"current_timestamp()","Extra":""},{"Field":"favorite_sport","Type":"varchar(50)","Null":"YES","Key":"","Default":null,"Extra":""},{"Field":"favorite_team","Type":"varchar(50)","Null":"YES","Key":"","Default":null,"Extra":""},{"Field":"account_type","Type":"enum('user','admin')","Null":"YES","Key":"","Default":"user","Extra":""}]
[23-Apr-2025 23:00:12 Europe/Berlin] Number of users in database: 13
[23-Apr-2025 23:00:12 Europe/Berlin] All tables initialized successfully
[23-Apr-2025 23:00:12 Europe/Berlin] Database tables initialized successfully
[23-Apr-2025 23:00:12 Europe/Berlin] Executing SQL: SELECT * FROM users WHERE id = :id
[23-Apr-2025 23:00:12 Europe/Berlin] With params: {":id":12}
[23-Apr-2025 23:00:12 Europe/Berlin] Query executed successfully. Found 1 rows
[23-Apr-2025 23:00:12 Europe/Berlin] User loaded from session: varunpndey
[23-Apr-2025 23:00:12 Europe/Berlin] Executing SQL: SELECT * FROM users WHERE id = :id
[23-Apr-2025 23:00:12 Europe/Berlin] With params: {":id":12}
[23-Apr-2025 23:00:12 Europe/Berlin] Query executed successfully. Found 1 rows
[23-Apr-2025 23:00:12 Europe/Berlin] Executing SQL: SELECT * FROM news ORDER BY created_at DESC
[23-Apr-2025 23:00:12 Europe/Berlin] With params: []
[23-Apr-2025 23:00:12 Europe/Berlin] Query executed successfully. Found 6 rows
[23-Apr-2025 23:00:12 Europe/Berlin] Executing SQL: SELECT * FROM feedback ORDER BY created_at DESC
[23-Apr-2025 23:00:12 Europe/Berlin] With params: []
[23-Apr-2025 23:00:12 Europe/Berlin] Query executed successfully. Found 12 rows
[23-Apr-2025 23:00:12 Europe/Berlin] Executing SQL: SELECT * FROM matches WHERE status = 'live'
[23-Apr-2025 23:00:12 Europe/Berlin] With params: []
[23-Apr-2025 23:00:12 Europe/Berlin] Query executed successfully. Found 1 rows
[23-Apr-2025 23:00:12 Europe/Berlin] Executing SQL: SELECT * FROM matches WHERE 1=1 ORDER BY match_time DESC
[23-Apr-2025 23:00:12 Europe/Berlin] With params: []
[23-Apr-2025 23:00:12 Europe/Berlin] Query executed successfully. Found 4 rows
[23-Apr-2025 23:00:17 Europe/Berlin] Connected to database. Tables found: favorites, feedback, matches, matches_backup, matches_new, news, newsletter, notifications, players, subscriptions, users
[23-Apr-2025 23:00:17 Europe/Berlin] Executing SQL: CREATE TABLE IF NOT EXISTS users (
                id INT AUTO_INCREMENT PRIMARY KEY,
                username VARCHAR(50) NOT NULL UNIQUE,
                password VARCHAR(255) NOT NULL,
                email VARCHAR(100) NOT NULL UNIQUE,
                account_type ENUM('user', 'admin') DEFAULT 'user',
                created_at TIMESTAMP DEFAULT CURRENT_TIMESTAMP
            )
[23-Apr-2025 23:00:17 Europe/Berlin] With params: []
[23-Apr-2025 23:00:17 Europe/Berlin] Query executed successfully. Found 0 rows
[23-Apr-2025 23:00:17 Europe/Berlin] Users table created or already exists
[23-Apr-2025 23:00:17 Europe/Berlin] Users table structure: [{"Field":"id","Type":"int(11)","Null":"NO","Key":"PRI","Default":null,"Extra":"auto_increment"},{"Field":"username","Type":"varchar(50)","Null":"NO","Key":"","Default":null,"Extra":""},{"Field":"email","Type":"varchar(100)","Null":"NO","Key":"UNI","Default":null,"Extra":""},{"Field":"password","Type":"varchar(255)","Null":"NO","Key":"","Default":null,"Extra":""},{"Field":"role","Type":"enum('user','admin')","Null":"YES","Key":"","Default":"user","Extra":""},{"Field":"verification_code","Type":"varchar(100)","Null":"YES","Key":"","Default":null,"Extra":""},{"Field":"is_verified","Type":"tinyint(1)","Null":"YES","Key":"","Default":"0","Extra":""},{"Field":"created_at","Type":"timestamp","Null":"NO","Key":"","Default":"current_timestamp()","Extra":""},{"Field":"favorite_sport","Type":"varchar(50)","Null":"YES","Key":"","Default":null,"Extra":""},{"Field":"favorite_team","Type":"varchar(50)","Null":"YES","Key":"","Default":null,"Extra":""},{"Field":"account_type","Type":"enum('user','admin')","Null":"YES","Key":"","Default":"user","Extra":""}]
[23-Apr-2025 23:00:17 Europe/Berlin] Number of users in database: 13
[23-Apr-2025 23:00:17 Europe/Berlin] All tables initialized successfully
[23-Apr-2025 23:00:17 Europe/Berlin] Connected to database. Tables found: favorites, feedback, matches, matches_backup, matches_new, news, newsletter, notifications, players, subscriptions, users
[23-Apr-2025 23:00:17 Europe/Berlin] Executing SQL: CREATE TABLE IF NOT EXISTS users (
                id INT AUTO_INCREMENT PRIMARY KEY,
                username VARCHAR(50) NOT NULL UNIQUE,
                password VARCHAR(255) NOT NULL,
                email VARCHAR(100) NOT NULL UNIQUE,
                account_type ENUM('user', 'admin') DEFAULT 'user',
                created_at TIMESTAMP DEFAULT CURRENT_TIMESTAMP
            )
[23-Apr-2025 23:00:17 Europe/Berlin] With params: []
[23-Apr-2025 23:00:17 Europe/Berlin] Query executed successfully. Found 0 rows
[23-Apr-2025 23:00:17 Europe/Berlin] Users table created or already exists
[23-Apr-2025 23:00:17 Europe/Berlin] Users table structure: [{"Field":"id","Type":"int(11)","Null":"NO","Key":"PRI","Default":null,"Extra":"auto_increment"},{"Field":"username","Type":"varchar(50)","Null":"NO","Key":"","Default":null,"Extra":""},{"Field":"email","Type":"varchar(100)","Null":"NO","Key":"UNI","Default":null,"Extra":""},{"Field":"password","Type":"varchar(255)","Null":"NO","Key":"","Default":null,"Extra":""},{"Field":"role","Type":"enum('user','admin')","Null":"YES","Key":"","Default":"user","Extra":""},{"Field":"verification_code","Type":"varchar(100)","Null":"YES","Key":"","Default":null,"Extra":""},{"Field":"is_verified","Type":"tinyint(1)","Null":"YES","Key":"","Default":"0","Extra":""},{"Field":"created_at","Type":"timestamp","Null":"NO","Key":"","Default":"current_timestamp()","Extra":""},{"Field":"favorite_sport","Type":"varchar(50)","Null":"YES","Key":"","Default":null,"Extra":""},{"Field":"favorite_team","Type":"varchar(50)","Null":"YES","Key":"","Default":null,"Extra":""},{"Field":"account_type","Type":"enum('user','admin')","Null":"YES","Key":"","Default":"user","Extra":""}]
[23-Apr-2025 23:00:17 Europe/Berlin] Number of users in database: 13
[23-Apr-2025 23:00:17 Europe/Berlin] All tables initialized successfully
[23-Apr-2025 23:00:17 Europe/Berlin] Database tables initialized successfully
[23-Apr-2025 23:00:17 Europe/Berlin] Executing SQL: SELECT * FROM users WHERE id = :id
[23-Apr-2025 23:00:17 Europe/Berlin] With params: {":id":12}
[23-Apr-2025 23:00:17 Europe/Berlin] Query executed successfully. Found 1 rows
[23-Apr-2025 23:00:17 Europe/Berlin] User loaded from session: varunpndey
[23-Apr-2025 23:00:17 Europe/Berlin] Executing SQL: SELECT * FROM users WHERE id = :id
[23-Apr-2025 23:00:17 Europe/Berlin] With params: {":id":12}
[23-Apr-2025 23:00:17 Europe/Berlin] Query executed successfully. Found 1 rows
[23-Apr-2025 23:00:17 Europe/Berlin] Executing SQL: DELETE FROM news WHERE id = :id
[23-Apr-2025 23:00:17 Europe/Berlin] With params: {":id":"11"}
[23-Apr-2025 23:00:17 Europe/Berlin] Query executed successfully. Found 0 rows
[23-Apr-2025 23:00:17 Europe/Berlin] PHP Fatal error:  Uncaught Error: Call to a member function rowCount() on array in /Applications/XAMPP/xamppfiles/htdocs/sportsync/backend/news.php:94
Stack trace:
#0 /Applications/XAMPP/xamppfiles/htdocs/sportsync/public/admin.php(246): deleteNews('11')
#1 /Applications/XAMPP/xamppfiles/htdocs/sportsync/public/index.php(38): require('/Applications/X...')
#2 {main}
  thrown in /Applications/XAMPP/xamppfiles/htdocs/sportsync/backend/news.php on line 94
[23-Apr-2025 23:02:40 Europe/Berlin] Connected to database. Tables found: favorites, feedback, matches, matches_backup, matches_new, news, newsletter, notifications, players, subscriptions, users
[23-Apr-2025 23:02:40 Europe/Berlin] Executing SQL: CREATE TABLE IF NOT EXISTS users (
                id INT AUTO_INCREMENT PRIMARY KEY,
                username VARCHAR(50) NOT NULL UNIQUE,
                password VARCHAR(255) NOT NULL,
                email VARCHAR(100) NOT NULL UNIQUE,
                account_type ENUM('user', 'admin') DEFAULT 'user',
                created_at TIMESTAMP DEFAULT CURRENT_TIMESTAMP
            )
[23-Apr-2025 23:02:40 Europe/Berlin] With params: []
[23-Apr-2025 23:02:40 Europe/Berlin] Query executed successfully. Found 0 rows
[23-Apr-2025 23:02:40 Europe/Berlin] Users table created or already exists
[23-Apr-2025 23:02:40 Europe/Berlin] Users table structure: [{"Field":"id","Type":"int(11)","Null":"NO","Key":"PRI","Default":null,"Extra":"auto_increment"},{"Field":"username","Type":"varchar(50)","Null":"NO","Key":"","Default":null,"Extra":""},{"Field":"email","Type":"varchar(100)","Null":"NO","Key":"UNI","Default":null,"Extra":""},{"Field":"password","Type":"varchar(255)","Null":"NO","Key":"","Default":null,"Extra":""},{"Field":"role","Type":"enum('user','admin')","Null":"YES","Key":"","Default":"user","Extra":""},{"Field":"verification_code","Type":"varchar(100)","Null":"YES","Key":"","Default":null,"Extra":""},{"Field":"is_verified","Type":"tinyint(1)","Null":"YES","Key":"","Default":"0","Extra":""},{"Field":"created_at","Type":"timestamp","Null":"NO","Key":"","Default":"current_timestamp()","Extra":""},{"Field":"favorite_sport","Type":"varchar(50)","Null":"YES","Key":"","Default":null,"Extra":""},{"Field":"favorite_team","Type":"varchar(50)","Null":"YES","Key":"","Default":null,"Extra":""},{"Field":"account_type","Type":"enum('user','admin')","Null":"YES","Key":"","Default":"user","Extra":""}]
[23-Apr-2025 23:02:40 Europe/Berlin] Number of users in database: 13
[23-Apr-2025 23:02:40 Europe/Berlin] All tables initialized successfully
[23-Apr-2025 23:02:40 Europe/Berlin] Connected to database. Tables found: favorites, feedback, matches, matches_backup, matches_new, news, newsletter, notifications, players, subscriptions, users
[23-Apr-2025 23:02:40 Europe/Berlin] Executing SQL: CREATE TABLE IF NOT EXISTS users (
                id INT AUTO_INCREMENT PRIMARY KEY,
                username VARCHAR(50) NOT NULL UNIQUE,
                password VARCHAR(255) NOT NULL,
                email VARCHAR(100) NOT NULL UNIQUE,
                account_type ENUM('user', 'admin') DEFAULT 'user',
                created_at TIMESTAMP DEFAULT CURRENT_TIMESTAMP
            )
[23-Apr-2025 23:02:40 Europe/Berlin] With params: []
[23-Apr-2025 23:02:40 Europe/Berlin] Query executed successfully. Found 0 rows
[23-Apr-2025 23:02:40 Europe/Berlin] Users table created or already exists
[23-Apr-2025 23:02:40 Europe/Berlin] Users table structure: [{"Field":"id","Type":"int(11)","Null":"NO","Key":"PRI","Default":null,"Extra":"auto_increment"},{"Field":"username","Type":"varchar(50)","Null":"NO","Key":"","Default":null,"Extra":""},{"Field":"email","Type":"varchar(100)","Null":"NO","Key":"UNI","Default":null,"Extra":""},{"Field":"password","Type":"varchar(255)","Null":"NO","Key":"","Default":null,"Extra":""},{"Field":"role","Type":"enum('user','admin')","Null":"YES","Key":"","Default":"user","Extra":""},{"Field":"verification_code","Type":"varchar(100)","Null":"YES","Key":"","Default":null,"Extra":""},{"Field":"is_verified","Type":"tinyint(1)","Null":"YES","Key":"","Default":"0","Extra":""},{"Field":"created_at","Type":"timestamp","Null":"NO","Key":"","Default":"current_timestamp()","Extra":""},{"Field":"favorite_sport","Type":"varchar(50)","Null":"YES","Key":"","Default":null,"Extra":""},{"Field":"favorite_team","Type":"varchar(50)","Null":"YES","Key":"","Default":null,"Extra":""},{"Field":"account_type","Type":"enum('user','admin')","Null":"YES","Key":"","Default":"user","Extra":""}]
[23-Apr-2025 23:02:40 Europe/Berlin] Number of users in database: 13
[23-Apr-2025 23:02:40 Europe/Berlin] All tables initialized successfully
[23-Apr-2025 23:02:40 Europe/Berlin] Database tables initialized successfully
[23-Apr-2025 23:02:40 Europe/Berlin] Executing SQL: SELECT * FROM users WHERE id = :id
[23-Apr-2025 23:02:40 Europe/Berlin] With params: {":id":12}
[23-Apr-2025 23:02:40 Europe/Berlin] Query executed successfully. Found 1 rows
[23-Apr-2025 23:02:40 Europe/Berlin] User loaded from session: varunpndey
[23-Apr-2025 23:02:40 Europe/Berlin] PHP Notice:  session_start(): Ignoring session_start() because a session is already active in /Applications/XAMPP/xamppfiles/htdocs/sportsync/public/dashboard.php on line 2
[23-Apr-2025 23:02:40 Europe/Berlin] Executing SQL: SELECT * FROM users WHERE id = :id
[23-Apr-2025 23:02:40 Europe/Berlin] With params: {":id":12}
[23-Apr-2025 23:02:40 Europe/Berlin] Query executed successfully. Found 1 rows
[23-Apr-2025 23:02:40 Europe/Berlin] Header - Session status: 2
[23-Apr-2025 23:02:40 Europe/Berlin] Header - Session data: {"user_id":12,"username":"varunpndey","email":"va@gmail.com","account_type":"admin"}
[23-Apr-2025 23:02:40 Europe/Berlin] Header - After session start - Status: 2
[23-Apr-2025 23:02:40 Europe/Berlin] Header - After session start - Data: {"user_id":12,"username":"varunpndey","email":"va@gmail.com","account_type":"admin"}
[23-Apr-2025 23:02:40 Europe/Berlin] Header - Is logged in: Yes
[23-Apr-2025 23:02:43 Europe/Berlin] Connected to database. Tables found: favorites, feedback, matches, matches_backup, matches_new, news, newsletter, notifications, players, subscriptions, users
[23-Apr-2025 23:02:43 Europe/Berlin] Executing SQL: CREATE TABLE IF NOT EXISTS users (
                id INT AUTO_INCREMENT PRIMARY KEY,
                username VARCHAR(50) NOT NULL UNIQUE,
                password VARCHAR(255) NOT NULL,
                email VARCHAR(100) NOT NULL UNIQUE,
                account_type ENUM('user', 'admin') DEFAULT 'user',
                created_at TIMESTAMP DEFAULT CURRENT_TIMESTAMP
            )
[23-Apr-2025 23:02:43 Europe/Berlin] With params: []
[23-Apr-2025 23:02:43 Europe/Berlin] Query executed successfully. Found 0 rows
[23-Apr-2025 23:02:43 Europe/Berlin] Users table created or already exists
[23-Apr-2025 23:02:43 Europe/Berlin] Users table structure: [{"Field":"id","Type":"int(11)","Null":"NO","Key":"PRI","Default":null,"Extra":"auto_increment"},{"Field":"username","Type":"varchar(50)","Null":"NO","Key":"","Default":null,"Extra":""},{"Field":"email","Type":"varchar(100)","Null":"NO","Key":"UNI","Default":null,"Extra":""},{"Field":"password","Type":"varchar(255)","Null":"NO","Key":"","Default":null,"Extra":""},{"Field":"role","Type":"enum('user','admin')","Null":"YES","Key":"","Default":"user","Extra":""},{"Field":"verification_code","Type":"varchar(100)","Null":"YES","Key":"","Default":null,"Extra":""},{"Field":"is_verified","Type":"tinyint(1)","Null":"YES","Key":"","Default":"0","Extra":""},{"Field":"created_at","Type":"timestamp","Null":"NO","Key":"","Default":"current_timestamp()","Extra":""},{"Field":"favorite_sport","Type":"varchar(50)","Null":"YES","Key":"","Default":null,"Extra":""},{"Field":"favorite_team","Type":"varchar(50)","Null":"YES","Key":"","Default":null,"Extra":""},{"Field":"account_type","Type":"enum('user','admin')","Null":"YES","Key":"","Default":"user","Extra":""}]
[23-Apr-2025 23:02:43 Europe/Berlin] Number of users in database: 13
[23-Apr-2025 23:02:43 Europe/Berlin] All tables initialized successfully
[23-Apr-2025 23:02:43 Europe/Berlin] Connected to database. Tables found: favorites, feedback, matches, matches_backup, matches_new, news, newsletter, notifications, players, subscriptions, users
[23-Apr-2025 23:02:43 Europe/Berlin] Executing SQL: CREATE TABLE IF NOT EXISTS users (
                id INT AUTO_INCREMENT PRIMARY KEY,
                username VARCHAR(50) NOT NULL UNIQUE,
                password VARCHAR(255) NOT NULL,
                email VARCHAR(100) NOT NULL UNIQUE,
                account_type ENUM('user', 'admin') DEFAULT 'user',
                created_at TIMESTAMP DEFAULT CURRENT_TIMESTAMP
            )
[23-Apr-2025 23:02:43 Europe/Berlin] With params: []
[23-Apr-2025 23:02:43 Europe/Berlin] Query executed successfully. Found 0 rows
[23-Apr-2025 23:02:43 Europe/Berlin] Users table created or already exists
[23-Apr-2025 23:02:43 Europe/Berlin] Users table structure: [{"Field":"id","Type":"int(11)","Null":"NO","Key":"PRI","Default":null,"Extra":"auto_increment"},{"Field":"username","Type":"varchar(50)","Null":"NO","Key":"","Default":null,"Extra":""},{"Field":"email","Type":"varchar(100)","Null":"NO","Key":"UNI","Default":null,"Extra":""},{"Field":"password","Type":"varchar(255)","Null":"NO","Key":"","Default":null,"Extra":""},{"Field":"role","Type":"enum('user','admin')","Null":"YES","Key":"","Default":"user","Extra":""},{"Field":"verification_code","Type":"varchar(100)","Null":"YES","Key":"","Default":null,"Extra":""},{"Field":"is_verified","Type":"tinyint(1)","Null":"YES","Key":"","Default":"0","Extra":""},{"Field":"created_at","Type":"timestamp","Null":"NO","Key":"","Default":"current_timestamp()","Extra":""},{"Field":"favorite_sport","Type":"varchar(50)","Null":"YES","Key":"","Default":null,"Extra":""},{"Field":"favorite_team","Type":"varchar(50)","Null":"YES","Key":"","Default":null,"Extra":""},{"Field":"account_type","Type":"enum('user','admin')","Null":"YES","Key":"","Default":"user","Extra":""}]
[23-Apr-2025 23:02:43 Europe/Berlin] Number of users in database: 13
[23-Apr-2025 23:02:43 Europe/Berlin] All tables initialized successfully
[23-Apr-2025 23:02:43 Europe/Berlin] Database tables initialized successfully
[23-Apr-2025 23:02:43 Europe/Berlin] Executing SQL: SELECT * FROM users WHERE id = :id
[23-Apr-2025 23:02:43 Europe/Berlin] With params: {":id":12}
[23-Apr-2025 23:02:43 Europe/Berlin] Query executed successfully. Found 1 rows
[23-Apr-2025 23:02:43 Europe/Berlin] User loaded from session: varunpndey
[23-Apr-2025 23:02:43 Europe/Berlin] Executing SQL: SELECT * FROM users WHERE id = :id
[23-Apr-2025 23:02:43 Europe/Berlin] With params: {":id":12}
[23-Apr-2025 23:02:43 Europe/Berlin] Query executed successfully. Found 1 rows
[23-Apr-2025 23:02:43 Europe/Berlin] Executing SQL: SELECT * FROM news ORDER BY created_at DESC
[23-Apr-2025 23:02:43 Europe/Berlin] With params: []
[23-Apr-2025 23:02:43 Europe/Berlin] Query executed successfully. Found 5 rows
[23-Apr-2025 23:02:43 Europe/Berlin] Executing SQL: SELECT * FROM feedback ORDER BY created_at DESC
[23-Apr-2025 23:02:43 Europe/Berlin] With params: []
[23-Apr-2025 23:02:43 Europe/Berlin] Query executed successfully. Found 12 rows
[23-Apr-2025 23:02:43 Europe/Berlin] Executing SQL: SELECT * FROM matches WHERE status = 'live'
[23-Apr-2025 23:02:43 Europe/Berlin] With params: []
[23-Apr-2025 23:02:43 Europe/Berlin] Query executed successfully. Found 1 rows
[23-Apr-2025 23:02:43 Europe/Berlin] Executing SQL: SELECT * FROM matches WHERE 1=1 ORDER BY match_time DESC
[23-Apr-2025 23:02:43 Europe/Berlin] With params: []
[23-Apr-2025 23:02:43 Europe/Berlin] Query executed successfully. Found 4 rows
[23-Apr-2025 23:04:46 Europe/Berlin] Connected to database. Tables found: favorites, feedback, matches, matches_backup, matches_new, news, newsletter, notifications, players, subscriptions, users
[23-Apr-2025 23:04:46 Europe/Berlin] Executing SQL: CREATE TABLE IF NOT EXISTS users (
                id INT AUTO_INCREMENT PRIMARY KEY,
                username VARCHAR(50) NOT NULL UNIQUE,
                password VARCHAR(255) NOT NULL,
                email VARCHAR(100) NOT NULL UNIQUE,
                account_type ENUM('user', 'admin') DEFAULT 'user',
                created_at TIMESTAMP DEFAULT CURRENT_TIMESTAMP
            )
[23-Apr-2025 23:04:46 Europe/Berlin] With params: []
[23-Apr-2025 23:04:46 Europe/Berlin] Query executed successfully. Found 0 rows
[23-Apr-2025 23:04:46 Europe/Berlin] Users table created or already exists
[23-Apr-2025 23:04:46 Europe/Berlin] Users table structure: [{"Field":"id","Type":"int(11)","Null":"NO","Key":"PRI","Default":null,"Extra":"auto_increment"},{"Field":"username","Type":"varchar(50)","Null":"NO","Key":"","Default":null,"Extra":""},{"Field":"email","Type":"varchar(100)","Null":"NO","Key":"UNI","Default":null,"Extra":""},{"Field":"password","Type":"varchar(255)","Null":"NO","Key":"","Default":null,"Extra":""},{"Field":"role","Type":"enum('user','admin')","Null":"YES","Key":"","Default":"user","Extra":""},{"Field":"verification_code","Type":"varchar(100)","Null":"YES","Key":"","Default":null,"Extra":""},{"Field":"is_verified","Type":"tinyint(1)","Null":"YES","Key":"","Default":"0","Extra":""},{"Field":"created_at","Type":"timestamp","Null":"NO","Key":"","Default":"current_timestamp()","Extra":""},{"Field":"favorite_sport","Type":"varchar(50)","Null":"YES","Key":"","Default":null,"Extra":""},{"Field":"favorite_team","Type":"varchar(50)","Null":"YES","Key":"","Default":null,"Extra":""},{"Field":"account_type","Type":"enum('user','admin')","Null":"YES","Key":"","Default":"user","Extra":""}]
[23-Apr-2025 23:04:46 Europe/Berlin] Number of users in database: 13
[23-Apr-2025 23:04:46 Europe/Berlin] All tables initialized successfully
[23-Apr-2025 23:04:46 Europe/Berlin] Connected to database. Tables found: favorites, feedback, matches, matches_backup, matches_new, news, newsletter, notifications, players, subscriptions, users
[23-Apr-2025 23:04:46 Europe/Berlin] Executing SQL: CREATE TABLE IF NOT EXISTS users (
                id INT AUTO_INCREMENT PRIMARY KEY,
                username VARCHAR(50) NOT NULL UNIQUE,
                password VARCHAR(255) NOT NULL,
                email VARCHAR(100) NOT NULL UNIQUE,
                account_type ENUM('user', 'admin') DEFAULT 'user',
                created_at TIMESTAMP DEFAULT CURRENT_TIMESTAMP
            )
[23-Apr-2025 23:04:46 Europe/Berlin] With params: []
[23-Apr-2025 23:04:46 Europe/Berlin] Query executed successfully. Found 0 rows
[23-Apr-2025 23:04:46 Europe/Berlin] Users table created or already exists
[23-Apr-2025 23:04:46 Europe/Berlin] Users table structure: [{"Field":"id","Type":"int(11)","Null":"NO","Key":"PRI","Default":null,"Extra":"auto_increment"},{"Field":"username","Type":"varchar(50)","Null":"NO","Key":"","Default":null,"Extra":""},{"Field":"email","Type":"varchar(100)","Null":"NO","Key":"UNI","Default":null,"Extra":""},{"Field":"password","Type":"varchar(255)","Null":"NO","Key":"","Default":null,"Extra":""},{"Field":"role","Type":"enum('user','admin')","Null":"YES","Key":"","Default":"user","Extra":""},{"Field":"verification_code","Type":"varchar(100)","Null":"YES","Key":"","Default":null,"Extra":""},{"Field":"is_verified","Type":"tinyint(1)","Null":"YES","Key":"","Default":"0","Extra":""},{"Field":"created_at","Type":"timestamp","Null":"NO","Key":"","Default":"current_timestamp()","Extra":""},{"Field":"favorite_sport","Type":"varchar(50)","Null":"YES","Key":"","Default":null,"Extra":""},{"Field":"favorite_team","Type":"varchar(50)","Null":"YES","Key":"","Default":null,"Extra":""},{"Field":"account_type","Type":"enum('user','admin')","Null":"YES","Key":"","Default":"user","Extra":""}]
[23-Apr-2025 23:04:46 Europe/Berlin] Number of users in database: 13
[23-Apr-2025 23:04:46 Europe/Berlin] All tables initialized successfully
[23-Apr-2025 23:04:46 Europe/Berlin] Database tables initialized successfully
[23-Apr-2025 23:04:46 Europe/Berlin] Executing SQL: SELECT * FROM users WHERE id = :id
[23-Apr-2025 23:04:46 Europe/Berlin] With params: {":id":12}
[23-Apr-2025 23:04:46 Europe/Berlin] Query executed successfully. Found 1 rows
[23-Apr-2025 23:04:46 Europe/Berlin] User loaded from session: varunpndey
[23-Apr-2025 23:04:46 Europe/Berlin] Executing SQL: SELECT * FROM users WHERE id = :id
[23-Apr-2025 23:04:46 Europe/Berlin] With params: {":id":12}
[23-Apr-2025 23:04:46 Europe/Berlin] Query executed successfully. Found 1 rows
[23-Apr-2025 23:04:46 Europe/Berlin] Executing SQL: INSERT INTO news (title, content, category) VALUES (:title, :content, :category)
[23-Apr-2025 23:04:46 Europe/Berlin] With params: {":title":"neymar",":content":"=wert ytr t76ufg ufyt fyrt ftyf tfty",":category":"football"}
[23-Apr-2025 23:04:47 Europe/Berlin] Query executed successfully. Found 0 rows
[23-Apr-2025 23:04:47 Europe/Berlin] Executing SQL: SELECT * FROM news ORDER BY created_at DESC
[23-Apr-2025 23:04:47 Europe/Berlin] With params: []
[23-Apr-2025 23:04:47 Europe/Berlin] Query executed successfully. Found 6 rows
[23-Apr-2025 23:04:47 Europe/Berlin] Executing SQL: SELECT * FROM feedback ORDER BY created_at DESC
[23-Apr-2025 23:04:47 Europe/Berlin] With params: []
[23-Apr-2025 23:04:47 Europe/Berlin] Query executed successfully. Found 12 rows
[23-Apr-2025 23:04:47 Europe/Berlin] Executing SQL: SELECT * FROM matches WHERE status = 'live'
[23-Apr-2025 23:04:47 Europe/Berlin] With params: []
[23-Apr-2025 23:04:47 Europe/Berlin] Query executed successfully. Found 1 rows
[23-Apr-2025 23:04:47 Europe/Berlin] Executing SQL: SELECT * FROM matches WHERE 1=1 ORDER BY match_time DESC
[23-Apr-2025 23:04:47 Europe/Berlin] With params: []
[23-Apr-2025 23:04:47 Europe/Berlin] Query executed successfully. Found 4 rows
[23-Apr-2025 23:04:53 Europe/Berlin] Connected to database. Tables found: favorites, feedback, matches, matches_backup, matches_new, news, newsletter, notifications, players, subscriptions, users
[23-Apr-2025 23:04:53 Europe/Berlin] Executing SQL: CREATE TABLE IF NOT EXISTS users (
                id INT AUTO_INCREMENT PRIMARY KEY,
                username VARCHAR(50) NOT NULL UNIQUE,
                password VARCHAR(255) NOT NULL,
                email VARCHAR(100) NOT NULL UNIQUE,
                account_type ENUM('user', 'admin') DEFAULT 'user',
                created_at TIMESTAMP DEFAULT CURRENT_TIMESTAMP
            )
[23-Apr-2025 23:04:53 Europe/Berlin] With params: []
[23-Apr-2025 23:04:53 Europe/Berlin] Query executed successfully. Found 0 rows
[23-Apr-2025 23:04:53 Europe/Berlin] Users table created or already exists
[23-Apr-2025 23:04:53 Europe/Berlin] Users table structure: [{"Field":"id","Type":"int(11)","Null":"NO","Key":"PRI","Default":null,"Extra":"auto_increment"},{"Field":"username","Type":"varchar(50)","Null":"NO","Key":"","Default":null,"Extra":""},{"Field":"email","Type":"varchar(100)","Null":"NO","Key":"UNI","Default":null,"Extra":""},{"Field":"password","Type":"varchar(255)","Null":"NO","Key":"","Default":null,"Extra":""},{"Field":"role","Type":"enum('user','admin')","Null":"YES","Key":"","Default":"user","Extra":""},{"Field":"verification_code","Type":"varchar(100)","Null":"YES","Key":"","Default":null,"Extra":""},{"Field":"is_verified","Type":"tinyint(1)","Null":"YES","Key":"","Default":"0","Extra":""},{"Field":"created_at","Type":"timestamp","Null":"NO","Key":"","Default":"current_timestamp()","Extra":""},{"Field":"favorite_sport","Type":"varchar(50)","Null":"YES","Key":"","Default":null,"Extra":""},{"Field":"favorite_team","Type":"varchar(50)","Null":"YES","Key":"","Default":null,"Extra":""},{"Field":"account_type","Type":"enum('user','admin')","Null":"YES","Key":"","Default":"user","Extra":""}]
[23-Apr-2025 23:04:53 Europe/Berlin] Number of users in database: 13
[23-Apr-2025 23:04:53 Europe/Berlin] All tables initialized successfully
[23-Apr-2025 23:04:53 Europe/Berlin] Connected to database. Tables found: favorites, feedback, matches, matches_backup, matches_new, news, newsletter, notifications, players, subscriptions, users
[23-Apr-2025 23:04:53 Europe/Berlin] Executing SQL: CREATE TABLE IF NOT EXISTS users (
                id INT AUTO_INCREMENT PRIMARY KEY,
                username VARCHAR(50) NOT NULL UNIQUE,
                password VARCHAR(255) NOT NULL,
                email VARCHAR(100) NOT NULL UNIQUE,
                account_type ENUM('user', 'admin') DEFAULT 'user',
                created_at TIMESTAMP DEFAULT CURRENT_TIMESTAMP
            )
[23-Apr-2025 23:04:53 Europe/Berlin] With params: []
[23-Apr-2025 23:04:53 Europe/Berlin] Query executed successfully. Found 0 rows
[23-Apr-2025 23:04:53 Europe/Berlin] Users table created or already exists
[23-Apr-2025 23:04:53 Europe/Berlin] Users table structure: [{"Field":"id","Type":"int(11)","Null":"NO","Key":"PRI","Default":null,"Extra":"auto_increment"},{"Field":"username","Type":"varchar(50)","Null":"NO","Key":"","Default":null,"Extra":""},{"Field":"email","Type":"varchar(100)","Null":"NO","Key":"UNI","Default":null,"Extra":""},{"Field":"password","Type":"varchar(255)","Null":"NO","Key":"","Default":null,"Extra":""},{"Field":"role","Type":"enum('user','admin')","Null":"YES","Key":"","Default":"user","Extra":""},{"Field":"verification_code","Type":"varchar(100)","Null":"YES","Key":"","Default":null,"Extra":""},{"Field":"is_verified","Type":"tinyint(1)","Null":"YES","Key":"","Default":"0","Extra":""},{"Field":"created_at","Type":"timestamp","Null":"NO","Key":"","Default":"current_timestamp()","Extra":""},{"Field":"favorite_sport","Type":"varchar(50)","Null":"YES","Key":"","Default":null,"Extra":""},{"Field":"favorite_team","Type":"varchar(50)","Null":"YES","Key":"","Default":null,"Extra":""},{"Field":"account_type","Type":"enum('user','admin')","Null":"YES","Key":"","Default":"user","Extra":""}]
[23-Apr-2025 23:04:53 Europe/Berlin] Number of users in database: 13
[23-Apr-2025 23:04:53 Europe/Berlin] All tables initialized successfully
[23-Apr-2025 23:04:53 Europe/Berlin] Database tables initialized successfully
[23-Apr-2025 23:04:53 Europe/Berlin] Executing SQL: SELECT * FROM users WHERE id = :id
[23-Apr-2025 23:04:53 Europe/Berlin] With params: {":id":12}
[23-Apr-2025 23:04:53 Europe/Berlin] Query executed successfully. Found 1 rows
[23-Apr-2025 23:04:53 Europe/Berlin] User loaded from session: varunpndey
[23-Apr-2025 23:04:53 Europe/Berlin] Executing SQL: SELECT * FROM users WHERE id = :id
[23-Apr-2025 23:04:53 Europe/Berlin] With params: {":id":12}
[23-Apr-2025 23:04:53 Europe/Berlin] Query executed successfully. Found 1 rows
[23-Apr-2025 23:04:53 Europe/Berlin] Executing SQL: DELETE FROM news WHERE id = :id
[23-Apr-2025 23:04:53 Europe/Berlin] With params: {":id":"14"}
[23-Apr-2025 23:04:53 Europe/Berlin] Query executed successfully. Found 0 rows
[23-Apr-2025 23:04:53 Europe/Berlin] PHP Fatal error:  Uncaught Error: Call to a member function rowCount() on array in /Applications/XAMPP/xamppfiles/htdocs/sportsync/backend/news.php:94
Stack trace:
#0 /Applications/XAMPP/xamppfiles/htdocs/sportsync/public/admin.php(252): deleteNews('14')
#1 /Applications/XAMPP/xamppfiles/htdocs/sportsync/public/index.php(38): require('/Applications/X...')
#2 {main}
  thrown in /Applications/XAMPP/xamppfiles/htdocs/sportsync/backend/news.php on line 94
[23-Apr-2025 23:05:10 Europe/Berlin] Connected to database. Tables found: favorites, feedback, matches, matches_backup, matches_new, news, newsletter, notifications, players, subscriptions, users
[23-Apr-2025 23:05:10 Europe/Berlin] Executing SQL: CREATE TABLE IF NOT EXISTS users (
                id INT AUTO_INCREMENT PRIMARY KEY,
                username VARCHAR(50) NOT NULL UNIQUE,
                password VARCHAR(255) NOT NULL,
                email VARCHAR(100) NOT NULL UNIQUE,
                account_type ENUM('user', 'admin') DEFAULT 'user',
                created_at TIMESTAMP DEFAULT CURRENT_TIMESTAMP
            )
[23-Apr-2025 23:05:10 Europe/Berlin] With params: []
[23-Apr-2025 23:05:10 Europe/Berlin] Query executed successfully. Found 0 rows
[23-Apr-2025 23:05:10 Europe/Berlin] Users table created or already exists
[23-Apr-2025 23:05:10 Europe/Berlin] Users table structure: [{"Field":"id","Type":"int(11)","Null":"NO","Key":"PRI","Default":null,"Extra":"auto_increment"},{"Field":"username","Type":"varchar(50)","Null":"NO","Key":"","Default":null,"Extra":""},{"Field":"email","Type":"varchar(100)","Null":"NO","Key":"UNI","Default":null,"Extra":""},{"Field":"password","Type":"varchar(255)","Null":"NO","Key":"","Default":null,"Extra":""},{"Field":"role","Type":"enum('user','admin')","Null":"YES","Key":"","Default":"user","Extra":""},{"Field":"verification_code","Type":"varchar(100)","Null":"YES","Key":"","Default":null,"Extra":""},{"Field":"is_verified","Type":"tinyint(1)","Null":"YES","Key":"","Default":"0","Extra":""},{"Field":"created_at","Type":"timestamp","Null":"NO","Key":"","Default":"current_timestamp()","Extra":""},{"Field":"favorite_sport","Type":"varchar(50)","Null":"YES","Key":"","Default":null,"Extra":""},{"Field":"favorite_team","Type":"varchar(50)","Null":"YES","Key":"","Default":null,"Extra":""},{"Field":"account_type","Type":"enum('user','admin')","Null":"YES","Key":"","Default":"user","Extra":""}]
[23-Apr-2025 23:05:10 Europe/Berlin] Number of users in database: 13
[23-Apr-2025 23:05:10 Europe/Berlin] All tables initialized successfully
[23-Apr-2025 23:05:10 Europe/Berlin] Connected to database. Tables found: favorites, feedback, matches, matches_backup, matches_new, news, newsletter, notifications, players, subscriptions, users
[23-Apr-2025 23:05:10 Europe/Berlin] Executing SQL: CREATE TABLE IF NOT EXISTS users (
                id INT AUTO_INCREMENT PRIMARY KEY,
                username VARCHAR(50) NOT NULL UNIQUE,
                password VARCHAR(255) NOT NULL,
                email VARCHAR(100) NOT NULL UNIQUE,
                account_type ENUM('user', 'admin') DEFAULT 'user',
                created_at TIMESTAMP DEFAULT CURRENT_TIMESTAMP
            )
[23-Apr-2025 23:05:10 Europe/Berlin] With params: []
[23-Apr-2025 23:05:10 Europe/Berlin] Query executed successfully. Found 0 rows
[23-Apr-2025 23:05:10 Europe/Berlin] Users table created or already exists
[23-Apr-2025 23:05:10 Europe/Berlin] Users table structure: [{"Field":"id","Type":"int(11)","Null":"NO","Key":"PRI","Default":null,"Extra":"auto_increment"},{"Field":"username","Type":"varchar(50)","Null":"NO","Key":"","Default":null,"Extra":""},{"Field":"email","Type":"varchar(100)","Null":"NO","Key":"UNI","Default":null,"Extra":""},{"Field":"password","Type":"varchar(255)","Null":"NO","Key":"","Default":null,"Extra":""},{"Field":"role","Type":"enum('user','admin')","Null":"YES","Key":"","Default":"user","Extra":""},{"Field":"verification_code","Type":"varchar(100)","Null":"YES","Key":"","Default":null,"Extra":""},{"Field":"is_verified","Type":"tinyint(1)","Null":"YES","Key":"","Default":"0","Extra":""},{"Field":"created_at","Type":"timestamp","Null":"NO","Key":"","Default":"current_timestamp()","Extra":""},{"Field":"favorite_sport","Type":"varchar(50)","Null":"YES","Key":"","Default":null,"Extra":""},{"Field":"favorite_team","Type":"varchar(50)","Null":"YES","Key":"","Default":null,"Extra":""},{"Field":"account_type","Type":"enum('user','admin')","Null":"YES","Key":"","Default":"user","Extra":""}]
[23-Apr-2025 23:05:10 Europe/Berlin] Number of users in database: 13
[23-Apr-2025 23:05:10 Europe/Berlin] All tables initialized successfully
[23-Apr-2025 23:05:10 Europe/Berlin] Database tables initialized successfully
[23-Apr-2025 23:05:10 Europe/Berlin] Executing SQL: SELECT * FROM users WHERE id = :id
[23-Apr-2025 23:05:10 Europe/Berlin] With params: {":id":12}
[23-Apr-2025 23:05:10 Europe/Berlin] Query executed successfully. Found 1 rows
[23-Apr-2025 23:05:10 Europe/Berlin] User loaded from session: varunpndey
[23-Apr-2025 23:05:10 Europe/Berlin] Executing SQL: SELECT * FROM users WHERE id = :id
[23-Apr-2025 23:05:10 Europe/Berlin] With params: {":id":12}
[23-Apr-2025 23:05:10 Europe/Berlin] Query executed successfully. Found 1 rows
[23-Apr-2025 23:05:10 Europe/Berlin] Executing SQL: SELECT * FROM news ORDER BY created_at DESC
[23-Apr-2025 23:05:10 Europe/Berlin] With params: []
[23-Apr-2025 23:05:10 Europe/Berlin] Query executed successfully. Found 5 rows
[23-Apr-2025 23:05:10 Europe/Berlin] Executing SQL: SELECT * FROM feedback ORDER BY created_at DESC
[23-Apr-2025 23:05:10 Europe/Berlin] With params: []
[23-Apr-2025 23:05:10 Europe/Berlin] Query executed successfully. Found 12 rows
[23-Apr-2025 23:05:10 Europe/Berlin] Executing SQL: SELECT * FROM matches WHERE status = 'live'
[23-Apr-2025 23:05:10 Europe/Berlin] With params: []
[23-Apr-2025 23:05:10 Europe/Berlin] Query executed successfully. Found 1 rows
[23-Apr-2025 23:05:10 Europe/Berlin] Executing SQL: SELECT * FROM matches WHERE 1=1 ORDER BY match_time DESC
[23-Apr-2025 23:05:10 Europe/Berlin] With params: []
[23-Apr-2025 23:05:10 Europe/Berlin] Query executed successfully. Found 4 rows
[23-Apr-2025 23:05:22 Europe/Berlin] Connected to database. Tables found: favorites, feedback, matches, matches_backup, matches_new, news, newsletter, notifications, players, subscriptions, users
[23-Apr-2025 23:05:22 Europe/Berlin] Executing SQL: CREATE TABLE IF NOT EXISTS users (
                id INT AUTO_INCREMENT PRIMARY KEY,
                username VARCHAR(50) NOT NULL UNIQUE,
                password VARCHAR(255) NOT NULL,
                email VARCHAR(100) NOT NULL UNIQUE,
                account_type ENUM('user', 'admin') DEFAULT 'user',
                created_at TIMESTAMP DEFAULT CURRENT_TIMESTAMP
            )
[23-Apr-2025 23:05:22 Europe/Berlin] With params: []
[23-Apr-2025 23:05:22 Europe/Berlin] Query executed successfully. Found 0 rows
[23-Apr-2025 23:05:22 Europe/Berlin] Users table created or already exists
[23-Apr-2025 23:05:22 Europe/Berlin] Users table structure: [{"Field":"id","Type":"int(11)","Null":"NO","Key":"PRI","Default":null,"Extra":"auto_increment"},{"Field":"username","Type":"varchar(50)","Null":"NO","Key":"","Default":null,"Extra":""},{"Field":"email","Type":"varchar(100)","Null":"NO","Key":"UNI","Default":null,"Extra":""},{"Field":"password","Type":"varchar(255)","Null":"NO","Key":"","Default":null,"Extra":""},{"Field":"role","Type":"enum('user','admin')","Null":"YES","Key":"","Default":"user","Extra":""},{"Field":"verification_code","Type":"varchar(100)","Null":"YES","Key":"","Default":null,"Extra":""},{"Field":"is_verified","Type":"tinyint(1)","Null":"YES","Key":"","Default":"0","Extra":""},{"Field":"created_at","Type":"timestamp","Null":"NO","Key":"","Default":"current_timestamp()","Extra":""},{"Field":"favorite_sport","Type":"varchar(50)","Null":"YES","Key":"","Default":null,"Extra":""},{"Field":"favorite_team","Type":"varchar(50)","Null":"YES","Key":"","Default":null,"Extra":""},{"Field":"account_type","Type":"enum('user','admin')","Null":"YES","Key":"","Default":"user","Extra":""}]
[23-Apr-2025 23:05:22 Europe/Berlin] Number of users in database: 13
[23-Apr-2025 23:05:22 Europe/Berlin] All tables initialized successfully
[23-Apr-2025 23:05:22 Europe/Berlin] Connected to database. Tables found: favorites, feedback, matches, matches_backup, matches_new, news, newsletter, notifications, players, subscriptions, users
[23-Apr-2025 23:05:22 Europe/Berlin] Executing SQL: CREATE TABLE IF NOT EXISTS users (
                id INT AUTO_INCREMENT PRIMARY KEY,
                username VARCHAR(50) NOT NULL UNIQUE,
                password VARCHAR(255) NOT NULL,
                email VARCHAR(100) NOT NULL UNIQUE,
                account_type ENUM('user', 'admin') DEFAULT 'user',
                created_at TIMESTAMP DEFAULT CURRENT_TIMESTAMP
            )
[23-Apr-2025 23:05:22 Europe/Berlin] With params: []
[23-Apr-2025 23:05:22 Europe/Berlin] Query executed successfully. Found 0 rows
[23-Apr-2025 23:05:22 Europe/Berlin] Users table created or already exists
[23-Apr-2025 23:05:22 Europe/Berlin] Users table structure: [{"Field":"id","Type":"int(11)","Null":"NO","Key":"PRI","Default":null,"Extra":"auto_increment"},{"Field":"username","Type":"varchar(50)","Null":"NO","Key":"","Default":null,"Extra":""},{"Field":"email","Type":"varchar(100)","Null":"NO","Key":"UNI","Default":null,"Extra":""},{"Field":"password","Type":"varchar(255)","Null":"NO","Key":"","Default":null,"Extra":""},{"Field":"role","Type":"enum('user','admin')","Null":"YES","Key":"","Default":"user","Extra":""},{"Field":"verification_code","Type":"varchar(100)","Null":"YES","Key":"","Default":null,"Extra":""},{"Field":"is_verified","Type":"tinyint(1)","Null":"YES","Key":"","Default":"0","Extra":""},{"Field":"created_at","Type":"timestamp","Null":"NO","Key":"","Default":"current_timestamp()","Extra":""},{"Field":"favorite_sport","Type":"varchar(50)","Null":"YES","Key":"","Default":null,"Extra":""},{"Field":"favorite_team","Type":"varchar(50)","Null":"YES","Key":"","Default":null,"Extra":""},{"Field":"account_type","Type":"enum('user','admin')","Null":"YES","Key":"","Default":"user","Extra":""}]
[23-Apr-2025 23:05:22 Europe/Berlin] Number of users in database: 13
[23-Apr-2025 23:05:22 Europe/Berlin] All tables initialized successfully
[23-Apr-2025 23:05:22 Europe/Berlin] Database tables initialized successfully
[23-Apr-2025 23:05:22 Europe/Berlin] Executing SQL: SELECT * FROM users WHERE id = :id
[23-Apr-2025 23:05:22 Europe/Berlin] With params: {":id":12}
[23-Apr-2025 23:05:22 Europe/Berlin] Query executed successfully. Found 1 rows
[23-Apr-2025 23:05:22 Europe/Berlin] User loaded from session: varunpndey
[23-Apr-2025 23:05:22 Europe/Berlin] Executing SQL: SELECT * FROM users WHERE id = :id
[23-Apr-2025 23:05:22 Europe/Berlin] With params: {":id":12}
[23-Apr-2025 23:05:22 Europe/Berlin] Query executed successfully. Found 1 rows
[23-Apr-2025 23:05:22 Europe/Berlin] Executing SQL: SELECT * FROM news ORDER BY created_at DESC
[23-Apr-2025 23:05:22 Europe/Berlin] With params: []
[23-Apr-2025 23:05:22 Europe/Berlin] Query executed successfully. Found 5 rows
[23-Apr-2025 23:05:22 Europe/Berlin] Executing SQL: SELECT * FROM feedback ORDER BY created_at DESC
[23-Apr-2025 23:05:22 Europe/Berlin] With params: []
[23-Apr-2025 23:05:22 Europe/Berlin] Query executed successfully. Found 12 rows
[23-Apr-2025 23:05:22 Europe/Berlin] Executing SQL: UPDATE feedback SET status = :status WHERE id = :id
[23-Apr-2025 23:05:22 Europe/Berlin] With params: {":status":"read",":id":"12"}
[23-Apr-2025 23:05:22 Europe/Berlin] Query executed successfully. Found 0 rows
[23-Apr-2025 23:05:22 Europe/Berlin] Executing SQL: SELECT * FROM matches WHERE status = 'live'
[23-Apr-2025 23:05:22 Europe/Berlin] With params: []
[23-Apr-2025 23:05:22 Europe/Berlin] Query executed successfully. Found 1 rows
[23-Apr-2025 23:05:22 Europe/Berlin] Executing SQL: SELECT * FROM matches WHERE 1=1 ORDER BY match_time DESC
[23-Apr-2025 23:05:22 Europe/Berlin] With params: []
[23-Apr-2025 23:05:22 Europe/Berlin] Query executed successfully. Found 4 rows
[23-Apr-2025 23:05:52 Europe/Berlin] Connected to database. Tables found: favorites, feedback, matches, matches_backup, matches_new, news, newsletter, notifications, players, subscriptions, users
[23-Apr-2025 23:05:52 Europe/Berlin] Executing SQL: CREATE TABLE IF NOT EXISTS users (
                id INT AUTO_INCREMENT PRIMARY KEY,
                username VARCHAR(50) NOT NULL UNIQUE,
                password VARCHAR(255) NOT NULL,
                email VARCHAR(100) NOT NULL UNIQUE,
                account_type ENUM('user', 'admin') DEFAULT 'user',
                created_at TIMESTAMP DEFAULT CURRENT_TIMESTAMP
            )
[23-Apr-2025 23:05:52 Europe/Berlin] With params: []
[23-Apr-2025 23:05:52 Europe/Berlin] Query executed successfully. Found 0 rows
[23-Apr-2025 23:05:52 Europe/Berlin] Users table created or already exists
[23-Apr-2025 23:05:52 Europe/Berlin] Users table structure: [{"Field":"id","Type":"int(11)","Null":"NO","Key":"PRI","Default":null,"Extra":"auto_increment"},{"Field":"username","Type":"varchar(50)","Null":"NO","Key":"","Default":null,"Extra":""},{"Field":"email","Type":"varchar(100)","Null":"NO","Key":"UNI","Default":null,"Extra":""},{"Field":"password","Type":"varchar(255)","Null":"NO","Key":"","Default":null,"Extra":""},{"Field":"role","Type":"enum('user','admin')","Null":"YES","Key":"","Default":"user","Extra":""},{"Field":"verification_code","Type":"varchar(100)","Null":"YES","Key":"","Default":null,"Extra":""},{"Field":"is_verified","Type":"tinyint(1)","Null":"YES","Key":"","Default":"0","Extra":""},{"Field":"created_at","Type":"timestamp","Null":"NO","Key":"","Default":"current_timestamp()","Extra":""},{"Field":"favorite_sport","Type":"varchar(50)","Null":"YES","Key":"","Default":null,"Extra":""},{"Field":"favorite_team","Type":"varchar(50)","Null":"YES","Key":"","Default":null,"Extra":""},{"Field":"account_type","Type":"enum('user','admin')","Null":"YES","Key":"","Default":"user","Extra":""}]
[23-Apr-2025 23:05:52 Europe/Berlin] Number of users in database: 13
[23-Apr-2025 23:05:52 Europe/Berlin] All tables initialized successfully
[23-Apr-2025 23:05:52 Europe/Berlin] Connected to database. Tables found: favorites, feedback, matches, matches_backup, matches_new, news, newsletter, notifications, players, subscriptions, users
[23-Apr-2025 23:05:52 Europe/Berlin] Executing SQL: CREATE TABLE IF NOT EXISTS users (
                id INT AUTO_INCREMENT PRIMARY KEY,
                username VARCHAR(50) NOT NULL UNIQUE,
                password VARCHAR(255) NOT NULL,
                email VARCHAR(100) NOT NULL UNIQUE,
                account_type ENUM('user', 'admin') DEFAULT 'user',
                created_at TIMESTAMP DEFAULT CURRENT_TIMESTAMP
            )
[23-Apr-2025 23:05:52 Europe/Berlin] With params: []
[23-Apr-2025 23:05:52 Europe/Berlin] Query executed successfully. Found 0 rows
[23-Apr-2025 23:05:52 Europe/Berlin] Users table created or already exists
[23-Apr-2025 23:05:52 Europe/Berlin] Users table structure: [{"Field":"id","Type":"int(11)","Null":"NO","Key":"PRI","Default":null,"Extra":"auto_increment"},{"Field":"username","Type":"varchar(50)","Null":"NO","Key":"","Default":null,"Extra":""},{"Field":"email","Type":"varchar(100)","Null":"NO","Key":"UNI","Default":null,"Extra":""},{"Field":"password","Type":"varchar(255)","Null":"NO","Key":"","Default":null,"Extra":""},{"Field":"role","Type":"enum('user','admin')","Null":"YES","Key":"","Default":"user","Extra":""},{"Field":"verification_code","Type":"varchar(100)","Null":"YES","Key":"","Default":null,"Extra":""},{"Field":"is_verified","Type":"tinyint(1)","Null":"YES","Key":"","Default":"0","Extra":""},{"Field":"created_at","Type":"timestamp","Null":"NO","Key":"","Default":"current_timestamp()","Extra":""},{"Field":"favorite_sport","Type":"varchar(50)","Null":"YES","Key":"","Default":null,"Extra":""},{"Field":"favorite_team","Type":"varchar(50)","Null":"YES","Key":"","Default":null,"Extra":""},{"Field":"account_type","Type":"enum('user','admin')","Null":"YES","Key":"","Default":"user","Extra":""}]
[23-Apr-2025 23:05:52 Europe/Berlin] Number of users in database: 13
[23-Apr-2025 23:05:52 Europe/Berlin] All tables initialized successfully
[23-Apr-2025 23:05:52 Europe/Berlin] Database tables initialized successfully
[23-Apr-2025 23:05:52 Europe/Berlin] Executing SQL: SELECT * FROM users WHERE id = :id
[23-Apr-2025 23:05:52 Europe/Berlin] With params: {":id":12}
[23-Apr-2025 23:05:52 Europe/Berlin] Query executed successfully. Found 1 rows
[23-Apr-2025 23:05:52 Europe/Berlin] User loaded from session: varunpndey
[23-Apr-2025 23:05:52 Europe/Berlin] Executing SQL: SELECT * FROM users WHERE id = :id
[23-Apr-2025 23:05:52 Europe/Berlin] With params: {":id":12}
[23-Apr-2025 23:05:52 Europe/Berlin] Query executed successfully. Found 1 rows
[23-Apr-2025 23:05:52 Europe/Berlin] Executing SQL: SELECT * FROM news ORDER BY created_at DESC
[23-Apr-2025 23:05:52 Europe/Berlin] With params: []
[23-Apr-2025 23:05:52 Europe/Berlin] Query executed successfully. Found 5 rows
[23-Apr-2025 23:05:52 Europe/Berlin] Executing SQL: SELECT * FROM feedback ORDER BY created_at DESC
[23-Apr-2025 23:05:52 Europe/Berlin] With params: []
[23-Apr-2025 23:05:52 Europe/Berlin] Query executed successfully. Found 12 rows
[23-Apr-2025 23:05:52 Europe/Berlin] Executing SQL: UPDATE feedback SET status = :status WHERE id = :id
[23-Apr-2025 23:05:52 Europe/Berlin] With params: {":status":"read",":id":"11"}
[23-Apr-2025 23:05:52 Europe/Berlin] Query executed successfully. Found 0 rows
[23-Apr-2025 23:05:52 Europe/Berlin] Executing SQL: SELECT * FROM matches WHERE status = 'live'
[23-Apr-2025 23:05:52 Europe/Berlin] With params: []
[23-Apr-2025 23:05:52 Europe/Berlin] Query executed successfully. Found 1 rows
[23-Apr-2025 23:05:52 Europe/Berlin] Executing SQL: SELECT * FROM matches WHERE 1=1 ORDER BY match_time DESC
[23-Apr-2025 23:05:52 Europe/Berlin] With params: []
[23-Apr-2025 23:05:52 Europe/Berlin] Query executed successfully. Found 4 rows
[23-Apr-2025 23:06:00 Europe/Berlin] Connected to database. Tables found: favorites, feedback, matches, matches_backup, matches_new, news, newsletter, notifications, players, subscriptions, users
[23-Apr-2025 23:06:00 Europe/Berlin] Executing SQL: CREATE TABLE IF NOT EXISTS users (
                id INT AUTO_INCREMENT PRIMARY KEY,
                username VARCHAR(50) NOT NULL UNIQUE,
                password VARCHAR(255) NOT NULL,
                email VARCHAR(100) NOT NULL UNIQUE,
                account_type ENUM('user', 'admin') DEFAULT 'user',
                created_at TIMESTAMP DEFAULT CURRENT_TIMESTAMP
            )
[23-Apr-2025 23:06:00 Europe/Berlin] With params: []
[23-Apr-2025 23:06:00 Europe/Berlin] Query executed successfully. Found 0 rows
[23-Apr-2025 23:06:00 Europe/Berlin] Users table created or already exists
[23-Apr-2025 23:06:00 Europe/Berlin] Users table structure: [{"Field":"id","Type":"int(11)","Null":"NO","Key":"PRI","Default":null,"Extra":"auto_increment"},{"Field":"username","Type":"varchar(50)","Null":"NO","Key":"","Default":null,"Extra":""},{"Field":"email","Type":"varchar(100)","Null":"NO","Key":"UNI","Default":null,"Extra":""},{"Field":"password","Type":"varchar(255)","Null":"NO","Key":"","Default":null,"Extra":""},{"Field":"role","Type":"enum('user','admin')","Null":"YES","Key":"","Default":"user","Extra":""},{"Field":"verification_code","Type":"varchar(100)","Null":"YES","Key":"","Default":null,"Extra":""},{"Field":"is_verified","Type":"tinyint(1)","Null":"YES","Key":"","Default":"0","Extra":""},{"Field":"created_at","Type":"timestamp","Null":"NO","Key":"","Default":"current_timestamp()","Extra":""},{"Field":"favorite_sport","Type":"varchar(50)","Null":"YES","Key":"","Default":null,"Extra":""},{"Field":"favorite_team","Type":"varchar(50)","Null":"YES","Key":"","Default":null,"Extra":""},{"Field":"account_type","Type":"enum('user','admin')","Null":"YES","Key":"","Default":"user","Extra":""}]
[23-Apr-2025 23:06:00 Europe/Berlin] Number of users in database: 13
[23-Apr-2025 23:06:00 Europe/Berlin] All tables initialized successfully
[23-Apr-2025 23:06:00 Europe/Berlin] Connected to database. Tables found: favorites, feedback, matches, matches_backup, matches_new, news, newsletter, notifications, players, subscriptions, users
[23-Apr-2025 23:06:00 Europe/Berlin] Executing SQL: CREATE TABLE IF NOT EXISTS users (
                id INT AUTO_INCREMENT PRIMARY KEY,
                username VARCHAR(50) NOT NULL UNIQUE,
                password VARCHAR(255) NOT NULL,
                email VARCHAR(100) NOT NULL UNIQUE,
                account_type ENUM('user', 'admin') DEFAULT 'user',
                created_at TIMESTAMP DEFAULT CURRENT_TIMESTAMP
            )
[23-Apr-2025 23:06:00 Europe/Berlin] With params: []
[23-Apr-2025 23:06:00 Europe/Berlin] Query executed successfully. Found 0 rows
[23-Apr-2025 23:06:00 Europe/Berlin] Users table created or already exists
[23-Apr-2025 23:06:00 Europe/Berlin] Users table structure: [{"Field":"id","Type":"int(11)","Null":"NO","Key":"PRI","Default":null,"Extra":"auto_increment"},{"Field":"username","Type":"varchar(50)","Null":"NO","Key":"","Default":null,"Extra":""},{"Field":"email","Type":"varchar(100)","Null":"NO","Key":"UNI","Default":null,"Extra":""},{"Field":"password","Type":"varchar(255)","Null":"NO","Key":"","Default":null,"Extra":""},{"Field":"role","Type":"enum('user','admin')","Null":"YES","Key":"","Default":"user","Extra":""},{"Field":"verification_code","Type":"varchar(100)","Null":"YES","Key":"","Default":null,"Extra":""},{"Field":"is_verified","Type":"tinyint(1)","Null":"YES","Key":"","Default":"0","Extra":""},{"Field":"created_at","Type":"timestamp","Null":"NO","Key":"","Default":"current_timestamp()","Extra":""},{"Field":"favorite_sport","Type":"varchar(50)","Null":"YES","Key":"","Default":null,"Extra":""},{"Field":"favorite_team","Type":"varchar(50)","Null":"YES","Key":"","Default":null,"Extra":""},{"Field":"account_type","Type":"enum('user','admin')","Null":"YES","Key":"","Default":"user","Extra":""}]
[23-Apr-2025 23:06:00 Europe/Berlin] Number of users in database: 13
[23-Apr-2025 23:06:00 Europe/Berlin] All tables initialized successfully
[23-Apr-2025 23:06:00 Europe/Berlin] Database tables initialized successfully
[23-Apr-2025 23:06:00 Europe/Berlin] Executing SQL: SELECT * FROM users WHERE id = :id
[23-Apr-2025 23:06:00 Europe/Berlin] With params: {":id":12}
[23-Apr-2025 23:06:00 Europe/Berlin] Query executed successfully. Found 1 rows
[23-Apr-2025 23:06:00 Europe/Berlin] User loaded from session: varunpndey
[23-Apr-2025 23:06:00 Europe/Berlin] Executing SQL: SELECT * FROM users WHERE id = :id
[23-Apr-2025 23:06:00 Europe/Berlin] With params: {":id":12}
[23-Apr-2025 23:06:00 Europe/Berlin] Query executed successfully. Found 1 rows
[23-Apr-2025 23:06:00 Europe/Berlin] Executing SQL: SELECT * FROM news ORDER BY created_at DESC
[23-Apr-2025 23:06:00 Europe/Berlin] With params: []
[23-Apr-2025 23:06:00 Europe/Berlin] Query executed successfully. Found 5 rows
[23-Apr-2025 23:06:00 Europe/Berlin] Executing SQL: SELECT * FROM feedback ORDER BY created_at DESC
[23-Apr-2025 23:06:00 Europe/Berlin] With params: []
[23-Apr-2025 23:06:00 Europe/Berlin] Query executed successfully. Found 12 rows
[23-Apr-2025 23:06:00 Europe/Berlin] Executing SQL: UPDATE feedback SET status = :status WHERE id = :id
[23-Apr-2025 23:06:00 Europe/Berlin] With params: {":status":"read",":id":"11"}
[23-Apr-2025 23:06:00 Europe/Berlin] Query executed successfully. Found 0 rows
[23-Apr-2025 23:06:00 Europe/Berlin] Executing SQL: SELECT * FROM matches WHERE status = 'live'
[23-Apr-2025 23:06:00 Europe/Berlin] With params: []
[23-Apr-2025 23:06:00 Europe/Berlin] Query executed successfully. Found 1 rows
[23-Apr-2025 23:06:00 Europe/Berlin] Executing SQL: SELECT * FROM matches WHERE 1=1 ORDER BY match_time DESC
[23-Apr-2025 23:06:00 Europe/Berlin] With params: []
[23-Apr-2025 23:06:00 Europe/Berlin] Query executed successfully. Found 4 rows
[23-Apr-2025 23:07:43 Europe/Berlin] Connected to database. Tables found: favorites, feedback, matches, matches_backup, matches_new, news, newsletter, notifications, players, subscriptions, users
[23-Apr-2025 23:07:43 Europe/Berlin] Executing SQL: CREATE TABLE IF NOT EXISTS users (
                id INT AUTO_INCREMENT PRIMARY KEY,
                username VARCHAR(50) NOT NULL UNIQUE,
                password VARCHAR(255) NOT NULL,
                email VARCHAR(100) NOT NULL UNIQUE,
                account_type ENUM('user', 'admin') DEFAULT 'user',
                created_at TIMESTAMP DEFAULT CURRENT_TIMESTAMP
            )
[23-Apr-2025 23:07:43 Europe/Berlin] With params: []
[23-Apr-2025 23:07:43 Europe/Berlin] Query executed successfully. Found 0 rows
[23-Apr-2025 23:07:43 Europe/Berlin] Users table created or already exists
[23-Apr-2025 23:07:43 Europe/Berlin] Users table structure: [{"Field":"id","Type":"int(11)","Null":"NO","Key":"PRI","Default":null,"Extra":"auto_increment"},{"Field":"username","Type":"varchar(50)","Null":"NO","Key":"","Default":null,"Extra":""},{"Field":"email","Type":"varchar(100)","Null":"NO","Key":"UNI","Default":null,"Extra":""},{"Field":"password","Type":"varchar(255)","Null":"NO","Key":"","Default":null,"Extra":""},{"Field":"role","Type":"enum('user','admin')","Null":"YES","Key":"","Default":"user","Extra":""},{"Field":"verification_code","Type":"varchar(100)","Null":"YES","Key":"","Default":null,"Extra":""},{"Field":"is_verified","Type":"tinyint(1)","Null":"YES","Key":"","Default":"0","Extra":""},{"Field":"created_at","Type":"timestamp","Null":"NO","Key":"","Default":"current_timestamp()","Extra":""},{"Field":"favorite_sport","Type":"varchar(50)","Null":"YES","Key":"","Default":null,"Extra":""},{"Field":"favorite_team","Type":"varchar(50)","Null":"YES","Key":"","Default":null,"Extra":""},{"Field":"account_type","Type":"enum('user','admin')","Null":"YES","Key":"","Default":"user","Extra":""}]
[23-Apr-2025 23:07:43 Europe/Berlin] Number of users in database: 13
[23-Apr-2025 23:07:43 Europe/Berlin] All tables initialized successfully
[23-Apr-2025 23:07:43 Europe/Berlin] Connected to database. Tables found: favorites, feedback, matches, matches_backup, matches_new, news, newsletter, notifications, players, subscriptions, users
[23-Apr-2025 23:07:43 Europe/Berlin] Executing SQL: CREATE TABLE IF NOT EXISTS users (
                id INT AUTO_INCREMENT PRIMARY KEY,
                username VARCHAR(50) NOT NULL UNIQUE,
                password VARCHAR(255) NOT NULL,
                email VARCHAR(100) NOT NULL UNIQUE,
                account_type ENUM('user', 'admin') DEFAULT 'user',
                created_at TIMESTAMP DEFAULT CURRENT_TIMESTAMP
            )
[23-Apr-2025 23:07:43 Europe/Berlin] With params: []
[23-Apr-2025 23:07:43 Europe/Berlin] Query executed successfully. Found 0 rows
[23-Apr-2025 23:07:43 Europe/Berlin] Users table created or already exists
[23-Apr-2025 23:07:43 Europe/Berlin] Users table structure: [{"Field":"id","Type":"int(11)","Null":"NO","Key":"PRI","Default":null,"Extra":"auto_increment"},{"Field":"username","Type":"varchar(50)","Null":"NO","Key":"","Default":null,"Extra":""},{"Field":"email","Type":"varchar(100)","Null":"NO","Key":"UNI","Default":null,"Extra":""},{"Field":"password","Type":"varchar(255)","Null":"NO","Key":"","Default":null,"Extra":""},{"Field":"role","Type":"enum('user','admin')","Null":"YES","Key":"","Default":"user","Extra":""},{"Field":"verification_code","Type":"varchar(100)","Null":"YES","Key":"","Default":null,"Extra":""},{"Field":"is_verified","Type":"tinyint(1)","Null":"YES","Key":"","Default":"0","Extra":""},{"Field":"created_at","Type":"timestamp","Null":"NO","Key":"","Default":"current_timestamp()","Extra":""},{"Field":"favorite_sport","Type":"varchar(50)","Null":"YES","Key":"","Default":null,"Extra":""},{"Field":"favorite_team","Type":"varchar(50)","Null":"YES","Key":"","Default":null,"Extra":""},{"Field":"account_type","Type":"enum('user','admin')","Null":"YES","Key":"","Default":"user","Extra":""}]
[23-Apr-2025 23:07:43 Europe/Berlin] Number of users in database: 13
[23-Apr-2025 23:07:43 Europe/Berlin] All tables initialized successfully
[23-Apr-2025 23:07:43 Europe/Berlin] Database tables initialized successfully
[23-Apr-2025 23:07:43 Europe/Berlin] Executing SQL: SELECT * FROM users WHERE id = :id
[23-Apr-2025 23:07:43 Europe/Berlin] With params: {":id":12}
[23-Apr-2025 23:07:43 Europe/Berlin] Query executed successfully. Found 1 rows
[23-Apr-2025 23:07:43 Europe/Berlin] User loaded from session: varunpndey
[23-Apr-2025 23:07:43 Europe/Berlin] Executing SQL: SELECT * FROM users WHERE id = :id
[23-Apr-2025 23:07:43 Europe/Berlin] With params: {":id":12}
[23-Apr-2025 23:07:43 Europe/Berlin] Query executed successfully. Found 1 rows
[23-Apr-2025 23:07:43 Europe/Berlin] Executing SQL: SELECT * FROM news ORDER BY created_at DESC
[23-Apr-2025 23:07:43 Europe/Berlin] With params: []
[23-Apr-2025 23:07:43 Europe/Berlin] Query executed successfully. Found 5 rows
[23-Apr-2025 23:07:43 Europe/Berlin] Executing SQL: SELECT * FROM feedback ORDER BY created_at DESC
[23-Apr-2025 23:07:43 Europe/Berlin] With params: []
[23-Apr-2025 23:07:43 Europe/Berlin] Query executed successfully. Found 12 rows
[23-Apr-2025 23:07:43 Europe/Berlin] Executing SQL: UPDATE feedback SET status = :status WHERE id = :id
[23-Apr-2025 23:07:43 Europe/Berlin] With params: {":status":"read",":id":"11"}
[23-Apr-2025 23:07:43 Europe/Berlin] Query executed successfully. Found 0 rows
[23-Apr-2025 23:07:43 Europe/Berlin] Executing SQL: SELECT * FROM matches WHERE status = 'live'
[23-Apr-2025 23:07:43 Europe/Berlin] With params: []
[23-Apr-2025 23:07:43 Europe/Berlin] Query executed successfully. Found 1 rows
[23-Apr-2025 23:07:43 Europe/Berlin] Executing SQL: SELECT * FROM matches WHERE 1=1 ORDER BY match_time DESC
[23-Apr-2025 23:07:43 Europe/Berlin] With params: []
[23-Apr-2025 23:07:43 Europe/Berlin] Query executed successfully. Found 4 rows
[23-Apr-2025 23:07:53 Europe/Berlin] Connected to database. Tables found: favorites, feedback, matches, matches_backup, matches_new, news, newsletter, notifications, players, subscriptions, users
[23-Apr-2025 23:07:53 Europe/Berlin] Executing SQL: CREATE TABLE IF NOT EXISTS users (
                id INT AUTO_INCREMENT PRIMARY KEY,
                username VARCHAR(50) NOT NULL UNIQUE,
                password VARCHAR(255) NOT NULL,
                email VARCHAR(100) NOT NULL UNIQUE,
                account_type ENUM('user', 'admin') DEFAULT 'user',
                created_at TIMESTAMP DEFAULT CURRENT_TIMESTAMP
            )
[23-Apr-2025 23:07:53 Europe/Berlin] With params: []
[23-Apr-2025 23:07:53 Europe/Berlin] Query executed successfully. Found 0 rows
[23-Apr-2025 23:07:53 Europe/Berlin] Users table created or already exists
[23-Apr-2025 23:07:53 Europe/Berlin] Users table structure: [{"Field":"id","Type":"int(11)","Null":"NO","Key":"PRI","Default":null,"Extra":"auto_increment"},{"Field":"username","Type":"varchar(50)","Null":"NO","Key":"","Default":null,"Extra":""},{"Field":"email","Type":"varchar(100)","Null":"NO","Key":"UNI","Default":null,"Extra":""},{"Field":"password","Type":"varchar(255)","Null":"NO","Key":"","Default":null,"Extra":""},{"Field":"role","Type":"enum('user','admin')","Null":"YES","Key":"","Default":"user","Extra":""},{"Field":"verification_code","Type":"varchar(100)","Null":"YES","Key":"","Default":null,"Extra":""},{"Field":"is_verified","Type":"tinyint(1)","Null":"YES","Key":"","Default":"0","Extra":""},{"Field":"created_at","Type":"timestamp","Null":"NO","Key":"","Default":"current_timestamp()","Extra":""},{"Field":"favorite_sport","Type":"varchar(50)","Null":"YES","Key":"","Default":null,"Extra":""},{"Field":"favorite_team","Type":"varchar(50)","Null":"YES","Key":"","Default":null,"Extra":""},{"Field":"account_type","Type":"enum('user','admin')","Null":"YES","Key":"","Default":"user","Extra":""}]
[23-Apr-2025 23:07:53 Europe/Berlin] Number of users in database: 13
[23-Apr-2025 23:07:53 Europe/Berlin] All tables initialized successfully
[23-Apr-2025 23:07:53 Europe/Berlin] Connected to database. Tables found: favorites, feedback, matches, matches_backup, matches_new, news, newsletter, notifications, players, subscriptions, users
[23-Apr-2025 23:07:53 Europe/Berlin] Executing SQL: CREATE TABLE IF NOT EXISTS users (
                id INT AUTO_INCREMENT PRIMARY KEY,
                username VARCHAR(50) NOT NULL UNIQUE,
                password VARCHAR(255) NOT NULL,
                email VARCHAR(100) NOT NULL UNIQUE,
                account_type ENUM('user', 'admin') DEFAULT 'user',
                created_at TIMESTAMP DEFAULT CURRENT_TIMESTAMP
            )
[23-Apr-2025 23:07:53 Europe/Berlin] With params: []
[23-Apr-2025 23:07:53 Europe/Berlin] Query executed successfully. Found 0 rows
[23-Apr-2025 23:07:53 Europe/Berlin] Users table created or already exists
[23-Apr-2025 23:07:53 Europe/Berlin] Users table structure: [{"Field":"id","Type":"int(11)","Null":"NO","Key":"PRI","Default":null,"Extra":"auto_increment"},{"Field":"username","Type":"varchar(50)","Null":"NO","Key":"","Default":null,"Extra":""},{"Field":"email","Type":"varchar(100)","Null":"NO","Key":"UNI","Default":null,"Extra":""},{"Field":"password","Type":"varchar(255)","Null":"NO","Key":"","Default":null,"Extra":""},{"Field":"role","Type":"enum('user','admin')","Null":"YES","Key":"","Default":"user","Extra":""},{"Field":"verification_code","Type":"varchar(100)","Null":"YES","Key":"","Default":null,"Extra":""},{"Field":"is_verified","Type":"tinyint(1)","Null":"YES","Key":"","Default":"0","Extra":""},{"Field":"created_at","Type":"timestamp","Null":"NO","Key":"","Default":"current_timestamp()","Extra":""},{"Field":"favorite_sport","Type":"varchar(50)","Null":"YES","Key":"","Default":null,"Extra":""},{"Field":"favorite_team","Type":"varchar(50)","Null":"YES","Key":"","Default":null,"Extra":""},{"Field":"account_type","Type":"enum('user','admin')","Null":"YES","Key":"","Default":"user","Extra":""}]
[23-Apr-2025 23:07:53 Europe/Berlin] Number of users in database: 13
[23-Apr-2025 23:07:53 Europe/Berlin] All tables initialized successfully
[23-Apr-2025 23:07:53 Europe/Berlin] Database tables initialized successfully
[23-Apr-2025 23:07:53 Europe/Berlin] Executing SQL: SELECT * FROM users WHERE id = :id
[23-Apr-2025 23:07:53 Europe/Berlin] With params: {":id":12}
[23-Apr-2025 23:07:53 Europe/Berlin] Query executed successfully. Found 1 rows
[23-Apr-2025 23:07:53 Europe/Berlin] User loaded from session: varunpndey
[23-Apr-2025 23:07:53 Europe/Berlin] Executing SQL: SELECT * FROM users WHERE id = :id
[23-Apr-2025 23:07:53 Europe/Berlin] With params: {":id":12}
[23-Apr-2025 23:07:53 Europe/Berlin] Query executed successfully. Found 1 rows
[23-Apr-2025 23:07:53 Europe/Berlin] Executing SQL: DELETE FROM news WHERE id = :id
[23-Apr-2025 23:07:53 Europe/Berlin] With params: {":id":"1"}
[23-Apr-2025 23:07:53 Europe/Berlin] Query executed successfully. Found 0 rows
[23-Apr-2025 23:07:53 Europe/Berlin] PHP Fatal error:  Uncaught Error: Call to a member function rowCount() on array in /Applications/XAMPP/xamppfiles/htdocs/sportsync/backend/news.php:94
Stack trace:
#0 /Applications/XAMPP/xamppfiles/htdocs/sportsync/public/admin.php(252): deleteNews('1')
#1 /Applications/XAMPP/xamppfiles/htdocs/sportsync/public/index.php(38): require('/Applications/X...')
#2 {main}
  thrown in /Applications/XAMPP/xamppfiles/htdocs/sportsync/backend/news.php on line 94
[23-Apr-2025 23:08:00 Europe/Berlin] Connected to database. Tables found: favorites, feedback, matches, matches_backup, matches_new, news, newsletter, notifications, players, subscriptions, users
[23-Apr-2025 23:08:00 Europe/Berlin] Executing SQL: CREATE TABLE IF NOT EXISTS users (
                id INT AUTO_INCREMENT PRIMARY KEY,
                username VARCHAR(50) NOT NULL UNIQUE,
                password VARCHAR(255) NOT NULL,
                email VARCHAR(100) NOT NULL UNIQUE,
                account_type ENUM('user', 'admin') DEFAULT 'user',
                created_at TIMESTAMP DEFAULT CURRENT_TIMESTAMP
            )
[23-Apr-2025 23:08:00 Europe/Berlin] With params: []
[23-Apr-2025 23:08:00 Europe/Berlin] Query executed successfully. Found 0 rows
[23-Apr-2025 23:08:00 Europe/Berlin] Users table created or already exists
[23-Apr-2025 23:08:00 Europe/Berlin] Users table structure: [{"Field":"id","Type":"int(11)","Null":"NO","Key":"PRI","Default":null,"Extra":"auto_increment"},{"Field":"username","Type":"varchar(50)","Null":"NO","Key":"","Default":null,"Extra":""},{"Field":"email","Type":"varchar(100)","Null":"NO","Key":"UNI","Default":null,"Extra":""},{"Field":"password","Type":"varchar(255)","Null":"NO","Key":"","Default":null,"Extra":""},{"Field":"role","Type":"enum('user','admin')","Null":"YES","Key":"","Default":"user","Extra":""},{"Field":"verification_code","Type":"varchar(100)","Null":"YES","Key":"","Default":null,"Extra":""},{"Field":"is_verified","Type":"tinyint(1)","Null":"YES","Key":"","Default":"0","Extra":""},{"Field":"created_at","Type":"timestamp","Null":"NO","Key":"","Default":"current_timestamp()","Extra":""},{"Field":"favorite_sport","Type":"varchar(50)","Null":"YES","Key":"","Default":null,"Extra":""},{"Field":"favorite_team","Type":"varchar(50)","Null":"YES","Key":"","Default":null,"Extra":""},{"Field":"account_type","Type":"enum('user','admin')","Null":"YES","Key":"","Default":"user","Extra":""}]
[23-Apr-2025 23:08:00 Europe/Berlin] Number of users in database: 13
[23-Apr-2025 23:08:00 Europe/Berlin] All tables initialized successfully
[23-Apr-2025 23:08:00 Europe/Berlin] Connected to database. Tables found: favorites, feedback, matches, matches_backup, matches_new, news, newsletter, notifications, players, subscriptions, users
[23-Apr-2025 23:08:00 Europe/Berlin] Executing SQL: CREATE TABLE IF NOT EXISTS users (
                id INT AUTO_INCREMENT PRIMARY KEY,
                username VARCHAR(50) NOT NULL UNIQUE,
                password VARCHAR(255) NOT NULL,
                email VARCHAR(100) NOT NULL UNIQUE,
                account_type ENUM('user', 'admin') DEFAULT 'user',
                created_at TIMESTAMP DEFAULT CURRENT_TIMESTAMP
            )
[23-Apr-2025 23:08:00 Europe/Berlin] With params: []
[23-Apr-2025 23:08:00 Europe/Berlin] Query executed successfully. Found 0 rows
[23-Apr-2025 23:08:00 Europe/Berlin] Users table created or already exists
[23-Apr-2025 23:08:00 Europe/Berlin] Users table structure: [{"Field":"id","Type":"int(11)","Null":"NO","Key":"PRI","Default":null,"Extra":"auto_increment"},{"Field":"username","Type":"varchar(50)","Null":"NO","Key":"","Default":null,"Extra":""},{"Field":"email","Type":"varchar(100)","Null":"NO","Key":"UNI","Default":null,"Extra":""},{"Field":"password","Type":"varchar(255)","Null":"NO","Key":"","Default":null,"Extra":""},{"Field":"role","Type":"enum('user','admin')","Null":"YES","Key":"","Default":"user","Extra":""},{"Field":"verification_code","Type":"varchar(100)","Null":"YES","Key":"","Default":null,"Extra":""},{"Field":"is_verified","Type":"tinyint(1)","Null":"YES","Key":"","Default":"0","Extra":""},{"Field":"created_at","Type":"timestamp","Null":"NO","Key":"","Default":"current_timestamp()","Extra":""},{"Field":"favorite_sport","Type":"varchar(50)","Null":"YES","Key":"","Default":null,"Extra":""},{"Field":"favorite_team","Type":"varchar(50)","Null":"YES","Key":"","Default":null,"Extra":""},{"Field":"account_type","Type":"enum('user','admin')","Null":"YES","Key":"","Default":"user","Extra":""}]
[23-Apr-2025 23:08:00 Europe/Berlin] Number of users in database: 13
[23-Apr-2025 23:08:00 Europe/Berlin] All tables initialized successfully
[23-Apr-2025 23:08:00 Europe/Berlin] Database tables initialized successfully
[23-Apr-2025 23:08:00 Europe/Berlin] Executing SQL: SELECT * FROM users WHERE id = :id
[23-Apr-2025 23:08:00 Europe/Berlin] With params: {":id":12}
[23-Apr-2025 23:08:00 Europe/Berlin] Query executed successfully. Found 1 rows
[23-Apr-2025 23:08:00 Europe/Berlin] User loaded from session: varunpndey
[23-Apr-2025 23:08:00 Europe/Berlin] Executing SQL: SELECT * FROM users WHERE id = :id
[23-Apr-2025 23:08:00 Europe/Berlin] With params: {":id":12}
[23-Apr-2025 23:08:00 Europe/Berlin] Query executed successfully. Found 1 rows
[23-Apr-2025 23:08:00 Europe/Berlin] Executing SQL: SELECT * FROM news ORDER BY created_at DESC
[23-Apr-2025 23:08:00 Europe/Berlin] With params: []
[23-Apr-2025 23:08:00 Europe/Berlin] Query executed successfully. Found 4 rows
[23-Apr-2025 23:08:00 Europe/Berlin] Executing SQL: SELECT * FROM feedback ORDER BY created_at DESC
[23-Apr-2025 23:08:00 Europe/Berlin] With params: []
[23-Apr-2025 23:08:00 Europe/Berlin] Query executed successfully. Found 12 rows
[23-Apr-2025 23:08:00 Europe/Berlin] Executing SQL: UPDATE feedback SET status = :status WHERE id = :id
[23-Apr-2025 23:08:00 Europe/Berlin] With params: {":status":"read",":id":"11"}
[23-Apr-2025 23:08:00 Europe/Berlin] Query executed successfully. Found 0 rows
[23-Apr-2025 23:08:00 Europe/Berlin] Executing SQL: SELECT * FROM matches WHERE status = 'live'
[23-Apr-2025 23:08:00 Europe/Berlin] With params: []
[23-Apr-2025 23:08:00 Europe/Berlin] Query executed successfully. Found 1 rows
[23-Apr-2025 23:08:00 Europe/Berlin] Executing SQL: SELECT * FROM matches WHERE 1=1 ORDER BY match_time DESC
[23-Apr-2025 23:08:00 Europe/Berlin] With params: []
[23-Apr-2025 23:08:00 Europe/Berlin] Query executed successfully. Found 4 rows
[23-Apr-2025 23:08:15 Europe/Berlin] Connected to database. Tables found: favorites, feedback, matches, matches_backup, matches_new, news, newsletter, notifications, players, subscriptions, users
[23-Apr-2025 23:08:16 Europe/Berlin] Executing SQL: CREATE TABLE IF NOT EXISTS users (
                id INT AUTO_INCREMENT PRIMARY KEY,
                username VARCHAR(50) NOT NULL UNIQUE,
                password VARCHAR(255) NOT NULL,
                email VARCHAR(100) NOT NULL UNIQUE,
                account_type ENUM('user', 'admin') DEFAULT 'user',
                created_at TIMESTAMP DEFAULT CURRENT_TIMESTAMP
            )
[23-Apr-2025 23:08:16 Europe/Berlin] With params: []
[23-Apr-2025 23:08:16 Europe/Berlin] Query executed successfully. Found 0 rows
[23-Apr-2025 23:08:16 Europe/Berlin] Users table created or already exists
[23-Apr-2025 23:08:16 Europe/Berlin] Users table structure: [{"Field":"id","Type":"int(11)","Null":"NO","Key":"PRI","Default":null,"Extra":"auto_increment"},{"Field":"username","Type":"varchar(50)","Null":"NO","Key":"","Default":null,"Extra":""},{"Field":"email","Type":"varchar(100)","Null":"NO","Key":"UNI","Default":null,"Extra":""},{"Field":"password","Type":"varchar(255)","Null":"NO","Key":"","Default":null,"Extra":""},{"Field":"role","Type":"enum('user','admin')","Null":"YES","Key":"","Default":"user","Extra":""},{"Field":"verification_code","Type":"varchar(100)","Null":"YES","Key":"","Default":null,"Extra":""},{"Field":"is_verified","Type":"tinyint(1)","Null":"YES","Key":"","Default":"0","Extra":""},{"Field":"created_at","Type":"timestamp","Null":"NO","Key":"","Default":"current_timestamp()","Extra":""},{"Field":"favorite_sport","Type":"varchar(50)","Null":"YES","Key":"","Default":null,"Extra":""},{"Field":"favorite_team","Type":"varchar(50)","Null":"YES","Key":"","Default":null,"Extra":""},{"Field":"account_type","Type":"enum('user','admin')","Null":"YES","Key":"","Default":"user","Extra":""}]
[23-Apr-2025 23:08:16 Europe/Berlin] Number of users in database: 13
[23-Apr-2025 23:08:16 Europe/Berlin] All tables initialized successfully
[23-Apr-2025 23:08:16 Europe/Berlin] Connected to database. Tables found: favorites, feedback, matches, matches_backup, matches_new, news, newsletter, notifications, players, subscriptions, users
[23-Apr-2025 23:08:16 Europe/Berlin] Executing SQL: CREATE TABLE IF NOT EXISTS users (
                id INT AUTO_INCREMENT PRIMARY KEY,
                username VARCHAR(50) NOT NULL UNIQUE,
                password VARCHAR(255) NOT NULL,
                email VARCHAR(100) NOT NULL UNIQUE,
                account_type ENUM('user', 'admin') DEFAULT 'user',
                created_at TIMESTAMP DEFAULT CURRENT_TIMESTAMP
            )
[23-Apr-2025 23:08:16 Europe/Berlin] With params: []
[23-Apr-2025 23:08:16 Europe/Berlin] Query executed successfully. Found 0 rows
[23-Apr-2025 23:08:16 Europe/Berlin] Users table created or already exists
[23-Apr-2025 23:08:16 Europe/Berlin] Users table structure: [{"Field":"id","Type":"int(11)","Null":"NO","Key":"PRI","Default":null,"Extra":"auto_increment"},{"Field":"username","Type":"varchar(50)","Null":"NO","Key":"","Default":null,"Extra":""},{"Field":"email","Type":"varchar(100)","Null":"NO","Key":"UNI","Default":null,"Extra":""},{"Field":"password","Type":"varchar(255)","Null":"NO","Key":"","Default":null,"Extra":""},{"Field":"role","Type":"enum('user','admin')","Null":"YES","Key":"","Default":"user","Extra":""},{"Field":"verification_code","Type":"varchar(100)","Null":"YES","Key":"","Default":null,"Extra":""},{"Field":"is_verified","Type":"tinyint(1)","Null":"YES","Key":"","Default":"0","Extra":""},{"Field":"created_at","Type":"timestamp","Null":"NO","Key":"","Default":"current_timestamp()","Extra":""},{"Field":"favorite_sport","Type":"varchar(50)","Null":"YES","Key":"","Default":null,"Extra":""},{"Field":"favorite_team","Type":"varchar(50)","Null":"YES","Key":"","Default":null,"Extra":""},{"Field":"account_type","Type":"enum('user','admin')","Null":"YES","Key":"","Default":"user","Extra":""}]
[23-Apr-2025 23:08:16 Europe/Berlin] Number of users in database: 13
[23-Apr-2025 23:08:16 Europe/Berlin] All tables initialized successfully
[23-Apr-2025 23:08:16 Europe/Berlin] Database tables initialized successfully
[23-Apr-2025 23:08:16 Europe/Berlin] Executing SQL: SELECT * FROM users WHERE id = :id
[23-Apr-2025 23:08:16 Europe/Berlin] With params: {":id":12}
[23-Apr-2025 23:08:16 Europe/Berlin] Query executed successfully. Found 1 rows
[23-Apr-2025 23:08:16 Europe/Berlin] User loaded from session: varunpndey
[23-Apr-2025 23:08:16 Europe/Berlin] Executing SQL: SELECT * FROM users WHERE id = :id
[23-Apr-2025 23:08:16 Europe/Berlin] With params: {":id":12}
[23-Apr-2025 23:08:16 Europe/Berlin] Query executed successfully. Found 1 rows
[23-Apr-2025 23:08:16 Europe/Berlin] Executing SQL: DELETE FROM news WHERE id = :id
[23-Apr-2025 23:08:16 Europe/Berlin] With params: {":id":"2"}
[23-Apr-2025 23:08:16 Europe/Berlin] Query executed successfully. Found 0 rows
[23-Apr-2025 23:08:16 Europe/Berlin] PHP Fatal error:  Uncaught Error: Call to a member function rowCount() on array in /Applications/XAMPP/xamppfiles/htdocs/sportsync/backend/news.php:94
Stack trace:
#0 /Applications/XAMPP/xamppfiles/htdocs/sportsync/public/admin.php(252): deleteNews('2')
#1 /Applications/XAMPP/xamppfiles/htdocs/sportsync/public/index.php(38): require('/Applications/X...')
#2 {main}
  thrown in /Applications/XAMPP/xamppfiles/htdocs/sportsync/backend/news.php on line 94
[23-Apr-2025 23:10:23 Europe/Berlin] Connected to database. Tables found: favorites, feedback, matches, matches_backup, matches_new, news, newsletter, notifications, players, subscriptions, users
[23-Apr-2025 23:10:23 Europe/Berlin] Executing SQL: CREATE TABLE IF NOT EXISTS users (
                id INT AUTO_INCREMENT PRIMARY KEY,
                username VARCHAR(50) NOT NULL UNIQUE,
                password VARCHAR(255) NOT NULL,
                email VARCHAR(100) NOT NULL UNIQUE,
                account_type ENUM('user', 'admin') DEFAULT 'user',
                created_at TIMESTAMP DEFAULT CURRENT_TIMESTAMP
            )
[23-Apr-2025 23:10:23 Europe/Berlin] With params: []
[23-Apr-2025 23:10:23 Europe/Berlin] Query executed successfully. Found 0 rows
[23-Apr-2025 23:10:23 Europe/Berlin] Users table created or already exists
[23-Apr-2025 23:10:23 Europe/Berlin] Users table structure: [{"Field":"id","Type":"int(11)","Null":"NO","Key":"PRI","Default":null,"Extra":"auto_increment"},{"Field":"username","Type":"varchar(50)","Null":"NO","Key":"","Default":null,"Extra":""},{"Field":"email","Type":"varchar(100)","Null":"NO","Key":"UNI","Default":null,"Extra":""},{"Field":"password","Type":"varchar(255)","Null":"NO","Key":"","Default":null,"Extra":""},{"Field":"role","Type":"enum('user','admin')","Null":"YES","Key":"","Default":"user","Extra":""},{"Field":"verification_code","Type":"varchar(100)","Null":"YES","Key":"","Default":null,"Extra":""},{"Field":"is_verified","Type":"tinyint(1)","Null":"YES","Key":"","Default":"0","Extra":""},{"Field":"created_at","Type":"timestamp","Null":"NO","Key":"","Default":"current_timestamp()","Extra":""},{"Field":"favorite_sport","Type":"varchar(50)","Null":"YES","Key":"","Default":null,"Extra":""},{"Field":"favorite_team","Type":"varchar(50)","Null":"YES","Key":"","Default":null,"Extra":""},{"Field":"account_type","Type":"enum('user','admin')","Null":"YES","Key":"","Default":"user","Extra":""}]
[23-Apr-2025 23:10:23 Europe/Berlin] Number of users in database: 13
[23-Apr-2025 23:10:23 Europe/Berlin] All tables initialized successfully
[23-Apr-2025 23:10:23 Europe/Berlin] Connected to database. Tables found: favorites, feedback, matches, matches_backup, matches_new, news, newsletter, notifications, players, subscriptions, users
[23-Apr-2025 23:10:23 Europe/Berlin] Executing SQL: CREATE TABLE IF NOT EXISTS users (
                id INT AUTO_INCREMENT PRIMARY KEY,
                username VARCHAR(50) NOT NULL UNIQUE,
                password VARCHAR(255) NOT NULL,
                email VARCHAR(100) NOT NULL UNIQUE,
                account_type ENUM('user', 'admin') DEFAULT 'user',
                created_at TIMESTAMP DEFAULT CURRENT_TIMESTAMP
            )
[23-Apr-2025 23:10:23 Europe/Berlin] With params: []
[23-Apr-2025 23:10:23 Europe/Berlin] Query executed successfully. Found 0 rows
[23-Apr-2025 23:10:23 Europe/Berlin] Users table created or already exists
[23-Apr-2025 23:10:23 Europe/Berlin] Users table structure: [{"Field":"id","Type":"int(11)","Null":"NO","Key":"PRI","Default":null,"Extra":"auto_increment"},{"Field":"username","Type":"varchar(50)","Null":"NO","Key":"","Default":null,"Extra":""},{"Field":"email","Type":"varchar(100)","Null":"NO","Key":"UNI","Default":null,"Extra":""},{"Field":"password","Type":"varchar(255)","Null":"NO","Key":"","Default":null,"Extra":""},{"Field":"role","Type":"enum('user','admin')","Null":"YES","Key":"","Default":"user","Extra":""},{"Field":"verification_code","Type":"varchar(100)","Null":"YES","Key":"","Default":null,"Extra":""},{"Field":"is_verified","Type":"tinyint(1)","Null":"YES","Key":"","Default":"0","Extra":""},{"Field":"created_at","Type":"timestamp","Null":"NO","Key":"","Default":"current_timestamp()","Extra":""},{"Field":"favorite_sport","Type":"varchar(50)","Null":"YES","Key":"","Default":null,"Extra":""},{"Field":"favorite_team","Type":"varchar(50)","Null":"YES","Key":"","Default":null,"Extra":""},{"Field":"account_type","Type":"enum('user','admin')","Null":"YES","Key":"","Default":"user","Extra":""}]
[23-Apr-2025 23:10:23 Europe/Berlin] Number of users in database: 13
[23-Apr-2025 23:10:23 Europe/Berlin] All tables initialized successfully
[23-Apr-2025 23:10:23 Europe/Berlin] Database tables initialized successfully
[23-Apr-2025 23:10:23 Europe/Berlin] Executing SQL: SELECT * FROM users WHERE id = :id
[23-Apr-2025 23:10:23 Europe/Berlin] With params: {":id":12}
[23-Apr-2025 23:10:23 Europe/Berlin] Query executed successfully. Found 1 rows
[23-Apr-2025 23:10:23 Europe/Berlin] User loaded from session: varunpndey
[23-Apr-2025 23:10:23 Europe/Berlin] Executing SQL: SELECT * FROM users WHERE id = :id
[23-Apr-2025 23:10:23 Europe/Berlin] With params: {":id":12}
[23-Apr-2025 23:10:23 Europe/Berlin] Query executed successfully. Found 1 rows
[23-Apr-2025 23:10:23 Europe/Berlin] Executing SQL: SELECT * FROM news ORDER BY created_at DESC
[23-Apr-2025 23:10:23 Europe/Berlin] With params: []
[23-Apr-2025 23:10:23 Europe/Berlin] Query executed successfully. Found 3 rows
[23-Apr-2025 23:10:23 Europe/Berlin] Executing SQL: SELECT * FROM feedback ORDER BY created_at DESC
[23-Apr-2025 23:10:23 Europe/Berlin] With params: []
[23-Apr-2025 23:10:23 Europe/Berlin] Query executed successfully. Found 12 rows
[23-Apr-2025 23:10:23 Europe/Berlin] Executing SQL: UPDATE feedback SET status = :status WHERE id = :id
[23-Apr-2025 23:10:23 Europe/Berlin] With params: {":status":"read",":id":"11"}
[23-Apr-2025 23:10:23 Europe/Berlin] Query executed successfully. Found 0 rows
[23-Apr-2025 23:10:23 Europe/Berlin] Executing SQL: SELECT * FROM matches WHERE status = 'live'
[23-Apr-2025 23:10:23 Europe/Berlin] With params: []
[23-Apr-2025 23:10:23 Europe/Berlin] Query executed successfully. Found 1 rows
[23-Apr-2025 23:10:23 Europe/Berlin] Executing SQL: SELECT * FROM matches WHERE 1=1 ORDER BY match_time DESC
[23-Apr-2025 23:10:23 Europe/Berlin] With params: []
[23-Apr-2025 23:10:23 Europe/Berlin] Query executed successfully. Found 4 rows
[23-Apr-2025 23:10:29 Europe/Berlin] Connected to database. Tables found: favorites, feedback, matches, matches_backup, matches_new, news, newsletter, notifications, players, subscriptions, users
[23-Apr-2025 23:10:29 Europe/Berlin] Executing SQL: CREATE TABLE IF NOT EXISTS users (
                id INT AUTO_INCREMENT PRIMARY KEY,
                username VARCHAR(50) NOT NULL UNIQUE,
                password VARCHAR(255) NOT NULL,
                email VARCHAR(100) NOT NULL UNIQUE,
                account_type ENUM('user', 'admin') DEFAULT 'user',
                created_at TIMESTAMP DEFAULT CURRENT_TIMESTAMP
            )
[23-Apr-2025 23:10:29 Europe/Berlin] With params: []
[23-Apr-2025 23:10:29 Europe/Berlin] Query executed successfully. Found 0 rows
[23-Apr-2025 23:10:29 Europe/Berlin] Users table created or already exists
[23-Apr-2025 23:10:29 Europe/Berlin] Users table structure: [{"Field":"id","Type":"int(11)","Null":"NO","Key":"PRI","Default":null,"Extra":"auto_increment"},{"Field":"username","Type":"varchar(50)","Null":"NO","Key":"","Default":null,"Extra":""},{"Field":"email","Type":"varchar(100)","Null":"NO","Key":"UNI","Default":null,"Extra":""},{"Field":"password","Type":"varchar(255)","Null":"NO","Key":"","Default":null,"Extra":""},{"Field":"role","Type":"enum('user','admin')","Null":"YES","Key":"","Default":"user","Extra":""},{"Field":"verification_code","Type":"varchar(100)","Null":"YES","Key":"","Default":null,"Extra":""},{"Field":"is_verified","Type":"tinyint(1)","Null":"YES","Key":"","Default":"0","Extra":""},{"Field":"created_at","Type":"timestamp","Null":"NO","Key":"","Default":"current_timestamp()","Extra":""},{"Field":"favorite_sport","Type":"varchar(50)","Null":"YES","Key":"","Default":null,"Extra":""},{"Field":"favorite_team","Type":"varchar(50)","Null":"YES","Key":"","Default":null,"Extra":""},{"Field":"account_type","Type":"enum('user','admin')","Null":"YES","Key":"","Default":"user","Extra":""}]
[23-Apr-2025 23:10:29 Europe/Berlin] Number of users in database: 13
[23-Apr-2025 23:10:29 Europe/Berlin] All tables initialized successfully
[23-Apr-2025 23:10:29 Europe/Berlin] Connected to database. Tables found: favorites, feedback, matches, matches_backup, matches_new, news, newsletter, notifications, players, subscriptions, users
[23-Apr-2025 23:10:29 Europe/Berlin] Executing SQL: CREATE TABLE IF NOT EXISTS users (
                id INT AUTO_INCREMENT PRIMARY KEY,
                username VARCHAR(50) NOT NULL UNIQUE,
                password VARCHAR(255) NOT NULL,
                email VARCHAR(100) NOT NULL UNIQUE,
                account_type ENUM('user', 'admin') DEFAULT 'user',
                created_at TIMESTAMP DEFAULT CURRENT_TIMESTAMP
            )
[23-Apr-2025 23:10:29 Europe/Berlin] With params: []
[23-Apr-2025 23:10:29 Europe/Berlin] Query executed successfully. Found 0 rows
[23-Apr-2025 23:10:29 Europe/Berlin] Users table created or already exists
[23-Apr-2025 23:10:29 Europe/Berlin] Users table structure: [{"Field":"id","Type":"int(11)","Null":"NO","Key":"PRI","Default":null,"Extra":"auto_increment"},{"Field":"username","Type":"varchar(50)","Null":"NO","Key":"","Default":null,"Extra":""},{"Field":"email","Type":"varchar(100)","Null":"NO","Key":"UNI","Default":null,"Extra":""},{"Field":"password","Type":"varchar(255)","Null":"NO","Key":"","Default":null,"Extra":""},{"Field":"role","Type":"enum('user','admin')","Null":"YES","Key":"","Default":"user","Extra":""},{"Field":"verification_code","Type":"varchar(100)","Null":"YES","Key":"","Default":null,"Extra":""},{"Field":"is_verified","Type":"tinyint(1)","Null":"YES","Key":"","Default":"0","Extra":""},{"Field":"created_at","Type":"timestamp","Null":"NO","Key":"","Default":"current_timestamp()","Extra":""},{"Field":"favorite_sport","Type":"varchar(50)","Null":"YES","Key":"","Default":null,"Extra":""},{"Field":"favorite_team","Type":"varchar(50)","Null":"YES","Key":"","Default":null,"Extra":""},{"Field":"account_type","Type":"enum('user','admin')","Null":"YES","Key":"","Default":"user","Extra":""}]
[23-Apr-2025 23:10:29 Europe/Berlin] Number of users in database: 13
[23-Apr-2025 23:10:29 Europe/Berlin] All tables initialized successfully
[23-Apr-2025 23:10:29 Europe/Berlin] Database tables initialized successfully
[23-Apr-2025 23:10:29 Europe/Berlin] Executing SQL: SELECT * FROM users WHERE id = :id
[23-Apr-2025 23:10:29 Europe/Berlin] With params: {":id":12}
[23-Apr-2025 23:10:29 Europe/Berlin] Query executed successfully. Found 1 rows
[23-Apr-2025 23:10:29 Europe/Berlin] User loaded from session: varunpndey
[23-Apr-2025 23:10:29 Europe/Berlin] Executing SQL: SELECT * FROM users WHERE id = :id
[23-Apr-2025 23:10:29 Europe/Berlin] With params: {":id":12}
[23-Apr-2025 23:10:29 Europe/Berlin] Query executed successfully. Found 1 rows
[23-Apr-2025 23:10:29 Europe/Berlin] Executing SQL: DELETE FROM news WHERE id = :id
[23-Apr-2025 23:10:29 Europe/Berlin] With params: {":id":"3"}
[23-Apr-2025 23:10:29 Europe/Berlin] Query executed successfully. Found 0 rows
[23-Apr-2025 23:10:29 Europe/Berlin] PHP Fatal error:  Uncaught Error: Call to a member function rowCount() on array in /Applications/XAMPP/xamppfiles/htdocs/sportsync/backend/news.php:94
Stack trace:
#0 /Applications/XAMPP/xamppfiles/htdocs/sportsync/public/admin.php(252): deleteNews('3')
#1 /Applications/XAMPP/xamppfiles/htdocs/sportsync/public/index.php(38): require('/Applications/X...')
#2 {main}
  thrown in /Applications/XAMPP/xamppfiles/htdocs/sportsync/backend/news.php on line 94
[23-Apr-2025 23:10:31 Europe/Berlin] Connected to database. Tables found: favorites, feedback, matches, matches_backup, matches_new, news, newsletter, notifications, players, subscriptions, users
[23-Apr-2025 23:10:31 Europe/Berlin] Executing SQL: CREATE TABLE IF NOT EXISTS users (
                id INT AUTO_INCREMENT PRIMARY KEY,
                username VARCHAR(50) NOT NULL UNIQUE,
                password VARCHAR(255) NOT NULL,
                email VARCHAR(100) NOT NULL UNIQUE,
                account_type ENUM('user', 'admin') DEFAULT 'user',
                created_at TIMESTAMP DEFAULT CURRENT_TIMESTAMP
            )
[23-Apr-2025 23:10:31 Europe/Berlin] With params: []
[23-Apr-2025 23:10:31 Europe/Berlin] Query executed successfully. Found 0 rows
[23-Apr-2025 23:10:31 Europe/Berlin] Users table created or already exists
[23-Apr-2025 23:10:31 Europe/Berlin] Users table structure: [{"Field":"id","Type":"int(11)","Null":"NO","Key":"PRI","Default":null,"Extra":"auto_increment"},{"Field":"username","Type":"varchar(50)","Null":"NO","Key":"","Default":null,"Extra":""},{"Field":"email","Type":"varchar(100)","Null":"NO","Key":"UNI","Default":null,"Extra":""},{"Field":"password","Type":"varchar(255)","Null":"NO","Key":"","Default":null,"Extra":""},{"Field":"role","Type":"enum('user','admin')","Null":"YES","Key":"","Default":"user","Extra":""},{"Field":"verification_code","Type":"varchar(100)","Null":"YES","Key":"","Default":null,"Extra":""},{"Field":"is_verified","Type":"tinyint(1)","Null":"YES","Key":"","Default":"0","Extra":""},{"Field":"created_at","Type":"timestamp","Null":"NO","Key":"","Default":"current_timestamp()","Extra":""},{"Field":"favorite_sport","Type":"varchar(50)","Null":"YES","Key":"","Default":null,"Extra":""},{"Field":"favorite_team","Type":"varchar(50)","Null":"YES","Key":"","Default":null,"Extra":""},{"Field":"account_type","Type":"enum('user','admin')","Null":"YES","Key":"","Default":"user","Extra":""}]
[23-Apr-2025 23:10:31 Europe/Berlin] Number of users in database: 13
[23-Apr-2025 23:10:31 Europe/Berlin] All tables initialized successfully
[23-Apr-2025 23:10:31 Europe/Berlin] Connected to database. Tables found: favorites, feedback, matches, matches_backup, matches_new, news, newsletter, notifications, players, subscriptions, users
[23-Apr-2025 23:10:31 Europe/Berlin] Executing SQL: CREATE TABLE IF NOT EXISTS users (
                id INT AUTO_INCREMENT PRIMARY KEY,
                username VARCHAR(50) NOT NULL UNIQUE,
                password VARCHAR(255) NOT NULL,
                email VARCHAR(100) NOT NULL UNIQUE,
                account_type ENUM('user', 'admin') DEFAULT 'user',
                created_at TIMESTAMP DEFAULT CURRENT_TIMESTAMP
            )
[23-Apr-2025 23:10:31 Europe/Berlin] With params: []
[23-Apr-2025 23:10:31 Europe/Berlin] Query executed successfully. Found 0 rows
[23-Apr-2025 23:10:31 Europe/Berlin] Users table created or already exists
[23-Apr-2025 23:10:31 Europe/Berlin] Users table structure: [{"Field":"id","Type":"int(11)","Null":"NO","Key":"PRI","Default":null,"Extra":"auto_increment"},{"Field":"username","Type":"varchar(50)","Null":"NO","Key":"","Default":null,"Extra":""},{"Field":"email","Type":"varchar(100)","Null":"NO","Key":"UNI","Default":null,"Extra":""},{"Field":"password","Type":"varchar(255)","Null":"NO","Key":"","Default":null,"Extra":""},{"Field":"role","Type":"enum('user','admin')","Null":"YES","Key":"","Default":"user","Extra":""},{"Field":"verification_code","Type":"varchar(100)","Null":"YES","Key":"","Default":null,"Extra":""},{"Field":"is_verified","Type":"tinyint(1)","Null":"YES","Key":"","Default":"0","Extra":""},{"Field":"created_at","Type":"timestamp","Null":"NO","Key":"","Default":"current_timestamp()","Extra":""},{"Field":"favorite_sport","Type":"varchar(50)","Null":"YES","Key":"","Default":null,"Extra":""},{"Field":"favorite_team","Type":"varchar(50)","Null":"YES","Key":"","Default":null,"Extra":""},{"Field":"account_type","Type":"enum('user','admin')","Null":"YES","Key":"","Default":"user","Extra":""}]
[23-Apr-2025 23:10:31 Europe/Berlin] Number of users in database: 13
[23-Apr-2025 23:10:31 Europe/Berlin] All tables initialized successfully
[23-Apr-2025 23:10:31 Europe/Berlin] Database tables initialized successfully
[23-Apr-2025 23:10:31 Europe/Berlin] Executing SQL: SELECT * FROM users WHERE id = :id
[23-Apr-2025 23:10:31 Europe/Berlin] With params: {":id":12}
[23-Apr-2025 23:10:31 Europe/Berlin] Query executed successfully. Found 1 rows
[23-Apr-2025 23:10:31 Europe/Berlin] User loaded from session: varunpndey
[23-Apr-2025 23:10:31 Europe/Berlin] Executing SQL: SELECT * FROM users WHERE id = :id
[23-Apr-2025 23:10:31 Europe/Berlin] With params: {":id":12}
[23-Apr-2025 23:10:31 Europe/Berlin] Query executed successfully. Found 1 rows
[23-Apr-2025 23:10:31 Europe/Berlin] Executing SQL: SELECT * FROM news ORDER BY created_at DESC
[23-Apr-2025 23:10:31 Europe/Berlin] With params: []
[23-Apr-2025 23:10:31 Europe/Berlin] Query executed successfully. Found 2 rows
[23-Apr-2025 23:10:31 Europe/Berlin] Executing SQL: SELECT * FROM feedback ORDER BY created_at DESC
[23-Apr-2025 23:10:31 Europe/Berlin] With params: []
[23-Apr-2025 23:10:31 Europe/Berlin] Query executed successfully. Found 12 rows
[23-Apr-2025 23:10:31 Europe/Berlin] Executing SQL: UPDATE feedback SET status = :status WHERE id = :id
[23-Apr-2025 23:10:31 Europe/Berlin] With params: {":status":"read",":id":"11"}
[23-Apr-2025 23:10:31 Europe/Berlin] Query executed successfully. Found 0 rows
[23-Apr-2025 23:10:31 Europe/Berlin] Executing SQL: SELECT * FROM matches WHERE status = 'live'
[23-Apr-2025 23:10:31 Europe/Berlin] With params: []
[23-Apr-2025 23:10:31 Europe/Berlin] Query executed successfully. Found 1 rows
[23-Apr-2025 23:10:31 Europe/Berlin] Executing SQL: SELECT * FROM matches WHERE 1=1 ORDER BY match_time DESC
[23-Apr-2025 23:10:31 Europe/Berlin] With params: []
[23-Apr-2025 23:10:31 Europe/Berlin] Query executed successfully. Found 4 rows
[23-Apr-2025 23:11:26 Europe/Berlin] Connected to database. Tables found: favorites, feedback, matches, matches_backup, matches_new, news, newsletter, notifications, players, subscriptions, users
[23-Apr-2025 23:11:26 Europe/Berlin] Executing SQL: CREATE TABLE IF NOT EXISTS users (
                id INT AUTO_INCREMENT PRIMARY KEY,
                username VARCHAR(50) NOT NULL UNIQUE,
                password VARCHAR(255) NOT NULL,
                email VARCHAR(100) NOT NULL UNIQUE,
                account_type ENUM('user', 'admin') DEFAULT 'user',
                created_at TIMESTAMP DEFAULT CURRENT_TIMESTAMP
            )
[23-Apr-2025 23:11:26 Europe/Berlin] With params: []
[23-Apr-2025 23:11:26 Europe/Berlin] Query executed successfully. Found 0 rows
[23-Apr-2025 23:11:26 Europe/Berlin] Users table created or already exists
[23-Apr-2025 23:11:26 Europe/Berlin] Users table structure: [{"Field":"id","Type":"int(11)","Null":"NO","Key":"PRI","Default":null,"Extra":"auto_increment"},{"Field":"username","Type":"varchar(50)","Null":"NO","Key":"","Default":null,"Extra":""},{"Field":"email","Type":"varchar(100)","Null":"NO","Key":"UNI","Default":null,"Extra":""},{"Field":"password","Type":"varchar(255)","Null":"NO","Key":"","Default":null,"Extra":""},{"Field":"role","Type":"enum('user','admin')","Null":"YES","Key":"","Default":"user","Extra":""},{"Field":"verification_code","Type":"varchar(100)","Null":"YES","Key":"","Default":null,"Extra":""},{"Field":"is_verified","Type":"tinyint(1)","Null":"YES","Key":"","Default":"0","Extra":""},{"Field":"created_at","Type":"timestamp","Null":"NO","Key":"","Default":"current_timestamp()","Extra":""},{"Field":"favorite_sport","Type":"varchar(50)","Null":"YES","Key":"","Default":null,"Extra":""},{"Field":"favorite_team","Type":"varchar(50)","Null":"YES","Key":"","Default":null,"Extra":""},{"Field":"account_type","Type":"enum('user','admin')","Null":"YES","Key":"","Default":"user","Extra":""}]
[23-Apr-2025 23:11:26 Europe/Berlin] Number of users in database: 13
[23-Apr-2025 23:11:26 Europe/Berlin] All tables initialized successfully
[23-Apr-2025 23:11:26 Europe/Berlin] Connected to database. Tables found: favorites, feedback, matches, matches_backup, matches_new, news, newsletter, notifications, players, subscriptions, users
[23-Apr-2025 23:11:26 Europe/Berlin] Executing SQL: CREATE TABLE IF NOT EXISTS users (
                id INT AUTO_INCREMENT PRIMARY KEY,
                username VARCHAR(50) NOT NULL UNIQUE,
                password VARCHAR(255) NOT NULL,
                email VARCHAR(100) NOT NULL UNIQUE,
                account_type ENUM('user', 'admin') DEFAULT 'user',
                created_at TIMESTAMP DEFAULT CURRENT_TIMESTAMP
            )
[23-Apr-2025 23:11:26 Europe/Berlin] With params: []
[23-Apr-2025 23:11:26 Europe/Berlin] Query executed successfully. Found 0 rows
[23-Apr-2025 23:11:26 Europe/Berlin] Users table created or already exists
[23-Apr-2025 23:11:26 Europe/Berlin] Users table structure: [{"Field":"id","Type":"int(11)","Null":"NO","Key":"PRI","Default":null,"Extra":"auto_increment"},{"Field":"username","Type":"varchar(50)","Null":"NO","Key":"","Default":null,"Extra":""},{"Field":"email","Type":"varchar(100)","Null":"NO","Key":"UNI","Default":null,"Extra":""},{"Field":"password","Type":"varchar(255)","Null":"NO","Key":"","Default":null,"Extra":""},{"Field":"role","Type":"enum('user','admin')","Null":"YES","Key":"","Default":"user","Extra":""},{"Field":"verification_code","Type":"varchar(100)","Null":"YES","Key":"","Default":null,"Extra":""},{"Field":"is_verified","Type":"tinyint(1)","Null":"YES","Key":"","Default":"0","Extra":""},{"Field":"created_at","Type":"timestamp","Null":"NO","Key":"","Default":"current_timestamp()","Extra":""},{"Field":"favorite_sport","Type":"varchar(50)","Null":"YES","Key":"","Default":null,"Extra":""},{"Field":"favorite_team","Type":"varchar(50)","Null":"YES","Key":"","Default":null,"Extra":""},{"Field":"account_type","Type":"enum('user','admin')","Null":"YES","Key":"","Default":"user","Extra":""}]
[23-Apr-2025 23:11:26 Europe/Berlin] Number of users in database: 13
[23-Apr-2025 23:11:26 Europe/Berlin] All tables initialized successfully
[23-Apr-2025 23:11:26 Europe/Berlin] Database tables initialized successfully
[23-Apr-2025 23:11:26 Europe/Berlin] Executing SQL: SELECT * FROM users WHERE id = :id
[23-Apr-2025 23:11:26 Europe/Berlin] With params: {":id":12}
[23-Apr-2025 23:11:26 Europe/Berlin] Query executed successfully. Found 1 rows
[23-Apr-2025 23:11:26 Europe/Berlin] User loaded from session: varunpndey
[23-Apr-2025 23:11:26 Europe/Berlin] Executing SQL: SELECT * FROM users WHERE id = :id
[23-Apr-2025 23:11:26 Europe/Berlin] With params: {":id":12}
[23-Apr-2025 23:11:26 Europe/Berlin] Query executed successfully. Found 1 rows
[23-Apr-2025 23:11:26 Europe/Berlin] Executing SQL: SELECT * FROM news ORDER BY created_at DESC
[23-Apr-2025 23:11:26 Europe/Berlin] With params: []
[23-Apr-2025 23:11:26 Europe/Berlin] Query executed successfully. Found 2 rows
[23-Apr-2025 23:11:26 Europe/Berlin] Executing SQL: SELECT * FROM feedback ORDER BY created_at DESC
[23-Apr-2025 23:11:26 Europe/Berlin] With params: []
[23-Apr-2025 23:11:26 Europe/Berlin] Query executed successfully. Found 12 rows
[23-Apr-2025 23:11:26 Europe/Berlin] Executing SQL: UPDATE feedback SET status = :status WHERE id = :id
[23-Apr-2025 23:11:26 Europe/Berlin] With params: {":status":"read",":id":"10"}
[23-Apr-2025 23:11:27 Europe/Berlin] Query executed successfully. Found 0 rows
[23-Apr-2025 23:11:27 Europe/Berlin] Executing SQL: SELECT * FROM matches WHERE status = 'live'
[23-Apr-2025 23:11:27 Europe/Berlin] With params: []
[23-Apr-2025 23:11:27 Europe/Berlin] Query executed successfully. Found 1 rows
[23-Apr-2025 23:11:27 Europe/Berlin] Executing SQL: SELECT * FROM matches WHERE 1=1 ORDER BY match_time DESC
[23-Apr-2025 23:11:27 Europe/Berlin] With params: []
[23-Apr-2025 23:11:27 Europe/Berlin] Query executed successfully. Found 4 rows
[23-Apr-2025 23:11:33 Europe/Berlin] Connected to database. Tables found: favorites, feedback, matches, matches_backup, matches_new, news, newsletter, notifications, players, subscriptions, users
[23-Apr-2025 23:11:33 Europe/Berlin] Executing SQL: CREATE TABLE IF NOT EXISTS users (
                id INT AUTO_INCREMENT PRIMARY KEY,
                username VARCHAR(50) NOT NULL UNIQUE,
                password VARCHAR(255) NOT NULL,
                email VARCHAR(100) NOT NULL UNIQUE,
                account_type ENUM('user', 'admin') DEFAULT 'user',
                created_at TIMESTAMP DEFAULT CURRENT_TIMESTAMP
            )
[23-Apr-2025 23:11:33 Europe/Berlin] With params: []
[23-Apr-2025 23:11:33 Europe/Berlin] Query executed successfully. Found 0 rows
[23-Apr-2025 23:11:33 Europe/Berlin] Users table created or already exists
[23-Apr-2025 23:11:33 Europe/Berlin] Users table structure: [{"Field":"id","Type":"int(11)","Null":"NO","Key":"PRI","Default":null,"Extra":"auto_increment"},{"Field":"username","Type":"varchar(50)","Null":"NO","Key":"","Default":null,"Extra":""},{"Field":"email","Type":"varchar(100)","Null":"NO","Key":"UNI","Default":null,"Extra":""},{"Field":"password","Type":"varchar(255)","Null":"NO","Key":"","Default":null,"Extra":""},{"Field":"role","Type":"enum('user','admin')","Null":"YES","Key":"","Default":"user","Extra":""},{"Field":"verification_code","Type":"varchar(100)","Null":"YES","Key":"","Default":null,"Extra":""},{"Field":"is_verified","Type":"tinyint(1)","Null":"YES","Key":"","Default":"0","Extra":""},{"Field":"created_at","Type":"timestamp","Null":"NO","Key":"","Default":"current_timestamp()","Extra":""},{"Field":"favorite_sport","Type":"varchar(50)","Null":"YES","Key":"","Default":null,"Extra":""},{"Field":"favorite_team","Type":"varchar(50)","Null":"YES","Key":"","Default":null,"Extra":""},{"Field":"account_type","Type":"enum('user','admin')","Null":"YES","Key":"","Default":"user","Extra":""}]
[23-Apr-2025 23:11:33 Europe/Berlin] Number of users in database: 13
[23-Apr-2025 23:11:33 Europe/Berlin] All tables initialized successfully
[23-Apr-2025 23:11:33 Europe/Berlin] Connected to database. Tables found: favorites, feedback, matches, matches_backup, matches_new, news, newsletter, notifications, players, subscriptions, users
[23-Apr-2025 23:11:33 Europe/Berlin] Executing SQL: CREATE TABLE IF NOT EXISTS users (
                id INT AUTO_INCREMENT PRIMARY KEY,
                username VARCHAR(50) NOT NULL UNIQUE,
                password VARCHAR(255) NOT NULL,
                email VARCHAR(100) NOT NULL UNIQUE,
                account_type ENUM('user', 'admin') DEFAULT 'user',
                created_at TIMESTAMP DEFAULT CURRENT_TIMESTAMP
            )
[23-Apr-2025 23:11:33 Europe/Berlin] With params: []
[23-Apr-2025 23:11:33 Europe/Berlin] Query executed successfully. Found 0 rows
[23-Apr-2025 23:11:33 Europe/Berlin] Users table created or already exists
[23-Apr-2025 23:11:33 Europe/Berlin] Users table structure: [{"Field":"id","Type":"int(11)","Null":"NO","Key":"PRI","Default":null,"Extra":"auto_increment"},{"Field":"username","Type":"varchar(50)","Null":"NO","Key":"","Default":null,"Extra":""},{"Field":"email","Type":"varchar(100)","Null":"NO","Key":"UNI","Default":null,"Extra":""},{"Field":"password","Type":"varchar(255)","Null":"NO","Key":"","Default":null,"Extra":""},{"Field":"role","Type":"enum('user','admin')","Null":"YES","Key":"","Default":"user","Extra":""},{"Field":"verification_code","Type":"varchar(100)","Null":"YES","Key":"","Default":null,"Extra":""},{"Field":"is_verified","Type":"tinyint(1)","Null":"YES","Key":"","Default":"0","Extra":""},{"Field":"created_at","Type":"timestamp","Null":"NO","Key":"","Default":"current_timestamp()","Extra":""},{"Field":"favorite_sport","Type":"varchar(50)","Null":"YES","Key":"","Default":null,"Extra":""},{"Field":"favorite_team","Type":"varchar(50)","Null":"YES","Key":"","Default":null,"Extra":""},{"Field":"account_type","Type":"enum('user','admin')","Null":"YES","Key":"","Default":"user","Extra":""}]
[23-Apr-2025 23:11:33 Europe/Berlin] Number of users in database: 13
[23-Apr-2025 23:11:33 Europe/Berlin] All tables initialized successfully
[23-Apr-2025 23:11:33 Europe/Berlin] Database tables initialized successfully
[23-Apr-2025 23:11:33 Europe/Berlin] Executing SQL: SELECT * FROM users WHERE id = :id
[23-Apr-2025 23:11:33 Europe/Berlin] With params: {":id":12}
[23-Apr-2025 23:11:33 Europe/Berlin] Query executed successfully. Found 1 rows
[23-Apr-2025 23:11:33 Europe/Berlin] User loaded from session: varunpndey
[23-Apr-2025 23:11:33 Europe/Berlin] Executing SQL: SELECT * FROM users WHERE id = :id
[23-Apr-2025 23:11:33 Europe/Berlin] With params: {":id":12}
[23-Apr-2025 23:11:33 Europe/Berlin] Query executed successfully. Found 1 rows
[23-Apr-2025 23:11:33 Europe/Berlin] Executing SQL: SELECT * FROM news ORDER BY created_at DESC
[23-Apr-2025 23:11:33 Europe/Berlin] With params: []
[23-Apr-2025 23:11:33 Europe/Berlin] Query executed successfully. Found 2 rows
[23-Apr-2025 23:11:33 Europe/Berlin] Executing SQL: SELECT * FROM feedback ORDER BY created_at DESC
[23-Apr-2025 23:11:33 Europe/Berlin] With params: []
[23-Apr-2025 23:11:33 Europe/Berlin] Query executed successfully. Found 12 rows
[23-Apr-2025 23:11:33 Europe/Berlin] Executing SQL: UPDATE feedback SET status = :status WHERE id = :id
[23-Apr-2025 23:11:33 Europe/Berlin] With params: {":status":"read",":id":"10"}
[23-Apr-2025 23:11:33 Europe/Berlin] Query executed successfully. Found 0 rows
[23-Apr-2025 23:11:33 Europe/Berlin] Executing SQL: SELECT * FROM matches WHERE status = 'live'
[23-Apr-2025 23:11:33 Europe/Berlin] With params: []
[23-Apr-2025 23:11:33 Europe/Berlin] Query executed successfully. Found 1 rows
[23-Apr-2025 23:11:33 Europe/Berlin] Executing SQL: SELECT * FROM matches WHERE 1=1 ORDER BY match_time DESC
[23-Apr-2025 23:11:33 Europe/Berlin] With params: []
[23-Apr-2025 23:11:33 Europe/Berlin] Query executed successfully. Found 4 rows
[23-Apr-2025 23:11:59 Europe/Berlin] Connected to database. Tables found: favorites, feedback, matches, matches_backup, matches_new, news, newsletter, notifications, players, subscriptions, users
[23-Apr-2025 23:12:00 Europe/Berlin] Executing SQL: CREATE TABLE IF NOT EXISTS users (
                id INT AUTO_INCREMENT PRIMARY KEY,
                username VARCHAR(50) NOT NULL UNIQUE,
                password VARCHAR(255) NOT NULL,
                email VARCHAR(100) NOT NULL UNIQUE,
                account_type ENUM('user', 'admin') DEFAULT 'user',
                created_at TIMESTAMP DEFAULT CURRENT_TIMESTAMP
            )
[23-Apr-2025 23:12:00 Europe/Berlin] With params: []
[23-Apr-2025 23:12:00 Europe/Berlin] Query executed successfully. Found 0 rows
[23-Apr-2025 23:12:00 Europe/Berlin] Users table created or already exists
[23-Apr-2025 23:12:00 Europe/Berlin] Users table structure: [{"Field":"id","Type":"int(11)","Null":"NO","Key":"PRI","Default":null,"Extra":"auto_increment"},{"Field":"username","Type":"varchar(50)","Null":"NO","Key":"","Default":null,"Extra":""},{"Field":"email","Type":"varchar(100)","Null":"NO","Key":"UNI","Default":null,"Extra":""},{"Field":"password","Type":"varchar(255)","Null":"NO","Key":"","Default":null,"Extra":""},{"Field":"role","Type":"enum('user','admin')","Null":"YES","Key":"","Default":"user","Extra":""},{"Field":"verification_code","Type":"varchar(100)","Null":"YES","Key":"","Default":null,"Extra":""},{"Field":"is_verified","Type":"tinyint(1)","Null":"YES","Key":"","Default":"0","Extra":""},{"Field":"created_at","Type":"timestamp","Null":"NO","Key":"","Default":"current_timestamp()","Extra":""},{"Field":"favorite_sport","Type":"varchar(50)","Null":"YES","Key":"","Default":null,"Extra":""},{"Field":"favorite_team","Type":"varchar(50)","Null":"YES","Key":"","Default":null,"Extra":""},{"Field":"account_type","Type":"enum('user','admin')","Null":"YES","Key":"","Default":"user","Extra":""}]
[23-Apr-2025 23:12:00 Europe/Berlin] Number of users in database: 13
[23-Apr-2025 23:12:00 Europe/Berlin] All tables initialized successfully
[23-Apr-2025 23:12:00 Europe/Berlin] Connected to database. Tables found: favorites, feedback, matches, matches_backup, matches_new, news, newsletter, notifications, players, subscriptions, users
[23-Apr-2025 23:12:00 Europe/Berlin] Executing SQL: CREATE TABLE IF NOT EXISTS users (
                id INT AUTO_INCREMENT PRIMARY KEY,
                username VARCHAR(50) NOT NULL UNIQUE,
                password VARCHAR(255) NOT NULL,
                email VARCHAR(100) NOT NULL UNIQUE,
                account_type ENUM('user', 'admin') DEFAULT 'user',
                created_at TIMESTAMP DEFAULT CURRENT_TIMESTAMP
            )
[23-Apr-2025 23:12:00 Europe/Berlin] With params: []
[23-Apr-2025 23:12:00 Europe/Berlin] Query executed successfully. Found 0 rows
[23-Apr-2025 23:12:00 Europe/Berlin] Users table created or already exists
[23-Apr-2025 23:12:00 Europe/Berlin] Users table structure: [{"Field":"id","Type":"int(11)","Null":"NO","Key":"PRI","Default":null,"Extra":"auto_increment"},{"Field":"username","Type":"varchar(50)","Null":"NO","Key":"","Default":null,"Extra":""},{"Field":"email","Type":"varchar(100)","Null":"NO","Key":"UNI","Default":null,"Extra":""},{"Field":"password","Type":"varchar(255)","Null":"NO","Key":"","Default":null,"Extra":""},{"Field":"role","Type":"enum('user','admin')","Null":"YES","Key":"","Default":"user","Extra":""},{"Field":"verification_code","Type":"varchar(100)","Null":"YES","Key":"","Default":null,"Extra":""},{"Field":"is_verified","Type":"tinyint(1)","Null":"YES","Key":"","Default":"0","Extra":""},{"Field":"created_at","Type":"timestamp","Null":"NO","Key":"","Default":"current_timestamp()","Extra":""},{"Field":"favorite_sport","Type":"varchar(50)","Null":"YES","Key":"","Default":null,"Extra":""},{"Field":"favorite_team","Type":"varchar(50)","Null":"YES","Key":"","Default":null,"Extra":""},{"Field":"account_type","Type":"enum('user','admin')","Null":"YES","Key":"","Default":"user","Extra":""}]
[23-Apr-2025 23:12:00 Europe/Berlin] Number of users in database: 13
[23-Apr-2025 23:12:00 Europe/Berlin] All tables initialized successfully
[23-Apr-2025 23:12:00 Europe/Berlin] Database tables initialized successfully
[23-Apr-2025 23:12:00 Europe/Berlin] Executing SQL: SELECT * FROM users WHERE id = :id
[23-Apr-2025 23:12:00 Europe/Berlin] With params: {":id":12}
[23-Apr-2025 23:12:00 Europe/Berlin] Query executed successfully. Found 1 rows
[23-Apr-2025 23:12:00 Europe/Berlin] User loaded from session: varunpndey
[23-Apr-2025 23:12:00 Europe/Berlin] Executing SQL: SELECT * FROM users WHERE id = :id
[23-Apr-2025 23:12:00 Europe/Berlin] With params: {":id":12}
[23-Apr-2025 23:12:00 Europe/Berlin] Query executed successfully. Found 1 rows
[23-Apr-2025 23:12:00 Europe/Berlin] Executing SQL: SELECT * FROM news ORDER BY created_at DESC
[23-Apr-2025 23:12:00 Europe/Berlin] With params: []
[23-Apr-2025 23:12:00 Europe/Berlin] Query executed successfully. Found 2 rows
[23-Apr-2025 23:12:00 Europe/Berlin] Executing SQL: SELECT * FROM feedback ORDER BY created_at DESC
[23-Apr-2025 23:12:00 Europe/Berlin] With params: []
[23-Apr-2025 23:12:00 Europe/Berlin] Query executed successfully. Found 12 rows
[23-Apr-2025 23:12:00 Europe/Berlin] Executing SQL: UPDATE feedback SET status = :status WHERE id = :id
[23-Apr-2025 23:12:00 Europe/Berlin] With params: {":status":"read",":id":"9"}
[23-Apr-2025 23:12:00 Europe/Berlin] Query executed successfully. Found 0 rows
[23-Apr-2025 23:12:00 Europe/Berlin] Executing SQL: SELECT * FROM matches WHERE status = 'live'
[23-Apr-2025 23:12:00 Europe/Berlin] With params: []
[23-Apr-2025 23:12:00 Europe/Berlin] Query executed successfully. Found 1 rows
[23-Apr-2025 23:12:00 Europe/Berlin] Executing SQL: SELECT * FROM matches WHERE 1=1 ORDER BY match_time DESC
[23-Apr-2025 23:12:00 Europe/Berlin] With params: []
[23-Apr-2025 23:12:00 Europe/Berlin] Query executed successfully. Found 4 rows
[23-Apr-2025 23:12:25 Europe/Berlin] Connected to database. Tables found: favorites, feedback, matches, matches_backup, matches_new, news, newsletter, notifications, players, subscriptions, users
[23-Apr-2025 23:12:25 Europe/Berlin] Executing SQL: CREATE TABLE IF NOT EXISTS users (
                id INT AUTO_INCREMENT PRIMARY KEY,
                username VARCHAR(50) NOT NULL UNIQUE,
                password VARCHAR(255) NOT NULL,
                email VARCHAR(100) NOT NULL UNIQUE,
                account_type ENUM('user', 'admin') DEFAULT 'user',
                created_at TIMESTAMP DEFAULT CURRENT_TIMESTAMP
            )
[23-Apr-2025 23:12:25 Europe/Berlin] With params: []
[23-Apr-2025 23:12:25 Europe/Berlin] Query executed successfully. Found 0 rows
[23-Apr-2025 23:12:25 Europe/Berlin] Users table created or already exists
[23-Apr-2025 23:12:25 Europe/Berlin] Users table structure: [{"Field":"id","Type":"int(11)","Null":"NO","Key":"PRI","Default":null,"Extra":"auto_increment"},{"Field":"username","Type":"varchar(50)","Null":"NO","Key":"","Default":null,"Extra":""},{"Field":"email","Type":"varchar(100)","Null":"NO","Key":"UNI","Default":null,"Extra":""},{"Field":"password","Type":"varchar(255)","Null":"NO","Key":"","Default":null,"Extra":""},{"Field":"role","Type":"enum('user','admin')","Null":"YES","Key":"","Default":"user","Extra":""},{"Field":"verification_code","Type":"varchar(100)","Null":"YES","Key":"","Default":null,"Extra":""},{"Field":"is_verified","Type":"tinyint(1)","Null":"YES","Key":"","Default":"0","Extra":""},{"Field":"created_at","Type":"timestamp","Null":"NO","Key":"","Default":"current_timestamp()","Extra":""},{"Field":"favorite_sport","Type":"varchar(50)","Null":"YES","Key":"","Default":null,"Extra":""},{"Field":"favorite_team","Type":"varchar(50)","Null":"YES","Key":"","Default":null,"Extra":""},{"Field":"account_type","Type":"enum('user','admin')","Null":"YES","Key":"","Default":"user","Extra":""}]
[23-Apr-2025 23:12:25 Europe/Berlin] Number of users in database: 13
[23-Apr-2025 23:12:25 Europe/Berlin] All tables initialized successfully
[23-Apr-2025 23:12:25 Europe/Berlin] Connected to database. Tables found: favorites, feedback, matches, matches_backup, matches_new, news, newsletter, notifications, players, subscriptions, users
[23-Apr-2025 23:12:25 Europe/Berlin] Executing SQL: CREATE TABLE IF NOT EXISTS users (
                id INT AUTO_INCREMENT PRIMARY KEY,
                username VARCHAR(50) NOT NULL UNIQUE,
                password VARCHAR(255) NOT NULL,
                email VARCHAR(100) NOT NULL UNIQUE,
                account_type ENUM('user', 'admin') DEFAULT 'user',
                created_at TIMESTAMP DEFAULT CURRENT_TIMESTAMP
            )
[23-Apr-2025 23:12:25 Europe/Berlin] With params: []
[23-Apr-2025 23:12:25 Europe/Berlin] Query executed successfully. Found 0 rows
[23-Apr-2025 23:12:25 Europe/Berlin] Users table created or already exists
[23-Apr-2025 23:12:25 Europe/Berlin] Users table structure: [{"Field":"id","Type":"int(11)","Null":"NO","Key":"PRI","Default":null,"Extra":"auto_increment"},{"Field":"username","Type":"varchar(50)","Null":"NO","Key":"","Default":null,"Extra":""},{"Field":"email","Type":"varchar(100)","Null":"NO","Key":"UNI","Default":null,"Extra":""},{"Field":"password","Type":"varchar(255)","Null":"NO","Key":"","Default":null,"Extra":""},{"Field":"role","Type":"enum('user','admin')","Null":"YES","Key":"","Default":"user","Extra":""},{"Field":"verification_code","Type":"varchar(100)","Null":"YES","Key":"","Default":null,"Extra":""},{"Field":"is_verified","Type":"tinyint(1)","Null":"YES","Key":"","Default":"0","Extra":""},{"Field":"created_at","Type":"timestamp","Null":"NO","Key":"","Default":"current_timestamp()","Extra":""},{"Field":"favorite_sport","Type":"varchar(50)","Null":"YES","Key":"","Default":null,"Extra":""},{"Field":"favorite_team","Type":"varchar(50)","Null":"YES","Key":"","Default":null,"Extra":""},{"Field":"account_type","Type":"enum('user','admin')","Null":"YES","Key":"","Default":"user","Extra":""}]
[23-Apr-2025 23:12:25 Europe/Berlin] Number of users in database: 13
[23-Apr-2025 23:12:25 Europe/Berlin] All tables initialized successfully
[23-Apr-2025 23:12:25 Europe/Berlin] Database tables initialized successfully
[23-Apr-2025 23:12:25 Europe/Berlin] Executing SQL: SELECT * FROM users WHERE id = :id
[23-Apr-2025 23:12:25 Europe/Berlin] With params: {":id":12}
[23-Apr-2025 23:12:25 Europe/Berlin] Query executed successfully. Found 1 rows
[23-Apr-2025 23:12:25 Europe/Berlin] User loaded from session: varunpndey
[23-Apr-2025 23:12:25 Europe/Berlin] Executing SQL: SELECT * FROM users WHERE id = :id
[23-Apr-2025 23:12:25 Europe/Berlin] With params: {":id":12}
[23-Apr-2025 23:12:25 Europe/Berlin] Query executed successfully. Found 1 rows
[23-Apr-2025 23:12:25 Europe/Berlin] Executing SQL: SELECT * FROM news ORDER BY created_at DESC
[23-Apr-2025 23:12:25 Europe/Berlin] With params: []
[23-Apr-2025 23:12:25 Europe/Berlin] Query executed successfully. Found 2 rows
[23-Apr-2025 23:12:25 Europe/Berlin] Executing SQL: SELECT * FROM feedback ORDER BY created_at DESC
[23-Apr-2025 23:12:25 Europe/Berlin] With params: []
[23-Apr-2025 23:12:25 Europe/Berlin] Query executed successfully. Found 12 rows
[23-Apr-2025 23:12:25 Europe/Berlin] Executing SQL: UPDATE feedback SET status = :status WHERE id = :id
[23-Apr-2025 23:12:25 Europe/Berlin] With params: {":status":"read",":id":"9"}
[23-Apr-2025 23:12:25 Europe/Berlin] Query executed successfully. Found 0 rows
[23-Apr-2025 23:12:25 Europe/Berlin] Executing SQL: SELECT * FROM matches WHERE status = 'live'
[23-Apr-2025 23:12:25 Europe/Berlin] With params: []
[23-Apr-2025 23:12:25 Europe/Berlin] Query executed successfully. Found 1 rows
[23-Apr-2025 23:12:25 Europe/Berlin] Executing SQL: SELECT * FROM matches WHERE 1=1 ORDER BY match_time DESC
[23-Apr-2025 23:12:25 Europe/Berlin] With params: []
[23-Apr-2025 23:12:25 Europe/Berlin] Query executed successfully. Found 4 rows
[23-Apr-2025 23:13:44 Europe/Berlin] Connected to database. Tables found: favorites, feedback, matches, matches_backup, matches_new, news, newsletter, notifications, players, subscriptions, users
[23-Apr-2025 23:13:44 Europe/Berlin] Executing SQL: CREATE TABLE IF NOT EXISTS users (
                id INT AUTO_INCREMENT PRIMARY KEY,
                username VARCHAR(50) NOT NULL UNIQUE,
                password VARCHAR(255) NOT NULL,
                email VARCHAR(100) NOT NULL UNIQUE,
                account_type ENUM('user', 'admin') DEFAULT 'user',
                created_at TIMESTAMP DEFAULT CURRENT_TIMESTAMP
            )
[23-Apr-2025 23:13:44 Europe/Berlin] With params: []
[23-Apr-2025 23:13:44 Europe/Berlin] Query executed successfully. Found 0 rows
[23-Apr-2025 23:13:44 Europe/Berlin] Users table created or already exists
[23-Apr-2025 23:13:44 Europe/Berlin] Users table structure: [{"Field":"id","Type":"int(11)","Null":"NO","Key":"PRI","Default":null,"Extra":"auto_increment"},{"Field":"username","Type":"varchar(50)","Null":"NO","Key":"","Default":null,"Extra":""},{"Field":"email","Type":"varchar(100)","Null":"NO","Key":"UNI","Default":null,"Extra":""},{"Field":"password","Type":"varchar(255)","Null":"NO","Key":"","Default":null,"Extra":""},{"Field":"role","Type":"enum('user','admin')","Null":"YES","Key":"","Default":"user","Extra":""},{"Field":"verification_code","Type":"varchar(100)","Null":"YES","Key":"","Default":null,"Extra":""},{"Field":"is_verified","Type":"tinyint(1)","Null":"YES","Key":"","Default":"0","Extra":""},{"Field":"created_at","Type":"timestamp","Null":"NO","Key":"","Default":"current_timestamp()","Extra":""},{"Field":"favorite_sport","Type":"varchar(50)","Null":"YES","Key":"","Default":null,"Extra":""},{"Field":"favorite_team","Type":"varchar(50)","Null":"YES","Key":"","Default":null,"Extra":""},{"Field":"account_type","Type":"enum('user','admin')","Null":"YES","Key":"","Default":"user","Extra":""}]
[23-Apr-2025 23:13:44 Europe/Berlin] Number of users in database: 13
[23-Apr-2025 23:13:44 Europe/Berlin] All tables initialized successfully
[23-Apr-2025 23:13:44 Europe/Berlin] Connected to database. Tables found: favorites, feedback, matches, matches_backup, matches_new, news, newsletter, notifications, players, subscriptions, users
[23-Apr-2025 23:13:44 Europe/Berlin] Executing SQL: CREATE TABLE IF NOT EXISTS users (
                id INT AUTO_INCREMENT PRIMARY KEY,
                username VARCHAR(50) NOT NULL UNIQUE,
                password VARCHAR(255) NOT NULL,
                email VARCHAR(100) NOT NULL UNIQUE,
                account_type ENUM('user', 'admin') DEFAULT 'user',
                created_at TIMESTAMP DEFAULT CURRENT_TIMESTAMP
            )
[23-Apr-2025 23:13:44 Europe/Berlin] With params: []
[23-Apr-2025 23:13:44 Europe/Berlin] Query executed successfully. Found 0 rows
[23-Apr-2025 23:13:44 Europe/Berlin] Users table created or already exists
[23-Apr-2025 23:13:44 Europe/Berlin] Users table structure: [{"Field":"id","Type":"int(11)","Null":"NO","Key":"PRI","Default":null,"Extra":"auto_increment"},{"Field":"username","Type":"varchar(50)","Null":"NO","Key":"","Default":null,"Extra":""},{"Field":"email","Type":"varchar(100)","Null":"NO","Key":"UNI","Default":null,"Extra":""},{"Field":"password","Type":"varchar(255)","Null":"NO","Key":"","Default":null,"Extra":""},{"Field":"role","Type":"enum('user','admin')","Null":"YES","Key":"","Default":"user","Extra":""},{"Field":"verification_code","Type":"varchar(100)","Null":"YES","Key":"","Default":null,"Extra":""},{"Field":"is_verified","Type":"tinyint(1)","Null":"YES","Key":"","Default":"0","Extra":""},{"Field":"created_at","Type":"timestamp","Null":"NO","Key":"","Default":"current_timestamp()","Extra":""},{"Field":"favorite_sport","Type":"varchar(50)","Null":"YES","Key":"","Default":null,"Extra":""},{"Field":"favorite_team","Type":"varchar(50)","Null":"YES","Key":"","Default":null,"Extra":""},{"Field":"account_type","Type":"enum('user','admin')","Null":"YES","Key":"","Default":"user","Extra":""}]
[23-Apr-2025 23:13:44 Europe/Berlin] Number of users in database: 13
[23-Apr-2025 23:13:44 Europe/Berlin] All tables initialized successfully
[23-Apr-2025 23:13:44 Europe/Berlin] Database tables initialized successfully
[23-Apr-2025 23:13:44 Europe/Berlin] Executing SQL: SELECT * FROM users WHERE id = :id
[23-Apr-2025 23:13:44 Europe/Berlin] With params: {":id":12}
[23-Apr-2025 23:13:44 Europe/Berlin] Query executed successfully. Found 1 rows
[23-Apr-2025 23:13:44 Europe/Berlin] User loaded from session: varunpndey
[23-Apr-2025 23:13:44 Europe/Berlin] Executing SQL: SELECT * FROM users WHERE id = :id
[23-Apr-2025 23:13:44 Europe/Berlin] With params: {":id":12}
[23-Apr-2025 23:13:44 Europe/Berlin] Query executed successfully. Found 1 rows
[23-Apr-2025 23:13:44 Europe/Berlin] Executing SQL: SELECT * FROM news ORDER BY created_at DESC
[23-Apr-2025 23:13:44 Europe/Berlin] With params: []
[23-Apr-2025 23:13:44 Europe/Berlin] Query executed successfully. Found 2 rows
[23-Apr-2025 23:13:44 Europe/Berlin] Executing SQL: SELECT * FROM feedback ORDER BY created_at DESC
[23-Apr-2025 23:13:44 Europe/Berlin] With params: []
[23-Apr-2025 23:13:44 Europe/Berlin] Query executed successfully. Found 12 rows
[23-Apr-2025 23:13:44 Europe/Berlin] Executing SQL: DELETE FROM feedback WHERE id = :id
[23-Apr-2025 23:13:44 Europe/Berlin] With params: {":id":"9"}
[23-Apr-2025 23:13:44 Europe/Berlin] Query executed successfully. Found 0 rows
[23-Apr-2025 23:13:44 Europe/Berlin] Executing SQL: SELECT * FROM matches WHERE status = 'live'
[23-Apr-2025 23:13:44 Europe/Berlin] With params: []
[23-Apr-2025 23:13:44 Europe/Berlin] Query executed successfully. Found 1 rows
[23-Apr-2025 23:13:44 Europe/Berlin] Executing SQL: SELECT * FROM matches WHERE 1=1 ORDER BY match_time DESC
[23-Apr-2025 23:13:44 Europe/Berlin] With params: []
[23-Apr-2025 23:13:44 Europe/Berlin] Query executed successfully. Found 4 rows
[23-Apr-2025 23:14:10 Europe/Berlin] Connected to database. Tables found: favorites, feedback, matches, matches_backup, matches_new, news, newsletter, notifications, players, subscriptions, users
[23-Apr-2025 23:14:10 Europe/Berlin] Executing SQL: CREATE TABLE IF NOT EXISTS users (
                id INT AUTO_INCREMENT PRIMARY KEY,
                username VARCHAR(50) NOT NULL UNIQUE,
                password VARCHAR(255) NOT NULL,
                email VARCHAR(100) NOT NULL UNIQUE,
                account_type ENUM('user', 'admin') DEFAULT 'user',
                created_at TIMESTAMP DEFAULT CURRENT_TIMESTAMP
            )
[23-Apr-2025 23:14:10 Europe/Berlin] With params: []
[23-Apr-2025 23:14:10 Europe/Berlin] Query executed successfully. Found 0 rows
[23-Apr-2025 23:14:10 Europe/Berlin] Users table created or already exists
[23-Apr-2025 23:14:10 Europe/Berlin] Users table structure: [{"Field":"id","Type":"int(11)","Null":"NO","Key":"PRI","Default":null,"Extra":"auto_increment"},{"Field":"username","Type":"varchar(50)","Null":"NO","Key":"","Default":null,"Extra":""},{"Field":"email","Type":"varchar(100)","Null":"NO","Key":"UNI","Default":null,"Extra":""},{"Field":"password","Type":"varchar(255)","Null":"NO","Key":"","Default":null,"Extra":""},{"Field":"role","Type":"enum('user','admin')","Null":"YES","Key":"","Default":"user","Extra":""},{"Field":"verification_code","Type":"varchar(100)","Null":"YES","Key":"","Default":null,"Extra":""},{"Field":"is_verified","Type":"tinyint(1)","Null":"YES","Key":"","Default":"0","Extra":""},{"Field":"created_at","Type":"timestamp","Null":"NO","Key":"","Default":"current_timestamp()","Extra":""},{"Field":"favorite_sport","Type":"varchar(50)","Null":"YES","Key":"","Default":null,"Extra":""},{"Field":"favorite_team","Type":"varchar(50)","Null":"YES","Key":"","Default":null,"Extra":""},{"Field":"account_type","Type":"enum('user','admin')","Null":"YES","Key":"","Default":"user","Extra":""}]
[23-Apr-2025 23:14:10 Europe/Berlin] Number of users in database: 13
[23-Apr-2025 23:14:10 Europe/Berlin] All tables initialized successfully
[23-Apr-2025 23:14:10 Europe/Berlin] Connected to database. Tables found: favorites, feedback, matches, matches_backup, matches_new, news, newsletter, notifications, players, subscriptions, users
[23-Apr-2025 23:14:10 Europe/Berlin] Executing SQL: CREATE TABLE IF NOT EXISTS users (
                id INT AUTO_INCREMENT PRIMARY KEY,
                username VARCHAR(50) NOT NULL UNIQUE,
                password VARCHAR(255) NOT NULL,
                email VARCHAR(100) NOT NULL UNIQUE,
                account_type ENUM('user', 'admin') DEFAULT 'user',
                created_at TIMESTAMP DEFAULT CURRENT_TIMESTAMP
            )
[23-Apr-2025 23:14:10 Europe/Berlin] With params: []
[23-Apr-2025 23:14:10 Europe/Berlin] Query executed successfully. Found 0 rows
[23-Apr-2025 23:14:10 Europe/Berlin] Users table created or already exists
[23-Apr-2025 23:14:10 Europe/Berlin] Users table structure: [{"Field":"id","Type":"int(11)","Null":"NO","Key":"PRI","Default":null,"Extra":"auto_increment"},{"Field":"username","Type":"varchar(50)","Null":"NO","Key":"","Default":null,"Extra":""},{"Field":"email","Type":"varchar(100)","Null":"NO","Key":"UNI","Default":null,"Extra":""},{"Field":"password","Type":"varchar(255)","Null":"NO","Key":"","Default":null,"Extra":""},{"Field":"role","Type":"enum('user','admin')","Null":"YES","Key":"","Default":"user","Extra":""},{"Field":"verification_code","Type":"varchar(100)","Null":"YES","Key":"","Default":null,"Extra":""},{"Field":"is_verified","Type":"tinyint(1)","Null":"YES","Key":"","Default":"0","Extra":""},{"Field":"created_at","Type":"timestamp","Null":"NO","Key":"","Default":"current_timestamp()","Extra":""},{"Field":"favorite_sport","Type":"varchar(50)","Null":"YES","Key":"","Default":null,"Extra":""},{"Field":"favorite_team","Type":"varchar(50)","Null":"YES","Key":"","Default":null,"Extra":""},{"Field":"account_type","Type":"enum('user','admin')","Null":"YES","Key":"","Default":"user","Extra":""}]
[23-Apr-2025 23:14:10 Europe/Berlin] Number of users in database: 13
[23-Apr-2025 23:14:10 Europe/Berlin] All tables initialized successfully
[23-Apr-2025 23:14:10 Europe/Berlin] Database tables initialized successfully
[23-Apr-2025 23:14:10 Europe/Berlin] Executing SQL: SELECT * FROM users WHERE id = :id
[23-Apr-2025 23:14:10 Europe/Berlin] With params: {":id":12}
[23-Apr-2025 23:14:10 Europe/Berlin] Query executed successfully. Found 1 rows
[23-Apr-2025 23:14:10 Europe/Berlin] User loaded from session: varunpndey
[23-Apr-2025 23:14:10 Europe/Berlin] Executing SQL: SELECT * FROM users WHERE id = :id
[23-Apr-2025 23:14:10 Europe/Berlin] With params: {":id":12}
[23-Apr-2025 23:14:10 Europe/Berlin] Query executed successfully. Found 1 rows
[23-Apr-2025 23:14:10 Europe/Berlin] Executing SQL: UPDATE matches SET team1 = :team1, team2 = :team2, venue = :venue, match_time = :match_time, sport = :sport, status = :status, team1_score = :team1_score, team2_score = :team2_score, team1_wickets = :team1_wickets, team2_wickets = :team2_wickets, team1_overs = :team1_overs, team2_overs = :team2_overs WHERE id = :id
[23-Apr-2025 23:14:10 Europe/Berlin] With params: {":id":"42",":team1":"Rcb",":team2":"PBKS",":venue":"kolkata",":match_time":"2025-04-26T23:00",":sport":"cricket",":status":"live",":team1_score":"127",":team2_score":"0",":team1_wickets":"4",":team2_wickets":"0",":team1_overs":"13.2",":team2_overs":"0.0"}
[23-Apr-2025 23:14:10 Europe/Berlin] Query executed successfully. Found 0 rows
[23-Apr-2025 23:14:11 Europe/Berlin] Connected to database. Tables found: favorites, feedback, matches, matches_backup, matches_new, news, newsletter, notifications, players, subscriptions, users
[23-Apr-2025 23:14:11 Europe/Berlin] Executing SQL: CREATE TABLE IF NOT EXISTS users (
                id INT AUTO_INCREMENT PRIMARY KEY,
                username VARCHAR(50) NOT NULL UNIQUE,
                password VARCHAR(255) NOT NULL,
                email VARCHAR(100) NOT NULL UNIQUE,
                account_type ENUM('user', 'admin') DEFAULT 'user',
                created_at TIMESTAMP DEFAULT CURRENT_TIMESTAMP
            )
[23-Apr-2025 23:14:11 Europe/Berlin] With params: []
[23-Apr-2025 23:14:11 Europe/Berlin] Query executed successfully. Found 0 rows
[23-Apr-2025 23:14:11 Europe/Berlin] Users table created or already exists
[23-Apr-2025 23:14:11 Europe/Berlin] Users table structure: [{"Field":"id","Type":"int(11)","Null":"NO","Key":"PRI","Default":null,"Extra":"auto_increment"},{"Field":"username","Type":"varchar(50)","Null":"NO","Key":"","Default":null,"Extra":""},{"Field":"email","Type":"varchar(100)","Null":"NO","Key":"UNI","Default":null,"Extra":""},{"Field":"password","Type":"varchar(255)","Null":"NO","Key":"","Default":null,"Extra":""},{"Field":"role","Type":"enum('user','admin')","Null":"YES","Key":"","Default":"user","Extra":""},{"Field":"verification_code","Type":"varchar(100)","Null":"YES","Key":"","Default":null,"Extra":""},{"Field":"is_verified","Type":"tinyint(1)","Null":"YES","Key":"","Default":"0","Extra":""},{"Field":"created_at","Type":"timestamp","Null":"NO","Key":"","Default":"current_timestamp()","Extra":""},{"Field":"favorite_sport","Type":"varchar(50)","Null":"YES","Key":"","Default":null,"Extra":""},{"Field":"favorite_team","Type":"varchar(50)","Null":"YES","Key":"","Default":null,"Extra":""},{"Field":"account_type","Type":"enum('user','admin')","Null":"YES","Key":"","Default":"user","Extra":""}]
[23-Apr-2025 23:14:11 Europe/Berlin] Number of users in database: 13
[23-Apr-2025 23:14:11 Europe/Berlin] All tables initialized successfully
[23-Apr-2025 23:14:11 Europe/Berlin] Connected to database. Tables found: favorites, feedback, matches, matches_backup, matches_new, news, newsletter, notifications, players, subscriptions, users
[23-Apr-2025 23:14:11 Europe/Berlin] Executing SQL: CREATE TABLE IF NOT EXISTS users (
                id INT AUTO_INCREMENT PRIMARY KEY,
                username VARCHAR(50) NOT NULL UNIQUE,
                password VARCHAR(255) NOT NULL,
                email VARCHAR(100) NOT NULL UNIQUE,
                account_type ENUM('user', 'admin') DEFAULT 'user',
                created_at TIMESTAMP DEFAULT CURRENT_TIMESTAMP
            )
[23-Apr-2025 23:14:11 Europe/Berlin] With params: []
[23-Apr-2025 23:14:11 Europe/Berlin] Query executed successfully. Found 0 rows
[23-Apr-2025 23:14:11 Europe/Berlin] Users table created or already exists
[23-Apr-2025 23:14:11 Europe/Berlin] Users table structure: [{"Field":"id","Type":"int(11)","Null":"NO","Key":"PRI","Default":null,"Extra":"auto_increment"},{"Field":"username","Type":"varchar(50)","Null":"NO","Key":"","Default":null,"Extra":""},{"Field":"email","Type":"varchar(100)","Null":"NO","Key":"UNI","Default":null,"Extra":""},{"Field":"password","Type":"varchar(255)","Null":"NO","Key":"","Default":null,"Extra":""},{"Field":"role","Type":"enum('user','admin')","Null":"YES","Key":"","Default":"user","Extra":""},{"Field":"verification_code","Type":"varchar(100)","Null":"YES","Key":"","Default":null,"Extra":""},{"Field":"is_verified","Type":"tinyint(1)","Null":"YES","Key":"","Default":"0","Extra":""},{"Field":"created_at","Type":"timestamp","Null":"NO","Key":"","Default":"current_timestamp()","Extra":""},{"Field":"favorite_sport","Type":"varchar(50)","Null":"YES","Key":"","Default":null,"Extra":""},{"Field":"favorite_team","Type":"varchar(50)","Null":"YES","Key":"","Default":null,"Extra":""},{"Field":"account_type","Type":"enum('user','admin')","Null":"YES","Key":"","Default":"user","Extra":""}]
[23-Apr-2025 23:14:11 Europe/Berlin] Number of users in database: 13
[23-Apr-2025 23:14:11 Europe/Berlin] All tables initialized successfully
[23-Apr-2025 23:14:11 Europe/Berlin] Database tables initialized successfully
[23-Apr-2025 23:14:11 Europe/Berlin] Executing SQL: SELECT * FROM users WHERE id = :id
[23-Apr-2025 23:14:11 Europe/Berlin] With params: {":id":12}
[23-Apr-2025 23:14:11 Europe/Berlin] Query executed successfully. Found 1 rows
[23-Apr-2025 23:14:11 Europe/Berlin] User loaded from session: varunpndey
[23-Apr-2025 23:14:11 Europe/Berlin] Executing SQL: SELECT * FROM users WHERE id = :id
[23-Apr-2025 23:14:11 Europe/Berlin] With params: {":id":12}
[23-Apr-2025 23:14:11 Europe/Berlin] Query executed successfully. Found 1 rows
[23-Apr-2025 23:14:11 Europe/Berlin] Executing SQL: SELECT * FROM news ORDER BY created_at DESC
[23-Apr-2025 23:14:11 Europe/Berlin] With params: []
[23-Apr-2025 23:14:11 Europe/Berlin] Query executed successfully. Found 2 rows
[23-Apr-2025 23:14:11 Europe/Berlin] Executing SQL: SELECT * FROM feedback ORDER BY created_at DESC
[23-Apr-2025 23:14:11 Europe/Berlin] With params: []
[23-Apr-2025 23:14:11 Europe/Berlin] Query executed successfully. Found 11 rows
[23-Apr-2025 23:14:11 Europe/Berlin] Executing SQL: DELETE FROM feedback WHERE id = :id
[23-Apr-2025 23:14:11 Europe/Berlin] With params: {":id":"9"}
[23-Apr-2025 23:14:11 Europe/Berlin] Query executed successfully. Found 0 rows
[23-Apr-2025 23:14:11 Europe/Berlin] Executing SQL: SELECT * FROM matches WHERE status = 'live'
[23-Apr-2025 23:14:11 Europe/Berlin] With params: []
[23-Apr-2025 23:14:11 Europe/Berlin] Query executed successfully. Found 1 rows
[23-Apr-2025 23:14:11 Europe/Berlin] Executing SQL: SELECT * FROM matches WHERE 1=1 ORDER BY match_time DESC
[23-Apr-2025 23:14:11 Europe/Berlin] With params: []
[23-Apr-2025 23:14:11 Europe/Berlin] Query executed successfully. Found 4 rows
[23-Apr-2025 23:14:39 Europe/Berlin] Connected to database. Tables found: favorites, feedback, matches, matches_backup, matches_new, news, newsletter, notifications, players, subscriptions, users
[23-Apr-2025 23:14:39 Europe/Berlin] Executing SQL: CREATE TABLE IF NOT EXISTS users (
                id INT AUTO_INCREMENT PRIMARY KEY,
                username VARCHAR(50) NOT NULL UNIQUE,
                password VARCHAR(255) NOT NULL,
                email VARCHAR(100) NOT NULL UNIQUE,
                account_type ENUM('user', 'admin') DEFAULT 'user',
                created_at TIMESTAMP DEFAULT CURRENT_TIMESTAMP
            )
[23-Apr-2025 23:14:39 Europe/Berlin] With params: []
[23-Apr-2025 23:14:39 Europe/Berlin] Query executed successfully. Found 0 rows
[23-Apr-2025 23:14:39 Europe/Berlin] Users table created or already exists
[23-Apr-2025 23:14:39 Europe/Berlin] Users table structure: [{"Field":"id","Type":"int(11)","Null":"NO","Key":"PRI","Default":null,"Extra":"auto_increment"},{"Field":"username","Type":"varchar(50)","Null":"NO","Key":"","Default":null,"Extra":""},{"Field":"email","Type":"varchar(100)","Null":"NO","Key":"UNI","Default":null,"Extra":""},{"Field":"password","Type":"varchar(255)","Null":"NO","Key":"","Default":null,"Extra":""},{"Field":"role","Type":"enum('user','admin')","Null":"YES","Key":"","Default":"user","Extra":""},{"Field":"verification_code","Type":"varchar(100)","Null":"YES","Key":"","Default":null,"Extra":""},{"Field":"is_verified","Type":"tinyint(1)","Null":"YES","Key":"","Default":"0","Extra":""},{"Field":"created_at","Type":"timestamp","Null":"NO","Key":"","Default":"current_timestamp()","Extra":""},{"Field":"favorite_sport","Type":"varchar(50)","Null":"YES","Key":"","Default":null,"Extra":""},{"Field":"favorite_team","Type":"varchar(50)","Null":"YES","Key":"","Default":null,"Extra":""},{"Field":"account_type","Type":"enum('user','admin')","Null":"YES","Key":"","Default":"user","Extra":""}]
[23-Apr-2025 23:14:39 Europe/Berlin] Number of users in database: 13
[23-Apr-2025 23:14:39 Europe/Berlin] All tables initialized successfully
[23-Apr-2025 23:14:39 Europe/Berlin] Connected to database. Tables found: favorites, feedback, matches, matches_backup, matches_new, news, newsletter, notifications, players, subscriptions, users
[23-Apr-2025 23:14:39 Europe/Berlin] Executing SQL: CREATE TABLE IF NOT EXISTS users (
                id INT AUTO_INCREMENT PRIMARY KEY,
                username VARCHAR(50) NOT NULL UNIQUE,
                password VARCHAR(255) NOT NULL,
                email VARCHAR(100) NOT NULL UNIQUE,
                account_type ENUM('user', 'admin') DEFAULT 'user',
                created_at TIMESTAMP DEFAULT CURRENT_TIMESTAMP
            )
[23-Apr-2025 23:14:39 Europe/Berlin] With params: []
[23-Apr-2025 23:14:39 Europe/Berlin] Query executed successfully. Found 0 rows
[23-Apr-2025 23:14:39 Europe/Berlin] Users table created or already exists
[23-Apr-2025 23:14:39 Europe/Berlin] Users table structure: [{"Field":"id","Type":"int(11)","Null":"NO","Key":"PRI","Default":null,"Extra":"auto_increment"},{"Field":"username","Type":"varchar(50)","Null":"NO","Key":"","Default":null,"Extra":""},{"Field":"email","Type":"varchar(100)","Null":"NO","Key":"UNI","Default":null,"Extra":""},{"Field":"password","Type":"varchar(255)","Null":"NO","Key":"","Default":null,"Extra":""},{"Field":"role","Type":"enum('user','admin')","Null":"YES","Key":"","Default":"user","Extra":""},{"Field":"verification_code","Type":"varchar(100)","Null":"YES","Key":"","Default":null,"Extra":""},{"Field":"is_verified","Type":"tinyint(1)","Null":"YES","Key":"","Default":"0","Extra":""},{"Field":"created_at","Type":"timestamp","Null":"NO","Key":"","Default":"current_timestamp()","Extra":""},{"Field":"favorite_sport","Type":"varchar(50)","Null":"YES","Key":"","Default":null,"Extra":""},{"Field":"favorite_team","Type":"varchar(50)","Null":"YES","Key":"","Default":null,"Extra":""},{"Field":"account_type","Type":"enum('user','admin')","Null":"YES","Key":"","Default":"user","Extra":""}]
[23-Apr-2025 23:14:39 Europe/Berlin] Number of users in database: 13
[23-Apr-2025 23:14:39 Europe/Berlin] All tables initialized successfully
[23-Apr-2025 23:14:39 Europe/Berlin] Database tables initialized successfully
[23-Apr-2025 23:14:39 Europe/Berlin] Executing SQL: SELECT * FROM users WHERE id = :id
[23-Apr-2025 23:14:39 Europe/Berlin] With params: {":id":12}
[23-Apr-2025 23:14:39 Europe/Berlin] Query executed successfully. Found 1 rows
[23-Apr-2025 23:14:39 Europe/Berlin] User loaded from session: varunpndey
[23-Apr-2025 23:14:39 Europe/Berlin] Executing SQL: SELECT * FROM users WHERE id = :id
[23-Apr-2025 23:14:39 Europe/Berlin] With params: {":id":12}
[23-Apr-2025 23:14:39 Europe/Berlin] Query executed successfully. Found 1 rows
[23-Apr-2025 23:14:39 Europe/Berlin] Executing SQL: SELECT * FROM news ORDER BY created_at DESC
[23-Apr-2025 23:14:39 Europe/Berlin] With params: []
[23-Apr-2025 23:14:39 Europe/Berlin] Query executed successfully. Found 2 rows
[23-Apr-2025 23:14:39 Europe/Berlin] Executing SQL: SELECT * FROM feedback ORDER BY created_at DESC
[23-Apr-2025 23:14:39 Europe/Berlin] With params: []
[23-Apr-2025 23:14:39 Europe/Berlin] Query executed successfully. Found 11 rows
[23-Apr-2025 23:14:39 Europe/Berlin] Executing SQL: DELETE FROM feedback WHERE id = :id
[23-Apr-2025 23:14:39 Europe/Berlin] With params: {":id":"1"}
[23-Apr-2025 23:14:39 Europe/Berlin] Query executed successfully. Found 0 rows
[23-Apr-2025 23:14:39 Europe/Berlin] Executing SQL: SELECT * FROM matches WHERE status = 'live'
[23-Apr-2025 23:14:39 Europe/Berlin] With params: []
[23-Apr-2025 23:14:39 Europe/Berlin] Query executed successfully. Found 1 rows
[23-Apr-2025 23:14:39 Europe/Berlin] Executing SQL: SELECT * FROM matches WHERE 1=1 ORDER BY match_time DESC
[23-Apr-2025 23:14:39 Europe/Berlin] With params: []
[23-Apr-2025 23:14:39 Europe/Berlin] Query executed successfully. Found 4 rows
[23-Apr-2025 23:14:47 Europe/Berlin] Connected to database. Tables found: favorites, feedback, matches, matches_backup, matches_new, news, newsletter, notifications, players, subscriptions, users
[23-Apr-2025 23:14:47 Europe/Berlin] Executing SQL: CREATE TABLE IF NOT EXISTS users (
                id INT AUTO_INCREMENT PRIMARY KEY,
                username VARCHAR(50) NOT NULL UNIQUE,
                password VARCHAR(255) NOT NULL,
                email VARCHAR(100) NOT NULL UNIQUE,
                account_type ENUM('user', 'admin') DEFAULT 'user',
                created_at TIMESTAMP DEFAULT CURRENT_TIMESTAMP
            )
[23-Apr-2025 23:14:47 Europe/Berlin] With params: []
[23-Apr-2025 23:14:47 Europe/Berlin] Query executed successfully. Found 0 rows
[23-Apr-2025 23:14:47 Europe/Berlin] Users table created or already exists
[23-Apr-2025 23:14:47 Europe/Berlin] Users table structure: [{"Field":"id","Type":"int(11)","Null":"NO","Key":"PRI","Default":null,"Extra":"auto_increment"},{"Field":"username","Type":"varchar(50)","Null":"NO","Key":"","Default":null,"Extra":""},{"Field":"email","Type":"varchar(100)","Null":"NO","Key":"UNI","Default":null,"Extra":""},{"Field":"password","Type":"varchar(255)","Null":"NO","Key":"","Default":null,"Extra":""},{"Field":"role","Type":"enum('user','admin')","Null":"YES","Key":"","Default":"user","Extra":""},{"Field":"verification_code","Type":"varchar(100)","Null":"YES","Key":"","Default":null,"Extra":""},{"Field":"is_verified","Type":"tinyint(1)","Null":"YES","Key":"","Default":"0","Extra":""},{"Field":"created_at","Type":"timestamp","Null":"NO","Key":"","Default":"current_timestamp()","Extra":""},{"Field":"favorite_sport","Type":"varchar(50)","Null":"YES","Key":"","Default":null,"Extra":""},{"Field":"favorite_team","Type":"varchar(50)","Null":"YES","Key":"","Default":null,"Extra":""},{"Field":"account_type","Type":"enum('user','admin')","Null":"YES","Key":"","Default":"user","Extra":""}]
[23-Apr-2025 23:14:47 Europe/Berlin] Number of users in database: 13
[23-Apr-2025 23:14:47 Europe/Berlin] All tables initialized successfully
[23-Apr-2025 23:14:47 Europe/Berlin] Connected to database. Tables found: favorites, feedback, matches, matches_backup, matches_new, news, newsletter, notifications, players, subscriptions, users
[23-Apr-2025 23:14:47 Europe/Berlin] Executing SQL: CREATE TABLE IF NOT EXISTS users (
                id INT AUTO_INCREMENT PRIMARY KEY,
                username VARCHAR(50) NOT NULL UNIQUE,
                password VARCHAR(255) NOT NULL,
                email VARCHAR(100) NOT NULL UNIQUE,
                account_type ENUM('user', 'admin') DEFAULT 'user',
                created_at TIMESTAMP DEFAULT CURRENT_TIMESTAMP
            )
[23-Apr-2025 23:14:47 Europe/Berlin] With params: []
[23-Apr-2025 23:14:47 Europe/Berlin] Query executed successfully. Found 0 rows
[23-Apr-2025 23:14:47 Europe/Berlin] Users table created or already exists
[23-Apr-2025 23:14:47 Europe/Berlin] Users table structure: [{"Field":"id","Type":"int(11)","Null":"NO","Key":"PRI","Default":null,"Extra":"auto_increment"},{"Field":"username","Type":"varchar(50)","Null":"NO","Key":"","Default":null,"Extra":""},{"Field":"email","Type":"varchar(100)","Null":"NO","Key":"UNI","Default":null,"Extra":""},{"Field":"password","Type":"varchar(255)","Null":"NO","Key":"","Default":null,"Extra":""},{"Field":"role","Type":"enum('user','admin')","Null":"YES","Key":"","Default":"user","Extra":""},{"Field":"verification_code","Type":"varchar(100)","Null":"YES","Key":"","Default":null,"Extra":""},{"Field":"is_verified","Type":"tinyint(1)","Null":"YES","Key":"","Default":"0","Extra":""},{"Field":"created_at","Type":"timestamp","Null":"NO","Key":"","Default":"current_timestamp()","Extra":""},{"Field":"favorite_sport","Type":"varchar(50)","Null":"YES","Key":"","Default":null,"Extra":""},{"Field":"favorite_team","Type":"varchar(50)","Null":"YES","Key":"","Default":null,"Extra":""},{"Field":"account_type","Type":"enum('user','admin')","Null":"YES","Key":"","Default":"user","Extra":""}]
[23-Apr-2025 23:14:47 Europe/Berlin] Number of users in database: 13
[23-Apr-2025 23:14:47 Europe/Berlin] All tables initialized successfully
[23-Apr-2025 23:14:47 Europe/Berlin] Database tables initialized successfully
[23-Apr-2025 23:14:47 Europe/Berlin] Executing SQL: SELECT * FROM users WHERE id = :id
[23-Apr-2025 23:14:47 Europe/Berlin] With params: {":id":12}
[23-Apr-2025 23:14:47 Europe/Berlin] Query executed successfully. Found 1 rows
[23-Apr-2025 23:14:47 Europe/Berlin] User loaded from session: varunpndey
[23-Apr-2025 23:14:47 Europe/Berlin] Executing SQL: SELECT * FROM users WHERE id = :id
[23-Apr-2025 23:14:47 Europe/Berlin] With params: {":id":12}
[23-Apr-2025 23:14:47 Europe/Berlin] Query executed successfully. Found 1 rows
[23-Apr-2025 23:14:47 Europe/Berlin] Executing SQL: SELECT * FROM news ORDER BY created_at DESC
[23-Apr-2025 23:14:47 Europe/Berlin] With params: []
[23-Apr-2025 23:14:47 Europe/Berlin] Query executed successfully. Found 2 rows
[23-Apr-2025 23:14:47 Europe/Berlin] Executing SQL: SELECT * FROM feedback ORDER BY created_at DESC
[23-Apr-2025 23:14:47 Europe/Berlin] With params: []
[23-Apr-2025 23:14:47 Europe/Berlin] Query executed successfully. Found 10 rows
[23-Apr-2025 23:14:47 Europe/Berlin] Executing SQL: DELETE FROM feedback WHERE id = :id
[23-Apr-2025 23:14:47 Europe/Berlin] With params: {":id":"1"}
[23-Apr-2025 23:14:47 Europe/Berlin] Query executed successfully. Found 0 rows
[23-Apr-2025 23:14:47 Europe/Berlin] Executing SQL: SELECT * FROM matches WHERE status = 'live'
[23-Apr-2025 23:14:47 Europe/Berlin] With params: []
[23-Apr-2025 23:14:47 Europe/Berlin] Query executed successfully. Found 1 rows
[23-Apr-2025 23:14:47 Europe/Berlin] Executing SQL: SELECT * FROM matches WHERE 1=1 ORDER BY match_time DESC
[23-Apr-2025 23:14:47 Europe/Berlin] With params: []
[23-Apr-2025 23:14:47 Europe/Berlin] Query executed successfully. Found 4 rows
[23-Apr-2025 23:14:55 Europe/Berlin] Connected to database. Tables found: favorites, feedback, matches, matches_backup, matches_new, news, newsletter, notifications, players, subscriptions, users
[23-Apr-2025 23:14:55 Europe/Berlin] Executing SQL: CREATE TABLE IF NOT EXISTS users (
                id INT AUTO_INCREMENT PRIMARY KEY,
                username VARCHAR(50) NOT NULL UNIQUE,
                password VARCHAR(255) NOT NULL,
                email VARCHAR(100) NOT NULL UNIQUE,
                account_type ENUM('user', 'admin') DEFAULT 'user',
                created_at TIMESTAMP DEFAULT CURRENT_TIMESTAMP
            )
[23-Apr-2025 23:14:55 Europe/Berlin] With params: []
[23-Apr-2025 23:14:55 Europe/Berlin] Query executed successfully. Found 0 rows
[23-Apr-2025 23:14:55 Europe/Berlin] Users table created or already exists
[23-Apr-2025 23:14:55 Europe/Berlin] Users table structure: [{"Field":"id","Type":"int(11)","Null":"NO","Key":"PRI","Default":null,"Extra":"auto_increment"},{"Field":"username","Type":"varchar(50)","Null":"NO","Key":"","Default":null,"Extra":""},{"Field":"email","Type":"varchar(100)","Null":"NO","Key":"UNI","Default":null,"Extra":""},{"Field":"password","Type":"varchar(255)","Null":"NO","Key":"","Default":null,"Extra":""},{"Field":"role","Type":"enum('user','admin')","Null":"YES","Key":"","Default":"user","Extra":""},{"Field":"verification_code","Type":"varchar(100)","Null":"YES","Key":"","Default":null,"Extra":""},{"Field":"is_verified","Type":"tinyint(1)","Null":"YES","Key":"","Default":"0","Extra":""},{"Field":"created_at","Type":"timestamp","Null":"NO","Key":"","Default":"current_timestamp()","Extra":""},{"Field":"favorite_sport","Type":"varchar(50)","Null":"YES","Key":"","Default":null,"Extra":""},{"Field":"favorite_team","Type":"varchar(50)","Null":"YES","Key":"","Default":null,"Extra":""},{"Field":"account_type","Type":"enum('user','admin')","Null":"YES","Key":"","Default":"user","Extra":""}]
[23-Apr-2025 23:14:55 Europe/Berlin] Number of users in database: 13
[23-Apr-2025 23:14:55 Europe/Berlin] All tables initialized successfully
[23-Apr-2025 23:14:55 Europe/Berlin] Connected to database. Tables found: favorites, feedback, matches, matches_backup, matches_new, news, newsletter, notifications, players, subscriptions, users
[23-Apr-2025 23:14:55 Europe/Berlin] Executing SQL: CREATE TABLE IF NOT EXISTS users (
                id INT AUTO_INCREMENT PRIMARY KEY,
                username VARCHAR(50) NOT NULL UNIQUE,
                password VARCHAR(255) NOT NULL,
                email VARCHAR(100) NOT NULL UNIQUE,
                account_type ENUM('user', 'admin') DEFAULT 'user',
                created_at TIMESTAMP DEFAULT CURRENT_TIMESTAMP
            )
[23-Apr-2025 23:14:55 Europe/Berlin] With params: []
[23-Apr-2025 23:14:55 Europe/Berlin] Query executed successfully. Found 0 rows
[23-Apr-2025 23:14:55 Europe/Berlin] Users table created or already exists
[23-Apr-2025 23:14:55 Europe/Berlin] Users table structure: [{"Field":"id","Type":"int(11)","Null":"NO","Key":"PRI","Default":null,"Extra":"auto_increment"},{"Field":"username","Type":"varchar(50)","Null":"NO","Key":"","Default":null,"Extra":""},{"Field":"email","Type":"varchar(100)","Null":"NO","Key":"UNI","Default":null,"Extra":""},{"Field":"password","Type":"varchar(255)","Null":"NO","Key":"","Default":null,"Extra":""},{"Field":"role","Type":"enum('user','admin')","Null":"YES","Key":"","Default":"user","Extra":""},{"Field":"verification_code","Type":"varchar(100)","Null":"YES","Key":"","Default":null,"Extra":""},{"Field":"is_verified","Type":"tinyint(1)","Null":"YES","Key":"","Default":"0","Extra":""},{"Field":"created_at","Type":"timestamp","Null":"NO","Key":"","Default":"current_timestamp()","Extra":""},{"Field":"favorite_sport","Type":"varchar(50)","Null":"YES","Key":"","Default":null,"Extra":""},{"Field":"favorite_team","Type":"varchar(50)","Null":"YES","Key":"","Default":null,"Extra":""},{"Field":"account_type","Type":"enum('user','admin')","Null":"YES","Key":"","Default":"user","Extra":""}]
[23-Apr-2025 23:14:55 Europe/Berlin] Number of users in database: 13
[23-Apr-2025 23:14:55 Europe/Berlin] All tables initialized successfully
[23-Apr-2025 23:14:55 Europe/Berlin] Database tables initialized successfully
[23-Apr-2025 23:14:55 Europe/Berlin] Executing SQL: SELECT * FROM users WHERE id = :id
[23-Apr-2025 23:14:55 Europe/Berlin] With params: {":id":12}
[23-Apr-2025 23:14:55 Europe/Berlin] Query executed successfully. Found 1 rows
[23-Apr-2025 23:14:55 Europe/Berlin] User loaded from session: varunpndey
[23-Apr-2025 23:14:55 Europe/Berlin] Executing SQL: SELECT * FROM users WHERE id = :id
[23-Apr-2025 23:14:55 Europe/Berlin] With params: {":id":12}
[23-Apr-2025 23:14:55 Europe/Berlin] Query executed successfully. Found 1 rows
[23-Apr-2025 23:14:55 Europe/Berlin] Executing SQL: SELECT * FROM news ORDER BY created_at DESC
[23-Apr-2025 23:14:55 Europe/Berlin] With params: []
[23-Apr-2025 23:14:55 Europe/Berlin] Query executed successfully. Found 2 rows
[23-Apr-2025 23:14:55 Europe/Berlin] Executing SQL: SELECT * FROM feedback ORDER BY created_at DESC
[23-Apr-2025 23:14:55 Europe/Berlin] With params: []
[23-Apr-2025 23:14:55 Europe/Berlin] Query executed successfully. Found 10 rows
[23-Apr-2025 23:14:55 Europe/Berlin] Executing SQL: DELETE FROM feedback WHERE id = :id
[23-Apr-2025 23:14:55 Europe/Berlin] With params: {":id":"2"}
[23-Apr-2025 23:14:55 Europe/Berlin] Query executed successfully. Found 0 rows
[23-Apr-2025 23:14:55 Europe/Berlin] Executing SQL: SELECT * FROM matches WHERE status = 'live'
[23-Apr-2025 23:14:55 Europe/Berlin] With params: []
[23-Apr-2025 23:14:55 Europe/Berlin] Query executed successfully. Found 1 rows
[23-Apr-2025 23:14:55 Europe/Berlin] Executing SQL: SELECT * FROM matches WHERE 1=1 ORDER BY match_time DESC
[23-Apr-2025 23:14:55 Europe/Berlin] With params: []
[23-Apr-2025 23:14:55 Europe/Berlin] Query executed successfully. Found 4 rows
[23-Apr-2025 23:15:01 Europe/Berlin] Connected to database. Tables found: favorites, feedback, matches, matches_backup, matches_new, news, newsletter, notifications, players, subscriptions, users
[23-Apr-2025 23:15:01 Europe/Berlin] Executing SQL: CREATE TABLE IF NOT EXISTS users (
                id INT AUTO_INCREMENT PRIMARY KEY,
                username VARCHAR(50) NOT NULL UNIQUE,
                password VARCHAR(255) NOT NULL,
                email VARCHAR(100) NOT NULL UNIQUE,
                account_type ENUM('user', 'admin') DEFAULT 'user',
                created_at TIMESTAMP DEFAULT CURRENT_TIMESTAMP
            )
[23-Apr-2025 23:15:01 Europe/Berlin] With params: []
[23-Apr-2025 23:15:01 Europe/Berlin] Query executed successfully. Found 0 rows
[23-Apr-2025 23:15:01 Europe/Berlin] Users table created or already exists
[23-Apr-2025 23:15:01 Europe/Berlin] Users table structure: [{"Field":"id","Type":"int(11)","Null":"NO","Key":"PRI","Default":null,"Extra":"auto_increment"},{"Field":"username","Type":"varchar(50)","Null":"NO","Key":"","Default":null,"Extra":""},{"Field":"email","Type":"varchar(100)","Null":"NO","Key":"UNI","Default":null,"Extra":""},{"Field":"password","Type":"varchar(255)","Null":"NO","Key":"","Default":null,"Extra":""},{"Field":"role","Type":"enum('user','admin')","Null":"YES","Key":"","Default":"user","Extra":""},{"Field":"verification_code","Type":"varchar(100)","Null":"YES","Key":"","Default":null,"Extra":""},{"Field":"is_verified","Type":"tinyint(1)","Null":"YES","Key":"","Default":"0","Extra":""},{"Field":"created_at","Type":"timestamp","Null":"NO","Key":"","Default":"current_timestamp()","Extra":""},{"Field":"favorite_sport","Type":"varchar(50)","Null":"YES","Key":"","Default":null,"Extra":""},{"Field":"favorite_team","Type":"varchar(50)","Null":"YES","Key":"","Default":null,"Extra":""},{"Field":"account_type","Type":"enum('user','admin')","Null":"YES","Key":"","Default":"user","Extra":""}]
[23-Apr-2025 23:15:01 Europe/Berlin] Number of users in database: 13
[23-Apr-2025 23:15:01 Europe/Berlin] All tables initialized successfully
[23-Apr-2025 23:15:01 Europe/Berlin] Connected to database. Tables found: favorites, feedback, matches, matches_backup, matches_new, news, newsletter, notifications, players, subscriptions, users
[23-Apr-2025 23:15:01 Europe/Berlin] Executing SQL: CREATE TABLE IF NOT EXISTS users (
                id INT AUTO_INCREMENT PRIMARY KEY,
                username VARCHAR(50) NOT NULL UNIQUE,
                password VARCHAR(255) NOT NULL,
                email VARCHAR(100) NOT NULL UNIQUE,
                account_type ENUM('user', 'admin') DEFAULT 'user',
                created_at TIMESTAMP DEFAULT CURRENT_TIMESTAMP
            )
[23-Apr-2025 23:15:01 Europe/Berlin] With params: []
[23-Apr-2025 23:15:01 Europe/Berlin] Query executed successfully. Found 0 rows
[23-Apr-2025 23:15:01 Europe/Berlin] Users table created or already exists
[23-Apr-2025 23:15:01 Europe/Berlin] Users table structure: [{"Field":"id","Type":"int(11)","Null":"NO","Key":"PRI","Default":null,"Extra":"auto_increment"},{"Field":"username","Type":"varchar(50)","Null":"NO","Key":"","Default":null,"Extra":""},{"Field":"email","Type":"varchar(100)","Null":"NO","Key":"UNI","Default":null,"Extra":""},{"Field":"password","Type":"varchar(255)","Null":"NO","Key":"","Default":null,"Extra":""},{"Field":"role","Type":"enum('user','admin')","Null":"YES","Key":"","Default":"user","Extra":""},{"Field":"verification_code","Type":"varchar(100)","Null":"YES","Key":"","Default":null,"Extra":""},{"Field":"is_verified","Type":"tinyint(1)","Null":"YES","Key":"","Default":"0","Extra":""},{"Field":"created_at","Type":"timestamp","Null":"NO","Key":"","Default":"current_timestamp()","Extra":""},{"Field":"favorite_sport","Type":"varchar(50)","Null":"YES","Key":"","Default":null,"Extra":""},{"Field":"favorite_team","Type":"varchar(50)","Null":"YES","Key":"","Default":null,"Extra":""},{"Field":"account_type","Type":"enum('user','admin')","Null":"YES","Key":"","Default":"user","Extra":""}]
[23-Apr-2025 23:15:01 Europe/Berlin] Number of users in database: 13
[23-Apr-2025 23:15:01 Europe/Berlin] All tables initialized successfully
[23-Apr-2025 23:15:01 Europe/Berlin] Database tables initialized successfully
[23-Apr-2025 23:15:01 Europe/Berlin] Executing SQL: SELECT * FROM users WHERE id = :id
[23-Apr-2025 23:15:01 Europe/Berlin] With params: {":id":12}
[23-Apr-2025 23:15:01 Europe/Berlin] Query executed successfully. Found 1 rows
[23-Apr-2025 23:15:01 Europe/Berlin] User loaded from session: varunpndey
[23-Apr-2025 23:15:01 Europe/Berlin] Executing SQL: SELECT * FROM users WHERE id = :id
[23-Apr-2025 23:15:01 Europe/Berlin] With params: {":id":12}
[23-Apr-2025 23:15:01 Europe/Berlin] Query executed successfully. Found 1 rows
[23-Apr-2025 23:15:01 Europe/Berlin] Executing SQL: SELECT * FROM news ORDER BY created_at DESC
[23-Apr-2025 23:15:01 Europe/Berlin] With params: []
[23-Apr-2025 23:15:01 Europe/Berlin] Query executed successfully. Found 2 rows
[23-Apr-2025 23:15:01 Europe/Berlin] Executing SQL: SELECT * FROM feedback ORDER BY created_at DESC
[23-Apr-2025 23:15:01 Europe/Berlin] With params: []
[23-Apr-2025 23:15:01 Europe/Berlin] Query executed successfully. Found 9 rows
[23-Apr-2025 23:15:01 Europe/Berlin] Executing SQL: DELETE FROM feedback WHERE id = :id
[23-Apr-2025 23:15:01 Europe/Berlin] With params: {":id":"2"}
[23-Apr-2025 23:15:01 Europe/Berlin] Query executed successfully. Found 0 rows
[23-Apr-2025 23:15:01 Europe/Berlin] Executing SQL: SELECT * FROM matches WHERE status = 'live'
[23-Apr-2025 23:15:01 Europe/Berlin] With params: []
[23-Apr-2025 23:15:01 Europe/Berlin] Query executed successfully. Found 1 rows
[23-Apr-2025 23:15:01 Europe/Berlin] Executing SQL: SELECT * FROM matches WHERE 1=1 ORDER BY match_time DESC
[23-Apr-2025 23:15:01 Europe/Berlin] With params: []
[23-Apr-2025 23:15:01 Europe/Berlin] Query executed successfully. Found 4 rows
[23-Apr-2025 23:15:52 Europe/Berlin] Connected to database. Tables found: favorites, feedback, matches, matches_backup, matches_new, news, newsletter, notifications, players, subscriptions, users
[23-Apr-2025 23:15:52 Europe/Berlin] Executing SQL: CREATE TABLE IF NOT EXISTS users (
                id INT AUTO_INCREMENT PRIMARY KEY,
                username VARCHAR(50) NOT NULL UNIQUE,
                password VARCHAR(255) NOT NULL,
                email VARCHAR(100) NOT NULL UNIQUE,
                account_type ENUM('user', 'admin') DEFAULT 'user',
                created_at TIMESTAMP DEFAULT CURRENT_TIMESTAMP
            )
[23-Apr-2025 23:15:52 Europe/Berlin] With params: []
[23-Apr-2025 23:15:52 Europe/Berlin] Query executed successfully. Found 0 rows
[23-Apr-2025 23:15:52 Europe/Berlin] Users table created or already exists
[23-Apr-2025 23:15:52 Europe/Berlin] Users table structure: [{"Field":"id","Type":"int(11)","Null":"NO","Key":"PRI","Default":null,"Extra":"auto_increment"},{"Field":"username","Type":"varchar(50)","Null":"NO","Key":"","Default":null,"Extra":""},{"Field":"email","Type":"varchar(100)","Null":"NO","Key":"UNI","Default":null,"Extra":""},{"Field":"password","Type":"varchar(255)","Null":"NO","Key":"","Default":null,"Extra":""},{"Field":"role","Type":"enum('user','admin')","Null":"YES","Key":"","Default":"user","Extra":""},{"Field":"verification_code","Type":"varchar(100)","Null":"YES","Key":"","Default":null,"Extra":""},{"Field":"is_verified","Type":"tinyint(1)","Null":"YES","Key":"","Default":"0","Extra":""},{"Field":"created_at","Type":"timestamp","Null":"NO","Key":"","Default":"current_timestamp()","Extra":""},{"Field":"favorite_sport","Type":"varchar(50)","Null":"YES","Key":"","Default":null,"Extra":""},{"Field":"favorite_team","Type":"varchar(50)","Null":"YES","Key":"","Default":null,"Extra":""},{"Field":"account_type","Type":"enum('user','admin')","Null":"YES","Key":"","Default":"user","Extra":""}]
[23-Apr-2025 23:15:52 Europe/Berlin] Number of users in database: 13
[23-Apr-2025 23:15:52 Europe/Berlin] All tables initialized successfully
[23-Apr-2025 23:15:52 Europe/Berlin] Connected to database. Tables found: favorites, feedback, matches, matches_backup, matches_new, news, newsletter, notifications, players, subscriptions, users
[23-Apr-2025 23:15:52 Europe/Berlin] Executing SQL: CREATE TABLE IF NOT EXISTS users (
                id INT AUTO_INCREMENT PRIMARY KEY,
                username VARCHAR(50) NOT NULL UNIQUE,
                password VARCHAR(255) NOT NULL,
                email VARCHAR(100) NOT NULL UNIQUE,
                account_type ENUM('user', 'admin') DEFAULT 'user',
                created_at TIMESTAMP DEFAULT CURRENT_TIMESTAMP
            )
[23-Apr-2025 23:15:52 Europe/Berlin] With params: []
[23-Apr-2025 23:15:52 Europe/Berlin] Query executed successfully. Found 0 rows
[23-Apr-2025 23:15:52 Europe/Berlin] Users table created or already exists
[23-Apr-2025 23:15:52 Europe/Berlin] Users table structure: [{"Field":"id","Type":"int(11)","Null":"NO","Key":"PRI","Default":null,"Extra":"auto_increment"},{"Field":"username","Type":"varchar(50)","Null":"NO","Key":"","Default":null,"Extra":""},{"Field":"email","Type":"varchar(100)","Null":"NO","Key":"UNI","Default":null,"Extra":""},{"Field":"password","Type":"varchar(255)","Null":"NO","Key":"","Default":null,"Extra":""},{"Field":"role","Type":"enum('user','admin')","Null":"YES","Key":"","Default":"user","Extra":""},{"Field":"verification_code","Type":"varchar(100)","Null":"YES","Key":"","Default":null,"Extra":""},{"Field":"is_verified","Type":"tinyint(1)","Null":"YES","Key":"","Default":"0","Extra":""},{"Field":"created_at","Type":"timestamp","Null":"NO","Key":"","Default":"current_timestamp()","Extra":""},{"Field":"favorite_sport","Type":"varchar(50)","Null":"YES","Key":"","Default":null,"Extra":""},{"Field":"favorite_team","Type":"varchar(50)","Null":"YES","Key":"","Default":null,"Extra":""},{"Field":"account_type","Type":"enum('user','admin')","Null":"YES","Key":"","Default":"user","Extra":""}]
[23-Apr-2025 23:15:52 Europe/Berlin] Number of users in database: 13
[23-Apr-2025 23:15:52 Europe/Berlin] All tables initialized successfully
[23-Apr-2025 23:15:52 Europe/Berlin] Database tables initialized successfully
[23-Apr-2025 23:15:52 Europe/Berlin] Executing SQL: SELECT * FROM users WHERE id = :id
[23-Apr-2025 23:15:52 Europe/Berlin] With params: {":id":12}
[23-Apr-2025 23:15:52 Europe/Berlin] Query executed successfully. Found 1 rows
[23-Apr-2025 23:15:52 Europe/Berlin] User loaded from session: varunpndey
[23-Apr-2025 23:15:52 Europe/Berlin] Executing SQL: SELECT * FROM users WHERE id = :id
[23-Apr-2025 23:15:52 Europe/Berlin] With params: {":id":12}
[23-Apr-2025 23:15:52 Europe/Berlin] Query executed successfully. Found 1 rows
[23-Apr-2025 23:15:52 Europe/Berlin] Executing SQL: SELECT * FROM news ORDER BY created_at DESC
[23-Apr-2025 23:15:52 Europe/Berlin] With params: []
[23-Apr-2025 23:15:52 Europe/Berlin] Query executed successfully. Found 2 rows
[23-Apr-2025 23:15:52 Europe/Berlin] Executing SQL: SELECT * FROM feedback ORDER BY created_at DESC
[23-Apr-2025 23:15:52 Europe/Berlin] With params: []
[23-Apr-2025 23:15:52 Europe/Berlin] Query executed successfully. Found 9 rows
[23-Apr-2025 23:15:52 Europe/Berlin] Executing SQL: DELETE FROM feedback WHERE id = :id
[23-Apr-2025 23:15:52 Europe/Berlin] With params: {":id":"2"}
[23-Apr-2025 23:15:52 Europe/Berlin] Query executed successfully. Found 0 rows
[23-Apr-2025 23:15:52 Europe/Berlin] Executing SQL: SELECT * FROM matches WHERE status = 'live'
[23-Apr-2025 23:15:52 Europe/Berlin] With params: []
[23-Apr-2025 23:15:52 Europe/Berlin] Query executed successfully. Found 1 rows
[23-Apr-2025 23:15:52 Europe/Berlin] Executing SQL: SELECT * FROM matches WHERE 1=1 ORDER BY match_time DESC
[23-Apr-2025 23:15:52 Europe/Berlin] With params: []
[23-Apr-2025 23:15:52 Europe/Berlin] Query executed successfully. Found 4 rows
[23-Apr-2025 23:16:03 Europe/Berlin] Connected to database. Tables found: favorites, feedback, matches, matches_backup, matches_new, news, newsletter, notifications, players, subscriptions, users
[23-Apr-2025 23:16:03 Europe/Berlin] Executing SQL: CREATE TABLE IF NOT EXISTS users (
                id INT AUTO_INCREMENT PRIMARY KEY,
                username VARCHAR(50) NOT NULL UNIQUE,
                password VARCHAR(255) NOT NULL,
                email VARCHAR(100) NOT NULL UNIQUE,
                account_type ENUM('user', 'admin') DEFAULT 'user',
                created_at TIMESTAMP DEFAULT CURRENT_TIMESTAMP
            )
[23-Apr-2025 23:16:03 Europe/Berlin] With params: []
[23-Apr-2025 23:16:03 Europe/Berlin] Query executed successfully. Found 0 rows
[23-Apr-2025 23:16:03 Europe/Berlin] Users table created or already exists
[23-Apr-2025 23:16:03 Europe/Berlin] Users table structure: [{"Field":"id","Type":"int(11)","Null":"NO","Key":"PRI","Default":null,"Extra":"auto_increment"},{"Field":"username","Type":"varchar(50)","Null":"NO","Key":"","Default":null,"Extra":""},{"Field":"email","Type":"varchar(100)","Null":"NO","Key":"UNI","Default":null,"Extra":""},{"Field":"password","Type":"varchar(255)","Null":"NO","Key":"","Default":null,"Extra":""},{"Field":"role","Type":"enum('user','admin')","Null":"YES","Key":"","Default":"user","Extra":""},{"Field":"verification_code","Type":"varchar(100)","Null":"YES","Key":"","Default":null,"Extra":""},{"Field":"is_verified","Type":"tinyint(1)","Null":"YES","Key":"","Default":"0","Extra":""},{"Field":"created_at","Type":"timestamp","Null":"NO","Key":"","Default":"current_timestamp()","Extra":""},{"Field":"favorite_sport","Type":"varchar(50)","Null":"YES","Key":"","Default":null,"Extra":""},{"Field":"favorite_team","Type":"varchar(50)","Null":"YES","Key":"","Default":null,"Extra":""},{"Field":"account_type","Type":"enum('user','admin')","Null":"YES","Key":"","Default":"user","Extra":""}]
[23-Apr-2025 23:16:03 Europe/Berlin] Number of users in database: 13
[23-Apr-2025 23:16:03 Europe/Berlin] All tables initialized successfully
[23-Apr-2025 23:16:03 Europe/Berlin] Connected to database. Tables found: favorites, feedback, matches, matches_backup, matches_new, news, newsletter, notifications, players, subscriptions, users
[23-Apr-2025 23:16:03 Europe/Berlin] Executing SQL: CREATE TABLE IF NOT EXISTS users (
                id INT AUTO_INCREMENT PRIMARY KEY,
                username VARCHAR(50) NOT NULL UNIQUE,
                password VARCHAR(255) NOT NULL,
                email VARCHAR(100) NOT NULL UNIQUE,
                account_type ENUM('user', 'admin') DEFAULT 'user',
                created_at TIMESTAMP DEFAULT CURRENT_TIMESTAMP
            )
[23-Apr-2025 23:16:03 Europe/Berlin] With params: []
[23-Apr-2025 23:16:03 Europe/Berlin] Query executed successfully. Found 0 rows
[23-Apr-2025 23:16:03 Europe/Berlin] Users table created or already exists
[23-Apr-2025 23:16:03 Europe/Berlin] Users table structure: [{"Field":"id","Type":"int(11)","Null":"NO","Key":"PRI","Default":null,"Extra":"auto_increment"},{"Field":"username","Type":"varchar(50)","Null":"NO","Key":"","Default":null,"Extra":""},{"Field":"email","Type":"varchar(100)","Null":"NO","Key":"UNI","Default":null,"Extra":""},{"Field":"password","Type":"varchar(255)","Null":"NO","Key":"","Default":null,"Extra":""},{"Field":"role","Type":"enum('user','admin')","Null":"YES","Key":"","Default":"user","Extra":""},{"Field":"verification_code","Type":"varchar(100)","Null":"YES","Key":"","Default":null,"Extra":""},{"Field":"is_verified","Type":"tinyint(1)","Null":"YES","Key":"","Default":"0","Extra":""},{"Field":"created_at","Type":"timestamp","Null":"NO","Key":"","Default":"current_timestamp()","Extra":""},{"Field":"favorite_sport","Type":"varchar(50)","Null":"YES","Key":"","Default":null,"Extra":""},{"Field":"favorite_team","Type":"varchar(50)","Null":"YES","Key":"","Default":null,"Extra":""},{"Field":"account_type","Type":"enum('user','admin')","Null":"YES","Key":"","Default":"user","Extra":""}]
[23-Apr-2025 23:16:03 Europe/Berlin] Number of users in database: 13
[23-Apr-2025 23:16:03 Europe/Berlin] All tables initialized successfully
[23-Apr-2025 23:16:03 Europe/Berlin] Database tables initialized successfully
[23-Apr-2025 23:16:03 Europe/Berlin] Executing SQL: SELECT * FROM users WHERE id = :id
[23-Apr-2025 23:16:03 Europe/Berlin] With params: {":id":12}
[23-Apr-2025 23:16:03 Europe/Berlin] Query executed successfully. Found 1 rows
[23-Apr-2025 23:16:03 Europe/Berlin] User loaded from session: varunpndey
[23-Apr-2025 23:16:03 Europe/Berlin] Executing SQL: SELECT * FROM users WHERE id = :id
[23-Apr-2025 23:16:03 Europe/Berlin] With params: {":id":12}
[23-Apr-2025 23:16:03 Europe/Berlin] Query executed successfully. Found 1 rows
[23-Apr-2025 23:16:03 Europe/Berlin] Executing SQL: SELECT * FROM news ORDER BY created_at DESC
[23-Apr-2025 23:16:03 Europe/Berlin] With params: []
[23-Apr-2025 23:16:03 Europe/Berlin] Query executed successfully. Found 2 rows
[23-Apr-2025 23:16:03 Europe/Berlin] Executing SQL: SELECT * FROM feedback ORDER BY created_at DESC
[23-Apr-2025 23:16:03 Europe/Berlin] With params: []
[23-Apr-2025 23:16:03 Europe/Berlin] Query executed successfully. Found 9 rows
[23-Apr-2025 23:16:03 Europe/Berlin] Executing SQL: DELETE FROM feedback WHERE id = :id
[23-Apr-2025 23:16:03 Europe/Berlin] With params: {":id":"2"}
[23-Apr-2025 23:16:03 Europe/Berlin] Query executed successfully. Found 0 rows
[23-Apr-2025 23:16:03 Europe/Berlin] Executing SQL: SELECT * FROM matches WHERE status = 'live'
[23-Apr-2025 23:16:03 Europe/Berlin] With params: []
[23-Apr-2025 23:16:03 Europe/Berlin] Query executed successfully. Found 1 rows
[23-Apr-2025 23:16:03 Europe/Berlin] Executing SQL: SELECT * FROM matches WHERE 1=1 ORDER BY match_time DESC
[23-Apr-2025 23:16:03 Europe/Berlin] With params: []
[23-Apr-2025 23:16:03 Europe/Berlin] Query executed successfully. Found 4 rows
[23-Apr-2025 23:16:09 Europe/Berlin] Connected to database. Tables found: favorites, feedback, matches, matches_backup, matches_new, news, newsletter, notifications, players, subscriptions, users
[23-Apr-2025 23:16:09 Europe/Berlin] Executing SQL: CREATE TABLE IF NOT EXISTS users (
                id INT AUTO_INCREMENT PRIMARY KEY,
                username VARCHAR(50) NOT NULL UNIQUE,
                password VARCHAR(255) NOT NULL,
                email VARCHAR(100) NOT NULL UNIQUE,
                account_type ENUM('user', 'admin') DEFAULT 'user',
                created_at TIMESTAMP DEFAULT CURRENT_TIMESTAMP
            )
[23-Apr-2025 23:16:09 Europe/Berlin] With params: []
[23-Apr-2025 23:16:09 Europe/Berlin] Query executed successfully. Found 0 rows
[23-Apr-2025 23:16:09 Europe/Berlin] Users table created or already exists
[23-Apr-2025 23:16:09 Europe/Berlin] Users table structure: [{"Field":"id","Type":"int(11)","Null":"NO","Key":"PRI","Default":null,"Extra":"auto_increment"},{"Field":"username","Type":"varchar(50)","Null":"NO","Key":"","Default":null,"Extra":""},{"Field":"email","Type":"varchar(100)","Null":"NO","Key":"UNI","Default":null,"Extra":""},{"Field":"password","Type":"varchar(255)","Null":"NO","Key":"","Default":null,"Extra":""},{"Field":"role","Type":"enum('user','admin')","Null":"YES","Key":"","Default":"user","Extra":""},{"Field":"verification_code","Type":"varchar(100)","Null":"YES","Key":"","Default":null,"Extra":""},{"Field":"is_verified","Type":"tinyint(1)","Null":"YES","Key":"","Default":"0","Extra":""},{"Field":"created_at","Type":"timestamp","Null":"NO","Key":"","Default":"current_timestamp()","Extra":""},{"Field":"favorite_sport","Type":"varchar(50)","Null":"YES","Key":"","Default":null,"Extra":""},{"Field":"favorite_team","Type":"varchar(50)","Null":"YES","Key":"","Default":null,"Extra":""},{"Field":"account_type","Type":"enum('user','admin')","Null":"YES","Key":"","Default":"user","Extra":""}]
[23-Apr-2025 23:16:09 Europe/Berlin] Number of users in database: 13
[23-Apr-2025 23:16:09 Europe/Berlin] All tables initialized successfully
[23-Apr-2025 23:16:09 Europe/Berlin] Connected to database. Tables found: favorites, feedback, matches, matches_backup, matches_new, news, newsletter, notifications, players, subscriptions, users
[23-Apr-2025 23:16:09 Europe/Berlin] Executing SQL: CREATE TABLE IF NOT EXISTS users (
                id INT AUTO_INCREMENT PRIMARY KEY,
                username VARCHAR(50) NOT NULL UNIQUE,
                password VARCHAR(255) NOT NULL,
                email VARCHAR(100) NOT NULL UNIQUE,
                account_type ENUM('user', 'admin') DEFAULT 'user',
                created_at TIMESTAMP DEFAULT CURRENT_TIMESTAMP
            )
[23-Apr-2025 23:16:09 Europe/Berlin] With params: []
[23-Apr-2025 23:16:09 Europe/Berlin] Query executed successfully. Found 0 rows
[23-Apr-2025 23:16:09 Europe/Berlin] Users table created or already exists
[23-Apr-2025 23:16:09 Europe/Berlin] Users table structure: [{"Field":"id","Type":"int(11)","Null":"NO","Key":"PRI","Default":null,"Extra":"auto_increment"},{"Field":"username","Type":"varchar(50)","Null":"NO","Key":"","Default":null,"Extra":""},{"Field":"email","Type":"varchar(100)","Null":"NO","Key":"UNI","Default":null,"Extra":""},{"Field":"password","Type":"varchar(255)","Null":"NO","Key":"","Default":null,"Extra":""},{"Field":"role","Type":"enum('user','admin')","Null":"YES","Key":"","Default":"user","Extra":""},{"Field":"verification_code","Type":"varchar(100)","Null":"YES","Key":"","Default":null,"Extra":""},{"Field":"is_verified","Type":"tinyint(1)","Null":"YES","Key":"","Default":"0","Extra":""},{"Field":"created_at","Type":"timestamp","Null":"NO","Key":"","Default":"current_timestamp()","Extra":""},{"Field":"favorite_sport","Type":"varchar(50)","Null":"YES","Key":"","Default":null,"Extra":""},{"Field":"favorite_team","Type":"varchar(50)","Null":"YES","Key":"","Default":null,"Extra":""},{"Field":"account_type","Type":"enum('user','admin')","Null":"YES","Key":"","Default":"user","Extra":""}]
[23-Apr-2025 23:16:09 Europe/Berlin] Number of users in database: 13
[23-Apr-2025 23:16:09 Europe/Berlin] All tables initialized successfully
[23-Apr-2025 23:16:09 Europe/Berlin] Database tables initialized successfully
[23-Apr-2025 23:16:09 Europe/Berlin] Executing SQL: SELECT * FROM users WHERE id = :id
[23-Apr-2025 23:16:09 Europe/Berlin] With params: {":id":12}
[23-Apr-2025 23:16:09 Europe/Berlin] Query executed successfully. Found 1 rows
[23-Apr-2025 23:16:09 Europe/Berlin] User loaded from session: varunpndey
[23-Apr-2025 23:16:09 Europe/Berlin] Executing SQL: SELECT * FROM users WHERE id = :id
[23-Apr-2025 23:16:09 Europe/Berlin] With params: {":id":12}
[23-Apr-2025 23:16:09 Europe/Berlin] Query executed successfully. Found 1 rows
[23-Apr-2025 23:16:09 Europe/Berlin] Executing SQL: SELECT * FROM news ORDER BY created_at DESC
[23-Apr-2025 23:16:09 Europe/Berlin] With params: []
[23-Apr-2025 23:16:09 Europe/Berlin] Query executed successfully. Found 2 rows
[23-Apr-2025 23:16:09 Europe/Berlin] Executing SQL: SELECT * FROM feedback ORDER BY created_at DESC
[23-Apr-2025 23:16:09 Europe/Berlin] With params: []
[23-Apr-2025 23:16:09 Europe/Berlin] Query executed successfully. Found 9 rows
[23-Apr-2025 23:16:09 Europe/Berlin] Executing SQL: UPDATE feedback SET status = :status WHERE id = :id
[23-Apr-2025 23:16:09 Europe/Berlin] With params: {":status":"read",":id":"8"}
[23-Apr-2025 23:16:09 Europe/Berlin] Query executed successfully. Found 0 rows
[23-Apr-2025 23:16:10 Europe/Berlin] Connected to database. Tables found: favorites, feedback, matches, matches_backup, matches_new, news, newsletter, notifications, players, subscriptions, users
[23-Apr-2025 23:16:10 Europe/Berlin] Executing SQL: CREATE TABLE IF NOT EXISTS users (
                id INT AUTO_INCREMENT PRIMARY KEY,
                username VARCHAR(50) NOT NULL UNIQUE,
                password VARCHAR(255) NOT NULL,
                email VARCHAR(100) NOT NULL UNIQUE,
                account_type ENUM('user', 'admin') DEFAULT 'user',
                created_at TIMESTAMP DEFAULT CURRENT_TIMESTAMP
            )
[23-Apr-2025 23:16:10 Europe/Berlin] With params: []
[23-Apr-2025 23:16:10 Europe/Berlin] Query executed successfully. Found 0 rows
[23-Apr-2025 23:16:10 Europe/Berlin] Users table created or already exists
[23-Apr-2025 23:16:10 Europe/Berlin] Users table structure: [{"Field":"id","Type":"int(11)","Null":"NO","Key":"PRI","Default":null,"Extra":"auto_increment"},{"Field":"username","Type":"varchar(50)","Null":"NO","Key":"","Default":null,"Extra":""},{"Field":"email","Type":"varchar(100)","Null":"NO","Key":"UNI","Default":null,"Extra":""},{"Field":"password","Type":"varchar(255)","Null":"NO","Key":"","Default":null,"Extra":""},{"Field":"role","Type":"enum('user','admin')","Null":"YES","Key":"","Default":"user","Extra":""},{"Field":"verification_code","Type":"varchar(100)","Null":"YES","Key":"","Default":null,"Extra":""},{"Field":"is_verified","Type":"tinyint(1)","Null":"YES","Key":"","Default":"0","Extra":""},{"Field":"created_at","Type":"timestamp","Null":"NO","Key":"","Default":"current_timestamp()","Extra":""},{"Field":"favorite_sport","Type":"varchar(50)","Null":"YES","Key":"","Default":null,"Extra":""},{"Field":"favorite_team","Type":"varchar(50)","Null":"YES","Key":"","Default":null,"Extra":""},{"Field":"account_type","Type":"enum('user','admin')","Null":"YES","Key":"","Default":"user","Extra":""}]
[23-Apr-2025 23:16:10 Europe/Berlin] Number of users in database: 13
[23-Apr-2025 23:16:10 Europe/Berlin] All tables initialized successfully
[23-Apr-2025 23:16:10 Europe/Berlin] Connected to database. Tables found: favorites, feedback, matches, matches_backup, matches_new, news, newsletter, notifications, players, subscriptions, users
[23-Apr-2025 23:16:10 Europe/Berlin] Executing SQL: CREATE TABLE IF NOT EXISTS users (
                id INT AUTO_INCREMENT PRIMARY KEY,
                username VARCHAR(50) NOT NULL UNIQUE,
                password VARCHAR(255) NOT NULL,
                email VARCHAR(100) NOT NULL UNIQUE,
                account_type ENUM('user', 'admin') DEFAULT 'user',
                created_at TIMESTAMP DEFAULT CURRENT_TIMESTAMP
            )
[23-Apr-2025 23:16:10 Europe/Berlin] With params: []
[23-Apr-2025 23:16:10 Europe/Berlin] Query executed successfully. Found 0 rows
[23-Apr-2025 23:16:10 Europe/Berlin] Users table created or already exists
[23-Apr-2025 23:16:10 Europe/Berlin] Users table structure: [{"Field":"id","Type":"int(11)","Null":"NO","Key":"PRI","Default":null,"Extra":"auto_increment"},{"Field":"username","Type":"varchar(50)","Null":"NO","Key":"","Default":null,"Extra":""},{"Field":"email","Type":"varchar(100)","Null":"NO","Key":"UNI","Default":null,"Extra":""},{"Field":"password","Type":"varchar(255)","Null":"NO","Key":"","Default":null,"Extra":""},{"Field":"role","Type":"enum('user','admin')","Null":"YES","Key":"","Default":"user","Extra":""},{"Field":"verification_code","Type":"varchar(100)","Null":"YES","Key":"","Default":null,"Extra":""},{"Field":"is_verified","Type":"tinyint(1)","Null":"YES","Key":"","Default":"0","Extra":""},{"Field":"created_at","Type":"timestamp","Null":"NO","Key":"","Default":"current_timestamp()","Extra":""},{"Field":"favorite_sport","Type":"varchar(50)","Null":"YES","Key":"","Default":null,"Extra":""},{"Field":"favorite_team","Type":"varchar(50)","Null":"YES","Key":"","Default":null,"Extra":""},{"Field":"account_type","Type":"enum('user','admin')","Null":"YES","Key":"","Default":"user","Extra":""}]
[23-Apr-2025 23:16:10 Europe/Berlin] Number of users in database: 13
[23-Apr-2025 23:16:10 Europe/Berlin] All tables initialized successfully
[23-Apr-2025 23:16:10 Europe/Berlin] Database tables initialized successfully
[23-Apr-2025 23:16:10 Europe/Berlin] Executing SQL: SELECT * FROM users WHERE id = :id
[23-Apr-2025 23:16:10 Europe/Berlin] With params: {":id":12}
[23-Apr-2025 23:16:10 Europe/Berlin] Query executed successfully. Found 1 rows
[23-Apr-2025 23:16:10 Europe/Berlin] User loaded from session: varunpndey
[23-Apr-2025 23:16:10 Europe/Berlin] Executing SQL: SELECT * FROM users WHERE id = :id
[23-Apr-2025 23:16:10 Europe/Berlin] With params: {":id":12}
[23-Apr-2025 23:16:10 Europe/Berlin] Query executed successfully. Found 1 rows
[23-Apr-2025 23:16:10 Europe/Berlin] Executing SQL: SELECT * FROM news ORDER BY created_at DESC
[23-Apr-2025 23:16:10 Europe/Berlin] With params: []
[23-Apr-2025 23:16:10 Europe/Berlin] Query executed successfully. Found 2 rows
[23-Apr-2025 23:16:10 Europe/Berlin] Executing SQL: SELECT * FROM feedback ORDER BY created_at DESC
[23-Apr-2025 23:16:10 Europe/Berlin] With params: []
[23-Apr-2025 23:16:10 Europe/Berlin] Query executed successfully. Found 9 rows
[23-Apr-2025 23:16:10 Europe/Berlin] Executing SQL: DELETE FROM feedback WHERE id = :id
[23-Apr-2025 23:16:10 Europe/Berlin] With params: {":id":"2"}
[23-Apr-2025 23:16:10 Europe/Berlin] Query executed successfully. Found 0 rows
[23-Apr-2025 23:16:10 Europe/Berlin] Executing SQL: SELECT * FROM matches WHERE status = 'live'
[23-Apr-2025 23:16:10 Europe/Berlin] With params: []
[23-Apr-2025 23:16:10 Europe/Berlin] Query executed successfully. Found 1 rows
[23-Apr-2025 23:16:10 Europe/Berlin] Executing SQL: SELECT * FROM matches WHERE 1=1 ORDER BY match_time DESC
[23-Apr-2025 23:16:10 Europe/Berlin] With params: []
[23-Apr-2025 23:16:10 Europe/Berlin] Query executed successfully. Found 4 rows
[23-Apr-2025 23:17:41 Europe/Berlin] Connected to database. Tables found: favorites, feedback, matches, matches_backup, matches_new, news, newsletter, notifications, players, subscriptions, users
[23-Apr-2025 23:17:41 Europe/Berlin] Executing SQL: CREATE TABLE IF NOT EXISTS users (
                id INT AUTO_INCREMENT PRIMARY KEY,
                username VARCHAR(50) NOT NULL UNIQUE,
                password VARCHAR(255) NOT NULL,
                email VARCHAR(100) NOT NULL UNIQUE,
                account_type ENUM('user', 'admin') DEFAULT 'user',
                created_at TIMESTAMP DEFAULT CURRENT_TIMESTAMP
            )
[23-Apr-2025 23:17:41 Europe/Berlin] With params: []
[23-Apr-2025 23:17:41 Europe/Berlin] Query executed successfully. Found 0 rows
[23-Apr-2025 23:17:41 Europe/Berlin] Users table created or already exists
[23-Apr-2025 23:17:41 Europe/Berlin] Users table structure: [{"Field":"id","Type":"int(11)","Null":"NO","Key":"PRI","Default":null,"Extra":"auto_increment"},{"Field":"username","Type":"varchar(50)","Null":"NO","Key":"","Default":null,"Extra":""},{"Field":"email","Type":"varchar(100)","Null":"NO","Key":"UNI","Default":null,"Extra":""},{"Field":"password","Type":"varchar(255)","Null":"NO","Key":"","Default":null,"Extra":""},{"Field":"role","Type":"enum('user','admin')","Null":"YES","Key":"","Default":"user","Extra":""},{"Field":"verification_code","Type":"varchar(100)","Null":"YES","Key":"","Default":null,"Extra":""},{"Field":"is_verified","Type":"tinyint(1)","Null":"YES","Key":"","Default":"0","Extra":""},{"Field":"created_at","Type":"timestamp","Null":"NO","Key":"","Default":"current_timestamp()","Extra":""},{"Field":"favorite_sport","Type":"varchar(50)","Null":"YES","Key":"","Default":null,"Extra":""},{"Field":"favorite_team","Type":"varchar(50)","Null":"YES","Key":"","Default":null,"Extra":""},{"Field":"account_type","Type":"enum('user','admin')","Null":"YES","Key":"","Default":"user","Extra":""}]
[23-Apr-2025 23:17:41 Europe/Berlin] Number of users in database: 13
[23-Apr-2025 23:17:41 Europe/Berlin] All tables initialized successfully
[23-Apr-2025 23:17:41 Europe/Berlin] Connected to database. Tables found: favorites, feedback, matches, matches_backup, matches_new, news, newsletter, notifications, players, subscriptions, users
[23-Apr-2025 23:17:41 Europe/Berlin] Executing SQL: CREATE TABLE IF NOT EXISTS users (
                id INT AUTO_INCREMENT PRIMARY KEY,
                username VARCHAR(50) NOT NULL UNIQUE,
                password VARCHAR(255) NOT NULL,
                email VARCHAR(100) NOT NULL UNIQUE,
                account_type ENUM('user', 'admin') DEFAULT 'user',
                created_at TIMESTAMP DEFAULT CURRENT_TIMESTAMP
            )
[23-Apr-2025 23:17:41 Europe/Berlin] With params: []
[23-Apr-2025 23:17:41 Europe/Berlin] Query executed successfully. Found 0 rows
[23-Apr-2025 23:17:41 Europe/Berlin] Users table created or already exists
[23-Apr-2025 23:17:41 Europe/Berlin] Users table structure: [{"Field":"id","Type":"int(11)","Null":"NO","Key":"PRI","Default":null,"Extra":"auto_increment"},{"Field":"username","Type":"varchar(50)","Null":"NO","Key":"","Default":null,"Extra":""},{"Field":"email","Type":"varchar(100)","Null":"NO","Key":"UNI","Default":null,"Extra":""},{"Field":"password","Type":"varchar(255)","Null":"NO","Key":"","Default":null,"Extra":""},{"Field":"role","Type":"enum('user','admin')","Null":"YES","Key":"","Default":"user","Extra":""},{"Field":"verification_code","Type":"varchar(100)","Null":"YES","Key":"","Default":null,"Extra":""},{"Field":"is_verified","Type":"tinyint(1)","Null":"YES","Key":"","Default":"0","Extra":""},{"Field":"created_at","Type":"timestamp","Null":"NO","Key":"","Default":"current_timestamp()","Extra":""},{"Field":"favorite_sport","Type":"varchar(50)","Null":"YES","Key":"","Default":null,"Extra":""},{"Field":"favorite_team","Type":"varchar(50)","Null":"YES","Key":"","Default":null,"Extra":""},{"Field":"account_type","Type":"enum('user','admin')","Null":"YES","Key":"","Default":"user","Extra":""}]
[23-Apr-2025 23:17:41 Europe/Berlin] Number of users in database: 13
[23-Apr-2025 23:17:41 Europe/Berlin] All tables initialized successfully
[23-Apr-2025 23:17:41 Europe/Berlin] Database tables initialized successfully
[23-Apr-2025 23:17:41 Europe/Berlin] Executing SQL: SELECT * FROM users WHERE id = :id
[23-Apr-2025 23:17:41 Europe/Berlin] With params: {":id":12}
[23-Apr-2025 23:17:41 Europe/Berlin] Query executed successfully. Found 1 rows
[23-Apr-2025 23:17:41 Europe/Berlin] User loaded from session: varunpndey
[23-Apr-2025 23:17:41 Europe/Berlin] Executing SQL: SELECT * FROM users WHERE id = :id
[23-Apr-2025 23:17:41 Europe/Berlin] With params: {":id":12}
[23-Apr-2025 23:17:41 Europe/Berlin] Query executed successfully. Found 1 rows
[23-Apr-2025 23:17:41 Europe/Berlin] Executing SQL: SELECT * FROM news ORDER BY created_at DESC
[23-Apr-2025 23:17:41 Europe/Berlin] With params: []
[23-Apr-2025 23:17:41 Europe/Berlin] Query executed successfully. Found 2 rows
[23-Apr-2025 23:17:41 Europe/Berlin] Executing SQL: SELECT * FROM feedback ORDER BY created_at DESC
[23-Apr-2025 23:17:41 Europe/Berlin] With params: []
[23-Apr-2025 23:17:41 Europe/Berlin] Query executed successfully. Found 9 rows
[23-Apr-2025 23:17:41 Europe/Berlin] Executing SQL: DELETE FROM feedback WHERE id = :id
[23-Apr-2025 23:17:41 Europe/Berlin] With params: {":id":"2"}
[23-Apr-2025 23:17:41 Europe/Berlin] Query executed successfully. Found 0 rows
[23-Apr-2025 23:17:41 Europe/Berlin] Executing SQL: SELECT * FROM matches WHERE status = 'live'
[23-Apr-2025 23:17:41 Europe/Berlin] With params: []
[23-Apr-2025 23:17:41 Europe/Berlin] Query executed successfully. Found 1 rows
[23-Apr-2025 23:17:41 Europe/Berlin] Executing SQL: SELECT * FROM matches WHERE 1=1 ORDER BY match_time DESC
[23-Apr-2025 23:17:41 Europe/Berlin] With params: []
[23-Apr-2025 23:17:41 Europe/Berlin] Query executed successfully. Found 4 rows
[23-Apr-2025 23:17:47 Europe/Berlin] Connected to database. Tables found: favorites, feedback, matches, matches_backup, matches_new, news, newsletter, notifications, players, subscriptions, users
[23-Apr-2025 23:17:47 Europe/Berlin] Executing SQL: CREATE TABLE IF NOT EXISTS users (
                id INT AUTO_INCREMENT PRIMARY KEY,
                username VARCHAR(50) NOT NULL UNIQUE,
                password VARCHAR(255) NOT NULL,
                email VARCHAR(100) NOT NULL UNIQUE,
                account_type ENUM('user', 'admin') DEFAULT 'user',
                created_at TIMESTAMP DEFAULT CURRENT_TIMESTAMP
            )
[23-Apr-2025 23:17:47 Europe/Berlin] With params: []
[23-Apr-2025 23:17:47 Europe/Berlin] Query executed successfully. Found 0 rows
[23-Apr-2025 23:17:47 Europe/Berlin] Users table created or already exists
[23-Apr-2025 23:17:47 Europe/Berlin] Users table structure: [{"Field":"id","Type":"int(11)","Null":"NO","Key":"PRI","Default":null,"Extra":"auto_increment"},{"Field":"username","Type":"varchar(50)","Null":"NO","Key":"","Default":null,"Extra":""},{"Field":"email","Type":"varchar(100)","Null":"NO","Key":"UNI","Default":null,"Extra":""},{"Field":"password","Type":"varchar(255)","Null":"NO","Key":"","Default":null,"Extra":""},{"Field":"role","Type":"enum('user','admin')","Null":"YES","Key":"","Default":"user","Extra":""},{"Field":"verification_code","Type":"varchar(100)","Null":"YES","Key":"","Default":null,"Extra":""},{"Field":"is_verified","Type":"tinyint(1)","Null":"YES","Key":"","Default":"0","Extra":""},{"Field":"created_at","Type":"timestamp","Null":"NO","Key":"","Default":"current_timestamp()","Extra":""},{"Field":"favorite_sport","Type":"varchar(50)","Null":"YES","Key":"","Default":null,"Extra":""},{"Field":"favorite_team","Type":"varchar(50)","Null":"YES","Key":"","Default":null,"Extra":""},{"Field":"account_type","Type":"enum('user','admin')","Null":"YES","Key":"","Default":"user","Extra":""}]
[23-Apr-2025 23:17:47 Europe/Berlin] Number of users in database: 13
[23-Apr-2025 23:17:47 Europe/Berlin] All tables initialized successfully
[23-Apr-2025 23:17:47 Europe/Berlin] Connected to database. Tables found: favorites, feedback, matches, matches_backup, matches_new, news, newsletter, notifications, players, subscriptions, users
[23-Apr-2025 23:17:47 Europe/Berlin] Executing SQL: CREATE TABLE IF NOT EXISTS users (
                id INT AUTO_INCREMENT PRIMARY KEY,
                username VARCHAR(50) NOT NULL UNIQUE,
                password VARCHAR(255) NOT NULL,
                email VARCHAR(100) NOT NULL UNIQUE,
                account_type ENUM('user', 'admin') DEFAULT 'user',
                created_at TIMESTAMP DEFAULT CURRENT_TIMESTAMP
            )
[23-Apr-2025 23:17:47 Europe/Berlin] With params: []
[23-Apr-2025 23:17:47 Europe/Berlin] Query executed successfully. Found 0 rows
[23-Apr-2025 23:17:47 Europe/Berlin] Users table created or already exists
[23-Apr-2025 23:17:47 Europe/Berlin] Users table structure: [{"Field":"id","Type":"int(11)","Null":"NO","Key":"PRI","Default":null,"Extra":"auto_increment"},{"Field":"username","Type":"varchar(50)","Null":"NO","Key":"","Default":null,"Extra":""},{"Field":"email","Type":"varchar(100)","Null":"NO","Key":"UNI","Default":null,"Extra":""},{"Field":"password","Type":"varchar(255)","Null":"NO","Key":"","Default":null,"Extra":""},{"Field":"role","Type":"enum('user','admin')","Null":"YES","Key":"","Default":"user","Extra":""},{"Field":"verification_code","Type":"varchar(100)","Null":"YES","Key":"","Default":null,"Extra":""},{"Field":"is_verified","Type":"tinyint(1)","Null":"YES","Key":"","Default":"0","Extra":""},{"Field":"created_at","Type":"timestamp","Null":"NO","Key":"","Default":"current_timestamp()","Extra":""},{"Field":"favorite_sport","Type":"varchar(50)","Null":"YES","Key":"","Default":null,"Extra":""},{"Field":"favorite_team","Type":"varchar(50)","Null":"YES","Key":"","Default":null,"Extra":""},{"Field":"account_type","Type":"enum('user','admin')","Null":"YES","Key":"","Default":"user","Extra":""}]
[23-Apr-2025 23:17:47 Europe/Berlin] Number of users in database: 13
[23-Apr-2025 23:17:47 Europe/Berlin] All tables initialized successfully
[23-Apr-2025 23:17:47 Europe/Berlin] Database tables initialized successfully
[23-Apr-2025 23:17:47 Europe/Berlin] Executing SQL: SELECT * FROM users WHERE id = :id
[23-Apr-2025 23:17:47 Europe/Berlin] With params: {":id":12}
[23-Apr-2025 23:17:47 Europe/Berlin] Query executed successfully. Found 1 rows
[23-Apr-2025 23:17:47 Europe/Berlin] User loaded from session: varunpndey
[23-Apr-2025 23:17:47 Europe/Berlin] Header - Session status: 2
[23-Apr-2025 23:17:47 Europe/Berlin] Header - Session data: {"user_id":12,"username":"varunpndey","email":"va@gmail.com","account_type":"admin"}
[23-Apr-2025 23:17:47 Europe/Berlin] Header - After session start - Status: 2
[23-Apr-2025 23:17:47 Europe/Berlin] Header - After session start - Data: {"user_id":12,"username":"varunpndey","email":"va@gmail.com","account_type":"admin"}
[23-Apr-2025 23:17:47 Europe/Berlin] Header - Is logged in: Yes
[23-Apr-2025 23:17:47 Europe/Berlin] Executing SQL: SELECT * FROM news ORDER BY created_at DESC LIMIT 5
[23-Apr-2025 23:17:47 Europe/Berlin] With params: []
[23-Apr-2025 23:17:47 Europe/Berlin] Query executed successfully. Found 2 rows
[23-Apr-2025 23:17:47 Europe/Berlin] Executing SQL: SELECT * FROM matches WHERE status = 'live'
[23-Apr-2025 23:17:47 Europe/Berlin] With params: []
[23-Apr-2025 23:17:47 Europe/Berlin] Query executed successfully. Found 1 rows
[23-Apr-2025 23:17:47 Europe/Berlin] Executing SQL: SELECT COUNT(*) as count FROM favorites 
                    WHERE user_id = :user_id AND match_id = :match_id
[23-Apr-2025 23:17:47 Europe/Berlin] With params: {":user_id":12,":match_id":42}
[23-Apr-2025 23:17:47 Europe/Berlin] Query executed successfully. Found 1 rows
[23-Apr-2025 23:17:49 Europe/Berlin] Connected to database. Tables found: favorites, feedback, matches, matches_backup, matches_new, news, newsletter, notifications, players, subscriptions, users
[23-Apr-2025 23:17:49 Europe/Berlin] Executing SQL: CREATE TABLE IF NOT EXISTS users (
                id INT AUTO_INCREMENT PRIMARY KEY,
                username VARCHAR(50) NOT NULL UNIQUE,
                password VARCHAR(255) NOT NULL,
                email VARCHAR(100) NOT NULL UNIQUE,
                account_type ENUM('user', 'admin') DEFAULT 'user',
                created_at TIMESTAMP DEFAULT CURRENT_TIMESTAMP
            )
[23-Apr-2025 23:17:49 Europe/Berlin] With params: []
[23-Apr-2025 23:17:49 Europe/Berlin] Query executed successfully. Found 0 rows
[23-Apr-2025 23:17:49 Europe/Berlin] Users table created or already exists
[23-Apr-2025 23:17:49 Europe/Berlin] Users table structure: [{"Field":"id","Type":"int(11)","Null":"NO","Key":"PRI","Default":null,"Extra":"auto_increment"},{"Field":"username","Type":"varchar(50)","Null":"NO","Key":"","Default":null,"Extra":""},{"Field":"email","Type":"varchar(100)","Null":"NO","Key":"UNI","Default":null,"Extra":""},{"Field":"password","Type":"varchar(255)","Null":"NO","Key":"","Default":null,"Extra":""},{"Field":"role","Type":"enum('user','admin')","Null":"YES","Key":"","Default":"user","Extra":""},{"Field":"verification_code","Type":"varchar(100)","Null":"YES","Key":"","Default":null,"Extra":""},{"Field":"is_verified","Type":"tinyint(1)","Null":"YES","Key":"","Default":"0","Extra":""},{"Field":"created_at","Type":"timestamp","Null":"NO","Key":"","Default":"current_timestamp()","Extra":""},{"Field":"favorite_sport","Type":"varchar(50)","Null":"YES","Key":"","Default":null,"Extra":""},{"Field":"favorite_team","Type":"varchar(50)","Null":"YES","Key":"","Default":null,"Extra":""},{"Field":"account_type","Type":"enum('user','admin')","Null":"YES","Key":"","Default":"user","Extra":""}]
[23-Apr-2025 23:17:49 Europe/Berlin] Number of users in database: 13
[23-Apr-2025 23:17:49 Europe/Berlin] All tables initialized successfully
[23-Apr-2025 23:17:49 Europe/Berlin] Connected to database. Tables found: favorites, feedback, matches, matches_backup, matches_new, news, newsletter, notifications, players, subscriptions, users
[23-Apr-2025 23:17:49 Europe/Berlin] Executing SQL: CREATE TABLE IF NOT EXISTS users (
                id INT AUTO_INCREMENT PRIMARY KEY,
                username VARCHAR(50) NOT NULL UNIQUE,
                password VARCHAR(255) NOT NULL,
                email VARCHAR(100) NOT NULL UNIQUE,
                account_type ENUM('user', 'admin') DEFAULT 'user',
                created_at TIMESTAMP DEFAULT CURRENT_TIMESTAMP
            )
[23-Apr-2025 23:17:49 Europe/Berlin] With params: []
[23-Apr-2025 23:17:49 Europe/Berlin] Query executed successfully. Found 0 rows
[23-Apr-2025 23:17:49 Europe/Berlin] Users table created or already exists
[23-Apr-2025 23:17:49 Europe/Berlin] Users table structure: [{"Field":"id","Type":"int(11)","Null":"NO","Key":"PRI","Default":null,"Extra":"auto_increment"},{"Field":"username","Type":"varchar(50)","Null":"NO","Key":"","Default":null,"Extra":""},{"Field":"email","Type":"varchar(100)","Null":"NO","Key":"UNI","Default":null,"Extra":""},{"Field":"password","Type":"varchar(255)","Null":"NO","Key":"","Default":null,"Extra":""},{"Field":"role","Type":"enum('user','admin')","Null":"YES","Key":"","Default":"user","Extra":""},{"Field":"verification_code","Type":"varchar(100)","Null":"YES","Key":"","Default":null,"Extra":""},{"Field":"is_verified","Type":"tinyint(1)","Null":"YES","Key":"","Default":"0","Extra":""},{"Field":"created_at","Type":"timestamp","Null":"NO","Key":"","Default":"current_timestamp()","Extra":""},{"Field":"favorite_sport","Type":"varchar(50)","Null":"YES","Key":"","Default":null,"Extra":""},{"Field":"favorite_team","Type":"varchar(50)","Null":"YES","Key":"","Default":null,"Extra":""},{"Field":"account_type","Type":"enum('user','admin')","Null":"YES","Key":"","Default":"user","Extra":""}]
[23-Apr-2025 23:17:49 Europe/Berlin] Number of users in database: 13
[23-Apr-2025 23:17:49 Europe/Berlin] All tables initialized successfully
[23-Apr-2025 23:17:49 Europe/Berlin] Database tables initialized successfully
[23-Apr-2025 23:17:49 Europe/Berlin] Executing SQL: SELECT * FROM users WHERE id = :id
[23-Apr-2025 23:17:49 Europe/Berlin] With params: {":id":12}
[23-Apr-2025 23:17:49 Europe/Berlin] Query executed successfully. Found 1 rows
[23-Apr-2025 23:17:49 Europe/Berlin] User loaded from session: varunpndey
[23-Apr-2025 23:17:49 Europe/Berlin] Executing SQL: SELECT * FROM users WHERE id = :id
[23-Apr-2025 23:17:49 Europe/Berlin] With params: {":id":12}
[23-Apr-2025 23:17:49 Europe/Berlin] Query executed successfully. Found 1 rows
[23-Apr-2025 23:17:49 Europe/Berlin] Executing SQL: SELECT * FROM news ORDER BY created_at DESC
[23-Apr-2025 23:17:49 Europe/Berlin] With params: []
[23-Apr-2025 23:17:49 Europe/Berlin] Query executed successfully. Found 2 rows
[23-Apr-2025 23:17:49 Europe/Berlin] Executing SQL: SELECT * FROM feedback ORDER BY created_at DESC
[23-Apr-2025 23:17:49 Europe/Berlin] With params: []
[23-Apr-2025 23:17:49 Europe/Berlin] Query executed successfully. Found 9 rows
[23-Apr-2025 23:17:49 Europe/Berlin] Executing SQL: SELECT * FROM matches WHERE status = 'live'
[23-Apr-2025 23:17:49 Europe/Berlin] With params: []
[23-Apr-2025 23:17:49 Europe/Berlin] Query executed successfully. Found 1 rows
[23-Apr-2025 23:17:49 Europe/Berlin] Executing SQL: SELECT * FROM matches WHERE 1=1 ORDER BY match_time DESC
[23-Apr-2025 23:17:49 Europe/Berlin] With params: []
[23-Apr-2025 23:17:49 Europe/Berlin] Query executed successfully. Found 4 rows
[23-Apr-2025 23:17:58 Europe/Berlin] Connected to database. Tables found: favorites, feedback, matches, matches_backup, matches_new, news, newsletter, notifications, players, subscriptions, users
[23-Apr-2025 23:17:58 Europe/Berlin] Executing SQL: CREATE TABLE IF NOT EXISTS users (
                id INT AUTO_INCREMENT PRIMARY KEY,
                username VARCHAR(50) NOT NULL UNIQUE,
                password VARCHAR(255) NOT NULL,
                email VARCHAR(100) NOT NULL UNIQUE,
                account_type ENUM('user', 'admin') DEFAULT 'user',
                created_at TIMESTAMP DEFAULT CURRENT_TIMESTAMP
            )
[23-Apr-2025 23:17:58 Europe/Berlin] With params: []
[23-Apr-2025 23:17:58 Europe/Berlin] Query executed successfully. Found 0 rows
[23-Apr-2025 23:17:58 Europe/Berlin] Users table created or already exists
[23-Apr-2025 23:17:58 Europe/Berlin] Users table structure: [{"Field":"id","Type":"int(11)","Null":"NO","Key":"PRI","Default":null,"Extra":"auto_increment"},{"Field":"username","Type":"varchar(50)","Null":"NO","Key":"","Default":null,"Extra":""},{"Field":"email","Type":"varchar(100)","Null":"NO","Key":"UNI","Default":null,"Extra":""},{"Field":"password","Type":"varchar(255)","Null":"NO","Key":"","Default":null,"Extra":""},{"Field":"role","Type":"enum('user','admin')","Null":"YES","Key":"","Default":"user","Extra":""},{"Field":"verification_code","Type":"varchar(100)","Null":"YES","Key":"","Default":null,"Extra":""},{"Field":"is_verified","Type":"tinyint(1)","Null":"YES","Key":"","Default":"0","Extra":""},{"Field":"created_at","Type":"timestamp","Null":"NO","Key":"","Default":"current_timestamp()","Extra":""},{"Field":"favorite_sport","Type":"varchar(50)","Null":"YES","Key":"","Default":null,"Extra":""},{"Field":"favorite_team","Type":"varchar(50)","Null":"YES","Key":"","Default":null,"Extra":""},{"Field":"account_type","Type":"enum('user','admin')","Null":"YES","Key":"","Default":"user","Extra":""}]
[23-Apr-2025 23:17:58 Europe/Berlin] Number of users in database: 13
[23-Apr-2025 23:17:58 Europe/Berlin] All tables initialized successfully
[23-Apr-2025 23:17:58 Europe/Berlin] Connected to database. Tables found: favorites, feedback, matches, matches_backup, matches_new, news, newsletter, notifications, players, subscriptions, users
[23-Apr-2025 23:17:58 Europe/Berlin] Executing SQL: CREATE TABLE IF NOT EXISTS users (
                id INT AUTO_INCREMENT PRIMARY KEY,
                username VARCHAR(50) NOT NULL UNIQUE,
                password VARCHAR(255) NOT NULL,
                email VARCHAR(100) NOT NULL UNIQUE,
                account_type ENUM('user', 'admin') DEFAULT 'user',
                created_at TIMESTAMP DEFAULT CURRENT_TIMESTAMP
            )
[23-Apr-2025 23:17:58 Europe/Berlin] With params: []
[23-Apr-2025 23:17:58 Europe/Berlin] Query executed successfully. Found 0 rows
[23-Apr-2025 23:17:58 Europe/Berlin] Users table created or already exists
[23-Apr-2025 23:17:58 Europe/Berlin] Users table structure: [{"Field":"id","Type":"int(11)","Null":"NO","Key":"PRI","Default":null,"Extra":"auto_increment"},{"Field":"username","Type":"varchar(50)","Null":"NO","Key":"","Default":null,"Extra":""},{"Field":"email","Type":"varchar(100)","Null":"NO","Key":"UNI","Default":null,"Extra":""},{"Field":"password","Type":"varchar(255)","Null":"NO","Key":"","Default":null,"Extra":""},{"Field":"role","Type":"enum('user','admin')","Null":"YES","Key":"","Default":"user","Extra":""},{"Field":"verification_code","Type":"varchar(100)","Null":"YES","Key":"","Default":null,"Extra":""},{"Field":"is_verified","Type":"tinyint(1)","Null":"YES","Key":"","Default":"0","Extra":""},{"Field":"created_at","Type":"timestamp","Null":"NO","Key":"","Default":"current_timestamp()","Extra":""},{"Field":"favorite_sport","Type":"varchar(50)","Null":"YES","Key":"","Default":null,"Extra":""},{"Field":"favorite_team","Type":"varchar(50)","Null":"YES","Key":"","Default":null,"Extra":""},{"Field":"account_type","Type":"enum('user','admin')","Null":"YES","Key":"","Default":"user","Extra":""}]
[23-Apr-2025 23:17:58 Europe/Berlin] Number of users in database: 13
[23-Apr-2025 23:17:58 Europe/Berlin] All tables initialized successfully
[23-Apr-2025 23:17:58 Europe/Berlin] Database tables initialized successfully
[23-Apr-2025 23:17:58 Europe/Berlin] Executing SQL: SELECT * FROM users WHERE id = :id
[23-Apr-2025 23:17:58 Europe/Berlin] With params: {":id":12}
[23-Apr-2025 23:17:58 Europe/Berlin] Query executed successfully. Found 1 rows
[23-Apr-2025 23:17:58 Europe/Berlin] User loaded from session: varunpndey
[23-Apr-2025 23:17:58 Europe/Berlin] Header - Session status: 2
[23-Apr-2025 23:17:58 Europe/Berlin] Header - Session data: {"user_id":12,"username":"varunpndey","email":"va@gmail.com","account_type":"admin"}
[23-Apr-2025 23:17:58 Europe/Berlin] Header - After session start - Status: 2
[23-Apr-2025 23:17:58 Europe/Berlin] Header - After session start - Data: {"user_id":12,"username":"varunpndey","email":"va@gmail.com","account_type":"admin"}
[23-Apr-2025 23:17:58 Europe/Berlin] Header - Is logged in: Yes
[23-Apr-2025 23:17:58 Europe/Berlin] Executing SQL: SELECT * FROM news ORDER BY created_at DESC LIMIT 5
[23-Apr-2025 23:17:58 Europe/Berlin] With params: []
[23-Apr-2025 23:17:58 Europe/Berlin] Query executed successfully. Found 2 rows
[23-Apr-2025 23:17:58 Europe/Berlin] Executing SQL: SELECT * FROM matches WHERE status = 'live'
[23-Apr-2025 23:17:58 Europe/Berlin] With params: []
[23-Apr-2025 23:17:58 Europe/Berlin] Query executed successfully. Found 1 rows
[23-Apr-2025 23:17:58 Europe/Berlin] Executing SQL: SELECT COUNT(*) as count FROM favorites 
                    WHERE user_id = :user_id AND match_id = :match_id
[23-Apr-2025 23:17:58 Europe/Berlin] With params: {":user_id":12,":match_id":42}
[23-Apr-2025 23:17:58 Europe/Berlin] Query executed successfully. Found 1 rows
[23-Apr-2025 23:18:04 Europe/Berlin] Connected to database. Tables found: favorites, feedback, matches, matches_backup, matches_new, news, newsletter, notifications, players, subscriptions, users
[23-Apr-2025 23:18:04 Europe/Berlin] Executing SQL: CREATE TABLE IF NOT EXISTS users (
                id INT AUTO_INCREMENT PRIMARY KEY,
                username VARCHAR(50) NOT NULL UNIQUE,
                password VARCHAR(255) NOT NULL,
                email VARCHAR(100) NOT NULL UNIQUE,
                account_type ENUM('user', 'admin') DEFAULT 'user',
                created_at TIMESTAMP DEFAULT CURRENT_TIMESTAMP
            )
[23-Apr-2025 23:18:04 Europe/Berlin] With params: []
[23-Apr-2025 23:18:04 Europe/Berlin] Query executed successfully. Found 0 rows
[23-Apr-2025 23:18:04 Europe/Berlin] Users table created or already exists
[23-Apr-2025 23:18:04 Europe/Berlin] Users table structure: [{"Field":"id","Type":"int(11)","Null":"NO","Key":"PRI","Default":null,"Extra":"auto_increment"},{"Field":"username","Type":"varchar(50)","Null":"NO","Key":"","Default":null,"Extra":""},{"Field":"email","Type":"varchar(100)","Null":"NO","Key":"UNI","Default":null,"Extra":""},{"Field":"password","Type":"varchar(255)","Null":"NO","Key":"","Default":null,"Extra":""},{"Field":"role","Type":"enum('user','admin')","Null":"YES","Key":"","Default":"user","Extra":""},{"Field":"verification_code","Type":"varchar(100)","Null":"YES","Key":"","Default":null,"Extra":""},{"Field":"is_verified","Type":"tinyint(1)","Null":"YES","Key":"","Default":"0","Extra":""},{"Field":"created_at","Type":"timestamp","Null":"NO","Key":"","Default":"current_timestamp()","Extra":""},{"Field":"favorite_sport","Type":"varchar(50)","Null":"YES","Key":"","Default":null,"Extra":""},{"Field":"favorite_team","Type":"varchar(50)","Null":"YES","Key":"","Default":null,"Extra":""},{"Field":"account_type","Type":"enum('user','admin')","Null":"YES","Key":"","Default":"user","Extra":""}]
[23-Apr-2025 23:18:04 Europe/Berlin] Number of users in database: 13
[23-Apr-2025 23:18:04 Europe/Berlin] All tables initialized successfully
[23-Apr-2025 23:18:04 Europe/Berlin] API Request received: /sportsync/backend/match.php
[23-Apr-2025 23:18:04 Europe/Berlin] GET parameters: Array
(
)

[23-Apr-2025 23:18:08 Europe/Berlin] Connected to database. Tables found: favorites, feedback, matches, matches_backup, matches_new, news, newsletter, notifications, players, subscriptions, users
[23-Apr-2025 23:18:08 Europe/Berlin] Executing SQL: CREATE TABLE IF NOT EXISTS users (
                id INT AUTO_INCREMENT PRIMARY KEY,
                username VARCHAR(50) NOT NULL UNIQUE,
                password VARCHAR(255) NOT NULL,
                email VARCHAR(100) NOT NULL UNIQUE,
                account_type ENUM('user', 'admin') DEFAULT 'user',
                created_at TIMESTAMP DEFAULT CURRENT_TIMESTAMP
            )
[23-Apr-2025 23:18:08 Europe/Berlin] With params: []
[23-Apr-2025 23:18:08 Europe/Berlin] Query executed successfully. Found 0 rows
[23-Apr-2025 23:18:08 Europe/Berlin] Users table created or already exists
[23-Apr-2025 23:18:08 Europe/Berlin] Users table structure: [{"Field":"id","Type":"int(11)","Null":"NO","Key":"PRI","Default":null,"Extra":"auto_increment"},{"Field":"username","Type":"varchar(50)","Null":"NO","Key":"","Default":null,"Extra":""},{"Field":"email","Type":"varchar(100)","Null":"NO","Key":"UNI","Default":null,"Extra":""},{"Field":"password","Type":"varchar(255)","Null":"NO","Key":"","Default":null,"Extra":""},{"Field":"role","Type":"enum('user','admin')","Null":"YES","Key":"","Default":"user","Extra":""},{"Field":"verification_code","Type":"varchar(100)","Null":"YES","Key":"","Default":null,"Extra":""},{"Field":"is_verified","Type":"tinyint(1)","Null":"YES","Key":"","Default":"0","Extra":""},{"Field":"created_at","Type":"timestamp","Null":"NO","Key":"","Default":"current_timestamp()","Extra":""},{"Field":"favorite_sport","Type":"varchar(50)","Null":"YES","Key":"","Default":null,"Extra":""},{"Field":"favorite_team","Type":"varchar(50)","Null":"YES","Key":"","Default":null,"Extra":""},{"Field":"account_type","Type":"enum('user','admin')","Null":"YES","Key":"","Default":"user","Extra":""}]
[23-Apr-2025 23:18:08 Europe/Berlin] Number of users in database: 13
[23-Apr-2025 23:18:08 Europe/Berlin] All tables initialized successfully
[23-Apr-2025 23:18:08 Europe/Berlin] Connected to database. Tables found: favorites, feedback, matches, matches_backup, matches_new, news, newsletter, notifications, players, subscriptions, users
[23-Apr-2025 23:18:08 Europe/Berlin] Executing SQL: CREATE TABLE IF NOT EXISTS users (
                id INT AUTO_INCREMENT PRIMARY KEY,
                username VARCHAR(50) NOT NULL UNIQUE,
                password VARCHAR(255) NOT NULL,
                email VARCHAR(100) NOT NULL UNIQUE,
                account_type ENUM('user', 'admin') DEFAULT 'user',
                created_at TIMESTAMP DEFAULT CURRENT_TIMESTAMP
            )
[23-Apr-2025 23:18:08 Europe/Berlin] With params: []
[23-Apr-2025 23:18:08 Europe/Berlin] Query executed successfully. Found 0 rows
[23-Apr-2025 23:18:08 Europe/Berlin] Users table created or already exists
[23-Apr-2025 23:18:08 Europe/Berlin] Users table structure: [{"Field":"id","Type":"int(11)","Null":"NO","Key":"PRI","Default":null,"Extra":"auto_increment"},{"Field":"username","Type":"varchar(50)","Null":"NO","Key":"","Default":null,"Extra":""},{"Field":"email","Type":"varchar(100)","Null":"NO","Key":"UNI","Default":null,"Extra":""},{"Field":"password","Type":"varchar(255)","Null":"NO","Key":"","Default":null,"Extra":""},{"Field":"role","Type":"enum('user','admin')","Null":"YES","Key":"","Default":"user","Extra":""},{"Field":"verification_code","Type":"varchar(100)","Null":"YES","Key":"","Default":null,"Extra":""},{"Field":"is_verified","Type":"tinyint(1)","Null":"YES","Key":"","Default":"0","Extra":""},{"Field":"created_at","Type":"timestamp","Null":"NO","Key":"","Default":"current_timestamp()","Extra":""},{"Field":"favorite_sport","Type":"varchar(50)","Null":"YES","Key":"","Default":null,"Extra":""},{"Field":"favorite_team","Type":"varchar(50)","Null":"YES","Key":"","Default":null,"Extra":""},{"Field":"account_type","Type":"enum('user','admin')","Null":"YES","Key":"","Default":"user","Extra":""}]
[23-Apr-2025 23:18:08 Europe/Berlin] Number of users in database: 13
[23-Apr-2025 23:18:08 Europe/Berlin] All tables initialized successfully
[23-Apr-2025 23:18:08 Europe/Berlin] Database tables initialized successfully
[23-Apr-2025 23:18:08 Europe/Berlin] Executing SQL: SELECT * FROM users WHERE id = :id
[23-Apr-2025 23:18:08 Europe/Berlin] With params: {":id":12}
[23-Apr-2025 23:18:08 Europe/Berlin] Query executed successfully. Found 1 rows
[23-Apr-2025 23:18:08 Europe/Berlin] User loaded from session: varunpndey
[23-Apr-2025 23:18:08 Europe/Berlin] Header - Session status: 2
[23-Apr-2025 23:18:08 Europe/Berlin] Header - Session data: {"user_id":12,"username":"varunpndey","email":"va@gmail.com","account_type":"admin"}
[23-Apr-2025 23:18:08 Europe/Berlin] Header - After session start - Status: 2
[23-Apr-2025 23:18:08 Europe/Berlin] Header - After session start - Data: {"user_id":12,"username":"varunpndey","email":"va@gmail.com","account_type":"admin"}
[23-Apr-2025 23:18:08 Europe/Berlin] Header - Is logged in: Yes
[23-Apr-2025 23:18:08 Europe/Berlin] Executing SQL: SELECT * FROM matches WHERE status = 'live'
[23-Apr-2025 23:18:08 Europe/Berlin] With params: []
[23-Apr-2025 23:18:08 Europe/Berlin] Query executed successfully. Found 1 rows
[23-Apr-2025 23:18:08 Europe/Berlin] Executing SQL: SELECT COUNT(*) as count FROM favorites 
                    WHERE user_id = :user_id AND match_id = :match_id
[23-Apr-2025 23:18:08 Europe/Berlin] With params: {":user_id":12,":match_id":42}
[23-Apr-2025 23:18:08 Europe/Berlin] Query executed successfully. Found 1 rows
[23-Apr-2025 23:18:09 Europe/Berlin] Connected to database. Tables found: favorites, feedback, matches, matches_backup, matches_new, news, newsletter, notifications, players, subscriptions, users
[23-Apr-2025 23:18:09 Europe/Berlin] Executing SQL: CREATE TABLE IF NOT EXISTS users (
                id INT AUTO_INCREMENT PRIMARY KEY,
                username VARCHAR(50) NOT NULL UNIQUE,
                password VARCHAR(255) NOT NULL,
                email VARCHAR(100) NOT NULL UNIQUE,
                account_type ENUM('user', 'admin') DEFAULT 'user',
                created_at TIMESTAMP DEFAULT CURRENT_TIMESTAMP
            )
[23-Apr-2025 23:18:09 Europe/Berlin] With params: []
[23-Apr-2025 23:18:09 Europe/Berlin] Query executed successfully. Found 0 rows
[23-Apr-2025 23:18:09 Europe/Berlin] Users table created or already exists
[23-Apr-2025 23:18:09 Europe/Berlin] Users table structure: [{"Field":"id","Type":"int(11)","Null":"NO","Key":"PRI","Default":null,"Extra":"auto_increment"},{"Field":"username","Type":"varchar(50)","Null":"NO","Key":"","Default":null,"Extra":""},{"Field":"email","Type":"varchar(100)","Null":"NO","Key":"UNI","Default":null,"Extra":""},{"Field":"password","Type":"varchar(255)","Null":"NO","Key":"","Default":null,"Extra":""},{"Field":"role","Type":"enum('user','admin')","Null":"YES","Key":"","Default":"user","Extra":""},{"Field":"verification_code","Type":"varchar(100)","Null":"YES","Key":"","Default":null,"Extra":""},{"Field":"is_verified","Type":"tinyint(1)","Null":"YES","Key":"","Default":"0","Extra":""},{"Field":"created_at","Type":"timestamp","Null":"NO","Key":"","Default":"current_timestamp()","Extra":""},{"Field":"favorite_sport","Type":"varchar(50)","Null":"YES","Key":"","Default":null,"Extra":""},{"Field":"favorite_team","Type":"varchar(50)","Null":"YES","Key":"","Default":null,"Extra":""},{"Field":"account_type","Type":"enum('user','admin')","Null":"YES","Key":"","Default":"user","Extra":""}]
[23-Apr-2025 23:18:09 Europe/Berlin] Number of users in database: 13
[23-Apr-2025 23:18:09 Europe/Berlin] All tables initialized successfully
[23-Apr-2025 23:18:09 Europe/Berlin] Connected to database. Tables found: favorites, feedback, matches, matches_backup, matches_new, news, newsletter, notifications, players, subscriptions, users
[23-Apr-2025 23:18:09 Europe/Berlin] Executing SQL: CREATE TABLE IF NOT EXISTS users (
                id INT AUTO_INCREMENT PRIMARY KEY,
                username VARCHAR(50) NOT NULL UNIQUE,
                password VARCHAR(255) NOT NULL,
                email VARCHAR(100) NOT NULL UNIQUE,
                account_type ENUM('user', 'admin') DEFAULT 'user',
                created_at TIMESTAMP DEFAULT CURRENT_TIMESTAMP
            )
[23-Apr-2025 23:18:09 Europe/Berlin] With params: []
[23-Apr-2025 23:18:09 Europe/Berlin] Query executed successfully. Found 0 rows
[23-Apr-2025 23:18:09 Europe/Berlin] Users table created or already exists
[23-Apr-2025 23:18:09 Europe/Berlin] Users table structure: [{"Field":"id","Type":"int(11)","Null":"NO","Key":"PRI","Default":null,"Extra":"auto_increment"},{"Field":"username","Type":"varchar(50)","Null":"NO","Key":"","Default":null,"Extra":""},{"Field":"email","Type":"varchar(100)","Null":"NO","Key":"UNI","Default":null,"Extra":""},{"Field":"password","Type":"varchar(255)","Null":"NO","Key":"","Default":null,"Extra":""},{"Field":"role","Type":"enum('user','admin')","Null":"YES","Key":"","Default":"user","Extra":""},{"Field":"verification_code","Type":"varchar(100)","Null":"YES","Key":"","Default":null,"Extra":""},{"Field":"is_verified","Type":"tinyint(1)","Null":"YES","Key":"","Default":"0","Extra":""},{"Field":"created_at","Type":"timestamp","Null":"NO","Key":"","Default":"current_timestamp()","Extra":""},{"Field":"favorite_sport","Type":"varchar(50)","Null":"YES","Key":"","Default":null,"Extra":""},{"Field":"favorite_team","Type":"varchar(50)","Null":"YES","Key":"","Default":null,"Extra":""},{"Field":"account_type","Type":"enum('user','admin')","Null":"YES","Key":"","Default":"user","Extra":""}]
[23-Apr-2025 23:18:09 Europe/Berlin] Number of users in database: 13
[23-Apr-2025 23:18:09 Europe/Berlin] All tables initialized successfully
[23-Apr-2025 23:18:09 Europe/Berlin] Database tables initialized successfully
[23-Apr-2025 23:18:09 Europe/Berlin] Executing SQL: SELECT * FROM users WHERE id = :id
[23-Apr-2025 23:18:09 Europe/Berlin] With params: {":id":12}
[23-Apr-2025 23:18:09 Europe/Berlin] Query executed successfully. Found 1 rows
[23-Apr-2025 23:18:09 Europe/Berlin] User loaded from session: varunpndey
[23-Apr-2025 23:18:09 Europe/Berlin] Header - Session status: 2
[23-Apr-2025 23:18:09 Europe/Berlin] Header - Session data: {"user_id":12,"username":"varunpndey","email":"va@gmail.com","account_type":"admin"}
[23-Apr-2025 23:18:09 Europe/Berlin] Header - After session start - Status: 2
[23-Apr-2025 23:18:09 Europe/Berlin] Header - After session start - Data: {"user_id":12,"username":"varunpndey","email":"va@gmail.com","account_type":"admin"}
[23-Apr-2025 23:18:09 Europe/Berlin] Header - Is logged in: Yes
[23-Apr-2025 23:18:09 Europe/Berlin] Executing SQL: SELECT * FROM matches WHERE sport = :sport ORDER BY match_time DESC
[23-Apr-2025 23:18:09 Europe/Berlin] With params: {":sport":"football"}
[23-Apr-2025 23:18:09 Europe/Berlin] Query executed successfully. Found 1 rows
[23-Apr-2025 23:18:09 Europe/Berlin] Executing SQL: SELECT * FROM matches WHERE sport = :sport AND status = :status
[23-Apr-2025 23:18:09 Europe/Berlin] With params: {":sport":"football",":status":"live"}
[23-Apr-2025 23:18:09 Europe/Berlin] Query executed successfully. Found 0 rows
[23-Apr-2025 23:18:09 Europe/Berlin] Executing SQL: SELECT COUNT(*) as count FROM favorites 
                    WHERE user_id = :user_id AND match_id = :match_id
[23-Apr-2025 23:18:09 Europe/Berlin] With params: {":user_id":12,":match_id":41}
[23-Apr-2025 23:18:09 Europe/Berlin] Query executed successfully. Found 1 rows
[23-Apr-2025 23:18:11 Europe/Berlin] Connected to database. Tables found: favorites, feedback, matches, matches_backup, matches_new, news, newsletter, notifications, players, subscriptions, users
[23-Apr-2025 23:18:11 Europe/Berlin] Executing SQL: CREATE TABLE IF NOT EXISTS users (
                id INT AUTO_INCREMENT PRIMARY KEY,
                username VARCHAR(50) NOT NULL UNIQUE,
                password VARCHAR(255) NOT NULL,
                email VARCHAR(100) NOT NULL UNIQUE,
                account_type ENUM('user', 'admin') DEFAULT 'user',
                created_at TIMESTAMP DEFAULT CURRENT_TIMESTAMP
            )
[23-Apr-2025 23:18:11 Europe/Berlin] With params: []
[23-Apr-2025 23:18:11 Europe/Berlin] Query executed successfully. Found 0 rows
[23-Apr-2025 23:18:11 Europe/Berlin] Users table created or already exists
[23-Apr-2025 23:18:11 Europe/Berlin] Users table structure: [{"Field":"id","Type":"int(11)","Null":"NO","Key":"PRI","Default":null,"Extra":"auto_increment"},{"Field":"username","Type":"varchar(50)","Null":"NO","Key":"","Default":null,"Extra":""},{"Field":"email","Type":"varchar(100)","Null":"NO","Key":"UNI","Default":null,"Extra":""},{"Field":"password","Type":"varchar(255)","Null":"NO","Key":"","Default":null,"Extra":""},{"Field":"role","Type":"enum('user','admin')","Null":"YES","Key":"","Default":"user","Extra":""},{"Field":"verification_code","Type":"varchar(100)","Null":"YES","Key":"","Default":null,"Extra":""},{"Field":"is_verified","Type":"tinyint(1)","Null":"YES","Key":"","Default":"0","Extra":""},{"Field":"created_at","Type":"timestamp","Null":"NO","Key":"","Default":"current_timestamp()","Extra":""},{"Field":"favorite_sport","Type":"varchar(50)","Null":"YES","Key":"","Default":null,"Extra":""},{"Field":"favorite_team","Type":"varchar(50)","Null":"YES","Key":"","Default":null,"Extra":""},{"Field":"account_type","Type":"enum('user','admin')","Null":"YES","Key":"","Default":"user","Extra":""}]
[23-Apr-2025 23:18:11 Europe/Berlin] Number of users in database: 13
[23-Apr-2025 23:18:11 Europe/Berlin] All tables initialized successfully
[23-Apr-2025 23:18:11 Europe/Berlin] Connected to database. Tables found: favorites, feedback, matches, matches_backup, matches_new, news, newsletter, notifications, players, subscriptions, users
[23-Apr-2025 23:18:11 Europe/Berlin] Executing SQL: CREATE TABLE IF NOT EXISTS users (
                id INT AUTO_INCREMENT PRIMARY KEY,
                username VARCHAR(50) NOT NULL UNIQUE,
                password VARCHAR(255) NOT NULL,
                email VARCHAR(100) NOT NULL UNIQUE,
                account_type ENUM('user', 'admin') DEFAULT 'user',
                created_at TIMESTAMP DEFAULT CURRENT_TIMESTAMP
            )
[23-Apr-2025 23:18:11 Europe/Berlin] With params: []
[23-Apr-2025 23:18:11 Europe/Berlin] Query executed successfully. Found 0 rows
[23-Apr-2025 23:18:11 Europe/Berlin] Users table created or already exists
[23-Apr-2025 23:18:11 Europe/Berlin] Users table structure: [{"Field":"id","Type":"int(11)","Null":"NO","Key":"PRI","Default":null,"Extra":"auto_increment"},{"Field":"username","Type":"varchar(50)","Null":"NO","Key":"","Default":null,"Extra":""},{"Field":"email","Type":"varchar(100)","Null":"NO","Key":"UNI","Default":null,"Extra":""},{"Field":"password","Type":"varchar(255)","Null":"NO","Key":"","Default":null,"Extra":""},{"Field":"role","Type":"enum('user','admin')","Null":"YES","Key":"","Default":"user","Extra":""},{"Field":"verification_code","Type":"varchar(100)","Null":"YES","Key":"","Default":null,"Extra":""},{"Field":"is_verified","Type":"tinyint(1)","Null":"YES","Key":"","Default":"0","Extra":""},{"Field":"created_at","Type":"timestamp","Null":"NO","Key":"","Default":"current_timestamp()","Extra":""},{"Field":"favorite_sport","Type":"varchar(50)","Null":"YES","Key":"","Default":null,"Extra":""},{"Field":"favorite_team","Type":"varchar(50)","Null":"YES","Key":"","Default":null,"Extra":""},{"Field":"account_type","Type":"enum('user','admin')","Null":"YES","Key":"","Default":"user","Extra":""}]
[23-Apr-2025 23:18:11 Europe/Berlin] Number of users in database: 13
[23-Apr-2025 23:18:11 Europe/Berlin] All tables initialized successfully
[23-Apr-2025 23:18:11 Europe/Berlin] Database tables initialized successfully
[23-Apr-2025 23:18:11 Europe/Berlin] Executing SQL: SELECT * FROM users WHERE id = :id
[23-Apr-2025 23:18:11 Europe/Berlin] With params: {":id":12}
[23-Apr-2025 23:18:11 Europe/Berlin] Query executed successfully. Found 1 rows
[23-Apr-2025 23:18:11 Europe/Berlin] User loaded from session: varunpndey
[23-Apr-2025 23:18:11 Europe/Berlin] Executing SQL: SELECT * FROM matches WHERE id = :id
[23-Apr-2025 23:18:11 Europe/Berlin] With params: {":id":41}
[23-Apr-2025 23:18:11 Europe/Berlin] Query executed successfully. Found 1 rows
[23-Apr-2025 23:18:11 Europe/Berlin] Header - Session status: 2
[23-Apr-2025 23:18:11 Europe/Berlin] Header - Session data: {"user_id":12,"username":"varunpndey","email":"va@gmail.com","account_type":"admin"}
[23-Apr-2025 23:18:11 Europe/Berlin] Header - After session start - Status: 2
[23-Apr-2025 23:18:11 Europe/Berlin] Header - After session start - Data: {"user_id":12,"username":"varunpndey","email":"va@gmail.com","account_type":"admin"}
[23-Apr-2025 23:18:11 Europe/Berlin] Header - Is logged in: Yes
[23-Apr-2025 23:18:18 Europe/Berlin] Connected to database. Tables found: favorites, feedback, matches, matches_backup, matches_new, news, newsletter, notifications, players, subscriptions, users
[23-Apr-2025 23:18:18 Europe/Berlin] Executing SQL: CREATE TABLE IF NOT EXISTS users (
                id INT AUTO_INCREMENT PRIMARY KEY,
                username VARCHAR(50) NOT NULL UNIQUE,
                password VARCHAR(255) NOT NULL,
                email VARCHAR(100) NOT NULL UNIQUE,
                account_type ENUM('user', 'admin') DEFAULT 'user',
                created_at TIMESTAMP DEFAULT CURRENT_TIMESTAMP
            )
[23-Apr-2025 23:18:18 Europe/Berlin] With params: []
[23-Apr-2025 23:18:18 Europe/Berlin] Query executed successfully. Found 0 rows
[23-Apr-2025 23:18:18 Europe/Berlin] Users table created or already exists
[23-Apr-2025 23:18:18 Europe/Berlin] Users table structure: [{"Field":"id","Type":"int(11)","Null":"NO","Key":"PRI","Default":null,"Extra":"auto_increment"},{"Field":"username","Type":"varchar(50)","Null":"NO","Key":"","Default":null,"Extra":""},{"Field":"email","Type":"varchar(100)","Null":"NO","Key":"UNI","Default":null,"Extra":""},{"Field":"password","Type":"varchar(255)","Null":"NO","Key":"","Default":null,"Extra":""},{"Field":"role","Type":"enum('user','admin')","Null":"YES","Key":"","Default":"user","Extra":""},{"Field":"verification_code","Type":"varchar(100)","Null":"YES","Key":"","Default":null,"Extra":""},{"Field":"is_verified","Type":"tinyint(1)","Null":"YES","Key":"","Default":"0","Extra":""},{"Field":"created_at","Type":"timestamp","Null":"NO","Key":"","Default":"current_timestamp()","Extra":""},{"Field":"favorite_sport","Type":"varchar(50)","Null":"YES","Key":"","Default":null,"Extra":""},{"Field":"favorite_team","Type":"varchar(50)","Null":"YES","Key":"","Default":null,"Extra":""},{"Field":"account_type","Type":"enum('user','admin')","Null":"YES","Key":"","Default":"user","Extra":""}]
[23-Apr-2025 23:18:18 Europe/Berlin] Number of users in database: 13
[23-Apr-2025 23:18:18 Europe/Berlin] All tables initialized successfully
[23-Apr-2025 23:18:18 Europe/Berlin] Connected to database. Tables found: favorites, feedback, matches, matches_backup, matches_new, news, newsletter, notifications, players, subscriptions, users
[23-Apr-2025 23:18:18 Europe/Berlin] Executing SQL: CREATE TABLE IF NOT EXISTS users (
                id INT AUTO_INCREMENT PRIMARY KEY,
                username VARCHAR(50) NOT NULL UNIQUE,
                password VARCHAR(255) NOT NULL,
                email VARCHAR(100) NOT NULL UNIQUE,
                account_type ENUM('user', 'admin') DEFAULT 'user',
                created_at TIMESTAMP DEFAULT CURRENT_TIMESTAMP
            )
[23-Apr-2025 23:18:18 Europe/Berlin] With params: []
[23-Apr-2025 23:18:18 Europe/Berlin] Query executed successfully. Found 0 rows
[23-Apr-2025 23:18:18 Europe/Berlin] Users table created or already exists
[23-Apr-2025 23:18:18 Europe/Berlin] Users table structure: [{"Field":"id","Type":"int(11)","Null":"NO","Key":"PRI","Default":null,"Extra":"auto_increment"},{"Field":"username","Type":"varchar(50)","Null":"NO","Key":"","Default":null,"Extra":""},{"Field":"email","Type":"varchar(100)","Null":"NO","Key":"UNI","Default":null,"Extra":""},{"Field":"password","Type":"varchar(255)","Null":"NO","Key":"","Default":null,"Extra":""},{"Field":"role","Type":"enum('user','admin')","Null":"YES","Key":"","Default":"user","Extra":""},{"Field":"verification_code","Type":"varchar(100)","Null":"YES","Key":"","Default":null,"Extra":""},{"Field":"is_verified","Type":"tinyint(1)","Null":"YES","Key":"","Default":"0","Extra":""},{"Field":"created_at","Type":"timestamp","Null":"NO","Key":"","Default":"current_timestamp()","Extra":""},{"Field":"favorite_sport","Type":"varchar(50)","Null":"YES","Key":"","Default":null,"Extra":""},{"Field":"favorite_team","Type":"varchar(50)","Null":"YES","Key":"","Default":null,"Extra":""},{"Field":"account_type","Type":"enum('user','admin')","Null":"YES","Key":"","Default":"user","Extra":""}]
[23-Apr-2025 23:18:18 Europe/Berlin] Number of users in database: 13
[23-Apr-2025 23:18:18 Europe/Berlin] All tables initialized successfully
[23-Apr-2025 23:18:18 Europe/Berlin] Database tables initialized successfully
[23-Apr-2025 23:18:18 Europe/Berlin] Executing SQL: SELECT * FROM users WHERE id = :id
[23-Apr-2025 23:18:18 Europe/Berlin] With params: {":id":12}
[23-Apr-2025 23:18:18 Europe/Berlin] Query executed successfully. Found 1 rows
[23-Apr-2025 23:18:18 Europe/Berlin] User loaded from session: varunpndey
[23-Apr-2025 23:18:18 Europe/Berlin] Connected to database. Tables found: favorites, feedback, matches, matches_backup, matches_new, news, newsletter, notifications, players, subscriptions, users
[23-Apr-2025 23:18:18 Europe/Berlin] Executing SQL: CREATE TABLE IF NOT EXISTS users (
                id INT AUTO_INCREMENT PRIMARY KEY,
                username VARCHAR(50) NOT NULL UNIQUE,
                password VARCHAR(255) NOT NULL,
                email VARCHAR(100) NOT NULL UNIQUE,
                account_type ENUM('user', 'admin') DEFAULT 'user',
                created_at TIMESTAMP DEFAULT CURRENT_TIMESTAMP
            )
[23-Apr-2025 23:18:18 Europe/Berlin] With params: []
[23-Apr-2025 23:18:18 Europe/Berlin] Query executed successfully. Found 0 rows
[23-Apr-2025 23:18:18 Europe/Berlin] Users table created or already exists
[23-Apr-2025 23:18:18 Europe/Berlin] Users table structure: [{"Field":"id","Type":"int(11)","Null":"NO","Key":"PRI","Default":null,"Extra":"auto_increment"},{"Field":"username","Type":"varchar(50)","Null":"NO","Key":"","Default":null,"Extra":""},{"Field":"email","Type":"varchar(100)","Null":"NO","Key":"UNI","Default":null,"Extra":""},{"Field":"password","Type":"varchar(255)","Null":"NO","Key":"","Default":null,"Extra":""},{"Field":"role","Type":"enum('user','admin')","Null":"YES","Key":"","Default":"user","Extra":""},{"Field":"verification_code","Type":"varchar(100)","Null":"YES","Key":"","Default":null,"Extra":""},{"Field":"is_verified","Type":"tinyint(1)","Null":"YES","Key":"","Default":"0","Extra":""},{"Field":"created_at","Type":"timestamp","Null":"NO","Key":"","Default":"current_timestamp()","Extra":""},{"Field":"favorite_sport","Type":"varchar(50)","Null":"YES","Key":"","Default":null,"Extra":""},{"Field":"favorite_team","Type":"varchar(50)","Null":"YES","Key":"","Default":null,"Extra":""},{"Field":"account_type","Type":"enum('user','admin')","Null":"YES","Key":"","Default":"user","Extra":""}]
[23-Apr-2025 23:18:18 Europe/Berlin] Number of users in database: 13
[23-Apr-2025 23:18:18 Europe/Berlin] All tables initialized successfully
[23-Apr-2025 23:18:18 Europe/Berlin] Connected to database. Tables found: favorites, feedback, matches, matches_backup, matches_new, news, newsletter, notifications, players, subscriptions, users
[23-Apr-2025 23:18:18 Europe/Berlin] Executing SQL: CREATE TABLE IF NOT EXISTS users (
                id INT AUTO_INCREMENT PRIMARY KEY,
                username VARCHAR(50) NOT NULL UNIQUE,
                password VARCHAR(255) NOT NULL,
                email VARCHAR(100) NOT NULL UNIQUE,
                account_type ENUM('user', 'admin') DEFAULT 'user',
                created_at TIMESTAMP DEFAULT CURRENT_TIMESTAMP
            )
[23-Apr-2025 23:18:18 Europe/Berlin] With params: []
[23-Apr-2025 23:18:18 Europe/Berlin] Query executed successfully. Found 0 rows
[23-Apr-2025 23:18:18 Europe/Berlin] Users table created or already exists
[23-Apr-2025 23:18:18 Europe/Berlin] Users table structure: [{"Field":"id","Type":"int(11)","Null":"NO","Key":"PRI","Default":null,"Extra":"auto_increment"},{"Field":"username","Type":"varchar(50)","Null":"NO","Key":"","Default":null,"Extra":""},{"Field":"email","Type":"varchar(100)","Null":"NO","Key":"UNI","Default":null,"Extra":""},{"Field":"password","Type":"varchar(255)","Null":"NO","Key":"","Default":null,"Extra":""},{"Field":"role","Type":"enum('user','admin')","Null":"YES","Key":"","Default":"user","Extra":""},{"Field":"verification_code","Type":"varchar(100)","Null":"YES","Key":"","Default":null,"Extra":""},{"Field":"is_verified","Type":"tinyint(1)","Null":"YES","Key":"","Default":"0","Extra":""},{"Field":"created_at","Type":"timestamp","Null":"NO","Key":"","Default":"current_timestamp()","Extra":""},{"Field":"favorite_sport","Type":"varchar(50)","Null":"YES","Key":"","Default":null,"Extra":""},{"Field":"favorite_team","Type":"varchar(50)","Null":"YES","Key":"","Default":null,"Extra":""},{"Field":"account_type","Type":"enum('user','admin')","Null":"YES","Key":"","Default":"user","Extra":""}]
[23-Apr-2025 23:18:18 Europe/Berlin] Number of users in database: 13
[23-Apr-2025 23:18:18 Europe/Berlin] All tables initialized successfully
[23-Apr-2025 23:18:18 Europe/Berlin] Database tables initialized successfully
[23-Apr-2025 23:18:18 Europe/Berlin] Executing SQL: SELECT * FROM users WHERE id = :id
[23-Apr-2025 23:18:18 Europe/Berlin] With params: {":id":12}
[23-Apr-2025 23:18:18 Europe/Berlin] Query executed successfully. Found 1 rows
[23-Apr-2025 23:18:18 Europe/Berlin] User loaded from session: varunpndey
[23-Apr-2025 23:18:18 Europe/Berlin] Header - Session status: 2
[23-Apr-2025 23:18:18 Europe/Berlin] Header - Session data: {"user_id":12,"username":"varunpndey","email":"va@gmail.com","account_type":"admin"}
[23-Apr-2025 23:18:18 Europe/Berlin] Header - After session start - Status: 2
[23-Apr-2025 23:18:18 Europe/Berlin] Header - After session start - Data: {"user_id":12,"username":"varunpndey","email":"va@gmail.com","account_type":"admin"}
[23-Apr-2025 23:18:18 Europe/Berlin] Header - Is logged in: Yes
[23-Apr-2025 23:18:18 Europe/Berlin] Executing SQL: SELECT * FROM news ORDER BY created_at DESC LIMIT 5
[23-Apr-2025 23:18:18 Europe/Berlin] With params: []
[23-Apr-2025 23:18:18 Europe/Berlin] Query executed successfully. Found 2 rows
[23-Apr-2025 23:18:18 Europe/Berlin] Executing SQL: SELECT * FROM matches WHERE status = 'live'
[23-Apr-2025 23:18:18 Europe/Berlin] With params: []
[23-Apr-2025 23:18:18 Europe/Berlin] Query executed successfully. Found 1 rows
[23-Apr-2025 23:18:18 Europe/Berlin] Executing SQL: SELECT COUNT(*) as count FROM favorites 
                    WHERE user_id = :user_id AND match_id = :match_id
[23-Apr-2025 23:18:18 Europe/Berlin] With params: {":user_id":12,":match_id":42}
[23-Apr-2025 23:18:18 Europe/Berlin] Query executed successfully. Found 1 rows
[23-Apr-2025 23:18:20 Europe/Berlin] Connected to database. Tables found: favorites, feedback, matches, matches_backup, matches_new, news, newsletter, notifications, players, subscriptions, users
[23-Apr-2025 23:18:20 Europe/Berlin] Executing SQL: CREATE TABLE IF NOT EXISTS users (
                id INT AUTO_INCREMENT PRIMARY KEY,
                username VARCHAR(50) NOT NULL UNIQUE,
                password VARCHAR(255) NOT NULL,
                email VARCHAR(100) NOT NULL UNIQUE,
                account_type ENUM('user', 'admin') DEFAULT 'user',
                created_at TIMESTAMP DEFAULT CURRENT_TIMESTAMP
            )
[23-Apr-2025 23:18:20 Europe/Berlin] With params: []
[23-Apr-2025 23:18:20 Europe/Berlin] Query executed successfully. Found 0 rows
[23-Apr-2025 23:18:20 Europe/Berlin] Users table created or already exists
[23-Apr-2025 23:18:20 Europe/Berlin] Users table structure: [{"Field":"id","Type":"int(11)","Null":"NO","Key":"PRI","Default":null,"Extra":"auto_increment"},{"Field":"username","Type":"varchar(50)","Null":"NO","Key":"","Default":null,"Extra":""},{"Field":"email","Type":"varchar(100)","Null":"NO","Key":"UNI","Default":null,"Extra":""},{"Field":"password","Type":"varchar(255)","Null":"NO","Key":"","Default":null,"Extra":""},{"Field":"role","Type":"enum('user','admin')","Null":"YES","Key":"","Default":"user","Extra":""},{"Field":"verification_code","Type":"varchar(100)","Null":"YES","Key":"","Default":null,"Extra":""},{"Field":"is_verified","Type":"tinyint(1)","Null":"YES","Key":"","Default":"0","Extra":""},{"Field":"created_at","Type":"timestamp","Null":"NO","Key":"","Default":"current_timestamp()","Extra":""},{"Field":"favorite_sport","Type":"varchar(50)","Null":"YES","Key":"","Default":null,"Extra":""},{"Field":"favorite_team","Type":"varchar(50)","Null":"YES","Key":"","Default":null,"Extra":""},{"Field":"account_type","Type":"enum('user','admin')","Null":"YES","Key":"","Default":"user","Extra":""}]
[23-Apr-2025 23:18:20 Europe/Berlin] Number of users in database: 13
[23-Apr-2025 23:18:20 Europe/Berlin] All tables initialized successfully
[23-Apr-2025 23:18:20 Europe/Berlin] Connected to database. Tables found: favorites, feedback, matches, matches_backup, matches_new, news, newsletter, notifications, players, subscriptions, users
[23-Apr-2025 23:18:20 Europe/Berlin] Executing SQL: CREATE TABLE IF NOT EXISTS users (
                id INT AUTO_INCREMENT PRIMARY KEY,
                username VARCHAR(50) NOT NULL UNIQUE,
                password VARCHAR(255) NOT NULL,
                email VARCHAR(100) NOT NULL UNIQUE,
                account_type ENUM('user', 'admin') DEFAULT 'user',
                created_at TIMESTAMP DEFAULT CURRENT_TIMESTAMP
            )
[23-Apr-2025 23:18:20 Europe/Berlin] With params: []
[23-Apr-2025 23:18:20 Europe/Berlin] Query executed successfully. Found 0 rows
[23-Apr-2025 23:18:20 Europe/Berlin] Users table created or already exists
[23-Apr-2025 23:18:20 Europe/Berlin] Users table structure: [{"Field":"id","Type":"int(11)","Null":"NO","Key":"PRI","Default":null,"Extra":"auto_increment"},{"Field":"username","Type":"varchar(50)","Null":"NO","Key":"","Default":null,"Extra":""},{"Field":"email","Type":"varchar(100)","Null":"NO","Key":"UNI","Default":null,"Extra":""},{"Field":"password","Type":"varchar(255)","Null":"NO","Key":"","Default":null,"Extra":""},{"Field":"role","Type":"enum('user','admin')","Null":"YES","Key":"","Default":"user","Extra":""},{"Field":"verification_code","Type":"varchar(100)","Null":"YES","Key":"","Default":null,"Extra":""},{"Field":"is_verified","Type":"tinyint(1)","Null":"YES","Key":"","Default":"0","Extra":""},{"Field":"created_at","Type":"timestamp","Null":"NO","Key":"","Default":"current_timestamp()","Extra":""},{"Field":"favorite_sport","Type":"varchar(50)","Null":"YES","Key":"","Default":null,"Extra":""},{"Field":"favorite_team","Type":"varchar(50)","Null":"YES","Key":"","Default":null,"Extra":""},{"Field":"account_type","Type":"enum('user','admin')","Null":"YES","Key":"","Default":"user","Extra":""}]
[23-Apr-2025 23:18:20 Europe/Berlin] Number of users in database: 13
[23-Apr-2025 23:18:20 Europe/Berlin] All tables initialized successfully
[23-Apr-2025 23:18:20 Europe/Berlin] Database tables initialized successfully
[23-Apr-2025 23:18:20 Europe/Berlin] Executing SQL: SELECT * FROM users WHERE id = :id
[23-Apr-2025 23:18:20 Europe/Berlin] With params: {":id":12}
[23-Apr-2025 23:18:20 Europe/Berlin] Query executed successfully. Found 1 rows
[23-Apr-2025 23:18:20 Europe/Berlin] User loaded from session: varunpndey
[23-Apr-2025 23:18:20 Europe/Berlin] Header - Session status: 2
[23-Apr-2025 23:18:20 Europe/Berlin] Header - Session data: {"user_id":12,"username":"varunpndey","email":"va@gmail.com","account_type":"admin"}
[23-Apr-2025 23:18:20 Europe/Berlin] Header - After session start - Status: 2
[23-Apr-2025 23:18:20 Europe/Berlin] Header - After session start - Data: {"user_id":12,"username":"varunpndey","email":"va@gmail.com","account_type":"admin"}
[23-Apr-2025 23:18:20 Europe/Berlin] Header - Is logged in: Yes
[23-Apr-2025 23:18:20 Europe/Berlin] Executing SQL: SELECT * FROM matches WHERE sport = :sport ORDER BY match_time DESC
[23-Apr-2025 23:18:20 Europe/Berlin] With params: {":sport":"football"}
[23-Apr-2025 23:18:20 Europe/Berlin] Query executed successfully. Found 1 rows
[23-Apr-2025 23:18:20 Europe/Berlin] Executing SQL: SELECT * FROM matches WHERE sport = :sport AND status = :status
[23-Apr-2025 23:18:20 Europe/Berlin] With params: {":sport":"football",":status":"live"}
[23-Apr-2025 23:18:20 Europe/Berlin] Query executed successfully. Found 0 rows
[23-Apr-2025 23:18:20 Europe/Berlin] Executing SQL: SELECT COUNT(*) as count FROM favorites 
                    WHERE user_id = :user_id AND match_id = :match_id
[23-Apr-2025 23:18:20 Europe/Berlin] With params: {":user_id":12,":match_id":41}
[23-Apr-2025 23:18:20 Europe/Berlin] Query executed successfully. Found 1 rows
[23-Apr-2025 23:18:51 Europe/Berlin] Connected to database. Tables found: favorites, feedback, matches, matches_backup, matches_new, news, newsletter, notifications, players, subscriptions, users
[23-Apr-2025 23:18:51 Europe/Berlin] Executing SQL: CREATE TABLE IF NOT EXISTS users (
                id INT AUTO_INCREMENT PRIMARY KEY,
                username VARCHAR(50) NOT NULL UNIQUE,
                password VARCHAR(255) NOT NULL,
                email VARCHAR(100) NOT NULL UNIQUE,
                account_type ENUM('user', 'admin') DEFAULT 'user',
                created_at TIMESTAMP DEFAULT CURRENT_TIMESTAMP
            )
[23-Apr-2025 23:18:51 Europe/Berlin] With params: []
[23-Apr-2025 23:18:51 Europe/Berlin] Query executed successfully. Found 0 rows
[23-Apr-2025 23:18:51 Europe/Berlin] Users table created or already exists
[23-Apr-2025 23:18:51 Europe/Berlin] Users table structure: [{"Field":"id","Type":"int(11)","Null":"NO","Key":"PRI","Default":null,"Extra":"auto_increment"},{"Field":"username","Type":"varchar(50)","Null":"NO","Key":"","Default":null,"Extra":""},{"Field":"email","Type":"varchar(100)","Null":"NO","Key":"UNI","Default":null,"Extra":""},{"Field":"password","Type":"varchar(255)","Null":"NO","Key":"","Default":null,"Extra":""},{"Field":"role","Type":"enum('user','admin')","Null":"YES","Key":"","Default":"user","Extra":""},{"Field":"verification_code","Type":"varchar(100)","Null":"YES","Key":"","Default":null,"Extra":""},{"Field":"is_verified","Type":"tinyint(1)","Null":"YES","Key":"","Default":"0","Extra":""},{"Field":"created_at","Type":"timestamp","Null":"NO","Key":"","Default":"current_timestamp()","Extra":""},{"Field":"favorite_sport","Type":"varchar(50)","Null":"YES","Key":"","Default":null,"Extra":""},{"Field":"favorite_team","Type":"varchar(50)","Null":"YES","Key":"","Default":null,"Extra":""},{"Field":"account_type","Type":"enum('user','admin')","Null":"YES","Key":"","Default":"user","Extra":""}]
[23-Apr-2025 23:18:51 Europe/Berlin] Number of users in database: 13
[23-Apr-2025 23:18:51 Europe/Berlin] All tables initialized successfully
[23-Apr-2025 23:18:51 Europe/Berlin] API Request received: /sportsync/backend/match.php?action=fetch_matches&sport=football&all=true
[23-Apr-2025 23:18:51 Europe/Berlin] GET parameters: Array
(
    [action] => fetch_matches
    [sport] => football
    [all] => true
)

[23-Apr-2025 23:18:51 Europe/Berlin] Executing SQL: SELECT * FROM matches WHERE sport = :sport ORDER BY match_time DESC
[23-Apr-2025 23:18:51 Europe/Berlin] With params: {":sport":"football"}
[23-Apr-2025 23:18:51 Europe/Berlin] Query executed successfully. Found 1 rows
[23-Apr-2025 23:19:21 Europe/Berlin] Connected to database. Tables found: favorites, feedback, matches, matches_backup, matches_new, news, newsletter, notifications, players, subscriptions, users
[23-Apr-2025 23:19:21 Europe/Berlin] Executing SQL: CREATE TABLE IF NOT EXISTS users (
                id INT AUTO_INCREMENT PRIMARY KEY,
                username VARCHAR(50) NOT NULL UNIQUE,
                password VARCHAR(255) NOT NULL,
                email VARCHAR(100) NOT NULL UNIQUE,
                account_type ENUM('user', 'admin') DEFAULT 'user',
                created_at TIMESTAMP DEFAULT CURRENT_TIMESTAMP
            )
[23-Apr-2025 23:19:21 Europe/Berlin] With params: []
[23-Apr-2025 23:19:21 Europe/Berlin] Query executed successfully. Found 0 rows
[23-Apr-2025 23:19:21 Europe/Berlin] Users table created or already exists
[23-Apr-2025 23:19:21 Europe/Berlin] Users table structure: [{"Field":"id","Type":"int(11)","Null":"NO","Key":"PRI","Default":null,"Extra":"auto_increment"},{"Field":"username","Type":"varchar(50)","Null":"NO","Key":"","Default":null,"Extra":""},{"Field":"email","Type":"varchar(100)","Null":"NO","Key":"UNI","Default":null,"Extra":""},{"Field":"password","Type":"varchar(255)","Null":"NO","Key":"","Default":null,"Extra":""},{"Field":"role","Type":"enum('user','admin')","Null":"YES","Key":"","Default":"user","Extra":""},{"Field":"verification_code","Type":"varchar(100)","Null":"YES","Key":"","Default":null,"Extra":""},{"Field":"is_verified","Type":"tinyint(1)","Null":"YES","Key":"","Default":"0","Extra":""},{"Field":"created_at","Type":"timestamp","Null":"NO","Key":"","Default":"current_timestamp()","Extra":""},{"Field":"favorite_sport","Type":"varchar(50)","Null":"YES","Key":"","Default":null,"Extra":""},{"Field":"favorite_team","Type":"varchar(50)","Null":"YES","Key":"","Default":null,"Extra":""},{"Field":"account_type","Type":"enum('user','admin')","Null":"YES","Key":"","Default":"user","Extra":""}]
[23-Apr-2025 23:19:21 Europe/Berlin] Number of users in database: 13
[23-Apr-2025 23:19:21 Europe/Berlin] All tables initialized successfully
[23-Apr-2025 23:19:21 Europe/Berlin] API Request received: /sportsync/backend/match.php?action=fetch_matches&sport=football&all=true
[23-Apr-2025 23:19:21 Europe/Berlin] GET parameters: Array
(
    [action] => fetch_matches
    [sport] => football
    [all] => true
)

[23-Apr-2025 23:19:21 Europe/Berlin] Executing SQL: SELECT * FROM matches WHERE sport = :sport ORDER BY match_time DESC
[23-Apr-2025 23:19:21 Europe/Berlin] With params: {":sport":"football"}
[23-Apr-2025 23:19:21 Europe/Berlin] Query executed successfully. Found 1 rows
[23-Apr-2025 23:19:35 Europe/Berlin] Connected to database. Tables found: favorites, feedback, matches, matches_backup, matches_new, news, newsletter, notifications, players, subscriptions, users
[23-Apr-2025 23:19:35 Europe/Berlin] Executing SQL: CREATE TABLE IF NOT EXISTS users (
                id INT AUTO_INCREMENT PRIMARY KEY,
                username VARCHAR(50) NOT NULL UNIQUE,
                password VARCHAR(255) NOT NULL,
                email VARCHAR(100) NOT NULL UNIQUE,
                account_type ENUM('user', 'admin') DEFAULT 'user',
                created_at TIMESTAMP DEFAULT CURRENT_TIMESTAMP
            )
[23-Apr-2025 23:19:35 Europe/Berlin] With params: []
[23-Apr-2025 23:19:35 Europe/Berlin] Query executed successfully. Found 0 rows
[23-Apr-2025 23:19:35 Europe/Berlin] Users table created or already exists
[23-Apr-2025 23:19:35 Europe/Berlin] Users table structure: [{"Field":"id","Type":"int(11)","Null":"NO","Key":"PRI","Default":null,"Extra":"auto_increment"},{"Field":"username","Type":"varchar(50)","Null":"NO","Key":"","Default":null,"Extra":""},{"Field":"email","Type":"varchar(100)","Null":"NO","Key":"UNI","Default":null,"Extra":""},{"Field":"password","Type":"varchar(255)","Null":"NO","Key":"","Default":null,"Extra":""},{"Field":"role","Type":"enum('user','admin')","Null":"YES","Key":"","Default":"user","Extra":""},{"Field":"verification_code","Type":"varchar(100)","Null":"YES","Key":"","Default":null,"Extra":""},{"Field":"is_verified","Type":"tinyint(1)","Null":"YES","Key":"","Default":"0","Extra":""},{"Field":"created_at","Type":"timestamp","Null":"NO","Key":"","Default":"current_timestamp()","Extra":""},{"Field":"favorite_sport","Type":"varchar(50)","Null":"YES","Key":"","Default":null,"Extra":""},{"Field":"favorite_team","Type":"varchar(50)","Null":"YES","Key":"","Default":null,"Extra":""},{"Field":"account_type","Type":"enum('user','admin')","Null":"YES","Key":"","Default":"user","Extra":""}]
[23-Apr-2025 23:19:35 Europe/Berlin] Number of users in database: 13
[23-Apr-2025 23:19:35 Europe/Berlin] All tables initialized successfully
[23-Apr-2025 23:19:35 Europe/Berlin] Connected to database. Tables found: favorites, feedback, matches, matches_backup, matches_new, news, newsletter, notifications, players, subscriptions, users
[23-Apr-2025 23:19:35 Europe/Berlin] Executing SQL: CREATE TABLE IF NOT EXISTS users (
                id INT AUTO_INCREMENT PRIMARY KEY,
                username VARCHAR(50) NOT NULL UNIQUE,
                password VARCHAR(255) NOT NULL,
                email VARCHAR(100) NOT NULL UNIQUE,
                account_type ENUM('user', 'admin') DEFAULT 'user',
                created_at TIMESTAMP DEFAULT CURRENT_TIMESTAMP
            )
[23-Apr-2025 23:19:35 Europe/Berlin] With params: []
[23-Apr-2025 23:19:35 Europe/Berlin] Query executed successfully. Found 0 rows
[23-Apr-2025 23:19:35 Europe/Berlin] Users table created or already exists
[23-Apr-2025 23:19:35 Europe/Berlin] Users table structure: [{"Field":"id","Type":"int(11)","Null":"NO","Key":"PRI","Default":null,"Extra":"auto_increment"},{"Field":"username","Type":"varchar(50)","Null":"NO","Key":"","Default":null,"Extra":""},{"Field":"email","Type":"varchar(100)","Null":"NO","Key":"UNI","Default":null,"Extra":""},{"Field":"password","Type":"varchar(255)","Null":"NO","Key":"","Default":null,"Extra":""},{"Field":"role","Type":"enum('user','admin')","Null":"YES","Key":"","Default":"user","Extra":""},{"Field":"verification_code","Type":"varchar(100)","Null":"YES","Key":"","Default":null,"Extra":""},{"Field":"is_verified","Type":"tinyint(1)","Null":"YES","Key":"","Default":"0","Extra":""},{"Field":"created_at","Type":"timestamp","Null":"NO","Key":"","Default":"current_timestamp()","Extra":""},{"Field":"favorite_sport","Type":"varchar(50)","Null":"YES","Key":"","Default":null,"Extra":""},{"Field":"favorite_team","Type":"varchar(50)","Null":"YES","Key":"","Default":null,"Extra":""},{"Field":"account_type","Type":"enum('user','admin')","Null":"YES","Key":"","Default":"user","Extra":""}]
[23-Apr-2025 23:19:35 Europe/Berlin] Number of users in database: 13
[23-Apr-2025 23:19:35 Europe/Berlin] All tables initialized successfully
[23-Apr-2025 23:19:35 Europe/Berlin] Database tables initialized successfully
[23-Apr-2025 23:19:35 Europe/Berlin] Executing SQL: SELECT * FROM users WHERE id = :id
[23-Apr-2025 23:19:35 Europe/Berlin] With params: {":id":12}
[23-Apr-2025 23:19:35 Europe/Berlin] Query executed successfully. Found 1 rows
[23-Apr-2025 23:19:35 Europe/Berlin] User loaded from session: varunpndey
[23-Apr-2025 23:19:35 Europe/Berlin] Executing SQL: SELECT * FROM users WHERE id = :id
[23-Apr-2025 23:19:35 Europe/Berlin] With params: {":id":12}
[23-Apr-2025 23:19:35 Europe/Berlin] Query executed successfully. Found 1 rows
[23-Apr-2025 23:19:35 Europe/Berlin] Executing SQL: SELECT * FROM news ORDER BY created_at DESC
[23-Apr-2025 23:19:35 Europe/Berlin] With params: []
[23-Apr-2025 23:19:35 Europe/Berlin] Query executed successfully. Found 2 rows
[23-Apr-2025 23:19:35 Europe/Berlin] Executing SQL: SELECT * FROM feedback ORDER BY created_at DESC
[23-Apr-2025 23:19:35 Europe/Berlin] With params: []
[23-Apr-2025 23:19:35 Europe/Berlin] Query executed successfully. Found 9 rows
[23-Apr-2025 23:19:35 Europe/Berlin] Executing SQL: SELECT * FROM matches WHERE status = 'live'
[23-Apr-2025 23:19:35 Europe/Berlin] With params: []
[23-Apr-2025 23:19:35 Europe/Berlin] Query executed successfully. Found 1 rows
[23-Apr-2025 23:19:35 Europe/Berlin] Executing SQL: SELECT * FROM matches WHERE 1=1 ORDER BY match_time DESC
[23-Apr-2025 23:19:35 Europe/Berlin] With params: []
[23-Apr-2025 23:19:35 Europe/Berlin] Query executed successfully. Found 4 rows
[23-Apr-2025 23:19:42 Europe/Berlin] Connected to database. Tables found: favorites, feedback, matches, matches_backup, matches_new, news, newsletter, notifications, players, subscriptions, users
[23-Apr-2025 23:19:42 Europe/Berlin] Executing SQL: CREATE TABLE IF NOT EXISTS users (
                id INT AUTO_INCREMENT PRIMARY KEY,
                username VARCHAR(50) NOT NULL UNIQUE,
                password VARCHAR(255) NOT NULL,
                email VARCHAR(100) NOT NULL UNIQUE,
                account_type ENUM('user', 'admin') DEFAULT 'user',
                created_at TIMESTAMP DEFAULT CURRENT_TIMESTAMP
            )
[23-Apr-2025 23:19:42 Europe/Berlin] With params: []
[23-Apr-2025 23:19:42 Europe/Berlin] Query executed successfully. Found 0 rows
[23-Apr-2025 23:19:42 Europe/Berlin] Users table created or already exists
[23-Apr-2025 23:19:42 Europe/Berlin] Users table structure: [{"Field":"id","Type":"int(11)","Null":"NO","Key":"PRI","Default":null,"Extra":"auto_increment"},{"Field":"username","Type":"varchar(50)","Null":"NO","Key":"","Default":null,"Extra":""},{"Field":"email","Type":"varchar(100)","Null":"NO","Key":"UNI","Default":null,"Extra":""},{"Field":"password","Type":"varchar(255)","Null":"NO","Key":"","Default":null,"Extra":""},{"Field":"role","Type":"enum('user','admin')","Null":"YES","Key":"","Default":"user","Extra":""},{"Field":"verification_code","Type":"varchar(100)","Null":"YES","Key":"","Default":null,"Extra":""},{"Field":"is_verified","Type":"tinyint(1)","Null":"YES","Key":"","Default":"0","Extra":""},{"Field":"created_at","Type":"timestamp","Null":"NO","Key":"","Default":"current_timestamp()","Extra":""},{"Field":"favorite_sport","Type":"varchar(50)","Null":"YES","Key":"","Default":null,"Extra":""},{"Field":"favorite_team","Type":"varchar(50)","Null":"YES","Key":"","Default":null,"Extra":""},{"Field":"account_type","Type":"enum('user','admin')","Null":"YES","Key":"","Default":"user","Extra":""}]
[23-Apr-2025 23:19:42 Europe/Berlin] Number of users in database: 13
[23-Apr-2025 23:19:42 Europe/Berlin] All tables initialized successfully
[23-Apr-2025 23:19:42 Europe/Berlin] Connected to database. Tables found: favorites, feedback, matches, matches_backup, matches_new, news, newsletter, notifications, players, subscriptions, users
[23-Apr-2025 23:19:42 Europe/Berlin] Executing SQL: CREATE TABLE IF NOT EXISTS users (
                id INT AUTO_INCREMENT PRIMARY KEY,
                username VARCHAR(50) NOT NULL UNIQUE,
                password VARCHAR(255) NOT NULL,
                email VARCHAR(100) NOT NULL UNIQUE,
                account_type ENUM('user', 'admin') DEFAULT 'user',
                created_at TIMESTAMP DEFAULT CURRENT_TIMESTAMP
            )
[23-Apr-2025 23:19:42 Europe/Berlin] With params: []
[23-Apr-2025 23:19:42 Europe/Berlin] Query executed successfully. Found 0 rows
[23-Apr-2025 23:19:42 Europe/Berlin] Users table created or already exists
[23-Apr-2025 23:19:42 Europe/Berlin] Users table structure: [{"Field":"id","Type":"int(11)","Null":"NO","Key":"PRI","Default":null,"Extra":"auto_increment"},{"Field":"username","Type":"varchar(50)","Null":"NO","Key":"","Default":null,"Extra":""},{"Field":"email","Type":"varchar(100)","Null":"NO","Key":"UNI","Default":null,"Extra":""},{"Field":"password","Type":"varchar(255)","Null":"NO","Key":"","Default":null,"Extra":""},{"Field":"role","Type":"enum('user','admin')","Null":"YES","Key":"","Default":"user","Extra":""},{"Field":"verification_code","Type":"varchar(100)","Null":"YES","Key":"","Default":null,"Extra":""},{"Field":"is_verified","Type":"tinyint(1)","Null":"YES","Key":"","Default":"0","Extra":""},{"Field":"created_at","Type":"timestamp","Null":"NO","Key":"","Default":"current_timestamp()","Extra":""},{"Field":"favorite_sport","Type":"varchar(50)","Null":"YES","Key":"","Default":null,"Extra":""},{"Field":"favorite_team","Type":"varchar(50)","Null":"YES","Key":"","Default":null,"Extra":""},{"Field":"account_type","Type":"enum('user','admin')","Null":"YES","Key":"","Default":"user","Extra":""}]
[23-Apr-2025 23:19:42 Europe/Berlin] Number of users in database: 13
[23-Apr-2025 23:19:42 Europe/Berlin] All tables initialized successfully
[23-Apr-2025 23:19:42 Europe/Berlin] Database tables initialized successfully
[23-Apr-2025 23:19:42 Europe/Berlin] Executing SQL: SELECT * FROM users WHERE id = :id
[23-Apr-2025 23:19:42 Europe/Berlin] With params: {":id":12}
[23-Apr-2025 23:19:42 Europe/Berlin] Query executed successfully. Found 1 rows
[23-Apr-2025 23:19:42 Europe/Berlin] User loaded from session: varunpndey
[23-Apr-2025 23:19:42 Europe/Berlin] Executing SQL: SELECT * FROM users WHERE id = :id
[23-Apr-2025 23:19:42 Europe/Berlin] With params: {":id":12}
[23-Apr-2025 23:19:42 Europe/Berlin] Query executed successfully. Found 1 rows
[23-Apr-2025 23:19:42 Europe/Berlin] Executing SQL: SELECT * FROM news ORDER BY created_at DESC
[23-Apr-2025 23:19:42 Europe/Berlin] With params: []
[23-Apr-2025 23:19:42 Europe/Berlin] Query executed successfully. Found 2 rows
[23-Apr-2025 23:19:42 Europe/Berlin] Executing SQL: SELECT * FROM feedback ORDER BY created_at DESC
[23-Apr-2025 23:19:42 Europe/Berlin] With params: []
[23-Apr-2025 23:19:42 Europe/Berlin] Query executed successfully. Found 9 rows
[23-Apr-2025 23:19:42 Europe/Berlin] Executing SQL: DELETE FROM feedback WHERE id = :id
[23-Apr-2025 23:19:42 Europe/Berlin] With params: {":id":"12"}
[23-Apr-2025 23:19:42 Europe/Berlin] Query executed successfully. Found 0 rows
[23-Apr-2025 23:19:42 Europe/Berlin] Executing SQL: SELECT * FROM matches WHERE status = 'live'
[23-Apr-2025 23:19:42 Europe/Berlin] With params: []
[23-Apr-2025 23:19:42 Europe/Berlin] Query executed successfully. Found 1 rows
[23-Apr-2025 23:19:42 Europe/Berlin] Executing SQL: SELECT * FROM matches WHERE 1=1 ORDER BY match_time DESC
[23-Apr-2025 23:19:42 Europe/Berlin] With params: []
[23-Apr-2025 23:19:42 Europe/Berlin] Query executed successfully. Found 4 rows
[23-Apr-2025 23:20:05 Europe/Berlin] Connected to database. Tables found: favorites, feedback, matches, matches_backup, matches_new, news, newsletter, notifications, players, subscriptions, users
[23-Apr-2025 23:20:05 Europe/Berlin] Executing SQL: CREATE TABLE IF NOT EXISTS users (
                id INT AUTO_INCREMENT PRIMARY KEY,
                username VARCHAR(50) NOT NULL UNIQUE,
                password VARCHAR(255) NOT NULL,
                email VARCHAR(100) NOT NULL UNIQUE,
                account_type ENUM('user', 'admin') DEFAULT 'user',
                created_at TIMESTAMP DEFAULT CURRENT_TIMESTAMP
            )
[23-Apr-2025 23:20:05 Europe/Berlin] With params: []
[23-Apr-2025 23:20:05 Europe/Berlin] Query executed successfully. Found 0 rows
[23-Apr-2025 23:20:05 Europe/Berlin] Users table created or already exists
[23-Apr-2025 23:20:05 Europe/Berlin] Users table structure: [{"Field":"id","Type":"int(11)","Null":"NO","Key":"PRI","Default":null,"Extra":"auto_increment"},{"Field":"username","Type":"varchar(50)","Null":"NO","Key":"","Default":null,"Extra":""},{"Field":"email","Type":"varchar(100)","Null":"NO","Key":"UNI","Default":null,"Extra":""},{"Field":"password","Type":"varchar(255)","Null":"NO","Key":"","Default":null,"Extra":""},{"Field":"role","Type":"enum('user','admin')","Null":"YES","Key":"","Default":"user","Extra":""},{"Field":"verification_code","Type":"varchar(100)","Null":"YES","Key":"","Default":null,"Extra":""},{"Field":"is_verified","Type":"tinyint(1)","Null":"YES","Key":"","Default":"0","Extra":""},{"Field":"created_at","Type":"timestamp","Null":"NO","Key":"","Default":"current_timestamp()","Extra":""},{"Field":"favorite_sport","Type":"varchar(50)","Null":"YES","Key":"","Default":null,"Extra":""},{"Field":"favorite_team","Type":"varchar(50)","Null":"YES","Key":"","Default":null,"Extra":""},{"Field":"account_type","Type":"enum('user','admin')","Null":"YES","Key":"","Default":"user","Extra":""}]
[23-Apr-2025 23:20:05 Europe/Berlin] Number of users in database: 13
[23-Apr-2025 23:20:05 Europe/Berlin] All tables initialized successfully
[23-Apr-2025 23:20:05 Europe/Berlin] Connected to database. Tables found: favorites, feedback, matches, matches_backup, matches_new, news, newsletter, notifications, players, subscriptions, users
[23-Apr-2025 23:20:05 Europe/Berlin] Executing SQL: CREATE TABLE IF NOT EXISTS users (
                id INT AUTO_INCREMENT PRIMARY KEY,
                username VARCHAR(50) NOT NULL UNIQUE,
                password VARCHAR(255) NOT NULL,
                email VARCHAR(100) NOT NULL UNIQUE,
                account_type ENUM('user', 'admin') DEFAULT 'user',
                created_at TIMESTAMP DEFAULT CURRENT_TIMESTAMP
            )
[23-Apr-2025 23:20:05 Europe/Berlin] With params: []
[23-Apr-2025 23:20:05 Europe/Berlin] Query executed successfully. Found 0 rows
[23-Apr-2025 23:20:05 Europe/Berlin] Users table created or already exists
[23-Apr-2025 23:20:05 Europe/Berlin] Users table structure: [{"Field":"id","Type":"int(11)","Null":"NO","Key":"PRI","Default":null,"Extra":"auto_increment"},{"Field":"username","Type":"varchar(50)","Null":"NO","Key":"","Default":null,"Extra":""},{"Field":"email","Type":"varchar(100)","Null":"NO","Key":"UNI","Default":null,"Extra":""},{"Field":"password","Type":"varchar(255)","Null":"NO","Key":"","Default":null,"Extra":""},{"Field":"role","Type":"enum('user','admin')","Null":"YES","Key":"","Default":"user","Extra":""},{"Field":"verification_code","Type":"varchar(100)","Null":"YES","Key":"","Default":null,"Extra":""},{"Field":"is_verified","Type":"tinyint(1)","Null":"YES","Key":"","Default":"0","Extra":""},{"Field":"created_at","Type":"timestamp","Null":"NO","Key":"","Default":"current_timestamp()","Extra":""},{"Field":"favorite_sport","Type":"varchar(50)","Null":"YES","Key":"","Default":null,"Extra":""},{"Field":"favorite_team","Type":"varchar(50)","Null":"YES","Key":"","Default":null,"Extra":""},{"Field":"account_type","Type":"enum('user','admin')","Null":"YES","Key":"","Default":"user","Extra":""}]
[23-Apr-2025 23:20:05 Europe/Berlin] Number of users in database: 13
[23-Apr-2025 23:20:05 Europe/Berlin] All tables initialized successfully
[23-Apr-2025 23:20:05 Europe/Berlin] Database tables initialized successfully
[23-Apr-2025 23:20:05 Europe/Berlin] Executing SQL: SELECT * FROM users WHERE id = :id
[23-Apr-2025 23:20:05 Europe/Berlin] With params: {":id":12}
[23-Apr-2025 23:20:05 Europe/Berlin] Query executed successfully. Found 1 rows
[23-Apr-2025 23:20:05 Europe/Berlin] User loaded from session: varunpndey
[23-Apr-2025 23:20:05 Europe/Berlin] Executing SQL: SELECT * FROM users WHERE id = :id
[23-Apr-2025 23:20:05 Europe/Berlin] With params: {":id":12}
[23-Apr-2025 23:20:05 Europe/Berlin] Query executed successfully. Found 1 rows
[23-Apr-2025 23:20:05 Europe/Berlin] Executing SQL: UPDATE matches SET team1 = :team1, team2 = :team2, venue = :venue, match_time = :match_time, sport = :sport, status = :status, team1_score = :team1_score, team2_score = :team2_score, team1_shots = :team1_shots, team2_shots = :team2_shots, team1_possession = :team1_possession, team2_possession = :team2_possession WHERE id = :id
[23-Apr-2025 23:20:05 Europe/Berlin] With params: {":id":"41",":team1":"Mi",":team2":"Kkr",":venue":"kolkata",":match_time":"2025-04-22T08:00",":sport":"football",":status":"upcoming",":team1_score":"0",":team2_score":"0",":team1_shots":"0",":team2_shots":"0",":team1_possession":"50",":team2_possession":"50"}
[23-Apr-2025 23:20:05 Europe/Berlin] Error in executeQuery: SQLSTATE[42S22]: Column not found: 1054 Unknown column 'team1_shots' in 'field list'
[23-Apr-2025 23:20:05 Europe/Berlin] Error updating match: SQLSTATE[42S22]: Column not found: 1054 Unknown column 'team1_shots' in 'field list'
[23-Apr-2025 23:20:05 Europe/Berlin] Error updating match: Failed to update match: SQLSTATE[42S22]: Column not found: 1054 Unknown column 'team1_shots' in 'field list'
[23-Apr-2025 23:25:06 Europe/Berlin] Connected to database. Tables found: favorites, feedback, matches, matches_backup, matches_new, news, newsletter, notifications, players, subscriptions, users
[23-Apr-2025 23:25:06 Europe/Berlin] Executing SQL: CREATE TABLE IF NOT EXISTS users (
                id INT AUTO_INCREMENT PRIMARY KEY,
                username VARCHAR(50) NOT NULL UNIQUE,
                password VARCHAR(255) NOT NULL,
                email VARCHAR(100) NOT NULL UNIQUE,
                account_type ENUM('user', 'admin') DEFAULT 'user',
                created_at TIMESTAMP DEFAULT CURRENT_TIMESTAMP
            )
[23-Apr-2025 23:25:06 Europe/Berlin] With params: []
[23-Apr-2025 23:25:06 Europe/Berlin] Query executed successfully. Found 0 rows
[23-Apr-2025 23:25:06 Europe/Berlin] Users table created or already exists
[23-Apr-2025 23:25:06 Europe/Berlin] Users table structure: [{"Field":"id","Type":"int(11)","Null":"NO","Key":"PRI","Default":null,"Extra":"auto_increment"},{"Field":"username","Type":"varchar(50)","Null":"NO","Key":"","Default":null,"Extra":""},{"Field":"email","Type":"varchar(100)","Null":"NO","Key":"UNI","Default":null,"Extra":""},{"Field":"password","Type":"varchar(255)","Null":"NO","Key":"","Default":null,"Extra":""},{"Field":"role","Type":"enum('user','admin')","Null":"YES","Key":"","Default":"user","Extra":""},{"Field":"verification_code","Type":"varchar(100)","Null":"YES","Key":"","Default":null,"Extra":""},{"Field":"is_verified","Type":"tinyint(1)","Null":"YES","Key":"","Default":"0","Extra":""},{"Field":"created_at","Type":"timestamp","Null":"NO","Key":"","Default":"current_timestamp()","Extra":""},{"Field":"favorite_sport","Type":"varchar(50)","Null":"YES","Key":"","Default":null,"Extra":""},{"Field":"favorite_team","Type":"varchar(50)","Null":"YES","Key":"","Default":null,"Extra":""},{"Field":"account_type","Type":"enum('user','admin')","Null":"YES","Key":"","Default":"user","Extra":""}]
[23-Apr-2025 23:25:06 Europe/Berlin] Number of users in database: 13
[23-Apr-2025 23:25:06 Europe/Berlin] All tables initialized successfully
[23-Apr-2025 23:25:06 Europe/Berlin] Connected to database. Tables found: favorites, feedback, matches, matches_backup, matches_new, news, newsletter, notifications, players, subscriptions, users
[23-Apr-2025 23:25:06 Europe/Berlin] Executing SQL: CREATE TABLE IF NOT EXISTS users (
                id INT AUTO_INCREMENT PRIMARY KEY,
                username VARCHAR(50) NOT NULL UNIQUE,
                password VARCHAR(255) NOT NULL,
                email VARCHAR(100) NOT NULL UNIQUE,
                account_type ENUM('user', 'admin') DEFAULT 'user',
                created_at TIMESTAMP DEFAULT CURRENT_TIMESTAMP
            )
[23-Apr-2025 23:25:06 Europe/Berlin] With params: []
[23-Apr-2025 23:25:06 Europe/Berlin] Query executed successfully. Found 0 rows
[23-Apr-2025 23:25:06 Europe/Berlin] Users table created or already exists
[23-Apr-2025 23:25:06 Europe/Berlin] Users table structure: [{"Field":"id","Type":"int(11)","Null":"NO","Key":"PRI","Default":null,"Extra":"auto_increment"},{"Field":"username","Type":"varchar(50)","Null":"NO","Key":"","Default":null,"Extra":""},{"Field":"email","Type":"varchar(100)","Null":"NO","Key":"UNI","Default":null,"Extra":""},{"Field":"password","Type":"varchar(255)","Null":"NO","Key":"","Default":null,"Extra":""},{"Field":"role","Type":"enum('user','admin')","Null":"YES","Key":"","Default":"user","Extra":""},{"Field":"verification_code","Type":"varchar(100)","Null":"YES","Key":"","Default":null,"Extra":""},{"Field":"is_verified","Type":"tinyint(1)","Null":"YES","Key":"","Default":"0","Extra":""},{"Field":"created_at","Type":"timestamp","Null":"NO","Key":"","Default":"current_timestamp()","Extra":""},{"Field":"favorite_sport","Type":"varchar(50)","Null":"YES","Key":"","Default":null,"Extra":""},{"Field":"favorite_team","Type":"varchar(50)","Null":"YES","Key":"","Default":null,"Extra":""},{"Field":"account_type","Type":"enum('user','admin')","Null":"YES","Key":"","Default":"user","Extra":""}]
[23-Apr-2025 23:25:06 Europe/Berlin] Number of users in database: 13
[23-Apr-2025 23:25:06 Europe/Berlin] All tables initialized successfully
[23-Apr-2025 23:25:06 Europe/Berlin] Database tables initialized successfully
[23-Apr-2025 23:25:06 Europe/Berlin] Executing SQL: SELECT * FROM users WHERE id = :id
[23-Apr-2025 23:25:06 Europe/Berlin] With params: {":id":12}
[23-Apr-2025 23:25:06 Europe/Berlin] Query executed successfully. Found 1 rows
[23-Apr-2025 23:25:06 Europe/Berlin] User loaded from session: varunpndey
[23-Apr-2025 23:25:06 Europe/Berlin] Executing SQL: SELECT * FROM users WHERE id = :id
[23-Apr-2025 23:25:06 Europe/Berlin] With params: {":id":12}
[23-Apr-2025 23:25:06 Europe/Berlin] Query executed successfully. Found 1 rows
[23-Apr-2025 23:25:06 Europe/Berlin] Executing SQL: UPDATE matches SET team1 = :team1, team2 = :team2, venue = :venue, match_time = :match_time, sport = :sport, status = :status, team1_score = :team1_score, team2_score = :team2_score, team1_shots = :team1_shots, team2_shots = :team2_shots, team1_possession = :team1_possession, team2_possession = :team2_possession WHERE id = :id
[23-Apr-2025 23:25:06 Europe/Berlin] With params: {":id":"41",":team1":"Mohun Bagan",":team2":"Bengeluru",":venue":"kolkata",":match_time":"2025-04-22T08:00",":sport":"football",":status":"upcoming",":team1_score":"0",":team2_score":"0",":team1_shots":"0",":team2_shots":"0",":team1_possession":"50",":team2_possession":"50"}
[23-Apr-2025 23:25:06 Europe/Berlin] Query executed successfully. Found 0 rows
[23-Apr-2025 23:25:09 Europe/Berlin] Connected to database. Tables found: favorites, feedback, matches, matches_backup, matches_new, news, newsletter, notifications, players, subscriptions, users
[23-Apr-2025 23:25:09 Europe/Berlin] Executing SQL: CREATE TABLE IF NOT EXISTS users (
                id INT AUTO_INCREMENT PRIMARY KEY,
                username VARCHAR(50) NOT NULL UNIQUE,
                password VARCHAR(255) NOT NULL,
                email VARCHAR(100) NOT NULL UNIQUE,
                account_type ENUM('user', 'admin') DEFAULT 'user',
                created_at TIMESTAMP DEFAULT CURRENT_TIMESTAMP
            )
[23-Apr-2025 23:25:09 Europe/Berlin] With params: []
[23-Apr-2025 23:25:09 Europe/Berlin] Query executed successfully. Found 0 rows
[23-Apr-2025 23:25:09 Europe/Berlin] Users table created or already exists
[23-Apr-2025 23:25:09 Europe/Berlin] Users table structure: [{"Field":"id","Type":"int(11)","Null":"NO","Key":"PRI","Default":null,"Extra":"auto_increment"},{"Field":"username","Type":"varchar(50)","Null":"NO","Key":"","Default":null,"Extra":""},{"Field":"email","Type":"varchar(100)","Null":"NO","Key":"UNI","Default":null,"Extra":""},{"Field":"password","Type":"varchar(255)","Null":"NO","Key":"","Default":null,"Extra":""},{"Field":"role","Type":"enum('user','admin')","Null":"YES","Key":"","Default":"user","Extra":""},{"Field":"verification_code","Type":"varchar(100)","Null":"YES","Key":"","Default":null,"Extra":""},{"Field":"is_verified","Type":"tinyint(1)","Null":"YES","Key":"","Default":"0","Extra":""},{"Field":"created_at","Type":"timestamp","Null":"NO","Key":"","Default":"current_timestamp()","Extra":""},{"Field":"favorite_sport","Type":"varchar(50)","Null":"YES","Key":"","Default":null,"Extra":""},{"Field":"favorite_team","Type":"varchar(50)","Null":"YES","Key":"","Default":null,"Extra":""},{"Field":"account_type","Type":"enum('user','admin')","Null":"YES","Key":"","Default":"user","Extra":""}]
[23-Apr-2025 23:25:09 Europe/Berlin] Number of users in database: 13
[23-Apr-2025 23:25:09 Europe/Berlin] All tables initialized successfully
[23-Apr-2025 23:25:09 Europe/Berlin] Connected to database. Tables found: favorites, feedback, matches, matches_backup, matches_new, news, newsletter, notifications, players, subscriptions, users
[23-Apr-2025 23:25:09 Europe/Berlin] Executing SQL: CREATE TABLE IF NOT EXISTS users (
                id INT AUTO_INCREMENT PRIMARY KEY,
                username VARCHAR(50) NOT NULL UNIQUE,
                password VARCHAR(255) NOT NULL,
                email VARCHAR(100) NOT NULL UNIQUE,
                account_type ENUM('user', 'admin') DEFAULT 'user',
                created_at TIMESTAMP DEFAULT CURRENT_TIMESTAMP
            )
[23-Apr-2025 23:25:09 Europe/Berlin] With params: []
[23-Apr-2025 23:25:09 Europe/Berlin] Query executed successfully. Found 0 rows
[23-Apr-2025 23:25:09 Europe/Berlin] Users table created or already exists
[23-Apr-2025 23:25:09 Europe/Berlin] Users table structure: [{"Field":"id","Type":"int(11)","Null":"NO","Key":"PRI","Default":null,"Extra":"auto_increment"},{"Field":"username","Type":"varchar(50)","Null":"NO","Key":"","Default":null,"Extra":""},{"Field":"email","Type":"varchar(100)","Null":"NO","Key":"UNI","Default":null,"Extra":""},{"Field":"password","Type":"varchar(255)","Null":"NO","Key":"","Default":null,"Extra":""},{"Field":"role","Type":"enum('user','admin')","Null":"YES","Key":"","Default":"user","Extra":""},{"Field":"verification_code","Type":"varchar(100)","Null":"YES","Key":"","Default":null,"Extra":""},{"Field":"is_verified","Type":"tinyint(1)","Null":"YES","Key":"","Default":"0","Extra":""},{"Field":"created_at","Type":"timestamp","Null":"NO","Key":"","Default":"current_timestamp()","Extra":""},{"Field":"favorite_sport","Type":"varchar(50)","Null":"YES","Key":"","Default":null,"Extra":""},{"Field":"favorite_team","Type":"varchar(50)","Null":"YES","Key":"","Default":null,"Extra":""},{"Field":"account_type","Type":"enum('user','admin')","Null":"YES","Key":"","Default":"user","Extra":""}]
[23-Apr-2025 23:25:09 Europe/Berlin] Number of users in database: 13
[23-Apr-2025 23:25:09 Europe/Berlin] All tables initialized successfully
[23-Apr-2025 23:25:09 Europe/Berlin] Database tables initialized successfully
[23-Apr-2025 23:25:09 Europe/Berlin] Executing SQL: SELECT * FROM users WHERE id = :id
[23-Apr-2025 23:25:09 Europe/Berlin] With params: {":id":12}
[23-Apr-2025 23:25:09 Europe/Berlin] Query executed successfully. Found 1 rows
[23-Apr-2025 23:25:09 Europe/Berlin] User loaded from session: varunpndey
[23-Apr-2025 23:25:09 Europe/Berlin] Executing SQL: SELECT * FROM users WHERE id = :id
[23-Apr-2025 23:25:09 Europe/Berlin] With params: {":id":12}
[23-Apr-2025 23:25:09 Europe/Berlin] Query executed successfully. Found 1 rows
[23-Apr-2025 23:25:09 Europe/Berlin] Executing SQL: SELECT * FROM news ORDER BY created_at DESC
[23-Apr-2025 23:25:09 Europe/Berlin] With params: []
[23-Apr-2025 23:25:09 Europe/Berlin] Query executed successfully. Found 2 rows
[23-Apr-2025 23:25:09 Europe/Berlin] Executing SQL: SELECT * FROM feedback ORDER BY created_at DESC
[23-Apr-2025 23:25:09 Europe/Berlin] With params: []
[23-Apr-2025 23:25:09 Europe/Berlin] Query executed successfully. Found 8 rows
[23-Apr-2025 23:25:09 Europe/Berlin] Executing SQL: DELETE FROM feedback WHERE id = :id
[23-Apr-2025 23:25:09 Europe/Berlin] With params: {":id":"12"}
[23-Apr-2025 23:25:09 Europe/Berlin] Query executed successfully. Found 0 rows
[23-Apr-2025 23:25:09 Europe/Berlin] Executing SQL: SELECT * FROM matches WHERE status = 'live'
[23-Apr-2025 23:25:09 Europe/Berlin] With params: []
[23-Apr-2025 23:25:09 Europe/Berlin] Query executed successfully. Found 1 rows
[23-Apr-2025 23:25:09 Europe/Berlin] Executing SQL: SELECT * FROM matches WHERE 1=1 ORDER BY match_time DESC
[23-Apr-2025 23:25:09 Europe/Berlin] With params: []
[23-Apr-2025 23:25:09 Europe/Berlin] Query executed successfully. Found 4 rows
[23-Apr-2025 23:25:13 Europe/Berlin] Connected to database. Tables found: favorites, feedback, matches, matches_backup, matches_new, news, newsletter, notifications, players, subscriptions, users
[23-Apr-2025 23:25:13 Europe/Berlin] Executing SQL: CREATE TABLE IF NOT EXISTS users (
                id INT AUTO_INCREMENT PRIMARY KEY,
                username VARCHAR(50) NOT NULL UNIQUE,
                password VARCHAR(255) NOT NULL,
                email VARCHAR(100) NOT NULL UNIQUE,
                account_type ENUM('user', 'admin') DEFAULT 'user',
                created_at TIMESTAMP DEFAULT CURRENT_TIMESTAMP
            )
[23-Apr-2025 23:25:13 Europe/Berlin] With params: []
[23-Apr-2025 23:25:13 Europe/Berlin] Query executed successfully. Found 0 rows
[23-Apr-2025 23:25:13 Europe/Berlin] Users table created or already exists
[23-Apr-2025 23:25:13 Europe/Berlin] Users table structure: [{"Field":"id","Type":"int(11)","Null":"NO","Key":"PRI","Default":null,"Extra":"auto_increment"},{"Field":"username","Type":"varchar(50)","Null":"NO","Key":"","Default":null,"Extra":""},{"Field":"email","Type":"varchar(100)","Null":"NO","Key":"UNI","Default":null,"Extra":""},{"Field":"password","Type":"varchar(255)","Null":"NO","Key":"","Default":null,"Extra":""},{"Field":"role","Type":"enum('user','admin')","Null":"YES","Key":"","Default":"user","Extra":""},{"Field":"verification_code","Type":"varchar(100)","Null":"YES","Key":"","Default":null,"Extra":""},{"Field":"is_verified","Type":"tinyint(1)","Null":"YES","Key":"","Default":"0","Extra":""},{"Field":"created_at","Type":"timestamp","Null":"NO","Key":"","Default":"current_timestamp()","Extra":""},{"Field":"favorite_sport","Type":"varchar(50)","Null":"YES","Key":"","Default":null,"Extra":""},{"Field":"favorite_team","Type":"varchar(50)","Null":"YES","Key":"","Default":null,"Extra":""},{"Field":"account_type","Type":"enum('user','admin')","Null":"YES","Key":"","Default":"user","Extra":""}]
[23-Apr-2025 23:25:13 Europe/Berlin] Number of users in database: 13
[23-Apr-2025 23:25:13 Europe/Berlin] All tables initialized successfully
[23-Apr-2025 23:25:13 Europe/Berlin] Connected to database. Tables found: favorites, feedback, matches, matches_backup, matches_new, news, newsletter, notifications, players, subscriptions, users
[23-Apr-2025 23:25:13 Europe/Berlin] Executing SQL: CREATE TABLE IF NOT EXISTS users (
                id INT AUTO_INCREMENT PRIMARY KEY,
                username VARCHAR(50) NOT NULL UNIQUE,
                password VARCHAR(255) NOT NULL,
                email VARCHAR(100) NOT NULL UNIQUE,
                account_type ENUM('user', 'admin') DEFAULT 'user',
                created_at TIMESTAMP DEFAULT CURRENT_TIMESTAMP
            )
[23-Apr-2025 23:25:13 Europe/Berlin] With params: []
[23-Apr-2025 23:25:13 Europe/Berlin] Query executed successfully. Found 0 rows
[23-Apr-2025 23:25:13 Europe/Berlin] Users table created or already exists
[23-Apr-2025 23:25:13 Europe/Berlin] Users table structure: [{"Field":"id","Type":"int(11)","Null":"NO","Key":"PRI","Default":null,"Extra":"auto_increment"},{"Field":"username","Type":"varchar(50)","Null":"NO","Key":"","Default":null,"Extra":""},{"Field":"email","Type":"varchar(100)","Null":"NO","Key":"UNI","Default":null,"Extra":""},{"Field":"password","Type":"varchar(255)","Null":"NO","Key":"","Default":null,"Extra":""},{"Field":"role","Type":"enum('user','admin')","Null":"YES","Key":"","Default":"user","Extra":""},{"Field":"verification_code","Type":"varchar(100)","Null":"YES","Key":"","Default":null,"Extra":""},{"Field":"is_verified","Type":"tinyint(1)","Null":"YES","Key":"","Default":"0","Extra":""},{"Field":"created_at","Type":"timestamp","Null":"NO","Key":"","Default":"current_timestamp()","Extra":""},{"Field":"favorite_sport","Type":"varchar(50)","Null":"YES","Key":"","Default":null,"Extra":""},{"Field":"favorite_team","Type":"varchar(50)","Null":"YES","Key":"","Default":null,"Extra":""},{"Field":"account_type","Type":"enum('user','admin')","Null":"YES","Key":"","Default":"user","Extra":""}]
[23-Apr-2025 23:25:13 Europe/Berlin] Number of users in database: 13
[23-Apr-2025 23:25:13 Europe/Berlin] All tables initialized successfully
[23-Apr-2025 23:25:13 Europe/Berlin] Database tables initialized successfully
[23-Apr-2025 23:25:13 Europe/Berlin] Executing SQL: SELECT * FROM users WHERE id = :id
[23-Apr-2025 23:25:13 Europe/Berlin] With params: {":id":12}
[23-Apr-2025 23:25:13 Europe/Berlin] Query executed successfully. Found 1 rows
[23-Apr-2025 23:25:13 Europe/Berlin] User loaded from session: varunpndey
[23-Apr-2025 23:25:13 Europe/Berlin] Header - Session status: 2
[23-Apr-2025 23:25:13 Europe/Berlin] Header - Session data: {"user_id":12,"username":"varunpndey","email":"va@gmail.com","account_type":"admin"}
[23-Apr-2025 23:25:13 Europe/Berlin] Header - After session start - Status: 2
[23-Apr-2025 23:25:13 Europe/Berlin] Header - After session start - Data: {"user_id":12,"username":"varunpndey","email":"va@gmail.com","account_type":"admin"}
[23-Apr-2025 23:25:13 Europe/Berlin] Header - Is logged in: Yes
[23-Apr-2025 23:25:13 Europe/Berlin] Executing SQL: SELECT * FROM news ORDER BY created_at DESC LIMIT 5
[23-Apr-2025 23:25:13 Europe/Berlin] With params: []
[23-Apr-2025 23:25:13 Europe/Berlin] Query executed successfully. Found 2 rows
[23-Apr-2025 23:25:13 Europe/Berlin] Executing SQL: SELECT * FROM matches WHERE status = 'live'
[23-Apr-2025 23:25:13 Europe/Berlin] With params: []
[23-Apr-2025 23:25:13 Europe/Berlin] Query executed successfully. Found 1 rows
[23-Apr-2025 23:25:13 Europe/Berlin] Executing SQL: SELECT COUNT(*) as count FROM favorites 
                    WHERE user_id = :user_id AND match_id = :match_id
[23-Apr-2025 23:25:13 Europe/Berlin] With params: {":user_id":12,":match_id":42}
[23-Apr-2025 23:25:13 Europe/Berlin] Query executed successfully. Found 1 rows
[23-Apr-2025 23:25:14 Europe/Berlin] Connected to database. Tables found: favorites, feedback, matches, matches_backup, matches_new, news, newsletter, notifications, players, subscriptions, users
[23-Apr-2025 23:25:14 Europe/Berlin] Executing SQL: CREATE TABLE IF NOT EXISTS users (
                id INT AUTO_INCREMENT PRIMARY KEY,
                username VARCHAR(50) NOT NULL UNIQUE,
                password VARCHAR(255) NOT NULL,
                email VARCHAR(100) NOT NULL UNIQUE,
                account_type ENUM('user', 'admin') DEFAULT 'user',
                created_at TIMESTAMP DEFAULT CURRENT_TIMESTAMP
            )
[23-Apr-2025 23:25:14 Europe/Berlin] With params: []
[23-Apr-2025 23:25:14 Europe/Berlin] Query executed successfully. Found 0 rows
[23-Apr-2025 23:25:14 Europe/Berlin] Users table created or already exists
[23-Apr-2025 23:25:14 Europe/Berlin] Users table structure: [{"Field":"id","Type":"int(11)","Null":"NO","Key":"PRI","Default":null,"Extra":"auto_increment"},{"Field":"username","Type":"varchar(50)","Null":"NO","Key":"","Default":null,"Extra":""},{"Field":"email","Type":"varchar(100)","Null":"NO","Key":"UNI","Default":null,"Extra":""},{"Field":"password","Type":"varchar(255)","Null":"NO","Key":"","Default":null,"Extra":""},{"Field":"role","Type":"enum('user','admin')","Null":"YES","Key":"","Default":"user","Extra":""},{"Field":"verification_code","Type":"varchar(100)","Null":"YES","Key":"","Default":null,"Extra":""},{"Field":"is_verified","Type":"tinyint(1)","Null":"YES","Key":"","Default":"0","Extra":""},{"Field":"created_at","Type":"timestamp","Null":"NO","Key":"","Default":"current_timestamp()","Extra":""},{"Field":"favorite_sport","Type":"varchar(50)","Null":"YES","Key":"","Default":null,"Extra":""},{"Field":"favorite_team","Type":"varchar(50)","Null":"YES","Key":"","Default":null,"Extra":""},{"Field":"account_type","Type":"enum('user','admin')","Null":"YES","Key":"","Default":"user","Extra":""}]
[23-Apr-2025 23:25:14 Europe/Berlin] Number of users in database: 13
[23-Apr-2025 23:25:14 Europe/Berlin] All tables initialized successfully
[23-Apr-2025 23:25:14 Europe/Berlin] Connected to database. Tables found: favorites, feedback, matches, matches_backup, matches_new, news, newsletter, notifications, players, subscriptions, users
[23-Apr-2025 23:25:14 Europe/Berlin] Executing SQL: CREATE TABLE IF NOT EXISTS users (
                id INT AUTO_INCREMENT PRIMARY KEY,
                username VARCHAR(50) NOT NULL UNIQUE,
                password VARCHAR(255) NOT NULL,
                email VARCHAR(100) NOT NULL UNIQUE,
                account_type ENUM('user', 'admin') DEFAULT 'user',
                created_at TIMESTAMP DEFAULT CURRENT_TIMESTAMP
            )
[23-Apr-2025 23:25:14 Europe/Berlin] With params: []
[23-Apr-2025 23:25:14 Europe/Berlin] Query executed successfully. Found 0 rows
[23-Apr-2025 23:25:14 Europe/Berlin] Users table created or already exists
[23-Apr-2025 23:25:14 Europe/Berlin] Users table structure: [{"Field":"id","Type":"int(11)","Null":"NO","Key":"PRI","Default":null,"Extra":"auto_increment"},{"Field":"username","Type":"varchar(50)","Null":"NO","Key":"","Default":null,"Extra":""},{"Field":"email","Type":"varchar(100)","Null":"NO","Key":"UNI","Default":null,"Extra":""},{"Field":"password","Type":"varchar(255)","Null":"NO","Key":"","Default":null,"Extra":""},{"Field":"role","Type":"enum('user','admin')","Null":"YES","Key":"","Default":"user","Extra":""},{"Field":"verification_code","Type":"varchar(100)","Null":"YES","Key":"","Default":null,"Extra":""},{"Field":"is_verified","Type":"tinyint(1)","Null":"YES","Key":"","Default":"0","Extra":""},{"Field":"created_at","Type":"timestamp","Null":"NO","Key":"","Default":"current_timestamp()","Extra":""},{"Field":"favorite_sport","Type":"varchar(50)","Null":"YES","Key":"","Default":null,"Extra":""},{"Field":"favorite_team","Type":"varchar(50)","Null":"YES","Key":"","Default":null,"Extra":""},{"Field":"account_type","Type":"enum('user','admin')","Null":"YES","Key":"","Default":"user","Extra":""}]
[23-Apr-2025 23:25:14 Europe/Berlin] Number of users in database: 13
[23-Apr-2025 23:25:14 Europe/Berlin] All tables initialized successfully
[23-Apr-2025 23:25:14 Europe/Berlin] Database tables initialized successfully
[23-Apr-2025 23:25:14 Europe/Berlin] Executing SQL: SELECT * FROM users WHERE id = :id
[23-Apr-2025 23:25:14 Europe/Berlin] With params: {":id":12}
[23-Apr-2025 23:25:14 Europe/Berlin] Query executed successfully. Found 1 rows
[23-Apr-2025 23:25:14 Europe/Berlin] User loaded from session: varunpndey
[23-Apr-2025 23:25:14 Europe/Berlin] Header - Session status: 2
[23-Apr-2025 23:25:14 Europe/Berlin] Header - Session data: {"user_id":12,"username":"varunpndey","email":"va@gmail.com","account_type":"admin"}
[23-Apr-2025 23:25:14 Europe/Berlin] Header - After session start - Status: 2
[23-Apr-2025 23:25:14 Europe/Berlin] Header - After session start - Data: {"user_id":12,"username":"varunpndey","email":"va@gmail.com","account_type":"admin"}
[23-Apr-2025 23:25:14 Europe/Berlin] Header - Is logged in: Yes
[23-Apr-2025 23:25:14 Europe/Berlin] Executing SQL: SELECT * FROM matches WHERE sport = :sport ORDER BY match_time DESC
[23-Apr-2025 23:25:14 Europe/Berlin] With params: {":sport":"football"}
[23-Apr-2025 23:25:14 Europe/Berlin] Query executed successfully. Found 1 rows
[23-Apr-2025 23:25:14 Europe/Berlin] Executing SQL: SELECT * FROM matches WHERE sport = :sport AND status = :status
[23-Apr-2025 23:25:14 Europe/Berlin] With params: {":sport":"football",":status":"live"}
[23-Apr-2025 23:25:14 Europe/Berlin] Query executed successfully. Found 0 rows
[23-Apr-2025 23:25:14 Europe/Berlin] Executing SQL: SELECT COUNT(*) as count FROM favorites 
                    WHERE user_id = :user_id AND match_id = :match_id
[23-Apr-2025 23:25:14 Europe/Berlin] With params: {":user_id":12,":match_id":41}
[23-Apr-2025 23:25:14 Europe/Berlin] Query executed successfully. Found 1 rows
[23-Apr-2025 23:25:15 Europe/Berlin] Connected to database. Tables found: favorites, feedback, matches, matches_backup, matches_new, news, newsletter, notifications, players, subscriptions, users
[23-Apr-2025 23:25:15 Europe/Berlin] Executing SQL: CREATE TABLE IF NOT EXISTS users (
                id INT AUTO_INCREMENT PRIMARY KEY,
                username VARCHAR(50) NOT NULL UNIQUE,
                password VARCHAR(255) NOT NULL,
                email VARCHAR(100) NOT NULL UNIQUE,
                account_type ENUM('user', 'admin') DEFAULT 'user',
                created_at TIMESTAMP DEFAULT CURRENT_TIMESTAMP
            )
[23-Apr-2025 23:25:15 Europe/Berlin] With params: []
[23-Apr-2025 23:25:15 Europe/Berlin] Query executed successfully. Found 0 rows
[23-Apr-2025 23:25:15 Europe/Berlin] Users table created or already exists
[23-Apr-2025 23:25:15 Europe/Berlin] Users table structure: [{"Field":"id","Type":"int(11)","Null":"NO","Key":"PRI","Default":null,"Extra":"auto_increment"},{"Field":"username","Type":"varchar(50)","Null":"NO","Key":"","Default":null,"Extra":""},{"Field":"email","Type":"varchar(100)","Null":"NO","Key":"UNI","Default":null,"Extra":""},{"Field":"password","Type":"varchar(255)","Null":"NO","Key":"","Default":null,"Extra":""},{"Field":"role","Type":"enum('user','admin')","Null":"YES","Key":"","Default":"user","Extra":""},{"Field":"verification_code","Type":"varchar(100)","Null":"YES","Key":"","Default":null,"Extra":""},{"Field":"is_verified","Type":"tinyint(1)","Null":"YES","Key":"","Default":"0","Extra":""},{"Field":"created_at","Type":"timestamp","Null":"NO","Key":"","Default":"current_timestamp()","Extra":""},{"Field":"favorite_sport","Type":"varchar(50)","Null":"YES","Key":"","Default":null,"Extra":""},{"Field":"favorite_team","Type":"varchar(50)","Null":"YES","Key":"","Default":null,"Extra":""},{"Field":"account_type","Type":"enum('user','admin')","Null":"YES","Key":"","Default":"user","Extra":""}]
[23-Apr-2025 23:25:15 Europe/Berlin] Number of users in database: 13
[23-Apr-2025 23:25:15 Europe/Berlin] All tables initialized successfully
[23-Apr-2025 23:25:15 Europe/Berlin] Connected to database. Tables found: favorites, feedback, matches, matches_backup, matches_new, news, newsletter, notifications, players, subscriptions, users
[23-Apr-2025 23:25:15 Europe/Berlin] Executing SQL: CREATE TABLE IF NOT EXISTS users (
                id INT AUTO_INCREMENT PRIMARY KEY,
                username VARCHAR(50) NOT NULL UNIQUE,
                password VARCHAR(255) NOT NULL,
                email VARCHAR(100) NOT NULL UNIQUE,
                account_type ENUM('user', 'admin') DEFAULT 'user',
                created_at TIMESTAMP DEFAULT CURRENT_TIMESTAMP
            )
[23-Apr-2025 23:25:15 Europe/Berlin] With params: []
[23-Apr-2025 23:25:15 Europe/Berlin] Query executed successfully. Found 0 rows
[23-Apr-2025 23:25:15 Europe/Berlin] Users table created or already exists
[23-Apr-2025 23:25:15 Europe/Berlin] Users table structure: [{"Field":"id","Type":"int(11)","Null":"NO","Key":"PRI","Default":null,"Extra":"auto_increment"},{"Field":"username","Type":"varchar(50)","Null":"NO","Key":"","Default":null,"Extra":""},{"Field":"email","Type":"varchar(100)","Null":"NO","Key":"UNI","Default":null,"Extra":""},{"Field":"password","Type":"varchar(255)","Null":"NO","Key":"","Default":null,"Extra":""},{"Field":"role","Type":"enum('user','admin')","Null":"YES","Key":"","Default":"user","Extra":""},{"Field":"verification_code","Type":"varchar(100)","Null":"YES","Key":"","Default":null,"Extra":""},{"Field":"is_verified","Type":"tinyint(1)","Null":"YES","Key":"","Default":"0","Extra":""},{"Field":"created_at","Type":"timestamp","Null":"NO","Key":"","Default":"current_timestamp()","Extra":""},{"Field":"favorite_sport","Type":"varchar(50)","Null":"YES","Key":"","Default":null,"Extra":""},{"Field":"favorite_team","Type":"varchar(50)","Null":"YES","Key":"","Default":null,"Extra":""},{"Field":"account_type","Type":"enum('user','admin')","Null":"YES","Key":"","Default":"user","Extra":""}]
[23-Apr-2025 23:25:15 Europe/Berlin] Number of users in database: 13
[23-Apr-2025 23:25:15 Europe/Berlin] All tables initialized successfully
[23-Apr-2025 23:25:15 Europe/Berlin] Database tables initialized successfully
[23-Apr-2025 23:25:15 Europe/Berlin] Executing SQL: SELECT * FROM users WHERE id = :id
[23-Apr-2025 23:25:15 Europe/Berlin] With params: {":id":12}
[23-Apr-2025 23:25:15 Europe/Berlin] Query executed successfully. Found 1 rows
[23-Apr-2025 23:25:15 Europe/Berlin] User loaded from session: varunpndey
[23-Apr-2025 23:25:15 Europe/Berlin] Executing SQL: SELECT * FROM matches WHERE id = :id
[23-Apr-2025 23:25:15 Europe/Berlin] With params: {":id":41}
[23-Apr-2025 23:25:15 Europe/Berlin] Query executed successfully. Found 1 rows
[23-Apr-2025 23:25:15 Europe/Berlin] Header - Session status: 2
[23-Apr-2025 23:25:15 Europe/Berlin] Header - Session data: {"user_id":12,"username":"varunpndey","email":"va@gmail.com","account_type":"admin"}
[23-Apr-2025 23:25:15 Europe/Berlin] Header - After session start - Status: 2
[23-Apr-2025 23:25:15 Europe/Berlin] Header - After session start - Data: {"user_id":12,"username":"varunpndey","email":"va@gmail.com","account_type":"admin"}
[23-Apr-2025 23:25:15 Europe/Berlin] Header - Is logged in: Yes
[23-Apr-2025 23:25:54 Europe/Berlin] Connected to database. Tables found: favorites, feedback, matches, matches_backup, matches_new, news, newsletter, notifications, players, subscriptions, users
[23-Apr-2025 23:25:54 Europe/Berlin] Executing SQL: CREATE TABLE IF NOT EXISTS users (
                id INT AUTO_INCREMENT PRIMARY KEY,
                username VARCHAR(50) NOT NULL UNIQUE,
                password VARCHAR(255) NOT NULL,
                email VARCHAR(100) NOT NULL UNIQUE,
                account_type ENUM('user', 'admin') DEFAULT 'user',
                created_at TIMESTAMP DEFAULT CURRENT_TIMESTAMP
            )
[23-Apr-2025 23:25:54 Europe/Berlin] With params: []
[23-Apr-2025 23:25:54 Europe/Berlin] Query executed successfully. Found 0 rows
[23-Apr-2025 23:25:54 Europe/Berlin] Users table created or already exists
[23-Apr-2025 23:25:54 Europe/Berlin] Users table structure: [{"Field":"id","Type":"int(11)","Null":"NO","Key":"PRI","Default":null,"Extra":"auto_increment"},{"Field":"username","Type":"varchar(50)","Null":"NO","Key":"","Default":null,"Extra":""},{"Field":"email","Type":"varchar(100)","Null":"NO","Key":"UNI","Default":null,"Extra":""},{"Field":"password","Type":"varchar(255)","Null":"NO","Key":"","Default":null,"Extra":""},{"Field":"role","Type":"enum('user','admin')","Null":"YES","Key":"","Default":"user","Extra":""},{"Field":"verification_code","Type":"varchar(100)","Null":"YES","Key":"","Default":null,"Extra":""},{"Field":"is_verified","Type":"tinyint(1)","Null":"YES","Key":"","Default":"0","Extra":""},{"Field":"created_at","Type":"timestamp","Null":"NO","Key":"","Default":"current_timestamp()","Extra":""},{"Field":"favorite_sport","Type":"varchar(50)","Null":"YES","Key":"","Default":null,"Extra":""},{"Field":"favorite_team","Type":"varchar(50)","Null":"YES","Key":"","Default":null,"Extra":""},{"Field":"account_type","Type":"enum('user','admin')","Null":"YES","Key":"","Default":"user","Extra":""}]
[23-Apr-2025 23:25:54 Europe/Berlin] Number of users in database: 13
[23-Apr-2025 23:25:54 Europe/Berlin] All tables initialized successfully
[23-Apr-2025 23:25:54 Europe/Berlin] API Request received: /sportsync/backend/match.php?action=fetch_matches&sport=football&all=true
[23-Apr-2025 23:25:54 Europe/Berlin] GET parameters: Array
(
    [action] => fetch_matches
    [sport] => football
    [all] => true
)

[23-Apr-2025 23:25:54 Europe/Berlin] Executing SQL: SELECT * FROM matches WHERE sport = :sport ORDER BY match_time DESC
[23-Apr-2025 23:25:54 Europe/Berlin] With params: {":sport":"football"}
[23-Apr-2025 23:25:54 Europe/Berlin] Query executed successfully. Found 1 rows
[23-Apr-2025 23:26:14 Europe/Berlin] Connected to database. Tables found: favorites, feedback, matches, matches_backup, matches_new, news, newsletter, notifications, players, subscriptions, users
[23-Apr-2025 23:26:14 Europe/Berlin] Executing SQL: CREATE TABLE IF NOT EXISTS users (
                id INT AUTO_INCREMENT PRIMARY KEY,
                username VARCHAR(50) NOT NULL UNIQUE,
                password VARCHAR(255) NOT NULL,
                email VARCHAR(100) NOT NULL UNIQUE,
                account_type ENUM('user', 'admin') DEFAULT 'user',
                created_at TIMESTAMP DEFAULT CURRENT_TIMESTAMP
            )
[23-Apr-2025 23:26:14 Europe/Berlin] With params: []
[23-Apr-2025 23:26:14 Europe/Berlin] Query executed successfully. Found 0 rows
[23-Apr-2025 23:26:14 Europe/Berlin] Users table created or already exists
[23-Apr-2025 23:26:14 Europe/Berlin] Users table structure: [{"Field":"id","Type":"int(11)","Null":"NO","Key":"PRI","Default":null,"Extra":"auto_increment"},{"Field":"username","Type":"varchar(50)","Null":"NO","Key":"","Default":null,"Extra":""},{"Field":"email","Type":"varchar(100)","Null":"NO","Key":"UNI","Default":null,"Extra":""},{"Field":"password","Type":"varchar(255)","Null":"NO","Key":"","Default":null,"Extra":""},{"Field":"role","Type":"enum('user','admin')","Null":"YES","Key":"","Default":"user","Extra":""},{"Field":"verification_code","Type":"varchar(100)","Null":"YES","Key":"","Default":null,"Extra":""},{"Field":"is_verified","Type":"tinyint(1)","Null":"YES","Key":"","Default":"0","Extra":""},{"Field":"created_at","Type":"timestamp","Null":"NO","Key":"","Default":"current_timestamp()","Extra":""},{"Field":"favorite_sport","Type":"varchar(50)","Null":"YES","Key":"","Default":null,"Extra":""},{"Field":"favorite_team","Type":"varchar(50)","Null":"YES","Key":"","Default":null,"Extra":""},{"Field":"account_type","Type":"enum('user','admin')","Null":"YES","Key":"","Default":"user","Extra":""}]
[23-Apr-2025 23:26:14 Europe/Berlin] Number of users in database: 13
[23-Apr-2025 23:26:14 Europe/Berlin] All tables initialized successfully
[23-Apr-2025 23:26:14 Europe/Berlin] API Request received: /sportsync/backend/match.php?action=fetch_matches&sport=football&all=true
[23-Apr-2025 23:26:14 Europe/Berlin] GET parameters: Array
(
    [action] => fetch_matches
    [sport] => football
    [all] => true
)

[23-Apr-2025 23:26:14 Europe/Berlin] Executing SQL: SELECT * FROM matches WHERE sport = :sport ORDER BY match_time DESC
[23-Apr-2025 23:26:14 Europe/Berlin] With params: {":sport":"football"}
[23-Apr-2025 23:26:14 Europe/Berlin] Query executed successfully. Found 1 rows
[23-Apr-2025 23:26:14 Europe/Berlin] Connected to database. Tables found: favorites, feedback, matches, matches_backup, matches_new, news, newsletter, notifications, players, subscriptions, users
[23-Apr-2025 23:26:14 Europe/Berlin] Executing SQL: CREATE TABLE IF NOT EXISTS users (
                id INT AUTO_INCREMENT PRIMARY KEY,
                username VARCHAR(50) NOT NULL UNIQUE,
                password VARCHAR(255) NOT NULL,
                email VARCHAR(100) NOT NULL UNIQUE,
                account_type ENUM('user', 'admin') DEFAULT 'user',
                created_at TIMESTAMP DEFAULT CURRENT_TIMESTAMP
            )
[23-Apr-2025 23:26:14 Europe/Berlin] With params: []
[23-Apr-2025 23:26:14 Europe/Berlin] Query executed successfully. Found 0 rows
[23-Apr-2025 23:26:14 Europe/Berlin] Users table created or already exists
[23-Apr-2025 23:26:14 Europe/Berlin] Users table structure: [{"Field":"id","Type":"int(11)","Null":"NO","Key":"PRI","Default":null,"Extra":"auto_increment"},{"Field":"username","Type":"varchar(50)","Null":"NO","Key":"","Default":null,"Extra":""},{"Field":"email","Type":"varchar(100)","Null":"NO","Key":"UNI","Default":null,"Extra":""},{"Field":"password","Type":"varchar(255)","Null":"NO","Key":"","Default":null,"Extra":""},{"Field":"role","Type":"enum('user','admin')","Null":"YES","Key":"","Default":"user","Extra":""},{"Field":"verification_code","Type":"varchar(100)","Null":"YES","Key":"","Default":null,"Extra":""},{"Field":"is_verified","Type":"tinyint(1)","Null":"YES","Key":"","Default":"0","Extra":""},{"Field":"created_at","Type":"timestamp","Null":"NO","Key":"","Default":"current_timestamp()","Extra":""},{"Field":"favorite_sport","Type":"varchar(50)","Null":"YES","Key":"","Default":null,"Extra":""},{"Field":"favorite_team","Type":"varchar(50)","Null":"YES","Key":"","Default":null,"Extra":""},{"Field":"account_type","Type":"enum('user','admin')","Null":"YES","Key":"","Default":"user","Extra":""}]
[23-Apr-2025 23:26:14 Europe/Berlin] Number of users in database: 13
[23-Apr-2025 23:26:14 Europe/Berlin] All tables initialized successfully
[23-Apr-2025 23:26:14 Europe/Berlin] Connected to database. Tables found: favorites, feedback, matches, matches_backup, matches_new, news, newsletter, notifications, players, subscriptions, users
[23-Apr-2025 23:26:14 Europe/Berlin] Executing SQL: CREATE TABLE IF NOT EXISTS users (
                id INT AUTO_INCREMENT PRIMARY KEY,
                username VARCHAR(50) NOT NULL UNIQUE,
                password VARCHAR(255) NOT NULL,
                email VARCHAR(100) NOT NULL UNIQUE,
                account_type ENUM('user', 'admin') DEFAULT 'user',
                created_at TIMESTAMP DEFAULT CURRENT_TIMESTAMP
            )
[23-Apr-2025 23:26:14 Europe/Berlin] With params: []
[23-Apr-2025 23:26:14 Europe/Berlin] Query executed successfully. Found 0 rows
[23-Apr-2025 23:26:14 Europe/Berlin] Users table created or already exists
[23-Apr-2025 23:26:14 Europe/Berlin] Users table structure: [{"Field":"id","Type":"int(11)","Null":"NO","Key":"PRI","Default":null,"Extra":"auto_increment"},{"Field":"username","Type":"varchar(50)","Null":"NO","Key":"","Default":null,"Extra":""},{"Field":"email","Type":"varchar(100)","Null":"NO","Key":"UNI","Default":null,"Extra":""},{"Field":"password","Type":"varchar(255)","Null":"NO","Key":"","Default":null,"Extra":""},{"Field":"role","Type":"enum('user','admin')","Null":"YES","Key":"","Default":"user","Extra":""},{"Field":"verification_code","Type":"varchar(100)","Null":"YES","Key":"","Default":null,"Extra":""},{"Field":"is_verified","Type":"tinyint(1)","Null":"YES","Key":"","Default":"0","Extra":""},{"Field":"created_at","Type":"timestamp","Null":"NO","Key":"","Default":"current_timestamp()","Extra":""},{"Field":"favorite_sport","Type":"varchar(50)","Null":"YES","Key":"","Default":null,"Extra":""},{"Field":"favorite_team","Type":"varchar(50)","Null":"YES","Key":"","Default":null,"Extra":""},{"Field":"account_type","Type":"enum('user','admin')","Null":"YES","Key":"","Default":"user","Extra":""}]
[23-Apr-2025 23:26:14 Europe/Berlin] Number of users in database: 13
[23-Apr-2025 23:26:14 Europe/Berlin] All tables initialized successfully
[23-Apr-2025 23:26:14 Europe/Berlin] Database tables initialized successfully
[23-Apr-2025 23:26:14 Europe/Berlin] Executing SQL: SELECT * FROM users WHERE id = :id
[23-Apr-2025 23:26:14 Europe/Berlin] With params: {":id":12}
[23-Apr-2025 23:26:14 Europe/Berlin] Query executed successfully. Found 1 rows
[23-Apr-2025 23:26:14 Europe/Berlin] User loaded from session: varunpndey
[23-Apr-2025 23:26:14 Europe/Berlin] Executing SQL: SELECT * FROM matches WHERE id = :id
[23-Apr-2025 23:26:14 Europe/Berlin] With params: {":id":41}
[23-Apr-2025 23:26:14 Europe/Berlin] Query executed successfully. Found 1 rows
[23-Apr-2025 23:26:14 Europe/Berlin] Header - Session status: 2
[23-Apr-2025 23:26:14 Europe/Berlin] Header - Session data: {"user_id":12,"username":"varunpndey","email":"va@gmail.com","account_type":"admin"}
[23-Apr-2025 23:26:14 Europe/Berlin] Header - After session start - Status: 2
[23-Apr-2025 23:26:14 Europe/Berlin] Header - After session start - Data: {"user_id":12,"username":"varunpndey","email":"va@gmail.com","account_type":"admin"}
[23-Apr-2025 23:26:14 Europe/Berlin] Header - Is logged in: Yes
[23-Apr-2025 23:27:26 Europe/Berlin] Connected to database. Tables found: favorites, feedback, matches, matches_backup, matches_new, news, newsletter, notifications, players, subscriptions, users
[23-Apr-2025 23:27:26 Europe/Berlin] Executing SQL: CREATE TABLE IF NOT EXISTS users (
                id INT AUTO_INCREMENT PRIMARY KEY,
                username VARCHAR(50) NOT NULL UNIQUE,
                password VARCHAR(255) NOT NULL,
                email VARCHAR(100) NOT NULL UNIQUE,
                account_type ENUM('user', 'admin') DEFAULT 'user',
                created_at TIMESTAMP DEFAULT CURRENT_TIMESTAMP
            )
[23-Apr-2025 23:27:26 Europe/Berlin] With params: []
[23-Apr-2025 23:27:26 Europe/Berlin] Query executed successfully. Found 0 rows
[23-Apr-2025 23:27:26 Europe/Berlin] Users table created or already exists
[23-Apr-2025 23:27:26 Europe/Berlin] Users table structure: [{"Field":"id","Type":"int(11)","Null":"NO","Key":"PRI","Default":null,"Extra":"auto_increment"},{"Field":"username","Type":"varchar(50)","Null":"NO","Key":"","Default":null,"Extra":""},{"Field":"email","Type":"varchar(100)","Null":"NO","Key":"UNI","Default":null,"Extra":""},{"Field":"password","Type":"varchar(255)","Null":"NO","Key":"","Default":null,"Extra":""},{"Field":"role","Type":"enum('user','admin')","Null":"YES","Key":"","Default":"user","Extra":""},{"Field":"verification_code","Type":"varchar(100)","Null":"YES","Key":"","Default":null,"Extra":""},{"Field":"is_verified","Type":"tinyint(1)","Null":"YES","Key":"","Default":"0","Extra":""},{"Field":"created_at","Type":"timestamp","Null":"NO","Key":"","Default":"current_timestamp()","Extra":""},{"Field":"favorite_sport","Type":"varchar(50)","Null":"YES","Key":"","Default":null,"Extra":""},{"Field":"favorite_team","Type":"varchar(50)","Null":"YES","Key":"","Default":null,"Extra":""},{"Field":"account_type","Type":"enum('user','admin')","Null":"YES","Key":"","Default":"user","Extra":""}]
[23-Apr-2025 23:27:26 Europe/Berlin] Number of users in database: 13
[23-Apr-2025 23:27:26 Europe/Berlin] All tables initialized successfully
[23-Apr-2025 23:27:26 Europe/Berlin] Connected to database. Tables found: favorites, feedback, matches, matches_backup, matches_new, news, newsletter, notifications, players, subscriptions, users
[23-Apr-2025 23:27:26 Europe/Berlin] Executing SQL: CREATE TABLE IF NOT EXISTS users (
                id INT AUTO_INCREMENT PRIMARY KEY,
                username VARCHAR(50) NOT NULL UNIQUE,
                password VARCHAR(255) NOT NULL,
                email VARCHAR(100) NOT NULL UNIQUE,
                account_type ENUM('user', 'admin') DEFAULT 'user',
                created_at TIMESTAMP DEFAULT CURRENT_TIMESTAMP
            )
[23-Apr-2025 23:27:26 Europe/Berlin] With params: []
[23-Apr-2025 23:27:26 Europe/Berlin] Query executed successfully. Found 0 rows
[23-Apr-2025 23:27:26 Europe/Berlin] Users table created or already exists
[23-Apr-2025 23:27:26 Europe/Berlin] Users table structure: [{"Field":"id","Type":"int(11)","Null":"NO","Key":"PRI","Default":null,"Extra":"auto_increment"},{"Field":"username","Type":"varchar(50)","Null":"NO","Key":"","Default":null,"Extra":""},{"Field":"email","Type":"varchar(100)","Null":"NO","Key":"UNI","Default":null,"Extra":""},{"Field":"password","Type":"varchar(255)","Null":"NO","Key":"","Default":null,"Extra":""},{"Field":"role","Type":"enum('user','admin')","Null":"YES","Key":"","Default":"user","Extra":""},{"Field":"verification_code","Type":"varchar(100)","Null":"YES","Key":"","Default":null,"Extra":""},{"Field":"is_verified","Type":"tinyint(1)","Null":"YES","Key":"","Default":"0","Extra":""},{"Field":"created_at","Type":"timestamp","Null":"NO","Key":"","Default":"current_timestamp()","Extra":""},{"Field":"favorite_sport","Type":"varchar(50)","Null":"YES","Key":"","Default":null,"Extra":""},{"Field":"favorite_team","Type":"varchar(50)","Null":"YES","Key":"","Default":null,"Extra":""},{"Field":"account_type","Type":"enum('user','admin')","Null":"YES","Key":"","Default":"user","Extra":""}]
[23-Apr-2025 23:27:26 Europe/Berlin] Number of users in database: 13
[23-Apr-2025 23:27:26 Europe/Berlin] All tables initialized successfully
[23-Apr-2025 23:27:26 Europe/Berlin] Database tables initialized successfully
[23-Apr-2025 23:27:26 Europe/Berlin] Executing SQL: SELECT * FROM users WHERE id = :id
[23-Apr-2025 23:27:26 Europe/Berlin] With params: {":id":12}
[23-Apr-2025 23:27:26 Europe/Berlin] Query executed successfully. Found 1 rows
[23-Apr-2025 23:27:26 Europe/Berlin] User loaded from session: varunpndey
[23-Apr-2025 23:27:26 Europe/Berlin] Header - Session status: 2
[23-Apr-2025 23:27:26 Europe/Berlin] Header - Session data: {"user_id":12,"username":"varunpndey","email":"va@gmail.com","account_type":"admin"}
[23-Apr-2025 23:27:26 Europe/Berlin] Header - After session start - Status: 2
[23-Apr-2025 23:27:26 Europe/Berlin] Header - After session start - Data: {"user_id":12,"username":"varunpndey","email":"va@gmail.com","account_type":"admin"}
[23-Apr-2025 23:27:26 Europe/Berlin] Header - Is logged in: Yes
[23-Apr-2025 23:27:26 Europe/Berlin] Executing SQL: SELECT * FROM matches WHERE sport = :sport ORDER BY match_time DESC
[23-Apr-2025 23:27:26 Europe/Berlin] With params: {":sport":"football"}
[23-Apr-2025 23:27:26 Europe/Berlin] Query executed successfully. Found 1 rows
[23-Apr-2025 23:27:26 Europe/Berlin] Executing SQL: SELECT * FROM matches WHERE sport = :sport AND status = :status
[23-Apr-2025 23:27:26 Europe/Berlin] With params: {":sport":"football",":status":"live"}
[23-Apr-2025 23:27:26 Europe/Berlin] Query executed successfully. Found 0 rows
[23-Apr-2025 23:27:26 Europe/Berlin] Executing SQL: SELECT COUNT(*) as count FROM favorites 
                    WHERE user_id = :user_id AND match_id = :match_id
[23-Apr-2025 23:27:26 Europe/Berlin] With params: {":user_id":12,":match_id":41}
[23-Apr-2025 23:27:26 Europe/Berlin] Query executed successfully. Found 1 rows
[23-Apr-2025 23:27:28 Europe/Berlin] Connected to database. Tables found: favorites, feedback, matches, matches_backup, matches_new, news, newsletter, notifications, players, subscriptions, users
[23-Apr-2025 23:27:28 Europe/Berlin] Executing SQL: CREATE TABLE IF NOT EXISTS users (
                id INT AUTO_INCREMENT PRIMARY KEY,
                username VARCHAR(50) NOT NULL UNIQUE,
                password VARCHAR(255) NOT NULL,
                email VARCHAR(100) NOT NULL UNIQUE,
                account_type ENUM('user', 'admin') DEFAULT 'user',
                created_at TIMESTAMP DEFAULT CURRENT_TIMESTAMP
            )
[23-Apr-2025 23:27:28 Europe/Berlin] With params: []
[23-Apr-2025 23:27:28 Europe/Berlin] Query executed successfully. Found 0 rows
[23-Apr-2025 23:27:28 Europe/Berlin] Users table created or already exists
[23-Apr-2025 23:27:28 Europe/Berlin] Users table structure: [{"Field":"id","Type":"int(11)","Null":"NO","Key":"PRI","Default":null,"Extra":"auto_increment"},{"Field":"username","Type":"varchar(50)","Null":"NO","Key":"","Default":null,"Extra":""},{"Field":"email","Type":"varchar(100)","Null":"NO","Key":"UNI","Default":null,"Extra":""},{"Field":"password","Type":"varchar(255)","Null":"NO","Key":"","Default":null,"Extra":""},{"Field":"role","Type":"enum('user','admin')","Null":"YES","Key":"","Default":"user","Extra":""},{"Field":"verification_code","Type":"varchar(100)","Null":"YES","Key":"","Default":null,"Extra":""},{"Field":"is_verified","Type":"tinyint(1)","Null":"YES","Key":"","Default":"0","Extra":""},{"Field":"created_at","Type":"timestamp","Null":"NO","Key":"","Default":"current_timestamp()","Extra":""},{"Field":"favorite_sport","Type":"varchar(50)","Null":"YES","Key":"","Default":null,"Extra":""},{"Field":"favorite_team","Type":"varchar(50)","Null":"YES","Key":"","Default":null,"Extra":""},{"Field":"account_type","Type":"enum('user','admin')","Null":"YES","Key":"","Default":"user","Extra":""}]
[23-Apr-2025 23:27:28 Europe/Berlin] Number of users in database: 13
[23-Apr-2025 23:27:28 Europe/Berlin] All tables initialized successfully
[23-Apr-2025 23:27:28 Europe/Berlin] API Request received: /sportsync/backend/match.php?action=fetch_matches&sport=football&status=live
[23-Apr-2025 23:27:28 Europe/Berlin] GET parameters: Array
(
    [action] => fetch_matches
    [sport] => football
    [status] => live
)

[23-Apr-2025 23:27:28 Europe/Berlin] Executing SQL: SELECT * FROM matches WHERE sport = :sport AND status = :status
[23-Apr-2025 23:27:28 Europe/Berlin] With params: {":sport":"football",":status":"live"}
[23-Apr-2025 23:27:28 Europe/Berlin] Query executed successfully. Found 0 rows
[23-Apr-2025 23:27:29 Europe/Berlin] Connected to database. Tables found: favorites, feedback, matches, matches_backup, matches_new, news, newsletter, notifications, players, subscriptions, users
[23-Apr-2025 23:27:29 Europe/Berlin] Executing SQL: CREATE TABLE IF NOT EXISTS users (
                id INT AUTO_INCREMENT PRIMARY KEY,
                username VARCHAR(50) NOT NULL UNIQUE,
                password VARCHAR(255) NOT NULL,
                email VARCHAR(100) NOT NULL UNIQUE,
                account_type ENUM('user', 'admin') DEFAULT 'user',
                created_at TIMESTAMP DEFAULT CURRENT_TIMESTAMP
            )
[23-Apr-2025 23:27:29 Europe/Berlin] With params: []
[23-Apr-2025 23:27:29 Europe/Berlin] Query executed successfully. Found 0 rows
[23-Apr-2025 23:27:29 Europe/Berlin] Users table created or already exists
[23-Apr-2025 23:27:29 Europe/Berlin] Users table structure: [{"Field":"id","Type":"int(11)","Null":"NO","Key":"PRI","Default":null,"Extra":"auto_increment"},{"Field":"username","Type":"varchar(50)","Null":"NO","Key":"","Default":null,"Extra":""},{"Field":"email","Type":"varchar(100)","Null":"NO","Key":"UNI","Default":null,"Extra":""},{"Field":"password","Type":"varchar(255)","Null":"NO","Key":"","Default":null,"Extra":""},{"Field":"role","Type":"enum('user','admin')","Null":"YES","Key":"","Default":"user","Extra":""},{"Field":"verification_code","Type":"varchar(100)","Null":"YES","Key":"","Default":null,"Extra":""},{"Field":"is_verified","Type":"tinyint(1)","Null":"YES","Key":"","Default":"0","Extra":""},{"Field":"created_at","Type":"timestamp","Null":"NO","Key":"","Default":"current_timestamp()","Extra":""},{"Field":"favorite_sport","Type":"varchar(50)","Null":"YES","Key":"","Default":null,"Extra":""},{"Field":"favorite_team","Type":"varchar(50)","Null":"YES","Key":"","Default":null,"Extra":""},{"Field":"account_type","Type":"enum('user','admin')","Null":"YES","Key":"","Default":"user","Extra":""}]
[23-Apr-2025 23:27:29 Europe/Berlin] Number of users in database: 13
[23-Apr-2025 23:27:29 Europe/Berlin] All tables initialized successfully
[23-Apr-2025 23:27:29 Europe/Berlin] API Request received: /sportsync/backend/match.php?action=fetch_matches&sport=football&status=upcoming
[23-Apr-2025 23:27:29 Europe/Berlin] GET parameters: Array
(
    [action] => fetch_matches
    [sport] => football
    [status] => upcoming
)

[23-Apr-2025 23:27:29 Europe/Berlin] Executing SQL: SELECT * FROM matches WHERE sport = :sport AND status = :status
[23-Apr-2025 23:27:29 Europe/Berlin] With params: {":sport":"football",":status":"upcoming"}
[23-Apr-2025 23:27:29 Europe/Berlin] Query executed successfully. Found 1 rows
[23-Apr-2025 23:27:30 Europe/Berlin] Connected to database. Tables found: favorites, feedback, matches, matches_backup, matches_new, news, newsletter, notifications, players, subscriptions, users
[23-Apr-2025 23:27:30 Europe/Berlin] Executing SQL: CREATE TABLE IF NOT EXISTS users (
                id INT AUTO_INCREMENT PRIMARY KEY,
                username VARCHAR(50) NOT NULL UNIQUE,
                password VARCHAR(255) NOT NULL,
                email VARCHAR(100) NOT NULL UNIQUE,
                account_type ENUM('user', 'admin') DEFAULT 'user',
                created_at TIMESTAMP DEFAULT CURRENT_TIMESTAMP
            )
[23-Apr-2025 23:27:30 Europe/Berlin] With params: []
[23-Apr-2025 23:27:30 Europe/Berlin] Query executed successfully. Found 0 rows
[23-Apr-2025 23:27:30 Europe/Berlin] Users table created or already exists
[23-Apr-2025 23:27:30 Europe/Berlin] Users table structure: [{"Field":"id","Type":"int(11)","Null":"NO","Key":"PRI","Default":null,"Extra":"auto_increment"},{"Field":"username","Type":"varchar(50)","Null":"NO","Key":"","Default":null,"Extra":""},{"Field":"email","Type":"varchar(100)","Null":"NO","Key":"UNI","Default":null,"Extra":""},{"Field":"password","Type":"varchar(255)","Null":"NO","Key":"","Default":null,"Extra":""},{"Field":"role","Type":"enum('user','admin')","Null":"YES","Key":"","Default":"user","Extra":""},{"Field":"verification_code","Type":"varchar(100)","Null":"YES","Key":"","Default":null,"Extra":""},{"Field":"is_verified","Type":"tinyint(1)","Null":"YES","Key":"","Default":"0","Extra":""},{"Field":"created_at","Type":"timestamp","Null":"NO","Key":"","Default":"current_timestamp()","Extra":""},{"Field":"favorite_sport","Type":"varchar(50)","Null":"YES","Key":"","Default":null,"Extra":""},{"Field":"favorite_team","Type":"varchar(50)","Null":"YES","Key":"","Default":null,"Extra":""},{"Field":"account_type","Type":"enum('user','admin')","Null":"YES","Key":"","Default":"user","Extra":""}]
[23-Apr-2025 23:27:30 Europe/Berlin] Number of users in database: 13
[23-Apr-2025 23:27:30 Europe/Berlin] All tables initialized successfully
[23-Apr-2025 23:27:30 Europe/Berlin] API Request received: /sportsync/backend/match.php?action=fetch_matches&sport=football&status=completed
[23-Apr-2025 23:27:30 Europe/Berlin] GET parameters: Array
(
    [action] => fetch_matches
    [sport] => football
    [status] => completed
)

[23-Apr-2025 23:27:30 Europe/Berlin] Executing SQL: SELECT * FROM matches WHERE sport = :sport AND status = :status
[23-Apr-2025 23:27:30 Europe/Berlin] With params: {":sport":"football",":status":"completed"}
[23-Apr-2025 23:27:30 Europe/Berlin] Query executed successfully. Found 0 rows
[23-Apr-2025 23:27:31 Europe/Berlin] Connected to database. Tables found: favorites, feedback, matches, matches_backup, matches_new, news, newsletter, notifications, players, subscriptions, users
[23-Apr-2025 23:27:31 Europe/Berlin] Executing SQL: CREATE TABLE IF NOT EXISTS users (
                id INT AUTO_INCREMENT PRIMARY KEY,
                username VARCHAR(50) NOT NULL UNIQUE,
                password VARCHAR(255) NOT NULL,
                email VARCHAR(100) NOT NULL UNIQUE,
                account_type ENUM('user', 'admin') DEFAULT 'user',
                created_at TIMESTAMP DEFAULT CURRENT_TIMESTAMP
            )
[23-Apr-2025 23:27:31 Europe/Berlin] With params: []
[23-Apr-2025 23:27:31 Europe/Berlin] Query executed successfully. Found 0 rows
[23-Apr-2025 23:27:31 Europe/Berlin] Users table created or already exists
[23-Apr-2025 23:27:31 Europe/Berlin] Users table structure: [{"Field":"id","Type":"int(11)","Null":"NO","Key":"PRI","Default":null,"Extra":"auto_increment"},{"Field":"username","Type":"varchar(50)","Null":"NO","Key":"","Default":null,"Extra":""},{"Field":"email","Type":"varchar(100)","Null":"NO","Key":"UNI","Default":null,"Extra":""},{"Field":"password","Type":"varchar(255)","Null":"NO","Key":"","Default":null,"Extra":""},{"Field":"role","Type":"enum('user','admin')","Null":"YES","Key":"","Default":"user","Extra":""},{"Field":"verification_code","Type":"varchar(100)","Null":"YES","Key":"","Default":null,"Extra":""},{"Field":"is_verified","Type":"tinyint(1)","Null":"YES","Key":"","Default":"0","Extra":""},{"Field":"created_at","Type":"timestamp","Null":"NO","Key":"","Default":"current_timestamp()","Extra":""},{"Field":"favorite_sport","Type":"varchar(50)","Null":"YES","Key":"","Default":null,"Extra":""},{"Field":"favorite_team","Type":"varchar(50)","Null":"YES","Key":"","Default":null,"Extra":""},{"Field":"account_type","Type":"enum('user','admin')","Null":"YES","Key":"","Default":"user","Extra":""}]
[23-Apr-2025 23:27:31 Europe/Berlin] Number of users in database: 13
[23-Apr-2025 23:27:31 Europe/Berlin] All tables initialized successfully
[23-Apr-2025 23:27:31 Europe/Berlin] API Request received: /sportsync/backend/match.php?action=fetch_matches&sport=football&all=true
[23-Apr-2025 23:27:31 Europe/Berlin] GET parameters: Array
(
    [action] => fetch_matches
    [sport] => football
    [all] => true
)

[23-Apr-2025 23:27:31 Europe/Berlin] Executing SQL: SELECT * FROM matches WHERE sport = :sport ORDER BY match_time DESC
[23-Apr-2025 23:27:31 Europe/Berlin] With params: {":sport":"football"}
[23-Apr-2025 23:27:31 Europe/Berlin] Query executed successfully. Found 1 rows
[23-Apr-2025 23:27:57 Europe/Berlin] Connected to database. Tables found: favorites, feedback, matches, matches_backup, matches_new, news, newsletter, notifications, players, subscriptions, users
[23-Apr-2025 23:27:57 Europe/Berlin] Executing SQL: CREATE TABLE IF NOT EXISTS users (
                id INT AUTO_INCREMENT PRIMARY KEY,
                username VARCHAR(50) NOT NULL UNIQUE,
                password VARCHAR(255) NOT NULL,
                email VARCHAR(100) NOT NULL UNIQUE,
                account_type ENUM('user', 'admin') DEFAULT 'user',
                created_at TIMESTAMP DEFAULT CURRENT_TIMESTAMP
            )
[23-Apr-2025 23:27:57 Europe/Berlin] With params: []
[23-Apr-2025 23:27:57 Europe/Berlin] Query executed successfully. Found 0 rows
[23-Apr-2025 23:27:57 Europe/Berlin] Users table created or already exists
[23-Apr-2025 23:27:57 Europe/Berlin] Users table structure: [{"Field":"id","Type":"int(11)","Null":"NO","Key":"PRI","Default":null,"Extra":"auto_increment"},{"Field":"username","Type":"varchar(50)","Null":"NO","Key":"","Default":null,"Extra":""},{"Field":"email","Type":"varchar(100)","Null":"NO","Key":"UNI","Default":null,"Extra":""},{"Field":"password","Type":"varchar(255)","Null":"NO","Key":"","Default":null,"Extra":""},{"Field":"role","Type":"enum('user','admin')","Null":"YES","Key":"","Default":"user","Extra":""},{"Field":"verification_code","Type":"varchar(100)","Null":"YES","Key":"","Default":null,"Extra":""},{"Field":"is_verified","Type":"tinyint(1)","Null":"YES","Key":"","Default":"0","Extra":""},{"Field":"created_at","Type":"timestamp","Null":"NO","Key":"","Default":"current_timestamp()","Extra":""},{"Field":"favorite_sport","Type":"varchar(50)","Null":"YES","Key":"","Default":null,"Extra":""},{"Field":"favorite_team","Type":"varchar(50)","Null":"YES","Key":"","Default":null,"Extra":""},{"Field":"account_type","Type":"enum('user','admin')","Null":"YES","Key":"","Default":"user","Extra":""}]
[23-Apr-2025 23:27:57 Europe/Berlin] Number of users in database: 13
[23-Apr-2025 23:27:57 Europe/Berlin] All tables initialized successfully
[23-Apr-2025 23:27:57 Europe/Berlin] API Request received: /sportsync/backend/match.php?action=fetch_matches&sport=football&all=true
[23-Apr-2025 23:27:57 Europe/Berlin] GET parameters: Array
(
    [action] => fetch_matches
    [sport] => football
    [all] => true
)

[23-Apr-2025 23:27:57 Europe/Berlin] Executing SQL: SELECT * FROM matches WHERE sport = :sport ORDER BY match_time DESC
[23-Apr-2025 23:27:57 Europe/Berlin] With params: {":sport":"football"}
[23-Apr-2025 23:27:57 Europe/Berlin] Query executed successfully. Found 1 rows
[23-Apr-2025 23:28:27 Europe/Berlin] Connected to database. Tables found: favorites, feedback, matches, matches_backup, matches_new, news, newsletter, notifications, players, subscriptions, users
[23-Apr-2025 23:28:27 Europe/Berlin] Executing SQL: CREATE TABLE IF NOT EXISTS users (
                id INT AUTO_INCREMENT PRIMARY KEY,
                username VARCHAR(50) NOT NULL UNIQUE,
                password VARCHAR(255) NOT NULL,
                email VARCHAR(100) NOT NULL UNIQUE,
                account_type ENUM('user', 'admin') DEFAULT 'user',
                created_at TIMESTAMP DEFAULT CURRENT_TIMESTAMP
            )
[23-Apr-2025 23:28:27 Europe/Berlin] With params: []
[23-Apr-2025 23:28:27 Europe/Berlin] Query executed successfully. Found 0 rows
[23-Apr-2025 23:28:27 Europe/Berlin] Users table created or already exists
[23-Apr-2025 23:28:27 Europe/Berlin] Users table structure: [{"Field":"id","Type":"int(11)","Null":"NO","Key":"PRI","Default":null,"Extra":"auto_increment"},{"Field":"username","Type":"varchar(50)","Null":"NO","Key":"","Default":null,"Extra":""},{"Field":"email","Type":"varchar(100)","Null":"NO","Key":"UNI","Default":null,"Extra":""},{"Field":"password","Type":"varchar(255)","Null":"NO","Key":"","Default":null,"Extra":""},{"Field":"role","Type":"enum('user','admin')","Null":"YES","Key":"","Default":"user","Extra":""},{"Field":"verification_code","Type":"varchar(100)","Null":"YES","Key":"","Default":null,"Extra":""},{"Field":"is_verified","Type":"tinyint(1)","Null":"YES","Key":"","Default":"0","Extra":""},{"Field":"created_at","Type":"timestamp","Null":"NO","Key":"","Default":"current_timestamp()","Extra":""},{"Field":"favorite_sport","Type":"varchar(50)","Null":"YES","Key":"","Default":null,"Extra":""},{"Field":"favorite_team","Type":"varchar(50)","Null":"YES","Key":"","Default":null,"Extra":""},{"Field":"account_type","Type":"enum('user','admin')","Null":"YES","Key":"","Default":"user","Extra":""}]
[23-Apr-2025 23:28:27 Europe/Berlin] Number of users in database: 13
[23-Apr-2025 23:28:27 Europe/Berlin] All tables initialized successfully
[23-Apr-2025 23:28:27 Europe/Berlin] API Request received: /sportsync/backend/match.php?action=fetch_matches&sport=football&all=true
[23-Apr-2025 23:28:27 Europe/Berlin] GET parameters: Array
(
    [action] => fetch_matches
    [sport] => football
    [all] => true
)

[23-Apr-2025 23:28:27 Europe/Berlin] Executing SQL: SELECT * FROM matches WHERE sport = :sport ORDER BY match_time DESC
[23-Apr-2025 23:28:27 Europe/Berlin] With params: {":sport":"football"}
[23-Apr-2025 23:28:27 Europe/Berlin] Query executed successfully. Found 1 rows
[23-Apr-2025 23:28:57 Europe/Berlin] Connected to database. Tables found: favorites, feedback, matches, matches_backup, matches_new, news, newsletter, notifications, players, subscriptions, users
[23-Apr-2025 23:28:57 Europe/Berlin] Executing SQL: CREATE TABLE IF NOT EXISTS users (
                id INT AUTO_INCREMENT PRIMARY KEY,
                username VARCHAR(50) NOT NULL UNIQUE,
                password VARCHAR(255) NOT NULL,
                email VARCHAR(100) NOT NULL UNIQUE,
                account_type ENUM('user', 'admin') DEFAULT 'user',
                created_at TIMESTAMP DEFAULT CURRENT_TIMESTAMP
            )
[23-Apr-2025 23:28:57 Europe/Berlin] With params: []
[23-Apr-2025 23:28:57 Europe/Berlin] Query executed successfully. Found 0 rows
[23-Apr-2025 23:28:57 Europe/Berlin] Users table created or already exists
[23-Apr-2025 23:28:57 Europe/Berlin] Users table structure: [{"Field":"id","Type":"int(11)","Null":"NO","Key":"PRI","Default":null,"Extra":"auto_increment"},{"Field":"username","Type":"varchar(50)","Null":"NO","Key":"","Default":null,"Extra":""},{"Field":"email","Type":"varchar(100)","Null":"NO","Key":"UNI","Default":null,"Extra":""},{"Field":"password","Type":"varchar(255)","Null":"NO","Key":"","Default":null,"Extra":""},{"Field":"role","Type":"enum('user','admin')","Null":"YES","Key":"","Default":"user","Extra":""},{"Field":"verification_code","Type":"varchar(100)","Null":"YES","Key":"","Default":null,"Extra":""},{"Field":"is_verified","Type":"tinyint(1)","Null":"YES","Key":"","Default":"0","Extra":""},{"Field":"created_at","Type":"timestamp","Null":"NO","Key":"","Default":"current_timestamp()","Extra":""},{"Field":"favorite_sport","Type":"varchar(50)","Null":"YES","Key":"","Default":null,"Extra":""},{"Field":"favorite_team","Type":"varchar(50)","Null":"YES","Key":"","Default":null,"Extra":""},{"Field":"account_type","Type":"enum('user','admin')","Null":"YES","Key":"","Default":"user","Extra":""}]
[23-Apr-2025 23:28:57 Europe/Berlin] Number of users in database: 13
[23-Apr-2025 23:28:57 Europe/Berlin] All tables initialized successfully
[23-Apr-2025 23:28:57 Europe/Berlin] API Request received: /sportsync/backend/match.php?action=fetch_matches&sport=football&all=true
[23-Apr-2025 23:28:57 Europe/Berlin] GET parameters: Array
(
    [action] => fetch_matches
    [sport] => football
    [all] => true
)

[23-Apr-2025 23:28:57 Europe/Berlin] Executing SQL: SELECT * FROM matches WHERE sport = :sport ORDER BY match_time DESC
[23-Apr-2025 23:28:57 Europe/Berlin] With params: {":sport":"football"}
[23-Apr-2025 23:28:57 Europe/Berlin] Query executed successfully. Found 1 rows
[23-Apr-2025 23:29:26 Europe/Berlin] Connected to database. Tables found: favorites, feedback, matches, matches_backup, matches_new, news, newsletter, notifications, players, subscriptions, users
[23-Apr-2025 23:29:26 Europe/Berlin] Executing SQL: CREATE TABLE IF NOT EXISTS users (
                id INT AUTO_INCREMENT PRIMARY KEY,
                username VARCHAR(50) NOT NULL UNIQUE,
                password VARCHAR(255) NOT NULL,
                email VARCHAR(100) NOT NULL UNIQUE,
                account_type ENUM('user', 'admin') DEFAULT 'user',
                created_at TIMESTAMP DEFAULT CURRENT_TIMESTAMP
            )
[23-Apr-2025 23:29:26 Europe/Berlin] With params: []
[23-Apr-2025 23:29:26 Europe/Berlin] Query executed successfully. Found 0 rows
[23-Apr-2025 23:29:26 Europe/Berlin] Users table created or already exists
[23-Apr-2025 23:29:26 Europe/Berlin] Users table structure: [{"Field":"id","Type":"int(11)","Null":"NO","Key":"PRI","Default":null,"Extra":"auto_increment"},{"Field":"username","Type":"varchar(50)","Null":"NO","Key":"","Default":null,"Extra":""},{"Field":"email","Type":"varchar(100)","Null":"NO","Key":"UNI","Default":null,"Extra":""},{"Field":"password","Type":"varchar(255)","Null":"NO","Key":"","Default":null,"Extra":""},{"Field":"role","Type":"enum('user','admin')","Null":"YES","Key":"","Default":"user","Extra":""},{"Field":"verification_code","Type":"varchar(100)","Null":"YES","Key":"","Default":null,"Extra":""},{"Field":"is_verified","Type":"tinyint(1)","Null":"YES","Key":"","Default":"0","Extra":""},{"Field":"created_at","Type":"timestamp","Null":"NO","Key":"","Default":"current_timestamp()","Extra":""},{"Field":"favorite_sport","Type":"varchar(50)","Null":"YES","Key":"","Default":null,"Extra":""},{"Field":"favorite_team","Type":"varchar(50)","Null":"YES","Key":"","Default":null,"Extra":""},{"Field":"account_type","Type":"enum('user','admin')","Null":"YES","Key":"","Default":"user","Extra":""}]
[23-Apr-2025 23:29:26 Europe/Berlin] Number of users in database: 13
[23-Apr-2025 23:29:26 Europe/Berlin] All tables initialized successfully
[23-Apr-2025 23:29:26 Europe/Berlin] API Request received: /sportsync/backend/match.php?action=fetch_matches&sport=football&all=true
[23-Apr-2025 23:29:26 Europe/Berlin] GET parameters: Array
(
    [action] => fetch_matches
    [sport] => football
    [all] => true
)

[23-Apr-2025 23:29:26 Europe/Berlin] Executing SQL: SELECT * FROM matches WHERE sport = :sport ORDER BY match_time DESC
[23-Apr-2025 23:29:26 Europe/Berlin] With params: {":sport":"football"}
[23-Apr-2025 23:29:26 Europe/Berlin] Query executed successfully. Found 1 rows
[23-Apr-2025 23:29:57 Europe/Berlin] Connected to database. Tables found: favorites, feedback, matches, matches_backup, matches_new, news, newsletter, notifications, players, subscriptions, users
[23-Apr-2025 23:29:57 Europe/Berlin] Executing SQL: CREATE TABLE IF NOT EXISTS users (
                id INT AUTO_INCREMENT PRIMARY KEY,
                username VARCHAR(50) NOT NULL UNIQUE,
                password VARCHAR(255) NOT NULL,
                email VARCHAR(100) NOT NULL UNIQUE,
                account_type ENUM('user', 'admin') DEFAULT 'user',
                created_at TIMESTAMP DEFAULT CURRENT_TIMESTAMP
            )
[23-Apr-2025 23:29:57 Europe/Berlin] With params: []
[23-Apr-2025 23:29:57 Europe/Berlin] Query executed successfully. Found 0 rows
[23-Apr-2025 23:29:57 Europe/Berlin] Users table created or already exists
[23-Apr-2025 23:29:57 Europe/Berlin] Users table structure: [{"Field":"id","Type":"int(11)","Null":"NO","Key":"PRI","Default":null,"Extra":"auto_increment"},{"Field":"username","Type":"varchar(50)","Null":"NO","Key":"","Default":null,"Extra":""},{"Field":"email","Type":"varchar(100)","Null":"NO","Key":"UNI","Default":null,"Extra":""},{"Field":"password","Type":"varchar(255)","Null":"NO","Key":"","Default":null,"Extra":""},{"Field":"role","Type":"enum('user','admin')","Null":"YES","Key":"","Default":"user","Extra":""},{"Field":"verification_code","Type":"varchar(100)","Null":"YES","Key":"","Default":null,"Extra":""},{"Field":"is_verified","Type":"tinyint(1)","Null":"YES","Key":"","Default":"0","Extra":""},{"Field":"created_at","Type":"timestamp","Null":"NO","Key":"","Default":"current_timestamp()","Extra":""},{"Field":"favorite_sport","Type":"varchar(50)","Null":"YES","Key":"","Default":null,"Extra":""},{"Field":"favorite_team","Type":"varchar(50)","Null":"YES","Key":"","Default":null,"Extra":""},{"Field":"account_type","Type":"enum('user','admin')","Null":"YES","Key":"","Default":"user","Extra":""}]
[23-Apr-2025 23:29:57 Europe/Berlin] Number of users in database: 13
[23-Apr-2025 23:29:57 Europe/Berlin] All tables initialized successfully
[23-Apr-2025 23:29:57 Europe/Berlin] API Request received: /sportsync/backend/match.php?action=fetch_matches&sport=football&all=true
[23-Apr-2025 23:29:57 Europe/Berlin] GET parameters: Array
(
    [action] => fetch_matches
    [sport] => football
    [all] => true
)

[23-Apr-2025 23:29:57 Europe/Berlin] Executing SQL: SELECT * FROM matches WHERE sport = :sport ORDER BY match_time DESC
[23-Apr-2025 23:29:57 Europe/Berlin] With params: {":sport":"football"}
[23-Apr-2025 23:29:57 Europe/Berlin] Query executed successfully. Found 1 rows
[23-Apr-2025 23:30:27 Europe/Berlin] Connected to database. Tables found: favorites, feedback, matches, matches_backup, matches_new, news, newsletter, notifications, players, subscriptions, users
[23-Apr-2025 23:30:27 Europe/Berlin] Executing SQL: CREATE TABLE IF NOT EXISTS users (
                id INT AUTO_INCREMENT PRIMARY KEY,
                username VARCHAR(50) NOT NULL UNIQUE,
                password VARCHAR(255) NOT NULL,
                email VARCHAR(100) NOT NULL UNIQUE,
                account_type ENUM('user', 'admin') DEFAULT 'user',
                created_at TIMESTAMP DEFAULT CURRENT_TIMESTAMP
            )
[23-Apr-2025 23:30:27 Europe/Berlin] With params: []
[23-Apr-2025 23:30:27 Europe/Berlin] Query executed successfully. Found 0 rows
[23-Apr-2025 23:30:27 Europe/Berlin] Users table created or already exists
[23-Apr-2025 23:30:27 Europe/Berlin] Users table structure: [{"Field":"id","Type":"int(11)","Null":"NO","Key":"PRI","Default":null,"Extra":"auto_increment"},{"Field":"username","Type":"varchar(50)","Null":"NO","Key":"","Default":null,"Extra":""},{"Field":"email","Type":"varchar(100)","Null":"NO","Key":"UNI","Default":null,"Extra":""},{"Field":"password","Type":"varchar(255)","Null":"NO","Key":"","Default":null,"Extra":""},{"Field":"role","Type":"enum('user','admin')","Null":"YES","Key":"","Default":"user","Extra":""},{"Field":"verification_code","Type":"varchar(100)","Null":"YES","Key":"","Default":null,"Extra":""},{"Field":"is_verified","Type":"tinyint(1)","Null":"YES","Key":"","Default":"0","Extra":""},{"Field":"created_at","Type":"timestamp","Null":"NO","Key":"","Default":"current_timestamp()","Extra":""},{"Field":"favorite_sport","Type":"varchar(50)","Null":"YES","Key":"","Default":null,"Extra":""},{"Field":"favorite_team","Type":"varchar(50)","Null":"YES","Key":"","Default":null,"Extra":""},{"Field":"account_type","Type":"enum('user','admin')","Null":"YES","Key":"","Default":"user","Extra":""}]
[23-Apr-2025 23:30:27 Europe/Berlin] Number of users in database: 13
[23-Apr-2025 23:30:27 Europe/Berlin] All tables initialized successfully
[23-Apr-2025 23:30:27 Europe/Berlin] API Request received: /sportsync/backend/match.php?action=fetch_matches&sport=football&all=true
[23-Apr-2025 23:30:27 Europe/Berlin] GET parameters: Array
(
    [action] => fetch_matches
    [sport] => football
    [all] => true
)

[23-Apr-2025 23:30:27 Europe/Berlin] Executing SQL: SELECT * FROM matches WHERE sport = :sport ORDER BY match_time DESC
[23-Apr-2025 23:30:27 Europe/Berlin] With params: {":sport":"football"}
[23-Apr-2025 23:30:27 Europe/Berlin] Query executed successfully. Found 1 rows
[23-Apr-2025 23:31:28 Europe/Berlin] Connected to database. Tables found: favorites, feedback, matches, matches_backup, matches_new, news, newsletter, notifications, players, subscriptions, users
[23-Apr-2025 23:31:28 Europe/Berlin] Executing SQL: CREATE TABLE IF NOT EXISTS users (
                id INT AUTO_INCREMENT PRIMARY KEY,
                username VARCHAR(50) NOT NULL UNIQUE,
                password VARCHAR(255) NOT NULL,
                email VARCHAR(100) NOT NULL UNIQUE,
                account_type ENUM('user', 'admin') DEFAULT 'user',
                created_at TIMESTAMP DEFAULT CURRENT_TIMESTAMP
            )
[23-Apr-2025 23:31:28 Europe/Berlin] With params: []
[23-Apr-2025 23:31:28 Europe/Berlin] Query executed successfully. Found 0 rows
[23-Apr-2025 23:31:28 Europe/Berlin] Users table created or already exists
[23-Apr-2025 23:31:28 Europe/Berlin] Users table structure: [{"Field":"id","Type":"int(11)","Null":"NO","Key":"PRI","Default":null,"Extra":"auto_increment"},{"Field":"username","Type":"varchar(50)","Null":"NO","Key":"","Default":null,"Extra":""},{"Field":"email","Type":"varchar(100)","Null":"NO","Key":"UNI","Default":null,"Extra":""},{"Field":"password","Type":"varchar(255)","Null":"NO","Key":"","Default":null,"Extra":""},{"Field":"role","Type":"enum('user','admin')","Null":"YES","Key":"","Default":"user","Extra":""},{"Field":"verification_code","Type":"varchar(100)","Null":"YES","Key":"","Default":null,"Extra":""},{"Field":"is_verified","Type":"tinyint(1)","Null":"YES","Key":"","Default":"0","Extra":""},{"Field":"created_at","Type":"timestamp","Null":"NO","Key":"","Default":"current_timestamp()","Extra":""},{"Field":"favorite_sport","Type":"varchar(50)","Null":"YES","Key":"","Default":null,"Extra":""},{"Field":"favorite_team","Type":"varchar(50)","Null":"YES","Key":"","Default":null,"Extra":""},{"Field":"account_type","Type":"enum('user','admin')","Null":"YES","Key":"","Default":"user","Extra":""}]
[23-Apr-2025 23:31:28 Europe/Berlin] Number of users in database: 13
[23-Apr-2025 23:31:28 Europe/Berlin] All tables initialized successfully
[23-Apr-2025 23:31:28 Europe/Berlin] API Request received: /sportsync/backend/match.php?action=fetch_matches&sport=football&all=true
[23-Apr-2025 23:31:28 Europe/Berlin] GET parameters: Array
(
    [action] => fetch_matches
    [sport] => football
    [all] => true
)

[23-Apr-2025 23:31:28 Europe/Berlin] Executing SQL: SELECT * FROM matches WHERE sport = :sport ORDER BY match_time DESC
[23-Apr-2025 23:31:28 Europe/Berlin] With params: {":sport":"football"}
[23-Apr-2025 23:31:28 Europe/Berlin] Query executed successfully. Found 1 rows
[23-Apr-2025 23:32:18 Europe/Berlin] Connected to database. Tables found: favorites, feedback, matches, matches_backup, matches_new, news, newsletter, notifications, players, subscriptions, users
[23-Apr-2025 23:32:18 Europe/Berlin] Executing SQL: CREATE TABLE IF NOT EXISTS users (
                id INT AUTO_INCREMENT PRIMARY KEY,
                username VARCHAR(50) NOT NULL UNIQUE,
                password VARCHAR(255) NOT NULL,
                email VARCHAR(100) NOT NULL UNIQUE,
                account_type ENUM('user', 'admin') DEFAULT 'user',
                created_at TIMESTAMP DEFAULT CURRENT_TIMESTAMP
            )
[23-Apr-2025 23:32:18 Europe/Berlin] With params: []
[23-Apr-2025 23:32:18 Europe/Berlin] Query executed successfully. Found 0 rows
[23-Apr-2025 23:32:18 Europe/Berlin] Users table created or already exists
[23-Apr-2025 23:32:18 Europe/Berlin] Users table structure: [{"Field":"id","Type":"int(11)","Null":"NO","Key":"PRI","Default":null,"Extra":"auto_increment"},{"Field":"username","Type":"varchar(50)","Null":"NO","Key":"","Default":null,"Extra":""},{"Field":"email","Type":"varchar(100)","Null":"NO","Key":"UNI","Default":null,"Extra":""},{"Field":"password","Type":"varchar(255)","Null":"NO","Key":"","Default":null,"Extra":""},{"Field":"role","Type":"enum('user','admin')","Null":"YES","Key":"","Default":"user","Extra":""},{"Field":"verification_code","Type":"varchar(100)","Null":"YES","Key":"","Default":null,"Extra":""},{"Field":"is_verified","Type":"tinyint(1)","Null":"YES","Key":"","Default":"0","Extra":""},{"Field":"created_at","Type":"timestamp","Null":"NO","Key":"","Default":"current_timestamp()","Extra":""},{"Field":"favorite_sport","Type":"varchar(50)","Null":"YES","Key":"","Default":null,"Extra":""},{"Field":"favorite_team","Type":"varchar(50)","Null":"YES","Key":"","Default":null,"Extra":""},{"Field":"account_type","Type":"enum('user','admin')","Null":"YES","Key":"","Default":"user","Extra":""}]
[23-Apr-2025 23:32:18 Europe/Berlin] Number of users in database: 13
[23-Apr-2025 23:32:18 Europe/Berlin] All tables initialized successfully
[23-Apr-2025 23:32:18 Europe/Berlin] API Request received: /sportsync/backend/match.php?action=fetch_matches&sport=football&all=true
[23-Apr-2025 23:32:18 Europe/Berlin] GET parameters: Array
(
    [action] => fetch_matches
    [sport] => football
    [all] => true
)

[23-Apr-2025 23:32:18 Europe/Berlin] Executing SQL: SELECT * FROM matches WHERE sport = :sport ORDER BY match_time DESC
[23-Apr-2025 23:32:18 Europe/Berlin] With params: {":sport":"football"}
[23-Apr-2025 23:32:18 Europe/Berlin] Query executed successfully. Found 1 rows
[23-Apr-2025 23:32:20 Europe/Berlin] Connected to database. Tables found: favorites, feedback, matches, matches_backup, matches_new, news, newsletter, notifications, players, subscriptions, users
[23-Apr-2025 23:32:20 Europe/Berlin] Executing SQL: CREATE TABLE IF NOT EXISTS users (
                id INT AUTO_INCREMENT PRIMARY KEY,
                username VARCHAR(50) NOT NULL UNIQUE,
                password VARCHAR(255) NOT NULL,
                email VARCHAR(100) NOT NULL UNIQUE,
                account_type ENUM('user', 'admin') DEFAULT 'user',
                created_at TIMESTAMP DEFAULT CURRENT_TIMESTAMP
            )
[23-Apr-2025 23:32:20 Europe/Berlin] With params: []
[23-Apr-2025 23:32:20 Europe/Berlin] Query executed successfully. Found 0 rows
[23-Apr-2025 23:32:20 Europe/Berlin] Users table created or already exists
[23-Apr-2025 23:32:20 Europe/Berlin] Users table structure: [{"Field":"id","Type":"int(11)","Null":"NO","Key":"PRI","Default":null,"Extra":"auto_increment"},{"Field":"username","Type":"varchar(50)","Null":"NO","Key":"","Default":null,"Extra":""},{"Field":"email","Type":"varchar(100)","Null":"NO","Key":"UNI","Default":null,"Extra":""},{"Field":"password","Type":"varchar(255)","Null":"NO","Key":"","Default":null,"Extra":""},{"Field":"role","Type":"enum('user','admin')","Null":"YES","Key":"","Default":"user","Extra":""},{"Field":"verification_code","Type":"varchar(100)","Null":"YES","Key":"","Default":null,"Extra":""},{"Field":"is_verified","Type":"tinyint(1)","Null":"YES","Key":"","Default":"0","Extra":""},{"Field":"created_at","Type":"timestamp","Null":"NO","Key":"","Default":"current_timestamp()","Extra":""},{"Field":"favorite_sport","Type":"varchar(50)","Null":"YES","Key":"","Default":null,"Extra":""},{"Field":"favorite_team","Type":"varchar(50)","Null":"YES","Key":"","Default":null,"Extra":""},{"Field":"account_type","Type":"enum('user','admin')","Null":"YES","Key":"","Default":"user","Extra":""}]
[23-Apr-2025 23:32:20 Europe/Berlin] Number of users in database: 13
[23-Apr-2025 23:32:20 Europe/Berlin] All tables initialized successfully
[23-Apr-2025 23:32:20 Europe/Berlin] Connected to database. Tables found: favorites, feedback, matches, matches_backup, matches_new, news, newsletter, notifications, players, subscriptions, users
[23-Apr-2025 23:32:20 Europe/Berlin] Executing SQL: CREATE TABLE IF NOT EXISTS users (
                id INT AUTO_INCREMENT PRIMARY KEY,
                username VARCHAR(50) NOT NULL UNIQUE,
                password VARCHAR(255) NOT NULL,
                email VARCHAR(100) NOT NULL UNIQUE,
                account_type ENUM('user', 'admin') DEFAULT 'user',
                created_at TIMESTAMP DEFAULT CURRENT_TIMESTAMP
            )
[23-Apr-2025 23:32:20 Europe/Berlin] With params: []
[23-Apr-2025 23:32:20 Europe/Berlin] Query executed successfully. Found 0 rows
[23-Apr-2025 23:32:20 Europe/Berlin] Users table created or already exists
[23-Apr-2025 23:32:20 Europe/Berlin] Users table structure: [{"Field":"id","Type":"int(11)","Null":"NO","Key":"PRI","Default":null,"Extra":"auto_increment"},{"Field":"username","Type":"varchar(50)","Null":"NO","Key":"","Default":null,"Extra":""},{"Field":"email","Type":"varchar(100)","Null":"NO","Key":"UNI","Default":null,"Extra":""},{"Field":"password","Type":"varchar(255)","Null":"NO","Key":"","Default":null,"Extra":""},{"Field":"role","Type":"enum('user','admin')","Null":"YES","Key":"","Default":"user","Extra":""},{"Field":"verification_code","Type":"varchar(100)","Null":"YES","Key":"","Default":null,"Extra":""},{"Field":"is_verified","Type":"tinyint(1)","Null":"YES","Key":"","Default":"0","Extra":""},{"Field":"created_at","Type":"timestamp","Null":"NO","Key":"","Default":"current_timestamp()","Extra":""},{"Field":"favorite_sport","Type":"varchar(50)","Null":"YES","Key":"","Default":null,"Extra":""},{"Field":"favorite_team","Type":"varchar(50)","Null":"YES","Key":"","Default":null,"Extra":""},{"Field":"account_type","Type":"enum('user','admin')","Null":"YES","Key":"","Default":"user","Extra":""}]
[23-Apr-2025 23:32:20 Europe/Berlin] Number of users in database: 13
[23-Apr-2025 23:32:20 Europe/Berlin] All tables initialized successfully
[23-Apr-2025 23:32:20 Europe/Berlin] Database tables initialized successfully
[23-Apr-2025 23:32:20 Europe/Berlin] Executing SQL: SELECT * FROM users WHERE id = :id
[23-Apr-2025 23:32:20 Europe/Berlin] With params: {":id":12}
[23-Apr-2025 23:32:20 Europe/Berlin] Query executed successfully. Found 1 rows
[23-Apr-2025 23:32:20 Europe/Berlin] User loaded from session: varunpndey
[23-Apr-2025 23:32:20 Europe/Berlin] Header - Session status: 2
[23-Apr-2025 23:32:20 Europe/Berlin] Header - Session data: {"user_id":12,"username":"varunpndey","email":"va@gmail.com","account_type":"admin"}
[23-Apr-2025 23:32:20 Europe/Berlin] Header - After session start - Status: 2
[23-Apr-2025 23:32:20 Europe/Berlin] Header - After session start - Data: {"user_id":12,"username":"varunpndey","email":"va@gmail.com","account_type":"admin"}
[23-Apr-2025 23:32:20 Europe/Berlin] Header - Is logged in: Yes
[23-Apr-2025 23:32:20 Europe/Berlin] Executing SQL: SELECT * FROM matches WHERE sport = :sport ORDER BY match_time DESC
[23-Apr-2025 23:32:20 Europe/Berlin] With params: {":sport":"football"}
[23-Apr-2025 23:32:20 Europe/Berlin] Query executed successfully. Found 1 rows
[23-Apr-2025 23:32:20 Europe/Berlin] Executing SQL: SELECT * FROM matches WHERE sport = :sport AND status = :status
[23-Apr-2025 23:32:20 Europe/Berlin] With params: {":sport":"football",":status":"live"}
[23-Apr-2025 23:32:20 Europe/Berlin] Query executed successfully. Found 0 rows
[23-Apr-2025 23:32:20 Europe/Berlin] Executing SQL: SELECT COUNT(*) as count FROM favorites 
                    WHERE user_id = :user_id AND match_id = :match_id
[23-Apr-2025 23:32:20 Europe/Berlin] With params: {":user_id":12,":match_id":41}
[23-Apr-2025 23:32:20 Europe/Berlin] Query executed successfully. Found 1 rows
[23-Apr-2025 23:32:21 Europe/Berlin] Connected to database. Tables found: favorites, feedback, matches, matches_backup, matches_new, news, newsletter, notifications, players, subscriptions, users
[23-Apr-2025 23:32:21 Europe/Berlin] Executing SQL: CREATE TABLE IF NOT EXISTS users (
                id INT AUTO_INCREMENT PRIMARY KEY,
                username VARCHAR(50) NOT NULL UNIQUE,
                password VARCHAR(255) NOT NULL,
                email VARCHAR(100) NOT NULL UNIQUE,
                account_type ENUM('user', 'admin') DEFAULT 'user',
                created_at TIMESTAMP DEFAULT CURRENT_TIMESTAMP
            )
[23-Apr-2025 23:32:21 Europe/Berlin] With params: []
[23-Apr-2025 23:32:21 Europe/Berlin] Query executed successfully. Found 0 rows
[23-Apr-2025 23:32:21 Europe/Berlin] Users table created or already exists
[23-Apr-2025 23:32:21 Europe/Berlin] Users table structure: [{"Field":"id","Type":"int(11)","Null":"NO","Key":"PRI","Default":null,"Extra":"auto_increment"},{"Field":"username","Type":"varchar(50)","Null":"NO","Key":"","Default":null,"Extra":""},{"Field":"email","Type":"varchar(100)","Null":"NO","Key":"UNI","Default":null,"Extra":""},{"Field":"password","Type":"varchar(255)","Null":"NO","Key":"","Default":null,"Extra":""},{"Field":"role","Type":"enum('user','admin')","Null":"YES","Key":"","Default":"user","Extra":""},{"Field":"verification_code","Type":"varchar(100)","Null":"YES","Key":"","Default":null,"Extra":""},{"Field":"is_verified","Type":"tinyint(1)","Null":"YES","Key":"","Default":"0","Extra":""},{"Field":"created_at","Type":"timestamp","Null":"NO","Key":"","Default":"current_timestamp()","Extra":""},{"Field":"favorite_sport","Type":"varchar(50)","Null":"YES","Key":"","Default":null,"Extra":""},{"Field":"favorite_team","Type":"varchar(50)","Null":"YES","Key":"","Default":null,"Extra":""},{"Field":"account_type","Type":"enum('user','admin')","Null":"YES","Key":"","Default":"user","Extra":""}]
[23-Apr-2025 23:32:21 Europe/Berlin] Number of users in database: 13
[23-Apr-2025 23:32:21 Europe/Berlin] All tables initialized successfully
[23-Apr-2025 23:32:21 Europe/Berlin] Connected to database. Tables found: favorites, feedback, matches, matches_backup, matches_new, news, newsletter, notifications, players, subscriptions, users
[23-Apr-2025 23:32:21 Europe/Berlin] Executing SQL: CREATE TABLE IF NOT EXISTS users (
                id INT AUTO_INCREMENT PRIMARY KEY,
                username VARCHAR(50) NOT NULL UNIQUE,
                password VARCHAR(255) NOT NULL,
                email VARCHAR(100) NOT NULL UNIQUE,
                account_type ENUM('user', 'admin') DEFAULT 'user',
                created_at TIMESTAMP DEFAULT CURRENT_TIMESTAMP
            )
[23-Apr-2025 23:32:21 Europe/Berlin] With params: []
[23-Apr-2025 23:32:21 Europe/Berlin] Query executed successfully. Found 0 rows
[23-Apr-2025 23:32:21 Europe/Berlin] Users table created or already exists
[23-Apr-2025 23:32:21 Europe/Berlin] Users table structure: [{"Field":"id","Type":"int(11)","Null":"NO","Key":"PRI","Default":null,"Extra":"auto_increment"},{"Field":"username","Type":"varchar(50)","Null":"NO","Key":"","Default":null,"Extra":""},{"Field":"email","Type":"varchar(100)","Null":"NO","Key":"UNI","Default":null,"Extra":""},{"Field":"password","Type":"varchar(255)","Null":"NO","Key":"","Default":null,"Extra":""},{"Field":"role","Type":"enum('user','admin')","Null":"YES","Key":"","Default":"user","Extra":""},{"Field":"verification_code","Type":"varchar(100)","Null":"YES","Key":"","Default":null,"Extra":""},{"Field":"is_verified","Type":"tinyint(1)","Null":"YES","Key":"","Default":"0","Extra":""},{"Field":"created_at","Type":"timestamp","Null":"NO","Key":"","Default":"current_timestamp()","Extra":""},{"Field":"favorite_sport","Type":"varchar(50)","Null":"YES","Key":"","Default":null,"Extra":""},{"Field":"favorite_team","Type":"varchar(50)","Null":"YES","Key":"","Default":null,"Extra":""},{"Field":"account_type","Type":"enum('user','admin')","Null":"YES","Key":"","Default":"user","Extra":""}]
[23-Apr-2025 23:32:21 Europe/Berlin] Number of users in database: 13
[23-Apr-2025 23:32:21 Europe/Berlin] All tables initialized successfully
[23-Apr-2025 23:32:21 Europe/Berlin] Database tables initialized successfully
[23-Apr-2025 23:32:21 Europe/Berlin] Executing SQL: SELECT * FROM users WHERE id = :id
[23-Apr-2025 23:32:21 Europe/Berlin] With params: {":id":12}
[23-Apr-2025 23:32:21 Europe/Berlin] Query executed successfully. Found 1 rows
[23-Apr-2025 23:32:21 Europe/Berlin] User loaded from session: varunpndey
[23-Apr-2025 23:32:21 Europe/Berlin] Executing SQL: SELECT * FROM matches WHERE id = :id
[23-Apr-2025 23:32:21 Europe/Berlin] With params: {":id":41}
[23-Apr-2025 23:32:21 Europe/Berlin] Query executed successfully. Found 1 rows
[23-Apr-2025 23:32:21 Europe/Berlin] Header - Session status: 2
[23-Apr-2025 23:32:21 Europe/Berlin] Header - Session data: {"user_id":12,"username":"varunpndey","email":"va@gmail.com","account_type":"admin"}
[23-Apr-2025 23:32:21 Europe/Berlin] Header - After session start - Status: 2
[23-Apr-2025 23:32:21 Europe/Berlin] Header - After session start - Data: {"user_id":12,"username":"varunpndey","email":"va@gmail.com","account_type":"admin"}
[23-Apr-2025 23:32:21 Europe/Berlin] Header - Is logged in: Yes
[23-Apr-2025 23:32:51 Europe/Berlin] Connected to database. Tables found: favorites, feedback, matches, matches_backup, matches_new, news, newsletter, notifications, players, subscriptions, users
[23-Apr-2025 23:32:51 Europe/Berlin] Executing SQL: CREATE TABLE IF NOT EXISTS users (
                id INT AUTO_INCREMENT PRIMARY KEY,
                username VARCHAR(50) NOT NULL UNIQUE,
                password VARCHAR(255) NOT NULL,
                email VARCHAR(100) NOT NULL UNIQUE,
                account_type ENUM('user', 'admin') DEFAULT 'user',
                created_at TIMESTAMP DEFAULT CURRENT_TIMESTAMP
            )
[23-Apr-2025 23:32:51 Europe/Berlin] With params: []
[23-Apr-2025 23:32:51 Europe/Berlin] Query executed successfully. Found 0 rows
[23-Apr-2025 23:32:51 Europe/Berlin] Users table created or already exists
[23-Apr-2025 23:32:51 Europe/Berlin] Users table structure: [{"Field":"id","Type":"int(11)","Null":"NO","Key":"PRI","Default":null,"Extra":"auto_increment"},{"Field":"username","Type":"varchar(50)","Null":"NO","Key":"","Default":null,"Extra":""},{"Field":"email","Type":"varchar(100)","Null":"NO","Key":"UNI","Default":null,"Extra":""},{"Field":"password","Type":"varchar(255)","Null":"NO","Key":"","Default":null,"Extra":""},{"Field":"role","Type":"enum('user','admin')","Null":"YES","Key":"","Default":"user","Extra":""},{"Field":"verification_code","Type":"varchar(100)","Null":"YES","Key":"","Default":null,"Extra":""},{"Field":"is_verified","Type":"tinyint(1)","Null":"YES","Key":"","Default":"0","Extra":""},{"Field":"created_at","Type":"timestamp","Null":"NO","Key":"","Default":"current_timestamp()","Extra":""},{"Field":"favorite_sport","Type":"varchar(50)","Null":"YES","Key":"","Default":null,"Extra":""},{"Field":"favorite_team","Type":"varchar(50)","Null":"YES","Key":"","Default":null,"Extra":""},{"Field":"account_type","Type":"enum('user','admin')","Null":"YES","Key":"","Default":"user","Extra":""}]
[23-Apr-2025 23:32:51 Europe/Berlin] Number of users in database: 13
[23-Apr-2025 23:32:51 Europe/Berlin] All tables initialized successfully
[23-Apr-2025 23:32:51 Europe/Berlin] API Request received: /sportsync/backend/match.php?action=fetch_matches&sport=football&all=true
[23-Apr-2025 23:32:51 Europe/Berlin] GET parameters: Array
(
    [action] => fetch_matches
    [sport] => football
    [all] => true
)

[23-Apr-2025 23:32:51 Europe/Berlin] Executing SQL: SELECT * FROM matches WHERE sport = :sport ORDER BY match_time DESC
[23-Apr-2025 23:32:51 Europe/Berlin] With params: {":sport":"football"}
[23-Apr-2025 23:32:51 Europe/Berlin] Query executed successfully. Found 1 rows
[23-Apr-2025 23:33:21 Europe/Berlin] Connected to database. Tables found: favorites, feedback, matches, matches_backup, matches_new, news, newsletter, notifications, players, subscriptions, users
[23-Apr-2025 23:33:21 Europe/Berlin] Executing SQL: CREATE TABLE IF NOT EXISTS users (
                id INT AUTO_INCREMENT PRIMARY KEY,
                username VARCHAR(50) NOT NULL UNIQUE,
                password VARCHAR(255) NOT NULL,
                email VARCHAR(100) NOT NULL UNIQUE,
                account_type ENUM('user', 'admin') DEFAULT 'user',
                created_at TIMESTAMP DEFAULT CURRENT_TIMESTAMP
            )
[23-Apr-2025 23:33:21 Europe/Berlin] With params: []
[23-Apr-2025 23:33:21 Europe/Berlin] Query executed successfully. Found 0 rows
[23-Apr-2025 23:33:21 Europe/Berlin] Users table created or already exists
[23-Apr-2025 23:33:21 Europe/Berlin] Users table structure: [{"Field":"id","Type":"int(11)","Null":"NO","Key":"PRI","Default":null,"Extra":"auto_increment"},{"Field":"username","Type":"varchar(50)","Null":"NO","Key":"","Default":null,"Extra":""},{"Field":"email","Type":"varchar(100)","Null":"NO","Key":"UNI","Default":null,"Extra":""},{"Field":"password","Type":"varchar(255)","Null":"NO","Key":"","Default":null,"Extra":""},{"Field":"role","Type":"enum('user','admin')","Null":"YES","Key":"","Default":"user","Extra":""},{"Field":"verification_code","Type":"varchar(100)","Null":"YES","Key":"","Default":null,"Extra":""},{"Field":"is_verified","Type":"tinyint(1)","Null":"YES","Key":"","Default":"0","Extra":""},{"Field":"created_at","Type":"timestamp","Null":"NO","Key":"","Default":"current_timestamp()","Extra":""},{"Field":"favorite_sport","Type":"varchar(50)","Null":"YES","Key":"","Default":null,"Extra":""},{"Field":"favorite_team","Type":"varchar(50)","Null":"YES","Key":"","Default":null,"Extra":""},{"Field":"account_type","Type":"enum('user','admin')","Null":"YES","Key":"","Default":"user","Extra":""}]
[23-Apr-2025 23:33:21 Europe/Berlin] Number of users in database: 13
[23-Apr-2025 23:33:21 Europe/Berlin] All tables initialized successfully
[23-Apr-2025 23:33:21 Europe/Berlin] API Request received: /sportsync/backend/match.php?action=fetch_matches&sport=football&all=true
[23-Apr-2025 23:33:21 Europe/Berlin] GET parameters: Array
(
    [action] => fetch_matches
    [sport] => football
    [all] => true
)

[23-Apr-2025 23:33:21 Europe/Berlin] Executing SQL: SELECT * FROM matches WHERE sport = :sport ORDER BY match_time DESC
[23-Apr-2025 23:33:21 Europe/Berlin] With params: {":sport":"football"}
[23-Apr-2025 23:33:21 Europe/Berlin] Query executed successfully. Found 1 rows
[23-Apr-2025 23:33:51 Europe/Berlin] Connected to database. Tables found: favorites, feedback, matches, matches_backup, matches_new, news, newsletter, notifications, players, subscriptions, users
[23-Apr-2025 23:33:51 Europe/Berlin] Executing SQL: CREATE TABLE IF NOT EXISTS users (
                id INT AUTO_INCREMENT PRIMARY KEY,
                username VARCHAR(50) NOT NULL UNIQUE,
                password VARCHAR(255) NOT NULL,
                email VARCHAR(100) NOT NULL UNIQUE,
                account_type ENUM('user', 'admin') DEFAULT 'user',
                created_at TIMESTAMP DEFAULT CURRENT_TIMESTAMP
            )
[23-Apr-2025 23:33:51 Europe/Berlin] With params: []
[23-Apr-2025 23:33:51 Europe/Berlin] Query executed successfully. Found 0 rows
[23-Apr-2025 23:33:51 Europe/Berlin] Users table created or already exists
[23-Apr-2025 23:33:51 Europe/Berlin] Users table structure: [{"Field":"id","Type":"int(11)","Null":"NO","Key":"PRI","Default":null,"Extra":"auto_increment"},{"Field":"username","Type":"varchar(50)","Null":"NO","Key":"","Default":null,"Extra":""},{"Field":"email","Type":"varchar(100)","Null":"NO","Key":"UNI","Default":null,"Extra":""},{"Field":"password","Type":"varchar(255)","Null":"NO","Key":"","Default":null,"Extra":""},{"Field":"role","Type":"enum('user','admin')","Null":"YES","Key":"","Default":"user","Extra":""},{"Field":"verification_code","Type":"varchar(100)","Null":"YES","Key":"","Default":null,"Extra":""},{"Field":"is_verified","Type":"tinyint(1)","Null":"YES","Key":"","Default":"0","Extra":""},{"Field":"created_at","Type":"timestamp","Null":"NO","Key":"","Default":"current_timestamp()","Extra":""},{"Field":"favorite_sport","Type":"varchar(50)","Null":"YES","Key":"","Default":null,"Extra":""},{"Field":"favorite_team","Type":"varchar(50)","Null":"YES","Key":"","Default":null,"Extra":""},{"Field":"account_type","Type":"enum('user','admin')","Null":"YES","Key":"","Default":"user","Extra":""}]
[23-Apr-2025 23:33:51 Europe/Berlin] Number of users in database: 13
[23-Apr-2025 23:33:51 Europe/Berlin] All tables initialized successfully
[23-Apr-2025 23:33:51 Europe/Berlin] API Request received: /sportsync/backend/match.php?action=fetch_matches&sport=football&all=true
[23-Apr-2025 23:33:51 Europe/Berlin] GET parameters: Array
(
    [action] => fetch_matches
    [sport] => football
    [all] => true
)

[23-Apr-2025 23:33:51 Europe/Berlin] Executing SQL: SELECT * FROM matches WHERE sport = :sport ORDER BY match_time DESC
[23-Apr-2025 23:33:51 Europe/Berlin] With params: {":sport":"football"}
[23-Apr-2025 23:33:51 Europe/Berlin] Query executed successfully. Found 1 rows
[23-Apr-2025 23:34:21 Europe/Berlin] Connected to database. Tables found: favorites, feedback, matches, matches_backup, matches_new, news, newsletter, notifications, players, subscriptions, users
[23-Apr-2025 23:34:21 Europe/Berlin] Executing SQL: CREATE TABLE IF NOT EXISTS users (
                id INT AUTO_INCREMENT PRIMARY KEY,
                username VARCHAR(50) NOT NULL UNIQUE,
                password VARCHAR(255) NOT NULL,
                email VARCHAR(100) NOT NULL UNIQUE,
                account_type ENUM('user', 'admin') DEFAULT 'user',
                created_at TIMESTAMP DEFAULT CURRENT_TIMESTAMP
            )
[23-Apr-2025 23:34:21 Europe/Berlin] With params: []
[23-Apr-2025 23:34:21 Europe/Berlin] Query executed successfully. Found 0 rows
[23-Apr-2025 23:34:21 Europe/Berlin] Users table created or already exists
[23-Apr-2025 23:34:21 Europe/Berlin] Users table structure: [{"Field":"id","Type":"int(11)","Null":"NO","Key":"PRI","Default":null,"Extra":"auto_increment"},{"Field":"username","Type":"varchar(50)","Null":"NO","Key":"","Default":null,"Extra":""},{"Field":"email","Type":"varchar(100)","Null":"NO","Key":"UNI","Default":null,"Extra":""},{"Field":"password","Type":"varchar(255)","Null":"NO","Key":"","Default":null,"Extra":""},{"Field":"role","Type":"enum('user','admin')","Null":"YES","Key":"","Default":"user","Extra":""},{"Field":"verification_code","Type":"varchar(100)","Null":"YES","Key":"","Default":null,"Extra":""},{"Field":"is_verified","Type":"tinyint(1)","Null":"YES","Key":"","Default":"0","Extra":""},{"Field":"created_at","Type":"timestamp","Null":"NO","Key":"","Default":"current_timestamp()","Extra":""},{"Field":"favorite_sport","Type":"varchar(50)","Null":"YES","Key":"","Default":null,"Extra":""},{"Field":"favorite_team","Type":"varchar(50)","Null":"YES","Key":"","Default":null,"Extra":""},{"Field":"account_type","Type":"enum('user','admin')","Null":"YES","Key":"","Default":"user","Extra":""}]
[23-Apr-2025 23:34:21 Europe/Berlin] Number of users in database: 13
[23-Apr-2025 23:34:21 Europe/Berlin] All tables initialized successfully
[23-Apr-2025 23:34:21 Europe/Berlin] API Request received: /sportsync/backend/match.php?action=fetch_matches&sport=football&all=true
[23-Apr-2025 23:34:21 Europe/Berlin] GET parameters: Array
(
    [action] => fetch_matches
    [sport] => football
    [all] => true
)

[23-Apr-2025 23:34:21 Europe/Berlin] Executing SQL: SELECT * FROM matches WHERE sport = :sport ORDER BY match_time DESC
[23-Apr-2025 23:34:21 Europe/Berlin] With params: {":sport":"football"}
[23-Apr-2025 23:34:21 Europe/Berlin] Query executed successfully. Found 1 rows
[23-Apr-2025 23:34:33 Europe/Berlin] Connected to database. Tables found: favorites, feedback, matches, matches_backup, matches_new, news, newsletter, notifications, players, subscriptions, users
[23-Apr-2025 23:34:33 Europe/Berlin] Executing SQL: CREATE TABLE IF NOT EXISTS users (
                id INT AUTO_INCREMENT PRIMARY KEY,
                username VARCHAR(50) NOT NULL UNIQUE,
                password VARCHAR(255) NOT NULL,
                email VARCHAR(100) NOT NULL UNIQUE,
                account_type ENUM('user', 'admin') DEFAULT 'user',
                created_at TIMESTAMP DEFAULT CURRENT_TIMESTAMP
            )
[23-Apr-2025 23:34:33 Europe/Berlin] With params: []
[23-Apr-2025 23:34:33 Europe/Berlin] Query executed successfully. Found 0 rows
[23-Apr-2025 23:34:33 Europe/Berlin] Users table created or already exists
[23-Apr-2025 23:34:33 Europe/Berlin] Users table structure: [{"Field":"id","Type":"int(11)","Null":"NO","Key":"PRI","Default":null,"Extra":"auto_increment"},{"Field":"username","Type":"varchar(50)","Null":"NO","Key":"","Default":null,"Extra":""},{"Field":"email","Type":"varchar(100)","Null":"NO","Key":"UNI","Default":null,"Extra":""},{"Field":"password","Type":"varchar(255)","Null":"NO","Key":"","Default":null,"Extra":""},{"Field":"role","Type":"enum('user','admin')","Null":"YES","Key":"","Default":"user","Extra":""},{"Field":"verification_code","Type":"varchar(100)","Null":"YES","Key":"","Default":null,"Extra":""},{"Field":"is_verified","Type":"tinyint(1)","Null":"YES","Key":"","Default":"0","Extra":""},{"Field":"created_at","Type":"timestamp","Null":"NO","Key":"","Default":"current_timestamp()","Extra":""},{"Field":"favorite_sport","Type":"varchar(50)","Null":"YES","Key":"","Default":null,"Extra":""},{"Field":"favorite_team","Type":"varchar(50)","Null":"YES","Key":"","Default":null,"Extra":""},{"Field":"account_type","Type":"enum('user','admin')","Null":"YES","Key":"","Default":"user","Extra":""}]
[23-Apr-2025 23:34:33 Europe/Berlin] Number of users in database: 13
[23-Apr-2025 23:34:33 Europe/Berlin] All tables initialized successfully
[23-Apr-2025 23:34:33 Europe/Berlin] Connected to database. Tables found: favorites, feedback, matches, matches_backup, matches_new, news, newsletter, notifications, players, subscriptions, users
[23-Apr-2025 23:34:33 Europe/Berlin] Executing SQL: CREATE TABLE IF NOT EXISTS users (
                id INT AUTO_INCREMENT PRIMARY KEY,
                username VARCHAR(50) NOT NULL UNIQUE,
                password VARCHAR(255) NOT NULL,
                email VARCHAR(100) NOT NULL UNIQUE,
                account_type ENUM('user', 'admin') DEFAULT 'user',
                created_at TIMESTAMP DEFAULT CURRENT_TIMESTAMP
            )
[23-Apr-2025 23:34:33 Europe/Berlin] With params: []
[23-Apr-2025 23:34:33 Europe/Berlin] Query executed successfully. Found 0 rows
[23-Apr-2025 23:34:33 Europe/Berlin] Users table created or already exists
[23-Apr-2025 23:34:33 Europe/Berlin] Users table structure: [{"Field":"id","Type":"int(11)","Null":"NO","Key":"PRI","Default":null,"Extra":"auto_increment"},{"Field":"username","Type":"varchar(50)","Null":"NO","Key":"","Default":null,"Extra":""},{"Field":"email","Type":"varchar(100)","Null":"NO","Key":"UNI","Default":null,"Extra":""},{"Field":"password","Type":"varchar(255)","Null":"NO","Key":"","Default":null,"Extra":""},{"Field":"role","Type":"enum('user','admin')","Null":"YES","Key":"","Default":"user","Extra":""},{"Field":"verification_code","Type":"varchar(100)","Null":"YES","Key":"","Default":null,"Extra":""},{"Field":"is_verified","Type":"tinyint(1)","Null":"YES","Key":"","Default":"0","Extra":""},{"Field":"created_at","Type":"timestamp","Null":"NO","Key":"","Default":"current_timestamp()","Extra":""},{"Field":"favorite_sport","Type":"varchar(50)","Null":"YES","Key":"","Default":null,"Extra":""},{"Field":"favorite_team","Type":"varchar(50)","Null":"YES","Key":"","Default":null,"Extra":""},{"Field":"account_type","Type":"enum('user','admin')","Null":"YES","Key":"","Default":"user","Extra":""}]
[23-Apr-2025 23:34:33 Europe/Berlin] Number of users in database: 13
[23-Apr-2025 23:34:33 Europe/Berlin] All tables initialized successfully
[23-Apr-2025 23:34:33 Europe/Berlin] Database tables initialized successfully
[23-Apr-2025 23:34:33 Europe/Berlin] Executing SQL: SELECT * FROM users WHERE id = :id
[23-Apr-2025 23:34:33 Europe/Berlin] With params: {":id":12}
[23-Apr-2025 23:34:33 Europe/Berlin] Query executed successfully. Found 1 rows
[23-Apr-2025 23:34:33 Europe/Berlin] User loaded from session: varunpndey
[23-Apr-2025 23:34:33 Europe/Berlin] Header - Session status: 2
[23-Apr-2025 23:34:33 Europe/Berlin] Header - Session data: {"user_id":12,"username":"varunpndey","email":"va@gmail.com","account_type":"admin"}
[23-Apr-2025 23:34:33 Europe/Berlin] Header - After session start - Status: 2
[23-Apr-2025 23:34:33 Europe/Berlin] Header - After session start - Data: {"user_id":12,"username":"varunpndey","email":"va@gmail.com","account_type":"admin"}
[23-Apr-2025 23:34:33 Europe/Berlin] Header - Is logged in: Yes
[23-Apr-2025 23:34:33 Europe/Berlin] Executing SQL: SELECT * FROM news ORDER BY created_at DESC LIMIT 5
[23-Apr-2025 23:34:33 Europe/Berlin] With params: []
[23-Apr-2025 23:34:33 Europe/Berlin] Query executed successfully. Found 2 rows
[23-Apr-2025 23:34:33 Europe/Berlin] Executing SQL: SELECT * FROM matches WHERE status = 'live'
[23-Apr-2025 23:34:33 Europe/Berlin] With params: []
[23-Apr-2025 23:34:33 Europe/Berlin] Query executed successfully. Found 1 rows
[23-Apr-2025 23:34:33 Europe/Berlin] Executing SQL: SELECT COUNT(*) as count FROM favorites 
                    WHERE user_id = :user_id AND match_id = :match_id
[23-Apr-2025 23:34:33 Europe/Berlin] With params: {":user_id":12,":match_id":42}
[23-Apr-2025 23:34:33 Europe/Berlin] Query executed successfully. Found 1 rows
[23-Apr-2025 23:34:37 Europe/Berlin] Connected to database. Tables found: favorites, feedback, matches, matches_backup, matches_new, news, newsletter, notifications, players, subscriptions, users
[23-Apr-2025 23:34:37 Europe/Berlin] Executing SQL: CREATE TABLE IF NOT EXISTS users (
                id INT AUTO_INCREMENT PRIMARY KEY,
                username VARCHAR(50) NOT NULL UNIQUE,
                password VARCHAR(255) NOT NULL,
                email VARCHAR(100) NOT NULL UNIQUE,
                account_type ENUM('user', 'admin') DEFAULT 'user',
                created_at TIMESTAMP DEFAULT CURRENT_TIMESTAMP
            )
[23-Apr-2025 23:34:37 Europe/Berlin] With params: []
[23-Apr-2025 23:34:37 Europe/Berlin] Query executed successfully. Found 0 rows
[23-Apr-2025 23:34:37 Europe/Berlin] Users table created or already exists
[23-Apr-2025 23:34:37 Europe/Berlin] Users table structure: [{"Field":"id","Type":"int(11)","Null":"NO","Key":"PRI","Default":null,"Extra":"auto_increment"},{"Field":"username","Type":"varchar(50)","Null":"NO","Key":"","Default":null,"Extra":""},{"Field":"email","Type":"varchar(100)","Null":"NO","Key":"UNI","Default":null,"Extra":""},{"Field":"password","Type":"varchar(255)","Null":"NO","Key":"","Default":null,"Extra":""},{"Field":"role","Type":"enum('user','admin')","Null":"YES","Key":"","Default":"user","Extra":""},{"Field":"verification_code","Type":"varchar(100)","Null":"YES","Key":"","Default":null,"Extra":""},{"Field":"is_verified","Type":"tinyint(1)","Null":"YES","Key":"","Default":"0","Extra":""},{"Field":"created_at","Type":"timestamp","Null":"NO","Key":"","Default":"current_timestamp()","Extra":""},{"Field":"favorite_sport","Type":"varchar(50)","Null":"YES","Key":"","Default":null,"Extra":""},{"Field":"favorite_team","Type":"varchar(50)","Null":"YES","Key":"","Default":null,"Extra":""},{"Field":"account_type","Type":"enum('user','admin')","Null":"YES","Key":"","Default":"user","Extra":""}]
[23-Apr-2025 23:34:37 Europe/Berlin] Number of users in database: 13
[23-Apr-2025 23:34:37 Europe/Berlin] All tables initialized successfully
[23-Apr-2025 23:34:37 Europe/Berlin] API Request received: /sportsync/backend/match.php
[23-Apr-2025 23:34:37 Europe/Berlin] GET parameters: Array
(
)

[23-Apr-2025 23:37:40 Europe/Berlin] Connected to database. Tables found: favorites, feedback, matches, matches_backup, matches_new, news, newsletter, notifications, players, subscriptions, users
[23-Apr-2025 23:37:40 Europe/Berlin] Executing SQL: CREATE TABLE IF NOT EXISTS users (
                id INT AUTO_INCREMENT PRIMARY KEY,
                username VARCHAR(50) NOT NULL UNIQUE,
                password VARCHAR(255) NOT NULL,
                email VARCHAR(100) NOT NULL UNIQUE,
                account_type ENUM('user', 'admin') DEFAULT 'user',
                created_at TIMESTAMP DEFAULT CURRENT_TIMESTAMP
            )
[23-Apr-2025 23:37:40 Europe/Berlin] With params: []
[23-Apr-2025 23:37:40 Europe/Berlin] Query executed successfully. Found 0 rows
[23-Apr-2025 23:37:40 Europe/Berlin] Users table created or already exists
[23-Apr-2025 23:37:40 Europe/Berlin] Users table structure: [{"Field":"id","Type":"int(11)","Null":"NO","Key":"PRI","Default":null,"Extra":"auto_increment"},{"Field":"username","Type":"varchar(50)","Null":"NO","Key":"","Default":null,"Extra":""},{"Field":"email","Type":"varchar(100)","Null":"NO","Key":"UNI","Default":null,"Extra":""},{"Field":"password","Type":"varchar(255)","Null":"NO","Key":"","Default":null,"Extra":""},{"Field":"role","Type":"enum('user','admin')","Null":"YES","Key":"","Default":"user","Extra":""},{"Field":"verification_code","Type":"varchar(100)","Null":"YES","Key":"","Default":null,"Extra":""},{"Field":"is_verified","Type":"tinyint(1)","Null":"YES","Key":"","Default":"0","Extra":""},{"Field":"created_at","Type":"timestamp","Null":"NO","Key":"","Default":"current_timestamp()","Extra":""},{"Field":"favorite_sport","Type":"varchar(50)","Null":"YES","Key":"","Default":null,"Extra":""},{"Field":"favorite_team","Type":"varchar(50)","Null":"YES","Key":"","Default":null,"Extra":""},{"Field":"account_type","Type":"enum('user','admin')","Null":"YES","Key":"","Default":"user","Extra":""}]
[23-Apr-2025 23:37:40 Europe/Berlin] Number of users in database: 13
[23-Apr-2025 23:37:40 Europe/Berlin] All tables initialized successfully
[23-Apr-2025 23:37:40 Europe/Berlin] Connected to database. Tables found: favorites, feedback, matches, matches_backup, matches_new, news, newsletter, notifications, players, subscriptions, users
[23-Apr-2025 23:37:40 Europe/Berlin] Executing SQL: CREATE TABLE IF NOT EXISTS users (
                id INT AUTO_INCREMENT PRIMARY KEY,
                username VARCHAR(50) NOT NULL UNIQUE,
                password VARCHAR(255) NOT NULL,
                email VARCHAR(100) NOT NULL UNIQUE,
                account_type ENUM('user', 'admin') DEFAULT 'user',
                created_at TIMESTAMP DEFAULT CURRENT_TIMESTAMP
            )
[23-Apr-2025 23:37:40 Europe/Berlin] With params: []
[23-Apr-2025 23:37:40 Europe/Berlin] Query executed successfully. Found 0 rows
[23-Apr-2025 23:37:40 Europe/Berlin] Users table created or already exists
[23-Apr-2025 23:37:40 Europe/Berlin] Users table structure: [{"Field":"id","Type":"int(11)","Null":"NO","Key":"PRI","Default":null,"Extra":"auto_increment"},{"Field":"username","Type":"varchar(50)","Null":"NO","Key":"","Default":null,"Extra":""},{"Field":"email","Type":"varchar(100)","Null":"NO","Key":"UNI","Default":null,"Extra":""},{"Field":"password","Type":"varchar(255)","Null":"NO","Key":"","Default":null,"Extra":""},{"Field":"role","Type":"enum('user','admin')","Null":"YES","Key":"","Default":"user","Extra":""},{"Field":"verification_code","Type":"varchar(100)","Null":"YES","Key":"","Default":null,"Extra":""},{"Field":"is_verified","Type":"tinyint(1)","Null":"YES","Key":"","Default":"0","Extra":""},{"Field":"created_at","Type":"timestamp","Null":"NO","Key":"","Default":"current_timestamp()","Extra":""},{"Field":"favorite_sport","Type":"varchar(50)","Null":"YES","Key":"","Default":null,"Extra":""},{"Field":"favorite_team","Type":"varchar(50)","Null":"YES","Key":"","Default":null,"Extra":""},{"Field":"account_type","Type":"enum('user','admin')","Null":"YES","Key":"","Default":"user","Extra":""}]
[23-Apr-2025 23:37:40 Europe/Berlin] Number of users in database: 13
[23-Apr-2025 23:37:40 Europe/Berlin] All tables initialized successfully
[23-Apr-2025 23:37:40 Europe/Berlin] Database tables initialized successfully
[23-Apr-2025 23:37:40 Europe/Berlin] Executing SQL: SELECT * FROM users WHERE id = :id
[23-Apr-2025 23:37:40 Europe/Berlin] With params: {":id":12}
[23-Apr-2025 23:37:40 Europe/Berlin] Query executed successfully. Found 1 rows
[23-Apr-2025 23:37:40 Europe/Berlin] User loaded from session: varunpndey
[23-Apr-2025 23:37:40 Europe/Berlin] Header - Session status: 2
[23-Apr-2025 23:37:40 Europe/Berlin] Header - Session data: {"user_id":12,"username":"varunpndey","email":"va@gmail.com","account_type":"admin"}
[23-Apr-2025 23:37:40 Europe/Berlin] Header - After session start - Status: 2
[23-Apr-2025 23:37:40 Europe/Berlin] Header - After session start - Data: {"user_id":12,"username":"varunpndey","email":"va@gmail.com","account_type":"admin"}
[23-Apr-2025 23:37:40 Europe/Berlin] Header - Is logged in: Yes
[23-Apr-2025 23:37:40 Europe/Berlin] Executing SQL: SELECT * FROM matches WHERE sport = :sport ORDER BY match_time DESC
[23-Apr-2025 23:37:40 Europe/Berlin] With params: {":sport":"football"}
[23-Apr-2025 23:37:40 Europe/Berlin] Query executed successfully. Found 1 rows
[23-Apr-2025 23:37:40 Europe/Berlin] Executing SQL: SELECT * FROM matches WHERE sport = :sport AND status = :status
[23-Apr-2025 23:37:40 Europe/Berlin] With params: {":sport":"football",":status":"live"}
[23-Apr-2025 23:37:40 Europe/Berlin] Query executed successfully. Found 0 rows
[23-Apr-2025 23:37:40 Europe/Berlin] Executing SQL: SELECT COUNT(*) as count FROM favorites 
                    WHERE user_id = :user_id AND match_id = :match_id
[23-Apr-2025 23:37:40 Europe/Berlin] With params: {":user_id":12,":match_id":41}
[23-Apr-2025 23:37:40 Europe/Berlin] Query executed successfully. Found 1 rows
[23-Apr-2025 23:37:41 Europe/Berlin] Connected to database. Tables found: favorites, feedback, matches, matches_backup, matches_new, news, newsletter, notifications, players, subscriptions, users
[23-Apr-2025 23:37:41 Europe/Berlin] Executing SQL: CREATE TABLE IF NOT EXISTS users (
                id INT AUTO_INCREMENT PRIMARY KEY,
                username VARCHAR(50) NOT NULL UNIQUE,
                password VARCHAR(255) NOT NULL,
                email VARCHAR(100) NOT NULL UNIQUE,
                account_type ENUM('user', 'admin') DEFAULT 'user',
                created_at TIMESTAMP DEFAULT CURRENT_TIMESTAMP
            )
[23-Apr-2025 23:37:41 Europe/Berlin] With params: []
[23-Apr-2025 23:37:41 Europe/Berlin] Query executed successfully. Found 0 rows
[23-Apr-2025 23:37:41 Europe/Berlin] Users table created or already exists
[23-Apr-2025 23:37:41 Europe/Berlin] Users table structure: [{"Field":"id","Type":"int(11)","Null":"NO","Key":"PRI","Default":null,"Extra":"auto_increment"},{"Field":"username","Type":"varchar(50)","Null":"NO","Key":"","Default":null,"Extra":""},{"Field":"email","Type":"varchar(100)","Null":"NO","Key":"UNI","Default":null,"Extra":""},{"Field":"password","Type":"varchar(255)","Null":"NO","Key":"","Default":null,"Extra":""},{"Field":"role","Type":"enum('user','admin')","Null":"YES","Key":"","Default":"user","Extra":""},{"Field":"verification_code","Type":"varchar(100)","Null":"YES","Key":"","Default":null,"Extra":""},{"Field":"is_verified","Type":"tinyint(1)","Null":"YES","Key":"","Default":"0","Extra":""},{"Field":"created_at","Type":"timestamp","Null":"NO","Key":"","Default":"current_timestamp()","Extra":""},{"Field":"favorite_sport","Type":"varchar(50)","Null":"YES","Key":"","Default":null,"Extra":""},{"Field":"favorite_team","Type":"varchar(50)","Null":"YES","Key":"","Default":null,"Extra":""},{"Field":"account_type","Type":"enum('user','admin')","Null":"YES","Key":"","Default":"user","Extra":""}]
[23-Apr-2025 23:37:41 Europe/Berlin] Number of users in database: 13
[23-Apr-2025 23:37:41 Europe/Berlin] All tables initialized successfully
[23-Apr-2025 23:37:41 Europe/Berlin] Connected to database. Tables found: favorites, feedback, matches, matches_backup, matches_new, news, newsletter, notifications, players, subscriptions, users
[23-Apr-2025 23:37:41 Europe/Berlin] Executing SQL: CREATE TABLE IF NOT EXISTS users (
                id INT AUTO_INCREMENT PRIMARY KEY,
                username VARCHAR(50) NOT NULL UNIQUE,
                password VARCHAR(255) NOT NULL,
                email VARCHAR(100) NOT NULL UNIQUE,
                account_type ENUM('user', 'admin') DEFAULT 'user',
                created_at TIMESTAMP DEFAULT CURRENT_TIMESTAMP
            )
[23-Apr-2025 23:37:41 Europe/Berlin] With params: []
[23-Apr-2025 23:37:41 Europe/Berlin] Query executed successfully. Found 0 rows
[23-Apr-2025 23:37:41 Europe/Berlin] Users table created or already exists
[23-Apr-2025 23:37:41 Europe/Berlin] Users table structure: [{"Field":"id","Type":"int(11)","Null":"NO","Key":"PRI","Default":null,"Extra":"auto_increment"},{"Field":"username","Type":"varchar(50)","Null":"NO","Key":"","Default":null,"Extra":""},{"Field":"email","Type":"varchar(100)","Null":"NO","Key":"UNI","Default":null,"Extra":""},{"Field":"password","Type":"varchar(255)","Null":"NO","Key":"","Default":null,"Extra":""},{"Field":"role","Type":"enum('user','admin')","Null":"YES","Key":"","Default":"user","Extra":""},{"Field":"verification_code","Type":"varchar(100)","Null":"YES","Key":"","Default":null,"Extra":""},{"Field":"is_verified","Type":"tinyint(1)","Null":"YES","Key":"","Default":"0","Extra":""},{"Field":"created_at","Type":"timestamp","Null":"NO","Key":"","Default":"current_timestamp()","Extra":""},{"Field":"favorite_sport","Type":"varchar(50)","Null":"YES","Key":"","Default":null,"Extra":""},{"Field":"favorite_team","Type":"varchar(50)","Null":"YES","Key":"","Default":null,"Extra":""},{"Field":"account_type","Type":"enum('user','admin')","Null":"YES","Key":"","Default":"user","Extra":""}]
[23-Apr-2025 23:37:41 Europe/Berlin] Number of users in database: 13
[23-Apr-2025 23:37:41 Europe/Berlin] All tables initialized successfully
[23-Apr-2025 23:37:41 Europe/Berlin] Database tables initialized successfully
[23-Apr-2025 23:37:41 Europe/Berlin] Executing SQL: SELECT * FROM users WHERE id = :id
[23-Apr-2025 23:37:41 Europe/Berlin] With params: {":id":12}
[23-Apr-2025 23:37:41 Europe/Berlin] Query executed successfully. Found 1 rows
[23-Apr-2025 23:37:41 Europe/Berlin] User loaded from session: varunpndey
[23-Apr-2025 23:37:41 Europe/Berlin] Executing SQL: CREATE TABLE IF NOT EXISTS players (
                id INT AUTO_INCREMENT PRIMARY KEY,
                match_id INT NOT NULL,
                team VARCHAR(100) NOT NULL,
                name VARCHAR(100) NOT NULL,
                role VARCHAR(50) NOT NULL,
                score INT DEFAULT 0,
                sport VARCHAR(20) NOT NULL,
                created_at TIMESTAMP DEFAULT CURRENT_TIMESTAMP,
                FOREIGN KEY (match_id) REFERENCES matches(id) ON DELETE CASCADE
            )
[23-Apr-2025 23:37:41 Europe/Berlin] With params: []
[23-Apr-2025 23:37:41 Europe/Berlin] Query executed successfully. Found 0 rows
[23-Apr-2025 23:37:41 Europe/Berlin] Executing SQL: SELECT * FROM matches WHERE id = :id
[23-Apr-2025 23:37:41 Europe/Berlin] With params: {":id":41}
[23-Apr-2025 23:37:41 Europe/Berlin] Query executed successfully. Found 1 rows
[23-Apr-2025 23:37:41 Europe/Berlin] Executing SQL: SELECT * FROM players WHERE match_id = :match_id AND team = :team
[23-Apr-2025 23:37:41 Europe/Berlin] With params: {":match_id":41,":team":"Mohun Bagan"}
[23-Apr-2025 23:37:41 Europe/Berlin] Query executed successfully. Found 0 rows
[23-Apr-2025 23:37:41 Europe/Berlin] Executing SQL: SELECT * FROM players WHERE match_id = :match_id AND team = :team
[23-Apr-2025 23:37:41 Europe/Berlin] With params: {":match_id":41,":team":"Bengeluru"}
[23-Apr-2025 23:37:41 Europe/Berlin] Query executed successfully. Found 0 rows
[23-Apr-2025 23:37:41 Europe/Berlin] Header - Session status: 2
[23-Apr-2025 23:37:41 Europe/Berlin] Header - Session data: {"user_id":12,"username":"varunpndey","email":"va@gmail.com","account_type":"admin"}
[23-Apr-2025 23:37:41 Europe/Berlin] Header - After session start - Status: 2
[23-Apr-2025 23:37:41 Europe/Berlin] Header - After session start - Data: {"user_id":12,"username":"varunpndey","email":"va@gmail.com","account_type":"admin"}
[23-Apr-2025 23:37:41 Europe/Berlin] Header - Is logged in: Yes
[23-Apr-2025 23:37:54 Europe/Berlin] Connected to database. Tables found: favorites, feedback, matches, matches_backup, matches_new, news, newsletter, notifications, players, subscriptions, users
[23-Apr-2025 23:37:54 Europe/Berlin] Executing SQL: CREATE TABLE IF NOT EXISTS users (
                id INT AUTO_INCREMENT PRIMARY KEY,
                username VARCHAR(50) NOT NULL UNIQUE,
                password VARCHAR(255) NOT NULL,
                email VARCHAR(100) NOT NULL UNIQUE,
                account_type ENUM('user', 'admin') DEFAULT 'user',
                created_at TIMESTAMP DEFAULT CURRENT_TIMESTAMP
            )
[23-Apr-2025 23:37:54 Europe/Berlin] With params: []
[23-Apr-2025 23:37:54 Europe/Berlin] Query executed successfully. Found 0 rows
[23-Apr-2025 23:37:54 Europe/Berlin] Users table created or already exists
[23-Apr-2025 23:37:54 Europe/Berlin] Users table structure: [{"Field":"id","Type":"int(11)","Null":"NO","Key":"PRI","Default":null,"Extra":"auto_increment"},{"Field":"username","Type":"varchar(50)","Null":"NO","Key":"","Default":null,"Extra":""},{"Field":"email","Type":"varchar(100)","Null":"NO","Key":"UNI","Default":null,"Extra":""},{"Field":"password","Type":"varchar(255)","Null":"NO","Key":"","Default":null,"Extra":""},{"Field":"role","Type":"enum('user','admin')","Null":"YES","Key":"","Default":"user","Extra":""},{"Field":"verification_code","Type":"varchar(100)","Null":"YES","Key":"","Default":null,"Extra":""},{"Field":"is_verified","Type":"tinyint(1)","Null":"YES","Key":"","Default":"0","Extra":""},{"Field":"created_at","Type":"timestamp","Null":"NO","Key":"","Default":"current_timestamp()","Extra":""},{"Field":"favorite_sport","Type":"varchar(50)","Null":"YES","Key":"","Default":null,"Extra":""},{"Field":"favorite_team","Type":"varchar(50)","Null":"YES","Key":"","Default":null,"Extra":""},{"Field":"account_type","Type":"enum('user','admin')","Null":"YES","Key":"","Default":"user","Extra":""}]
[23-Apr-2025 23:37:54 Europe/Berlin] Number of users in database: 13
[23-Apr-2025 23:37:54 Europe/Berlin] All tables initialized successfully
[23-Apr-2025 23:37:54 Europe/Berlin] Connected to database. Tables found: favorites, feedback, matches, matches_backup, matches_new, news, newsletter, notifications, players, subscriptions, users
[23-Apr-2025 23:37:54 Europe/Berlin] Executing SQL: CREATE TABLE IF NOT EXISTS users (
                id INT AUTO_INCREMENT PRIMARY KEY,
                username VARCHAR(50) NOT NULL UNIQUE,
                password VARCHAR(255) NOT NULL,
                email VARCHAR(100) NOT NULL UNIQUE,
                account_type ENUM('user', 'admin') DEFAULT 'user',
                created_at TIMESTAMP DEFAULT CURRENT_TIMESTAMP
            )
[23-Apr-2025 23:37:54 Europe/Berlin] With params: []
[23-Apr-2025 23:37:54 Europe/Berlin] Query executed successfully. Found 0 rows
[23-Apr-2025 23:37:54 Europe/Berlin] Users table created or already exists
[23-Apr-2025 23:37:54 Europe/Berlin] Users table structure: [{"Field":"id","Type":"int(11)","Null":"NO","Key":"PRI","Default":null,"Extra":"auto_increment"},{"Field":"username","Type":"varchar(50)","Null":"NO","Key":"","Default":null,"Extra":""},{"Field":"email","Type":"varchar(100)","Null":"NO","Key":"UNI","Default":null,"Extra":""},{"Field":"password","Type":"varchar(255)","Null":"NO","Key":"","Default":null,"Extra":""},{"Field":"role","Type":"enum('user','admin')","Null":"YES","Key":"","Default":"user","Extra":""},{"Field":"verification_code","Type":"varchar(100)","Null":"YES","Key":"","Default":null,"Extra":""},{"Field":"is_verified","Type":"tinyint(1)","Null":"YES","Key":"","Default":"0","Extra":""},{"Field":"created_at","Type":"timestamp","Null":"NO","Key":"","Default":"current_timestamp()","Extra":""},{"Field":"favorite_sport","Type":"varchar(50)","Null":"YES","Key":"","Default":null,"Extra":""},{"Field":"favorite_team","Type":"varchar(50)","Null":"YES","Key":"","Default":null,"Extra":""},{"Field":"account_type","Type":"enum('user','admin')","Null":"YES","Key":"","Default":"user","Extra":""}]
[23-Apr-2025 23:37:54 Europe/Berlin] Number of users in database: 13
[23-Apr-2025 23:37:54 Europe/Berlin] All tables initialized successfully
[23-Apr-2025 23:37:54 Europe/Berlin] Database tables initialized successfully
[23-Apr-2025 23:37:54 Europe/Berlin] Executing SQL: SELECT * FROM users WHERE id = :id
[23-Apr-2025 23:37:54 Europe/Berlin] With params: {":id":12}
[23-Apr-2025 23:37:54 Europe/Berlin] Query executed successfully. Found 1 rows
[23-Apr-2025 23:37:54 Europe/Berlin] User loaded from session: varunpndey
[23-Apr-2025 23:37:54 Europe/Berlin] Header - Session status: 2
[23-Apr-2025 23:37:54 Europe/Berlin] Header - Session data: {"user_id":12,"username":"varunpndey","email":"va@gmail.com","account_type":"admin"}
[23-Apr-2025 23:37:54 Europe/Berlin] Header - After session start - Status: 2
[23-Apr-2025 23:37:54 Europe/Berlin] Header - After session start - Data: {"user_id":12,"username":"varunpndey","email":"va@gmail.com","account_type":"admin"}
[23-Apr-2025 23:37:54 Europe/Berlin] Header - Is logged in: Yes
[23-Apr-2025 23:37:54 Europe/Berlin] Executing SQL: SELECT * FROM matches WHERE sport = :sport ORDER BY match_time DESC
[23-Apr-2025 23:37:54 Europe/Berlin] With params: {":sport":"cricket"}
[23-Apr-2025 23:37:54 Europe/Berlin] Query executed successfully. Found 3 rows
[23-Apr-2025 23:37:54 Europe/Berlin] Executing SQL: SELECT * FROM matches WHERE sport = :sport AND status = :status
[23-Apr-2025 23:37:54 Europe/Berlin] With params: {":sport":"cricket",":status":"live"}
[23-Apr-2025 23:37:54 Europe/Berlin] Query executed successfully. Found 1 rows
[23-Apr-2025 23:37:54 Europe/Berlin] Executing SQL: SELECT COUNT(*) as count FROM favorites 
                    WHERE user_id = :user_id AND match_id = :match_id
[23-Apr-2025 23:37:54 Europe/Berlin] With params: {":user_id":12,":match_id":42}
[23-Apr-2025 23:37:54 Europe/Berlin] Query executed successfully. Found 1 rows
[23-Apr-2025 23:37:54 Europe/Berlin] Executing SQL: SELECT COUNT(*) as count FROM favorites 
                    WHERE user_id = :user_id AND match_id = :match_id
[23-Apr-2025 23:37:54 Europe/Berlin] With params: {":user_id":12,":match_id":38}
[23-Apr-2025 23:37:54 Europe/Berlin] Query executed successfully. Found 1 rows
[23-Apr-2025 23:37:54 Europe/Berlin] Executing SQL: SELECT COUNT(*) as count FROM favorites 
                    WHERE user_id = :user_id AND match_id = :match_id
[23-Apr-2025 23:37:54 Europe/Berlin] With params: {":user_id":12,":match_id":37}
[23-Apr-2025 23:37:54 Europe/Berlin] Query executed successfully. Found 1 rows
[23-Apr-2025 23:37:56 Europe/Berlin] Connected to database. Tables found: favorites, feedback, matches, matches_backup, matches_new, news, newsletter, notifications, players, subscriptions, users
[23-Apr-2025 23:37:56 Europe/Berlin] Executing SQL: CREATE TABLE IF NOT EXISTS users (
                id INT AUTO_INCREMENT PRIMARY KEY,
                username VARCHAR(50) NOT NULL UNIQUE,
                password VARCHAR(255) NOT NULL,
                email VARCHAR(100) NOT NULL UNIQUE,
                account_type ENUM('user', 'admin') DEFAULT 'user',
                created_at TIMESTAMP DEFAULT CURRENT_TIMESTAMP
            )
[23-Apr-2025 23:37:56 Europe/Berlin] With params: []
[23-Apr-2025 23:37:56 Europe/Berlin] Query executed successfully. Found 0 rows
[23-Apr-2025 23:37:56 Europe/Berlin] Users table created or already exists
[23-Apr-2025 23:37:56 Europe/Berlin] Users table structure: [{"Field":"id","Type":"int(11)","Null":"NO","Key":"PRI","Default":null,"Extra":"auto_increment"},{"Field":"username","Type":"varchar(50)","Null":"NO","Key":"","Default":null,"Extra":""},{"Field":"email","Type":"varchar(100)","Null":"NO","Key":"UNI","Default":null,"Extra":""},{"Field":"password","Type":"varchar(255)","Null":"NO","Key":"","Default":null,"Extra":""},{"Field":"role","Type":"enum('user','admin')","Null":"YES","Key":"","Default":"user","Extra":""},{"Field":"verification_code","Type":"varchar(100)","Null":"YES","Key":"","Default":null,"Extra":""},{"Field":"is_verified","Type":"tinyint(1)","Null":"YES","Key":"","Default":"0","Extra":""},{"Field":"created_at","Type":"timestamp","Null":"NO","Key":"","Default":"current_timestamp()","Extra":""},{"Field":"favorite_sport","Type":"varchar(50)","Null":"YES","Key":"","Default":null,"Extra":""},{"Field":"favorite_team","Type":"varchar(50)","Null":"YES","Key":"","Default":null,"Extra":""},{"Field":"account_type","Type":"enum('user','admin')","Null":"YES","Key":"","Default":"user","Extra":""}]
[23-Apr-2025 23:37:56 Europe/Berlin] Number of users in database: 13
[23-Apr-2025 23:37:56 Europe/Berlin] All tables initialized successfully
[23-Apr-2025 23:37:56 Europe/Berlin] Connected to database. Tables found: favorites, feedback, matches, matches_backup, matches_new, news, newsletter, notifications, players, subscriptions, users
[23-Apr-2025 23:37:56 Europe/Berlin] Executing SQL: CREATE TABLE IF NOT EXISTS users (
                id INT AUTO_INCREMENT PRIMARY KEY,
                username VARCHAR(50) NOT NULL UNIQUE,
                password VARCHAR(255) NOT NULL,
                email VARCHAR(100) NOT NULL UNIQUE,
                account_type ENUM('user', 'admin') DEFAULT 'user',
                created_at TIMESTAMP DEFAULT CURRENT_TIMESTAMP
            )
[23-Apr-2025 23:37:56 Europe/Berlin] With params: []
[23-Apr-2025 23:37:56 Europe/Berlin] Query executed successfully. Found 0 rows
[23-Apr-2025 23:37:56 Europe/Berlin] Users table created or already exists
[23-Apr-2025 23:37:56 Europe/Berlin] Users table structure: [{"Field":"id","Type":"int(11)","Null":"NO","Key":"PRI","Default":null,"Extra":"auto_increment"},{"Field":"username","Type":"varchar(50)","Null":"NO","Key":"","Default":null,"Extra":""},{"Field":"email","Type":"varchar(100)","Null":"NO","Key":"UNI","Default":null,"Extra":""},{"Field":"password","Type":"varchar(255)","Null":"NO","Key":"","Default":null,"Extra":""},{"Field":"role","Type":"enum('user','admin')","Null":"YES","Key":"","Default":"user","Extra":""},{"Field":"verification_code","Type":"varchar(100)","Null":"YES","Key":"","Default":null,"Extra":""},{"Field":"is_verified","Type":"tinyint(1)","Null":"YES","Key":"","Default":"0","Extra":""},{"Field":"created_at","Type":"timestamp","Null":"NO","Key":"","Default":"current_timestamp()","Extra":""},{"Field":"favorite_sport","Type":"varchar(50)","Null":"YES","Key":"","Default":null,"Extra":""},{"Field":"favorite_team","Type":"varchar(50)","Null":"YES","Key":"","Default":null,"Extra":""},{"Field":"account_type","Type":"enum('user','admin')","Null":"YES","Key":"","Default":"user","Extra":""}]
[23-Apr-2025 23:37:56 Europe/Berlin] Number of users in database: 13
[23-Apr-2025 23:37:56 Europe/Berlin] All tables initialized successfully
[23-Apr-2025 23:37:56 Europe/Berlin] Database tables initialized successfully
[23-Apr-2025 23:37:56 Europe/Berlin] Executing SQL: SELECT * FROM users WHERE id = :id
[23-Apr-2025 23:37:56 Europe/Berlin] With params: {":id":12}
[23-Apr-2025 23:37:56 Europe/Berlin] Query executed successfully. Found 1 rows
[23-Apr-2025 23:37:56 Europe/Berlin] User loaded from session: varunpndey
[23-Apr-2025 23:37:56 Europe/Berlin] Executing SQL: CREATE TABLE IF NOT EXISTS players (
                id INT AUTO_INCREMENT PRIMARY KEY,
                match_id INT NOT NULL,
                team VARCHAR(100) NOT NULL,
                name VARCHAR(100) NOT NULL,
                role VARCHAR(50) NOT NULL,
                score INT DEFAULT 0,
                sport VARCHAR(20) NOT NULL,
                created_at TIMESTAMP DEFAULT CURRENT_TIMESTAMP,
                FOREIGN KEY (match_id) REFERENCES matches(id) ON DELETE CASCADE
            )
[23-Apr-2025 23:37:56 Europe/Berlin] With params: []
[23-Apr-2025 23:37:56 Europe/Berlin] Query executed successfully. Found 0 rows
[23-Apr-2025 23:37:56 Europe/Berlin] Executing SQL: SELECT * FROM matches WHERE id = :id
[23-Apr-2025 23:37:56 Europe/Berlin] With params: {":id":42}
[23-Apr-2025 23:37:56 Europe/Berlin] Query executed successfully. Found 1 rows
[23-Apr-2025 23:37:56 Europe/Berlin] Executing SQL: SELECT * FROM players WHERE match_id = :match_id AND team = :team
[23-Apr-2025 23:37:56 Europe/Berlin] With params: {":match_id":42,":team":"Rcb"}
[23-Apr-2025 23:37:56 Europe/Berlin] Query executed successfully. Found 0 rows
[23-Apr-2025 23:37:56 Europe/Berlin] Executing SQL: SELECT * FROM players WHERE match_id = :match_id AND team = :team
[23-Apr-2025 23:37:56 Europe/Berlin] With params: {":match_id":42,":team":"PBKS"}
[23-Apr-2025 23:37:56 Europe/Berlin] Query executed successfully. Found 0 rows
[23-Apr-2025 23:37:56 Europe/Berlin] Header - Session status: 2
[23-Apr-2025 23:37:56 Europe/Berlin] Header - Session data: {"user_id":12,"username":"varunpndey","email":"va@gmail.com","account_type":"admin"}
[23-Apr-2025 23:37:56 Europe/Berlin] Header - After session start - Status: 2
[23-Apr-2025 23:37:56 Europe/Berlin] Header - After session start - Data: {"user_id":12,"username":"varunpndey","email":"va@gmail.com","account_type":"admin"}
[23-Apr-2025 23:37:56 Europe/Berlin] Header - Is logged in: Yes
[23-Apr-2025 23:38:00 Europe/Berlin] Connected to database. Tables found: favorites, feedback, matches, matches_backup, matches_new, news, newsletter, notifications, players, subscriptions, users
[23-Apr-2025 23:38:00 Europe/Berlin] Executing SQL: CREATE TABLE IF NOT EXISTS users (
                id INT AUTO_INCREMENT PRIMARY KEY,
                username VARCHAR(50) NOT NULL UNIQUE,
                password VARCHAR(255) NOT NULL,
                email VARCHAR(100) NOT NULL UNIQUE,
                account_type ENUM('user', 'admin') DEFAULT 'user',
                created_at TIMESTAMP DEFAULT CURRENT_TIMESTAMP
            )
[23-Apr-2025 23:38:00 Europe/Berlin] With params: []
[23-Apr-2025 23:38:00 Europe/Berlin] Query executed successfully. Found 0 rows
[23-Apr-2025 23:38:00 Europe/Berlin] Users table created or already exists
[23-Apr-2025 23:38:00 Europe/Berlin] Users table structure: [{"Field":"id","Type":"int(11)","Null":"NO","Key":"PRI","Default":null,"Extra":"auto_increment"},{"Field":"username","Type":"varchar(50)","Null":"NO","Key":"","Default":null,"Extra":""},{"Field":"email","Type":"varchar(100)","Null":"NO","Key":"UNI","Default":null,"Extra":""},{"Field":"password","Type":"varchar(255)","Null":"NO","Key":"","Default":null,"Extra":""},{"Field":"role","Type":"enum('user','admin')","Null":"YES","Key":"","Default":"user","Extra":""},{"Field":"verification_code","Type":"varchar(100)","Null":"YES","Key":"","Default":null,"Extra":""},{"Field":"is_verified","Type":"tinyint(1)","Null":"YES","Key":"","Default":"0","Extra":""},{"Field":"created_at","Type":"timestamp","Null":"NO","Key":"","Default":"current_timestamp()","Extra":""},{"Field":"favorite_sport","Type":"varchar(50)","Null":"YES","Key":"","Default":null,"Extra":""},{"Field":"favorite_team","Type":"varchar(50)","Null":"YES","Key":"","Default":null,"Extra":""},{"Field":"account_type","Type":"enum('user','admin')","Null":"YES","Key":"","Default":"user","Extra":""}]
[23-Apr-2025 23:38:00 Europe/Berlin] Number of users in database: 13
[23-Apr-2025 23:38:00 Europe/Berlin] All tables initialized successfully
[23-Apr-2025 23:38:00 Europe/Berlin] Connected to database. Tables found: favorites, feedback, matches, matches_backup, matches_new, news, newsletter, notifications, players, subscriptions, users
[23-Apr-2025 23:38:00 Europe/Berlin] Executing SQL: CREATE TABLE IF NOT EXISTS users (
                id INT AUTO_INCREMENT PRIMARY KEY,
                username VARCHAR(50) NOT NULL UNIQUE,
                password VARCHAR(255) NOT NULL,
                email VARCHAR(100) NOT NULL UNIQUE,
                account_type ENUM('user', 'admin') DEFAULT 'user',
                created_at TIMESTAMP DEFAULT CURRENT_TIMESTAMP
            )
[23-Apr-2025 23:38:00 Europe/Berlin] With params: []
[23-Apr-2025 23:38:00 Europe/Berlin] Query executed successfully. Found 0 rows
[23-Apr-2025 23:38:00 Europe/Berlin] Users table created or already exists
[23-Apr-2025 23:38:00 Europe/Berlin] Users table structure: [{"Field":"id","Type":"int(11)","Null":"NO","Key":"PRI","Default":null,"Extra":"auto_increment"},{"Field":"username","Type":"varchar(50)","Null":"NO","Key":"","Default":null,"Extra":""},{"Field":"email","Type":"varchar(100)","Null":"NO","Key":"UNI","Default":null,"Extra":""},{"Field":"password","Type":"varchar(255)","Null":"NO","Key":"","Default":null,"Extra":""},{"Field":"role","Type":"enum('user','admin')","Null":"YES","Key":"","Default":"user","Extra":""},{"Field":"verification_code","Type":"varchar(100)","Null":"YES","Key":"","Default":null,"Extra":""},{"Field":"is_verified","Type":"tinyint(1)","Null":"YES","Key":"","Default":"0","Extra":""},{"Field":"created_at","Type":"timestamp","Null":"NO","Key":"","Default":"current_timestamp()","Extra":""},{"Field":"favorite_sport","Type":"varchar(50)","Null":"YES","Key":"","Default":null,"Extra":""},{"Field":"favorite_team","Type":"varchar(50)","Null":"YES","Key":"","Default":null,"Extra":""},{"Field":"account_type","Type":"enum('user','admin')","Null":"YES","Key":"","Default":"user","Extra":""}]
[23-Apr-2025 23:38:00 Europe/Berlin] Number of users in database: 13
[23-Apr-2025 23:38:00 Europe/Berlin] All tables initialized successfully
[23-Apr-2025 23:38:00 Europe/Berlin] Database tables initialized successfully
[23-Apr-2025 23:38:00 Europe/Berlin] Executing SQL: SELECT * FROM users WHERE id = :id
[23-Apr-2025 23:38:00 Europe/Berlin] With params: {":id":12}
[23-Apr-2025 23:38:00 Europe/Berlin] Query executed successfully. Found 1 rows
[23-Apr-2025 23:38:00 Europe/Berlin] User loaded from session: varunpndey
[23-Apr-2025 23:38:00 Europe/Berlin] Executing SQL: CREATE TABLE IF NOT EXISTS players (
                id INT AUTO_INCREMENT PRIMARY KEY,
                match_id INT NOT NULL,
                team VARCHAR(100) NOT NULL,
                name VARCHAR(100) NOT NULL,
                role VARCHAR(50) NOT NULL,
                score INT DEFAULT 0,
                sport VARCHAR(20) NOT NULL,
                created_at TIMESTAMP DEFAULT CURRENT_TIMESTAMP,
                FOREIGN KEY (match_id) REFERENCES matches(id) ON DELETE CASCADE
            )
[23-Apr-2025 23:38:00 Europe/Berlin] With params: []
[23-Apr-2025 23:38:00 Europe/Berlin] Query executed successfully. Found 0 rows
[23-Apr-2025 23:38:00 Europe/Berlin] Executing SQL: SELECT * FROM matches WHERE id = :id
[23-Apr-2025 23:38:00 Europe/Berlin] With params: {":id":38}
[23-Apr-2025 23:38:00 Europe/Berlin] Query executed successfully. Found 1 rows
[23-Apr-2025 23:38:00 Europe/Berlin] Executing SQL: SELECT * FROM players WHERE match_id = :match_id AND team = :team
[23-Apr-2025 23:38:00 Europe/Berlin] With params: {":match_id":38,":team":"Csk"}
[23-Apr-2025 23:38:00 Europe/Berlin] Query executed successfully. Found 0 rows
[23-Apr-2025 23:38:00 Europe/Berlin] Executing SQL: SELECT * FROM players WHERE match_id = :match_id AND team = :team
[23-Apr-2025 23:38:00 Europe/Berlin] With params: {":match_id":38,":team":"mi"}
[23-Apr-2025 23:38:00 Europe/Berlin] Query executed successfully. Found 0 rows
[23-Apr-2025 23:38:00 Europe/Berlin] Header - Session status: 2
[23-Apr-2025 23:38:00 Europe/Berlin] Header - Session data: {"user_id":12,"username":"varunpndey","email":"va@gmail.com","account_type":"admin"}
[23-Apr-2025 23:38:00 Europe/Berlin] Header - After session start - Status: 2
[23-Apr-2025 23:38:00 Europe/Berlin] Header - After session start - Data: {"user_id":12,"username":"varunpndey","email":"va@gmail.com","account_type":"admin"}
[23-Apr-2025 23:38:00 Europe/Berlin] Header - Is logged in: Yes
[23-Apr-2025 23:38:03 Europe/Berlin] Connected to database. Tables found: favorites, feedback, matches, matches_backup, matches_new, news, newsletter, notifications, players, subscriptions, users
[23-Apr-2025 23:38:03 Europe/Berlin] Executing SQL: CREATE TABLE IF NOT EXISTS users (
                id INT AUTO_INCREMENT PRIMARY KEY,
                username VARCHAR(50) NOT NULL UNIQUE,
                password VARCHAR(255) NOT NULL,
                email VARCHAR(100) NOT NULL UNIQUE,
                account_type ENUM('user', 'admin') DEFAULT 'user',
                created_at TIMESTAMP DEFAULT CURRENT_TIMESTAMP
            )
[23-Apr-2025 23:38:03 Europe/Berlin] With params: []
[23-Apr-2025 23:38:03 Europe/Berlin] Query executed successfully. Found 0 rows
[23-Apr-2025 23:38:03 Europe/Berlin] Users table created or already exists
[23-Apr-2025 23:38:03 Europe/Berlin] Users table structure: [{"Field":"id","Type":"int(11)","Null":"NO","Key":"PRI","Default":null,"Extra":"auto_increment"},{"Field":"username","Type":"varchar(50)","Null":"NO","Key":"","Default":null,"Extra":""},{"Field":"email","Type":"varchar(100)","Null":"NO","Key":"UNI","Default":null,"Extra":""},{"Field":"password","Type":"varchar(255)","Null":"NO","Key":"","Default":null,"Extra":""},{"Field":"role","Type":"enum('user','admin')","Null":"YES","Key":"","Default":"user","Extra":""},{"Field":"verification_code","Type":"varchar(100)","Null":"YES","Key":"","Default":null,"Extra":""},{"Field":"is_verified","Type":"tinyint(1)","Null":"YES","Key":"","Default":"0","Extra":""},{"Field":"created_at","Type":"timestamp","Null":"NO","Key":"","Default":"current_timestamp()","Extra":""},{"Field":"favorite_sport","Type":"varchar(50)","Null":"YES","Key":"","Default":null,"Extra":""},{"Field":"favorite_team","Type":"varchar(50)","Null":"YES","Key":"","Default":null,"Extra":""},{"Field":"account_type","Type":"enum('user','admin')","Null":"YES","Key":"","Default":"user","Extra":""}]
[23-Apr-2025 23:38:03 Europe/Berlin] Number of users in database: 13
[23-Apr-2025 23:38:03 Europe/Berlin] All tables initialized successfully
[23-Apr-2025 23:38:03 Europe/Berlin] Connected to database. Tables found: favorites, feedback, matches, matches_backup, matches_new, news, newsletter, notifications, players, subscriptions, users
[23-Apr-2025 23:38:03 Europe/Berlin] Executing SQL: CREATE TABLE IF NOT EXISTS users (
                id INT AUTO_INCREMENT PRIMARY KEY,
                username VARCHAR(50) NOT NULL UNIQUE,
                password VARCHAR(255) NOT NULL,
                email VARCHAR(100) NOT NULL UNIQUE,
                account_type ENUM('user', 'admin') DEFAULT 'user',
                created_at TIMESTAMP DEFAULT CURRENT_TIMESTAMP
            )
[23-Apr-2025 23:38:03 Europe/Berlin] With params: []
[23-Apr-2025 23:38:03 Europe/Berlin] Query executed successfully. Found 0 rows
[23-Apr-2025 23:38:03 Europe/Berlin] Users table created or already exists
[23-Apr-2025 23:38:03 Europe/Berlin] Users table structure: [{"Field":"id","Type":"int(11)","Null":"NO","Key":"PRI","Default":null,"Extra":"auto_increment"},{"Field":"username","Type":"varchar(50)","Null":"NO","Key":"","Default":null,"Extra":""},{"Field":"email","Type":"varchar(100)","Null":"NO","Key":"UNI","Default":null,"Extra":""},{"Field":"password","Type":"varchar(255)","Null":"NO","Key":"","Default":null,"Extra":""},{"Field":"role","Type":"enum('user','admin')","Null":"YES","Key":"","Default":"user","Extra":""},{"Field":"verification_code","Type":"varchar(100)","Null":"YES","Key":"","Default":null,"Extra":""},{"Field":"is_verified","Type":"tinyint(1)","Null":"YES","Key":"","Default":"0","Extra":""},{"Field":"created_at","Type":"timestamp","Null":"NO","Key":"","Default":"current_timestamp()","Extra":""},{"Field":"favorite_sport","Type":"varchar(50)","Null":"YES","Key":"","Default":null,"Extra":""},{"Field":"favorite_team","Type":"varchar(50)","Null":"YES","Key":"","Default":null,"Extra":""},{"Field":"account_type","Type":"enum('user','admin')","Null":"YES","Key":"","Default":"user","Extra":""}]
[23-Apr-2025 23:38:03 Europe/Berlin] Number of users in database: 13
[23-Apr-2025 23:38:03 Europe/Berlin] All tables initialized successfully
[23-Apr-2025 23:38:03 Europe/Berlin] Database tables initialized successfully
[23-Apr-2025 23:38:03 Europe/Berlin] Executing SQL: SELECT * FROM users WHERE id = :id
[23-Apr-2025 23:38:03 Europe/Berlin] With params: {":id":12}
[23-Apr-2025 23:38:03 Europe/Berlin] Query executed successfully. Found 1 rows
[23-Apr-2025 23:38:03 Europe/Berlin] User loaded from session: varunpndey
[23-Apr-2025 23:38:03 Europe/Berlin] Executing SQL: CREATE TABLE IF NOT EXISTS players (
                id INT AUTO_INCREMENT PRIMARY KEY,
                match_id INT NOT NULL,
                team VARCHAR(100) NOT NULL,
                name VARCHAR(100) NOT NULL,
                role VARCHAR(50) NOT NULL,
                score INT DEFAULT 0,
                sport VARCHAR(20) NOT NULL,
                created_at TIMESTAMP DEFAULT CURRENT_TIMESTAMP,
                FOREIGN KEY (match_id) REFERENCES matches(id) ON DELETE CASCADE
            )
[23-Apr-2025 23:38:03 Europe/Berlin] With params: []
[23-Apr-2025 23:38:03 Europe/Berlin] Query executed successfully. Found 0 rows
[23-Apr-2025 23:38:03 Europe/Berlin] Executing SQL: SELECT * FROM matches WHERE id = :id
[23-Apr-2025 23:38:03 Europe/Berlin] With params: {":id":37}
[23-Apr-2025 23:38:03 Europe/Berlin] Query executed successfully. Found 1 rows
[23-Apr-2025 23:38:03 Europe/Berlin] Executing SQL: SELECT * FROM players WHERE match_id = :match_id AND team = :team
[23-Apr-2025 23:38:03 Europe/Berlin] With params: {":match_id":37,":team":"India"}
[23-Apr-2025 23:38:03 Europe/Berlin] Query executed successfully. Found 0 rows
[23-Apr-2025 23:38:03 Europe/Berlin] Executing SQL: SELECT * FROM players WHERE match_id = :match_id AND team = :team
[23-Apr-2025 23:38:03 Europe/Berlin] With params: {":match_id":37,":team":"Australia"}
[23-Apr-2025 23:38:03 Europe/Berlin] Query executed successfully. Found 0 rows
[23-Apr-2025 23:38:03 Europe/Berlin] Header - Session status: 2
[23-Apr-2025 23:38:03 Europe/Berlin] Header - Session data: {"user_id":12,"username":"varunpndey","email":"va@gmail.com","account_type":"admin"}
[23-Apr-2025 23:38:03 Europe/Berlin] Header - After session start - Status: 2
[23-Apr-2025 23:38:03 Europe/Berlin] Header - After session start - Data: {"user_id":12,"username":"varunpndey","email":"va@gmail.com","account_type":"admin"}
[23-Apr-2025 23:38:03 Europe/Berlin] Header - Is logged in: Yes
[23-Apr-2025 23:38:07 Europe/Berlin] Connected to database. Tables found: favorites, feedback, matches, matches_backup, matches_new, news, newsletter, notifications, players, subscriptions, users
[23-Apr-2025 23:38:07 Europe/Berlin] Executing SQL: CREATE TABLE IF NOT EXISTS users (
                id INT AUTO_INCREMENT PRIMARY KEY,
                username VARCHAR(50) NOT NULL UNIQUE,
                password VARCHAR(255) NOT NULL,
                email VARCHAR(100) NOT NULL UNIQUE,
                account_type ENUM('user', 'admin') DEFAULT 'user',
                created_at TIMESTAMP DEFAULT CURRENT_TIMESTAMP
            )
[23-Apr-2025 23:38:07 Europe/Berlin] With params: []
[23-Apr-2025 23:38:07 Europe/Berlin] Query executed successfully. Found 0 rows
[23-Apr-2025 23:38:07 Europe/Berlin] Users table created or already exists
[23-Apr-2025 23:38:07 Europe/Berlin] Users table structure: [{"Field":"id","Type":"int(11)","Null":"NO","Key":"PRI","Default":null,"Extra":"auto_increment"},{"Field":"username","Type":"varchar(50)","Null":"NO","Key":"","Default":null,"Extra":""},{"Field":"email","Type":"varchar(100)","Null":"NO","Key":"UNI","Default":null,"Extra":""},{"Field":"password","Type":"varchar(255)","Null":"NO","Key":"","Default":null,"Extra":""},{"Field":"role","Type":"enum('user','admin')","Null":"YES","Key":"","Default":"user","Extra":""},{"Field":"verification_code","Type":"varchar(100)","Null":"YES","Key":"","Default":null,"Extra":""},{"Field":"is_verified","Type":"tinyint(1)","Null":"YES","Key":"","Default":"0","Extra":""},{"Field":"created_at","Type":"timestamp","Null":"NO","Key":"","Default":"current_timestamp()","Extra":""},{"Field":"favorite_sport","Type":"varchar(50)","Null":"YES","Key":"","Default":null,"Extra":""},{"Field":"favorite_team","Type":"varchar(50)","Null":"YES","Key":"","Default":null,"Extra":""},{"Field":"account_type","Type":"enum('user','admin')","Null":"YES","Key":"","Default":"user","Extra":""}]
[23-Apr-2025 23:38:07 Europe/Berlin] Number of users in database: 13
[23-Apr-2025 23:38:07 Europe/Berlin] All tables initialized successfully
[23-Apr-2025 23:38:07 Europe/Berlin] API Request received: /sportsync/backend/match.php?action=fetch_matches&sport=cricket&status=upcoming
[23-Apr-2025 23:38:07 Europe/Berlin] GET parameters: Array
(
    [action] => fetch_matches
    [sport] => cricket
    [status] => upcoming
)

[23-Apr-2025 23:38:07 Europe/Berlin] Executing SQL: SELECT * FROM matches WHERE sport = :sport AND status = :status
[23-Apr-2025 23:38:07 Europe/Berlin] With params: {":sport":"cricket",":status":"upcoming"}
[23-Apr-2025 23:38:07 Europe/Berlin] Query executed successfully. Found 2 rows
[23-Apr-2025 23:38:08 Europe/Berlin] Connected to database. Tables found: favorites, feedback, matches, matches_backup, matches_new, news, newsletter, notifications, players, subscriptions, users
[23-Apr-2025 23:38:08 Europe/Berlin] Executing SQL: CREATE TABLE IF NOT EXISTS users (
                id INT AUTO_INCREMENT PRIMARY KEY,
                username VARCHAR(50) NOT NULL UNIQUE,
                password VARCHAR(255) NOT NULL,
                email VARCHAR(100) NOT NULL UNIQUE,
                account_type ENUM('user', 'admin') DEFAULT 'user',
                created_at TIMESTAMP DEFAULT CURRENT_TIMESTAMP
            )
[23-Apr-2025 23:38:08 Europe/Berlin] With params: []
[23-Apr-2025 23:38:08 Europe/Berlin] Query executed successfully. Found 0 rows
[23-Apr-2025 23:38:08 Europe/Berlin] Users table created or already exists
[23-Apr-2025 23:38:08 Europe/Berlin] Users table structure: [{"Field":"id","Type":"int(11)","Null":"NO","Key":"PRI","Default":null,"Extra":"auto_increment"},{"Field":"username","Type":"varchar(50)","Null":"NO","Key":"","Default":null,"Extra":""},{"Field":"email","Type":"varchar(100)","Null":"NO","Key":"UNI","Default":null,"Extra":""},{"Field":"password","Type":"varchar(255)","Null":"NO","Key":"","Default":null,"Extra":""},{"Field":"role","Type":"enum('user','admin')","Null":"YES","Key":"","Default":"user","Extra":""},{"Field":"verification_code","Type":"varchar(100)","Null":"YES","Key":"","Default":null,"Extra":""},{"Field":"is_verified","Type":"tinyint(1)","Null":"YES","Key":"","Default":"0","Extra":""},{"Field":"created_at","Type":"timestamp","Null":"NO","Key":"","Default":"current_timestamp()","Extra":""},{"Field":"favorite_sport","Type":"varchar(50)","Null":"YES","Key":"","Default":null,"Extra":""},{"Field":"favorite_team","Type":"varchar(50)","Null":"YES","Key":"","Default":null,"Extra":""},{"Field":"account_type","Type":"enum('user','admin')","Null":"YES","Key":"","Default":"user","Extra":""}]
[23-Apr-2025 23:38:08 Europe/Berlin] Number of users in database: 13
[23-Apr-2025 23:38:08 Europe/Berlin] All tables initialized successfully
[23-Apr-2025 23:38:08 Europe/Berlin] Connected to database. Tables found: favorites, feedback, matches, matches_backup, matches_new, news, newsletter, notifications, players, subscriptions, users
[23-Apr-2025 23:38:08 Europe/Berlin] Executing SQL: CREATE TABLE IF NOT EXISTS users (
                id INT AUTO_INCREMENT PRIMARY KEY,
                username VARCHAR(50) NOT NULL UNIQUE,
                password VARCHAR(255) NOT NULL,
                email VARCHAR(100) NOT NULL UNIQUE,
                account_type ENUM('user', 'admin') DEFAULT 'user',
                created_at TIMESTAMP DEFAULT CURRENT_TIMESTAMP
            )
[23-Apr-2025 23:38:08 Europe/Berlin] With params: []
[23-Apr-2025 23:38:08 Europe/Berlin] Query executed successfully. Found 0 rows
[23-Apr-2025 23:38:08 Europe/Berlin] Users table created or already exists
[23-Apr-2025 23:38:08 Europe/Berlin] Users table structure: [{"Field":"id","Type":"int(11)","Null":"NO","Key":"PRI","Default":null,"Extra":"auto_increment"},{"Field":"username","Type":"varchar(50)","Null":"NO","Key":"","Default":null,"Extra":""},{"Field":"email","Type":"varchar(100)","Null":"NO","Key":"UNI","Default":null,"Extra":""},{"Field":"password","Type":"varchar(255)","Null":"NO","Key":"","Default":null,"Extra":""},{"Field":"role","Type":"enum('user','admin')","Null":"YES","Key":"","Default":"user","Extra":""},{"Field":"verification_code","Type":"varchar(100)","Null":"YES","Key":"","Default":null,"Extra":""},{"Field":"is_verified","Type":"tinyint(1)","Null":"YES","Key":"","Default":"0","Extra":""},{"Field":"created_at","Type":"timestamp","Null":"NO","Key":"","Default":"current_timestamp()","Extra":""},{"Field":"favorite_sport","Type":"varchar(50)","Null":"YES","Key":"","Default":null,"Extra":""},{"Field":"favorite_team","Type":"varchar(50)","Null":"YES","Key":"","Default":null,"Extra":""},{"Field":"account_type","Type":"enum('user','admin')","Null":"YES","Key":"","Default":"user","Extra":""}]
[23-Apr-2025 23:38:08 Europe/Berlin] Number of users in database: 13
[23-Apr-2025 23:38:08 Europe/Berlin] All tables initialized successfully
[23-Apr-2025 23:38:08 Europe/Berlin] Database tables initialized successfully
[23-Apr-2025 23:38:08 Europe/Berlin] Executing SQL: SELECT * FROM users WHERE id = :id
[23-Apr-2025 23:38:08 Europe/Berlin] With params: {":id":12}
[23-Apr-2025 23:38:09 Europe/Berlin] Query executed successfully. Found 1 rows
[23-Apr-2025 23:38:09 Europe/Berlin] User loaded from session: varunpndey
[23-Apr-2025 23:38:09 Europe/Berlin] Executing SQL: CREATE TABLE IF NOT EXISTS players (
                id INT AUTO_INCREMENT PRIMARY KEY,
                match_id INT NOT NULL,
                team VARCHAR(100) NOT NULL,
                name VARCHAR(100) NOT NULL,
                role VARCHAR(50) NOT NULL,
                score INT DEFAULT 0,
                sport VARCHAR(20) NOT NULL,
                created_at TIMESTAMP DEFAULT CURRENT_TIMESTAMP,
                FOREIGN KEY (match_id) REFERENCES matches(id) ON DELETE CASCADE
            )
[23-Apr-2025 23:38:09 Europe/Berlin] With params: []
[23-Apr-2025 23:38:09 Europe/Berlin] Query executed successfully. Found 0 rows
[23-Apr-2025 23:38:09 Europe/Berlin] Executing SQL: SELECT * FROM matches WHERE id = :id
[23-Apr-2025 23:38:09 Europe/Berlin] With params: {":id":38}
[23-Apr-2025 23:38:09 Europe/Berlin] Query executed successfully. Found 1 rows
[23-Apr-2025 23:38:09 Europe/Berlin] Executing SQL: SELECT * FROM players WHERE match_id = :match_id AND team = :team
[23-Apr-2025 23:38:09 Europe/Berlin] With params: {":match_id":38,":team":"Csk"}
[23-Apr-2025 23:38:09 Europe/Berlin] Query executed successfully. Found 0 rows
[23-Apr-2025 23:38:09 Europe/Berlin] Executing SQL: SELECT * FROM players WHERE match_id = :match_id AND team = :team
[23-Apr-2025 23:38:09 Europe/Berlin] With params: {":match_id":38,":team":"mi"}
[23-Apr-2025 23:38:09 Europe/Berlin] Query executed successfully. Found 0 rows
[23-Apr-2025 23:38:09 Europe/Berlin] Header - Session status: 2
[23-Apr-2025 23:38:09 Europe/Berlin] Header - Session data: {"user_id":12,"username":"varunpndey","email":"va@gmail.com","account_type":"admin"}
[23-Apr-2025 23:38:09 Europe/Berlin] Header - After session start - Status: 2
[23-Apr-2025 23:38:09 Europe/Berlin] Header - After session start - Data: {"user_id":12,"username":"varunpndey","email":"va@gmail.com","account_type":"admin"}
[23-Apr-2025 23:38:09 Europe/Berlin] Header - Is logged in: Yes
[23-Apr-2025 23:38:12 Europe/Berlin] Connected to database. Tables found: favorites, feedback, matches, matches_backup, matches_new, news, newsletter, notifications, players, subscriptions, users
[23-Apr-2025 23:38:12 Europe/Berlin] Executing SQL: CREATE TABLE IF NOT EXISTS users (
                id INT AUTO_INCREMENT PRIMARY KEY,
                username VARCHAR(50) NOT NULL UNIQUE,
                password VARCHAR(255) NOT NULL,
                email VARCHAR(100) NOT NULL UNIQUE,
                account_type ENUM('user', 'admin') DEFAULT 'user',
                created_at TIMESTAMP DEFAULT CURRENT_TIMESTAMP
            )
[23-Apr-2025 23:38:12 Europe/Berlin] With params: []
[23-Apr-2025 23:38:12 Europe/Berlin] Query executed successfully. Found 0 rows
[23-Apr-2025 23:38:12 Europe/Berlin] Users table created or already exists
[23-Apr-2025 23:38:12 Europe/Berlin] Users table structure: [{"Field":"id","Type":"int(11)","Null":"NO","Key":"PRI","Default":null,"Extra":"auto_increment"},{"Field":"username","Type":"varchar(50)","Null":"NO","Key":"","Default":null,"Extra":""},{"Field":"email","Type":"varchar(100)","Null":"NO","Key":"UNI","Default":null,"Extra":""},{"Field":"password","Type":"varchar(255)","Null":"NO","Key":"","Default":null,"Extra":""},{"Field":"role","Type":"enum('user','admin')","Null":"YES","Key":"","Default":"user","Extra":""},{"Field":"verification_code","Type":"varchar(100)","Null":"YES","Key":"","Default":null,"Extra":""},{"Field":"is_verified","Type":"tinyint(1)","Null":"YES","Key":"","Default":"0","Extra":""},{"Field":"created_at","Type":"timestamp","Null":"NO","Key":"","Default":"current_timestamp()","Extra":""},{"Field":"favorite_sport","Type":"varchar(50)","Null":"YES","Key":"","Default":null,"Extra":""},{"Field":"favorite_team","Type":"varchar(50)","Null":"YES","Key":"","Default":null,"Extra":""},{"Field":"account_type","Type":"enum('user','admin')","Null":"YES","Key":"","Default":"user","Extra":""}]
[23-Apr-2025 23:38:12 Europe/Berlin] Number of users in database: 13
[23-Apr-2025 23:38:12 Europe/Berlin] All tables initialized successfully
[23-Apr-2025 23:38:12 Europe/Berlin] API Request received: /sportsync/backend/match.php?action=fetch_matches&sport=cricket&status=completed
[23-Apr-2025 23:38:12 Europe/Berlin] GET parameters: Array
(
    [action] => fetch_matches
    [sport] => cricket
    [status] => completed
)

[23-Apr-2025 23:38:12 Europe/Berlin] Executing SQL: SELECT * FROM matches WHERE sport = :sport AND status = :status
[23-Apr-2025 23:38:12 Europe/Berlin] With params: {":sport":"cricket",":status":"completed"}
[23-Apr-2025 23:38:12 Europe/Berlin] Query executed successfully. Found 0 rows
[23-Apr-2025 23:38:13 Europe/Berlin] Connected to database. Tables found: favorites, feedback, matches, matches_backup, matches_new, news, newsletter, notifications, players, subscriptions, users
[23-Apr-2025 23:38:13 Europe/Berlin] Executing SQL: CREATE TABLE IF NOT EXISTS users (
                id INT AUTO_INCREMENT PRIMARY KEY,
                username VARCHAR(50) NOT NULL UNIQUE,
                password VARCHAR(255) NOT NULL,
                email VARCHAR(100) NOT NULL UNIQUE,
                account_type ENUM('user', 'admin') DEFAULT 'user',
                created_at TIMESTAMP DEFAULT CURRENT_TIMESTAMP
            )
[23-Apr-2025 23:38:13 Europe/Berlin] With params: []
[23-Apr-2025 23:38:13 Europe/Berlin] Query executed successfully. Found 0 rows
[23-Apr-2025 23:38:13 Europe/Berlin] Users table created or already exists
[23-Apr-2025 23:38:13 Europe/Berlin] Users table structure: [{"Field":"id","Type":"int(11)","Null":"NO","Key":"PRI","Default":null,"Extra":"auto_increment"},{"Field":"username","Type":"varchar(50)","Null":"NO","Key":"","Default":null,"Extra":""},{"Field":"email","Type":"varchar(100)","Null":"NO","Key":"UNI","Default":null,"Extra":""},{"Field":"password","Type":"varchar(255)","Null":"NO","Key":"","Default":null,"Extra":""},{"Field":"role","Type":"enum('user','admin')","Null":"YES","Key":"","Default":"user","Extra":""},{"Field":"verification_code","Type":"varchar(100)","Null":"YES","Key":"","Default":null,"Extra":""},{"Field":"is_verified","Type":"tinyint(1)","Null":"YES","Key":"","Default":"0","Extra":""},{"Field":"created_at","Type":"timestamp","Null":"NO","Key":"","Default":"current_timestamp()","Extra":""},{"Field":"favorite_sport","Type":"varchar(50)","Null":"YES","Key":"","Default":null,"Extra":""},{"Field":"favorite_team","Type":"varchar(50)","Null":"YES","Key":"","Default":null,"Extra":""},{"Field":"account_type","Type":"enum('user','admin')","Null":"YES","Key":"","Default":"user","Extra":""}]
[23-Apr-2025 23:38:13 Europe/Berlin] Number of users in database: 13
[23-Apr-2025 23:38:13 Europe/Berlin] All tables initialized successfully
[23-Apr-2025 23:38:13 Europe/Berlin] API Request received: /sportsync/backend/match.php?action=fetch_matches&sport=cricket&status=live
[23-Apr-2025 23:38:13 Europe/Berlin] GET parameters: Array
(
    [action] => fetch_matches
    [sport] => cricket
    [status] => live
)

[23-Apr-2025 23:38:13 Europe/Berlin] Executing SQL: SELECT * FROM matches WHERE sport = :sport AND status = :status
[23-Apr-2025 23:38:13 Europe/Berlin] With params: {":sport":"cricket",":status":"live"}
[23-Apr-2025 23:38:13 Europe/Berlin] Query executed successfully. Found 1 rows
[23-Apr-2025 23:38:14 Europe/Berlin] Connected to database. Tables found: favorites, feedback, matches, matches_backup, matches_new, news, newsletter, notifications, players, subscriptions, users
[23-Apr-2025 23:38:14 Europe/Berlin] Executing SQL: CREATE TABLE IF NOT EXISTS users (
                id INT AUTO_INCREMENT PRIMARY KEY,
                username VARCHAR(50) NOT NULL UNIQUE,
                password VARCHAR(255) NOT NULL,
                email VARCHAR(100) NOT NULL UNIQUE,
                account_type ENUM('user', 'admin') DEFAULT 'user',
                created_at TIMESTAMP DEFAULT CURRENT_TIMESTAMP
            )
[23-Apr-2025 23:38:14 Europe/Berlin] With params: []
[23-Apr-2025 23:38:14 Europe/Berlin] Query executed successfully. Found 0 rows
[23-Apr-2025 23:38:14 Europe/Berlin] Users table created or already exists
[23-Apr-2025 23:38:14 Europe/Berlin] Users table structure: [{"Field":"id","Type":"int(11)","Null":"NO","Key":"PRI","Default":null,"Extra":"auto_increment"},{"Field":"username","Type":"varchar(50)","Null":"NO","Key":"","Default":null,"Extra":""},{"Field":"email","Type":"varchar(100)","Null":"NO","Key":"UNI","Default":null,"Extra":""},{"Field":"password","Type":"varchar(255)","Null":"NO","Key":"","Default":null,"Extra":""},{"Field":"role","Type":"enum('user','admin')","Null":"YES","Key":"","Default":"user","Extra":""},{"Field":"verification_code","Type":"varchar(100)","Null":"YES","Key":"","Default":null,"Extra":""},{"Field":"is_verified","Type":"tinyint(1)","Null":"YES","Key":"","Default":"0","Extra":""},{"Field":"created_at","Type":"timestamp","Null":"NO","Key":"","Default":"current_timestamp()","Extra":""},{"Field":"favorite_sport","Type":"varchar(50)","Null":"YES","Key":"","Default":null,"Extra":""},{"Field":"favorite_team","Type":"varchar(50)","Null":"YES","Key":"","Default":null,"Extra":""},{"Field":"account_type","Type":"enum('user','admin')","Null":"YES","Key":"","Default":"user","Extra":""}]
[23-Apr-2025 23:38:14 Europe/Berlin] Number of users in database: 13
[23-Apr-2025 23:38:14 Europe/Berlin] All tables initialized successfully
[23-Apr-2025 23:38:14 Europe/Berlin] Connected to database. Tables found: favorites, feedback, matches, matches_backup, matches_new, news, newsletter, notifications, players, subscriptions, users
[23-Apr-2025 23:38:14 Europe/Berlin] Executing SQL: CREATE TABLE IF NOT EXISTS users (
                id INT AUTO_INCREMENT PRIMARY KEY,
                username VARCHAR(50) NOT NULL UNIQUE,
                password VARCHAR(255) NOT NULL,
                email VARCHAR(100) NOT NULL UNIQUE,
                account_type ENUM('user', 'admin') DEFAULT 'user',
                created_at TIMESTAMP DEFAULT CURRENT_TIMESTAMP
            )
[23-Apr-2025 23:38:14 Europe/Berlin] With params: []
[23-Apr-2025 23:38:14 Europe/Berlin] Query executed successfully. Found 0 rows
[23-Apr-2025 23:38:14 Europe/Berlin] Users table created or already exists
[23-Apr-2025 23:38:14 Europe/Berlin] Users table structure: [{"Field":"id","Type":"int(11)","Null":"NO","Key":"PRI","Default":null,"Extra":"auto_increment"},{"Field":"username","Type":"varchar(50)","Null":"NO","Key":"","Default":null,"Extra":""},{"Field":"email","Type":"varchar(100)","Null":"NO","Key":"UNI","Default":null,"Extra":""},{"Field":"password","Type":"varchar(255)","Null":"NO","Key":"","Default":null,"Extra":""},{"Field":"role","Type":"enum('user','admin')","Null":"YES","Key":"","Default":"user","Extra":""},{"Field":"verification_code","Type":"varchar(100)","Null":"YES","Key":"","Default":null,"Extra":""},{"Field":"is_verified","Type":"tinyint(1)","Null":"YES","Key":"","Default":"0","Extra":""},{"Field":"created_at","Type":"timestamp","Null":"NO","Key":"","Default":"current_timestamp()","Extra":""},{"Field":"favorite_sport","Type":"varchar(50)","Null":"YES","Key":"","Default":null,"Extra":""},{"Field":"favorite_team","Type":"varchar(50)","Null":"YES","Key":"","Default":null,"Extra":""},{"Field":"account_type","Type":"enum('user','admin')","Null":"YES","Key":"","Default":"user","Extra":""}]
[23-Apr-2025 23:38:14 Europe/Berlin] Number of users in database: 13
[23-Apr-2025 23:38:14 Europe/Berlin] All tables initialized successfully
[23-Apr-2025 23:38:14 Europe/Berlin] Database tables initialized successfully
[23-Apr-2025 23:38:14 Europe/Berlin] Executing SQL: SELECT * FROM users WHERE id = :id
[23-Apr-2025 23:38:14 Europe/Berlin] With params: {":id":12}
[23-Apr-2025 23:38:14 Europe/Berlin] Query executed successfully. Found 1 rows
[23-Apr-2025 23:38:14 Europe/Berlin] User loaded from session: varunpndey
[23-Apr-2025 23:38:14 Europe/Berlin] Executing SQL: CREATE TABLE IF NOT EXISTS players (
                id INT AUTO_INCREMENT PRIMARY KEY,
                match_id INT NOT NULL,
                team VARCHAR(100) NOT NULL,
                name VARCHAR(100) NOT NULL,
                role VARCHAR(50) NOT NULL,
                score INT DEFAULT 0,
                sport VARCHAR(20) NOT NULL,
                created_at TIMESTAMP DEFAULT CURRENT_TIMESTAMP,
                FOREIGN KEY (match_id) REFERENCES matches(id) ON DELETE CASCADE
            )
[23-Apr-2025 23:38:14 Europe/Berlin] With params: []
[23-Apr-2025 23:38:14 Europe/Berlin] Query executed successfully. Found 0 rows
[23-Apr-2025 23:38:14 Europe/Berlin] Executing SQL: SELECT * FROM matches WHERE id = :id
[23-Apr-2025 23:38:14 Europe/Berlin] With params: {":id":42}
[23-Apr-2025 23:38:14 Europe/Berlin] Query executed successfully. Found 1 rows
[23-Apr-2025 23:38:14 Europe/Berlin] Executing SQL: SELECT * FROM players WHERE match_id = :match_id AND team = :team
[23-Apr-2025 23:38:14 Europe/Berlin] With params: {":match_id":42,":team":"Rcb"}
[23-Apr-2025 23:38:14 Europe/Berlin] Query executed successfully. Found 0 rows
[23-Apr-2025 23:38:14 Europe/Berlin] Executing SQL: SELECT * FROM players WHERE match_id = :match_id AND team = :team
[23-Apr-2025 23:38:14 Europe/Berlin] With params: {":match_id":42,":team":"PBKS"}
[23-Apr-2025 23:38:14 Europe/Berlin] Query executed successfully. Found 0 rows
[23-Apr-2025 23:38:14 Europe/Berlin] Header - Session status: 2
[23-Apr-2025 23:38:14 Europe/Berlin] Header - Session data: {"user_id":12,"username":"varunpndey","email":"va@gmail.com","account_type":"admin"}
[23-Apr-2025 23:38:14 Europe/Berlin] Header - After session start - Status: 2
[23-Apr-2025 23:38:14 Europe/Berlin] Header - After session start - Data: {"user_id":12,"username":"varunpndey","email":"va@gmail.com","account_type":"admin"}
[23-Apr-2025 23:38:14 Europe/Berlin] Header - Is logged in: Yes
[23-Apr-2025 23:38:25 Europe/Berlin] Connected to database. Tables found: favorites, feedback, matches, matches_backup, matches_new, news, newsletter, notifications, players, subscriptions, users
[23-Apr-2025 23:38:25 Europe/Berlin] Executing SQL: CREATE TABLE IF NOT EXISTS users (
                id INT AUTO_INCREMENT PRIMARY KEY,
                username VARCHAR(50) NOT NULL UNIQUE,
                password VARCHAR(255) NOT NULL,
                email VARCHAR(100) NOT NULL UNIQUE,
                account_type ENUM('user', 'admin') DEFAULT 'user',
                created_at TIMESTAMP DEFAULT CURRENT_TIMESTAMP
            )
[23-Apr-2025 23:38:25 Europe/Berlin] With params: []
[23-Apr-2025 23:38:25 Europe/Berlin] Query executed successfully. Found 0 rows
[23-Apr-2025 23:38:25 Europe/Berlin] Users table created or already exists
[23-Apr-2025 23:38:25 Europe/Berlin] Users table structure: [{"Field":"id","Type":"int(11)","Null":"NO","Key":"PRI","Default":null,"Extra":"auto_increment"},{"Field":"username","Type":"varchar(50)","Null":"NO","Key":"","Default":null,"Extra":""},{"Field":"email","Type":"varchar(100)","Null":"NO","Key":"UNI","Default":null,"Extra":""},{"Field":"password","Type":"varchar(255)","Null":"NO","Key":"","Default":null,"Extra":""},{"Field":"role","Type":"enum('user','admin')","Null":"YES","Key":"","Default":"user","Extra":""},{"Field":"verification_code","Type":"varchar(100)","Null":"YES","Key":"","Default":null,"Extra":""},{"Field":"is_verified","Type":"tinyint(1)","Null":"YES","Key":"","Default":"0","Extra":""},{"Field":"created_at","Type":"timestamp","Null":"NO","Key":"","Default":"current_timestamp()","Extra":""},{"Field":"favorite_sport","Type":"varchar(50)","Null":"YES","Key":"","Default":null,"Extra":""},{"Field":"favorite_team","Type":"varchar(50)","Null":"YES","Key":"","Default":null,"Extra":""},{"Field":"account_type","Type":"enum('user','admin')","Null":"YES","Key":"","Default":"user","Extra":""}]
[23-Apr-2025 23:38:25 Europe/Berlin] Number of users in database: 13
[23-Apr-2025 23:38:25 Europe/Berlin] All tables initialized successfully
[23-Apr-2025 23:38:25 Europe/Berlin] API Request received: /sportsync/backend/match.php?action=fetch_matches&sport=cricket&status=live
[23-Apr-2025 23:38:25 Europe/Berlin] GET parameters: Array
(
    [action] => fetch_matches
    [sport] => cricket
    [status] => live
)

[23-Apr-2025 23:38:25 Europe/Berlin] Executing SQL: SELECT * FROM matches WHERE sport = :sport AND status = :status
[23-Apr-2025 23:38:25 Europe/Berlin] With params: {":sport":"cricket",":status":"live"}
[23-Apr-2025 23:38:25 Europe/Berlin] Query executed successfully. Found 1 rows
[23-Apr-2025 23:38:55 Europe/Berlin] Connected to database. Tables found: favorites, feedback, matches, matches_backup, matches_new, news, newsletter, notifications, players, subscriptions, users
[23-Apr-2025 23:38:55 Europe/Berlin] Executing SQL: CREATE TABLE IF NOT EXISTS users (
                id INT AUTO_INCREMENT PRIMARY KEY,
                username VARCHAR(50) NOT NULL UNIQUE,
                password VARCHAR(255) NOT NULL,
                email VARCHAR(100) NOT NULL UNIQUE,
                account_type ENUM('user', 'admin') DEFAULT 'user',
                created_at TIMESTAMP DEFAULT CURRENT_TIMESTAMP
            )
[23-Apr-2025 23:38:55 Europe/Berlin] With params: []
[23-Apr-2025 23:38:55 Europe/Berlin] Query executed successfully. Found 0 rows
[23-Apr-2025 23:38:55 Europe/Berlin] Users table created or already exists
[23-Apr-2025 23:38:55 Europe/Berlin] Users table structure: [{"Field":"id","Type":"int(11)","Null":"NO","Key":"PRI","Default":null,"Extra":"auto_increment"},{"Field":"username","Type":"varchar(50)","Null":"NO","Key":"","Default":null,"Extra":""},{"Field":"email","Type":"varchar(100)","Null":"NO","Key":"UNI","Default":null,"Extra":""},{"Field":"password","Type":"varchar(255)","Null":"NO","Key":"","Default":null,"Extra":""},{"Field":"role","Type":"enum('user','admin')","Null":"YES","Key":"","Default":"user","Extra":""},{"Field":"verification_code","Type":"varchar(100)","Null":"YES","Key":"","Default":null,"Extra":""},{"Field":"is_verified","Type":"tinyint(1)","Null":"YES","Key":"","Default":"0","Extra":""},{"Field":"created_at","Type":"timestamp","Null":"NO","Key":"","Default":"current_timestamp()","Extra":""},{"Field":"favorite_sport","Type":"varchar(50)","Null":"YES","Key":"","Default":null,"Extra":""},{"Field":"favorite_team","Type":"varchar(50)","Null":"YES","Key":"","Default":null,"Extra":""},{"Field":"account_type","Type":"enum('user','admin')","Null":"YES","Key":"","Default":"user","Extra":""}]
[23-Apr-2025 23:38:55 Europe/Berlin] Number of users in database: 13
[23-Apr-2025 23:38:55 Europe/Berlin] All tables initialized successfully
[23-Apr-2025 23:38:55 Europe/Berlin] API Request received: /sportsync/backend/match.php?action=fetch_matches&sport=cricket&status=live
[23-Apr-2025 23:38:55 Europe/Berlin] GET parameters: Array
(
    [action] => fetch_matches
    [sport] => cricket
    [status] => live
)

[23-Apr-2025 23:38:55 Europe/Berlin] Executing SQL: SELECT * FROM matches WHERE sport = :sport AND status = :status
[23-Apr-2025 23:38:55 Europe/Berlin] With params: {":sport":"cricket",":status":"live"}
[23-Apr-2025 23:38:55 Europe/Berlin] Query executed successfully. Found 1 rows
[23-Apr-2025 23:39:00 Europe/Berlin] Connected to database. Tables found: favorites, feedback, matches, matches_backup, matches_new, news, newsletter, notifications, players, subscriptions, users
[23-Apr-2025 23:39:00 Europe/Berlin] Executing SQL: CREATE TABLE IF NOT EXISTS users (
                id INT AUTO_INCREMENT PRIMARY KEY,
                username VARCHAR(50) NOT NULL UNIQUE,
                password VARCHAR(255) NOT NULL,
                email VARCHAR(100) NOT NULL UNIQUE,
                account_type ENUM('user', 'admin') DEFAULT 'user',
                created_at TIMESTAMP DEFAULT CURRENT_TIMESTAMP
            )
[23-Apr-2025 23:39:00 Europe/Berlin] With params: []
[23-Apr-2025 23:39:00 Europe/Berlin] Query executed successfully. Found 0 rows
[23-Apr-2025 23:39:00 Europe/Berlin] Users table created or already exists
[23-Apr-2025 23:39:00 Europe/Berlin] Users table structure: [{"Field":"id","Type":"int(11)","Null":"NO","Key":"PRI","Default":null,"Extra":"auto_increment"},{"Field":"username","Type":"varchar(50)","Null":"NO","Key":"","Default":null,"Extra":""},{"Field":"email","Type":"varchar(100)","Null":"NO","Key":"UNI","Default":null,"Extra":""},{"Field":"password","Type":"varchar(255)","Null":"NO","Key":"","Default":null,"Extra":""},{"Field":"role","Type":"enum('user','admin')","Null":"YES","Key":"","Default":"user","Extra":""},{"Field":"verification_code","Type":"varchar(100)","Null":"YES","Key":"","Default":null,"Extra":""},{"Field":"is_verified","Type":"tinyint(1)","Null":"YES","Key":"","Default":"0","Extra":""},{"Field":"created_at","Type":"timestamp","Null":"NO","Key":"","Default":"current_timestamp()","Extra":""},{"Field":"favorite_sport","Type":"varchar(50)","Null":"YES","Key":"","Default":null,"Extra":""},{"Field":"favorite_team","Type":"varchar(50)","Null":"YES","Key":"","Default":null,"Extra":""},{"Field":"account_type","Type":"enum('user','admin')","Null":"YES","Key":"","Default":"user","Extra":""}]
[23-Apr-2025 23:39:00 Europe/Berlin] Number of users in database: 13
[23-Apr-2025 23:39:00 Europe/Berlin] All tables initialized successfully
[23-Apr-2025 23:39:00 Europe/Berlin] API Request received: /sportsync/backend/match.php?action=fetch_matches&sport=cricket&all=true
[23-Apr-2025 23:39:00 Europe/Berlin] GET parameters: Array
(
    [action] => fetch_matches
    [sport] => cricket
    [all] => true
)

[23-Apr-2025 23:39:00 Europe/Berlin] Executing SQL: SELECT * FROM matches WHERE sport = :sport ORDER BY match_time DESC
[23-Apr-2025 23:39:00 Europe/Berlin] With params: {":sport":"cricket"}
[23-Apr-2025 23:39:00 Europe/Berlin] Query executed successfully. Found 3 rows
[23-Apr-2025 23:39:01 Europe/Berlin] Connected to database. Tables found: favorites, feedback, matches, matches_backup, matches_new, news, newsletter, notifications, players, subscriptions, users
[23-Apr-2025 23:39:01 Europe/Berlin] Executing SQL: CREATE TABLE IF NOT EXISTS users (
                id INT AUTO_INCREMENT PRIMARY KEY,
                username VARCHAR(50) NOT NULL UNIQUE,
                password VARCHAR(255) NOT NULL,
                email VARCHAR(100) NOT NULL UNIQUE,
                account_type ENUM('user', 'admin') DEFAULT 'user',
                created_at TIMESTAMP DEFAULT CURRENT_TIMESTAMP
            )
[23-Apr-2025 23:39:01 Europe/Berlin] With params: []
[23-Apr-2025 23:39:01 Europe/Berlin] Query executed successfully. Found 0 rows
[23-Apr-2025 23:39:01 Europe/Berlin] Users table created or already exists
[23-Apr-2025 23:39:01 Europe/Berlin] Users table structure: [{"Field":"id","Type":"int(11)","Null":"NO","Key":"PRI","Default":null,"Extra":"auto_increment"},{"Field":"username","Type":"varchar(50)","Null":"NO","Key":"","Default":null,"Extra":""},{"Field":"email","Type":"varchar(100)","Null":"NO","Key":"UNI","Default":null,"Extra":""},{"Field":"password","Type":"varchar(255)","Null":"NO","Key":"","Default":null,"Extra":""},{"Field":"role","Type":"enum('user','admin')","Null":"YES","Key":"","Default":"user","Extra":""},{"Field":"verification_code","Type":"varchar(100)","Null":"YES","Key":"","Default":null,"Extra":""},{"Field":"is_verified","Type":"tinyint(1)","Null":"YES","Key":"","Default":"0","Extra":""},{"Field":"created_at","Type":"timestamp","Null":"NO","Key":"","Default":"current_timestamp()","Extra":""},{"Field":"favorite_sport","Type":"varchar(50)","Null":"YES","Key":"","Default":null,"Extra":""},{"Field":"favorite_team","Type":"varchar(50)","Null":"YES","Key":"","Default":null,"Extra":""},{"Field":"account_type","Type":"enum('user','admin')","Null":"YES","Key":"","Default":"user","Extra":""}]
[23-Apr-2025 23:39:01 Europe/Berlin] Number of users in database: 13
[23-Apr-2025 23:39:01 Europe/Berlin] All tables initialized successfully
[23-Apr-2025 23:39:01 Europe/Berlin] API Request received: /sportsync/backend/match.php?action=fetch_matches&sport=cricket&status=live
[23-Apr-2025 23:39:01 Europe/Berlin] GET parameters: Array
(
    [action] => fetch_matches
    [sport] => cricket
    [status] => live
)

[23-Apr-2025 23:39:01 Europe/Berlin] Executing SQL: SELECT * FROM matches WHERE sport = :sport AND status = :status
[23-Apr-2025 23:39:01 Europe/Berlin] With params: {":sport":"cricket",":status":"live"}
[23-Apr-2025 23:39:01 Europe/Berlin] Query executed successfully. Found 1 rows
[23-Apr-2025 23:39:02 Europe/Berlin] Connected to database. Tables found: favorites, feedback, matches, matches_backup, matches_new, news, newsletter, notifications, players, subscriptions, users
[23-Apr-2025 23:39:02 Europe/Berlin] Executing SQL: CREATE TABLE IF NOT EXISTS users (
                id INT AUTO_INCREMENT PRIMARY KEY,
                username VARCHAR(50) NOT NULL UNIQUE,
                password VARCHAR(255) NOT NULL,
                email VARCHAR(100) NOT NULL UNIQUE,
                account_type ENUM('user', 'admin') DEFAULT 'user',
                created_at TIMESTAMP DEFAULT CURRENT_TIMESTAMP
            )
[23-Apr-2025 23:39:02 Europe/Berlin] With params: []
[23-Apr-2025 23:39:02 Europe/Berlin] Query executed successfully. Found 0 rows
[23-Apr-2025 23:39:02 Europe/Berlin] Users table created or already exists
[23-Apr-2025 23:39:02 Europe/Berlin] Users table structure: [{"Field":"id","Type":"int(11)","Null":"NO","Key":"PRI","Default":null,"Extra":"auto_increment"},{"Field":"username","Type":"varchar(50)","Null":"NO","Key":"","Default":null,"Extra":""},{"Field":"email","Type":"varchar(100)","Null":"NO","Key":"UNI","Default":null,"Extra":""},{"Field":"password","Type":"varchar(255)","Null":"NO","Key":"","Default":null,"Extra":""},{"Field":"role","Type":"enum('user','admin')","Null":"YES","Key":"","Default":"user","Extra":""},{"Field":"verification_code","Type":"varchar(100)","Null":"YES","Key":"","Default":null,"Extra":""},{"Field":"is_verified","Type":"tinyint(1)","Null":"YES","Key":"","Default":"0","Extra":""},{"Field":"created_at","Type":"timestamp","Null":"NO","Key":"","Default":"current_timestamp()","Extra":""},{"Field":"favorite_sport","Type":"varchar(50)","Null":"YES","Key":"","Default":null,"Extra":""},{"Field":"favorite_team","Type":"varchar(50)","Null":"YES","Key":"","Default":null,"Extra":""},{"Field":"account_type","Type":"enum('user','admin')","Null":"YES","Key":"","Default":"user","Extra":""}]
[23-Apr-2025 23:39:02 Europe/Berlin] Number of users in database: 13
[23-Apr-2025 23:39:02 Europe/Berlin] All tables initialized successfully
[23-Apr-2025 23:39:02 Europe/Berlin] API Request received: /sportsync/backend/match.php?action=fetch_matches&sport=cricket&all=true
[23-Apr-2025 23:39:02 Europe/Berlin] GET parameters: Array
(
    [action] => fetch_matches
    [sport] => cricket
    [all] => true
)

[23-Apr-2025 23:39:02 Europe/Berlin] Executing SQL: SELECT * FROM matches WHERE sport = :sport ORDER BY match_time DESC
[23-Apr-2025 23:39:02 Europe/Berlin] With params: {":sport":"cricket"}
[23-Apr-2025 23:39:02 Europe/Berlin] Query executed successfully. Found 3 rows
[23-Apr-2025 23:39:03 Europe/Berlin] Connected to database. Tables found: favorites, feedback, matches, matches_backup, matches_new, news, newsletter, notifications, players, subscriptions, users
[23-Apr-2025 23:39:03 Europe/Berlin] Executing SQL: CREATE TABLE IF NOT EXISTS users (
                id INT AUTO_INCREMENT PRIMARY KEY,
                username VARCHAR(50) NOT NULL UNIQUE,
                password VARCHAR(255) NOT NULL,
                email VARCHAR(100) NOT NULL UNIQUE,
                account_type ENUM('user', 'admin') DEFAULT 'user',
                created_at TIMESTAMP DEFAULT CURRENT_TIMESTAMP
            )
[23-Apr-2025 23:39:03 Europe/Berlin] With params: []
[23-Apr-2025 23:39:03 Europe/Berlin] Query executed successfully. Found 0 rows
[23-Apr-2025 23:39:03 Europe/Berlin] Users table created or already exists
[23-Apr-2025 23:39:03 Europe/Berlin] Users table structure: [{"Field":"id","Type":"int(11)","Null":"NO","Key":"PRI","Default":null,"Extra":"auto_increment"},{"Field":"username","Type":"varchar(50)","Null":"NO","Key":"","Default":null,"Extra":""},{"Field":"email","Type":"varchar(100)","Null":"NO","Key":"UNI","Default":null,"Extra":""},{"Field":"password","Type":"varchar(255)","Null":"NO","Key":"","Default":null,"Extra":""},{"Field":"role","Type":"enum('user','admin')","Null":"YES","Key":"","Default":"user","Extra":""},{"Field":"verification_code","Type":"varchar(100)","Null":"YES","Key":"","Default":null,"Extra":""},{"Field":"is_verified","Type":"tinyint(1)","Null":"YES","Key":"","Default":"0","Extra":""},{"Field":"created_at","Type":"timestamp","Null":"NO","Key":"","Default":"current_timestamp()","Extra":""},{"Field":"favorite_sport","Type":"varchar(50)","Null":"YES","Key":"","Default":null,"Extra":""},{"Field":"favorite_team","Type":"varchar(50)","Null":"YES","Key":"","Default":null,"Extra":""},{"Field":"account_type","Type":"enum('user','admin')","Null":"YES","Key":"","Default":"user","Extra":""}]
[23-Apr-2025 23:39:03 Europe/Berlin] Number of users in database: 13
[23-Apr-2025 23:39:03 Europe/Berlin] All tables initialized successfully
[23-Apr-2025 23:39:03 Europe/Berlin] Connected to database. Tables found: favorites, feedback, matches, matches_backup, matches_new, news, newsletter, notifications, players, subscriptions, users
[23-Apr-2025 23:39:03 Europe/Berlin] Executing SQL: CREATE TABLE IF NOT EXISTS users (
                id INT AUTO_INCREMENT PRIMARY KEY,
                username VARCHAR(50) NOT NULL UNIQUE,
                password VARCHAR(255) NOT NULL,
                email VARCHAR(100) NOT NULL UNIQUE,
                account_type ENUM('user', 'admin') DEFAULT 'user',
                created_at TIMESTAMP DEFAULT CURRENT_TIMESTAMP
            )
[23-Apr-2025 23:39:03 Europe/Berlin] With params: []
[23-Apr-2025 23:39:03 Europe/Berlin] Query executed successfully. Found 0 rows
[23-Apr-2025 23:39:03 Europe/Berlin] Users table created or already exists
[23-Apr-2025 23:39:03 Europe/Berlin] Users table structure: [{"Field":"id","Type":"int(11)","Null":"NO","Key":"PRI","Default":null,"Extra":"auto_increment"},{"Field":"username","Type":"varchar(50)","Null":"NO","Key":"","Default":null,"Extra":""},{"Field":"email","Type":"varchar(100)","Null":"NO","Key":"UNI","Default":null,"Extra":""},{"Field":"password","Type":"varchar(255)","Null":"NO","Key":"","Default":null,"Extra":""},{"Field":"role","Type":"enum('user','admin')","Null":"YES","Key":"","Default":"user","Extra":""},{"Field":"verification_code","Type":"varchar(100)","Null":"YES","Key":"","Default":null,"Extra":""},{"Field":"is_verified","Type":"tinyint(1)","Null":"YES","Key":"","Default":"0","Extra":""},{"Field":"created_at","Type":"timestamp","Null":"NO","Key":"","Default":"current_timestamp()","Extra":""},{"Field":"favorite_sport","Type":"varchar(50)","Null":"YES","Key":"","Default":null,"Extra":""},{"Field":"favorite_team","Type":"varchar(50)","Null":"YES","Key":"","Default":null,"Extra":""},{"Field":"account_type","Type":"enum('user','admin')","Null":"YES","Key":"","Default":"user","Extra":""}]
[23-Apr-2025 23:39:03 Europe/Berlin] Number of users in database: 13
[23-Apr-2025 23:39:03 Europe/Berlin] All tables initialized successfully
[23-Apr-2025 23:39:03 Europe/Berlin] Database tables initialized successfully
[23-Apr-2025 23:39:03 Europe/Berlin] Executing SQL: SELECT * FROM users WHERE id = :id
[23-Apr-2025 23:39:03 Europe/Berlin] With params: {":id":12}
[23-Apr-2025 23:39:03 Europe/Berlin] Query executed successfully. Found 1 rows
[23-Apr-2025 23:39:03 Europe/Berlin] User loaded from session: varunpndey
[23-Apr-2025 23:39:03 Europe/Berlin] Executing SQL: CREATE TABLE IF NOT EXISTS players (
                id INT AUTO_INCREMENT PRIMARY KEY,
                match_id INT NOT NULL,
                team VARCHAR(100) NOT NULL,
                name VARCHAR(100) NOT NULL,
                role VARCHAR(50) NOT NULL,
                score INT DEFAULT 0,
                sport VARCHAR(20) NOT NULL,
                created_at TIMESTAMP DEFAULT CURRENT_TIMESTAMP,
                FOREIGN KEY (match_id) REFERENCES matches(id) ON DELETE CASCADE
            )
[23-Apr-2025 23:39:03 Europe/Berlin] With params: []
[23-Apr-2025 23:39:03 Europe/Berlin] Query executed successfully. Found 0 rows
[23-Apr-2025 23:39:03 Europe/Berlin] Executing SQL: SELECT * FROM matches WHERE id = :id
[23-Apr-2025 23:39:03 Europe/Berlin] With params: {":id":38}
[23-Apr-2025 23:39:03 Europe/Berlin] Query executed successfully. Found 1 rows
[23-Apr-2025 23:39:03 Europe/Berlin] Executing SQL: SELECT * FROM players WHERE match_id = :match_id AND team = :team
[23-Apr-2025 23:39:03 Europe/Berlin] With params: {":match_id":38,":team":"Csk"}
[23-Apr-2025 23:39:03 Europe/Berlin] Query executed successfully. Found 0 rows
[23-Apr-2025 23:39:03 Europe/Berlin] Executing SQL: SELECT * FROM players WHERE match_id = :match_id AND team = :team
[23-Apr-2025 23:39:03 Europe/Berlin] With params: {":match_id":38,":team":"mi"}
[23-Apr-2025 23:39:03 Europe/Berlin] Query executed successfully. Found 0 rows
[23-Apr-2025 23:39:03 Europe/Berlin] Header - Session status: 2
[23-Apr-2025 23:39:03 Europe/Berlin] Header - Session data: {"user_id":12,"username":"varunpndey","email":"va@gmail.com","account_type":"admin"}
[23-Apr-2025 23:39:03 Europe/Berlin] Header - After session start - Status: 2
[23-Apr-2025 23:39:03 Europe/Berlin] Header - After session start - Data: {"user_id":12,"username":"varunpndey","email":"va@gmail.com","account_type":"admin"}
[23-Apr-2025 23:39:03 Europe/Berlin] Header - Is logged in: Yes
[23-Apr-2025 23:39:08 Europe/Berlin] Connected to database. Tables found: favorites, feedback, matches, matches_backup, matches_new, news, newsletter, notifications, players, subscriptions, users
[23-Apr-2025 23:39:08 Europe/Berlin] Executing SQL: CREATE TABLE IF NOT EXISTS users (
                id INT AUTO_INCREMENT PRIMARY KEY,
                username VARCHAR(50) NOT NULL UNIQUE,
                password VARCHAR(255) NOT NULL,
                email VARCHAR(100) NOT NULL UNIQUE,
                account_type ENUM('user', 'admin') DEFAULT 'user',
                created_at TIMESTAMP DEFAULT CURRENT_TIMESTAMP
            )
[23-Apr-2025 23:39:08 Europe/Berlin] With params: []
[23-Apr-2025 23:39:08 Europe/Berlin] Query executed successfully. Found 0 rows
[23-Apr-2025 23:39:08 Europe/Berlin] Users table created or already exists
[23-Apr-2025 23:39:08 Europe/Berlin] Users table structure: [{"Field":"id","Type":"int(11)","Null":"NO","Key":"PRI","Default":null,"Extra":"auto_increment"},{"Field":"username","Type":"varchar(50)","Null":"NO","Key":"","Default":null,"Extra":""},{"Field":"email","Type":"varchar(100)","Null":"NO","Key":"UNI","Default":null,"Extra":""},{"Field":"password","Type":"varchar(255)","Null":"NO","Key":"","Default":null,"Extra":""},{"Field":"role","Type":"enum('user','admin')","Null":"YES","Key":"","Default":"user","Extra":""},{"Field":"verification_code","Type":"varchar(100)","Null":"YES","Key":"","Default":null,"Extra":""},{"Field":"is_verified","Type":"tinyint(1)","Null":"YES","Key":"","Default":"0","Extra":""},{"Field":"created_at","Type":"timestamp","Null":"NO","Key":"","Default":"current_timestamp()","Extra":""},{"Field":"favorite_sport","Type":"varchar(50)","Null":"YES","Key":"","Default":null,"Extra":""},{"Field":"favorite_team","Type":"varchar(50)","Null":"YES","Key":"","Default":null,"Extra":""},{"Field":"account_type","Type":"enum('user','admin')","Null":"YES","Key":"","Default":"user","Extra":""}]
[23-Apr-2025 23:39:08 Europe/Berlin] Number of users in database: 13
[23-Apr-2025 23:39:08 Europe/Berlin] All tables initialized successfully
[23-Apr-2025 23:39:08 Europe/Berlin] API Request received: /sportsync/backend/match.php?_=1745444348897
[23-Apr-2025 23:39:08 Europe/Berlin] GET parameters: Array
(
    [_] => 1745444348897
)

[23-Apr-2025 23:39:12 Europe/Berlin] Connected to database. Tables found: favorites, feedback, matches, matches_backup, matches_new, news, newsletter, notifications, players, subscriptions, users
[23-Apr-2025 23:39:12 Europe/Berlin] Executing SQL: CREATE TABLE IF NOT EXISTS users (
                id INT AUTO_INCREMENT PRIMARY KEY,
                username VARCHAR(50) NOT NULL UNIQUE,
                password VARCHAR(255) NOT NULL,
                email VARCHAR(100) NOT NULL UNIQUE,
                account_type ENUM('user', 'admin') DEFAULT 'user',
                created_at TIMESTAMP DEFAULT CURRENT_TIMESTAMP
            )
[23-Apr-2025 23:39:12 Europe/Berlin] With params: []
[23-Apr-2025 23:39:12 Europe/Berlin] Query executed successfully. Found 0 rows
[23-Apr-2025 23:39:12 Europe/Berlin] Users table created or already exists
[23-Apr-2025 23:39:12 Europe/Berlin] Users table structure: [{"Field":"id","Type":"int(11)","Null":"NO","Key":"PRI","Default":null,"Extra":"auto_increment"},{"Field":"username","Type":"varchar(50)","Null":"NO","Key":"","Default":null,"Extra":""},{"Field":"email","Type":"varchar(100)","Null":"NO","Key":"UNI","Default":null,"Extra":""},{"Field":"password","Type":"varchar(255)","Null":"NO","Key":"","Default":null,"Extra":""},{"Field":"role","Type":"enum('user','admin')","Null":"YES","Key":"","Default":"user","Extra":""},{"Field":"verification_code","Type":"varchar(100)","Null":"YES","Key":"","Default":null,"Extra":""},{"Field":"is_verified","Type":"tinyint(1)","Null":"YES","Key":"","Default":"0","Extra":""},{"Field":"created_at","Type":"timestamp","Null":"NO","Key":"","Default":"current_timestamp()","Extra":""},{"Field":"favorite_sport","Type":"varchar(50)","Null":"YES","Key":"","Default":null,"Extra":""},{"Field":"favorite_team","Type":"varchar(50)","Null":"YES","Key":"","Default":null,"Extra":""},{"Field":"account_type","Type":"enum('user','admin')","Null":"YES","Key":"","Default":"user","Extra":""}]
[23-Apr-2025 23:39:12 Europe/Berlin] Number of users in database: 13
[23-Apr-2025 23:39:12 Europe/Berlin] All tables initialized successfully
[23-Apr-2025 23:39:12 Europe/Berlin] Connected to database. Tables found: favorites, feedback, matches, matches_backup, matches_new, news, newsletter, notifications, players, subscriptions, users
[23-Apr-2025 23:39:12 Europe/Berlin] Executing SQL: CREATE TABLE IF NOT EXISTS users (
                id INT AUTO_INCREMENT PRIMARY KEY,
                username VARCHAR(50) NOT NULL UNIQUE,
                password VARCHAR(255) NOT NULL,
                email VARCHAR(100) NOT NULL UNIQUE,
                account_type ENUM('user', 'admin') DEFAULT 'user',
                created_at TIMESTAMP DEFAULT CURRENT_TIMESTAMP
            )
[23-Apr-2025 23:39:12 Europe/Berlin] With params: []
[23-Apr-2025 23:39:12 Europe/Berlin] Query executed successfully. Found 0 rows
[23-Apr-2025 23:39:12 Europe/Berlin] Users table created or already exists
[23-Apr-2025 23:39:12 Europe/Berlin] Users table structure: [{"Field":"id","Type":"int(11)","Null":"NO","Key":"PRI","Default":null,"Extra":"auto_increment"},{"Field":"username","Type":"varchar(50)","Null":"NO","Key":"","Default":null,"Extra":""},{"Field":"email","Type":"varchar(100)","Null":"NO","Key":"UNI","Default":null,"Extra":""},{"Field":"password","Type":"varchar(255)","Null":"NO","Key":"","Default":null,"Extra":""},{"Field":"role","Type":"enum('user','admin')","Null":"YES","Key":"","Default":"user","Extra":""},{"Field":"verification_code","Type":"varchar(100)","Null":"YES","Key":"","Default":null,"Extra":""},{"Field":"is_verified","Type":"tinyint(1)","Null":"YES","Key":"","Default":"0","Extra":""},{"Field":"created_at","Type":"timestamp","Null":"NO","Key":"","Default":"current_timestamp()","Extra":""},{"Field":"favorite_sport","Type":"varchar(50)","Null":"YES","Key":"","Default":null,"Extra":""},{"Field":"favorite_team","Type":"varchar(50)","Null":"YES","Key":"","Default":null,"Extra":""},{"Field":"account_type","Type":"enum('user','admin')","Null":"YES","Key":"","Default":"user","Extra":""}]
[23-Apr-2025 23:39:12 Europe/Berlin] Number of users in database: 13
[23-Apr-2025 23:39:12 Europe/Berlin] All tables initialized successfully
[23-Apr-2025 23:39:12 Europe/Berlin] Database tables initialized successfully
[23-Apr-2025 23:39:12 Europe/Berlin] Executing SQL: SELECT * FROM users WHERE id = :id
[23-Apr-2025 23:39:12 Europe/Berlin] With params: {":id":12}
[23-Apr-2025 23:39:12 Europe/Berlin] Query executed successfully. Found 1 rows
[23-Apr-2025 23:39:12 Europe/Berlin] User loaded from session: varunpndey
[23-Apr-2025 23:39:12 Europe/Berlin] Executing SQL: CREATE TABLE IF NOT EXISTS players (
                id INT AUTO_INCREMENT PRIMARY KEY,
                match_id INT NOT NULL,
                team VARCHAR(100) NOT NULL,
                name VARCHAR(100) NOT NULL,
                role VARCHAR(50) NOT NULL,
                score INT DEFAULT 0,
                sport VARCHAR(20) NOT NULL,
                created_at TIMESTAMP DEFAULT CURRENT_TIMESTAMP,
                FOREIGN KEY (match_id) REFERENCES matches(id) ON DELETE CASCADE
            )
[23-Apr-2025 23:39:12 Europe/Berlin] With params: []
[23-Apr-2025 23:39:12 Europe/Berlin] Query executed successfully. Found 0 rows
[23-Apr-2025 23:39:12 Europe/Berlin] Executing SQL: SELECT * FROM matches WHERE id = :id
[23-Apr-2025 23:39:12 Europe/Berlin] With params: {":id":37}
[23-Apr-2025 23:39:12 Europe/Berlin] Query executed successfully. Found 1 rows
[23-Apr-2025 23:39:12 Europe/Berlin] Executing SQL: SELECT * FROM players WHERE match_id = :match_id AND team = :team
[23-Apr-2025 23:39:12 Europe/Berlin] With params: {":match_id":37,":team":"India"}
[23-Apr-2025 23:39:12 Europe/Berlin] Query executed successfully. Found 0 rows
[23-Apr-2025 23:39:12 Europe/Berlin] Executing SQL: SELECT * FROM players WHERE match_id = :match_id AND team = :team
[23-Apr-2025 23:39:12 Europe/Berlin] With params: {":match_id":37,":team":"Australia"}
[23-Apr-2025 23:39:12 Europe/Berlin] Query executed successfully. Found 0 rows
[23-Apr-2025 23:39:12 Europe/Berlin] Header - Session status: 2
[23-Apr-2025 23:39:12 Europe/Berlin] Header - Session data: {"user_id":12,"username":"varunpndey","email":"va@gmail.com","account_type":"admin"}
[23-Apr-2025 23:39:12 Europe/Berlin] Header - After session start - Status: 2
[23-Apr-2025 23:39:12 Europe/Berlin] Header - After session start - Data: {"user_id":12,"username":"varunpndey","email":"va@gmail.com","account_type":"admin"}
[23-Apr-2025 23:39:12 Europe/Berlin] Header - Is logged in: Yes
[23-Apr-2025 23:39:24 Europe/Berlin] Connected to database. Tables found: favorites, feedback, matches, matches_backup, matches_new, news, newsletter, notifications, players, subscriptions, users
[23-Apr-2025 23:39:24 Europe/Berlin] Executing SQL: CREATE TABLE IF NOT EXISTS users (
                id INT AUTO_INCREMENT PRIMARY KEY,
                username VARCHAR(50) NOT NULL UNIQUE,
                password VARCHAR(255) NOT NULL,
                email VARCHAR(100) NOT NULL UNIQUE,
                account_type ENUM('user', 'admin') DEFAULT 'user',
                created_at TIMESTAMP DEFAULT CURRENT_TIMESTAMP
            )
[23-Apr-2025 23:39:24 Europe/Berlin] With params: []
[23-Apr-2025 23:39:24 Europe/Berlin] Query executed successfully. Found 0 rows
[23-Apr-2025 23:39:24 Europe/Berlin] Users table created or already exists
[23-Apr-2025 23:39:24 Europe/Berlin] Users table structure: [{"Field":"id","Type":"int(11)","Null":"NO","Key":"PRI","Default":null,"Extra":"auto_increment"},{"Field":"username","Type":"varchar(50)","Null":"NO","Key":"","Default":null,"Extra":""},{"Field":"email","Type":"varchar(100)","Null":"NO","Key":"UNI","Default":null,"Extra":""},{"Field":"password","Type":"varchar(255)","Null":"NO","Key":"","Default":null,"Extra":""},{"Field":"role","Type":"enum('user','admin')","Null":"YES","Key":"","Default":"user","Extra":""},{"Field":"verification_code","Type":"varchar(100)","Null":"YES","Key":"","Default":null,"Extra":""},{"Field":"is_verified","Type":"tinyint(1)","Null":"YES","Key":"","Default":"0","Extra":""},{"Field":"created_at","Type":"timestamp","Null":"NO","Key":"","Default":"current_timestamp()","Extra":""},{"Field":"favorite_sport","Type":"varchar(50)","Null":"YES","Key":"","Default":null,"Extra":""},{"Field":"favorite_team","Type":"varchar(50)","Null":"YES","Key":"","Default":null,"Extra":""},{"Field":"account_type","Type":"enum('user','admin')","Null":"YES","Key":"","Default":"user","Extra":""}]
[23-Apr-2025 23:39:24 Europe/Berlin] Number of users in database: 13
[23-Apr-2025 23:39:24 Europe/Berlin] All tables initialized successfully
[23-Apr-2025 23:39:24 Europe/Berlin] API Request received: /sportsync/backend/match.php?action=fetch_matches&sport=cricket&all=true
[23-Apr-2025 23:39:24 Europe/Berlin] GET parameters: Array
(
    [action] => fetch_matches
    [sport] => cricket
    [all] => true
)

[23-Apr-2025 23:39:24 Europe/Berlin] Executing SQL: SELECT * FROM matches WHERE sport = :sport ORDER BY match_time DESC
[23-Apr-2025 23:39:24 Europe/Berlin] With params: {":sport":"cricket"}
[23-Apr-2025 23:39:24 Europe/Berlin] Query executed successfully. Found 3 rows
[23-Apr-2025 23:39:26 Europe/Berlin] Connected to database. Tables found: favorites, feedback, matches, matches_backup, matches_new, news, newsletter, notifications, players, subscriptions, users
[23-Apr-2025 23:39:26 Europe/Berlin] Executing SQL: CREATE TABLE IF NOT EXISTS users (
                id INT AUTO_INCREMENT PRIMARY KEY,
                username VARCHAR(50) NOT NULL UNIQUE,
                password VARCHAR(255) NOT NULL,
                email VARCHAR(100) NOT NULL UNIQUE,
                account_type ENUM('user', 'admin') DEFAULT 'user',
                created_at TIMESTAMP DEFAULT CURRENT_TIMESTAMP
            )
[23-Apr-2025 23:39:26 Europe/Berlin] With params: []
[23-Apr-2025 23:39:26 Europe/Berlin] Query executed successfully. Found 0 rows
[23-Apr-2025 23:39:26 Europe/Berlin] Users table created or already exists
[23-Apr-2025 23:39:26 Europe/Berlin] Users table structure: [{"Field":"id","Type":"int(11)","Null":"NO","Key":"PRI","Default":null,"Extra":"auto_increment"},{"Field":"username","Type":"varchar(50)","Null":"NO","Key":"","Default":null,"Extra":""},{"Field":"email","Type":"varchar(100)","Null":"NO","Key":"UNI","Default":null,"Extra":""},{"Field":"password","Type":"varchar(255)","Null":"NO","Key":"","Default":null,"Extra":""},{"Field":"role","Type":"enum('user','admin')","Null":"YES","Key":"","Default":"user","Extra":""},{"Field":"verification_code","Type":"varchar(100)","Null":"YES","Key":"","Default":null,"Extra":""},{"Field":"is_verified","Type":"tinyint(1)","Null":"YES","Key":"","Default":"0","Extra":""},{"Field":"created_at","Type":"timestamp","Null":"NO","Key":"","Default":"current_timestamp()","Extra":""},{"Field":"favorite_sport","Type":"varchar(50)","Null":"YES","Key":"","Default":null,"Extra":""},{"Field":"favorite_team","Type":"varchar(50)","Null":"YES","Key":"","Default":null,"Extra":""},{"Field":"account_type","Type":"enum('user','admin')","Null":"YES","Key":"","Default":"user","Extra":""}]
[23-Apr-2025 23:39:26 Europe/Berlin] Number of users in database: 13
[23-Apr-2025 23:39:26 Europe/Berlin] All tables initialized successfully
[23-Apr-2025 23:39:26 Europe/Berlin] Connected to database. Tables found: favorites, feedback, matches, matches_backup, matches_new, news, newsletter, notifications, players, subscriptions, users
[23-Apr-2025 23:39:26 Europe/Berlin] Executing SQL: CREATE TABLE IF NOT EXISTS users (
                id INT AUTO_INCREMENT PRIMARY KEY,
                username VARCHAR(50) NOT NULL UNIQUE,
                password VARCHAR(255) NOT NULL,
                email VARCHAR(100) NOT NULL UNIQUE,
                account_type ENUM('user', 'admin') DEFAULT 'user',
                created_at TIMESTAMP DEFAULT CURRENT_TIMESTAMP
            )
[23-Apr-2025 23:39:26 Europe/Berlin] With params: []
[23-Apr-2025 23:39:26 Europe/Berlin] Query executed successfully. Found 0 rows
[23-Apr-2025 23:39:26 Europe/Berlin] Users table created or already exists
[23-Apr-2025 23:39:26 Europe/Berlin] Users table structure: [{"Field":"id","Type":"int(11)","Null":"NO","Key":"PRI","Default":null,"Extra":"auto_increment"},{"Field":"username","Type":"varchar(50)","Null":"NO","Key":"","Default":null,"Extra":""},{"Field":"email","Type":"varchar(100)","Null":"NO","Key":"UNI","Default":null,"Extra":""},{"Field":"password","Type":"varchar(255)","Null":"NO","Key":"","Default":null,"Extra":""},{"Field":"role","Type":"enum('user','admin')","Null":"YES","Key":"","Default":"user","Extra":""},{"Field":"verification_code","Type":"varchar(100)","Null":"YES","Key":"","Default":null,"Extra":""},{"Field":"is_verified","Type":"tinyint(1)","Null":"YES","Key":"","Default":"0","Extra":""},{"Field":"created_at","Type":"timestamp","Null":"NO","Key":"","Default":"current_timestamp()","Extra":""},{"Field":"favorite_sport","Type":"varchar(50)","Null":"YES","Key":"","Default":null,"Extra":""},{"Field":"favorite_team","Type":"varchar(50)","Null":"YES","Key":"","Default":null,"Extra":""},{"Field":"account_type","Type":"enum('user','admin')","Null":"YES","Key":"","Default":"user","Extra":""}]
[23-Apr-2025 23:39:26 Europe/Berlin] Number of users in database: 13
[23-Apr-2025 23:39:26 Europe/Berlin] All tables initialized successfully
[23-Apr-2025 23:39:26 Europe/Berlin] Database tables initialized successfully
[23-Apr-2025 23:39:26 Europe/Berlin] Executing SQL: SELECT * FROM users WHERE id = :id
[23-Apr-2025 23:39:26 Europe/Berlin] With params: {":id":12}
[23-Apr-2025 23:39:26 Europe/Berlin] Query executed successfully. Found 1 rows
[23-Apr-2025 23:39:26 Europe/Berlin] User loaded from session: varunpndey
[23-Apr-2025 23:39:26 Europe/Berlin] Header - Session status: 2
[23-Apr-2025 23:39:26 Europe/Berlin] Header - Session data: {"user_id":12,"username":"varunpndey","email":"va@gmail.com","account_type":"admin"}
[23-Apr-2025 23:39:26 Europe/Berlin] Header - After session start - Status: 2
[23-Apr-2025 23:39:26 Europe/Berlin] Header - After session start - Data: {"user_id":12,"username":"varunpndey","email":"va@gmail.com","account_type":"admin"}
[23-Apr-2025 23:39:26 Europe/Berlin] Header - Is logged in: Yes
[23-Apr-2025 23:39:26 Europe/Berlin] Executing SQL: SELECT * FROM news ORDER BY created_at DESC LIMIT 5
[23-Apr-2025 23:39:26 Europe/Berlin] With params: []
[23-Apr-2025 23:39:26 Europe/Berlin] Query executed successfully. Found 2 rows
[23-Apr-2025 23:39:26 Europe/Berlin] Executing SQL: SELECT * FROM matches WHERE status = 'live'
[23-Apr-2025 23:39:26 Europe/Berlin] With params: []
[23-Apr-2025 23:39:26 Europe/Berlin] Query executed successfully. Found 1 rows
[23-Apr-2025 23:39:26 Europe/Berlin] Executing SQL: SELECT COUNT(*) as count FROM favorites 
                    WHERE user_id = :user_id AND match_id = :match_id
[23-Apr-2025 23:39:26 Europe/Berlin] With params: {":user_id":12,":match_id":42}
[23-Apr-2025 23:39:26 Europe/Berlin] Query executed successfully. Found 1 rows
[23-Apr-2025 23:40:18 Europe/Berlin] Connected to database. Tables found: favorites, feedback, matches, matches_backup, matches_new, news, newsletter, notifications, players, subscriptions, users
[23-Apr-2025 23:40:18 Europe/Berlin] Executing SQL: CREATE TABLE IF NOT EXISTS users (
                id INT AUTO_INCREMENT PRIMARY KEY,
                username VARCHAR(50) NOT NULL UNIQUE,
                password VARCHAR(255) NOT NULL,
                email VARCHAR(100) NOT NULL UNIQUE,
                account_type ENUM('user', 'admin') DEFAULT 'user',
                created_at TIMESTAMP DEFAULT CURRENT_TIMESTAMP
            )
[23-Apr-2025 23:40:18 Europe/Berlin] With params: []
[23-Apr-2025 23:40:18 Europe/Berlin] Query executed successfully. Found 0 rows
[23-Apr-2025 23:40:18 Europe/Berlin] Users table created or already exists
[23-Apr-2025 23:40:18 Europe/Berlin] Users table structure: [{"Field":"id","Type":"int(11)","Null":"NO","Key":"PRI","Default":null,"Extra":"auto_increment"},{"Field":"username","Type":"varchar(50)","Null":"NO","Key":"","Default":null,"Extra":""},{"Field":"email","Type":"varchar(100)","Null":"NO","Key":"UNI","Default":null,"Extra":""},{"Field":"password","Type":"varchar(255)","Null":"NO","Key":"","Default":null,"Extra":""},{"Field":"role","Type":"enum('user','admin')","Null":"YES","Key":"","Default":"user","Extra":""},{"Field":"verification_code","Type":"varchar(100)","Null":"YES","Key":"","Default":null,"Extra":""},{"Field":"is_verified","Type":"tinyint(1)","Null":"YES","Key":"","Default":"0","Extra":""},{"Field":"created_at","Type":"timestamp","Null":"NO","Key":"","Default":"current_timestamp()","Extra":""},{"Field":"favorite_sport","Type":"varchar(50)","Null":"YES","Key":"","Default":null,"Extra":""},{"Field":"favorite_team","Type":"varchar(50)","Null":"YES","Key":"","Default":null,"Extra":""},{"Field":"account_type","Type":"enum('user','admin')","Null":"YES","Key":"","Default":"user","Extra":""}]
[23-Apr-2025 23:40:18 Europe/Berlin] Number of users in database: 13
[23-Apr-2025 23:40:18 Europe/Berlin] All tables initialized successfully
[23-Apr-2025 23:40:18 Europe/Berlin] Connected to database. Tables found: favorites, feedback, matches, matches_backup, matches_new, news, newsletter, notifications, players, subscriptions, users
[23-Apr-2025 23:40:18 Europe/Berlin] Executing SQL: CREATE TABLE IF NOT EXISTS users (
                id INT AUTO_INCREMENT PRIMARY KEY,
                username VARCHAR(50) NOT NULL UNIQUE,
                password VARCHAR(255) NOT NULL,
                email VARCHAR(100) NOT NULL UNIQUE,
                account_type ENUM('user', 'admin') DEFAULT 'user',
                created_at TIMESTAMP DEFAULT CURRENT_TIMESTAMP
            )
[23-Apr-2025 23:40:18 Europe/Berlin] With params: []
[23-Apr-2025 23:40:18 Europe/Berlin] Query executed successfully. Found 0 rows
[23-Apr-2025 23:40:18 Europe/Berlin] Users table created or already exists
[23-Apr-2025 23:40:18 Europe/Berlin] Users table structure: [{"Field":"id","Type":"int(11)","Null":"NO","Key":"PRI","Default":null,"Extra":"auto_increment"},{"Field":"username","Type":"varchar(50)","Null":"NO","Key":"","Default":null,"Extra":""},{"Field":"email","Type":"varchar(100)","Null":"NO","Key":"UNI","Default":null,"Extra":""},{"Field":"password","Type":"varchar(255)","Null":"NO","Key":"","Default":null,"Extra":""},{"Field":"role","Type":"enum('user','admin')","Null":"YES","Key":"","Default":"user","Extra":""},{"Field":"verification_code","Type":"varchar(100)","Null":"YES","Key":"","Default":null,"Extra":""},{"Field":"is_verified","Type":"tinyint(1)","Null":"YES","Key":"","Default":"0","Extra":""},{"Field":"created_at","Type":"timestamp","Null":"NO","Key":"","Default":"current_timestamp()","Extra":""},{"Field":"favorite_sport","Type":"varchar(50)","Null":"YES","Key":"","Default":null,"Extra":""},{"Field":"favorite_team","Type":"varchar(50)","Null":"YES","Key":"","Default":null,"Extra":""},{"Field":"account_type","Type":"enum('user','admin')","Null":"YES","Key":"","Default":"user","Extra":""}]
[23-Apr-2025 23:40:18 Europe/Berlin] Number of users in database: 13
[23-Apr-2025 23:40:18 Europe/Berlin] All tables initialized successfully
[23-Apr-2025 23:40:18 Europe/Berlin] Database tables initialized successfully
[23-Apr-2025 23:40:18 Europe/Berlin] Executing SQL: SELECT * FROM users WHERE id = :id
[23-Apr-2025 23:40:18 Europe/Berlin] With params: {":id":12}
[23-Apr-2025 23:40:18 Europe/Berlin] Query executed successfully. Found 1 rows
[23-Apr-2025 23:40:18 Europe/Berlin] User loaded from session: varunpndey
[23-Apr-2025 23:40:18 Europe/Berlin] Header - Session status: 2
[23-Apr-2025 23:40:18 Europe/Berlin] Header - Session data: {"user_id":12,"username":"varunpndey","email":"va@gmail.com","account_type":"admin"}
[23-Apr-2025 23:40:18 Europe/Berlin] Header - After session start - Status: 2
[23-Apr-2025 23:40:18 Europe/Berlin] Header - After session start - Data: {"user_id":12,"username":"varunpndey","email":"va@gmail.com","account_type":"admin"}
[23-Apr-2025 23:40:18 Europe/Berlin] Header - Is logged in: Yes
[23-Apr-2025 23:40:18 Europe/Berlin] Executing SQL: SELECT * FROM matches WHERE sport = :sport ORDER BY match_time DESC
[23-Apr-2025 23:40:18 Europe/Berlin] With params: {":sport":"football"}
[23-Apr-2025 23:40:18 Europe/Berlin] Query executed successfully. Found 1 rows
[23-Apr-2025 23:40:18 Europe/Berlin] Executing SQL: SELECT * FROM matches WHERE sport = :sport AND status = :status
[23-Apr-2025 23:40:18 Europe/Berlin] With params: {":sport":"football",":status":"live"}
[23-Apr-2025 23:40:18 Europe/Berlin] Query executed successfully. Found 0 rows
[23-Apr-2025 23:40:18 Europe/Berlin] Executing SQL: SELECT COUNT(*) as count FROM favorites 
                    WHERE user_id = :user_id AND match_id = :match_id
[23-Apr-2025 23:40:18 Europe/Berlin] With params: {":user_id":12,":match_id":41}
[23-Apr-2025 23:40:18 Europe/Berlin] Query executed successfully. Found 1 rows
[23-Apr-2025 23:40:18 Europe/Berlin] Connected to database. Tables found: favorites, feedback, matches, matches_backup, matches_new, news, newsletter, notifications, players, subscriptions, users
[23-Apr-2025 23:40:18 Europe/Berlin] Executing SQL: CREATE TABLE IF NOT EXISTS users (
                id INT AUTO_INCREMENT PRIMARY KEY,
                username VARCHAR(50) NOT NULL UNIQUE,
                password VARCHAR(255) NOT NULL,
                email VARCHAR(100) NOT NULL UNIQUE,
                account_type ENUM('user', 'admin') DEFAULT 'user',
                created_at TIMESTAMP DEFAULT CURRENT_TIMESTAMP
            )
[23-Apr-2025 23:40:18 Europe/Berlin] With params: []
[23-Apr-2025 23:40:18 Europe/Berlin] Query executed successfully. Found 0 rows
[23-Apr-2025 23:40:18 Europe/Berlin] Users table created or already exists
[23-Apr-2025 23:40:18 Europe/Berlin] Users table structure: [{"Field":"id","Type":"int(11)","Null":"NO","Key":"PRI","Default":null,"Extra":"auto_increment"},{"Field":"username","Type":"varchar(50)","Null":"NO","Key":"","Default":null,"Extra":""},{"Field":"email","Type":"varchar(100)","Null":"NO","Key":"UNI","Default":null,"Extra":""},{"Field":"password","Type":"varchar(255)","Null":"NO","Key":"","Default":null,"Extra":""},{"Field":"role","Type":"enum('user','admin')","Null":"YES","Key":"","Default":"user","Extra":""},{"Field":"verification_code","Type":"varchar(100)","Null":"YES","Key":"","Default":null,"Extra":""},{"Field":"is_verified","Type":"tinyint(1)","Null":"YES","Key":"","Default":"0","Extra":""},{"Field":"created_at","Type":"timestamp","Null":"NO","Key":"","Default":"current_timestamp()","Extra":""},{"Field":"favorite_sport","Type":"varchar(50)","Null":"YES","Key":"","Default":null,"Extra":""},{"Field":"favorite_team","Type":"varchar(50)","Null":"YES","Key":"","Default":null,"Extra":""},{"Field":"account_type","Type":"enum('user','admin')","Null":"YES","Key":"","Default":"user","Extra":""}]
[23-Apr-2025 23:40:18 Europe/Berlin] Number of users in database: 13
[23-Apr-2025 23:40:18 Europe/Berlin] All tables initialized successfully
[23-Apr-2025 23:40:18 Europe/Berlin] Connected to database. Tables found: favorites, feedback, matches, matches_backup, matches_new, news, newsletter, notifications, players, subscriptions, users
[23-Apr-2025 23:40:18 Europe/Berlin] Executing SQL: CREATE TABLE IF NOT EXISTS users (
                id INT AUTO_INCREMENT PRIMARY KEY,
                username VARCHAR(50) NOT NULL UNIQUE,
                password VARCHAR(255) NOT NULL,
                email VARCHAR(100) NOT NULL UNIQUE,
                account_type ENUM('user', 'admin') DEFAULT 'user',
                created_at TIMESTAMP DEFAULT CURRENT_TIMESTAMP
            )
[23-Apr-2025 23:40:18 Europe/Berlin] With params: []
[23-Apr-2025 23:40:18 Europe/Berlin] Query executed successfully. Found 0 rows
[23-Apr-2025 23:40:18 Europe/Berlin] Users table created or already exists
[23-Apr-2025 23:40:18 Europe/Berlin] Users table structure: [{"Field":"id","Type":"int(11)","Null":"NO","Key":"PRI","Default":null,"Extra":"auto_increment"},{"Field":"username","Type":"varchar(50)","Null":"NO","Key":"","Default":null,"Extra":""},{"Field":"email","Type":"varchar(100)","Null":"NO","Key":"UNI","Default":null,"Extra":""},{"Field":"password","Type":"varchar(255)","Null":"NO","Key":"","Default":null,"Extra":""},{"Field":"role","Type":"enum('user','admin')","Null":"YES","Key":"","Default":"user","Extra":""},{"Field":"verification_code","Type":"varchar(100)","Null":"YES","Key":"","Default":null,"Extra":""},{"Field":"is_verified","Type":"tinyint(1)","Null":"YES","Key":"","Default":"0","Extra":""},{"Field":"created_at","Type":"timestamp","Null":"NO","Key":"","Default":"current_timestamp()","Extra":""},{"Field":"favorite_sport","Type":"varchar(50)","Null":"YES","Key":"","Default":null,"Extra":""},{"Field":"favorite_team","Type":"varchar(50)","Null":"YES","Key":"","Default":null,"Extra":""},{"Field":"account_type","Type":"enum('user','admin')","Null":"YES","Key":"","Default":"user","Extra":""}]
[23-Apr-2025 23:40:18 Europe/Berlin] Number of users in database: 13
[23-Apr-2025 23:40:18 Europe/Berlin] All tables initialized successfully
[23-Apr-2025 23:40:18 Europe/Berlin] Database tables initialized successfully
[23-Apr-2025 23:40:18 Europe/Berlin] Executing SQL: SELECT * FROM users WHERE id = :id
[23-Apr-2025 23:40:18 Europe/Berlin] With params: {":id":12}
[23-Apr-2025 23:40:18 Europe/Berlin] Query executed successfully. Found 1 rows
[23-Apr-2025 23:40:18 Europe/Berlin] User loaded from session: varunpndey
[23-Apr-2025 23:40:18 Europe/Berlin] Header - Session status: 2
[23-Apr-2025 23:40:18 Europe/Berlin] Header - Session data: {"user_id":12,"username":"varunpndey","email":"va@gmail.com","account_type":"admin"}
[23-Apr-2025 23:40:18 Europe/Berlin] Header - After session start - Status: 2
[23-Apr-2025 23:40:18 Europe/Berlin] Header - After session start - Data: {"user_id":12,"username":"varunpndey","email":"va@gmail.com","account_type":"admin"}
[23-Apr-2025 23:40:18 Europe/Berlin] Header - Is logged in: Yes
[23-Apr-2025 23:40:18 Europe/Berlin] Executing SQL: SELECT * FROM matches WHERE sport = :sport ORDER BY match_time DESC
[23-Apr-2025 23:40:18 Europe/Berlin] With params: {":sport":"cricket"}
[23-Apr-2025 23:40:18 Europe/Berlin] Query executed successfully. Found 3 rows
[23-Apr-2025 23:40:18 Europe/Berlin] Executing SQL: SELECT * FROM matches WHERE sport = :sport AND status = :status
[23-Apr-2025 23:40:18 Europe/Berlin] With params: {":sport":"cricket",":status":"live"}
[23-Apr-2025 23:40:18 Europe/Berlin] Query executed successfully. Found 1 rows
[23-Apr-2025 23:40:18 Europe/Berlin] Executing SQL: SELECT COUNT(*) as count FROM favorites 
                    WHERE user_id = :user_id AND match_id = :match_id
[23-Apr-2025 23:40:18 Europe/Berlin] With params: {":user_id":12,":match_id":42}
[23-Apr-2025 23:40:18 Europe/Berlin] Query executed successfully. Found 1 rows
[23-Apr-2025 23:40:18 Europe/Berlin] Executing SQL: SELECT COUNT(*) as count FROM favorites 
                    WHERE user_id = :user_id AND match_id = :match_id
[23-Apr-2025 23:40:18 Europe/Berlin] With params: {":user_id":12,":match_id":38}
[23-Apr-2025 23:40:18 Europe/Berlin] Query executed successfully. Found 1 rows
[23-Apr-2025 23:40:18 Europe/Berlin] Executing SQL: SELECT COUNT(*) as count FROM favorites 
                    WHERE user_id = :user_id AND match_id = :match_id
[23-Apr-2025 23:40:18 Europe/Berlin] With params: {":user_id":12,":match_id":37}
[23-Apr-2025 23:40:18 Europe/Berlin] Query executed successfully. Found 1 rows
[23-Apr-2025 23:40:19 Europe/Berlin] Connected to database. Tables found: favorites, feedback, matches, matches_backup, matches_new, news, newsletter, notifications, players, subscriptions, users
[23-Apr-2025 23:40:19 Europe/Berlin] Executing SQL: CREATE TABLE IF NOT EXISTS users (
                id INT AUTO_INCREMENT PRIMARY KEY,
                username VARCHAR(50) NOT NULL UNIQUE,
                password VARCHAR(255) NOT NULL,
                email VARCHAR(100) NOT NULL UNIQUE,
                account_type ENUM('user', 'admin') DEFAULT 'user',
                created_at TIMESTAMP DEFAULT CURRENT_TIMESTAMP
            )
[23-Apr-2025 23:40:19 Europe/Berlin] With params: []
[23-Apr-2025 23:40:19 Europe/Berlin] Query executed successfully. Found 0 rows
[23-Apr-2025 23:40:19 Europe/Berlin] Users table created or already exists
[23-Apr-2025 23:40:19 Europe/Berlin] Users table structure: [{"Field":"id","Type":"int(11)","Null":"NO","Key":"PRI","Default":null,"Extra":"auto_increment"},{"Field":"username","Type":"varchar(50)","Null":"NO","Key":"","Default":null,"Extra":""},{"Field":"email","Type":"varchar(100)","Null":"NO","Key":"UNI","Default":null,"Extra":""},{"Field":"password","Type":"varchar(255)","Null":"NO","Key":"","Default":null,"Extra":""},{"Field":"role","Type":"enum('user','admin')","Null":"YES","Key":"","Default":"user","Extra":""},{"Field":"verification_code","Type":"varchar(100)","Null":"YES","Key":"","Default":null,"Extra":""},{"Field":"is_verified","Type":"tinyint(1)","Null":"YES","Key":"","Default":"0","Extra":""},{"Field":"created_at","Type":"timestamp","Null":"NO","Key":"","Default":"current_timestamp()","Extra":""},{"Field":"favorite_sport","Type":"varchar(50)","Null":"YES","Key":"","Default":null,"Extra":""},{"Field":"favorite_team","Type":"varchar(50)","Null":"YES","Key":"","Default":null,"Extra":""},{"Field":"account_type","Type":"enum('user','admin')","Null":"YES","Key":"","Default":"user","Extra":""}]
[23-Apr-2025 23:40:19 Europe/Berlin] Number of users in database: 13
[23-Apr-2025 23:40:19 Europe/Berlin] All tables initialized successfully
[23-Apr-2025 23:40:19 Europe/Berlin] Connected to database. Tables found: favorites, feedback, matches, matches_backup, matches_new, news, newsletter, notifications, players, subscriptions, users
[23-Apr-2025 23:40:19 Europe/Berlin] Executing SQL: CREATE TABLE IF NOT EXISTS users (
                id INT AUTO_INCREMENT PRIMARY KEY,
                username VARCHAR(50) NOT NULL UNIQUE,
                password VARCHAR(255) NOT NULL,
                email VARCHAR(100) NOT NULL UNIQUE,
                account_type ENUM('user', 'admin') DEFAULT 'user',
                created_at TIMESTAMP DEFAULT CURRENT_TIMESTAMP
            )
[23-Apr-2025 23:40:19 Europe/Berlin] With params: []
[23-Apr-2025 23:40:19 Europe/Berlin] Query executed successfully. Found 0 rows
[23-Apr-2025 23:40:19 Europe/Berlin] Users table created or already exists
[23-Apr-2025 23:40:19 Europe/Berlin] Users table structure: [{"Field":"id","Type":"int(11)","Null":"NO","Key":"PRI","Default":null,"Extra":"auto_increment"},{"Field":"username","Type":"varchar(50)","Null":"NO","Key":"","Default":null,"Extra":""},{"Field":"email","Type":"varchar(100)","Null":"NO","Key":"UNI","Default":null,"Extra":""},{"Field":"password","Type":"varchar(255)","Null":"NO","Key":"","Default":null,"Extra":""},{"Field":"role","Type":"enum('user','admin')","Null":"YES","Key":"","Default":"user","Extra":""},{"Field":"verification_code","Type":"varchar(100)","Null":"YES","Key":"","Default":null,"Extra":""},{"Field":"is_verified","Type":"tinyint(1)","Null":"YES","Key":"","Default":"0","Extra":""},{"Field":"created_at","Type":"timestamp","Null":"NO","Key":"","Default":"current_timestamp()","Extra":""},{"Field":"favorite_sport","Type":"varchar(50)","Null":"YES","Key":"","Default":null,"Extra":""},{"Field":"favorite_team","Type":"varchar(50)","Null":"YES","Key":"","Default":null,"Extra":""},{"Field":"account_type","Type":"enum('user','admin')","Null":"YES","Key":"","Default":"user","Extra":""}]
[23-Apr-2025 23:40:19 Europe/Berlin] Number of users in database: 13
[23-Apr-2025 23:40:19 Europe/Berlin] All tables initialized successfully
[23-Apr-2025 23:40:19 Europe/Berlin] Database tables initialized successfully
[23-Apr-2025 23:40:19 Europe/Berlin] Executing SQL: SELECT * FROM users WHERE id = :id
[23-Apr-2025 23:40:19 Europe/Berlin] With params: {":id":12}
[23-Apr-2025 23:40:19 Europe/Berlin] Query executed successfully. Found 1 rows
[23-Apr-2025 23:40:19 Europe/Berlin] User loaded from session: varunpndey
[23-Apr-2025 23:40:19 Europe/Berlin] Header - Session status: 2
[23-Apr-2025 23:40:19 Europe/Berlin] Header - Session data: {"user_id":12,"username":"varunpndey","email":"va@gmail.com","account_type":"admin"}
[23-Apr-2025 23:40:19 Europe/Berlin] Header - After session start - Status: 2
[23-Apr-2025 23:40:19 Europe/Berlin] Header - After session start - Data: {"user_id":12,"username":"varunpndey","email":"va@gmail.com","account_type":"admin"}
[23-Apr-2025 23:40:19 Europe/Berlin] Header - Is logged in: Yes
[23-Apr-2025 23:40:19 Europe/Berlin] Executing SQL: SELECT * FROM matches WHERE status = 'live'
[23-Apr-2025 23:40:19 Europe/Berlin] With params: []
[23-Apr-2025 23:40:19 Europe/Berlin] Query executed successfully. Found 1 rows
[23-Apr-2025 23:40:19 Europe/Berlin] Executing SQL: SELECT COUNT(*) as count FROM favorites 
                    WHERE user_id = :user_id AND match_id = :match_id
[23-Apr-2025 23:40:19 Europe/Berlin] With params: {":user_id":12,":match_id":42}
[23-Apr-2025 23:40:19 Europe/Berlin] Query executed successfully. Found 1 rows
[23-Apr-2025 23:40:20 Europe/Berlin] Connected to database. Tables found: favorites, feedback, matches, matches_backup, matches_new, news, newsletter, notifications, players, subscriptions, users
[23-Apr-2025 23:40:20 Europe/Berlin] Executing SQL: CREATE TABLE IF NOT EXISTS users (
                id INT AUTO_INCREMENT PRIMARY KEY,
                username VARCHAR(50) NOT NULL UNIQUE,
                password VARCHAR(255) NOT NULL,
                email VARCHAR(100) NOT NULL UNIQUE,
                account_type ENUM('user', 'admin') DEFAULT 'user',
                created_at TIMESTAMP DEFAULT CURRENT_TIMESTAMP
            )
[23-Apr-2025 23:40:20 Europe/Berlin] With params: []
[23-Apr-2025 23:40:20 Europe/Berlin] Query executed successfully. Found 0 rows
[23-Apr-2025 23:40:20 Europe/Berlin] Users table created or already exists
[23-Apr-2025 23:40:20 Europe/Berlin] Users table structure: [{"Field":"id","Type":"int(11)","Null":"NO","Key":"PRI","Default":null,"Extra":"auto_increment"},{"Field":"username","Type":"varchar(50)","Null":"NO","Key":"","Default":null,"Extra":""},{"Field":"email","Type":"varchar(100)","Null":"NO","Key":"UNI","Default":null,"Extra":""},{"Field":"password","Type":"varchar(255)","Null":"NO","Key":"","Default":null,"Extra":""},{"Field":"role","Type":"enum('user','admin')","Null":"YES","Key":"","Default":"user","Extra":""},{"Field":"verification_code","Type":"varchar(100)","Null":"YES","Key":"","Default":null,"Extra":""},{"Field":"is_verified","Type":"tinyint(1)","Null":"YES","Key":"","Default":"0","Extra":""},{"Field":"created_at","Type":"timestamp","Null":"NO","Key":"","Default":"current_timestamp()","Extra":""},{"Field":"favorite_sport","Type":"varchar(50)","Null":"YES","Key":"","Default":null,"Extra":""},{"Field":"favorite_team","Type":"varchar(50)","Null":"YES","Key":"","Default":null,"Extra":""},{"Field":"account_type","Type":"enum('user','admin')","Null":"YES","Key":"","Default":"user","Extra":""}]
[23-Apr-2025 23:40:20 Europe/Berlin] Number of users in database: 13
[23-Apr-2025 23:40:20 Europe/Berlin] All tables initialized successfully
[23-Apr-2025 23:40:20 Europe/Berlin] Connected to database. Tables found: favorites, feedback, matches, matches_backup, matches_new, news, newsletter, notifications, players, subscriptions, users
[23-Apr-2025 23:40:20 Europe/Berlin] Executing SQL: CREATE TABLE IF NOT EXISTS users (
                id INT AUTO_INCREMENT PRIMARY KEY,
                username VARCHAR(50) NOT NULL UNIQUE,
                password VARCHAR(255) NOT NULL,
                email VARCHAR(100) NOT NULL UNIQUE,
                account_type ENUM('user', 'admin') DEFAULT 'user',
                created_at TIMESTAMP DEFAULT CURRENT_TIMESTAMP
            )
[23-Apr-2025 23:40:20 Europe/Berlin] With params: []
[23-Apr-2025 23:40:20 Europe/Berlin] Query executed successfully. Found 0 rows
[23-Apr-2025 23:40:20 Europe/Berlin] Users table created or already exists
[23-Apr-2025 23:40:20 Europe/Berlin] Users table structure: [{"Field":"id","Type":"int(11)","Null":"NO","Key":"PRI","Default":null,"Extra":"auto_increment"},{"Field":"username","Type":"varchar(50)","Null":"NO","Key":"","Default":null,"Extra":""},{"Field":"email","Type":"varchar(100)","Null":"NO","Key":"UNI","Default":null,"Extra":""},{"Field":"password","Type":"varchar(255)","Null":"NO","Key":"","Default":null,"Extra":""},{"Field":"role","Type":"enum('user','admin')","Null":"YES","Key":"","Default":"user","Extra":""},{"Field":"verification_code","Type":"varchar(100)","Null":"YES","Key":"","Default":null,"Extra":""},{"Field":"is_verified","Type":"tinyint(1)","Null":"YES","Key":"","Default":"0","Extra":""},{"Field":"created_at","Type":"timestamp","Null":"NO","Key":"","Default":"current_timestamp()","Extra":""},{"Field":"favorite_sport","Type":"varchar(50)","Null":"YES","Key":"","Default":null,"Extra":""},{"Field":"favorite_team","Type":"varchar(50)","Null":"YES","Key":"","Default":null,"Extra":""},{"Field":"account_type","Type":"enum('user','admin')","Null":"YES","Key":"","Default":"user","Extra":""}]
[23-Apr-2025 23:40:20 Europe/Berlin] Number of users in database: 13
[23-Apr-2025 23:40:20 Europe/Berlin] All tables initialized successfully
[23-Apr-2025 23:40:20 Europe/Berlin] Database tables initialized successfully
[23-Apr-2025 23:40:20 Europe/Berlin] Executing SQL: SELECT * FROM users WHERE id = :id
[23-Apr-2025 23:40:20 Europe/Berlin] With params: {":id":12}
[23-Apr-2025 23:40:20 Europe/Berlin] Query executed successfully. Found 1 rows
[23-Apr-2025 23:40:20 Europe/Berlin] User loaded from session: varunpndey
[23-Apr-2025 23:40:20 Europe/Berlin] Header - Session status: 2
[23-Apr-2025 23:40:20 Europe/Berlin] Header - Session data: {"user_id":12,"username":"varunpndey","email":"va@gmail.com","account_type":"admin"}
[23-Apr-2025 23:40:20 Europe/Berlin] Header - After session start - Status: 2
[23-Apr-2025 23:40:20 Europe/Berlin] Header - After session start - Data: {"user_id":12,"username":"varunpndey","email":"va@gmail.com","account_type":"admin"}
[23-Apr-2025 23:40:20 Europe/Berlin] Header - Is logged in: Yes
[23-Apr-2025 23:40:20 Europe/Berlin] Executing SQL: SELECT * FROM news ORDER BY created_at DESC LIMIT 5
[23-Apr-2025 23:40:20 Europe/Berlin] With params: []
[23-Apr-2025 23:40:20 Europe/Berlin] Query executed successfully. Found 2 rows
[23-Apr-2025 23:40:20 Europe/Berlin] Executing SQL: SELECT * FROM matches WHERE status = 'live'
[23-Apr-2025 23:40:20 Europe/Berlin] With params: []
[23-Apr-2025 23:40:20 Europe/Berlin] Query executed successfully. Found 1 rows
[23-Apr-2025 23:40:20 Europe/Berlin] Executing SQL: SELECT COUNT(*) as count FROM favorites 
                    WHERE user_id = :user_id AND match_id = :match_id
[23-Apr-2025 23:40:20 Europe/Berlin] With params: {":user_id":12,":match_id":42}
[23-Apr-2025 23:40:20 Europe/Berlin] Query executed successfully. Found 1 rows
[23-Apr-2025 23:40:21 Europe/Berlin] Connected to database. Tables found: favorites, feedback, matches, matches_backup, matches_new, news, newsletter, notifications, players, subscriptions, users
[23-Apr-2025 23:40:21 Europe/Berlin] Executing SQL: CREATE TABLE IF NOT EXISTS users (
                id INT AUTO_INCREMENT PRIMARY KEY,
                username VARCHAR(50) NOT NULL UNIQUE,
                password VARCHAR(255) NOT NULL,
                email VARCHAR(100) NOT NULL UNIQUE,
                account_type ENUM('user', 'admin') DEFAULT 'user',
                created_at TIMESTAMP DEFAULT CURRENT_TIMESTAMP
            )
[23-Apr-2025 23:40:21 Europe/Berlin] With params: []
[23-Apr-2025 23:40:21 Europe/Berlin] Query executed successfully. Found 0 rows
[23-Apr-2025 23:40:21 Europe/Berlin] Users table created or already exists
[23-Apr-2025 23:40:21 Europe/Berlin] Users table structure: [{"Field":"id","Type":"int(11)","Null":"NO","Key":"PRI","Default":null,"Extra":"auto_increment"},{"Field":"username","Type":"varchar(50)","Null":"NO","Key":"","Default":null,"Extra":""},{"Field":"email","Type":"varchar(100)","Null":"NO","Key":"UNI","Default":null,"Extra":""},{"Field":"password","Type":"varchar(255)","Null":"NO","Key":"","Default":null,"Extra":""},{"Field":"role","Type":"enum('user','admin')","Null":"YES","Key":"","Default":"user","Extra":""},{"Field":"verification_code","Type":"varchar(100)","Null":"YES","Key":"","Default":null,"Extra":""},{"Field":"is_verified","Type":"tinyint(1)","Null":"YES","Key":"","Default":"0","Extra":""},{"Field":"created_at","Type":"timestamp","Null":"NO","Key":"","Default":"current_timestamp()","Extra":""},{"Field":"favorite_sport","Type":"varchar(50)","Null":"YES","Key":"","Default":null,"Extra":""},{"Field":"favorite_team","Type":"varchar(50)","Null":"YES","Key":"","Default":null,"Extra":""},{"Field":"account_type","Type":"enum('user','admin')","Null":"YES","Key":"","Default":"user","Extra":""}]
[23-Apr-2025 23:40:21 Europe/Berlin] Number of users in database: 13
[23-Apr-2025 23:40:21 Europe/Berlin] All tables initialized successfully
[23-Apr-2025 23:40:21 Europe/Berlin] Connected to database. Tables found: favorites, feedback, matches, matches_backup, matches_new, news, newsletter, notifications, players, subscriptions, users
[23-Apr-2025 23:40:21 Europe/Berlin] Executing SQL: CREATE TABLE IF NOT EXISTS users (
                id INT AUTO_INCREMENT PRIMARY KEY,
                username VARCHAR(50) NOT NULL UNIQUE,
                password VARCHAR(255) NOT NULL,
                email VARCHAR(100) NOT NULL UNIQUE,
                account_type ENUM('user', 'admin') DEFAULT 'user',
                created_at TIMESTAMP DEFAULT CURRENT_TIMESTAMP
            )
[23-Apr-2025 23:40:21 Europe/Berlin] With params: []
[23-Apr-2025 23:40:21 Europe/Berlin] Query executed successfully. Found 0 rows
[23-Apr-2025 23:40:21 Europe/Berlin] Users table created or already exists
[23-Apr-2025 23:40:21 Europe/Berlin] Users table structure: [{"Field":"id","Type":"int(11)","Null":"NO","Key":"PRI","Default":null,"Extra":"auto_increment"},{"Field":"username","Type":"varchar(50)","Null":"NO","Key":"","Default":null,"Extra":""},{"Field":"email","Type":"varchar(100)","Null":"NO","Key":"UNI","Default":null,"Extra":""},{"Field":"password","Type":"varchar(255)","Null":"NO","Key":"","Default":null,"Extra":""},{"Field":"role","Type":"enum('user','admin')","Null":"YES","Key":"","Default":"user","Extra":""},{"Field":"verification_code","Type":"varchar(100)","Null":"YES","Key":"","Default":null,"Extra":""},{"Field":"is_verified","Type":"tinyint(1)","Null":"YES","Key":"","Default":"0","Extra":""},{"Field":"created_at","Type":"timestamp","Null":"NO","Key":"","Default":"current_timestamp()","Extra":""},{"Field":"favorite_sport","Type":"varchar(50)","Null":"YES","Key":"","Default":null,"Extra":""},{"Field":"favorite_team","Type":"varchar(50)","Null":"YES","Key":"","Default":null,"Extra":""},{"Field":"account_type","Type":"enum('user','admin')","Null":"YES","Key":"","Default":"user","Extra":""}]
[23-Apr-2025 23:40:21 Europe/Berlin] Number of users in database: 13
[23-Apr-2025 23:40:21 Europe/Berlin] All tables initialized successfully
[23-Apr-2025 23:40:21 Europe/Berlin] Database tables initialized successfully
[23-Apr-2025 23:40:21 Europe/Berlin] Executing SQL: SELECT * FROM users WHERE id = :id
[23-Apr-2025 23:40:21 Europe/Berlin] With params: {":id":12}
[23-Apr-2025 23:40:21 Europe/Berlin] Query executed successfully. Found 1 rows
[23-Apr-2025 23:40:21 Europe/Berlin] User loaded from session: varunpndey
[23-Apr-2025 23:40:21 Europe/Berlin] Header - Session status: 2
[23-Apr-2025 23:40:21 Europe/Berlin] Header - Session data: {"user_id":12,"username":"varunpndey","email":"va@gmail.com","account_type":"admin"}
[23-Apr-2025 23:40:21 Europe/Berlin] Header - After session start - Status: 2
[23-Apr-2025 23:40:21 Europe/Berlin] Header - After session start - Data: {"user_id":12,"username":"varunpndey","email":"va@gmail.com","account_type":"admin"}
[23-Apr-2025 23:40:21 Europe/Berlin] Header - Is logged in: Yes
[23-Apr-2025 23:40:21 Europe/Berlin] Executing SQL: SELECT * FROM matches WHERE sport = :sport ORDER BY match_time DESC
[23-Apr-2025 23:40:21 Europe/Berlin] With params: {":sport":"football"}
[23-Apr-2025 23:40:21 Europe/Berlin] Query executed successfully. Found 1 rows
[23-Apr-2025 23:40:21 Europe/Berlin] Executing SQL: SELECT * FROM matches WHERE sport = :sport AND status = :status
[23-Apr-2025 23:40:21 Europe/Berlin] With params: {":sport":"football",":status":"live"}
[23-Apr-2025 23:40:21 Europe/Berlin] Query executed successfully. Found 0 rows
[23-Apr-2025 23:40:21 Europe/Berlin] Executing SQL: SELECT COUNT(*) as count FROM favorites 
                    WHERE user_id = :user_id AND match_id = :match_id
[23-Apr-2025 23:40:21 Europe/Berlin] With params: {":user_id":12,":match_id":41}
[23-Apr-2025 23:40:21 Europe/Berlin] Query executed successfully. Found 1 rows
[23-Apr-2025 23:40:25 Europe/Berlin] Connected to database. Tables found: favorites, feedback, matches, matches_backup, matches_new, news, newsletter, notifications, players, subscriptions, users
[23-Apr-2025 23:40:25 Europe/Berlin] Executing SQL: CREATE TABLE IF NOT EXISTS users (
                id INT AUTO_INCREMENT PRIMARY KEY,
                username VARCHAR(50) NOT NULL UNIQUE,
                password VARCHAR(255) NOT NULL,
                email VARCHAR(100) NOT NULL UNIQUE,
                account_type ENUM('user', 'admin') DEFAULT 'user',
                created_at TIMESTAMP DEFAULT CURRENT_TIMESTAMP
            )
[23-Apr-2025 23:40:25 Europe/Berlin] With params: []
[23-Apr-2025 23:40:25 Europe/Berlin] Query executed successfully. Found 0 rows
[23-Apr-2025 23:40:25 Europe/Berlin] Users table created or already exists
[23-Apr-2025 23:40:25 Europe/Berlin] Users table structure: [{"Field":"id","Type":"int(11)","Null":"NO","Key":"PRI","Default":null,"Extra":"auto_increment"},{"Field":"username","Type":"varchar(50)","Null":"NO","Key":"","Default":null,"Extra":""},{"Field":"email","Type":"varchar(100)","Null":"NO","Key":"UNI","Default":null,"Extra":""},{"Field":"password","Type":"varchar(255)","Null":"NO","Key":"","Default":null,"Extra":""},{"Field":"role","Type":"enum('user','admin')","Null":"YES","Key":"","Default":"user","Extra":""},{"Field":"verification_code","Type":"varchar(100)","Null":"YES","Key":"","Default":null,"Extra":""},{"Field":"is_verified","Type":"tinyint(1)","Null":"YES","Key":"","Default":"0","Extra":""},{"Field":"created_at","Type":"timestamp","Null":"NO","Key":"","Default":"current_timestamp()","Extra":""},{"Field":"favorite_sport","Type":"varchar(50)","Null":"YES","Key":"","Default":null,"Extra":""},{"Field":"favorite_team","Type":"varchar(50)","Null":"YES","Key":"","Default":null,"Extra":""},{"Field":"account_type","Type":"enum('user','admin')","Null":"YES","Key":"","Default":"user","Extra":""}]
[23-Apr-2025 23:40:25 Europe/Berlin] Number of users in database: 13
[23-Apr-2025 23:40:25 Europe/Berlin] All tables initialized successfully
[23-Apr-2025 23:40:25 Europe/Berlin] API Request received: /sportsync/backend/match.php?_=1745444425013
[23-Apr-2025 23:40:25 Europe/Berlin] GET parameters: Array
(
    [_] => 1745444425013
)

[23-Apr-2025 23:40:27 Europe/Berlin] Connected to database. Tables found: favorites, feedback, matches, matches_backup, matches_new, news, newsletter, notifications, players, subscriptions, users
[23-Apr-2025 23:40:27 Europe/Berlin] Executing SQL: CREATE TABLE IF NOT EXISTS users (
                id INT AUTO_INCREMENT PRIMARY KEY,
                username VARCHAR(50) NOT NULL UNIQUE,
                password VARCHAR(255) NOT NULL,
                email VARCHAR(100) NOT NULL UNIQUE,
                account_type ENUM('user', 'admin') DEFAULT 'user',
                created_at TIMESTAMP DEFAULT CURRENT_TIMESTAMP
            )
[23-Apr-2025 23:40:27 Europe/Berlin] With params: []
[23-Apr-2025 23:40:27 Europe/Berlin] Query executed successfully. Found 0 rows
[23-Apr-2025 23:40:27 Europe/Berlin] Users table created or already exists
[23-Apr-2025 23:40:27 Europe/Berlin] Users table structure: [{"Field":"id","Type":"int(11)","Null":"NO","Key":"PRI","Default":null,"Extra":"auto_increment"},{"Field":"username","Type":"varchar(50)","Null":"NO","Key":"","Default":null,"Extra":""},{"Field":"email","Type":"varchar(100)","Null":"NO","Key":"UNI","Default":null,"Extra":""},{"Field":"password","Type":"varchar(255)","Null":"NO","Key":"","Default":null,"Extra":""},{"Field":"role","Type":"enum('user','admin')","Null":"YES","Key":"","Default":"user","Extra":""},{"Field":"verification_code","Type":"varchar(100)","Null":"YES","Key":"","Default":null,"Extra":""},{"Field":"is_verified","Type":"tinyint(1)","Null":"YES","Key":"","Default":"0","Extra":""},{"Field":"created_at","Type":"timestamp","Null":"NO","Key":"","Default":"current_timestamp()","Extra":""},{"Field":"favorite_sport","Type":"varchar(50)","Null":"YES","Key":"","Default":null,"Extra":""},{"Field":"favorite_team","Type":"varchar(50)","Null":"YES","Key":"","Default":null,"Extra":""},{"Field":"account_type","Type":"enum('user','admin')","Null":"YES","Key":"","Default":"user","Extra":""}]
[23-Apr-2025 23:40:27 Europe/Berlin] Number of users in database: 13
[23-Apr-2025 23:40:27 Europe/Berlin] All tables initialized successfully
[23-Apr-2025 23:40:27 Europe/Berlin] Connected to database. Tables found: favorites, feedback, matches, matches_backup, matches_new, news, newsletter, notifications, players, subscriptions, users
[23-Apr-2025 23:40:27 Europe/Berlin] Executing SQL: CREATE TABLE IF NOT EXISTS users (
                id INT AUTO_INCREMENT PRIMARY KEY,
                username VARCHAR(50) NOT NULL UNIQUE,
                password VARCHAR(255) NOT NULL,
                email VARCHAR(100) NOT NULL UNIQUE,
                account_type ENUM('user', 'admin') DEFAULT 'user',
                created_at TIMESTAMP DEFAULT CURRENT_TIMESTAMP
            )
[23-Apr-2025 23:40:27 Europe/Berlin] With params: []
[23-Apr-2025 23:40:27 Europe/Berlin] Query executed successfully. Found 0 rows
[23-Apr-2025 23:40:27 Europe/Berlin] Users table created or already exists
[23-Apr-2025 23:40:27 Europe/Berlin] Users table structure: [{"Field":"id","Type":"int(11)","Null":"NO","Key":"PRI","Default":null,"Extra":"auto_increment"},{"Field":"username","Type":"varchar(50)","Null":"NO","Key":"","Default":null,"Extra":""},{"Field":"email","Type":"varchar(100)","Null":"NO","Key":"UNI","Default":null,"Extra":""},{"Field":"password","Type":"varchar(255)","Null":"NO","Key":"","Default":null,"Extra":""},{"Field":"role","Type":"enum('user','admin')","Null":"YES","Key":"","Default":"user","Extra":""},{"Field":"verification_code","Type":"varchar(100)","Null":"YES","Key":"","Default":null,"Extra":""},{"Field":"is_verified","Type":"tinyint(1)","Null":"YES","Key":"","Default":"0","Extra":""},{"Field":"created_at","Type":"timestamp","Null":"NO","Key":"","Default":"current_timestamp()","Extra":""},{"Field":"favorite_sport","Type":"varchar(50)","Null":"YES","Key":"","Default":null,"Extra":""},{"Field":"favorite_team","Type":"varchar(50)","Null":"YES","Key":"","Default":null,"Extra":""},{"Field":"account_type","Type":"enum('user','admin')","Null":"YES","Key":"","Default":"user","Extra":""}]
[23-Apr-2025 23:40:27 Europe/Berlin] Number of users in database: 13
[23-Apr-2025 23:40:27 Europe/Berlin] All tables initialized successfully
[23-Apr-2025 23:40:27 Europe/Berlin] Database tables initialized successfully
[23-Apr-2025 23:40:27 Europe/Berlin] Executing SQL: SELECT * FROM users WHERE id = :id
[23-Apr-2025 23:40:27 Europe/Berlin] With params: {":id":12}
[23-Apr-2025 23:40:27 Europe/Berlin] Query executed successfully. Found 1 rows
[23-Apr-2025 23:40:27 Europe/Berlin] User loaded from session: varunpndey
[23-Apr-2025 23:40:27 Europe/Berlin] Header - Session status: 2
[23-Apr-2025 23:40:27 Europe/Berlin] Header - Session data: {"user_id":12,"username":"varunpndey","email":"va@gmail.com","account_type":"admin"}
[23-Apr-2025 23:40:27 Europe/Berlin] Header - After session start - Status: 2
[23-Apr-2025 23:40:27 Europe/Berlin] Header - After session start - Data: {"user_id":12,"username":"varunpndey","email":"va@gmail.com","account_type":"admin"}
[23-Apr-2025 23:40:27 Europe/Berlin] Header - Is logged in: Yes
[23-Apr-2025 23:40:27 Europe/Berlin] Executing SQL: SELECT * FROM news ORDER BY created_at DESC LIMIT 5
[23-Apr-2025 23:40:27 Europe/Berlin] With params: []
[23-Apr-2025 23:40:27 Europe/Berlin] Query executed successfully. Found 2 rows
[23-Apr-2025 23:40:27 Europe/Berlin] Executing SQL: SELECT * FROM matches WHERE status = 'live'
[23-Apr-2025 23:40:27 Europe/Berlin] With params: []
[23-Apr-2025 23:40:27 Europe/Berlin] Query executed successfully. Found 1 rows
[23-Apr-2025 23:40:27 Europe/Berlin] Executing SQL: SELECT COUNT(*) as count FROM favorites 
                    WHERE user_id = :user_id AND match_id = :match_id
[23-Apr-2025 23:40:27 Europe/Berlin] With params: {":user_id":12,":match_id":42}
[23-Apr-2025 23:40:27 Europe/Berlin] Query executed successfully. Found 1 rows
[23-Apr-2025 23:40:32 Europe/Berlin] Connected to database. Tables found: favorites, feedback, matches, matches_backup, matches_new, news, newsletter, notifications, players, subscriptions, users
[23-Apr-2025 23:40:32 Europe/Berlin] Executing SQL: CREATE TABLE IF NOT EXISTS users (
                id INT AUTO_INCREMENT PRIMARY KEY,
                username VARCHAR(50) NOT NULL UNIQUE,
                password VARCHAR(255) NOT NULL,
                email VARCHAR(100) NOT NULL UNIQUE,
                account_type ENUM('user', 'admin') DEFAULT 'user',
                created_at TIMESTAMP DEFAULT CURRENT_TIMESTAMP
            )
[23-Apr-2025 23:40:32 Europe/Berlin] With params: []
[23-Apr-2025 23:40:32 Europe/Berlin] Query executed successfully. Found 0 rows
[23-Apr-2025 23:40:32 Europe/Berlin] Users table created or already exists
[23-Apr-2025 23:40:32 Europe/Berlin] Users table structure: [{"Field":"id","Type":"int(11)","Null":"NO","Key":"PRI","Default":null,"Extra":"auto_increment"},{"Field":"username","Type":"varchar(50)","Null":"NO","Key":"","Default":null,"Extra":""},{"Field":"email","Type":"varchar(100)","Null":"NO","Key":"UNI","Default":null,"Extra":""},{"Field":"password","Type":"varchar(255)","Null":"NO","Key":"","Default":null,"Extra":""},{"Field":"role","Type":"enum('user','admin')","Null":"YES","Key":"","Default":"user","Extra":""},{"Field":"verification_code","Type":"varchar(100)","Null":"YES","Key":"","Default":null,"Extra":""},{"Field":"is_verified","Type":"tinyint(1)","Null":"YES","Key":"","Default":"0","Extra":""},{"Field":"created_at","Type":"timestamp","Null":"NO","Key":"","Default":"current_timestamp()","Extra":""},{"Field":"favorite_sport","Type":"varchar(50)","Null":"YES","Key":"","Default":null,"Extra":""},{"Field":"favorite_team","Type":"varchar(50)","Null":"YES","Key":"","Default":null,"Extra":""},{"Field":"account_type","Type":"enum('user','admin')","Null":"YES","Key":"","Default":"user","Extra":""}]
[23-Apr-2025 23:40:32 Europe/Berlin] Number of users in database: 13
[23-Apr-2025 23:40:32 Europe/Berlin] All tables initialized successfully
[23-Apr-2025 23:40:32 Europe/Berlin] Connected to database. Tables found: favorites, feedback, matches, matches_backup, matches_new, news, newsletter, notifications, players, subscriptions, users
[23-Apr-2025 23:40:32 Europe/Berlin] Executing SQL: CREATE TABLE IF NOT EXISTS users (
                id INT AUTO_INCREMENT PRIMARY KEY,
                username VARCHAR(50) NOT NULL UNIQUE,
                password VARCHAR(255) NOT NULL,
                email VARCHAR(100) NOT NULL UNIQUE,
                account_type ENUM('user', 'admin') DEFAULT 'user',
                created_at TIMESTAMP DEFAULT CURRENT_TIMESTAMP
            )
[23-Apr-2025 23:40:32 Europe/Berlin] With params: []
[23-Apr-2025 23:40:32 Europe/Berlin] Query executed successfully. Found 0 rows
[23-Apr-2025 23:40:32 Europe/Berlin] Users table created or already exists
[23-Apr-2025 23:40:32 Europe/Berlin] Users table structure: [{"Field":"id","Type":"int(11)","Null":"NO","Key":"PRI","Default":null,"Extra":"auto_increment"},{"Field":"username","Type":"varchar(50)","Null":"NO","Key":"","Default":null,"Extra":""},{"Field":"email","Type":"varchar(100)","Null":"NO","Key":"UNI","Default":null,"Extra":""},{"Field":"password","Type":"varchar(255)","Null":"NO","Key":"","Default":null,"Extra":""},{"Field":"role","Type":"enum('user','admin')","Null":"YES","Key":"","Default":"user","Extra":""},{"Field":"verification_code","Type":"varchar(100)","Null":"YES","Key":"","Default":null,"Extra":""},{"Field":"is_verified","Type":"tinyint(1)","Null":"YES","Key":"","Default":"0","Extra":""},{"Field":"created_at","Type":"timestamp","Null":"NO","Key":"","Default":"current_timestamp()","Extra":""},{"Field":"favorite_sport","Type":"varchar(50)","Null":"YES","Key":"","Default":null,"Extra":""},{"Field":"favorite_team","Type":"varchar(50)","Null":"YES","Key":"","Default":null,"Extra":""},{"Field":"account_type","Type":"enum('user','admin')","Null":"YES","Key":"","Default":"user","Extra":""}]
[23-Apr-2025 23:40:32 Europe/Berlin] Number of users in database: 13
[23-Apr-2025 23:40:32 Europe/Berlin] All tables initialized successfully
[23-Apr-2025 23:40:32 Europe/Berlin] Database tables initialized successfully
[23-Apr-2025 23:40:32 Europe/Berlin] Executing SQL: SELECT * FROM users WHERE id = :id
[23-Apr-2025 23:40:32 Europe/Berlin] With params: {":id":12}
[23-Apr-2025 23:40:32 Europe/Berlin] Query executed successfully. Found 1 rows
[23-Apr-2025 23:40:32 Europe/Berlin] User loaded from session: varunpndey
[23-Apr-2025 23:40:32 Europe/Berlin] Header - Session status: 2
[23-Apr-2025 23:40:32 Europe/Berlin] Header - Session data: {"user_id":12,"username":"varunpndey","email":"va@gmail.com","account_type":"admin"}
[23-Apr-2025 23:40:32 Europe/Berlin] Header - After session start - Status: 2
[23-Apr-2025 23:40:32 Europe/Berlin] Header - After session start - Data: {"user_id":12,"username":"varunpndey","email":"va@gmail.com","account_type":"admin"}
[23-Apr-2025 23:40:32 Europe/Berlin] Header - Is logged in: Yes
[23-Apr-2025 23:40:32 Europe/Berlin] Executing SQL: SELECT m.* FROM matches m 
                    INNER JOIN favorites f ON m.id = f.match_id 
                    WHERE f.user_id = :user_id 
                    ORDER BY m.match_time DESC
[23-Apr-2025 23:40:32 Europe/Berlin] With params: {":user_id":12}
[23-Apr-2025 23:40:32 Europe/Berlin] Query executed successfully. Found 0 rows
[23-Apr-2025 23:40:34 Europe/Berlin] Connected to database. Tables found: favorites, feedback, matches, matches_backup, matches_new, news, newsletter, notifications, players, subscriptions, users
[23-Apr-2025 23:40:34 Europe/Berlin] Executing SQL: CREATE TABLE IF NOT EXISTS users (
                id INT AUTO_INCREMENT PRIMARY KEY,
                username VARCHAR(50) NOT NULL UNIQUE,
                password VARCHAR(255) NOT NULL,
                email VARCHAR(100) NOT NULL UNIQUE,
                account_type ENUM('user', 'admin') DEFAULT 'user',
                created_at TIMESTAMP DEFAULT CURRENT_TIMESTAMP
            )
[23-Apr-2025 23:40:34 Europe/Berlin] With params: []
[23-Apr-2025 23:40:34 Europe/Berlin] Query executed successfully. Found 0 rows
[23-Apr-2025 23:40:34 Europe/Berlin] Users table created or already exists
[23-Apr-2025 23:40:34 Europe/Berlin] Users table structure: [{"Field":"id","Type":"int(11)","Null":"NO","Key":"PRI","Default":null,"Extra":"auto_increment"},{"Field":"username","Type":"varchar(50)","Null":"NO","Key":"","Default":null,"Extra":""},{"Field":"email","Type":"varchar(100)","Null":"NO","Key":"UNI","Default":null,"Extra":""},{"Field":"password","Type":"varchar(255)","Null":"NO","Key":"","Default":null,"Extra":""},{"Field":"role","Type":"enum('user','admin')","Null":"YES","Key":"","Default":"user","Extra":""},{"Field":"verification_code","Type":"varchar(100)","Null":"YES","Key":"","Default":null,"Extra":""},{"Field":"is_verified","Type":"tinyint(1)","Null":"YES","Key":"","Default":"0","Extra":""},{"Field":"created_at","Type":"timestamp","Null":"NO","Key":"","Default":"current_timestamp()","Extra":""},{"Field":"favorite_sport","Type":"varchar(50)","Null":"YES","Key":"","Default":null,"Extra":""},{"Field":"favorite_team","Type":"varchar(50)","Null":"YES","Key":"","Default":null,"Extra":""},{"Field":"account_type","Type":"enum('user','admin')","Null":"YES","Key":"","Default":"user","Extra":""}]
[23-Apr-2025 23:40:34 Europe/Berlin] Number of users in database: 13
[23-Apr-2025 23:40:34 Europe/Berlin] All tables initialized successfully
[23-Apr-2025 23:40:34 Europe/Berlin] Connected to database. Tables found: favorites, feedback, matches, matches_backup, matches_new, news, newsletter, notifications, players, subscriptions, users
[23-Apr-2025 23:40:34 Europe/Berlin] Executing SQL: CREATE TABLE IF NOT EXISTS users (
                id INT AUTO_INCREMENT PRIMARY KEY,
                username VARCHAR(50) NOT NULL UNIQUE,
                password VARCHAR(255) NOT NULL,
                email VARCHAR(100) NOT NULL UNIQUE,
                account_type ENUM('user', 'admin') DEFAULT 'user',
                created_at TIMESTAMP DEFAULT CURRENT_TIMESTAMP
            )
[23-Apr-2025 23:40:34 Europe/Berlin] With params: []
[23-Apr-2025 23:40:34 Europe/Berlin] Query executed successfully. Found 0 rows
[23-Apr-2025 23:40:34 Europe/Berlin] Users table created or already exists
[23-Apr-2025 23:40:34 Europe/Berlin] Users table structure: [{"Field":"id","Type":"int(11)","Null":"NO","Key":"PRI","Default":null,"Extra":"auto_increment"},{"Field":"username","Type":"varchar(50)","Null":"NO","Key":"","Default":null,"Extra":""},{"Field":"email","Type":"varchar(100)","Null":"NO","Key":"UNI","Default":null,"Extra":""},{"Field":"password","Type":"varchar(255)","Null":"NO","Key":"","Default":null,"Extra":""},{"Field":"role","Type":"enum('user','admin')","Null":"YES","Key":"","Default":"user","Extra":""},{"Field":"verification_code","Type":"varchar(100)","Null":"YES","Key":"","Default":null,"Extra":""},{"Field":"is_verified","Type":"tinyint(1)","Null":"YES","Key":"","Default":"0","Extra":""},{"Field":"created_at","Type":"timestamp","Null":"NO","Key":"","Default":"current_timestamp()","Extra":""},{"Field":"favorite_sport","Type":"varchar(50)","Null":"YES","Key":"","Default":null,"Extra":""},{"Field":"favorite_team","Type":"varchar(50)","Null":"YES","Key":"","Default":null,"Extra":""},{"Field":"account_type","Type":"enum('user','admin')","Null":"YES","Key":"","Default":"user","Extra":""}]
[23-Apr-2025 23:40:34 Europe/Berlin] Number of users in database: 13
[23-Apr-2025 23:40:34 Europe/Berlin] All tables initialized successfully
[23-Apr-2025 23:40:34 Europe/Berlin] Database tables initialized successfully
[23-Apr-2025 23:40:34 Europe/Berlin] Executing SQL: SELECT * FROM users WHERE id = :id
[23-Apr-2025 23:40:34 Europe/Berlin] With params: {":id":12}
[23-Apr-2025 23:40:34 Europe/Berlin] Query executed successfully. Found 1 rows
[23-Apr-2025 23:40:34 Europe/Berlin] User loaded from session: varunpndey
[23-Apr-2025 23:40:34 Europe/Berlin] Header - Session status: 2
[23-Apr-2025 23:40:34 Europe/Berlin] Header - Session data: {"user_id":12,"username":"varunpndey","email":"va@gmail.com","account_type":"admin"}
[23-Apr-2025 23:40:34 Europe/Berlin] Header - After session start - Status: 2
[23-Apr-2025 23:40:34 Europe/Berlin] Header - After session start - Data: {"user_id":12,"username":"varunpndey","email":"va@gmail.com","account_type":"admin"}
[23-Apr-2025 23:40:34 Europe/Berlin] Header - Is logged in: Yes
[23-Apr-2025 23:40:34 Europe/Berlin] Executing SQL: SELECT * FROM news ORDER BY created_at DESC LIMIT 5
[23-Apr-2025 23:40:34 Europe/Berlin] With params: []
[23-Apr-2025 23:40:34 Europe/Berlin] Query executed successfully. Found 2 rows
[23-Apr-2025 23:40:34 Europe/Berlin] Executing SQL: SELECT * FROM matches WHERE status = 'live'
[23-Apr-2025 23:40:34 Europe/Berlin] With params: []
[23-Apr-2025 23:40:34 Europe/Berlin] Query executed successfully. Found 1 rows
[23-Apr-2025 23:40:34 Europe/Berlin] Executing SQL: SELECT COUNT(*) as count FROM favorites 
                    WHERE user_id = :user_id AND match_id = :match_id
[23-Apr-2025 23:40:34 Europe/Berlin] With params: {":user_id":12,":match_id":42}
[23-Apr-2025 23:40:34 Europe/Berlin] Query executed successfully. Found 1 rows
[23-Apr-2025 23:42:48 Europe/Berlin] Connected to database. Tables found: favorites, feedback, matches, matches_backup, matches_new, news, newsletter, notifications, players, subscriptions, users
[23-Apr-2025 23:42:48 Europe/Berlin] Executing SQL: CREATE TABLE IF NOT EXISTS users (
                id INT AUTO_INCREMENT PRIMARY KEY,
                username VARCHAR(50) NOT NULL UNIQUE,
                password VARCHAR(255) NOT NULL,
                email VARCHAR(100) NOT NULL UNIQUE,
                account_type ENUM('user', 'admin') DEFAULT 'user',
                created_at TIMESTAMP DEFAULT CURRENT_TIMESTAMP
            )
[23-Apr-2025 23:42:48 Europe/Berlin] With params: []
[23-Apr-2025 23:42:48 Europe/Berlin] Query executed successfully. Found 0 rows
[23-Apr-2025 23:42:48 Europe/Berlin] Users table created or already exists
[23-Apr-2025 23:42:48 Europe/Berlin] Users table structure: [{"Field":"id","Type":"int(11)","Null":"NO","Key":"PRI","Default":null,"Extra":"auto_increment"},{"Field":"username","Type":"varchar(50)","Null":"NO","Key":"","Default":null,"Extra":""},{"Field":"email","Type":"varchar(100)","Null":"NO","Key":"UNI","Default":null,"Extra":""},{"Field":"password","Type":"varchar(255)","Null":"NO","Key":"","Default":null,"Extra":""},{"Field":"role","Type":"enum('user','admin')","Null":"YES","Key":"","Default":"user","Extra":""},{"Field":"verification_code","Type":"varchar(100)","Null":"YES","Key":"","Default":null,"Extra":""},{"Field":"is_verified","Type":"tinyint(1)","Null":"YES","Key":"","Default":"0","Extra":""},{"Field":"created_at","Type":"timestamp","Null":"NO","Key":"","Default":"current_timestamp()","Extra":""},{"Field":"favorite_sport","Type":"varchar(50)","Null":"YES","Key":"","Default":null,"Extra":""},{"Field":"favorite_team","Type":"varchar(50)","Null":"YES","Key":"","Default":null,"Extra":""},{"Field":"account_type","Type":"enum('user','admin')","Null":"YES","Key":"","Default":"user","Extra":""}]
[23-Apr-2025 23:42:48 Europe/Berlin] Number of users in database: 13
[23-Apr-2025 23:42:48 Europe/Berlin] All tables initialized successfully
[23-Apr-2025 23:42:48 Europe/Berlin] Connected to database. Tables found: favorites, feedback, matches, matches_backup, matches_new, news, newsletter, notifications, players, subscriptions, users
[23-Apr-2025 23:42:48 Europe/Berlin] Executing SQL: CREATE TABLE IF NOT EXISTS users (
                id INT AUTO_INCREMENT PRIMARY KEY,
                username VARCHAR(50) NOT NULL UNIQUE,
                password VARCHAR(255) NOT NULL,
                email VARCHAR(100) NOT NULL UNIQUE,
                account_type ENUM('user', 'admin') DEFAULT 'user',
                created_at TIMESTAMP DEFAULT CURRENT_TIMESTAMP
            )
[23-Apr-2025 23:42:48 Europe/Berlin] With params: []
[23-Apr-2025 23:42:48 Europe/Berlin] Query executed successfully. Found 0 rows
[23-Apr-2025 23:42:48 Europe/Berlin] Users table created or already exists
[23-Apr-2025 23:42:48 Europe/Berlin] Users table structure: [{"Field":"id","Type":"int(11)","Null":"NO","Key":"PRI","Default":null,"Extra":"auto_increment"},{"Field":"username","Type":"varchar(50)","Null":"NO","Key":"","Default":null,"Extra":""},{"Field":"email","Type":"varchar(100)","Null":"NO","Key":"UNI","Default":null,"Extra":""},{"Field":"password","Type":"varchar(255)","Null":"NO","Key":"","Default":null,"Extra":""},{"Field":"role","Type":"enum('user','admin')","Null":"YES","Key":"","Default":"user","Extra":""},{"Field":"verification_code","Type":"varchar(100)","Null":"YES","Key":"","Default":null,"Extra":""},{"Field":"is_verified","Type":"tinyint(1)","Null":"YES","Key":"","Default":"0","Extra":""},{"Field":"created_at","Type":"timestamp","Null":"NO","Key":"","Default":"current_timestamp()","Extra":""},{"Field":"favorite_sport","Type":"varchar(50)","Null":"YES","Key":"","Default":null,"Extra":""},{"Field":"favorite_team","Type":"varchar(50)","Null":"YES","Key":"","Default":null,"Extra":""},{"Field":"account_type","Type":"enum('user','admin')","Null":"YES","Key":"","Default":"user","Extra":""}]
[23-Apr-2025 23:42:48 Europe/Berlin] Number of users in database: 13
[23-Apr-2025 23:42:48 Europe/Berlin] All tables initialized successfully
[23-Apr-2025 23:42:48 Europe/Berlin] Database tables initialized successfully
[23-Apr-2025 23:42:48 Europe/Berlin] Executing SQL: SELECT * FROM users WHERE id = :id
[23-Apr-2025 23:42:48 Europe/Berlin] With params: {":id":12}
[23-Apr-2025 23:42:48 Europe/Berlin] Query executed successfully. Found 1 rows
[23-Apr-2025 23:42:48 Europe/Berlin] User loaded from session: varunpndey
[23-Apr-2025 23:42:48 Europe/Berlin] Executing SQL: SELECT * FROM users WHERE id = :id
[23-Apr-2025 23:42:48 Europe/Berlin] With params: {":id":12}
[23-Apr-2025 23:42:48 Europe/Berlin] Query executed successfully. Found 1 rows
[23-Apr-2025 23:42:48 Europe/Berlin] Executing SQL: SELECT * FROM news ORDER BY created_at DESC
[23-Apr-2025 23:42:48 Europe/Berlin] With params: []
[23-Apr-2025 23:42:48 Europe/Berlin] Query executed successfully. Found 2 rows
[23-Apr-2025 23:42:48 Europe/Berlin] Executing SQL: SELECT * FROM feedback ORDER BY created_at DESC
[23-Apr-2025 23:42:48 Europe/Berlin] With params: []
[23-Apr-2025 23:42:48 Europe/Berlin] Query executed successfully. Found 8 rows
[23-Apr-2025 23:42:48 Europe/Berlin] Executing SQL: SELECT * FROM matches WHERE status = 'live'
[23-Apr-2025 23:42:48 Europe/Berlin] With params: []
[23-Apr-2025 23:42:48 Europe/Berlin] Query executed successfully. Found 1 rows
[23-Apr-2025 23:42:48 Europe/Berlin] Executing SQL: SELECT * FROM matches WHERE 1=1 ORDER BY match_time DESC
[23-Apr-2025 23:42:48 Europe/Berlin] With params: []
[23-Apr-2025 23:42:48 Europe/Berlin] Query executed successfully. Found 4 rows
[23-Apr-2025 23:42:54 Europe/Berlin] Connected to database. Tables found: favorites, feedback, matches, matches_backup, matches_new, news, newsletter, notifications, players, subscriptions, users
[23-Apr-2025 23:42:54 Europe/Berlin] Executing SQL: CREATE TABLE IF NOT EXISTS users (
                id INT AUTO_INCREMENT PRIMARY KEY,
                username VARCHAR(50) NOT NULL UNIQUE,
                password VARCHAR(255) NOT NULL,
                email VARCHAR(100) NOT NULL UNIQUE,
                account_type ENUM('user', 'admin') DEFAULT 'user',
                created_at TIMESTAMP DEFAULT CURRENT_TIMESTAMP
            )
[23-Apr-2025 23:42:54 Europe/Berlin] With params: []
[23-Apr-2025 23:42:54 Europe/Berlin] Query executed successfully. Found 0 rows
[23-Apr-2025 23:42:54 Europe/Berlin] Users table created or already exists
[23-Apr-2025 23:42:54 Europe/Berlin] Users table structure: [{"Field":"id","Type":"int(11)","Null":"NO","Key":"PRI","Default":null,"Extra":"auto_increment"},{"Field":"username","Type":"varchar(50)","Null":"NO","Key":"","Default":null,"Extra":""},{"Field":"email","Type":"varchar(100)","Null":"NO","Key":"UNI","Default":null,"Extra":""},{"Field":"password","Type":"varchar(255)","Null":"NO","Key":"","Default":null,"Extra":""},{"Field":"role","Type":"enum('user','admin')","Null":"YES","Key":"","Default":"user","Extra":""},{"Field":"verification_code","Type":"varchar(100)","Null":"YES","Key":"","Default":null,"Extra":""},{"Field":"is_verified","Type":"tinyint(1)","Null":"YES","Key":"","Default":"0","Extra":""},{"Field":"created_at","Type":"timestamp","Null":"NO","Key":"","Default":"current_timestamp()","Extra":""},{"Field":"favorite_sport","Type":"varchar(50)","Null":"YES","Key":"","Default":null,"Extra":""},{"Field":"favorite_team","Type":"varchar(50)","Null":"YES","Key":"","Default":null,"Extra":""},{"Field":"account_type","Type":"enum('user','admin')","Null":"YES","Key":"","Default":"user","Extra":""}]
[23-Apr-2025 23:42:54 Europe/Berlin] Number of users in database: 13
[23-Apr-2025 23:42:54 Europe/Berlin] All tables initialized successfully
[23-Apr-2025 23:42:54 Europe/Berlin] Executing SQL: SELECT * FROM matches WHERE id = :id
[23-Apr-2025 23:42:54 Europe/Berlin] With params: {":id":"37"}
[23-Apr-2025 23:42:54 Europe/Berlin] Query executed successfully. Found 1 rows
[23-Apr-2025 23:42:54 Europe/Berlin] Executing SQL: DELETE FROM matches WHERE id = :id
[23-Apr-2025 23:42:54 Europe/Berlin] With params: {":id":"37"}
[23-Apr-2025 23:42:54 Europe/Berlin] Query executed successfully. Found 0 rows
[23-Apr-2025 23:42:56 Europe/Berlin] Connected to database. Tables found: favorites, feedback, matches, matches_backup, matches_new, news, newsletter, notifications, players, subscriptions, users
[23-Apr-2025 23:42:56 Europe/Berlin] Executing SQL: CREATE TABLE IF NOT EXISTS users (
                id INT AUTO_INCREMENT PRIMARY KEY,
                username VARCHAR(50) NOT NULL UNIQUE,
                password VARCHAR(255) NOT NULL,
                email VARCHAR(100) NOT NULL UNIQUE,
                account_type ENUM('user', 'admin') DEFAULT 'user',
                created_at TIMESTAMP DEFAULT CURRENT_TIMESTAMP
            )
[23-Apr-2025 23:42:56 Europe/Berlin] With params: []
[23-Apr-2025 23:42:56 Europe/Berlin] Query executed successfully. Found 0 rows
[23-Apr-2025 23:42:56 Europe/Berlin] Users table created or already exists
[23-Apr-2025 23:42:56 Europe/Berlin] Users table structure: [{"Field":"id","Type":"int(11)","Null":"NO","Key":"PRI","Default":null,"Extra":"auto_increment"},{"Field":"username","Type":"varchar(50)","Null":"NO","Key":"","Default":null,"Extra":""},{"Field":"email","Type":"varchar(100)","Null":"NO","Key":"UNI","Default":null,"Extra":""},{"Field":"password","Type":"varchar(255)","Null":"NO","Key":"","Default":null,"Extra":""},{"Field":"role","Type":"enum('user','admin')","Null":"YES","Key":"","Default":"user","Extra":""},{"Field":"verification_code","Type":"varchar(100)","Null":"YES","Key":"","Default":null,"Extra":""},{"Field":"is_verified","Type":"tinyint(1)","Null":"YES","Key":"","Default":"0","Extra":""},{"Field":"created_at","Type":"timestamp","Null":"NO","Key":"","Default":"current_timestamp()","Extra":""},{"Field":"favorite_sport","Type":"varchar(50)","Null":"YES","Key":"","Default":null,"Extra":""},{"Field":"favorite_team","Type":"varchar(50)","Null":"YES","Key":"","Default":null,"Extra":""},{"Field":"account_type","Type":"enum('user','admin')","Null":"YES","Key":"","Default":"user","Extra":""}]
[23-Apr-2025 23:42:56 Europe/Berlin] Number of users in database: 13
[23-Apr-2025 23:42:56 Europe/Berlin] All tables initialized successfully
[23-Apr-2025 23:42:56 Europe/Berlin] Connected to database. Tables found: favorites, feedback, matches, matches_backup, matches_new, news, newsletter, notifications, players, subscriptions, users
[23-Apr-2025 23:42:56 Europe/Berlin] Executing SQL: CREATE TABLE IF NOT EXISTS users (
                id INT AUTO_INCREMENT PRIMARY KEY,
                username VARCHAR(50) NOT NULL UNIQUE,
                password VARCHAR(255) NOT NULL,
                email VARCHAR(100) NOT NULL UNIQUE,
                account_type ENUM('user', 'admin') DEFAULT 'user',
                created_at TIMESTAMP DEFAULT CURRENT_TIMESTAMP
            )
[23-Apr-2025 23:42:56 Europe/Berlin] With params: []
[23-Apr-2025 23:42:56 Europe/Berlin] Query executed successfully. Found 0 rows
[23-Apr-2025 23:42:56 Europe/Berlin] Users table created or already exists
[23-Apr-2025 23:42:56 Europe/Berlin] Users table structure: [{"Field":"id","Type":"int(11)","Null":"NO","Key":"PRI","Default":null,"Extra":"auto_increment"},{"Field":"username","Type":"varchar(50)","Null":"NO","Key":"","Default":null,"Extra":""},{"Field":"email","Type":"varchar(100)","Null":"NO","Key":"UNI","Default":null,"Extra":""},{"Field":"password","Type":"varchar(255)","Null":"NO","Key":"","Default":null,"Extra":""},{"Field":"role","Type":"enum('user','admin')","Null":"YES","Key":"","Default":"user","Extra":""},{"Field":"verification_code","Type":"varchar(100)","Null":"YES","Key":"","Default":null,"Extra":""},{"Field":"is_verified","Type":"tinyint(1)","Null":"YES","Key":"","Default":"0","Extra":""},{"Field":"created_at","Type":"timestamp","Null":"NO","Key":"","Default":"current_timestamp()","Extra":""},{"Field":"favorite_sport","Type":"varchar(50)","Null":"YES","Key":"","Default":null,"Extra":""},{"Field":"favorite_team","Type":"varchar(50)","Null":"YES","Key":"","Default":null,"Extra":""},{"Field":"account_type","Type":"enum('user','admin')","Null":"YES","Key":"","Default":"user","Extra":""}]
[23-Apr-2025 23:42:56 Europe/Berlin] Number of users in database: 13
[23-Apr-2025 23:42:56 Europe/Berlin] All tables initialized successfully
[23-Apr-2025 23:42:56 Europe/Berlin] Database tables initialized successfully
[23-Apr-2025 23:42:56 Europe/Berlin] Executing SQL: SELECT * FROM users WHERE id = :id
[23-Apr-2025 23:42:56 Europe/Berlin] With params: {":id":12}
[23-Apr-2025 23:42:56 Europe/Berlin] Query executed successfully. Found 1 rows
[23-Apr-2025 23:42:56 Europe/Berlin] User loaded from session: varunpndey
[23-Apr-2025 23:42:56 Europe/Berlin] Executing SQL: SELECT * FROM users WHERE id = :id
[23-Apr-2025 23:42:56 Europe/Berlin] With params: {":id":12}
[23-Apr-2025 23:42:56 Europe/Berlin] Query executed successfully. Found 1 rows
[23-Apr-2025 23:42:56 Europe/Berlin] Executing SQL: SELECT * FROM news ORDER BY created_at DESC
[23-Apr-2025 23:42:56 Europe/Berlin] With params: []
[23-Apr-2025 23:42:56 Europe/Berlin] Query executed successfully. Found 2 rows
[23-Apr-2025 23:42:56 Europe/Berlin] Executing SQL: SELECT * FROM feedback ORDER BY created_at DESC
[23-Apr-2025 23:42:56 Europe/Berlin] With params: []
[23-Apr-2025 23:42:56 Europe/Berlin] Query executed successfully. Found 8 rows
[23-Apr-2025 23:42:56 Europe/Berlin] Executing SQL: SELECT * FROM matches WHERE status = 'live'
[23-Apr-2025 23:42:56 Europe/Berlin] With params: []
[23-Apr-2025 23:42:56 Europe/Berlin] Query executed successfully. Found 1 rows
[23-Apr-2025 23:42:56 Europe/Berlin] Executing SQL: SELECT * FROM matches WHERE 1=1 ORDER BY match_time DESC
[23-Apr-2025 23:42:56 Europe/Berlin] With params: []
[23-Apr-2025 23:42:56 Europe/Berlin] Query executed successfully. Found 3 rows
[23-Apr-2025 23:43:06 Europe/Berlin] Connected to database. Tables found: favorites, feedback, matches, matches_backup, matches_new, news, newsletter, notifications, players, subscriptions, users
[23-Apr-2025 23:43:06 Europe/Berlin] Executing SQL: CREATE TABLE IF NOT EXISTS users (
                id INT AUTO_INCREMENT PRIMARY KEY,
                username VARCHAR(50) NOT NULL UNIQUE,
                password VARCHAR(255) NOT NULL,
                email VARCHAR(100) NOT NULL UNIQUE,
                account_type ENUM('user', 'admin') DEFAULT 'user',
                created_at TIMESTAMP DEFAULT CURRENT_TIMESTAMP
            )
[23-Apr-2025 23:43:06 Europe/Berlin] With params: []
[23-Apr-2025 23:43:06 Europe/Berlin] Query executed successfully. Found 0 rows
[23-Apr-2025 23:43:06 Europe/Berlin] Users table created or already exists
[23-Apr-2025 23:43:06 Europe/Berlin] Users table structure: [{"Field":"id","Type":"int(11)","Null":"NO","Key":"PRI","Default":null,"Extra":"auto_increment"},{"Field":"username","Type":"varchar(50)","Null":"NO","Key":"","Default":null,"Extra":""},{"Field":"email","Type":"varchar(100)","Null":"NO","Key":"UNI","Default":null,"Extra":""},{"Field":"password","Type":"varchar(255)","Null":"NO","Key":"","Default":null,"Extra":""},{"Field":"role","Type":"enum('user','admin')","Null":"YES","Key":"","Default":"user","Extra":""},{"Field":"verification_code","Type":"varchar(100)","Null":"YES","Key":"","Default":null,"Extra":""},{"Field":"is_verified","Type":"tinyint(1)","Null":"YES","Key":"","Default":"0","Extra":""},{"Field":"created_at","Type":"timestamp","Null":"NO","Key":"","Default":"current_timestamp()","Extra":""},{"Field":"favorite_sport","Type":"varchar(50)","Null":"YES","Key":"","Default":null,"Extra":""},{"Field":"favorite_team","Type":"varchar(50)","Null":"YES","Key":"","Default":null,"Extra":""},{"Field":"account_type","Type":"enum('user','admin')","Null":"YES","Key":"","Default":"user","Extra":""}]
[23-Apr-2025 23:43:06 Europe/Berlin] Number of users in database: 13
[23-Apr-2025 23:43:06 Europe/Berlin] All tables initialized successfully
[23-Apr-2025 23:43:06 Europe/Berlin] Connected to database. Tables found: favorites, feedback, matches, matches_backup, matches_new, news, newsletter, notifications, players, subscriptions, users
[23-Apr-2025 23:43:06 Europe/Berlin] Executing SQL: CREATE TABLE IF NOT EXISTS users (
                id INT AUTO_INCREMENT PRIMARY KEY,
                username VARCHAR(50) NOT NULL UNIQUE,
                password VARCHAR(255) NOT NULL,
                email VARCHAR(100) NOT NULL UNIQUE,
                account_type ENUM('user', 'admin') DEFAULT 'user',
                created_at TIMESTAMP DEFAULT CURRENT_TIMESTAMP
            )
[23-Apr-2025 23:43:06 Europe/Berlin] With params: []
[23-Apr-2025 23:43:06 Europe/Berlin] Query executed successfully. Found 0 rows
[23-Apr-2025 23:43:06 Europe/Berlin] Users table created or already exists
[23-Apr-2025 23:43:06 Europe/Berlin] Users table structure: [{"Field":"id","Type":"int(11)","Null":"NO","Key":"PRI","Default":null,"Extra":"auto_increment"},{"Field":"username","Type":"varchar(50)","Null":"NO","Key":"","Default":null,"Extra":""},{"Field":"email","Type":"varchar(100)","Null":"NO","Key":"UNI","Default":null,"Extra":""},{"Field":"password","Type":"varchar(255)","Null":"NO","Key":"","Default":null,"Extra":""},{"Field":"role","Type":"enum('user','admin')","Null":"YES","Key":"","Default":"user","Extra":""},{"Field":"verification_code","Type":"varchar(100)","Null":"YES","Key":"","Default":null,"Extra":""},{"Field":"is_verified","Type":"tinyint(1)","Null":"YES","Key":"","Default":"0","Extra":""},{"Field":"created_at","Type":"timestamp","Null":"NO","Key":"","Default":"current_timestamp()","Extra":""},{"Field":"favorite_sport","Type":"varchar(50)","Null":"YES","Key":"","Default":null,"Extra":""},{"Field":"favorite_team","Type":"varchar(50)","Null":"YES","Key":"","Default":null,"Extra":""},{"Field":"account_type","Type":"enum('user','admin')","Null":"YES","Key":"","Default":"user","Extra":""}]
[23-Apr-2025 23:43:06 Europe/Berlin] Number of users in database: 13
[23-Apr-2025 23:43:06 Europe/Berlin] All tables initialized successfully
[23-Apr-2025 23:43:06 Europe/Berlin] Database tables initialized successfully
[23-Apr-2025 23:43:06 Europe/Berlin] Executing SQL: SELECT * FROM users WHERE id = :id
[23-Apr-2025 23:43:06 Europe/Berlin] With params: {":id":12}
[23-Apr-2025 23:43:06 Europe/Berlin] Query executed successfully. Found 1 rows
[23-Apr-2025 23:43:06 Europe/Berlin] User loaded from session: varunpndey
[23-Apr-2025 23:43:06 Europe/Berlin] Executing SQL: SELECT * FROM users WHERE id = :id
[23-Apr-2025 23:43:06 Europe/Berlin] With params: {":id":12}
[23-Apr-2025 23:43:06 Europe/Berlin] Query executed successfully. Found 1 rows
[23-Apr-2025 23:43:06 Europe/Berlin] Executing SQL: SELECT * FROM news ORDER BY created_at DESC
[23-Apr-2025 23:43:06 Europe/Berlin] With params: []
[23-Apr-2025 23:43:06 Europe/Berlin] Query executed successfully. Found 2 rows
[23-Apr-2025 23:43:06 Europe/Berlin] Executing SQL: SELECT * FROM feedback ORDER BY created_at DESC
[23-Apr-2025 23:43:06 Europe/Berlin] With params: []
[23-Apr-2025 23:43:06 Europe/Berlin] Query executed successfully. Found 8 rows
[23-Apr-2025 23:43:06 Europe/Berlin] Executing SQL: DELETE FROM feedback WHERE id = :id
[23-Apr-2025 23:43:06 Europe/Berlin] With params: {":id":"3"}
[23-Apr-2025 23:43:06 Europe/Berlin] Query executed successfully. Found 0 rows
[23-Apr-2025 23:43:06 Europe/Berlin] Executing SQL: SELECT * FROM matches WHERE status = 'live'
[23-Apr-2025 23:43:06 Europe/Berlin] With params: []
[23-Apr-2025 23:43:06 Europe/Berlin] Query executed successfully. Found 1 rows
[23-Apr-2025 23:43:06 Europe/Berlin] Executing SQL: SELECT * FROM matches WHERE 1=1 ORDER BY match_time DESC
[23-Apr-2025 23:43:06 Europe/Berlin] With params: []
[23-Apr-2025 23:43:06 Europe/Berlin] Query executed successfully. Found 3 rows
[23-Apr-2025 23:43:13 Europe/Berlin] Connected to database. Tables found: favorites, feedback, matches, matches_backup, matches_new, news, newsletter, notifications, players, subscriptions, users
[23-Apr-2025 23:43:13 Europe/Berlin] Executing SQL: CREATE TABLE IF NOT EXISTS users (
                id INT AUTO_INCREMENT PRIMARY KEY,
                username VARCHAR(50) NOT NULL UNIQUE,
                password VARCHAR(255) NOT NULL,
                email VARCHAR(100) NOT NULL UNIQUE,
                account_type ENUM('user', 'admin') DEFAULT 'user',
                created_at TIMESTAMP DEFAULT CURRENT_TIMESTAMP
            )
[23-Apr-2025 23:43:13 Europe/Berlin] With params: []
[23-Apr-2025 23:43:13 Europe/Berlin] Query executed successfully. Found 0 rows
[23-Apr-2025 23:43:13 Europe/Berlin] Users table created or already exists
[23-Apr-2025 23:43:13 Europe/Berlin] Users table structure: [{"Field":"id","Type":"int(11)","Null":"NO","Key":"PRI","Default":null,"Extra":"auto_increment"},{"Field":"username","Type":"varchar(50)","Null":"NO","Key":"","Default":null,"Extra":""},{"Field":"email","Type":"varchar(100)","Null":"NO","Key":"UNI","Default":null,"Extra":""},{"Field":"password","Type":"varchar(255)","Null":"NO","Key":"","Default":null,"Extra":""},{"Field":"role","Type":"enum('user','admin')","Null":"YES","Key":"","Default":"user","Extra":""},{"Field":"verification_code","Type":"varchar(100)","Null":"YES","Key":"","Default":null,"Extra":""},{"Field":"is_verified","Type":"tinyint(1)","Null":"YES","Key":"","Default":"0","Extra":""},{"Field":"created_at","Type":"timestamp","Null":"NO","Key":"","Default":"current_timestamp()","Extra":""},{"Field":"favorite_sport","Type":"varchar(50)","Null":"YES","Key":"","Default":null,"Extra":""},{"Field":"favorite_team","Type":"varchar(50)","Null":"YES","Key":"","Default":null,"Extra":""},{"Field":"account_type","Type":"enum('user','admin')","Null":"YES","Key":"","Default":"user","Extra":""}]
[23-Apr-2025 23:43:13 Europe/Berlin] Number of users in database: 13
[23-Apr-2025 23:43:13 Europe/Berlin] All tables initialized successfully
[23-Apr-2025 23:43:13 Europe/Berlin] Connected to database. Tables found: favorites, feedback, matches, matches_backup, matches_new, news, newsletter, notifications, players, subscriptions, users
[23-Apr-2025 23:43:13 Europe/Berlin] Executing SQL: CREATE TABLE IF NOT EXISTS users (
                id INT AUTO_INCREMENT PRIMARY KEY,
                username VARCHAR(50) NOT NULL UNIQUE,
                password VARCHAR(255) NOT NULL,
                email VARCHAR(100) NOT NULL UNIQUE,
                account_type ENUM('user', 'admin') DEFAULT 'user',
                created_at TIMESTAMP DEFAULT CURRENT_TIMESTAMP
            )
[23-Apr-2025 23:43:13 Europe/Berlin] With params: []
[23-Apr-2025 23:43:13 Europe/Berlin] Query executed successfully. Found 0 rows
[23-Apr-2025 23:43:13 Europe/Berlin] Users table created or already exists
[23-Apr-2025 23:43:13 Europe/Berlin] Users table structure: [{"Field":"id","Type":"int(11)","Null":"NO","Key":"PRI","Default":null,"Extra":"auto_increment"},{"Field":"username","Type":"varchar(50)","Null":"NO","Key":"","Default":null,"Extra":""},{"Field":"email","Type":"varchar(100)","Null":"NO","Key":"UNI","Default":null,"Extra":""},{"Field":"password","Type":"varchar(255)","Null":"NO","Key":"","Default":null,"Extra":""},{"Field":"role","Type":"enum('user','admin')","Null":"YES","Key":"","Default":"user","Extra":""},{"Field":"verification_code","Type":"varchar(100)","Null":"YES","Key":"","Default":null,"Extra":""},{"Field":"is_verified","Type":"tinyint(1)","Null":"YES","Key":"","Default":"0","Extra":""},{"Field":"created_at","Type":"timestamp","Null":"NO","Key":"","Default":"current_timestamp()","Extra":""},{"Field":"favorite_sport","Type":"varchar(50)","Null":"YES","Key":"","Default":null,"Extra":""},{"Field":"favorite_team","Type":"varchar(50)","Null":"YES","Key":"","Default":null,"Extra":""},{"Field":"account_type","Type":"enum('user','admin')","Null":"YES","Key":"","Default":"user","Extra":""}]
[23-Apr-2025 23:43:13 Europe/Berlin] Number of users in database: 13
[23-Apr-2025 23:43:13 Europe/Berlin] All tables initialized successfully
[23-Apr-2025 23:43:13 Europe/Berlin] Database tables initialized successfully
[23-Apr-2025 23:43:13 Europe/Berlin] Executing SQL: SELECT * FROM users WHERE id = :id
[23-Apr-2025 23:43:13 Europe/Berlin] With params: {":id":12}
[23-Apr-2025 23:43:13 Europe/Berlin] Query executed successfully. Found 1 rows
[23-Apr-2025 23:43:13 Europe/Berlin] User loaded from session: varunpndey
[23-Apr-2025 23:43:13 Europe/Berlin] Executing SQL: SELECT * FROM users WHERE id = :id
[23-Apr-2025 23:43:13 Europe/Berlin] With params: {":id":12}
[23-Apr-2025 23:43:13 Europe/Berlin] Query executed successfully. Found 1 rows
[23-Apr-2025 23:43:13 Europe/Berlin] Executing SQL: SELECT * FROM news ORDER BY created_at DESC
[23-Apr-2025 23:43:13 Europe/Berlin] With params: []
[23-Apr-2025 23:43:13 Europe/Berlin] Query executed successfully. Found 2 rows
[23-Apr-2025 23:43:13 Europe/Berlin] Executing SQL: SELECT * FROM feedback ORDER BY created_at DESC
[23-Apr-2025 23:43:13 Europe/Berlin] With params: []
[23-Apr-2025 23:43:13 Europe/Berlin] Query executed successfully. Found 7 rows
[23-Apr-2025 23:43:13 Europe/Berlin] Executing SQL: DELETE FROM feedback WHERE id = :id
[23-Apr-2025 23:43:13 Europe/Berlin] With params: {":id":"3"}
[23-Apr-2025 23:43:13 Europe/Berlin] Query executed successfully. Found 0 rows
[23-Apr-2025 23:43:13 Europe/Berlin] Executing SQL: SELECT * FROM matches WHERE status = 'live'
[23-Apr-2025 23:43:13 Europe/Berlin] With params: []
[23-Apr-2025 23:43:13 Europe/Berlin] Query executed successfully. Found 1 rows
[23-Apr-2025 23:43:13 Europe/Berlin] Executing SQL: SELECT * FROM matches WHERE 1=1 ORDER BY match_time DESC
[23-Apr-2025 23:43:13 Europe/Berlin] With params: []
[23-Apr-2025 23:43:13 Europe/Berlin] Query executed successfully. Found 3 rows
[23-Apr-2025 23:43:17 Europe/Berlin] Connected to database. Tables found: favorites, feedback, matches, matches_backup, matches_new, news, newsletter, notifications, players, subscriptions, users
[23-Apr-2025 23:43:17 Europe/Berlin] Executing SQL: CREATE TABLE IF NOT EXISTS users (
                id INT AUTO_INCREMENT PRIMARY KEY,
                username VARCHAR(50) NOT NULL UNIQUE,
                password VARCHAR(255) NOT NULL,
                email VARCHAR(100) NOT NULL UNIQUE,
                account_type ENUM('user', 'admin') DEFAULT 'user',
                created_at TIMESTAMP DEFAULT CURRENT_TIMESTAMP
            )
[23-Apr-2025 23:43:17 Europe/Berlin] With params: []
[23-Apr-2025 23:43:17 Europe/Berlin] Query executed successfully. Found 0 rows
[23-Apr-2025 23:43:17 Europe/Berlin] Users table created or already exists
[23-Apr-2025 23:43:17 Europe/Berlin] Users table structure: [{"Field":"id","Type":"int(11)","Null":"NO","Key":"PRI","Default":null,"Extra":"auto_increment"},{"Field":"username","Type":"varchar(50)","Null":"NO","Key":"","Default":null,"Extra":""},{"Field":"email","Type":"varchar(100)","Null":"NO","Key":"UNI","Default":null,"Extra":""},{"Field":"password","Type":"varchar(255)","Null":"NO","Key":"","Default":null,"Extra":""},{"Field":"role","Type":"enum('user','admin')","Null":"YES","Key":"","Default":"user","Extra":""},{"Field":"verification_code","Type":"varchar(100)","Null":"YES","Key":"","Default":null,"Extra":""},{"Field":"is_verified","Type":"tinyint(1)","Null":"YES","Key":"","Default":"0","Extra":""},{"Field":"created_at","Type":"timestamp","Null":"NO","Key":"","Default":"current_timestamp()","Extra":""},{"Field":"favorite_sport","Type":"varchar(50)","Null":"YES","Key":"","Default":null,"Extra":""},{"Field":"favorite_team","Type":"varchar(50)","Null":"YES","Key":"","Default":null,"Extra":""},{"Field":"account_type","Type":"enum('user','admin')","Null":"YES","Key":"","Default":"user","Extra":""}]
[23-Apr-2025 23:43:17 Europe/Berlin] Number of users in database: 13
[23-Apr-2025 23:43:17 Europe/Berlin] All tables initialized successfully
[23-Apr-2025 23:43:17 Europe/Berlin] Connected to database. Tables found: favorites, feedback, matches, matches_backup, matches_new, news, newsletter, notifications, players, subscriptions, users
[23-Apr-2025 23:43:17 Europe/Berlin] Executing SQL: CREATE TABLE IF NOT EXISTS users (
                id INT AUTO_INCREMENT PRIMARY KEY,
                username VARCHAR(50) NOT NULL UNIQUE,
                password VARCHAR(255) NOT NULL,
                email VARCHAR(100) NOT NULL UNIQUE,
                account_type ENUM('user', 'admin') DEFAULT 'user',
                created_at TIMESTAMP DEFAULT CURRENT_TIMESTAMP
            )
[23-Apr-2025 23:43:17 Europe/Berlin] With params: []
[23-Apr-2025 23:43:17 Europe/Berlin] Query executed successfully. Found 0 rows
[23-Apr-2025 23:43:17 Europe/Berlin] Users table created or already exists
[23-Apr-2025 23:43:17 Europe/Berlin] Users table structure: [{"Field":"id","Type":"int(11)","Null":"NO","Key":"PRI","Default":null,"Extra":"auto_increment"},{"Field":"username","Type":"varchar(50)","Null":"NO","Key":"","Default":null,"Extra":""},{"Field":"email","Type":"varchar(100)","Null":"NO","Key":"UNI","Default":null,"Extra":""},{"Field":"password","Type":"varchar(255)","Null":"NO","Key":"","Default":null,"Extra":""},{"Field":"role","Type":"enum('user','admin')","Null":"YES","Key":"","Default":"user","Extra":""},{"Field":"verification_code","Type":"varchar(100)","Null":"YES","Key":"","Default":null,"Extra":""},{"Field":"is_verified","Type":"tinyint(1)","Null":"YES","Key":"","Default":"0","Extra":""},{"Field":"created_at","Type":"timestamp","Null":"NO","Key":"","Default":"current_timestamp()","Extra":""},{"Field":"favorite_sport","Type":"varchar(50)","Null":"YES","Key":"","Default":null,"Extra":""},{"Field":"favorite_team","Type":"varchar(50)","Null":"YES","Key":"","Default":null,"Extra":""},{"Field":"account_type","Type":"enum('user','admin')","Null":"YES","Key":"","Default":"user","Extra":""}]
[23-Apr-2025 23:43:17 Europe/Berlin] Number of users in database: 13
[23-Apr-2025 23:43:17 Europe/Berlin] All tables initialized successfully
[23-Apr-2025 23:43:17 Europe/Berlin] Database tables initialized successfully
[23-Apr-2025 23:43:17 Europe/Berlin] Executing SQL: SELECT * FROM users WHERE id = :id
[23-Apr-2025 23:43:17 Europe/Berlin] With params: {":id":12}
[23-Apr-2025 23:43:17 Europe/Berlin] Query executed successfully. Found 1 rows
[23-Apr-2025 23:43:17 Europe/Berlin] User loaded from session: varunpndey
[23-Apr-2025 23:43:17 Europe/Berlin] Executing SQL: SELECT * FROM users WHERE id = :id
[23-Apr-2025 23:43:17 Europe/Berlin] With params: {":id":12}
[23-Apr-2025 23:43:17 Europe/Berlin] Query executed successfully. Found 1 rows
[23-Apr-2025 23:43:17 Europe/Berlin] Executing SQL: SELECT * FROM news ORDER BY created_at DESC
[23-Apr-2025 23:43:17 Europe/Berlin] With params: []
[23-Apr-2025 23:43:17 Europe/Berlin] Query executed successfully. Found 2 rows
[23-Apr-2025 23:43:17 Europe/Berlin] Executing SQL: SELECT * FROM feedback ORDER BY created_at DESC
[23-Apr-2025 23:43:17 Europe/Berlin] With params: []
[23-Apr-2025 23:43:17 Europe/Berlin] Query executed successfully. Found 7 rows
[23-Apr-2025 23:43:17 Europe/Berlin] Executing SQL: DELETE FROM feedback WHERE id = :id
[23-Apr-2025 23:43:17 Europe/Berlin] With params: {":id":"3"}
[23-Apr-2025 23:43:17 Europe/Berlin] Query executed successfully. Found 0 rows
[23-Apr-2025 23:43:17 Europe/Berlin] Executing SQL: SELECT * FROM matches WHERE status = 'live'
[23-Apr-2025 23:43:17 Europe/Berlin] With params: []
[23-Apr-2025 23:43:17 Europe/Berlin] Query executed successfully. Found 1 rows
[23-Apr-2025 23:43:17 Europe/Berlin] Executing SQL: SELECT * FROM matches WHERE 1=1 ORDER BY match_time DESC
[23-Apr-2025 23:43:17 Europe/Berlin] With params: []
[23-Apr-2025 23:43:17 Europe/Berlin] Query executed successfully. Found 3 rows
[23-Apr-2025 23:43:18 Europe/Berlin] Connected to database. Tables found: favorites, feedback, matches, matches_backup, matches_new, news, newsletter, notifications, players, subscriptions, users
[23-Apr-2025 23:43:18 Europe/Berlin] Executing SQL: CREATE TABLE IF NOT EXISTS users (
                id INT AUTO_INCREMENT PRIMARY KEY,
                username VARCHAR(50) NOT NULL UNIQUE,
                password VARCHAR(255) NOT NULL,
                email VARCHAR(100) NOT NULL UNIQUE,
                account_type ENUM('user', 'admin') DEFAULT 'user',
                created_at TIMESTAMP DEFAULT CURRENT_TIMESTAMP
            )
[23-Apr-2025 23:43:18 Europe/Berlin] With params: []
[23-Apr-2025 23:43:18 Europe/Berlin] Query executed successfully. Found 0 rows
[23-Apr-2025 23:43:18 Europe/Berlin] Users table created or already exists
[23-Apr-2025 23:43:18 Europe/Berlin] Users table structure: [{"Field":"id","Type":"int(11)","Null":"NO","Key":"PRI","Default":null,"Extra":"auto_increment"},{"Field":"username","Type":"varchar(50)","Null":"NO","Key":"","Default":null,"Extra":""},{"Field":"email","Type":"varchar(100)","Null":"NO","Key":"UNI","Default":null,"Extra":""},{"Field":"password","Type":"varchar(255)","Null":"NO","Key":"","Default":null,"Extra":""},{"Field":"role","Type":"enum('user','admin')","Null":"YES","Key":"","Default":"user","Extra":""},{"Field":"verification_code","Type":"varchar(100)","Null":"YES","Key":"","Default":null,"Extra":""},{"Field":"is_verified","Type":"tinyint(1)","Null":"YES","Key":"","Default":"0","Extra":""},{"Field":"created_at","Type":"timestamp","Null":"NO","Key":"","Default":"current_timestamp()","Extra":""},{"Field":"favorite_sport","Type":"varchar(50)","Null":"YES","Key":"","Default":null,"Extra":""},{"Field":"favorite_team","Type":"varchar(50)","Null":"YES","Key":"","Default":null,"Extra":""},{"Field":"account_type","Type":"enum('user','admin')","Null":"YES","Key":"","Default":"user","Extra":""}]
[23-Apr-2025 23:43:18 Europe/Berlin] Number of users in database: 13
[23-Apr-2025 23:43:18 Europe/Berlin] All tables initialized successfully
[23-Apr-2025 23:43:18 Europe/Berlin] Connected to database. Tables found: favorites, feedback, matches, matches_backup, matches_new, news, newsletter, notifications, players, subscriptions, users
[23-Apr-2025 23:43:18 Europe/Berlin] Executing SQL: CREATE TABLE IF NOT EXISTS users (
                id INT AUTO_INCREMENT PRIMARY KEY,
                username VARCHAR(50) NOT NULL UNIQUE,
                password VARCHAR(255) NOT NULL,
                email VARCHAR(100) NOT NULL UNIQUE,
                account_type ENUM('user', 'admin') DEFAULT 'user',
                created_at TIMESTAMP DEFAULT CURRENT_TIMESTAMP
            )
[23-Apr-2025 23:43:18 Europe/Berlin] With params: []
[23-Apr-2025 23:43:18 Europe/Berlin] Query executed successfully. Found 0 rows
[23-Apr-2025 23:43:18 Europe/Berlin] Users table created or already exists
[23-Apr-2025 23:43:18 Europe/Berlin] Users table structure: [{"Field":"id","Type":"int(11)","Null":"NO","Key":"PRI","Default":null,"Extra":"auto_increment"},{"Field":"username","Type":"varchar(50)","Null":"NO","Key":"","Default":null,"Extra":""},{"Field":"email","Type":"varchar(100)","Null":"NO","Key":"UNI","Default":null,"Extra":""},{"Field":"password","Type":"varchar(255)","Null":"NO","Key":"","Default":null,"Extra":""},{"Field":"role","Type":"enum('user','admin')","Null":"YES","Key":"","Default":"user","Extra":""},{"Field":"verification_code","Type":"varchar(100)","Null":"YES","Key":"","Default":null,"Extra":""},{"Field":"is_verified","Type":"tinyint(1)","Null":"YES","Key":"","Default":"0","Extra":""},{"Field":"created_at","Type":"timestamp","Null":"NO","Key":"","Default":"current_timestamp()","Extra":""},{"Field":"favorite_sport","Type":"varchar(50)","Null":"YES","Key":"","Default":null,"Extra":""},{"Field":"favorite_team","Type":"varchar(50)","Null":"YES","Key":"","Default":null,"Extra":""},{"Field":"account_type","Type":"enum('user','admin')","Null":"YES","Key":"","Default":"user","Extra":""}]
[23-Apr-2025 23:43:18 Europe/Berlin] Number of users in database: 13
[23-Apr-2025 23:43:18 Europe/Berlin] All tables initialized successfully
[23-Apr-2025 23:43:18 Europe/Berlin] Database tables initialized successfully
[23-Apr-2025 23:43:18 Europe/Berlin] Executing SQL: SELECT * FROM users WHERE id = :id
[23-Apr-2025 23:43:18 Europe/Berlin] With params: {":id":12}
[23-Apr-2025 23:43:18 Europe/Berlin] Query executed successfully. Found 1 rows
[23-Apr-2025 23:43:18 Europe/Berlin] User loaded from session: varunpndey
[23-Apr-2025 23:43:18 Europe/Berlin] Header - Session status: 2
[23-Apr-2025 23:43:18 Europe/Berlin] Header - Session data: {"user_id":12,"username":"varunpndey","email":"va@gmail.com","account_type":"admin"}
[23-Apr-2025 23:43:18 Europe/Berlin] Header - After session start - Status: 2
[23-Apr-2025 23:43:18 Europe/Berlin] Header - After session start - Data: {"user_id":12,"username":"varunpndey","email":"va@gmail.com","account_type":"admin"}
[23-Apr-2025 23:43:18 Europe/Berlin] Header - Is logged in: Yes
[23-Apr-2025 23:43:18 Europe/Berlin] Executing SQL: SELECT * FROM news ORDER BY created_at DESC LIMIT 5
[23-Apr-2025 23:43:18 Europe/Berlin] With params: []
[23-Apr-2025 23:43:18 Europe/Berlin] Query executed successfully. Found 2 rows
[23-Apr-2025 23:43:18 Europe/Berlin] Executing SQL: SELECT * FROM matches WHERE status = 'live'
[23-Apr-2025 23:43:18 Europe/Berlin] With params: []
[23-Apr-2025 23:43:18 Europe/Berlin] Query executed successfully. Found 1 rows
[23-Apr-2025 23:43:18 Europe/Berlin] Executing SQL: SELECT COUNT(*) as count FROM favorites 
                    WHERE user_id = :user_id AND match_id = :match_id
[23-Apr-2025 23:43:18 Europe/Berlin] With params: {":user_id":12,":match_id":42}
[23-Apr-2025 23:43:18 Europe/Berlin] Query executed successfully. Found 1 rows
[23-Apr-2025 23:43:20 Europe/Berlin] Connected to database. Tables found: favorites, feedback, matches, matches_backup, matches_new, news, newsletter, notifications, players, subscriptions, users
[23-Apr-2025 23:43:20 Europe/Berlin] Executing SQL: CREATE TABLE IF NOT EXISTS users (
                id INT AUTO_INCREMENT PRIMARY KEY,
                username VARCHAR(50) NOT NULL UNIQUE,
                password VARCHAR(255) NOT NULL,
                email VARCHAR(100) NOT NULL UNIQUE,
                account_type ENUM('user', 'admin') DEFAULT 'user',
                created_at TIMESTAMP DEFAULT CURRENT_TIMESTAMP
            )
[23-Apr-2025 23:43:20 Europe/Berlin] With params: []
[23-Apr-2025 23:43:20 Europe/Berlin] Query executed successfully. Found 0 rows
[23-Apr-2025 23:43:20 Europe/Berlin] Users table created or already exists
[23-Apr-2025 23:43:20 Europe/Berlin] Users table structure: [{"Field":"id","Type":"int(11)","Null":"NO","Key":"PRI","Default":null,"Extra":"auto_increment"},{"Field":"username","Type":"varchar(50)","Null":"NO","Key":"","Default":null,"Extra":""},{"Field":"email","Type":"varchar(100)","Null":"NO","Key":"UNI","Default":null,"Extra":""},{"Field":"password","Type":"varchar(255)","Null":"NO","Key":"","Default":null,"Extra":""},{"Field":"role","Type":"enum('user','admin')","Null":"YES","Key":"","Default":"user","Extra":""},{"Field":"verification_code","Type":"varchar(100)","Null":"YES","Key":"","Default":null,"Extra":""},{"Field":"is_verified","Type":"tinyint(1)","Null":"YES","Key":"","Default":"0","Extra":""},{"Field":"created_at","Type":"timestamp","Null":"NO","Key":"","Default":"current_timestamp()","Extra":""},{"Field":"favorite_sport","Type":"varchar(50)","Null":"YES","Key":"","Default":null,"Extra":""},{"Field":"favorite_team","Type":"varchar(50)","Null":"YES","Key":"","Default":null,"Extra":""},{"Field":"account_type","Type":"enum('user','admin')","Null":"YES","Key":"","Default":"user","Extra":""}]
[23-Apr-2025 23:43:20 Europe/Berlin] Number of users in database: 13
[23-Apr-2025 23:43:20 Europe/Berlin] All tables initialized successfully
[23-Apr-2025 23:43:20 Europe/Berlin] Connected to database. Tables found: favorites, feedback, matches, matches_backup, matches_new, news, newsletter, notifications, players, subscriptions, users
[23-Apr-2025 23:43:20 Europe/Berlin] Executing SQL: CREATE TABLE IF NOT EXISTS users (
                id INT AUTO_INCREMENT PRIMARY KEY,
                username VARCHAR(50) NOT NULL UNIQUE,
                password VARCHAR(255) NOT NULL,
                email VARCHAR(100) NOT NULL UNIQUE,
                account_type ENUM('user', 'admin') DEFAULT 'user',
                created_at TIMESTAMP DEFAULT CURRENT_TIMESTAMP
            )
[23-Apr-2025 23:43:20 Europe/Berlin] With params: []
[23-Apr-2025 23:43:20 Europe/Berlin] Query executed successfully. Found 0 rows
[23-Apr-2025 23:43:20 Europe/Berlin] Users table created or already exists
[23-Apr-2025 23:43:20 Europe/Berlin] Users table structure: [{"Field":"id","Type":"int(11)","Null":"NO","Key":"PRI","Default":null,"Extra":"auto_increment"},{"Field":"username","Type":"varchar(50)","Null":"NO","Key":"","Default":null,"Extra":""},{"Field":"email","Type":"varchar(100)","Null":"NO","Key":"UNI","Default":null,"Extra":""},{"Field":"password","Type":"varchar(255)","Null":"NO","Key":"","Default":null,"Extra":""},{"Field":"role","Type":"enum('user','admin')","Null":"YES","Key":"","Default":"user","Extra":""},{"Field":"verification_code","Type":"varchar(100)","Null":"YES","Key":"","Default":null,"Extra":""},{"Field":"is_verified","Type":"tinyint(1)","Null":"YES","Key":"","Default":"0","Extra":""},{"Field":"created_at","Type":"timestamp","Null":"NO","Key":"","Default":"current_timestamp()","Extra":""},{"Field":"favorite_sport","Type":"varchar(50)","Null":"YES","Key":"","Default":null,"Extra":""},{"Field":"favorite_team","Type":"varchar(50)","Null":"YES","Key":"","Default":null,"Extra":""},{"Field":"account_type","Type":"enum('user','admin')","Null":"YES","Key":"","Default":"user","Extra":""}]
[23-Apr-2025 23:43:20 Europe/Berlin] Number of users in database: 13
[23-Apr-2025 23:43:20 Europe/Berlin] All tables initialized successfully
[23-Apr-2025 23:43:20 Europe/Berlin] Database tables initialized successfully
[23-Apr-2025 23:43:20 Europe/Berlin] Executing SQL: SELECT * FROM users WHERE id = :id
[23-Apr-2025 23:43:20 Europe/Berlin] With params: {":id":12}
[23-Apr-2025 23:43:20 Europe/Berlin] Query executed successfully. Found 1 rows
[23-Apr-2025 23:43:20 Europe/Berlin] User loaded from session: varunpndey
[23-Apr-2025 23:43:20 Europe/Berlin] Executing SQL: SELECT * FROM users WHERE id = :id
[23-Apr-2025 23:43:20 Europe/Berlin] With params: {":id":12}
[23-Apr-2025 23:43:20 Europe/Berlin] Query executed successfully. Found 1 rows
[23-Apr-2025 23:43:20 Europe/Berlin] Executing SQL: SELECT * FROM news ORDER BY created_at DESC
[23-Apr-2025 23:43:20 Europe/Berlin] With params: []
[23-Apr-2025 23:43:20 Europe/Berlin] Query executed successfully. Found 2 rows
[23-Apr-2025 23:43:20 Europe/Berlin] Executing SQL: SELECT * FROM feedback ORDER BY created_at DESC
[23-Apr-2025 23:43:20 Europe/Berlin] With params: []
[23-Apr-2025 23:43:20 Europe/Berlin] Query executed successfully. Found 7 rows
[23-Apr-2025 23:43:20 Europe/Berlin] Executing SQL: SELECT * FROM matches WHERE status = 'live'
[23-Apr-2025 23:43:20 Europe/Berlin] With params: []
[23-Apr-2025 23:43:20 Europe/Berlin] Query executed successfully. Found 1 rows
[23-Apr-2025 23:43:20 Europe/Berlin] Executing SQL: SELECT * FROM matches WHERE 1=1 ORDER BY match_time DESC
[23-Apr-2025 23:43:20 Europe/Berlin] With params: []
[23-Apr-2025 23:43:20 Europe/Berlin] Query executed successfully. Found 3 rows
[23-Apr-2025 23:44:42 Europe/Berlin] Connected to database. Tables found: favorites, feedback, matches, matches_backup, matches_new, news, newsletter, notifications, players, subscriptions, users
[23-Apr-2025 23:44:42 Europe/Berlin] Executing SQL: CREATE TABLE IF NOT EXISTS users (
                id INT AUTO_INCREMENT PRIMARY KEY,
                username VARCHAR(50) NOT NULL UNIQUE,
                password VARCHAR(255) NOT NULL,
                email VARCHAR(100) NOT NULL UNIQUE,
                account_type ENUM('user', 'admin') DEFAULT 'user',
                created_at TIMESTAMP DEFAULT CURRENT_TIMESTAMP
            )
[23-Apr-2025 23:44:42 Europe/Berlin] With params: []
[23-Apr-2025 23:44:42 Europe/Berlin] Query executed successfully. Found 0 rows
[23-Apr-2025 23:44:42 Europe/Berlin] Users table created or already exists
[23-Apr-2025 23:44:42 Europe/Berlin] Users table structure: [{"Field":"id","Type":"int(11)","Null":"NO","Key":"PRI","Default":null,"Extra":"auto_increment"},{"Field":"username","Type":"varchar(50)","Null":"NO","Key":"","Default":null,"Extra":""},{"Field":"email","Type":"varchar(100)","Null":"NO","Key":"UNI","Default":null,"Extra":""},{"Field":"password","Type":"varchar(255)","Null":"NO","Key":"","Default":null,"Extra":""},{"Field":"role","Type":"enum('user','admin')","Null":"YES","Key":"","Default":"user","Extra":""},{"Field":"verification_code","Type":"varchar(100)","Null":"YES","Key":"","Default":null,"Extra":""},{"Field":"is_verified","Type":"tinyint(1)","Null":"YES","Key":"","Default":"0","Extra":""},{"Field":"created_at","Type":"timestamp","Null":"NO","Key":"","Default":"current_timestamp()","Extra":""},{"Field":"favorite_sport","Type":"varchar(50)","Null":"YES","Key":"","Default":null,"Extra":""},{"Field":"favorite_team","Type":"varchar(50)","Null":"YES","Key":"","Default":null,"Extra":""},{"Field":"account_type","Type":"enum('user','admin')","Null":"YES","Key":"","Default":"user","Extra":""}]
[23-Apr-2025 23:44:42 Europe/Berlin] Number of users in database: 13
[23-Apr-2025 23:44:42 Europe/Berlin] All tables initialized successfully
[23-Apr-2025 23:44:42 Europe/Berlin] Connected to database. Tables found: favorites, feedback, matches, matches_backup, matches_new, news, newsletter, notifications, players, subscriptions, users
[23-Apr-2025 23:44:42 Europe/Berlin] Executing SQL: CREATE TABLE IF NOT EXISTS users (
                id INT AUTO_INCREMENT PRIMARY KEY,
                username VARCHAR(50) NOT NULL UNIQUE,
                password VARCHAR(255) NOT NULL,
                email VARCHAR(100) NOT NULL UNIQUE,
                account_type ENUM('user', 'admin') DEFAULT 'user',
                created_at TIMESTAMP DEFAULT CURRENT_TIMESTAMP
            )
[23-Apr-2025 23:44:42 Europe/Berlin] With params: []
[23-Apr-2025 23:44:42 Europe/Berlin] Query executed successfully. Found 0 rows
[23-Apr-2025 23:44:42 Europe/Berlin] Users table created or already exists
[23-Apr-2025 23:44:42 Europe/Berlin] Users table structure: [{"Field":"id","Type":"int(11)","Null":"NO","Key":"PRI","Default":null,"Extra":"auto_increment"},{"Field":"username","Type":"varchar(50)","Null":"NO","Key":"","Default":null,"Extra":""},{"Field":"email","Type":"varchar(100)","Null":"NO","Key":"UNI","Default":null,"Extra":""},{"Field":"password","Type":"varchar(255)","Null":"NO","Key":"","Default":null,"Extra":""},{"Field":"role","Type":"enum('user','admin')","Null":"YES","Key":"","Default":"user","Extra":""},{"Field":"verification_code","Type":"varchar(100)","Null":"YES","Key":"","Default":null,"Extra":""},{"Field":"is_verified","Type":"tinyint(1)","Null":"YES","Key":"","Default":"0","Extra":""},{"Field":"created_at","Type":"timestamp","Null":"NO","Key":"","Default":"current_timestamp()","Extra":""},{"Field":"favorite_sport","Type":"varchar(50)","Null":"YES","Key":"","Default":null,"Extra":""},{"Field":"favorite_team","Type":"varchar(50)","Null":"YES","Key":"","Default":null,"Extra":""},{"Field":"account_type","Type":"enum('user','admin')","Null":"YES","Key":"","Default":"user","Extra":""}]
[23-Apr-2025 23:44:42 Europe/Berlin] Number of users in database: 13
[23-Apr-2025 23:44:42 Europe/Berlin] All tables initialized successfully
[23-Apr-2025 23:44:42 Europe/Berlin] Database tables initialized successfully
[23-Apr-2025 23:44:42 Europe/Berlin] Executing SQL: SELECT * FROM users WHERE id = :id
[23-Apr-2025 23:44:42 Europe/Berlin] With params: {":id":12}
[23-Apr-2025 23:44:42 Europe/Berlin] Query executed successfully. Found 1 rows
[23-Apr-2025 23:44:42 Europe/Berlin] User loaded from session: varunpndey
[23-Apr-2025 23:44:42 Europe/Berlin] Header - Session status: 2
[23-Apr-2025 23:44:42 Europe/Berlin] Header - Session data: {"user_id":12,"username":"varunpndey","email":"va@gmail.com","account_type":"admin"}
[23-Apr-2025 23:44:42 Europe/Berlin] Header - After session start - Status: 2
[23-Apr-2025 23:44:42 Europe/Berlin] Header - After session start - Data: {"user_id":12,"username":"varunpndey","email":"va@gmail.com","account_type":"admin"}
[23-Apr-2025 23:44:42 Europe/Berlin] Header - Is logged in: Yes
[23-Apr-2025 23:44:42 Europe/Berlin] Executing SQL: SELECT * FROM news ORDER BY created_at DESC LIMIT 5
[23-Apr-2025 23:44:42 Europe/Berlin] With params: []
[23-Apr-2025 23:44:42 Europe/Berlin] Query executed successfully. Found 2 rows
[23-Apr-2025 23:44:42 Europe/Berlin] Executing SQL: SELECT * FROM matches WHERE status = 'live'
[23-Apr-2025 23:44:42 Europe/Berlin] With params: []
[23-Apr-2025 23:44:42 Europe/Berlin] Query executed successfully. Found 1 rows
[23-Apr-2025 23:44:42 Europe/Berlin] Executing SQL: SELECT COUNT(*) as count FROM favorites 
                    WHERE user_id = :user_id AND match_id = :match_id
[23-Apr-2025 23:44:42 Europe/Berlin] With params: {":user_id":12,":match_id":42}
[23-Apr-2025 23:44:42 Europe/Berlin] Query executed successfully. Found 1 rows
[23-Apr-2025 23:44:44 Europe/Berlin] Connected to database. Tables found: favorites, feedback, matches, matches_backup, matches_new, news, newsletter, notifications, players, subscriptions, users
[23-Apr-2025 23:44:44 Europe/Berlin] Executing SQL: CREATE TABLE IF NOT EXISTS users (
                id INT AUTO_INCREMENT PRIMARY KEY,
                username VARCHAR(50) NOT NULL UNIQUE,
                password VARCHAR(255) NOT NULL,
                email VARCHAR(100) NOT NULL UNIQUE,
                account_type ENUM('user', 'admin') DEFAULT 'user',
                created_at TIMESTAMP DEFAULT CURRENT_TIMESTAMP
            )
[23-Apr-2025 23:44:44 Europe/Berlin] With params: []
[23-Apr-2025 23:44:44 Europe/Berlin] Query executed successfully. Found 0 rows
[23-Apr-2025 23:44:44 Europe/Berlin] Users table created or already exists
[23-Apr-2025 23:44:44 Europe/Berlin] Users table structure: [{"Field":"id","Type":"int(11)","Null":"NO","Key":"PRI","Default":null,"Extra":"auto_increment"},{"Field":"username","Type":"varchar(50)","Null":"NO","Key":"","Default":null,"Extra":""},{"Field":"email","Type":"varchar(100)","Null":"NO","Key":"UNI","Default":null,"Extra":""},{"Field":"password","Type":"varchar(255)","Null":"NO","Key":"","Default":null,"Extra":""},{"Field":"role","Type":"enum('user','admin')","Null":"YES","Key":"","Default":"user","Extra":""},{"Field":"verification_code","Type":"varchar(100)","Null":"YES","Key":"","Default":null,"Extra":""},{"Field":"is_verified","Type":"tinyint(1)","Null":"YES","Key":"","Default":"0","Extra":""},{"Field":"created_at","Type":"timestamp","Null":"NO","Key":"","Default":"current_timestamp()","Extra":""},{"Field":"favorite_sport","Type":"varchar(50)","Null":"YES","Key":"","Default":null,"Extra":""},{"Field":"favorite_team","Type":"varchar(50)","Null":"YES","Key":"","Default":null,"Extra":""},{"Field":"account_type","Type":"enum('user','admin')","Null":"YES","Key":"","Default":"user","Extra":""}]
[23-Apr-2025 23:44:44 Europe/Berlin] Number of users in database: 13
[23-Apr-2025 23:44:44 Europe/Berlin] All tables initialized successfully
[23-Apr-2025 23:44:44 Europe/Berlin] Connected to database. Tables found: favorites, feedback, matches, matches_backup, matches_new, news, newsletter, notifications, players, subscriptions, users
[23-Apr-2025 23:44:44 Europe/Berlin] Executing SQL: CREATE TABLE IF NOT EXISTS users (
                id INT AUTO_INCREMENT PRIMARY KEY,
                username VARCHAR(50) NOT NULL UNIQUE,
                password VARCHAR(255) NOT NULL,
                email VARCHAR(100) NOT NULL UNIQUE,
                account_type ENUM('user', 'admin') DEFAULT 'user',
                created_at TIMESTAMP DEFAULT CURRENT_TIMESTAMP
            )
[23-Apr-2025 23:44:44 Europe/Berlin] With params: []
[23-Apr-2025 23:44:44 Europe/Berlin] Query executed successfully. Found 0 rows
[23-Apr-2025 23:44:44 Europe/Berlin] Users table created or already exists
[23-Apr-2025 23:44:44 Europe/Berlin] Users table structure: [{"Field":"id","Type":"int(11)","Null":"NO","Key":"PRI","Default":null,"Extra":"auto_increment"},{"Field":"username","Type":"varchar(50)","Null":"NO","Key":"","Default":null,"Extra":""},{"Field":"email","Type":"varchar(100)","Null":"NO","Key":"UNI","Default":null,"Extra":""},{"Field":"password","Type":"varchar(255)","Null":"NO","Key":"","Default":null,"Extra":""},{"Field":"role","Type":"enum('user','admin')","Null":"YES","Key":"","Default":"user","Extra":""},{"Field":"verification_code","Type":"varchar(100)","Null":"YES","Key":"","Default":null,"Extra":""},{"Field":"is_verified","Type":"tinyint(1)","Null":"YES","Key":"","Default":"0","Extra":""},{"Field":"created_at","Type":"timestamp","Null":"NO","Key":"","Default":"current_timestamp()","Extra":""},{"Field":"favorite_sport","Type":"varchar(50)","Null":"YES","Key":"","Default":null,"Extra":""},{"Field":"favorite_team","Type":"varchar(50)","Null":"YES","Key":"","Default":null,"Extra":""},{"Field":"account_type","Type":"enum('user','admin')","Null":"YES","Key":"","Default":"user","Extra":""}]
[23-Apr-2025 23:44:44 Europe/Berlin] Number of users in database: 13
[23-Apr-2025 23:44:44 Europe/Berlin] All tables initialized successfully
[23-Apr-2025 23:44:44 Europe/Berlin] Database tables initialized successfully
[23-Apr-2025 23:44:44 Europe/Berlin] Executing SQL: SELECT * FROM users WHERE id = :id
[23-Apr-2025 23:44:44 Europe/Berlin] With params: {":id":12}
[23-Apr-2025 23:44:44 Europe/Berlin] Query executed successfully. Found 1 rows
[23-Apr-2025 23:44:44 Europe/Berlin] User loaded from session: varunpndey
[23-Apr-2025 23:44:44 Europe/Berlin] Header - Session status: 2
[23-Apr-2025 23:44:44 Europe/Berlin] Header - Session data: {"user_id":12,"username":"varunpndey","email":"va@gmail.com","account_type":"admin"}
[23-Apr-2025 23:44:44 Europe/Berlin] Header - After session start - Status: 2
[23-Apr-2025 23:44:44 Europe/Berlin] Header - After session start - Data: {"user_id":12,"username":"varunpndey","email":"va@gmail.com","account_type":"admin"}
[23-Apr-2025 23:44:44 Europe/Berlin] Header - Is logged in: Yes
[23-Apr-2025 23:44:44 Europe/Berlin] Executing SQL: SELECT * FROM matches WHERE sport = :sport ORDER BY match_time DESC
[23-Apr-2025 23:44:44 Europe/Berlin] With params: {":sport":"cricket"}
[23-Apr-2025 23:44:44 Europe/Berlin] Query executed successfully. Found 2 rows
[23-Apr-2025 23:44:44 Europe/Berlin] Executing SQL: SELECT * FROM matches WHERE sport = :sport AND status = :status
[23-Apr-2025 23:44:44 Europe/Berlin] With params: {":sport":"cricket",":status":"live"}
[23-Apr-2025 23:44:44 Europe/Berlin] Query executed successfully. Found 1 rows
[23-Apr-2025 23:44:44 Europe/Berlin] Executing SQL: SELECT COUNT(*) as count FROM favorites 
                    WHERE user_id = :user_id AND match_id = :match_id
[23-Apr-2025 23:44:44 Europe/Berlin] With params: {":user_id":12,":match_id":42}
[23-Apr-2025 23:44:44 Europe/Berlin] Query executed successfully. Found 1 rows
[23-Apr-2025 23:44:44 Europe/Berlin] Executing SQL: SELECT COUNT(*) as count FROM favorites 
                    WHERE user_id = :user_id AND match_id = :match_id
[23-Apr-2025 23:44:44 Europe/Berlin] With params: {":user_id":12,":match_id":38}
[23-Apr-2025 23:44:44 Europe/Berlin] Query executed successfully. Found 1 rows
[23-Apr-2025 23:44:47 Europe/Berlin] Connected to database. Tables found: favorites, feedback, matches, matches_backup, matches_new, news, newsletter, notifications, players, subscriptions, users
[23-Apr-2025 23:44:47 Europe/Berlin] Executing SQL: CREATE TABLE IF NOT EXISTS users (
                id INT AUTO_INCREMENT PRIMARY KEY,
                username VARCHAR(50) NOT NULL UNIQUE,
                password VARCHAR(255) NOT NULL,
                email VARCHAR(100) NOT NULL UNIQUE,
                account_type ENUM('user', 'admin') DEFAULT 'user',
                created_at TIMESTAMP DEFAULT CURRENT_TIMESTAMP
            )
[23-Apr-2025 23:44:47 Europe/Berlin] With params: []
[23-Apr-2025 23:44:47 Europe/Berlin] Query executed successfully. Found 0 rows
[23-Apr-2025 23:44:47 Europe/Berlin] Users table created or already exists
[23-Apr-2025 23:44:47 Europe/Berlin] Users table structure: [{"Field":"id","Type":"int(11)","Null":"NO","Key":"PRI","Default":null,"Extra":"auto_increment"},{"Field":"username","Type":"varchar(50)","Null":"NO","Key":"","Default":null,"Extra":""},{"Field":"email","Type":"varchar(100)","Null":"NO","Key":"UNI","Default":null,"Extra":""},{"Field":"password","Type":"varchar(255)","Null":"NO","Key":"","Default":null,"Extra":""},{"Field":"role","Type":"enum('user','admin')","Null":"YES","Key":"","Default":"user","Extra":""},{"Field":"verification_code","Type":"varchar(100)","Null":"YES","Key":"","Default":null,"Extra":""},{"Field":"is_verified","Type":"tinyint(1)","Null":"YES","Key":"","Default":"0","Extra":""},{"Field":"created_at","Type":"timestamp","Null":"NO","Key":"","Default":"current_timestamp()","Extra":""},{"Field":"favorite_sport","Type":"varchar(50)","Null":"YES","Key":"","Default":null,"Extra":""},{"Field":"favorite_team","Type":"varchar(50)","Null":"YES","Key":"","Default":null,"Extra":""},{"Field":"account_type","Type":"enum('user','admin')","Null":"YES","Key":"","Default":"user","Extra":""}]
[23-Apr-2025 23:44:47 Europe/Berlin] Number of users in database: 13
[23-Apr-2025 23:44:47 Europe/Berlin] All tables initialized successfully
[23-Apr-2025 23:44:47 Europe/Berlin] Connected to database. Tables found: favorites, feedback, matches, matches_backup, matches_new, news, newsletter, notifications, players, subscriptions, users
[23-Apr-2025 23:44:47 Europe/Berlin] Executing SQL: CREATE TABLE IF NOT EXISTS users (
                id INT AUTO_INCREMENT PRIMARY KEY,
                username VARCHAR(50) NOT NULL UNIQUE,
                password VARCHAR(255) NOT NULL,
                email VARCHAR(100) NOT NULL UNIQUE,
                account_type ENUM('user', 'admin') DEFAULT 'user',
                created_at TIMESTAMP DEFAULT CURRENT_TIMESTAMP
            )
[23-Apr-2025 23:44:47 Europe/Berlin] With params: []
[23-Apr-2025 23:44:47 Europe/Berlin] Query executed successfully. Found 0 rows
[23-Apr-2025 23:44:47 Europe/Berlin] Users table created or already exists
[23-Apr-2025 23:44:47 Europe/Berlin] Users table structure: [{"Field":"id","Type":"int(11)","Null":"NO","Key":"PRI","Default":null,"Extra":"auto_increment"},{"Field":"username","Type":"varchar(50)","Null":"NO","Key":"","Default":null,"Extra":""},{"Field":"email","Type":"varchar(100)","Null":"NO","Key":"UNI","Default":null,"Extra":""},{"Field":"password","Type":"varchar(255)","Null":"NO","Key":"","Default":null,"Extra":""},{"Field":"role","Type":"enum('user','admin')","Null":"YES","Key":"","Default":"user","Extra":""},{"Field":"verification_code","Type":"varchar(100)","Null":"YES","Key":"","Default":null,"Extra":""},{"Field":"is_verified","Type":"tinyint(1)","Null":"YES","Key":"","Default":"0","Extra":""},{"Field":"created_at","Type":"timestamp","Null":"NO","Key":"","Default":"current_timestamp()","Extra":""},{"Field":"favorite_sport","Type":"varchar(50)","Null":"YES","Key":"","Default":null,"Extra":""},{"Field":"favorite_team","Type":"varchar(50)","Null":"YES","Key":"","Default":null,"Extra":""},{"Field":"account_type","Type":"enum('user','admin')","Null":"YES","Key":"","Default":"user","Extra":""}]
[23-Apr-2025 23:44:47 Europe/Berlin] Number of users in database: 13
[23-Apr-2025 23:44:47 Europe/Berlin] All tables initialized successfully
[23-Apr-2025 23:44:47 Europe/Berlin] Database tables initialized successfully
[23-Apr-2025 23:44:47 Europe/Berlin] Executing SQL: SELECT * FROM users WHERE id = :id
[23-Apr-2025 23:44:47 Europe/Berlin] With params: {":id":12}
[23-Apr-2025 23:44:47 Europe/Berlin] Query executed successfully. Found 1 rows
[23-Apr-2025 23:44:47 Europe/Berlin] User loaded from session: varunpndey
[23-Apr-2025 23:44:47 Europe/Berlin] Executing SQL: CREATE TABLE IF NOT EXISTS players (
                id INT AUTO_INCREMENT PRIMARY KEY,
                match_id INT NOT NULL,
                team VARCHAR(100) NOT NULL,
                name VARCHAR(100) NOT NULL,
                role VARCHAR(50) NOT NULL,
                score INT DEFAULT 0,
                sport VARCHAR(20) NOT NULL,
                created_at TIMESTAMP DEFAULT CURRENT_TIMESTAMP,
                FOREIGN KEY (match_id) REFERENCES matches(id) ON DELETE CASCADE
            )
[23-Apr-2025 23:44:47 Europe/Berlin] With params: []
[23-Apr-2025 23:44:47 Europe/Berlin] Query executed successfully. Found 0 rows
[23-Apr-2025 23:44:47 Europe/Berlin] Executing SQL: SELECT * FROM matches WHERE id = :id
[23-Apr-2025 23:44:47 Europe/Berlin] With params: {":id":42}
[23-Apr-2025 23:44:47 Europe/Berlin] Query executed successfully. Found 1 rows
[23-Apr-2025 23:44:47 Europe/Berlin] Executing SQL: SELECT * FROM players WHERE match_id = :match_id AND team = :team
[23-Apr-2025 23:44:47 Europe/Berlin] With params: {":match_id":42,":team":"Rcb"}
[23-Apr-2025 23:44:47 Europe/Berlin] Query executed successfully. Found 0 rows
[23-Apr-2025 23:44:47 Europe/Berlin] Executing SQL: SELECT * FROM players WHERE match_id = :match_id AND team = :team
[23-Apr-2025 23:44:47 Europe/Berlin] With params: {":match_id":42,":team":"PBKS"}
[23-Apr-2025 23:44:47 Europe/Berlin] Query executed successfully. Found 0 rows
[23-Apr-2025 23:44:47 Europe/Berlin] Header - Session status: 2
[23-Apr-2025 23:44:47 Europe/Berlin] Header - Session data: {"user_id":12,"username":"varunpndey","email":"va@gmail.com","account_type":"admin"}
[23-Apr-2025 23:44:47 Europe/Berlin] Header - After session start - Status: 2
[23-Apr-2025 23:44:47 Europe/Berlin] Header - After session start - Data: {"user_id":12,"username":"varunpndey","email":"va@gmail.com","account_type":"admin"}
[23-Apr-2025 23:44:47 Europe/Berlin] Header - Is logged in: Yes
[23-Apr-2025 23:44:51 Europe/Berlin] Connected to database. Tables found: favorites, feedback, matches, matches_backup, matches_new, news, newsletter, notifications, players, subscriptions, users
[23-Apr-2025 23:44:51 Europe/Berlin] Executing SQL: CREATE TABLE IF NOT EXISTS users (
                id INT AUTO_INCREMENT PRIMARY KEY,
                username VARCHAR(50) NOT NULL UNIQUE,
                password VARCHAR(255) NOT NULL,
                email VARCHAR(100) NOT NULL UNIQUE,
                account_type ENUM('user', 'admin') DEFAULT 'user',
                created_at TIMESTAMP DEFAULT CURRENT_TIMESTAMP
            )
[23-Apr-2025 23:44:51 Europe/Berlin] With params: []
[23-Apr-2025 23:44:51 Europe/Berlin] Query executed successfully. Found 0 rows
[23-Apr-2025 23:44:51 Europe/Berlin] Users table created or already exists
[23-Apr-2025 23:44:51 Europe/Berlin] Users table structure: [{"Field":"id","Type":"int(11)","Null":"NO","Key":"PRI","Default":null,"Extra":"auto_increment"},{"Field":"username","Type":"varchar(50)","Null":"NO","Key":"","Default":null,"Extra":""},{"Field":"email","Type":"varchar(100)","Null":"NO","Key":"UNI","Default":null,"Extra":""},{"Field":"password","Type":"varchar(255)","Null":"NO","Key":"","Default":null,"Extra":""},{"Field":"role","Type":"enum('user','admin')","Null":"YES","Key":"","Default":"user","Extra":""},{"Field":"verification_code","Type":"varchar(100)","Null":"YES","Key":"","Default":null,"Extra":""},{"Field":"is_verified","Type":"tinyint(1)","Null":"YES","Key":"","Default":"0","Extra":""},{"Field":"created_at","Type":"timestamp","Null":"NO","Key":"","Default":"current_timestamp()","Extra":""},{"Field":"favorite_sport","Type":"varchar(50)","Null":"YES","Key":"","Default":null,"Extra":""},{"Field":"favorite_team","Type":"varchar(50)","Null":"YES","Key":"","Default":null,"Extra":""},{"Field":"account_type","Type":"enum('user','admin')","Null":"YES","Key":"","Default":"user","Extra":""}]
[23-Apr-2025 23:44:51 Europe/Berlin] Number of users in database: 13
[23-Apr-2025 23:44:51 Europe/Berlin] All tables initialized successfully
[23-Apr-2025 23:44:51 Europe/Berlin] Connected to database. Tables found: favorites, feedback, matches, matches_backup, matches_new, news, newsletter, notifications, players, subscriptions, users
[23-Apr-2025 23:44:51 Europe/Berlin] Executing SQL: CREATE TABLE IF NOT EXISTS users (
                id INT AUTO_INCREMENT PRIMARY KEY,
                username VARCHAR(50) NOT NULL UNIQUE,
                password VARCHAR(255) NOT NULL,
                email VARCHAR(100) NOT NULL UNIQUE,
                account_type ENUM('user', 'admin') DEFAULT 'user',
                created_at TIMESTAMP DEFAULT CURRENT_TIMESTAMP
            )
[23-Apr-2025 23:44:51 Europe/Berlin] With params: []
[23-Apr-2025 23:44:51 Europe/Berlin] Query executed successfully. Found 0 rows
[23-Apr-2025 23:44:51 Europe/Berlin] Users table created or already exists
[23-Apr-2025 23:44:51 Europe/Berlin] Users table structure: [{"Field":"id","Type":"int(11)","Null":"NO","Key":"PRI","Default":null,"Extra":"auto_increment"},{"Field":"username","Type":"varchar(50)","Null":"NO","Key":"","Default":null,"Extra":""},{"Field":"email","Type":"varchar(100)","Null":"NO","Key":"UNI","Default":null,"Extra":""},{"Field":"password","Type":"varchar(255)","Null":"NO","Key":"","Default":null,"Extra":""},{"Field":"role","Type":"enum('user','admin')","Null":"YES","Key":"","Default":"user","Extra":""},{"Field":"verification_code","Type":"varchar(100)","Null":"YES","Key":"","Default":null,"Extra":""},{"Field":"is_verified","Type":"tinyint(1)","Null":"YES","Key":"","Default":"0","Extra":""},{"Field":"created_at","Type":"timestamp","Null":"NO","Key":"","Default":"current_timestamp()","Extra":""},{"Field":"favorite_sport","Type":"varchar(50)","Null":"YES","Key":"","Default":null,"Extra":""},{"Field":"favorite_team","Type":"varchar(50)","Null":"YES","Key":"","Default":null,"Extra":""},{"Field":"account_type","Type":"enum('user','admin')","Null":"YES","Key":"","Default":"user","Extra":""}]
[23-Apr-2025 23:44:51 Europe/Berlin] Number of users in database: 13
[23-Apr-2025 23:44:51 Europe/Berlin] All tables initialized successfully
[23-Apr-2025 23:44:51 Europe/Berlin] Database tables initialized successfully
[23-Apr-2025 23:44:51 Europe/Berlin] Executing SQL: SELECT * FROM users WHERE id = :id
[23-Apr-2025 23:44:51 Europe/Berlin] With params: {":id":12}
[23-Apr-2025 23:44:51 Europe/Berlin] Query executed successfully. Found 1 rows
[23-Apr-2025 23:44:51 Europe/Berlin] User loaded from session: varunpndey
[23-Apr-2025 23:44:51 Europe/Berlin] Header - Session status: 2
[23-Apr-2025 23:44:51 Europe/Berlin] Header - Session data: {"user_id":12,"username":"varunpndey","email":"va@gmail.com","account_type":"admin"}
[23-Apr-2025 23:44:51 Europe/Berlin] Header - After session start - Status: 2
[23-Apr-2025 23:44:51 Europe/Berlin] Header - After session start - Data: {"user_id":12,"username":"varunpndey","email":"va@gmail.com","account_type":"admin"}
[23-Apr-2025 23:44:51 Europe/Berlin] Header - Is logged in: Yes
[23-Apr-2025 23:44:51 Europe/Berlin] Executing SQL: SELECT * FROM matches WHERE sport = :sport ORDER BY match_time DESC
[23-Apr-2025 23:44:51 Europe/Berlin] With params: {":sport":"cricket"}
[23-Apr-2025 23:44:51 Europe/Berlin] Query executed successfully. Found 2 rows
[23-Apr-2025 23:44:51 Europe/Berlin] Executing SQL: SELECT * FROM matches WHERE sport = :sport AND status = :status
[23-Apr-2025 23:44:51 Europe/Berlin] With params: {":sport":"cricket",":status":"live"}
[23-Apr-2025 23:44:51 Europe/Berlin] Query executed successfully. Found 1 rows
[23-Apr-2025 23:44:51 Europe/Berlin] Executing SQL: SELECT COUNT(*) as count FROM favorites 
                    WHERE user_id = :user_id AND match_id = :match_id
[23-Apr-2025 23:44:51 Europe/Berlin] With params: {":user_id":12,":match_id":42}
[23-Apr-2025 23:44:51 Europe/Berlin] Query executed successfully. Found 1 rows
[23-Apr-2025 23:44:51 Europe/Berlin] Executing SQL: SELECT COUNT(*) as count FROM favorites 
                    WHERE user_id = :user_id AND match_id = :match_id
[23-Apr-2025 23:44:51 Europe/Berlin] With params: {":user_id":12,":match_id":38}
[23-Apr-2025 23:44:51 Europe/Berlin] Query executed successfully. Found 1 rows
[23-Apr-2025 23:44:52 Europe/Berlin] Connected to database. Tables found: favorites, feedback, matches, matches_backup, matches_new, news, newsletter, notifications, players, subscriptions, users
[23-Apr-2025 23:44:52 Europe/Berlin] Executing SQL: CREATE TABLE IF NOT EXISTS users (
                id INT AUTO_INCREMENT PRIMARY KEY,
                username VARCHAR(50) NOT NULL UNIQUE,
                password VARCHAR(255) NOT NULL,
                email VARCHAR(100) NOT NULL UNIQUE,
                account_type ENUM('user', 'admin') DEFAULT 'user',
                created_at TIMESTAMP DEFAULT CURRENT_TIMESTAMP
            )
[23-Apr-2025 23:44:52 Europe/Berlin] With params: []
[23-Apr-2025 23:44:52 Europe/Berlin] Query executed successfully. Found 0 rows
[23-Apr-2025 23:44:52 Europe/Berlin] Users table created or already exists
[23-Apr-2025 23:44:52 Europe/Berlin] Users table structure: [{"Field":"id","Type":"int(11)","Null":"NO","Key":"PRI","Default":null,"Extra":"auto_increment"},{"Field":"username","Type":"varchar(50)","Null":"NO","Key":"","Default":null,"Extra":""},{"Field":"email","Type":"varchar(100)","Null":"NO","Key":"UNI","Default":null,"Extra":""},{"Field":"password","Type":"varchar(255)","Null":"NO","Key":"","Default":null,"Extra":""},{"Field":"role","Type":"enum('user','admin')","Null":"YES","Key":"","Default":"user","Extra":""},{"Field":"verification_code","Type":"varchar(100)","Null":"YES","Key":"","Default":null,"Extra":""},{"Field":"is_verified","Type":"tinyint(1)","Null":"YES","Key":"","Default":"0","Extra":""},{"Field":"created_at","Type":"timestamp","Null":"NO","Key":"","Default":"current_timestamp()","Extra":""},{"Field":"favorite_sport","Type":"varchar(50)","Null":"YES","Key":"","Default":null,"Extra":""},{"Field":"favorite_team","Type":"varchar(50)","Null":"YES","Key":"","Default":null,"Extra":""},{"Field":"account_type","Type":"enum('user','admin')","Null":"YES","Key":"","Default":"user","Extra":""}]
[23-Apr-2025 23:44:52 Europe/Berlin] Number of users in database: 13
[23-Apr-2025 23:44:52 Europe/Berlin] All tables initialized successfully
[23-Apr-2025 23:44:52 Europe/Berlin] API Request received: /sportsync/backend/match.php?action=fetch_matches&sport=cricket&status=live
[23-Apr-2025 23:44:52 Europe/Berlin] GET parameters: Array
(
    [action] => fetch_matches
    [sport] => cricket
    [status] => live
)

[23-Apr-2025 23:44:52 Europe/Berlin] Executing SQL: SELECT * FROM matches WHERE sport = :sport AND status = :status
[23-Apr-2025 23:44:52 Europe/Berlin] With params: {":sport":"cricket",":status":"live"}
[23-Apr-2025 23:44:52 Europe/Berlin] Query executed successfully. Found 1 rows
[23-Apr-2025 23:44:53 Europe/Berlin] Connected to database. Tables found: favorites, feedback, matches, matches_backup, matches_new, news, newsletter, notifications, players, subscriptions, users
[23-Apr-2025 23:44:53 Europe/Berlin] Executing SQL: CREATE TABLE IF NOT EXISTS users (
                id INT AUTO_INCREMENT PRIMARY KEY,
                username VARCHAR(50) NOT NULL UNIQUE,
                password VARCHAR(255) NOT NULL,
                email VARCHAR(100) NOT NULL UNIQUE,
                account_type ENUM('user', 'admin') DEFAULT 'user',
                created_at TIMESTAMP DEFAULT CURRENT_TIMESTAMP
            )
[23-Apr-2025 23:44:53 Europe/Berlin] With params: []
[23-Apr-2025 23:44:53 Europe/Berlin] Query executed successfully. Found 0 rows
[23-Apr-2025 23:44:53 Europe/Berlin] Users table created or already exists
[23-Apr-2025 23:44:53 Europe/Berlin] Users table structure: [{"Field":"id","Type":"int(11)","Null":"NO","Key":"PRI","Default":null,"Extra":"auto_increment"},{"Field":"username","Type":"varchar(50)","Null":"NO","Key":"","Default":null,"Extra":""},{"Field":"email","Type":"varchar(100)","Null":"NO","Key":"UNI","Default":null,"Extra":""},{"Field":"password","Type":"varchar(255)","Null":"NO","Key":"","Default":null,"Extra":""},{"Field":"role","Type":"enum('user','admin')","Null":"YES","Key":"","Default":"user","Extra":""},{"Field":"verification_code","Type":"varchar(100)","Null":"YES","Key":"","Default":null,"Extra":""},{"Field":"is_verified","Type":"tinyint(1)","Null":"YES","Key":"","Default":"0","Extra":""},{"Field":"created_at","Type":"timestamp","Null":"NO","Key":"","Default":"current_timestamp()","Extra":""},{"Field":"favorite_sport","Type":"varchar(50)","Null":"YES","Key":"","Default":null,"Extra":""},{"Field":"favorite_team","Type":"varchar(50)","Null":"YES","Key":"","Default":null,"Extra":""},{"Field":"account_type","Type":"enum('user','admin')","Null":"YES","Key":"","Default":"user","Extra":""}]
[23-Apr-2025 23:44:53 Europe/Berlin] Number of users in database: 13
[23-Apr-2025 23:44:53 Europe/Berlin] All tables initialized successfully
[23-Apr-2025 23:44:53 Europe/Berlin] Connected to database. Tables found: favorites, feedback, matches, matches_backup, matches_new, news, newsletter, notifications, players, subscriptions, users
[23-Apr-2025 23:44:53 Europe/Berlin] Executing SQL: CREATE TABLE IF NOT EXISTS users (
                id INT AUTO_INCREMENT PRIMARY KEY,
                username VARCHAR(50) NOT NULL UNIQUE,
                password VARCHAR(255) NOT NULL,
                email VARCHAR(100) NOT NULL UNIQUE,
                account_type ENUM('user', 'admin') DEFAULT 'user',
                created_at TIMESTAMP DEFAULT CURRENT_TIMESTAMP
            )
[23-Apr-2025 23:44:53 Europe/Berlin] With params: []
[23-Apr-2025 23:44:53 Europe/Berlin] Query executed successfully. Found 0 rows
[23-Apr-2025 23:44:53 Europe/Berlin] Users table created or already exists
[23-Apr-2025 23:44:53 Europe/Berlin] Users table structure: [{"Field":"id","Type":"int(11)","Null":"NO","Key":"PRI","Default":null,"Extra":"auto_increment"},{"Field":"username","Type":"varchar(50)","Null":"NO","Key":"","Default":null,"Extra":""},{"Field":"email","Type":"varchar(100)","Null":"NO","Key":"UNI","Default":null,"Extra":""},{"Field":"password","Type":"varchar(255)","Null":"NO","Key":"","Default":null,"Extra":""},{"Field":"role","Type":"enum('user','admin')","Null":"YES","Key":"","Default":"user","Extra":""},{"Field":"verification_code","Type":"varchar(100)","Null":"YES","Key":"","Default":null,"Extra":""},{"Field":"is_verified","Type":"tinyint(1)","Null":"YES","Key":"","Default":"0","Extra":""},{"Field":"created_at","Type":"timestamp","Null":"NO","Key":"","Default":"current_timestamp()","Extra":""},{"Field":"favorite_sport","Type":"varchar(50)","Null":"YES","Key":"","Default":null,"Extra":""},{"Field":"favorite_team","Type":"varchar(50)","Null":"YES","Key":"","Default":null,"Extra":""},{"Field":"account_type","Type":"enum('user','admin')","Null":"YES","Key":"","Default":"user","Extra":""}]
[23-Apr-2025 23:44:53 Europe/Berlin] Number of users in database: 13
[23-Apr-2025 23:44:53 Europe/Berlin] All tables initialized successfully
[23-Apr-2025 23:44:53 Europe/Berlin] Database tables initialized successfully
[23-Apr-2025 23:44:53 Europe/Berlin] Executing SQL: SELECT * FROM users WHERE id = :id
[23-Apr-2025 23:44:53 Europe/Berlin] With params: {":id":12}
[23-Apr-2025 23:44:53 Europe/Berlin] Query executed successfully. Found 1 rows
[23-Apr-2025 23:44:53 Europe/Berlin] User loaded from session: varunpndey
[23-Apr-2025 23:44:53 Europe/Berlin] Executing SQL: CREATE TABLE IF NOT EXISTS players (
                id INT AUTO_INCREMENT PRIMARY KEY,
                match_id INT NOT NULL,
                team VARCHAR(100) NOT NULL,
                name VARCHAR(100) NOT NULL,
                role VARCHAR(50) NOT NULL,
                score INT DEFAULT 0,
                sport VARCHAR(20) NOT NULL,
                created_at TIMESTAMP DEFAULT CURRENT_TIMESTAMP,
                FOREIGN KEY (match_id) REFERENCES matches(id) ON DELETE CASCADE
            )
[23-Apr-2025 23:44:53 Europe/Berlin] With params: []
[23-Apr-2025 23:44:53 Europe/Berlin] Query executed successfully. Found 0 rows
[23-Apr-2025 23:44:53 Europe/Berlin] Executing SQL: SELECT * FROM matches WHERE id = :id
[23-Apr-2025 23:44:53 Europe/Berlin] With params: {":id":42}
[23-Apr-2025 23:44:53 Europe/Berlin] Query executed successfully. Found 1 rows
[23-Apr-2025 23:44:53 Europe/Berlin] Executing SQL: SELECT * FROM players WHERE match_id = :match_id AND team = :team
[23-Apr-2025 23:44:53 Europe/Berlin] With params: {":match_id":42,":team":"Rcb"}
[23-Apr-2025 23:44:53 Europe/Berlin] Query executed successfully. Found 0 rows
[23-Apr-2025 23:44:53 Europe/Berlin] Executing SQL: SELECT * FROM players WHERE match_id = :match_id AND team = :team
[23-Apr-2025 23:44:53 Europe/Berlin] With params: {":match_id":42,":team":"PBKS"}
[23-Apr-2025 23:44:53 Europe/Berlin] Query executed successfully. Found 0 rows
[23-Apr-2025 23:44:53 Europe/Berlin] Header - Session status: 2
[23-Apr-2025 23:44:53 Europe/Berlin] Header - Session data: {"user_id":12,"username":"varunpndey","email":"va@gmail.com","account_type":"admin"}
[23-Apr-2025 23:44:53 Europe/Berlin] Header - After session start - Status: 2
[23-Apr-2025 23:44:53 Europe/Berlin] Header - After session start - Data: {"user_id":12,"username":"varunpndey","email":"va@gmail.com","account_type":"admin"}
[23-Apr-2025 23:44:53 Europe/Berlin] Header - Is logged in: Yes
[23-Apr-2025 23:44:57 Europe/Berlin] Connected to database. Tables found: favorites, feedback, matches, matches_backup, matches_new, news, newsletter, notifications, players, subscriptions, users
[23-Apr-2025 23:44:57 Europe/Berlin] Executing SQL: CREATE TABLE IF NOT EXISTS users (
                id INT AUTO_INCREMENT PRIMARY KEY,
                username VARCHAR(50) NOT NULL UNIQUE,
                password VARCHAR(255) NOT NULL,
                email VARCHAR(100) NOT NULL UNIQUE,
                account_type ENUM('user', 'admin') DEFAULT 'user',
                created_at TIMESTAMP DEFAULT CURRENT_TIMESTAMP
            )
[23-Apr-2025 23:44:57 Europe/Berlin] With params: []
[23-Apr-2025 23:44:57 Europe/Berlin] Query executed successfully. Found 0 rows
[23-Apr-2025 23:44:57 Europe/Berlin] Users table created or already exists
[23-Apr-2025 23:44:57 Europe/Berlin] Users table structure: [{"Field":"id","Type":"int(11)","Null":"NO","Key":"PRI","Default":null,"Extra":"auto_increment"},{"Field":"username","Type":"varchar(50)","Null":"NO","Key":"","Default":null,"Extra":""},{"Field":"email","Type":"varchar(100)","Null":"NO","Key":"UNI","Default":null,"Extra":""},{"Field":"password","Type":"varchar(255)","Null":"NO","Key":"","Default":null,"Extra":""},{"Field":"role","Type":"enum('user','admin')","Null":"YES","Key":"","Default":"user","Extra":""},{"Field":"verification_code","Type":"varchar(100)","Null":"YES","Key":"","Default":null,"Extra":""},{"Field":"is_verified","Type":"tinyint(1)","Null":"YES","Key":"","Default":"0","Extra":""},{"Field":"created_at","Type":"timestamp","Null":"NO","Key":"","Default":"current_timestamp()","Extra":""},{"Field":"favorite_sport","Type":"varchar(50)","Null":"YES","Key":"","Default":null,"Extra":""},{"Field":"favorite_team","Type":"varchar(50)","Null":"YES","Key":"","Default":null,"Extra":""},{"Field":"account_type","Type":"enum('user','admin')","Null":"YES","Key":"","Default":"user","Extra":""}]
[23-Apr-2025 23:44:57 Europe/Berlin] Number of users in database: 13
[23-Apr-2025 23:44:57 Europe/Berlin] All tables initialized successfully
[23-Apr-2025 23:44:57 Europe/Berlin] Connected to database. Tables found: favorites, feedback, matches, matches_backup, matches_new, news, newsletter, notifications, players, subscriptions, users
[23-Apr-2025 23:44:57 Europe/Berlin] Executing SQL: CREATE TABLE IF NOT EXISTS users (
                id INT AUTO_INCREMENT PRIMARY KEY,
                username VARCHAR(50) NOT NULL UNIQUE,
                password VARCHAR(255) NOT NULL,
                email VARCHAR(100) NOT NULL UNIQUE,
                account_type ENUM('user', 'admin') DEFAULT 'user',
                created_at TIMESTAMP DEFAULT CURRENT_TIMESTAMP
            )
[23-Apr-2025 23:44:57 Europe/Berlin] With params: []
[23-Apr-2025 23:44:57 Europe/Berlin] Query executed successfully. Found 0 rows
[23-Apr-2025 23:44:57 Europe/Berlin] Users table created or already exists
[23-Apr-2025 23:44:57 Europe/Berlin] Users table structure: [{"Field":"id","Type":"int(11)","Null":"NO","Key":"PRI","Default":null,"Extra":"auto_increment"},{"Field":"username","Type":"varchar(50)","Null":"NO","Key":"","Default":null,"Extra":""},{"Field":"email","Type":"varchar(100)","Null":"NO","Key":"UNI","Default":null,"Extra":""},{"Field":"password","Type":"varchar(255)","Null":"NO","Key":"","Default":null,"Extra":""},{"Field":"role","Type":"enum('user','admin')","Null":"YES","Key":"","Default":"user","Extra":""},{"Field":"verification_code","Type":"varchar(100)","Null":"YES","Key":"","Default":null,"Extra":""},{"Field":"is_verified","Type":"tinyint(1)","Null":"YES","Key":"","Default":"0","Extra":""},{"Field":"created_at","Type":"timestamp","Null":"NO","Key":"","Default":"current_timestamp()","Extra":""},{"Field":"favorite_sport","Type":"varchar(50)","Null":"YES","Key":"","Default":null,"Extra":""},{"Field":"favorite_team","Type":"varchar(50)","Null":"YES","Key":"","Default":null,"Extra":""},{"Field":"account_type","Type":"enum('user','admin')","Null":"YES","Key":"","Default":"user","Extra":""}]
[23-Apr-2025 23:44:57 Europe/Berlin] Number of users in database: 13
[23-Apr-2025 23:44:57 Europe/Berlin] All tables initialized successfully
[23-Apr-2025 23:44:57 Europe/Berlin] Database tables initialized successfully
[23-Apr-2025 23:44:57 Europe/Berlin] Executing SQL: SELECT * FROM users WHERE id = :id
[23-Apr-2025 23:44:57 Europe/Berlin] With params: {":id":12}
[23-Apr-2025 23:44:57 Europe/Berlin] Query executed successfully. Found 1 rows
[23-Apr-2025 23:44:57 Europe/Berlin] User loaded from session: varunpndey
[23-Apr-2025 23:44:57 Europe/Berlin] Connected to database. Tables found: favorites, feedback, matches, matches_backup, matches_new, news, newsletter, notifications, players, subscriptions, users
[23-Apr-2025 23:44:57 Europe/Berlin] Executing SQL: CREATE TABLE IF NOT EXISTS users (
                id INT AUTO_INCREMENT PRIMARY KEY,
                username VARCHAR(50) NOT NULL UNIQUE,
                password VARCHAR(255) NOT NULL,
                email VARCHAR(100) NOT NULL UNIQUE,
                account_type ENUM('user', 'admin') DEFAULT 'user',
                created_at TIMESTAMP DEFAULT CURRENT_TIMESTAMP
            )
[23-Apr-2025 23:44:57 Europe/Berlin] With params: []
[23-Apr-2025 23:44:57 Europe/Berlin] Query executed successfully. Found 0 rows
[23-Apr-2025 23:44:57 Europe/Berlin] Users table created or already exists
[23-Apr-2025 23:44:57 Europe/Berlin] Users table structure: [{"Field":"id","Type":"int(11)","Null":"NO","Key":"PRI","Default":null,"Extra":"auto_increment"},{"Field":"username","Type":"varchar(50)","Null":"NO","Key":"","Default":null,"Extra":""},{"Field":"email","Type":"varchar(100)","Null":"NO","Key":"UNI","Default":null,"Extra":""},{"Field":"password","Type":"varchar(255)","Null":"NO","Key":"","Default":null,"Extra":""},{"Field":"role","Type":"enum('user','admin')","Null":"YES","Key":"","Default":"user","Extra":""},{"Field":"verification_code","Type":"varchar(100)","Null":"YES","Key":"","Default":null,"Extra":""},{"Field":"is_verified","Type":"tinyint(1)","Null":"YES","Key":"","Default":"0","Extra":""},{"Field":"created_at","Type":"timestamp","Null":"NO","Key":"","Default":"current_timestamp()","Extra":""},{"Field":"favorite_sport","Type":"varchar(50)","Null":"YES","Key":"","Default":null,"Extra":""},{"Field":"favorite_team","Type":"varchar(50)","Null":"YES","Key":"","Default":null,"Extra":""},{"Field":"account_type","Type":"enum('user','admin')","Null":"YES","Key":"","Default":"user","Extra":""}]
[23-Apr-2025 23:44:57 Europe/Berlin] Number of users in database: 13
[23-Apr-2025 23:44:57 Europe/Berlin] All tables initialized successfully
[23-Apr-2025 23:44:57 Europe/Berlin] Connected to database. Tables found: favorites, feedback, matches, matches_backup, matches_new, news, newsletter, notifications, players, subscriptions, users
[23-Apr-2025 23:44:57 Europe/Berlin] Executing SQL: CREATE TABLE IF NOT EXISTS users (
                id INT AUTO_INCREMENT PRIMARY KEY,
                username VARCHAR(50) NOT NULL UNIQUE,
                password VARCHAR(255) NOT NULL,
                email VARCHAR(100) NOT NULL UNIQUE,
                account_type ENUM('user', 'admin') DEFAULT 'user',
                created_at TIMESTAMP DEFAULT CURRENT_TIMESTAMP
            )
[23-Apr-2025 23:44:57 Europe/Berlin] With params: []
[23-Apr-2025 23:44:57 Europe/Berlin] Query executed successfully. Found 0 rows
[23-Apr-2025 23:44:57 Europe/Berlin] Users table created or already exists
[23-Apr-2025 23:44:57 Europe/Berlin] Users table structure: [{"Field":"id","Type":"int(11)","Null":"NO","Key":"PRI","Default":null,"Extra":"auto_increment"},{"Field":"username","Type":"varchar(50)","Null":"NO","Key":"","Default":null,"Extra":""},{"Field":"email","Type":"varchar(100)","Null":"NO","Key":"UNI","Default":null,"Extra":""},{"Field":"password","Type":"varchar(255)","Null":"NO","Key":"","Default":null,"Extra":""},{"Field":"role","Type":"enum('user','admin')","Null":"YES","Key":"","Default":"user","Extra":""},{"Field":"verification_code","Type":"varchar(100)","Null":"YES","Key":"","Default":null,"Extra":""},{"Field":"is_verified","Type":"tinyint(1)","Null":"YES","Key":"","Default":"0","Extra":""},{"Field":"created_at","Type":"timestamp","Null":"NO","Key":"","Default":"current_timestamp()","Extra":""},{"Field":"favorite_sport","Type":"varchar(50)","Null":"YES","Key":"","Default":null,"Extra":""},{"Field":"favorite_team","Type":"varchar(50)","Null":"YES","Key":"","Default":null,"Extra":""},{"Field":"account_type","Type":"enum('user','admin')","Null":"YES","Key":"","Default":"user","Extra":""}]
[23-Apr-2025 23:44:57 Europe/Berlin] Number of users in database: 13
[23-Apr-2025 23:44:57 Europe/Berlin] All tables initialized successfully
[23-Apr-2025 23:44:57 Europe/Berlin] Database tables initialized successfully
[23-Apr-2025 23:44:57 Europe/Berlin] Executing SQL: SELECT * FROM users WHERE id = :id
[23-Apr-2025 23:44:57 Europe/Berlin] With params: {":id":12}
[23-Apr-2025 23:44:57 Europe/Berlin] Query executed successfully. Found 1 rows
[23-Apr-2025 23:44:57 Europe/Berlin] User loaded from session: varunpndey
[23-Apr-2025 23:44:57 Europe/Berlin] Header - Session status: 2
[23-Apr-2025 23:44:57 Europe/Berlin] Header - Session data: {"user_id":12,"username":"varunpndey","email":"va@gmail.com","account_type":"admin"}
[23-Apr-2025 23:44:57 Europe/Berlin] Header - After session start - Status: 2
[23-Apr-2025 23:44:57 Europe/Berlin] Header - After session start - Data: {"user_id":12,"username":"varunpndey","email":"va@gmail.com","account_type":"admin"}
[23-Apr-2025 23:44:57 Europe/Berlin] Header - Is logged in: Yes
[23-Apr-2025 23:44:57 Europe/Berlin] Executing SQL: SELECT * FROM news ORDER BY created_at DESC LIMIT 5
[23-Apr-2025 23:44:57 Europe/Berlin] With params: []
[23-Apr-2025 23:44:57 Europe/Berlin] Query executed successfully. Found 2 rows
[23-Apr-2025 23:44:57 Europe/Berlin] Executing SQL: SELECT * FROM matches WHERE status = 'live'
[23-Apr-2025 23:44:57 Europe/Berlin] With params: []
[23-Apr-2025 23:44:57 Europe/Berlin] Query executed successfully. Found 1 rows
[23-Apr-2025 23:44:57 Europe/Berlin] Executing SQL: SELECT COUNT(*) as count FROM favorites 
                    WHERE user_id = :user_id AND match_id = :match_id
[23-Apr-2025 23:44:57 Europe/Berlin] With params: {":user_id":12,":match_id":42}
[23-Apr-2025 23:44:57 Europe/Berlin] Query executed successfully. Found 1 rows
[23-Apr-2025 23:45:00 Europe/Berlin] Connected to database. Tables found: favorites, feedback, matches, matches_backup, matches_new, news, newsletter, notifications, players, subscriptions, users
[23-Apr-2025 23:45:00 Europe/Berlin] Executing SQL: CREATE TABLE IF NOT EXISTS users (
                id INT AUTO_INCREMENT PRIMARY KEY,
                username VARCHAR(50) NOT NULL UNIQUE,
                password VARCHAR(255) NOT NULL,
                email VARCHAR(100) NOT NULL UNIQUE,
                account_type ENUM('user', 'admin') DEFAULT 'user',
                created_at TIMESTAMP DEFAULT CURRENT_TIMESTAMP
            )
[23-Apr-2025 23:45:00 Europe/Berlin] With params: []
[23-Apr-2025 23:45:00 Europe/Berlin] Query executed successfully. Found 0 rows
[23-Apr-2025 23:45:00 Europe/Berlin] Users table created or already exists
[23-Apr-2025 23:45:00 Europe/Berlin] Users table structure: [{"Field":"id","Type":"int(11)","Null":"NO","Key":"PRI","Default":null,"Extra":"auto_increment"},{"Field":"username","Type":"varchar(50)","Null":"NO","Key":"","Default":null,"Extra":""},{"Field":"email","Type":"varchar(100)","Null":"NO","Key":"UNI","Default":null,"Extra":""},{"Field":"password","Type":"varchar(255)","Null":"NO","Key":"","Default":null,"Extra":""},{"Field":"role","Type":"enum('user','admin')","Null":"YES","Key":"","Default":"user","Extra":""},{"Field":"verification_code","Type":"varchar(100)","Null":"YES","Key":"","Default":null,"Extra":""},{"Field":"is_verified","Type":"tinyint(1)","Null":"YES","Key":"","Default":"0","Extra":""},{"Field":"created_at","Type":"timestamp","Null":"NO","Key":"","Default":"current_timestamp()","Extra":""},{"Field":"favorite_sport","Type":"varchar(50)","Null":"YES","Key":"","Default":null,"Extra":""},{"Field":"favorite_team","Type":"varchar(50)","Null":"YES","Key":"","Default":null,"Extra":""},{"Field":"account_type","Type":"enum('user','admin')","Null":"YES","Key":"","Default":"user","Extra":""}]
[23-Apr-2025 23:45:00 Europe/Berlin] Number of users in database: 13
[23-Apr-2025 23:45:00 Europe/Berlin] All tables initialized successfully
[23-Apr-2025 23:45:00 Europe/Berlin] Connected to database. Tables found: favorites, feedback, matches, matches_backup, matches_new, news, newsletter, notifications, players, subscriptions, users
[23-Apr-2025 23:45:00 Europe/Berlin] Executing SQL: CREATE TABLE IF NOT EXISTS users (
                id INT AUTO_INCREMENT PRIMARY KEY,
                username VARCHAR(50) NOT NULL UNIQUE,
                password VARCHAR(255) NOT NULL,
                email VARCHAR(100) NOT NULL UNIQUE,
                account_type ENUM('user', 'admin') DEFAULT 'user',
                created_at TIMESTAMP DEFAULT CURRENT_TIMESTAMP
            )
[23-Apr-2025 23:45:00 Europe/Berlin] With params: []
[23-Apr-2025 23:45:00 Europe/Berlin] Query executed successfully. Found 0 rows
[23-Apr-2025 23:45:00 Europe/Berlin] Users table created or already exists
[23-Apr-2025 23:45:00 Europe/Berlin] Users table structure: [{"Field":"id","Type":"int(11)","Null":"NO","Key":"PRI","Default":null,"Extra":"auto_increment"},{"Field":"username","Type":"varchar(50)","Null":"NO","Key":"","Default":null,"Extra":""},{"Field":"email","Type":"varchar(100)","Null":"NO","Key":"UNI","Default":null,"Extra":""},{"Field":"password","Type":"varchar(255)","Null":"NO","Key":"","Default":null,"Extra":""},{"Field":"role","Type":"enum('user','admin')","Null":"YES","Key":"","Default":"user","Extra":""},{"Field":"verification_code","Type":"varchar(100)","Null":"YES","Key":"","Default":null,"Extra":""},{"Field":"is_verified","Type":"tinyint(1)","Null":"YES","Key":"","Default":"0","Extra":""},{"Field":"created_at","Type":"timestamp","Null":"NO","Key":"","Default":"current_timestamp()","Extra":""},{"Field":"favorite_sport","Type":"varchar(50)","Null":"YES","Key":"","Default":null,"Extra":""},{"Field":"favorite_team","Type":"varchar(50)","Null":"YES","Key":"","Default":null,"Extra":""},{"Field":"account_type","Type":"enum('user','admin')","Null":"YES","Key":"","Default":"user","Extra":""}]
[23-Apr-2025 23:45:00 Europe/Berlin] Number of users in database: 13
[23-Apr-2025 23:45:00 Europe/Berlin] All tables initialized successfully
[23-Apr-2025 23:45:00 Europe/Berlin] Database tables initialized successfully
[23-Apr-2025 23:45:00 Europe/Berlin] Executing SQL: SELECT * FROM users WHERE id = :id
[23-Apr-2025 23:45:00 Europe/Berlin] With params: {":id":12}
[23-Apr-2025 23:45:00 Europe/Berlin] Query executed successfully. Found 1 rows
[23-Apr-2025 23:45:00 Europe/Berlin] User loaded from session: varunpndey
[23-Apr-2025 23:45:00 Europe/Berlin] Executing SQL: SELECT * FROM users WHERE id = :id
[23-Apr-2025 23:45:00 Europe/Berlin] With params: {":id":12}
[23-Apr-2025 23:45:00 Europe/Berlin] Query executed successfully. Found 1 rows
[23-Apr-2025 23:45:00 Europe/Berlin] Executing SQL: SELECT * FROM news ORDER BY created_at DESC
[23-Apr-2025 23:45:00 Europe/Berlin] With params: []
[23-Apr-2025 23:45:00 Europe/Berlin] Query executed successfully. Found 2 rows
[23-Apr-2025 23:45:00 Europe/Berlin] Executing SQL: SELECT * FROM feedback ORDER BY created_at DESC
[23-Apr-2025 23:45:00 Europe/Berlin] With params: []
[23-Apr-2025 23:45:00 Europe/Berlin] Query executed successfully. Found 7 rows
[23-Apr-2025 23:45:00 Europe/Berlin] Executing SQL: SELECT * FROM matches WHERE status = 'live'
[23-Apr-2025 23:45:00 Europe/Berlin] With params: []
[23-Apr-2025 23:45:00 Europe/Berlin] Query executed successfully. Found 1 rows
[23-Apr-2025 23:45:00 Europe/Berlin] Executing SQL: SELECT * FROM matches WHERE 1=1 ORDER BY match_time DESC
[23-Apr-2025 23:45:00 Europe/Berlin] With params: []
[23-Apr-2025 23:45:00 Europe/Berlin] Query executed successfully. Found 3 rows
[23-Apr-2025 23:45:04 Europe/Berlin] Connected to database. Tables found: favorites, feedback, matches, matches_backup, matches_new, news, newsletter, notifications, players, subscriptions, users
[23-Apr-2025 23:45:04 Europe/Berlin] Executing SQL: CREATE TABLE IF NOT EXISTS users (
                id INT AUTO_INCREMENT PRIMARY KEY,
                username VARCHAR(50) NOT NULL UNIQUE,
                password VARCHAR(255) NOT NULL,
                email VARCHAR(100) NOT NULL UNIQUE,
                account_type ENUM('user', 'admin') DEFAULT 'user',
                created_at TIMESTAMP DEFAULT CURRENT_TIMESTAMP
            )
[23-Apr-2025 23:45:04 Europe/Berlin] With params: []
[23-Apr-2025 23:45:04 Europe/Berlin] Query executed successfully. Found 0 rows
[23-Apr-2025 23:45:04 Europe/Berlin] Users table created or already exists
[23-Apr-2025 23:45:04 Europe/Berlin] Users table structure: [{"Field":"id","Type":"int(11)","Null":"NO","Key":"PRI","Default":null,"Extra":"auto_increment"},{"Field":"username","Type":"varchar(50)","Null":"NO","Key":"","Default":null,"Extra":""},{"Field":"email","Type":"varchar(100)","Null":"NO","Key":"UNI","Default":null,"Extra":""},{"Field":"password","Type":"varchar(255)","Null":"NO","Key":"","Default":null,"Extra":""},{"Field":"role","Type":"enum('user','admin')","Null":"YES","Key":"","Default":"user","Extra":""},{"Field":"verification_code","Type":"varchar(100)","Null":"YES","Key":"","Default":null,"Extra":""},{"Field":"is_verified","Type":"tinyint(1)","Null":"YES","Key":"","Default":"0","Extra":""},{"Field":"created_at","Type":"timestamp","Null":"NO","Key":"","Default":"current_timestamp()","Extra":""},{"Field":"favorite_sport","Type":"varchar(50)","Null":"YES","Key":"","Default":null,"Extra":""},{"Field":"favorite_team","Type":"varchar(50)","Null":"YES","Key":"","Default":null,"Extra":""},{"Field":"account_type","Type":"enum('user','admin')","Null":"YES","Key":"","Default":"user","Extra":""}]
[23-Apr-2025 23:45:04 Europe/Berlin] Number of users in database: 13
[23-Apr-2025 23:45:04 Europe/Berlin] All tables initialized successfully
[23-Apr-2025 23:45:04 Europe/Berlin] Connected to database. Tables found: favorites, feedback, matches, matches_backup, matches_new, news, newsletter, notifications, players, subscriptions, users
[23-Apr-2025 23:45:04 Europe/Berlin] Executing SQL: CREATE TABLE IF NOT EXISTS users (
                id INT AUTO_INCREMENT PRIMARY KEY,
                username VARCHAR(50) NOT NULL UNIQUE,
                password VARCHAR(255) NOT NULL,
                email VARCHAR(100) NOT NULL UNIQUE,
                account_type ENUM('user', 'admin') DEFAULT 'user',
                created_at TIMESTAMP DEFAULT CURRENT_TIMESTAMP
            )
[23-Apr-2025 23:45:04 Europe/Berlin] With params: []
[23-Apr-2025 23:45:04 Europe/Berlin] Query executed successfully. Found 0 rows
[23-Apr-2025 23:45:04 Europe/Berlin] Users table created or already exists
[23-Apr-2025 23:45:04 Europe/Berlin] Users table structure: [{"Field":"id","Type":"int(11)","Null":"NO","Key":"PRI","Default":null,"Extra":"auto_increment"},{"Field":"username","Type":"varchar(50)","Null":"NO","Key":"","Default":null,"Extra":""},{"Field":"email","Type":"varchar(100)","Null":"NO","Key":"UNI","Default":null,"Extra":""},{"Field":"password","Type":"varchar(255)","Null":"NO","Key":"","Default":null,"Extra":""},{"Field":"role","Type":"enum('user','admin')","Null":"YES","Key":"","Default":"user","Extra":""},{"Field":"verification_code","Type":"varchar(100)","Null":"YES","Key":"","Default":null,"Extra":""},{"Field":"is_verified","Type":"tinyint(1)","Null":"YES","Key":"","Default":"0","Extra":""},{"Field":"created_at","Type":"timestamp","Null":"NO","Key":"","Default":"current_timestamp()","Extra":""},{"Field":"favorite_sport","Type":"varchar(50)","Null":"YES","Key":"","Default":null,"Extra":""},{"Field":"favorite_team","Type":"varchar(50)","Null":"YES","Key":"","Default":null,"Extra":""},{"Field":"account_type","Type":"enum('user','admin')","Null":"YES","Key":"","Default":"user","Extra":""}]
[23-Apr-2025 23:45:04 Europe/Berlin] Number of users in database: 13
[23-Apr-2025 23:45:04 Europe/Berlin] All tables initialized successfully
[23-Apr-2025 23:45:04 Europe/Berlin] Database tables initialized successfully
[23-Apr-2025 23:45:04 Europe/Berlin] Executing SQL: SELECT * FROM users WHERE id = :id
[23-Apr-2025 23:45:04 Europe/Berlin] With params: {":id":12}
[23-Apr-2025 23:45:04 Europe/Berlin] Query executed successfully. Found 1 rows
[23-Apr-2025 23:45:04 Europe/Berlin] User loaded from session: varunpndey
[23-Apr-2025 23:45:04 Europe/Berlin] Executing SQL: SELECT * FROM users WHERE id = :id
[23-Apr-2025 23:45:04 Europe/Berlin] With params: {":id":12}
[23-Apr-2025 23:45:04 Europe/Berlin] Query executed successfully. Found 1 rows
[23-Apr-2025 23:45:04 Europe/Berlin] Executing SQL: UPDATE matches SET team1 = :team1, team2 = :team2, venue = :venue, match_time = :match_time, sport = :sport, status = :status, team1_score = :team1_score, team2_score = :team2_score WHERE id = :id
[23-Apr-2025 23:45:04 Europe/Berlin] With params: {":id":"42",":team1":"",":team2":"",":venue":"",":match_time":"",":sport":"",":status":"",":team1_score":"127",":team2_score":"0"}
[23-Apr-2025 23:45:04 Europe/Berlin] Error in executeQuery: SQLSTATE[22007]: Invalid datetime format: 1292 Incorrect datetime value: '' for column `sport_sync`.`matches`.`match_time` at row 1
[23-Apr-2025 23:45:04 Europe/Berlin] Error updating match: SQLSTATE[22007]: Invalid datetime format: 1292 Incorrect datetime value: '' for column `sport_sync`.`matches`.`match_time` at row 1
[23-Apr-2025 23:45:04 Europe/Berlin] Error updating match: Failed to update match: SQLSTATE[22007]: Invalid datetime format: 1292 Incorrect datetime value: '' for column `sport_sync`.`matches`.`match_time` at row 1
[23-Apr-2025 23:45:04 Europe/Berlin] Executing SQL: SELECT * FROM news ORDER BY created_at DESC
[23-Apr-2025 23:45:04 Europe/Berlin] With params: []
[23-Apr-2025 23:45:04 Europe/Berlin] Query executed successfully. Found 2 rows
[23-Apr-2025 23:45:04 Europe/Berlin] Executing SQL: SELECT * FROM feedback ORDER BY created_at DESC
[23-Apr-2025 23:45:04 Europe/Berlin] With params: []
[23-Apr-2025 23:45:04 Europe/Berlin] Query executed successfully. Found 7 rows
[23-Apr-2025 23:45:04 Europe/Berlin] Executing SQL: SELECT * FROM matches WHERE status = 'live'
[23-Apr-2025 23:45:04 Europe/Berlin] With params: []
[23-Apr-2025 23:45:04 Europe/Berlin] Query executed successfully. Found 1 rows
[23-Apr-2025 23:45:04 Europe/Berlin] Executing SQL: SELECT * FROM matches WHERE 1=1 ORDER BY match_time DESC
[23-Apr-2025 23:45:04 Europe/Berlin] With params: []
[23-Apr-2025 23:45:04 Europe/Berlin] Query executed successfully. Found 3 rows
[23-Apr-2025 23:45:14 Europe/Berlin] Connected to database. Tables found: favorites, feedback, matches, matches_backup, matches_new, news, newsletter, notifications, players, subscriptions, users
[23-Apr-2025 23:45:14 Europe/Berlin] Executing SQL: CREATE TABLE IF NOT EXISTS users (
                id INT AUTO_INCREMENT PRIMARY KEY,
                username VARCHAR(50) NOT NULL UNIQUE,
                password VARCHAR(255) NOT NULL,
                email VARCHAR(100) NOT NULL UNIQUE,
                account_type ENUM('user', 'admin') DEFAULT 'user',
                created_at TIMESTAMP DEFAULT CURRENT_TIMESTAMP
            )
[23-Apr-2025 23:45:14 Europe/Berlin] With params: []
[23-Apr-2025 23:45:14 Europe/Berlin] Query executed successfully. Found 0 rows
[23-Apr-2025 23:45:14 Europe/Berlin] Users table created or already exists
[23-Apr-2025 23:45:14 Europe/Berlin] Users table structure: [{"Field":"id","Type":"int(11)","Null":"NO","Key":"PRI","Default":null,"Extra":"auto_increment"},{"Field":"username","Type":"varchar(50)","Null":"NO","Key":"","Default":null,"Extra":""},{"Field":"email","Type":"varchar(100)","Null":"NO","Key":"UNI","Default":null,"Extra":""},{"Field":"password","Type":"varchar(255)","Null":"NO","Key":"","Default":null,"Extra":""},{"Field":"role","Type":"enum('user','admin')","Null":"YES","Key":"","Default":"user","Extra":""},{"Field":"verification_code","Type":"varchar(100)","Null":"YES","Key":"","Default":null,"Extra":""},{"Field":"is_verified","Type":"tinyint(1)","Null":"YES","Key":"","Default":"0","Extra":""},{"Field":"created_at","Type":"timestamp","Null":"NO","Key":"","Default":"current_timestamp()","Extra":""},{"Field":"favorite_sport","Type":"varchar(50)","Null":"YES","Key":"","Default":null,"Extra":""},{"Field":"favorite_team","Type":"varchar(50)","Null":"YES","Key":"","Default":null,"Extra":""},{"Field":"account_type","Type":"enum('user','admin')","Null":"YES","Key":"","Default":"user","Extra":""}]
[23-Apr-2025 23:45:14 Europe/Berlin] Number of users in database: 13
[23-Apr-2025 23:45:14 Europe/Berlin] All tables initialized successfully
[23-Apr-2025 23:45:14 Europe/Berlin] Connected to database. Tables found: favorites, feedback, matches, matches_backup, matches_new, news, newsletter, notifications, players, subscriptions, users
[23-Apr-2025 23:45:14 Europe/Berlin] Executing SQL: CREATE TABLE IF NOT EXISTS users (
                id INT AUTO_INCREMENT PRIMARY KEY,
                username VARCHAR(50) NOT NULL UNIQUE,
                password VARCHAR(255) NOT NULL,
                email VARCHAR(100) NOT NULL UNIQUE,
                account_type ENUM('user', 'admin') DEFAULT 'user',
                created_at TIMESTAMP DEFAULT CURRENT_TIMESTAMP
            )
[23-Apr-2025 23:45:14 Europe/Berlin] With params: []
[23-Apr-2025 23:45:14 Europe/Berlin] Query executed successfully. Found 0 rows
[23-Apr-2025 23:45:14 Europe/Berlin] Users table created or already exists
[23-Apr-2025 23:45:14 Europe/Berlin] Users table structure: [{"Field":"id","Type":"int(11)","Null":"NO","Key":"PRI","Default":null,"Extra":"auto_increment"},{"Field":"username","Type":"varchar(50)","Null":"NO","Key":"","Default":null,"Extra":""},{"Field":"email","Type":"varchar(100)","Null":"NO","Key":"UNI","Default":null,"Extra":""},{"Field":"password","Type":"varchar(255)","Null":"NO","Key":"","Default":null,"Extra":""},{"Field":"role","Type":"enum('user','admin')","Null":"YES","Key":"","Default":"user","Extra":""},{"Field":"verification_code","Type":"varchar(100)","Null":"YES","Key":"","Default":null,"Extra":""},{"Field":"is_verified","Type":"tinyint(1)","Null":"YES","Key":"","Default":"0","Extra":""},{"Field":"created_at","Type":"timestamp","Null":"NO","Key":"","Default":"current_timestamp()","Extra":""},{"Field":"favorite_sport","Type":"varchar(50)","Null":"YES","Key":"","Default":null,"Extra":""},{"Field":"favorite_team","Type":"varchar(50)","Null":"YES","Key":"","Default":null,"Extra":""},{"Field":"account_type","Type":"enum('user','admin')","Null":"YES","Key":"","Default":"user","Extra":""}]
[23-Apr-2025 23:45:14 Europe/Berlin] Number of users in database: 13
[23-Apr-2025 23:45:14 Europe/Berlin] All tables initialized successfully
[23-Apr-2025 23:45:14 Europe/Berlin] Database tables initialized successfully
[23-Apr-2025 23:45:14 Europe/Berlin] Executing SQL: SELECT * FROM users WHERE id = :id
[23-Apr-2025 23:45:14 Europe/Berlin] With params: {":id":12}
[23-Apr-2025 23:45:14 Europe/Berlin] Query executed successfully. Found 1 rows
[23-Apr-2025 23:45:14 Europe/Berlin] User loaded from session: varunpndey
[23-Apr-2025 23:45:14 Europe/Berlin] Executing SQL: SELECT * FROM users WHERE id = :id
[23-Apr-2025 23:45:14 Europe/Berlin] With params: {":id":12}
[23-Apr-2025 23:45:14 Europe/Berlin] Query executed successfully. Found 1 rows
[23-Apr-2025 23:45:14 Europe/Berlin] Executing SQL: UPDATE matches SET team1 = :team1, team2 = :team2, venue = :venue, match_time = :match_time, sport = :sport, status = :status, team1_score = :team1_score, team2_score = :team2_score, team1_wickets = :team1_wickets, team2_wickets = :team2_wickets, team1_overs = :team1_overs, team2_overs = :team2_overs WHERE id = :id
[23-Apr-2025 23:45:14 Europe/Berlin] With params: {":id":"42",":team1":"Rcb",":team2":"PBKS",":venue":"kolkata",":match_time":"2025-04-26T17:30",":sport":"cricket",":status":"live",":team1_score":"127",":team2_score":"0",":team1_wickets":"4",":team2_wickets":"0",":team1_overs":"13.2",":team2_overs":"0.0"}
[23-Apr-2025 23:45:14 Europe/Berlin] Query executed successfully. Found 0 rows
[23-Apr-2025 23:45:16 Europe/Berlin] Connected to database. Tables found: favorites, feedback, matches, matches_backup, matches_new, news, newsletter, notifications, players, subscriptions, users
[23-Apr-2025 23:45:16 Europe/Berlin] Executing SQL: CREATE TABLE IF NOT EXISTS users (
                id INT AUTO_INCREMENT PRIMARY KEY,
                username VARCHAR(50) NOT NULL UNIQUE,
                password VARCHAR(255) NOT NULL,
                email VARCHAR(100) NOT NULL UNIQUE,
                account_type ENUM('user', 'admin') DEFAULT 'user',
                created_at TIMESTAMP DEFAULT CURRENT_TIMESTAMP
            )
[23-Apr-2025 23:45:16 Europe/Berlin] With params: []
[23-Apr-2025 23:45:16 Europe/Berlin] Query executed successfully. Found 0 rows
[23-Apr-2025 23:45:16 Europe/Berlin] Users table created or already exists
[23-Apr-2025 23:45:16 Europe/Berlin] Users table structure: [{"Field":"id","Type":"int(11)","Null":"NO","Key":"PRI","Default":null,"Extra":"auto_increment"},{"Field":"username","Type":"varchar(50)","Null":"NO","Key":"","Default":null,"Extra":""},{"Field":"email","Type":"varchar(100)","Null":"NO","Key":"UNI","Default":null,"Extra":""},{"Field":"password","Type":"varchar(255)","Null":"NO","Key":"","Default":null,"Extra":""},{"Field":"role","Type":"enum('user','admin')","Null":"YES","Key":"","Default":"user","Extra":""},{"Field":"verification_code","Type":"varchar(100)","Null":"YES","Key":"","Default":null,"Extra":""},{"Field":"is_verified","Type":"tinyint(1)","Null":"YES","Key":"","Default":"0","Extra":""},{"Field":"created_at","Type":"timestamp","Null":"NO","Key":"","Default":"current_timestamp()","Extra":""},{"Field":"favorite_sport","Type":"varchar(50)","Null":"YES","Key":"","Default":null,"Extra":""},{"Field":"favorite_team","Type":"varchar(50)","Null":"YES","Key":"","Default":null,"Extra":""},{"Field":"account_type","Type":"enum('user','admin')","Null":"YES","Key":"","Default":"user","Extra":""}]
[23-Apr-2025 23:45:16 Europe/Berlin] Number of users in database: 13
[23-Apr-2025 23:45:16 Europe/Berlin] All tables initialized successfully
[23-Apr-2025 23:45:16 Europe/Berlin] Connected to database. Tables found: favorites, feedback, matches, matches_backup, matches_new, news, newsletter, notifications, players, subscriptions, users
[23-Apr-2025 23:45:16 Europe/Berlin] Executing SQL: CREATE TABLE IF NOT EXISTS users (
                id INT AUTO_INCREMENT PRIMARY KEY,
                username VARCHAR(50) NOT NULL UNIQUE,
                password VARCHAR(255) NOT NULL,
                email VARCHAR(100) NOT NULL UNIQUE,
                account_type ENUM('user', 'admin') DEFAULT 'user',
                created_at TIMESTAMP DEFAULT CURRENT_TIMESTAMP
            )
[23-Apr-2025 23:45:16 Europe/Berlin] With params: []
[23-Apr-2025 23:45:16 Europe/Berlin] Query executed successfully. Found 0 rows
[23-Apr-2025 23:45:16 Europe/Berlin] Users table created or already exists
[23-Apr-2025 23:45:16 Europe/Berlin] Users table structure: [{"Field":"id","Type":"int(11)","Null":"NO","Key":"PRI","Default":null,"Extra":"auto_increment"},{"Field":"username","Type":"varchar(50)","Null":"NO","Key":"","Default":null,"Extra":""},{"Field":"email","Type":"varchar(100)","Null":"NO","Key":"UNI","Default":null,"Extra":""},{"Field":"password","Type":"varchar(255)","Null":"NO","Key":"","Default":null,"Extra":""},{"Field":"role","Type":"enum('user','admin')","Null":"YES","Key":"","Default":"user","Extra":""},{"Field":"verification_code","Type":"varchar(100)","Null":"YES","Key":"","Default":null,"Extra":""},{"Field":"is_verified","Type":"tinyint(1)","Null":"YES","Key":"","Default":"0","Extra":""},{"Field":"created_at","Type":"timestamp","Null":"NO","Key":"","Default":"current_timestamp()","Extra":""},{"Field":"favorite_sport","Type":"varchar(50)","Null":"YES","Key":"","Default":null,"Extra":""},{"Field":"favorite_team","Type":"varchar(50)","Null":"YES","Key":"","Default":null,"Extra":""},{"Field":"account_type","Type":"enum('user','admin')","Null":"YES","Key":"","Default":"user","Extra":""}]
[23-Apr-2025 23:45:16 Europe/Berlin] Number of users in database: 13
[23-Apr-2025 23:45:16 Europe/Berlin] All tables initialized successfully
[23-Apr-2025 23:45:16 Europe/Berlin] Database tables initialized successfully
[23-Apr-2025 23:45:16 Europe/Berlin] Executing SQL: SELECT * FROM users WHERE id = :id
[23-Apr-2025 23:45:16 Europe/Berlin] With params: {":id":12}
[23-Apr-2025 23:45:16 Europe/Berlin] Query executed successfully. Found 1 rows
[23-Apr-2025 23:45:16 Europe/Berlin] User loaded from session: varunpndey
[23-Apr-2025 23:45:16 Europe/Berlin] Executing SQL: SELECT * FROM users WHERE id = :id
[23-Apr-2025 23:45:16 Europe/Berlin] With params: {":id":12}
[23-Apr-2025 23:45:16 Europe/Berlin] Query executed successfully. Found 1 rows
[23-Apr-2025 23:45:16 Europe/Berlin] Executing SQL: UPDATE matches SET team1 = :team1, team2 = :team2, venue = :venue, match_time = :match_time, sport = :sport, status = :status, team1_score = :team1_score, team2_score = :team2_score WHERE id = :id
[23-Apr-2025 23:45:16 Europe/Berlin] With params: {":id":"42",":team1":"",":team2":"",":venue":"",":match_time":"",":sport":"",":status":"",":team1_score":"127",":team2_score":"0"}
[23-Apr-2025 23:45:16 Europe/Berlin] Error in executeQuery: SQLSTATE[22007]: Invalid datetime format: 1292 Incorrect datetime value: '' for column `sport_sync`.`matches`.`match_time` at row 1
[23-Apr-2025 23:45:16 Europe/Berlin] Error updating match: SQLSTATE[22007]: Invalid datetime format: 1292 Incorrect datetime value: '' for column `sport_sync`.`matches`.`match_time` at row 1
[23-Apr-2025 23:45:16 Europe/Berlin] Error updating match: Failed to update match: SQLSTATE[22007]: Invalid datetime format: 1292 Incorrect datetime value: '' for column `sport_sync`.`matches`.`match_time` at row 1
[23-Apr-2025 23:45:16 Europe/Berlin] Executing SQL: SELECT * FROM news ORDER BY created_at DESC
[23-Apr-2025 23:45:16 Europe/Berlin] With params: []
[23-Apr-2025 23:45:16 Europe/Berlin] Query executed successfully. Found 2 rows
[23-Apr-2025 23:45:16 Europe/Berlin] Executing SQL: SELECT * FROM feedback ORDER BY created_at DESC
[23-Apr-2025 23:45:16 Europe/Berlin] With params: []
[23-Apr-2025 23:45:16 Europe/Berlin] Query executed successfully. Found 7 rows
[23-Apr-2025 23:45:16 Europe/Berlin] Executing SQL: SELECT * FROM matches WHERE status = 'live'
[23-Apr-2025 23:45:16 Europe/Berlin] With params: []
[23-Apr-2025 23:45:16 Europe/Berlin] Query executed successfully. Found 1 rows
[23-Apr-2025 23:45:16 Europe/Berlin] Executing SQL: SELECT * FROM matches WHERE 1=1 ORDER BY match_time DESC
[23-Apr-2025 23:45:16 Europe/Berlin] With params: []
[23-Apr-2025 23:45:16 Europe/Berlin] Query executed successfully. Found 3 rows
[23-Apr-2025 23:45:33 Europe/Berlin] Connected to database. Tables found: favorites, feedback, matches, matches_backup, matches_new, news, newsletter, notifications, players, subscriptions, users
[23-Apr-2025 23:45:33 Europe/Berlin] Executing SQL: CREATE TABLE IF NOT EXISTS users (
                id INT AUTO_INCREMENT PRIMARY KEY,
                username VARCHAR(50) NOT NULL UNIQUE,
                password VARCHAR(255) NOT NULL,
                email VARCHAR(100) NOT NULL UNIQUE,
                account_type ENUM('user', 'admin') DEFAULT 'user',
                created_at TIMESTAMP DEFAULT CURRENT_TIMESTAMP
            )
[23-Apr-2025 23:45:33 Europe/Berlin] With params: []
[23-Apr-2025 23:45:33 Europe/Berlin] Query executed successfully. Found 0 rows
[23-Apr-2025 23:45:33 Europe/Berlin] Users table created or already exists
[23-Apr-2025 23:45:33 Europe/Berlin] Users table structure: [{"Field":"id","Type":"int(11)","Null":"NO","Key":"PRI","Default":null,"Extra":"auto_increment"},{"Field":"username","Type":"varchar(50)","Null":"NO","Key":"","Default":null,"Extra":""},{"Field":"email","Type":"varchar(100)","Null":"NO","Key":"UNI","Default":null,"Extra":""},{"Field":"password","Type":"varchar(255)","Null":"NO","Key":"","Default":null,"Extra":""},{"Field":"role","Type":"enum('user','admin')","Null":"YES","Key":"","Default":"user","Extra":""},{"Field":"verification_code","Type":"varchar(100)","Null":"YES","Key":"","Default":null,"Extra":""},{"Field":"is_verified","Type":"tinyint(1)","Null":"YES","Key":"","Default":"0","Extra":""},{"Field":"created_at","Type":"timestamp","Null":"NO","Key":"","Default":"current_timestamp()","Extra":""},{"Field":"favorite_sport","Type":"varchar(50)","Null":"YES","Key":"","Default":null,"Extra":""},{"Field":"favorite_team","Type":"varchar(50)","Null":"YES","Key":"","Default":null,"Extra":""},{"Field":"account_type","Type":"enum('user','admin')","Null":"YES","Key":"","Default":"user","Extra":""}]
[23-Apr-2025 23:45:33 Europe/Berlin] Number of users in database: 13
[23-Apr-2025 23:45:33 Europe/Berlin] All tables initialized successfully
[23-Apr-2025 23:45:33 Europe/Berlin] Connected to database. Tables found: favorites, feedback, matches, matches_backup, matches_new, news, newsletter, notifications, players, subscriptions, users
[23-Apr-2025 23:45:33 Europe/Berlin] Executing SQL: CREATE TABLE IF NOT EXISTS users (
                id INT AUTO_INCREMENT PRIMARY KEY,
                username VARCHAR(50) NOT NULL UNIQUE,
                password VARCHAR(255) NOT NULL,
                email VARCHAR(100) NOT NULL UNIQUE,
                account_type ENUM('user', 'admin') DEFAULT 'user',
                created_at TIMESTAMP DEFAULT CURRENT_TIMESTAMP
            )
[23-Apr-2025 23:45:33 Europe/Berlin] With params: []
[23-Apr-2025 23:45:33 Europe/Berlin] Query executed successfully. Found 0 rows
[23-Apr-2025 23:45:33 Europe/Berlin] Users table created or already exists
[23-Apr-2025 23:45:33 Europe/Berlin] Users table structure: [{"Field":"id","Type":"int(11)","Null":"NO","Key":"PRI","Default":null,"Extra":"auto_increment"},{"Field":"username","Type":"varchar(50)","Null":"NO","Key":"","Default":null,"Extra":""},{"Field":"email","Type":"varchar(100)","Null":"NO","Key":"UNI","Default":null,"Extra":""},{"Field":"password","Type":"varchar(255)","Null":"NO","Key":"","Default":null,"Extra":""},{"Field":"role","Type":"enum('user','admin')","Null":"YES","Key":"","Default":"user","Extra":""},{"Field":"verification_code","Type":"varchar(100)","Null":"YES","Key":"","Default":null,"Extra":""},{"Field":"is_verified","Type":"tinyint(1)","Null":"YES","Key":"","Default":"0","Extra":""},{"Field":"created_at","Type":"timestamp","Null":"NO","Key":"","Default":"current_timestamp()","Extra":""},{"Field":"favorite_sport","Type":"varchar(50)","Null":"YES","Key":"","Default":null,"Extra":""},{"Field":"favorite_team","Type":"varchar(50)","Null":"YES","Key":"","Default":null,"Extra":""},{"Field":"account_type","Type":"enum('user','admin')","Null":"YES","Key":"","Default":"user","Extra":""}]
[23-Apr-2025 23:45:33 Europe/Berlin] Number of users in database: 13
[23-Apr-2025 23:45:33 Europe/Berlin] All tables initialized successfully
[23-Apr-2025 23:45:33 Europe/Berlin] Database tables initialized successfully
[23-Apr-2025 23:45:33 Europe/Berlin] Executing SQL: SELECT * FROM users WHERE id = :id
[23-Apr-2025 23:45:33 Europe/Berlin] With params: {":id":12}
[23-Apr-2025 23:45:33 Europe/Berlin] Query executed successfully. Found 1 rows
[23-Apr-2025 23:45:33 Europe/Berlin] User loaded from session: varunpndey
[23-Apr-2025 23:45:33 Europe/Berlin] Executing SQL: SELECT * FROM users WHERE id = :id
[23-Apr-2025 23:45:33 Europe/Berlin] With params: {":id":12}
[23-Apr-2025 23:45:33 Europe/Berlin] Query executed successfully. Found 1 rows
[23-Apr-2025 23:45:33 Europe/Berlin] Executing SQL: UPDATE matches SET team1 = :team1, team2 = :team2, venue = :venue, match_time = :match_time, sport = :sport, status = :status, team1_score = :team1_score, team2_score = :team2_score, team1_wickets = :team1_wickets, team2_wickets = :team2_wickets, team1_overs = :team1_overs, team2_overs = :team2_overs WHERE id = :id
[23-Apr-2025 23:45:33 Europe/Berlin] With params: {":id":"42",":team1":"Rcb",":team2":"PBKS",":venue":"kolkata",":match_time":"2025-04-26T12:00",":sport":"cricket",":status":"live",":team1_score":"130",":team2_score":"0",":team1_wickets":"5",":team2_wickets":"0",":team1_overs":"14.4",":team2_overs":"0.0"}
[23-Apr-2025 23:45:33 Europe/Berlin] Query executed successfully. Found 0 rows
[23-Apr-2025 23:45:34 Europe/Berlin] Connected to database. Tables found: favorites, feedback, matches, matches_backup, matches_new, news, newsletter, notifications, players, subscriptions, users
[23-Apr-2025 23:45:34 Europe/Berlin] Executing SQL: CREATE TABLE IF NOT EXISTS users (
                id INT AUTO_INCREMENT PRIMARY KEY,
                username VARCHAR(50) NOT NULL UNIQUE,
                password VARCHAR(255) NOT NULL,
                email VARCHAR(100) NOT NULL UNIQUE,
                account_type ENUM('user', 'admin') DEFAULT 'user',
                created_at TIMESTAMP DEFAULT CURRENT_TIMESTAMP
            )
[23-Apr-2025 23:45:34 Europe/Berlin] With params: []
[23-Apr-2025 23:45:34 Europe/Berlin] Query executed successfully. Found 0 rows
[23-Apr-2025 23:45:34 Europe/Berlin] Users table created or already exists
[23-Apr-2025 23:45:34 Europe/Berlin] Users table structure: [{"Field":"id","Type":"int(11)","Null":"NO","Key":"PRI","Default":null,"Extra":"auto_increment"},{"Field":"username","Type":"varchar(50)","Null":"NO","Key":"","Default":null,"Extra":""},{"Field":"email","Type":"varchar(100)","Null":"NO","Key":"UNI","Default":null,"Extra":""},{"Field":"password","Type":"varchar(255)","Null":"NO","Key":"","Default":null,"Extra":""},{"Field":"role","Type":"enum('user','admin')","Null":"YES","Key":"","Default":"user","Extra":""},{"Field":"verification_code","Type":"varchar(100)","Null":"YES","Key":"","Default":null,"Extra":""},{"Field":"is_verified","Type":"tinyint(1)","Null":"YES","Key":"","Default":"0","Extra":""},{"Field":"created_at","Type":"timestamp","Null":"NO","Key":"","Default":"current_timestamp()","Extra":""},{"Field":"favorite_sport","Type":"varchar(50)","Null":"YES","Key":"","Default":null,"Extra":""},{"Field":"favorite_team","Type":"varchar(50)","Null":"YES","Key":"","Default":null,"Extra":""},{"Field":"account_type","Type":"enum('user','admin')","Null":"YES","Key":"","Default":"user","Extra":""}]
[23-Apr-2025 23:45:34 Europe/Berlin] Number of users in database: 13
[23-Apr-2025 23:45:34 Europe/Berlin] All tables initialized successfully
[23-Apr-2025 23:45:34 Europe/Berlin] Connected to database. Tables found: favorites, feedback, matches, matches_backup, matches_new, news, newsletter, notifications, players, subscriptions, users
[23-Apr-2025 23:45:34 Europe/Berlin] Executing SQL: CREATE TABLE IF NOT EXISTS users (
                id INT AUTO_INCREMENT PRIMARY KEY,
                username VARCHAR(50) NOT NULL UNIQUE,
                password VARCHAR(255) NOT NULL,
                email VARCHAR(100) NOT NULL UNIQUE,
                account_type ENUM('user', 'admin') DEFAULT 'user',
                created_at TIMESTAMP DEFAULT CURRENT_TIMESTAMP
            )
[23-Apr-2025 23:45:34 Europe/Berlin] With params: []
[23-Apr-2025 23:45:34 Europe/Berlin] Query executed successfully. Found 0 rows
[23-Apr-2025 23:45:34 Europe/Berlin] Users table created or already exists
[23-Apr-2025 23:45:34 Europe/Berlin] Users table structure: [{"Field":"id","Type":"int(11)","Null":"NO","Key":"PRI","Default":null,"Extra":"auto_increment"},{"Field":"username","Type":"varchar(50)","Null":"NO","Key":"","Default":null,"Extra":""},{"Field":"email","Type":"varchar(100)","Null":"NO","Key":"UNI","Default":null,"Extra":""},{"Field":"password","Type":"varchar(255)","Null":"NO","Key":"","Default":null,"Extra":""},{"Field":"role","Type":"enum('user','admin')","Null":"YES","Key":"","Default":"user","Extra":""},{"Field":"verification_code","Type":"varchar(100)","Null":"YES","Key":"","Default":null,"Extra":""},{"Field":"is_verified","Type":"tinyint(1)","Null":"YES","Key":"","Default":"0","Extra":""},{"Field":"created_at","Type":"timestamp","Null":"NO","Key":"","Default":"current_timestamp()","Extra":""},{"Field":"favorite_sport","Type":"varchar(50)","Null":"YES","Key":"","Default":null,"Extra":""},{"Field":"favorite_team","Type":"varchar(50)","Null":"YES","Key":"","Default":null,"Extra":""},{"Field":"account_type","Type":"enum('user','admin')","Null":"YES","Key":"","Default":"user","Extra":""}]
[23-Apr-2025 23:45:34 Europe/Berlin] Number of users in database: 13
[23-Apr-2025 23:45:34 Europe/Berlin] All tables initialized successfully
[23-Apr-2025 23:45:34 Europe/Berlin] Database tables initialized successfully
[23-Apr-2025 23:45:34 Europe/Berlin] Executing SQL: SELECT * FROM users WHERE id = :id
[23-Apr-2025 23:45:34 Europe/Berlin] With params: {":id":12}
[23-Apr-2025 23:45:34 Europe/Berlin] Query executed successfully. Found 1 rows
[23-Apr-2025 23:45:34 Europe/Berlin] User loaded from session: varunpndey
[23-Apr-2025 23:45:34 Europe/Berlin] Executing SQL: SELECT * FROM users WHERE id = :id
[23-Apr-2025 23:45:34 Europe/Berlin] With params: {":id":12}
[23-Apr-2025 23:45:34 Europe/Berlin] Query executed successfully. Found 1 rows
[23-Apr-2025 23:45:34 Europe/Berlin] Executing SQL: UPDATE matches SET team1 = :team1, team2 = :team2, venue = :venue, match_time = :match_time, sport = :sport, status = :status, team1_score = :team1_score, team2_score = :team2_score WHERE id = :id
[23-Apr-2025 23:45:34 Europe/Berlin] With params: {":id":"42",":team1":"",":team2":"",":venue":"",":match_time":"",":sport":"",":status":"",":team1_score":"127",":team2_score":"0"}
[23-Apr-2025 23:45:34 Europe/Berlin] Error in executeQuery: SQLSTATE[22007]: Invalid datetime format: 1292 Incorrect datetime value: '' for column `sport_sync`.`matches`.`match_time` at row 1
[23-Apr-2025 23:45:34 Europe/Berlin] Error updating match: SQLSTATE[22007]: Invalid datetime format: 1292 Incorrect datetime value: '' for column `sport_sync`.`matches`.`match_time` at row 1
[23-Apr-2025 23:45:34 Europe/Berlin] Error updating match: Failed to update match: SQLSTATE[22007]: Invalid datetime format: 1292 Incorrect datetime value: '' for column `sport_sync`.`matches`.`match_time` at row 1
[23-Apr-2025 23:45:34 Europe/Berlin] Executing SQL: SELECT * FROM news ORDER BY created_at DESC
[23-Apr-2025 23:45:34 Europe/Berlin] With params: []
[23-Apr-2025 23:45:34 Europe/Berlin] Query executed successfully. Found 2 rows
[23-Apr-2025 23:45:34 Europe/Berlin] Executing SQL: SELECT * FROM feedback ORDER BY created_at DESC
[23-Apr-2025 23:45:34 Europe/Berlin] With params: []
[23-Apr-2025 23:45:34 Europe/Berlin] Query executed successfully. Found 7 rows
[23-Apr-2025 23:45:34 Europe/Berlin] Executing SQL: SELECT * FROM matches WHERE status = 'live'
[23-Apr-2025 23:45:34 Europe/Berlin] With params: []
[23-Apr-2025 23:45:34 Europe/Berlin] Query executed successfully. Found 1 rows
[23-Apr-2025 23:45:34 Europe/Berlin] Executing SQL: SELECT * FROM matches WHERE 1=1 ORDER BY match_time DESC
[23-Apr-2025 23:45:34 Europe/Berlin] With params: []
[23-Apr-2025 23:45:34 Europe/Berlin] Query executed successfully. Found 3 rows
[23-Apr-2025 23:45:38 Europe/Berlin] Connected to database. Tables found: favorites, feedback, matches, matches_backup, matches_new, news, newsletter, notifications, players, subscriptions, users
[23-Apr-2025 23:45:38 Europe/Berlin] Executing SQL: CREATE TABLE IF NOT EXISTS users (
                id INT AUTO_INCREMENT PRIMARY KEY,
                username VARCHAR(50) NOT NULL UNIQUE,
                password VARCHAR(255) NOT NULL,
                email VARCHAR(100) NOT NULL UNIQUE,
                account_type ENUM('user', 'admin') DEFAULT 'user',
                created_at TIMESTAMP DEFAULT CURRENT_TIMESTAMP
            )
[23-Apr-2025 23:45:38 Europe/Berlin] With params: []
[23-Apr-2025 23:45:38 Europe/Berlin] Query executed successfully. Found 0 rows
[23-Apr-2025 23:45:38 Europe/Berlin] Users table created or already exists
[23-Apr-2025 23:45:38 Europe/Berlin] Users table structure: [{"Field":"id","Type":"int(11)","Null":"NO","Key":"PRI","Default":null,"Extra":"auto_increment"},{"Field":"username","Type":"varchar(50)","Null":"NO","Key":"","Default":null,"Extra":""},{"Field":"email","Type":"varchar(100)","Null":"NO","Key":"UNI","Default":null,"Extra":""},{"Field":"password","Type":"varchar(255)","Null":"NO","Key":"","Default":null,"Extra":""},{"Field":"role","Type":"enum('user','admin')","Null":"YES","Key":"","Default":"user","Extra":""},{"Field":"verification_code","Type":"varchar(100)","Null":"YES","Key":"","Default":null,"Extra":""},{"Field":"is_verified","Type":"tinyint(1)","Null":"YES","Key":"","Default":"0","Extra":""},{"Field":"created_at","Type":"timestamp","Null":"NO","Key":"","Default":"current_timestamp()","Extra":""},{"Field":"favorite_sport","Type":"varchar(50)","Null":"YES","Key":"","Default":null,"Extra":""},{"Field":"favorite_team","Type":"varchar(50)","Null":"YES","Key":"","Default":null,"Extra":""},{"Field":"account_type","Type":"enum('user','admin')","Null":"YES","Key":"","Default":"user","Extra":""}]
[23-Apr-2025 23:45:38 Europe/Berlin] Number of users in database: 13
[23-Apr-2025 23:45:38 Europe/Berlin] All tables initialized successfully
[23-Apr-2025 23:45:38 Europe/Berlin] Connected to database. Tables found: favorites, feedback, matches, matches_backup, matches_new, news, newsletter, notifications, players, subscriptions, users
[23-Apr-2025 23:45:38 Europe/Berlin] Executing SQL: CREATE TABLE IF NOT EXISTS users (
                id INT AUTO_INCREMENT PRIMARY KEY,
                username VARCHAR(50) NOT NULL UNIQUE,
                password VARCHAR(255) NOT NULL,
                email VARCHAR(100) NOT NULL UNIQUE,
                account_type ENUM('user', 'admin') DEFAULT 'user',
                created_at TIMESTAMP DEFAULT CURRENT_TIMESTAMP
            )
[23-Apr-2025 23:45:38 Europe/Berlin] With params: []
[23-Apr-2025 23:45:38 Europe/Berlin] Query executed successfully. Found 0 rows
[23-Apr-2025 23:45:38 Europe/Berlin] Users table created or already exists
[23-Apr-2025 23:45:38 Europe/Berlin] Users table structure: [{"Field":"id","Type":"int(11)","Null":"NO","Key":"PRI","Default":null,"Extra":"auto_increment"},{"Field":"username","Type":"varchar(50)","Null":"NO","Key":"","Default":null,"Extra":""},{"Field":"email","Type":"varchar(100)","Null":"NO","Key":"UNI","Default":null,"Extra":""},{"Field":"password","Type":"varchar(255)","Null":"NO","Key":"","Default":null,"Extra":""},{"Field":"role","Type":"enum('user','admin')","Null":"YES","Key":"","Default":"user","Extra":""},{"Field":"verification_code","Type":"varchar(100)","Null":"YES","Key":"","Default":null,"Extra":""},{"Field":"is_verified","Type":"tinyint(1)","Null":"YES","Key":"","Default":"0","Extra":""},{"Field":"created_at","Type":"timestamp","Null":"NO","Key":"","Default":"current_timestamp()","Extra":""},{"Field":"favorite_sport","Type":"varchar(50)","Null":"YES","Key":"","Default":null,"Extra":""},{"Field":"favorite_team","Type":"varchar(50)","Null":"YES","Key":"","Default":null,"Extra":""},{"Field":"account_type","Type":"enum('user','admin')","Null":"YES","Key":"","Default":"user","Extra":""}]
[23-Apr-2025 23:45:38 Europe/Berlin] Number of users in database: 13
[23-Apr-2025 23:45:38 Europe/Berlin] All tables initialized successfully
[23-Apr-2025 23:45:38 Europe/Berlin] Database tables initialized successfully
[23-Apr-2025 23:45:38 Europe/Berlin] Executing SQL: SELECT * FROM users WHERE id = :id
[23-Apr-2025 23:45:38 Europe/Berlin] With params: {":id":12}
[23-Apr-2025 23:45:38 Europe/Berlin] Query executed successfully. Found 1 rows
[23-Apr-2025 23:45:38 Europe/Berlin] User loaded from session: varunpndey
[23-Apr-2025 23:45:38 Europe/Berlin] Header - Session status: 2
[23-Apr-2025 23:45:38 Europe/Berlin] Header - Session data: {"user_id":12,"username":"varunpndey","email":"va@gmail.com","account_type":"admin"}
[23-Apr-2025 23:45:38 Europe/Berlin] Header - After session start - Status: 2
[23-Apr-2025 23:45:38 Europe/Berlin] Header - After session start - Data: {"user_id":12,"username":"varunpndey","email":"va@gmail.com","account_type":"admin"}
[23-Apr-2025 23:45:38 Europe/Berlin] Header - Is logged in: Yes
[23-Apr-2025 23:45:38 Europe/Berlin] Executing SQL: SELECT * FROM news ORDER BY created_at DESC LIMIT 5
[23-Apr-2025 23:45:38 Europe/Berlin] With params: []
[23-Apr-2025 23:45:38 Europe/Berlin] Query executed successfully. Found 2 rows
[23-Apr-2025 23:45:38 Europe/Berlin] Executing SQL: SELECT * FROM matches WHERE status = 'live'
[23-Apr-2025 23:45:38 Europe/Berlin] With params: []
[23-Apr-2025 23:45:38 Europe/Berlin] Query executed successfully. Found 1 rows
[23-Apr-2025 23:45:38 Europe/Berlin] Executing SQL: SELECT COUNT(*) as count FROM favorites 
                    WHERE user_id = :user_id AND match_id = :match_id
[23-Apr-2025 23:45:38 Europe/Berlin] With params: {":user_id":12,":match_id":42}
[23-Apr-2025 23:45:38 Europe/Berlin] Query executed successfully. Found 1 rows
[23-Apr-2025 23:45:39 Europe/Berlin] Connected to database. Tables found: favorites, feedback, matches, matches_backup, matches_new, news, newsletter, notifications, players, subscriptions, users
[23-Apr-2025 23:45:39 Europe/Berlin] Executing SQL: CREATE TABLE IF NOT EXISTS users (
                id INT AUTO_INCREMENT PRIMARY KEY,
                username VARCHAR(50) NOT NULL UNIQUE,
                password VARCHAR(255) NOT NULL,
                email VARCHAR(100) NOT NULL UNIQUE,
                account_type ENUM('user', 'admin') DEFAULT 'user',
                created_at TIMESTAMP DEFAULT CURRENT_TIMESTAMP
            )
[23-Apr-2025 23:45:39 Europe/Berlin] With params: []
[23-Apr-2025 23:45:39 Europe/Berlin] Query executed successfully. Found 0 rows
[23-Apr-2025 23:45:39 Europe/Berlin] Users table created or already exists
[23-Apr-2025 23:45:39 Europe/Berlin] Users table structure: [{"Field":"id","Type":"int(11)","Null":"NO","Key":"PRI","Default":null,"Extra":"auto_increment"},{"Field":"username","Type":"varchar(50)","Null":"NO","Key":"","Default":null,"Extra":""},{"Field":"email","Type":"varchar(100)","Null":"NO","Key":"UNI","Default":null,"Extra":""},{"Field":"password","Type":"varchar(255)","Null":"NO","Key":"","Default":null,"Extra":""},{"Field":"role","Type":"enum('user','admin')","Null":"YES","Key":"","Default":"user","Extra":""},{"Field":"verification_code","Type":"varchar(100)","Null":"YES","Key":"","Default":null,"Extra":""},{"Field":"is_verified","Type":"tinyint(1)","Null":"YES","Key":"","Default":"0","Extra":""},{"Field":"created_at","Type":"timestamp","Null":"NO","Key":"","Default":"current_timestamp()","Extra":""},{"Field":"favorite_sport","Type":"varchar(50)","Null":"YES","Key":"","Default":null,"Extra":""},{"Field":"favorite_team","Type":"varchar(50)","Null":"YES","Key":"","Default":null,"Extra":""},{"Field":"account_type","Type":"enum('user','admin')","Null":"YES","Key":"","Default":"user","Extra":""}]
[23-Apr-2025 23:45:39 Europe/Berlin] Number of users in database: 13
[23-Apr-2025 23:45:39 Europe/Berlin] All tables initialized successfully
[23-Apr-2025 23:45:39 Europe/Berlin] Connected to database. Tables found: favorites, feedback, matches, matches_backup, matches_new, news, newsletter, notifications, players, subscriptions, users
[23-Apr-2025 23:45:39 Europe/Berlin] Executing SQL: CREATE TABLE IF NOT EXISTS users (
                id INT AUTO_INCREMENT PRIMARY KEY,
                username VARCHAR(50) NOT NULL UNIQUE,
                password VARCHAR(255) NOT NULL,
                email VARCHAR(100) NOT NULL UNIQUE,
                account_type ENUM('user', 'admin') DEFAULT 'user',
                created_at TIMESTAMP DEFAULT CURRENT_TIMESTAMP
            )
[23-Apr-2025 23:45:39 Europe/Berlin] With params: []
[23-Apr-2025 23:45:39 Europe/Berlin] Query executed successfully. Found 0 rows
[23-Apr-2025 23:45:39 Europe/Berlin] Users table created or already exists
[23-Apr-2025 23:45:39 Europe/Berlin] Users table structure: [{"Field":"id","Type":"int(11)","Null":"NO","Key":"PRI","Default":null,"Extra":"auto_increment"},{"Field":"username","Type":"varchar(50)","Null":"NO","Key":"","Default":null,"Extra":""},{"Field":"email","Type":"varchar(100)","Null":"NO","Key":"UNI","Default":null,"Extra":""},{"Field":"password","Type":"varchar(255)","Null":"NO","Key":"","Default":null,"Extra":""},{"Field":"role","Type":"enum('user','admin')","Null":"YES","Key":"","Default":"user","Extra":""},{"Field":"verification_code","Type":"varchar(100)","Null":"YES","Key":"","Default":null,"Extra":""},{"Field":"is_verified","Type":"tinyint(1)","Null":"YES","Key":"","Default":"0","Extra":""},{"Field":"created_at","Type":"timestamp","Null":"NO","Key":"","Default":"current_timestamp()","Extra":""},{"Field":"favorite_sport","Type":"varchar(50)","Null":"YES","Key":"","Default":null,"Extra":""},{"Field":"favorite_team","Type":"varchar(50)","Null":"YES","Key":"","Default":null,"Extra":""},{"Field":"account_type","Type":"enum('user','admin')","Null":"YES","Key":"","Default":"user","Extra":""}]
[23-Apr-2025 23:45:39 Europe/Berlin] Number of users in database: 13
[23-Apr-2025 23:45:39 Europe/Berlin] All tables initialized successfully
[23-Apr-2025 23:45:39 Europe/Berlin] Database tables initialized successfully
[23-Apr-2025 23:45:39 Europe/Berlin] Executing SQL: SELECT * FROM users WHERE id = :id
[23-Apr-2025 23:45:39 Europe/Berlin] With params: {":id":12}
[23-Apr-2025 23:45:39 Europe/Berlin] Query executed successfully. Found 1 rows
[23-Apr-2025 23:45:39 Europe/Berlin] User loaded from session: varunpndey
[23-Apr-2025 23:45:39 Europe/Berlin] Header - Session status: 2
[23-Apr-2025 23:45:39 Europe/Berlin] Header - Session data: {"user_id":12,"username":"varunpndey","email":"va@gmail.com","account_type":"admin"}
[23-Apr-2025 23:45:39 Europe/Berlin] Header - After session start - Status: 2
[23-Apr-2025 23:45:39 Europe/Berlin] Header - After session start - Data: {"user_id":12,"username":"varunpndey","email":"va@gmail.com","account_type":"admin"}
[23-Apr-2025 23:45:39 Europe/Berlin] Header - Is logged in: Yes
[23-Apr-2025 23:45:39 Europe/Berlin] Executing SQL: SELECT * FROM matches WHERE sport = :sport ORDER BY match_time DESC
[23-Apr-2025 23:45:39 Europe/Berlin] With params: {":sport":"cricket"}
[23-Apr-2025 23:45:39 Europe/Berlin] Query executed successfully. Found 2 rows
[23-Apr-2025 23:45:39 Europe/Berlin] Executing SQL: SELECT * FROM matches WHERE sport = :sport AND status = :status
[23-Apr-2025 23:45:39 Europe/Berlin] With params: {":sport":"cricket",":status":"live"}
[23-Apr-2025 23:45:39 Europe/Berlin] Query executed successfully. Found 1 rows
[23-Apr-2025 23:45:39 Europe/Berlin] Executing SQL: SELECT COUNT(*) as count FROM favorites 
                    WHERE user_id = :user_id AND match_id = :match_id
[23-Apr-2025 23:45:39 Europe/Berlin] With params: {":user_id":12,":match_id":38}
[23-Apr-2025 23:45:39 Europe/Berlin] Query executed successfully. Found 1 rows
[23-Apr-2025 23:45:39 Europe/Berlin] Executing SQL: SELECT COUNT(*) as count FROM favorites 
                    WHERE user_id = :user_id AND match_id = :match_id
[23-Apr-2025 23:45:39 Europe/Berlin] With params: {":user_id":12,":match_id":42}
[23-Apr-2025 23:45:39 Europe/Berlin] Query executed successfully. Found 1 rows
[23-Apr-2025 23:45:42 Europe/Berlin] Connected to database. Tables found: favorites, feedback, matches, matches_backup, matches_new, news, newsletter, notifications, players, subscriptions, users
[23-Apr-2025 23:45:42 Europe/Berlin] Executing SQL: CREATE TABLE IF NOT EXISTS users (
                id INT AUTO_INCREMENT PRIMARY KEY,
                username VARCHAR(50) NOT NULL UNIQUE,
                password VARCHAR(255) NOT NULL,
                email VARCHAR(100) NOT NULL UNIQUE,
                account_type ENUM('user', 'admin') DEFAULT 'user',
                created_at TIMESTAMP DEFAULT CURRENT_TIMESTAMP
            )
[23-Apr-2025 23:45:42 Europe/Berlin] With params: []
[23-Apr-2025 23:45:42 Europe/Berlin] Query executed successfully. Found 0 rows
[23-Apr-2025 23:45:42 Europe/Berlin] Users table created or already exists
[23-Apr-2025 23:45:42 Europe/Berlin] Users table structure: [{"Field":"id","Type":"int(11)","Null":"NO","Key":"PRI","Default":null,"Extra":"auto_increment"},{"Field":"username","Type":"varchar(50)","Null":"NO","Key":"","Default":null,"Extra":""},{"Field":"email","Type":"varchar(100)","Null":"NO","Key":"UNI","Default":null,"Extra":""},{"Field":"password","Type":"varchar(255)","Null":"NO","Key":"","Default":null,"Extra":""},{"Field":"role","Type":"enum('user','admin')","Null":"YES","Key":"","Default":"user","Extra":""},{"Field":"verification_code","Type":"varchar(100)","Null":"YES","Key":"","Default":null,"Extra":""},{"Field":"is_verified","Type":"tinyint(1)","Null":"YES","Key":"","Default":"0","Extra":""},{"Field":"created_at","Type":"timestamp","Null":"NO","Key":"","Default":"current_timestamp()","Extra":""},{"Field":"favorite_sport","Type":"varchar(50)","Null":"YES","Key":"","Default":null,"Extra":""},{"Field":"favorite_team","Type":"varchar(50)","Null":"YES","Key":"","Default":null,"Extra":""},{"Field":"account_type","Type":"enum('user','admin')","Null":"YES","Key":"","Default":"user","Extra":""}]
[23-Apr-2025 23:45:42 Europe/Berlin] Number of users in database: 13
[23-Apr-2025 23:45:42 Europe/Berlin] All tables initialized successfully
[23-Apr-2025 23:45:42 Europe/Berlin] Connected to database. Tables found: favorites, feedback, matches, matches_backup, matches_new, news, newsletter, notifications, players, subscriptions, users
[23-Apr-2025 23:45:42 Europe/Berlin] Executing SQL: CREATE TABLE IF NOT EXISTS users (
                id INT AUTO_INCREMENT PRIMARY KEY,
                username VARCHAR(50) NOT NULL UNIQUE,
                password VARCHAR(255) NOT NULL,
                email VARCHAR(100) NOT NULL UNIQUE,
                account_type ENUM('user', 'admin') DEFAULT 'user',
                created_at TIMESTAMP DEFAULT CURRENT_TIMESTAMP
            )
[23-Apr-2025 23:45:42 Europe/Berlin] With params: []
[23-Apr-2025 23:45:42 Europe/Berlin] Query executed successfully. Found 0 rows
[23-Apr-2025 23:45:42 Europe/Berlin] Users table created or already exists
[23-Apr-2025 23:45:42 Europe/Berlin] Users table structure: [{"Field":"id","Type":"int(11)","Null":"NO","Key":"PRI","Default":null,"Extra":"auto_increment"},{"Field":"username","Type":"varchar(50)","Null":"NO","Key":"","Default":null,"Extra":""},{"Field":"email","Type":"varchar(100)","Null":"NO","Key":"UNI","Default":null,"Extra":""},{"Field":"password","Type":"varchar(255)","Null":"NO","Key":"","Default":null,"Extra":""},{"Field":"role","Type":"enum('user','admin')","Null":"YES","Key":"","Default":"user","Extra":""},{"Field":"verification_code","Type":"varchar(100)","Null":"YES","Key":"","Default":null,"Extra":""},{"Field":"is_verified","Type":"tinyint(1)","Null":"YES","Key":"","Default":"0","Extra":""},{"Field":"created_at","Type":"timestamp","Null":"NO","Key":"","Default":"current_timestamp()","Extra":""},{"Field":"favorite_sport","Type":"varchar(50)","Null":"YES","Key":"","Default":null,"Extra":""},{"Field":"favorite_team","Type":"varchar(50)","Null":"YES","Key":"","Default":null,"Extra":""},{"Field":"account_type","Type":"enum('user','admin')","Null":"YES","Key":"","Default":"user","Extra":""}]
[23-Apr-2025 23:45:42 Europe/Berlin] Number of users in database: 13
[23-Apr-2025 23:45:42 Europe/Berlin] All tables initialized successfully
[23-Apr-2025 23:45:42 Europe/Berlin] Database tables initialized successfully
[23-Apr-2025 23:45:42 Europe/Berlin] Executing SQL: SELECT * FROM users WHERE id = :id
[23-Apr-2025 23:45:42 Europe/Berlin] With params: {":id":12}
[23-Apr-2025 23:45:42 Europe/Berlin] Query executed successfully. Found 1 rows
[23-Apr-2025 23:45:42 Europe/Berlin] User loaded from session: varunpndey
[23-Apr-2025 23:45:42 Europe/Berlin] Executing SQL: CREATE TABLE IF NOT EXISTS players (
                id INT AUTO_INCREMENT PRIMARY KEY,
                match_id INT NOT NULL,
                team VARCHAR(100) NOT NULL,
                name VARCHAR(100) NOT NULL,
                role VARCHAR(50) NOT NULL,
                score INT DEFAULT 0,
                sport VARCHAR(20) NOT NULL,
                created_at TIMESTAMP DEFAULT CURRENT_TIMESTAMP,
                FOREIGN KEY (match_id) REFERENCES matches(id) ON DELETE CASCADE
            )
[23-Apr-2025 23:45:42 Europe/Berlin] With params: []
[23-Apr-2025 23:45:42 Europe/Berlin] Query executed successfully. Found 0 rows
[23-Apr-2025 23:45:42 Europe/Berlin] Executing SQL: SELECT * FROM matches WHERE id = :id
[23-Apr-2025 23:45:42 Europe/Berlin] With params: {":id":42}
[23-Apr-2025 23:45:42 Europe/Berlin] Query executed successfully. Found 1 rows
[23-Apr-2025 23:45:42 Europe/Berlin] Executing SQL: SELECT * FROM players WHERE match_id = :match_id AND team = :team
[23-Apr-2025 23:45:42 Europe/Berlin] With params: {":match_id":42,":team":"Rcb"}
[23-Apr-2025 23:45:42 Europe/Berlin] Query executed successfully. Found 0 rows
[23-Apr-2025 23:45:42 Europe/Berlin] Executing SQL: SELECT * FROM players WHERE match_id = :match_id AND team = :team
[23-Apr-2025 23:45:42 Europe/Berlin] With params: {":match_id":42,":team":"PBKS"}
[23-Apr-2025 23:45:42 Europe/Berlin] Query executed successfully. Found 0 rows
[23-Apr-2025 23:45:42 Europe/Berlin] Header - Session status: 2
[23-Apr-2025 23:45:42 Europe/Berlin] Header - Session data: {"user_id":12,"username":"varunpndey","email":"va@gmail.com","account_type":"admin"}
[23-Apr-2025 23:45:42 Europe/Berlin] Header - After session start - Status: 2
[23-Apr-2025 23:45:42 Europe/Berlin] Header - After session start - Data: {"user_id":12,"username":"varunpndey","email":"va@gmail.com","account_type":"admin"}
[23-Apr-2025 23:45:42 Europe/Berlin] Header - Is logged in: Yes
[23-Apr-2025 23:45:49 Europe/Berlin] Connected to database. Tables found: favorites, feedback, matches, matches_backup, matches_new, news, newsletter, notifications, players, subscriptions, users
[23-Apr-2025 23:45:49 Europe/Berlin] Executing SQL: CREATE TABLE IF NOT EXISTS users (
                id INT AUTO_INCREMENT PRIMARY KEY,
                username VARCHAR(50) NOT NULL UNIQUE,
                password VARCHAR(255) NOT NULL,
                email VARCHAR(100) NOT NULL UNIQUE,
                account_type ENUM('user', 'admin') DEFAULT 'user',
                created_at TIMESTAMP DEFAULT CURRENT_TIMESTAMP
            )
[23-Apr-2025 23:45:49 Europe/Berlin] With params: []
[23-Apr-2025 23:45:49 Europe/Berlin] Query executed successfully. Found 0 rows
[23-Apr-2025 23:45:49 Europe/Berlin] Users table created or already exists
[23-Apr-2025 23:45:49 Europe/Berlin] Users table structure: [{"Field":"id","Type":"int(11)","Null":"NO","Key":"PRI","Default":null,"Extra":"auto_increment"},{"Field":"username","Type":"varchar(50)","Null":"NO","Key":"","Default":null,"Extra":""},{"Field":"email","Type":"varchar(100)","Null":"NO","Key":"UNI","Default":null,"Extra":""},{"Field":"password","Type":"varchar(255)","Null":"NO","Key":"","Default":null,"Extra":""},{"Field":"role","Type":"enum('user','admin')","Null":"YES","Key":"","Default":"user","Extra":""},{"Field":"verification_code","Type":"varchar(100)","Null":"YES","Key":"","Default":null,"Extra":""},{"Field":"is_verified","Type":"tinyint(1)","Null":"YES","Key":"","Default":"0","Extra":""},{"Field":"created_at","Type":"timestamp","Null":"NO","Key":"","Default":"current_timestamp()","Extra":""},{"Field":"favorite_sport","Type":"varchar(50)","Null":"YES","Key":"","Default":null,"Extra":""},{"Field":"favorite_team","Type":"varchar(50)","Null":"YES","Key":"","Default":null,"Extra":""},{"Field":"account_type","Type":"enum('user','admin')","Null":"YES","Key":"","Default":"user","Extra":""}]
[23-Apr-2025 23:45:49 Europe/Berlin] Number of users in database: 13
[23-Apr-2025 23:45:49 Europe/Berlin] All tables initialized successfully
[23-Apr-2025 23:45:49 Europe/Berlin] Connected to database. Tables found: favorites, feedback, matches, matches_backup, matches_new, news, newsletter, notifications, players, subscriptions, users
[23-Apr-2025 23:45:49 Europe/Berlin] Executing SQL: CREATE TABLE IF NOT EXISTS users (
                id INT AUTO_INCREMENT PRIMARY KEY,
                username VARCHAR(50) NOT NULL UNIQUE,
                password VARCHAR(255) NOT NULL,
                email VARCHAR(100) NOT NULL UNIQUE,
                account_type ENUM('user', 'admin') DEFAULT 'user',
                created_at TIMESTAMP DEFAULT CURRENT_TIMESTAMP
            )
[23-Apr-2025 23:45:49 Europe/Berlin] With params: []
[23-Apr-2025 23:45:49 Europe/Berlin] Query executed successfully. Found 0 rows
[23-Apr-2025 23:45:49 Europe/Berlin] Users table created or already exists
[23-Apr-2025 23:45:49 Europe/Berlin] Users table structure: [{"Field":"id","Type":"int(11)","Null":"NO","Key":"PRI","Default":null,"Extra":"auto_increment"},{"Field":"username","Type":"varchar(50)","Null":"NO","Key":"","Default":null,"Extra":""},{"Field":"email","Type":"varchar(100)","Null":"NO","Key":"UNI","Default":null,"Extra":""},{"Field":"password","Type":"varchar(255)","Null":"NO","Key":"","Default":null,"Extra":""},{"Field":"role","Type":"enum('user','admin')","Null":"YES","Key":"","Default":"user","Extra":""},{"Field":"verification_code","Type":"varchar(100)","Null":"YES","Key":"","Default":null,"Extra":""},{"Field":"is_verified","Type":"tinyint(1)","Null":"YES","Key":"","Default":"0","Extra":""},{"Field":"created_at","Type":"timestamp","Null":"NO","Key":"","Default":"current_timestamp()","Extra":""},{"Field":"favorite_sport","Type":"varchar(50)","Null":"YES","Key":"","Default":null,"Extra":""},{"Field":"favorite_team","Type":"varchar(50)","Null":"YES","Key":"","Default":null,"Extra":""},{"Field":"account_type","Type":"enum('user','admin')","Null":"YES","Key":"","Default":"user","Extra":""}]
[23-Apr-2025 23:45:49 Europe/Berlin] Number of users in database: 13
[23-Apr-2025 23:45:49 Europe/Berlin] All tables initialized successfully
[23-Apr-2025 23:45:49 Europe/Berlin] Database tables initialized successfully
[23-Apr-2025 23:45:49 Europe/Berlin] Executing SQL: SELECT * FROM users WHERE id = :id
[23-Apr-2025 23:45:49 Europe/Berlin] With params: {":id":12}
[23-Apr-2025 23:45:49 Europe/Berlin] Query executed successfully. Found 1 rows
[23-Apr-2025 23:45:49 Europe/Berlin] User loaded from session: varunpndey
[23-Apr-2025 23:45:49 Europe/Berlin] Header - Session status: 2
[23-Apr-2025 23:45:49 Europe/Berlin] Header - Session data: {"user_id":12,"username":"varunpndey","email":"va@gmail.com","account_type":"admin"}
[23-Apr-2025 23:45:49 Europe/Berlin] Header - After session start - Status: 2
[23-Apr-2025 23:45:49 Europe/Berlin] Header - After session start - Data: {"user_id":12,"username":"varunpndey","email":"va@gmail.com","account_type":"admin"}
[23-Apr-2025 23:45:49 Europe/Berlin] Header - Is logged in: Yes
[23-Apr-2025 23:45:49 Europe/Berlin] Executing SQL: SELECT * FROM matches WHERE sport = :sport ORDER BY match_time DESC
[23-Apr-2025 23:45:49 Europe/Berlin] With params: {":sport":"cricket"}
[23-Apr-2025 23:45:49 Europe/Berlin] Query executed successfully. Found 2 rows
[23-Apr-2025 23:45:49 Europe/Berlin] Executing SQL: SELECT * FROM matches WHERE sport = :sport AND status = :status
[23-Apr-2025 23:45:49 Europe/Berlin] With params: {":sport":"cricket",":status":"live"}
[23-Apr-2025 23:45:49 Europe/Berlin] Query executed successfully. Found 1 rows
[23-Apr-2025 23:45:49 Europe/Berlin] Executing SQL: SELECT COUNT(*) as count FROM favorites 
                    WHERE user_id = :user_id AND match_id = :match_id
[23-Apr-2025 23:45:49 Europe/Berlin] With params: {":user_id":12,":match_id":38}
[23-Apr-2025 23:45:49 Europe/Berlin] Query executed successfully. Found 1 rows
[23-Apr-2025 23:45:49 Europe/Berlin] Executing SQL: SELECT COUNT(*) as count FROM favorites 
                    WHERE user_id = :user_id AND match_id = :match_id
[23-Apr-2025 23:45:49 Europe/Berlin] With params: {":user_id":12,":match_id":42}
[23-Apr-2025 23:45:49 Europe/Berlin] Query executed successfully. Found 1 rows
[23-Apr-2025 23:46:03 Europe/Berlin] Connected to database. Tables found: favorites, feedback, matches, matches_backup, matches_new, news, newsletter, notifications, players, subscriptions, users
[23-Apr-2025 23:46:03 Europe/Berlin] Executing SQL: CREATE TABLE IF NOT EXISTS users (
                id INT AUTO_INCREMENT PRIMARY KEY,
                username VARCHAR(50) NOT NULL UNIQUE,
                password VARCHAR(255) NOT NULL,
                email VARCHAR(100) NOT NULL UNIQUE,
                account_type ENUM('user', 'admin') DEFAULT 'user',
                created_at TIMESTAMP DEFAULT CURRENT_TIMESTAMP
            )
[23-Apr-2025 23:46:03 Europe/Berlin] With params: []
[23-Apr-2025 23:46:03 Europe/Berlin] Query executed successfully. Found 0 rows
[23-Apr-2025 23:46:03 Europe/Berlin] Users table created or already exists
[23-Apr-2025 23:46:03 Europe/Berlin] Users table structure: [{"Field":"id","Type":"int(11)","Null":"NO","Key":"PRI","Default":null,"Extra":"auto_increment"},{"Field":"username","Type":"varchar(50)","Null":"NO","Key":"","Default":null,"Extra":""},{"Field":"email","Type":"varchar(100)","Null":"NO","Key":"UNI","Default":null,"Extra":""},{"Field":"password","Type":"varchar(255)","Null":"NO","Key":"","Default":null,"Extra":""},{"Field":"role","Type":"enum('user','admin')","Null":"YES","Key":"","Default":"user","Extra":""},{"Field":"verification_code","Type":"varchar(100)","Null":"YES","Key":"","Default":null,"Extra":""},{"Field":"is_verified","Type":"tinyint(1)","Null":"YES","Key":"","Default":"0","Extra":""},{"Field":"created_at","Type":"timestamp","Null":"NO","Key":"","Default":"current_timestamp()","Extra":""},{"Field":"favorite_sport","Type":"varchar(50)","Null":"YES","Key":"","Default":null,"Extra":""},{"Field":"favorite_team","Type":"varchar(50)","Null":"YES","Key":"","Default":null,"Extra":""},{"Field":"account_type","Type":"enum('user','admin')","Null":"YES","Key":"","Default":"user","Extra":""}]
[23-Apr-2025 23:46:03 Europe/Berlin] Number of users in database: 13
[23-Apr-2025 23:46:03 Europe/Berlin] All tables initialized successfully
[23-Apr-2025 23:46:03 Europe/Berlin] Connected to database. Tables found: favorites, feedback, matches, matches_backup, matches_new, news, newsletter, notifications, players, subscriptions, users
[23-Apr-2025 23:46:03 Europe/Berlin] Executing SQL: CREATE TABLE IF NOT EXISTS users (
                id INT AUTO_INCREMENT PRIMARY KEY,
                username VARCHAR(50) NOT NULL UNIQUE,
                password VARCHAR(255) NOT NULL,
                email VARCHAR(100) NOT NULL UNIQUE,
                account_type ENUM('user', 'admin') DEFAULT 'user',
                created_at TIMESTAMP DEFAULT CURRENT_TIMESTAMP
            )
[23-Apr-2025 23:46:03 Europe/Berlin] With params: []
[23-Apr-2025 23:46:03 Europe/Berlin] Query executed successfully. Found 0 rows
[23-Apr-2025 23:46:03 Europe/Berlin] Users table created or already exists
[23-Apr-2025 23:46:03 Europe/Berlin] Users table structure: [{"Field":"id","Type":"int(11)","Null":"NO","Key":"PRI","Default":null,"Extra":"auto_increment"},{"Field":"username","Type":"varchar(50)","Null":"NO","Key":"","Default":null,"Extra":""},{"Field":"email","Type":"varchar(100)","Null":"NO","Key":"UNI","Default":null,"Extra":""},{"Field":"password","Type":"varchar(255)","Null":"NO","Key":"","Default":null,"Extra":""},{"Field":"role","Type":"enum('user','admin')","Null":"YES","Key":"","Default":"user","Extra":""},{"Field":"verification_code","Type":"varchar(100)","Null":"YES","Key":"","Default":null,"Extra":""},{"Field":"is_verified","Type":"tinyint(1)","Null":"YES","Key":"","Default":"0","Extra":""},{"Field":"created_at","Type":"timestamp","Null":"NO","Key":"","Default":"current_timestamp()","Extra":""},{"Field":"favorite_sport","Type":"varchar(50)","Null":"YES","Key":"","Default":null,"Extra":""},{"Field":"favorite_team","Type":"varchar(50)","Null":"YES","Key":"","Default":null,"Extra":""},{"Field":"account_type","Type":"enum('user','admin')","Null":"YES","Key":"","Default":"user","Extra":""}]
[23-Apr-2025 23:46:03 Europe/Berlin] Number of users in database: 13
[23-Apr-2025 23:46:03 Europe/Berlin] All tables initialized successfully
[23-Apr-2025 23:46:03 Europe/Berlin] Database tables initialized successfully
[23-Apr-2025 23:46:03 Europe/Berlin] Executing SQL: SELECT * FROM users WHERE id = :id
[23-Apr-2025 23:46:03 Europe/Berlin] With params: {":id":12}
[23-Apr-2025 23:46:03 Europe/Berlin] Query executed successfully. Found 1 rows
[23-Apr-2025 23:46:03 Europe/Berlin] User loaded from session: varunpndey
[23-Apr-2025 23:46:03 Europe/Berlin] Executing SQL: CREATE TABLE IF NOT EXISTS players (
                id INT AUTO_INCREMENT PRIMARY KEY,
                match_id INT NOT NULL,
                team VARCHAR(100) NOT NULL,
                name VARCHAR(100) NOT NULL,
                role VARCHAR(50) NOT NULL,
                score INT DEFAULT 0,
                sport VARCHAR(20) NOT NULL,
                created_at TIMESTAMP DEFAULT CURRENT_TIMESTAMP,
                FOREIGN KEY (match_id) REFERENCES matches(id) ON DELETE CASCADE
            )
[23-Apr-2025 23:46:03 Europe/Berlin] With params: []
[23-Apr-2025 23:46:03 Europe/Berlin] Query executed successfully. Found 0 rows
[23-Apr-2025 23:46:03 Europe/Berlin] Executing SQL: SELECT * FROM matches WHERE id = :id
[23-Apr-2025 23:46:03 Europe/Berlin] With params: {":id":42}
[23-Apr-2025 23:46:03 Europe/Berlin] Query executed successfully. Found 1 rows
[23-Apr-2025 23:46:03 Europe/Berlin] Executing SQL: SELECT * FROM players WHERE match_id = :match_id AND team = :team
[23-Apr-2025 23:46:03 Europe/Berlin] With params: {":match_id":42,":team":"Rcb"}
[23-Apr-2025 23:46:03 Europe/Berlin] Query executed successfully. Found 0 rows
[23-Apr-2025 23:46:03 Europe/Berlin] Executing SQL: SELECT * FROM players WHERE match_id = :match_id AND team = :team
[23-Apr-2025 23:46:03 Europe/Berlin] With params: {":match_id":42,":team":"PBKS"}
[23-Apr-2025 23:46:03 Europe/Berlin] Query executed successfully. Found 0 rows
[23-Apr-2025 23:46:03 Europe/Berlin] Header - Session status: 2
[23-Apr-2025 23:46:03 Europe/Berlin] Header - Session data: {"user_id":12,"username":"varunpndey","email":"va@gmail.com","account_type":"admin"}
[23-Apr-2025 23:46:03 Europe/Berlin] Header - After session start - Status: 2
[23-Apr-2025 23:46:03 Europe/Berlin] Header - After session start - Data: {"user_id":12,"username":"varunpndey","email":"va@gmail.com","account_type":"admin"}
[23-Apr-2025 23:46:03 Europe/Berlin] Header - Is logged in: Yes
[23-Apr-2025 23:46:07 Europe/Berlin] Connected to database. Tables found: favorites, feedback, matches, matches_backup, matches_new, news, newsletter, notifications, players, subscriptions, users
[23-Apr-2025 23:46:07 Europe/Berlin] Executing SQL: CREATE TABLE IF NOT EXISTS users (
                id INT AUTO_INCREMENT PRIMARY KEY,
                username VARCHAR(50) NOT NULL UNIQUE,
                password VARCHAR(255) NOT NULL,
                email VARCHAR(100) NOT NULL UNIQUE,
                account_type ENUM('user', 'admin') DEFAULT 'user',
                created_at TIMESTAMP DEFAULT CURRENT_TIMESTAMP
            )
[23-Apr-2025 23:46:07 Europe/Berlin] With params: []
[23-Apr-2025 23:46:07 Europe/Berlin] Query executed successfully. Found 0 rows
[23-Apr-2025 23:46:07 Europe/Berlin] Users table created or already exists
[23-Apr-2025 23:46:07 Europe/Berlin] Users table structure: [{"Field":"id","Type":"int(11)","Null":"NO","Key":"PRI","Default":null,"Extra":"auto_increment"},{"Field":"username","Type":"varchar(50)","Null":"NO","Key":"","Default":null,"Extra":""},{"Field":"email","Type":"varchar(100)","Null":"NO","Key":"UNI","Default":null,"Extra":""},{"Field":"password","Type":"varchar(255)","Null":"NO","Key":"","Default":null,"Extra":""},{"Field":"role","Type":"enum('user','admin')","Null":"YES","Key":"","Default":"user","Extra":""},{"Field":"verification_code","Type":"varchar(100)","Null":"YES","Key":"","Default":null,"Extra":""},{"Field":"is_verified","Type":"tinyint(1)","Null":"YES","Key":"","Default":"0","Extra":""},{"Field":"created_at","Type":"timestamp","Null":"NO","Key":"","Default":"current_timestamp()","Extra":""},{"Field":"favorite_sport","Type":"varchar(50)","Null":"YES","Key":"","Default":null,"Extra":""},{"Field":"favorite_team","Type":"varchar(50)","Null":"YES","Key":"","Default":null,"Extra":""},{"Field":"account_type","Type":"enum('user','admin')","Null":"YES","Key":"","Default":"user","Extra":""}]
[23-Apr-2025 23:46:07 Europe/Berlin] Number of users in database: 13
[23-Apr-2025 23:46:07 Europe/Berlin] All tables initialized successfully
[23-Apr-2025 23:46:07 Europe/Berlin] Connected to database. Tables found: favorites, feedback, matches, matches_backup, matches_new, news, newsletter, notifications, players, subscriptions, users
[23-Apr-2025 23:46:07 Europe/Berlin] Executing SQL: CREATE TABLE IF NOT EXISTS users (
                id INT AUTO_INCREMENT PRIMARY KEY,
                username VARCHAR(50) NOT NULL UNIQUE,
                password VARCHAR(255) NOT NULL,
                email VARCHAR(100) NOT NULL UNIQUE,
                account_type ENUM('user', 'admin') DEFAULT 'user',
                created_at TIMESTAMP DEFAULT CURRENT_TIMESTAMP
            )
[23-Apr-2025 23:46:07 Europe/Berlin] With params: []
[23-Apr-2025 23:46:07 Europe/Berlin] Query executed successfully. Found 0 rows
[23-Apr-2025 23:46:07 Europe/Berlin] Users table created or already exists
[23-Apr-2025 23:46:07 Europe/Berlin] Users table structure: [{"Field":"id","Type":"int(11)","Null":"NO","Key":"PRI","Default":null,"Extra":"auto_increment"},{"Field":"username","Type":"varchar(50)","Null":"NO","Key":"","Default":null,"Extra":""},{"Field":"email","Type":"varchar(100)","Null":"NO","Key":"UNI","Default":null,"Extra":""},{"Field":"password","Type":"varchar(255)","Null":"NO","Key":"","Default":null,"Extra":""},{"Field":"role","Type":"enum('user','admin')","Null":"YES","Key":"","Default":"user","Extra":""},{"Field":"verification_code","Type":"varchar(100)","Null":"YES","Key":"","Default":null,"Extra":""},{"Field":"is_verified","Type":"tinyint(1)","Null":"YES","Key":"","Default":"0","Extra":""},{"Field":"created_at","Type":"timestamp","Null":"NO","Key":"","Default":"current_timestamp()","Extra":""},{"Field":"favorite_sport","Type":"varchar(50)","Null":"YES","Key":"","Default":null,"Extra":""},{"Field":"favorite_team","Type":"varchar(50)","Null":"YES","Key":"","Default":null,"Extra":""},{"Field":"account_type","Type":"enum('user','admin')","Null":"YES","Key":"","Default":"user","Extra":""}]
[23-Apr-2025 23:46:07 Europe/Berlin] Number of users in database: 13
[23-Apr-2025 23:46:07 Europe/Berlin] All tables initialized successfully
[23-Apr-2025 23:46:07 Europe/Berlin] Database tables initialized successfully
[23-Apr-2025 23:46:07 Europe/Berlin] Executing SQL: SELECT * FROM users WHERE id = :id
[23-Apr-2025 23:46:07 Europe/Berlin] With params: {":id":12}
[23-Apr-2025 23:46:07 Europe/Berlin] Query executed successfully. Found 1 rows
[23-Apr-2025 23:46:07 Europe/Berlin] User loaded from session: varunpndey
[23-Apr-2025 23:46:07 Europe/Berlin] Executing SQL: CREATE TABLE IF NOT EXISTS players (
                id INT AUTO_INCREMENT PRIMARY KEY,
                match_id INT NOT NULL,
                team VARCHAR(100) NOT NULL,
                name VARCHAR(100) NOT NULL,
                role VARCHAR(50) NOT NULL,
                score INT DEFAULT 0,
                sport VARCHAR(20) NOT NULL,
                created_at TIMESTAMP DEFAULT CURRENT_TIMESTAMP,
                FOREIGN KEY (match_id) REFERENCES matches(id) ON DELETE CASCADE
            )
[23-Apr-2025 23:46:07 Europe/Berlin] With params: []
[23-Apr-2025 23:46:07 Europe/Berlin] Query executed successfully. Found 0 rows
[23-Apr-2025 23:46:07 Europe/Berlin] Executing SQL: SELECT * FROM matches WHERE id = :id
[23-Apr-2025 23:46:07 Europe/Berlin] With params: {":id":42}
[23-Apr-2025 23:46:07 Europe/Berlin] Query executed successfully. Found 1 rows
[23-Apr-2025 23:46:07 Europe/Berlin] Executing SQL: SELECT * FROM players WHERE match_id = :match_id AND team = :team
[23-Apr-2025 23:46:07 Europe/Berlin] With params: {":match_id":42,":team":"Rcb"}
[23-Apr-2025 23:46:07 Europe/Berlin] Query executed successfully. Found 0 rows
[23-Apr-2025 23:46:07 Europe/Berlin] Executing SQL: SELECT * FROM players WHERE match_id = :match_id AND team = :team
[23-Apr-2025 23:46:07 Europe/Berlin] With params: {":match_id":42,":team":"PBKS"}
[23-Apr-2025 23:46:07 Europe/Berlin] Query executed successfully. Found 0 rows
[23-Apr-2025 23:46:07 Europe/Berlin] Header - Session status: 2
[23-Apr-2025 23:46:07 Europe/Berlin] Header - Session data: {"user_id":12,"username":"varunpndey","email":"va@gmail.com","account_type":"admin"}
[23-Apr-2025 23:46:07 Europe/Berlin] Header - After session start - Status: 2
[23-Apr-2025 23:46:07 Europe/Berlin] Header - After session start - Data: {"user_id":12,"username":"varunpndey","email":"va@gmail.com","account_type":"admin"}
[23-Apr-2025 23:46:07 Europe/Berlin] Header - Is logged in: Yes
[23-Apr-2025 23:46:09 Europe/Berlin] Connected to database. Tables found: favorites, feedback, matches, matches_backup, matches_new, news, newsletter, notifications, players, subscriptions, users
[23-Apr-2025 23:46:09 Europe/Berlin] Executing SQL: CREATE TABLE IF NOT EXISTS users (
                id INT AUTO_INCREMENT PRIMARY KEY,
                username VARCHAR(50) NOT NULL UNIQUE,
                password VARCHAR(255) NOT NULL,
                email VARCHAR(100) NOT NULL UNIQUE,
                account_type ENUM('user', 'admin') DEFAULT 'user',
                created_at TIMESTAMP DEFAULT CURRENT_TIMESTAMP
            )
[23-Apr-2025 23:46:09 Europe/Berlin] With params: []
[23-Apr-2025 23:46:09 Europe/Berlin] Query executed successfully. Found 0 rows
[23-Apr-2025 23:46:09 Europe/Berlin] Users table created or already exists
[23-Apr-2025 23:46:09 Europe/Berlin] Users table structure: [{"Field":"id","Type":"int(11)","Null":"NO","Key":"PRI","Default":null,"Extra":"auto_increment"},{"Field":"username","Type":"varchar(50)","Null":"NO","Key":"","Default":null,"Extra":""},{"Field":"email","Type":"varchar(100)","Null":"NO","Key":"UNI","Default":null,"Extra":""},{"Field":"password","Type":"varchar(255)","Null":"NO","Key":"","Default":null,"Extra":""},{"Field":"role","Type":"enum('user','admin')","Null":"YES","Key":"","Default":"user","Extra":""},{"Field":"verification_code","Type":"varchar(100)","Null":"YES","Key":"","Default":null,"Extra":""},{"Field":"is_verified","Type":"tinyint(1)","Null":"YES","Key":"","Default":"0","Extra":""},{"Field":"created_at","Type":"timestamp","Null":"NO","Key":"","Default":"current_timestamp()","Extra":""},{"Field":"favorite_sport","Type":"varchar(50)","Null":"YES","Key":"","Default":null,"Extra":""},{"Field":"favorite_team","Type":"varchar(50)","Null":"YES","Key":"","Default":null,"Extra":""},{"Field":"account_type","Type":"enum('user','admin')","Null":"YES","Key":"","Default":"user","Extra":""}]
[23-Apr-2025 23:46:09 Europe/Berlin] Number of users in database: 13
[23-Apr-2025 23:46:09 Europe/Berlin] All tables initialized successfully
[23-Apr-2025 23:46:09 Europe/Berlin] Connected to database. Tables found: favorites, feedback, matches, matches_backup, matches_new, news, newsletter, notifications, players, subscriptions, users
[23-Apr-2025 23:46:09 Europe/Berlin] Executing SQL: CREATE TABLE IF NOT EXISTS users (
                id INT AUTO_INCREMENT PRIMARY KEY,
                username VARCHAR(50) NOT NULL UNIQUE,
                password VARCHAR(255) NOT NULL,
                email VARCHAR(100) NOT NULL UNIQUE,
                account_type ENUM('user', 'admin') DEFAULT 'user',
                created_at TIMESTAMP DEFAULT CURRENT_TIMESTAMP
            )
[23-Apr-2025 23:46:09 Europe/Berlin] With params: []
[23-Apr-2025 23:46:09 Europe/Berlin] Query executed successfully. Found 0 rows
[23-Apr-2025 23:46:09 Europe/Berlin] Users table created or already exists
[23-Apr-2025 23:46:09 Europe/Berlin] Users table structure: [{"Field":"id","Type":"int(11)","Null":"NO","Key":"PRI","Default":null,"Extra":"auto_increment"},{"Field":"username","Type":"varchar(50)","Null":"NO","Key":"","Default":null,"Extra":""},{"Field":"email","Type":"varchar(100)","Null":"NO","Key":"UNI","Default":null,"Extra":""},{"Field":"password","Type":"varchar(255)","Null":"NO","Key":"","Default":null,"Extra":""},{"Field":"role","Type":"enum('user','admin')","Null":"YES","Key":"","Default":"user","Extra":""},{"Field":"verification_code","Type":"varchar(100)","Null":"YES","Key":"","Default":null,"Extra":""},{"Field":"is_verified","Type":"tinyint(1)","Null":"YES","Key":"","Default":"0","Extra":""},{"Field":"created_at","Type":"timestamp","Null":"NO","Key":"","Default":"current_timestamp()","Extra":""},{"Field":"favorite_sport","Type":"varchar(50)","Null":"YES","Key":"","Default":null,"Extra":""},{"Field":"favorite_team","Type":"varchar(50)","Null":"YES","Key":"","Default":null,"Extra":""},{"Field":"account_type","Type":"enum('user','admin')","Null":"YES","Key":"","Default":"user","Extra":""}]
[23-Apr-2025 23:46:09 Europe/Berlin] Number of users in database: 13
[23-Apr-2025 23:46:09 Europe/Berlin] All tables initialized successfully
[23-Apr-2025 23:46:09 Europe/Berlin] Database tables initialized successfully
[23-Apr-2025 23:46:09 Europe/Berlin] Executing SQL: SELECT * FROM users WHERE id = :id
[23-Apr-2025 23:46:09 Europe/Berlin] With params: {":id":12}
[23-Apr-2025 23:46:09 Europe/Berlin] Query executed successfully. Found 1 rows
[23-Apr-2025 23:46:09 Europe/Berlin] User loaded from session: varunpndey
[23-Apr-2025 23:46:09 Europe/Berlin] Header - Session status: 2
[23-Apr-2025 23:46:09 Europe/Berlin] Header - Session data: {"user_id":12,"username":"varunpndey","email":"va@gmail.com","account_type":"admin"}
[23-Apr-2025 23:46:09 Europe/Berlin] Header - After session start - Status: 2
[23-Apr-2025 23:46:09 Europe/Berlin] Header - After session start - Data: {"user_id":12,"username":"varunpndey","email":"va@gmail.com","account_type":"admin"}
[23-Apr-2025 23:46:09 Europe/Berlin] Header - Is logged in: Yes
[23-Apr-2025 23:46:09 Europe/Berlin] Executing SQL: SELECT * FROM matches WHERE sport = :sport ORDER BY match_time DESC
[23-Apr-2025 23:46:09 Europe/Berlin] With params: {":sport":"cricket"}
[23-Apr-2025 23:46:09 Europe/Berlin] Query executed successfully. Found 2 rows
[23-Apr-2025 23:46:09 Europe/Berlin] Executing SQL: SELECT * FROM matches WHERE sport = :sport AND status = :status
[23-Apr-2025 23:46:09 Europe/Berlin] With params: {":sport":"cricket",":status":"live"}
[23-Apr-2025 23:46:09 Europe/Berlin] Query executed successfully. Found 1 rows
[23-Apr-2025 23:46:09 Europe/Berlin] Executing SQL: SELECT COUNT(*) as count FROM favorites 
                    WHERE user_id = :user_id AND match_id = :match_id
[23-Apr-2025 23:46:09 Europe/Berlin] With params: {":user_id":12,":match_id":38}
[23-Apr-2025 23:46:09 Europe/Berlin] Query executed successfully. Found 1 rows
[23-Apr-2025 23:46:09 Europe/Berlin] Executing SQL: SELECT COUNT(*) as count FROM favorites 
                    WHERE user_id = :user_id AND match_id = :match_id
[23-Apr-2025 23:46:09 Europe/Berlin] With params: {":user_id":12,":match_id":42}
[23-Apr-2025 23:46:09 Europe/Berlin] Query executed successfully. Found 1 rows
[23-Apr-2025 23:46:11 Europe/Berlin] Connected to database. Tables found: favorites, feedback, matches, matches_backup, matches_new, news, newsletter, notifications, players, subscriptions, users
[23-Apr-2025 23:46:11 Europe/Berlin] Executing SQL: CREATE TABLE IF NOT EXISTS users (
                id INT AUTO_INCREMENT PRIMARY KEY,
                username VARCHAR(50) NOT NULL UNIQUE,
                password VARCHAR(255) NOT NULL,
                email VARCHAR(100) NOT NULL UNIQUE,
                account_type ENUM('user', 'admin') DEFAULT 'user',
                created_at TIMESTAMP DEFAULT CURRENT_TIMESTAMP
            )
[23-Apr-2025 23:46:11 Europe/Berlin] With params: []
[23-Apr-2025 23:46:11 Europe/Berlin] Query executed successfully. Found 0 rows
[23-Apr-2025 23:46:11 Europe/Berlin] Users table created or already exists
[23-Apr-2025 23:46:11 Europe/Berlin] Users table structure: [{"Field":"id","Type":"int(11)","Null":"NO","Key":"PRI","Default":null,"Extra":"auto_increment"},{"Field":"username","Type":"varchar(50)","Null":"NO","Key":"","Default":null,"Extra":""},{"Field":"email","Type":"varchar(100)","Null":"NO","Key":"UNI","Default":null,"Extra":""},{"Field":"password","Type":"varchar(255)","Null":"NO","Key":"","Default":null,"Extra":""},{"Field":"role","Type":"enum('user','admin')","Null":"YES","Key":"","Default":"user","Extra":""},{"Field":"verification_code","Type":"varchar(100)","Null":"YES","Key":"","Default":null,"Extra":""},{"Field":"is_verified","Type":"tinyint(1)","Null":"YES","Key":"","Default":"0","Extra":""},{"Field":"created_at","Type":"timestamp","Null":"NO","Key":"","Default":"current_timestamp()","Extra":""},{"Field":"favorite_sport","Type":"varchar(50)","Null":"YES","Key":"","Default":null,"Extra":""},{"Field":"favorite_team","Type":"varchar(50)","Null":"YES","Key":"","Default":null,"Extra":""},{"Field":"account_type","Type":"enum('user','admin')","Null":"YES","Key":"","Default":"user","Extra":""}]
[23-Apr-2025 23:46:11 Europe/Berlin] Number of users in database: 13
[23-Apr-2025 23:46:11 Europe/Berlin] All tables initialized successfully
[23-Apr-2025 23:46:11 Europe/Berlin] API Request received: /sportsync/backend/match.php?action=fetch_matches&sport=cricket&status=live
[23-Apr-2025 23:46:11 Europe/Berlin] GET parameters: Array
(
    [action] => fetch_matches
    [sport] => cricket
    [status] => live
)

[23-Apr-2025 23:46:11 Europe/Berlin] Executing SQL: SELECT * FROM matches WHERE sport = :sport AND status = :status
[23-Apr-2025 23:46:11 Europe/Berlin] With params: {":sport":"cricket",":status":"live"}
[23-Apr-2025 23:46:11 Europe/Berlin] Query executed successfully. Found 1 rows
[23-Apr-2025 23:46:13 Europe/Berlin] Connected to database. Tables found: favorites, feedback, matches, matches_backup, matches_new, news, newsletter, notifications, players, subscriptions, users
[23-Apr-2025 23:46:13 Europe/Berlin] Executing SQL: CREATE TABLE IF NOT EXISTS users (
                id INT AUTO_INCREMENT PRIMARY KEY,
                username VARCHAR(50) NOT NULL UNIQUE,
                password VARCHAR(255) NOT NULL,
                email VARCHAR(100) NOT NULL UNIQUE,
                account_type ENUM('user', 'admin') DEFAULT 'user',
                created_at TIMESTAMP DEFAULT CURRENT_TIMESTAMP
            )
[23-Apr-2025 23:46:13 Europe/Berlin] With params: []
[23-Apr-2025 23:46:13 Europe/Berlin] Query executed successfully. Found 0 rows
[23-Apr-2025 23:46:13 Europe/Berlin] Users table created or already exists
[23-Apr-2025 23:46:13 Europe/Berlin] Users table structure: [{"Field":"id","Type":"int(11)","Null":"NO","Key":"PRI","Default":null,"Extra":"auto_increment"},{"Field":"username","Type":"varchar(50)","Null":"NO","Key":"","Default":null,"Extra":""},{"Field":"email","Type":"varchar(100)","Null":"NO","Key":"UNI","Default":null,"Extra":""},{"Field":"password","Type":"varchar(255)","Null":"NO","Key":"","Default":null,"Extra":""},{"Field":"role","Type":"enum('user','admin')","Null":"YES","Key":"","Default":"user","Extra":""},{"Field":"verification_code","Type":"varchar(100)","Null":"YES","Key":"","Default":null,"Extra":""},{"Field":"is_verified","Type":"tinyint(1)","Null":"YES","Key":"","Default":"0","Extra":""},{"Field":"created_at","Type":"timestamp","Null":"NO","Key":"","Default":"current_timestamp()","Extra":""},{"Field":"favorite_sport","Type":"varchar(50)","Null":"YES","Key":"","Default":null,"Extra":""},{"Field":"favorite_team","Type":"varchar(50)","Null":"YES","Key":"","Default":null,"Extra":""},{"Field":"account_type","Type":"enum('user','admin')","Null":"YES","Key":"","Default":"user","Extra":""}]
[23-Apr-2025 23:46:13 Europe/Berlin] Number of users in database: 13
[23-Apr-2025 23:46:13 Europe/Berlin] All tables initialized successfully
[23-Apr-2025 23:46:13 Europe/Berlin] API Request received: /sportsync/backend/match.php?action=fetch_matches&sport=cricket&status=completed
[23-Apr-2025 23:46:13 Europe/Berlin] GET parameters: Array
(
    [action] => fetch_matches
    [sport] => cricket
    [status] => completed
)

[23-Apr-2025 23:46:13 Europe/Berlin] Executing SQL: SELECT * FROM matches WHERE sport = :sport AND status = :status
[23-Apr-2025 23:46:13 Europe/Berlin] With params: {":sport":"cricket",":status":"completed"}
[23-Apr-2025 23:46:13 Europe/Berlin] Query executed successfully. Found 0 rows
[23-Apr-2025 23:46:13 Europe/Berlin] Connected to database. Tables found: favorites, feedback, matches, matches_backup, matches_new, news, newsletter, notifications, players, subscriptions, users
[23-Apr-2025 23:46:13 Europe/Berlin] Executing SQL: CREATE TABLE IF NOT EXISTS users (
                id INT AUTO_INCREMENT PRIMARY KEY,
                username VARCHAR(50) NOT NULL UNIQUE,
                password VARCHAR(255) NOT NULL,
                email VARCHAR(100) NOT NULL UNIQUE,
                account_type ENUM('user', 'admin') DEFAULT 'user',
                created_at TIMESTAMP DEFAULT CURRENT_TIMESTAMP
            )
[23-Apr-2025 23:46:13 Europe/Berlin] With params: []
[23-Apr-2025 23:46:13 Europe/Berlin] Query executed successfully. Found 0 rows
[23-Apr-2025 23:46:13 Europe/Berlin] Users table created or already exists
[23-Apr-2025 23:46:13 Europe/Berlin] Users table structure: [{"Field":"id","Type":"int(11)","Null":"NO","Key":"PRI","Default":null,"Extra":"auto_increment"},{"Field":"username","Type":"varchar(50)","Null":"NO","Key":"","Default":null,"Extra":""},{"Field":"email","Type":"varchar(100)","Null":"NO","Key":"UNI","Default":null,"Extra":""},{"Field":"password","Type":"varchar(255)","Null":"NO","Key":"","Default":null,"Extra":""},{"Field":"role","Type":"enum('user','admin')","Null":"YES","Key":"","Default":"user","Extra":""},{"Field":"verification_code","Type":"varchar(100)","Null":"YES","Key":"","Default":null,"Extra":""},{"Field":"is_verified","Type":"tinyint(1)","Null":"YES","Key":"","Default":"0","Extra":""},{"Field":"created_at","Type":"timestamp","Null":"NO","Key":"","Default":"current_timestamp()","Extra":""},{"Field":"favorite_sport","Type":"varchar(50)","Null":"YES","Key":"","Default":null,"Extra":""},{"Field":"favorite_team","Type":"varchar(50)","Null":"YES","Key":"","Default":null,"Extra":""},{"Field":"account_type","Type":"enum('user','admin')","Null":"YES","Key":"","Default":"user","Extra":""}]
[23-Apr-2025 23:46:13 Europe/Berlin] Number of users in database: 13
[23-Apr-2025 23:46:13 Europe/Berlin] All tables initialized successfully
[23-Apr-2025 23:46:13 Europe/Berlin] API Request received: /sportsync/backend/match.php?action=fetch_matches&sport=cricket&status=upcoming
[23-Apr-2025 23:46:13 Europe/Berlin] GET parameters: Array
(
    [action] => fetch_matches
    [sport] => cricket
    [status] => upcoming
)

[23-Apr-2025 23:46:13 Europe/Berlin] Executing SQL: SELECT * FROM matches WHERE sport = :sport AND status = :status
[23-Apr-2025 23:46:13 Europe/Berlin] With params: {":sport":"cricket",":status":"upcoming"}
[23-Apr-2025 23:46:13 Europe/Berlin] Query executed successfully. Found 1 rows
[23-Apr-2025 23:46:14 Europe/Berlin] Connected to database. Tables found: favorites, feedback, matches, matches_backup, matches_new, news, newsletter, notifications, players, subscriptions, users
[23-Apr-2025 23:46:14 Europe/Berlin] Executing SQL: CREATE TABLE IF NOT EXISTS users (
                id INT AUTO_INCREMENT PRIMARY KEY,
                username VARCHAR(50) NOT NULL UNIQUE,
                password VARCHAR(255) NOT NULL,
                email VARCHAR(100) NOT NULL UNIQUE,
                account_type ENUM('user', 'admin') DEFAULT 'user',
                created_at TIMESTAMP DEFAULT CURRENT_TIMESTAMP
            )
[23-Apr-2025 23:46:14 Europe/Berlin] With params: []
[23-Apr-2025 23:46:14 Europe/Berlin] Query executed successfully. Found 0 rows
[23-Apr-2025 23:46:14 Europe/Berlin] Users table created or already exists
[23-Apr-2025 23:46:14 Europe/Berlin] Users table structure: [{"Field":"id","Type":"int(11)","Null":"NO","Key":"PRI","Default":null,"Extra":"auto_increment"},{"Field":"username","Type":"varchar(50)","Null":"NO","Key":"","Default":null,"Extra":""},{"Field":"email","Type":"varchar(100)","Null":"NO","Key":"UNI","Default":null,"Extra":""},{"Field":"password","Type":"varchar(255)","Null":"NO","Key":"","Default":null,"Extra":""},{"Field":"role","Type":"enum('user','admin')","Null":"YES","Key":"","Default":"user","Extra":""},{"Field":"verification_code","Type":"varchar(100)","Null":"YES","Key":"","Default":null,"Extra":""},{"Field":"is_verified","Type":"tinyint(1)","Null":"YES","Key":"","Default":"0","Extra":""},{"Field":"created_at","Type":"timestamp","Null":"NO","Key":"","Default":"current_timestamp()","Extra":""},{"Field":"favorite_sport","Type":"varchar(50)","Null":"YES","Key":"","Default":null,"Extra":""},{"Field":"favorite_team","Type":"varchar(50)","Null":"YES","Key":"","Default":null,"Extra":""},{"Field":"account_type","Type":"enum('user','admin')","Null":"YES","Key":"","Default":"user","Extra":""}]
[23-Apr-2025 23:46:14 Europe/Berlin] Number of users in database: 13
[23-Apr-2025 23:46:14 Europe/Berlin] All tables initialized successfully
[23-Apr-2025 23:46:14 Europe/Berlin] API Request received: /sportsync/backend/match.php?action=fetch_matches&sport=cricket&status=completed
[23-Apr-2025 23:46:14 Europe/Berlin] GET parameters: Array
(
    [action] => fetch_matches
    [sport] => cricket
    [status] => completed
)

[23-Apr-2025 23:46:14 Europe/Berlin] Executing SQL: SELECT * FROM matches WHERE sport = :sport AND status = :status
[23-Apr-2025 23:46:14 Europe/Berlin] With params: {":sport":"cricket",":status":"completed"}
[23-Apr-2025 23:46:14 Europe/Berlin] Query executed successfully. Found 0 rows
[23-Apr-2025 23:46:14 Europe/Berlin] Connected to database. Tables found: favorites, feedback, matches, matches_backup, matches_new, news, newsletter, notifications, players, subscriptions, users
[23-Apr-2025 23:46:14 Europe/Berlin] Executing SQL: CREATE TABLE IF NOT EXISTS users (
                id INT AUTO_INCREMENT PRIMARY KEY,
                username VARCHAR(50) NOT NULL UNIQUE,
                password VARCHAR(255) NOT NULL,
                email VARCHAR(100) NOT NULL UNIQUE,
                account_type ENUM('user', 'admin') DEFAULT 'user',
                created_at TIMESTAMP DEFAULT CURRENT_TIMESTAMP
            )
[23-Apr-2025 23:46:14 Europe/Berlin] With params: []
[23-Apr-2025 23:46:14 Europe/Berlin] Query executed successfully. Found 0 rows
[23-Apr-2025 23:46:14 Europe/Berlin] Users table created or already exists
[23-Apr-2025 23:46:14 Europe/Berlin] Users table structure: [{"Field":"id","Type":"int(11)","Null":"NO","Key":"PRI","Default":null,"Extra":"auto_increment"},{"Field":"username","Type":"varchar(50)","Null":"NO","Key":"","Default":null,"Extra":""},{"Field":"email","Type":"varchar(100)","Null":"NO","Key":"UNI","Default":null,"Extra":""},{"Field":"password","Type":"varchar(255)","Null":"NO","Key":"","Default":null,"Extra":""},{"Field":"role","Type":"enum('user','admin')","Null":"YES","Key":"","Default":"user","Extra":""},{"Field":"verification_code","Type":"varchar(100)","Null":"YES","Key":"","Default":null,"Extra":""},{"Field":"is_verified","Type":"tinyint(1)","Null":"YES","Key":"","Default":"0","Extra":""},{"Field":"created_at","Type":"timestamp","Null":"NO","Key":"","Default":"current_timestamp()","Extra":""},{"Field":"favorite_sport","Type":"varchar(50)","Null":"YES","Key":"","Default":null,"Extra":""},{"Field":"favorite_team","Type":"varchar(50)","Null":"YES","Key":"","Default":null,"Extra":""},{"Field":"account_type","Type":"enum('user','admin')","Null":"YES","Key":"","Default":"user","Extra":""}]
[23-Apr-2025 23:46:14 Europe/Berlin] Number of users in database: 13
[23-Apr-2025 23:46:14 Europe/Berlin] All tables initialized successfully
[23-Apr-2025 23:46:14 Europe/Berlin] API Request received: /sportsync/backend/match.php?action=fetch_matches&sport=cricket&status=upcoming
[23-Apr-2025 23:46:14 Europe/Berlin] GET parameters: Array
(
    [action] => fetch_matches
    [sport] => cricket
    [status] => upcoming
)

[23-Apr-2025 23:46:14 Europe/Berlin] Executing SQL: SELECT * FROM matches WHERE sport = :sport AND status = :status
[23-Apr-2025 23:46:14 Europe/Berlin] With params: {":sport":"cricket",":status":"upcoming"}
[23-Apr-2025 23:46:14 Europe/Berlin] Query executed successfully. Found 1 rows
[23-Apr-2025 23:46:15 Europe/Berlin] Connected to database. Tables found: favorites, feedback, matches, matches_backup, matches_new, news, newsletter, notifications, players, subscriptions, users
[23-Apr-2025 23:46:15 Europe/Berlin] Executing SQL: CREATE TABLE IF NOT EXISTS users (
                id INT AUTO_INCREMENT PRIMARY KEY,
                username VARCHAR(50) NOT NULL UNIQUE,
                password VARCHAR(255) NOT NULL,
                email VARCHAR(100) NOT NULL UNIQUE,
                account_type ENUM('user', 'admin') DEFAULT 'user',
                created_at TIMESTAMP DEFAULT CURRENT_TIMESTAMP
            )
[23-Apr-2025 23:46:15 Europe/Berlin] With params: []
[23-Apr-2025 23:46:15 Europe/Berlin] Query executed successfully. Found 0 rows
[23-Apr-2025 23:46:15 Europe/Berlin] Users table created or already exists
[23-Apr-2025 23:46:15 Europe/Berlin] Users table structure: [{"Field":"id","Type":"int(11)","Null":"NO","Key":"PRI","Default":null,"Extra":"auto_increment"},{"Field":"username","Type":"varchar(50)","Null":"NO","Key":"","Default":null,"Extra":""},{"Field":"email","Type":"varchar(100)","Null":"NO","Key":"UNI","Default":null,"Extra":""},{"Field":"password","Type":"varchar(255)","Null":"NO","Key":"","Default":null,"Extra":""},{"Field":"role","Type":"enum('user','admin')","Null":"YES","Key":"","Default":"user","Extra":""},{"Field":"verification_code","Type":"varchar(100)","Null":"YES","Key":"","Default":null,"Extra":""},{"Field":"is_verified","Type":"tinyint(1)","Null":"YES","Key":"","Default":"0","Extra":""},{"Field":"created_at","Type":"timestamp","Null":"NO","Key":"","Default":"current_timestamp()","Extra":""},{"Field":"favorite_sport","Type":"varchar(50)","Null":"YES","Key":"","Default":null,"Extra":""},{"Field":"favorite_team","Type":"varchar(50)","Null":"YES","Key":"","Default":null,"Extra":""},{"Field":"account_type","Type":"enum('user','admin')","Null":"YES","Key":"","Default":"user","Extra":""}]
[23-Apr-2025 23:46:15 Europe/Berlin] Number of users in database: 13
[23-Apr-2025 23:46:15 Europe/Berlin] All tables initialized successfully
[23-Apr-2025 23:46:15 Europe/Berlin] API Request received: /sportsync/backend/match.php?action=fetch_matches&sport=cricket&status=live
[23-Apr-2025 23:46:15 Europe/Berlin] GET parameters: Array
(
    [action] => fetch_matches
    [sport] => cricket
    [status] => live
)

[23-Apr-2025 23:46:15 Europe/Berlin] Executing SQL: SELECT * FROM matches WHERE sport = :sport AND status = :status
[23-Apr-2025 23:46:15 Europe/Berlin] With params: {":sport":"cricket",":status":"live"}
[23-Apr-2025 23:46:15 Europe/Berlin] Query executed successfully. Found 1 rows
[23-Apr-2025 23:46:16 Europe/Berlin] Connected to database. Tables found: favorites, feedback, matches, matches_backup, matches_new, news, newsletter, notifications, players, subscriptions, users
[23-Apr-2025 23:46:16 Europe/Berlin] Executing SQL: CREATE TABLE IF NOT EXISTS users (
                id INT AUTO_INCREMENT PRIMARY KEY,
                username VARCHAR(50) NOT NULL UNIQUE,
                password VARCHAR(255) NOT NULL,
                email VARCHAR(100) NOT NULL UNIQUE,
                account_type ENUM('user', 'admin') DEFAULT 'user',
                created_at TIMESTAMP DEFAULT CURRENT_TIMESTAMP
            )
[23-Apr-2025 23:46:16 Europe/Berlin] With params: []
[23-Apr-2025 23:46:16 Europe/Berlin] Query executed successfully. Found 0 rows
[23-Apr-2025 23:46:16 Europe/Berlin] Users table created or already exists
[23-Apr-2025 23:46:16 Europe/Berlin] Users table structure: [{"Field":"id","Type":"int(11)","Null":"NO","Key":"PRI","Default":null,"Extra":"auto_increment"},{"Field":"username","Type":"varchar(50)","Null":"NO","Key":"","Default":null,"Extra":""},{"Field":"email","Type":"varchar(100)","Null":"NO","Key":"UNI","Default":null,"Extra":""},{"Field":"password","Type":"varchar(255)","Null":"NO","Key":"","Default":null,"Extra":""},{"Field":"role","Type":"enum('user','admin')","Null":"YES","Key":"","Default":"user","Extra":""},{"Field":"verification_code","Type":"varchar(100)","Null":"YES","Key":"","Default":null,"Extra":""},{"Field":"is_verified","Type":"tinyint(1)","Null":"YES","Key":"","Default":"0","Extra":""},{"Field":"created_at","Type":"timestamp","Null":"NO","Key":"","Default":"current_timestamp()","Extra":""},{"Field":"favorite_sport","Type":"varchar(50)","Null":"YES","Key":"","Default":null,"Extra":""},{"Field":"favorite_team","Type":"varchar(50)","Null":"YES","Key":"","Default":null,"Extra":""},{"Field":"account_type","Type":"enum('user','admin')","Null":"YES","Key":"","Default":"user","Extra":""}]
[23-Apr-2025 23:46:16 Europe/Berlin] Number of users in database: 13
[23-Apr-2025 23:46:16 Europe/Berlin] All tables initialized successfully
[23-Apr-2025 23:46:16 Europe/Berlin] Connected to database. Tables found: favorites, feedback, matches, matches_backup, matches_new, news, newsletter, notifications, players, subscriptions, users
[23-Apr-2025 23:46:16 Europe/Berlin] Executing SQL: CREATE TABLE IF NOT EXISTS users (
                id INT AUTO_INCREMENT PRIMARY KEY,
                username VARCHAR(50) NOT NULL UNIQUE,
                password VARCHAR(255) NOT NULL,
                email VARCHAR(100) NOT NULL UNIQUE,
                account_type ENUM('user', 'admin') DEFAULT 'user',
                created_at TIMESTAMP DEFAULT CURRENT_TIMESTAMP
            )
[23-Apr-2025 23:46:16 Europe/Berlin] With params: []
[23-Apr-2025 23:46:16 Europe/Berlin] Query executed successfully. Found 0 rows
[23-Apr-2025 23:46:16 Europe/Berlin] Users table created or already exists
[23-Apr-2025 23:46:16 Europe/Berlin] Users table structure: [{"Field":"id","Type":"int(11)","Null":"NO","Key":"PRI","Default":null,"Extra":"auto_increment"},{"Field":"username","Type":"varchar(50)","Null":"NO","Key":"","Default":null,"Extra":""},{"Field":"email","Type":"varchar(100)","Null":"NO","Key":"UNI","Default":null,"Extra":""},{"Field":"password","Type":"varchar(255)","Null":"NO","Key":"","Default":null,"Extra":""},{"Field":"role","Type":"enum('user','admin')","Null":"YES","Key":"","Default":"user","Extra":""},{"Field":"verification_code","Type":"varchar(100)","Null":"YES","Key":"","Default":null,"Extra":""},{"Field":"is_verified","Type":"tinyint(1)","Null":"YES","Key":"","Default":"0","Extra":""},{"Field":"created_at","Type":"timestamp","Null":"NO","Key":"","Default":"current_timestamp()","Extra":""},{"Field":"favorite_sport","Type":"varchar(50)","Null":"YES","Key":"","Default":null,"Extra":""},{"Field":"favorite_team","Type":"varchar(50)","Null":"YES","Key":"","Default":null,"Extra":""},{"Field":"account_type","Type":"enum('user','admin')","Null":"YES","Key":"","Default":"user","Extra":""}]
[23-Apr-2025 23:46:16 Europe/Berlin] Number of users in database: 13
[23-Apr-2025 23:46:16 Europe/Berlin] All tables initialized successfully
[23-Apr-2025 23:46:16 Europe/Berlin] Database tables initialized successfully
[23-Apr-2025 23:46:16 Europe/Berlin] Executing SQL: SELECT * FROM users WHERE id = :id
[23-Apr-2025 23:46:16 Europe/Berlin] With params: {":id":12}
[23-Apr-2025 23:46:16 Europe/Berlin] Query executed successfully. Found 1 rows
[23-Apr-2025 23:46:16 Europe/Berlin] User loaded from session: varunpndey
[23-Apr-2025 23:46:16 Europe/Berlin] Executing SQL: CREATE TABLE IF NOT EXISTS players (
                id INT AUTO_INCREMENT PRIMARY KEY,
                match_id INT NOT NULL,
                team VARCHAR(100) NOT NULL,
                name VARCHAR(100) NOT NULL,
                role VARCHAR(50) NOT NULL,
                score INT DEFAULT 0,
                sport VARCHAR(20) NOT NULL,
                created_at TIMESTAMP DEFAULT CURRENT_TIMESTAMP,
                FOREIGN KEY (match_id) REFERENCES matches(id) ON DELETE CASCADE
            )
[23-Apr-2025 23:46:16 Europe/Berlin] With params: []
[23-Apr-2025 23:46:16 Europe/Berlin] Query executed successfully. Found 0 rows
[23-Apr-2025 23:46:16 Europe/Berlin] Executing SQL: SELECT * FROM matches WHERE id = :id
[23-Apr-2025 23:46:16 Europe/Berlin] With params: {":id":42}
[23-Apr-2025 23:46:16 Europe/Berlin] Query executed successfully. Found 1 rows
[23-Apr-2025 23:46:16 Europe/Berlin] Executing SQL: SELECT * FROM players WHERE match_id = :match_id AND team = :team
[23-Apr-2025 23:46:16 Europe/Berlin] With params: {":match_id":42,":team":"Rcb"}
[23-Apr-2025 23:46:16 Europe/Berlin] Query executed successfully. Found 0 rows
[23-Apr-2025 23:46:16 Europe/Berlin] Executing SQL: SELECT * FROM players WHERE match_id = :match_id AND team = :team
[23-Apr-2025 23:46:16 Europe/Berlin] With params: {":match_id":42,":team":"PBKS"}
[23-Apr-2025 23:46:16 Europe/Berlin] Query executed successfully. Found 0 rows
[23-Apr-2025 23:46:16 Europe/Berlin] Header - Session status: 2
[23-Apr-2025 23:46:16 Europe/Berlin] Header - Session data: {"user_id":12,"username":"varunpndey","email":"va@gmail.com","account_type":"admin"}
[23-Apr-2025 23:46:16 Europe/Berlin] Header - After session start - Status: 2
[23-Apr-2025 23:46:16 Europe/Berlin] Header - After session start - Data: {"user_id":12,"username":"varunpndey","email":"va@gmail.com","account_type":"admin"}
[23-Apr-2025 23:46:16 Europe/Berlin] Header - Is logged in: Yes
[23-Apr-2025 23:46:20 Europe/Berlin] Connected to database. Tables found: favorites, feedback, matches, matches_backup, matches_new, news, newsletter, notifications, players, subscriptions, users
[23-Apr-2025 23:46:20 Europe/Berlin] Executing SQL: CREATE TABLE IF NOT EXISTS users (
                id INT AUTO_INCREMENT PRIMARY KEY,
                username VARCHAR(50) NOT NULL UNIQUE,
                password VARCHAR(255) NOT NULL,
                email VARCHAR(100) NOT NULL UNIQUE,
                account_type ENUM('user', 'admin') DEFAULT 'user',
                created_at TIMESTAMP DEFAULT CURRENT_TIMESTAMP
            )
[23-Apr-2025 23:46:20 Europe/Berlin] With params: []
[23-Apr-2025 23:46:20 Europe/Berlin] Query executed successfully. Found 0 rows
[23-Apr-2025 23:46:20 Europe/Berlin] Users table created or already exists
[23-Apr-2025 23:46:20 Europe/Berlin] Users table structure: [{"Field":"id","Type":"int(11)","Null":"NO","Key":"PRI","Default":null,"Extra":"auto_increment"},{"Field":"username","Type":"varchar(50)","Null":"NO","Key":"","Default":null,"Extra":""},{"Field":"email","Type":"varchar(100)","Null":"NO","Key":"UNI","Default":null,"Extra":""},{"Field":"password","Type":"varchar(255)","Null":"NO","Key":"","Default":null,"Extra":""},{"Field":"role","Type":"enum('user','admin')","Null":"YES","Key":"","Default":"user","Extra":""},{"Field":"verification_code","Type":"varchar(100)","Null":"YES","Key":"","Default":null,"Extra":""},{"Field":"is_verified","Type":"tinyint(1)","Null":"YES","Key":"","Default":"0","Extra":""},{"Field":"created_at","Type":"timestamp","Null":"NO","Key":"","Default":"current_timestamp()","Extra":""},{"Field":"favorite_sport","Type":"varchar(50)","Null":"YES","Key":"","Default":null,"Extra":""},{"Field":"favorite_team","Type":"varchar(50)","Null":"YES","Key":"","Default":null,"Extra":""},{"Field":"account_type","Type":"enum('user','admin')","Null":"YES","Key":"","Default":"user","Extra":""}]
[23-Apr-2025 23:46:20 Europe/Berlin] Number of users in database: 13
[23-Apr-2025 23:46:20 Europe/Berlin] All tables initialized successfully
[23-Apr-2025 23:46:20 Europe/Berlin] Connected to database. Tables found: favorites, feedback, matches, matches_backup, matches_new, news, newsletter, notifications, players, subscriptions, users
[23-Apr-2025 23:46:20 Europe/Berlin] Executing SQL: CREATE TABLE IF NOT EXISTS users (
                id INT AUTO_INCREMENT PRIMARY KEY,
                username VARCHAR(50) NOT NULL UNIQUE,
                password VARCHAR(255) NOT NULL,
                email VARCHAR(100) NOT NULL UNIQUE,
                account_type ENUM('user', 'admin') DEFAULT 'user',
                created_at TIMESTAMP DEFAULT CURRENT_TIMESTAMP
            )
[23-Apr-2025 23:46:20 Europe/Berlin] With params: []
[23-Apr-2025 23:46:20 Europe/Berlin] Query executed successfully. Found 0 rows
[23-Apr-2025 23:46:20 Europe/Berlin] Users table created or already exists
[23-Apr-2025 23:46:20 Europe/Berlin] Users table structure: [{"Field":"id","Type":"int(11)","Null":"NO","Key":"PRI","Default":null,"Extra":"auto_increment"},{"Field":"username","Type":"varchar(50)","Null":"NO","Key":"","Default":null,"Extra":""},{"Field":"email","Type":"varchar(100)","Null":"NO","Key":"UNI","Default":null,"Extra":""},{"Field":"password","Type":"varchar(255)","Null":"NO","Key":"","Default":null,"Extra":""},{"Field":"role","Type":"enum('user','admin')","Null":"YES","Key":"","Default":"user","Extra":""},{"Field":"verification_code","Type":"varchar(100)","Null":"YES","Key":"","Default":null,"Extra":""},{"Field":"is_verified","Type":"tinyint(1)","Null":"YES","Key":"","Default":"0","Extra":""},{"Field":"created_at","Type":"timestamp","Null":"NO","Key":"","Default":"current_timestamp()","Extra":""},{"Field":"favorite_sport","Type":"varchar(50)","Null":"YES","Key":"","Default":null,"Extra":""},{"Field":"favorite_team","Type":"varchar(50)","Null":"YES","Key":"","Default":null,"Extra":""},{"Field":"account_type","Type":"enum('user','admin')","Null":"YES","Key":"","Default":"user","Extra":""}]
[23-Apr-2025 23:46:20 Europe/Berlin] Number of users in database: 13
[23-Apr-2025 23:46:20 Europe/Berlin] All tables initialized successfully
[23-Apr-2025 23:46:20 Europe/Berlin] Database tables initialized successfully
[23-Apr-2025 23:46:20 Europe/Berlin] Executing SQL: SELECT * FROM users WHERE id = :id
[23-Apr-2025 23:46:20 Europe/Berlin] With params: {":id":12}
[23-Apr-2025 23:46:20 Europe/Berlin] Query executed successfully. Found 1 rows
[23-Apr-2025 23:46:20 Europe/Berlin] User loaded from session: varunpndey
[23-Apr-2025 23:46:20 Europe/Berlin] Connected to database. Tables found: favorites, feedback, matches, matches_backup, matches_new, news, newsletter, notifications, players, subscriptions, users
[23-Apr-2025 23:46:20 Europe/Berlin] Executing SQL: CREATE TABLE IF NOT EXISTS users (
                id INT AUTO_INCREMENT PRIMARY KEY,
                username VARCHAR(50) NOT NULL UNIQUE,
                password VARCHAR(255) NOT NULL,
                email VARCHAR(100) NOT NULL UNIQUE,
                account_type ENUM('user', 'admin') DEFAULT 'user',
                created_at TIMESTAMP DEFAULT CURRENT_TIMESTAMP
            )
[23-Apr-2025 23:46:20 Europe/Berlin] With params: []
[23-Apr-2025 23:46:20 Europe/Berlin] Query executed successfully. Found 0 rows
[23-Apr-2025 23:46:20 Europe/Berlin] Users table created or already exists
[23-Apr-2025 23:46:20 Europe/Berlin] Users table structure: [{"Field":"id","Type":"int(11)","Null":"NO","Key":"PRI","Default":null,"Extra":"auto_increment"},{"Field":"username","Type":"varchar(50)","Null":"NO","Key":"","Default":null,"Extra":""},{"Field":"email","Type":"varchar(100)","Null":"NO","Key":"UNI","Default":null,"Extra":""},{"Field":"password","Type":"varchar(255)","Null":"NO","Key":"","Default":null,"Extra":""},{"Field":"role","Type":"enum('user','admin')","Null":"YES","Key":"","Default":"user","Extra":""},{"Field":"verification_code","Type":"varchar(100)","Null":"YES","Key":"","Default":null,"Extra":""},{"Field":"is_verified","Type":"tinyint(1)","Null":"YES","Key":"","Default":"0","Extra":""},{"Field":"created_at","Type":"timestamp","Null":"NO","Key":"","Default":"current_timestamp()","Extra":""},{"Field":"favorite_sport","Type":"varchar(50)","Null":"YES","Key":"","Default":null,"Extra":""},{"Field":"favorite_team","Type":"varchar(50)","Null":"YES","Key":"","Default":null,"Extra":""},{"Field":"account_type","Type":"enum('user','admin')","Null":"YES","Key":"","Default":"user","Extra":""}]
[23-Apr-2025 23:46:20 Europe/Berlin] Number of users in database: 13
[23-Apr-2025 23:46:20 Europe/Berlin] All tables initialized successfully
[23-Apr-2025 23:46:20 Europe/Berlin] Connected to database. Tables found: favorites, feedback, matches, matches_backup, matches_new, news, newsletter, notifications, players, subscriptions, users
[23-Apr-2025 23:46:20 Europe/Berlin] Executing SQL: CREATE TABLE IF NOT EXISTS users (
                id INT AUTO_INCREMENT PRIMARY KEY,
                username VARCHAR(50) NOT NULL UNIQUE,
                password VARCHAR(255) NOT NULL,
                email VARCHAR(100) NOT NULL UNIQUE,
                account_type ENUM('user', 'admin') DEFAULT 'user',
                created_at TIMESTAMP DEFAULT CURRENT_TIMESTAMP
            )
[23-Apr-2025 23:46:20 Europe/Berlin] With params: []
[23-Apr-2025 23:46:20 Europe/Berlin] Query executed successfully. Found 0 rows
[23-Apr-2025 23:46:20 Europe/Berlin] Users table created or already exists
[23-Apr-2025 23:46:20 Europe/Berlin] Users table structure: [{"Field":"id","Type":"int(11)","Null":"NO","Key":"PRI","Default":null,"Extra":"auto_increment"},{"Field":"username","Type":"varchar(50)","Null":"NO","Key":"","Default":null,"Extra":""},{"Field":"email","Type":"varchar(100)","Null":"NO","Key":"UNI","Default":null,"Extra":""},{"Field":"password","Type":"varchar(255)","Null":"NO","Key":"","Default":null,"Extra":""},{"Field":"role","Type":"enum('user','admin')","Null":"YES","Key":"","Default":"user","Extra":""},{"Field":"verification_code","Type":"varchar(100)","Null":"YES","Key":"","Default":null,"Extra":""},{"Field":"is_verified","Type":"tinyint(1)","Null":"YES","Key":"","Default":"0","Extra":""},{"Field":"created_at","Type":"timestamp","Null":"NO","Key":"","Default":"current_timestamp()","Extra":""},{"Field":"favorite_sport","Type":"varchar(50)","Null":"YES","Key":"","Default":null,"Extra":""},{"Field":"favorite_team","Type":"varchar(50)","Null":"YES","Key":"","Default":null,"Extra":""},{"Field":"account_type","Type":"enum('user','admin')","Null":"YES","Key":"","Default":"user","Extra":""}]
[23-Apr-2025 23:46:20 Europe/Berlin] Number of users in database: 13
[23-Apr-2025 23:46:20 Europe/Berlin] All tables initialized successfully
[23-Apr-2025 23:46:20 Europe/Berlin] Database tables initialized successfully
[23-Apr-2025 23:46:20 Europe/Berlin] Executing SQL: SELECT * FROM users WHERE id = :id
[23-Apr-2025 23:46:20 Europe/Berlin] With params: {":id":12}
[23-Apr-2025 23:46:20 Europe/Berlin] Query executed successfully. Found 1 rows
[23-Apr-2025 23:46:20 Europe/Berlin] User loaded from session: varunpndey
[23-Apr-2025 23:46:20 Europe/Berlin] Header - Session status: 2
[23-Apr-2025 23:46:20 Europe/Berlin] Header - Session data: {"user_id":12,"username":"varunpndey","email":"va@gmail.com","account_type":"admin"}
[23-Apr-2025 23:46:20 Europe/Berlin] Header - After session start - Status: 2
[23-Apr-2025 23:46:20 Europe/Berlin] Header - After session start - Data: {"user_id":12,"username":"varunpndey","email":"va@gmail.com","account_type":"admin"}
[23-Apr-2025 23:46:20 Europe/Berlin] Header - Is logged in: Yes
[23-Apr-2025 23:46:20 Europe/Berlin] Executing SQL: SELECT * FROM news ORDER BY created_at DESC LIMIT 5
[23-Apr-2025 23:46:20 Europe/Berlin] With params: []
[23-Apr-2025 23:46:20 Europe/Berlin] Query executed successfully. Found 2 rows
[23-Apr-2025 23:46:20 Europe/Berlin] Executing SQL: SELECT * FROM matches WHERE status = 'live'
[23-Apr-2025 23:46:20 Europe/Berlin] With params: []
[23-Apr-2025 23:46:20 Europe/Berlin] Query executed successfully. Found 1 rows
[23-Apr-2025 23:46:20 Europe/Berlin] Executing SQL: SELECT COUNT(*) as count FROM favorites 
                    WHERE user_id = :user_id AND match_id = :match_id
[23-Apr-2025 23:46:20 Europe/Berlin] With params: {":user_id":12,":match_id":42}
[23-Apr-2025 23:46:20 Europe/Berlin] Query executed successfully. Found 1 rows
[23-Apr-2025 23:46:21 Europe/Berlin] Connected to database. Tables found: favorites, feedback, matches, matches_backup, matches_new, news, newsletter, notifications, players, subscriptions, users
[23-Apr-2025 23:46:21 Europe/Berlin] Executing SQL: CREATE TABLE IF NOT EXISTS users (
                id INT AUTO_INCREMENT PRIMARY KEY,
                username VARCHAR(50) NOT NULL UNIQUE,
                password VARCHAR(255) NOT NULL,
                email VARCHAR(100) NOT NULL UNIQUE,
                account_type ENUM('user', 'admin') DEFAULT 'user',
                created_at TIMESTAMP DEFAULT CURRENT_TIMESTAMP
            )
[23-Apr-2025 23:46:21 Europe/Berlin] With params: []
[23-Apr-2025 23:46:21 Europe/Berlin] Query executed successfully. Found 0 rows
[23-Apr-2025 23:46:21 Europe/Berlin] Users table created or already exists
[23-Apr-2025 23:46:21 Europe/Berlin] Users table structure: [{"Field":"id","Type":"int(11)","Null":"NO","Key":"PRI","Default":null,"Extra":"auto_increment"},{"Field":"username","Type":"varchar(50)","Null":"NO","Key":"","Default":null,"Extra":""},{"Field":"email","Type":"varchar(100)","Null":"NO","Key":"UNI","Default":null,"Extra":""},{"Field":"password","Type":"varchar(255)","Null":"NO","Key":"","Default":null,"Extra":""},{"Field":"role","Type":"enum('user','admin')","Null":"YES","Key":"","Default":"user","Extra":""},{"Field":"verification_code","Type":"varchar(100)","Null":"YES","Key":"","Default":null,"Extra":""},{"Field":"is_verified","Type":"tinyint(1)","Null":"YES","Key":"","Default":"0","Extra":""},{"Field":"created_at","Type":"timestamp","Null":"NO","Key":"","Default":"current_timestamp()","Extra":""},{"Field":"favorite_sport","Type":"varchar(50)","Null":"YES","Key":"","Default":null,"Extra":""},{"Field":"favorite_team","Type":"varchar(50)","Null":"YES","Key":"","Default":null,"Extra":""},{"Field":"account_type","Type":"enum('user','admin')","Null":"YES","Key":"","Default":"user","Extra":""}]
[23-Apr-2025 23:46:21 Europe/Berlin] Number of users in database: 13
[23-Apr-2025 23:46:21 Europe/Berlin] All tables initialized successfully
[23-Apr-2025 23:46:21 Europe/Berlin] Connected to database. Tables found: favorites, feedback, matches, matches_backup, matches_new, news, newsletter, notifications, players, subscriptions, users
[23-Apr-2025 23:46:21 Europe/Berlin] Executing SQL: CREATE TABLE IF NOT EXISTS users (
                id INT AUTO_INCREMENT PRIMARY KEY,
                username VARCHAR(50) NOT NULL UNIQUE,
                password VARCHAR(255) NOT NULL,
                email VARCHAR(100) NOT NULL UNIQUE,
                account_type ENUM('user', 'admin') DEFAULT 'user',
                created_at TIMESTAMP DEFAULT CURRENT_TIMESTAMP
            )
[23-Apr-2025 23:46:21 Europe/Berlin] With params: []
[23-Apr-2025 23:46:21 Europe/Berlin] Query executed successfully. Found 0 rows
[23-Apr-2025 23:46:21 Europe/Berlin] Users table created or already exists
[23-Apr-2025 23:46:21 Europe/Berlin] Users table structure: [{"Field":"id","Type":"int(11)","Null":"NO","Key":"PRI","Default":null,"Extra":"auto_increment"},{"Field":"username","Type":"varchar(50)","Null":"NO","Key":"","Default":null,"Extra":""},{"Field":"email","Type":"varchar(100)","Null":"NO","Key":"UNI","Default":null,"Extra":""},{"Field":"password","Type":"varchar(255)","Null":"NO","Key":"","Default":null,"Extra":""},{"Field":"role","Type":"enum('user','admin')","Null":"YES","Key":"","Default":"user","Extra":""},{"Field":"verification_code","Type":"varchar(100)","Null":"YES","Key":"","Default":null,"Extra":""},{"Field":"is_verified","Type":"tinyint(1)","Null":"YES","Key":"","Default":"0","Extra":""},{"Field":"created_at","Type":"timestamp","Null":"NO","Key":"","Default":"current_timestamp()","Extra":""},{"Field":"favorite_sport","Type":"varchar(50)","Null":"YES","Key":"","Default":null,"Extra":""},{"Field":"favorite_team","Type":"varchar(50)","Null":"YES","Key":"","Default":null,"Extra":""},{"Field":"account_type","Type":"enum('user','admin')","Null":"YES","Key":"","Default":"user","Extra":""}]
[23-Apr-2025 23:46:21 Europe/Berlin] Number of users in database: 13
[23-Apr-2025 23:46:21 Europe/Berlin] All tables initialized successfully
[23-Apr-2025 23:46:21 Europe/Berlin] Database tables initialized successfully
[23-Apr-2025 23:46:21 Europe/Berlin] Executing SQL: SELECT * FROM users WHERE id = :id
[23-Apr-2025 23:46:21 Europe/Berlin] With params: {":id":12}
[23-Apr-2025 23:46:21 Europe/Berlin] Query executed successfully. Found 1 rows
[23-Apr-2025 23:46:21 Europe/Berlin] User loaded from session: varunpndey
[23-Apr-2025 23:46:21 Europe/Berlin] Executing SQL: SELECT * FROM users WHERE id = :id
[23-Apr-2025 23:46:21 Europe/Berlin] With params: {":id":12}
[23-Apr-2025 23:46:21 Europe/Berlin] Query executed successfully. Found 1 rows
[23-Apr-2025 23:46:21 Europe/Berlin] Executing SQL: SELECT * FROM news ORDER BY created_at DESC
[23-Apr-2025 23:46:21 Europe/Berlin] With params: []
[23-Apr-2025 23:46:21 Europe/Berlin] Query executed successfully. Found 2 rows
[23-Apr-2025 23:46:21 Europe/Berlin] Executing SQL: SELECT * FROM feedback ORDER BY created_at DESC
[23-Apr-2025 23:46:21 Europe/Berlin] With params: []
[23-Apr-2025 23:46:21 Europe/Berlin] Query executed successfully. Found 7 rows
[23-Apr-2025 23:46:21 Europe/Berlin] Executing SQL: SELECT * FROM matches WHERE status = 'live'
[23-Apr-2025 23:46:21 Europe/Berlin] With params: []
[23-Apr-2025 23:46:21 Europe/Berlin] Query executed successfully. Found 1 rows
[23-Apr-2025 23:46:21 Europe/Berlin] Executing SQL: SELECT * FROM matches WHERE 1=1 ORDER BY match_time DESC
[23-Apr-2025 23:46:21 Europe/Berlin] With params: []
[23-Apr-2025 23:46:21 Europe/Berlin] Query executed successfully. Found 3 rows
[23-Apr-2025 23:46:25 Europe/Berlin] Connected to database. Tables found: favorites, feedback, matches, matches_backup, matches_new, news, newsletter, notifications, players, subscriptions, users
[23-Apr-2025 23:46:25 Europe/Berlin] Executing SQL: CREATE TABLE IF NOT EXISTS users (
                id INT AUTO_INCREMENT PRIMARY KEY,
                username VARCHAR(50) NOT NULL UNIQUE,
                password VARCHAR(255) NOT NULL,
                email VARCHAR(100) NOT NULL UNIQUE,
                account_type ENUM('user', 'admin') DEFAULT 'user',
                created_at TIMESTAMP DEFAULT CURRENT_TIMESTAMP
            )
[23-Apr-2025 23:46:25 Europe/Berlin] With params: []
[23-Apr-2025 23:46:25 Europe/Berlin] Query executed successfully. Found 0 rows
[23-Apr-2025 23:46:25 Europe/Berlin] Users table created or already exists
[23-Apr-2025 23:46:25 Europe/Berlin] Users table structure: [{"Field":"id","Type":"int(11)","Null":"NO","Key":"PRI","Default":null,"Extra":"auto_increment"},{"Field":"username","Type":"varchar(50)","Null":"NO","Key":"","Default":null,"Extra":""},{"Field":"email","Type":"varchar(100)","Null":"NO","Key":"UNI","Default":null,"Extra":""},{"Field":"password","Type":"varchar(255)","Null":"NO","Key":"","Default":null,"Extra":""},{"Field":"role","Type":"enum('user','admin')","Null":"YES","Key":"","Default":"user","Extra":""},{"Field":"verification_code","Type":"varchar(100)","Null":"YES","Key":"","Default":null,"Extra":""},{"Field":"is_verified","Type":"tinyint(1)","Null":"YES","Key":"","Default":"0","Extra":""},{"Field":"created_at","Type":"timestamp","Null":"NO","Key":"","Default":"current_timestamp()","Extra":""},{"Field":"favorite_sport","Type":"varchar(50)","Null":"YES","Key":"","Default":null,"Extra":""},{"Field":"favorite_team","Type":"varchar(50)","Null":"YES","Key":"","Default":null,"Extra":""},{"Field":"account_type","Type":"enum('user','admin')","Null":"YES","Key":"","Default":"user","Extra":""}]
[23-Apr-2025 23:46:25 Europe/Berlin] Number of users in database: 13
[23-Apr-2025 23:46:25 Europe/Berlin] All tables initialized successfully
[23-Apr-2025 23:46:25 Europe/Berlin] Connected to database. Tables found: favorites, feedback, matches, matches_backup, matches_new, news, newsletter, notifications, players, subscriptions, users
[23-Apr-2025 23:46:25 Europe/Berlin] Executing SQL: CREATE TABLE IF NOT EXISTS users (
                id INT AUTO_INCREMENT PRIMARY KEY,
                username VARCHAR(50) NOT NULL UNIQUE,
                password VARCHAR(255) NOT NULL,
                email VARCHAR(100) NOT NULL UNIQUE,
                account_type ENUM('user', 'admin') DEFAULT 'user',
                created_at TIMESTAMP DEFAULT CURRENT_TIMESTAMP
            )
[23-Apr-2025 23:46:25 Europe/Berlin] With params: []
[23-Apr-2025 23:46:25 Europe/Berlin] Query executed successfully. Found 0 rows
[23-Apr-2025 23:46:25 Europe/Berlin] Users table created or already exists
[23-Apr-2025 23:46:25 Europe/Berlin] Users table structure: [{"Field":"id","Type":"int(11)","Null":"NO","Key":"PRI","Default":null,"Extra":"auto_increment"},{"Field":"username","Type":"varchar(50)","Null":"NO","Key":"","Default":null,"Extra":""},{"Field":"email","Type":"varchar(100)","Null":"NO","Key":"UNI","Default":null,"Extra":""},{"Field":"password","Type":"varchar(255)","Null":"NO","Key":"","Default":null,"Extra":""},{"Field":"role","Type":"enum('user','admin')","Null":"YES","Key":"","Default":"user","Extra":""},{"Field":"verification_code","Type":"varchar(100)","Null":"YES","Key":"","Default":null,"Extra":""},{"Field":"is_verified","Type":"tinyint(1)","Null":"YES","Key":"","Default":"0","Extra":""},{"Field":"created_at","Type":"timestamp","Null":"NO","Key":"","Default":"current_timestamp()","Extra":""},{"Field":"favorite_sport","Type":"varchar(50)","Null":"YES","Key":"","Default":null,"Extra":""},{"Field":"favorite_team","Type":"varchar(50)","Null":"YES","Key":"","Default":null,"Extra":""},{"Field":"account_type","Type":"enum('user','admin')","Null":"YES","Key":"","Default":"user","Extra":""}]
[23-Apr-2025 23:46:25 Europe/Berlin] Number of users in database: 13
[23-Apr-2025 23:46:25 Europe/Berlin] All tables initialized successfully
[23-Apr-2025 23:46:25 Europe/Berlin] Database tables initialized successfully
[23-Apr-2025 23:46:25 Europe/Berlin] Executing SQL: SELECT * FROM users WHERE id = :id
[23-Apr-2025 23:46:25 Europe/Berlin] With params: {":id":12}
[23-Apr-2025 23:46:25 Europe/Berlin] Query executed successfully. Found 1 rows
[23-Apr-2025 23:46:25 Europe/Berlin] User loaded from session: varunpndey
[23-Apr-2025 23:46:25 Europe/Berlin] Executing SQL: SELECT * FROM users WHERE id = :id
[23-Apr-2025 23:46:25 Europe/Berlin] With params: {":id":12}
[23-Apr-2025 23:46:25 Europe/Berlin] Query executed successfully. Found 1 rows
[23-Apr-2025 23:46:25 Europe/Berlin] Executing SQL: SELECT * FROM news ORDER BY created_at DESC
[23-Apr-2025 23:46:25 Europe/Berlin] With params: []
[23-Apr-2025 23:46:25 Europe/Berlin] Query executed successfully. Found 2 rows
[23-Apr-2025 23:46:25 Europe/Berlin] Executing SQL: SELECT * FROM feedback ORDER BY created_at DESC
[23-Apr-2025 23:46:25 Europe/Berlin] With params: []
[23-Apr-2025 23:46:25 Europe/Berlin] Query executed successfully. Found 7 rows
[23-Apr-2025 23:46:25 Europe/Berlin] Executing SQL: SELECT * FROM matches WHERE status = 'live'
[23-Apr-2025 23:46:25 Europe/Berlin] With params: []
[23-Apr-2025 23:46:25 Europe/Berlin] Query executed successfully. Found 1 rows
[23-Apr-2025 23:46:25 Europe/Berlin] Executing SQL: SELECT * FROM matches WHERE 1=1 AND sport = :sport ORDER BY match_time DESC
[23-Apr-2025 23:46:25 Europe/Berlin] With params: {":sport":"football"}
[23-Apr-2025 23:46:25 Europe/Berlin] Query executed successfully. Found 1 rows
[23-Apr-2025 23:46:47 Europe/Berlin] Connected to database. Tables found: favorites, feedback, matches, matches_backup, matches_new, news, newsletter, notifications, players, subscriptions, users
[23-Apr-2025 23:46:47 Europe/Berlin] Executing SQL: CREATE TABLE IF NOT EXISTS users (
                id INT AUTO_INCREMENT PRIMARY KEY,
                username VARCHAR(50) NOT NULL UNIQUE,
                password VARCHAR(255) NOT NULL,
                email VARCHAR(100) NOT NULL UNIQUE,
                account_type ENUM('user', 'admin') DEFAULT 'user',
                created_at TIMESTAMP DEFAULT CURRENT_TIMESTAMP
            )
[23-Apr-2025 23:46:47 Europe/Berlin] With params: []
[23-Apr-2025 23:46:47 Europe/Berlin] Query executed successfully. Found 0 rows
[23-Apr-2025 23:46:47 Europe/Berlin] Users table created or already exists
[23-Apr-2025 23:46:47 Europe/Berlin] Users table structure: [{"Field":"id","Type":"int(11)","Null":"NO","Key":"PRI","Default":null,"Extra":"auto_increment"},{"Field":"username","Type":"varchar(50)","Null":"NO","Key":"","Default":null,"Extra":""},{"Field":"email","Type":"varchar(100)","Null":"NO","Key":"UNI","Default":null,"Extra":""},{"Field":"password","Type":"varchar(255)","Null":"NO","Key":"","Default":null,"Extra":""},{"Field":"role","Type":"enum('user','admin')","Null":"YES","Key":"","Default":"user","Extra":""},{"Field":"verification_code","Type":"varchar(100)","Null":"YES","Key":"","Default":null,"Extra":""},{"Field":"is_verified","Type":"tinyint(1)","Null":"YES","Key":"","Default":"0","Extra":""},{"Field":"created_at","Type":"timestamp","Null":"NO","Key":"","Default":"current_timestamp()","Extra":""},{"Field":"favorite_sport","Type":"varchar(50)","Null":"YES","Key":"","Default":null,"Extra":""},{"Field":"favorite_team","Type":"varchar(50)","Null":"YES","Key":"","Default":null,"Extra":""},{"Field":"account_type","Type":"enum('user','admin')","Null":"YES","Key":"","Default":"user","Extra":""}]
[23-Apr-2025 23:46:47 Europe/Berlin] Number of users in database: 13
[23-Apr-2025 23:46:47 Europe/Berlin] All tables initialized successfully
[23-Apr-2025 23:46:47 Europe/Berlin] Connected to database. Tables found: favorites, feedback, matches, matches_backup, matches_new, news, newsletter, notifications, players, subscriptions, users
[23-Apr-2025 23:46:47 Europe/Berlin] Executing SQL: CREATE TABLE IF NOT EXISTS users (
                id INT AUTO_INCREMENT PRIMARY KEY,
                username VARCHAR(50) NOT NULL UNIQUE,
                password VARCHAR(255) NOT NULL,
                email VARCHAR(100) NOT NULL UNIQUE,
                account_type ENUM('user', 'admin') DEFAULT 'user',
                created_at TIMESTAMP DEFAULT CURRENT_TIMESTAMP
            )
[23-Apr-2025 23:46:47 Europe/Berlin] With params: []
[23-Apr-2025 23:46:47 Europe/Berlin] Query executed successfully. Found 0 rows
[23-Apr-2025 23:46:47 Europe/Berlin] Users table created or already exists
[23-Apr-2025 23:46:47 Europe/Berlin] Users table structure: [{"Field":"id","Type":"int(11)","Null":"NO","Key":"PRI","Default":null,"Extra":"auto_increment"},{"Field":"username","Type":"varchar(50)","Null":"NO","Key":"","Default":null,"Extra":""},{"Field":"email","Type":"varchar(100)","Null":"NO","Key":"UNI","Default":null,"Extra":""},{"Field":"password","Type":"varchar(255)","Null":"NO","Key":"","Default":null,"Extra":""},{"Field":"role","Type":"enum('user','admin')","Null":"YES","Key":"","Default":"user","Extra":""},{"Field":"verification_code","Type":"varchar(100)","Null":"YES","Key":"","Default":null,"Extra":""},{"Field":"is_verified","Type":"tinyint(1)","Null":"YES","Key":"","Default":"0","Extra":""},{"Field":"created_at","Type":"timestamp","Null":"NO","Key":"","Default":"current_timestamp()","Extra":""},{"Field":"favorite_sport","Type":"varchar(50)","Null":"YES","Key":"","Default":null,"Extra":""},{"Field":"favorite_team","Type":"varchar(50)","Null":"YES","Key":"","Default":null,"Extra":""},{"Field":"account_type","Type":"enum('user','admin')","Null":"YES","Key":"","Default":"user","Extra":""}]
[23-Apr-2025 23:46:47 Europe/Berlin] Number of users in database: 13
[23-Apr-2025 23:46:47 Europe/Berlin] All tables initialized successfully
[23-Apr-2025 23:46:47 Europe/Berlin] Database tables initialized successfully
[23-Apr-2025 23:46:47 Europe/Berlin] Executing SQL: SELECT * FROM users WHERE id = :id
[23-Apr-2025 23:46:47 Europe/Berlin] With params: {":id":12}
[23-Apr-2025 23:46:47 Europe/Berlin] Query executed successfully. Found 1 rows
[23-Apr-2025 23:46:47 Europe/Berlin] User loaded from session: varunpndey
[23-Apr-2025 23:46:47 Europe/Berlin] Executing SQL: SELECT * FROM users WHERE id = :id
[23-Apr-2025 23:46:47 Europe/Berlin] With params: {":id":12}
[23-Apr-2025 23:46:47 Europe/Berlin] Query executed successfully. Found 1 rows
[23-Apr-2025 23:46:47 Europe/Berlin] Executing SQL: UPDATE matches SET team1 = :team1, team2 = :team2, venue = :venue, match_time = :match_time, sport = :sport, status = :status, team1_score = :team1_score, team2_score = :team2_score, team1_shots = :team1_shots, team2_shots = :team2_shots, team1_possession = :team1_possession, team2_possession = :team2_possession WHERE id = :id
[23-Apr-2025 23:46:47 Europe/Berlin] With params: {":id":"41",":team1":"Mohun Bagan",":team2":"Bengeluru",":venue":"kolkata",":match_time":"2025-04-22T02:30",":sport":"football",":status":"live",":team1_score":"3",":team2_score":"2",":team1_shots":"7",":team2_shots":"11",":team1_possession":"50",":team2_possession":"50"}
[23-Apr-2025 23:46:47 Europe/Berlin] Query executed successfully. Found 0 rows
[23-Apr-2025 23:46:48 Europe/Berlin] Connected to database. Tables found: favorites, feedback, matches, matches_backup, matches_new, news, newsletter, notifications, players, subscriptions, users
[23-Apr-2025 23:46:48 Europe/Berlin] Executing SQL: CREATE TABLE IF NOT EXISTS users (
                id INT AUTO_INCREMENT PRIMARY KEY,
                username VARCHAR(50) NOT NULL UNIQUE,
                password VARCHAR(255) NOT NULL,
                email VARCHAR(100) NOT NULL UNIQUE,
                account_type ENUM('user', 'admin') DEFAULT 'user',
                created_at TIMESTAMP DEFAULT CURRENT_TIMESTAMP
            )
[23-Apr-2025 23:46:48 Europe/Berlin] With params: []
[23-Apr-2025 23:46:48 Europe/Berlin] Query executed successfully. Found 0 rows
[23-Apr-2025 23:46:48 Europe/Berlin] Users table created or already exists
[23-Apr-2025 23:46:48 Europe/Berlin] Users table structure: [{"Field":"id","Type":"int(11)","Null":"NO","Key":"PRI","Default":null,"Extra":"auto_increment"},{"Field":"username","Type":"varchar(50)","Null":"NO","Key":"","Default":null,"Extra":""},{"Field":"email","Type":"varchar(100)","Null":"NO","Key":"UNI","Default":null,"Extra":""},{"Field":"password","Type":"varchar(255)","Null":"NO","Key":"","Default":null,"Extra":""},{"Field":"role","Type":"enum('user','admin')","Null":"YES","Key":"","Default":"user","Extra":""},{"Field":"verification_code","Type":"varchar(100)","Null":"YES","Key":"","Default":null,"Extra":""},{"Field":"is_verified","Type":"tinyint(1)","Null":"YES","Key":"","Default":"0","Extra":""},{"Field":"created_at","Type":"timestamp","Null":"NO","Key":"","Default":"current_timestamp()","Extra":""},{"Field":"favorite_sport","Type":"varchar(50)","Null":"YES","Key":"","Default":null,"Extra":""},{"Field":"favorite_team","Type":"varchar(50)","Null":"YES","Key":"","Default":null,"Extra":""},{"Field":"account_type","Type":"enum('user','admin')","Null":"YES","Key":"","Default":"user","Extra":""}]
[23-Apr-2025 23:46:48 Europe/Berlin] Number of users in database: 13
[23-Apr-2025 23:46:48 Europe/Berlin] All tables initialized successfully
[23-Apr-2025 23:46:48 Europe/Berlin] Connected to database. Tables found: favorites, feedback, matches, matches_backup, matches_new, news, newsletter, notifications, players, subscriptions, users
[23-Apr-2025 23:46:48 Europe/Berlin] Executing SQL: CREATE TABLE IF NOT EXISTS users (
                id INT AUTO_INCREMENT PRIMARY KEY,
                username VARCHAR(50) NOT NULL UNIQUE,
                password VARCHAR(255) NOT NULL,
                email VARCHAR(100) NOT NULL UNIQUE,
                account_type ENUM('user', 'admin') DEFAULT 'user',
                created_at TIMESTAMP DEFAULT CURRENT_TIMESTAMP
            )
[23-Apr-2025 23:46:48 Europe/Berlin] With params: []
[23-Apr-2025 23:46:48 Europe/Berlin] Query executed successfully. Found 0 rows
[23-Apr-2025 23:46:48 Europe/Berlin] Users table created or already exists
[23-Apr-2025 23:46:48 Europe/Berlin] Users table structure: [{"Field":"id","Type":"int(11)","Null":"NO","Key":"PRI","Default":null,"Extra":"auto_increment"},{"Field":"username","Type":"varchar(50)","Null":"NO","Key":"","Default":null,"Extra":""},{"Field":"email","Type":"varchar(100)","Null":"NO","Key":"UNI","Default":null,"Extra":""},{"Field":"password","Type":"varchar(255)","Null":"NO","Key":"","Default":null,"Extra":""},{"Field":"role","Type":"enum('user','admin')","Null":"YES","Key":"","Default":"user","Extra":""},{"Field":"verification_code","Type":"varchar(100)","Null":"YES","Key":"","Default":null,"Extra":""},{"Field":"is_verified","Type":"tinyint(1)","Null":"YES","Key":"","Default":"0","Extra":""},{"Field":"created_at","Type":"timestamp","Null":"NO","Key":"","Default":"current_timestamp()","Extra":""},{"Field":"favorite_sport","Type":"varchar(50)","Null":"YES","Key":"","Default":null,"Extra":""},{"Field":"favorite_team","Type":"varchar(50)","Null":"YES","Key":"","Default":null,"Extra":""},{"Field":"account_type","Type":"enum('user','admin')","Null":"YES","Key":"","Default":"user","Extra":""}]
[23-Apr-2025 23:46:48 Europe/Berlin] Number of users in database: 13
[23-Apr-2025 23:46:48 Europe/Berlin] All tables initialized successfully
[23-Apr-2025 23:46:48 Europe/Berlin] Database tables initialized successfully
[23-Apr-2025 23:46:48 Europe/Berlin] Executing SQL: SELECT * FROM users WHERE id = :id
[23-Apr-2025 23:46:49 Europe/Berlin] With params: {":id":12}
[23-Apr-2025 23:46:49 Europe/Berlin] Query executed successfully. Found 1 rows
[23-Apr-2025 23:46:49 Europe/Berlin] User loaded from session: varunpndey
[23-Apr-2025 23:46:49 Europe/Berlin] Executing SQL: SELECT * FROM users WHERE id = :id
[23-Apr-2025 23:46:49 Europe/Berlin] With params: {":id":12}
[23-Apr-2025 23:46:49 Europe/Berlin] Query executed successfully. Found 1 rows
[23-Apr-2025 23:46:49 Europe/Berlin] Executing SQL: SELECT * FROM news ORDER BY created_at DESC
[23-Apr-2025 23:46:49 Europe/Berlin] With params: []
[23-Apr-2025 23:46:49 Europe/Berlin] Query executed successfully. Found 2 rows
[23-Apr-2025 23:46:49 Europe/Berlin] Executing SQL: SELECT * FROM feedback ORDER BY created_at DESC
[23-Apr-2025 23:46:49 Europe/Berlin] With params: []
[23-Apr-2025 23:46:49 Europe/Berlin] Query executed successfully. Found 7 rows
[23-Apr-2025 23:46:49 Europe/Berlin] Executing SQL: SELECT * FROM matches WHERE status = 'live'
[23-Apr-2025 23:46:49 Europe/Berlin] With params: []
[23-Apr-2025 23:46:49 Europe/Berlin] Query executed successfully. Found 2 rows
[23-Apr-2025 23:46:49 Europe/Berlin] Executing SQL: SELECT * FROM matches WHERE 1=1 AND sport = :sport ORDER BY match_time DESC
[23-Apr-2025 23:46:49 Europe/Berlin] With params: {":sport":"football"}
[23-Apr-2025 23:46:49 Europe/Berlin] Query executed successfully. Found 1 rows
[23-Apr-2025 23:46:52 Europe/Berlin] Connected to database. Tables found: favorites, feedback, matches, matches_backup, matches_new, news, newsletter, notifications, players, subscriptions, users
[23-Apr-2025 23:46:52 Europe/Berlin] Executing SQL: CREATE TABLE IF NOT EXISTS users (
                id INT AUTO_INCREMENT PRIMARY KEY,
                username VARCHAR(50) NOT NULL UNIQUE,
                password VARCHAR(255) NOT NULL,
                email VARCHAR(100) NOT NULL UNIQUE,
                account_type ENUM('user', 'admin') DEFAULT 'user',
                created_at TIMESTAMP DEFAULT CURRENT_TIMESTAMP
            )
[23-Apr-2025 23:46:52 Europe/Berlin] With params: []
[23-Apr-2025 23:46:52 Europe/Berlin] Query executed successfully. Found 0 rows
[23-Apr-2025 23:46:52 Europe/Berlin] Users table created or already exists
[23-Apr-2025 23:46:52 Europe/Berlin] Users table structure: [{"Field":"id","Type":"int(11)","Null":"NO","Key":"PRI","Default":null,"Extra":"auto_increment"},{"Field":"username","Type":"varchar(50)","Null":"NO","Key":"","Default":null,"Extra":""},{"Field":"email","Type":"varchar(100)","Null":"NO","Key":"UNI","Default":null,"Extra":""},{"Field":"password","Type":"varchar(255)","Null":"NO","Key":"","Default":null,"Extra":""},{"Field":"role","Type":"enum('user','admin')","Null":"YES","Key":"","Default":"user","Extra":""},{"Field":"verification_code","Type":"varchar(100)","Null":"YES","Key":"","Default":null,"Extra":""},{"Field":"is_verified","Type":"tinyint(1)","Null":"YES","Key":"","Default":"0","Extra":""},{"Field":"created_at","Type":"timestamp","Null":"NO","Key":"","Default":"current_timestamp()","Extra":""},{"Field":"favorite_sport","Type":"varchar(50)","Null":"YES","Key":"","Default":null,"Extra":""},{"Field":"favorite_team","Type":"varchar(50)","Null":"YES","Key":"","Default":null,"Extra":""},{"Field":"account_type","Type":"enum('user','admin')","Null":"YES","Key":"","Default":"user","Extra":""}]
[23-Apr-2025 23:46:52 Europe/Berlin] Number of users in database: 13
[23-Apr-2025 23:46:52 Europe/Berlin] All tables initialized successfully
[23-Apr-2025 23:46:52 Europe/Berlin] Connected to database. Tables found: favorites, feedback, matches, matches_backup, matches_new, news, newsletter, notifications, players, subscriptions, users
[23-Apr-2025 23:46:52 Europe/Berlin] Executing SQL: CREATE TABLE IF NOT EXISTS users (
                id INT AUTO_INCREMENT PRIMARY KEY,
                username VARCHAR(50) NOT NULL UNIQUE,
                password VARCHAR(255) NOT NULL,
                email VARCHAR(100) NOT NULL UNIQUE,
                account_type ENUM('user', 'admin') DEFAULT 'user',
                created_at TIMESTAMP DEFAULT CURRENT_TIMESTAMP
            )
[23-Apr-2025 23:46:52 Europe/Berlin] With params: []
[23-Apr-2025 23:46:52 Europe/Berlin] Query executed successfully. Found 0 rows
[23-Apr-2025 23:46:52 Europe/Berlin] Users table created or already exists
[23-Apr-2025 23:46:52 Europe/Berlin] Users table structure: [{"Field":"id","Type":"int(11)","Null":"NO","Key":"PRI","Default":null,"Extra":"auto_increment"},{"Field":"username","Type":"varchar(50)","Null":"NO","Key":"","Default":null,"Extra":""},{"Field":"email","Type":"varchar(100)","Null":"NO","Key":"UNI","Default":null,"Extra":""},{"Field":"password","Type":"varchar(255)","Null":"NO","Key":"","Default":null,"Extra":""},{"Field":"role","Type":"enum('user','admin')","Null":"YES","Key":"","Default":"user","Extra":""},{"Field":"verification_code","Type":"varchar(100)","Null":"YES","Key":"","Default":null,"Extra":""},{"Field":"is_verified","Type":"tinyint(1)","Null":"YES","Key":"","Default":"0","Extra":""},{"Field":"created_at","Type":"timestamp","Null":"NO","Key":"","Default":"current_timestamp()","Extra":""},{"Field":"favorite_sport","Type":"varchar(50)","Null":"YES","Key":"","Default":null,"Extra":""},{"Field":"favorite_team","Type":"varchar(50)","Null":"YES","Key":"","Default":null,"Extra":""},{"Field":"account_type","Type":"enum('user','admin')","Null":"YES","Key":"","Default":"user","Extra":""}]
[23-Apr-2025 23:46:52 Europe/Berlin] Number of users in database: 13
[23-Apr-2025 23:46:52 Europe/Berlin] All tables initialized successfully
[23-Apr-2025 23:46:52 Europe/Berlin] Database tables initialized successfully
[23-Apr-2025 23:46:52 Europe/Berlin] Executing SQL: SELECT * FROM users WHERE id = :id
[23-Apr-2025 23:46:52 Europe/Berlin] With params: {":id":12}
[23-Apr-2025 23:46:52 Europe/Berlin] Query executed successfully. Found 1 rows
[23-Apr-2025 23:46:52 Europe/Berlin] User loaded from session: varunpndey
[23-Apr-2025 23:46:52 Europe/Berlin] Header - Session status: 2
[23-Apr-2025 23:46:52 Europe/Berlin] Header - Session data: {"user_id":12,"username":"varunpndey","email":"va@gmail.com","account_type":"admin"}
[23-Apr-2025 23:46:52 Europe/Berlin] Header - After session start - Status: 2
[23-Apr-2025 23:46:52 Europe/Berlin] Header - After session start - Data: {"user_id":12,"username":"varunpndey","email":"va@gmail.com","account_type":"admin"}
[23-Apr-2025 23:46:52 Europe/Berlin] Header - Is logged in: Yes
[23-Apr-2025 23:46:52 Europe/Berlin] Executing SQL: SELECT * FROM news ORDER BY created_at DESC LIMIT 5
[23-Apr-2025 23:46:52 Europe/Berlin] With params: []
[23-Apr-2025 23:46:52 Europe/Berlin] Query executed successfully. Found 2 rows
[23-Apr-2025 23:46:52 Europe/Berlin] Executing SQL: SELECT * FROM matches WHERE status = 'live'
[23-Apr-2025 23:46:52 Europe/Berlin] With params: []
[23-Apr-2025 23:46:52 Europe/Berlin] Query executed successfully. Found 2 rows
[23-Apr-2025 23:46:52 Europe/Berlin] Executing SQL: SELECT COUNT(*) as count FROM favorites 
                    WHERE user_id = :user_id AND match_id = :match_id
[23-Apr-2025 23:46:52 Europe/Berlin] With params: {":user_id":12,":match_id":41}
[23-Apr-2025 23:46:52 Europe/Berlin] Query executed successfully. Found 1 rows
[23-Apr-2025 23:46:52 Europe/Berlin] Executing SQL: SELECT COUNT(*) as count FROM favorites 
                    WHERE user_id = :user_id AND match_id = :match_id
[23-Apr-2025 23:46:52 Europe/Berlin] With params: {":user_id":12,":match_id":42}
[23-Apr-2025 23:46:52 Europe/Berlin] Query executed successfully. Found 1 rows
[23-Apr-2025 23:46:58 Europe/Berlin] Connected to database. Tables found: favorites, feedback, matches, matches_backup, matches_new, news, newsletter, notifications, players, subscriptions, users
[23-Apr-2025 23:46:58 Europe/Berlin] Executing SQL: CREATE TABLE IF NOT EXISTS users (
                id INT AUTO_INCREMENT PRIMARY KEY,
                username VARCHAR(50) NOT NULL UNIQUE,
                password VARCHAR(255) NOT NULL,
                email VARCHAR(100) NOT NULL UNIQUE,
                account_type ENUM('user', 'admin') DEFAULT 'user',
                created_at TIMESTAMP DEFAULT CURRENT_TIMESTAMP
            )
[23-Apr-2025 23:46:58 Europe/Berlin] With params: []
[23-Apr-2025 23:46:58 Europe/Berlin] Query executed successfully. Found 0 rows
[23-Apr-2025 23:46:58 Europe/Berlin] Users table created or already exists
[23-Apr-2025 23:46:58 Europe/Berlin] Users table structure: [{"Field":"id","Type":"int(11)","Null":"NO","Key":"PRI","Default":null,"Extra":"auto_increment"},{"Field":"username","Type":"varchar(50)","Null":"NO","Key":"","Default":null,"Extra":""},{"Field":"email","Type":"varchar(100)","Null":"NO","Key":"UNI","Default":null,"Extra":""},{"Field":"password","Type":"varchar(255)","Null":"NO","Key":"","Default":null,"Extra":""},{"Field":"role","Type":"enum('user','admin')","Null":"YES","Key":"","Default":"user","Extra":""},{"Field":"verification_code","Type":"varchar(100)","Null":"YES","Key":"","Default":null,"Extra":""},{"Field":"is_verified","Type":"tinyint(1)","Null":"YES","Key":"","Default":"0","Extra":""},{"Field":"created_at","Type":"timestamp","Null":"NO","Key":"","Default":"current_timestamp()","Extra":""},{"Field":"favorite_sport","Type":"varchar(50)","Null":"YES","Key":"","Default":null,"Extra":""},{"Field":"favorite_team","Type":"varchar(50)","Null":"YES","Key":"","Default":null,"Extra":""},{"Field":"account_type","Type":"enum('user','admin')","Null":"YES","Key":"","Default":"user","Extra":""}]
[23-Apr-2025 23:46:58 Europe/Berlin] Number of users in database: 13
[23-Apr-2025 23:46:58 Europe/Berlin] All tables initialized successfully
[23-Apr-2025 23:46:58 Europe/Berlin] Connected to database. Tables found: favorites, feedback, matches, matches_backup, matches_new, news, newsletter, notifications, players, subscriptions, users
[23-Apr-2025 23:46:58 Europe/Berlin] Executing SQL: CREATE TABLE IF NOT EXISTS users (
                id INT AUTO_INCREMENT PRIMARY KEY,
                username VARCHAR(50) NOT NULL UNIQUE,
                password VARCHAR(255) NOT NULL,
                email VARCHAR(100) NOT NULL UNIQUE,
                account_type ENUM('user', 'admin') DEFAULT 'user',
                created_at TIMESTAMP DEFAULT CURRENT_TIMESTAMP
            )
[23-Apr-2025 23:46:58 Europe/Berlin] With params: []
[23-Apr-2025 23:46:58 Europe/Berlin] Query executed successfully. Found 0 rows
[23-Apr-2025 23:46:58 Europe/Berlin] Users table created or already exists
[23-Apr-2025 23:46:58 Europe/Berlin] Users table structure: [{"Field":"id","Type":"int(11)","Null":"NO","Key":"PRI","Default":null,"Extra":"auto_increment"},{"Field":"username","Type":"varchar(50)","Null":"NO","Key":"","Default":null,"Extra":""},{"Field":"email","Type":"varchar(100)","Null":"NO","Key":"UNI","Default":null,"Extra":""},{"Field":"password","Type":"varchar(255)","Null":"NO","Key":"","Default":null,"Extra":""},{"Field":"role","Type":"enum('user','admin')","Null":"YES","Key":"","Default":"user","Extra":""},{"Field":"verification_code","Type":"varchar(100)","Null":"YES","Key":"","Default":null,"Extra":""},{"Field":"is_verified","Type":"tinyint(1)","Null":"YES","Key":"","Default":"0","Extra":""},{"Field":"created_at","Type":"timestamp","Null":"NO","Key":"","Default":"current_timestamp()","Extra":""},{"Field":"favorite_sport","Type":"varchar(50)","Null":"YES","Key":"","Default":null,"Extra":""},{"Field":"favorite_team","Type":"varchar(50)","Null":"YES","Key":"","Default":null,"Extra":""},{"Field":"account_type","Type":"enum('user','admin')","Null":"YES","Key":"","Default":"user","Extra":""}]
[23-Apr-2025 23:46:58 Europe/Berlin] Number of users in database: 13
[23-Apr-2025 23:46:58 Europe/Berlin] All tables initialized successfully
[23-Apr-2025 23:46:58 Europe/Berlin] Database tables initialized successfully
[23-Apr-2025 23:46:58 Europe/Berlin] Executing SQL: SELECT * FROM users WHERE id = :id
[23-Apr-2025 23:46:58 Europe/Berlin] With params: {":id":12}
[23-Apr-2025 23:46:58 Europe/Berlin] Query executed successfully. Found 1 rows
[23-Apr-2025 23:46:58 Europe/Berlin] User loaded from session: varunpndey
[23-Apr-2025 23:46:58 Europe/Berlin] Header - Session status: 2
[23-Apr-2025 23:46:58 Europe/Berlin] Header - Session data: {"user_id":12,"username":"varunpndey","email":"va@gmail.com","account_type":"admin"}
[23-Apr-2025 23:46:58 Europe/Berlin] Header - After session start - Status: 2
[23-Apr-2025 23:46:58 Europe/Berlin] Header - After session start - Data: {"user_id":12,"username":"varunpndey","email":"va@gmail.com","account_type":"admin"}
[23-Apr-2025 23:46:58 Europe/Berlin] Header - Is logged in: Yes
[23-Apr-2025 23:46:58 Europe/Berlin] Executing SQL: SELECT * FROM matches WHERE sport = :sport ORDER BY match_time DESC
[23-Apr-2025 23:46:58 Europe/Berlin] With params: {":sport":"football"}
[23-Apr-2025 23:46:58 Europe/Berlin] Query executed successfully. Found 1 rows
[23-Apr-2025 23:46:58 Europe/Berlin] Executing SQL: SELECT * FROM matches WHERE sport = :sport AND status = :status
[23-Apr-2025 23:46:58 Europe/Berlin] With params: {":sport":"football",":status":"live"}
[23-Apr-2025 23:46:58 Europe/Berlin] Query executed successfully. Found 1 rows
[23-Apr-2025 23:46:58 Europe/Berlin] Executing SQL: SELECT COUNT(*) as count FROM favorites 
                    WHERE user_id = :user_id AND match_id = :match_id
[23-Apr-2025 23:46:58 Europe/Berlin] With params: {":user_id":12,":match_id":41}
[23-Apr-2025 23:46:58 Europe/Berlin] Query executed successfully. Found 1 rows
[23-Apr-2025 23:47:00 Europe/Berlin] Connected to database. Tables found: favorites, feedback, matches, matches_backup, matches_new, news, newsletter, notifications, players, subscriptions, users
[23-Apr-2025 23:47:00 Europe/Berlin] Executing SQL: CREATE TABLE IF NOT EXISTS users (
                id INT AUTO_INCREMENT PRIMARY KEY,
                username VARCHAR(50) NOT NULL UNIQUE,
                password VARCHAR(255) NOT NULL,
                email VARCHAR(100) NOT NULL UNIQUE,
                account_type ENUM('user', 'admin') DEFAULT 'user',
                created_at TIMESTAMP DEFAULT CURRENT_TIMESTAMP
            )
[23-Apr-2025 23:47:00 Europe/Berlin] With params: []
[23-Apr-2025 23:47:00 Europe/Berlin] Query executed successfully. Found 0 rows
[23-Apr-2025 23:47:00 Europe/Berlin] Users table created or already exists
[23-Apr-2025 23:47:00 Europe/Berlin] Users table structure: [{"Field":"id","Type":"int(11)","Null":"NO","Key":"PRI","Default":null,"Extra":"auto_increment"},{"Field":"username","Type":"varchar(50)","Null":"NO","Key":"","Default":null,"Extra":""},{"Field":"email","Type":"varchar(100)","Null":"NO","Key":"UNI","Default":null,"Extra":""},{"Field":"password","Type":"varchar(255)","Null":"NO","Key":"","Default":null,"Extra":""},{"Field":"role","Type":"enum('user','admin')","Null":"YES","Key":"","Default":"user","Extra":""},{"Field":"verification_code","Type":"varchar(100)","Null":"YES","Key":"","Default":null,"Extra":""},{"Field":"is_verified","Type":"tinyint(1)","Null":"YES","Key":"","Default":"0","Extra":""},{"Field":"created_at","Type":"timestamp","Null":"NO","Key":"","Default":"current_timestamp()","Extra":""},{"Field":"favorite_sport","Type":"varchar(50)","Null":"YES","Key":"","Default":null,"Extra":""},{"Field":"favorite_team","Type":"varchar(50)","Null":"YES","Key":"","Default":null,"Extra":""},{"Field":"account_type","Type":"enum('user','admin')","Null":"YES","Key":"","Default":"user","Extra":""}]
[23-Apr-2025 23:47:00 Europe/Berlin] Number of users in database: 13
[23-Apr-2025 23:47:00 Europe/Berlin] All tables initialized successfully
[23-Apr-2025 23:47:00 Europe/Berlin] Connected to database. Tables found: favorites, feedback, matches, matches_backup, matches_new, news, newsletter, notifications, players, subscriptions, users
[23-Apr-2025 23:47:00 Europe/Berlin] Executing SQL: CREATE TABLE IF NOT EXISTS users (
                id INT AUTO_INCREMENT PRIMARY KEY,
                username VARCHAR(50) NOT NULL UNIQUE,
                password VARCHAR(255) NOT NULL,
                email VARCHAR(100) NOT NULL UNIQUE,
                account_type ENUM('user', 'admin') DEFAULT 'user',
                created_at TIMESTAMP DEFAULT CURRENT_TIMESTAMP
            )
[23-Apr-2025 23:47:00 Europe/Berlin] With params: []
[23-Apr-2025 23:47:00 Europe/Berlin] Query executed successfully. Found 0 rows
[23-Apr-2025 23:47:00 Europe/Berlin] Users table created or already exists
[23-Apr-2025 23:47:00 Europe/Berlin] Users table structure: [{"Field":"id","Type":"int(11)","Null":"NO","Key":"PRI","Default":null,"Extra":"auto_increment"},{"Field":"username","Type":"varchar(50)","Null":"NO","Key":"","Default":null,"Extra":""},{"Field":"email","Type":"varchar(100)","Null":"NO","Key":"UNI","Default":null,"Extra":""},{"Field":"password","Type":"varchar(255)","Null":"NO","Key":"","Default":null,"Extra":""},{"Field":"role","Type":"enum('user','admin')","Null":"YES","Key":"","Default":"user","Extra":""},{"Field":"verification_code","Type":"varchar(100)","Null":"YES","Key":"","Default":null,"Extra":""},{"Field":"is_verified","Type":"tinyint(1)","Null":"YES","Key":"","Default":"0","Extra":""},{"Field":"created_at","Type":"timestamp","Null":"NO","Key":"","Default":"current_timestamp()","Extra":""},{"Field":"favorite_sport","Type":"varchar(50)","Null":"YES","Key":"","Default":null,"Extra":""},{"Field":"favorite_team","Type":"varchar(50)","Null":"YES","Key":"","Default":null,"Extra":""},{"Field":"account_type","Type":"enum('user','admin')","Null":"YES","Key":"","Default":"user","Extra":""}]
[23-Apr-2025 23:47:00 Europe/Berlin] Number of users in database: 13
[23-Apr-2025 23:47:00 Europe/Berlin] All tables initialized successfully
[23-Apr-2025 23:47:00 Europe/Berlin] Database tables initialized successfully
[23-Apr-2025 23:47:00 Europe/Berlin] Executing SQL: SELECT * FROM users WHERE id = :id
[23-Apr-2025 23:47:00 Europe/Berlin] With params: {":id":12}
[23-Apr-2025 23:47:00 Europe/Berlin] Query executed successfully. Found 1 rows
[23-Apr-2025 23:47:00 Europe/Berlin] User loaded from session: varunpndey
[23-Apr-2025 23:47:00 Europe/Berlin] Executing SQL: CREATE TABLE IF NOT EXISTS players (
                id INT AUTO_INCREMENT PRIMARY KEY,
                match_id INT NOT NULL,
                team VARCHAR(100) NOT NULL,
                name VARCHAR(100) NOT NULL,
                role VARCHAR(50) NOT NULL,
                score INT DEFAULT 0,
                sport VARCHAR(20) NOT NULL,
                created_at TIMESTAMP DEFAULT CURRENT_TIMESTAMP,
                FOREIGN KEY (match_id) REFERENCES matches(id) ON DELETE CASCADE
            )
[23-Apr-2025 23:47:00 Europe/Berlin] With params: []
[23-Apr-2025 23:47:00 Europe/Berlin] Query executed successfully. Found 0 rows
[23-Apr-2025 23:47:00 Europe/Berlin] Executing SQL: SELECT * FROM matches WHERE id = :id
[23-Apr-2025 23:47:00 Europe/Berlin] With params: {":id":41}
[23-Apr-2025 23:47:00 Europe/Berlin] Query executed successfully. Found 1 rows
[23-Apr-2025 23:47:00 Europe/Berlin] Executing SQL: SELECT * FROM players WHERE match_id = :match_id AND team = :team
[23-Apr-2025 23:47:00 Europe/Berlin] With params: {":match_id":41,":team":"Mohun Bagan"}
[23-Apr-2025 23:47:00 Europe/Berlin] Query executed successfully. Found 0 rows
[23-Apr-2025 23:47:00 Europe/Berlin] Executing SQL: SELECT * FROM players WHERE match_id = :match_id AND team = :team
[23-Apr-2025 23:47:00 Europe/Berlin] With params: {":match_id":41,":team":"Bengeluru"}
[23-Apr-2025 23:47:00 Europe/Berlin] Query executed successfully. Found 0 rows
[23-Apr-2025 23:47:00 Europe/Berlin] Header - Session status: 2
[23-Apr-2025 23:47:00 Europe/Berlin] Header - Session data: {"user_id":12,"username":"varunpndey","email":"va@gmail.com","account_type":"admin"}
[23-Apr-2025 23:47:00 Europe/Berlin] Header - After session start - Status: 2
[23-Apr-2025 23:47:00 Europe/Berlin] Header - After session start - Data: {"user_id":12,"username":"varunpndey","email":"va@gmail.com","account_type":"admin"}
[23-Apr-2025 23:47:00 Europe/Berlin] Header - Is logged in: Yes
[23-Apr-2025 23:47:06 Europe/Berlin] Connected to database. Tables found: favorites, feedback, matches, matches_backup, matches_new, news, newsletter, notifications, players, subscriptions, users
[23-Apr-2025 23:47:06 Europe/Berlin] Executing SQL: CREATE TABLE IF NOT EXISTS users (
                id INT AUTO_INCREMENT PRIMARY KEY,
                username VARCHAR(50) NOT NULL UNIQUE,
                password VARCHAR(255) NOT NULL,
                email VARCHAR(100) NOT NULL UNIQUE,
                account_type ENUM('user', 'admin') DEFAULT 'user',
                created_at TIMESTAMP DEFAULT CURRENT_TIMESTAMP
            )
[23-Apr-2025 23:47:06 Europe/Berlin] With params: []
[23-Apr-2025 23:47:06 Europe/Berlin] Query executed successfully. Found 0 rows
[23-Apr-2025 23:47:06 Europe/Berlin] Users table created or already exists
[23-Apr-2025 23:47:06 Europe/Berlin] Users table structure: [{"Field":"id","Type":"int(11)","Null":"NO","Key":"PRI","Default":null,"Extra":"auto_increment"},{"Field":"username","Type":"varchar(50)","Null":"NO","Key":"","Default":null,"Extra":""},{"Field":"email","Type":"varchar(100)","Null":"NO","Key":"UNI","Default":null,"Extra":""},{"Field":"password","Type":"varchar(255)","Null":"NO","Key":"","Default":null,"Extra":""},{"Field":"role","Type":"enum('user','admin')","Null":"YES","Key":"","Default":"user","Extra":""},{"Field":"verification_code","Type":"varchar(100)","Null":"YES","Key":"","Default":null,"Extra":""},{"Field":"is_verified","Type":"tinyint(1)","Null":"YES","Key":"","Default":"0","Extra":""},{"Field":"created_at","Type":"timestamp","Null":"NO","Key":"","Default":"current_timestamp()","Extra":""},{"Field":"favorite_sport","Type":"varchar(50)","Null":"YES","Key":"","Default":null,"Extra":""},{"Field":"favorite_team","Type":"varchar(50)","Null":"YES","Key":"","Default":null,"Extra":""},{"Field":"account_type","Type":"enum('user','admin')","Null":"YES","Key":"","Default":"user","Extra":""}]
[23-Apr-2025 23:47:06 Europe/Berlin] Number of users in database: 13
[23-Apr-2025 23:47:06 Europe/Berlin] All tables initialized successfully
[23-Apr-2025 23:47:06 Europe/Berlin] Connected to database. Tables found: favorites, feedback, matches, matches_backup, matches_new, news, newsletter, notifications, players, subscriptions, users
[23-Apr-2025 23:47:06 Europe/Berlin] Executing SQL: CREATE TABLE IF NOT EXISTS users (
                id INT AUTO_INCREMENT PRIMARY KEY,
                username VARCHAR(50) NOT NULL UNIQUE,
                password VARCHAR(255) NOT NULL,
                email VARCHAR(100) NOT NULL UNIQUE,
                account_type ENUM('user', 'admin') DEFAULT 'user',
                created_at TIMESTAMP DEFAULT CURRENT_TIMESTAMP
            )
[23-Apr-2025 23:47:06 Europe/Berlin] With params: []
[23-Apr-2025 23:47:06 Europe/Berlin] Query executed successfully. Found 0 rows
[23-Apr-2025 23:47:06 Europe/Berlin] Users table created or already exists
[23-Apr-2025 23:47:06 Europe/Berlin] Users table structure: [{"Field":"id","Type":"int(11)","Null":"NO","Key":"PRI","Default":null,"Extra":"auto_increment"},{"Field":"username","Type":"varchar(50)","Null":"NO","Key":"","Default":null,"Extra":""},{"Field":"email","Type":"varchar(100)","Null":"NO","Key":"UNI","Default":null,"Extra":""},{"Field":"password","Type":"varchar(255)","Null":"NO","Key":"","Default":null,"Extra":""},{"Field":"role","Type":"enum('user','admin')","Null":"YES","Key":"","Default":"user","Extra":""},{"Field":"verification_code","Type":"varchar(100)","Null":"YES","Key":"","Default":null,"Extra":""},{"Field":"is_verified","Type":"tinyint(1)","Null":"YES","Key":"","Default":"0","Extra":""},{"Field":"created_at","Type":"timestamp","Null":"NO","Key":"","Default":"current_timestamp()","Extra":""},{"Field":"favorite_sport","Type":"varchar(50)","Null":"YES","Key":"","Default":null,"Extra":""},{"Field":"favorite_team","Type":"varchar(50)","Null":"YES","Key":"","Default":null,"Extra":""},{"Field":"account_type","Type":"enum('user','admin')","Null":"YES","Key":"","Default":"user","Extra":""}]
[23-Apr-2025 23:47:06 Europe/Berlin] Number of users in database: 13
[23-Apr-2025 23:47:06 Europe/Berlin] All tables initialized successfully
[23-Apr-2025 23:47:06 Europe/Berlin] Database tables initialized successfully
[23-Apr-2025 23:47:06 Europe/Berlin] Executing SQL: SELECT * FROM users WHERE id = :id
[23-Apr-2025 23:47:06 Europe/Berlin] With params: {":id":12}
[23-Apr-2025 23:47:06 Europe/Berlin] Query executed successfully. Found 1 rows
[23-Apr-2025 23:47:06 Europe/Berlin] User loaded from session: varunpndey
[23-Apr-2025 23:47:06 Europe/Berlin] Connected to database. Tables found: favorites, feedback, matches, matches_backup, matches_new, news, newsletter, notifications, players, subscriptions, users
[23-Apr-2025 23:47:06 Europe/Berlin] Executing SQL: CREATE TABLE IF NOT EXISTS users (
                id INT AUTO_INCREMENT PRIMARY KEY,
                username VARCHAR(50) NOT NULL UNIQUE,
                password VARCHAR(255) NOT NULL,
                email VARCHAR(100) NOT NULL UNIQUE,
                account_type ENUM('user', 'admin') DEFAULT 'user',
                created_at TIMESTAMP DEFAULT CURRENT_TIMESTAMP
            )
[23-Apr-2025 23:47:06 Europe/Berlin] With params: []
[23-Apr-2025 23:47:06 Europe/Berlin] Query executed successfully. Found 0 rows
[23-Apr-2025 23:47:06 Europe/Berlin] Users table created or already exists
[23-Apr-2025 23:47:06 Europe/Berlin] Users table structure: [{"Field":"id","Type":"int(11)","Null":"NO","Key":"PRI","Default":null,"Extra":"auto_increment"},{"Field":"username","Type":"varchar(50)","Null":"NO","Key":"","Default":null,"Extra":""},{"Field":"email","Type":"varchar(100)","Null":"NO","Key":"UNI","Default":null,"Extra":""},{"Field":"password","Type":"varchar(255)","Null":"NO","Key":"","Default":null,"Extra":""},{"Field":"role","Type":"enum('user','admin')","Null":"YES","Key":"","Default":"user","Extra":""},{"Field":"verification_code","Type":"varchar(100)","Null":"YES","Key":"","Default":null,"Extra":""},{"Field":"is_verified","Type":"tinyint(1)","Null":"YES","Key":"","Default":"0","Extra":""},{"Field":"created_at","Type":"timestamp","Null":"NO","Key":"","Default":"current_timestamp()","Extra":""},{"Field":"favorite_sport","Type":"varchar(50)","Null":"YES","Key":"","Default":null,"Extra":""},{"Field":"favorite_team","Type":"varchar(50)","Null":"YES","Key":"","Default":null,"Extra":""},{"Field":"account_type","Type":"enum('user','admin')","Null":"YES","Key":"","Default":"user","Extra":""}]
[23-Apr-2025 23:47:06 Europe/Berlin] Number of users in database: 13
[23-Apr-2025 23:47:06 Europe/Berlin] All tables initialized successfully
[23-Apr-2025 23:47:06 Europe/Berlin] Connected to database. Tables found: favorites, feedback, matches, matches_backup, matches_new, news, newsletter, notifications, players, subscriptions, users
[23-Apr-2025 23:47:06 Europe/Berlin] Executing SQL: CREATE TABLE IF NOT EXISTS users (
                id INT AUTO_INCREMENT PRIMARY KEY,
                username VARCHAR(50) NOT NULL UNIQUE,
                password VARCHAR(255) NOT NULL,
                email VARCHAR(100) NOT NULL UNIQUE,
                account_type ENUM('user', 'admin') DEFAULT 'user',
                created_at TIMESTAMP DEFAULT CURRENT_TIMESTAMP
            )
[23-Apr-2025 23:47:06 Europe/Berlin] With params: []
[23-Apr-2025 23:47:06 Europe/Berlin] Query executed successfully. Found 0 rows
[23-Apr-2025 23:47:06 Europe/Berlin] Users table created or already exists
[23-Apr-2025 23:47:06 Europe/Berlin] Users table structure: [{"Field":"id","Type":"int(11)","Null":"NO","Key":"PRI","Default":null,"Extra":"auto_increment"},{"Field":"username","Type":"varchar(50)","Null":"NO","Key":"","Default":null,"Extra":""},{"Field":"email","Type":"varchar(100)","Null":"NO","Key":"UNI","Default":null,"Extra":""},{"Field":"password","Type":"varchar(255)","Null":"NO","Key":"","Default":null,"Extra":""},{"Field":"role","Type":"enum('user','admin')","Null":"YES","Key":"","Default":"user","Extra":""},{"Field":"verification_code","Type":"varchar(100)","Null":"YES","Key":"","Default":null,"Extra":""},{"Field":"is_verified","Type":"tinyint(1)","Null":"YES","Key":"","Default":"0","Extra":""},{"Field":"created_at","Type":"timestamp","Null":"NO","Key":"","Default":"current_timestamp()","Extra":""},{"Field":"favorite_sport","Type":"varchar(50)","Null":"YES","Key":"","Default":null,"Extra":""},{"Field":"favorite_team","Type":"varchar(50)","Null":"YES","Key":"","Default":null,"Extra":""},{"Field":"account_type","Type":"enum('user','admin')","Null":"YES","Key":"","Default":"user","Extra":""}]
[23-Apr-2025 23:47:06 Europe/Berlin] Number of users in database: 13
[23-Apr-2025 23:47:06 Europe/Berlin] All tables initialized successfully
[23-Apr-2025 23:47:06 Europe/Berlin] Database tables initialized successfully
[23-Apr-2025 23:47:06 Europe/Berlin] Executing SQL: SELECT * FROM users WHERE id = :id
[23-Apr-2025 23:47:06 Europe/Berlin] With params: {":id":12}
[23-Apr-2025 23:47:06 Europe/Berlin] Query executed successfully. Found 1 rows
[23-Apr-2025 23:47:06 Europe/Berlin] User loaded from session: varunpndey
[23-Apr-2025 23:47:06 Europe/Berlin] Header - Session status: 2
[23-Apr-2025 23:47:06 Europe/Berlin] Header - Session data: {"user_id":12,"username":"varunpndey","email":"va@gmail.com","account_type":"admin"}
[23-Apr-2025 23:47:06 Europe/Berlin] Header - After session start - Status: 2
[23-Apr-2025 23:47:06 Europe/Berlin] Header - After session start - Data: {"user_id":12,"username":"varunpndey","email":"va@gmail.com","account_type":"admin"}
[23-Apr-2025 23:47:06 Europe/Berlin] Header - Is logged in: Yes
[23-Apr-2025 23:47:06 Europe/Berlin] Executing SQL: SELECT * FROM news ORDER BY created_at DESC LIMIT 5
[23-Apr-2025 23:47:06 Europe/Berlin] With params: []
[23-Apr-2025 23:47:06 Europe/Berlin] Query executed successfully. Found 2 rows
[23-Apr-2025 23:47:06 Europe/Berlin] Executing SQL: SELECT * FROM matches WHERE status = 'live'
[23-Apr-2025 23:47:06 Europe/Berlin] With params: []
[23-Apr-2025 23:47:06 Europe/Berlin] Query executed successfully. Found 2 rows
[23-Apr-2025 23:47:06 Europe/Berlin] Executing SQL: SELECT COUNT(*) as count FROM favorites 
                    WHERE user_id = :user_id AND match_id = :match_id
[23-Apr-2025 23:47:06 Europe/Berlin] With params: {":user_id":12,":match_id":41}
[23-Apr-2025 23:47:06 Europe/Berlin] Query executed successfully. Found 1 rows
[23-Apr-2025 23:47:06 Europe/Berlin] Executing SQL: SELECT COUNT(*) as count FROM favorites 
                    WHERE user_id = :user_id AND match_id = :match_id
[23-Apr-2025 23:47:06 Europe/Berlin] With params: {":user_id":12,":match_id":42}
[23-Apr-2025 23:47:06 Europe/Berlin] Query executed successfully. Found 1 rows
[23-Apr-2025 23:47:08 Europe/Berlin] Connected to database. Tables found: favorites, feedback, matches, matches_backup, matches_new, news, newsletter, notifications, players, subscriptions, users
[23-Apr-2025 23:47:08 Europe/Berlin] Executing SQL: CREATE TABLE IF NOT EXISTS users (
                id INT AUTO_INCREMENT PRIMARY KEY,
                username VARCHAR(50) NOT NULL UNIQUE,
                password VARCHAR(255) NOT NULL,
                email VARCHAR(100) NOT NULL UNIQUE,
                account_type ENUM('user', 'admin') DEFAULT 'user',
                created_at TIMESTAMP DEFAULT CURRENT_TIMESTAMP
            )
[23-Apr-2025 23:47:08 Europe/Berlin] With params: []
[23-Apr-2025 23:47:08 Europe/Berlin] Query executed successfully. Found 0 rows
[23-Apr-2025 23:47:08 Europe/Berlin] Users table created or already exists
[23-Apr-2025 23:47:08 Europe/Berlin] Users table structure: [{"Field":"id","Type":"int(11)","Null":"NO","Key":"PRI","Default":null,"Extra":"auto_increment"},{"Field":"username","Type":"varchar(50)","Null":"NO","Key":"","Default":null,"Extra":""},{"Field":"email","Type":"varchar(100)","Null":"NO","Key":"UNI","Default":null,"Extra":""},{"Field":"password","Type":"varchar(255)","Null":"NO","Key":"","Default":null,"Extra":""},{"Field":"role","Type":"enum('user','admin')","Null":"YES","Key":"","Default":"user","Extra":""},{"Field":"verification_code","Type":"varchar(100)","Null":"YES","Key":"","Default":null,"Extra":""},{"Field":"is_verified","Type":"tinyint(1)","Null":"YES","Key":"","Default":"0","Extra":""},{"Field":"created_at","Type":"timestamp","Null":"NO","Key":"","Default":"current_timestamp()","Extra":""},{"Field":"favorite_sport","Type":"varchar(50)","Null":"YES","Key":"","Default":null,"Extra":""},{"Field":"favorite_team","Type":"varchar(50)","Null":"YES","Key":"","Default":null,"Extra":""},{"Field":"account_type","Type":"enum('user','admin')","Null":"YES","Key":"","Default":"user","Extra":""}]
[23-Apr-2025 23:47:08 Europe/Berlin] Number of users in database: 13
[23-Apr-2025 23:47:08 Europe/Berlin] All tables initialized successfully
[23-Apr-2025 23:47:08 Europe/Berlin] Connected to database. Tables found: favorites, feedback, matches, matches_backup, matches_new, news, newsletter, notifications, players, subscriptions, users
[23-Apr-2025 23:47:08 Europe/Berlin] Executing SQL: CREATE TABLE IF NOT EXISTS users (
                id INT AUTO_INCREMENT PRIMARY KEY,
                username VARCHAR(50) NOT NULL UNIQUE,
                password VARCHAR(255) NOT NULL,
                email VARCHAR(100) NOT NULL UNIQUE,
                account_type ENUM('user', 'admin') DEFAULT 'user',
                created_at TIMESTAMP DEFAULT CURRENT_TIMESTAMP
            )
[23-Apr-2025 23:47:08 Europe/Berlin] With params: []
[23-Apr-2025 23:47:08 Europe/Berlin] Query executed successfully. Found 0 rows
[23-Apr-2025 23:47:08 Europe/Berlin] Users table created or already exists
[23-Apr-2025 23:47:08 Europe/Berlin] Users table structure: [{"Field":"id","Type":"int(11)","Null":"NO","Key":"PRI","Default":null,"Extra":"auto_increment"},{"Field":"username","Type":"varchar(50)","Null":"NO","Key":"","Default":null,"Extra":""},{"Field":"email","Type":"varchar(100)","Null":"NO","Key":"UNI","Default":null,"Extra":""},{"Field":"password","Type":"varchar(255)","Null":"NO","Key":"","Default":null,"Extra":""},{"Field":"role","Type":"enum('user','admin')","Null":"YES","Key":"","Default":"user","Extra":""},{"Field":"verification_code","Type":"varchar(100)","Null":"YES","Key":"","Default":null,"Extra":""},{"Field":"is_verified","Type":"tinyint(1)","Null":"YES","Key":"","Default":"0","Extra":""},{"Field":"created_at","Type":"timestamp","Null":"NO","Key":"","Default":"current_timestamp()","Extra":""},{"Field":"favorite_sport","Type":"varchar(50)","Null":"YES","Key":"","Default":null,"Extra":""},{"Field":"favorite_team","Type":"varchar(50)","Null":"YES","Key":"","Default":null,"Extra":""},{"Field":"account_type","Type":"enum('user','admin')","Null":"YES","Key":"","Default":"user","Extra":""}]
[23-Apr-2025 23:47:08 Europe/Berlin] Number of users in database: 13
[23-Apr-2025 23:47:08 Europe/Berlin] All tables initialized successfully
[23-Apr-2025 23:47:08 Europe/Berlin] Database tables initialized successfully
[23-Apr-2025 23:47:08 Europe/Berlin] Executing SQL: SELECT * FROM users WHERE id = :id
[23-Apr-2025 23:47:08 Europe/Berlin] With params: {":id":12}
[23-Apr-2025 23:47:08 Europe/Berlin] Query executed successfully. Found 1 rows
[23-Apr-2025 23:47:08 Europe/Berlin] User loaded from session: varunpndey
[23-Apr-2025 23:47:08 Europe/Berlin] Header - Session status: 2
[23-Apr-2025 23:47:08 Europe/Berlin] Header - Session data: {"user_id":12,"username":"varunpndey","email":"va@gmail.com","account_type":"admin"}
[23-Apr-2025 23:47:08 Europe/Berlin] Header - After session start - Status: 2
[23-Apr-2025 23:47:08 Europe/Berlin] Header - After session start - Data: {"user_id":12,"username":"varunpndey","email":"va@gmail.com","account_type":"admin"}
[23-Apr-2025 23:47:08 Europe/Berlin] Header - Is logged in: Yes
[23-Apr-2025 23:47:08 Europe/Berlin] Executing SQL: SELECT * FROM matches WHERE sport = :sport ORDER BY match_time DESC
[23-Apr-2025 23:47:08 Europe/Berlin] With params: {":sport":"cricket"}
[23-Apr-2025 23:47:08 Europe/Berlin] Query executed successfully. Found 2 rows
[23-Apr-2025 23:47:08 Europe/Berlin] Executing SQL: SELECT * FROM matches WHERE sport = :sport AND status = :status
[23-Apr-2025 23:47:08 Europe/Berlin] With params: {":sport":"cricket",":status":"live"}
[23-Apr-2025 23:47:08 Europe/Berlin] Query executed successfully. Found 1 rows
[23-Apr-2025 23:47:08 Europe/Berlin] Executing SQL: SELECT COUNT(*) as count FROM favorites 
                    WHERE user_id = :user_id AND match_id = :match_id
[23-Apr-2025 23:47:08 Europe/Berlin] With params: {":user_id":12,":match_id":38}
[23-Apr-2025 23:47:08 Europe/Berlin] Query executed successfully. Found 1 rows
[23-Apr-2025 23:47:08 Europe/Berlin] Executing SQL: SELECT COUNT(*) as count FROM favorites 
                    WHERE user_id = :user_id AND match_id = :match_id
[23-Apr-2025 23:47:08 Europe/Berlin] With params: {":user_id":12,":match_id":42}
[23-Apr-2025 23:47:08 Europe/Berlin] Query executed successfully. Found 1 rows
[23-Apr-2025 23:47:12 Europe/Berlin] Connected to database. Tables found: favorites, feedback, matches, matches_backup, matches_new, news, newsletter, notifications, players, subscriptions, users
[23-Apr-2025 23:47:12 Europe/Berlin] Executing SQL: CREATE TABLE IF NOT EXISTS users (
                id INT AUTO_INCREMENT PRIMARY KEY,
                username VARCHAR(50) NOT NULL UNIQUE,
                password VARCHAR(255) NOT NULL,
                email VARCHAR(100) NOT NULL UNIQUE,
                account_type ENUM('user', 'admin') DEFAULT 'user',
                created_at TIMESTAMP DEFAULT CURRENT_TIMESTAMP
            )
[23-Apr-2025 23:47:12 Europe/Berlin] With params: []
[23-Apr-2025 23:47:12 Europe/Berlin] Query executed successfully. Found 0 rows
[23-Apr-2025 23:47:12 Europe/Berlin] Users table created or already exists
[23-Apr-2025 23:47:12 Europe/Berlin] Users table structure: [{"Field":"id","Type":"int(11)","Null":"NO","Key":"PRI","Default":null,"Extra":"auto_increment"},{"Field":"username","Type":"varchar(50)","Null":"NO","Key":"","Default":null,"Extra":""},{"Field":"email","Type":"varchar(100)","Null":"NO","Key":"UNI","Default":null,"Extra":""},{"Field":"password","Type":"varchar(255)","Null":"NO","Key":"","Default":null,"Extra":""},{"Field":"role","Type":"enum('user','admin')","Null":"YES","Key":"","Default":"user","Extra":""},{"Field":"verification_code","Type":"varchar(100)","Null":"YES","Key":"","Default":null,"Extra":""},{"Field":"is_verified","Type":"tinyint(1)","Null":"YES","Key":"","Default":"0","Extra":""},{"Field":"created_at","Type":"timestamp","Null":"NO","Key":"","Default":"current_timestamp()","Extra":""},{"Field":"favorite_sport","Type":"varchar(50)","Null":"YES","Key":"","Default":null,"Extra":""},{"Field":"favorite_team","Type":"varchar(50)","Null":"YES","Key":"","Default":null,"Extra":""},{"Field":"account_type","Type":"enum('user','admin')","Null":"YES","Key":"","Default":"user","Extra":""}]
[23-Apr-2025 23:47:12 Europe/Berlin] Number of users in database: 13
[23-Apr-2025 23:47:12 Europe/Berlin] All tables initialized successfully
[23-Apr-2025 23:47:12 Europe/Berlin] Connected to database. Tables found: favorites, feedback, matches, matches_backup, matches_new, news, newsletter, notifications, players, subscriptions, users
[23-Apr-2025 23:47:12 Europe/Berlin] Executing SQL: CREATE TABLE IF NOT EXISTS users (
                id INT AUTO_INCREMENT PRIMARY KEY,
                username VARCHAR(50) NOT NULL UNIQUE,
                password VARCHAR(255) NOT NULL,
                email VARCHAR(100) NOT NULL UNIQUE,
                account_type ENUM('user', 'admin') DEFAULT 'user',
                created_at TIMESTAMP DEFAULT CURRENT_TIMESTAMP
            )
[23-Apr-2025 23:47:12 Europe/Berlin] With params: []
[23-Apr-2025 23:47:12 Europe/Berlin] Query executed successfully. Found 0 rows
[23-Apr-2025 23:47:12 Europe/Berlin] Users table created or already exists
[23-Apr-2025 23:47:12 Europe/Berlin] Users table structure: [{"Field":"id","Type":"int(11)","Null":"NO","Key":"PRI","Default":null,"Extra":"auto_increment"},{"Field":"username","Type":"varchar(50)","Null":"NO","Key":"","Default":null,"Extra":""},{"Field":"email","Type":"varchar(100)","Null":"NO","Key":"UNI","Default":null,"Extra":""},{"Field":"password","Type":"varchar(255)","Null":"NO","Key":"","Default":null,"Extra":""},{"Field":"role","Type":"enum('user','admin')","Null":"YES","Key":"","Default":"user","Extra":""},{"Field":"verification_code","Type":"varchar(100)","Null":"YES","Key":"","Default":null,"Extra":""},{"Field":"is_verified","Type":"tinyint(1)","Null":"YES","Key":"","Default":"0","Extra":""},{"Field":"created_at","Type":"timestamp","Null":"NO","Key":"","Default":"current_timestamp()","Extra":""},{"Field":"favorite_sport","Type":"varchar(50)","Null":"YES","Key":"","Default":null,"Extra":""},{"Field":"favorite_team","Type":"varchar(50)","Null":"YES","Key":"","Default":null,"Extra":""},{"Field":"account_type","Type":"enum('user','admin')","Null":"YES","Key":"","Default":"user","Extra":""}]
[23-Apr-2025 23:47:12 Europe/Berlin] Number of users in database: 13
[23-Apr-2025 23:47:12 Europe/Berlin] All tables initialized successfully
[23-Apr-2025 23:47:12 Europe/Berlin] Database tables initialized successfully
[23-Apr-2025 23:47:12 Europe/Berlin] Executing SQL: SELECT * FROM users WHERE id = :id
[23-Apr-2025 23:47:12 Europe/Berlin] With params: {":id":12}
[23-Apr-2025 23:47:12 Europe/Berlin] Query executed successfully. Found 1 rows
[23-Apr-2025 23:47:12 Europe/Berlin] User loaded from session: varunpndey
[23-Apr-2025 23:47:12 Europe/Berlin] Executing SQL: CREATE TABLE IF NOT EXISTS players (
                id INT AUTO_INCREMENT PRIMARY KEY,
                match_id INT NOT NULL,
                team VARCHAR(100) NOT NULL,
                name VARCHAR(100) NOT NULL,
                role VARCHAR(50) NOT NULL,
                score INT DEFAULT 0,
                sport VARCHAR(20) NOT NULL,
                created_at TIMESTAMP DEFAULT CURRENT_TIMESTAMP,
                FOREIGN KEY (match_id) REFERENCES matches(id) ON DELETE CASCADE
            )
[23-Apr-2025 23:47:12 Europe/Berlin] With params: []
[23-Apr-2025 23:47:12 Europe/Berlin] Query executed successfully. Found 0 rows
[23-Apr-2025 23:47:12 Europe/Berlin] Executing SQL: SELECT * FROM matches WHERE id = :id
[23-Apr-2025 23:47:12 Europe/Berlin] With params: {":id":38}
[23-Apr-2025 23:47:12 Europe/Berlin] Query executed successfully. Found 1 rows
[23-Apr-2025 23:47:12 Europe/Berlin] Executing SQL: SELECT * FROM players WHERE match_id = :match_id AND team = :team
[23-Apr-2025 23:47:12 Europe/Berlin] With params: {":match_id":38,":team":"Csk"}
[23-Apr-2025 23:47:12 Europe/Berlin] Query executed successfully. Found 0 rows
[23-Apr-2025 23:47:12 Europe/Berlin] Executing SQL: SELECT * FROM players WHERE match_id = :match_id AND team = :team
[23-Apr-2025 23:47:12 Europe/Berlin] With params: {":match_id":38,":team":"mi"}
[23-Apr-2025 23:47:12 Europe/Berlin] Query executed successfully. Found 0 rows
[23-Apr-2025 23:47:12 Europe/Berlin] Header - Session status: 2
[23-Apr-2025 23:47:12 Europe/Berlin] Header - Session data: {"user_id":12,"username":"varunpndey","email":"va@gmail.com","account_type":"admin"}
[23-Apr-2025 23:47:12 Europe/Berlin] Header - After session start - Status: 2
[23-Apr-2025 23:47:12 Europe/Berlin] Header - After session start - Data: {"user_id":12,"username":"varunpndey","email":"va@gmail.com","account_type":"admin"}
[23-Apr-2025 23:47:12 Europe/Berlin] Header - Is logged in: Yes
[23-Apr-2025 23:49:11 Europe/Berlin] Connected to database. Tables found: favorites, feedback, matches, matches_backup, matches_new, news, newsletter, notifications, players, subscriptions, users
[23-Apr-2025 23:49:11 Europe/Berlin] Executing SQL: CREATE TABLE IF NOT EXISTS users (
                id INT AUTO_INCREMENT PRIMARY KEY,
                username VARCHAR(50) NOT NULL UNIQUE,
                password VARCHAR(255) NOT NULL,
                email VARCHAR(100) NOT NULL UNIQUE,
                account_type ENUM('user', 'admin') DEFAULT 'user',
                created_at TIMESTAMP DEFAULT CURRENT_TIMESTAMP
            )
[23-Apr-2025 23:49:11 Europe/Berlin] With params: []
[23-Apr-2025 23:49:11 Europe/Berlin] Query executed successfully. Found 0 rows
[23-Apr-2025 23:49:11 Europe/Berlin] Users table created or already exists
[23-Apr-2025 23:49:11 Europe/Berlin] Users table structure: [{"Field":"id","Type":"int(11)","Null":"NO","Key":"PRI","Default":null,"Extra":"auto_increment"},{"Field":"username","Type":"varchar(50)","Null":"NO","Key":"","Default":null,"Extra":""},{"Field":"email","Type":"varchar(100)","Null":"NO","Key":"UNI","Default":null,"Extra":""},{"Field":"password","Type":"varchar(255)","Null":"NO","Key":"","Default":null,"Extra":""},{"Field":"role","Type":"enum('user','admin')","Null":"YES","Key":"","Default":"user","Extra":""},{"Field":"verification_code","Type":"varchar(100)","Null":"YES","Key":"","Default":null,"Extra":""},{"Field":"is_verified","Type":"tinyint(1)","Null":"YES","Key":"","Default":"0","Extra":""},{"Field":"created_at","Type":"timestamp","Null":"NO","Key":"","Default":"current_timestamp()","Extra":""},{"Field":"favorite_sport","Type":"varchar(50)","Null":"YES","Key":"","Default":null,"Extra":""},{"Field":"favorite_team","Type":"varchar(50)","Null":"YES","Key":"","Default":null,"Extra":""},{"Field":"account_type","Type":"enum('user','admin')","Null":"YES","Key":"","Default":"user","Extra":""}]
[23-Apr-2025 23:49:11 Europe/Berlin] Number of users in database: 13
[23-Apr-2025 23:49:11 Europe/Berlin] All tables initialized successfully
[23-Apr-2025 23:49:11 Europe/Berlin] Connected to database. Tables found: favorites, feedback, matches, matches_backup, matches_new, news, newsletter, notifications, players, subscriptions, users
[23-Apr-2025 23:49:11 Europe/Berlin] Executing SQL: CREATE TABLE IF NOT EXISTS users (
                id INT AUTO_INCREMENT PRIMARY KEY,
                username VARCHAR(50) NOT NULL UNIQUE,
                password VARCHAR(255) NOT NULL,
                email VARCHAR(100) NOT NULL UNIQUE,
                account_type ENUM('user', 'admin') DEFAULT 'user',
                created_at TIMESTAMP DEFAULT CURRENT_TIMESTAMP
            )
[23-Apr-2025 23:49:11 Europe/Berlin] With params: []
[23-Apr-2025 23:49:11 Europe/Berlin] Query executed successfully. Found 0 rows
[23-Apr-2025 23:49:11 Europe/Berlin] Users table created or already exists
[23-Apr-2025 23:49:11 Europe/Berlin] Users table structure: [{"Field":"id","Type":"int(11)","Null":"NO","Key":"PRI","Default":null,"Extra":"auto_increment"},{"Field":"username","Type":"varchar(50)","Null":"NO","Key":"","Default":null,"Extra":""},{"Field":"email","Type":"varchar(100)","Null":"NO","Key":"UNI","Default":null,"Extra":""},{"Field":"password","Type":"varchar(255)","Null":"NO","Key":"","Default":null,"Extra":""},{"Field":"role","Type":"enum('user','admin')","Null":"YES","Key":"","Default":"user","Extra":""},{"Field":"verification_code","Type":"varchar(100)","Null":"YES","Key":"","Default":null,"Extra":""},{"Field":"is_verified","Type":"tinyint(1)","Null":"YES","Key":"","Default":"0","Extra":""},{"Field":"created_at","Type":"timestamp","Null":"NO","Key":"","Default":"current_timestamp()","Extra":""},{"Field":"favorite_sport","Type":"varchar(50)","Null":"YES","Key":"","Default":null,"Extra":""},{"Field":"favorite_team","Type":"varchar(50)","Null":"YES","Key":"","Default":null,"Extra":""},{"Field":"account_type","Type":"enum('user','admin')","Null":"YES","Key":"","Default":"user","Extra":""}]
[23-Apr-2025 23:49:11 Europe/Berlin] Number of users in database: 13
[23-Apr-2025 23:49:11 Europe/Berlin] All tables initialized successfully
[23-Apr-2025 23:49:11 Europe/Berlin] Database tables initialized successfully
[23-Apr-2025 23:49:11 Europe/Berlin] Executing SQL: SELECT * FROM users WHERE id = :id
[23-Apr-2025 23:49:11 Europe/Berlin] With params: {":id":12}
[23-Apr-2025 23:49:11 Europe/Berlin] Query executed successfully. Found 1 rows
[23-Apr-2025 23:49:11 Europe/Berlin] User loaded from session: varunpndey
[23-Apr-2025 23:49:11 Europe/Berlin] Connected to database. Tables found: favorites, feedback, matches, matches_backup, matches_new, news, newsletter, notifications, players, subscriptions, users
[23-Apr-2025 23:49:11 Europe/Berlin] Executing SQL: CREATE TABLE IF NOT EXISTS users (
                id INT AUTO_INCREMENT PRIMARY KEY,
                username VARCHAR(50) NOT NULL UNIQUE,
                password VARCHAR(255) NOT NULL,
                email VARCHAR(100) NOT NULL UNIQUE,
                account_type ENUM('user', 'admin') DEFAULT 'user',
                created_at TIMESTAMP DEFAULT CURRENT_TIMESTAMP
            )
[23-Apr-2025 23:49:11 Europe/Berlin] With params: []
[23-Apr-2025 23:49:11 Europe/Berlin] Query executed successfully. Found 0 rows
[23-Apr-2025 23:49:11 Europe/Berlin] Users table created or already exists
[23-Apr-2025 23:49:11 Europe/Berlin] Users table structure: [{"Field":"id","Type":"int(11)","Null":"NO","Key":"PRI","Default":null,"Extra":"auto_increment"},{"Field":"username","Type":"varchar(50)","Null":"NO","Key":"","Default":null,"Extra":""},{"Field":"email","Type":"varchar(100)","Null":"NO","Key":"UNI","Default":null,"Extra":""},{"Field":"password","Type":"varchar(255)","Null":"NO","Key":"","Default":null,"Extra":""},{"Field":"role","Type":"enum('user','admin')","Null":"YES","Key":"","Default":"user","Extra":""},{"Field":"verification_code","Type":"varchar(100)","Null":"YES","Key":"","Default":null,"Extra":""},{"Field":"is_verified","Type":"tinyint(1)","Null":"YES","Key":"","Default":"0","Extra":""},{"Field":"created_at","Type":"timestamp","Null":"NO","Key":"","Default":"current_timestamp()","Extra":""},{"Field":"favorite_sport","Type":"varchar(50)","Null":"YES","Key":"","Default":null,"Extra":""},{"Field":"favorite_team","Type":"varchar(50)","Null":"YES","Key":"","Default":null,"Extra":""},{"Field":"account_type","Type":"enum('user','admin')","Null":"YES","Key":"","Default":"user","Extra":""}]
[23-Apr-2025 23:49:11 Europe/Berlin] Number of users in database: 13
[23-Apr-2025 23:49:11 Europe/Berlin] All tables initialized successfully
[23-Apr-2025 23:49:11 Europe/Berlin] Connected to database. Tables found: favorites, feedback, matches, matches_backup, matches_new, news, newsletter, notifications, players, subscriptions, users
[23-Apr-2025 23:49:11 Europe/Berlin] Executing SQL: CREATE TABLE IF NOT EXISTS users (
                id INT AUTO_INCREMENT PRIMARY KEY,
                username VARCHAR(50) NOT NULL UNIQUE,
                password VARCHAR(255) NOT NULL,
                email VARCHAR(100) NOT NULL UNIQUE,
                account_type ENUM('user', 'admin') DEFAULT 'user',
                created_at TIMESTAMP DEFAULT CURRENT_TIMESTAMP
            )
[23-Apr-2025 23:49:11 Europe/Berlin] With params: []
[23-Apr-2025 23:49:11 Europe/Berlin] Query executed successfully. Found 0 rows
[23-Apr-2025 23:49:11 Europe/Berlin] Users table created or already exists
[23-Apr-2025 23:49:11 Europe/Berlin] Users table structure: [{"Field":"id","Type":"int(11)","Null":"NO","Key":"PRI","Default":null,"Extra":"auto_increment"},{"Field":"username","Type":"varchar(50)","Null":"NO","Key":"","Default":null,"Extra":""},{"Field":"email","Type":"varchar(100)","Null":"NO","Key":"UNI","Default":null,"Extra":""},{"Field":"password","Type":"varchar(255)","Null":"NO","Key":"","Default":null,"Extra":""},{"Field":"role","Type":"enum('user','admin')","Null":"YES","Key":"","Default":"user","Extra":""},{"Field":"verification_code","Type":"varchar(100)","Null":"YES","Key":"","Default":null,"Extra":""},{"Field":"is_verified","Type":"tinyint(1)","Null":"YES","Key":"","Default":"0","Extra":""},{"Field":"created_at","Type":"timestamp","Null":"NO","Key":"","Default":"current_timestamp()","Extra":""},{"Field":"favorite_sport","Type":"varchar(50)","Null":"YES","Key":"","Default":null,"Extra":""},{"Field":"favorite_team","Type":"varchar(50)","Null":"YES","Key":"","Default":null,"Extra":""},{"Field":"account_type","Type":"enum('user','admin')","Null":"YES","Key":"","Default":"user","Extra":""}]
[23-Apr-2025 23:49:11 Europe/Berlin] Number of users in database: 13
[23-Apr-2025 23:49:11 Europe/Berlin] All tables initialized successfully
[23-Apr-2025 23:49:11 Europe/Berlin] Database tables initialized successfully
[23-Apr-2025 23:49:11 Europe/Berlin] Executing SQL: SELECT * FROM users WHERE id = :id
[23-Apr-2025 23:49:11 Europe/Berlin] With params: {":id":12}
[23-Apr-2025 23:49:11 Europe/Berlin] Query executed successfully. Found 1 rows
[23-Apr-2025 23:49:11 Europe/Berlin] User loaded from session: varunpndey
[23-Apr-2025 23:49:11 Europe/Berlin] Header - Session status: 2
[23-Apr-2025 23:49:11 Europe/Berlin] Header - Session data: {"user_id":12,"username":"varunpndey","email":"va@gmail.com","account_type":"admin"}
[23-Apr-2025 23:49:11 Europe/Berlin] Header - After session start - Status: 2
[23-Apr-2025 23:49:11 Europe/Berlin] Header - After session start - Data: {"user_id":12,"username":"varunpndey","email":"va@gmail.com","account_type":"admin"}
[23-Apr-2025 23:49:11 Europe/Berlin] Header - Is logged in: Yes
[23-Apr-2025 23:49:11 Europe/Berlin] Executing SQL: SELECT * FROM news ORDER BY created_at DESC LIMIT 5
[23-Apr-2025 23:49:11 Europe/Berlin] With params: []
[23-Apr-2025 23:49:11 Europe/Berlin] Query executed successfully. Found 2 rows
[23-Apr-2025 23:49:11 Europe/Berlin] Executing SQL: SELECT * FROM matches WHERE status = 'live'
[23-Apr-2025 23:49:11 Europe/Berlin] With params: []
[23-Apr-2025 23:49:11 Europe/Berlin] Query executed successfully. Found 2 rows
[23-Apr-2025 23:49:11 Europe/Berlin] Executing SQL: SELECT COUNT(*) as count FROM favorites 
                    WHERE user_id = :user_id AND match_id = :match_id
[23-Apr-2025 23:49:11 Europe/Berlin] With params: {":user_id":12,":match_id":41}
[23-Apr-2025 23:49:11 Europe/Berlin] Query executed successfully. Found 1 rows
[23-Apr-2025 23:49:11 Europe/Berlin] Executing SQL: SELECT COUNT(*) as count FROM favorites 
                    WHERE user_id = :user_id AND match_id = :match_id
[23-Apr-2025 23:49:11 Europe/Berlin] With params: {":user_id":12,":match_id":42}
[23-Apr-2025 23:49:11 Europe/Berlin] Query executed successfully. Found 1 rows
[23-Apr-2025 23:49:13 Europe/Berlin] Connected to database. Tables found: favorites, feedback, matches, matches_backup, matches_new, news, newsletter, notifications, players, subscriptions, users
[23-Apr-2025 23:49:13 Europe/Berlin] Executing SQL: CREATE TABLE IF NOT EXISTS users (
                id INT AUTO_INCREMENT PRIMARY KEY,
                username VARCHAR(50) NOT NULL UNIQUE,
                password VARCHAR(255) NOT NULL,
                email VARCHAR(100) NOT NULL UNIQUE,
                account_type ENUM('user', 'admin') DEFAULT 'user',
                created_at TIMESTAMP DEFAULT CURRENT_TIMESTAMP
            )
[23-Apr-2025 23:49:13 Europe/Berlin] With params: []
[23-Apr-2025 23:49:13 Europe/Berlin] Query executed successfully. Found 0 rows
[23-Apr-2025 23:49:13 Europe/Berlin] Users table created or already exists
[23-Apr-2025 23:49:13 Europe/Berlin] Users table structure: [{"Field":"id","Type":"int(11)","Null":"NO","Key":"PRI","Default":null,"Extra":"auto_increment"},{"Field":"username","Type":"varchar(50)","Null":"NO","Key":"","Default":null,"Extra":""},{"Field":"email","Type":"varchar(100)","Null":"NO","Key":"UNI","Default":null,"Extra":""},{"Field":"password","Type":"varchar(255)","Null":"NO","Key":"","Default":null,"Extra":""},{"Field":"role","Type":"enum('user','admin')","Null":"YES","Key":"","Default":"user","Extra":""},{"Field":"verification_code","Type":"varchar(100)","Null":"YES","Key":"","Default":null,"Extra":""},{"Field":"is_verified","Type":"tinyint(1)","Null":"YES","Key":"","Default":"0","Extra":""},{"Field":"created_at","Type":"timestamp","Null":"NO","Key":"","Default":"current_timestamp()","Extra":""},{"Field":"favorite_sport","Type":"varchar(50)","Null":"YES","Key":"","Default":null,"Extra":""},{"Field":"favorite_team","Type":"varchar(50)","Null":"YES","Key":"","Default":null,"Extra":""},{"Field":"account_type","Type":"enum('user','admin')","Null":"YES","Key":"","Default":"user","Extra":""}]
[23-Apr-2025 23:49:13 Europe/Berlin] Number of users in database: 13
[23-Apr-2025 23:49:13 Europe/Berlin] All tables initialized successfully
[23-Apr-2025 23:49:13 Europe/Berlin] Connected to database. Tables found: favorites, feedback, matches, matches_backup, matches_new, news, newsletter, notifications, players, subscriptions, users
[23-Apr-2025 23:49:13 Europe/Berlin] Executing SQL: CREATE TABLE IF NOT EXISTS users (
                id INT AUTO_INCREMENT PRIMARY KEY,
                username VARCHAR(50) NOT NULL UNIQUE,
                password VARCHAR(255) NOT NULL,
                email VARCHAR(100) NOT NULL UNIQUE,
                account_type ENUM('user', 'admin') DEFAULT 'user',
                created_at TIMESTAMP DEFAULT CURRENT_TIMESTAMP
            )
[23-Apr-2025 23:49:13 Europe/Berlin] With params: []
[23-Apr-2025 23:49:13 Europe/Berlin] Query executed successfully. Found 0 rows
[23-Apr-2025 23:49:13 Europe/Berlin] Users table created or already exists
[23-Apr-2025 23:49:13 Europe/Berlin] Users table structure: [{"Field":"id","Type":"int(11)","Null":"NO","Key":"PRI","Default":null,"Extra":"auto_increment"},{"Field":"username","Type":"varchar(50)","Null":"NO","Key":"","Default":null,"Extra":""},{"Field":"email","Type":"varchar(100)","Null":"NO","Key":"UNI","Default":null,"Extra":""},{"Field":"password","Type":"varchar(255)","Null":"NO","Key":"","Default":null,"Extra":""},{"Field":"role","Type":"enum('user','admin')","Null":"YES","Key":"","Default":"user","Extra":""},{"Field":"verification_code","Type":"varchar(100)","Null":"YES","Key":"","Default":null,"Extra":""},{"Field":"is_verified","Type":"tinyint(1)","Null":"YES","Key":"","Default":"0","Extra":""},{"Field":"created_at","Type":"timestamp","Null":"NO","Key":"","Default":"current_timestamp()","Extra":""},{"Field":"favorite_sport","Type":"varchar(50)","Null":"YES","Key":"","Default":null,"Extra":""},{"Field":"favorite_team","Type":"varchar(50)","Null":"YES","Key":"","Default":null,"Extra":""},{"Field":"account_type","Type":"enum('user','admin')","Null":"YES","Key":"","Default":"user","Extra":""}]
[23-Apr-2025 23:49:13 Europe/Berlin] Number of users in database: 13
[23-Apr-2025 23:49:13 Europe/Berlin] All tables initialized successfully
[23-Apr-2025 23:49:13 Europe/Berlin] Database tables initialized successfully
[23-Apr-2025 23:49:13 Europe/Berlin] Executing SQL: SELECT * FROM users WHERE id = :id
[23-Apr-2025 23:49:13 Europe/Berlin] With params: {":id":12}
[23-Apr-2025 23:49:13 Europe/Berlin] Query executed successfully. Found 1 rows
[23-Apr-2025 23:49:13 Europe/Berlin] User loaded from session: varunpndey
[23-Apr-2025 23:49:13 Europe/Berlin] Header - Session status: 2
[23-Apr-2025 23:49:13 Europe/Berlin] Header - Session data: {"user_id":12,"username":"varunpndey","email":"va@gmail.com","account_type":"admin"}
[23-Apr-2025 23:49:13 Europe/Berlin] Header - After session start - Status: 2
[23-Apr-2025 23:49:13 Europe/Berlin] Header - After session start - Data: {"user_id":12,"username":"varunpndey","email":"va@gmail.com","account_type":"admin"}
[23-Apr-2025 23:49:13 Europe/Berlin] Header - Is logged in: Yes
[23-Apr-2025 23:49:13 Europe/Berlin] Executing SQL: SELECT * FROM matches WHERE sport = :sport ORDER BY match_time DESC
[23-Apr-2025 23:49:13 Europe/Berlin] With params: {":sport":"football"}
[23-Apr-2025 23:49:13 Europe/Berlin] Query executed successfully. Found 1 rows
[23-Apr-2025 23:49:13 Europe/Berlin] Executing SQL: SELECT * FROM matches WHERE sport = :sport AND status = :status
[23-Apr-2025 23:49:13 Europe/Berlin] With params: {":sport":"football",":status":"live"}
[23-Apr-2025 23:49:13 Europe/Berlin] Query executed successfully. Found 1 rows
[23-Apr-2025 23:49:13 Europe/Berlin] Executing SQL: SELECT COUNT(*) as count FROM favorites 
                    WHERE user_id = :user_id AND match_id = :match_id
[23-Apr-2025 23:49:13 Europe/Berlin] With params: {":user_id":12,":match_id":41}
[23-Apr-2025 23:49:13 Europe/Berlin] Query executed successfully. Found 1 rows
[23-Apr-2025 23:49:15 Europe/Berlin] Connected to database. Tables found: favorites, feedback, matches, matches_backup, matches_new, news, newsletter, notifications, players, subscriptions, users
[23-Apr-2025 23:49:15 Europe/Berlin] Executing SQL: CREATE TABLE IF NOT EXISTS users (
                id INT AUTO_INCREMENT PRIMARY KEY,
                username VARCHAR(50) NOT NULL UNIQUE,
                password VARCHAR(255) NOT NULL,
                email VARCHAR(100) NOT NULL UNIQUE,
                account_type ENUM('user', 'admin') DEFAULT 'user',
                created_at TIMESTAMP DEFAULT CURRENT_TIMESTAMP
            )
[23-Apr-2025 23:49:15 Europe/Berlin] With params: []
[23-Apr-2025 23:49:15 Europe/Berlin] Query executed successfully. Found 0 rows
[23-Apr-2025 23:49:15 Europe/Berlin] Users table created or already exists
[23-Apr-2025 23:49:15 Europe/Berlin] Users table structure: [{"Field":"id","Type":"int(11)","Null":"NO","Key":"PRI","Default":null,"Extra":"auto_increment"},{"Field":"username","Type":"varchar(50)","Null":"NO","Key":"","Default":null,"Extra":""},{"Field":"email","Type":"varchar(100)","Null":"NO","Key":"UNI","Default":null,"Extra":""},{"Field":"password","Type":"varchar(255)","Null":"NO","Key":"","Default":null,"Extra":""},{"Field":"role","Type":"enum('user','admin')","Null":"YES","Key":"","Default":"user","Extra":""},{"Field":"verification_code","Type":"varchar(100)","Null":"YES","Key":"","Default":null,"Extra":""},{"Field":"is_verified","Type":"tinyint(1)","Null":"YES","Key":"","Default":"0","Extra":""},{"Field":"created_at","Type":"timestamp","Null":"NO","Key":"","Default":"current_timestamp()","Extra":""},{"Field":"favorite_sport","Type":"varchar(50)","Null":"YES","Key":"","Default":null,"Extra":""},{"Field":"favorite_team","Type":"varchar(50)","Null":"YES","Key":"","Default":null,"Extra":""},{"Field":"account_type","Type":"enum('user','admin')","Null":"YES","Key":"","Default":"user","Extra":""}]
[23-Apr-2025 23:49:15 Europe/Berlin] Number of users in database: 13
[23-Apr-2025 23:49:15 Europe/Berlin] All tables initialized successfully
[23-Apr-2025 23:49:15 Europe/Berlin] Connected to database. Tables found: favorites, feedback, matches, matches_backup, matches_new, news, newsletter, notifications, players, subscriptions, users
[23-Apr-2025 23:49:15 Europe/Berlin] Executing SQL: CREATE TABLE IF NOT EXISTS users (
                id INT AUTO_INCREMENT PRIMARY KEY,
                username VARCHAR(50) NOT NULL UNIQUE,
                password VARCHAR(255) NOT NULL,
                email VARCHAR(100) NOT NULL UNIQUE,
                account_type ENUM('user', 'admin') DEFAULT 'user',
                created_at TIMESTAMP DEFAULT CURRENT_TIMESTAMP
            )
[23-Apr-2025 23:49:15 Europe/Berlin] With params: []
[23-Apr-2025 23:49:15 Europe/Berlin] Query executed successfully. Found 0 rows
[23-Apr-2025 23:49:15 Europe/Berlin] Users table created or already exists
[23-Apr-2025 23:49:15 Europe/Berlin] Users table structure: [{"Field":"id","Type":"int(11)","Null":"NO","Key":"PRI","Default":null,"Extra":"auto_increment"},{"Field":"username","Type":"varchar(50)","Null":"NO","Key":"","Default":null,"Extra":""},{"Field":"email","Type":"varchar(100)","Null":"NO","Key":"UNI","Default":null,"Extra":""},{"Field":"password","Type":"varchar(255)","Null":"NO","Key":"","Default":null,"Extra":""},{"Field":"role","Type":"enum('user','admin')","Null":"YES","Key":"","Default":"user","Extra":""},{"Field":"verification_code","Type":"varchar(100)","Null":"YES","Key":"","Default":null,"Extra":""},{"Field":"is_verified","Type":"tinyint(1)","Null":"YES","Key":"","Default":"0","Extra":""},{"Field":"created_at","Type":"timestamp","Null":"NO","Key":"","Default":"current_timestamp()","Extra":""},{"Field":"favorite_sport","Type":"varchar(50)","Null":"YES","Key":"","Default":null,"Extra":""},{"Field":"favorite_team","Type":"varchar(50)","Null":"YES","Key":"","Default":null,"Extra":""},{"Field":"account_type","Type":"enum('user','admin')","Null":"YES","Key":"","Default":"user","Extra":""}]
[23-Apr-2025 23:49:15 Europe/Berlin] Number of users in database: 13
[23-Apr-2025 23:49:15 Europe/Berlin] All tables initialized successfully
[23-Apr-2025 23:49:15 Europe/Berlin] Database tables initialized successfully
[23-Apr-2025 23:49:15 Europe/Berlin] Executing SQL: SELECT * FROM users WHERE id = :id
[23-Apr-2025 23:49:15 Europe/Berlin] With params: {":id":12}
[23-Apr-2025 23:49:15 Europe/Berlin] Query executed successfully. Found 1 rows
[23-Apr-2025 23:49:15 Europe/Berlin] User loaded from session: varunpndey
[23-Apr-2025 23:49:15 Europe/Berlin] Header - Session status: 2
[23-Apr-2025 23:49:15 Europe/Berlin] Header - Session data: {"user_id":12,"username":"varunpndey","email":"va@gmail.com","account_type":"admin"}
[23-Apr-2025 23:49:15 Europe/Berlin] Header - After session start - Status: 2
[23-Apr-2025 23:49:15 Europe/Berlin] Header - After session start - Data: {"user_id":12,"username":"varunpndey","email":"va@gmail.com","account_type":"admin"}
[23-Apr-2025 23:49:15 Europe/Berlin] Header - Is logged in: Yes
[23-Apr-2025 23:49:15 Europe/Berlin] Executing SQL: SELECT * FROM matches WHERE sport = :sport ORDER BY match_time DESC
[23-Apr-2025 23:49:15 Europe/Berlin] With params: {":sport":"cricket"}
[23-Apr-2025 23:49:15 Europe/Berlin] Query executed successfully. Found 2 rows
[23-Apr-2025 23:49:15 Europe/Berlin] Executing SQL: SELECT * FROM matches WHERE sport = :sport AND status = :status
[23-Apr-2025 23:49:15 Europe/Berlin] With params: {":sport":"cricket",":status":"live"}
[23-Apr-2025 23:49:15 Europe/Berlin] Query executed successfully. Found 1 rows
[23-Apr-2025 23:49:15 Europe/Berlin] Executing SQL: SELECT COUNT(*) as count FROM favorites 
                    WHERE user_id = :user_id AND match_id = :match_id
[23-Apr-2025 23:49:15 Europe/Berlin] With params: {":user_id":12,":match_id":38}
[23-Apr-2025 23:49:15 Europe/Berlin] Query executed successfully. Found 1 rows
[23-Apr-2025 23:49:15 Europe/Berlin] Executing SQL: SELECT COUNT(*) as count FROM favorites 
                    WHERE user_id = :user_id AND match_id = :match_id
[23-Apr-2025 23:49:15 Europe/Berlin] With params: {":user_id":12,":match_id":42}
[23-Apr-2025 23:49:15 Europe/Berlin] Query executed successfully. Found 1 rows
[23-Apr-2025 23:49:34 Europe/Berlin] Connected to database. Tables found: favorites, feedback, matches, matches_backup, matches_new, news, newsletter, notifications, players, subscriptions, users
[23-Apr-2025 23:49:34 Europe/Berlin] Executing SQL: CREATE TABLE IF NOT EXISTS users (
                id INT AUTO_INCREMENT PRIMARY KEY,
                username VARCHAR(50) NOT NULL UNIQUE,
                password VARCHAR(255) NOT NULL,
                email VARCHAR(100) NOT NULL UNIQUE,
                account_type ENUM('user', 'admin') DEFAULT 'user',
                created_at TIMESTAMP DEFAULT CURRENT_TIMESTAMP
            )
[23-Apr-2025 23:49:34 Europe/Berlin] With params: []
[23-Apr-2025 23:49:34 Europe/Berlin] Query executed successfully. Found 0 rows
[23-Apr-2025 23:49:34 Europe/Berlin] Users table created or already exists
[23-Apr-2025 23:49:34 Europe/Berlin] Users table structure: [{"Field":"id","Type":"int(11)","Null":"NO","Key":"PRI","Default":null,"Extra":"auto_increment"},{"Field":"username","Type":"varchar(50)","Null":"NO","Key":"","Default":null,"Extra":""},{"Field":"email","Type":"varchar(100)","Null":"NO","Key":"UNI","Default":null,"Extra":""},{"Field":"password","Type":"varchar(255)","Null":"NO","Key":"","Default":null,"Extra":""},{"Field":"role","Type":"enum('user','admin')","Null":"YES","Key":"","Default":"user","Extra":""},{"Field":"verification_code","Type":"varchar(100)","Null":"YES","Key":"","Default":null,"Extra":""},{"Field":"is_verified","Type":"tinyint(1)","Null":"YES","Key":"","Default":"0","Extra":""},{"Field":"created_at","Type":"timestamp","Null":"NO","Key":"","Default":"current_timestamp()","Extra":""},{"Field":"favorite_sport","Type":"varchar(50)","Null":"YES","Key":"","Default":null,"Extra":""},{"Field":"favorite_team","Type":"varchar(50)","Null":"YES","Key":"","Default":null,"Extra":""},{"Field":"account_type","Type":"enum('user','admin')","Null":"YES","Key":"","Default":"user","Extra":""}]
[23-Apr-2025 23:49:34 Europe/Berlin] Number of users in database: 13
[23-Apr-2025 23:49:34 Europe/Berlin] All tables initialized successfully
[23-Apr-2025 23:49:34 Europe/Berlin] Connected to database. Tables found: favorites, feedback, matches, matches_backup, matches_new, news, newsletter, notifications, players, subscriptions, users
[23-Apr-2025 23:49:34 Europe/Berlin] Executing SQL: CREATE TABLE IF NOT EXISTS users (
                id INT AUTO_INCREMENT PRIMARY KEY,
                username VARCHAR(50) NOT NULL UNIQUE,
                password VARCHAR(255) NOT NULL,
                email VARCHAR(100) NOT NULL UNIQUE,
                account_type ENUM('user', 'admin') DEFAULT 'user',
                created_at TIMESTAMP DEFAULT CURRENT_TIMESTAMP
            )
[23-Apr-2025 23:49:34 Europe/Berlin] With params: []
[23-Apr-2025 23:49:34 Europe/Berlin] Query executed successfully. Found 0 rows
[23-Apr-2025 23:49:34 Europe/Berlin] Users table created or already exists
[23-Apr-2025 23:49:34 Europe/Berlin] Users table structure: [{"Field":"id","Type":"int(11)","Null":"NO","Key":"PRI","Default":null,"Extra":"auto_increment"},{"Field":"username","Type":"varchar(50)","Null":"NO","Key":"","Default":null,"Extra":""},{"Field":"email","Type":"varchar(100)","Null":"NO","Key":"UNI","Default":null,"Extra":""},{"Field":"password","Type":"varchar(255)","Null":"NO","Key":"","Default":null,"Extra":""},{"Field":"role","Type":"enum('user','admin')","Null":"YES","Key":"","Default":"user","Extra":""},{"Field":"verification_code","Type":"varchar(100)","Null":"YES","Key":"","Default":null,"Extra":""},{"Field":"is_verified","Type":"tinyint(1)","Null":"YES","Key":"","Default":"0","Extra":""},{"Field":"created_at","Type":"timestamp","Null":"NO","Key":"","Default":"current_timestamp()","Extra":""},{"Field":"favorite_sport","Type":"varchar(50)","Null":"YES","Key":"","Default":null,"Extra":""},{"Field":"favorite_team","Type":"varchar(50)","Null":"YES","Key":"","Default":null,"Extra":""},{"Field":"account_type","Type":"enum('user','admin')","Null":"YES","Key":"","Default":"user","Extra":""}]
[23-Apr-2025 23:49:34 Europe/Berlin] Number of users in database: 13
[23-Apr-2025 23:49:34 Europe/Berlin] All tables initialized successfully
[23-Apr-2025 23:49:34 Europe/Berlin] Database tables initialized successfully
[23-Apr-2025 23:49:34 Europe/Berlin] Executing SQL: SELECT * FROM users WHERE id = :id
[23-Apr-2025 23:49:34 Europe/Berlin] With params: {":id":12}
[23-Apr-2025 23:49:34 Europe/Berlin] Query executed successfully. Found 1 rows
[23-Apr-2025 23:49:34 Europe/Berlin] User loaded from session: varunpndey
[23-Apr-2025 23:49:34 Europe/Berlin] Header - Session status: 2
[23-Apr-2025 23:49:34 Europe/Berlin] Header - Session data: {"user_id":12,"username":"varunpndey","email":"va@gmail.com","account_type":"admin"}
[23-Apr-2025 23:49:34 Europe/Berlin] Header - After session start - Status: 2
[23-Apr-2025 23:49:34 Europe/Berlin] Header - After session start - Data: {"user_id":12,"username":"varunpndey","email":"va@gmail.com","account_type":"admin"}
[23-Apr-2025 23:49:34 Europe/Berlin] Header - Is logged in: Yes
[23-Apr-2025 23:49:34 Europe/Berlin] Executing SQL: SELECT * FROM matches WHERE status = 'live'
[23-Apr-2025 23:49:34 Europe/Berlin] With params: []
[23-Apr-2025 23:49:34 Europe/Berlin] Query executed successfully. Found 2 rows
[23-Apr-2025 23:49:34 Europe/Berlin] Executing SQL: SELECT COUNT(*) as count FROM favorites 
                    WHERE user_id = :user_id AND match_id = :match_id
[23-Apr-2025 23:49:34 Europe/Berlin] With params: {":user_id":12,":match_id":41}
[23-Apr-2025 23:49:34 Europe/Berlin] Query executed successfully. Found 1 rows
[23-Apr-2025 23:49:34 Europe/Berlin] Executing SQL: SELECT COUNT(*) as count FROM favorites 
                    WHERE user_id = :user_id AND match_id = :match_id
[23-Apr-2025 23:49:34 Europe/Berlin] With params: {":user_id":12,":match_id":42}
[23-Apr-2025 23:49:34 Europe/Berlin] Query executed successfully. Found 1 rows
[23-Apr-2025 23:49:37 Europe/Berlin] Connected to database. Tables found: favorites, feedback, matches, matches_backup, matches_new, news, newsletter, notifications, players, subscriptions, users
[23-Apr-2025 23:49:37 Europe/Berlin] Executing SQL: CREATE TABLE IF NOT EXISTS users (
                id INT AUTO_INCREMENT PRIMARY KEY,
                username VARCHAR(50) NOT NULL UNIQUE,
                password VARCHAR(255) NOT NULL,
                email VARCHAR(100) NOT NULL UNIQUE,
                account_type ENUM('user', 'admin') DEFAULT 'user',
                created_at TIMESTAMP DEFAULT CURRENT_TIMESTAMP
            )
[23-Apr-2025 23:49:37 Europe/Berlin] With params: []
[23-Apr-2025 23:49:37 Europe/Berlin] Query executed successfully. Found 0 rows
[23-Apr-2025 23:49:37 Europe/Berlin] Users table created or already exists
[23-Apr-2025 23:49:37 Europe/Berlin] Users table structure: [{"Field":"id","Type":"int(11)","Null":"NO","Key":"PRI","Default":null,"Extra":"auto_increment"},{"Field":"username","Type":"varchar(50)","Null":"NO","Key":"","Default":null,"Extra":""},{"Field":"email","Type":"varchar(100)","Null":"NO","Key":"UNI","Default":null,"Extra":""},{"Field":"password","Type":"varchar(255)","Null":"NO","Key":"","Default":null,"Extra":""},{"Field":"role","Type":"enum('user','admin')","Null":"YES","Key":"","Default":"user","Extra":""},{"Field":"verification_code","Type":"varchar(100)","Null":"YES","Key":"","Default":null,"Extra":""},{"Field":"is_verified","Type":"tinyint(1)","Null":"YES","Key":"","Default":"0","Extra":""},{"Field":"created_at","Type":"timestamp","Null":"NO","Key":"","Default":"current_timestamp()","Extra":""},{"Field":"favorite_sport","Type":"varchar(50)","Null":"YES","Key":"","Default":null,"Extra":""},{"Field":"favorite_team","Type":"varchar(50)","Null":"YES","Key":"","Default":null,"Extra":""},{"Field":"account_type","Type":"enum('user','admin')","Null":"YES","Key":"","Default":"user","Extra":""}]
[23-Apr-2025 23:49:37 Europe/Berlin] Number of users in database: 13
[23-Apr-2025 23:49:37 Europe/Berlin] All tables initialized successfully
[23-Apr-2025 23:49:37 Europe/Berlin] Connected to database. Tables found: favorites, feedback, matches, matches_backup, matches_new, news, newsletter, notifications, players, subscriptions, users
[23-Apr-2025 23:49:37 Europe/Berlin] Executing SQL: CREATE TABLE IF NOT EXISTS users (
                id INT AUTO_INCREMENT PRIMARY KEY,
                username VARCHAR(50) NOT NULL UNIQUE,
                password VARCHAR(255) NOT NULL,
                email VARCHAR(100) NOT NULL UNIQUE,
                account_type ENUM('user', 'admin') DEFAULT 'user',
                created_at TIMESTAMP DEFAULT CURRENT_TIMESTAMP
            )
[23-Apr-2025 23:49:37 Europe/Berlin] With params: []
[23-Apr-2025 23:49:37 Europe/Berlin] Query executed successfully. Found 0 rows
[23-Apr-2025 23:49:37 Europe/Berlin] Users table created or already exists
[23-Apr-2025 23:49:37 Europe/Berlin] Users table structure: [{"Field":"id","Type":"int(11)","Null":"NO","Key":"PRI","Default":null,"Extra":"auto_increment"},{"Field":"username","Type":"varchar(50)","Null":"NO","Key":"","Default":null,"Extra":""},{"Field":"email","Type":"varchar(100)","Null":"NO","Key":"UNI","Default":null,"Extra":""},{"Field":"password","Type":"varchar(255)","Null":"NO","Key":"","Default":null,"Extra":""},{"Field":"role","Type":"enum('user','admin')","Null":"YES","Key":"","Default":"user","Extra":""},{"Field":"verification_code","Type":"varchar(100)","Null":"YES","Key":"","Default":null,"Extra":""},{"Field":"is_verified","Type":"tinyint(1)","Null":"YES","Key":"","Default":"0","Extra":""},{"Field":"created_at","Type":"timestamp","Null":"NO","Key":"","Default":"current_timestamp()","Extra":""},{"Field":"favorite_sport","Type":"varchar(50)","Null":"YES","Key":"","Default":null,"Extra":""},{"Field":"favorite_team","Type":"varchar(50)","Null":"YES","Key":"","Default":null,"Extra":""},{"Field":"account_type","Type":"enum('user','admin')","Null":"YES","Key":"","Default":"user","Extra":""}]
[23-Apr-2025 23:49:37 Europe/Berlin] Number of users in database: 13
[23-Apr-2025 23:49:37 Europe/Berlin] All tables initialized successfully
[23-Apr-2025 23:49:37 Europe/Berlin] Database tables initialized successfully
[23-Apr-2025 23:49:37 Europe/Berlin] Executing SQL: SELECT * FROM users WHERE id = :id
[23-Apr-2025 23:49:37 Europe/Berlin] With params: {":id":12}
[23-Apr-2025 23:49:37 Europe/Berlin] Query executed successfully. Found 1 rows
[23-Apr-2025 23:49:37 Europe/Berlin] User loaded from session: varunpndey
[23-Apr-2025 23:49:37 Europe/Berlin] Header - Session status: 2
[23-Apr-2025 23:49:37 Europe/Berlin] Header - Session data: {"user_id":12,"username":"varunpndey","email":"va@gmail.com","account_type":"admin"}
[23-Apr-2025 23:49:37 Europe/Berlin] Header - After session start - Status: 2
[23-Apr-2025 23:49:37 Europe/Berlin] Header - After session start - Data: {"user_id":12,"username":"varunpndey","email":"va@gmail.com","account_type":"admin"}
[23-Apr-2025 23:49:37 Europe/Berlin] Header - Is logged in: Yes
[23-Apr-2025 23:49:37 Europe/Berlin] Executing SQL: SELECT * FROM matches WHERE sport = :sport AND status IN ('live', 'upcoming') ORDER BY match_time DESC
[23-Apr-2025 23:49:37 Europe/Berlin] With params: {":sport":"football"}
[23-Apr-2025 23:49:37 Europe/Berlin] Query executed successfully. Found 1 rows
[23-Apr-2025 23:49:37 Europe/Berlin] Executing SQL: SELECT COUNT(*) as count FROM favorites 
                    WHERE user_id = :user_id AND match_id = :match_id
[23-Apr-2025 23:49:37 Europe/Berlin] With params: {":user_id":12,":match_id":41}
[23-Apr-2025 23:49:37 Europe/Berlin] Query executed successfully. Found 1 rows
[23-Apr-2025 23:49:38 Europe/Berlin] Connected to database. Tables found: favorites, feedback, matches, matches_backup, matches_new, news, newsletter, notifications, players, subscriptions, users
[23-Apr-2025 23:49:38 Europe/Berlin] Executing SQL: CREATE TABLE IF NOT EXISTS users (
                id INT AUTO_INCREMENT PRIMARY KEY,
                username VARCHAR(50) NOT NULL UNIQUE,
                password VARCHAR(255) NOT NULL,
                email VARCHAR(100) NOT NULL UNIQUE,
                account_type ENUM('user', 'admin') DEFAULT 'user',
                created_at TIMESTAMP DEFAULT CURRENT_TIMESTAMP
            )
[23-Apr-2025 23:49:38 Europe/Berlin] With params: []
[23-Apr-2025 23:49:38 Europe/Berlin] Query executed successfully. Found 0 rows
[23-Apr-2025 23:49:38 Europe/Berlin] Users table created or already exists
[23-Apr-2025 23:49:38 Europe/Berlin] Users table structure: [{"Field":"id","Type":"int(11)","Null":"NO","Key":"PRI","Default":null,"Extra":"auto_increment"},{"Field":"username","Type":"varchar(50)","Null":"NO","Key":"","Default":null,"Extra":""},{"Field":"email","Type":"varchar(100)","Null":"NO","Key":"UNI","Default":null,"Extra":""},{"Field":"password","Type":"varchar(255)","Null":"NO","Key":"","Default":null,"Extra":""},{"Field":"role","Type":"enum('user','admin')","Null":"YES","Key":"","Default":"user","Extra":""},{"Field":"verification_code","Type":"varchar(100)","Null":"YES","Key":"","Default":null,"Extra":""},{"Field":"is_verified","Type":"tinyint(1)","Null":"YES","Key":"","Default":"0","Extra":""},{"Field":"created_at","Type":"timestamp","Null":"NO","Key":"","Default":"current_timestamp()","Extra":""},{"Field":"favorite_sport","Type":"varchar(50)","Null":"YES","Key":"","Default":null,"Extra":""},{"Field":"favorite_team","Type":"varchar(50)","Null":"YES","Key":"","Default":null,"Extra":""},{"Field":"account_type","Type":"enum('user','admin')","Null":"YES","Key":"","Default":"user","Extra":""}]
[23-Apr-2025 23:49:38 Europe/Berlin] Number of users in database: 13
[23-Apr-2025 23:49:38 Europe/Berlin] All tables initialized successfully
[23-Apr-2025 23:49:38 Europe/Berlin] Connected to database. Tables found: favorites, feedback, matches, matches_backup, matches_new, news, newsletter, notifications, players, subscriptions, users
[23-Apr-2025 23:49:38 Europe/Berlin] Executing SQL: CREATE TABLE IF NOT EXISTS users (
                id INT AUTO_INCREMENT PRIMARY KEY,
                username VARCHAR(50) NOT NULL UNIQUE,
                password VARCHAR(255) NOT NULL,
                email VARCHAR(100) NOT NULL UNIQUE,
                account_type ENUM('user', 'admin') DEFAULT 'user',
                created_at TIMESTAMP DEFAULT CURRENT_TIMESTAMP
            )
[23-Apr-2025 23:49:38 Europe/Berlin] With params: []
[23-Apr-2025 23:49:38 Europe/Berlin] Query executed successfully. Found 0 rows
[23-Apr-2025 23:49:38 Europe/Berlin] Users table created or already exists
[23-Apr-2025 23:49:38 Europe/Berlin] Users table structure: [{"Field":"id","Type":"int(11)","Null":"NO","Key":"PRI","Default":null,"Extra":"auto_increment"},{"Field":"username","Type":"varchar(50)","Null":"NO","Key":"","Default":null,"Extra":""},{"Field":"email","Type":"varchar(100)","Null":"NO","Key":"UNI","Default":null,"Extra":""},{"Field":"password","Type":"varchar(255)","Null":"NO","Key":"","Default":null,"Extra":""},{"Field":"role","Type":"enum('user','admin')","Null":"YES","Key":"","Default":"user","Extra":""},{"Field":"verification_code","Type":"varchar(100)","Null":"YES","Key":"","Default":null,"Extra":""},{"Field":"is_verified","Type":"tinyint(1)","Null":"YES","Key":"","Default":"0","Extra":""},{"Field":"created_at","Type":"timestamp","Null":"NO","Key":"","Default":"current_timestamp()","Extra":""},{"Field":"favorite_sport","Type":"varchar(50)","Null":"YES","Key":"","Default":null,"Extra":""},{"Field":"favorite_team","Type":"varchar(50)","Null":"YES","Key":"","Default":null,"Extra":""},{"Field":"account_type","Type":"enum('user','admin')","Null":"YES","Key":"","Default":"user","Extra":""}]
[23-Apr-2025 23:49:38 Europe/Berlin] Number of users in database: 13
[23-Apr-2025 23:49:38 Europe/Berlin] All tables initialized successfully
[23-Apr-2025 23:49:38 Europe/Berlin] Database tables initialized successfully
[23-Apr-2025 23:49:38 Europe/Berlin] Executing SQL: SELECT * FROM users WHERE id = :id
[23-Apr-2025 23:49:38 Europe/Berlin] With params: {":id":12}
[23-Apr-2025 23:49:38 Europe/Berlin] Query executed successfully. Found 1 rows
[23-Apr-2025 23:49:38 Europe/Berlin] User loaded from session: varunpndey
[23-Apr-2025 23:49:38 Europe/Berlin] Header - Session status: 2
[23-Apr-2025 23:49:38 Europe/Berlin] Header - Session data: {"user_id":12,"username":"varunpndey","email":"va@gmail.com","account_type":"admin"}
[23-Apr-2025 23:49:38 Europe/Berlin] Header - After session start - Status: 2
[23-Apr-2025 23:49:38 Europe/Berlin] Header - After session start - Data: {"user_id":12,"username":"varunpndey","email":"va@gmail.com","account_type":"admin"}
[23-Apr-2025 23:49:38 Europe/Berlin] Header - Is logged in: Yes
[23-Apr-2025 23:49:38 Europe/Berlin] Executing SQL: SELECT * FROM matches WHERE sport = :sport AND status IN ('live', 'upcoming') ORDER BY match_time DESC
[23-Apr-2025 23:49:38 Europe/Berlin] With params: {":sport":"cricket"}
[23-Apr-2025 23:49:38 Europe/Berlin] Query executed successfully. Found 2 rows
[23-Apr-2025 23:49:38 Europe/Berlin] Executing SQL: SELECT COUNT(*) as count FROM favorites 
                    WHERE user_id = :user_id AND match_id = :match_id
[23-Apr-2025 23:49:38 Europe/Berlin] With params: {":user_id":12,":match_id":38}
[23-Apr-2025 23:49:38 Europe/Berlin] Query executed successfully. Found 1 rows
[23-Apr-2025 23:49:38 Europe/Berlin] Executing SQL: SELECT COUNT(*) as count FROM favorites 
                    WHERE user_id = :user_id AND match_id = :match_id
[23-Apr-2025 23:49:38 Europe/Berlin] With params: {":user_id":12,":match_id":42}
[23-Apr-2025 23:49:38 Europe/Berlin] Query executed successfully. Found 1 rows
[23-Apr-2025 23:49:43 Europe/Berlin] Connected to database. Tables found: favorites, feedback, matches, matches_backup, matches_new, news, newsletter, notifications, players, subscriptions, users
[23-Apr-2025 23:49:43 Europe/Berlin] Executing SQL: CREATE TABLE IF NOT EXISTS users (
                id INT AUTO_INCREMENT PRIMARY KEY,
                username VARCHAR(50) NOT NULL UNIQUE,
                password VARCHAR(255) NOT NULL,
                email VARCHAR(100) NOT NULL UNIQUE,
                account_type ENUM('user', 'admin') DEFAULT 'user',
                created_at TIMESTAMP DEFAULT CURRENT_TIMESTAMP
            )
[23-Apr-2025 23:49:43 Europe/Berlin] With params: []
[23-Apr-2025 23:49:43 Europe/Berlin] Query executed successfully. Found 0 rows
[23-Apr-2025 23:49:43 Europe/Berlin] Users table created or already exists
[23-Apr-2025 23:49:43 Europe/Berlin] Users table structure: [{"Field":"id","Type":"int(11)","Null":"NO","Key":"PRI","Default":null,"Extra":"auto_increment"},{"Field":"username","Type":"varchar(50)","Null":"NO","Key":"","Default":null,"Extra":""},{"Field":"email","Type":"varchar(100)","Null":"NO","Key":"UNI","Default":null,"Extra":""},{"Field":"password","Type":"varchar(255)","Null":"NO","Key":"","Default":null,"Extra":""},{"Field":"role","Type":"enum('user','admin')","Null":"YES","Key":"","Default":"user","Extra":""},{"Field":"verification_code","Type":"varchar(100)","Null":"YES","Key":"","Default":null,"Extra":""},{"Field":"is_verified","Type":"tinyint(1)","Null":"YES","Key":"","Default":"0","Extra":""},{"Field":"created_at","Type":"timestamp","Null":"NO","Key":"","Default":"current_timestamp()","Extra":""},{"Field":"favorite_sport","Type":"varchar(50)","Null":"YES","Key":"","Default":null,"Extra":""},{"Field":"favorite_team","Type":"varchar(50)","Null":"YES","Key":"","Default":null,"Extra":""},{"Field":"account_type","Type":"enum('user','admin')","Null":"YES","Key":"","Default":"user","Extra":""}]
[23-Apr-2025 23:49:43 Europe/Berlin] Number of users in database: 13
[23-Apr-2025 23:49:43 Europe/Berlin] All tables initialized successfully
[23-Apr-2025 23:49:43 Europe/Berlin] Connected to database. Tables found: favorites, feedback, matches, matches_backup, matches_new, news, newsletter, notifications, players, subscriptions, users
[23-Apr-2025 23:49:43 Europe/Berlin] Executing SQL: CREATE TABLE IF NOT EXISTS users (
                id INT AUTO_INCREMENT PRIMARY KEY,
                username VARCHAR(50) NOT NULL UNIQUE,
                password VARCHAR(255) NOT NULL,
                email VARCHAR(100) NOT NULL UNIQUE,
                account_type ENUM('user', 'admin') DEFAULT 'user',
                created_at TIMESTAMP DEFAULT CURRENT_TIMESTAMP
            )
[23-Apr-2025 23:49:43 Europe/Berlin] With params: []
[23-Apr-2025 23:49:43 Europe/Berlin] Query executed successfully. Found 0 rows
[23-Apr-2025 23:49:43 Europe/Berlin] Users table created or already exists
[23-Apr-2025 23:49:43 Europe/Berlin] Users table structure: [{"Field":"id","Type":"int(11)","Null":"NO","Key":"PRI","Default":null,"Extra":"auto_increment"},{"Field":"username","Type":"varchar(50)","Null":"NO","Key":"","Default":null,"Extra":""},{"Field":"email","Type":"varchar(100)","Null":"NO","Key":"UNI","Default":null,"Extra":""},{"Field":"password","Type":"varchar(255)","Null":"NO","Key":"","Default":null,"Extra":""},{"Field":"role","Type":"enum('user','admin')","Null":"YES","Key":"","Default":"user","Extra":""},{"Field":"verification_code","Type":"varchar(100)","Null":"YES","Key":"","Default":null,"Extra":""},{"Field":"is_verified","Type":"tinyint(1)","Null":"YES","Key":"","Default":"0","Extra":""},{"Field":"created_at","Type":"timestamp","Null":"NO","Key":"","Default":"current_timestamp()","Extra":""},{"Field":"favorite_sport","Type":"varchar(50)","Null":"YES","Key":"","Default":null,"Extra":""},{"Field":"favorite_team","Type":"varchar(50)","Null":"YES","Key":"","Default":null,"Extra":""},{"Field":"account_type","Type":"enum('user','admin')","Null":"YES","Key":"","Default":"user","Extra":""}]
[23-Apr-2025 23:49:43 Europe/Berlin] Number of users in database: 13
[23-Apr-2025 23:49:43 Europe/Berlin] All tables initialized successfully
[23-Apr-2025 23:49:43 Europe/Berlin] Database tables initialized successfully
[23-Apr-2025 23:49:43 Europe/Berlin] Executing SQL: SELECT * FROM users WHERE id = :id
[23-Apr-2025 23:49:43 Europe/Berlin] With params: {":id":12}
[23-Apr-2025 23:49:43 Europe/Berlin] Query executed successfully. Found 1 rows
[23-Apr-2025 23:49:43 Europe/Berlin] User loaded from session: varunpndey
[23-Apr-2025 23:49:43 Europe/Berlin] Header - Session status: 2
[23-Apr-2025 23:49:43 Europe/Berlin] Header - Session data: {"user_id":12,"username":"varunpndey","email":"va@gmail.com","account_type":"admin"}
[23-Apr-2025 23:49:43 Europe/Berlin] Header - After session start - Status: 2
[23-Apr-2025 23:49:43 Europe/Berlin] Header - After session start - Data: {"user_id":12,"username":"varunpndey","email":"va@gmail.com","account_type":"admin"}
[23-Apr-2025 23:49:43 Europe/Berlin] Header - Is logged in: Yes
[23-Apr-2025 23:49:43 Europe/Berlin] Executing SQL: SELECT * FROM matches WHERE status = 'live'
[23-Apr-2025 23:49:43 Europe/Berlin] With params: []
[23-Apr-2025 23:49:43 Europe/Berlin] Query executed successfully. Found 2 rows
[23-Apr-2025 23:49:43 Europe/Berlin] Executing SQL: SELECT COUNT(*) as count FROM favorites 
                    WHERE user_id = :user_id AND match_id = :match_id
[23-Apr-2025 23:49:43 Europe/Berlin] With params: {":user_id":12,":match_id":41}
[23-Apr-2025 23:49:43 Europe/Berlin] Query executed successfully. Found 1 rows
[23-Apr-2025 23:49:43 Europe/Berlin] Executing SQL: SELECT COUNT(*) as count FROM favorites 
                    WHERE user_id = :user_id AND match_id = :match_id
[23-Apr-2025 23:49:43 Europe/Berlin] With params: {":user_id":12,":match_id":42}
[23-Apr-2025 23:49:43 Europe/Berlin] Query executed successfully. Found 1 rows
[23-Apr-2025 23:49:58 Europe/Berlin] Connected to database. Tables found: favorites, feedback, matches, matches_backup, matches_new, news, newsletter, notifications, players, subscriptions, users
[23-Apr-2025 23:49:58 Europe/Berlin] Executing SQL: CREATE TABLE IF NOT EXISTS users (
                id INT AUTO_INCREMENT PRIMARY KEY,
                username VARCHAR(50) NOT NULL UNIQUE,
                password VARCHAR(255) NOT NULL,
                email VARCHAR(100) NOT NULL UNIQUE,
                account_type ENUM('user', 'admin') DEFAULT 'user',
                created_at TIMESTAMP DEFAULT CURRENT_TIMESTAMP
            )
[23-Apr-2025 23:49:58 Europe/Berlin] With params: []
[23-Apr-2025 23:49:58 Europe/Berlin] Query executed successfully. Found 0 rows
[23-Apr-2025 23:49:58 Europe/Berlin] Users table created or already exists
[23-Apr-2025 23:49:58 Europe/Berlin] Users table structure: [{"Field":"id","Type":"int(11)","Null":"NO","Key":"PRI","Default":null,"Extra":"auto_increment"},{"Field":"username","Type":"varchar(50)","Null":"NO","Key":"","Default":null,"Extra":""},{"Field":"email","Type":"varchar(100)","Null":"NO","Key":"UNI","Default":null,"Extra":""},{"Field":"password","Type":"varchar(255)","Null":"NO","Key":"","Default":null,"Extra":""},{"Field":"role","Type":"enum('user','admin')","Null":"YES","Key":"","Default":"user","Extra":""},{"Field":"verification_code","Type":"varchar(100)","Null":"YES","Key":"","Default":null,"Extra":""},{"Field":"is_verified","Type":"tinyint(1)","Null":"YES","Key":"","Default":"0","Extra":""},{"Field":"created_at","Type":"timestamp","Null":"NO","Key":"","Default":"current_timestamp()","Extra":""},{"Field":"favorite_sport","Type":"varchar(50)","Null":"YES","Key":"","Default":null,"Extra":""},{"Field":"favorite_team","Type":"varchar(50)","Null":"YES","Key":"","Default":null,"Extra":""},{"Field":"account_type","Type":"enum('user','admin')","Null":"YES","Key":"","Default":"user","Extra":""}]
[23-Apr-2025 23:49:58 Europe/Berlin] Number of users in database: 13
[23-Apr-2025 23:49:58 Europe/Berlin] All tables initialized successfully
[23-Apr-2025 23:49:58 Europe/Berlin] Connected to database. Tables found: favorites, feedback, matches, matches_backup, matches_new, news, newsletter, notifications, players, subscriptions, users
[23-Apr-2025 23:49:58 Europe/Berlin] Executing SQL: CREATE TABLE IF NOT EXISTS users (
                id INT AUTO_INCREMENT PRIMARY KEY,
                username VARCHAR(50) NOT NULL UNIQUE,
                password VARCHAR(255) NOT NULL,
                email VARCHAR(100) NOT NULL UNIQUE,
                account_type ENUM('user', 'admin') DEFAULT 'user',
                created_at TIMESTAMP DEFAULT CURRENT_TIMESTAMP
            )
[23-Apr-2025 23:49:58 Europe/Berlin] With params: []
[23-Apr-2025 23:49:58 Europe/Berlin] Query executed successfully. Found 0 rows
[23-Apr-2025 23:49:58 Europe/Berlin] Users table created or already exists
[23-Apr-2025 23:49:58 Europe/Berlin] Users table structure: [{"Field":"id","Type":"int(11)","Null":"NO","Key":"PRI","Default":null,"Extra":"auto_increment"},{"Field":"username","Type":"varchar(50)","Null":"NO","Key":"","Default":null,"Extra":""},{"Field":"email","Type":"varchar(100)","Null":"NO","Key":"UNI","Default":null,"Extra":""},{"Field":"password","Type":"varchar(255)","Null":"NO","Key":"","Default":null,"Extra":""},{"Field":"role","Type":"enum('user','admin')","Null":"YES","Key":"","Default":"user","Extra":""},{"Field":"verification_code","Type":"varchar(100)","Null":"YES","Key":"","Default":null,"Extra":""},{"Field":"is_verified","Type":"tinyint(1)","Null":"YES","Key":"","Default":"0","Extra":""},{"Field":"created_at","Type":"timestamp","Null":"NO","Key":"","Default":"current_timestamp()","Extra":""},{"Field":"favorite_sport","Type":"varchar(50)","Null":"YES","Key":"","Default":null,"Extra":""},{"Field":"favorite_team","Type":"varchar(50)","Null":"YES","Key":"","Default":null,"Extra":""},{"Field":"account_type","Type":"enum('user','admin')","Null":"YES","Key":"","Default":"user","Extra":""}]
[23-Apr-2025 23:49:58 Europe/Berlin] Number of users in database: 13
[23-Apr-2025 23:49:58 Europe/Berlin] All tables initialized successfully
[23-Apr-2025 23:49:58 Europe/Berlin] Database tables initialized successfully
[23-Apr-2025 23:49:58 Europe/Berlin] Executing SQL: SELECT * FROM users WHERE id = :id
[23-Apr-2025 23:49:58 Europe/Berlin] With params: {":id":12}
[23-Apr-2025 23:49:58 Europe/Berlin] Query executed successfully. Found 1 rows
[23-Apr-2025 23:49:58 Europe/Berlin] User loaded from session: varunpndey
[23-Apr-2025 23:49:58 Europe/Berlin] Executing SQL: SELECT * FROM users WHERE id = :id
[23-Apr-2025 23:49:58 Europe/Berlin] With params: {":id":12}
[23-Apr-2025 23:49:58 Europe/Berlin] Query executed successfully. Found 1 rows
[23-Apr-2025 23:49:58 Europe/Berlin] Executing SQL: SELECT * FROM news ORDER BY created_at DESC
[23-Apr-2025 23:49:58 Europe/Berlin] With params: []
[23-Apr-2025 23:49:58 Europe/Berlin] Query executed successfully. Found 2 rows
[23-Apr-2025 23:49:58 Europe/Berlin] Executing SQL: SELECT * FROM feedback ORDER BY created_at DESC
[23-Apr-2025 23:49:58 Europe/Berlin] With params: []
[23-Apr-2025 23:49:58 Europe/Berlin] Query executed successfully. Found 7 rows
[23-Apr-2025 23:49:58 Europe/Berlin] Executing SQL: SELECT * FROM matches WHERE status = 'live'
[23-Apr-2025 23:49:58 Europe/Berlin] With params: []
[23-Apr-2025 23:49:58 Europe/Berlin] Query executed successfully. Found 2 rows
[23-Apr-2025 23:49:58 Europe/Berlin] Executing SQL: SELECT * FROM matches WHERE 1=1 ORDER BY match_time DESC
[23-Apr-2025 23:49:58 Europe/Berlin] With params: []
[23-Apr-2025 23:49:58 Europe/Berlin] Query executed successfully. Found 3 rows
[23-Apr-2025 23:53:49 Europe/Berlin] Connected to database. Tables found: favorites, feedback, matches, matches_backup, matches_new, news, newsletter, notifications, players, subscriptions, users
[23-Apr-2025 23:53:49 Europe/Berlin] Executing SQL: CREATE TABLE IF NOT EXISTS users (
                id INT AUTO_INCREMENT PRIMARY KEY,
                username VARCHAR(50) NOT NULL UNIQUE,
                password VARCHAR(255) NOT NULL,
                email VARCHAR(100) NOT NULL UNIQUE,
                account_type ENUM('user', 'admin') DEFAULT 'user',
                created_at TIMESTAMP DEFAULT CURRENT_TIMESTAMP
            )
[23-Apr-2025 23:53:49 Europe/Berlin] With params: []
[23-Apr-2025 23:53:49 Europe/Berlin] Query executed successfully. Found 0 rows
[23-Apr-2025 23:53:49 Europe/Berlin] Users table created or already exists
[23-Apr-2025 23:53:49 Europe/Berlin] Users table structure: [{"Field":"id","Type":"int(11)","Null":"NO","Key":"PRI","Default":null,"Extra":"auto_increment"},{"Field":"username","Type":"varchar(50)","Null":"NO","Key":"","Default":null,"Extra":""},{"Field":"email","Type":"varchar(100)","Null":"NO","Key":"UNI","Default":null,"Extra":""},{"Field":"password","Type":"varchar(255)","Null":"NO","Key":"","Default":null,"Extra":""},{"Field":"role","Type":"enum('user','admin')","Null":"YES","Key":"","Default":"user","Extra":""},{"Field":"verification_code","Type":"varchar(100)","Null":"YES","Key":"","Default":null,"Extra":""},{"Field":"is_verified","Type":"tinyint(1)","Null":"YES","Key":"","Default":"0","Extra":""},{"Field":"created_at","Type":"timestamp","Null":"NO","Key":"","Default":"current_timestamp()","Extra":""},{"Field":"favorite_sport","Type":"varchar(50)","Null":"YES","Key":"","Default":null,"Extra":""},{"Field":"favorite_team","Type":"varchar(50)","Null":"YES","Key":"","Default":null,"Extra":""},{"Field":"account_type","Type":"enum('user','admin')","Null":"YES","Key":"","Default":"user","Extra":""}]
[23-Apr-2025 23:53:49 Europe/Berlin] Number of users in database: 13
[23-Apr-2025 23:53:49 Europe/Berlin] All tables initialized successfully
[23-Apr-2025 23:53:49 Europe/Berlin] Connected to database. Tables found: favorites, feedback, matches, matches_backup, matches_new, news, newsletter, notifications, players, subscriptions, users
[23-Apr-2025 23:53:49 Europe/Berlin] Executing SQL: CREATE TABLE IF NOT EXISTS users (
                id INT AUTO_INCREMENT PRIMARY KEY,
                username VARCHAR(50) NOT NULL UNIQUE,
                password VARCHAR(255) NOT NULL,
                email VARCHAR(100) NOT NULL UNIQUE,
                account_type ENUM('user', 'admin') DEFAULT 'user',
                created_at TIMESTAMP DEFAULT CURRENT_TIMESTAMP
            )
[23-Apr-2025 23:53:49 Europe/Berlin] With params: []
[23-Apr-2025 23:53:49 Europe/Berlin] Query executed successfully. Found 0 rows
[23-Apr-2025 23:53:49 Europe/Berlin] Users table created or already exists
[23-Apr-2025 23:53:49 Europe/Berlin] Users table structure: [{"Field":"id","Type":"int(11)","Null":"NO","Key":"PRI","Default":null,"Extra":"auto_increment"},{"Field":"username","Type":"varchar(50)","Null":"NO","Key":"","Default":null,"Extra":""},{"Field":"email","Type":"varchar(100)","Null":"NO","Key":"UNI","Default":null,"Extra":""},{"Field":"password","Type":"varchar(255)","Null":"NO","Key":"","Default":null,"Extra":""},{"Field":"role","Type":"enum('user','admin')","Null":"YES","Key":"","Default":"user","Extra":""},{"Field":"verification_code","Type":"varchar(100)","Null":"YES","Key":"","Default":null,"Extra":""},{"Field":"is_verified","Type":"tinyint(1)","Null":"YES","Key":"","Default":"0","Extra":""},{"Field":"created_at","Type":"timestamp","Null":"NO","Key":"","Default":"current_timestamp()","Extra":""},{"Field":"favorite_sport","Type":"varchar(50)","Null":"YES","Key":"","Default":null,"Extra":""},{"Field":"favorite_team","Type":"varchar(50)","Null":"YES","Key":"","Default":null,"Extra":""},{"Field":"account_type","Type":"enum('user','admin')","Null":"YES","Key":"","Default":"user","Extra":""}]
[23-Apr-2025 23:53:49 Europe/Berlin] Number of users in database: 13
[23-Apr-2025 23:53:49 Europe/Berlin] All tables initialized successfully
[23-Apr-2025 23:53:49 Europe/Berlin] Database tables initialized successfully
[23-Apr-2025 23:53:49 Europe/Berlin] Executing SQL: SELECT * FROM users WHERE id = :id
[23-Apr-2025 23:53:49 Europe/Berlin] With params: {":id":12}
[23-Apr-2025 23:53:49 Europe/Berlin] Query executed successfully. Found 1 rows
[23-Apr-2025 23:53:49 Europe/Berlin] User loaded from session: varunpndey
[23-Apr-2025 23:53:49 Europe/Berlin] Header - Session status: 2
[23-Apr-2025 23:53:49 Europe/Berlin] Header - Session data: {"user_id":12,"username":"varunpndey","email":"va@gmail.com","account_type":"admin"}
[23-Apr-2025 23:53:49 Europe/Berlin] Header - After session start - Status: 2
[23-Apr-2025 23:53:49 Europe/Berlin] Header - After session start - Data: {"user_id":12,"username":"varunpndey","email":"va@gmail.com","account_type":"admin"}
[23-Apr-2025 23:53:49 Europe/Berlin] Header - Is logged in: Yes
[23-Apr-2025 23:53:49 Europe/Berlin] Executing SQL: SELECT * FROM news ORDER BY created_at DESC LIMIT 5
[23-Apr-2025 23:53:49 Europe/Berlin] With params: []
[23-Apr-2025 23:53:49 Europe/Berlin] Query executed successfully. Found 2 rows
[23-Apr-2025 23:53:49 Europe/Berlin] Executing SQL: SELECT * FROM matches WHERE status = 'live'
[23-Apr-2025 23:53:49 Europe/Berlin] With params: []
[23-Apr-2025 23:53:50 Europe/Berlin] Query executed successfully. Found 2 rows
[23-Apr-2025 23:53:50 Europe/Berlin] Executing SQL: SELECT COUNT(*) as count FROM favorites 
                    WHERE user_id = :user_id AND match_id = :match_id
[23-Apr-2025 23:53:50 Europe/Berlin] With params: {":user_id":12,":match_id":41}
[23-Apr-2025 23:53:50 Europe/Berlin] Query executed successfully. Found 1 rows
[23-Apr-2025 23:53:50 Europe/Berlin] Executing SQL: SELECT COUNT(*) as count FROM favorites 
                    WHERE user_id = :user_id AND match_id = :match_id
[23-Apr-2025 23:53:50 Europe/Berlin] With params: {":user_id":12,":match_id":42}
[23-Apr-2025 23:53:50 Europe/Berlin] Query executed successfully. Found 1 rows
[23-Apr-2025 23:53:52 Europe/Berlin] Connected to database. Tables found: favorites, feedback, matches, matches_backup, matches_new, news, newsletter, notifications, players, subscriptions, users
[23-Apr-2025 23:53:52 Europe/Berlin] Executing SQL: CREATE TABLE IF NOT EXISTS users (
                id INT AUTO_INCREMENT PRIMARY KEY,
                username VARCHAR(50) NOT NULL UNIQUE,
                password VARCHAR(255) NOT NULL,
                email VARCHAR(100) NOT NULL UNIQUE,
                account_type ENUM('user', 'admin') DEFAULT 'user',
                created_at TIMESTAMP DEFAULT CURRENT_TIMESTAMP
            )
[23-Apr-2025 23:53:52 Europe/Berlin] With params: []
[23-Apr-2025 23:53:52 Europe/Berlin] Query executed successfully. Found 0 rows
[23-Apr-2025 23:53:52 Europe/Berlin] Users table created or already exists
[23-Apr-2025 23:53:52 Europe/Berlin] Users table structure: [{"Field":"id","Type":"int(11)","Null":"NO","Key":"PRI","Default":null,"Extra":"auto_increment"},{"Field":"username","Type":"varchar(50)","Null":"NO","Key":"","Default":null,"Extra":""},{"Field":"email","Type":"varchar(100)","Null":"NO","Key":"UNI","Default":null,"Extra":""},{"Field":"password","Type":"varchar(255)","Null":"NO","Key":"","Default":null,"Extra":""},{"Field":"role","Type":"enum('user','admin')","Null":"YES","Key":"","Default":"user","Extra":""},{"Field":"verification_code","Type":"varchar(100)","Null":"YES","Key":"","Default":null,"Extra":""},{"Field":"is_verified","Type":"tinyint(1)","Null":"YES","Key":"","Default":"0","Extra":""},{"Field":"created_at","Type":"timestamp","Null":"NO","Key":"","Default":"current_timestamp()","Extra":""},{"Field":"favorite_sport","Type":"varchar(50)","Null":"YES","Key":"","Default":null,"Extra":""},{"Field":"favorite_team","Type":"varchar(50)","Null":"YES","Key":"","Default":null,"Extra":""},{"Field":"account_type","Type":"enum('user','admin')","Null":"YES","Key":"","Default":"user","Extra":""}]
[23-Apr-2025 23:53:52 Europe/Berlin] Number of users in database: 13
[23-Apr-2025 23:53:52 Europe/Berlin] All tables initialized successfully
[23-Apr-2025 23:53:52 Europe/Berlin] API Request received: /sportsync/backend/match.php
[23-Apr-2025 23:53:52 Europe/Berlin] GET parameters: Array
(
)

[23-Apr-2025 23:53:54 Europe/Berlin] Connected to database. Tables found: favorites, feedback, matches, matches_backup, matches_new, news, newsletter, notifications, players, subscriptions, users
[23-Apr-2025 23:53:54 Europe/Berlin] Executing SQL: CREATE TABLE IF NOT EXISTS users (
                id INT AUTO_INCREMENT PRIMARY KEY,
                username VARCHAR(50) NOT NULL UNIQUE,
                password VARCHAR(255) NOT NULL,
                email VARCHAR(100) NOT NULL UNIQUE,
                account_type ENUM('user', 'admin') DEFAULT 'user',
                created_at TIMESTAMP DEFAULT CURRENT_TIMESTAMP
            )
[23-Apr-2025 23:53:54 Europe/Berlin] With params: []
[23-Apr-2025 23:53:54 Europe/Berlin] Query executed successfully. Found 0 rows
[23-Apr-2025 23:53:54 Europe/Berlin] Users table created or already exists
[23-Apr-2025 23:53:54 Europe/Berlin] Users table structure: [{"Field":"id","Type":"int(11)","Null":"NO","Key":"PRI","Default":null,"Extra":"auto_increment"},{"Field":"username","Type":"varchar(50)","Null":"NO","Key":"","Default":null,"Extra":""},{"Field":"email","Type":"varchar(100)","Null":"NO","Key":"UNI","Default":null,"Extra":""},{"Field":"password","Type":"varchar(255)","Null":"NO","Key":"","Default":null,"Extra":""},{"Field":"role","Type":"enum('user','admin')","Null":"YES","Key":"","Default":"user","Extra":""},{"Field":"verification_code","Type":"varchar(100)","Null":"YES","Key":"","Default":null,"Extra":""},{"Field":"is_verified","Type":"tinyint(1)","Null":"YES","Key":"","Default":"0","Extra":""},{"Field":"created_at","Type":"timestamp","Null":"NO","Key":"","Default":"current_timestamp()","Extra":""},{"Field":"favorite_sport","Type":"varchar(50)","Null":"YES","Key":"","Default":null,"Extra":""},{"Field":"favorite_team","Type":"varchar(50)","Null":"YES","Key":"","Default":null,"Extra":""},{"Field":"account_type","Type":"enum('user','admin')","Null":"YES","Key":"","Default":"user","Extra":""}]
[23-Apr-2025 23:53:54 Europe/Berlin] Number of users in database: 13
[23-Apr-2025 23:53:54 Europe/Berlin] All tables initialized successfully
[23-Apr-2025 23:53:54 Europe/Berlin] API Request received: /sportsync/backend/match.php
[23-Apr-2025 23:53:54 Europe/Berlin] GET parameters: Array
(
)

[23-Apr-2025 23:53:56 Europe/Berlin] Connected to database. Tables found: favorites, feedback, matches, matches_backup, matches_new, news, newsletter, notifications, players, subscriptions, users
[23-Apr-2025 23:53:56 Europe/Berlin] Executing SQL: CREATE TABLE IF NOT EXISTS users (
                id INT AUTO_INCREMENT PRIMARY KEY,
                username VARCHAR(50) NOT NULL UNIQUE,
                password VARCHAR(255) NOT NULL,
                email VARCHAR(100) NOT NULL UNIQUE,
                account_type ENUM('user', 'admin') DEFAULT 'user',
                created_at TIMESTAMP DEFAULT CURRENT_TIMESTAMP
            )
[23-Apr-2025 23:53:56 Europe/Berlin] With params: []
[23-Apr-2025 23:53:56 Europe/Berlin] Query executed successfully. Found 0 rows
[23-Apr-2025 23:53:56 Europe/Berlin] Users table created or already exists
[23-Apr-2025 23:53:56 Europe/Berlin] Users table structure: [{"Field":"id","Type":"int(11)","Null":"NO","Key":"PRI","Default":null,"Extra":"auto_increment"},{"Field":"username","Type":"varchar(50)","Null":"NO","Key":"","Default":null,"Extra":""},{"Field":"email","Type":"varchar(100)","Null":"NO","Key":"UNI","Default":null,"Extra":""},{"Field":"password","Type":"varchar(255)","Null":"NO","Key":"","Default":null,"Extra":""},{"Field":"role","Type":"enum('user','admin')","Null":"YES","Key":"","Default":"user","Extra":""},{"Field":"verification_code","Type":"varchar(100)","Null":"YES","Key":"","Default":null,"Extra":""},{"Field":"is_verified","Type":"tinyint(1)","Null":"YES","Key":"","Default":"0","Extra":""},{"Field":"created_at","Type":"timestamp","Null":"NO","Key":"","Default":"current_timestamp()","Extra":""},{"Field":"favorite_sport","Type":"varchar(50)","Null":"YES","Key":"","Default":null,"Extra":""},{"Field":"favorite_team","Type":"varchar(50)","Null":"YES","Key":"","Default":null,"Extra":""},{"Field":"account_type","Type":"enum('user','admin')","Null":"YES","Key":"","Default":"user","Extra":""}]
[23-Apr-2025 23:53:56 Europe/Berlin] Number of users in database: 13
[23-Apr-2025 23:53:56 Europe/Berlin] All tables initialized successfully
[23-Apr-2025 23:53:56 Europe/Berlin] Connected to database. Tables found: favorites, feedback, matches, matches_backup, matches_new, news, newsletter, notifications, players, subscriptions, users
[23-Apr-2025 23:53:56 Europe/Berlin] Executing SQL: CREATE TABLE IF NOT EXISTS users (
                id INT AUTO_INCREMENT PRIMARY KEY,
                username VARCHAR(50) NOT NULL UNIQUE,
                password VARCHAR(255) NOT NULL,
                email VARCHAR(100) NOT NULL UNIQUE,
                account_type ENUM('user', 'admin') DEFAULT 'user',
                created_at TIMESTAMP DEFAULT CURRENT_TIMESTAMP
            )
[23-Apr-2025 23:53:56 Europe/Berlin] With params: []
[23-Apr-2025 23:53:56 Europe/Berlin] Query executed successfully. Found 0 rows
[23-Apr-2025 23:53:56 Europe/Berlin] Users table created or already exists
[23-Apr-2025 23:53:56 Europe/Berlin] Users table structure: [{"Field":"id","Type":"int(11)","Null":"NO","Key":"PRI","Default":null,"Extra":"auto_increment"},{"Field":"username","Type":"varchar(50)","Null":"NO","Key":"","Default":null,"Extra":""},{"Field":"email","Type":"varchar(100)","Null":"NO","Key":"UNI","Default":null,"Extra":""},{"Field":"password","Type":"varchar(255)","Null":"NO","Key":"","Default":null,"Extra":""},{"Field":"role","Type":"enum('user','admin')","Null":"YES","Key":"","Default":"user","Extra":""},{"Field":"verification_code","Type":"varchar(100)","Null":"YES","Key":"","Default":null,"Extra":""},{"Field":"is_verified","Type":"tinyint(1)","Null":"YES","Key":"","Default":"0","Extra":""},{"Field":"created_at","Type":"timestamp","Null":"NO","Key":"","Default":"current_timestamp()","Extra":""},{"Field":"favorite_sport","Type":"varchar(50)","Null":"YES","Key":"","Default":null,"Extra":""},{"Field":"favorite_team","Type":"varchar(50)","Null":"YES","Key":"","Default":null,"Extra":""},{"Field":"account_type","Type":"enum('user','admin')","Null":"YES","Key":"","Default":"user","Extra":""}]
[23-Apr-2025 23:53:56 Europe/Berlin] Number of users in database: 13
[23-Apr-2025 23:53:56 Europe/Berlin] All tables initialized successfully
[23-Apr-2025 23:53:56 Europe/Berlin] Database tables initialized successfully
[23-Apr-2025 23:53:56 Europe/Berlin] Executing SQL: SELECT * FROM users WHERE id = :id
[23-Apr-2025 23:53:56 Europe/Berlin] With params: {":id":12}
[23-Apr-2025 23:53:56 Europe/Berlin] Query executed successfully. Found 1 rows
[23-Apr-2025 23:53:56 Europe/Berlin] User loaded from session: varunpndey
[23-Apr-2025 23:53:56 Europe/Berlin] Header - Session status: 2
[23-Apr-2025 23:53:56 Europe/Berlin] Header - Session data: {"user_id":12,"username":"varunpndey","email":"va@gmail.com","account_type":"admin"}
[23-Apr-2025 23:53:56 Europe/Berlin] Header - After session start - Status: 2
[23-Apr-2025 23:53:56 Europe/Berlin] Header - After session start - Data: {"user_id":12,"username":"varunpndey","email":"va@gmail.com","account_type":"admin"}
[23-Apr-2025 23:53:56 Europe/Berlin] Header - Is logged in: Yes
[23-Apr-2025 23:53:56 Europe/Berlin] Executing SQL: SELECT * FROM matches WHERE sport = :sport ORDER BY match_time DESC
[23-Apr-2025 23:53:56 Europe/Berlin] With params: {":sport":"cricket"}
[23-Apr-2025 23:53:56 Europe/Berlin] Query executed successfully. Found 2 rows
[23-Apr-2025 23:53:56 Europe/Berlin] Executing SQL: SELECT * FROM matches WHERE sport = :sport AND status = :status
[23-Apr-2025 23:53:56 Europe/Berlin] With params: {":sport":"cricket",":status":"live"}
[23-Apr-2025 23:53:56 Europe/Berlin] Query executed successfully. Found 1 rows
[23-Apr-2025 23:53:56 Europe/Berlin] Executing SQL: SELECT COUNT(*) as count FROM favorites 
                    WHERE user_id = :user_id AND match_id = :match_id
[23-Apr-2025 23:53:56 Europe/Berlin] With params: {":user_id":12,":match_id":38}
[23-Apr-2025 23:53:56 Europe/Berlin] Query executed successfully. Found 1 rows
[23-Apr-2025 23:53:56 Europe/Berlin] Executing SQL: SELECT COUNT(*) as count FROM favorites 
                    WHERE user_id = :user_id AND match_id = :match_id
[23-Apr-2025 23:53:56 Europe/Berlin] With params: {":user_id":12,":match_id":42}
[23-Apr-2025 23:53:56 Europe/Berlin] Query executed successfully. Found 1 rows
[23-Apr-2025 23:53:58 Europe/Berlin] Connected to database. Tables found: favorites, feedback, matches, matches_backup, matches_new, news, newsletter, notifications, players, subscriptions, users
[23-Apr-2025 23:53:58 Europe/Berlin] Executing SQL: CREATE TABLE IF NOT EXISTS users (
                id INT AUTO_INCREMENT PRIMARY KEY,
                username VARCHAR(50) NOT NULL UNIQUE,
                password VARCHAR(255) NOT NULL,
                email VARCHAR(100) NOT NULL UNIQUE,
                account_type ENUM('user', 'admin') DEFAULT 'user',
                created_at TIMESTAMP DEFAULT CURRENT_TIMESTAMP
            )
[23-Apr-2025 23:53:58 Europe/Berlin] With params: []
[23-Apr-2025 23:53:58 Europe/Berlin] Query executed successfully. Found 0 rows
[23-Apr-2025 23:53:58 Europe/Berlin] Users table created or already exists
[23-Apr-2025 23:53:58 Europe/Berlin] Users table structure: [{"Field":"id","Type":"int(11)","Null":"NO","Key":"PRI","Default":null,"Extra":"auto_increment"},{"Field":"username","Type":"varchar(50)","Null":"NO","Key":"","Default":null,"Extra":""},{"Field":"email","Type":"varchar(100)","Null":"NO","Key":"UNI","Default":null,"Extra":""},{"Field":"password","Type":"varchar(255)","Null":"NO","Key":"","Default":null,"Extra":""},{"Field":"role","Type":"enum('user','admin')","Null":"YES","Key":"","Default":"user","Extra":""},{"Field":"verification_code","Type":"varchar(100)","Null":"YES","Key":"","Default":null,"Extra":""},{"Field":"is_verified","Type":"tinyint(1)","Null":"YES","Key":"","Default":"0","Extra":""},{"Field":"created_at","Type":"timestamp","Null":"NO","Key":"","Default":"current_timestamp()","Extra":""},{"Field":"favorite_sport","Type":"varchar(50)","Null":"YES","Key":"","Default":null,"Extra":""},{"Field":"favorite_team","Type":"varchar(50)","Null":"YES","Key":"","Default":null,"Extra":""},{"Field":"account_type","Type":"enum('user','admin')","Null":"YES","Key":"","Default":"user","Extra":""}]
[23-Apr-2025 23:53:58 Europe/Berlin] Number of users in database: 13
[23-Apr-2025 23:53:58 Europe/Berlin] All tables initialized successfully
[23-Apr-2025 23:53:58 Europe/Berlin] API Request received: /sportsync/backend/match.php?_=1745445238569
[23-Apr-2025 23:53:58 Europe/Berlin] GET parameters: Array
(
    [_] => 1745445238569
)

[23-Apr-2025 23:54:05 Europe/Berlin] Connected to database. Tables found: favorites, feedback, matches, matches_backup, matches_new, news, newsletter, notifications, players, subscriptions, users
[23-Apr-2025 23:54:05 Europe/Berlin] Executing SQL: CREATE TABLE IF NOT EXISTS users (
                id INT AUTO_INCREMENT PRIMARY KEY,
                username VARCHAR(50) NOT NULL UNIQUE,
                password VARCHAR(255) NOT NULL,
                email VARCHAR(100) NOT NULL UNIQUE,
                account_type ENUM('user', 'admin') DEFAULT 'user',
                created_at TIMESTAMP DEFAULT CURRENT_TIMESTAMP
            )
[23-Apr-2025 23:54:05 Europe/Berlin] With params: []
[23-Apr-2025 23:54:05 Europe/Berlin] Query executed successfully. Found 0 rows
[23-Apr-2025 23:54:05 Europe/Berlin] Users table created or already exists
[23-Apr-2025 23:54:05 Europe/Berlin] Users table structure: [{"Field":"id","Type":"int(11)","Null":"NO","Key":"PRI","Default":null,"Extra":"auto_increment"},{"Field":"username","Type":"varchar(50)","Null":"NO","Key":"","Default":null,"Extra":""},{"Field":"email","Type":"varchar(100)","Null":"NO","Key":"UNI","Default":null,"Extra":""},{"Field":"password","Type":"varchar(255)","Null":"NO","Key":"","Default":null,"Extra":""},{"Field":"role","Type":"enum('user','admin')","Null":"YES","Key":"","Default":"user","Extra":""},{"Field":"verification_code","Type":"varchar(100)","Null":"YES","Key":"","Default":null,"Extra":""},{"Field":"is_verified","Type":"tinyint(1)","Null":"YES","Key":"","Default":"0","Extra":""},{"Field":"created_at","Type":"timestamp","Null":"NO","Key":"","Default":"current_timestamp()","Extra":""},{"Field":"favorite_sport","Type":"varchar(50)","Null":"YES","Key":"","Default":null,"Extra":""},{"Field":"favorite_team","Type":"varchar(50)","Null":"YES","Key":"","Default":null,"Extra":""},{"Field":"account_type","Type":"enum('user','admin')","Null":"YES","Key":"","Default":"user","Extra":""}]
[23-Apr-2025 23:54:05 Europe/Berlin] Number of users in database: 13
[23-Apr-2025 23:54:05 Europe/Berlin] All tables initialized successfully
[23-Apr-2025 23:54:05 Europe/Berlin] API Request received: /sportsync/backend/match.php?_=1745445245415
[23-Apr-2025 23:54:05 Europe/Berlin] GET parameters: Array
(
    [_] => 1745445245415
)

[23-Apr-2025 23:54:27 Europe/Berlin] Connected to database. Tables found: favorites, feedback, matches, matches_backup, matches_new, news, newsletter, notifications, players, subscriptions, users
[23-Apr-2025 23:54:27 Europe/Berlin] Executing SQL: CREATE TABLE IF NOT EXISTS users (
                id INT AUTO_INCREMENT PRIMARY KEY,
                username VARCHAR(50) NOT NULL UNIQUE,
                password VARCHAR(255) NOT NULL,
                email VARCHAR(100) NOT NULL UNIQUE,
                account_type ENUM('user', 'admin') DEFAULT 'user',
                created_at TIMESTAMP DEFAULT CURRENT_TIMESTAMP
            )
[23-Apr-2025 23:54:27 Europe/Berlin] With params: []
[23-Apr-2025 23:54:27 Europe/Berlin] Query executed successfully. Found 0 rows
[23-Apr-2025 23:54:27 Europe/Berlin] Users table created or already exists
[23-Apr-2025 23:54:27 Europe/Berlin] Users table structure: [{"Field":"id","Type":"int(11)","Null":"NO","Key":"PRI","Default":null,"Extra":"auto_increment"},{"Field":"username","Type":"varchar(50)","Null":"NO","Key":"","Default":null,"Extra":""},{"Field":"email","Type":"varchar(100)","Null":"NO","Key":"UNI","Default":null,"Extra":""},{"Field":"password","Type":"varchar(255)","Null":"NO","Key":"","Default":null,"Extra":""},{"Field":"role","Type":"enum('user','admin')","Null":"YES","Key":"","Default":"user","Extra":""},{"Field":"verification_code","Type":"varchar(100)","Null":"YES","Key":"","Default":null,"Extra":""},{"Field":"is_verified","Type":"tinyint(1)","Null":"YES","Key":"","Default":"0","Extra":""},{"Field":"created_at","Type":"timestamp","Null":"NO","Key":"","Default":"current_timestamp()","Extra":""},{"Field":"favorite_sport","Type":"varchar(50)","Null":"YES","Key":"","Default":null,"Extra":""},{"Field":"favorite_team","Type":"varchar(50)","Null":"YES","Key":"","Default":null,"Extra":""},{"Field":"account_type","Type":"enum('user','admin')","Null":"YES","Key":"","Default":"user","Extra":""}]
[23-Apr-2025 23:54:27 Europe/Berlin] Number of users in database: 13
[23-Apr-2025 23:54:27 Europe/Berlin] All tables initialized successfully
[23-Apr-2025 23:54:27 Europe/Berlin] API Request received: /sportsync/backend/match.php?action=fetch_matches&sport=cricket&all=true
[23-Apr-2025 23:54:27 Europe/Berlin] GET parameters: Array
(
    [action] => fetch_matches
    [sport] => cricket
    [all] => true
)

[23-Apr-2025 23:54:27 Europe/Berlin] Executing SQL: SELECT * FROM matches WHERE sport = :sport ORDER BY match_time DESC
[23-Apr-2025 23:54:27 Europe/Berlin] With params: {":sport":"cricket"}
[23-Apr-2025 23:54:27 Europe/Berlin] Query executed successfully. Found 2 rows
[23-Apr-2025 23:54:57 Europe/Berlin] Connected to database. Tables found: favorites, feedback, matches, matches_backup, matches_new, news, newsletter, notifications, players, subscriptions, users
[23-Apr-2025 23:54:57 Europe/Berlin] Executing SQL: CREATE TABLE IF NOT EXISTS users (
                id INT AUTO_INCREMENT PRIMARY KEY,
                username VARCHAR(50) NOT NULL UNIQUE,
                password VARCHAR(255) NOT NULL,
                email VARCHAR(100) NOT NULL UNIQUE,
                account_type ENUM('user', 'admin') DEFAULT 'user',
                created_at TIMESTAMP DEFAULT CURRENT_TIMESTAMP
            )
[23-Apr-2025 23:54:57 Europe/Berlin] With params: []
[23-Apr-2025 23:54:57 Europe/Berlin] Query executed successfully. Found 0 rows
[23-Apr-2025 23:54:57 Europe/Berlin] Users table created or already exists
[23-Apr-2025 23:54:57 Europe/Berlin] Users table structure: [{"Field":"id","Type":"int(11)","Null":"NO","Key":"PRI","Default":null,"Extra":"auto_increment"},{"Field":"username","Type":"varchar(50)","Null":"NO","Key":"","Default":null,"Extra":""},{"Field":"email","Type":"varchar(100)","Null":"NO","Key":"UNI","Default":null,"Extra":""},{"Field":"password","Type":"varchar(255)","Null":"NO","Key":"","Default":null,"Extra":""},{"Field":"role","Type":"enum('user','admin')","Null":"YES","Key":"","Default":"user","Extra":""},{"Field":"verification_code","Type":"varchar(100)","Null":"YES","Key":"","Default":null,"Extra":""},{"Field":"is_verified","Type":"tinyint(1)","Null":"YES","Key":"","Default":"0","Extra":""},{"Field":"created_at","Type":"timestamp","Null":"NO","Key":"","Default":"current_timestamp()","Extra":""},{"Field":"favorite_sport","Type":"varchar(50)","Null":"YES","Key":"","Default":null,"Extra":""},{"Field":"favorite_team","Type":"varchar(50)","Null":"YES","Key":"","Default":null,"Extra":""},{"Field":"account_type","Type":"enum('user','admin')","Null":"YES","Key":"","Default":"user","Extra":""}]
[23-Apr-2025 23:54:57 Europe/Berlin] Number of users in database: 13
[23-Apr-2025 23:54:57 Europe/Berlin] All tables initialized successfully
[23-Apr-2025 23:54:57 Europe/Berlin] API Request received: /sportsync/backend/match.php?action=fetch_matches&sport=cricket&all=true
[23-Apr-2025 23:54:57 Europe/Berlin] GET parameters: Array
(
    [action] => fetch_matches
    [sport] => cricket
    [all] => true
)

[23-Apr-2025 23:54:57 Europe/Berlin] Executing SQL: SELECT * FROM matches WHERE sport = :sport ORDER BY match_time DESC
[23-Apr-2025 23:54:57 Europe/Berlin] With params: {":sport":"cricket"}
[23-Apr-2025 23:54:57 Europe/Berlin] Query executed successfully. Found 2 rows
[23-Apr-2025 23:55:12 Europe/Berlin] Connected to database. Tables found: favorites, feedback, matches, matches_backup, matches_new, news, newsletter, notifications, players, subscriptions, users
[23-Apr-2025 23:55:12 Europe/Berlin] Executing SQL: CREATE TABLE IF NOT EXISTS users (
                id INT AUTO_INCREMENT PRIMARY KEY,
                username VARCHAR(50) NOT NULL UNIQUE,
                password VARCHAR(255) NOT NULL,
                email VARCHAR(100) NOT NULL UNIQUE,
                account_type ENUM('user', 'admin') DEFAULT 'user',
                created_at TIMESTAMP DEFAULT CURRENT_TIMESTAMP
            )
[23-Apr-2025 23:55:12 Europe/Berlin] With params: []
[23-Apr-2025 23:55:12 Europe/Berlin] Query executed successfully. Found 0 rows
[23-Apr-2025 23:55:12 Europe/Berlin] Users table created or already exists
[23-Apr-2025 23:55:12 Europe/Berlin] Users table structure: [{"Field":"id","Type":"int(11)","Null":"NO","Key":"PRI","Default":null,"Extra":"auto_increment"},{"Field":"username","Type":"varchar(50)","Null":"NO","Key":"","Default":null,"Extra":""},{"Field":"email","Type":"varchar(100)","Null":"NO","Key":"UNI","Default":null,"Extra":""},{"Field":"password","Type":"varchar(255)","Null":"NO","Key":"","Default":null,"Extra":""},{"Field":"role","Type":"enum('user','admin')","Null":"YES","Key":"","Default":"user","Extra":""},{"Field":"verification_code","Type":"varchar(100)","Null":"YES","Key":"","Default":null,"Extra":""},{"Field":"is_verified","Type":"tinyint(1)","Null":"YES","Key":"","Default":"0","Extra":""},{"Field":"created_at","Type":"timestamp","Null":"NO","Key":"","Default":"current_timestamp()","Extra":""},{"Field":"favorite_sport","Type":"varchar(50)","Null":"YES","Key":"","Default":null,"Extra":""},{"Field":"favorite_team","Type":"varchar(50)","Null":"YES","Key":"","Default":null,"Extra":""},{"Field":"account_type","Type":"enum('user','admin')","Null":"YES","Key":"","Default":"user","Extra":""}]
[23-Apr-2025 23:55:12 Europe/Berlin] Number of users in database: 13
[23-Apr-2025 23:55:12 Europe/Berlin] All tables initialized successfully
[23-Apr-2025 23:55:12 Europe/Berlin] Connected to database. Tables found: favorites, feedback, matches, matches_backup, matches_new, news, newsletter, notifications, players, subscriptions, users
[23-Apr-2025 23:55:12 Europe/Berlin] Executing SQL: CREATE TABLE IF NOT EXISTS users (
                id INT AUTO_INCREMENT PRIMARY KEY,
                username VARCHAR(50) NOT NULL UNIQUE,
                password VARCHAR(255) NOT NULL,
                email VARCHAR(100) NOT NULL UNIQUE,
                account_type ENUM('user', 'admin') DEFAULT 'user',
                created_at TIMESTAMP DEFAULT CURRENT_TIMESTAMP
            )
[23-Apr-2025 23:55:12 Europe/Berlin] With params: []
[23-Apr-2025 23:55:12 Europe/Berlin] Query executed successfully. Found 0 rows
[23-Apr-2025 23:55:12 Europe/Berlin] Users table created or already exists
[23-Apr-2025 23:55:12 Europe/Berlin] Users table structure: [{"Field":"id","Type":"int(11)","Null":"NO","Key":"PRI","Default":null,"Extra":"auto_increment"},{"Field":"username","Type":"varchar(50)","Null":"NO","Key":"","Default":null,"Extra":""},{"Field":"email","Type":"varchar(100)","Null":"NO","Key":"UNI","Default":null,"Extra":""},{"Field":"password","Type":"varchar(255)","Null":"NO","Key":"","Default":null,"Extra":""},{"Field":"role","Type":"enum('user','admin')","Null":"YES","Key":"","Default":"user","Extra":""},{"Field":"verification_code","Type":"varchar(100)","Null":"YES","Key":"","Default":null,"Extra":""},{"Field":"is_verified","Type":"tinyint(1)","Null":"YES","Key":"","Default":"0","Extra":""},{"Field":"created_at","Type":"timestamp","Null":"NO","Key":"","Default":"current_timestamp()","Extra":""},{"Field":"favorite_sport","Type":"varchar(50)","Null":"YES","Key":"","Default":null,"Extra":""},{"Field":"favorite_team","Type":"varchar(50)","Null":"YES","Key":"","Default":null,"Extra":""},{"Field":"account_type","Type":"enum('user','admin')","Null":"YES","Key":"","Default":"user","Extra":""}]
[23-Apr-2025 23:55:12 Europe/Berlin] Number of users in database: 13
[23-Apr-2025 23:55:12 Europe/Berlin] All tables initialized successfully
[23-Apr-2025 23:55:12 Europe/Berlin] Database tables initialized successfully
[23-Apr-2025 23:55:12 Europe/Berlin] Executing SQL: SELECT * FROM users WHERE id = :id
[23-Apr-2025 23:55:12 Europe/Berlin] With params: {":id":12}
[23-Apr-2025 23:55:12 Europe/Berlin] Query executed successfully. Found 1 rows
[23-Apr-2025 23:55:12 Europe/Berlin] User loaded from session: varunpndey
[23-Apr-2025 23:55:12 Europe/Berlin] Header - Session status: 2
[23-Apr-2025 23:55:12 Europe/Berlin] Header - Session data: {"user_id":12,"username":"varunpndey","email":"va@gmail.com","account_type":"admin"}
[23-Apr-2025 23:55:12 Europe/Berlin] Header - After session start - Status: 2
[23-Apr-2025 23:55:12 Europe/Berlin] Header - After session start - Data: {"user_id":12,"username":"varunpndey","email":"va@gmail.com","account_type":"admin"}
[23-Apr-2025 23:55:12 Europe/Berlin] Header - Is logged in: Yes
[23-Apr-2025 23:55:12 Europe/Berlin] Executing SQL: SELECT * FROM news ORDER BY created_at DESC LIMIT 5
[23-Apr-2025 23:55:12 Europe/Berlin] With params: []
[23-Apr-2025 23:55:12 Europe/Berlin] Query executed successfully. Found 2 rows
[23-Apr-2025 23:55:12 Europe/Berlin] Executing SQL: SELECT * FROM matches WHERE status = 'live'
[23-Apr-2025 23:55:12 Europe/Berlin] With params: []
[23-Apr-2025 23:55:12 Europe/Berlin] Query executed successfully. Found 2 rows
[23-Apr-2025 23:55:12 Europe/Berlin] Executing SQL: SELECT COUNT(*) as count FROM favorites 
                    WHERE user_id = :user_id AND match_id = :match_id
[23-Apr-2025 23:55:12 Europe/Berlin] With params: {":user_id":12,":match_id":41}
[23-Apr-2025 23:55:12 Europe/Berlin] Query executed successfully. Found 1 rows
[23-Apr-2025 23:55:12 Europe/Berlin] Executing SQL: SELECT COUNT(*) as count FROM favorites 
                    WHERE user_id = :user_id AND match_id = :match_id
[23-Apr-2025 23:55:12 Europe/Berlin] With params: {":user_id":12,":match_id":42}
[23-Apr-2025 23:55:12 Europe/Berlin] Query executed successfully. Found 1 rows
[23-Apr-2025 23:55:15 Europe/Berlin] Connected to database. Tables found: favorites, feedback, matches, matches_backup, matches_new, news, newsletter, notifications, players, subscriptions, users
[23-Apr-2025 23:55:15 Europe/Berlin] Executing SQL: CREATE TABLE IF NOT EXISTS users (
                id INT AUTO_INCREMENT PRIMARY KEY,
                username VARCHAR(50) NOT NULL UNIQUE,
                password VARCHAR(255) NOT NULL,
                email VARCHAR(100) NOT NULL UNIQUE,
                account_type ENUM('user', 'admin') DEFAULT 'user',
                created_at TIMESTAMP DEFAULT CURRENT_TIMESTAMP
            )
[23-Apr-2025 23:55:15 Europe/Berlin] With params: []
[23-Apr-2025 23:55:15 Europe/Berlin] Query executed successfully. Found 0 rows
[23-Apr-2025 23:55:15 Europe/Berlin] Users table created or already exists
[23-Apr-2025 23:55:15 Europe/Berlin] Users table structure: [{"Field":"id","Type":"int(11)","Null":"NO","Key":"PRI","Default":null,"Extra":"auto_increment"},{"Field":"username","Type":"varchar(50)","Null":"NO","Key":"","Default":null,"Extra":""},{"Field":"email","Type":"varchar(100)","Null":"NO","Key":"UNI","Default":null,"Extra":""},{"Field":"password","Type":"varchar(255)","Null":"NO","Key":"","Default":null,"Extra":""},{"Field":"role","Type":"enum('user','admin')","Null":"YES","Key":"","Default":"user","Extra":""},{"Field":"verification_code","Type":"varchar(100)","Null":"YES","Key":"","Default":null,"Extra":""},{"Field":"is_verified","Type":"tinyint(1)","Null":"YES","Key":"","Default":"0","Extra":""},{"Field":"created_at","Type":"timestamp","Null":"NO","Key":"","Default":"current_timestamp()","Extra":""},{"Field":"favorite_sport","Type":"varchar(50)","Null":"YES","Key":"","Default":null,"Extra":""},{"Field":"favorite_team","Type":"varchar(50)","Null":"YES","Key":"","Default":null,"Extra":""},{"Field":"account_type","Type":"enum('user','admin')","Null":"YES","Key":"","Default":"user","Extra":""}]
[23-Apr-2025 23:55:15 Europe/Berlin] Number of users in database: 13
[23-Apr-2025 23:55:15 Europe/Berlin] All tables initialized successfully
[23-Apr-2025 23:55:15 Europe/Berlin] API Request received: /sportsync/backend/match.php
[23-Apr-2025 23:55:15 Europe/Berlin] GET parameters: Array
(
)

[23-Apr-2025 23:55:18 Europe/Berlin] Connected to database. Tables found: favorites, feedback, matches, matches_backup, matches_new, news, newsletter, notifications, players, subscriptions, users
[23-Apr-2025 23:55:18 Europe/Berlin] Executing SQL: CREATE TABLE IF NOT EXISTS users (
                id INT AUTO_INCREMENT PRIMARY KEY,
                username VARCHAR(50) NOT NULL UNIQUE,
                password VARCHAR(255) NOT NULL,
                email VARCHAR(100) NOT NULL UNIQUE,
                account_type ENUM('user', 'admin') DEFAULT 'user',
                created_at TIMESTAMP DEFAULT CURRENT_TIMESTAMP
            )
[23-Apr-2025 23:55:18 Europe/Berlin] With params: []
[23-Apr-2025 23:55:18 Europe/Berlin] Query executed successfully. Found 0 rows
[23-Apr-2025 23:55:18 Europe/Berlin] Users table created or already exists
[23-Apr-2025 23:55:18 Europe/Berlin] Users table structure: [{"Field":"id","Type":"int(11)","Null":"NO","Key":"PRI","Default":null,"Extra":"auto_increment"},{"Field":"username","Type":"varchar(50)","Null":"NO","Key":"","Default":null,"Extra":""},{"Field":"email","Type":"varchar(100)","Null":"NO","Key":"UNI","Default":null,"Extra":""},{"Field":"password","Type":"varchar(255)","Null":"NO","Key":"","Default":null,"Extra":""},{"Field":"role","Type":"enum('user','admin')","Null":"YES","Key":"","Default":"user","Extra":""},{"Field":"verification_code","Type":"varchar(100)","Null":"YES","Key":"","Default":null,"Extra":""},{"Field":"is_verified","Type":"tinyint(1)","Null":"YES","Key":"","Default":"0","Extra":""},{"Field":"created_at","Type":"timestamp","Null":"NO","Key":"","Default":"current_timestamp()","Extra":""},{"Field":"favorite_sport","Type":"varchar(50)","Null":"YES","Key":"","Default":null,"Extra":""},{"Field":"favorite_team","Type":"varchar(50)","Null":"YES","Key":"","Default":null,"Extra":""},{"Field":"account_type","Type":"enum('user','admin')","Null":"YES","Key":"","Default":"user","Extra":""}]
[23-Apr-2025 23:55:18 Europe/Berlin] Number of users in database: 13
[23-Apr-2025 23:55:18 Europe/Berlin] All tables initialized successfully
[23-Apr-2025 23:55:18 Europe/Berlin] API Request received: /sportsync/backend/match.php
[23-Apr-2025 23:55:18 Europe/Berlin] GET parameters: Array
(
)

[23-Apr-2025 23:55:20 Europe/Berlin] Connected to database. Tables found: favorites, feedback, matches, matches_backup, matches_new, news, newsletter, notifications, players, subscriptions, users
[23-Apr-2025 23:55:20 Europe/Berlin] Executing SQL: CREATE TABLE IF NOT EXISTS users (
                id INT AUTO_INCREMENT PRIMARY KEY,
                username VARCHAR(50) NOT NULL UNIQUE,
                password VARCHAR(255) NOT NULL,
                email VARCHAR(100) NOT NULL UNIQUE,
                account_type ENUM('user', 'admin') DEFAULT 'user',
                created_at TIMESTAMP DEFAULT CURRENT_TIMESTAMP
            )
[23-Apr-2025 23:55:20 Europe/Berlin] With params: []
[23-Apr-2025 23:55:20 Europe/Berlin] Query executed successfully. Found 0 rows
[23-Apr-2025 23:55:20 Europe/Berlin] Users table created or already exists
[23-Apr-2025 23:55:20 Europe/Berlin] Users table structure: [{"Field":"id","Type":"int(11)","Null":"NO","Key":"PRI","Default":null,"Extra":"auto_increment"},{"Field":"username","Type":"varchar(50)","Null":"NO","Key":"","Default":null,"Extra":""},{"Field":"email","Type":"varchar(100)","Null":"NO","Key":"UNI","Default":null,"Extra":""},{"Field":"password","Type":"varchar(255)","Null":"NO","Key":"","Default":null,"Extra":""},{"Field":"role","Type":"enum('user','admin')","Null":"YES","Key":"","Default":"user","Extra":""},{"Field":"verification_code","Type":"varchar(100)","Null":"YES","Key":"","Default":null,"Extra":""},{"Field":"is_verified","Type":"tinyint(1)","Null":"YES","Key":"","Default":"0","Extra":""},{"Field":"created_at","Type":"timestamp","Null":"NO","Key":"","Default":"current_timestamp()","Extra":""},{"Field":"favorite_sport","Type":"varchar(50)","Null":"YES","Key":"","Default":null,"Extra":""},{"Field":"favorite_team","Type":"varchar(50)","Null":"YES","Key":"","Default":null,"Extra":""},{"Field":"account_type","Type":"enum('user','admin')","Null":"YES","Key":"","Default":"user","Extra":""}]
[23-Apr-2025 23:55:20 Europe/Berlin] Number of users in database: 13
[23-Apr-2025 23:55:20 Europe/Berlin] All tables initialized successfully
[23-Apr-2025 23:55:20 Europe/Berlin] Connected to database. Tables found: favorites, feedback, matches, matches_backup, matches_new, news, newsletter, notifications, players, subscriptions, users
[23-Apr-2025 23:55:20 Europe/Berlin] Executing SQL: CREATE TABLE IF NOT EXISTS users (
                id INT AUTO_INCREMENT PRIMARY KEY,
                username VARCHAR(50) NOT NULL UNIQUE,
                password VARCHAR(255) NOT NULL,
                email VARCHAR(100) NOT NULL UNIQUE,
                account_type ENUM('user', 'admin') DEFAULT 'user',
                created_at TIMESTAMP DEFAULT CURRENT_TIMESTAMP
            )
[23-Apr-2025 23:55:20 Europe/Berlin] With params: []
[23-Apr-2025 23:55:20 Europe/Berlin] Query executed successfully. Found 0 rows
[23-Apr-2025 23:55:20 Europe/Berlin] Users table created or already exists
[23-Apr-2025 23:55:20 Europe/Berlin] Users table structure: [{"Field":"id","Type":"int(11)","Null":"NO","Key":"PRI","Default":null,"Extra":"auto_increment"},{"Field":"username","Type":"varchar(50)","Null":"NO","Key":"","Default":null,"Extra":""},{"Field":"email","Type":"varchar(100)","Null":"NO","Key":"UNI","Default":null,"Extra":""},{"Field":"password","Type":"varchar(255)","Null":"NO","Key":"","Default":null,"Extra":""},{"Field":"role","Type":"enum('user','admin')","Null":"YES","Key":"","Default":"user","Extra":""},{"Field":"verification_code","Type":"varchar(100)","Null":"YES","Key":"","Default":null,"Extra":""},{"Field":"is_verified","Type":"tinyint(1)","Null":"YES","Key":"","Default":"0","Extra":""},{"Field":"created_at","Type":"timestamp","Null":"NO","Key":"","Default":"current_timestamp()","Extra":""},{"Field":"favorite_sport","Type":"varchar(50)","Null":"YES","Key":"","Default":null,"Extra":""},{"Field":"favorite_team","Type":"varchar(50)","Null":"YES","Key":"","Default":null,"Extra":""},{"Field":"account_type","Type":"enum('user','admin')","Null":"YES","Key":"","Default":"user","Extra":""}]
[23-Apr-2025 23:55:20 Europe/Berlin] Number of users in database: 13
[23-Apr-2025 23:55:20 Europe/Berlin] All tables initialized successfully
[23-Apr-2025 23:55:20 Europe/Berlin] Database tables initialized successfully
[23-Apr-2025 23:55:20 Europe/Berlin] Executing SQL: SELECT * FROM users WHERE id = :id
[23-Apr-2025 23:55:20 Europe/Berlin] With params: {":id":12}
[23-Apr-2025 23:55:20 Europe/Berlin] Query executed successfully. Found 1 rows
[23-Apr-2025 23:55:20 Europe/Berlin] User loaded from session: varunpndey
[23-Apr-2025 23:55:20 Europe/Berlin] Header - Session status: 2
[23-Apr-2025 23:55:20 Europe/Berlin] Header - Session data: {"user_id":12,"username":"varunpndey","email":"va@gmail.com","account_type":"admin"}
[23-Apr-2025 23:55:20 Europe/Berlin] Header - After session start - Status: 2
[23-Apr-2025 23:55:20 Europe/Berlin] Header - After session start - Data: {"user_id":12,"username":"varunpndey","email":"va@gmail.com","account_type":"admin"}
[23-Apr-2025 23:55:20 Europe/Berlin] Header - Is logged in: Yes
[23-Apr-2025 23:55:20 Europe/Berlin] Executing SQL: SELECT * FROM matches WHERE sport = :sport ORDER BY match_time DESC
[23-Apr-2025 23:55:20 Europe/Berlin] With params: {":sport":"football"}
[23-Apr-2025 23:55:20 Europe/Berlin] Query executed successfully. Found 1 rows
[23-Apr-2025 23:55:20 Europe/Berlin] Executing SQL: SELECT * FROM matches WHERE sport = :sport AND status = :status
[23-Apr-2025 23:55:20 Europe/Berlin] With params: {":sport":"football",":status":"live"}
[23-Apr-2025 23:55:20 Europe/Berlin] Query executed successfully. Found 1 rows
[23-Apr-2025 23:55:20 Europe/Berlin] Executing SQL: SELECT COUNT(*) as count FROM favorites 
                    WHERE user_id = :user_id AND match_id = :match_id
[23-Apr-2025 23:55:20 Europe/Berlin] With params: {":user_id":12,":match_id":41}
[23-Apr-2025 23:55:20 Europe/Berlin] Query executed successfully. Found 1 rows
[23-Apr-2025 23:55:22 Europe/Berlin] Connected to database. Tables found: favorites, feedback, matches, matches_backup, matches_new, news, newsletter, notifications, players, subscriptions, users
[23-Apr-2025 23:55:22 Europe/Berlin] Executing SQL: CREATE TABLE IF NOT EXISTS users (
                id INT AUTO_INCREMENT PRIMARY KEY,
                username VARCHAR(50) NOT NULL UNIQUE,
                password VARCHAR(255) NOT NULL,
                email VARCHAR(100) NOT NULL UNIQUE,
                account_type ENUM('user', 'admin') DEFAULT 'user',
                created_at TIMESTAMP DEFAULT CURRENT_TIMESTAMP
            )
[23-Apr-2025 23:55:22 Europe/Berlin] With params: []
[23-Apr-2025 23:55:22 Europe/Berlin] Query executed successfully. Found 0 rows
[23-Apr-2025 23:55:22 Europe/Berlin] Users table created or already exists
[23-Apr-2025 23:55:22 Europe/Berlin] Users table structure: [{"Field":"id","Type":"int(11)","Null":"NO","Key":"PRI","Default":null,"Extra":"auto_increment"},{"Field":"username","Type":"varchar(50)","Null":"NO","Key":"","Default":null,"Extra":""},{"Field":"email","Type":"varchar(100)","Null":"NO","Key":"UNI","Default":null,"Extra":""},{"Field":"password","Type":"varchar(255)","Null":"NO","Key":"","Default":null,"Extra":""},{"Field":"role","Type":"enum('user','admin')","Null":"YES","Key":"","Default":"user","Extra":""},{"Field":"verification_code","Type":"varchar(100)","Null":"YES","Key":"","Default":null,"Extra":""},{"Field":"is_verified","Type":"tinyint(1)","Null":"YES","Key":"","Default":"0","Extra":""},{"Field":"created_at","Type":"timestamp","Null":"NO","Key":"","Default":"current_timestamp()","Extra":""},{"Field":"favorite_sport","Type":"varchar(50)","Null":"YES","Key":"","Default":null,"Extra":""},{"Field":"favorite_team","Type":"varchar(50)","Null":"YES","Key":"","Default":null,"Extra":""},{"Field":"account_type","Type":"enum('user','admin')","Null":"YES","Key":"","Default":"user","Extra":""}]
[23-Apr-2025 23:55:22 Europe/Berlin] Number of users in database: 13
[23-Apr-2025 23:55:22 Europe/Berlin] All tables initialized successfully
[23-Apr-2025 23:55:22 Europe/Berlin] API Request received: /sportsync/backend/match.php?_=1745445322747
[23-Apr-2025 23:55:22 Europe/Berlin] GET parameters: Array
(
    [_] => 1745445322747
)

[23-Apr-2025 23:55:42 Europe/Berlin] Connected to database. Tables found: favorites, feedback, matches, matches_backup, matches_new, news, newsletter, notifications, players, subscriptions, users
[23-Apr-2025 23:55:42 Europe/Berlin] Executing SQL: CREATE TABLE IF NOT EXISTS users (
                id INT AUTO_INCREMENT PRIMARY KEY,
                username VARCHAR(50) NOT NULL UNIQUE,
                password VARCHAR(255) NOT NULL,
                email VARCHAR(100) NOT NULL UNIQUE,
                account_type ENUM('user', 'admin') DEFAULT 'user',
                created_at TIMESTAMP DEFAULT CURRENT_TIMESTAMP
            )
[23-Apr-2025 23:55:42 Europe/Berlin] With params: []
[23-Apr-2025 23:55:42 Europe/Berlin] Query executed successfully. Found 0 rows
[23-Apr-2025 23:55:42 Europe/Berlin] Users table created or already exists
[23-Apr-2025 23:55:42 Europe/Berlin] Users table structure: [{"Field":"id","Type":"int(11)","Null":"NO","Key":"PRI","Default":null,"Extra":"auto_increment"},{"Field":"username","Type":"varchar(50)","Null":"NO","Key":"","Default":null,"Extra":""},{"Field":"email","Type":"varchar(100)","Null":"NO","Key":"UNI","Default":null,"Extra":""},{"Field":"password","Type":"varchar(255)","Null":"NO","Key":"","Default":null,"Extra":""},{"Field":"role","Type":"enum('user','admin')","Null":"YES","Key":"","Default":"user","Extra":""},{"Field":"verification_code","Type":"varchar(100)","Null":"YES","Key":"","Default":null,"Extra":""},{"Field":"is_verified","Type":"tinyint(1)","Null":"YES","Key":"","Default":"0","Extra":""},{"Field":"created_at","Type":"timestamp","Null":"NO","Key":"","Default":"current_timestamp()","Extra":""},{"Field":"favorite_sport","Type":"varchar(50)","Null":"YES","Key":"","Default":null,"Extra":""},{"Field":"favorite_team","Type":"varchar(50)","Null":"YES","Key":"","Default":null,"Extra":""},{"Field":"account_type","Type":"enum('user','admin')","Null":"YES","Key":"","Default":"user","Extra":""}]
[23-Apr-2025 23:55:42 Europe/Berlin] Number of users in database: 13
[23-Apr-2025 23:55:42 Europe/Berlin] All tables initialized successfully
[23-Apr-2025 23:55:42 Europe/Berlin] Connected to database. Tables found: favorites, feedback, matches, matches_backup, matches_new, news, newsletter, notifications, players, subscriptions, users
[23-Apr-2025 23:55:42 Europe/Berlin] Executing SQL: CREATE TABLE IF NOT EXISTS users (
                id INT AUTO_INCREMENT PRIMARY KEY,
                username VARCHAR(50) NOT NULL UNIQUE,
                password VARCHAR(255) NOT NULL,
                email VARCHAR(100) NOT NULL UNIQUE,
                account_type ENUM('user', 'admin') DEFAULT 'user',
                created_at TIMESTAMP DEFAULT CURRENT_TIMESTAMP
            )
[23-Apr-2025 23:55:42 Europe/Berlin] With params: []
[23-Apr-2025 23:55:42 Europe/Berlin] Query executed successfully. Found 0 rows
[23-Apr-2025 23:55:42 Europe/Berlin] Users table created or already exists
[23-Apr-2025 23:55:42 Europe/Berlin] Users table structure: [{"Field":"id","Type":"int(11)","Null":"NO","Key":"PRI","Default":null,"Extra":"auto_increment"},{"Field":"username","Type":"varchar(50)","Null":"NO","Key":"","Default":null,"Extra":""},{"Field":"email","Type":"varchar(100)","Null":"NO","Key":"UNI","Default":null,"Extra":""},{"Field":"password","Type":"varchar(255)","Null":"NO","Key":"","Default":null,"Extra":""},{"Field":"role","Type":"enum('user','admin')","Null":"YES","Key":"","Default":"user","Extra":""},{"Field":"verification_code","Type":"varchar(100)","Null":"YES","Key":"","Default":null,"Extra":""},{"Field":"is_verified","Type":"tinyint(1)","Null":"YES","Key":"","Default":"0","Extra":""},{"Field":"created_at","Type":"timestamp","Null":"NO","Key":"","Default":"current_timestamp()","Extra":""},{"Field":"favorite_sport","Type":"varchar(50)","Null":"YES","Key":"","Default":null,"Extra":""},{"Field":"favorite_team","Type":"varchar(50)","Null":"YES","Key":"","Default":null,"Extra":""},{"Field":"account_type","Type":"enum('user','admin')","Null":"YES","Key":"","Default":"user","Extra":""}]
[23-Apr-2025 23:55:42 Europe/Berlin] Number of users in database: 13
[23-Apr-2025 23:55:42 Europe/Berlin] All tables initialized successfully
[23-Apr-2025 23:55:42 Europe/Berlin] Database tables initialized successfully
[23-Apr-2025 23:55:42 Europe/Berlin] Executing SQL: SELECT * FROM users WHERE id = :id
[23-Apr-2025 23:55:42 Europe/Berlin] With params: {":id":12}
[23-Apr-2025 23:55:42 Europe/Berlin] Query executed successfully. Found 1 rows
[23-Apr-2025 23:55:42 Europe/Berlin] User loaded from session: varunpndey
[23-Apr-2025 23:55:42 Europe/Berlin] Header - Session status: 2
[23-Apr-2025 23:55:42 Europe/Berlin] Header - Session data: {"user_id":12,"username":"varunpndey","email":"va@gmail.com","account_type":"admin"}
[23-Apr-2025 23:55:42 Europe/Berlin] Header - After session start - Status: 2
[23-Apr-2025 23:55:42 Europe/Berlin] Header - After session start - Data: {"user_id":12,"username":"varunpndey","email":"va@gmail.com","account_type":"admin"}
[23-Apr-2025 23:55:42 Europe/Berlin] Header - Is logged in: Yes
[23-Apr-2025 23:55:42 Europe/Berlin] Executing SQL: SELECT * FROM matches WHERE status = 'live'
[23-Apr-2025 23:55:42 Europe/Berlin] With params: []
[23-Apr-2025 23:55:42 Europe/Berlin] Query executed successfully. Found 2 rows
[23-Apr-2025 23:55:42 Europe/Berlin] Executing SQL: SELECT COUNT(*) as count FROM favorites 
                    WHERE user_id = :user_id AND match_id = :match_id
[23-Apr-2025 23:55:42 Europe/Berlin] With params: {":user_id":12,":match_id":41}
[23-Apr-2025 23:55:42 Europe/Berlin] Query executed successfully. Found 1 rows
[23-Apr-2025 23:55:42 Europe/Berlin] Executing SQL: SELECT COUNT(*) as count FROM favorites 
                    WHERE user_id = :user_id AND match_id = :match_id
[23-Apr-2025 23:55:42 Europe/Berlin] With params: {":user_id":12,":match_id":42}
[23-Apr-2025 23:55:42 Europe/Berlin] Query executed successfully. Found 1 rows
[23-Apr-2025 23:55:43 Europe/Berlin] Connected to database. Tables found: favorites, feedback, matches, matches_backup, matches_new, news, newsletter, notifications, players, subscriptions, users
[23-Apr-2025 23:55:43 Europe/Berlin] Executing SQL: CREATE TABLE IF NOT EXISTS users (
                id INT AUTO_INCREMENT PRIMARY KEY,
                username VARCHAR(50) NOT NULL UNIQUE,
                password VARCHAR(255) NOT NULL,
                email VARCHAR(100) NOT NULL UNIQUE,
                account_type ENUM('user', 'admin') DEFAULT 'user',
                created_at TIMESTAMP DEFAULT CURRENT_TIMESTAMP
            )
[23-Apr-2025 23:55:43 Europe/Berlin] With params: []
[23-Apr-2025 23:55:43 Europe/Berlin] Query executed successfully. Found 0 rows
[23-Apr-2025 23:55:43 Europe/Berlin] Users table created or already exists
[23-Apr-2025 23:55:43 Europe/Berlin] Users table structure: [{"Field":"id","Type":"int(11)","Null":"NO","Key":"PRI","Default":null,"Extra":"auto_increment"},{"Field":"username","Type":"varchar(50)","Null":"NO","Key":"","Default":null,"Extra":""},{"Field":"email","Type":"varchar(100)","Null":"NO","Key":"UNI","Default":null,"Extra":""},{"Field":"password","Type":"varchar(255)","Null":"NO","Key":"","Default":null,"Extra":""},{"Field":"role","Type":"enum('user','admin')","Null":"YES","Key":"","Default":"user","Extra":""},{"Field":"verification_code","Type":"varchar(100)","Null":"YES","Key":"","Default":null,"Extra":""},{"Field":"is_verified","Type":"tinyint(1)","Null":"YES","Key":"","Default":"0","Extra":""},{"Field":"created_at","Type":"timestamp","Null":"NO","Key":"","Default":"current_timestamp()","Extra":""},{"Field":"favorite_sport","Type":"varchar(50)","Null":"YES","Key":"","Default":null,"Extra":""},{"Field":"favorite_team","Type":"varchar(50)","Null":"YES","Key":"","Default":null,"Extra":""},{"Field":"account_type","Type":"enum('user','admin')","Null":"YES","Key":"","Default":"user","Extra":""}]
[23-Apr-2025 23:55:43 Europe/Berlin] Number of users in database: 13
[23-Apr-2025 23:55:43 Europe/Berlin] All tables initialized successfully
[23-Apr-2025 23:55:43 Europe/Berlin] API Request received: /sportsync/backend/match.php
[23-Apr-2025 23:55:43 Europe/Berlin] GET parameters: Array
(
)

[23-Apr-2025 23:56:05 Europe/Berlin] Connected to database. Tables found: favorites, feedback, matches, matches_backup, matches_new, news, newsletter, notifications, players, subscriptions, users
[23-Apr-2025 23:56:05 Europe/Berlin] Executing SQL: CREATE TABLE IF NOT EXISTS users (
                id INT AUTO_INCREMENT PRIMARY KEY,
                username VARCHAR(50) NOT NULL UNIQUE,
                password VARCHAR(255) NOT NULL,
                email VARCHAR(100) NOT NULL UNIQUE,
                account_type ENUM('user', 'admin') DEFAULT 'user',
                created_at TIMESTAMP DEFAULT CURRENT_TIMESTAMP
            )
[23-Apr-2025 23:56:05 Europe/Berlin] With params: []
[23-Apr-2025 23:56:05 Europe/Berlin] Query executed successfully. Found 0 rows
[23-Apr-2025 23:56:05 Europe/Berlin] Users table created or already exists
[23-Apr-2025 23:56:05 Europe/Berlin] Users table structure: [{"Field":"id","Type":"int(11)","Null":"NO","Key":"PRI","Default":null,"Extra":"auto_increment"},{"Field":"username","Type":"varchar(50)","Null":"NO","Key":"","Default":null,"Extra":""},{"Field":"email","Type":"varchar(100)","Null":"NO","Key":"UNI","Default":null,"Extra":""},{"Field":"password","Type":"varchar(255)","Null":"NO","Key":"","Default":null,"Extra":""},{"Field":"role","Type":"enum('user','admin')","Null":"YES","Key":"","Default":"user","Extra":""},{"Field":"verification_code","Type":"varchar(100)","Null":"YES","Key":"","Default":null,"Extra":""},{"Field":"is_verified","Type":"tinyint(1)","Null":"YES","Key":"","Default":"0","Extra":""},{"Field":"created_at","Type":"timestamp","Null":"NO","Key":"","Default":"current_timestamp()","Extra":""},{"Field":"favorite_sport","Type":"varchar(50)","Null":"YES","Key":"","Default":null,"Extra":""},{"Field":"favorite_team","Type":"varchar(50)","Null":"YES","Key":"","Default":null,"Extra":""},{"Field":"account_type","Type":"enum('user','admin')","Null":"YES","Key":"","Default":"user","Extra":""}]
[23-Apr-2025 23:56:05 Europe/Berlin] Number of users in database: 13
[23-Apr-2025 23:56:05 Europe/Berlin] All tables initialized successfully
[23-Apr-2025 23:56:05 Europe/Berlin] Connected to database. Tables found: favorites, feedback, matches, matches_backup, matches_new, news, newsletter, notifications, players, subscriptions, users
[23-Apr-2025 23:56:05 Europe/Berlin] Executing SQL: CREATE TABLE IF NOT EXISTS users (
                id INT AUTO_INCREMENT PRIMARY KEY,
                username VARCHAR(50) NOT NULL UNIQUE,
                password VARCHAR(255) NOT NULL,
                email VARCHAR(100) NOT NULL UNIQUE,
                account_type ENUM('user', 'admin') DEFAULT 'user',
                created_at TIMESTAMP DEFAULT CURRENT_TIMESTAMP
            )
[23-Apr-2025 23:56:05 Europe/Berlin] With params: []
[23-Apr-2025 23:56:05 Europe/Berlin] Query executed successfully. Found 0 rows
[23-Apr-2025 23:56:05 Europe/Berlin] Users table created or already exists
[23-Apr-2025 23:56:05 Europe/Berlin] Users table structure: [{"Field":"id","Type":"int(11)","Null":"NO","Key":"PRI","Default":null,"Extra":"auto_increment"},{"Field":"username","Type":"varchar(50)","Null":"NO","Key":"","Default":null,"Extra":""},{"Field":"email","Type":"varchar(100)","Null":"NO","Key":"UNI","Default":null,"Extra":""},{"Field":"password","Type":"varchar(255)","Null":"NO","Key":"","Default":null,"Extra":""},{"Field":"role","Type":"enum('user','admin')","Null":"YES","Key":"","Default":"user","Extra":""},{"Field":"verification_code","Type":"varchar(100)","Null":"YES","Key":"","Default":null,"Extra":""},{"Field":"is_verified","Type":"tinyint(1)","Null":"YES","Key":"","Default":"0","Extra":""},{"Field":"created_at","Type":"timestamp","Null":"NO","Key":"","Default":"current_timestamp()","Extra":""},{"Field":"favorite_sport","Type":"varchar(50)","Null":"YES","Key":"","Default":null,"Extra":""},{"Field":"favorite_team","Type":"varchar(50)","Null":"YES","Key":"","Default":null,"Extra":""},{"Field":"account_type","Type":"enum('user','admin')","Null":"YES","Key":"","Default":"user","Extra":""}]
[23-Apr-2025 23:56:05 Europe/Berlin] Number of users in database: 13
[23-Apr-2025 23:56:05 Europe/Berlin] All tables initialized successfully
[23-Apr-2025 23:56:05 Europe/Berlin] Database tables initialized successfully
[23-Apr-2025 23:56:05 Europe/Berlin] Executing SQL: SELECT * FROM users WHERE id = :id
[23-Apr-2025 23:56:05 Europe/Berlin] With params: {":id":12}
[23-Apr-2025 23:56:05 Europe/Berlin] Query executed successfully. Found 1 rows
[23-Apr-2025 23:56:05 Europe/Berlin] User loaded from session: varunpndey
[23-Apr-2025 23:56:05 Europe/Berlin] Header - Session status: 2
[23-Apr-2025 23:56:05 Europe/Berlin] Header - Session data: {"user_id":12,"username":"varunpndey","email":"va@gmail.com","account_type":"admin"}
[23-Apr-2025 23:56:05 Europe/Berlin] Header - After session start - Status: 2
[23-Apr-2025 23:56:05 Europe/Berlin] Header - After session start - Data: {"user_id":12,"username":"varunpndey","email":"va@gmail.com","account_type":"admin"}
[23-Apr-2025 23:56:05 Europe/Berlin] Header - Is logged in: Yes
[23-Apr-2025 23:56:05 Europe/Berlin] Executing SQL: SELECT m.* FROM matches m 
                    INNER JOIN favorites f ON m.id = f.match_id 
                    WHERE f.user_id = :user_id 
                    ORDER BY m.match_time DESC
[23-Apr-2025 23:56:05 Europe/Berlin] With params: {":user_id":12}
[23-Apr-2025 23:56:05 Europe/Berlin] Query executed successfully. Found 0 rows
[23-Apr-2025 23:56:22 Europe/Berlin] Connected to database. Tables found: favorites, feedback, matches, matches_backup, matches_new, news, newsletter, notifications, players, subscriptions, users
[23-Apr-2025 23:56:22 Europe/Berlin] Executing SQL: CREATE TABLE IF NOT EXISTS users (
                id INT AUTO_INCREMENT PRIMARY KEY,
                username VARCHAR(50) NOT NULL UNIQUE,
                password VARCHAR(255) NOT NULL,
                email VARCHAR(100) NOT NULL UNIQUE,
                account_type ENUM('user', 'admin') DEFAULT 'user',
                created_at TIMESTAMP DEFAULT CURRENT_TIMESTAMP
            )
[23-Apr-2025 23:56:22 Europe/Berlin] With params: []
[23-Apr-2025 23:56:22 Europe/Berlin] Query executed successfully. Found 0 rows
[23-Apr-2025 23:56:22 Europe/Berlin] Users table created or already exists
[23-Apr-2025 23:56:22 Europe/Berlin] Users table structure: [{"Field":"id","Type":"int(11)","Null":"NO","Key":"PRI","Default":null,"Extra":"auto_increment"},{"Field":"username","Type":"varchar(50)","Null":"NO","Key":"","Default":null,"Extra":""},{"Field":"email","Type":"varchar(100)","Null":"NO","Key":"UNI","Default":null,"Extra":""},{"Field":"password","Type":"varchar(255)","Null":"NO","Key":"","Default":null,"Extra":""},{"Field":"role","Type":"enum('user','admin')","Null":"YES","Key":"","Default":"user","Extra":""},{"Field":"verification_code","Type":"varchar(100)","Null":"YES","Key":"","Default":null,"Extra":""},{"Field":"is_verified","Type":"tinyint(1)","Null":"YES","Key":"","Default":"0","Extra":""},{"Field":"created_at","Type":"timestamp","Null":"NO","Key":"","Default":"current_timestamp()","Extra":""},{"Field":"favorite_sport","Type":"varchar(50)","Null":"YES","Key":"","Default":null,"Extra":""},{"Field":"favorite_team","Type":"varchar(50)","Null":"YES","Key":"","Default":null,"Extra":""},{"Field":"account_type","Type":"enum('user','admin')","Null":"YES","Key":"","Default":"user","Extra":""}]
[23-Apr-2025 23:56:22 Europe/Berlin] Number of users in database: 13
[23-Apr-2025 23:56:22 Europe/Berlin] All tables initialized successfully
[23-Apr-2025 23:56:22 Europe/Berlin] Connected to database. Tables found: favorites, feedback, matches, matches_backup, matches_new, news, newsletter, notifications, players, subscriptions, users
[23-Apr-2025 23:56:22 Europe/Berlin] Executing SQL: CREATE TABLE IF NOT EXISTS users (
                id INT AUTO_INCREMENT PRIMARY KEY,
                username VARCHAR(50) NOT NULL UNIQUE,
                password VARCHAR(255) NOT NULL,
                email VARCHAR(100) NOT NULL UNIQUE,
                account_type ENUM('user', 'admin') DEFAULT 'user',
                created_at TIMESTAMP DEFAULT CURRENT_TIMESTAMP
            )
[23-Apr-2025 23:56:22 Europe/Berlin] With params: []
[23-Apr-2025 23:56:22 Europe/Berlin] Query executed successfully. Found 0 rows
[23-Apr-2025 23:56:22 Europe/Berlin] Users table created or already exists
[23-Apr-2025 23:56:22 Europe/Berlin] Users table structure: [{"Field":"id","Type":"int(11)","Null":"NO","Key":"PRI","Default":null,"Extra":"auto_increment"},{"Field":"username","Type":"varchar(50)","Null":"NO","Key":"","Default":null,"Extra":""},{"Field":"email","Type":"varchar(100)","Null":"NO","Key":"UNI","Default":null,"Extra":""},{"Field":"password","Type":"varchar(255)","Null":"NO","Key":"","Default":null,"Extra":""},{"Field":"role","Type":"enum('user','admin')","Null":"YES","Key":"","Default":"user","Extra":""},{"Field":"verification_code","Type":"varchar(100)","Null":"YES","Key":"","Default":null,"Extra":""},{"Field":"is_verified","Type":"tinyint(1)","Null":"YES","Key":"","Default":"0","Extra":""},{"Field":"created_at","Type":"timestamp","Null":"NO","Key":"","Default":"current_timestamp()","Extra":""},{"Field":"favorite_sport","Type":"varchar(50)","Null":"YES","Key":"","Default":null,"Extra":""},{"Field":"favorite_team","Type":"varchar(50)","Null":"YES","Key":"","Default":null,"Extra":""},{"Field":"account_type","Type":"enum('user','admin')","Null":"YES","Key":"","Default":"user","Extra":""}]
[23-Apr-2025 23:56:22 Europe/Berlin] Number of users in database: 13
[23-Apr-2025 23:56:22 Europe/Berlin] All tables initialized successfully
[23-Apr-2025 23:56:22 Europe/Berlin] Database tables initialized successfully
[23-Apr-2025 23:56:22 Europe/Berlin] Executing SQL: SELECT * FROM users WHERE id = :id
[23-Apr-2025 23:56:22 Europe/Berlin] With params: {":id":12}
[23-Apr-2025 23:56:22 Europe/Berlin] Query executed successfully. Found 1 rows
[23-Apr-2025 23:56:22 Europe/Berlin] User loaded from session: varunpndey
[23-Apr-2025 23:56:22 Europe/Berlin] Header - Session status: 2
[23-Apr-2025 23:56:22 Europe/Berlin] Header - Session data: {"user_id":12,"username":"varunpndey","email":"va@gmail.com","account_type":"admin"}
[23-Apr-2025 23:56:22 Europe/Berlin] Header - After session start - Status: 2
[23-Apr-2025 23:56:22 Europe/Berlin] Header - After session start - Data: {"user_id":12,"username":"varunpndey","email":"va@gmail.com","account_type":"admin"}
[23-Apr-2025 23:56:22 Europe/Berlin] Header - Is logged in: Yes
[23-Apr-2025 23:56:22 Europe/Berlin] Executing SQL: SELECT * FROM matches WHERE sport = :sport ORDER BY match_time DESC
[23-Apr-2025 23:56:22 Europe/Berlin] With params: {":sport":"football"}
[23-Apr-2025 23:56:22 Europe/Berlin] Query executed successfully. Found 1 rows
[23-Apr-2025 23:56:22 Europe/Berlin] Executing SQL: SELECT * FROM matches WHERE sport = :sport AND status = :status
[23-Apr-2025 23:56:22 Europe/Berlin] With params: {":sport":"football",":status":"live"}
[23-Apr-2025 23:56:22 Europe/Berlin] Query executed successfully. Found 1 rows
[23-Apr-2025 23:56:22 Europe/Berlin] Executing SQL: SELECT COUNT(*) as count FROM favorites 
                    WHERE user_id = :user_id AND match_id = :match_id
[23-Apr-2025 23:56:22 Europe/Berlin] With params: {":user_id":12,":match_id":41}
[23-Apr-2025 23:56:22 Europe/Berlin] Query executed successfully. Found 1 rows
[23-Apr-2025 23:56:23 Europe/Berlin] Connected to database. Tables found: favorites, feedback, matches, matches_backup, matches_new, news, newsletter, notifications, players, subscriptions, users
[23-Apr-2025 23:56:23 Europe/Berlin] Executing SQL: CREATE TABLE IF NOT EXISTS users (
                id INT AUTO_INCREMENT PRIMARY KEY,
                username VARCHAR(50) NOT NULL UNIQUE,
                password VARCHAR(255) NOT NULL,
                email VARCHAR(100) NOT NULL UNIQUE,
                account_type ENUM('user', 'admin') DEFAULT 'user',
                created_at TIMESTAMP DEFAULT CURRENT_TIMESTAMP
            )
[23-Apr-2025 23:56:23 Europe/Berlin] With params: []
[23-Apr-2025 23:56:23 Europe/Berlin] Query executed successfully. Found 0 rows
[23-Apr-2025 23:56:23 Europe/Berlin] Users table created or already exists
[23-Apr-2025 23:56:23 Europe/Berlin] Users table structure: [{"Field":"id","Type":"int(11)","Null":"NO","Key":"PRI","Default":null,"Extra":"auto_increment"},{"Field":"username","Type":"varchar(50)","Null":"NO","Key":"","Default":null,"Extra":""},{"Field":"email","Type":"varchar(100)","Null":"NO","Key":"UNI","Default":null,"Extra":""},{"Field":"password","Type":"varchar(255)","Null":"NO","Key":"","Default":null,"Extra":""},{"Field":"role","Type":"enum('user','admin')","Null":"YES","Key":"","Default":"user","Extra":""},{"Field":"verification_code","Type":"varchar(100)","Null":"YES","Key":"","Default":null,"Extra":""},{"Field":"is_verified","Type":"tinyint(1)","Null":"YES","Key":"","Default":"0","Extra":""},{"Field":"created_at","Type":"timestamp","Null":"NO","Key":"","Default":"current_timestamp()","Extra":""},{"Field":"favorite_sport","Type":"varchar(50)","Null":"YES","Key":"","Default":null,"Extra":""},{"Field":"favorite_team","Type":"varchar(50)","Null":"YES","Key":"","Default":null,"Extra":""},{"Field":"account_type","Type":"enum('user','admin')","Null":"YES","Key":"","Default":"user","Extra":""}]
[23-Apr-2025 23:56:23 Europe/Berlin] Number of users in database: 13
[23-Apr-2025 23:56:23 Europe/Berlin] All tables initialized successfully
[23-Apr-2025 23:56:23 Europe/Berlin] Connected to database. Tables found: favorites, feedback, matches, matches_backup, matches_new, news, newsletter, notifications, players, subscriptions, users
[23-Apr-2025 23:56:23 Europe/Berlin] Executing SQL: CREATE TABLE IF NOT EXISTS users (
                id INT AUTO_INCREMENT PRIMARY KEY,
                username VARCHAR(50) NOT NULL UNIQUE,
                password VARCHAR(255) NOT NULL,
                email VARCHAR(100) NOT NULL UNIQUE,
                account_type ENUM('user', 'admin') DEFAULT 'user',
                created_at TIMESTAMP DEFAULT CURRENT_TIMESTAMP
            )
[23-Apr-2025 23:56:23 Europe/Berlin] With params: []
[23-Apr-2025 23:56:23 Europe/Berlin] Query executed successfully. Found 0 rows
[23-Apr-2025 23:56:23 Europe/Berlin] Users table created or already exists
[23-Apr-2025 23:56:23 Europe/Berlin] Users table structure: [{"Field":"id","Type":"int(11)","Null":"NO","Key":"PRI","Default":null,"Extra":"auto_increment"},{"Field":"username","Type":"varchar(50)","Null":"NO","Key":"","Default":null,"Extra":""},{"Field":"email","Type":"varchar(100)","Null":"NO","Key":"UNI","Default":null,"Extra":""},{"Field":"password","Type":"varchar(255)","Null":"NO","Key":"","Default":null,"Extra":""},{"Field":"role","Type":"enum('user','admin')","Null":"YES","Key":"","Default":"user","Extra":""},{"Field":"verification_code","Type":"varchar(100)","Null":"YES","Key":"","Default":null,"Extra":""},{"Field":"is_verified","Type":"tinyint(1)","Null":"YES","Key":"","Default":"0","Extra":""},{"Field":"created_at","Type":"timestamp","Null":"NO","Key":"","Default":"current_timestamp()","Extra":""},{"Field":"favorite_sport","Type":"varchar(50)","Null":"YES","Key":"","Default":null,"Extra":""},{"Field":"favorite_team","Type":"varchar(50)","Null":"YES","Key":"","Default":null,"Extra":""},{"Field":"account_type","Type":"enum('user','admin')","Null":"YES","Key":"","Default":"user","Extra":""}]
[23-Apr-2025 23:56:23 Europe/Berlin] Number of users in database: 13
[23-Apr-2025 23:56:23 Europe/Berlin] All tables initialized successfully
[23-Apr-2025 23:56:23 Europe/Berlin] Database tables initialized successfully
[23-Apr-2025 23:56:23 Europe/Berlin] Executing SQL: SELECT * FROM users WHERE id = :id
[23-Apr-2025 23:56:23 Europe/Berlin] With params: {":id":12}
[23-Apr-2025 23:56:23 Europe/Berlin] Query executed successfully. Found 1 rows
[23-Apr-2025 23:56:23 Europe/Berlin] User loaded from session: varunpndey
[23-Apr-2025 23:56:23 Europe/Berlin] Header - Session status: 2
[23-Apr-2025 23:56:23 Europe/Berlin] Header - Session data: {"user_id":12,"username":"varunpndey","email":"va@gmail.com","account_type":"admin"}
[23-Apr-2025 23:56:23 Europe/Berlin] Header - After session start - Status: 2
[23-Apr-2025 23:56:23 Europe/Berlin] Header - After session start - Data: {"user_id":12,"username":"varunpndey","email":"va@gmail.com","account_type":"admin"}
[23-Apr-2025 23:56:23 Europe/Berlin] Header - Is logged in: Yes
[23-Apr-2025 23:56:23 Europe/Berlin] Executing SQL: SELECT * FROM matches WHERE sport = :sport ORDER BY match_time DESC
[23-Apr-2025 23:56:23 Europe/Berlin] With params: {":sport":"football"}
[23-Apr-2025 23:56:23 Europe/Berlin] Query executed successfully. Found 1 rows
[23-Apr-2025 23:56:23 Europe/Berlin] Executing SQL: SELECT * FROM matches WHERE sport = :sport AND status = :status
[23-Apr-2025 23:56:23 Europe/Berlin] With params: {":sport":"football",":status":"live"}
[23-Apr-2025 23:56:23 Europe/Berlin] Query executed successfully. Found 1 rows
[23-Apr-2025 23:56:23 Europe/Berlin] Executing SQL: SELECT COUNT(*) as count FROM favorites 
                    WHERE user_id = :user_id AND match_id = :match_id
[23-Apr-2025 23:56:23 Europe/Berlin] With params: {":user_id":12,":match_id":41}
[23-Apr-2025 23:56:23 Europe/Berlin] Query executed successfully. Found 1 rows
[23-Apr-2025 23:56:24 Europe/Berlin] Connected to database. Tables found: favorites, feedback, matches, matches_backup, matches_new, news, newsletter, notifications, players, subscriptions, users
[23-Apr-2025 23:56:24 Europe/Berlin] Executing SQL: CREATE TABLE IF NOT EXISTS users (
                id INT AUTO_INCREMENT PRIMARY KEY,
                username VARCHAR(50) NOT NULL UNIQUE,
                password VARCHAR(255) NOT NULL,
                email VARCHAR(100) NOT NULL UNIQUE,
                account_type ENUM('user', 'admin') DEFAULT 'user',
                created_at TIMESTAMP DEFAULT CURRENT_TIMESTAMP
            )
[23-Apr-2025 23:56:24 Europe/Berlin] With params: []
[23-Apr-2025 23:56:24 Europe/Berlin] Query executed successfully. Found 0 rows
[23-Apr-2025 23:56:24 Europe/Berlin] Users table created or already exists
[23-Apr-2025 23:56:24 Europe/Berlin] Users table structure: [{"Field":"id","Type":"int(11)","Null":"NO","Key":"PRI","Default":null,"Extra":"auto_increment"},{"Field":"username","Type":"varchar(50)","Null":"NO","Key":"","Default":null,"Extra":""},{"Field":"email","Type":"varchar(100)","Null":"NO","Key":"UNI","Default":null,"Extra":""},{"Field":"password","Type":"varchar(255)","Null":"NO","Key":"","Default":null,"Extra":""},{"Field":"role","Type":"enum('user','admin')","Null":"YES","Key":"","Default":"user","Extra":""},{"Field":"verification_code","Type":"varchar(100)","Null":"YES","Key":"","Default":null,"Extra":""},{"Field":"is_verified","Type":"tinyint(1)","Null":"YES","Key":"","Default":"0","Extra":""},{"Field":"created_at","Type":"timestamp","Null":"NO","Key":"","Default":"current_timestamp()","Extra":""},{"Field":"favorite_sport","Type":"varchar(50)","Null":"YES","Key":"","Default":null,"Extra":""},{"Field":"favorite_team","Type":"varchar(50)","Null":"YES","Key":"","Default":null,"Extra":""},{"Field":"account_type","Type":"enum('user','admin')","Null":"YES","Key":"","Default":"user","Extra":""}]
[23-Apr-2025 23:56:24 Europe/Berlin] Number of users in database: 13
[23-Apr-2025 23:56:24 Europe/Berlin] All tables initialized successfully
[23-Apr-2025 23:56:24 Europe/Berlin] API Request received: /sportsync/backend/match.php?_=1745445384679
[23-Apr-2025 23:56:24 Europe/Berlin] GET parameters: Array
(
    [_] => 1745445384679
)

[23-Apr-2025 23:56:54 Europe/Berlin] Connected to database. Tables found: favorites, feedback, matches, matches_backup, matches_new, news, newsletter, notifications, players, subscriptions, users
[23-Apr-2025 23:56:54 Europe/Berlin] Executing SQL: CREATE TABLE IF NOT EXISTS users (
                id INT AUTO_INCREMENT PRIMARY KEY,
                username VARCHAR(50) NOT NULL UNIQUE,
                password VARCHAR(255) NOT NULL,
                email VARCHAR(100) NOT NULL UNIQUE,
                account_type ENUM('user', 'admin') DEFAULT 'user',
                created_at TIMESTAMP DEFAULT CURRENT_TIMESTAMP
            )
[23-Apr-2025 23:56:54 Europe/Berlin] With params: []
[23-Apr-2025 23:56:54 Europe/Berlin] Query executed successfully. Found 0 rows
[23-Apr-2025 23:56:54 Europe/Berlin] Users table created or already exists
[23-Apr-2025 23:56:54 Europe/Berlin] Users table structure: [{"Field":"id","Type":"int(11)","Null":"NO","Key":"PRI","Default":null,"Extra":"auto_increment"},{"Field":"username","Type":"varchar(50)","Null":"NO","Key":"","Default":null,"Extra":""},{"Field":"email","Type":"varchar(100)","Null":"NO","Key":"UNI","Default":null,"Extra":""},{"Field":"password","Type":"varchar(255)","Null":"NO","Key":"","Default":null,"Extra":""},{"Field":"role","Type":"enum('user','admin')","Null":"YES","Key":"","Default":"user","Extra":""},{"Field":"verification_code","Type":"varchar(100)","Null":"YES","Key":"","Default":null,"Extra":""},{"Field":"is_verified","Type":"tinyint(1)","Null":"YES","Key":"","Default":"0","Extra":""},{"Field":"created_at","Type":"timestamp","Null":"NO","Key":"","Default":"current_timestamp()","Extra":""},{"Field":"favorite_sport","Type":"varchar(50)","Null":"YES","Key":"","Default":null,"Extra":""},{"Field":"favorite_team","Type":"varchar(50)","Null":"YES","Key":"","Default":null,"Extra":""},{"Field":"account_type","Type":"enum('user','admin')","Null":"YES","Key":"","Default":"user","Extra":""}]
[23-Apr-2025 23:56:54 Europe/Berlin] Number of users in database: 13
[23-Apr-2025 23:56:54 Europe/Berlin] All tables initialized successfully
[23-Apr-2025 23:56:54 Europe/Berlin] API Request received: /sportsync/backend/match.php?action=fetch_matches&sport=football&all=true
[23-Apr-2025 23:56:54 Europe/Berlin] GET parameters: Array
(
    [action] => fetch_matches
    [sport] => football
    [all] => true
)

[23-Apr-2025 23:56:54 Europe/Berlin] Executing SQL: SELECT * FROM matches WHERE sport = :sport ORDER BY match_time DESC
[23-Apr-2025 23:56:54 Europe/Berlin] With params: {":sport":"football"}
[23-Apr-2025 23:56:54 Europe/Berlin] Query executed successfully. Found 1 rows
[23-Apr-2025 23:57:06 Europe/Berlin] Connected to database. Tables found: favorites, feedback, matches, matches_backup, matches_new, news, newsletter, notifications, players, subscriptions, users
[23-Apr-2025 23:57:06 Europe/Berlin] Executing SQL: CREATE TABLE IF NOT EXISTS users (
                id INT AUTO_INCREMENT PRIMARY KEY,
                username VARCHAR(50) NOT NULL UNIQUE,
                password VARCHAR(255) NOT NULL,
                email VARCHAR(100) NOT NULL UNIQUE,
                account_type ENUM('user', 'admin') DEFAULT 'user',
                created_at TIMESTAMP DEFAULT CURRENT_TIMESTAMP
            )
[23-Apr-2025 23:57:06 Europe/Berlin] With params: []
[23-Apr-2025 23:57:06 Europe/Berlin] Query executed successfully. Found 0 rows
[23-Apr-2025 23:57:06 Europe/Berlin] Users table created or already exists
[23-Apr-2025 23:57:06 Europe/Berlin] Users table structure: [{"Field":"id","Type":"int(11)","Null":"NO","Key":"PRI","Default":null,"Extra":"auto_increment"},{"Field":"username","Type":"varchar(50)","Null":"NO","Key":"","Default":null,"Extra":""},{"Field":"email","Type":"varchar(100)","Null":"NO","Key":"UNI","Default":null,"Extra":""},{"Field":"password","Type":"varchar(255)","Null":"NO","Key":"","Default":null,"Extra":""},{"Field":"role","Type":"enum('user','admin')","Null":"YES","Key":"","Default":"user","Extra":""},{"Field":"verification_code","Type":"varchar(100)","Null":"YES","Key":"","Default":null,"Extra":""},{"Field":"is_verified","Type":"tinyint(1)","Null":"YES","Key":"","Default":"0","Extra":""},{"Field":"created_at","Type":"timestamp","Null":"NO","Key":"","Default":"current_timestamp()","Extra":""},{"Field":"favorite_sport","Type":"varchar(50)","Null":"YES","Key":"","Default":null,"Extra":""},{"Field":"favorite_team","Type":"varchar(50)","Null":"YES","Key":"","Default":null,"Extra":""},{"Field":"account_type","Type":"enum('user','admin')","Null":"YES","Key":"","Default":"user","Extra":""}]
[23-Apr-2025 23:57:06 Europe/Berlin] Number of users in database: 13
[23-Apr-2025 23:57:06 Europe/Berlin] All tables initialized successfully
[23-Apr-2025 23:57:06 Europe/Berlin] API Request received: /sportsync/backend/match.php?action=fetch_matches&sport=football&status=live
[23-Apr-2025 23:57:06 Europe/Berlin] GET parameters: Array
(
    [action] => fetch_matches
    [sport] => football
    [status] => live
)

[23-Apr-2025 23:57:06 Europe/Berlin] Executing SQL: SELECT * FROM matches WHERE sport = :sport AND status = :status
[23-Apr-2025 23:57:06 Europe/Berlin] With params: {":sport":"football",":status":"live"}
[23-Apr-2025 23:57:06 Europe/Berlin] Query executed successfully. Found 1 rows
[23-Apr-2025 23:57:11 Europe/Berlin] Connected to database. Tables found: favorites, feedback, matches, matches_backup, matches_new, news, newsletter, notifications, players, subscriptions, users
[23-Apr-2025 23:57:11 Europe/Berlin] Executing SQL: CREATE TABLE IF NOT EXISTS users (
                id INT AUTO_INCREMENT PRIMARY KEY,
                username VARCHAR(50) NOT NULL UNIQUE,
                password VARCHAR(255) NOT NULL,
                email VARCHAR(100) NOT NULL UNIQUE,
                account_type ENUM('user', 'admin') DEFAULT 'user',
                created_at TIMESTAMP DEFAULT CURRENT_TIMESTAMP
            )
[23-Apr-2025 23:57:11 Europe/Berlin] With params: []
[23-Apr-2025 23:57:11 Europe/Berlin] Query executed successfully. Found 0 rows
[23-Apr-2025 23:57:11 Europe/Berlin] Users table created or already exists
[23-Apr-2025 23:57:11 Europe/Berlin] Users table structure: [{"Field":"id","Type":"int(11)","Null":"NO","Key":"PRI","Default":null,"Extra":"auto_increment"},{"Field":"username","Type":"varchar(50)","Null":"NO","Key":"","Default":null,"Extra":""},{"Field":"email","Type":"varchar(100)","Null":"NO","Key":"UNI","Default":null,"Extra":""},{"Field":"password","Type":"varchar(255)","Null":"NO","Key":"","Default":null,"Extra":""},{"Field":"role","Type":"enum('user','admin')","Null":"YES","Key":"","Default":"user","Extra":""},{"Field":"verification_code","Type":"varchar(100)","Null":"YES","Key":"","Default":null,"Extra":""},{"Field":"is_verified","Type":"tinyint(1)","Null":"YES","Key":"","Default":"0","Extra":""},{"Field":"created_at","Type":"timestamp","Null":"NO","Key":"","Default":"current_timestamp()","Extra":""},{"Field":"favorite_sport","Type":"varchar(50)","Null":"YES","Key":"","Default":null,"Extra":""},{"Field":"favorite_team","Type":"varchar(50)","Null":"YES","Key":"","Default":null,"Extra":""},{"Field":"account_type","Type":"enum('user','admin')","Null":"YES","Key":"","Default":"user","Extra":""}]
[23-Apr-2025 23:57:11 Europe/Berlin] Number of users in database: 13
[23-Apr-2025 23:57:11 Europe/Berlin] All tables initialized successfully
[23-Apr-2025 23:57:11 Europe/Berlin] Connected to database. Tables found: favorites, feedback, matches, matches_backup, matches_new, news, newsletter, notifications, players, subscriptions, users
[23-Apr-2025 23:57:11 Europe/Berlin] Executing SQL: CREATE TABLE IF NOT EXISTS users (
                id INT AUTO_INCREMENT PRIMARY KEY,
                username VARCHAR(50) NOT NULL UNIQUE,
                password VARCHAR(255) NOT NULL,
                email VARCHAR(100) NOT NULL UNIQUE,
                account_type ENUM('user', 'admin') DEFAULT 'user',
                created_at TIMESTAMP DEFAULT CURRENT_TIMESTAMP
            )
[23-Apr-2025 23:57:11 Europe/Berlin] With params: []
[23-Apr-2025 23:57:11 Europe/Berlin] Query executed successfully. Found 0 rows
[23-Apr-2025 23:57:11 Europe/Berlin] Users table created or already exists
[23-Apr-2025 23:57:11 Europe/Berlin] Users table structure: [{"Field":"id","Type":"int(11)","Null":"NO","Key":"PRI","Default":null,"Extra":"auto_increment"},{"Field":"username","Type":"varchar(50)","Null":"NO","Key":"","Default":null,"Extra":""},{"Field":"email","Type":"varchar(100)","Null":"NO","Key":"UNI","Default":null,"Extra":""},{"Field":"password","Type":"varchar(255)","Null":"NO","Key":"","Default":null,"Extra":""},{"Field":"role","Type":"enum('user','admin')","Null":"YES","Key":"","Default":"user","Extra":""},{"Field":"verification_code","Type":"varchar(100)","Null":"YES","Key":"","Default":null,"Extra":""},{"Field":"is_verified","Type":"tinyint(1)","Null":"YES","Key":"","Default":"0","Extra":""},{"Field":"created_at","Type":"timestamp","Null":"NO","Key":"","Default":"current_timestamp()","Extra":""},{"Field":"favorite_sport","Type":"varchar(50)","Null":"YES","Key":"","Default":null,"Extra":""},{"Field":"favorite_team","Type":"varchar(50)","Null":"YES","Key":"","Default":null,"Extra":""},{"Field":"account_type","Type":"enum('user','admin')","Null":"YES","Key":"","Default":"user","Extra":""}]
[23-Apr-2025 23:57:11 Europe/Berlin] Number of users in database: 13
[23-Apr-2025 23:57:11 Europe/Berlin] All tables initialized successfully
[23-Apr-2025 23:57:11 Europe/Berlin] Database tables initialized successfully
[23-Apr-2025 23:57:11 Europe/Berlin] Executing SQL: SELECT * FROM users WHERE id = :id
[23-Apr-2025 23:57:11 Europe/Berlin] With params: {":id":12}
[23-Apr-2025 23:57:11 Europe/Berlin] Query executed successfully. Found 1 rows
[23-Apr-2025 23:57:11 Europe/Berlin] User loaded from session: varunpndey
[23-Apr-2025 23:57:11 Europe/Berlin] Header - Session status: 2
[23-Apr-2025 23:57:11 Europe/Berlin] Header - Session data: {"user_id":12,"username":"varunpndey","email":"va@gmail.com","account_type":"admin"}
[23-Apr-2025 23:57:11 Europe/Berlin] Header - After session start - Status: 2
[23-Apr-2025 23:57:11 Europe/Berlin] Header - After session start - Data: {"user_id":12,"username":"varunpndey","email":"va@gmail.com","account_type":"admin"}
[23-Apr-2025 23:57:11 Europe/Berlin] Header - Is logged in: Yes
[23-Apr-2025 23:57:11 Europe/Berlin] Executing SQL: SELECT * FROM news ORDER BY created_at DESC LIMIT 5
[23-Apr-2025 23:57:11 Europe/Berlin] With params: []
[23-Apr-2025 23:57:11 Europe/Berlin] Query executed successfully. Found 2 rows
[23-Apr-2025 23:57:11 Europe/Berlin] Executing SQL: SELECT * FROM matches WHERE status = 'live'
[23-Apr-2025 23:57:11 Europe/Berlin] With params: []
[23-Apr-2025 23:57:11 Europe/Berlin] Query executed successfully. Found 2 rows
[23-Apr-2025 23:57:11 Europe/Berlin] Executing SQL: SELECT COUNT(*) as count FROM favorites 
                    WHERE user_id = :user_id AND match_id = :match_id
[23-Apr-2025 23:57:11 Europe/Berlin] With params: {":user_id":12,":match_id":41}
[23-Apr-2025 23:57:11 Europe/Berlin] Query executed successfully. Found 1 rows
[23-Apr-2025 23:57:11 Europe/Berlin] Executing SQL: SELECT COUNT(*) as count FROM favorites 
                    WHERE user_id = :user_id AND match_id = :match_id
[23-Apr-2025 23:57:11 Europe/Berlin] With params: {":user_id":12,":match_id":42}
[23-Apr-2025 23:57:11 Europe/Berlin] Query executed successfully. Found 1 rows
[23-Apr-2025 23:57:13 Europe/Berlin] Connected to database. Tables found: favorites, feedback, matches, matches_backup, matches_new, news, newsletter, notifications, players, subscriptions, users
[23-Apr-2025 23:57:13 Europe/Berlin] Executing SQL: CREATE TABLE IF NOT EXISTS users (
                id INT AUTO_INCREMENT PRIMARY KEY,
                username VARCHAR(50) NOT NULL UNIQUE,
                password VARCHAR(255) NOT NULL,
                email VARCHAR(100) NOT NULL UNIQUE,
                account_type ENUM('user', 'admin') DEFAULT 'user',
                created_at TIMESTAMP DEFAULT CURRENT_TIMESTAMP
            )
[23-Apr-2025 23:57:13 Europe/Berlin] With params: []
[23-Apr-2025 23:57:13 Europe/Berlin] Query executed successfully. Found 0 rows
[23-Apr-2025 23:57:13 Europe/Berlin] Users table created or already exists
[23-Apr-2025 23:57:13 Europe/Berlin] Users table structure: [{"Field":"id","Type":"int(11)","Null":"NO","Key":"PRI","Default":null,"Extra":"auto_increment"},{"Field":"username","Type":"varchar(50)","Null":"NO","Key":"","Default":null,"Extra":""},{"Field":"email","Type":"varchar(100)","Null":"NO","Key":"UNI","Default":null,"Extra":""},{"Field":"password","Type":"varchar(255)","Null":"NO","Key":"","Default":null,"Extra":""},{"Field":"role","Type":"enum('user','admin')","Null":"YES","Key":"","Default":"user","Extra":""},{"Field":"verification_code","Type":"varchar(100)","Null":"YES","Key":"","Default":null,"Extra":""},{"Field":"is_verified","Type":"tinyint(1)","Null":"YES","Key":"","Default":"0","Extra":""},{"Field":"created_at","Type":"timestamp","Null":"NO","Key":"","Default":"current_timestamp()","Extra":""},{"Field":"favorite_sport","Type":"varchar(50)","Null":"YES","Key":"","Default":null,"Extra":""},{"Field":"favorite_team","Type":"varchar(50)","Null":"YES","Key":"","Default":null,"Extra":""},{"Field":"account_type","Type":"enum('user','admin')","Null":"YES","Key":"","Default":"user","Extra":""}]
[23-Apr-2025 23:57:13 Europe/Berlin] Number of users in database: 13
[23-Apr-2025 23:57:13 Europe/Berlin] All tables initialized successfully
[23-Apr-2025 23:57:13 Europe/Berlin] Connected to database. Tables found: favorites, feedback, matches, matches_backup, matches_new, news, newsletter, notifications, players, subscriptions, users
[23-Apr-2025 23:57:13 Europe/Berlin] Executing SQL: CREATE TABLE IF NOT EXISTS users (
                id INT AUTO_INCREMENT PRIMARY KEY,
                username VARCHAR(50) NOT NULL UNIQUE,
                password VARCHAR(255) NOT NULL,
                email VARCHAR(100) NOT NULL UNIQUE,
                account_type ENUM('user', 'admin') DEFAULT 'user',
                created_at TIMESTAMP DEFAULT CURRENT_TIMESTAMP
            )
[23-Apr-2025 23:57:13 Europe/Berlin] With params: []
[23-Apr-2025 23:57:13 Europe/Berlin] Query executed successfully. Found 0 rows
[23-Apr-2025 23:57:13 Europe/Berlin] Users table created or already exists
[23-Apr-2025 23:57:13 Europe/Berlin] Users table structure: [{"Field":"id","Type":"int(11)","Null":"NO","Key":"PRI","Default":null,"Extra":"auto_increment"},{"Field":"username","Type":"varchar(50)","Null":"NO","Key":"","Default":null,"Extra":""},{"Field":"email","Type":"varchar(100)","Null":"NO","Key":"UNI","Default":null,"Extra":""},{"Field":"password","Type":"varchar(255)","Null":"NO","Key":"","Default":null,"Extra":""},{"Field":"role","Type":"enum('user','admin')","Null":"YES","Key":"","Default":"user","Extra":""},{"Field":"verification_code","Type":"varchar(100)","Null":"YES","Key":"","Default":null,"Extra":""},{"Field":"is_verified","Type":"tinyint(1)","Null":"YES","Key":"","Default":"0","Extra":""},{"Field":"created_at","Type":"timestamp","Null":"NO","Key":"","Default":"current_timestamp()","Extra":""},{"Field":"favorite_sport","Type":"varchar(50)","Null":"YES","Key":"","Default":null,"Extra":""},{"Field":"favorite_team","Type":"varchar(50)","Null":"YES","Key":"","Default":null,"Extra":""},{"Field":"account_type","Type":"enum('user','admin')","Null":"YES","Key":"","Default":"user","Extra":""}]
[23-Apr-2025 23:57:13 Europe/Berlin] Number of users in database: 13
[23-Apr-2025 23:57:13 Europe/Berlin] All tables initialized successfully
[23-Apr-2025 23:57:13 Europe/Berlin] Database tables initialized successfully
[23-Apr-2025 23:57:13 Europe/Berlin] Executing SQL: SELECT * FROM users WHERE id = :id
[23-Apr-2025 23:57:13 Europe/Berlin] With params: {":id":12}
[23-Apr-2025 23:57:13 Europe/Berlin] Query executed successfully. Found 1 rows
[23-Apr-2025 23:57:13 Europe/Berlin] User loaded from session: varunpndey
[23-Apr-2025 23:57:13 Europe/Berlin] Header - Session status: 2
[23-Apr-2025 23:57:13 Europe/Berlin] Header - Session data: {"user_id":12,"username":"varunpndey","email":"va@gmail.com","account_type":"admin"}
[23-Apr-2025 23:57:13 Europe/Berlin] Header - After session start - Status: 2
[23-Apr-2025 23:57:13 Europe/Berlin] Header - After session start - Data: {"user_id":12,"username":"varunpndey","email":"va@gmail.com","account_type":"admin"}
[23-Apr-2025 23:57:13 Europe/Berlin] Header - Is logged in: Yes
[23-Apr-2025 23:57:13 Europe/Berlin] Executing SQL: SELECT * FROM matches WHERE status = 'live'
[23-Apr-2025 23:57:13 Europe/Berlin] With params: []
[23-Apr-2025 23:57:13 Europe/Berlin] Query executed successfully. Found 2 rows
[23-Apr-2025 23:57:13 Europe/Berlin] Executing SQL: SELECT COUNT(*) as count FROM favorites 
                    WHERE user_id = :user_id AND match_id = :match_id
[23-Apr-2025 23:57:13 Europe/Berlin] With params: {":user_id":12,":match_id":41}
[23-Apr-2025 23:57:13 Europe/Berlin] Query executed successfully. Found 1 rows
[23-Apr-2025 23:57:13 Europe/Berlin] Executing SQL: SELECT COUNT(*) as count FROM favorites 
                    WHERE user_id = :user_id AND match_id = :match_id
[23-Apr-2025 23:57:13 Europe/Berlin] With params: {":user_id":12,":match_id":42}
[23-Apr-2025 23:57:13 Europe/Berlin] Query executed successfully. Found 1 rows
[23-Apr-2025 23:57:16 Europe/Berlin] Connected to database. Tables found: favorites, feedback, matches, matches_backup, matches_new, news, newsletter, notifications, players, subscriptions, users
[23-Apr-2025 23:57:16 Europe/Berlin] Executing SQL: CREATE TABLE IF NOT EXISTS users (
                id INT AUTO_INCREMENT PRIMARY KEY,
                username VARCHAR(50) NOT NULL UNIQUE,
                password VARCHAR(255) NOT NULL,
                email VARCHAR(100) NOT NULL UNIQUE,
                account_type ENUM('user', 'admin') DEFAULT 'user',
                created_at TIMESTAMP DEFAULT CURRENT_TIMESTAMP
            )
[23-Apr-2025 23:57:16 Europe/Berlin] With params: []
[23-Apr-2025 23:57:16 Europe/Berlin] Query executed successfully. Found 0 rows
[23-Apr-2025 23:57:16 Europe/Berlin] Users table created or already exists
[23-Apr-2025 23:57:16 Europe/Berlin] Users table structure: [{"Field":"id","Type":"int(11)","Null":"NO","Key":"PRI","Default":null,"Extra":"auto_increment"},{"Field":"username","Type":"varchar(50)","Null":"NO","Key":"","Default":null,"Extra":""},{"Field":"email","Type":"varchar(100)","Null":"NO","Key":"UNI","Default":null,"Extra":""},{"Field":"password","Type":"varchar(255)","Null":"NO","Key":"","Default":null,"Extra":""},{"Field":"role","Type":"enum('user','admin')","Null":"YES","Key":"","Default":"user","Extra":""},{"Field":"verification_code","Type":"varchar(100)","Null":"YES","Key":"","Default":null,"Extra":""},{"Field":"is_verified","Type":"tinyint(1)","Null":"YES","Key":"","Default":"0","Extra":""},{"Field":"created_at","Type":"timestamp","Null":"NO","Key":"","Default":"current_timestamp()","Extra":""},{"Field":"favorite_sport","Type":"varchar(50)","Null":"YES","Key":"","Default":null,"Extra":""},{"Field":"favorite_team","Type":"varchar(50)","Null":"YES","Key":"","Default":null,"Extra":""},{"Field":"account_type","Type":"enum('user','admin')","Null":"YES","Key":"","Default":"user","Extra":""}]
[23-Apr-2025 23:57:16 Europe/Berlin] Number of users in database: 13
[23-Apr-2025 23:57:16 Europe/Berlin] All tables initialized successfully
[23-Apr-2025 23:57:16 Europe/Berlin] Connected to database. Tables found: favorites, feedback, matches, matches_backup, matches_new, news, newsletter, notifications, players, subscriptions, users
[23-Apr-2025 23:57:16 Europe/Berlin] Executing SQL: CREATE TABLE IF NOT EXISTS users (
                id INT AUTO_INCREMENT PRIMARY KEY,
                username VARCHAR(50) NOT NULL UNIQUE,
                password VARCHAR(255) NOT NULL,
                email VARCHAR(100) NOT NULL UNIQUE,
                account_type ENUM('user', 'admin') DEFAULT 'user',
                created_at TIMESTAMP DEFAULT CURRENT_TIMESTAMP
            )
[23-Apr-2025 23:57:16 Europe/Berlin] With params: []
[23-Apr-2025 23:57:16 Europe/Berlin] Query executed successfully. Found 0 rows
[23-Apr-2025 23:57:16 Europe/Berlin] Users table created or already exists
[23-Apr-2025 23:57:16 Europe/Berlin] Users table structure: [{"Field":"id","Type":"int(11)","Null":"NO","Key":"PRI","Default":null,"Extra":"auto_increment"},{"Field":"username","Type":"varchar(50)","Null":"NO","Key":"","Default":null,"Extra":""},{"Field":"email","Type":"varchar(100)","Null":"NO","Key":"UNI","Default":null,"Extra":""},{"Field":"password","Type":"varchar(255)","Null":"NO","Key":"","Default":null,"Extra":""},{"Field":"role","Type":"enum('user','admin')","Null":"YES","Key":"","Default":"user","Extra":""},{"Field":"verification_code","Type":"varchar(100)","Null":"YES","Key":"","Default":null,"Extra":""},{"Field":"is_verified","Type":"tinyint(1)","Null":"YES","Key":"","Default":"0","Extra":""},{"Field":"created_at","Type":"timestamp","Null":"NO","Key":"","Default":"current_timestamp()","Extra":""},{"Field":"favorite_sport","Type":"varchar(50)","Null":"YES","Key":"","Default":null,"Extra":""},{"Field":"favorite_team","Type":"varchar(50)","Null":"YES","Key":"","Default":null,"Extra":""},{"Field":"account_type","Type":"enum('user','admin')","Null":"YES","Key":"","Default":"user","Extra":""}]
[23-Apr-2025 23:57:16 Europe/Berlin] Number of users in database: 13
[23-Apr-2025 23:57:16 Europe/Berlin] All tables initialized successfully
[23-Apr-2025 23:57:16 Europe/Berlin] Database tables initialized successfully
[23-Apr-2025 23:57:16 Europe/Berlin] Executing SQL: SELECT * FROM users WHERE id = :id
[23-Apr-2025 23:57:16 Europe/Berlin] With params: {":id":12}
[23-Apr-2025 23:57:16 Europe/Berlin] Query executed successfully. Found 1 rows
[23-Apr-2025 23:57:16 Europe/Berlin] User loaded from session: varunpndey
[23-Apr-2025 23:57:16 Europe/Berlin] Header - Session status: 2
[23-Apr-2025 23:57:16 Europe/Berlin] Header - Session data: {"user_id":12,"username":"varunpndey","email":"va@gmail.com","account_type":"admin"}
[23-Apr-2025 23:57:16 Europe/Berlin] Header - After session start - Status: 2
[23-Apr-2025 23:57:16 Europe/Berlin] Header - After session start - Data: {"user_id":12,"username":"varunpndey","email":"va@gmail.com","account_type":"admin"}
[23-Apr-2025 23:57:16 Europe/Berlin] Header - Is logged in: Yes
[23-Apr-2025 23:57:16 Europe/Berlin] Executing SQL: SELECT * FROM matches WHERE sport = :sport ORDER BY match_time DESC
[23-Apr-2025 23:57:16 Europe/Berlin] With params: {":sport":"football"}
[23-Apr-2025 23:57:16 Europe/Berlin] Query executed successfully. Found 1 rows
[23-Apr-2025 23:57:16 Europe/Berlin] Executing SQL: SELECT * FROM matches WHERE sport = :sport AND status = :status
[23-Apr-2025 23:57:16 Europe/Berlin] With params: {":sport":"football",":status":"live"}
[23-Apr-2025 23:57:16 Europe/Berlin] Query executed successfully. Found 1 rows
[23-Apr-2025 23:57:16 Europe/Berlin] Executing SQL: SELECT COUNT(*) as count FROM favorites 
                    WHERE user_id = :user_id AND match_id = :match_id
[23-Apr-2025 23:57:16 Europe/Berlin] With params: {":user_id":12,":match_id":41}
[23-Apr-2025 23:57:16 Europe/Berlin] Query executed successfully. Found 1 rows
[23-Apr-2025 23:57:18 Europe/Berlin] Connected to database. Tables found: favorites, feedback, matches, matches_backup, matches_new, news, newsletter, notifications, players, subscriptions, users
[23-Apr-2025 23:57:18 Europe/Berlin] Executing SQL: CREATE TABLE IF NOT EXISTS users (
                id INT AUTO_INCREMENT PRIMARY KEY,
                username VARCHAR(50) NOT NULL UNIQUE,
                password VARCHAR(255) NOT NULL,
                email VARCHAR(100) NOT NULL UNIQUE,
                account_type ENUM('user', 'admin') DEFAULT 'user',
                created_at TIMESTAMP DEFAULT CURRENT_TIMESTAMP
            )
[23-Apr-2025 23:57:18 Europe/Berlin] With params: []
[23-Apr-2025 23:57:18 Europe/Berlin] Query executed successfully. Found 0 rows
[23-Apr-2025 23:57:18 Europe/Berlin] Users table created or already exists
[23-Apr-2025 23:57:18 Europe/Berlin] Users table structure: [{"Field":"id","Type":"int(11)","Null":"NO","Key":"PRI","Default":null,"Extra":"auto_increment"},{"Field":"username","Type":"varchar(50)","Null":"NO","Key":"","Default":null,"Extra":""},{"Field":"email","Type":"varchar(100)","Null":"NO","Key":"UNI","Default":null,"Extra":""},{"Field":"password","Type":"varchar(255)","Null":"NO","Key":"","Default":null,"Extra":""},{"Field":"role","Type":"enum('user','admin')","Null":"YES","Key":"","Default":"user","Extra":""},{"Field":"verification_code","Type":"varchar(100)","Null":"YES","Key":"","Default":null,"Extra":""},{"Field":"is_verified","Type":"tinyint(1)","Null":"YES","Key":"","Default":"0","Extra":""},{"Field":"created_at","Type":"timestamp","Null":"NO","Key":"","Default":"current_timestamp()","Extra":""},{"Field":"favorite_sport","Type":"varchar(50)","Null":"YES","Key":"","Default":null,"Extra":""},{"Field":"favorite_team","Type":"varchar(50)","Null":"YES","Key":"","Default":null,"Extra":""},{"Field":"account_type","Type":"enum('user','admin')","Null":"YES","Key":"","Default":"user","Extra":""}]
[23-Apr-2025 23:57:18 Europe/Berlin] Number of users in database: 13
[23-Apr-2025 23:57:18 Europe/Berlin] All tables initialized successfully
[23-Apr-2025 23:57:18 Europe/Berlin] Connected to database. Tables found: favorites, feedback, matches, matches_backup, matches_new, news, newsletter, notifications, players, subscriptions, users
[23-Apr-2025 23:57:18 Europe/Berlin] Executing SQL: CREATE TABLE IF NOT EXISTS users (
                id INT AUTO_INCREMENT PRIMARY KEY,
                username VARCHAR(50) NOT NULL UNIQUE,
                password VARCHAR(255) NOT NULL,
                email VARCHAR(100) NOT NULL UNIQUE,
                account_type ENUM('user', 'admin') DEFAULT 'user',
                created_at TIMESTAMP DEFAULT CURRENT_TIMESTAMP
            )
[23-Apr-2025 23:57:18 Europe/Berlin] With params: []
[23-Apr-2025 23:57:18 Europe/Berlin] Query executed successfully. Found 0 rows
[23-Apr-2025 23:57:18 Europe/Berlin] Users table created or already exists
[23-Apr-2025 23:57:18 Europe/Berlin] Users table structure: [{"Field":"id","Type":"int(11)","Null":"NO","Key":"PRI","Default":null,"Extra":"auto_increment"},{"Field":"username","Type":"varchar(50)","Null":"NO","Key":"","Default":null,"Extra":""},{"Field":"email","Type":"varchar(100)","Null":"NO","Key":"UNI","Default":null,"Extra":""},{"Field":"password","Type":"varchar(255)","Null":"NO","Key":"","Default":null,"Extra":""},{"Field":"role","Type":"enum('user','admin')","Null":"YES","Key":"","Default":"user","Extra":""},{"Field":"verification_code","Type":"varchar(100)","Null":"YES","Key":"","Default":null,"Extra":""},{"Field":"is_verified","Type":"tinyint(1)","Null":"YES","Key":"","Default":"0","Extra":""},{"Field":"created_at","Type":"timestamp","Null":"NO","Key":"","Default":"current_timestamp()","Extra":""},{"Field":"favorite_sport","Type":"varchar(50)","Null":"YES","Key":"","Default":null,"Extra":""},{"Field":"favorite_team","Type":"varchar(50)","Null":"YES","Key":"","Default":null,"Extra":""},{"Field":"account_type","Type":"enum('user','admin')","Null":"YES","Key":"","Default":"user","Extra":""}]
[23-Apr-2025 23:57:18 Europe/Berlin] Number of users in database: 13
[23-Apr-2025 23:57:18 Europe/Berlin] All tables initialized successfully
[23-Apr-2025 23:57:18 Europe/Berlin] Database tables initialized successfully
[23-Apr-2025 23:57:18 Europe/Berlin] Executing SQL: SELECT * FROM users WHERE id = :id
[23-Apr-2025 23:57:18 Europe/Berlin] With params: {":id":12}
[23-Apr-2025 23:57:18 Europe/Berlin] Query executed successfully. Found 1 rows
[23-Apr-2025 23:57:18 Europe/Berlin] User loaded from session: varunpndey
[23-Apr-2025 23:57:18 Europe/Berlin] Header - Session status: 2
[23-Apr-2025 23:57:18 Europe/Berlin] Header - Session data: {"user_id":12,"username":"varunpndey","email":"va@gmail.com","account_type":"admin"}
[23-Apr-2025 23:57:18 Europe/Berlin] Header - After session start - Status: 2
[23-Apr-2025 23:57:18 Europe/Berlin] Header - After session start - Data: {"user_id":12,"username":"varunpndey","email":"va@gmail.com","account_type":"admin"}
[23-Apr-2025 23:57:18 Europe/Berlin] Header - Is logged in: Yes
[23-Apr-2025 23:57:18 Europe/Berlin] Executing SQL: SELECT * FROM matches WHERE sport = :sport ORDER BY match_time DESC
[23-Apr-2025 23:57:18 Europe/Berlin] With params: {":sport":"cricket"}
[23-Apr-2025 23:57:18 Europe/Berlin] Query executed successfully. Found 2 rows
[23-Apr-2025 23:57:18 Europe/Berlin] Executing SQL: SELECT * FROM matches WHERE sport = :sport AND status = :status
[23-Apr-2025 23:57:18 Europe/Berlin] With params: {":sport":"cricket",":status":"live"}
[23-Apr-2025 23:57:18 Europe/Berlin] Query executed successfully. Found 1 rows
[23-Apr-2025 23:57:18 Europe/Berlin] Executing SQL: SELECT COUNT(*) as count FROM favorites 
                    WHERE user_id = :user_id AND match_id = :match_id
[23-Apr-2025 23:57:18 Europe/Berlin] With params: {":user_id":12,":match_id":38}
[23-Apr-2025 23:57:18 Europe/Berlin] Query executed successfully. Found 1 rows
[23-Apr-2025 23:57:18 Europe/Berlin] Executing SQL: SELECT COUNT(*) as count FROM favorites 
                    WHERE user_id = :user_id AND match_id = :match_id
[23-Apr-2025 23:57:18 Europe/Berlin] With params: {":user_id":12,":match_id":42}
[23-Apr-2025 23:57:18 Europe/Berlin] Query executed successfully. Found 1 rows
[23-Apr-2025 23:57:20 Europe/Berlin] Connected to database. Tables found: favorites, feedback, matches, matches_backup, matches_new, news, newsletter, notifications, players, subscriptions, users
[23-Apr-2025 23:57:20 Europe/Berlin] Executing SQL: CREATE TABLE IF NOT EXISTS users (
                id INT AUTO_INCREMENT PRIMARY KEY,
                username VARCHAR(50) NOT NULL UNIQUE,
                password VARCHAR(255) NOT NULL,
                email VARCHAR(100) NOT NULL UNIQUE,
                account_type ENUM('user', 'admin') DEFAULT 'user',
                created_at TIMESTAMP DEFAULT CURRENT_TIMESTAMP
            )
[23-Apr-2025 23:57:20 Europe/Berlin] With params: []
[23-Apr-2025 23:57:20 Europe/Berlin] Query executed successfully. Found 0 rows
[23-Apr-2025 23:57:20 Europe/Berlin] Users table created or already exists
[23-Apr-2025 23:57:20 Europe/Berlin] Users table structure: [{"Field":"id","Type":"int(11)","Null":"NO","Key":"PRI","Default":null,"Extra":"auto_increment"},{"Field":"username","Type":"varchar(50)","Null":"NO","Key":"","Default":null,"Extra":""},{"Field":"email","Type":"varchar(100)","Null":"NO","Key":"UNI","Default":null,"Extra":""},{"Field":"password","Type":"varchar(255)","Null":"NO","Key":"","Default":null,"Extra":""},{"Field":"role","Type":"enum('user','admin')","Null":"YES","Key":"","Default":"user","Extra":""},{"Field":"verification_code","Type":"varchar(100)","Null":"YES","Key":"","Default":null,"Extra":""},{"Field":"is_verified","Type":"tinyint(1)","Null":"YES","Key":"","Default":"0","Extra":""},{"Field":"created_at","Type":"timestamp","Null":"NO","Key":"","Default":"current_timestamp()","Extra":""},{"Field":"favorite_sport","Type":"varchar(50)","Null":"YES","Key":"","Default":null,"Extra":""},{"Field":"favorite_team","Type":"varchar(50)","Null":"YES","Key":"","Default":null,"Extra":""},{"Field":"account_type","Type":"enum('user','admin')","Null":"YES","Key":"","Default":"user","Extra":""}]
[23-Apr-2025 23:57:20 Europe/Berlin] Number of users in database: 13
[23-Apr-2025 23:57:20 Europe/Berlin] All tables initialized successfully
[23-Apr-2025 23:57:20 Europe/Berlin] Connected to database. Tables found: favorites, feedback, matches, matches_backup, matches_new, news, newsletter, notifications, players, subscriptions, users
[23-Apr-2025 23:57:20 Europe/Berlin] Executing SQL: CREATE TABLE IF NOT EXISTS users (
                id INT AUTO_INCREMENT PRIMARY KEY,
                username VARCHAR(50) NOT NULL UNIQUE,
                password VARCHAR(255) NOT NULL,
                email VARCHAR(100) NOT NULL UNIQUE,
                account_type ENUM('user', 'admin') DEFAULT 'user',
                created_at TIMESTAMP DEFAULT CURRENT_TIMESTAMP
            )
[23-Apr-2025 23:57:20 Europe/Berlin] With params: []
[23-Apr-2025 23:57:20 Europe/Berlin] Query executed successfully. Found 0 rows
[23-Apr-2025 23:57:20 Europe/Berlin] Users table created or already exists
[23-Apr-2025 23:57:20 Europe/Berlin] Users table structure: [{"Field":"id","Type":"int(11)","Null":"NO","Key":"PRI","Default":null,"Extra":"auto_increment"},{"Field":"username","Type":"varchar(50)","Null":"NO","Key":"","Default":null,"Extra":""},{"Field":"email","Type":"varchar(100)","Null":"NO","Key":"UNI","Default":null,"Extra":""},{"Field":"password","Type":"varchar(255)","Null":"NO","Key":"","Default":null,"Extra":""},{"Field":"role","Type":"enum('user','admin')","Null":"YES","Key":"","Default":"user","Extra":""},{"Field":"verification_code","Type":"varchar(100)","Null":"YES","Key":"","Default":null,"Extra":""},{"Field":"is_verified","Type":"tinyint(1)","Null":"YES","Key":"","Default":"0","Extra":""},{"Field":"created_at","Type":"timestamp","Null":"NO","Key":"","Default":"current_timestamp()","Extra":""},{"Field":"favorite_sport","Type":"varchar(50)","Null":"YES","Key":"","Default":null,"Extra":""},{"Field":"favorite_team","Type":"varchar(50)","Null":"YES","Key":"","Default":null,"Extra":""},{"Field":"account_type","Type":"enum('user','admin')","Null":"YES","Key":"","Default":"user","Extra":""}]
[23-Apr-2025 23:57:20 Europe/Berlin] Number of users in database: 13
[23-Apr-2025 23:57:20 Europe/Berlin] All tables initialized successfully
[23-Apr-2025 23:57:20 Europe/Berlin] Database tables initialized successfully
[23-Apr-2025 23:57:20 Europe/Berlin] Executing SQL: SELECT * FROM users WHERE id = :id
[23-Apr-2025 23:57:20 Europe/Berlin] With params: {":id":12}
[23-Apr-2025 23:57:20 Europe/Berlin] Query executed successfully. Found 1 rows
[23-Apr-2025 23:57:20 Europe/Berlin] User loaded from session: varunpndey
[23-Apr-2025 23:57:20 Europe/Berlin] PHP Notice:  session_start(): Ignoring session_start() because a session is already active in /Applications/XAMPP/xamppfiles/htdocs/sportsync/public/feedback.php on line 2
[23-Apr-2025 23:57:20 Europe/Berlin] Header - Session status: 2
[23-Apr-2025 23:57:20 Europe/Berlin] Header - Session data: {"user_id":12,"username":"varunpndey","email":"va@gmail.com","account_type":"admin"}
[23-Apr-2025 23:57:20 Europe/Berlin] Header - After session start - Status: 2
[23-Apr-2025 23:57:20 Europe/Berlin] Header - After session start - Data: {"user_id":12,"username":"varunpndey","email":"va@gmail.com","account_type":"admin"}
[23-Apr-2025 23:57:20 Europe/Berlin] Header - Is logged in: Yes
[23-Apr-2025 23:57:34 Europe/Berlin] Connected to database. Tables found: favorites, feedback, matches, matches_backup, matches_new, news, newsletter, notifications, players, subscriptions, users
[23-Apr-2025 23:57:34 Europe/Berlin] Executing SQL: CREATE TABLE IF NOT EXISTS users (
                id INT AUTO_INCREMENT PRIMARY KEY,
                username VARCHAR(50) NOT NULL UNIQUE,
                password VARCHAR(255) NOT NULL,
                email VARCHAR(100) NOT NULL UNIQUE,
                account_type ENUM('user', 'admin') DEFAULT 'user',
                created_at TIMESTAMP DEFAULT CURRENT_TIMESTAMP
            )
[23-Apr-2025 23:57:34 Europe/Berlin] With params: []
[23-Apr-2025 23:57:34 Europe/Berlin] Query executed successfully. Found 0 rows
[23-Apr-2025 23:57:34 Europe/Berlin] Users table created or already exists
[23-Apr-2025 23:57:34 Europe/Berlin] Users table structure: [{"Field":"id","Type":"int(11)","Null":"NO","Key":"PRI","Default":null,"Extra":"auto_increment"},{"Field":"username","Type":"varchar(50)","Null":"NO","Key":"","Default":null,"Extra":""},{"Field":"email","Type":"varchar(100)","Null":"NO","Key":"UNI","Default":null,"Extra":""},{"Field":"password","Type":"varchar(255)","Null":"NO","Key":"","Default":null,"Extra":""},{"Field":"role","Type":"enum('user','admin')","Null":"YES","Key":"","Default":"user","Extra":""},{"Field":"verification_code","Type":"varchar(100)","Null":"YES","Key":"","Default":null,"Extra":""},{"Field":"is_verified","Type":"tinyint(1)","Null":"YES","Key":"","Default":"0","Extra":""},{"Field":"created_at","Type":"timestamp","Null":"NO","Key":"","Default":"current_timestamp()","Extra":""},{"Field":"favorite_sport","Type":"varchar(50)","Null":"YES","Key":"","Default":null,"Extra":""},{"Field":"favorite_team","Type":"varchar(50)","Null":"YES","Key":"","Default":null,"Extra":""},{"Field":"account_type","Type":"enum('user','admin')","Null":"YES","Key":"","Default":"user","Extra":""}]
[23-Apr-2025 23:57:34 Europe/Berlin] Number of users in database: 13
[23-Apr-2025 23:57:34 Europe/Berlin] All tables initialized successfully
[23-Apr-2025 23:57:34 Europe/Berlin] Connected to database. Tables found: favorites, feedback, matches, matches_backup, matches_new, news, newsletter, notifications, players, subscriptions, users
[23-Apr-2025 23:57:34 Europe/Berlin] Executing SQL: CREATE TABLE IF NOT EXISTS users (
                id INT AUTO_INCREMENT PRIMARY KEY,
                username VARCHAR(50) NOT NULL UNIQUE,
                password VARCHAR(255) NOT NULL,
                email VARCHAR(100) NOT NULL UNIQUE,
                account_type ENUM('user', 'admin') DEFAULT 'user',
                created_at TIMESTAMP DEFAULT CURRENT_TIMESTAMP
            )
[23-Apr-2025 23:57:34 Europe/Berlin] With params: []
[23-Apr-2025 23:57:34 Europe/Berlin] Query executed successfully. Found 0 rows
[23-Apr-2025 23:57:34 Europe/Berlin] Users table created or already exists
[23-Apr-2025 23:57:34 Europe/Berlin] Users table structure: [{"Field":"id","Type":"int(11)","Null":"NO","Key":"PRI","Default":null,"Extra":"auto_increment"},{"Field":"username","Type":"varchar(50)","Null":"NO","Key":"","Default":null,"Extra":""},{"Field":"email","Type":"varchar(100)","Null":"NO","Key":"UNI","Default":null,"Extra":""},{"Field":"password","Type":"varchar(255)","Null":"NO","Key":"","Default":null,"Extra":""},{"Field":"role","Type":"enum('user','admin')","Null":"YES","Key":"","Default":"user","Extra":""},{"Field":"verification_code","Type":"varchar(100)","Null":"YES","Key":"","Default":null,"Extra":""},{"Field":"is_verified","Type":"tinyint(1)","Null":"YES","Key":"","Default":"0","Extra":""},{"Field":"created_at","Type":"timestamp","Null":"NO","Key":"","Default":"current_timestamp()","Extra":""},{"Field":"favorite_sport","Type":"varchar(50)","Null":"YES","Key":"","Default":null,"Extra":""},{"Field":"favorite_team","Type":"varchar(50)","Null":"YES","Key":"","Default":null,"Extra":""},{"Field":"account_type","Type":"enum('user','admin')","Null":"YES","Key":"","Default":"user","Extra":""}]
[23-Apr-2025 23:57:34 Europe/Berlin] Number of users in database: 13
[23-Apr-2025 23:57:34 Europe/Berlin] All tables initialized successfully
[23-Apr-2025 23:57:34 Europe/Berlin] Database tables initialized successfully
[23-Apr-2025 23:57:34 Europe/Berlin] Executing SQL: SELECT * FROM users WHERE id = :id
[23-Apr-2025 23:57:34 Europe/Berlin] With params: {":id":12}
[23-Apr-2025 23:57:34 Europe/Berlin] Query executed successfully. Found 1 rows
[23-Apr-2025 23:57:34 Europe/Berlin] User loaded from session: varunpndey
[23-Apr-2025 23:57:34 Europe/Berlin] Header - Session status: 2
[23-Apr-2025 23:57:34 Europe/Berlin] Header - Session data: {"user_id":12,"username":"varunpndey","email":"va@gmail.com","account_type":"admin"}
[23-Apr-2025 23:57:34 Europe/Berlin] Header - After session start - Status: 2
[23-Apr-2025 23:57:34 Europe/Berlin] Header - After session start - Data: {"user_id":12,"username":"varunpndey","email":"va@gmail.com","account_type":"admin"}
[23-Apr-2025 23:57:34 Europe/Berlin] Header - Is logged in: Yes
[23-Apr-2025 23:57:34 Europe/Berlin] Executing SQL: SELECT * FROM news ORDER BY created_at DESC LIMIT 5
[23-Apr-2025 23:57:34 Europe/Berlin] With params: []
[23-Apr-2025 23:57:34 Europe/Berlin] Query executed successfully. Found 2 rows
[23-Apr-2025 23:57:34 Europe/Berlin] Executing SQL: SELECT * FROM matches WHERE status = 'live'
[23-Apr-2025 23:57:34 Europe/Berlin] With params: []
[23-Apr-2025 23:57:34 Europe/Berlin] Query executed successfully. Found 2 rows
[23-Apr-2025 23:57:34 Europe/Berlin] Executing SQL: SELECT COUNT(*) as count FROM favorites 
                    WHERE user_id = :user_id AND match_id = :match_id
[23-Apr-2025 23:57:34 Europe/Berlin] With params: {":user_id":12,":match_id":41}
[23-Apr-2025 23:57:34 Europe/Berlin] Query executed successfully. Found 1 rows
[23-Apr-2025 23:57:34 Europe/Berlin] Executing SQL: SELECT COUNT(*) as count FROM favorites 
                    WHERE user_id = :user_id AND match_id = :match_id
[23-Apr-2025 23:57:34 Europe/Berlin] With params: {":user_id":12,":match_id":42}
[23-Apr-2025 23:57:34 Europe/Berlin] Query executed successfully. Found 1 rows
[23-Apr-2025 23:59:25 Europe/Berlin] Connected to database. Tables found: favorites, feedback, matches, matches_backup, matches_new, news, newsletter, notifications, players, subscriptions, users
[23-Apr-2025 23:59:25 Europe/Berlin] Executing SQL: CREATE TABLE IF NOT EXISTS users (
                id INT AUTO_INCREMENT PRIMARY KEY,
                username VARCHAR(50) NOT NULL UNIQUE,
                password VARCHAR(255) NOT NULL,
                email VARCHAR(100) NOT NULL UNIQUE,
                account_type ENUM('user', 'admin') DEFAULT 'user',
                created_at TIMESTAMP DEFAULT CURRENT_TIMESTAMP
            )
[23-Apr-2025 23:59:25 Europe/Berlin] With params: []
[23-Apr-2025 23:59:25 Europe/Berlin] Query executed successfully. Found 0 rows
[23-Apr-2025 23:59:25 Europe/Berlin] Users table created or already exists
[23-Apr-2025 23:59:25 Europe/Berlin] Users table structure: [{"Field":"id","Type":"int(11)","Null":"NO","Key":"PRI","Default":null,"Extra":"auto_increment"},{"Field":"username","Type":"varchar(50)","Null":"NO","Key":"","Default":null,"Extra":""},{"Field":"email","Type":"varchar(100)","Null":"NO","Key":"UNI","Default":null,"Extra":""},{"Field":"password","Type":"varchar(255)","Null":"NO","Key":"","Default":null,"Extra":""},{"Field":"role","Type":"enum('user','admin')","Null":"YES","Key":"","Default":"user","Extra":""},{"Field":"verification_code","Type":"varchar(100)","Null":"YES","Key":"","Default":null,"Extra":""},{"Field":"is_verified","Type":"tinyint(1)","Null":"YES","Key":"","Default":"0","Extra":""},{"Field":"created_at","Type":"timestamp","Null":"NO","Key":"","Default":"current_timestamp()","Extra":""},{"Field":"favorite_sport","Type":"varchar(50)","Null":"YES","Key":"","Default":null,"Extra":""},{"Field":"favorite_team","Type":"varchar(50)","Null":"YES","Key":"","Default":null,"Extra":""},{"Field":"account_type","Type":"enum('user','admin')","Null":"YES","Key":"","Default":"user","Extra":""}]
[23-Apr-2025 23:59:25 Europe/Berlin] Number of users in database: 13
[23-Apr-2025 23:59:25 Europe/Berlin] All tables initialized successfully
[23-Apr-2025 23:59:25 Europe/Berlin] Connected to database. Tables found: favorites, feedback, matches, matches_backup, matches_new, news, newsletter, notifications, players, subscriptions, users
[23-Apr-2025 23:59:25 Europe/Berlin] Executing SQL: CREATE TABLE IF NOT EXISTS users (
                id INT AUTO_INCREMENT PRIMARY KEY,
                username VARCHAR(50) NOT NULL UNIQUE,
                password VARCHAR(255) NOT NULL,
                email VARCHAR(100) NOT NULL UNIQUE,
                account_type ENUM('user', 'admin') DEFAULT 'user',
                created_at TIMESTAMP DEFAULT CURRENT_TIMESTAMP
            )
[23-Apr-2025 23:59:25 Europe/Berlin] With params: []
[23-Apr-2025 23:59:25 Europe/Berlin] Query executed successfully. Found 0 rows
[23-Apr-2025 23:59:25 Europe/Berlin] Users table created or already exists
[23-Apr-2025 23:59:25 Europe/Berlin] Users table structure: [{"Field":"id","Type":"int(11)","Null":"NO","Key":"PRI","Default":null,"Extra":"auto_increment"},{"Field":"username","Type":"varchar(50)","Null":"NO","Key":"","Default":null,"Extra":""},{"Field":"email","Type":"varchar(100)","Null":"NO","Key":"UNI","Default":null,"Extra":""},{"Field":"password","Type":"varchar(255)","Null":"NO","Key":"","Default":null,"Extra":""},{"Field":"role","Type":"enum('user','admin')","Null":"YES","Key":"","Default":"user","Extra":""},{"Field":"verification_code","Type":"varchar(100)","Null":"YES","Key":"","Default":null,"Extra":""},{"Field":"is_verified","Type":"tinyint(1)","Null":"YES","Key":"","Default":"0","Extra":""},{"Field":"created_at","Type":"timestamp","Null":"NO","Key":"","Default":"current_timestamp()","Extra":""},{"Field":"favorite_sport","Type":"varchar(50)","Null":"YES","Key":"","Default":null,"Extra":""},{"Field":"favorite_team","Type":"varchar(50)","Null":"YES","Key":"","Default":null,"Extra":""},{"Field":"account_type","Type":"enum('user','admin')","Null":"YES","Key":"","Default":"user","Extra":""}]
[23-Apr-2025 23:59:25 Europe/Berlin] Number of users in database: 13
[23-Apr-2025 23:59:25 Europe/Berlin] All tables initialized successfully
[23-Apr-2025 23:59:25 Europe/Berlin] Database tables initialized successfully
[23-Apr-2025 23:59:25 Europe/Berlin] Executing SQL: SELECT * FROM users WHERE id = :id
[23-Apr-2025 23:59:25 Europe/Berlin] With params: {":id":12}
[23-Apr-2025 23:59:25 Europe/Berlin] Query executed successfully. Found 1 rows
[23-Apr-2025 23:59:25 Europe/Berlin] User loaded from session: varunpndey
[23-Apr-2025 23:59:25 Europe/Berlin] Header - Session status: 2
[23-Apr-2025 23:59:25 Europe/Berlin] Header - Session data: {"user_id":12,"username":"varunpndey","email":"va@gmail.com","account_type":"admin"}
[23-Apr-2025 23:59:25 Europe/Berlin] Header - After session start - Status: 2
[23-Apr-2025 23:59:25 Europe/Berlin] Header - After session start - Data: {"user_id":12,"username":"varunpndey","email":"va@gmail.com","account_type":"admin"}
[23-Apr-2025 23:59:25 Europe/Berlin] Header - Is logged in: Yes
[23-Apr-2025 23:59:25 Europe/Berlin] Executing SQL: SELECT * FROM news ORDER BY created_at DESC LIMIT 5
[23-Apr-2025 23:59:25 Europe/Berlin] With params: []
[23-Apr-2025 23:59:25 Europe/Berlin] Query executed successfully. Found 2 rows
[23-Apr-2025 23:59:25 Europe/Berlin] Executing SQL: SELECT * FROM matches WHERE status = 'live'
[23-Apr-2025 23:59:25 Europe/Berlin] With params: []
[23-Apr-2025 23:59:25 Europe/Berlin] Query executed successfully. Found 2 rows
[23-Apr-2025 23:59:25 Europe/Berlin] Executing SQL: SELECT COUNT(*) as count FROM favorites 
                    WHERE user_id = :user_id AND match_id = :match_id
[23-Apr-2025 23:59:25 Europe/Berlin] With params: {":user_id":12,":match_id":41}
[23-Apr-2025 23:59:25 Europe/Berlin] Query executed successfully. Found 1 rows
[23-Apr-2025 23:59:25 Europe/Berlin] Executing SQL: SELECT COUNT(*) as count FROM favorites 
                    WHERE user_id = :user_id AND match_id = :match_id
[23-Apr-2025 23:59:25 Europe/Berlin] With params: {":user_id":12,":match_id":42}
[23-Apr-2025 23:59:25 Europe/Berlin] Query executed successfully. Found 1 rows
[23-Apr-2025 23:59:27 Europe/Berlin] Connected to database. Tables found: favorites, feedback, matches, matches_backup, matches_new, news, newsletter, notifications, players, subscriptions, users
[23-Apr-2025 23:59:27 Europe/Berlin] Executing SQL: CREATE TABLE IF NOT EXISTS users (
                id INT AUTO_INCREMENT PRIMARY KEY,
                username VARCHAR(50) NOT NULL UNIQUE,
                password VARCHAR(255) NOT NULL,
                email VARCHAR(100) NOT NULL UNIQUE,
                account_type ENUM('user', 'admin') DEFAULT 'user',
                created_at TIMESTAMP DEFAULT CURRENT_TIMESTAMP
            )
[23-Apr-2025 23:59:27 Europe/Berlin] With params: []
[23-Apr-2025 23:59:27 Europe/Berlin] Query executed successfully. Found 0 rows
[23-Apr-2025 23:59:27 Europe/Berlin] Users table created or already exists
[23-Apr-2025 23:59:27 Europe/Berlin] Users table structure: [{"Field":"id","Type":"int(11)","Null":"NO","Key":"PRI","Default":null,"Extra":"auto_increment"},{"Field":"username","Type":"varchar(50)","Null":"NO","Key":"","Default":null,"Extra":""},{"Field":"email","Type":"varchar(100)","Null":"NO","Key":"UNI","Default":null,"Extra":""},{"Field":"password","Type":"varchar(255)","Null":"NO","Key":"","Default":null,"Extra":""},{"Field":"role","Type":"enum('user','admin')","Null":"YES","Key":"","Default":"user","Extra":""},{"Field":"verification_code","Type":"varchar(100)","Null":"YES","Key":"","Default":null,"Extra":""},{"Field":"is_verified","Type":"tinyint(1)","Null":"YES","Key":"","Default":"0","Extra":""},{"Field":"created_at","Type":"timestamp","Null":"NO","Key":"","Default":"current_timestamp()","Extra":""},{"Field":"favorite_sport","Type":"varchar(50)","Null":"YES","Key":"","Default":null,"Extra":""},{"Field":"favorite_team","Type":"varchar(50)","Null":"YES","Key":"","Default":null,"Extra":""},{"Field":"account_type","Type":"enum('user','admin')","Null":"YES","Key":"","Default":"user","Extra":""}]
[23-Apr-2025 23:59:27 Europe/Berlin] Number of users in database: 13
[23-Apr-2025 23:59:27 Europe/Berlin] All tables initialized successfully
[23-Apr-2025 23:59:27 Europe/Berlin] API Request received: /sportsync/backend/match.php
[23-Apr-2025 23:59:27 Europe/Berlin] GET parameters: Array
(
)

[23-Apr-2025 23:59:30 Europe/Berlin] Connected to database. Tables found: favorites, feedback, matches, matches_backup, matches_new, news, newsletter, notifications, players, subscriptions, users
[23-Apr-2025 23:59:30 Europe/Berlin] Executing SQL: CREATE TABLE IF NOT EXISTS users (
                id INT AUTO_INCREMENT PRIMARY KEY,
                username VARCHAR(50) NOT NULL UNIQUE,
                password VARCHAR(255) NOT NULL,
                email VARCHAR(100) NOT NULL UNIQUE,
                account_type ENUM('user', 'admin') DEFAULT 'user',
                created_at TIMESTAMP DEFAULT CURRENT_TIMESTAMP
            )
[23-Apr-2025 23:59:30 Europe/Berlin] With params: []
[23-Apr-2025 23:59:30 Europe/Berlin] Query executed successfully. Found 0 rows
[23-Apr-2025 23:59:30 Europe/Berlin] Users table created or already exists
[23-Apr-2025 23:59:30 Europe/Berlin] Users table structure: [{"Field":"id","Type":"int(11)","Null":"NO","Key":"PRI","Default":null,"Extra":"auto_increment"},{"Field":"username","Type":"varchar(50)","Null":"NO","Key":"","Default":null,"Extra":""},{"Field":"email","Type":"varchar(100)","Null":"NO","Key":"UNI","Default":null,"Extra":""},{"Field":"password","Type":"varchar(255)","Null":"NO","Key":"","Default":null,"Extra":""},{"Field":"role","Type":"enum('user','admin')","Null":"YES","Key":"","Default":"user","Extra":""},{"Field":"verification_code","Type":"varchar(100)","Null":"YES","Key":"","Default":null,"Extra":""},{"Field":"is_verified","Type":"tinyint(1)","Null":"YES","Key":"","Default":"0","Extra":""},{"Field":"created_at","Type":"timestamp","Null":"NO","Key":"","Default":"current_timestamp()","Extra":""},{"Field":"favorite_sport","Type":"varchar(50)","Null":"YES","Key":"","Default":null,"Extra":""},{"Field":"favorite_team","Type":"varchar(50)","Null":"YES","Key":"","Default":null,"Extra":""},{"Field":"account_type","Type":"enum('user','admin')","Null":"YES","Key":"","Default":"user","Extra":""}]
[23-Apr-2025 23:59:30 Europe/Berlin] Number of users in database: 13
[23-Apr-2025 23:59:30 Europe/Berlin] All tables initialized successfully
[23-Apr-2025 23:59:30 Europe/Berlin] API Request received: /sportsync/backend/match.php
[23-Apr-2025 23:59:30 Europe/Berlin] GET parameters: Array
(
)

[23-Apr-2025 23:59:33 Europe/Berlin] Connected to database. Tables found: favorites, feedback, matches, matches_backup, matches_new, news, newsletter, notifications, players, subscriptions, users
[23-Apr-2025 23:59:33 Europe/Berlin] Executing SQL: CREATE TABLE IF NOT EXISTS users (
                id INT AUTO_INCREMENT PRIMARY KEY,
                username VARCHAR(50) NOT NULL UNIQUE,
                password VARCHAR(255) NOT NULL,
                email VARCHAR(100) NOT NULL UNIQUE,
                account_type ENUM('user', 'admin') DEFAULT 'user',
                created_at TIMESTAMP DEFAULT CURRENT_TIMESTAMP
            )
[23-Apr-2025 23:59:33 Europe/Berlin] With params: []
[23-Apr-2025 23:59:33 Europe/Berlin] Query executed successfully. Found 0 rows
[23-Apr-2025 23:59:33 Europe/Berlin] Users table created or already exists
[23-Apr-2025 23:59:33 Europe/Berlin] Users table structure: [{"Field":"id","Type":"int(11)","Null":"NO","Key":"PRI","Default":null,"Extra":"auto_increment"},{"Field":"username","Type":"varchar(50)","Null":"NO","Key":"","Default":null,"Extra":""},{"Field":"email","Type":"varchar(100)","Null":"NO","Key":"UNI","Default":null,"Extra":""},{"Field":"password","Type":"varchar(255)","Null":"NO","Key":"","Default":null,"Extra":""},{"Field":"role","Type":"enum('user','admin')","Null":"YES","Key":"","Default":"user","Extra":""},{"Field":"verification_code","Type":"varchar(100)","Null":"YES","Key":"","Default":null,"Extra":""},{"Field":"is_verified","Type":"tinyint(1)","Null":"YES","Key":"","Default":"0","Extra":""},{"Field":"created_at","Type":"timestamp","Null":"NO","Key":"","Default":"current_timestamp()","Extra":""},{"Field":"favorite_sport","Type":"varchar(50)","Null":"YES","Key":"","Default":null,"Extra":""},{"Field":"favorite_team","Type":"varchar(50)","Null":"YES","Key":"","Default":null,"Extra":""},{"Field":"account_type","Type":"enum('user','admin')","Null":"YES","Key":"","Default":"user","Extra":""}]
[23-Apr-2025 23:59:33 Europe/Berlin] Number of users in database: 13
[23-Apr-2025 23:59:33 Europe/Berlin] All tables initialized successfully
[23-Apr-2025 23:59:33 Europe/Berlin] Connected to database. Tables found: favorites, feedback, matches, matches_backup, matches_new, news, newsletter, notifications, players, subscriptions, users
[23-Apr-2025 23:59:33 Europe/Berlin] Executing SQL: CREATE TABLE IF NOT EXISTS users (
                id INT AUTO_INCREMENT PRIMARY KEY,
                username VARCHAR(50) NOT NULL UNIQUE,
                password VARCHAR(255) NOT NULL,
                email VARCHAR(100) NOT NULL UNIQUE,
                account_type ENUM('user', 'admin') DEFAULT 'user',
                created_at TIMESTAMP DEFAULT CURRENT_TIMESTAMP
            )
[23-Apr-2025 23:59:33 Europe/Berlin] With params: []
[23-Apr-2025 23:59:33 Europe/Berlin] Query executed successfully. Found 0 rows
[23-Apr-2025 23:59:33 Europe/Berlin] Users table created or already exists
[23-Apr-2025 23:59:33 Europe/Berlin] Users table structure: [{"Field":"id","Type":"int(11)","Null":"NO","Key":"PRI","Default":null,"Extra":"auto_increment"},{"Field":"username","Type":"varchar(50)","Null":"NO","Key":"","Default":null,"Extra":""},{"Field":"email","Type":"varchar(100)","Null":"NO","Key":"UNI","Default":null,"Extra":""},{"Field":"password","Type":"varchar(255)","Null":"NO","Key":"","Default":null,"Extra":""},{"Field":"role","Type":"enum('user','admin')","Null":"YES","Key":"","Default":"user","Extra":""},{"Field":"verification_code","Type":"varchar(100)","Null":"YES","Key":"","Default":null,"Extra":""},{"Field":"is_verified","Type":"tinyint(1)","Null":"YES","Key":"","Default":"0","Extra":""},{"Field":"created_at","Type":"timestamp","Null":"NO","Key":"","Default":"current_timestamp()","Extra":""},{"Field":"favorite_sport","Type":"varchar(50)","Null":"YES","Key":"","Default":null,"Extra":""},{"Field":"favorite_team","Type":"varchar(50)","Null":"YES","Key":"","Default":null,"Extra":""},{"Field":"account_type","Type":"enum('user','admin')","Null":"YES","Key":"","Default":"user","Extra":""}]
[23-Apr-2025 23:59:33 Europe/Berlin] Number of users in database: 13
[23-Apr-2025 23:59:33 Europe/Berlin] All tables initialized successfully
[23-Apr-2025 23:59:33 Europe/Berlin] Database tables initialized successfully
[23-Apr-2025 23:59:33 Europe/Berlin] Executing SQL: SELECT * FROM users WHERE id = :id
[23-Apr-2025 23:59:33 Europe/Berlin] With params: {":id":12}
[23-Apr-2025 23:59:33 Europe/Berlin] Query executed successfully. Found 1 rows
[23-Apr-2025 23:59:33 Europe/Berlin] User loaded from session: varunpndey
[23-Apr-2025 23:59:33 Europe/Berlin] Header - Session status: 2
[23-Apr-2025 23:59:33 Europe/Berlin] Header - Session data: {"user_id":12,"username":"varunpndey","email":"va@gmail.com","account_type":"admin"}
[23-Apr-2025 23:59:33 Europe/Berlin] Header - After session start - Status: 2
[23-Apr-2025 23:59:33 Europe/Berlin] Header - After session start - Data: {"user_id":12,"username":"varunpndey","email":"va@gmail.com","account_type":"admin"}
[23-Apr-2025 23:59:33 Europe/Berlin] Header - Is logged in: Yes
[23-Apr-2025 23:59:33 Europe/Berlin] Executing SQL: SELECT * FROM matches WHERE sport = :sport ORDER BY match_time DESC
[23-Apr-2025 23:59:33 Europe/Berlin] With params: {":sport":"football"}
[23-Apr-2025 23:59:33 Europe/Berlin] Query executed successfully. Found 1 rows
[23-Apr-2025 23:59:33 Europe/Berlin] Executing SQL: SELECT * FROM matches WHERE sport = :sport AND status = :status
[23-Apr-2025 23:59:33 Europe/Berlin] With params: {":sport":"football",":status":"live"}
[23-Apr-2025 23:59:33 Europe/Berlin] Query executed successfully. Found 1 rows
[23-Apr-2025 23:59:33 Europe/Berlin] Executing SQL: SELECT COUNT(*) as count FROM favorites 
                    WHERE user_id = :user_id AND match_id = :match_id
[23-Apr-2025 23:59:33 Europe/Berlin] With params: {":user_id":12,":match_id":41}
[23-Apr-2025 23:59:33 Europe/Berlin] Query executed successfully. Found 1 rows
[23-Apr-2025 23:59:35 Europe/Berlin] Connected to database. Tables found: favorites, feedback, matches, matches_backup, matches_new, news, newsletter, notifications, players, subscriptions, users
[23-Apr-2025 23:59:35 Europe/Berlin] Executing SQL: CREATE TABLE IF NOT EXISTS users (
                id INT AUTO_INCREMENT PRIMARY KEY,
                username VARCHAR(50) NOT NULL UNIQUE,
                password VARCHAR(255) NOT NULL,
                email VARCHAR(100) NOT NULL UNIQUE,
                account_type ENUM('user', 'admin') DEFAULT 'user',
                created_at TIMESTAMP DEFAULT CURRENT_TIMESTAMP
            )
[23-Apr-2025 23:59:35 Europe/Berlin] With params: []
[23-Apr-2025 23:59:35 Europe/Berlin] Query executed successfully. Found 0 rows
[23-Apr-2025 23:59:35 Europe/Berlin] Users table created or already exists
[23-Apr-2025 23:59:35 Europe/Berlin] Users table structure: [{"Field":"id","Type":"int(11)","Null":"NO","Key":"PRI","Default":null,"Extra":"auto_increment"},{"Field":"username","Type":"varchar(50)","Null":"NO","Key":"","Default":null,"Extra":""},{"Field":"email","Type":"varchar(100)","Null":"NO","Key":"UNI","Default":null,"Extra":""},{"Field":"password","Type":"varchar(255)","Null":"NO","Key":"","Default":null,"Extra":""},{"Field":"role","Type":"enum('user','admin')","Null":"YES","Key":"","Default":"user","Extra":""},{"Field":"verification_code","Type":"varchar(100)","Null":"YES","Key":"","Default":null,"Extra":""},{"Field":"is_verified","Type":"tinyint(1)","Null":"YES","Key":"","Default":"0","Extra":""},{"Field":"created_at","Type":"timestamp","Null":"NO","Key":"","Default":"current_timestamp()","Extra":""},{"Field":"favorite_sport","Type":"varchar(50)","Null":"YES","Key":"","Default":null,"Extra":""},{"Field":"favorite_team","Type":"varchar(50)","Null":"YES","Key":"","Default":null,"Extra":""},{"Field":"account_type","Type":"enum('user','admin')","Null":"YES","Key":"","Default":"user","Extra":""}]
[23-Apr-2025 23:59:35 Europe/Berlin] Number of users in database: 13
[23-Apr-2025 23:59:35 Europe/Berlin] All tables initialized successfully
[23-Apr-2025 23:59:35 Europe/Berlin] API Request received: /sportsync/backend/match.php?_=1745445575639
[23-Apr-2025 23:59:35 Europe/Berlin] GET parameters: Array
(
    [_] => 1745445575639
)

[23-Apr-2025 23:59:40 Europe/Berlin] Connected to database. Tables found: favorites, feedback, matches, matches_backup, matches_new, news, newsletter, notifications, players, subscriptions, users
[23-Apr-2025 23:59:40 Europe/Berlin] Executing SQL: CREATE TABLE IF NOT EXISTS users (
                id INT AUTO_INCREMENT PRIMARY KEY,
                username VARCHAR(50) NOT NULL UNIQUE,
                password VARCHAR(255) NOT NULL,
                email VARCHAR(100) NOT NULL UNIQUE,
                account_type ENUM('user', 'admin') DEFAULT 'user',
                created_at TIMESTAMP DEFAULT CURRENT_TIMESTAMP
            )
[23-Apr-2025 23:59:40 Europe/Berlin] With params: []
[23-Apr-2025 23:59:40 Europe/Berlin] Query executed successfully. Found 0 rows
[23-Apr-2025 23:59:40 Europe/Berlin] Users table created or already exists
[23-Apr-2025 23:59:40 Europe/Berlin] Users table structure: [{"Field":"id","Type":"int(11)","Null":"NO","Key":"PRI","Default":null,"Extra":"auto_increment"},{"Field":"username","Type":"varchar(50)","Null":"NO","Key":"","Default":null,"Extra":""},{"Field":"email","Type":"varchar(100)","Null":"NO","Key":"UNI","Default":null,"Extra":""},{"Field":"password","Type":"varchar(255)","Null":"NO","Key":"","Default":null,"Extra":""},{"Field":"role","Type":"enum('user','admin')","Null":"YES","Key":"","Default":"user","Extra":""},{"Field":"verification_code","Type":"varchar(100)","Null":"YES","Key":"","Default":null,"Extra":""},{"Field":"is_verified","Type":"tinyint(1)","Null":"YES","Key":"","Default":"0","Extra":""},{"Field":"created_at","Type":"timestamp","Null":"NO","Key":"","Default":"current_timestamp()","Extra":""},{"Field":"favorite_sport","Type":"varchar(50)","Null":"YES","Key":"","Default":null,"Extra":""},{"Field":"favorite_team","Type":"varchar(50)","Null":"YES","Key":"","Default":null,"Extra":""},{"Field":"account_type","Type":"enum('user','admin')","Null":"YES","Key":"","Default":"user","Extra":""}]
[23-Apr-2025 23:59:40 Europe/Berlin] Number of users in database: 13
[23-Apr-2025 23:59:40 Europe/Berlin] All tables initialized successfully
[23-Apr-2025 23:59:40 Europe/Berlin] Connected to database. Tables found: favorites, feedback, matches, matches_backup, matches_new, news, newsletter, notifications, players, subscriptions, users
[23-Apr-2025 23:59:40 Europe/Berlin] Executing SQL: CREATE TABLE IF NOT EXISTS users (
                id INT AUTO_INCREMENT PRIMARY KEY,
                username VARCHAR(50) NOT NULL UNIQUE,
                password VARCHAR(255) NOT NULL,
                email VARCHAR(100) NOT NULL UNIQUE,
                account_type ENUM('user', 'admin') DEFAULT 'user',
                created_at TIMESTAMP DEFAULT CURRENT_TIMESTAMP
            )
[23-Apr-2025 23:59:40 Europe/Berlin] With params: []
[23-Apr-2025 23:59:40 Europe/Berlin] Query executed successfully. Found 0 rows
[23-Apr-2025 23:59:40 Europe/Berlin] Users table created or already exists
[23-Apr-2025 23:59:40 Europe/Berlin] Users table structure: [{"Field":"id","Type":"int(11)","Null":"NO","Key":"PRI","Default":null,"Extra":"auto_increment"},{"Field":"username","Type":"varchar(50)","Null":"NO","Key":"","Default":null,"Extra":""},{"Field":"email","Type":"varchar(100)","Null":"NO","Key":"UNI","Default":null,"Extra":""},{"Field":"password","Type":"varchar(255)","Null":"NO","Key":"","Default":null,"Extra":""},{"Field":"role","Type":"enum('user','admin')","Null":"YES","Key":"","Default":"user","Extra":""},{"Field":"verification_code","Type":"varchar(100)","Null":"YES","Key":"","Default":null,"Extra":""},{"Field":"is_verified","Type":"tinyint(1)","Null":"YES","Key":"","Default":"0","Extra":""},{"Field":"created_at","Type":"timestamp","Null":"NO","Key":"","Default":"current_timestamp()","Extra":""},{"Field":"favorite_sport","Type":"varchar(50)","Null":"YES","Key":"","Default":null,"Extra":""},{"Field":"favorite_team","Type":"varchar(50)","Null":"YES","Key":"","Default":null,"Extra":""},{"Field":"account_type","Type":"enum('user','admin')","Null":"YES","Key":"","Default":"user","Extra":""}]
[23-Apr-2025 23:59:40 Europe/Berlin] Number of users in database: 13
[23-Apr-2025 23:59:40 Europe/Berlin] All tables initialized successfully
[23-Apr-2025 23:59:40 Europe/Berlin] Database tables initialized successfully
[23-Apr-2025 23:59:40 Europe/Berlin] Executing SQL: SELECT * FROM users WHERE id = :id
[23-Apr-2025 23:59:40 Europe/Berlin] With params: {":id":12}
[23-Apr-2025 23:59:40 Europe/Berlin] Query executed successfully. Found 1 rows
[23-Apr-2025 23:59:40 Europe/Berlin] User loaded from session: varunpndey
[23-Apr-2025 23:59:40 Europe/Berlin] Header - Session status: 2
[23-Apr-2025 23:59:40 Europe/Berlin] Header - Session data: {"user_id":12,"username":"varunpndey","email":"va@gmail.com","account_type":"admin"}
[23-Apr-2025 23:59:40 Europe/Berlin] Header - After session start - Status: 2
[23-Apr-2025 23:59:40 Europe/Berlin] Header - After session start - Data: {"user_id":12,"username":"varunpndey","email":"va@gmail.com","account_type":"admin"}
[23-Apr-2025 23:59:40 Europe/Berlin] Header - Is logged in: Yes
[23-Apr-2025 23:59:40 Europe/Berlin] Executing SQL: SELECT * FROM matches WHERE sport = :sport ORDER BY match_time DESC
[23-Apr-2025 23:59:40 Europe/Berlin] With params: {":sport":"cricket"}
[23-Apr-2025 23:59:40 Europe/Berlin] Query executed successfully. Found 2 rows
[23-Apr-2025 23:59:40 Europe/Berlin] Executing SQL: SELECT * FROM matches WHERE sport = :sport AND status = :status
[23-Apr-2025 23:59:40 Europe/Berlin] With params: {":sport":"cricket",":status":"live"}
[23-Apr-2025 23:59:40 Europe/Berlin] Query executed successfully. Found 1 rows
[23-Apr-2025 23:59:40 Europe/Berlin] Executing SQL: SELECT COUNT(*) as count FROM favorites 
                    WHERE user_id = :user_id AND match_id = :match_id
[23-Apr-2025 23:59:40 Europe/Berlin] With params: {":user_id":12,":match_id":38}
[23-Apr-2025 23:59:40 Europe/Berlin] Query executed successfully. Found 1 rows
[23-Apr-2025 23:59:40 Europe/Berlin] Executing SQL: SELECT COUNT(*) as count FROM favorites 
                    WHERE user_id = :user_id AND match_id = :match_id
[23-Apr-2025 23:59:40 Europe/Berlin] With params: {":user_id":12,":match_id":42}
[23-Apr-2025 23:59:40 Europe/Berlin] Query executed successfully. Found 1 rows
[23-Apr-2025 23:59:42 Europe/Berlin] Connected to database. Tables found: favorites, feedback, matches, matches_backup, matches_new, news, newsletter, notifications, players, subscriptions, users
[23-Apr-2025 23:59:42 Europe/Berlin] Executing SQL: CREATE TABLE IF NOT EXISTS users (
                id INT AUTO_INCREMENT PRIMARY KEY,
                username VARCHAR(50) NOT NULL UNIQUE,
                password VARCHAR(255) NOT NULL,
                email VARCHAR(100) NOT NULL UNIQUE,
                account_type ENUM('user', 'admin') DEFAULT 'user',
                created_at TIMESTAMP DEFAULT CURRENT_TIMESTAMP
            )
[23-Apr-2025 23:59:42 Europe/Berlin] With params: []
[23-Apr-2025 23:59:42 Europe/Berlin] Query executed successfully. Found 0 rows
[23-Apr-2025 23:59:42 Europe/Berlin] Users table created or already exists
[23-Apr-2025 23:59:42 Europe/Berlin] Users table structure: [{"Field":"id","Type":"int(11)","Null":"NO","Key":"PRI","Default":null,"Extra":"auto_increment"},{"Field":"username","Type":"varchar(50)","Null":"NO","Key":"","Default":null,"Extra":""},{"Field":"email","Type":"varchar(100)","Null":"NO","Key":"UNI","Default":null,"Extra":""},{"Field":"password","Type":"varchar(255)","Null":"NO","Key":"","Default":null,"Extra":""},{"Field":"role","Type":"enum('user','admin')","Null":"YES","Key":"","Default":"user","Extra":""},{"Field":"verification_code","Type":"varchar(100)","Null":"YES","Key":"","Default":null,"Extra":""},{"Field":"is_verified","Type":"tinyint(1)","Null":"YES","Key":"","Default":"0","Extra":""},{"Field":"created_at","Type":"timestamp","Null":"NO","Key":"","Default":"current_timestamp()","Extra":""},{"Field":"favorite_sport","Type":"varchar(50)","Null":"YES","Key":"","Default":null,"Extra":""},{"Field":"favorite_team","Type":"varchar(50)","Null":"YES","Key":"","Default":null,"Extra":""},{"Field":"account_type","Type":"enum('user','admin')","Null":"YES","Key":"","Default":"user","Extra":""}]
[23-Apr-2025 23:59:42 Europe/Berlin] Number of users in database: 13
[23-Apr-2025 23:59:42 Europe/Berlin] All tables initialized successfully
[23-Apr-2025 23:59:42 Europe/Berlin] API Request received: /sportsync/backend/match.php?_=1745445582473
[23-Apr-2025 23:59:42 Europe/Berlin] GET parameters: Array
(
    [_] => 1745445582473
)

[24-Apr-2025 00:00:13 Europe/Berlin] Connected to database. Tables found: favorites, feedback, matches, matches_backup, matches_new, news, newsletter, notifications, players, subscriptions, users
[24-Apr-2025 00:00:13 Europe/Berlin] Executing SQL: CREATE TABLE IF NOT EXISTS users (
                id INT AUTO_INCREMENT PRIMARY KEY,
                username VARCHAR(50) NOT NULL UNIQUE,
                password VARCHAR(255) NOT NULL,
                email VARCHAR(100) NOT NULL UNIQUE,
                account_type ENUM('user', 'admin') DEFAULT 'user',
                created_at TIMESTAMP DEFAULT CURRENT_TIMESTAMP
            )
[24-Apr-2025 00:00:13 Europe/Berlin] With params: []
[24-Apr-2025 00:00:13 Europe/Berlin] Query executed successfully. Found 0 rows
[24-Apr-2025 00:00:13 Europe/Berlin] Users table created or already exists
[24-Apr-2025 00:00:13 Europe/Berlin] Users table structure: [{"Field":"id","Type":"int(11)","Null":"NO","Key":"PRI","Default":null,"Extra":"auto_increment"},{"Field":"username","Type":"varchar(50)","Null":"NO","Key":"","Default":null,"Extra":""},{"Field":"email","Type":"varchar(100)","Null":"NO","Key":"UNI","Default":null,"Extra":""},{"Field":"password","Type":"varchar(255)","Null":"NO","Key":"","Default":null,"Extra":""},{"Field":"role","Type":"enum('user','admin')","Null":"YES","Key":"","Default":"user","Extra":""},{"Field":"verification_code","Type":"varchar(100)","Null":"YES","Key":"","Default":null,"Extra":""},{"Field":"is_verified","Type":"tinyint(1)","Null":"YES","Key":"","Default":"0","Extra":""},{"Field":"created_at","Type":"timestamp","Null":"NO","Key":"","Default":"current_timestamp()","Extra":""},{"Field":"favorite_sport","Type":"varchar(50)","Null":"YES","Key":"","Default":null,"Extra":""},{"Field":"favorite_team","Type":"varchar(50)","Null":"YES","Key":"","Default":null,"Extra":""},{"Field":"account_type","Type":"enum('user','admin')","Null":"YES","Key":"","Default":"user","Extra":""}]
[24-Apr-2025 00:00:13 Europe/Berlin] Number of users in database: 13
[24-Apr-2025 00:00:13 Europe/Berlin] All tables initialized successfully
[24-Apr-2025 00:00:13 Europe/Berlin] API Request received: /sportsync/backend/match.php?action=fetch_matches&sport=cricket&all=true
[24-Apr-2025 00:00:13 Europe/Berlin] GET parameters: Array
(
    [action] => fetch_matches
    [sport] => cricket
    [all] => true
)

[24-Apr-2025 00:00:13 Europe/Berlin] Executing SQL: SELECT * FROM matches WHERE sport = :sport ORDER BY match_time DESC
[24-Apr-2025 00:00:13 Europe/Berlin] With params: {":sport":"cricket"}
[24-Apr-2025 00:00:13 Europe/Berlin] Query executed successfully. Found 2 rows
[24-Apr-2025 00:00:41 Europe/Berlin] Connected to database. Tables found: favorites, feedback, matches, matches_backup, matches_new, news, newsletter, notifications, players, subscriptions, users
[24-Apr-2025 00:00:41 Europe/Berlin] Executing SQL: CREATE TABLE IF NOT EXISTS users (
                id INT AUTO_INCREMENT PRIMARY KEY,
                username VARCHAR(50) NOT NULL UNIQUE,
                password VARCHAR(255) NOT NULL,
                email VARCHAR(100) NOT NULL UNIQUE,
                account_type ENUM('user', 'admin') DEFAULT 'user',
                created_at TIMESTAMP DEFAULT CURRENT_TIMESTAMP
            )
[24-Apr-2025 00:00:41 Europe/Berlin] With params: []
[24-Apr-2025 00:00:41 Europe/Berlin] Query executed successfully. Found 0 rows
[24-Apr-2025 00:00:41 Europe/Berlin] Users table created or already exists
[24-Apr-2025 00:00:41 Europe/Berlin] Users table structure: [{"Field":"id","Type":"int(11)","Null":"NO","Key":"PRI","Default":null,"Extra":"auto_increment"},{"Field":"username","Type":"varchar(50)","Null":"NO","Key":"","Default":null,"Extra":""},{"Field":"email","Type":"varchar(100)","Null":"NO","Key":"UNI","Default":null,"Extra":""},{"Field":"password","Type":"varchar(255)","Null":"NO","Key":"","Default":null,"Extra":""},{"Field":"role","Type":"enum('user','admin')","Null":"YES","Key":"","Default":"user","Extra":""},{"Field":"verification_code","Type":"varchar(100)","Null":"YES","Key":"","Default":null,"Extra":""},{"Field":"is_verified","Type":"tinyint(1)","Null":"YES","Key":"","Default":"0","Extra":""},{"Field":"created_at","Type":"timestamp","Null":"NO","Key":"","Default":"current_timestamp()","Extra":""},{"Field":"favorite_sport","Type":"varchar(50)","Null":"YES","Key":"","Default":null,"Extra":""},{"Field":"favorite_team","Type":"varchar(50)","Null":"YES","Key":"","Default":null,"Extra":""},{"Field":"account_type","Type":"enum('user','admin')","Null":"YES","Key":"","Default":"user","Extra":""}]
[24-Apr-2025 00:00:41 Europe/Berlin] Number of users in database: 13
[24-Apr-2025 00:00:41 Europe/Berlin] All tables initialized successfully
[24-Apr-2025 00:00:41 Europe/Berlin] API Request received: /sportsync/backend/match.php?action=fetch_matches&sport=cricket&all=true
[24-Apr-2025 00:00:41 Europe/Berlin] GET parameters: Array
(
    [action] => fetch_matches
    [sport] => cricket
    [all] => true
)

[24-Apr-2025 00:00:41 Europe/Berlin] Executing SQL: SELECT * FROM matches WHERE sport = :sport ORDER BY match_time DESC
[24-Apr-2025 00:00:41 Europe/Berlin] With params: {":sport":"cricket"}
[24-Apr-2025 00:00:41 Europe/Berlin] Query executed successfully. Found 2 rows
[24-Apr-2025 00:01:11 Europe/Berlin] Connected to database. Tables found: favorites, feedback, matches, matches_backup, matches_new, news, newsletter, notifications, players, subscriptions, users
[24-Apr-2025 00:01:11 Europe/Berlin] Executing SQL: CREATE TABLE IF NOT EXISTS users (
                id INT AUTO_INCREMENT PRIMARY KEY,
                username VARCHAR(50) NOT NULL UNIQUE,
                password VARCHAR(255) NOT NULL,
                email VARCHAR(100) NOT NULL UNIQUE,
                account_type ENUM('user', 'admin') DEFAULT 'user',
                created_at TIMESTAMP DEFAULT CURRENT_TIMESTAMP
            )
[24-Apr-2025 00:01:11 Europe/Berlin] With params: []
[24-Apr-2025 00:01:11 Europe/Berlin] Query executed successfully. Found 0 rows
[24-Apr-2025 00:01:11 Europe/Berlin] Users table created or already exists
[24-Apr-2025 00:01:11 Europe/Berlin] Users table structure: [{"Field":"id","Type":"int(11)","Null":"NO","Key":"PRI","Default":null,"Extra":"auto_increment"},{"Field":"username","Type":"varchar(50)","Null":"NO","Key":"","Default":null,"Extra":""},{"Field":"email","Type":"varchar(100)","Null":"NO","Key":"UNI","Default":null,"Extra":""},{"Field":"password","Type":"varchar(255)","Null":"NO","Key":"","Default":null,"Extra":""},{"Field":"role","Type":"enum('user','admin')","Null":"YES","Key":"","Default":"user","Extra":""},{"Field":"verification_code","Type":"varchar(100)","Null":"YES","Key":"","Default":null,"Extra":""},{"Field":"is_verified","Type":"tinyint(1)","Null":"YES","Key":"","Default":"0","Extra":""},{"Field":"created_at","Type":"timestamp","Null":"NO","Key":"","Default":"current_timestamp()","Extra":""},{"Field":"favorite_sport","Type":"varchar(50)","Null":"YES","Key":"","Default":null,"Extra":""},{"Field":"favorite_team","Type":"varchar(50)","Null":"YES","Key":"","Default":null,"Extra":""},{"Field":"account_type","Type":"enum('user','admin')","Null":"YES","Key":"","Default":"user","Extra":""}]
[24-Apr-2025 00:01:11 Europe/Berlin] Number of users in database: 13
[24-Apr-2025 00:01:11 Europe/Berlin] All tables initialized successfully
[24-Apr-2025 00:01:11 Europe/Berlin] API Request received: /sportsync/backend/match.php?action=fetch_matches&sport=cricket&all=true
[24-Apr-2025 00:01:11 Europe/Berlin] GET parameters: Array
(
    [action] => fetch_matches
    [sport] => cricket
    [all] => true
)

[24-Apr-2025 00:01:11 Europe/Berlin] Executing SQL: SELECT * FROM matches WHERE sport = :sport ORDER BY match_time DESC
[24-Apr-2025 00:01:11 Europe/Berlin] With params: {":sport":"cricket"}
[24-Apr-2025 00:01:11 Europe/Berlin] Query executed successfully. Found 2 rows
[24-Apr-2025 00:01:41 Europe/Berlin] Connected to database. Tables found: favorites, feedback, matches, matches_backup, matches_new, news, newsletter, notifications, players, subscriptions, users
[24-Apr-2025 00:01:41 Europe/Berlin] Executing SQL: CREATE TABLE IF NOT EXISTS users (
                id INT AUTO_INCREMENT PRIMARY KEY,
                username VARCHAR(50) NOT NULL UNIQUE,
                password VARCHAR(255) NOT NULL,
                email VARCHAR(100) NOT NULL UNIQUE,
                account_type ENUM('user', 'admin') DEFAULT 'user',
                created_at TIMESTAMP DEFAULT CURRENT_TIMESTAMP
            )
[24-Apr-2025 00:01:41 Europe/Berlin] With params: []
[24-Apr-2025 00:01:41 Europe/Berlin] Query executed successfully. Found 0 rows
[24-Apr-2025 00:01:41 Europe/Berlin] Users table created or already exists
[24-Apr-2025 00:01:41 Europe/Berlin] Users table structure: [{"Field":"id","Type":"int(11)","Null":"NO","Key":"PRI","Default":null,"Extra":"auto_increment"},{"Field":"username","Type":"varchar(50)","Null":"NO","Key":"","Default":null,"Extra":""},{"Field":"email","Type":"varchar(100)","Null":"NO","Key":"UNI","Default":null,"Extra":""},{"Field":"password","Type":"varchar(255)","Null":"NO","Key":"","Default":null,"Extra":""},{"Field":"role","Type":"enum('user','admin')","Null":"YES","Key":"","Default":"user","Extra":""},{"Field":"verification_code","Type":"varchar(100)","Null":"YES","Key":"","Default":null,"Extra":""},{"Field":"is_verified","Type":"tinyint(1)","Null":"YES","Key":"","Default":"0","Extra":""},{"Field":"created_at","Type":"timestamp","Null":"NO","Key":"","Default":"current_timestamp()","Extra":""},{"Field":"favorite_sport","Type":"varchar(50)","Null":"YES","Key":"","Default":null,"Extra":""},{"Field":"favorite_team","Type":"varchar(50)","Null":"YES","Key":"","Default":null,"Extra":""},{"Field":"account_type","Type":"enum('user','admin')","Null":"YES","Key":"","Default":"user","Extra":""}]
[24-Apr-2025 00:01:41 Europe/Berlin] Number of users in database: 13
[24-Apr-2025 00:01:41 Europe/Berlin] All tables initialized successfully
[24-Apr-2025 00:01:41 Europe/Berlin] API Request received: /sportsync/backend/match.php?action=fetch_matches&sport=cricket&all=true
[24-Apr-2025 00:01:41 Europe/Berlin] GET parameters: Array
(
    [action] => fetch_matches
    [sport] => cricket
    [all] => true
)

[24-Apr-2025 00:01:41 Europe/Berlin] Executing SQL: SELECT * FROM matches WHERE sport = :sport ORDER BY match_time DESC
[24-Apr-2025 00:01:41 Europe/Berlin] With params: {":sport":"cricket"}
[24-Apr-2025 00:01:41 Europe/Berlin] Query executed successfully. Found 2 rows
[24-Apr-2025 00:02:11 Europe/Berlin] Connected to database. Tables found: favorites, feedback, matches, matches_backup, matches_new, news, newsletter, notifications, players, subscriptions, users
[24-Apr-2025 00:02:11 Europe/Berlin] Executing SQL: CREATE TABLE IF NOT EXISTS users (
                id INT AUTO_INCREMENT PRIMARY KEY,
                username VARCHAR(50) NOT NULL UNIQUE,
                password VARCHAR(255) NOT NULL,
                email VARCHAR(100) NOT NULL UNIQUE,
                account_type ENUM('user', 'admin') DEFAULT 'user',
                created_at TIMESTAMP DEFAULT CURRENT_TIMESTAMP
            )
[24-Apr-2025 00:02:11 Europe/Berlin] With params: []
[24-Apr-2025 00:02:11 Europe/Berlin] Query executed successfully. Found 0 rows
[24-Apr-2025 00:02:11 Europe/Berlin] Users table created or already exists
[24-Apr-2025 00:02:11 Europe/Berlin] Users table structure: [{"Field":"id","Type":"int(11)","Null":"NO","Key":"PRI","Default":null,"Extra":"auto_increment"},{"Field":"username","Type":"varchar(50)","Null":"NO","Key":"","Default":null,"Extra":""},{"Field":"email","Type":"varchar(100)","Null":"NO","Key":"UNI","Default":null,"Extra":""},{"Field":"password","Type":"varchar(255)","Null":"NO","Key":"","Default":null,"Extra":""},{"Field":"role","Type":"enum('user','admin')","Null":"YES","Key":"","Default":"user","Extra":""},{"Field":"verification_code","Type":"varchar(100)","Null":"YES","Key":"","Default":null,"Extra":""},{"Field":"is_verified","Type":"tinyint(1)","Null":"YES","Key":"","Default":"0","Extra":""},{"Field":"created_at","Type":"timestamp","Null":"NO","Key":"","Default":"current_timestamp()","Extra":""},{"Field":"favorite_sport","Type":"varchar(50)","Null":"YES","Key":"","Default":null,"Extra":""},{"Field":"favorite_team","Type":"varchar(50)","Null":"YES","Key":"","Default":null,"Extra":""},{"Field":"account_type","Type":"enum('user','admin')","Null":"YES","Key":"","Default":"user","Extra":""}]
[24-Apr-2025 00:02:11 Europe/Berlin] Number of users in database: 13
[24-Apr-2025 00:02:11 Europe/Berlin] All tables initialized successfully
[24-Apr-2025 00:02:11 Europe/Berlin] API Request received: /sportsync/backend/match.php?action=fetch_matches&sport=cricket&all=true
[24-Apr-2025 00:02:11 Europe/Berlin] GET parameters: Array
(
    [action] => fetch_matches
    [sport] => cricket
    [all] => true
)

[24-Apr-2025 00:02:11 Europe/Berlin] Executing SQL: SELECT * FROM matches WHERE sport = :sport ORDER BY match_time DESC
[24-Apr-2025 00:02:11 Europe/Berlin] With params: {":sport":"cricket"}
[24-Apr-2025 00:02:11 Europe/Berlin] Query executed successfully. Found 2 rows
[24-Apr-2025 00:02:16 Europe/Berlin] Connected to database. Tables found: favorites, feedback, matches, matches_backup, matches_new, news, newsletter, notifications, players, subscriptions, users
[24-Apr-2025 00:02:16 Europe/Berlin] Executing SQL: CREATE TABLE IF NOT EXISTS users (
                id INT AUTO_INCREMENT PRIMARY KEY,
                username VARCHAR(50) NOT NULL UNIQUE,
                password VARCHAR(255) NOT NULL,
                email VARCHAR(100) NOT NULL UNIQUE,
                account_type ENUM('user', 'admin') DEFAULT 'user',
                created_at TIMESTAMP DEFAULT CURRENT_TIMESTAMP
            )
[24-Apr-2025 00:02:16 Europe/Berlin] With params: []
[24-Apr-2025 00:02:16 Europe/Berlin] Query executed successfully. Found 0 rows
[24-Apr-2025 00:02:16 Europe/Berlin] Users table created or already exists
[24-Apr-2025 00:02:16 Europe/Berlin] Users table structure: [{"Field":"id","Type":"int(11)","Null":"NO","Key":"PRI","Default":null,"Extra":"auto_increment"},{"Field":"username","Type":"varchar(50)","Null":"NO","Key":"","Default":null,"Extra":""},{"Field":"email","Type":"varchar(100)","Null":"NO","Key":"UNI","Default":null,"Extra":""},{"Field":"password","Type":"varchar(255)","Null":"NO","Key":"","Default":null,"Extra":""},{"Field":"role","Type":"enum('user','admin')","Null":"YES","Key":"","Default":"user","Extra":""},{"Field":"verification_code","Type":"varchar(100)","Null":"YES","Key":"","Default":null,"Extra":""},{"Field":"is_verified","Type":"tinyint(1)","Null":"YES","Key":"","Default":"0","Extra":""},{"Field":"created_at","Type":"timestamp","Null":"NO","Key":"","Default":"current_timestamp()","Extra":""},{"Field":"favorite_sport","Type":"varchar(50)","Null":"YES","Key":"","Default":null,"Extra":""},{"Field":"favorite_team","Type":"varchar(50)","Null":"YES","Key":"","Default":null,"Extra":""},{"Field":"account_type","Type":"enum('user','admin')","Null":"YES","Key":"","Default":"user","Extra":""}]
[24-Apr-2025 00:02:16 Europe/Berlin] Number of users in database: 13
[24-Apr-2025 00:02:16 Europe/Berlin] All tables initialized successfully
[24-Apr-2025 00:02:16 Europe/Berlin] Connected to database. Tables found: favorites, feedback, matches, matches_backup, matches_new, news, newsletter, notifications, players, subscriptions, users
[24-Apr-2025 00:02:16 Europe/Berlin] Executing SQL: CREATE TABLE IF NOT EXISTS users (
                id INT AUTO_INCREMENT PRIMARY KEY,
                username VARCHAR(50) NOT NULL UNIQUE,
                password VARCHAR(255) NOT NULL,
                email VARCHAR(100) NOT NULL UNIQUE,
                account_type ENUM('user', 'admin') DEFAULT 'user',
                created_at TIMESTAMP DEFAULT CURRENT_TIMESTAMP
            )
[24-Apr-2025 00:02:16 Europe/Berlin] With params: []
[24-Apr-2025 00:02:16 Europe/Berlin] Query executed successfully. Found 0 rows
[24-Apr-2025 00:02:16 Europe/Berlin] Users table created or already exists
[24-Apr-2025 00:02:16 Europe/Berlin] Users table structure: [{"Field":"id","Type":"int(11)","Null":"NO","Key":"PRI","Default":null,"Extra":"auto_increment"},{"Field":"username","Type":"varchar(50)","Null":"NO","Key":"","Default":null,"Extra":""},{"Field":"email","Type":"varchar(100)","Null":"NO","Key":"UNI","Default":null,"Extra":""},{"Field":"password","Type":"varchar(255)","Null":"NO","Key":"","Default":null,"Extra":""},{"Field":"role","Type":"enum('user','admin')","Null":"YES","Key":"","Default":"user","Extra":""},{"Field":"verification_code","Type":"varchar(100)","Null":"YES","Key":"","Default":null,"Extra":""},{"Field":"is_verified","Type":"tinyint(1)","Null":"YES","Key":"","Default":"0","Extra":""},{"Field":"created_at","Type":"timestamp","Null":"NO","Key":"","Default":"current_timestamp()","Extra":""},{"Field":"favorite_sport","Type":"varchar(50)","Null":"YES","Key":"","Default":null,"Extra":""},{"Field":"favorite_team","Type":"varchar(50)","Null":"YES","Key":"","Default":null,"Extra":""},{"Field":"account_type","Type":"enum('user','admin')","Null":"YES","Key":"","Default":"user","Extra":""}]
[24-Apr-2025 00:02:16 Europe/Berlin] Number of users in database: 13
[24-Apr-2025 00:02:16 Europe/Berlin] All tables initialized successfully
[24-Apr-2025 00:02:16 Europe/Berlin] Database tables initialized successfully
[24-Apr-2025 00:02:16 Europe/Berlin] Executing SQL: SELECT * FROM users WHERE id = :id
[24-Apr-2025 00:02:16 Europe/Berlin] With params: {":id":12}
[24-Apr-2025 00:02:16 Europe/Berlin] Query executed successfully. Found 1 rows
[24-Apr-2025 00:02:16 Europe/Berlin] User loaded from session: varunpndey
[24-Apr-2025 00:02:16 Europe/Berlin] Header - Session status: 2
[24-Apr-2025 00:02:16 Europe/Berlin] Header - Session data: {"user_id":12,"username":"varunpndey","email":"va@gmail.com","account_type":"admin"}
[24-Apr-2025 00:02:16 Europe/Berlin] Header - After session start - Status: 2
[24-Apr-2025 00:02:16 Europe/Berlin] Header - After session start - Data: {"user_id":12,"username":"varunpndey","email":"va@gmail.com","account_type":"admin"}
[24-Apr-2025 00:02:16 Europe/Berlin] Header - Is logged in: Yes
[24-Apr-2025 00:02:16 Europe/Berlin] Executing SQL: SELECT * FROM matches WHERE sport = :sport ORDER BY match_time DESC
[24-Apr-2025 00:02:16 Europe/Berlin] With params: {":sport":"cricket"}
[24-Apr-2025 00:02:16 Europe/Berlin] Query executed successfully. Found 2 rows
[24-Apr-2025 00:02:16 Europe/Berlin] Executing SQL: SELECT * FROM matches WHERE sport = :sport AND status = :status
[24-Apr-2025 00:02:16 Europe/Berlin] With params: {":sport":"cricket",":status":"live"}
[24-Apr-2025 00:02:16 Europe/Berlin] Query executed successfully. Found 1 rows
[24-Apr-2025 00:02:16 Europe/Berlin] Executing SQL: SELECT COUNT(*) as count FROM favorites 
                    WHERE user_id = :user_id AND match_id = :match_id
[24-Apr-2025 00:02:16 Europe/Berlin] With params: {":user_id":12,":match_id":38}
[24-Apr-2025 00:02:16 Europe/Berlin] Query executed successfully. Found 1 rows
[24-Apr-2025 00:02:16 Europe/Berlin] Executing SQL: SELECT COUNT(*) as count FROM favorites 
                    WHERE user_id = :user_id AND match_id = :match_id
[24-Apr-2025 00:02:16 Europe/Berlin] With params: {":user_id":12,":match_id":42}
[24-Apr-2025 00:02:16 Europe/Berlin] Query executed successfully. Found 1 rows
[24-Apr-2025 00:02:18 Europe/Berlin] Connected to database. Tables found: favorites, feedback, matches, matches_backup, matches_new, news, newsletter, notifications, players, subscriptions, users
[24-Apr-2025 00:02:18 Europe/Berlin] Executing SQL: CREATE TABLE IF NOT EXISTS users (
                id INT AUTO_INCREMENT PRIMARY KEY,
                username VARCHAR(50) NOT NULL UNIQUE,
                password VARCHAR(255) NOT NULL,
                email VARCHAR(100) NOT NULL UNIQUE,
                account_type ENUM('user', 'admin') DEFAULT 'user',
                created_at TIMESTAMP DEFAULT CURRENT_TIMESTAMP
            )
[24-Apr-2025 00:02:18 Europe/Berlin] With params: []
[24-Apr-2025 00:02:18 Europe/Berlin] Query executed successfully. Found 0 rows
[24-Apr-2025 00:02:18 Europe/Berlin] Users table created or already exists
[24-Apr-2025 00:02:18 Europe/Berlin] Users table structure: [{"Field":"id","Type":"int(11)","Null":"NO","Key":"PRI","Default":null,"Extra":"auto_increment"},{"Field":"username","Type":"varchar(50)","Null":"NO","Key":"","Default":null,"Extra":""},{"Field":"email","Type":"varchar(100)","Null":"NO","Key":"UNI","Default":null,"Extra":""},{"Field":"password","Type":"varchar(255)","Null":"NO","Key":"","Default":null,"Extra":""},{"Field":"role","Type":"enum('user','admin')","Null":"YES","Key":"","Default":"user","Extra":""},{"Field":"verification_code","Type":"varchar(100)","Null":"YES","Key":"","Default":null,"Extra":""},{"Field":"is_verified","Type":"tinyint(1)","Null":"YES","Key":"","Default":"0","Extra":""},{"Field":"created_at","Type":"timestamp","Null":"NO","Key":"","Default":"current_timestamp()","Extra":""},{"Field":"favorite_sport","Type":"varchar(50)","Null":"YES","Key":"","Default":null,"Extra":""},{"Field":"favorite_team","Type":"varchar(50)","Null":"YES","Key":"","Default":null,"Extra":""},{"Field":"account_type","Type":"enum('user','admin')","Null":"YES","Key":"","Default":"user","Extra":""}]
[24-Apr-2025 00:02:19 Europe/Berlin] Number of users in database: 13
[24-Apr-2025 00:02:19 Europe/Berlin] All tables initialized successfully
[24-Apr-2025 00:02:19 Europe/Berlin] API Request received: /sportsync/backend/match.php?_=1745445738983
[24-Apr-2025 00:02:19 Europe/Berlin] GET parameters: Array
(
    [_] => 1745445738983
)

[24-Apr-2025 00:02:48 Europe/Berlin] Connected to database. Tables found: favorites, feedback, matches, matches_backup, matches_new, news, newsletter, notifications, players, subscriptions, users
[24-Apr-2025 00:02:48 Europe/Berlin] Executing SQL: CREATE TABLE IF NOT EXISTS users (
                id INT AUTO_INCREMENT PRIMARY KEY,
                username VARCHAR(50) NOT NULL UNIQUE,
                password VARCHAR(255) NOT NULL,
                email VARCHAR(100) NOT NULL UNIQUE,
                account_type ENUM('user', 'admin') DEFAULT 'user',
                created_at TIMESTAMP DEFAULT CURRENT_TIMESTAMP
            )
[24-Apr-2025 00:02:48 Europe/Berlin] With params: []
[24-Apr-2025 00:02:48 Europe/Berlin] Query executed successfully. Found 0 rows
[24-Apr-2025 00:02:48 Europe/Berlin] Users table created or already exists
[24-Apr-2025 00:02:48 Europe/Berlin] Users table structure: [{"Field":"id","Type":"int(11)","Null":"NO","Key":"PRI","Default":null,"Extra":"auto_increment"},{"Field":"username","Type":"varchar(50)","Null":"NO","Key":"","Default":null,"Extra":""},{"Field":"email","Type":"varchar(100)","Null":"NO","Key":"UNI","Default":null,"Extra":""},{"Field":"password","Type":"varchar(255)","Null":"NO","Key":"","Default":null,"Extra":""},{"Field":"role","Type":"enum('user','admin')","Null":"YES","Key":"","Default":"user","Extra":""},{"Field":"verification_code","Type":"varchar(100)","Null":"YES","Key":"","Default":null,"Extra":""},{"Field":"is_verified","Type":"tinyint(1)","Null":"YES","Key":"","Default":"0","Extra":""},{"Field":"created_at","Type":"timestamp","Null":"NO","Key":"","Default":"current_timestamp()","Extra":""},{"Field":"favorite_sport","Type":"varchar(50)","Null":"YES","Key":"","Default":null,"Extra":""},{"Field":"favorite_team","Type":"varchar(50)","Null":"YES","Key":"","Default":null,"Extra":""},{"Field":"account_type","Type":"enum('user','admin')","Null":"YES","Key":"","Default":"user","Extra":""}]
[24-Apr-2025 00:02:48 Europe/Berlin] Number of users in database: 13
[24-Apr-2025 00:02:48 Europe/Berlin] All tables initialized successfully
[24-Apr-2025 00:02:48 Europe/Berlin] API Request received: /sportsync/backend/match.php?action=fetch_matches&sport=cricket&all=true
[24-Apr-2025 00:02:48 Europe/Berlin] GET parameters: Array
(
    [action] => fetch_matches
    [sport] => cricket
    [all] => true
)

[24-Apr-2025 00:02:48 Europe/Berlin] Executing SQL: SELECT * FROM matches WHERE sport = :sport ORDER BY match_time DESC
[24-Apr-2025 00:02:48 Europe/Berlin] With params: {":sport":"cricket"}
[24-Apr-2025 00:02:48 Europe/Berlin] Query executed successfully. Found 2 rows
[24-Apr-2025 00:03:18 Europe/Berlin] Connected to database. Tables found: favorites, feedback, matches, matches_backup, matches_new, news, newsletter, notifications, players, subscriptions, users
[24-Apr-2025 00:03:18 Europe/Berlin] Executing SQL: CREATE TABLE IF NOT EXISTS users (
                id INT AUTO_INCREMENT PRIMARY KEY,
                username VARCHAR(50) NOT NULL UNIQUE,
                password VARCHAR(255) NOT NULL,
                email VARCHAR(100) NOT NULL UNIQUE,
                account_type ENUM('user', 'admin') DEFAULT 'user',
                created_at TIMESTAMP DEFAULT CURRENT_TIMESTAMP
            )
[24-Apr-2025 00:03:18 Europe/Berlin] With params: []
[24-Apr-2025 00:03:18 Europe/Berlin] Query executed successfully. Found 0 rows
[24-Apr-2025 00:03:18 Europe/Berlin] Users table created or already exists
[24-Apr-2025 00:03:18 Europe/Berlin] Users table structure: [{"Field":"id","Type":"int(11)","Null":"NO","Key":"PRI","Default":null,"Extra":"auto_increment"},{"Field":"username","Type":"varchar(50)","Null":"NO","Key":"","Default":null,"Extra":""},{"Field":"email","Type":"varchar(100)","Null":"NO","Key":"UNI","Default":null,"Extra":""},{"Field":"password","Type":"varchar(255)","Null":"NO","Key":"","Default":null,"Extra":""},{"Field":"role","Type":"enum('user','admin')","Null":"YES","Key":"","Default":"user","Extra":""},{"Field":"verification_code","Type":"varchar(100)","Null":"YES","Key":"","Default":null,"Extra":""},{"Field":"is_verified","Type":"tinyint(1)","Null":"YES","Key":"","Default":"0","Extra":""},{"Field":"created_at","Type":"timestamp","Null":"NO","Key":"","Default":"current_timestamp()","Extra":""},{"Field":"favorite_sport","Type":"varchar(50)","Null":"YES","Key":"","Default":null,"Extra":""},{"Field":"favorite_team","Type":"varchar(50)","Null":"YES","Key":"","Default":null,"Extra":""},{"Field":"account_type","Type":"enum('user','admin')","Null":"YES","Key":"","Default":"user","Extra":""}]
[24-Apr-2025 00:03:18 Europe/Berlin] Number of users in database: 13
[24-Apr-2025 00:03:18 Europe/Berlin] All tables initialized successfully
[24-Apr-2025 00:03:18 Europe/Berlin] API Request received: /sportsync/backend/match.php?action=fetch_matches&sport=cricket&all=true
[24-Apr-2025 00:03:18 Europe/Berlin] GET parameters: Array
(
    [action] => fetch_matches
    [sport] => cricket
    [all] => true
)

[24-Apr-2025 00:03:18 Europe/Berlin] Executing SQL: SELECT * FROM matches WHERE sport = :sport ORDER BY match_time DESC
[24-Apr-2025 00:03:18 Europe/Berlin] With params: {":sport":"cricket"}
[24-Apr-2025 00:03:18 Europe/Berlin] Query executed successfully. Found 2 rows
[24-Apr-2025 00:03:39 Europe/Berlin] Connected to database. Tables found: favorites, feedback, matches, matches_backup, matches_new, news, newsletter, notifications, players, subscriptions, users
[24-Apr-2025 00:03:39 Europe/Berlin] Executing SQL: CREATE TABLE IF NOT EXISTS users (
                id INT AUTO_INCREMENT PRIMARY KEY,
                username VARCHAR(50) NOT NULL UNIQUE,
                password VARCHAR(255) NOT NULL,
                email VARCHAR(100) NOT NULL UNIQUE,
                account_type ENUM('user', 'admin') DEFAULT 'user',
                created_at TIMESTAMP DEFAULT CURRENT_TIMESTAMP
            )
[24-Apr-2025 00:03:39 Europe/Berlin] With params: []
[24-Apr-2025 00:03:39 Europe/Berlin] Query executed successfully. Found 0 rows
[24-Apr-2025 00:03:39 Europe/Berlin] Users table created or already exists
[24-Apr-2025 00:03:39 Europe/Berlin] Users table structure: [{"Field":"id","Type":"int(11)","Null":"NO","Key":"PRI","Default":null,"Extra":"auto_increment"},{"Field":"username","Type":"varchar(50)","Null":"NO","Key":"","Default":null,"Extra":""},{"Field":"email","Type":"varchar(100)","Null":"NO","Key":"UNI","Default":null,"Extra":""},{"Field":"password","Type":"varchar(255)","Null":"NO","Key":"","Default":null,"Extra":""},{"Field":"role","Type":"enum('user','admin')","Null":"YES","Key":"","Default":"user","Extra":""},{"Field":"verification_code","Type":"varchar(100)","Null":"YES","Key":"","Default":null,"Extra":""},{"Field":"is_verified","Type":"tinyint(1)","Null":"YES","Key":"","Default":"0","Extra":""},{"Field":"created_at","Type":"timestamp","Null":"NO","Key":"","Default":"current_timestamp()","Extra":""},{"Field":"favorite_sport","Type":"varchar(50)","Null":"YES","Key":"","Default":null,"Extra":""},{"Field":"favorite_team","Type":"varchar(50)","Null":"YES","Key":"","Default":null,"Extra":""},{"Field":"account_type","Type":"enum('user','admin')","Null":"YES","Key":"","Default":"user","Extra":""}]
[24-Apr-2025 00:03:39 Europe/Berlin] Number of users in database: 13
[24-Apr-2025 00:03:39 Europe/Berlin] All tables initialized successfully
[24-Apr-2025 00:03:39 Europe/Berlin] Connected to database. Tables found: favorites, feedback, matches, matches_backup, matches_new, news, newsletter, notifications, players, subscriptions, users
[24-Apr-2025 00:03:39 Europe/Berlin] Executing SQL: CREATE TABLE IF NOT EXISTS users (
                id INT AUTO_INCREMENT PRIMARY KEY,
                username VARCHAR(50) NOT NULL UNIQUE,
                password VARCHAR(255) NOT NULL,
                email VARCHAR(100) NOT NULL UNIQUE,
                account_type ENUM('user', 'admin') DEFAULT 'user',
                created_at TIMESTAMP DEFAULT CURRENT_TIMESTAMP
            )
[24-Apr-2025 00:03:39 Europe/Berlin] With params: []
[24-Apr-2025 00:03:39 Europe/Berlin] Query executed successfully. Found 0 rows
[24-Apr-2025 00:03:39 Europe/Berlin] Users table created or already exists
[24-Apr-2025 00:03:39 Europe/Berlin] Users table structure: [{"Field":"id","Type":"int(11)","Null":"NO","Key":"PRI","Default":null,"Extra":"auto_increment"},{"Field":"username","Type":"varchar(50)","Null":"NO","Key":"","Default":null,"Extra":""},{"Field":"email","Type":"varchar(100)","Null":"NO","Key":"UNI","Default":null,"Extra":""},{"Field":"password","Type":"varchar(255)","Null":"NO","Key":"","Default":null,"Extra":""},{"Field":"role","Type":"enum('user','admin')","Null":"YES","Key":"","Default":"user","Extra":""},{"Field":"verification_code","Type":"varchar(100)","Null":"YES","Key":"","Default":null,"Extra":""},{"Field":"is_verified","Type":"tinyint(1)","Null":"YES","Key":"","Default":"0","Extra":""},{"Field":"created_at","Type":"timestamp","Null":"NO","Key":"","Default":"current_timestamp()","Extra":""},{"Field":"favorite_sport","Type":"varchar(50)","Null":"YES","Key":"","Default":null,"Extra":""},{"Field":"favorite_team","Type":"varchar(50)","Null":"YES","Key":"","Default":null,"Extra":""},{"Field":"account_type","Type":"enum('user','admin')","Null":"YES","Key":"","Default":"user","Extra":""}]
[24-Apr-2025 00:03:39 Europe/Berlin] Number of users in database: 13
[24-Apr-2025 00:03:39 Europe/Berlin] All tables initialized successfully
[24-Apr-2025 00:03:39 Europe/Berlin] Database tables initialized successfully
[24-Apr-2025 00:03:39 Europe/Berlin] Executing SQL: SELECT * FROM users WHERE id = :id
[24-Apr-2025 00:03:39 Europe/Berlin] With params: {":id":12}
[24-Apr-2025 00:03:39 Europe/Berlin] Query executed successfully. Found 1 rows
[24-Apr-2025 00:03:39 Europe/Berlin] User loaded from session: varunpndey
[24-Apr-2025 00:03:39 Europe/Berlin] Header - Session status: 2
[24-Apr-2025 00:03:39 Europe/Berlin] Header - Session data: {"user_id":12,"username":"varunpndey","email":"va@gmail.com","account_type":"admin"}
[24-Apr-2025 00:03:39 Europe/Berlin] Header - After session start - Status: 2
[24-Apr-2025 00:03:39 Europe/Berlin] Header - After session start - Data: {"user_id":12,"username":"varunpndey","email":"va@gmail.com","account_type":"admin"}
[24-Apr-2025 00:03:39 Europe/Berlin] Header - Is logged in: Yes
[24-Apr-2025 00:03:39 Europe/Berlin] Executing SQL: SELECT * FROM news ORDER BY created_at DESC LIMIT 5
[24-Apr-2025 00:03:39 Europe/Berlin] With params: []
[24-Apr-2025 00:03:39 Europe/Berlin] Query executed successfully. Found 2 rows
[24-Apr-2025 00:03:39 Europe/Berlin] Executing SQL: SELECT * FROM matches WHERE status = 'live'
[24-Apr-2025 00:03:39 Europe/Berlin] With params: []
[24-Apr-2025 00:03:39 Europe/Berlin] Query executed successfully. Found 2 rows
[24-Apr-2025 00:03:39 Europe/Berlin] Executing SQL: SELECT COUNT(*) as count FROM favorites 
                    WHERE user_id = :user_id AND match_id = :match_id
[24-Apr-2025 00:03:39 Europe/Berlin] With params: {":user_id":12,":match_id":41}
[24-Apr-2025 00:03:39 Europe/Berlin] Query executed successfully. Found 1 rows
[24-Apr-2025 00:03:39 Europe/Berlin] Executing SQL: SELECT COUNT(*) as count FROM favorites 
                    WHERE user_id = :user_id AND match_id = :match_id
[24-Apr-2025 00:03:39 Europe/Berlin] With params: {":user_id":12,":match_id":42}
[24-Apr-2025 00:03:39 Europe/Berlin] Query executed successfully. Found 1 rows
[24-Apr-2025 00:03:42 Europe/Berlin] Connected to database. Tables found: favorites, feedback, matches, matches_backup, matches_new, news, newsletter, notifications, players, subscriptions, users
[24-Apr-2025 00:03:42 Europe/Berlin] Executing SQL: CREATE TABLE IF NOT EXISTS users (
                id INT AUTO_INCREMENT PRIMARY KEY,
                username VARCHAR(50) NOT NULL UNIQUE,
                password VARCHAR(255) NOT NULL,
                email VARCHAR(100) NOT NULL UNIQUE,
                account_type ENUM('user', 'admin') DEFAULT 'user',
                created_at TIMESTAMP DEFAULT CURRENT_TIMESTAMP
            )
[24-Apr-2025 00:03:42 Europe/Berlin] With params: []
[24-Apr-2025 00:03:42 Europe/Berlin] Query executed successfully. Found 0 rows
[24-Apr-2025 00:03:42 Europe/Berlin] Users table created or already exists
[24-Apr-2025 00:03:42 Europe/Berlin] Users table structure: [{"Field":"id","Type":"int(11)","Null":"NO","Key":"PRI","Default":null,"Extra":"auto_increment"},{"Field":"username","Type":"varchar(50)","Null":"NO","Key":"","Default":null,"Extra":""},{"Field":"email","Type":"varchar(100)","Null":"NO","Key":"UNI","Default":null,"Extra":""},{"Field":"password","Type":"varchar(255)","Null":"NO","Key":"","Default":null,"Extra":""},{"Field":"role","Type":"enum('user','admin')","Null":"YES","Key":"","Default":"user","Extra":""},{"Field":"verification_code","Type":"varchar(100)","Null":"YES","Key":"","Default":null,"Extra":""},{"Field":"is_verified","Type":"tinyint(1)","Null":"YES","Key":"","Default":"0","Extra":""},{"Field":"created_at","Type":"timestamp","Null":"NO","Key":"","Default":"current_timestamp()","Extra":""},{"Field":"favorite_sport","Type":"varchar(50)","Null":"YES","Key":"","Default":null,"Extra":""},{"Field":"favorite_team","Type":"varchar(50)","Null":"YES","Key":"","Default":null,"Extra":""},{"Field":"account_type","Type":"enum('user','admin')","Null":"YES","Key":"","Default":"user","Extra":""}]
[24-Apr-2025 00:03:42 Europe/Berlin] Number of users in database: 13
[24-Apr-2025 00:03:42 Europe/Berlin] All tables initialized successfully
[24-Apr-2025 00:03:42 Europe/Berlin] API Request received: /sportsync/backend/match.php
[24-Apr-2025 00:03:42 Europe/Berlin] GET parameters: Array
(
)

[24-Apr-2025 00:03:45 Europe/Berlin] Connected to database. Tables found: favorites, feedback, matches, matches_backup, matches_new, news, newsletter, notifications, players, subscriptions, users
[24-Apr-2025 00:03:45 Europe/Berlin] Executing SQL: CREATE TABLE IF NOT EXISTS users (
                id INT AUTO_INCREMENT PRIMARY KEY,
                username VARCHAR(50) NOT NULL UNIQUE,
                password VARCHAR(255) NOT NULL,
                email VARCHAR(100) NOT NULL UNIQUE,
                account_type ENUM('user', 'admin') DEFAULT 'user',
                created_at TIMESTAMP DEFAULT CURRENT_TIMESTAMP
            )
[24-Apr-2025 00:03:45 Europe/Berlin] With params: []
[24-Apr-2025 00:03:45 Europe/Berlin] Query executed successfully. Found 0 rows
[24-Apr-2025 00:03:45 Europe/Berlin] Users table created or already exists
[24-Apr-2025 00:03:45 Europe/Berlin] Users table structure: [{"Field":"id","Type":"int(11)","Null":"NO","Key":"PRI","Default":null,"Extra":"auto_increment"},{"Field":"username","Type":"varchar(50)","Null":"NO","Key":"","Default":null,"Extra":""},{"Field":"email","Type":"varchar(100)","Null":"NO","Key":"UNI","Default":null,"Extra":""},{"Field":"password","Type":"varchar(255)","Null":"NO","Key":"","Default":null,"Extra":""},{"Field":"role","Type":"enum('user','admin')","Null":"YES","Key":"","Default":"user","Extra":""},{"Field":"verification_code","Type":"varchar(100)","Null":"YES","Key":"","Default":null,"Extra":""},{"Field":"is_verified","Type":"tinyint(1)","Null":"YES","Key":"","Default":"0","Extra":""},{"Field":"created_at","Type":"timestamp","Null":"NO","Key":"","Default":"current_timestamp()","Extra":""},{"Field":"favorite_sport","Type":"varchar(50)","Null":"YES","Key":"","Default":null,"Extra":""},{"Field":"favorite_team","Type":"varchar(50)","Null":"YES","Key":"","Default":null,"Extra":""},{"Field":"account_type","Type":"enum('user','admin')","Null":"YES","Key":"","Default":"user","Extra":""}]
[24-Apr-2025 00:03:45 Europe/Berlin] Number of users in database: 13
[24-Apr-2025 00:03:45 Europe/Berlin] All tables initialized successfully
[24-Apr-2025 00:03:45 Europe/Berlin] API Request received: /sportsync/backend/match.php
[24-Apr-2025 00:03:45 Europe/Berlin] GET parameters: Array
(
)

[24-Apr-2025 00:03:48 Europe/Berlin] Connected to database. Tables found: favorites, feedback, matches, matches_backup, matches_new, news, newsletter, notifications, players, subscriptions, users
[24-Apr-2025 00:03:48 Europe/Berlin] Executing SQL: CREATE TABLE IF NOT EXISTS users (
                id INT AUTO_INCREMENT PRIMARY KEY,
                username VARCHAR(50) NOT NULL UNIQUE,
                password VARCHAR(255) NOT NULL,
                email VARCHAR(100) NOT NULL UNIQUE,
                account_type ENUM('user', 'admin') DEFAULT 'user',
                created_at TIMESTAMP DEFAULT CURRENT_TIMESTAMP
            )
[24-Apr-2025 00:03:48 Europe/Berlin] With params: []
[24-Apr-2025 00:03:48 Europe/Berlin] Query executed successfully. Found 0 rows
[24-Apr-2025 00:03:48 Europe/Berlin] Users table created or already exists
[24-Apr-2025 00:03:48 Europe/Berlin] Users table structure: [{"Field":"id","Type":"int(11)","Null":"NO","Key":"PRI","Default":null,"Extra":"auto_increment"},{"Field":"username","Type":"varchar(50)","Null":"NO","Key":"","Default":null,"Extra":""},{"Field":"email","Type":"varchar(100)","Null":"NO","Key":"UNI","Default":null,"Extra":""},{"Field":"password","Type":"varchar(255)","Null":"NO","Key":"","Default":null,"Extra":""},{"Field":"role","Type":"enum('user','admin')","Null":"YES","Key":"","Default":"user","Extra":""},{"Field":"verification_code","Type":"varchar(100)","Null":"YES","Key":"","Default":null,"Extra":""},{"Field":"is_verified","Type":"tinyint(1)","Null":"YES","Key":"","Default":"0","Extra":""},{"Field":"created_at","Type":"timestamp","Null":"NO","Key":"","Default":"current_timestamp()","Extra":""},{"Field":"favorite_sport","Type":"varchar(50)","Null":"YES","Key":"","Default":null,"Extra":""},{"Field":"favorite_team","Type":"varchar(50)","Null":"YES","Key":"","Default":null,"Extra":""},{"Field":"account_type","Type":"enum('user','admin')","Null":"YES","Key":"","Default":"user","Extra":""}]
[24-Apr-2025 00:03:48 Europe/Berlin] Number of users in database: 13
[24-Apr-2025 00:03:48 Europe/Berlin] All tables initialized successfully
[24-Apr-2025 00:03:48 Europe/Berlin] Connected to database. Tables found: favorites, feedback, matches, matches_backup, matches_new, news, newsletter, notifications, players, subscriptions, users
[24-Apr-2025 00:03:48 Europe/Berlin] Executing SQL: CREATE TABLE IF NOT EXISTS users (
                id INT AUTO_INCREMENT PRIMARY KEY,
                username VARCHAR(50) NOT NULL UNIQUE,
                password VARCHAR(255) NOT NULL,
                email VARCHAR(100) NOT NULL UNIQUE,
                account_type ENUM('user', 'admin') DEFAULT 'user',
                created_at TIMESTAMP DEFAULT CURRENT_TIMESTAMP
            )
[24-Apr-2025 00:03:48 Europe/Berlin] With params: []
[24-Apr-2025 00:03:48 Europe/Berlin] Query executed successfully. Found 0 rows
[24-Apr-2025 00:03:48 Europe/Berlin] Users table created or already exists
[24-Apr-2025 00:03:48 Europe/Berlin] Users table structure: [{"Field":"id","Type":"int(11)","Null":"NO","Key":"PRI","Default":null,"Extra":"auto_increment"},{"Field":"username","Type":"varchar(50)","Null":"NO","Key":"","Default":null,"Extra":""},{"Field":"email","Type":"varchar(100)","Null":"NO","Key":"UNI","Default":null,"Extra":""},{"Field":"password","Type":"varchar(255)","Null":"NO","Key":"","Default":null,"Extra":""},{"Field":"role","Type":"enum('user','admin')","Null":"YES","Key":"","Default":"user","Extra":""},{"Field":"verification_code","Type":"varchar(100)","Null":"YES","Key":"","Default":null,"Extra":""},{"Field":"is_verified","Type":"tinyint(1)","Null":"YES","Key":"","Default":"0","Extra":""},{"Field":"created_at","Type":"timestamp","Null":"NO","Key":"","Default":"current_timestamp()","Extra":""},{"Field":"favorite_sport","Type":"varchar(50)","Null":"YES","Key":"","Default":null,"Extra":""},{"Field":"favorite_team","Type":"varchar(50)","Null":"YES","Key":"","Default":null,"Extra":""},{"Field":"account_type","Type":"enum('user','admin')","Null":"YES","Key":"","Default":"user","Extra":""}]
[24-Apr-2025 00:03:48 Europe/Berlin] Number of users in database: 13
[24-Apr-2025 00:03:48 Europe/Berlin] All tables initialized successfully
[24-Apr-2025 00:03:48 Europe/Berlin] Database tables initialized successfully
[24-Apr-2025 00:03:48 Europe/Berlin] Executing SQL: SELECT * FROM users WHERE id = :id
[24-Apr-2025 00:03:48 Europe/Berlin] With params: {":id":12}
[24-Apr-2025 00:03:48 Europe/Berlin] Query executed successfully. Found 1 rows
[24-Apr-2025 00:03:48 Europe/Berlin] User loaded from session: varunpndey
[24-Apr-2025 00:03:48 Europe/Berlin] Header - Session status: 2
[24-Apr-2025 00:03:48 Europe/Berlin] Header - Session data: {"user_id":12,"username":"varunpndey","email":"va@gmail.com","account_type":"admin"}
[24-Apr-2025 00:03:48 Europe/Berlin] Header - After session start - Status: 2
[24-Apr-2025 00:03:48 Europe/Berlin] Header - After session start - Data: {"user_id":12,"username":"varunpndey","email":"va@gmail.com","account_type":"admin"}
[24-Apr-2025 00:03:48 Europe/Berlin] Header - Is logged in: Yes
[24-Apr-2025 00:03:48 Europe/Berlin] Executing SQL: SELECT * FROM matches WHERE sport = :sport ORDER BY match_time DESC
[24-Apr-2025 00:03:48 Europe/Berlin] With params: {":sport":"football"}
[24-Apr-2025 00:03:48 Europe/Berlin] Query executed successfully. Found 1 rows
[24-Apr-2025 00:03:48 Europe/Berlin] Executing SQL: SELECT * FROM matches WHERE sport = :sport AND status = :status
[24-Apr-2025 00:03:48 Europe/Berlin] With params: {":sport":"football",":status":"live"}
[24-Apr-2025 00:03:48 Europe/Berlin] Query executed successfully. Found 1 rows
[24-Apr-2025 00:03:48 Europe/Berlin] Executing SQL: SELECT COUNT(*) as count FROM favorites 
                    WHERE user_id = :user_id AND match_id = :match_id
[24-Apr-2025 00:03:48 Europe/Berlin] With params: {":user_id":12,":match_id":41}
[24-Apr-2025 00:03:48 Europe/Berlin] Query executed successfully. Found 1 rows
[24-Apr-2025 00:03:49 Europe/Berlin] Connected to database. Tables found: favorites, feedback, matches, matches_backup, matches_new, news, newsletter, notifications, players, subscriptions, users
[24-Apr-2025 00:03:49 Europe/Berlin] Executing SQL: CREATE TABLE IF NOT EXISTS users (
                id INT AUTO_INCREMENT PRIMARY KEY,
                username VARCHAR(50) NOT NULL UNIQUE,
                password VARCHAR(255) NOT NULL,
                email VARCHAR(100) NOT NULL UNIQUE,
                account_type ENUM('user', 'admin') DEFAULT 'user',
                created_at TIMESTAMP DEFAULT CURRENT_TIMESTAMP
            )
[24-Apr-2025 00:03:49 Europe/Berlin] With params: []
[24-Apr-2025 00:03:49 Europe/Berlin] Query executed successfully. Found 0 rows
[24-Apr-2025 00:03:49 Europe/Berlin] Users table created or already exists
[24-Apr-2025 00:03:49 Europe/Berlin] Users table structure: [{"Field":"id","Type":"int(11)","Null":"NO","Key":"PRI","Default":null,"Extra":"auto_increment"},{"Field":"username","Type":"varchar(50)","Null":"NO","Key":"","Default":null,"Extra":""},{"Field":"email","Type":"varchar(100)","Null":"NO","Key":"UNI","Default":null,"Extra":""},{"Field":"password","Type":"varchar(255)","Null":"NO","Key":"","Default":null,"Extra":""},{"Field":"role","Type":"enum('user','admin')","Null":"YES","Key":"","Default":"user","Extra":""},{"Field":"verification_code","Type":"varchar(100)","Null":"YES","Key":"","Default":null,"Extra":""},{"Field":"is_verified","Type":"tinyint(1)","Null":"YES","Key":"","Default":"0","Extra":""},{"Field":"created_at","Type":"timestamp","Null":"NO","Key":"","Default":"current_timestamp()","Extra":""},{"Field":"favorite_sport","Type":"varchar(50)","Null":"YES","Key":"","Default":null,"Extra":""},{"Field":"favorite_team","Type":"varchar(50)","Null":"YES","Key":"","Default":null,"Extra":""},{"Field":"account_type","Type":"enum('user','admin')","Null":"YES","Key":"","Default":"user","Extra":""}]
[24-Apr-2025 00:03:49 Europe/Berlin] Number of users in database: 13
[24-Apr-2025 00:03:49 Europe/Berlin] All tables initialized successfully
[24-Apr-2025 00:03:49 Europe/Berlin] Connected to database. Tables found: favorites, feedback, matches, matches_backup, matches_new, news, newsletter, notifications, players, subscriptions, users
[24-Apr-2025 00:03:49 Europe/Berlin] Executing SQL: CREATE TABLE IF NOT EXISTS users (
                id INT AUTO_INCREMENT PRIMARY KEY,
                username VARCHAR(50) NOT NULL UNIQUE,
                password VARCHAR(255) NOT NULL,
                email VARCHAR(100) NOT NULL UNIQUE,
                account_type ENUM('user', 'admin') DEFAULT 'user',
                created_at TIMESTAMP DEFAULT CURRENT_TIMESTAMP
            )
[24-Apr-2025 00:03:49 Europe/Berlin] With params: []
[24-Apr-2025 00:03:49 Europe/Berlin] Query executed successfully. Found 0 rows
[24-Apr-2025 00:03:49 Europe/Berlin] Users table created or already exists
[24-Apr-2025 00:03:49 Europe/Berlin] Users table structure: [{"Field":"id","Type":"int(11)","Null":"NO","Key":"PRI","Default":null,"Extra":"auto_increment"},{"Field":"username","Type":"varchar(50)","Null":"NO","Key":"","Default":null,"Extra":""},{"Field":"email","Type":"varchar(100)","Null":"NO","Key":"UNI","Default":null,"Extra":""},{"Field":"password","Type":"varchar(255)","Null":"NO","Key":"","Default":null,"Extra":""},{"Field":"role","Type":"enum('user','admin')","Null":"YES","Key":"","Default":"user","Extra":""},{"Field":"verification_code","Type":"varchar(100)","Null":"YES","Key":"","Default":null,"Extra":""},{"Field":"is_verified","Type":"tinyint(1)","Null":"YES","Key":"","Default":"0","Extra":""},{"Field":"created_at","Type":"timestamp","Null":"NO","Key":"","Default":"current_timestamp()","Extra":""},{"Field":"favorite_sport","Type":"varchar(50)","Null":"YES","Key":"","Default":null,"Extra":""},{"Field":"favorite_team","Type":"varchar(50)","Null":"YES","Key":"","Default":null,"Extra":""},{"Field":"account_type","Type":"enum('user','admin')","Null":"YES","Key":"","Default":"user","Extra":""}]
[24-Apr-2025 00:03:49 Europe/Berlin] Number of users in database: 13
[24-Apr-2025 00:03:49 Europe/Berlin] All tables initialized successfully
[24-Apr-2025 00:03:49 Europe/Berlin] Database tables initialized successfully
[24-Apr-2025 00:03:49 Europe/Berlin] Executing SQL: SELECT * FROM users WHERE id = :id
[24-Apr-2025 00:03:49 Europe/Berlin] With params: {":id":12}
[24-Apr-2025 00:03:49 Europe/Berlin] Query executed successfully. Found 1 rows
[24-Apr-2025 00:03:49 Europe/Berlin] User loaded from session: varunpndey
[24-Apr-2025 00:03:49 Europe/Berlin] Header - Session status: 2
[24-Apr-2025 00:03:49 Europe/Berlin] Header - Session data: {"user_id":12,"username":"varunpndey","email":"va@gmail.com","account_type":"admin"}
[24-Apr-2025 00:03:49 Europe/Berlin] Header - After session start - Status: 2
[24-Apr-2025 00:03:49 Europe/Berlin] Header - After session start - Data: {"user_id":12,"username":"varunpndey","email":"va@gmail.com","account_type":"admin"}
[24-Apr-2025 00:03:49 Europe/Berlin] Header - Is logged in: Yes
[24-Apr-2025 00:03:49 Europe/Berlin] Executing SQL: SELECT * FROM matches WHERE sport = :sport ORDER BY match_time DESC
[24-Apr-2025 00:03:49 Europe/Berlin] With params: {":sport":"cricket"}
[24-Apr-2025 00:03:49 Europe/Berlin] Query executed successfully. Found 2 rows
[24-Apr-2025 00:03:49 Europe/Berlin] Executing SQL: SELECT * FROM matches WHERE sport = :sport AND status = :status
[24-Apr-2025 00:03:49 Europe/Berlin] With params: {":sport":"cricket",":status":"live"}
[24-Apr-2025 00:03:49 Europe/Berlin] Query executed successfully. Found 1 rows
[24-Apr-2025 00:03:49 Europe/Berlin] Executing SQL: SELECT COUNT(*) as count FROM favorites 
                    WHERE user_id = :user_id AND match_id = :match_id
[24-Apr-2025 00:03:49 Europe/Berlin] With params: {":user_id":12,":match_id":38}
[24-Apr-2025 00:03:49 Europe/Berlin] Query executed successfully. Found 1 rows
[24-Apr-2025 00:03:49 Europe/Berlin] Executing SQL: SELECT COUNT(*) as count FROM favorites 
                    WHERE user_id = :user_id AND match_id = :match_id
[24-Apr-2025 00:03:49 Europe/Berlin] With params: {":user_id":12,":match_id":42}
[24-Apr-2025 00:03:49 Europe/Berlin] Query executed successfully. Found 1 rows
[24-Apr-2025 00:03:53 Europe/Berlin] Connected to database. Tables found: favorites, feedback, matches, matches_backup, matches_new, news, newsletter, notifications, players, subscriptions, users
[24-Apr-2025 00:03:53 Europe/Berlin] Executing SQL: CREATE TABLE IF NOT EXISTS users (
                id INT AUTO_INCREMENT PRIMARY KEY,
                username VARCHAR(50) NOT NULL UNIQUE,
                password VARCHAR(255) NOT NULL,
                email VARCHAR(100) NOT NULL UNIQUE,
                account_type ENUM('user', 'admin') DEFAULT 'user',
                created_at TIMESTAMP DEFAULT CURRENT_TIMESTAMP
            )
[24-Apr-2025 00:03:53 Europe/Berlin] With params: []
[24-Apr-2025 00:03:53 Europe/Berlin] Query executed successfully. Found 0 rows
[24-Apr-2025 00:03:53 Europe/Berlin] Users table created or already exists
[24-Apr-2025 00:03:53 Europe/Berlin] Users table structure: [{"Field":"id","Type":"int(11)","Null":"NO","Key":"PRI","Default":null,"Extra":"auto_increment"},{"Field":"username","Type":"varchar(50)","Null":"NO","Key":"","Default":null,"Extra":""},{"Field":"email","Type":"varchar(100)","Null":"NO","Key":"UNI","Default":null,"Extra":""},{"Field":"password","Type":"varchar(255)","Null":"NO","Key":"","Default":null,"Extra":""},{"Field":"role","Type":"enum('user','admin')","Null":"YES","Key":"","Default":"user","Extra":""},{"Field":"verification_code","Type":"varchar(100)","Null":"YES","Key":"","Default":null,"Extra":""},{"Field":"is_verified","Type":"tinyint(1)","Null":"YES","Key":"","Default":"0","Extra":""},{"Field":"created_at","Type":"timestamp","Null":"NO","Key":"","Default":"current_timestamp()","Extra":""},{"Field":"favorite_sport","Type":"varchar(50)","Null":"YES","Key":"","Default":null,"Extra":""},{"Field":"favorite_team","Type":"varchar(50)","Null":"YES","Key":"","Default":null,"Extra":""},{"Field":"account_type","Type":"enum('user','admin')","Null":"YES","Key":"","Default":"user","Extra":""}]
[24-Apr-2025 00:03:53 Europe/Berlin] Number of users in database: 13
[24-Apr-2025 00:03:53 Europe/Berlin] All tables initialized successfully
[24-Apr-2025 00:03:53 Europe/Berlin] Connected to database. Tables found: favorites, feedback, matches, matches_backup, matches_new, news, newsletter, notifications, players, subscriptions, users
[24-Apr-2025 00:03:53 Europe/Berlin] Executing SQL: CREATE TABLE IF NOT EXISTS users (
                id INT AUTO_INCREMENT PRIMARY KEY,
                username VARCHAR(50) NOT NULL UNIQUE,
                password VARCHAR(255) NOT NULL,
                email VARCHAR(100) NOT NULL UNIQUE,
                account_type ENUM('user', 'admin') DEFAULT 'user',
                created_at TIMESTAMP DEFAULT CURRENT_TIMESTAMP
            )
[24-Apr-2025 00:03:53 Europe/Berlin] With params: []
[24-Apr-2025 00:03:53 Europe/Berlin] Query executed successfully. Found 0 rows
[24-Apr-2025 00:03:53 Europe/Berlin] Users table created or already exists
[24-Apr-2025 00:03:53 Europe/Berlin] Users table structure: [{"Field":"id","Type":"int(11)","Null":"NO","Key":"PRI","Default":null,"Extra":"auto_increment"},{"Field":"username","Type":"varchar(50)","Null":"NO","Key":"","Default":null,"Extra":""},{"Field":"email","Type":"varchar(100)","Null":"NO","Key":"UNI","Default":null,"Extra":""},{"Field":"password","Type":"varchar(255)","Null":"NO","Key":"","Default":null,"Extra":""},{"Field":"role","Type":"enum('user','admin')","Null":"YES","Key":"","Default":"user","Extra":""},{"Field":"verification_code","Type":"varchar(100)","Null":"YES","Key":"","Default":null,"Extra":""},{"Field":"is_verified","Type":"tinyint(1)","Null":"YES","Key":"","Default":"0","Extra":""},{"Field":"created_at","Type":"timestamp","Null":"NO","Key":"","Default":"current_timestamp()","Extra":""},{"Field":"favorite_sport","Type":"varchar(50)","Null":"YES","Key":"","Default":null,"Extra":""},{"Field":"favorite_team","Type":"varchar(50)","Null":"YES","Key":"","Default":null,"Extra":""},{"Field":"account_type","Type":"enum('user','admin')","Null":"YES","Key":"","Default":"user","Extra":""}]
[24-Apr-2025 00:03:53 Europe/Berlin] Number of users in database: 13
[24-Apr-2025 00:03:53 Europe/Berlin] All tables initialized successfully
[24-Apr-2025 00:03:53 Europe/Berlin] Database tables initialized successfully
[24-Apr-2025 00:03:53 Europe/Berlin] Executing SQL: SELECT * FROM users WHERE id = :id
[24-Apr-2025 00:03:53 Europe/Berlin] With params: {":id":12}
[24-Apr-2025 00:03:53 Europe/Berlin] Query executed successfully. Found 1 rows
[24-Apr-2025 00:03:53 Europe/Berlin] User loaded from session: varunpndey
[24-Apr-2025 00:03:53 Europe/Berlin] Executing SQL: SELECT * FROM users WHERE id = :id
[24-Apr-2025 00:03:53 Europe/Berlin] With params: {":id":12}
[24-Apr-2025 00:03:53 Europe/Berlin] Query executed successfully. Found 1 rows
[24-Apr-2025 00:03:53 Europe/Berlin] Executing SQL: SELECT * FROM news ORDER BY created_at DESC
[24-Apr-2025 00:03:53 Europe/Berlin] With params: []
[24-Apr-2025 00:03:53 Europe/Berlin] Query executed successfully. Found 2 rows
[24-Apr-2025 00:03:53 Europe/Berlin] Executing SQL: SELECT * FROM feedback ORDER BY created_at DESC
[24-Apr-2025 00:03:53 Europe/Berlin] With params: []
[24-Apr-2025 00:03:53 Europe/Berlin] Query executed successfully. Found 7 rows
[24-Apr-2025 00:03:53 Europe/Berlin] Executing SQL: SELECT * FROM matches WHERE status = 'live'
[24-Apr-2025 00:03:53 Europe/Berlin] With params: []
[24-Apr-2025 00:03:53 Europe/Berlin] Query executed successfully. Found 2 rows
[24-Apr-2025 00:03:53 Europe/Berlin] Executing SQL: SELECT * FROM matches WHERE 1=1 ORDER BY match_time DESC
[24-Apr-2025 00:03:53 Europe/Berlin] With params: []
[24-Apr-2025 00:03:53 Europe/Berlin] Query executed successfully. Found 3 rows
[24-Apr-2025 00:04:03 Europe/Berlin] Connected to database. Tables found: favorites, feedback, matches, matches_backup, matches_new, news, newsletter, notifications, players, subscriptions, users
[24-Apr-2025 00:04:03 Europe/Berlin] Executing SQL: CREATE TABLE IF NOT EXISTS users (
                id INT AUTO_INCREMENT PRIMARY KEY,
                username VARCHAR(50) NOT NULL UNIQUE,
                password VARCHAR(255) NOT NULL,
                email VARCHAR(100) NOT NULL UNIQUE,
                account_type ENUM('user', 'admin') DEFAULT 'user',
                created_at TIMESTAMP DEFAULT CURRENT_TIMESTAMP
            )
[24-Apr-2025 00:04:03 Europe/Berlin] With params: []
[24-Apr-2025 00:04:03 Europe/Berlin] Query executed successfully. Found 0 rows
[24-Apr-2025 00:04:03 Europe/Berlin] Users table created or already exists
[24-Apr-2025 00:04:03 Europe/Berlin] Users table structure: [{"Field":"id","Type":"int(11)","Null":"NO","Key":"PRI","Default":null,"Extra":"auto_increment"},{"Field":"username","Type":"varchar(50)","Null":"NO","Key":"","Default":null,"Extra":""},{"Field":"email","Type":"varchar(100)","Null":"NO","Key":"UNI","Default":null,"Extra":""},{"Field":"password","Type":"varchar(255)","Null":"NO","Key":"","Default":null,"Extra":""},{"Field":"role","Type":"enum('user','admin')","Null":"YES","Key":"","Default":"user","Extra":""},{"Field":"verification_code","Type":"varchar(100)","Null":"YES","Key":"","Default":null,"Extra":""},{"Field":"is_verified","Type":"tinyint(1)","Null":"YES","Key":"","Default":"0","Extra":""},{"Field":"created_at","Type":"timestamp","Null":"NO","Key":"","Default":"current_timestamp()","Extra":""},{"Field":"favorite_sport","Type":"varchar(50)","Null":"YES","Key":"","Default":null,"Extra":""},{"Field":"favorite_team","Type":"varchar(50)","Null":"YES","Key":"","Default":null,"Extra":""},{"Field":"account_type","Type":"enum('user','admin')","Null":"YES","Key":"","Default":"user","Extra":""}]
[24-Apr-2025 00:04:03 Europe/Berlin] Number of users in database: 13
[24-Apr-2025 00:04:03 Europe/Berlin] All tables initialized successfully
[24-Apr-2025 00:04:03 Europe/Berlin] Connected to database. Tables found: favorites, feedback, matches, matches_backup, matches_new, news, newsletter, notifications, players, subscriptions, users
[24-Apr-2025 00:04:03 Europe/Berlin] Executing SQL: CREATE TABLE IF NOT EXISTS users (
                id INT AUTO_INCREMENT PRIMARY KEY,
                username VARCHAR(50) NOT NULL UNIQUE,
                password VARCHAR(255) NOT NULL,
                email VARCHAR(100) NOT NULL UNIQUE,
                account_type ENUM('user', 'admin') DEFAULT 'user',
                created_at TIMESTAMP DEFAULT CURRENT_TIMESTAMP
            )
[24-Apr-2025 00:04:03 Europe/Berlin] With params: []
[24-Apr-2025 00:04:03 Europe/Berlin] Query executed successfully. Found 0 rows
[24-Apr-2025 00:04:03 Europe/Berlin] Users table created or already exists
[24-Apr-2025 00:04:03 Europe/Berlin] Users table structure: [{"Field":"id","Type":"int(11)","Null":"NO","Key":"PRI","Default":null,"Extra":"auto_increment"},{"Field":"username","Type":"varchar(50)","Null":"NO","Key":"","Default":null,"Extra":""},{"Field":"email","Type":"varchar(100)","Null":"NO","Key":"UNI","Default":null,"Extra":""},{"Field":"password","Type":"varchar(255)","Null":"NO","Key":"","Default":null,"Extra":""},{"Field":"role","Type":"enum('user','admin')","Null":"YES","Key":"","Default":"user","Extra":""},{"Field":"verification_code","Type":"varchar(100)","Null":"YES","Key":"","Default":null,"Extra":""},{"Field":"is_verified","Type":"tinyint(1)","Null":"YES","Key":"","Default":"0","Extra":""},{"Field":"created_at","Type":"timestamp","Null":"NO","Key":"","Default":"current_timestamp()","Extra":""},{"Field":"favorite_sport","Type":"varchar(50)","Null":"YES","Key":"","Default":null,"Extra":""},{"Field":"favorite_team","Type":"varchar(50)","Null":"YES","Key":"","Default":null,"Extra":""},{"Field":"account_type","Type":"enum('user','admin')","Null":"YES","Key":"","Default":"user","Extra":""}]
[24-Apr-2025 00:04:03 Europe/Berlin] Number of users in database: 13
[24-Apr-2025 00:04:03 Europe/Berlin] All tables initialized successfully
[24-Apr-2025 00:04:03 Europe/Berlin] Database tables initialized successfully
[24-Apr-2025 00:04:03 Europe/Berlin] Executing SQL: SELECT * FROM users WHERE id = :id
[24-Apr-2025 00:04:03 Europe/Berlin] With params: {":id":12}
[24-Apr-2025 00:04:03 Europe/Berlin] Query executed successfully. Found 1 rows
[24-Apr-2025 00:04:03 Europe/Berlin] User loaded from session: varunpndey
[24-Apr-2025 00:04:03 Europe/Berlin] Executing SQL: SELECT * FROM users WHERE id = :id
[24-Apr-2025 00:04:03 Europe/Berlin] With params: {":id":12}
[24-Apr-2025 00:04:03 Europe/Berlin] Query executed successfully. Found 1 rows
[24-Apr-2025 00:04:03 Europe/Berlin] Executing SQL: SELECT * FROM news ORDER BY created_at DESC
[24-Apr-2025 00:04:03 Europe/Berlin] With params: []
[24-Apr-2025 00:04:03 Europe/Berlin] Query executed successfully. Found 2 rows
[24-Apr-2025 00:04:03 Europe/Berlin] Executing SQL: SELECT * FROM feedback ORDER BY created_at DESC
[24-Apr-2025 00:04:03 Europe/Berlin] With params: []
[24-Apr-2025 00:04:03 Europe/Berlin] Query executed successfully. Found 7 rows
[24-Apr-2025 00:04:03 Europe/Berlin] Executing SQL: UPDATE feedback SET status = :status WHERE id = :id
[24-Apr-2025 00:04:03 Europe/Berlin] With params: {":status":"read",":id":"5"}
[24-Apr-2025 00:04:03 Europe/Berlin] Query executed successfully. Found 0 rows
[24-Apr-2025 00:04:07 Europe/Berlin] Connected to database. Tables found: favorites, feedback, matches, matches_backup, matches_new, news, newsletter, notifications, players, subscriptions, users
[24-Apr-2025 00:04:07 Europe/Berlin] Executing SQL: CREATE TABLE IF NOT EXISTS users (
                id INT AUTO_INCREMENT PRIMARY KEY,
                username VARCHAR(50) NOT NULL UNIQUE,
                password VARCHAR(255) NOT NULL,
                email VARCHAR(100) NOT NULL UNIQUE,
                account_type ENUM('user', 'admin') DEFAULT 'user',
                created_at TIMESTAMP DEFAULT CURRENT_TIMESTAMP
            )
[24-Apr-2025 00:04:07 Europe/Berlin] With params: []
[24-Apr-2025 00:04:07 Europe/Berlin] Query executed successfully. Found 0 rows
[24-Apr-2025 00:04:07 Europe/Berlin] Users table created or already exists
[24-Apr-2025 00:04:07 Europe/Berlin] Users table structure: [{"Field":"id","Type":"int(11)","Null":"NO","Key":"PRI","Default":null,"Extra":"auto_increment"},{"Field":"username","Type":"varchar(50)","Null":"NO","Key":"","Default":null,"Extra":""},{"Field":"email","Type":"varchar(100)","Null":"NO","Key":"UNI","Default":null,"Extra":""},{"Field":"password","Type":"varchar(255)","Null":"NO","Key":"","Default":null,"Extra":""},{"Field":"role","Type":"enum('user','admin')","Null":"YES","Key":"","Default":"user","Extra":""},{"Field":"verification_code","Type":"varchar(100)","Null":"YES","Key":"","Default":null,"Extra":""},{"Field":"is_verified","Type":"tinyint(1)","Null":"YES","Key":"","Default":"0","Extra":""},{"Field":"created_at","Type":"timestamp","Null":"NO","Key":"","Default":"current_timestamp()","Extra":""},{"Field":"favorite_sport","Type":"varchar(50)","Null":"YES","Key":"","Default":null,"Extra":""},{"Field":"favorite_team","Type":"varchar(50)","Null":"YES","Key":"","Default":null,"Extra":""},{"Field":"account_type","Type":"enum('user','admin')","Null":"YES","Key":"","Default":"user","Extra":""}]
[24-Apr-2025 00:04:07 Europe/Berlin] Number of users in database: 13
[24-Apr-2025 00:04:07 Europe/Berlin] All tables initialized successfully
[24-Apr-2025 00:04:07 Europe/Berlin] Connected to database. Tables found: favorites, feedback, matches, matches_backup, matches_new, news, newsletter, notifications, players, subscriptions, users
[24-Apr-2025 00:04:07 Europe/Berlin] Executing SQL: CREATE TABLE IF NOT EXISTS users (
                id INT AUTO_INCREMENT PRIMARY KEY,
                username VARCHAR(50) NOT NULL UNIQUE,
                password VARCHAR(255) NOT NULL,
                email VARCHAR(100) NOT NULL UNIQUE,
                account_type ENUM('user', 'admin') DEFAULT 'user',
                created_at TIMESTAMP DEFAULT CURRENT_TIMESTAMP
            )
[24-Apr-2025 00:04:07 Europe/Berlin] With params: []
[24-Apr-2025 00:04:07 Europe/Berlin] Query executed successfully. Found 0 rows
[24-Apr-2025 00:04:07 Europe/Berlin] Users table created or already exists
[24-Apr-2025 00:04:07 Europe/Berlin] Users table structure: [{"Field":"id","Type":"int(11)","Null":"NO","Key":"PRI","Default":null,"Extra":"auto_increment"},{"Field":"username","Type":"varchar(50)","Null":"NO","Key":"","Default":null,"Extra":""},{"Field":"email","Type":"varchar(100)","Null":"NO","Key":"UNI","Default":null,"Extra":""},{"Field":"password","Type":"varchar(255)","Null":"NO","Key":"","Default":null,"Extra":""},{"Field":"role","Type":"enum('user','admin')","Null":"YES","Key":"","Default":"user","Extra":""},{"Field":"verification_code","Type":"varchar(100)","Null":"YES","Key":"","Default":null,"Extra":""},{"Field":"is_verified","Type":"tinyint(1)","Null":"YES","Key":"","Default":"0","Extra":""},{"Field":"created_at","Type":"timestamp","Null":"NO","Key":"","Default":"current_timestamp()","Extra":""},{"Field":"favorite_sport","Type":"varchar(50)","Null":"YES","Key":"","Default":null,"Extra":""},{"Field":"favorite_team","Type":"varchar(50)","Null":"YES","Key":"","Default":null,"Extra":""},{"Field":"account_type","Type":"enum('user','admin')","Null":"YES","Key":"","Default":"user","Extra":""}]
[24-Apr-2025 00:04:07 Europe/Berlin] Number of users in database: 13
[24-Apr-2025 00:04:07 Europe/Berlin] All tables initialized successfully
[24-Apr-2025 00:04:07 Europe/Berlin] Database tables initialized successfully
[24-Apr-2025 00:04:07 Europe/Berlin] Executing SQL: SELECT * FROM users WHERE id = :id
[24-Apr-2025 00:04:07 Europe/Berlin] With params: {":id":12}
[24-Apr-2025 00:04:07 Europe/Berlin] Query executed successfully. Found 1 rows
[24-Apr-2025 00:04:07 Europe/Berlin] User loaded from session: varunpndey
[24-Apr-2025 00:04:07 Europe/Berlin] Executing SQL: SELECT * FROM users WHERE id = :id
[24-Apr-2025 00:04:07 Europe/Berlin] With params: {":id":12}
[24-Apr-2025 00:04:07 Europe/Berlin] Query executed successfully. Found 1 rows
[24-Apr-2025 00:04:07 Europe/Berlin] Executing SQL: SELECT * FROM news ORDER BY created_at DESC
[24-Apr-2025 00:04:07 Europe/Berlin] With params: []
[24-Apr-2025 00:04:07 Europe/Berlin] Query executed successfully. Found 2 rows
[24-Apr-2025 00:04:07 Europe/Berlin] Executing SQL: SELECT * FROM feedback ORDER BY created_at DESC
[24-Apr-2025 00:04:07 Europe/Berlin] With params: []
[24-Apr-2025 00:04:07 Europe/Berlin] Query executed successfully. Found 7 rows
[24-Apr-2025 00:04:07 Europe/Berlin] Executing SQL: UPDATE feedback SET status = :status WHERE id = :id
[24-Apr-2025 00:04:07 Europe/Berlin] With params: {":status":"read",":id":"6"}
[24-Apr-2025 00:04:07 Europe/Berlin] Query executed successfully. Found 0 rows
[24-Apr-2025 00:04:12 Europe/Berlin] Connected to database. Tables found: favorites, feedback, matches, matches_backup, matches_new, news, newsletter, notifications, players, subscriptions, users
[24-Apr-2025 00:04:12 Europe/Berlin] Executing SQL: CREATE TABLE IF NOT EXISTS users (
                id INT AUTO_INCREMENT PRIMARY KEY,
                username VARCHAR(50) NOT NULL UNIQUE,
                password VARCHAR(255) NOT NULL,
                email VARCHAR(100) NOT NULL UNIQUE,
                account_type ENUM('user', 'admin') DEFAULT 'user',
                created_at TIMESTAMP DEFAULT CURRENT_TIMESTAMP
            )
[24-Apr-2025 00:04:12 Europe/Berlin] With params: []
[24-Apr-2025 00:04:12 Europe/Berlin] Query executed successfully. Found 0 rows
[24-Apr-2025 00:04:12 Europe/Berlin] Users table created or already exists
[24-Apr-2025 00:04:12 Europe/Berlin] Users table structure: [{"Field":"id","Type":"int(11)","Null":"NO","Key":"PRI","Default":null,"Extra":"auto_increment"},{"Field":"username","Type":"varchar(50)","Null":"NO","Key":"","Default":null,"Extra":""},{"Field":"email","Type":"varchar(100)","Null":"NO","Key":"UNI","Default":null,"Extra":""},{"Field":"password","Type":"varchar(255)","Null":"NO","Key":"","Default":null,"Extra":""},{"Field":"role","Type":"enum('user','admin')","Null":"YES","Key":"","Default":"user","Extra":""},{"Field":"verification_code","Type":"varchar(100)","Null":"YES","Key":"","Default":null,"Extra":""},{"Field":"is_verified","Type":"tinyint(1)","Null":"YES","Key":"","Default":"0","Extra":""},{"Field":"created_at","Type":"timestamp","Null":"NO","Key":"","Default":"current_timestamp()","Extra":""},{"Field":"favorite_sport","Type":"varchar(50)","Null":"YES","Key":"","Default":null,"Extra":""},{"Field":"favorite_team","Type":"varchar(50)","Null":"YES","Key":"","Default":null,"Extra":""},{"Field":"account_type","Type":"enum('user','admin')","Null":"YES","Key":"","Default":"user","Extra":""}]
[24-Apr-2025 00:04:12 Europe/Berlin] Number of users in database: 13
[24-Apr-2025 00:04:12 Europe/Berlin] All tables initialized successfully
[24-Apr-2025 00:04:12 Europe/Berlin] Connected to database. Tables found: favorites, feedback, matches, matches_backup, matches_new, news, newsletter, notifications, players, subscriptions, users
[24-Apr-2025 00:04:12 Europe/Berlin] Executing SQL: CREATE TABLE IF NOT EXISTS users (
                id INT AUTO_INCREMENT PRIMARY KEY,
                username VARCHAR(50) NOT NULL UNIQUE,
                password VARCHAR(255) NOT NULL,
                email VARCHAR(100) NOT NULL UNIQUE,
                account_type ENUM('user', 'admin') DEFAULT 'user',
                created_at TIMESTAMP DEFAULT CURRENT_TIMESTAMP
            )
[24-Apr-2025 00:04:12 Europe/Berlin] With params: []
[24-Apr-2025 00:04:12 Europe/Berlin] Query executed successfully. Found 0 rows
[24-Apr-2025 00:04:12 Europe/Berlin] Users table created or already exists
[24-Apr-2025 00:04:12 Europe/Berlin] Users table structure: [{"Field":"id","Type":"int(11)","Null":"NO","Key":"PRI","Default":null,"Extra":"auto_increment"},{"Field":"username","Type":"varchar(50)","Null":"NO","Key":"","Default":null,"Extra":""},{"Field":"email","Type":"varchar(100)","Null":"NO","Key":"UNI","Default":null,"Extra":""},{"Field":"password","Type":"varchar(255)","Null":"NO","Key":"","Default":null,"Extra":""},{"Field":"role","Type":"enum('user','admin')","Null":"YES","Key":"","Default":"user","Extra":""},{"Field":"verification_code","Type":"varchar(100)","Null":"YES","Key":"","Default":null,"Extra":""},{"Field":"is_verified","Type":"tinyint(1)","Null":"YES","Key":"","Default":"0","Extra":""},{"Field":"created_at","Type":"timestamp","Null":"NO","Key":"","Default":"current_timestamp()","Extra":""},{"Field":"favorite_sport","Type":"varchar(50)","Null":"YES","Key":"","Default":null,"Extra":""},{"Field":"favorite_team","Type":"varchar(50)","Null":"YES","Key":"","Default":null,"Extra":""},{"Field":"account_type","Type":"enum('user','admin')","Null":"YES","Key":"","Default":"user","Extra":""}]
[24-Apr-2025 00:04:12 Europe/Berlin] Number of users in database: 13
[24-Apr-2025 00:04:12 Europe/Berlin] All tables initialized successfully
[24-Apr-2025 00:04:12 Europe/Berlin] Database tables initialized successfully
[24-Apr-2025 00:04:12 Europe/Berlin] Executing SQL: SELECT * FROM users WHERE id = :id
[24-Apr-2025 00:04:12 Europe/Berlin] With params: {":id":12}
[24-Apr-2025 00:04:12 Europe/Berlin] Query executed successfully. Found 1 rows
[24-Apr-2025 00:04:12 Europe/Berlin] User loaded from session: varunpndey
[24-Apr-2025 00:04:12 Europe/Berlin] Executing SQL: SELECT * FROM users WHERE id = :id
[24-Apr-2025 00:04:12 Europe/Berlin] With params: {":id":12}
[24-Apr-2025 00:04:12 Europe/Berlin] Query executed successfully. Found 1 rows
[24-Apr-2025 00:04:12 Europe/Berlin] Executing SQL: SELECT * FROM news ORDER BY created_at DESC
[24-Apr-2025 00:04:12 Europe/Berlin] With params: []
[24-Apr-2025 00:04:12 Europe/Berlin] Query executed successfully. Found 2 rows
[24-Apr-2025 00:04:12 Europe/Berlin] Executing SQL: SELECT * FROM feedback ORDER BY created_at DESC
[24-Apr-2025 00:04:12 Europe/Berlin] With params: []
[24-Apr-2025 00:04:12 Europe/Berlin] Query executed successfully. Found 7 rows
[24-Apr-2025 00:04:12 Europe/Berlin] Executing SQL: UPDATE feedback SET status = :status WHERE id = :id
[24-Apr-2025 00:04:12 Europe/Berlin] With params: {":status":"read",":id":"7"}
[24-Apr-2025 00:04:12 Europe/Berlin] Query executed successfully. Found 0 rows
[24-Apr-2025 00:04:15 Europe/Berlin] Connected to database. Tables found: favorites, feedback, matches, matches_backup, matches_new, news, newsletter, notifications, players, subscriptions, users
[24-Apr-2025 00:04:15 Europe/Berlin] Executing SQL: CREATE TABLE IF NOT EXISTS users (
                id INT AUTO_INCREMENT PRIMARY KEY,
                username VARCHAR(50) NOT NULL UNIQUE,
                password VARCHAR(255) NOT NULL,
                email VARCHAR(100) NOT NULL UNIQUE,
                account_type ENUM('user', 'admin') DEFAULT 'user',
                created_at TIMESTAMP DEFAULT CURRENT_TIMESTAMP
            )
[24-Apr-2025 00:04:15 Europe/Berlin] With params: []
[24-Apr-2025 00:04:15 Europe/Berlin] Query executed successfully. Found 0 rows
[24-Apr-2025 00:04:15 Europe/Berlin] Users table created or already exists
[24-Apr-2025 00:04:15 Europe/Berlin] Users table structure: [{"Field":"id","Type":"int(11)","Null":"NO","Key":"PRI","Default":null,"Extra":"auto_increment"},{"Field":"username","Type":"varchar(50)","Null":"NO","Key":"","Default":null,"Extra":""},{"Field":"email","Type":"varchar(100)","Null":"NO","Key":"UNI","Default":null,"Extra":""},{"Field":"password","Type":"varchar(255)","Null":"NO","Key":"","Default":null,"Extra":""},{"Field":"role","Type":"enum('user','admin')","Null":"YES","Key":"","Default":"user","Extra":""},{"Field":"verification_code","Type":"varchar(100)","Null":"YES","Key":"","Default":null,"Extra":""},{"Field":"is_verified","Type":"tinyint(1)","Null":"YES","Key":"","Default":"0","Extra":""},{"Field":"created_at","Type":"timestamp","Null":"NO","Key":"","Default":"current_timestamp()","Extra":""},{"Field":"favorite_sport","Type":"varchar(50)","Null":"YES","Key":"","Default":null,"Extra":""},{"Field":"favorite_team","Type":"varchar(50)","Null":"YES","Key":"","Default":null,"Extra":""},{"Field":"account_type","Type":"enum('user','admin')","Null":"YES","Key":"","Default":"user","Extra":""}]
[24-Apr-2025 00:04:15 Europe/Berlin] Number of users in database: 13
[24-Apr-2025 00:04:15 Europe/Berlin] All tables initialized successfully
[24-Apr-2025 00:04:15 Europe/Berlin] Connected to database. Tables found: favorites, feedback, matches, matches_backup, matches_new, news, newsletter, notifications, players, subscriptions, users
[24-Apr-2025 00:04:15 Europe/Berlin] Executing SQL: CREATE TABLE IF NOT EXISTS users (
                id INT AUTO_INCREMENT PRIMARY KEY,
                username VARCHAR(50) NOT NULL UNIQUE,
                password VARCHAR(255) NOT NULL,
                email VARCHAR(100) NOT NULL UNIQUE,
                account_type ENUM('user', 'admin') DEFAULT 'user',
                created_at TIMESTAMP DEFAULT CURRENT_TIMESTAMP
            )
[24-Apr-2025 00:04:15 Europe/Berlin] With params: []
[24-Apr-2025 00:04:15 Europe/Berlin] Query executed successfully. Found 0 rows
[24-Apr-2025 00:04:15 Europe/Berlin] Users table created or already exists
[24-Apr-2025 00:04:15 Europe/Berlin] Users table structure: [{"Field":"id","Type":"int(11)","Null":"NO","Key":"PRI","Default":null,"Extra":"auto_increment"},{"Field":"username","Type":"varchar(50)","Null":"NO","Key":"","Default":null,"Extra":""},{"Field":"email","Type":"varchar(100)","Null":"NO","Key":"UNI","Default":null,"Extra":""},{"Field":"password","Type":"varchar(255)","Null":"NO","Key":"","Default":null,"Extra":""},{"Field":"role","Type":"enum('user','admin')","Null":"YES","Key":"","Default":"user","Extra":""},{"Field":"verification_code","Type":"varchar(100)","Null":"YES","Key":"","Default":null,"Extra":""},{"Field":"is_verified","Type":"tinyint(1)","Null":"YES","Key":"","Default":"0","Extra":""},{"Field":"created_at","Type":"timestamp","Null":"NO","Key":"","Default":"current_timestamp()","Extra":""},{"Field":"favorite_sport","Type":"varchar(50)","Null":"YES","Key":"","Default":null,"Extra":""},{"Field":"favorite_team","Type":"varchar(50)","Null":"YES","Key":"","Default":null,"Extra":""},{"Field":"account_type","Type":"enum('user','admin')","Null":"YES","Key":"","Default":"user","Extra":""}]
[24-Apr-2025 00:04:15 Europe/Berlin] Number of users in database: 13
[24-Apr-2025 00:04:15 Europe/Berlin] All tables initialized successfully
[24-Apr-2025 00:04:15 Europe/Berlin] Database tables initialized successfully
[24-Apr-2025 00:04:15 Europe/Berlin] Executing SQL: SELECT * FROM users WHERE id = :id
[24-Apr-2025 00:04:15 Europe/Berlin] With params: {":id":12}
[24-Apr-2025 00:04:15 Europe/Berlin] Query executed successfully. Found 1 rows
[24-Apr-2025 00:04:15 Europe/Berlin] User loaded from session: varunpndey
[24-Apr-2025 00:04:15 Europe/Berlin] Executing SQL: SELECT * FROM users WHERE id = :id
[24-Apr-2025 00:04:15 Europe/Berlin] With params: {":id":12}
[24-Apr-2025 00:04:15 Europe/Berlin] Query executed successfully. Found 1 rows
[24-Apr-2025 00:04:15 Europe/Berlin] Executing SQL: SELECT * FROM news ORDER BY created_at DESC
[24-Apr-2025 00:04:15 Europe/Berlin] With params: []
[24-Apr-2025 00:04:15 Europe/Berlin] Query executed successfully. Found 2 rows
[24-Apr-2025 00:04:15 Europe/Berlin] Executing SQL: SELECT * FROM feedback ORDER BY created_at DESC
[24-Apr-2025 00:04:15 Europe/Berlin] With params: []
[24-Apr-2025 00:04:15 Europe/Berlin] Query executed successfully. Found 7 rows
[24-Apr-2025 00:04:15 Europe/Berlin] Executing SQL: UPDATE feedback SET status = :status WHERE id = :id
[24-Apr-2025 00:04:15 Europe/Berlin] With params: {":status":"read",":id":"4"}
[24-Apr-2025 00:04:15 Europe/Berlin] Query executed successfully. Found 0 rows
[24-Apr-2025 00:04:41 Europe/Berlin] Connected to database. Tables found: favorites, feedback, matches, matches_backup, matches_new, news, newsletter, notifications, players, subscriptions, users
[24-Apr-2025 00:04:41 Europe/Berlin] Executing SQL: CREATE TABLE IF NOT EXISTS users (
                id INT AUTO_INCREMENT PRIMARY KEY,
                username VARCHAR(50) NOT NULL UNIQUE,
                password VARCHAR(255) NOT NULL,
                email VARCHAR(100) NOT NULL UNIQUE,
                account_type ENUM('user', 'admin') DEFAULT 'user',
                created_at TIMESTAMP DEFAULT CURRENT_TIMESTAMP
            )
[24-Apr-2025 00:04:41 Europe/Berlin] With params: []
[24-Apr-2025 00:04:41 Europe/Berlin] Query executed successfully. Found 0 rows
[24-Apr-2025 00:04:41 Europe/Berlin] Users table created or already exists
[24-Apr-2025 00:04:41 Europe/Berlin] Users table structure: [{"Field":"id","Type":"int(11)","Null":"NO","Key":"PRI","Default":null,"Extra":"auto_increment"},{"Field":"username","Type":"varchar(50)","Null":"NO","Key":"","Default":null,"Extra":""},{"Field":"email","Type":"varchar(100)","Null":"NO","Key":"UNI","Default":null,"Extra":""},{"Field":"password","Type":"varchar(255)","Null":"NO","Key":"","Default":null,"Extra":""},{"Field":"role","Type":"enum('user','admin')","Null":"YES","Key":"","Default":"user","Extra":""},{"Field":"verification_code","Type":"varchar(100)","Null":"YES","Key":"","Default":null,"Extra":""},{"Field":"is_verified","Type":"tinyint(1)","Null":"YES","Key":"","Default":"0","Extra":""},{"Field":"created_at","Type":"timestamp","Null":"NO","Key":"","Default":"current_timestamp()","Extra":""},{"Field":"favorite_sport","Type":"varchar(50)","Null":"YES","Key":"","Default":null,"Extra":""},{"Field":"favorite_team","Type":"varchar(50)","Null":"YES","Key":"","Default":null,"Extra":""},{"Field":"account_type","Type":"enum('user','admin')","Null":"YES","Key":"","Default":"user","Extra":""}]
[24-Apr-2025 00:04:41 Europe/Berlin] Number of users in database: 13
[24-Apr-2025 00:04:41 Europe/Berlin] All tables initialized successfully
[24-Apr-2025 00:04:41 Europe/Berlin] Connected to database. Tables found: favorites, feedback, matches, matches_backup, matches_new, news, newsletter, notifications, players, subscriptions, users
[24-Apr-2025 00:04:41 Europe/Berlin] Executing SQL: CREATE TABLE IF NOT EXISTS users (
                id INT AUTO_INCREMENT PRIMARY KEY,
                username VARCHAR(50) NOT NULL UNIQUE,
                password VARCHAR(255) NOT NULL,
                email VARCHAR(100) NOT NULL UNIQUE,
                account_type ENUM('user', 'admin') DEFAULT 'user',
                created_at TIMESTAMP DEFAULT CURRENT_TIMESTAMP
            )
[24-Apr-2025 00:04:41 Europe/Berlin] With params: []
[24-Apr-2025 00:04:41 Europe/Berlin] Query executed successfully. Found 0 rows
[24-Apr-2025 00:04:41 Europe/Berlin] Users table created or already exists
[24-Apr-2025 00:04:41 Europe/Berlin] Users table structure: [{"Field":"id","Type":"int(11)","Null":"NO","Key":"PRI","Default":null,"Extra":"auto_increment"},{"Field":"username","Type":"varchar(50)","Null":"NO","Key":"","Default":null,"Extra":""},{"Field":"email","Type":"varchar(100)","Null":"NO","Key":"UNI","Default":null,"Extra":""},{"Field":"password","Type":"varchar(255)","Null":"NO","Key":"","Default":null,"Extra":""},{"Field":"role","Type":"enum('user','admin')","Null":"YES","Key":"","Default":"user","Extra":""},{"Field":"verification_code","Type":"varchar(100)","Null":"YES","Key":"","Default":null,"Extra":""},{"Field":"is_verified","Type":"tinyint(1)","Null":"YES","Key":"","Default":"0","Extra":""},{"Field":"created_at","Type":"timestamp","Null":"NO","Key":"","Default":"current_timestamp()","Extra":""},{"Field":"favorite_sport","Type":"varchar(50)","Null":"YES","Key":"","Default":null,"Extra":""},{"Field":"favorite_team","Type":"varchar(50)","Null":"YES","Key":"","Default":null,"Extra":""},{"Field":"account_type","Type":"enum('user','admin')","Null":"YES","Key":"","Default":"user","Extra":""}]
[24-Apr-2025 00:04:41 Europe/Berlin] Number of users in database: 13
[24-Apr-2025 00:04:41 Europe/Berlin] All tables initialized successfully
[24-Apr-2025 00:04:41 Europe/Berlin] Database tables initialized successfully
[24-Apr-2025 00:04:41 Europe/Berlin] Executing SQL: SELECT * FROM users WHERE id = :id
[24-Apr-2025 00:04:41 Europe/Berlin] With params: {":id":12}
[24-Apr-2025 00:04:41 Europe/Berlin] Query executed successfully. Found 1 rows
[24-Apr-2025 00:04:41 Europe/Berlin] User loaded from session: varunpndey
[24-Apr-2025 00:04:41 Europe/Berlin] Header - Session status: 2
[24-Apr-2025 00:04:41 Europe/Berlin] Header - Session data: {"user_id":12,"username":"varunpndey","email":"va@gmail.com","account_type":"admin"}
[24-Apr-2025 00:04:41 Europe/Berlin] Header - After session start - Status: 2
[24-Apr-2025 00:04:41 Europe/Berlin] Header - After session start - Data: {"user_id":12,"username":"varunpndey","email":"va@gmail.com","account_type":"admin"}
[24-Apr-2025 00:04:41 Europe/Berlin] Header - Is logged in: Yes
[24-Apr-2025 00:04:41 Europe/Berlin] Executing SQL: SELECT * FROM news ORDER BY created_at DESC LIMIT 5
[24-Apr-2025 00:04:41 Europe/Berlin] With params: []
[24-Apr-2025 00:04:41 Europe/Berlin] Query executed successfully. Found 2 rows
[24-Apr-2025 00:04:41 Europe/Berlin] Executing SQL: SELECT * FROM matches WHERE status = 'live'
[24-Apr-2025 00:04:41 Europe/Berlin] With params: []
[24-Apr-2025 00:04:41 Europe/Berlin] Query executed successfully. Found 2 rows
[24-Apr-2025 00:04:41 Europe/Berlin] Executing SQL: SELECT COUNT(*) as count FROM favorites 
                    WHERE user_id = :user_id AND match_id = :match_id
[24-Apr-2025 00:04:41 Europe/Berlin] With params: {":user_id":12,":match_id":41}
[24-Apr-2025 00:04:41 Europe/Berlin] Query executed successfully. Found 1 rows
[24-Apr-2025 00:04:41 Europe/Berlin] Executing SQL: SELECT COUNT(*) as count FROM favorites 
                    WHERE user_id = :user_id AND match_id = :match_id
[24-Apr-2025 00:04:41 Europe/Berlin] With params: {":user_id":12,":match_id":42}
[24-Apr-2025 00:04:41 Europe/Berlin] Query executed successfully. Found 1 rows
[24-Apr-2025 00:04:43 Europe/Berlin] Connected to database. Tables found: favorites, feedback, matches, matches_backup, matches_new, news, newsletter, notifications, players, subscriptions, users
[24-Apr-2025 00:04:43 Europe/Berlin] Executing SQL: CREATE TABLE IF NOT EXISTS users (
                id INT AUTO_INCREMENT PRIMARY KEY,
                username VARCHAR(50) NOT NULL UNIQUE,
                password VARCHAR(255) NOT NULL,
                email VARCHAR(100) NOT NULL UNIQUE,
                account_type ENUM('user', 'admin') DEFAULT 'user',
                created_at TIMESTAMP DEFAULT CURRENT_TIMESTAMP
            )
[24-Apr-2025 00:04:43 Europe/Berlin] With params: []
[24-Apr-2025 00:04:43 Europe/Berlin] Query executed successfully. Found 0 rows
[24-Apr-2025 00:04:43 Europe/Berlin] Users table created or already exists
[24-Apr-2025 00:04:43 Europe/Berlin] Users table structure: [{"Field":"id","Type":"int(11)","Null":"NO","Key":"PRI","Default":null,"Extra":"auto_increment"},{"Field":"username","Type":"varchar(50)","Null":"NO","Key":"","Default":null,"Extra":""},{"Field":"email","Type":"varchar(100)","Null":"NO","Key":"UNI","Default":null,"Extra":""},{"Field":"password","Type":"varchar(255)","Null":"NO","Key":"","Default":null,"Extra":""},{"Field":"role","Type":"enum('user','admin')","Null":"YES","Key":"","Default":"user","Extra":""},{"Field":"verification_code","Type":"varchar(100)","Null":"YES","Key":"","Default":null,"Extra":""},{"Field":"is_verified","Type":"tinyint(1)","Null":"YES","Key":"","Default":"0","Extra":""},{"Field":"created_at","Type":"timestamp","Null":"NO","Key":"","Default":"current_timestamp()","Extra":""},{"Field":"favorite_sport","Type":"varchar(50)","Null":"YES","Key":"","Default":null,"Extra":""},{"Field":"favorite_team","Type":"varchar(50)","Null":"YES","Key":"","Default":null,"Extra":""},{"Field":"account_type","Type":"enum('user','admin')","Null":"YES","Key":"","Default":"user","Extra":""}]
[24-Apr-2025 00:04:43 Europe/Berlin] Number of users in database: 13
[24-Apr-2025 00:04:43 Europe/Berlin] All tables initialized successfully
[24-Apr-2025 00:04:43 Europe/Berlin] API Request received: /sportsync/backend/match.php
[24-Apr-2025 00:04:43 Europe/Berlin] GET parameters: Array
(
)

[24-Apr-2025 00:04:46 Europe/Berlin] Connected to database. Tables found: favorites, feedback, matches, matches_backup, matches_new, news, newsletter, notifications, players, subscriptions, users
[24-Apr-2025 00:04:46 Europe/Berlin] Executing SQL: CREATE TABLE IF NOT EXISTS users (
                id INT AUTO_INCREMENT PRIMARY KEY,
                username VARCHAR(50) NOT NULL UNIQUE,
                password VARCHAR(255) NOT NULL,
                email VARCHAR(100) NOT NULL UNIQUE,
                account_type ENUM('user', 'admin') DEFAULT 'user',
                created_at TIMESTAMP DEFAULT CURRENT_TIMESTAMP
            )
[24-Apr-2025 00:04:46 Europe/Berlin] With params: []
[24-Apr-2025 00:04:46 Europe/Berlin] Query executed successfully. Found 0 rows
[24-Apr-2025 00:04:46 Europe/Berlin] Users table created or already exists
[24-Apr-2025 00:04:46 Europe/Berlin] Users table structure: [{"Field":"id","Type":"int(11)","Null":"NO","Key":"PRI","Default":null,"Extra":"auto_increment"},{"Field":"username","Type":"varchar(50)","Null":"NO","Key":"","Default":null,"Extra":""},{"Field":"email","Type":"varchar(100)","Null":"NO","Key":"UNI","Default":null,"Extra":""},{"Field":"password","Type":"varchar(255)","Null":"NO","Key":"","Default":null,"Extra":""},{"Field":"role","Type":"enum('user','admin')","Null":"YES","Key":"","Default":"user","Extra":""},{"Field":"verification_code","Type":"varchar(100)","Null":"YES","Key":"","Default":null,"Extra":""},{"Field":"is_verified","Type":"tinyint(1)","Null":"YES","Key":"","Default":"0","Extra":""},{"Field":"created_at","Type":"timestamp","Null":"NO","Key":"","Default":"current_timestamp()","Extra":""},{"Field":"favorite_sport","Type":"varchar(50)","Null":"YES","Key":"","Default":null,"Extra":""},{"Field":"favorite_team","Type":"varchar(50)","Null":"YES","Key":"","Default":null,"Extra":""},{"Field":"account_type","Type":"enum('user','admin')","Null":"YES","Key":"","Default":"user","Extra":""}]
[24-Apr-2025 00:04:46 Europe/Berlin] Number of users in database: 13
[24-Apr-2025 00:04:46 Europe/Berlin] All tables initialized successfully
[24-Apr-2025 00:04:46 Europe/Berlin] Connected to database. Tables found: favorites, feedback, matches, matches_backup, matches_new, news, newsletter, notifications, players, subscriptions, users
[24-Apr-2025 00:04:46 Europe/Berlin] Executing SQL: CREATE TABLE IF NOT EXISTS users (
                id INT AUTO_INCREMENT PRIMARY KEY,
                username VARCHAR(50) NOT NULL UNIQUE,
                password VARCHAR(255) NOT NULL,
                email VARCHAR(100) NOT NULL UNIQUE,
                account_type ENUM('user', 'admin') DEFAULT 'user',
                created_at TIMESTAMP DEFAULT CURRENT_TIMESTAMP
            )
[24-Apr-2025 00:04:46 Europe/Berlin] With params: []
[24-Apr-2025 00:04:46 Europe/Berlin] Query executed successfully. Found 0 rows
[24-Apr-2025 00:04:46 Europe/Berlin] Users table created or already exists
[24-Apr-2025 00:04:46 Europe/Berlin] Users table structure: [{"Field":"id","Type":"int(11)","Null":"NO","Key":"PRI","Default":null,"Extra":"auto_increment"},{"Field":"username","Type":"varchar(50)","Null":"NO","Key":"","Default":null,"Extra":""},{"Field":"email","Type":"varchar(100)","Null":"NO","Key":"UNI","Default":null,"Extra":""},{"Field":"password","Type":"varchar(255)","Null":"NO","Key":"","Default":null,"Extra":""},{"Field":"role","Type":"enum('user','admin')","Null":"YES","Key":"","Default":"user","Extra":""},{"Field":"verification_code","Type":"varchar(100)","Null":"YES","Key":"","Default":null,"Extra":""},{"Field":"is_verified","Type":"tinyint(1)","Null":"YES","Key":"","Default":"0","Extra":""},{"Field":"created_at","Type":"timestamp","Null":"NO","Key":"","Default":"current_timestamp()","Extra":""},{"Field":"favorite_sport","Type":"varchar(50)","Null":"YES","Key":"","Default":null,"Extra":""},{"Field":"favorite_team","Type":"varchar(50)","Null":"YES","Key":"","Default":null,"Extra":""},{"Field":"account_type","Type":"enum('user','admin')","Null":"YES","Key":"","Default":"user","Extra":""}]
[24-Apr-2025 00:04:46 Europe/Berlin] Number of users in database: 13
[24-Apr-2025 00:04:46 Europe/Berlin] All tables initialized successfully
[24-Apr-2025 00:04:46 Europe/Berlin] Database tables initialized successfully
[24-Apr-2025 00:04:46 Europe/Berlin] Executing SQL: SELECT * FROM users WHERE id = :id
[24-Apr-2025 00:04:46 Europe/Berlin] With params: {":id":12}
[24-Apr-2025 00:04:46 Europe/Berlin] Query executed successfully. Found 1 rows
[24-Apr-2025 00:04:46 Europe/Berlin] User loaded from session: varunpndey
[24-Apr-2025 00:04:46 Europe/Berlin] Header - Session status: 2
[24-Apr-2025 00:04:46 Europe/Berlin] Header - Session data: {"user_id":12,"username":"varunpndey","email":"va@gmail.com","account_type":"admin"}
[24-Apr-2025 00:04:46 Europe/Berlin] Header - After session start - Status: 2
[24-Apr-2025 00:04:46 Europe/Berlin] Header - After session start - Data: {"user_id":12,"username":"varunpndey","email":"va@gmail.com","account_type":"admin"}
[24-Apr-2025 00:04:46 Europe/Berlin] Header - Is logged in: Yes
[24-Apr-2025 00:04:46 Europe/Berlin] Executing SQL: SELECT * FROM matches WHERE sport = :sport ORDER BY match_time DESC
[24-Apr-2025 00:04:46 Europe/Berlin] With params: {":sport":"cricket"}
[24-Apr-2025 00:04:46 Europe/Berlin] Query executed successfully. Found 2 rows
[24-Apr-2025 00:04:46 Europe/Berlin] Executing SQL: SELECT * FROM matches WHERE sport = :sport AND status = :status
[24-Apr-2025 00:04:46 Europe/Berlin] With params: {":sport":"cricket",":status":"live"}
[24-Apr-2025 00:04:46 Europe/Berlin] Query executed successfully. Found 1 rows
[24-Apr-2025 00:04:46 Europe/Berlin] Executing SQL: SELECT COUNT(*) as count FROM favorites 
                    WHERE user_id = :user_id AND match_id = :match_id
[24-Apr-2025 00:04:46 Europe/Berlin] With params: {":user_id":12,":match_id":38}
[24-Apr-2025 00:04:46 Europe/Berlin] Query executed successfully. Found 1 rows
[24-Apr-2025 00:04:46 Europe/Berlin] Executing SQL: SELECT COUNT(*) as count FROM favorites 
                    WHERE user_id = :user_id AND match_id = :match_id
[24-Apr-2025 00:04:46 Europe/Berlin] With params: {":user_id":12,":match_id":42}
[24-Apr-2025 00:04:46 Europe/Berlin] Query executed successfully. Found 1 rows
[24-Apr-2025 00:04:48 Europe/Berlin] Connected to database. Tables found: favorites, feedback, matches, matches_backup, matches_new, news, newsletter, notifications, players, subscriptions, users
[24-Apr-2025 00:04:48 Europe/Berlin] Executing SQL: CREATE TABLE IF NOT EXISTS users (
                id INT AUTO_INCREMENT PRIMARY KEY,
                username VARCHAR(50) NOT NULL UNIQUE,
                password VARCHAR(255) NOT NULL,
                email VARCHAR(100) NOT NULL UNIQUE,
                account_type ENUM('user', 'admin') DEFAULT 'user',
                created_at TIMESTAMP DEFAULT CURRENT_TIMESTAMP
            )
[24-Apr-2025 00:04:48 Europe/Berlin] With params: []
[24-Apr-2025 00:04:48 Europe/Berlin] Query executed successfully. Found 0 rows
[24-Apr-2025 00:04:48 Europe/Berlin] Users table created or already exists
[24-Apr-2025 00:04:48 Europe/Berlin] Users table structure: [{"Field":"id","Type":"int(11)","Null":"NO","Key":"PRI","Default":null,"Extra":"auto_increment"},{"Field":"username","Type":"varchar(50)","Null":"NO","Key":"","Default":null,"Extra":""},{"Field":"email","Type":"varchar(100)","Null":"NO","Key":"UNI","Default":null,"Extra":""},{"Field":"password","Type":"varchar(255)","Null":"NO","Key":"","Default":null,"Extra":""},{"Field":"role","Type":"enum('user','admin')","Null":"YES","Key":"","Default":"user","Extra":""},{"Field":"verification_code","Type":"varchar(100)","Null":"YES","Key":"","Default":null,"Extra":""},{"Field":"is_verified","Type":"tinyint(1)","Null":"YES","Key":"","Default":"0","Extra":""},{"Field":"created_at","Type":"timestamp","Null":"NO","Key":"","Default":"current_timestamp()","Extra":""},{"Field":"favorite_sport","Type":"varchar(50)","Null":"YES","Key":"","Default":null,"Extra":""},{"Field":"favorite_team","Type":"varchar(50)","Null":"YES","Key":"","Default":null,"Extra":""},{"Field":"account_type","Type":"enum('user','admin')","Null":"YES","Key":"","Default":"user","Extra":""}]
[24-Apr-2025 00:04:48 Europe/Berlin] Number of users in database: 13
[24-Apr-2025 00:04:48 Europe/Berlin] All tables initialized successfully
[24-Apr-2025 00:04:48 Europe/Berlin] API Request received: /sportsync/backend/match.php?_=1745445888228
[24-Apr-2025 00:04:48 Europe/Berlin] GET parameters: Array
(
    [_] => 1745445888228
)

[24-Apr-2025 00:05:17 Europe/Berlin] Connected to database. Tables found: favorites, feedback, matches, matches_backup, matches_new, news, newsletter, notifications, players, subscriptions, users
[24-Apr-2025 00:05:17 Europe/Berlin] Executing SQL: CREATE TABLE IF NOT EXISTS users (
                id INT AUTO_INCREMENT PRIMARY KEY,
                username VARCHAR(50) NOT NULL UNIQUE,
                password VARCHAR(255) NOT NULL,
                email VARCHAR(100) NOT NULL UNIQUE,
                account_type ENUM('user', 'admin') DEFAULT 'user',
                created_at TIMESTAMP DEFAULT CURRENT_TIMESTAMP
            )
[24-Apr-2025 00:05:17 Europe/Berlin] With params: []
[24-Apr-2025 00:05:17 Europe/Berlin] Query executed successfully. Found 0 rows
[24-Apr-2025 00:05:17 Europe/Berlin] Users table created or already exists
[24-Apr-2025 00:05:17 Europe/Berlin] Users table structure: [{"Field":"id","Type":"int(11)","Null":"NO","Key":"PRI","Default":null,"Extra":"auto_increment"},{"Field":"username","Type":"varchar(50)","Null":"NO","Key":"","Default":null,"Extra":""},{"Field":"email","Type":"varchar(100)","Null":"NO","Key":"UNI","Default":null,"Extra":""},{"Field":"password","Type":"varchar(255)","Null":"NO","Key":"","Default":null,"Extra":""},{"Field":"role","Type":"enum('user','admin')","Null":"YES","Key":"","Default":"user","Extra":""},{"Field":"verification_code","Type":"varchar(100)","Null":"YES","Key":"","Default":null,"Extra":""},{"Field":"is_verified","Type":"tinyint(1)","Null":"YES","Key":"","Default":"0","Extra":""},{"Field":"created_at","Type":"timestamp","Null":"NO","Key":"","Default":"current_timestamp()","Extra":""},{"Field":"favorite_sport","Type":"varchar(50)","Null":"YES","Key":"","Default":null,"Extra":""},{"Field":"favorite_team","Type":"varchar(50)","Null":"YES","Key":"","Default":null,"Extra":""},{"Field":"account_type","Type":"enum('user','admin')","Null":"YES","Key":"","Default":"user","Extra":""}]
[24-Apr-2025 00:05:17 Europe/Berlin] Number of users in database: 13
[24-Apr-2025 00:05:17 Europe/Berlin] All tables initialized successfully
[24-Apr-2025 00:05:17 Europe/Berlin] API Request received: /sportsync/backend/match.php?action=fetch_matches&sport=cricket&all=true
[24-Apr-2025 00:05:17 Europe/Berlin] GET parameters: Array
(
    [action] => fetch_matches
    [sport] => cricket
    [all] => true
)

[24-Apr-2025 00:05:17 Europe/Berlin] Executing SQL: SELECT * FROM matches WHERE sport = :sport ORDER BY match_time DESC
[24-Apr-2025 00:05:17 Europe/Berlin] With params: {":sport":"cricket"}
[24-Apr-2025 00:05:17 Europe/Berlin] Query executed successfully. Found 2 rows
[24-Apr-2025 00:05:45 Europe/Berlin] Connected to database. Tables found: favorites, feedback, matches, matches_backup, matches_new, news, newsletter, notifications, players, subscriptions, users
[24-Apr-2025 00:05:45 Europe/Berlin] Executing SQL: CREATE TABLE IF NOT EXISTS users (
                id INT AUTO_INCREMENT PRIMARY KEY,
                username VARCHAR(50) NOT NULL UNIQUE,
                password VARCHAR(255) NOT NULL,
                email VARCHAR(100) NOT NULL UNIQUE,
                account_type ENUM('user', 'admin') DEFAULT 'user',
                created_at TIMESTAMP DEFAULT CURRENT_TIMESTAMP
            )
[24-Apr-2025 00:05:45 Europe/Berlin] With params: []
[24-Apr-2025 00:05:45 Europe/Berlin] Query executed successfully. Found 0 rows
[24-Apr-2025 00:05:45 Europe/Berlin] Users table created or already exists
[24-Apr-2025 00:05:45 Europe/Berlin] Users table structure: [{"Field":"id","Type":"int(11)","Null":"NO","Key":"PRI","Default":null,"Extra":"auto_increment"},{"Field":"username","Type":"varchar(50)","Null":"NO","Key":"","Default":null,"Extra":""},{"Field":"email","Type":"varchar(100)","Null":"NO","Key":"UNI","Default":null,"Extra":""},{"Field":"password","Type":"varchar(255)","Null":"NO","Key":"","Default":null,"Extra":""},{"Field":"role","Type":"enum('user','admin')","Null":"YES","Key":"","Default":"user","Extra":""},{"Field":"verification_code","Type":"varchar(100)","Null":"YES","Key":"","Default":null,"Extra":""},{"Field":"is_verified","Type":"tinyint(1)","Null":"YES","Key":"","Default":"0","Extra":""},{"Field":"created_at","Type":"timestamp","Null":"NO","Key":"","Default":"current_timestamp()","Extra":""},{"Field":"favorite_sport","Type":"varchar(50)","Null":"YES","Key":"","Default":null,"Extra":""},{"Field":"favorite_team","Type":"varchar(50)","Null":"YES","Key":"","Default":null,"Extra":""},{"Field":"account_type","Type":"enum('user','admin')","Null":"YES","Key":"","Default":"user","Extra":""}]
[24-Apr-2025 00:05:45 Europe/Berlin] Number of users in database: 13
[24-Apr-2025 00:05:45 Europe/Berlin] All tables initialized successfully
[24-Apr-2025 00:05:45 Europe/Berlin] Connected to database. Tables found: favorites, feedback, matches, matches_backup, matches_new, news, newsletter, notifications, players, subscriptions, users
[24-Apr-2025 00:05:45 Europe/Berlin] Executing SQL: CREATE TABLE IF NOT EXISTS users (
                id INT AUTO_INCREMENT PRIMARY KEY,
                username VARCHAR(50) NOT NULL UNIQUE,
                password VARCHAR(255) NOT NULL,
                email VARCHAR(100) NOT NULL UNIQUE,
                account_type ENUM('user', 'admin') DEFAULT 'user',
                created_at TIMESTAMP DEFAULT CURRENT_TIMESTAMP
            )
[24-Apr-2025 00:05:45 Europe/Berlin] With params: []
[24-Apr-2025 00:05:45 Europe/Berlin] Query executed successfully. Found 0 rows
[24-Apr-2025 00:05:45 Europe/Berlin] Users table created or already exists
[24-Apr-2025 00:05:45 Europe/Berlin] Users table structure: [{"Field":"id","Type":"int(11)","Null":"NO","Key":"PRI","Default":null,"Extra":"auto_increment"},{"Field":"username","Type":"varchar(50)","Null":"NO","Key":"","Default":null,"Extra":""},{"Field":"email","Type":"varchar(100)","Null":"NO","Key":"UNI","Default":null,"Extra":""},{"Field":"password","Type":"varchar(255)","Null":"NO","Key":"","Default":null,"Extra":""},{"Field":"role","Type":"enum('user','admin')","Null":"YES","Key":"","Default":"user","Extra":""},{"Field":"verification_code","Type":"varchar(100)","Null":"YES","Key":"","Default":null,"Extra":""},{"Field":"is_verified","Type":"tinyint(1)","Null":"YES","Key":"","Default":"0","Extra":""},{"Field":"created_at","Type":"timestamp","Null":"NO","Key":"","Default":"current_timestamp()","Extra":""},{"Field":"favorite_sport","Type":"varchar(50)","Null":"YES","Key":"","Default":null,"Extra":""},{"Field":"favorite_team","Type":"varchar(50)","Null":"YES","Key":"","Default":null,"Extra":""},{"Field":"account_type","Type":"enum('user','admin')","Null":"YES","Key":"","Default":"user","Extra":""}]
[24-Apr-2025 00:05:45 Europe/Berlin] Number of users in database: 13
[24-Apr-2025 00:05:45 Europe/Berlin] All tables initialized successfully
[24-Apr-2025 00:05:45 Europe/Berlin] Database tables initialized successfully
[24-Apr-2025 00:05:45 Europe/Berlin] Executing SQL: SELECT * FROM users WHERE id = :id
[24-Apr-2025 00:05:45 Europe/Berlin] With params: {":id":12}
[24-Apr-2025 00:05:45 Europe/Berlin] Query executed successfully. Found 1 rows
[24-Apr-2025 00:05:45 Europe/Berlin] User loaded from session: varunpndey
[24-Apr-2025 00:05:45 Europe/Berlin] Header - Session status: 2
[24-Apr-2025 00:05:45 Europe/Berlin] Header - Session data: {"user_id":12,"username":"varunpndey","email":"va@gmail.com","account_type":"admin"}
[24-Apr-2025 00:05:45 Europe/Berlin] Header - After session start - Status: 2
[24-Apr-2025 00:05:45 Europe/Berlin] Header - After session start - Data: {"user_id":12,"username":"varunpndey","email":"va@gmail.com","account_type":"admin"}
[24-Apr-2025 00:05:45 Europe/Berlin] Header - Is logged in: Yes
[24-Apr-2025 00:05:45 Europe/Berlin] Executing SQL: SELECT m.* FROM matches m 
                    INNER JOIN favorites f ON m.id = f.match_id 
                    WHERE f.user_id = :user_id 
                    ORDER BY m.match_time DESC
[24-Apr-2025 00:05:45 Europe/Berlin] With params: {":user_id":12}
[24-Apr-2025 00:05:45 Europe/Berlin] Query executed successfully. Found 0 rows
[24-Apr-2025 00:05:47 Europe/Berlin] Connected to database. Tables found: favorites, feedback, matches, matches_backup, matches_new, news, newsletter, notifications, players, subscriptions, users
[24-Apr-2025 00:05:47 Europe/Berlin] Executing SQL: CREATE TABLE IF NOT EXISTS users (
                id INT AUTO_INCREMENT PRIMARY KEY,
                username VARCHAR(50) NOT NULL UNIQUE,
                password VARCHAR(255) NOT NULL,
                email VARCHAR(100) NOT NULL UNIQUE,
                account_type ENUM('user', 'admin') DEFAULT 'user',
                created_at TIMESTAMP DEFAULT CURRENT_TIMESTAMP
            )
[24-Apr-2025 00:05:47 Europe/Berlin] With params: []
[24-Apr-2025 00:05:47 Europe/Berlin] Query executed successfully. Found 0 rows
[24-Apr-2025 00:05:47 Europe/Berlin] Users table created or already exists
[24-Apr-2025 00:05:47 Europe/Berlin] Users table structure: [{"Field":"id","Type":"int(11)","Null":"NO","Key":"PRI","Default":null,"Extra":"auto_increment"},{"Field":"username","Type":"varchar(50)","Null":"NO","Key":"","Default":null,"Extra":""},{"Field":"email","Type":"varchar(100)","Null":"NO","Key":"UNI","Default":null,"Extra":""},{"Field":"password","Type":"varchar(255)","Null":"NO","Key":"","Default":null,"Extra":""},{"Field":"role","Type":"enum('user','admin')","Null":"YES","Key":"","Default":"user","Extra":""},{"Field":"verification_code","Type":"varchar(100)","Null":"YES","Key":"","Default":null,"Extra":""},{"Field":"is_verified","Type":"tinyint(1)","Null":"YES","Key":"","Default":"0","Extra":""},{"Field":"created_at","Type":"timestamp","Null":"NO","Key":"","Default":"current_timestamp()","Extra":""},{"Field":"favorite_sport","Type":"varchar(50)","Null":"YES","Key":"","Default":null,"Extra":""},{"Field":"favorite_team","Type":"varchar(50)","Null":"YES","Key":"","Default":null,"Extra":""},{"Field":"account_type","Type":"enum('user','admin')","Null":"YES","Key":"","Default":"user","Extra":""}]
[24-Apr-2025 00:05:47 Europe/Berlin] Number of users in database: 13
[24-Apr-2025 00:05:47 Europe/Berlin] All tables initialized successfully
[24-Apr-2025 00:05:47 Europe/Berlin] Connected to database. Tables found: favorites, feedback, matches, matches_backup, matches_new, news, newsletter, notifications, players, subscriptions, users
[24-Apr-2025 00:05:47 Europe/Berlin] Executing SQL: CREATE TABLE IF NOT EXISTS users (
                id INT AUTO_INCREMENT PRIMARY KEY,
                username VARCHAR(50) NOT NULL UNIQUE,
                password VARCHAR(255) NOT NULL,
                email VARCHAR(100) NOT NULL UNIQUE,
                account_type ENUM('user', 'admin') DEFAULT 'user',
                created_at TIMESTAMP DEFAULT CURRENT_TIMESTAMP
            )
[24-Apr-2025 00:05:47 Europe/Berlin] With params: []
[24-Apr-2025 00:05:47 Europe/Berlin] Query executed successfully. Found 0 rows
[24-Apr-2025 00:05:47 Europe/Berlin] Users table created or already exists
[24-Apr-2025 00:05:47 Europe/Berlin] Users table structure: [{"Field":"id","Type":"int(11)","Null":"NO","Key":"PRI","Default":null,"Extra":"auto_increment"},{"Field":"username","Type":"varchar(50)","Null":"NO","Key":"","Default":null,"Extra":""},{"Field":"email","Type":"varchar(100)","Null":"NO","Key":"UNI","Default":null,"Extra":""},{"Field":"password","Type":"varchar(255)","Null":"NO","Key":"","Default":null,"Extra":""},{"Field":"role","Type":"enum('user','admin')","Null":"YES","Key":"","Default":"user","Extra":""},{"Field":"verification_code","Type":"varchar(100)","Null":"YES","Key":"","Default":null,"Extra":""},{"Field":"is_verified","Type":"tinyint(1)","Null":"YES","Key":"","Default":"0","Extra":""},{"Field":"created_at","Type":"timestamp","Null":"NO","Key":"","Default":"current_timestamp()","Extra":""},{"Field":"favorite_sport","Type":"varchar(50)","Null":"YES","Key":"","Default":null,"Extra":""},{"Field":"favorite_team","Type":"varchar(50)","Null":"YES","Key":"","Default":null,"Extra":""},{"Field":"account_type","Type":"enum('user','admin')","Null":"YES","Key":"","Default":"user","Extra":""}]
[24-Apr-2025 00:05:47 Europe/Berlin] Number of users in database: 13
[24-Apr-2025 00:05:47 Europe/Berlin] All tables initialized successfully
[24-Apr-2025 00:05:47 Europe/Berlin] Database tables initialized successfully
[24-Apr-2025 00:05:47 Europe/Berlin] Executing SQL: SELECT * FROM users WHERE id = :id
[24-Apr-2025 00:05:47 Europe/Berlin] With params: {":id":12}
[24-Apr-2025 00:05:47 Europe/Berlin] Query executed successfully. Found 1 rows
[24-Apr-2025 00:05:47 Europe/Berlin] User loaded from session: varunpndey
[24-Apr-2025 00:05:47 Europe/Berlin] PHP Notice:  session_start(): Ignoring session_start() because a session is already active in /Applications/XAMPP/xamppfiles/htdocs/sportsync/public/dashboard.php on line 2
[24-Apr-2025 00:05:47 Europe/Berlin] Executing SQL: SELECT * FROM users WHERE id = :id
[24-Apr-2025 00:05:47 Europe/Berlin] With params: {":id":12}
[24-Apr-2025 00:05:47 Europe/Berlin] Query executed successfully. Found 1 rows
[24-Apr-2025 00:05:47 Europe/Berlin] Header - Session status: 2
[24-Apr-2025 00:05:47 Europe/Berlin] Header - Session data: {"user_id":12,"username":"varunpndey","email":"va@gmail.com","account_type":"admin"}
[24-Apr-2025 00:05:47 Europe/Berlin] Header - After session start - Status: 2
[24-Apr-2025 00:05:47 Europe/Berlin] Header - After session start - Data: {"user_id":12,"username":"varunpndey","email":"va@gmail.com","account_type":"admin"}
[24-Apr-2025 00:05:47 Europe/Berlin] Header - Is logged in: Yes
[24-Apr-2025 00:05:54 Europe/Berlin] Connected to database. Tables found: favorites, feedback, matches, matches_backup, matches_new, news, newsletter, notifications, players, subscriptions, users
[24-Apr-2025 00:05:54 Europe/Berlin] Executing SQL: CREATE TABLE IF NOT EXISTS users (
                id INT AUTO_INCREMENT PRIMARY KEY,
                username VARCHAR(50) NOT NULL UNIQUE,
                password VARCHAR(255) NOT NULL,
                email VARCHAR(100) NOT NULL UNIQUE,
                account_type ENUM('user', 'admin') DEFAULT 'user',
                created_at TIMESTAMP DEFAULT CURRENT_TIMESTAMP
            )
[24-Apr-2025 00:05:54 Europe/Berlin] With params: []
[24-Apr-2025 00:05:54 Europe/Berlin] Query executed successfully. Found 0 rows
[24-Apr-2025 00:05:54 Europe/Berlin] Users table created or already exists
[24-Apr-2025 00:05:54 Europe/Berlin] Users table structure: [{"Field":"id","Type":"int(11)","Null":"NO","Key":"PRI","Default":null,"Extra":"auto_increment"},{"Field":"username","Type":"varchar(50)","Null":"NO","Key":"","Default":null,"Extra":""},{"Field":"email","Type":"varchar(100)","Null":"NO","Key":"UNI","Default":null,"Extra":""},{"Field":"password","Type":"varchar(255)","Null":"NO","Key":"","Default":null,"Extra":""},{"Field":"role","Type":"enum('user','admin')","Null":"YES","Key":"","Default":"user","Extra":""},{"Field":"verification_code","Type":"varchar(100)","Null":"YES","Key":"","Default":null,"Extra":""},{"Field":"is_verified","Type":"tinyint(1)","Null":"YES","Key":"","Default":"0","Extra":""},{"Field":"created_at","Type":"timestamp","Null":"NO","Key":"","Default":"current_timestamp()","Extra":""},{"Field":"favorite_sport","Type":"varchar(50)","Null":"YES","Key":"","Default":null,"Extra":""},{"Field":"favorite_team","Type":"varchar(50)","Null":"YES","Key":"","Default":null,"Extra":""},{"Field":"account_type","Type":"enum('user','admin')","Null":"YES","Key":"","Default":"user","Extra":""}]
[24-Apr-2025 00:05:54 Europe/Berlin] Number of users in database: 13
[24-Apr-2025 00:05:54 Europe/Berlin] All tables initialized successfully
[24-Apr-2025 00:05:54 Europe/Berlin] Connected to database. Tables found: favorites, feedback, matches, matches_backup, matches_new, news, newsletter, notifications, players, subscriptions, users
[24-Apr-2025 00:05:54 Europe/Berlin] Executing SQL: CREATE TABLE IF NOT EXISTS users (
                id INT AUTO_INCREMENT PRIMARY KEY,
                username VARCHAR(50) NOT NULL UNIQUE,
                password VARCHAR(255) NOT NULL,
                email VARCHAR(100) NOT NULL UNIQUE,
                account_type ENUM('user', 'admin') DEFAULT 'user',
                created_at TIMESTAMP DEFAULT CURRENT_TIMESTAMP
            )
[24-Apr-2025 00:05:54 Europe/Berlin] With params: []
[24-Apr-2025 00:05:54 Europe/Berlin] Query executed successfully. Found 0 rows
[24-Apr-2025 00:05:54 Europe/Berlin] Users table created or already exists
[24-Apr-2025 00:05:54 Europe/Berlin] Users table structure: [{"Field":"id","Type":"int(11)","Null":"NO","Key":"PRI","Default":null,"Extra":"auto_increment"},{"Field":"username","Type":"varchar(50)","Null":"NO","Key":"","Default":null,"Extra":""},{"Field":"email","Type":"varchar(100)","Null":"NO","Key":"UNI","Default":null,"Extra":""},{"Field":"password","Type":"varchar(255)","Null":"NO","Key":"","Default":null,"Extra":""},{"Field":"role","Type":"enum('user','admin')","Null":"YES","Key":"","Default":"user","Extra":""},{"Field":"verification_code","Type":"varchar(100)","Null":"YES","Key":"","Default":null,"Extra":""},{"Field":"is_verified","Type":"tinyint(1)","Null":"YES","Key":"","Default":"0","Extra":""},{"Field":"created_at","Type":"timestamp","Null":"NO","Key":"","Default":"current_timestamp()","Extra":""},{"Field":"favorite_sport","Type":"varchar(50)","Null":"YES","Key":"","Default":null,"Extra":""},{"Field":"favorite_team","Type":"varchar(50)","Null":"YES","Key":"","Default":null,"Extra":""},{"Field":"account_type","Type":"enum('user','admin')","Null":"YES","Key":"","Default":"user","Extra":""}]
[24-Apr-2025 00:05:54 Europe/Berlin] Number of users in database: 13
[24-Apr-2025 00:05:54 Europe/Berlin] All tables initialized successfully
[24-Apr-2025 00:05:54 Europe/Berlin] Database tables initialized successfully
[24-Apr-2025 00:05:54 Europe/Berlin] Executing SQL: SELECT * FROM users WHERE id = :id
[24-Apr-2025 00:05:54 Europe/Berlin] With params: {":id":12}
[24-Apr-2025 00:05:54 Europe/Berlin] Query executed successfully. Found 1 rows
[24-Apr-2025 00:05:54 Europe/Berlin] User loaded from session: varunpndey
[24-Apr-2025 00:05:54 Europe/Berlin] PHP Notice:  session_start(): Ignoring session_start() because a session is already active in /Applications/XAMPP/xamppfiles/htdocs/sportsync/public/dashboard.php on line 2
[24-Apr-2025 00:05:54 Europe/Berlin] Executing SQL: SELECT * FROM users WHERE id = :id
[24-Apr-2025 00:05:54 Europe/Berlin] With params: {":id":12}
[24-Apr-2025 00:05:54 Europe/Berlin] Query executed successfully. Found 1 rows
[24-Apr-2025 00:05:54 Europe/Berlin] Header - Session status: 2
[24-Apr-2025 00:05:54 Europe/Berlin] Header - Session data: {"user_id":12,"username":"varunpndey","email":"va@gmail.com","account_type":"admin"}
[24-Apr-2025 00:05:54 Europe/Berlin] Header - After session start - Status: 2
[24-Apr-2025 00:05:54 Europe/Berlin] Header - After session start - Data: {"user_id":12,"username":"varunpndey","email":"va@gmail.com","account_type":"admin"}
[24-Apr-2025 00:05:54 Europe/Berlin] Header - Is logged in: Yes
[24-Apr-2025 00:05:57 Europe/Berlin] Connected to database. Tables found: favorites, feedback, matches, matches_backup, matches_new, news, newsletter, notifications, players, subscriptions, users
[24-Apr-2025 00:05:57 Europe/Berlin] Executing SQL: CREATE TABLE IF NOT EXISTS users (
                id INT AUTO_INCREMENT PRIMARY KEY,
                username VARCHAR(50) NOT NULL UNIQUE,
                password VARCHAR(255) NOT NULL,
                email VARCHAR(100) NOT NULL UNIQUE,
                account_type ENUM('user', 'admin') DEFAULT 'user',
                created_at TIMESTAMP DEFAULT CURRENT_TIMESTAMP
            )
[24-Apr-2025 00:05:57 Europe/Berlin] With params: []
[24-Apr-2025 00:05:57 Europe/Berlin] Query executed successfully. Found 0 rows
[24-Apr-2025 00:05:57 Europe/Berlin] Users table created or already exists
[24-Apr-2025 00:05:57 Europe/Berlin] Users table structure: [{"Field":"id","Type":"int(11)","Null":"NO","Key":"PRI","Default":null,"Extra":"auto_increment"},{"Field":"username","Type":"varchar(50)","Null":"NO","Key":"","Default":null,"Extra":""},{"Field":"email","Type":"varchar(100)","Null":"NO","Key":"UNI","Default":null,"Extra":""},{"Field":"password","Type":"varchar(255)","Null":"NO","Key":"","Default":null,"Extra":""},{"Field":"role","Type":"enum('user','admin')","Null":"YES","Key":"","Default":"user","Extra":""},{"Field":"verification_code","Type":"varchar(100)","Null":"YES","Key":"","Default":null,"Extra":""},{"Field":"is_verified","Type":"tinyint(1)","Null":"YES","Key":"","Default":"0","Extra":""},{"Field":"created_at","Type":"timestamp","Null":"NO","Key":"","Default":"current_timestamp()","Extra":""},{"Field":"favorite_sport","Type":"varchar(50)","Null":"YES","Key":"","Default":null,"Extra":""},{"Field":"favorite_team","Type":"varchar(50)","Null":"YES","Key":"","Default":null,"Extra":""},{"Field":"account_type","Type":"enum('user','admin')","Null":"YES","Key":"","Default":"user","Extra":""}]
[24-Apr-2025 00:05:57 Europe/Berlin] Number of users in database: 13
[24-Apr-2025 00:05:57 Europe/Berlin] All tables initialized successfully
[24-Apr-2025 00:05:57 Europe/Berlin] Connected to database. Tables found: favorites, feedback, matches, matches_backup, matches_new, news, newsletter, notifications, players, subscriptions, users
[24-Apr-2025 00:05:57 Europe/Berlin] Executing SQL: CREATE TABLE IF NOT EXISTS users (
                id INT AUTO_INCREMENT PRIMARY KEY,
                username VARCHAR(50) NOT NULL UNIQUE,
                password VARCHAR(255) NOT NULL,
                email VARCHAR(100) NOT NULL UNIQUE,
                account_type ENUM('user', 'admin') DEFAULT 'user',
                created_at TIMESTAMP DEFAULT CURRENT_TIMESTAMP
            )
[24-Apr-2025 00:05:57 Europe/Berlin] With params: []
[24-Apr-2025 00:05:57 Europe/Berlin] Query executed successfully. Found 0 rows
[24-Apr-2025 00:05:57 Europe/Berlin] Users table created or already exists
[24-Apr-2025 00:05:57 Europe/Berlin] Users table structure: [{"Field":"id","Type":"int(11)","Null":"NO","Key":"PRI","Default":null,"Extra":"auto_increment"},{"Field":"username","Type":"varchar(50)","Null":"NO","Key":"","Default":null,"Extra":""},{"Field":"email","Type":"varchar(100)","Null":"NO","Key":"UNI","Default":null,"Extra":""},{"Field":"password","Type":"varchar(255)","Null":"NO","Key":"","Default":null,"Extra":""},{"Field":"role","Type":"enum('user','admin')","Null":"YES","Key":"","Default":"user","Extra":""},{"Field":"verification_code","Type":"varchar(100)","Null":"YES","Key":"","Default":null,"Extra":""},{"Field":"is_verified","Type":"tinyint(1)","Null":"YES","Key":"","Default":"0","Extra":""},{"Field":"created_at","Type":"timestamp","Null":"NO","Key":"","Default":"current_timestamp()","Extra":""},{"Field":"favorite_sport","Type":"varchar(50)","Null":"YES","Key":"","Default":null,"Extra":""},{"Field":"favorite_team","Type":"varchar(50)","Null":"YES","Key":"","Default":null,"Extra":""},{"Field":"account_type","Type":"enum('user','admin')","Null":"YES","Key":"","Default":"user","Extra":""}]
[24-Apr-2025 00:05:57 Europe/Berlin] Number of users in database: 13
[24-Apr-2025 00:05:57 Europe/Berlin] All tables initialized successfully
[24-Apr-2025 00:05:57 Europe/Berlin] Database tables initialized successfully
[24-Apr-2025 00:05:57 Europe/Berlin] Executing SQL: SELECT * FROM users WHERE id = :id
[24-Apr-2025 00:05:57 Europe/Berlin] With params: {":id":12}
[24-Apr-2025 00:05:57 Europe/Berlin] Query executed successfully. Found 1 rows
[24-Apr-2025 00:05:57 Europe/Berlin] User loaded from session: varunpndey
[24-Apr-2025 00:05:57 Europe/Berlin] Header - Session status: 2
[24-Apr-2025 00:05:57 Europe/Berlin] Header - Session data: {"user_id":12,"username":"varunpndey","email":"va@gmail.com","account_type":"admin"}
[24-Apr-2025 00:05:57 Europe/Berlin] Header - After session start - Status: 2
[24-Apr-2025 00:05:57 Europe/Berlin] Header - After session start - Data: {"user_id":12,"username":"varunpndey","email":"va@gmail.com","account_type":"admin"}
[24-Apr-2025 00:05:57 Europe/Berlin] Header - Is logged in: Yes
[24-Apr-2025 00:05:57 Europe/Berlin] Executing SQL: SELECT * FROM news ORDER BY created_at DESC LIMIT 5
[24-Apr-2025 00:05:57 Europe/Berlin] With params: []
[24-Apr-2025 00:05:57 Europe/Berlin] Query executed successfully. Found 2 rows
[24-Apr-2025 00:05:57 Europe/Berlin] Executing SQL: SELECT * FROM matches WHERE status = 'live'
[24-Apr-2025 00:05:57 Europe/Berlin] With params: []
[24-Apr-2025 00:05:57 Europe/Berlin] Query executed successfully. Found 2 rows
[24-Apr-2025 00:05:57 Europe/Berlin] Executing SQL: SELECT COUNT(*) as count FROM favorites 
                    WHERE user_id = :user_id AND match_id = :match_id
[24-Apr-2025 00:05:57 Europe/Berlin] With params: {":user_id":12,":match_id":41}
[24-Apr-2025 00:05:57 Europe/Berlin] Query executed successfully. Found 1 rows
[24-Apr-2025 00:05:57 Europe/Berlin] Executing SQL: SELECT COUNT(*) as count FROM favorites 
                    WHERE user_id = :user_id AND match_id = :match_id
[24-Apr-2025 00:05:57 Europe/Berlin] With params: {":user_id":12,":match_id":42}
[24-Apr-2025 00:05:57 Europe/Berlin] Query executed successfully. Found 1 rows
[24-Apr-2025 00:06:01 Europe/Berlin] Connected to database. Tables found: favorites, feedback, matches, matches_backup, matches_new, news, newsletter, notifications, players, subscriptions, users
[24-Apr-2025 00:06:01 Europe/Berlin] Executing SQL: CREATE TABLE IF NOT EXISTS users (
                id INT AUTO_INCREMENT PRIMARY KEY,
                username VARCHAR(50) NOT NULL UNIQUE,
                password VARCHAR(255) NOT NULL,
                email VARCHAR(100) NOT NULL UNIQUE,
                account_type ENUM('user', 'admin') DEFAULT 'user',
                created_at TIMESTAMP DEFAULT CURRENT_TIMESTAMP
            )
[24-Apr-2025 00:06:01 Europe/Berlin] With params: []
[24-Apr-2025 00:06:01 Europe/Berlin] Query executed successfully. Found 0 rows
[24-Apr-2025 00:06:01 Europe/Berlin] Users table created or already exists
[24-Apr-2025 00:06:01 Europe/Berlin] Users table structure: [{"Field":"id","Type":"int(11)","Null":"NO","Key":"PRI","Default":null,"Extra":"auto_increment"},{"Field":"username","Type":"varchar(50)","Null":"NO","Key":"","Default":null,"Extra":""},{"Field":"email","Type":"varchar(100)","Null":"NO","Key":"UNI","Default":null,"Extra":""},{"Field":"password","Type":"varchar(255)","Null":"NO","Key":"","Default":null,"Extra":""},{"Field":"role","Type":"enum('user','admin')","Null":"YES","Key":"","Default":"user","Extra":""},{"Field":"verification_code","Type":"varchar(100)","Null":"YES","Key":"","Default":null,"Extra":""},{"Field":"is_verified","Type":"tinyint(1)","Null":"YES","Key":"","Default":"0","Extra":""},{"Field":"created_at","Type":"timestamp","Null":"NO","Key":"","Default":"current_timestamp()","Extra":""},{"Field":"favorite_sport","Type":"varchar(50)","Null":"YES","Key":"","Default":null,"Extra":""},{"Field":"favorite_team","Type":"varchar(50)","Null":"YES","Key":"","Default":null,"Extra":""},{"Field":"account_type","Type":"enum('user','admin')","Null":"YES","Key":"","Default":"user","Extra":""}]
[24-Apr-2025 00:06:01 Europe/Berlin] Number of users in database: 13
[24-Apr-2025 00:06:01 Europe/Berlin] All tables initialized successfully
[24-Apr-2025 00:06:01 Europe/Berlin] Connected to database. Tables found: favorites, feedback, matches, matches_backup, matches_new, news, newsletter, notifications, players, subscriptions, users
[24-Apr-2025 00:06:01 Europe/Berlin] Executing SQL: CREATE TABLE IF NOT EXISTS users (
                id INT AUTO_INCREMENT PRIMARY KEY,
                username VARCHAR(50) NOT NULL UNIQUE,
                password VARCHAR(255) NOT NULL,
                email VARCHAR(100) NOT NULL UNIQUE,
                account_type ENUM('user', 'admin') DEFAULT 'user',
                created_at TIMESTAMP DEFAULT CURRENT_TIMESTAMP
            )
[24-Apr-2025 00:06:01 Europe/Berlin] With params: []
[24-Apr-2025 00:06:01 Europe/Berlin] Query executed successfully. Found 0 rows
[24-Apr-2025 00:06:01 Europe/Berlin] Users table created or already exists
[24-Apr-2025 00:06:01 Europe/Berlin] Users table structure: [{"Field":"id","Type":"int(11)","Null":"NO","Key":"PRI","Default":null,"Extra":"auto_increment"},{"Field":"username","Type":"varchar(50)","Null":"NO","Key":"","Default":null,"Extra":""},{"Field":"email","Type":"varchar(100)","Null":"NO","Key":"UNI","Default":null,"Extra":""},{"Field":"password","Type":"varchar(255)","Null":"NO","Key":"","Default":null,"Extra":""},{"Field":"role","Type":"enum('user','admin')","Null":"YES","Key":"","Default":"user","Extra":""},{"Field":"verification_code","Type":"varchar(100)","Null":"YES","Key":"","Default":null,"Extra":""},{"Field":"is_verified","Type":"tinyint(1)","Null":"YES","Key":"","Default":"0","Extra":""},{"Field":"created_at","Type":"timestamp","Null":"NO","Key":"","Default":"current_timestamp()","Extra":""},{"Field":"favorite_sport","Type":"varchar(50)","Null":"YES","Key":"","Default":null,"Extra":""},{"Field":"favorite_team","Type":"varchar(50)","Null":"YES","Key":"","Default":null,"Extra":""},{"Field":"account_type","Type":"enum('user','admin')","Null":"YES","Key":"","Default":"user","Extra":""}]
[24-Apr-2025 00:06:01 Europe/Berlin] Number of users in database: 13
[24-Apr-2025 00:06:01 Europe/Berlin] All tables initialized successfully
[24-Apr-2025 00:06:01 Europe/Berlin] Database tables initialized successfully
[24-Apr-2025 00:06:01 Europe/Berlin] Executing SQL: SELECT * FROM users WHERE id = :id
[24-Apr-2025 00:06:01 Europe/Berlin] With params: {":id":12}
[24-Apr-2025 00:06:01 Europe/Berlin] Query executed successfully. Found 1 rows
[24-Apr-2025 00:06:01 Europe/Berlin] User loaded from session: varunpndey
[24-Apr-2025 00:06:01 Europe/Berlin] Header - Session status: 2
[24-Apr-2025 00:06:01 Europe/Berlin] Header - Session data: {"user_id":12,"username":"varunpndey","email":"va@gmail.com","account_type":"admin"}
[24-Apr-2025 00:06:01 Europe/Berlin] Header - After session start - Status: 2
[24-Apr-2025 00:06:01 Europe/Berlin] Header - After session start - Data: {"user_id":12,"username":"varunpndey","email":"va@gmail.com","account_type":"admin"}
[24-Apr-2025 00:06:01 Europe/Berlin] Header - Is logged in: Yes
[24-Apr-2025 00:06:01 Europe/Berlin] Executing SQL: SELECT m.* FROM matches m 
                    INNER JOIN favorites f ON m.id = f.match_id 
                    WHERE f.user_id = :user_id 
                    ORDER BY m.match_time DESC
[24-Apr-2025 00:06:01 Europe/Berlin] With params: {":user_id":12}
[24-Apr-2025 00:06:01 Europe/Berlin] Query executed successfully. Found 0 rows
[24-Apr-2025 00:07:11 Europe/Berlin] Connected to database. Tables found: favorites, feedback, matches, matches_backup, matches_new, news, newsletter, notifications, players, subscriptions, users
[24-Apr-2025 00:07:11 Europe/Berlin] Executing SQL: CREATE TABLE IF NOT EXISTS users (
                id INT AUTO_INCREMENT PRIMARY KEY,
                username VARCHAR(50) NOT NULL UNIQUE,
                password VARCHAR(255) NOT NULL,
                email VARCHAR(100) NOT NULL UNIQUE,
                account_type ENUM('user', 'admin') DEFAULT 'user',
                created_at TIMESTAMP DEFAULT CURRENT_TIMESTAMP
            )
[24-Apr-2025 00:07:11 Europe/Berlin] With params: []
[24-Apr-2025 00:07:11 Europe/Berlin] Query executed successfully. Found 0 rows
[24-Apr-2025 00:07:11 Europe/Berlin] Users table created or already exists
[24-Apr-2025 00:07:11 Europe/Berlin] Users table structure: [{"Field":"id","Type":"int(11)","Null":"NO","Key":"PRI","Default":null,"Extra":"auto_increment"},{"Field":"username","Type":"varchar(50)","Null":"NO","Key":"","Default":null,"Extra":""},{"Field":"email","Type":"varchar(100)","Null":"NO","Key":"UNI","Default":null,"Extra":""},{"Field":"password","Type":"varchar(255)","Null":"NO","Key":"","Default":null,"Extra":""},{"Field":"role","Type":"enum('user','admin')","Null":"YES","Key":"","Default":"user","Extra":""},{"Field":"verification_code","Type":"varchar(100)","Null":"YES","Key":"","Default":null,"Extra":""},{"Field":"is_verified","Type":"tinyint(1)","Null":"YES","Key":"","Default":"0","Extra":""},{"Field":"created_at","Type":"timestamp","Null":"NO","Key":"","Default":"current_timestamp()","Extra":""},{"Field":"favorite_sport","Type":"varchar(50)","Null":"YES","Key":"","Default":null,"Extra":""},{"Field":"favorite_team","Type":"varchar(50)","Null":"YES","Key":"","Default":null,"Extra":""},{"Field":"account_type","Type":"enum('user','admin')","Null":"YES","Key":"","Default":"user","Extra":""}]
[24-Apr-2025 00:07:11 Europe/Berlin] Number of users in database: 13
[24-Apr-2025 00:07:11 Europe/Berlin] All tables initialized successfully
[24-Apr-2025 00:07:11 Europe/Berlin] Connected to database. Tables found: favorites, feedback, matches, matches_backup, matches_new, news, newsletter, notifications, players, subscriptions, users
[24-Apr-2025 00:07:11 Europe/Berlin] Executing SQL: CREATE TABLE IF NOT EXISTS users (
                id INT AUTO_INCREMENT PRIMARY KEY,
                username VARCHAR(50) NOT NULL UNIQUE,
                password VARCHAR(255) NOT NULL,
                email VARCHAR(100) NOT NULL UNIQUE,
                account_type ENUM('user', 'admin') DEFAULT 'user',
                created_at TIMESTAMP DEFAULT CURRENT_TIMESTAMP
            )
[24-Apr-2025 00:07:11 Europe/Berlin] With params: []
[24-Apr-2025 00:07:11 Europe/Berlin] Query executed successfully. Found 0 rows
[24-Apr-2025 00:07:11 Europe/Berlin] Users table created or already exists
[24-Apr-2025 00:07:11 Europe/Berlin] Users table structure: [{"Field":"id","Type":"int(11)","Null":"NO","Key":"PRI","Default":null,"Extra":"auto_increment"},{"Field":"username","Type":"varchar(50)","Null":"NO","Key":"","Default":null,"Extra":""},{"Field":"email","Type":"varchar(100)","Null":"NO","Key":"UNI","Default":null,"Extra":""},{"Field":"password","Type":"varchar(255)","Null":"NO","Key":"","Default":null,"Extra":""},{"Field":"role","Type":"enum('user','admin')","Null":"YES","Key":"","Default":"user","Extra":""},{"Field":"verification_code","Type":"varchar(100)","Null":"YES","Key":"","Default":null,"Extra":""},{"Field":"is_verified","Type":"tinyint(1)","Null":"YES","Key":"","Default":"0","Extra":""},{"Field":"created_at","Type":"timestamp","Null":"NO","Key":"","Default":"current_timestamp()","Extra":""},{"Field":"favorite_sport","Type":"varchar(50)","Null":"YES","Key":"","Default":null,"Extra":""},{"Field":"favorite_team","Type":"varchar(50)","Null":"YES","Key":"","Default":null,"Extra":""},{"Field":"account_type","Type":"enum('user','admin')","Null":"YES","Key":"","Default":"user","Extra":""}]
[24-Apr-2025 00:07:11 Europe/Berlin] Number of users in database: 13
[24-Apr-2025 00:07:11 Europe/Berlin] All tables initialized successfully
[24-Apr-2025 00:07:11 Europe/Berlin] Database tables initialized successfully
[24-Apr-2025 00:07:11 Europe/Berlin] Executing SQL: SELECT * FROM users WHERE id = :id
[24-Apr-2025 00:07:11 Europe/Berlin] With params: {":id":12}
[24-Apr-2025 00:07:11 Europe/Berlin] Query executed successfully. Found 1 rows
[24-Apr-2025 00:07:11 Europe/Berlin] User loaded from session: varunpndey
[24-Apr-2025 00:07:11 Europe/Berlin] Header - Session status: 2
[24-Apr-2025 00:07:11 Europe/Berlin] Header - Session data: {"user_id":12,"username":"varunpndey","email":"va@gmail.com","account_type":"admin"}
[24-Apr-2025 00:07:11 Europe/Berlin] Header - After session start - Status: 2
[24-Apr-2025 00:07:11 Europe/Berlin] Header - After session start - Data: {"user_id":12,"username":"varunpndey","email":"va@gmail.com","account_type":"admin"}
[24-Apr-2025 00:07:11 Europe/Berlin] Header - Is logged in: Yes
[24-Apr-2025 00:07:11 Europe/Berlin] Executing SQL: SELECT * FROM matches WHERE sport = :sport ORDER BY match_time DESC
[24-Apr-2025 00:07:11 Europe/Berlin] With params: {":sport":"cricket"}
[24-Apr-2025 00:07:11 Europe/Berlin] Query executed successfully. Found 2 rows
[24-Apr-2025 00:07:11 Europe/Berlin] Executing SQL: SELECT * FROM matches WHERE sport = :sport AND status = :status
[24-Apr-2025 00:07:11 Europe/Berlin] With params: {":sport":"cricket",":status":"live"}
[24-Apr-2025 00:07:11 Europe/Berlin] Query executed successfully. Found 1 rows
[24-Apr-2025 00:07:11 Europe/Berlin] Executing SQL: SELECT COUNT(*) as count FROM favorites 
                    WHERE user_id = :user_id AND match_id = :match_id
[24-Apr-2025 00:07:11 Europe/Berlin] With params: {":user_id":12,":match_id":38}
[24-Apr-2025 00:07:11 Europe/Berlin] Query executed successfully. Found 1 rows
[24-Apr-2025 00:07:11 Europe/Berlin] Executing SQL: SELECT COUNT(*) as count FROM favorites 
                    WHERE user_id = :user_id AND match_id = :match_id
[24-Apr-2025 00:07:11 Europe/Berlin] With params: {":user_id":12,":match_id":42}
[24-Apr-2025 00:07:11 Europe/Berlin] Query executed successfully. Found 1 rows
[24-Apr-2025 00:07:42 Europe/Berlin] Connected to database. Tables found: favorites, feedback, matches, matches_backup, matches_new, news, newsletter, notifications, players, subscriptions, users
[24-Apr-2025 00:07:42 Europe/Berlin] Executing SQL: CREATE TABLE IF NOT EXISTS users (
                id INT AUTO_INCREMENT PRIMARY KEY,
                username VARCHAR(50) NOT NULL UNIQUE,
                password VARCHAR(255) NOT NULL,
                email VARCHAR(100) NOT NULL UNIQUE,
                account_type ENUM('user', 'admin') DEFAULT 'user',
                created_at TIMESTAMP DEFAULT CURRENT_TIMESTAMP
            )
[24-Apr-2025 00:07:42 Europe/Berlin] With params: []
[24-Apr-2025 00:07:42 Europe/Berlin] Query executed successfully. Found 0 rows
[24-Apr-2025 00:07:42 Europe/Berlin] Users table created or already exists
[24-Apr-2025 00:07:42 Europe/Berlin] Users table structure: [{"Field":"id","Type":"int(11)","Null":"NO","Key":"PRI","Default":null,"Extra":"auto_increment"},{"Field":"username","Type":"varchar(50)","Null":"NO","Key":"","Default":null,"Extra":""},{"Field":"email","Type":"varchar(100)","Null":"NO","Key":"UNI","Default":null,"Extra":""},{"Field":"password","Type":"varchar(255)","Null":"NO","Key":"","Default":null,"Extra":""},{"Field":"role","Type":"enum('user','admin')","Null":"YES","Key":"","Default":"user","Extra":""},{"Field":"verification_code","Type":"varchar(100)","Null":"YES","Key":"","Default":null,"Extra":""},{"Field":"is_verified","Type":"tinyint(1)","Null":"YES","Key":"","Default":"0","Extra":""},{"Field":"created_at","Type":"timestamp","Null":"NO","Key":"","Default":"current_timestamp()","Extra":""},{"Field":"favorite_sport","Type":"varchar(50)","Null":"YES","Key":"","Default":null,"Extra":""},{"Field":"favorite_team","Type":"varchar(50)","Null":"YES","Key":"","Default":null,"Extra":""},{"Field":"account_type","Type":"enum('user','admin')","Null":"YES","Key":"","Default":"user","Extra":""}]
[24-Apr-2025 00:07:42 Europe/Berlin] Number of users in database: 13
[24-Apr-2025 00:07:42 Europe/Berlin] All tables initialized successfully
[24-Apr-2025 00:07:42 Europe/Berlin] API Request received: /sportsync/backend/match.php?action=fetch_matches&sport=cricket&all=true
[24-Apr-2025 00:07:42 Europe/Berlin] GET parameters: Array
(
    [action] => fetch_matches
    [sport] => cricket
    [all] => true
)

[24-Apr-2025 00:07:42 Europe/Berlin] Executing SQL: SELECT * FROM matches WHERE sport = :sport ORDER BY match_time DESC
[24-Apr-2025 00:07:42 Europe/Berlin] With params: {":sport":"cricket"}
[24-Apr-2025 00:07:42 Europe/Berlin] Query executed successfully. Found 2 rows
[24-Apr-2025 00:08:13 Europe/Berlin] Connected to database. Tables found: favorites, feedback, matches, matches_backup, matches_new, news, newsletter, notifications, players, subscriptions, users
[24-Apr-2025 00:08:13 Europe/Berlin] Executing SQL: CREATE TABLE IF NOT EXISTS users (
                id INT AUTO_INCREMENT PRIMARY KEY,
                username VARCHAR(50) NOT NULL UNIQUE,
                password VARCHAR(255) NOT NULL,
                email VARCHAR(100) NOT NULL UNIQUE,
                account_type ENUM('user', 'admin') DEFAULT 'user',
                created_at TIMESTAMP DEFAULT CURRENT_TIMESTAMP
            )
[24-Apr-2025 00:08:13 Europe/Berlin] With params: []
[24-Apr-2025 00:08:13 Europe/Berlin] Query executed successfully. Found 0 rows
[24-Apr-2025 00:08:13 Europe/Berlin] Users table created or already exists
[24-Apr-2025 00:08:13 Europe/Berlin] Users table structure: [{"Field":"id","Type":"int(11)","Null":"NO","Key":"PRI","Default":null,"Extra":"auto_increment"},{"Field":"username","Type":"varchar(50)","Null":"NO","Key":"","Default":null,"Extra":""},{"Field":"email","Type":"varchar(100)","Null":"NO","Key":"UNI","Default":null,"Extra":""},{"Field":"password","Type":"varchar(255)","Null":"NO","Key":"","Default":null,"Extra":""},{"Field":"role","Type":"enum('user','admin')","Null":"YES","Key":"","Default":"user","Extra":""},{"Field":"verification_code","Type":"varchar(100)","Null":"YES","Key":"","Default":null,"Extra":""},{"Field":"is_verified","Type":"tinyint(1)","Null":"YES","Key":"","Default":"0","Extra":""},{"Field":"created_at","Type":"timestamp","Null":"NO","Key":"","Default":"current_timestamp()","Extra":""},{"Field":"favorite_sport","Type":"varchar(50)","Null":"YES","Key":"","Default":null,"Extra":""},{"Field":"favorite_team","Type":"varchar(50)","Null":"YES","Key":"","Default":null,"Extra":""},{"Field":"account_type","Type":"enum('user','admin')","Null":"YES","Key":"","Default":"user","Extra":""}]
[24-Apr-2025 00:08:13 Europe/Berlin] Number of users in database: 13
[24-Apr-2025 00:08:13 Europe/Berlin] All tables initialized successfully
[24-Apr-2025 00:08:13 Europe/Berlin] API Request received: /sportsync/backend/match.php?action=fetch_matches&sport=cricket&all=true
[24-Apr-2025 00:08:13 Europe/Berlin] GET parameters: Array
(
    [action] => fetch_matches
    [sport] => cricket
    [all] => true
)

[24-Apr-2025 00:08:13 Europe/Berlin] Executing SQL: SELECT * FROM matches WHERE sport = :sport ORDER BY match_time DESC
[24-Apr-2025 00:08:13 Europe/Berlin] With params: {":sport":"cricket"}
[24-Apr-2025 00:08:13 Europe/Berlin] Query executed successfully. Found 2 rows
[24-Apr-2025 00:08:43 Europe/Berlin] Connected to database. Tables found: favorites, feedback, matches, matches_backup, matches_new, news, newsletter, notifications, players, subscriptions, users
[24-Apr-2025 00:08:43 Europe/Berlin] Executing SQL: CREATE TABLE IF NOT EXISTS users (
                id INT AUTO_INCREMENT PRIMARY KEY,
                username VARCHAR(50) NOT NULL UNIQUE,
                password VARCHAR(255) NOT NULL,
                email VARCHAR(100) NOT NULL UNIQUE,
                account_type ENUM('user', 'admin') DEFAULT 'user',
                created_at TIMESTAMP DEFAULT CURRENT_TIMESTAMP
            )
[24-Apr-2025 00:08:43 Europe/Berlin] With params: []
[24-Apr-2025 00:08:43 Europe/Berlin] Query executed successfully. Found 0 rows
[24-Apr-2025 00:08:43 Europe/Berlin] Users table created or already exists
[24-Apr-2025 00:08:43 Europe/Berlin] Users table structure: [{"Field":"id","Type":"int(11)","Null":"NO","Key":"PRI","Default":null,"Extra":"auto_increment"},{"Field":"username","Type":"varchar(50)","Null":"NO","Key":"","Default":null,"Extra":""},{"Field":"email","Type":"varchar(100)","Null":"NO","Key":"UNI","Default":null,"Extra":""},{"Field":"password","Type":"varchar(255)","Null":"NO","Key":"","Default":null,"Extra":""},{"Field":"role","Type":"enum('user','admin')","Null":"YES","Key":"","Default":"user","Extra":""},{"Field":"verification_code","Type":"varchar(100)","Null":"YES","Key":"","Default":null,"Extra":""},{"Field":"is_verified","Type":"tinyint(1)","Null":"YES","Key":"","Default":"0","Extra":""},{"Field":"created_at","Type":"timestamp","Null":"NO","Key":"","Default":"current_timestamp()","Extra":""},{"Field":"favorite_sport","Type":"varchar(50)","Null":"YES","Key":"","Default":null,"Extra":""},{"Field":"favorite_team","Type":"varchar(50)","Null":"YES","Key":"","Default":null,"Extra":""},{"Field":"account_type","Type":"enum('user','admin')","Null":"YES","Key":"","Default":"user","Extra":""}]
[24-Apr-2025 00:08:43 Europe/Berlin] Number of users in database: 13
[24-Apr-2025 00:08:43 Europe/Berlin] All tables initialized successfully
[24-Apr-2025 00:08:43 Europe/Berlin] API Request received: /sportsync/backend/match.php?action=fetch_matches&sport=cricket&all=true
[24-Apr-2025 00:08:43 Europe/Berlin] GET parameters: Array
(
    [action] => fetch_matches
    [sport] => cricket
    [all] => true
)

[24-Apr-2025 00:08:43 Europe/Berlin] Executing SQL: SELECT * FROM matches WHERE sport = :sport ORDER BY match_time DESC
[24-Apr-2025 00:08:43 Europe/Berlin] With params: {":sport":"cricket"}
[24-Apr-2025 00:08:43 Europe/Berlin] Query executed successfully. Found 2 rows
[24-Apr-2025 00:09:13 Europe/Berlin] Connected to database. Tables found: favorites, feedback, matches, matches_backup, matches_new, news, newsletter, notifications, players, subscriptions, users
[24-Apr-2025 00:09:13 Europe/Berlin] Executing SQL: CREATE TABLE IF NOT EXISTS users (
                id INT AUTO_INCREMENT PRIMARY KEY,
                username VARCHAR(50) NOT NULL UNIQUE,
                password VARCHAR(255) NOT NULL,
                email VARCHAR(100) NOT NULL UNIQUE,
                account_type ENUM('user', 'admin') DEFAULT 'user',
                created_at TIMESTAMP DEFAULT CURRENT_TIMESTAMP
            )
[24-Apr-2025 00:09:13 Europe/Berlin] With params: []
[24-Apr-2025 00:09:13 Europe/Berlin] Query executed successfully. Found 0 rows
[24-Apr-2025 00:09:13 Europe/Berlin] Users table created or already exists
[24-Apr-2025 00:09:13 Europe/Berlin] Users table structure: [{"Field":"id","Type":"int(11)","Null":"NO","Key":"PRI","Default":null,"Extra":"auto_increment"},{"Field":"username","Type":"varchar(50)","Null":"NO","Key":"","Default":null,"Extra":""},{"Field":"email","Type":"varchar(100)","Null":"NO","Key":"UNI","Default":null,"Extra":""},{"Field":"password","Type":"varchar(255)","Null":"NO","Key":"","Default":null,"Extra":""},{"Field":"role","Type":"enum('user','admin')","Null":"YES","Key":"","Default":"user","Extra":""},{"Field":"verification_code","Type":"varchar(100)","Null":"YES","Key":"","Default":null,"Extra":""},{"Field":"is_verified","Type":"tinyint(1)","Null":"YES","Key":"","Default":"0","Extra":""},{"Field":"created_at","Type":"timestamp","Null":"NO","Key":"","Default":"current_timestamp()","Extra":""},{"Field":"favorite_sport","Type":"varchar(50)","Null":"YES","Key":"","Default":null,"Extra":""},{"Field":"favorite_team","Type":"varchar(50)","Null":"YES","Key":"","Default":null,"Extra":""},{"Field":"account_type","Type":"enum('user','admin')","Null":"YES","Key":"","Default":"user","Extra":""}]
[24-Apr-2025 00:09:13 Europe/Berlin] Number of users in database: 13
[24-Apr-2025 00:09:13 Europe/Berlin] All tables initialized successfully
[24-Apr-2025 00:09:13 Europe/Berlin] API Request received: /sportsync/backend/match.php?action=fetch_matches&sport=cricket&all=true
[24-Apr-2025 00:09:13 Europe/Berlin] GET parameters: Array
(
    [action] => fetch_matches
    [sport] => cricket
    [all] => true
)

[24-Apr-2025 00:09:13 Europe/Berlin] Executing SQL: SELECT * FROM matches WHERE sport = :sport ORDER BY match_time DESC
[24-Apr-2025 00:09:13 Europe/Berlin] With params: {":sport":"cricket"}
[24-Apr-2025 00:09:13 Europe/Berlin] Query executed successfully. Found 2 rows
[24-Apr-2025 00:09:17 Europe/Berlin] Connected to database. Tables found: favorites, feedback, matches, matches_backup, matches_new, news, newsletter, notifications, players, subscriptions, users
[24-Apr-2025 00:09:17 Europe/Berlin] Executing SQL: CREATE TABLE IF NOT EXISTS users (
                id INT AUTO_INCREMENT PRIMARY KEY,
                username VARCHAR(50) NOT NULL UNIQUE,
                password VARCHAR(255) NOT NULL,
                email VARCHAR(100) NOT NULL UNIQUE,
                account_type ENUM('user', 'admin') DEFAULT 'user',
                created_at TIMESTAMP DEFAULT CURRENT_TIMESTAMP
            )
[24-Apr-2025 00:09:17 Europe/Berlin] With params: []
[24-Apr-2025 00:09:17 Europe/Berlin] Query executed successfully. Found 0 rows
[24-Apr-2025 00:09:17 Europe/Berlin] Users table created or already exists
[24-Apr-2025 00:09:17 Europe/Berlin] Users table structure: [{"Field":"id","Type":"int(11)","Null":"NO","Key":"PRI","Default":null,"Extra":"auto_increment"},{"Field":"username","Type":"varchar(50)","Null":"NO","Key":"","Default":null,"Extra":""},{"Field":"email","Type":"varchar(100)","Null":"NO","Key":"UNI","Default":null,"Extra":""},{"Field":"password","Type":"varchar(255)","Null":"NO","Key":"","Default":null,"Extra":""},{"Field":"role","Type":"enum('user','admin')","Null":"YES","Key":"","Default":"user","Extra":""},{"Field":"verification_code","Type":"varchar(100)","Null":"YES","Key":"","Default":null,"Extra":""},{"Field":"is_verified","Type":"tinyint(1)","Null":"YES","Key":"","Default":"0","Extra":""},{"Field":"created_at","Type":"timestamp","Null":"NO","Key":"","Default":"current_timestamp()","Extra":""},{"Field":"favorite_sport","Type":"varchar(50)","Null":"YES","Key":"","Default":null,"Extra":""},{"Field":"favorite_team","Type":"varchar(50)","Null":"YES","Key":"","Default":null,"Extra":""},{"Field":"account_type","Type":"enum('user','admin')","Null":"YES","Key":"","Default":"user","Extra":""}]
[24-Apr-2025 00:09:17 Europe/Berlin] Number of users in database: 13
[24-Apr-2025 00:09:17 Europe/Berlin] All tables initialized successfully
[24-Apr-2025 00:09:17 Europe/Berlin] Connected to database. Tables found: favorites, feedback, matches, matches_backup, matches_new, news, newsletter, notifications, players, subscriptions, users
[24-Apr-2025 00:09:17 Europe/Berlin] Executing SQL: CREATE TABLE IF NOT EXISTS users (
                id INT AUTO_INCREMENT PRIMARY KEY,
                username VARCHAR(50) NOT NULL UNIQUE,
                password VARCHAR(255) NOT NULL,
                email VARCHAR(100) NOT NULL UNIQUE,
                account_type ENUM('user', 'admin') DEFAULT 'user',
                created_at TIMESTAMP DEFAULT CURRENT_TIMESTAMP
            )
[24-Apr-2025 00:09:17 Europe/Berlin] With params: []
[24-Apr-2025 00:09:17 Europe/Berlin] Query executed successfully. Found 0 rows
[24-Apr-2025 00:09:17 Europe/Berlin] Users table created or already exists
[24-Apr-2025 00:09:17 Europe/Berlin] Users table structure: [{"Field":"id","Type":"int(11)","Null":"NO","Key":"PRI","Default":null,"Extra":"auto_increment"},{"Field":"username","Type":"varchar(50)","Null":"NO","Key":"","Default":null,"Extra":""},{"Field":"email","Type":"varchar(100)","Null":"NO","Key":"UNI","Default":null,"Extra":""},{"Field":"password","Type":"varchar(255)","Null":"NO","Key":"","Default":null,"Extra":""},{"Field":"role","Type":"enum('user','admin')","Null":"YES","Key":"","Default":"user","Extra":""},{"Field":"verification_code","Type":"varchar(100)","Null":"YES","Key":"","Default":null,"Extra":""},{"Field":"is_verified","Type":"tinyint(1)","Null":"YES","Key":"","Default":"0","Extra":""},{"Field":"created_at","Type":"timestamp","Null":"NO","Key":"","Default":"current_timestamp()","Extra":""},{"Field":"favorite_sport","Type":"varchar(50)","Null":"YES","Key":"","Default":null,"Extra":""},{"Field":"favorite_team","Type":"varchar(50)","Null":"YES","Key":"","Default":null,"Extra":""},{"Field":"account_type","Type":"enum('user','admin')","Null":"YES","Key":"","Default":"user","Extra":""}]
[24-Apr-2025 00:09:17 Europe/Berlin] Number of users in database: 13
[24-Apr-2025 00:09:17 Europe/Berlin] All tables initialized successfully
[24-Apr-2025 00:09:17 Europe/Berlin] Database tables initialized successfully
[24-Apr-2025 00:09:17 Europe/Berlin] Executing SQL: SELECT * FROM users WHERE id = :id
[24-Apr-2025 00:09:17 Europe/Berlin] With params: {":id":12}
[24-Apr-2025 00:09:17 Europe/Berlin] Query executed successfully. Found 1 rows
[24-Apr-2025 00:09:17 Europe/Berlin] User loaded from session: varunpndey
[24-Apr-2025 00:09:17 Europe/Berlin] Header - Session status: 2
[24-Apr-2025 00:09:17 Europe/Berlin] Header - Session data: {"user_id":12,"username":"varunpndey","email":"va@gmail.com","account_type":"admin"}
[24-Apr-2025 00:09:17 Europe/Berlin] Header - After session start - Status: 2
[24-Apr-2025 00:09:17 Europe/Berlin] Header - After session start - Data: {"user_id":12,"username":"varunpndey","email":"va@gmail.com","account_type":"admin"}
[24-Apr-2025 00:09:17 Europe/Berlin] Header - Is logged in: Yes
[24-Apr-2025 00:09:17 Europe/Berlin] Executing SQL: SELECT * FROM news ORDER BY created_at DESC LIMIT 5
[24-Apr-2025 00:09:17 Europe/Berlin] With params: []
[24-Apr-2025 00:09:17 Europe/Berlin] Query executed successfully. Found 2 rows
[24-Apr-2025 00:09:17 Europe/Berlin] Executing SQL: SELECT * FROM matches WHERE status = 'live'
[24-Apr-2025 00:09:17 Europe/Berlin] With params: []
[24-Apr-2025 00:09:17 Europe/Berlin] Query executed successfully. Found 2 rows
[24-Apr-2025 00:09:17 Europe/Berlin] Executing SQL: SELECT COUNT(*) as count FROM favorites 
                    WHERE user_id = :user_id AND match_id = :match_id
[24-Apr-2025 00:09:17 Europe/Berlin] With params: {":user_id":12,":match_id":41}
[24-Apr-2025 00:09:17 Europe/Berlin] Query executed successfully. Found 1 rows
[24-Apr-2025 00:09:17 Europe/Berlin] Executing SQL: SELECT COUNT(*) as count FROM favorites 
                    WHERE user_id = :user_id AND match_id = :match_id
[24-Apr-2025 00:09:17 Europe/Berlin] With params: {":user_id":12,":match_id":42}
[24-Apr-2025 00:09:17 Europe/Berlin] Query executed successfully. Found 1 rows
[24-Apr-2025 00:10:45 Europe/Berlin] Connected to database. Tables found: favorites, feedback, matches, matches_backup, matches_new, news, newsletter, notifications, players, subscriptions, users
[24-Apr-2025 00:10:45 Europe/Berlin] Executing SQL: CREATE TABLE IF NOT EXISTS users (
                id INT AUTO_INCREMENT PRIMARY KEY,
                username VARCHAR(50) NOT NULL UNIQUE,
                password VARCHAR(255) NOT NULL,
                email VARCHAR(100) NOT NULL UNIQUE,
                account_type ENUM('user', 'admin') DEFAULT 'user',
                created_at TIMESTAMP DEFAULT CURRENT_TIMESTAMP
            )
[24-Apr-2025 00:10:45 Europe/Berlin] With params: []
[24-Apr-2025 00:10:45 Europe/Berlin] Query executed successfully. Found 0 rows
[24-Apr-2025 00:10:45 Europe/Berlin] Users table created or already exists
[24-Apr-2025 00:10:45 Europe/Berlin] Users table structure: [{"Field":"id","Type":"int(11)","Null":"NO","Key":"PRI","Default":null,"Extra":"auto_increment"},{"Field":"username","Type":"varchar(50)","Null":"NO","Key":"","Default":null,"Extra":""},{"Field":"email","Type":"varchar(100)","Null":"NO","Key":"UNI","Default":null,"Extra":""},{"Field":"password","Type":"varchar(255)","Null":"NO","Key":"","Default":null,"Extra":""},{"Field":"role","Type":"enum('user','admin')","Null":"YES","Key":"","Default":"user","Extra":""},{"Field":"verification_code","Type":"varchar(100)","Null":"YES","Key":"","Default":null,"Extra":""},{"Field":"is_verified","Type":"tinyint(1)","Null":"YES","Key":"","Default":"0","Extra":""},{"Field":"created_at","Type":"timestamp","Null":"NO","Key":"","Default":"current_timestamp()","Extra":""},{"Field":"favorite_sport","Type":"varchar(50)","Null":"YES","Key":"","Default":null,"Extra":""},{"Field":"favorite_team","Type":"varchar(50)","Null":"YES","Key":"","Default":null,"Extra":""},{"Field":"account_type","Type":"enum('user','admin')","Null":"YES","Key":"","Default":"user","Extra":""}]
[24-Apr-2025 00:10:45 Europe/Berlin] Number of users in database: 13
[24-Apr-2025 00:10:45 Europe/Berlin] All tables initialized successfully
[24-Apr-2025 00:10:45 Europe/Berlin] API Request received: /sportsync/backend/match.php
[24-Apr-2025 00:10:45 Europe/Berlin] GET parameters: Array
(
)

[24-Apr-2025 00:10:47 Europe/Berlin] Connected to database. Tables found: favorites, feedback, matches, matches_backup, matches_new, news, newsletter, notifications, players, subscriptions, users
[24-Apr-2025 00:10:47 Europe/Berlin] Executing SQL: CREATE TABLE IF NOT EXISTS users (
                id INT AUTO_INCREMENT PRIMARY KEY,
                username VARCHAR(50) NOT NULL UNIQUE,
                password VARCHAR(255) NOT NULL,
                email VARCHAR(100) NOT NULL UNIQUE,
                account_type ENUM('user', 'admin') DEFAULT 'user',
                created_at TIMESTAMP DEFAULT CURRENT_TIMESTAMP
            )
[24-Apr-2025 00:10:47 Europe/Berlin] With params: []
[24-Apr-2025 00:10:47 Europe/Berlin] Query executed successfully. Found 0 rows
[24-Apr-2025 00:10:47 Europe/Berlin] Users table created or already exists
[24-Apr-2025 00:10:47 Europe/Berlin] Users table structure: [{"Field":"id","Type":"int(11)","Null":"NO","Key":"PRI","Default":null,"Extra":"auto_increment"},{"Field":"username","Type":"varchar(50)","Null":"NO","Key":"","Default":null,"Extra":""},{"Field":"email","Type":"varchar(100)","Null":"NO","Key":"UNI","Default":null,"Extra":""},{"Field":"password","Type":"varchar(255)","Null":"NO","Key":"","Default":null,"Extra":""},{"Field":"role","Type":"enum('user','admin')","Null":"YES","Key":"","Default":"user","Extra":""},{"Field":"verification_code","Type":"varchar(100)","Null":"YES","Key":"","Default":null,"Extra":""},{"Field":"is_verified","Type":"tinyint(1)","Null":"YES","Key":"","Default":"0","Extra":""},{"Field":"created_at","Type":"timestamp","Null":"NO","Key":"","Default":"current_timestamp()","Extra":""},{"Field":"favorite_sport","Type":"varchar(50)","Null":"YES","Key":"","Default":null,"Extra":""},{"Field":"favorite_team","Type":"varchar(50)","Null":"YES","Key":"","Default":null,"Extra":""},{"Field":"account_type","Type":"enum('user','admin')","Null":"YES","Key":"","Default":"user","Extra":""}]
[24-Apr-2025 00:10:47 Europe/Berlin] Number of users in database: 13
[24-Apr-2025 00:10:47 Europe/Berlin] All tables initialized successfully
[24-Apr-2025 00:10:47 Europe/Berlin] Connected to database. Tables found: favorites, feedback, matches, matches_backup, matches_new, news, newsletter, notifications, players, subscriptions, users
[24-Apr-2025 00:10:47 Europe/Berlin] Executing SQL: CREATE TABLE IF NOT EXISTS users (
                id INT AUTO_INCREMENT PRIMARY KEY,
                username VARCHAR(50) NOT NULL UNIQUE,
                password VARCHAR(255) NOT NULL,
                email VARCHAR(100) NOT NULL UNIQUE,
                account_type ENUM('user', 'admin') DEFAULT 'user',
                created_at TIMESTAMP DEFAULT CURRENT_TIMESTAMP
            )
[24-Apr-2025 00:10:47 Europe/Berlin] With params: []
[24-Apr-2025 00:10:47 Europe/Berlin] Query executed successfully. Found 0 rows
[24-Apr-2025 00:10:47 Europe/Berlin] Users table created or already exists
[24-Apr-2025 00:10:47 Europe/Berlin] Users table structure: [{"Field":"id","Type":"int(11)","Null":"NO","Key":"PRI","Default":null,"Extra":"auto_increment"},{"Field":"username","Type":"varchar(50)","Null":"NO","Key":"","Default":null,"Extra":""},{"Field":"email","Type":"varchar(100)","Null":"NO","Key":"UNI","Default":null,"Extra":""},{"Field":"password","Type":"varchar(255)","Null":"NO","Key":"","Default":null,"Extra":""},{"Field":"role","Type":"enum('user','admin')","Null":"YES","Key":"","Default":"user","Extra":""},{"Field":"verification_code","Type":"varchar(100)","Null":"YES","Key":"","Default":null,"Extra":""},{"Field":"is_verified","Type":"tinyint(1)","Null":"YES","Key":"","Default":"0","Extra":""},{"Field":"created_at","Type":"timestamp","Null":"NO","Key":"","Default":"current_timestamp()","Extra":""},{"Field":"favorite_sport","Type":"varchar(50)","Null":"YES","Key":"","Default":null,"Extra":""},{"Field":"favorite_team","Type":"varchar(50)","Null":"YES","Key":"","Default":null,"Extra":""},{"Field":"account_type","Type":"enum('user','admin')","Null":"YES","Key":"","Default":"user","Extra":""}]
[24-Apr-2025 00:10:47 Europe/Berlin] Number of users in database: 13
[24-Apr-2025 00:10:47 Europe/Berlin] All tables initialized successfully
[24-Apr-2025 00:10:47 Europe/Berlin] Database tables initialized successfully
[24-Apr-2025 00:10:47 Europe/Berlin] Executing SQL: SELECT * FROM users WHERE id = :id
[24-Apr-2025 00:10:47 Europe/Berlin] With params: {":id":12}
[24-Apr-2025 00:10:47 Europe/Berlin] Query executed successfully. Found 1 rows
[24-Apr-2025 00:10:47 Europe/Berlin] User loaded from session: varunpndey
[24-Apr-2025 00:10:47 Europe/Berlin] Executing SQL: SELECT * FROM matches WHERE sport = :sport ORDER BY match_time DESC
[24-Apr-2025 00:10:47 Europe/Berlin] With params: {":sport":"cricket"}
[24-Apr-2025 00:10:47 Europe/Berlin] Query executed successfully. Found 2 rows
[24-Apr-2025 00:10:47 Europe/Berlin] Executing SQL: SELECT * FROM matches WHERE sport = :sport AND status = :status
[24-Apr-2025 00:10:47 Europe/Berlin] With params: {":sport":"cricket",":status":"live"}
[24-Apr-2025 00:10:47 Europe/Berlin] Query executed successfully. Found 1 rows
[24-Apr-2025 00:10:47 Europe/Berlin] Executing SQL: SELECT COUNT(*) as count FROM favorites 
                    WHERE user_id = :user_id AND match_id = :match_id
[24-Apr-2025 00:10:47 Europe/Berlin] With params: {":user_id":12,":match_id":38}
[24-Apr-2025 00:10:47 Europe/Berlin] Query executed successfully. Found 1 rows
[24-Apr-2025 00:10:47 Europe/Berlin] Executing SQL: SELECT COUNT(*) as count FROM favorites 
                    WHERE user_id = :user_id AND match_id = :match_id
[24-Apr-2025 00:10:47 Europe/Berlin] With params: {":user_id":12,":match_id":42}
[24-Apr-2025 00:10:47 Europe/Berlin] Query executed successfully. Found 1 rows
[24-Apr-2025 00:10:53 Europe/Berlin] Connected to database. Tables found: favorites, feedback, matches, matches_backup, matches_new, news, newsletter, notifications, players, subscriptions, users
[24-Apr-2025 00:10:53 Europe/Berlin] Executing SQL: CREATE TABLE IF NOT EXISTS users (
                id INT AUTO_INCREMENT PRIMARY KEY,
                username VARCHAR(50) NOT NULL UNIQUE,
                password VARCHAR(255) NOT NULL,
                email VARCHAR(100) NOT NULL UNIQUE,
                account_type ENUM('user', 'admin') DEFAULT 'user',
                created_at TIMESTAMP DEFAULT CURRENT_TIMESTAMP
            )
[24-Apr-2025 00:10:53 Europe/Berlin] With params: []
[24-Apr-2025 00:10:53 Europe/Berlin] Query executed successfully. Found 0 rows
[24-Apr-2025 00:10:53 Europe/Berlin] Users table created or already exists
[24-Apr-2025 00:10:53 Europe/Berlin] Users table structure: [{"Field":"id","Type":"int(11)","Null":"NO","Key":"PRI","Default":null,"Extra":"auto_increment"},{"Field":"username","Type":"varchar(50)","Null":"NO","Key":"","Default":null,"Extra":""},{"Field":"email","Type":"varchar(100)","Null":"NO","Key":"UNI","Default":null,"Extra":""},{"Field":"password","Type":"varchar(255)","Null":"NO","Key":"","Default":null,"Extra":""},{"Field":"role","Type":"enum('user','admin')","Null":"YES","Key":"","Default":"user","Extra":""},{"Field":"verification_code","Type":"varchar(100)","Null":"YES","Key":"","Default":null,"Extra":""},{"Field":"is_verified","Type":"tinyint(1)","Null":"YES","Key":"","Default":"0","Extra":""},{"Field":"created_at","Type":"timestamp","Null":"NO","Key":"","Default":"current_timestamp()","Extra":""},{"Field":"favorite_sport","Type":"varchar(50)","Null":"YES","Key":"","Default":null,"Extra":""},{"Field":"favorite_team","Type":"varchar(50)","Null":"YES","Key":"","Default":null,"Extra":""},{"Field":"account_type","Type":"enum('user','admin')","Null":"YES","Key":"","Default":"user","Extra":""}]
[24-Apr-2025 00:10:53 Europe/Berlin] Number of users in database: 13
[24-Apr-2025 00:10:53 Europe/Berlin] All tables initialized successfully
[24-Apr-2025 00:10:53 Europe/Berlin] API Request received: /sportsync/backend/match.php?_=1745446253152
[24-Apr-2025 00:10:53 Europe/Berlin] GET parameters: Array
(
    [_] => 1745446253152
)

[24-Apr-2025 00:11:13 Europe/Berlin] Connected to database. Tables found: favorites, feedback, matches, matches_backup, matches_new, news, newsletter, notifications, players, subscriptions, users
[24-Apr-2025 00:11:13 Europe/Berlin] Executing SQL: CREATE TABLE IF NOT EXISTS users (
                id INT AUTO_INCREMENT PRIMARY KEY,
                username VARCHAR(50) NOT NULL UNIQUE,
                password VARCHAR(255) NOT NULL,
                email VARCHAR(100) NOT NULL UNIQUE,
                account_type ENUM('user', 'admin') DEFAULT 'user',
                created_at TIMESTAMP DEFAULT CURRENT_TIMESTAMP
            )
[24-Apr-2025 00:11:13 Europe/Berlin] With params: []
[24-Apr-2025 00:11:13 Europe/Berlin] Query executed successfully. Found 0 rows
[24-Apr-2025 00:11:13 Europe/Berlin] Users table created or already exists
[24-Apr-2025 00:11:13 Europe/Berlin] Users table structure: [{"Field":"id","Type":"int(11)","Null":"NO","Key":"PRI","Default":null,"Extra":"auto_increment"},{"Field":"username","Type":"varchar(50)","Null":"NO","Key":"","Default":null,"Extra":""},{"Field":"email","Type":"varchar(100)","Null":"NO","Key":"UNI","Default":null,"Extra":""},{"Field":"password","Type":"varchar(255)","Null":"NO","Key":"","Default":null,"Extra":""},{"Field":"role","Type":"enum('user','admin')","Null":"YES","Key":"","Default":"user","Extra":""},{"Field":"verification_code","Type":"varchar(100)","Null":"YES","Key":"","Default":null,"Extra":""},{"Field":"is_verified","Type":"tinyint(1)","Null":"YES","Key":"","Default":"0","Extra":""},{"Field":"created_at","Type":"timestamp","Null":"NO","Key":"","Default":"current_timestamp()","Extra":""},{"Field":"favorite_sport","Type":"varchar(50)","Null":"YES","Key":"","Default":null,"Extra":""},{"Field":"favorite_team","Type":"varchar(50)","Null":"YES","Key":"","Default":null,"Extra":""},{"Field":"account_type","Type":"enum('user','admin')","Null":"YES","Key":"","Default":"user","Extra":""}]
[24-Apr-2025 00:11:13 Europe/Berlin] Number of users in database: 13
[24-Apr-2025 00:11:13 Europe/Berlin] All tables initialized successfully
[24-Apr-2025 00:11:13 Europe/Berlin] Connected to database. Tables found: favorites, feedback, matches, matches_backup, matches_new, news, newsletter, notifications, players, subscriptions, users
[24-Apr-2025 00:11:13 Europe/Berlin] Executing SQL: CREATE TABLE IF NOT EXISTS users (
                id INT AUTO_INCREMENT PRIMARY KEY,
                username VARCHAR(50) NOT NULL UNIQUE,
                password VARCHAR(255) NOT NULL,
                email VARCHAR(100) NOT NULL UNIQUE,
                account_type ENUM('user', 'admin') DEFAULT 'user',
                created_at TIMESTAMP DEFAULT CURRENT_TIMESTAMP
            )
[24-Apr-2025 00:11:13 Europe/Berlin] With params: []
[24-Apr-2025 00:11:13 Europe/Berlin] Query executed successfully. Found 0 rows
[24-Apr-2025 00:11:13 Europe/Berlin] Users table created or already exists
[24-Apr-2025 00:11:13 Europe/Berlin] Users table structure: [{"Field":"id","Type":"int(11)","Null":"NO","Key":"PRI","Default":null,"Extra":"auto_increment"},{"Field":"username","Type":"varchar(50)","Null":"NO","Key":"","Default":null,"Extra":""},{"Field":"email","Type":"varchar(100)","Null":"NO","Key":"UNI","Default":null,"Extra":""},{"Field":"password","Type":"varchar(255)","Null":"NO","Key":"","Default":null,"Extra":""},{"Field":"role","Type":"enum('user','admin')","Null":"YES","Key":"","Default":"user","Extra":""},{"Field":"verification_code","Type":"varchar(100)","Null":"YES","Key":"","Default":null,"Extra":""},{"Field":"is_verified","Type":"tinyint(1)","Null":"YES","Key":"","Default":"0","Extra":""},{"Field":"created_at","Type":"timestamp","Null":"NO","Key":"","Default":"current_timestamp()","Extra":""},{"Field":"favorite_sport","Type":"varchar(50)","Null":"YES","Key":"","Default":null,"Extra":""},{"Field":"favorite_team","Type":"varchar(50)","Null":"YES","Key":"","Default":null,"Extra":""},{"Field":"account_type","Type":"enum('user','admin')","Null":"YES","Key":"","Default":"user","Extra":""}]
[24-Apr-2025 00:11:13 Europe/Berlin] Number of users in database: 13
[24-Apr-2025 00:11:13 Europe/Berlin] All tables initialized successfully
[24-Apr-2025 00:11:13 Europe/Berlin] Database tables initialized successfully
[24-Apr-2025 00:11:13 Europe/Berlin] Executing SQL: SELECT * FROM users WHERE id = :id
[24-Apr-2025 00:11:13 Europe/Berlin] With params: {":id":12}
[24-Apr-2025 00:11:13 Europe/Berlin] Query executed successfully. Found 1 rows
[24-Apr-2025 00:11:13 Europe/Berlin] User loaded from session: varunpndey
[24-Apr-2025 00:11:13 Europe/Berlin] Header - Session status: 2
[24-Apr-2025 00:11:13 Europe/Berlin] Header - Session data: {"user_id":12,"username":"varunpndey","email":"va@gmail.com","account_type":"admin"}
[24-Apr-2025 00:11:13 Europe/Berlin] Header - After session start - Status: 2
[24-Apr-2025 00:11:13 Europe/Berlin] Header - After session start - Data: {"user_id":12,"username":"varunpndey","email":"va@gmail.com","account_type":"admin"}
[24-Apr-2025 00:11:13 Europe/Berlin] Header - Is logged in: Yes
[24-Apr-2025 00:11:13 Europe/Berlin] Executing SQL: SELECT * FROM matches WHERE sport = :sport ORDER BY match_time DESC
[24-Apr-2025 00:11:13 Europe/Berlin] With params: {":sport":"cricket"}
[24-Apr-2025 00:11:13 Europe/Berlin] Query executed successfully. Found 2 rows
[24-Apr-2025 00:11:13 Europe/Berlin] Executing SQL: SELECT * FROM matches WHERE sport = :sport AND status = :status
[24-Apr-2025 00:11:13 Europe/Berlin] With params: {":sport":"cricket",":status":"live"}
[24-Apr-2025 00:11:13 Europe/Berlin] Query executed successfully. Found 1 rows
[24-Apr-2025 00:11:13 Europe/Berlin] Executing SQL: SELECT COUNT(*) as count FROM favorites 
                    WHERE user_id = :user_id AND match_id = :match_id
[24-Apr-2025 00:11:13 Europe/Berlin] With params: {":user_id":12,":match_id":38}
[24-Apr-2025 00:11:13 Europe/Berlin] Query executed successfully. Found 1 rows
[24-Apr-2025 00:11:13 Europe/Berlin] Executing SQL: SELECT COUNT(*) as count FROM favorites 
                    WHERE user_id = :user_id AND match_id = :match_id
[24-Apr-2025 00:11:13 Europe/Berlin] With params: {":user_id":12,":match_id":42}
[24-Apr-2025 00:11:13 Europe/Berlin] Query executed successfully. Found 1 rows
[24-Apr-2025 00:11:15 Europe/Berlin] Connected to database. Tables found: favorites, feedback, matches, matches_backup, matches_new, news, newsletter, notifications, players, subscriptions, users
[24-Apr-2025 00:11:15 Europe/Berlin] Executing SQL: CREATE TABLE IF NOT EXISTS users (
                id INT AUTO_INCREMENT PRIMARY KEY,
                username VARCHAR(50) NOT NULL UNIQUE,
                password VARCHAR(255) NOT NULL,
                email VARCHAR(100) NOT NULL UNIQUE,
                account_type ENUM('user', 'admin') DEFAULT 'user',
                created_at TIMESTAMP DEFAULT CURRENT_TIMESTAMP
            )
[24-Apr-2025 00:11:15 Europe/Berlin] With params: []
[24-Apr-2025 00:11:15 Europe/Berlin] Query executed successfully. Found 0 rows
[24-Apr-2025 00:11:15 Europe/Berlin] Users table created or already exists
[24-Apr-2025 00:11:15 Europe/Berlin] Users table structure: [{"Field":"id","Type":"int(11)","Null":"NO","Key":"PRI","Default":null,"Extra":"auto_increment"},{"Field":"username","Type":"varchar(50)","Null":"NO","Key":"","Default":null,"Extra":""},{"Field":"email","Type":"varchar(100)","Null":"NO","Key":"UNI","Default":null,"Extra":""},{"Field":"password","Type":"varchar(255)","Null":"NO","Key":"","Default":null,"Extra":""},{"Field":"role","Type":"enum('user','admin')","Null":"YES","Key":"","Default":"user","Extra":""},{"Field":"verification_code","Type":"varchar(100)","Null":"YES","Key":"","Default":null,"Extra":""},{"Field":"is_verified","Type":"tinyint(1)","Null":"YES","Key":"","Default":"0","Extra":""},{"Field":"created_at","Type":"timestamp","Null":"NO","Key":"","Default":"current_timestamp()","Extra":""},{"Field":"favorite_sport","Type":"varchar(50)","Null":"YES","Key":"","Default":null,"Extra":""},{"Field":"favorite_team","Type":"varchar(50)","Null":"YES","Key":"","Default":null,"Extra":""},{"Field":"account_type","Type":"enum('user','admin')","Null":"YES","Key":"","Default":"user","Extra":""}]
[24-Apr-2025 00:11:15 Europe/Berlin] Number of users in database: 13
[24-Apr-2025 00:11:15 Europe/Berlin] All tables initialized successfully
[24-Apr-2025 00:11:15 Europe/Berlin] API Request received: /sportsync/backend/match.php?_=1745446275801
[24-Apr-2025 00:11:15 Europe/Berlin] GET parameters: Array
(
    [_] => 1745446275801
)

[24-Apr-2025 00:11:18 Europe/Berlin] Connected to database. Tables found: favorites, feedback, matches, matches_backup, matches_new, news, newsletter, notifications, players, subscriptions, users
[24-Apr-2025 00:11:18 Europe/Berlin] Executing SQL: CREATE TABLE IF NOT EXISTS users (
                id INT AUTO_INCREMENT PRIMARY KEY,
                username VARCHAR(50) NOT NULL UNIQUE,
                password VARCHAR(255) NOT NULL,
                email VARCHAR(100) NOT NULL UNIQUE,
                account_type ENUM('user', 'admin') DEFAULT 'user',
                created_at TIMESTAMP DEFAULT CURRENT_TIMESTAMP
            )
[24-Apr-2025 00:11:18 Europe/Berlin] With params: []
[24-Apr-2025 00:11:18 Europe/Berlin] Query executed successfully. Found 0 rows
[24-Apr-2025 00:11:18 Europe/Berlin] Users table created or already exists
[24-Apr-2025 00:11:18 Europe/Berlin] Users table structure: [{"Field":"id","Type":"int(11)","Null":"NO","Key":"PRI","Default":null,"Extra":"auto_increment"},{"Field":"username","Type":"varchar(50)","Null":"NO","Key":"","Default":null,"Extra":""},{"Field":"email","Type":"varchar(100)","Null":"NO","Key":"UNI","Default":null,"Extra":""},{"Field":"password","Type":"varchar(255)","Null":"NO","Key":"","Default":null,"Extra":""},{"Field":"role","Type":"enum('user','admin')","Null":"YES","Key":"","Default":"user","Extra":""},{"Field":"verification_code","Type":"varchar(100)","Null":"YES","Key":"","Default":null,"Extra":""},{"Field":"is_verified","Type":"tinyint(1)","Null":"YES","Key":"","Default":"0","Extra":""},{"Field":"created_at","Type":"timestamp","Null":"NO","Key":"","Default":"current_timestamp()","Extra":""},{"Field":"favorite_sport","Type":"varchar(50)","Null":"YES","Key":"","Default":null,"Extra":""},{"Field":"favorite_team","Type":"varchar(50)","Null":"YES","Key":"","Default":null,"Extra":""},{"Field":"account_type","Type":"enum('user','admin')","Null":"YES","Key":"","Default":"user","Extra":""}]
[24-Apr-2025 00:11:18 Europe/Berlin] Number of users in database: 13
[24-Apr-2025 00:11:18 Europe/Berlin] All tables initialized successfully
[24-Apr-2025 00:11:18 Europe/Berlin] API Request received: /sportsync/backend/match.php?_=1745446278351
[24-Apr-2025 00:11:18 Europe/Berlin] GET parameters: Array
(
    [_] => 1745446278351
)

[24-Apr-2025 00:11:42 Europe/Berlin] Connected to database. Tables found: favorites, feedback, matches, matches_backup, matches_new, news, newsletter, notifications, players, subscriptions, users
[24-Apr-2025 00:11:42 Europe/Berlin] Executing SQL: CREATE TABLE IF NOT EXISTS users (
                id INT AUTO_INCREMENT PRIMARY KEY,
                username VARCHAR(50) NOT NULL UNIQUE,
                password VARCHAR(255) NOT NULL,
                email VARCHAR(100) NOT NULL UNIQUE,
                account_type ENUM('user', 'admin') DEFAULT 'user',
                created_at TIMESTAMP DEFAULT CURRENT_TIMESTAMP
            )
[24-Apr-2025 00:11:42 Europe/Berlin] With params: []
[24-Apr-2025 00:11:42 Europe/Berlin] Query executed successfully. Found 0 rows
[24-Apr-2025 00:11:42 Europe/Berlin] Users table created or already exists
[24-Apr-2025 00:11:42 Europe/Berlin] Users table structure: [{"Field":"id","Type":"int(11)","Null":"NO","Key":"PRI","Default":null,"Extra":"auto_increment"},{"Field":"username","Type":"varchar(50)","Null":"NO","Key":"","Default":null,"Extra":""},{"Field":"email","Type":"varchar(100)","Null":"NO","Key":"UNI","Default":null,"Extra":""},{"Field":"password","Type":"varchar(255)","Null":"NO","Key":"","Default":null,"Extra":""},{"Field":"role","Type":"enum('user','admin')","Null":"YES","Key":"","Default":"user","Extra":""},{"Field":"verification_code","Type":"varchar(100)","Null":"YES","Key":"","Default":null,"Extra":""},{"Field":"is_verified","Type":"tinyint(1)","Null":"YES","Key":"","Default":"0","Extra":""},{"Field":"created_at","Type":"timestamp","Null":"NO","Key":"","Default":"current_timestamp()","Extra":""},{"Field":"favorite_sport","Type":"varchar(50)","Null":"YES","Key":"","Default":null,"Extra":""},{"Field":"favorite_team","Type":"varchar(50)","Null":"YES","Key":"","Default":null,"Extra":""},{"Field":"account_type","Type":"enum('user','admin')","Null":"YES","Key":"","Default":"user","Extra":""}]
[24-Apr-2025 00:11:42 Europe/Berlin] Number of users in database: 13
[24-Apr-2025 00:11:42 Europe/Berlin] All tables initialized successfully
[24-Apr-2025 00:11:42 Europe/Berlin] Connected to database. Tables found: favorites, feedback, matches, matches_backup, matches_new, news, newsletter, notifications, players, subscriptions, users
[24-Apr-2025 00:11:42 Europe/Berlin] Executing SQL: CREATE TABLE IF NOT EXISTS users (
                id INT AUTO_INCREMENT PRIMARY KEY,
                username VARCHAR(50) NOT NULL UNIQUE,
                password VARCHAR(255) NOT NULL,
                email VARCHAR(100) NOT NULL UNIQUE,
                account_type ENUM('user', 'admin') DEFAULT 'user',
                created_at TIMESTAMP DEFAULT CURRENT_TIMESTAMP
            )
[24-Apr-2025 00:11:42 Europe/Berlin] With params: []
[24-Apr-2025 00:11:42 Europe/Berlin] Query executed successfully. Found 0 rows
[24-Apr-2025 00:11:42 Europe/Berlin] Users table created or already exists
[24-Apr-2025 00:11:42 Europe/Berlin] Users table structure: [{"Field":"id","Type":"int(11)","Null":"NO","Key":"PRI","Default":null,"Extra":"auto_increment"},{"Field":"username","Type":"varchar(50)","Null":"NO","Key":"","Default":null,"Extra":""},{"Field":"email","Type":"varchar(100)","Null":"NO","Key":"UNI","Default":null,"Extra":""},{"Field":"password","Type":"varchar(255)","Null":"NO","Key":"","Default":null,"Extra":""},{"Field":"role","Type":"enum('user','admin')","Null":"YES","Key":"","Default":"user","Extra":""},{"Field":"verification_code","Type":"varchar(100)","Null":"YES","Key":"","Default":null,"Extra":""},{"Field":"is_verified","Type":"tinyint(1)","Null":"YES","Key":"","Default":"0","Extra":""},{"Field":"created_at","Type":"timestamp","Null":"NO","Key":"","Default":"current_timestamp()","Extra":""},{"Field":"favorite_sport","Type":"varchar(50)","Null":"YES","Key":"","Default":null,"Extra":""},{"Field":"favorite_team","Type":"varchar(50)","Null":"YES","Key":"","Default":null,"Extra":""},{"Field":"account_type","Type":"enum('user','admin')","Null":"YES","Key":"","Default":"user","Extra":""}]
[24-Apr-2025 00:11:42 Europe/Berlin] Number of users in database: 13
[24-Apr-2025 00:11:42 Europe/Berlin] All tables initialized successfully
[24-Apr-2025 00:11:42 Europe/Berlin] Database tables initialized successfully
[24-Apr-2025 00:11:42 Europe/Berlin] Executing SQL: SELECT * FROM users WHERE id = :id
[24-Apr-2025 00:11:42 Europe/Berlin] With params: {":id":12}
[24-Apr-2025 00:11:42 Europe/Berlin] Query executed successfully. Found 1 rows
[24-Apr-2025 00:11:42 Europe/Berlin] User loaded from session: varunpndey
[24-Apr-2025 00:11:42 Europe/Berlin] Header - Session status: 2
[24-Apr-2025 00:11:42 Europe/Berlin] Header - Session data: {"user_id":12,"username":"varunpndey","email":"va@gmail.com","account_type":"admin"}
[24-Apr-2025 00:11:42 Europe/Berlin] Header - After session start - Status: 2
[24-Apr-2025 00:11:42 Europe/Berlin] Header - After session start - Data: {"user_id":12,"username":"varunpndey","email":"va@gmail.com","account_type":"admin"}
[24-Apr-2025 00:11:42 Europe/Berlin] Header - Is logged in: Yes
[24-Apr-2025 00:11:42 Europe/Berlin] Executing SQL: SELECT * FROM news ORDER BY created_at DESC LIMIT 5
[24-Apr-2025 00:11:42 Europe/Berlin] With params: []
[24-Apr-2025 00:11:42 Europe/Berlin] Query executed successfully. Found 2 rows
[24-Apr-2025 00:11:42 Europe/Berlin] Executing SQL: SELECT * FROM matches WHERE status = 'live'
[24-Apr-2025 00:11:42 Europe/Berlin] With params: []
[24-Apr-2025 00:11:42 Europe/Berlin] Query executed successfully. Found 2 rows
[24-Apr-2025 00:11:42 Europe/Berlin] Executing SQL: SELECT COUNT(*) as count FROM favorites 
                    WHERE user_id = :user_id AND match_id = :match_id
[24-Apr-2025 00:11:42 Europe/Berlin] With params: {":user_id":12,":match_id":41}
[24-Apr-2025 00:11:42 Europe/Berlin] Query executed successfully. Found 1 rows
[24-Apr-2025 00:11:42 Europe/Berlin] Executing SQL: SELECT COUNT(*) as count FROM favorites 
                    WHERE user_id = :user_id AND match_id = :match_id
[24-Apr-2025 00:11:42 Europe/Berlin] With params: {":user_id":12,":match_id":42}
[24-Apr-2025 00:11:42 Europe/Berlin] Query executed successfully. Found 1 rows
[24-Apr-2025 00:11:43 Europe/Berlin] Connected to database. Tables found: favorites, feedback, matches, matches_backup, matches_new, news, newsletter, notifications, players, subscriptions, users
[24-Apr-2025 00:11:43 Europe/Berlin] Executing SQL: CREATE TABLE IF NOT EXISTS users (
                id INT AUTO_INCREMENT PRIMARY KEY,
                username VARCHAR(50) NOT NULL UNIQUE,
                password VARCHAR(255) NOT NULL,
                email VARCHAR(100) NOT NULL UNIQUE,
                account_type ENUM('user', 'admin') DEFAULT 'user',
                created_at TIMESTAMP DEFAULT CURRENT_TIMESTAMP
            )
[24-Apr-2025 00:11:43 Europe/Berlin] With params: []
[24-Apr-2025 00:11:43 Europe/Berlin] Query executed successfully. Found 0 rows
[24-Apr-2025 00:11:43 Europe/Berlin] Users table created or already exists
[24-Apr-2025 00:11:43 Europe/Berlin] Users table structure: [{"Field":"id","Type":"int(11)","Null":"NO","Key":"PRI","Default":null,"Extra":"auto_increment"},{"Field":"username","Type":"varchar(50)","Null":"NO","Key":"","Default":null,"Extra":""},{"Field":"email","Type":"varchar(100)","Null":"NO","Key":"UNI","Default":null,"Extra":""},{"Field":"password","Type":"varchar(255)","Null":"NO","Key":"","Default":null,"Extra":""},{"Field":"role","Type":"enum('user','admin')","Null":"YES","Key":"","Default":"user","Extra":""},{"Field":"verification_code","Type":"varchar(100)","Null":"YES","Key":"","Default":null,"Extra":""},{"Field":"is_verified","Type":"tinyint(1)","Null":"YES","Key":"","Default":"0","Extra":""},{"Field":"created_at","Type":"timestamp","Null":"NO","Key":"","Default":"current_timestamp()","Extra":""},{"Field":"favorite_sport","Type":"varchar(50)","Null":"YES","Key":"","Default":null,"Extra":""},{"Field":"favorite_team","Type":"varchar(50)","Null":"YES","Key":"","Default":null,"Extra":""},{"Field":"account_type","Type":"enum('user','admin')","Null":"YES","Key":"","Default":"user","Extra":""}]
[24-Apr-2025 00:11:43 Europe/Berlin] Number of users in database: 13
[24-Apr-2025 00:11:43 Europe/Berlin] All tables initialized successfully
[24-Apr-2025 00:11:43 Europe/Berlin] Connected to database. Tables found: favorites, feedback, matches, matches_backup, matches_new, news, newsletter, notifications, players, subscriptions, users
[24-Apr-2025 00:11:43 Europe/Berlin] Executing SQL: CREATE TABLE IF NOT EXISTS users (
                id INT AUTO_INCREMENT PRIMARY KEY,
                username VARCHAR(50) NOT NULL UNIQUE,
                password VARCHAR(255) NOT NULL,
                email VARCHAR(100) NOT NULL UNIQUE,
                account_type ENUM('user', 'admin') DEFAULT 'user',
                created_at TIMESTAMP DEFAULT CURRENT_TIMESTAMP
            )
[24-Apr-2025 00:11:43 Europe/Berlin] With params: []
[24-Apr-2025 00:11:43 Europe/Berlin] Query executed successfully. Found 0 rows
[24-Apr-2025 00:11:43 Europe/Berlin] Users table created or already exists
[24-Apr-2025 00:11:43 Europe/Berlin] Users table structure: [{"Field":"id","Type":"int(11)","Null":"NO","Key":"PRI","Default":null,"Extra":"auto_increment"},{"Field":"username","Type":"varchar(50)","Null":"NO","Key":"","Default":null,"Extra":""},{"Field":"email","Type":"varchar(100)","Null":"NO","Key":"UNI","Default":null,"Extra":""},{"Field":"password","Type":"varchar(255)","Null":"NO","Key":"","Default":null,"Extra":""},{"Field":"role","Type":"enum('user','admin')","Null":"YES","Key":"","Default":"user","Extra":""},{"Field":"verification_code","Type":"varchar(100)","Null":"YES","Key":"","Default":null,"Extra":""},{"Field":"is_verified","Type":"tinyint(1)","Null":"YES","Key":"","Default":"0","Extra":""},{"Field":"created_at","Type":"timestamp","Null":"NO","Key":"","Default":"current_timestamp()","Extra":""},{"Field":"favorite_sport","Type":"varchar(50)","Null":"YES","Key":"","Default":null,"Extra":""},{"Field":"favorite_team","Type":"varchar(50)","Null":"YES","Key":"","Default":null,"Extra":""},{"Field":"account_type","Type":"enum('user','admin')","Null":"YES","Key":"","Default":"user","Extra":""}]
[24-Apr-2025 00:11:43 Europe/Berlin] Number of users in database: 13
[24-Apr-2025 00:11:43 Europe/Berlin] All tables initialized successfully
[24-Apr-2025 00:11:43 Europe/Berlin] Database tables initialized successfully
[24-Apr-2025 00:11:43 Europe/Berlin] Executing SQL: SELECT * FROM users WHERE id = :id
[24-Apr-2025 00:11:43 Europe/Berlin] With params: {":id":12}
[24-Apr-2025 00:11:43 Europe/Berlin] Query executed successfully. Found 1 rows
[24-Apr-2025 00:11:43 Europe/Berlin] User loaded from session: varunpndey
[24-Apr-2025 00:11:43 Europe/Berlin] Header - Session status: 2
[24-Apr-2025 00:11:43 Europe/Berlin] Header - Session data: {"user_id":12,"username":"varunpndey","email":"va@gmail.com","account_type":"admin"}
[24-Apr-2025 00:11:43 Europe/Berlin] Header - After session start - Status: 2
[24-Apr-2025 00:11:43 Europe/Berlin] Header - After session start - Data: {"user_id":12,"username":"varunpndey","email":"va@gmail.com","account_type":"admin"}
[24-Apr-2025 00:11:43 Europe/Berlin] Header - Is logged in: Yes
[24-Apr-2025 00:11:43 Europe/Berlin] Executing SQL: SELECT * FROM matches WHERE sport = :sport ORDER BY match_time DESC
[24-Apr-2025 00:11:43 Europe/Berlin] With params: {":sport":"cricket"}
[24-Apr-2025 00:11:44 Europe/Berlin] Query executed successfully. Found 2 rows
[24-Apr-2025 00:11:44 Europe/Berlin] Executing SQL: SELECT * FROM matches WHERE sport = :sport AND status = :status
[24-Apr-2025 00:11:44 Europe/Berlin] With params: {":sport":"cricket",":status":"live"}
[24-Apr-2025 00:11:44 Europe/Berlin] Query executed successfully. Found 1 rows
[24-Apr-2025 00:11:44 Europe/Berlin] Executing SQL: SELECT COUNT(*) as count FROM favorites 
                    WHERE user_id = :user_id AND match_id = :match_id
[24-Apr-2025 00:11:44 Europe/Berlin] With params: {":user_id":12,":match_id":38}
[24-Apr-2025 00:11:44 Europe/Berlin] Query executed successfully. Found 1 rows
[24-Apr-2025 00:11:44 Europe/Berlin] Executing SQL: SELECT COUNT(*) as count FROM favorites 
                    WHERE user_id = :user_id AND match_id = :match_id
[24-Apr-2025 00:11:44 Europe/Berlin] With params: {":user_id":12,":match_id":42}
[24-Apr-2025 00:11:44 Europe/Berlin] Query executed successfully. Found 1 rows
[24-Apr-2025 00:11:47 Europe/Berlin] Connected to database. Tables found: favorites, feedback, matches, matches_backup, matches_new, news, newsletter, notifications, players, subscriptions, users
[24-Apr-2025 00:11:47 Europe/Berlin] Executing SQL: CREATE TABLE IF NOT EXISTS users (
                id INT AUTO_INCREMENT PRIMARY KEY,
                username VARCHAR(50) NOT NULL UNIQUE,
                password VARCHAR(255) NOT NULL,
                email VARCHAR(100) NOT NULL UNIQUE,
                account_type ENUM('user', 'admin') DEFAULT 'user',
                created_at TIMESTAMP DEFAULT CURRENT_TIMESTAMP
            )
[24-Apr-2025 00:11:47 Europe/Berlin] With params: []
[24-Apr-2025 00:11:47 Europe/Berlin] Query executed successfully. Found 0 rows
[24-Apr-2025 00:11:47 Europe/Berlin] Users table created or already exists
[24-Apr-2025 00:11:47 Europe/Berlin] Users table structure: [{"Field":"id","Type":"int(11)","Null":"NO","Key":"PRI","Default":null,"Extra":"auto_increment"},{"Field":"username","Type":"varchar(50)","Null":"NO","Key":"","Default":null,"Extra":""},{"Field":"email","Type":"varchar(100)","Null":"NO","Key":"UNI","Default":null,"Extra":""},{"Field":"password","Type":"varchar(255)","Null":"NO","Key":"","Default":null,"Extra":""},{"Field":"role","Type":"enum('user','admin')","Null":"YES","Key":"","Default":"user","Extra":""},{"Field":"verification_code","Type":"varchar(100)","Null":"YES","Key":"","Default":null,"Extra":""},{"Field":"is_verified","Type":"tinyint(1)","Null":"YES","Key":"","Default":"0","Extra":""},{"Field":"created_at","Type":"timestamp","Null":"NO","Key":"","Default":"current_timestamp()","Extra":""},{"Field":"favorite_sport","Type":"varchar(50)","Null":"YES","Key":"","Default":null,"Extra":""},{"Field":"favorite_team","Type":"varchar(50)","Null":"YES","Key":"","Default":null,"Extra":""},{"Field":"account_type","Type":"enum('user','admin')","Null":"YES","Key":"","Default":"user","Extra":""}]
[24-Apr-2025 00:11:47 Europe/Berlin] Number of users in database: 13
[24-Apr-2025 00:11:47 Europe/Berlin] All tables initialized successfully
[24-Apr-2025 00:11:47 Europe/Berlin] Connected to database. Tables found: favorites, feedback, matches, matches_backup, matches_new, news, newsletter, notifications, players, subscriptions, users
[24-Apr-2025 00:11:47 Europe/Berlin] Executing SQL: CREATE TABLE IF NOT EXISTS users (
                id INT AUTO_INCREMENT PRIMARY KEY,
                username VARCHAR(50) NOT NULL UNIQUE,
                password VARCHAR(255) NOT NULL,
                email VARCHAR(100) NOT NULL UNIQUE,
                account_type ENUM('user', 'admin') DEFAULT 'user',
                created_at TIMESTAMP DEFAULT CURRENT_TIMESTAMP
            )
[24-Apr-2025 00:11:47 Europe/Berlin] With params: []
[24-Apr-2025 00:11:47 Europe/Berlin] Query executed successfully. Found 0 rows
[24-Apr-2025 00:11:47 Europe/Berlin] Users table created or already exists
[24-Apr-2025 00:11:47 Europe/Berlin] Users table structure: [{"Field":"id","Type":"int(11)","Null":"NO","Key":"PRI","Default":null,"Extra":"auto_increment"},{"Field":"username","Type":"varchar(50)","Null":"NO","Key":"","Default":null,"Extra":""},{"Field":"email","Type":"varchar(100)","Null":"NO","Key":"UNI","Default":null,"Extra":""},{"Field":"password","Type":"varchar(255)","Null":"NO","Key":"","Default":null,"Extra":""},{"Field":"role","Type":"enum('user','admin')","Null":"YES","Key":"","Default":"user","Extra":""},{"Field":"verification_code","Type":"varchar(100)","Null":"YES","Key":"","Default":null,"Extra":""},{"Field":"is_verified","Type":"tinyint(1)","Null":"YES","Key":"","Default":"0","Extra":""},{"Field":"created_at","Type":"timestamp","Null":"NO","Key":"","Default":"current_timestamp()","Extra":""},{"Field":"favorite_sport","Type":"varchar(50)","Null":"YES","Key":"","Default":null,"Extra":""},{"Field":"favorite_team","Type":"varchar(50)","Null":"YES","Key":"","Default":null,"Extra":""},{"Field":"account_type","Type":"enum('user','admin')","Null":"YES","Key":"","Default":"user","Extra":""}]
[24-Apr-2025 00:11:47 Europe/Berlin] Number of users in database: 13
[24-Apr-2025 00:11:47 Europe/Berlin] All tables initialized successfully
[24-Apr-2025 00:11:47 Europe/Berlin] Database tables initialized successfully
[24-Apr-2025 00:11:47 Europe/Berlin] Executing SQL: SELECT * FROM users WHERE id = :id
[24-Apr-2025 00:11:47 Europe/Berlin] With params: {":id":12}
[24-Apr-2025 00:11:47 Europe/Berlin] Query executed successfully. Found 1 rows
[24-Apr-2025 00:11:47 Europe/Berlin] User loaded from session: varunpndey
[24-Apr-2025 00:11:47 Europe/Berlin] Header - Session status: 2
[24-Apr-2025 00:11:47 Europe/Berlin] Header - Session data: {"user_id":12,"username":"varunpndey","email":"va@gmail.com","account_type":"admin"}
[24-Apr-2025 00:11:47 Europe/Berlin] Header - After session start - Status: 2
[24-Apr-2025 00:11:47 Europe/Berlin] Header - After session start - Data: {"user_id":12,"username":"varunpndey","email":"va@gmail.com","account_type":"admin"}
[24-Apr-2025 00:11:47 Europe/Berlin] Header - Is logged in: Yes
[24-Apr-2025 00:11:47 Europe/Berlin] Executing SQL: SELECT * FROM matches WHERE sport = :sport ORDER BY match_time DESC
[24-Apr-2025 00:11:47 Europe/Berlin] With params: {":sport":"football"}
[24-Apr-2025 00:11:47 Europe/Berlin] Query executed successfully. Found 1 rows
[24-Apr-2025 00:11:47 Europe/Berlin] Executing SQL: SELECT * FROM matches WHERE sport = :sport AND status = :status
[24-Apr-2025 00:11:47 Europe/Berlin] With params: {":sport":"football",":status":"live"}
[24-Apr-2025 00:11:47 Europe/Berlin] Query executed successfully. Found 1 rows
[24-Apr-2025 00:11:47 Europe/Berlin] Executing SQL: SELECT COUNT(*) as count FROM favorites 
                    WHERE user_id = :user_id AND match_id = :match_id
[24-Apr-2025 00:11:47 Europe/Berlin] With params: {":user_id":12,":match_id":41}
[24-Apr-2025 00:11:47 Europe/Berlin] Query executed successfully. Found 1 rows
[24-Apr-2025 00:11:48 Europe/Berlin] Connected to database. Tables found: favorites, feedback, matches, matches_backup, matches_new, news, newsletter, notifications, players, subscriptions, users
[24-Apr-2025 00:11:48 Europe/Berlin] Executing SQL: CREATE TABLE IF NOT EXISTS users (
                id INT AUTO_INCREMENT PRIMARY KEY,
                username VARCHAR(50) NOT NULL UNIQUE,
                password VARCHAR(255) NOT NULL,
                email VARCHAR(100) NOT NULL UNIQUE,
                account_type ENUM('user', 'admin') DEFAULT 'user',
                created_at TIMESTAMP DEFAULT CURRENT_TIMESTAMP
            )
[24-Apr-2025 00:11:48 Europe/Berlin] With params: []
[24-Apr-2025 00:11:48 Europe/Berlin] Query executed successfully. Found 0 rows
[24-Apr-2025 00:11:48 Europe/Berlin] Users table created or already exists
[24-Apr-2025 00:11:48 Europe/Berlin] Users table structure: [{"Field":"id","Type":"int(11)","Null":"NO","Key":"PRI","Default":null,"Extra":"auto_increment"},{"Field":"username","Type":"varchar(50)","Null":"NO","Key":"","Default":null,"Extra":""},{"Field":"email","Type":"varchar(100)","Null":"NO","Key":"UNI","Default":null,"Extra":""},{"Field":"password","Type":"varchar(255)","Null":"NO","Key":"","Default":null,"Extra":""},{"Field":"role","Type":"enum('user','admin')","Null":"YES","Key":"","Default":"user","Extra":""},{"Field":"verification_code","Type":"varchar(100)","Null":"YES","Key":"","Default":null,"Extra":""},{"Field":"is_verified","Type":"tinyint(1)","Null":"YES","Key":"","Default":"0","Extra":""},{"Field":"created_at","Type":"timestamp","Null":"NO","Key":"","Default":"current_timestamp()","Extra":""},{"Field":"favorite_sport","Type":"varchar(50)","Null":"YES","Key":"","Default":null,"Extra":""},{"Field":"favorite_team","Type":"varchar(50)","Null":"YES","Key":"","Default":null,"Extra":""},{"Field":"account_type","Type":"enum('user','admin')","Null":"YES","Key":"","Default":"user","Extra":""}]
[24-Apr-2025 00:11:48 Europe/Berlin] Number of users in database: 13
[24-Apr-2025 00:11:48 Europe/Berlin] All tables initialized successfully
[24-Apr-2025 00:11:48 Europe/Berlin] Connected to database. Tables found: favorites, feedback, matches, matches_backup, matches_new, news, newsletter, notifications, players, subscriptions, users
[24-Apr-2025 00:11:48 Europe/Berlin] Executing SQL: CREATE TABLE IF NOT EXISTS users (
                id INT AUTO_INCREMENT PRIMARY KEY,
                username VARCHAR(50) NOT NULL UNIQUE,
                password VARCHAR(255) NOT NULL,
                email VARCHAR(100) NOT NULL UNIQUE,
                account_type ENUM('user', 'admin') DEFAULT 'user',
                created_at TIMESTAMP DEFAULT CURRENT_TIMESTAMP
            )
[24-Apr-2025 00:11:48 Europe/Berlin] With params: []
[24-Apr-2025 00:11:48 Europe/Berlin] Query executed successfully. Found 0 rows
[24-Apr-2025 00:11:48 Europe/Berlin] Users table created or already exists
[24-Apr-2025 00:11:48 Europe/Berlin] Users table structure: [{"Field":"id","Type":"int(11)","Null":"NO","Key":"PRI","Default":null,"Extra":"auto_increment"},{"Field":"username","Type":"varchar(50)","Null":"NO","Key":"","Default":null,"Extra":""},{"Field":"email","Type":"varchar(100)","Null":"NO","Key":"UNI","Default":null,"Extra":""},{"Field":"password","Type":"varchar(255)","Null":"NO","Key":"","Default":null,"Extra":""},{"Field":"role","Type":"enum('user','admin')","Null":"YES","Key":"","Default":"user","Extra":""},{"Field":"verification_code","Type":"varchar(100)","Null":"YES","Key":"","Default":null,"Extra":""},{"Field":"is_verified","Type":"tinyint(1)","Null":"YES","Key":"","Default":"0","Extra":""},{"Field":"created_at","Type":"timestamp","Null":"NO","Key":"","Default":"current_timestamp()","Extra":""},{"Field":"favorite_sport","Type":"varchar(50)","Null":"YES","Key":"","Default":null,"Extra":""},{"Field":"favorite_team","Type":"varchar(50)","Null":"YES","Key":"","Default":null,"Extra":""},{"Field":"account_type","Type":"enum('user','admin')","Null":"YES","Key":"","Default":"user","Extra":""}]
[24-Apr-2025 00:11:48 Europe/Berlin] Number of users in database: 13
[24-Apr-2025 00:11:48 Europe/Berlin] All tables initialized successfully
[24-Apr-2025 00:11:48 Europe/Berlin] Database tables initialized successfully
[24-Apr-2025 00:11:48 Europe/Berlin] Executing SQL: SELECT * FROM users WHERE id = :id
[24-Apr-2025 00:11:48 Europe/Berlin] With params: {":id":12}
[24-Apr-2025 00:11:48 Europe/Berlin] Query executed successfully. Found 1 rows
[24-Apr-2025 00:11:48 Europe/Berlin] User loaded from session: varunpndey
[24-Apr-2025 00:11:48 Europe/Berlin] Header - Session status: 2
[24-Apr-2025 00:11:48 Europe/Berlin] Header - Session data: {"user_id":12,"username":"varunpndey","email":"va@gmail.com","account_type":"admin"}
[24-Apr-2025 00:11:48 Europe/Berlin] Header - After session start - Status: 2
[24-Apr-2025 00:11:48 Europe/Berlin] Header - After session start - Data: {"user_id":12,"username":"varunpndey","email":"va@gmail.com","account_type":"admin"}
[24-Apr-2025 00:11:48 Europe/Berlin] Header - Is logged in: Yes
[24-Apr-2025 00:11:48 Europe/Berlin] Executing SQL: SELECT * FROM matches WHERE status = 'live'
[24-Apr-2025 00:11:48 Europe/Berlin] With params: []
[24-Apr-2025 00:11:48 Europe/Berlin] Query executed successfully. Found 2 rows
[24-Apr-2025 00:11:48 Europe/Berlin] Executing SQL: SELECT COUNT(*) as count FROM favorites 
                    WHERE user_id = :user_id AND match_id = :match_id
[24-Apr-2025 00:11:48 Europe/Berlin] With params: {":user_id":12,":match_id":41}
[24-Apr-2025 00:11:48 Europe/Berlin] Query executed successfully. Found 1 rows
[24-Apr-2025 00:11:48 Europe/Berlin] Executing SQL: SELECT COUNT(*) as count FROM favorites 
                    WHERE user_id = :user_id AND match_id = :match_id
[24-Apr-2025 00:11:48 Europe/Berlin] With params: {":user_id":12,":match_id":42}
[24-Apr-2025 00:11:48 Europe/Berlin] Query executed successfully. Found 1 rows
[24-Apr-2025 00:11:52 Europe/Berlin] Connected to database. Tables found: favorites, feedback, matches, matches_backup, matches_new, news, newsletter, notifications, players, subscriptions, users
[24-Apr-2025 00:11:52 Europe/Berlin] Executing SQL: CREATE TABLE IF NOT EXISTS users (
                id INT AUTO_INCREMENT PRIMARY KEY,
                username VARCHAR(50) NOT NULL UNIQUE,
                password VARCHAR(255) NOT NULL,
                email VARCHAR(100) NOT NULL UNIQUE,
                account_type ENUM('user', 'admin') DEFAULT 'user',
                created_at TIMESTAMP DEFAULT CURRENT_TIMESTAMP
            )
[24-Apr-2025 00:11:52 Europe/Berlin] With params: []
[24-Apr-2025 00:11:52 Europe/Berlin] Query executed successfully. Found 0 rows
[24-Apr-2025 00:11:52 Europe/Berlin] Users table created or already exists
[24-Apr-2025 00:11:52 Europe/Berlin] Users table structure: [{"Field":"id","Type":"int(11)","Null":"NO","Key":"PRI","Default":null,"Extra":"auto_increment"},{"Field":"username","Type":"varchar(50)","Null":"NO","Key":"","Default":null,"Extra":""},{"Field":"email","Type":"varchar(100)","Null":"NO","Key":"UNI","Default":null,"Extra":""},{"Field":"password","Type":"varchar(255)","Null":"NO","Key":"","Default":null,"Extra":""},{"Field":"role","Type":"enum('user','admin')","Null":"YES","Key":"","Default":"user","Extra":""},{"Field":"verification_code","Type":"varchar(100)","Null":"YES","Key":"","Default":null,"Extra":""},{"Field":"is_verified","Type":"tinyint(1)","Null":"YES","Key":"","Default":"0","Extra":""},{"Field":"created_at","Type":"timestamp","Null":"NO","Key":"","Default":"current_timestamp()","Extra":""},{"Field":"favorite_sport","Type":"varchar(50)","Null":"YES","Key":"","Default":null,"Extra":""},{"Field":"favorite_team","Type":"varchar(50)","Null":"YES","Key":"","Default":null,"Extra":""},{"Field":"account_type","Type":"enum('user','admin')","Null":"YES","Key":"","Default":"user","Extra":""}]
[24-Apr-2025 00:11:52 Europe/Berlin] Number of users in database: 13
[24-Apr-2025 00:11:52 Europe/Berlin] All tables initialized successfully
[24-Apr-2025 00:11:52 Europe/Berlin] Connected to database. Tables found: favorites, feedback, matches, matches_backup, matches_new, news, newsletter, notifications, players, subscriptions, users
[24-Apr-2025 00:11:52 Europe/Berlin] Executing SQL: CREATE TABLE IF NOT EXISTS users (
                id INT AUTO_INCREMENT PRIMARY KEY,
                username VARCHAR(50) NOT NULL UNIQUE,
                password VARCHAR(255) NOT NULL,
                email VARCHAR(100) NOT NULL UNIQUE,
                account_type ENUM('user', 'admin') DEFAULT 'user',
                created_at TIMESTAMP DEFAULT CURRENT_TIMESTAMP
            )
[24-Apr-2025 00:11:52 Europe/Berlin] With params: []
[24-Apr-2025 00:11:52 Europe/Berlin] Query executed successfully. Found 0 rows
[24-Apr-2025 00:11:52 Europe/Berlin] Users table created or already exists
[24-Apr-2025 00:11:52 Europe/Berlin] Users table structure: [{"Field":"id","Type":"int(11)","Null":"NO","Key":"PRI","Default":null,"Extra":"auto_increment"},{"Field":"username","Type":"varchar(50)","Null":"NO","Key":"","Default":null,"Extra":""},{"Field":"email","Type":"varchar(100)","Null":"NO","Key":"UNI","Default":null,"Extra":""},{"Field":"password","Type":"varchar(255)","Null":"NO","Key":"","Default":null,"Extra":""},{"Field":"role","Type":"enum('user','admin')","Null":"YES","Key":"","Default":"user","Extra":""},{"Field":"verification_code","Type":"varchar(100)","Null":"YES","Key":"","Default":null,"Extra":""},{"Field":"is_verified","Type":"tinyint(1)","Null":"YES","Key":"","Default":"0","Extra":""},{"Field":"created_at","Type":"timestamp","Null":"NO","Key":"","Default":"current_timestamp()","Extra":""},{"Field":"favorite_sport","Type":"varchar(50)","Null":"YES","Key":"","Default":null,"Extra":""},{"Field":"favorite_team","Type":"varchar(50)","Null":"YES","Key":"","Default":null,"Extra":""},{"Field":"account_type","Type":"enum('user','admin')","Null":"YES","Key":"","Default":"user","Extra":""}]
[24-Apr-2025 00:11:52 Europe/Berlin] Number of users in database: 13
[24-Apr-2025 00:11:52 Europe/Berlin] All tables initialized successfully
[24-Apr-2025 00:11:52 Europe/Berlin] Database tables initialized successfully
[24-Apr-2025 00:11:52 Europe/Berlin] Executing SQL: SELECT * FROM users WHERE id = :id
[24-Apr-2025 00:11:52 Europe/Berlin] With params: {":id":12}
[24-Apr-2025 00:11:52 Europe/Berlin] Query executed successfully. Found 1 rows
[24-Apr-2025 00:11:52 Europe/Berlin] User loaded from session: varunpndey
[24-Apr-2025 00:11:52 Europe/Berlin] Header - Session status: 2
[24-Apr-2025 00:11:52 Europe/Berlin] Header - Session data: {"user_id":12,"username":"varunpndey","email":"va@gmail.com","account_type":"admin"}
[24-Apr-2025 00:11:52 Europe/Berlin] Header - After session start - Status: 2
[24-Apr-2025 00:11:52 Europe/Berlin] Header - After session start - Data: {"user_id":12,"username":"varunpndey","email":"va@gmail.com","account_type":"admin"}
[24-Apr-2025 00:11:52 Europe/Berlin] Header - Is logged in: Yes
[24-Apr-2025 00:11:52 Europe/Berlin] Executing SQL: SELECT * FROM news ORDER BY created_at DESC LIMIT 5
[24-Apr-2025 00:11:52 Europe/Berlin] With params: []
[24-Apr-2025 00:11:52 Europe/Berlin] Query executed successfully. Found 2 rows
[24-Apr-2025 00:11:52 Europe/Berlin] Executing SQL: SELECT * FROM matches WHERE status = 'live'
[24-Apr-2025 00:11:52 Europe/Berlin] With params: []
[24-Apr-2025 00:11:52 Europe/Berlin] Query executed successfully. Found 2 rows
[24-Apr-2025 00:11:52 Europe/Berlin] Executing SQL: SELECT COUNT(*) as count FROM favorites 
                    WHERE user_id = :user_id AND match_id = :match_id
[24-Apr-2025 00:11:52 Europe/Berlin] With params: {":user_id":12,":match_id":41}
[24-Apr-2025 00:11:52 Europe/Berlin] Query executed successfully. Found 1 rows
[24-Apr-2025 00:11:52 Europe/Berlin] Executing SQL: SELECT COUNT(*) as count FROM favorites 
                    WHERE user_id = :user_id AND match_id = :match_id
[24-Apr-2025 00:11:52 Europe/Berlin] With params: {":user_id":12,":match_id":42}
[24-Apr-2025 00:11:52 Europe/Berlin] Query executed successfully. Found 1 rows
[24-Apr-2025 00:11:56 Europe/Berlin] Connected to database. Tables found: favorites, feedback, matches, matches_backup, matches_new, news, newsletter, notifications, players, subscriptions, users
[24-Apr-2025 00:11:56 Europe/Berlin] Executing SQL: CREATE TABLE IF NOT EXISTS users (
                id INT AUTO_INCREMENT PRIMARY KEY,
                username VARCHAR(50) NOT NULL UNIQUE,
                password VARCHAR(255) NOT NULL,
                email VARCHAR(100) NOT NULL UNIQUE,
                account_type ENUM('user', 'admin') DEFAULT 'user',
                created_at TIMESTAMP DEFAULT CURRENT_TIMESTAMP
            )
[24-Apr-2025 00:11:56 Europe/Berlin] With params: []
[24-Apr-2025 00:11:56 Europe/Berlin] Query executed successfully. Found 0 rows
[24-Apr-2025 00:11:56 Europe/Berlin] Users table created or already exists
[24-Apr-2025 00:11:56 Europe/Berlin] Users table structure: [{"Field":"id","Type":"int(11)","Null":"NO","Key":"PRI","Default":null,"Extra":"auto_increment"},{"Field":"username","Type":"varchar(50)","Null":"NO","Key":"","Default":null,"Extra":""},{"Field":"email","Type":"varchar(100)","Null":"NO","Key":"UNI","Default":null,"Extra":""},{"Field":"password","Type":"varchar(255)","Null":"NO","Key":"","Default":null,"Extra":""},{"Field":"role","Type":"enum('user','admin')","Null":"YES","Key":"","Default":"user","Extra":""},{"Field":"verification_code","Type":"varchar(100)","Null":"YES","Key":"","Default":null,"Extra":""},{"Field":"is_verified","Type":"tinyint(1)","Null":"YES","Key":"","Default":"0","Extra":""},{"Field":"created_at","Type":"timestamp","Null":"NO","Key":"","Default":"current_timestamp()","Extra":""},{"Field":"favorite_sport","Type":"varchar(50)","Null":"YES","Key":"","Default":null,"Extra":""},{"Field":"favorite_team","Type":"varchar(50)","Null":"YES","Key":"","Default":null,"Extra":""},{"Field":"account_type","Type":"enum('user','admin')","Null":"YES","Key":"","Default":"user","Extra":""}]
[24-Apr-2025 00:11:56 Europe/Berlin] Number of users in database: 13
[24-Apr-2025 00:11:56 Europe/Berlin] All tables initialized successfully
[24-Apr-2025 00:11:56 Europe/Berlin] API Request received: /sportsync/backend/match.php
[24-Apr-2025 00:11:56 Europe/Berlin] GET parameters: Array
(
)

[24-Apr-2025 00:12:03 Europe/Berlin] Connected to database. Tables found: favorites, feedback, matches, matches_backup, matches_new, news, newsletter, notifications, players, subscriptions, users
[24-Apr-2025 00:12:03 Europe/Berlin] Executing SQL: CREATE TABLE IF NOT EXISTS users (
                id INT AUTO_INCREMENT PRIMARY KEY,
                username VARCHAR(50) NOT NULL UNIQUE,
                password VARCHAR(255) NOT NULL,
                email VARCHAR(100) NOT NULL UNIQUE,
                account_type ENUM('user', 'admin') DEFAULT 'user',
                created_at TIMESTAMP DEFAULT CURRENT_TIMESTAMP
            )
[24-Apr-2025 00:12:03 Europe/Berlin] With params: []
[24-Apr-2025 00:12:03 Europe/Berlin] Query executed successfully. Found 0 rows
[24-Apr-2025 00:12:03 Europe/Berlin] Users table created or already exists
[24-Apr-2025 00:12:03 Europe/Berlin] Users table structure: [{"Field":"id","Type":"int(11)","Null":"NO","Key":"PRI","Default":null,"Extra":"auto_increment"},{"Field":"username","Type":"varchar(50)","Null":"NO","Key":"","Default":null,"Extra":""},{"Field":"email","Type":"varchar(100)","Null":"NO","Key":"UNI","Default":null,"Extra":""},{"Field":"password","Type":"varchar(255)","Null":"NO","Key":"","Default":null,"Extra":""},{"Field":"role","Type":"enum('user','admin')","Null":"YES","Key":"","Default":"user","Extra":""},{"Field":"verification_code","Type":"varchar(100)","Null":"YES","Key":"","Default":null,"Extra":""},{"Field":"is_verified","Type":"tinyint(1)","Null":"YES","Key":"","Default":"0","Extra":""},{"Field":"created_at","Type":"timestamp","Null":"NO","Key":"","Default":"current_timestamp()","Extra":""},{"Field":"favorite_sport","Type":"varchar(50)","Null":"YES","Key":"","Default":null,"Extra":""},{"Field":"favorite_team","Type":"varchar(50)","Null":"YES","Key":"","Default":null,"Extra":""},{"Field":"account_type","Type":"enum('user','admin')","Null":"YES","Key":"","Default":"user","Extra":""}]
[24-Apr-2025 00:12:03 Europe/Berlin] Number of users in database: 13
[24-Apr-2025 00:12:03 Europe/Berlin] All tables initialized successfully
[24-Apr-2025 00:12:03 Europe/Berlin] Connected to database. Tables found: favorites, feedback, matches, matches_backup, matches_new, news, newsletter, notifications, players, subscriptions, users
[24-Apr-2025 00:12:03 Europe/Berlin] Executing SQL: CREATE TABLE IF NOT EXISTS users (
                id INT AUTO_INCREMENT PRIMARY KEY,
                username VARCHAR(50) NOT NULL UNIQUE,
                password VARCHAR(255) NOT NULL,
                email VARCHAR(100) NOT NULL UNIQUE,
                account_type ENUM('user', 'admin') DEFAULT 'user',
                created_at TIMESTAMP DEFAULT CURRENT_TIMESTAMP
            )
[24-Apr-2025 00:12:03 Europe/Berlin] With params: []
[24-Apr-2025 00:12:03 Europe/Berlin] Query executed successfully. Found 0 rows
[24-Apr-2025 00:12:03 Europe/Berlin] Users table created or already exists
[24-Apr-2025 00:12:03 Europe/Berlin] Users table structure: [{"Field":"id","Type":"int(11)","Null":"NO","Key":"PRI","Default":null,"Extra":"auto_increment"},{"Field":"username","Type":"varchar(50)","Null":"NO","Key":"","Default":null,"Extra":""},{"Field":"email","Type":"varchar(100)","Null":"NO","Key":"UNI","Default":null,"Extra":""},{"Field":"password","Type":"varchar(255)","Null":"NO","Key":"","Default":null,"Extra":""},{"Field":"role","Type":"enum('user','admin')","Null":"YES","Key":"","Default":"user","Extra":""},{"Field":"verification_code","Type":"varchar(100)","Null":"YES","Key":"","Default":null,"Extra":""},{"Field":"is_verified","Type":"tinyint(1)","Null":"YES","Key":"","Default":"0","Extra":""},{"Field":"created_at","Type":"timestamp","Null":"NO","Key":"","Default":"current_timestamp()","Extra":""},{"Field":"favorite_sport","Type":"varchar(50)","Null":"YES","Key":"","Default":null,"Extra":""},{"Field":"favorite_team","Type":"varchar(50)","Null":"YES","Key":"","Default":null,"Extra":""},{"Field":"account_type","Type":"enum('user','admin')","Null":"YES","Key":"","Default":"user","Extra":""}]
[24-Apr-2025 00:12:03 Europe/Berlin] Number of users in database: 13
[24-Apr-2025 00:12:03 Europe/Berlin] All tables initialized successfully
[24-Apr-2025 00:12:03 Europe/Berlin] Database tables initialized successfully
[24-Apr-2025 00:12:03 Europe/Berlin] Executing SQL: SELECT * FROM users WHERE id = :id
[24-Apr-2025 00:12:03 Europe/Berlin] With params: {":id":12}
[24-Apr-2025 00:12:03 Europe/Berlin] Query executed successfully. Found 1 rows
[24-Apr-2025 00:12:03 Europe/Berlin] User loaded from session: varunpndey
[24-Apr-2025 00:12:03 Europe/Berlin] Header - Session status: 2
[24-Apr-2025 00:12:03 Europe/Berlin] Header - Session data: {"user_id":12,"username":"varunpndey","email":"va@gmail.com","account_type":"admin"}
[24-Apr-2025 00:12:03 Europe/Berlin] Header - After session start - Status: 2
[24-Apr-2025 00:12:03 Europe/Berlin] Header - After session start - Data: {"user_id":12,"username":"varunpndey","email":"va@gmail.com","account_type":"admin"}
[24-Apr-2025 00:12:03 Europe/Berlin] Header - Is logged in: Yes
[24-Apr-2025 00:12:03 Europe/Berlin] Executing SQL: SELECT * FROM matches WHERE status = 'live'
[24-Apr-2025 00:12:03 Europe/Berlin] With params: []
[24-Apr-2025 00:12:03 Europe/Berlin] Query executed successfully. Found 2 rows
[24-Apr-2025 00:12:03 Europe/Berlin] Executing SQL: SELECT COUNT(*) as count FROM favorites 
                    WHERE user_id = :user_id AND match_id = :match_id
[24-Apr-2025 00:12:03 Europe/Berlin] With params: {":user_id":12,":match_id":41}
[24-Apr-2025 00:12:03 Europe/Berlin] Query executed successfully. Found 1 rows
[24-Apr-2025 00:12:03 Europe/Berlin] Executing SQL: SELECT COUNT(*) as count FROM favorites 
                    WHERE user_id = :user_id AND match_id = :match_id
[24-Apr-2025 00:12:03 Europe/Berlin] With params: {":user_id":12,":match_id":42}
[24-Apr-2025 00:12:03 Europe/Berlin] Query executed successfully. Found 1 rows
[24-Apr-2025 00:12:07 Europe/Berlin] Connected to database. Tables found: favorites, feedback, matches, matches_backup, matches_new, news, newsletter, notifications, players, subscriptions, users
[24-Apr-2025 00:12:07 Europe/Berlin] Executing SQL: CREATE TABLE IF NOT EXISTS users (
                id INT AUTO_INCREMENT PRIMARY KEY,
                username VARCHAR(50) NOT NULL UNIQUE,
                password VARCHAR(255) NOT NULL,
                email VARCHAR(100) NOT NULL UNIQUE,
                account_type ENUM('user', 'admin') DEFAULT 'user',
                created_at TIMESTAMP DEFAULT CURRENT_TIMESTAMP
            )
[24-Apr-2025 00:12:07 Europe/Berlin] With params: []
[24-Apr-2025 00:12:07 Europe/Berlin] Query executed successfully. Found 0 rows
[24-Apr-2025 00:12:07 Europe/Berlin] Users table created or already exists
[24-Apr-2025 00:12:07 Europe/Berlin] Users table structure: [{"Field":"id","Type":"int(11)","Null":"NO","Key":"PRI","Default":null,"Extra":"auto_increment"},{"Field":"username","Type":"varchar(50)","Null":"NO","Key":"","Default":null,"Extra":""},{"Field":"email","Type":"varchar(100)","Null":"NO","Key":"UNI","Default":null,"Extra":""},{"Field":"password","Type":"varchar(255)","Null":"NO","Key":"","Default":null,"Extra":""},{"Field":"role","Type":"enum('user','admin')","Null":"YES","Key":"","Default":"user","Extra":""},{"Field":"verification_code","Type":"varchar(100)","Null":"YES","Key":"","Default":null,"Extra":""},{"Field":"is_verified","Type":"tinyint(1)","Null":"YES","Key":"","Default":"0","Extra":""},{"Field":"created_at","Type":"timestamp","Null":"NO","Key":"","Default":"current_timestamp()","Extra":""},{"Field":"favorite_sport","Type":"varchar(50)","Null":"YES","Key":"","Default":null,"Extra":""},{"Field":"favorite_team","Type":"varchar(50)","Null":"YES","Key":"","Default":null,"Extra":""},{"Field":"account_type","Type":"enum('user','admin')","Null":"YES","Key":"","Default":"user","Extra":""}]
[24-Apr-2025 00:12:07 Europe/Berlin] Number of users in database: 13
[24-Apr-2025 00:12:07 Europe/Berlin] All tables initialized successfully
[24-Apr-2025 00:12:07 Europe/Berlin] Connected to database. Tables found: favorites, feedback, matches, matches_backup, matches_new, news, newsletter, notifications, players, subscriptions, users
[24-Apr-2025 00:12:07 Europe/Berlin] Executing SQL: CREATE TABLE IF NOT EXISTS users (
                id INT AUTO_INCREMENT PRIMARY KEY,
                username VARCHAR(50) NOT NULL UNIQUE,
                password VARCHAR(255) NOT NULL,
                email VARCHAR(100) NOT NULL UNIQUE,
                account_type ENUM('user', 'admin') DEFAULT 'user',
                created_at TIMESTAMP DEFAULT CURRENT_TIMESTAMP
            )
[24-Apr-2025 00:12:07 Europe/Berlin] With params: []
[24-Apr-2025 00:12:07 Europe/Berlin] Query executed successfully. Found 0 rows
[24-Apr-2025 00:12:07 Europe/Berlin] Users table created or already exists
[24-Apr-2025 00:12:07 Europe/Berlin] Users table structure: [{"Field":"id","Type":"int(11)","Null":"NO","Key":"PRI","Default":null,"Extra":"auto_increment"},{"Field":"username","Type":"varchar(50)","Null":"NO","Key":"","Default":null,"Extra":""},{"Field":"email","Type":"varchar(100)","Null":"NO","Key":"UNI","Default":null,"Extra":""},{"Field":"password","Type":"varchar(255)","Null":"NO","Key":"","Default":null,"Extra":""},{"Field":"role","Type":"enum('user','admin')","Null":"YES","Key":"","Default":"user","Extra":""},{"Field":"verification_code","Type":"varchar(100)","Null":"YES","Key":"","Default":null,"Extra":""},{"Field":"is_verified","Type":"tinyint(1)","Null":"YES","Key":"","Default":"0","Extra":""},{"Field":"created_at","Type":"timestamp","Null":"NO","Key":"","Default":"current_timestamp()","Extra":""},{"Field":"favorite_sport","Type":"varchar(50)","Null":"YES","Key":"","Default":null,"Extra":""},{"Field":"favorite_team","Type":"varchar(50)","Null":"YES","Key":"","Default":null,"Extra":""},{"Field":"account_type","Type":"enum('user','admin')","Null":"YES","Key":"","Default":"user","Extra":""}]
[24-Apr-2025 00:12:07 Europe/Berlin] Number of users in database: 13
[24-Apr-2025 00:12:07 Europe/Berlin] All tables initialized successfully
[24-Apr-2025 00:12:07 Europe/Berlin] Database tables initialized successfully
[24-Apr-2025 00:12:07 Europe/Berlin] Executing SQL: SELECT * FROM users WHERE id = :id
[24-Apr-2025 00:12:07 Europe/Berlin] With params: {":id":12}
[24-Apr-2025 00:12:07 Europe/Berlin] Query executed successfully. Found 1 rows
[24-Apr-2025 00:12:07 Europe/Berlin] User loaded from session: varunpndey
[24-Apr-2025 00:12:07 Europe/Berlin] Header - Session status: 2
[24-Apr-2025 00:12:07 Europe/Berlin] Header - Session data: {"user_id":12,"username":"varunpndey","email":"va@gmail.com","account_type":"admin"}
[24-Apr-2025 00:12:07 Europe/Berlin] Header - After session start - Status: 2
[24-Apr-2025 00:12:07 Europe/Berlin] Header - After session start - Data: {"user_id":12,"username":"varunpndey","email":"va@gmail.com","account_type":"admin"}
[24-Apr-2025 00:12:07 Europe/Berlin] Header - Is logged in: Yes
[24-Apr-2025 00:12:07 Europe/Berlin] Executing SQL: SELECT * FROM matches WHERE sport = :sport ORDER BY match_time DESC
[24-Apr-2025 00:12:07 Europe/Berlin] With params: {":sport":"cricket"}
[24-Apr-2025 00:12:07 Europe/Berlin] Query executed successfully. Found 2 rows
[24-Apr-2025 00:12:07 Europe/Berlin] Executing SQL: SELECT * FROM matches WHERE sport = :sport AND status = :status
[24-Apr-2025 00:12:07 Europe/Berlin] With params: {":sport":"cricket",":status":"live"}
[24-Apr-2025 00:12:07 Europe/Berlin] Query executed successfully. Found 1 rows
[24-Apr-2025 00:12:07 Europe/Berlin] Executing SQL: SELECT COUNT(*) as count FROM favorites 
                    WHERE user_id = :user_id AND match_id = :match_id
[24-Apr-2025 00:12:07 Europe/Berlin] With params: {":user_id":12,":match_id":38}
[24-Apr-2025 00:12:07 Europe/Berlin] Query executed successfully. Found 1 rows
[24-Apr-2025 00:12:07 Europe/Berlin] Executing SQL: SELECT COUNT(*) as count FROM favorites 
                    WHERE user_id = :user_id AND match_id = :match_id
[24-Apr-2025 00:12:07 Europe/Berlin] With params: {":user_id":12,":match_id":42}
[24-Apr-2025 00:12:07 Europe/Berlin] Query executed successfully. Found 1 rows
[24-Apr-2025 00:12:28 Europe/Berlin] Connected to database. Tables found: favorites, feedback, matches, matches_backup, matches_new, news, newsletter, notifications, players, subscriptions, users
[24-Apr-2025 00:12:28 Europe/Berlin] Executing SQL: CREATE TABLE IF NOT EXISTS users (
                id INT AUTO_INCREMENT PRIMARY KEY,
                username VARCHAR(50) NOT NULL UNIQUE,
                password VARCHAR(255) NOT NULL,
                email VARCHAR(100) NOT NULL UNIQUE,
                account_type ENUM('user', 'admin') DEFAULT 'user',
                created_at TIMESTAMP DEFAULT CURRENT_TIMESTAMP
            )
[24-Apr-2025 00:12:28 Europe/Berlin] With params: []
[24-Apr-2025 00:12:28 Europe/Berlin] Query executed successfully. Found 0 rows
[24-Apr-2025 00:12:28 Europe/Berlin] Users table created or already exists
[24-Apr-2025 00:12:28 Europe/Berlin] Users table structure: [{"Field":"id","Type":"int(11)","Null":"NO","Key":"PRI","Default":null,"Extra":"auto_increment"},{"Field":"username","Type":"varchar(50)","Null":"NO","Key":"","Default":null,"Extra":""},{"Field":"email","Type":"varchar(100)","Null":"NO","Key":"UNI","Default":null,"Extra":""},{"Field":"password","Type":"varchar(255)","Null":"NO","Key":"","Default":null,"Extra":""},{"Field":"role","Type":"enum('user','admin')","Null":"YES","Key":"","Default":"user","Extra":""},{"Field":"verification_code","Type":"varchar(100)","Null":"YES","Key":"","Default":null,"Extra":""},{"Field":"is_verified","Type":"tinyint(1)","Null":"YES","Key":"","Default":"0","Extra":""},{"Field":"created_at","Type":"timestamp","Null":"NO","Key":"","Default":"current_timestamp()","Extra":""},{"Field":"favorite_sport","Type":"varchar(50)","Null":"YES","Key":"","Default":null,"Extra":""},{"Field":"favorite_team","Type":"varchar(50)","Null":"YES","Key":"","Default":null,"Extra":""},{"Field":"account_type","Type":"enum('user','admin')","Null":"YES","Key":"","Default":"user","Extra":""}]
[24-Apr-2025 00:12:28 Europe/Berlin] Number of users in database: 13
[24-Apr-2025 00:12:28 Europe/Berlin] All tables initialized successfully
[24-Apr-2025 00:12:28 Europe/Berlin] API Request received: /sportsync/backend/match.php?action=fetch_matches&sport=cricket&status=live
[24-Apr-2025 00:12:28 Europe/Berlin] GET parameters: Array
(
    [action] => fetch_matches
    [sport] => cricket
    [status] => live
)

[24-Apr-2025 00:12:28 Europe/Berlin] Executing SQL: SELECT * FROM matches WHERE sport = :sport AND status = :status
[24-Apr-2025 00:12:28 Europe/Berlin] With params: {":sport":"cricket",":status":"live"}
[24-Apr-2025 00:12:28 Europe/Berlin] Query executed successfully. Found 1 rows
[24-Apr-2025 00:12:29 Europe/Berlin] Connected to database. Tables found: favorites, feedback, matches, matches_backup, matches_new, news, newsletter, notifications, players, subscriptions, users
[24-Apr-2025 00:12:29 Europe/Berlin] Executing SQL: CREATE TABLE IF NOT EXISTS users (
                id INT AUTO_INCREMENT PRIMARY KEY,
                username VARCHAR(50) NOT NULL UNIQUE,
                password VARCHAR(255) NOT NULL,
                email VARCHAR(100) NOT NULL UNIQUE,
                account_type ENUM('user', 'admin') DEFAULT 'user',
                created_at TIMESTAMP DEFAULT CURRENT_TIMESTAMP
            )
[24-Apr-2025 00:12:29 Europe/Berlin] With params: []
[24-Apr-2025 00:12:29 Europe/Berlin] Query executed successfully. Found 0 rows
[24-Apr-2025 00:12:29 Europe/Berlin] Users table created or already exists
[24-Apr-2025 00:12:29 Europe/Berlin] Users table structure: [{"Field":"id","Type":"int(11)","Null":"NO","Key":"PRI","Default":null,"Extra":"auto_increment"},{"Field":"username","Type":"varchar(50)","Null":"NO","Key":"","Default":null,"Extra":""},{"Field":"email","Type":"varchar(100)","Null":"NO","Key":"UNI","Default":null,"Extra":""},{"Field":"password","Type":"varchar(255)","Null":"NO","Key":"","Default":null,"Extra":""},{"Field":"role","Type":"enum('user','admin')","Null":"YES","Key":"","Default":"user","Extra":""},{"Field":"verification_code","Type":"varchar(100)","Null":"YES","Key":"","Default":null,"Extra":""},{"Field":"is_verified","Type":"tinyint(1)","Null":"YES","Key":"","Default":"0","Extra":""},{"Field":"created_at","Type":"timestamp","Null":"NO","Key":"","Default":"current_timestamp()","Extra":""},{"Field":"favorite_sport","Type":"varchar(50)","Null":"YES","Key":"","Default":null,"Extra":""},{"Field":"favorite_team","Type":"varchar(50)","Null":"YES","Key":"","Default":null,"Extra":""},{"Field":"account_type","Type":"enum('user','admin')","Null":"YES","Key":"","Default":"user","Extra":""}]
[24-Apr-2025 00:12:29 Europe/Berlin] Number of users in database: 13
[24-Apr-2025 00:12:29 Europe/Berlin] All tables initialized successfully
[24-Apr-2025 00:12:29 Europe/Berlin] Connected to database. Tables found: favorites, feedback, matches, matches_backup, matches_new, news, newsletter, notifications, players, subscriptions, users
[24-Apr-2025 00:12:29 Europe/Berlin] Executing SQL: CREATE TABLE IF NOT EXISTS users (
                id INT AUTO_INCREMENT PRIMARY KEY,
                username VARCHAR(50) NOT NULL UNIQUE,
                password VARCHAR(255) NOT NULL,
                email VARCHAR(100) NOT NULL UNIQUE,
                account_type ENUM('user', 'admin') DEFAULT 'user',
                created_at TIMESTAMP DEFAULT CURRENT_TIMESTAMP
            )
[24-Apr-2025 00:12:29 Europe/Berlin] With params: []
[24-Apr-2025 00:12:29 Europe/Berlin] Query executed successfully. Found 0 rows
[24-Apr-2025 00:12:29 Europe/Berlin] Users table created or already exists
[24-Apr-2025 00:12:29 Europe/Berlin] Users table structure: [{"Field":"id","Type":"int(11)","Null":"NO","Key":"PRI","Default":null,"Extra":"auto_increment"},{"Field":"username","Type":"varchar(50)","Null":"NO","Key":"","Default":null,"Extra":""},{"Field":"email","Type":"varchar(100)","Null":"NO","Key":"UNI","Default":null,"Extra":""},{"Field":"password","Type":"varchar(255)","Null":"NO","Key":"","Default":null,"Extra":""},{"Field":"role","Type":"enum('user','admin')","Null":"YES","Key":"","Default":"user","Extra":""},{"Field":"verification_code","Type":"varchar(100)","Null":"YES","Key":"","Default":null,"Extra":""},{"Field":"is_verified","Type":"tinyint(1)","Null":"YES","Key":"","Default":"0","Extra":""},{"Field":"created_at","Type":"timestamp","Null":"NO","Key":"","Default":"current_timestamp()","Extra":""},{"Field":"favorite_sport","Type":"varchar(50)","Null":"YES","Key":"","Default":null,"Extra":""},{"Field":"favorite_team","Type":"varchar(50)","Null":"YES","Key":"","Default":null,"Extra":""},{"Field":"account_type","Type":"enum('user','admin')","Null":"YES","Key":"","Default":"user","Extra":""}]
[24-Apr-2025 00:12:29 Europe/Berlin] Number of users in database: 13
[24-Apr-2025 00:12:29 Europe/Berlin] All tables initialized successfully
[24-Apr-2025 00:12:29 Europe/Berlin] Database tables initialized successfully
[24-Apr-2025 00:12:29 Europe/Berlin] Executing SQL: SELECT * FROM users WHERE id = :id
[24-Apr-2025 00:12:29 Europe/Berlin] With params: {":id":12}
[24-Apr-2025 00:12:29 Europe/Berlin] Query executed successfully. Found 1 rows
[24-Apr-2025 00:12:29 Europe/Berlin] User loaded from session: varunpndey
[24-Apr-2025 00:12:29 Europe/Berlin] Header - Session status: 2
[24-Apr-2025 00:12:29 Europe/Berlin] Header - Session data: {"user_id":12,"username":"varunpndey","email":"va@gmail.com","account_type":"admin"}
[24-Apr-2025 00:12:29 Europe/Berlin] Header - After session start - Status: 2
[24-Apr-2025 00:12:29 Europe/Berlin] Header - After session start - Data: {"user_id":12,"username":"varunpndey","email":"va@gmail.com","account_type":"admin"}
[24-Apr-2025 00:12:29 Europe/Berlin] Header - Is logged in: Yes
[24-Apr-2025 00:12:29 Europe/Berlin] Executing SQL: SELECT * FROM news ORDER BY created_at DESC LIMIT 5
[24-Apr-2025 00:12:29 Europe/Berlin] With params: []
[24-Apr-2025 00:12:29 Europe/Berlin] Query executed successfully. Found 2 rows
[24-Apr-2025 00:12:29 Europe/Berlin] Executing SQL: SELECT * FROM matches WHERE status = 'live'
[24-Apr-2025 00:12:29 Europe/Berlin] With params: []
[24-Apr-2025 00:12:29 Europe/Berlin] Query executed successfully. Found 2 rows
[24-Apr-2025 00:12:29 Europe/Berlin] Executing SQL: SELECT COUNT(*) as count FROM favorites 
                    WHERE user_id = :user_id AND match_id = :match_id
[24-Apr-2025 00:12:29 Europe/Berlin] With params: {":user_id":12,":match_id":41}
[24-Apr-2025 00:12:29 Europe/Berlin] Query executed successfully. Found 1 rows
[24-Apr-2025 00:12:29 Europe/Berlin] Executing SQL: SELECT COUNT(*) as count FROM favorites 
                    WHERE user_id = :user_id AND match_id = :match_id
[24-Apr-2025 00:12:29 Europe/Berlin] With params: {":user_id":12,":match_id":42}
[24-Apr-2025 00:12:29 Europe/Berlin] Query executed successfully. Found 1 rows
[24-Apr-2025 00:14:34 Europe/Berlin] Connected to database. Tables found: favorites, feedback, matches, matches_backup, matches_new, news, newsletter, notifications, players, subscriptions, users
[24-Apr-2025 00:14:34 Europe/Berlin] Executing SQL: CREATE TABLE IF NOT EXISTS users (
                id INT AUTO_INCREMENT PRIMARY KEY,
                username VARCHAR(50) NOT NULL UNIQUE,
                password VARCHAR(255) NOT NULL,
                email VARCHAR(100) NOT NULL UNIQUE,
                account_type ENUM('user', 'admin') DEFAULT 'user',
                created_at TIMESTAMP DEFAULT CURRENT_TIMESTAMP
            )
[24-Apr-2025 00:14:34 Europe/Berlin] With params: []
[24-Apr-2025 00:14:34 Europe/Berlin] Query executed successfully. Found 0 rows
[24-Apr-2025 00:14:34 Europe/Berlin] Users table created or already exists
[24-Apr-2025 00:14:34 Europe/Berlin] Users table structure: [{"Field":"id","Type":"int(11)","Null":"NO","Key":"PRI","Default":null,"Extra":"auto_increment"},{"Field":"username","Type":"varchar(50)","Null":"NO","Key":"","Default":null,"Extra":""},{"Field":"email","Type":"varchar(100)","Null":"NO","Key":"UNI","Default":null,"Extra":""},{"Field":"password","Type":"varchar(255)","Null":"NO","Key":"","Default":null,"Extra":""},{"Field":"role","Type":"enum('user','admin')","Null":"YES","Key":"","Default":"user","Extra":""},{"Field":"verification_code","Type":"varchar(100)","Null":"YES","Key":"","Default":null,"Extra":""},{"Field":"is_verified","Type":"tinyint(1)","Null":"YES","Key":"","Default":"0","Extra":""},{"Field":"created_at","Type":"timestamp","Null":"NO","Key":"","Default":"current_timestamp()","Extra":""},{"Field":"favorite_sport","Type":"varchar(50)","Null":"YES","Key":"","Default":null,"Extra":""},{"Field":"favorite_team","Type":"varchar(50)","Null":"YES","Key":"","Default":null,"Extra":""},{"Field":"account_type","Type":"enum('user','admin')","Null":"YES","Key":"","Default":"user","Extra":""}]
[24-Apr-2025 00:14:34 Europe/Berlin] Number of users in database: 13
[24-Apr-2025 00:14:34 Europe/Berlin] All tables initialized successfully
[24-Apr-2025 00:14:34 Europe/Berlin] Connected to database. Tables found: favorites, feedback, matches, matches_backup, matches_new, news, newsletter, notifications, players, subscriptions, users
[24-Apr-2025 00:14:34 Europe/Berlin] Executing SQL: CREATE TABLE IF NOT EXISTS users (
                id INT AUTO_INCREMENT PRIMARY KEY,
                username VARCHAR(50) NOT NULL UNIQUE,
                password VARCHAR(255) NOT NULL,
                email VARCHAR(100) NOT NULL UNIQUE,
                account_type ENUM('user', 'admin') DEFAULT 'user',
                created_at TIMESTAMP DEFAULT CURRENT_TIMESTAMP
            )
[24-Apr-2025 00:14:34 Europe/Berlin] With params: []
[24-Apr-2025 00:14:34 Europe/Berlin] Query executed successfully. Found 0 rows
[24-Apr-2025 00:14:34 Europe/Berlin] Users table created or already exists
[24-Apr-2025 00:14:34 Europe/Berlin] Users table structure: [{"Field":"id","Type":"int(11)","Null":"NO","Key":"PRI","Default":null,"Extra":"auto_increment"},{"Field":"username","Type":"varchar(50)","Null":"NO","Key":"","Default":null,"Extra":""},{"Field":"email","Type":"varchar(100)","Null":"NO","Key":"UNI","Default":null,"Extra":""},{"Field":"password","Type":"varchar(255)","Null":"NO","Key":"","Default":null,"Extra":""},{"Field":"role","Type":"enum('user','admin')","Null":"YES","Key":"","Default":"user","Extra":""},{"Field":"verification_code","Type":"varchar(100)","Null":"YES","Key":"","Default":null,"Extra":""},{"Field":"is_verified","Type":"tinyint(1)","Null":"YES","Key":"","Default":"0","Extra":""},{"Field":"created_at","Type":"timestamp","Null":"NO","Key":"","Default":"current_timestamp()","Extra":""},{"Field":"favorite_sport","Type":"varchar(50)","Null":"YES","Key":"","Default":null,"Extra":""},{"Field":"favorite_team","Type":"varchar(50)","Null":"YES","Key":"","Default":null,"Extra":""},{"Field":"account_type","Type":"enum('user','admin')","Null":"YES","Key":"","Default":"user","Extra":""}]
[24-Apr-2025 00:14:34 Europe/Berlin] Number of users in database: 13
[24-Apr-2025 00:14:34 Europe/Berlin] All tables initialized successfully
[24-Apr-2025 00:14:34 Europe/Berlin] Database tables initialized successfully
[24-Apr-2025 00:14:34 Europe/Berlin] Executing SQL: SELECT * FROM users WHERE id = :id
[24-Apr-2025 00:14:34 Europe/Berlin] With params: {":id":12}
[24-Apr-2025 00:14:34 Europe/Berlin] Query executed successfully. Found 1 rows
[24-Apr-2025 00:14:34 Europe/Berlin] User loaded from session: varunpndey
[24-Apr-2025 00:14:34 Europe/Berlin] Header - Session status: 2
[24-Apr-2025 00:14:34 Europe/Berlin] Header - Session data: {"user_id":12,"username":"varunpndey","email":"va@gmail.com","account_type":"admin"}
[24-Apr-2025 00:14:34 Europe/Berlin] Header - After session start - Status: 2
[24-Apr-2025 00:14:34 Europe/Berlin] Header - After session start - Data: {"user_id":12,"username":"varunpndey","email":"va@gmail.com","account_type":"admin"}
[24-Apr-2025 00:14:34 Europe/Berlin] Header - Is logged in: Yes
[24-Apr-2025 00:14:34 Europe/Berlin] Executing SQL: SELECT * FROM news ORDER BY created_at DESC LIMIT 5
[24-Apr-2025 00:14:34 Europe/Berlin] With params: []
[24-Apr-2025 00:14:34 Europe/Berlin] Query executed successfully. Found 2 rows
[24-Apr-2025 00:14:34 Europe/Berlin] Executing SQL: SELECT * FROM matches WHERE status = 'live'
[24-Apr-2025 00:14:34 Europe/Berlin] With params: []
[24-Apr-2025 00:14:34 Europe/Berlin] Query executed successfully. Found 2 rows
[24-Apr-2025 00:14:34 Europe/Berlin] Executing SQL: SELECT COUNT(*) as count FROM favorites 
                    WHERE user_id = :user_id AND match_id = :match_id
[24-Apr-2025 00:14:34 Europe/Berlin] With params: {":user_id":12,":match_id":41}
[24-Apr-2025 00:14:34 Europe/Berlin] Query executed successfully. Found 1 rows
[24-Apr-2025 00:14:34 Europe/Berlin] Executing SQL: SELECT COUNT(*) as count FROM favorites 
                    WHERE user_id = :user_id AND match_id = :match_id
[24-Apr-2025 00:14:34 Europe/Berlin] With params: {":user_id":12,":match_id":42}
[24-Apr-2025 00:14:34 Europe/Berlin] Query executed successfully. Found 1 rows
[24-Apr-2025 00:15:01 Europe/Berlin] Connected to database. Tables found: favorites, feedback, matches, matches_backup, matches_new, news, newsletter, notifications, players, subscriptions, users
[24-Apr-2025 00:15:01 Europe/Berlin] Executing SQL: CREATE TABLE IF NOT EXISTS users (
                id INT AUTO_INCREMENT PRIMARY KEY,
                username VARCHAR(50) NOT NULL UNIQUE,
                password VARCHAR(255) NOT NULL,
                email VARCHAR(100) NOT NULL UNIQUE,
                account_type ENUM('user', 'admin') DEFAULT 'user',
                created_at TIMESTAMP DEFAULT CURRENT_TIMESTAMP
            )
[24-Apr-2025 00:15:01 Europe/Berlin] With params: []
[24-Apr-2025 00:15:01 Europe/Berlin] Query executed successfully. Found 0 rows
[24-Apr-2025 00:15:01 Europe/Berlin] Users table created or already exists
[24-Apr-2025 00:15:01 Europe/Berlin] Users table structure: [{"Field":"id","Type":"int(11)","Null":"NO","Key":"PRI","Default":null,"Extra":"auto_increment"},{"Field":"username","Type":"varchar(50)","Null":"NO","Key":"","Default":null,"Extra":""},{"Field":"email","Type":"varchar(100)","Null":"NO","Key":"UNI","Default":null,"Extra":""},{"Field":"password","Type":"varchar(255)","Null":"NO","Key":"","Default":null,"Extra":""},{"Field":"role","Type":"enum('user','admin')","Null":"YES","Key":"","Default":"user","Extra":""},{"Field":"verification_code","Type":"varchar(100)","Null":"YES","Key":"","Default":null,"Extra":""},{"Field":"is_verified","Type":"tinyint(1)","Null":"YES","Key":"","Default":"0","Extra":""},{"Field":"created_at","Type":"timestamp","Null":"NO","Key":"","Default":"current_timestamp()","Extra":""},{"Field":"favorite_sport","Type":"varchar(50)","Null":"YES","Key":"","Default":null,"Extra":""},{"Field":"favorite_team","Type":"varchar(50)","Null":"YES","Key":"","Default":null,"Extra":""},{"Field":"account_type","Type":"enum('user','admin')","Null":"YES","Key":"","Default":"user","Extra":""}]
[24-Apr-2025 00:15:01 Europe/Berlin] Number of users in database: 13
[24-Apr-2025 00:15:01 Europe/Berlin] All tables initialized successfully
[24-Apr-2025 00:15:01 Europe/Berlin] Connected to database. Tables found: favorites, feedback, matches, matches_backup, matches_new, news, newsletter, notifications, players, subscriptions, users
[24-Apr-2025 00:15:01 Europe/Berlin] Executing SQL: CREATE TABLE IF NOT EXISTS users (
                id INT AUTO_INCREMENT PRIMARY KEY,
                username VARCHAR(50) NOT NULL UNIQUE,
                password VARCHAR(255) NOT NULL,
                email VARCHAR(100) NOT NULL UNIQUE,
                account_type ENUM('user', 'admin') DEFAULT 'user',
                created_at TIMESTAMP DEFAULT CURRENT_TIMESTAMP
            )
[24-Apr-2025 00:15:01 Europe/Berlin] With params: []
[24-Apr-2025 00:15:01 Europe/Berlin] Query executed successfully. Found 0 rows
[24-Apr-2025 00:15:01 Europe/Berlin] Users table created or already exists
[24-Apr-2025 00:15:01 Europe/Berlin] Users table structure: [{"Field":"id","Type":"int(11)","Null":"NO","Key":"PRI","Default":null,"Extra":"auto_increment"},{"Field":"username","Type":"varchar(50)","Null":"NO","Key":"","Default":null,"Extra":""},{"Field":"email","Type":"varchar(100)","Null":"NO","Key":"UNI","Default":null,"Extra":""},{"Field":"password","Type":"varchar(255)","Null":"NO","Key":"","Default":null,"Extra":""},{"Field":"role","Type":"enum('user','admin')","Null":"YES","Key":"","Default":"user","Extra":""},{"Field":"verification_code","Type":"varchar(100)","Null":"YES","Key":"","Default":null,"Extra":""},{"Field":"is_verified","Type":"tinyint(1)","Null":"YES","Key":"","Default":"0","Extra":""},{"Field":"created_at","Type":"timestamp","Null":"NO","Key":"","Default":"current_timestamp()","Extra":""},{"Field":"favorite_sport","Type":"varchar(50)","Null":"YES","Key":"","Default":null,"Extra":""},{"Field":"favorite_team","Type":"varchar(50)","Null":"YES","Key":"","Default":null,"Extra":""},{"Field":"account_type","Type":"enum('user','admin')","Null":"YES","Key":"","Default":"user","Extra":""}]
[24-Apr-2025 00:15:01 Europe/Berlin] Number of users in database: 13
[24-Apr-2025 00:15:01 Europe/Berlin] All tables initialized successfully
[24-Apr-2025 00:15:01 Europe/Berlin] Database tables initialized successfully
[24-Apr-2025 00:15:01 Europe/Berlin] Executing SQL: SELECT * FROM users WHERE id = :id
[24-Apr-2025 00:15:01 Europe/Berlin] With params: {":id":12}
[24-Apr-2025 00:15:01 Europe/Berlin] Query executed successfully. Found 1 rows
[24-Apr-2025 00:15:01 Europe/Berlin] User loaded from session: varunpndey
[24-Apr-2025 00:15:01 Europe/Berlin] Header - Session status: 2
[24-Apr-2025 00:15:01 Europe/Berlin] Header - Session data: {"user_id":12,"username":"varunpndey","email":"va@gmail.com","account_type":"admin"}
[24-Apr-2025 00:15:01 Europe/Berlin] Header - After session start - Status: 2
[24-Apr-2025 00:15:01 Europe/Berlin] Header - After session start - Data: {"user_id":12,"username":"varunpndey","email":"va@gmail.com","account_type":"admin"}
[24-Apr-2025 00:15:01 Europe/Berlin] Header - Is logged in: Yes
[24-Apr-2025 00:15:01 Europe/Berlin] Executing SQL: SELECT * FROM news ORDER BY created_at DESC LIMIT 5
[24-Apr-2025 00:15:01 Europe/Berlin] With params: []
[24-Apr-2025 00:15:01 Europe/Berlin] Query executed successfully. Found 2 rows
[24-Apr-2025 00:15:01 Europe/Berlin] Executing SQL: SELECT * FROM matches WHERE status = 'live'
[24-Apr-2025 00:15:01 Europe/Berlin] With params: []
[24-Apr-2025 00:15:01 Europe/Berlin] Query executed successfully. Found 2 rows
[24-Apr-2025 00:15:01 Europe/Berlin] Executing SQL: SELECT COUNT(*) as count FROM favorites 
                    WHERE user_id = :user_id AND match_id = :match_id
[24-Apr-2025 00:15:01 Europe/Berlin] With params: {":user_id":12,":match_id":41}
[24-Apr-2025 00:15:01 Europe/Berlin] Query executed successfully. Found 1 rows
[24-Apr-2025 00:15:01 Europe/Berlin] Executing SQL: SELECT COUNT(*) as count FROM favorites 
                    WHERE user_id = :user_id AND match_id = :match_id
[24-Apr-2025 00:15:01 Europe/Berlin] With params: {":user_id":12,":match_id":42}
[24-Apr-2025 00:15:01 Europe/Berlin] Query executed successfully. Found 1 rows
[24-Apr-2025 00:16:23 Europe/Berlin] Connected to database. Tables found: favorites, feedback, matches, matches_backup, matches_new, news, newsletter, notifications, players, subscriptions, users
[24-Apr-2025 00:16:23 Europe/Berlin] Executing SQL: CREATE TABLE IF NOT EXISTS users (
                id INT AUTO_INCREMENT PRIMARY KEY,
                username VARCHAR(50) NOT NULL UNIQUE,
                password VARCHAR(255) NOT NULL,
                email VARCHAR(100) NOT NULL UNIQUE,
                account_type ENUM('user', 'admin') DEFAULT 'user',
                created_at TIMESTAMP DEFAULT CURRENT_TIMESTAMP
            )
[24-Apr-2025 00:16:23 Europe/Berlin] With params: []
[24-Apr-2025 00:16:23 Europe/Berlin] Query executed successfully. Found 0 rows
[24-Apr-2025 00:16:23 Europe/Berlin] Users table created or already exists
[24-Apr-2025 00:16:23 Europe/Berlin] Users table structure: [{"Field":"id","Type":"int(11)","Null":"NO","Key":"PRI","Default":null,"Extra":"auto_increment"},{"Field":"username","Type":"varchar(50)","Null":"NO","Key":"","Default":null,"Extra":""},{"Field":"email","Type":"varchar(100)","Null":"NO","Key":"UNI","Default":null,"Extra":""},{"Field":"password","Type":"varchar(255)","Null":"NO","Key":"","Default":null,"Extra":""},{"Field":"role","Type":"enum('user','admin')","Null":"YES","Key":"","Default":"user","Extra":""},{"Field":"verification_code","Type":"varchar(100)","Null":"YES","Key":"","Default":null,"Extra":""},{"Field":"is_verified","Type":"tinyint(1)","Null":"YES","Key":"","Default":"0","Extra":""},{"Field":"created_at","Type":"timestamp","Null":"NO","Key":"","Default":"current_timestamp()","Extra":""},{"Field":"favorite_sport","Type":"varchar(50)","Null":"YES","Key":"","Default":null,"Extra":""},{"Field":"favorite_team","Type":"varchar(50)","Null":"YES","Key":"","Default":null,"Extra":""},{"Field":"account_type","Type":"enum('user','admin')","Null":"YES","Key":"","Default":"user","Extra":""}]
[24-Apr-2025 00:16:23 Europe/Berlin] Number of users in database: 13
[24-Apr-2025 00:16:23 Europe/Berlin] All tables initialized successfully
[24-Apr-2025 00:16:23 Europe/Berlin] Connected to database. Tables found: favorites, feedback, matches, matches_backup, matches_new, news, newsletter, notifications, players, subscriptions, users
[24-Apr-2025 00:16:23 Europe/Berlin] Executing SQL: CREATE TABLE IF NOT EXISTS users (
                id INT AUTO_INCREMENT PRIMARY KEY,
                username VARCHAR(50) NOT NULL UNIQUE,
                password VARCHAR(255) NOT NULL,
                email VARCHAR(100) NOT NULL UNIQUE,
                account_type ENUM('user', 'admin') DEFAULT 'user',
                created_at TIMESTAMP DEFAULT CURRENT_TIMESTAMP
            )
[24-Apr-2025 00:16:23 Europe/Berlin] With params: []
[24-Apr-2025 00:16:23 Europe/Berlin] Query executed successfully. Found 0 rows
[24-Apr-2025 00:16:23 Europe/Berlin] Users table created or already exists
[24-Apr-2025 00:16:23 Europe/Berlin] Users table structure: [{"Field":"id","Type":"int(11)","Null":"NO","Key":"PRI","Default":null,"Extra":"auto_increment"},{"Field":"username","Type":"varchar(50)","Null":"NO","Key":"","Default":null,"Extra":""},{"Field":"email","Type":"varchar(100)","Null":"NO","Key":"UNI","Default":null,"Extra":""},{"Field":"password","Type":"varchar(255)","Null":"NO","Key":"","Default":null,"Extra":""},{"Field":"role","Type":"enum('user','admin')","Null":"YES","Key":"","Default":"user","Extra":""},{"Field":"verification_code","Type":"varchar(100)","Null":"YES","Key":"","Default":null,"Extra":""},{"Field":"is_verified","Type":"tinyint(1)","Null":"YES","Key":"","Default":"0","Extra":""},{"Field":"created_at","Type":"timestamp","Null":"NO","Key":"","Default":"current_timestamp()","Extra":""},{"Field":"favorite_sport","Type":"varchar(50)","Null":"YES","Key":"","Default":null,"Extra":""},{"Field":"favorite_team","Type":"varchar(50)","Null":"YES","Key":"","Default":null,"Extra":""},{"Field":"account_type","Type":"enum('user','admin')","Null":"YES","Key":"","Default":"user","Extra":""}]
[24-Apr-2025 00:16:23 Europe/Berlin] Number of users in database: 13
[24-Apr-2025 00:16:23 Europe/Berlin] All tables initialized successfully
[24-Apr-2025 00:16:23 Europe/Berlin] Database tables initialized successfully
[24-Apr-2025 00:16:23 Europe/Berlin] Executing SQL: SELECT * FROM users WHERE id = :id
[24-Apr-2025 00:16:23 Europe/Berlin] With params: {":id":12}
[24-Apr-2025 00:16:23 Europe/Berlin] Query executed successfully. Found 1 rows
[24-Apr-2025 00:16:23 Europe/Berlin] User loaded from session: varunpndey
[24-Apr-2025 00:16:23 Europe/Berlin] Header - Session status: 2
[24-Apr-2025 00:16:23 Europe/Berlin] Header - Session data: {"user_id":12,"username":"varunpndey","email":"va@gmail.com","account_type":"admin"}
[24-Apr-2025 00:16:23 Europe/Berlin] Header - After session start - Status: 2
[24-Apr-2025 00:16:23 Europe/Berlin] Header - After session start - Data: {"user_id":12,"username":"varunpndey","email":"va@gmail.com","account_type":"admin"}
[24-Apr-2025 00:16:23 Europe/Berlin] Header - Is logged in: Yes
[24-Apr-2025 00:16:23 Europe/Berlin] Executing SQL: SELECT * FROM news ORDER BY created_at DESC LIMIT 5
[24-Apr-2025 00:16:23 Europe/Berlin] With params: []
[24-Apr-2025 00:16:23 Europe/Berlin] Query executed successfully. Found 2 rows
[24-Apr-2025 00:16:23 Europe/Berlin] Executing SQL: SELECT * FROM matches WHERE status = 'live'
[24-Apr-2025 00:16:23 Europe/Berlin] With params: []
[24-Apr-2025 00:16:23 Europe/Berlin] Query executed successfully. Found 2 rows
[24-Apr-2025 00:16:23 Europe/Berlin] Executing SQL: SELECT COUNT(*) as count FROM favorites 
                    WHERE user_id = :user_id AND match_id = :match_id
[24-Apr-2025 00:16:23 Europe/Berlin] With params: {":user_id":12,":match_id":41}
[24-Apr-2025 00:16:23 Europe/Berlin] Query executed successfully. Found 1 rows
[24-Apr-2025 00:16:23 Europe/Berlin] Executing SQL: SELECT COUNT(*) as count FROM favorites 
                    WHERE user_id = :user_id AND match_id = :match_id
[24-Apr-2025 00:16:23 Europe/Berlin] With params: {":user_id":12,":match_id":42}
[24-Apr-2025 00:16:23 Europe/Berlin] Query executed successfully. Found 1 rows
[24-Apr-2025 00:16:27 Europe/Berlin] Connected to database. Tables found: favorites, feedback, matches, matches_backup, matches_new, news, newsletter, notifications, players, subscriptions, users
[24-Apr-2025 00:16:27 Europe/Berlin] Executing SQL: CREATE TABLE IF NOT EXISTS users (
                id INT AUTO_INCREMENT PRIMARY KEY,
                username VARCHAR(50) NOT NULL UNIQUE,
                password VARCHAR(255) NOT NULL,
                email VARCHAR(100) NOT NULL UNIQUE,
                account_type ENUM('user', 'admin') DEFAULT 'user',
                created_at TIMESTAMP DEFAULT CURRENT_TIMESTAMP
            )
[24-Apr-2025 00:16:27 Europe/Berlin] With params: []
[24-Apr-2025 00:16:27 Europe/Berlin] Query executed successfully. Found 0 rows
[24-Apr-2025 00:16:27 Europe/Berlin] Users table created or already exists
[24-Apr-2025 00:16:27 Europe/Berlin] Users table structure: [{"Field":"id","Type":"int(11)","Null":"NO","Key":"PRI","Default":null,"Extra":"auto_increment"},{"Field":"username","Type":"varchar(50)","Null":"NO","Key":"","Default":null,"Extra":""},{"Field":"email","Type":"varchar(100)","Null":"NO","Key":"UNI","Default":null,"Extra":""},{"Field":"password","Type":"varchar(255)","Null":"NO","Key":"","Default":null,"Extra":""},{"Field":"role","Type":"enum('user','admin')","Null":"YES","Key":"","Default":"user","Extra":""},{"Field":"verification_code","Type":"varchar(100)","Null":"YES","Key":"","Default":null,"Extra":""},{"Field":"is_verified","Type":"tinyint(1)","Null":"YES","Key":"","Default":"0","Extra":""},{"Field":"created_at","Type":"timestamp","Null":"NO","Key":"","Default":"current_timestamp()","Extra":""},{"Field":"favorite_sport","Type":"varchar(50)","Null":"YES","Key":"","Default":null,"Extra":""},{"Field":"favorite_team","Type":"varchar(50)","Null":"YES","Key":"","Default":null,"Extra":""},{"Field":"account_type","Type":"enum('user','admin')","Null":"YES","Key":"","Default":"user","Extra":""}]
[24-Apr-2025 00:16:27 Europe/Berlin] Number of users in database: 13
[24-Apr-2025 00:16:27 Europe/Berlin] All tables initialized successfully
[24-Apr-2025 00:16:27 Europe/Berlin] API Request received: /sportsync/backend/match.php
[24-Apr-2025 00:16:27 Europe/Berlin] GET parameters: Array
(
)

[24-Apr-2025 00:16:29 Europe/Berlin] Connected to database. Tables found: favorites, feedback, matches, matches_backup, matches_new, news, newsletter, notifications, players, subscriptions, users
[24-Apr-2025 00:16:29 Europe/Berlin] Executing SQL: CREATE TABLE IF NOT EXISTS users (
                id INT AUTO_INCREMENT PRIMARY KEY,
                username VARCHAR(50) NOT NULL UNIQUE,
                password VARCHAR(255) NOT NULL,
                email VARCHAR(100) NOT NULL UNIQUE,
                account_type ENUM('user', 'admin') DEFAULT 'user',
                created_at TIMESTAMP DEFAULT CURRENT_TIMESTAMP
            )
[24-Apr-2025 00:16:29 Europe/Berlin] With params: []
[24-Apr-2025 00:16:29 Europe/Berlin] Query executed successfully. Found 0 rows
[24-Apr-2025 00:16:29 Europe/Berlin] Users table created or already exists
[24-Apr-2025 00:16:29 Europe/Berlin] Users table structure: [{"Field":"id","Type":"int(11)","Null":"NO","Key":"PRI","Default":null,"Extra":"auto_increment"},{"Field":"username","Type":"varchar(50)","Null":"NO","Key":"","Default":null,"Extra":""},{"Field":"email","Type":"varchar(100)","Null":"NO","Key":"UNI","Default":null,"Extra":""},{"Field":"password","Type":"varchar(255)","Null":"NO","Key":"","Default":null,"Extra":""},{"Field":"role","Type":"enum('user','admin')","Null":"YES","Key":"","Default":"user","Extra":""},{"Field":"verification_code","Type":"varchar(100)","Null":"YES","Key":"","Default":null,"Extra":""},{"Field":"is_verified","Type":"tinyint(1)","Null":"YES","Key":"","Default":"0","Extra":""},{"Field":"created_at","Type":"timestamp","Null":"NO","Key":"","Default":"current_timestamp()","Extra":""},{"Field":"favorite_sport","Type":"varchar(50)","Null":"YES","Key":"","Default":null,"Extra":""},{"Field":"favorite_team","Type":"varchar(50)","Null":"YES","Key":"","Default":null,"Extra":""},{"Field":"account_type","Type":"enum('user','admin')","Null":"YES","Key":"","Default":"user","Extra":""}]
[24-Apr-2025 00:16:29 Europe/Berlin] Number of users in database: 13
[24-Apr-2025 00:16:29 Europe/Berlin] All tables initialized successfully
[24-Apr-2025 00:16:29 Europe/Berlin] API Request received: /sportsync/backend/match.php
[24-Apr-2025 00:16:29 Europe/Berlin] GET parameters: Array
(
)

[24-Apr-2025 00:16:32 Europe/Berlin] Connected to database. Tables found: favorites, feedback, matches, matches_backup, matches_new, news, newsletter, notifications, players, subscriptions, users
[24-Apr-2025 00:16:32 Europe/Berlin] Executing SQL: CREATE TABLE IF NOT EXISTS users (
                id INT AUTO_INCREMENT PRIMARY KEY,
                username VARCHAR(50) NOT NULL UNIQUE,
                password VARCHAR(255) NOT NULL,
                email VARCHAR(100) NOT NULL UNIQUE,
                account_type ENUM('user', 'admin') DEFAULT 'user',
                created_at TIMESTAMP DEFAULT CURRENT_TIMESTAMP
            )
[24-Apr-2025 00:16:32 Europe/Berlin] With params: []
[24-Apr-2025 00:16:32 Europe/Berlin] Query executed successfully. Found 0 rows
[24-Apr-2025 00:16:32 Europe/Berlin] Users table created or already exists
[24-Apr-2025 00:16:32 Europe/Berlin] Users table structure: [{"Field":"id","Type":"int(11)","Null":"NO","Key":"PRI","Default":null,"Extra":"auto_increment"},{"Field":"username","Type":"varchar(50)","Null":"NO","Key":"","Default":null,"Extra":""},{"Field":"email","Type":"varchar(100)","Null":"NO","Key":"UNI","Default":null,"Extra":""},{"Field":"password","Type":"varchar(255)","Null":"NO","Key":"","Default":null,"Extra":""},{"Field":"role","Type":"enum('user','admin')","Null":"YES","Key":"","Default":"user","Extra":""},{"Field":"verification_code","Type":"varchar(100)","Null":"YES","Key":"","Default":null,"Extra":""},{"Field":"is_verified","Type":"tinyint(1)","Null":"YES","Key":"","Default":"0","Extra":""},{"Field":"created_at","Type":"timestamp","Null":"NO","Key":"","Default":"current_timestamp()","Extra":""},{"Field":"favorite_sport","Type":"varchar(50)","Null":"YES","Key":"","Default":null,"Extra":""},{"Field":"favorite_team","Type":"varchar(50)","Null":"YES","Key":"","Default":null,"Extra":""},{"Field":"account_type","Type":"enum('user','admin')","Null":"YES","Key":"","Default":"user","Extra":""}]
[24-Apr-2025 00:16:32 Europe/Berlin] Number of users in database: 13
[24-Apr-2025 00:16:32 Europe/Berlin] All tables initialized successfully
[24-Apr-2025 00:16:32 Europe/Berlin] Connected to database. Tables found: favorites, feedback, matches, matches_backup, matches_new, news, newsletter, notifications, players, subscriptions, users
[24-Apr-2025 00:16:32 Europe/Berlin] Executing SQL: CREATE TABLE IF NOT EXISTS users (
                id INT AUTO_INCREMENT PRIMARY KEY,
                username VARCHAR(50) NOT NULL UNIQUE,
                password VARCHAR(255) NOT NULL,
                email VARCHAR(100) NOT NULL UNIQUE,
                account_type ENUM('user', 'admin') DEFAULT 'user',
                created_at TIMESTAMP DEFAULT CURRENT_TIMESTAMP
            )
[24-Apr-2025 00:16:32 Europe/Berlin] With params: []
[24-Apr-2025 00:16:32 Europe/Berlin] Query executed successfully. Found 0 rows
[24-Apr-2025 00:16:32 Europe/Berlin] Users table created or already exists
[24-Apr-2025 00:16:32 Europe/Berlin] Users table structure: [{"Field":"id","Type":"int(11)","Null":"NO","Key":"PRI","Default":null,"Extra":"auto_increment"},{"Field":"username","Type":"varchar(50)","Null":"NO","Key":"","Default":null,"Extra":""},{"Field":"email","Type":"varchar(100)","Null":"NO","Key":"UNI","Default":null,"Extra":""},{"Field":"password","Type":"varchar(255)","Null":"NO","Key":"","Default":null,"Extra":""},{"Field":"role","Type":"enum('user','admin')","Null":"YES","Key":"","Default":"user","Extra":""},{"Field":"verification_code","Type":"varchar(100)","Null":"YES","Key":"","Default":null,"Extra":""},{"Field":"is_verified","Type":"tinyint(1)","Null":"YES","Key":"","Default":"0","Extra":""},{"Field":"created_at","Type":"timestamp","Null":"NO","Key":"","Default":"current_timestamp()","Extra":""},{"Field":"favorite_sport","Type":"varchar(50)","Null":"YES","Key":"","Default":null,"Extra":""},{"Field":"favorite_team","Type":"varchar(50)","Null":"YES","Key":"","Default":null,"Extra":""},{"Field":"account_type","Type":"enum('user','admin')","Null":"YES","Key":"","Default":"user","Extra":""}]
[24-Apr-2025 00:16:32 Europe/Berlin] Number of users in database: 13
[24-Apr-2025 00:16:32 Europe/Berlin] All tables initialized successfully
[24-Apr-2025 00:16:32 Europe/Berlin] Database tables initialized successfully
[24-Apr-2025 00:16:32 Europe/Berlin] Executing SQL: SELECT * FROM users WHERE id = :id
[24-Apr-2025 00:16:32 Europe/Berlin] With params: {":id":12}
[24-Apr-2025 00:16:32 Europe/Berlin] Query executed successfully. Found 1 rows
[24-Apr-2025 00:16:32 Europe/Berlin] User loaded from session: varunpndey
[24-Apr-2025 00:16:32 Europe/Berlin] Executing SQL: SELECT * FROM users WHERE id = :id
[24-Apr-2025 00:16:32 Europe/Berlin] With params: {":id":12}
[24-Apr-2025 00:16:32 Europe/Berlin] Query executed successfully. Found 1 rows
[24-Apr-2025 00:16:32 Europe/Berlin] Executing SQL: SELECT * FROM news ORDER BY created_at DESC
[24-Apr-2025 00:16:32 Europe/Berlin] With params: []
[24-Apr-2025 00:16:32 Europe/Berlin] Query executed successfully. Found 2 rows
[24-Apr-2025 00:16:32 Europe/Berlin] Executing SQL: SELECT * FROM feedback ORDER BY created_at DESC
[24-Apr-2025 00:16:32 Europe/Berlin] With params: []
[24-Apr-2025 00:16:32 Europe/Berlin] Query executed successfully. Found 7 rows
[24-Apr-2025 00:16:32 Europe/Berlin] Executing SQL: SELECT * FROM matches WHERE status = 'live'
[24-Apr-2025 00:16:32 Europe/Berlin] With params: []
[24-Apr-2025 00:16:32 Europe/Berlin] Query executed successfully. Found 2 rows
[24-Apr-2025 00:16:32 Europe/Berlin] Executing SQL: SELECT * FROM matches WHERE 1=1 ORDER BY match_time DESC
[24-Apr-2025 00:16:32 Europe/Berlin] With params: []
[24-Apr-2025 00:16:32 Europe/Berlin] Query executed successfully. Found 3 rows
[24-Apr-2025 00:16:50 Europe/Berlin] Connected to database. Tables found: favorites, feedback, matches, matches_backup, matches_new, news, newsletter, notifications, players, subscriptions, users
[24-Apr-2025 00:16:50 Europe/Berlin] Executing SQL: CREATE TABLE IF NOT EXISTS users (
                id INT AUTO_INCREMENT PRIMARY KEY,
                username VARCHAR(50) NOT NULL UNIQUE,
                password VARCHAR(255) NOT NULL,
                email VARCHAR(100) NOT NULL UNIQUE,
                account_type ENUM('user', 'admin') DEFAULT 'user',
                created_at TIMESTAMP DEFAULT CURRENT_TIMESTAMP
            )
[24-Apr-2025 00:16:50 Europe/Berlin] With params: []
[24-Apr-2025 00:16:50 Europe/Berlin] Query executed successfully. Found 0 rows
[24-Apr-2025 00:16:50 Europe/Berlin] Users table created or already exists
[24-Apr-2025 00:16:50 Europe/Berlin] Users table structure: [{"Field":"id","Type":"int(11)","Null":"NO","Key":"PRI","Default":null,"Extra":"auto_increment"},{"Field":"username","Type":"varchar(50)","Null":"NO","Key":"","Default":null,"Extra":""},{"Field":"email","Type":"varchar(100)","Null":"NO","Key":"UNI","Default":null,"Extra":""},{"Field":"password","Type":"varchar(255)","Null":"NO","Key":"","Default":null,"Extra":""},{"Field":"role","Type":"enum('user','admin')","Null":"YES","Key":"","Default":"user","Extra":""},{"Field":"verification_code","Type":"varchar(100)","Null":"YES","Key":"","Default":null,"Extra":""},{"Field":"is_verified","Type":"tinyint(1)","Null":"YES","Key":"","Default":"0","Extra":""},{"Field":"created_at","Type":"timestamp","Null":"NO","Key":"","Default":"current_timestamp()","Extra":""},{"Field":"favorite_sport","Type":"varchar(50)","Null":"YES","Key":"","Default":null,"Extra":""},{"Field":"favorite_team","Type":"varchar(50)","Null":"YES","Key":"","Default":null,"Extra":""},{"Field":"account_type","Type":"enum('user','admin')","Null":"YES","Key":"","Default":"user","Extra":""}]
[24-Apr-2025 00:16:50 Europe/Berlin] Number of users in database: 13
[24-Apr-2025 00:16:50 Europe/Berlin] All tables initialized successfully
[24-Apr-2025 00:16:50 Europe/Berlin] Connected to database. Tables found: favorites, feedback, matches, matches_backup, matches_new, news, newsletter, notifications, players, subscriptions, users
[24-Apr-2025 00:16:50 Europe/Berlin] Executing SQL: CREATE TABLE IF NOT EXISTS users (
                id INT AUTO_INCREMENT PRIMARY KEY,
                username VARCHAR(50) NOT NULL UNIQUE,
                password VARCHAR(255) NOT NULL,
                email VARCHAR(100) NOT NULL UNIQUE,
                account_type ENUM('user', 'admin') DEFAULT 'user',
                created_at TIMESTAMP DEFAULT CURRENT_TIMESTAMP
            )
[24-Apr-2025 00:16:50 Europe/Berlin] With params: []
[24-Apr-2025 00:16:50 Europe/Berlin] Query executed successfully. Found 0 rows
[24-Apr-2025 00:16:50 Europe/Berlin] Users table created or already exists
[24-Apr-2025 00:16:50 Europe/Berlin] Users table structure: [{"Field":"id","Type":"int(11)","Null":"NO","Key":"PRI","Default":null,"Extra":"auto_increment"},{"Field":"username","Type":"varchar(50)","Null":"NO","Key":"","Default":null,"Extra":""},{"Field":"email","Type":"varchar(100)","Null":"NO","Key":"UNI","Default":null,"Extra":""},{"Field":"password","Type":"varchar(255)","Null":"NO","Key":"","Default":null,"Extra":""},{"Field":"role","Type":"enum('user','admin')","Null":"YES","Key":"","Default":"user","Extra":""},{"Field":"verification_code","Type":"varchar(100)","Null":"YES","Key":"","Default":null,"Extra":""},{"Field":"is_verified","Type":"tinyint(1)","Null":"YES","Key":"","Default":"0","Extra":""},{"Field":"created_at","Type":"timestamp","Null":"NO","Key":"","Default":"current_timestamp()","Extra":""},{"Field":"favorite_sport","Type":"varchar(50)","Null":"YES","Key":"","Default":null,"Extra":""},{"Field":"favorite_team","Type":"varchar(50)","Null":"YES","Key":"","Default":null,"Extra":""},{"Field":"account_type","Type":"enum('user','admin')","Null":"YES","Key":"","Default":"user","Extra":""}]
[24-Apr-2025 00:16:50 Europe/Berlin] Number of users in database: 13
[24-Apr-2025 00:16:50 Europe/Berlin] All tables initialized successfully
[24-Apr-2025 00:16:50 Europe/Berlin] Database tables initialized successfully
[24-Apr-2025 00:16:50 Europe/Berlin] Executing SQL: SELECT * FROM users WHERE id = :id
[24-Apr-2025 00:16:50 Europe/Berlin] With params: {":id":12}
[24-Apr-2025 00:16:50 Europe/Berlin] Query executed successfully. Found 1 rows
[24-Apr-2025 00:16:50 Europe/Berlin] User loaded from session: varunpndey
[24-Apr-2025 00:16:50 Europe/Berlin] Header - Session status: 2
[24-Apr-2025 00:16:50 Europe/Berlin] Header - Session data: {"user_id":12,"username":"varunpndey","email":"va@gmail.com","account_type":"admin"}
[24-Apr-2025 00:16:50 Europe/Berlin] Header - After session start - Status: 2
[24-Apr-2025 00:16:50 Europe/Berlin] Header - After session start - Data: {"user_id":12,"username":"varunpndey","email":"va@gmail.com","account_type":"admin"}
[24-Apr-2025 00:16:50 Europe/Berlin] Header - Is logged in: Yes
[24-Apr-2025 00:16:50 Europe/Berlin] Executing SQL: SELECT * FROM news ORDER BY created_at DESC LIMIT 5
[24-Apr-2025 00:16:50 Europe/Berlin] With params: []
[24-Apr-2025 00:16:50 Europe/Berlin] Query executed successfully. Found 2 rows
[24-Apr-2025 00:16:50 Europe/Berlin] Executing SQL: SELECT * FROM matches WHERE status = 'live'
[24-Apr-2025 00:16:50 Europe/Berlin] With params: []
[24-Apr-2025 00:16:50 Europe/Berlin] Query executed successfully. Found 2 rows
[24-Apr-2025 00:16:50 Europe/Berlin] Executing SQL: SELECT COUNT(*) as count FROM favorites 
                    WHERE user_id = :user_id AND match_id = :match_id
[24-Apr-2025 00:16:50 Europe/Berlin] With params: {":user_id":12,":match_id":41}
[24-Apr-2025 00:16:50 Europe/Berlin] Query executed successfully. Found 1 rows
[24-Apr-2025 00:16:50 Europe/Berlin] Executing SQL: SELECT COUNT(*) as count FROM favorites 
                    WHERE user_id = :user_id AND match_id = :match_id
[24-Apr-2025 00:16:50 Europe/Berlin] With params: {":user_id":12,":match_id":42}
[24-Apr-2025 00:16:50 Europe/Berlin] Query executed successfully. Found 1 rows
